/home/emilssp/D1/venv/bin/python
Python 3.10.12
Running job 8 out of 25
====================================
mu=2.87, T=0.0010
====================================
  Seed: normal state
F_onsite: 0j
F_swave: 0j, F_dwave: 0j
F_px: 0j, F_py: 0j
Free_energy = -16760.033050115086
------------------------------------------
[{'stable': {}, 'free': np.float64(-16760.033050115086)}]
------------------------------------------
  Seed: px+i*py
F_onsite: (0.004405865679015647-0.028130021211910224j)
F_swave: (-0.0036100087830874183+0.023048733448024532j), F_dwave: (-2.4936649967166602e-18+1.9081958235744878e-17j)
F_px: (1.836044163927575e-11-1.124292603460475e-10j), F_py: (-1.3283285951216917e-10+8.488697557373914e-10j)
Free_energy = -16781.07630140183
------------------------------------------
[{'stable': {'F_onsite': np.complex128(0.004405865679015647-0.028130021211910224j), 'F_swave': np.complex128(-0.0036100087830874183+0.023048733448024532j)}, 'free': np.float64(-16781.07630140183)}]
------------------------------------------
  Seed: s-wave
F_onsite: (-0.028476931317797223+0j)
F_swave: (0.02333316713708619+0j), F_dwave: (5.551115123125783e-17+0j)
F_px: -1.3314299139653533e-17j, F_py: -2.153793026630872e-18j
Free_energy = -16781.08392545373
------------------------------------------
[{'stable': {'F_onsite': np.complex128(0.004405865679015647-0.028130021211910224j), 'F_swave': np.complex128(-0.0036100087830874183+0.023048733448024532j)}, 'free': np.float64(-16781.07630140183)}, {'stable': {'F_onsite': np.complex128(-0.028476931317797223+0j), 'F_swave': np.complex128(0.02333316713708619+0j)}, 'free': np.float64(-16781.08392545373)}]
------------------------------------------
  Seed: s-wave+px
F_onsite: (-0.028476724714252236+7.540231747220486e-18j)
F_swave: (0.023332988061298948-8.20290528922706e-18j), F_dwave: (2.9308153126628156e-15-3.0400277174752856e-18j)
F_px: (2.0597606873590246e-08-6.201181146407936e-18j), F_py: (-5.204170427930421e-18-2.361739615181803e-18j)
Free_energy = -16781.08352825666
------------------------------------------
[{'stable': {'F_onsite': np.complex128(0.004405865679015647-0.028130021211910224j), 'F_swave': np.complex128(-0.0036100087830874183+0.023048733448024532j)}, 'free': np.float64(-16781.07630140183)}, {'stable': {'F_onsite': np.complex128(-0.028476931317797223+0j), 'F_swave': np.complex128(0.02333316713708619+0j)}, 'free': np.float64(-16781.08392545373)}]
------------------------------------------
  Seed: s-wave+py
F_onsite: (-0.028476724714252097-1.3532769825867967e-17j)
F_swave: (0.02333298806129882+1.2017465227627598e-17j), F_dwave: (-2.8293339893181724e-15+1.3780431958439416e-18j)
F_px: (1.734723475976807e-18-4.009853972301858e-18j), F_py: (2.0597606991551443e-08-2.879753201987011e-18j)
Free_energy = -16781.083528256666
------------------------------------------
[{'stable': {'F_onsite': np.complex128(0.004405865679015647-0.028130021211910224j), 'F_swave': np.complex128(-0.0036100087830874183+0.023048733448024532j)}, 'free': np.float64(-16781.07630140183)}, {'stable': {'F_onsite': np.complex128(-0.028476931317797223+0j), 'F_swave': np.complex128(0.02333316713708619+0j)}, 'free': np.float64(-16781.08392545373)}]
------------------------------------------
====================================
mu=2.87, T=0.0040
====================================
  Seed: normal state
F_onsite: 0j
F_swave: 0j, F_dwave: 0j
F_px: 0j, F_py: 0j
Free_energy = -16760.068371521993
------------------------------------------
[{'stable': {}, 'free': np.float64(-16760.068371521993)}]
------------------------------------------
  Seed: px+i*py
F_onsite: (0.004406020214249595-0.028131007869181636j)
F_swave: (-0.0036101427262756995+0.023049588631773123j), F_dwave: (-9.75781955236954e-19-1.474514954580286e-17j)
F_px: (6.4652382839730516e-12-4.0194545608551735e-11j), F_py: (-4.748671312941599e-11+3.033624584175554e-10j)
Free_energy = -16781.07822098096
------------------------------------------
[{'stable': {'F_onsite': np.complex128(0.004406020214249595-0.028131007869181636j), 'F_swave': np.complex128(-0.0036101427262756995+0.023049588631773123j)}, 'free': np.float64(-16781.07822098096)}]
------------------------------------------
  Seed: s-wave
F_onsite: (-0.028475963290469985+0j)
F_swave: (0.02333232809057355+0j), F_dwave: (3.469446951953614e-17+0j)
F_px: -2.154258894751862e-17j, F_py: -1.7619344094073515e-18j
Free_energy = -16781.082064456932
------------------------------------------
[{'stable': {'F_onsite': np.complex128(0.004406020214249595-0.028131007869181636j), 'F_swave': np.complex128(-0.0036101427262756995+0.023049588631773123j)}, 'free': np.float64(-16781.07822098096)}, {'stable': {'F_onsite': np.complex128(-0.028475963290469985+0j), 'F_swave': np.complex128(0.02333232809057355+0j)}, 'free': np.float64(-16781.082064456932)}]
------------------------------------------
  Seed: s-wave+px
F_onsite: (-0.02847585914120347+1.58678667085035e-17j)
F_swave: (0.023332237818444606-1.0917328247821872e-17j), F_dwave: (3.686287386450715e-16+2.811355291496226e-19j)
F_px: (7.360711245379958e-09-3.576278982426063e-18j), F_py: (-8.673617379884035e-18-2.3049354681565614e-18j)
Free_energy = -16781.081864240517
------------------------------------------
[{'stable': {'F_onsite': np.complex128(0.004406020214249595-0.028131007869181636j), 'F_swave': np.complex128(-0.0036101427262756995+0.023049588631773123j)}, 'free': np.float64(-16781.07822098096)}, {'stable': {'F_onsite': np.complex128(-0.028475963290469985+0j), 'F_swave': np.complex128(0.02333232809057355+0j)}, 'free': np.float64(-16781.082064456932)}]
------------------------------------------
  Seed: s-wave+py
F_onsite: (-0.02847585914120338-1.461456293554117e-17j)
F_swave: (0.023332237818444564+1.3450353806806255e-17j), F_dwave: (-3.625572064791527e-16+1.1449767864510005e-18j)
F_px: (-3.469446951953614e-18+1.4293680984916318e-20j), F_py: (7.36071122109383e-09-2.058713578301577e-18j)
Free_energy = -16781.081864240517
------------------------------------------
[{'stable': {'F_onsite': np.complex128(0.004406020214249595-0.028131007869181636j), 'F_swave': np.complex128(-0.0036101427262756995+0.023049588631773123j)}, 'free': np.float64(-16781.07822098096)}, {'stable': {'F_onsite': np.complex128(-0.028475963290469985+0j), 'F_swave': np.complex128(0.02333232809057355+0j)}, 'free': np.float64(-16781.082064456932)}]
------------------------------------------
====================================
mu=2.87, T=0.0070
====================================
  Seed: normal state
F_onsite: 0j
F_swave: 0j, F_dwave: 0j
F_px: 0j, F_py: 0j
Free_energy = -16760.12806521655
------------------------------------------
[{'stable': {}, 'free': np.float64(-16760.12806521655)}]
------------------------------------------
  Seed: px+i*py
F_onsite: (0.004406097277596528-0.028131499893619277j)
F_swave: (-0.0036102095989359625+0.023050015591986817j), F_dwave: (5.7462715141731735e-18-3.8163916471489756e-17j)
F_px: (2.288717175849553e-12-1.4367769127221486e-11j), F_py: (-1.6973863070299244e-11+1.08412234051114e-10j)
Free_energy = -16781.079185155926
------------------------------------------
[{'stable': {'F_onsite': np.complex128(0.004406097277596528-0.028131499893619277j), 'F_swave': np.complex128(-0.0036102095989359625+0.023050015591986817j)}, 'free': np.float64(-16781.079185155926)}]
------------------------------------------
  Seed: s-wave
F_onsite: (-0.028475469849014234+0j)
F_swave: (0.02333190090012499+0j), F_dwave: (-2.949029909160572e-17+0j)
F_px: -1.3189785296407151e-17j, F_py: -2.093018412665376e-18j
Free_energy = -16781.081122750846
------------------------------------------
[{'stable': {'F_onsite': np.complex128(0.004406097277596528-0.028131499893619277j), 'F_swave': np.complex128(-0.0036102095989359625+0.023050015591986817j)}, 'free': np.float64(-16781.079185155926)}, {'stable': {'F_onsite': np.complex128(-0.028475469849014234+0j), 'F_swave': np.complex128(0.02333190090012499+0j)}, 'free': np.float64(-16781.081122750846)}]
------------------------------------------
  Seed: s-wave+px
F_onsite: (-0.028475417345767362+1.8107106657329256e-17j)
F_swave: (0.023331855392662526-1.3301514236105914e-17j), F_dwave: (6.071532165918825e-17-2.9770561118028487e-19j)
F_px: (2.6304352602340986e-09+4.6787982423959415e-19j), F_py: (-3.469446951953614e-18-2.6782652396588943e-18j)
Free_energy = -16781.081021821843
------------------------------------------
[{'stable': {'F_onsite': np.complex128(0.004406097277596528-0.028131499893619277j), 'F_swave': np.complex128(-0.0036102095989359625+0.023050015591986817j)}, 'free': np.float64(-16781.079185155926)}, {'stable': {'F_onsite': np.complex128(-0.028475469849014234+0j), 'F_swave': np.complex128(0.02333190090012499+0j)}, 'free': np.float64(-16781.081122750846)}]
------------------------------------------
  Seed: s-wave+py
F_onsite: (-0.0284754173457673-1.9472926734824017e-17j)
F_swave: (0.023331855392662484+1.6583899255614336e-17j), F_dwave: (-5.117434254131581e-17+1.5406470519371655e-18j)
F_px: (5.204170427930421e-18-8.666788176746798e-18j), F_py: (2.6304353330924846e-09-2.5977971096697357e-18j)
Free_energy = -16781.081021821843
------------------------------------------
[{'stable': {'F_onsite': np.complex128(0.004406097277596528-0.028131499893619277j), 'F_swave': np.complex128(-0.0036102095989359625+0.023050015591986817j)}, 'free': np.float64(-16781.079185155926)}, {'stable': {'F_onsite': np.complex128(-0.028475469849014234+0j), 'F_swave': np.complex128(0.02333190090012499+0j)}, 'free': np.float64(-16781.081122750846)}]
------------------------------------------
====================================
mu=2.87, T=0.0100
====================================
  Seed: normal state
F_onsite: 0j
F_swave: 0j, F_dwave: 0j
F_px: 0j, F_py: 0j
Free_energy = -16760.215725120597
------------------------------------------
[{'stable': {}, 'free': np.float64(-16760.215725120597)}]
------------------------------------------
  Seed: px+i*py
F_onsite: (0.004406060983945751-0.02813126817044854j)
F_swave: (-0.0036101850841925116+0.023049859073313046j), F_dwave: (-6.179952383167375e-18-4.2500725161431774e-17j)
F_px: (8.130406070616658e-13-5.135300171210666e-12j), F_py: (-6.066642197280481e-12+3.8742445016004545e-11j)
Free_energy = -16781.07935812393
------------------------------------------
[{'stable': {'F_onsite': np.complex128(0.004406060983945751-0.02813126817044854j), 'F_swave': np.complex128(-0.0036101850841925116+0.023049859073313046j)}, 'free': np.float64(-16781.07935812393)}]
------------------------------------------
  Seed: s-wave
F_onsite: (-0.028474735620604978+0j)
F_swave: (0.02333130936204826+0j), F_dwave: (4.85722573273506e-17+0j)
F_px: -2.310811759228138e-17j, F_py: -2.0783012152068327e-18j
Free_energy = -16781.08033502451
------------------------------------------
[{'stable': {'F_onsite': np.complex128(0.004406060983945751-0.02813126817044854j), 'F_swave': np.complex128(-0.0036101850841925116+0.023049859073313046j)}, 'free': np.float64(-16781.07935812393)}, {'stable': {'F_onsite': np.complex128(-0.028474735620604978+0j), 'F_swave': np.complex128(0.02333130936204826+0j)}, 'free': np.float64(-16781.08033502451)}]
------------------------------------------
  Seed: s-wave+px
F_onsite: (-0.02847470914514002+1.6914244864586245e-17j)
F_swave: (0.023331286414929896-1.761381191013676e-17j), F_dwave: (-3.2959746043559335e-17-3.552270892327324e-18j)
F_px: (9.400110394935934e-10-1.0878867658060606e-17j), F_py: (-3.469446951953614e-18-1.717623998354111e-18j)
Free_energy = -16781.0802841391
------------------------------------------
[{'stable': {'F_onsite': np.complex128(0.004406060983945751-0.02813126817044854j), 'F_swave': np.complex128(-0.0036101850841925116+0.023049859073313046j)}, 'free': np.float64(-16781.07935812393)}, {'stable': {'F_onsite': np.complex128(-0.028474735620604978+0j), 'F_swave': np.complex128(0.02333130936204826+0j)}, 'free': np.float64(-16781.08033502451)}]
------------------------------------------
  Seed: s-wave+py
F_onsite: (-0.028474709145139974-2.231030887483675e-17j)
F_swave: (0.02333128641492987+1.8597720087711435e-17j), F_dwave: (-5.117434254131581e-17+9.206189345470177e-19j)
F_px: (1.734723475976807e-18-4.457563824484959e-18j), F_py: (9.400110880658508e-10-2.9426453983206428e-18j)
Free_energy = -16781.0802841391
------------------------------------------
[{'stable': {'F_onsite': np.complex128(0.004406060983945751-0.02813126817044854j), 'F_swave': np.complex128(-0.0036101850841925116+0.023049859073313046j)}, 'free': np.float64(-16781.07935812393)}, {'stable': {'F_onsite': np.complex128(-0.028474735620604978+0j), 'F_swave': np.complex128(0.02333130936204826+0j)}, 'free': np.float64(-16781.08033502451)}]
------------------------------------------
====================================
mu=2.87, T=0.0130
====================================
  Seed: normal state
F_onsite: 0j
F_swave: 0j, F_dwave: 0j
F_px: 0j, F_py: 0j
Free_energy = -16760.334644829356
------------------------------------------
[{'stable': {}, 'free': np.float64(-16760.334644829356)}]
------------------------------------------
  Seed: px+i*py
F_onsite: (0.00440475360360809-0.02812292097166621j)
F_swave: (-0.003609126966609757+0.023043103336253354j), F_dwave: (1.0733601507606494e-17+1.3010426069826053e-17j)
F_px: (6.16466513253533e-14-3.9208046531680196e-13j), F_py: (-4.631336546906395e-13+2.9570876997064843e-12j)
Free_energy = -16781.069984771228
------------------------------------------
[{'stable': {'F_onsite': np.complex128(0.00440475360360809-0.02812292097166621j), 'F_swave': np.complex128(-0.003609126966609757+0.023043103336253354j)}, 'free': np.float64(-16781.069984771228)}]
------------------------------------------
  Seed: s-wave
F_onsite: (-0.028465870663397234+0j)
F_swave: (0.023324110689923027+0j), F_dwave: (2.6020852139652106e-17+0j)
F_px: -1.1887578019122071e-17j, F_py: -2.0853951161400874e-18j
Free_energy = -16781.07016186002
------------------------------------------
[{'stable': {'F_onsite': np.complex128(0.00440475360360809-0.02812292097166621j), 'F_swave': np.complex128(-0.003609126966609757+0.023043103336253354j)}, 'free': np.float64(-16781.069984771228)}, {'stable': {'F_onsite': np.complex128(-0.028465870663397234+0j), 'F_swave': np.complex128(0.023324110689923027+0j)}, 'free': np.float64(-16781.07016186002)}]
------------------------------------------
  Seed: s-wave+px
F_onsite: (-0.028465865856166013+1.686288099093701e-17j)
F_swave: (0.023324106524290518-1.0717851988743484e-17j), F_dwave: (5.2909066017292616e-17+3.507536964800456e-18j)
F_px: (7.17494154367504e-11-1.9271587736811435e-18j), F_py: (-5.204170427930421e-18-2.5183348313054417e-18j)
Free_energy = -16781.070152636126
------------------------------------------
[{'stable': {'F_onsite': np.complex128(0.00440475360360809-0.02812292097166621j), 'F_swave': np.complex128(-0.003609126966609757+0.023043103336253354j)}, 'free': np.float64(-16781.069984771228)}, {'stable': {'F_onsite': np.complex128(-0.028465870663397234+0j), 'F_swave': np.complex128(0.023324110689923027+0j)}, 'free': np.float64(-16781.07016186002)}]
------------------------------------------
  Seed: s-wave+py
F_onsite: (-0.028465865856166044-1.6968858622424592e-17j)
F_swave: (0.023324106524290573+1.3959500017444895e-17j), F_dwave: (-4.423544863740858e-17-8.249836208460868e-19j)
F_px: (-1.0408340855860843e-17-4.231141329772044e-18j), F_py: (7.174949002985986e-11-3.112051987771503e-18j)
Free_energy = -16781.070152636123
------------------------------------------
[{'stable': {'F_onsite': np.complex128(0.00440475360360809-0.02812292097166621j), 'F_swave': np.complex128(-0.003609126966609757+0.023043103336253354j)}, 'free': np.float64(-16781.069984771228)}, {'stable': {'F_onsite': np.complex128(-0.028465870663397234+0j), 'F_swave': np.complex128(0.023324110689923027+0j)}, 'free': np.float64(-16781.07016186002)}]
------------------------------------------
====================================
mu=2.87, T=0.0160
====================================
  Seed: normal state
F_onsite: 0j
F_swave: 0j, F_dwave: 0j
F_px: 0j, F_py: 0j
Free_energy = -16760.485469507606
------------------------------------------
[{'stable': {}, 'free': np.float64(-16760.485469507606)}]
------------------------------------------
  Seed: px+i*py
F_onsite: (0.004398401572484986-0.02808236531626293j)
F_swave: (-0.0036039312552008994+0.0230099304066205j), F_dwave: (1.1492543028346347e-17-4.683753385137379e-17j)
F_px: (6.229825683101708e-16-3.840677775812651e-15j), F_py: (-4.50941367580171e-15+2.881028748902281e-14j)
Free_energy = -16781.020024958
------------------------------------------
[{'stable': {'F_onsite': np.complex128(0.004398401572484986-0.02808236531626293j), 'F_swave': np.complex128(-0.0036039312552008994+0.0230099304066205j)}, 'free': np.float64(-16781.020024958)}]
------------------------------------------
  Seed: s-wave
F_onsite: (-0.02842473270898517+0j)
F_swave: (0.023290457191581692+0j), F_dwave: (-2.949029909160572e-17+0j)
F_px: 7.078654340204188e-18j, F_py: -2.263483793300304e-18j
Free_energy = -16781.02003339394
------------------------------------------
[{'stable': {'F_onsite': np.complex128(0.004398401572484986-0.02808236531626293j), 'F_swave': np.complex128(-0.0036039312552008994+0.0230099304066205j)}, 'free': np.float64(-16781.020024958)}, {'stable': {'F_onsite': np.complex128(-0.02842473270898517+0j), 'F_swave': np.complex128(0.023290457191581692+0j)}, 'free': np.float64(-16781.02003339394)}]
------------------------------------------
  Seed: s-wave+px
F_onsite: (-0.02842473247861925+2.895044817404972e-17j)
F_swave: (0.023290456992112463-2.395432997636803e-17j), F_dwave: (-6.071532165918825e-18-2.5760654206167426e-18j)
F_px: (6.988420259146366e-13-3.521592417768957e-18j), F_py: (-1.734723475976807e-18-2.3902210980332288e-18j)
Free_energy = -16781.02003295454
------------------------------------------
[{'stable': {'F_onsite': np.complex128(0.004398401572484986-0.02808236531626293j), 'F_swave': np.complex128(-0.0036039312552008994+0.0230099304066205j)}, 'free': np.float64(-16781.020024958)}, {'stable': {'F_onsite': np.complex128(-0.02842473270898517+0j), 'F_swave': np.complex128(0.023290457191581692+0j)}, 'free': np.float64(-16781.02003339394)}]
------------------------------------------
  Seed: s-wave+py
F_onsite: (-0.028424732478619333-1.4826130868963468e-17j)
F_swave: (0.023290456992112456+1.272288485401282e-17j), F_dwave: (-3.0357660829594124e-17+8.264129889445785e-19j)
F_px: (-1.734723475976807e-18-6.996862721234945e-18j), F_py: (6.98737942506078e-13-2.8891235039660117e-18j)
Free_energy = -16781.02003295454
------------------------------------------
[{'stable': {'F_onsite': np.complex128(0.004398401572484986-0.02808236531626293j), 'F_swave': np.complex128(-0.0036039312552008994+0.0230099304066205j)}, 'free': np.float64(-16781.020024958)}, {'stable': {'F_onsite': np.complex128(-0.02842473270898517+0j), 'F_swave': np.complex128(0.023290457191581692+0j)}, 'free': np.float64(-16781.02003339394)}]
------------------------------------------
====================================
mu=2.87, T=0.0190
====================================
  Seed: normal state
F_onsite: 0j
F_swave: 0j, F_dwave: 0j
F_px: 0j, F_py: 0j
Free_energy = -16760.66786894134
------------------------------------------
[{'stable': {}, 'free': np.float64(-16760.66786894134)}]
------------------------------------------
  Seed: px+i*py
F_onsite: (0.0043824043206023835-0.027980228059348047j)
F_swave: (-0.003590843600817271+0.022926369984617896j), F_dwave: (-2.927345865710862e-18-3.469446951953614e-18j)
F_px: (-1.951563910473908e-18+3.469446951953614e-17j), F_py: (-3.2526065174565133e-18+5.898059818321144e-17j)
Free_energy = -16780.89574834568
------------------------------------------
[{'stable': {'F_onsite': np.complex128(0.0043824043206023835-0.027980228059348047j), 'F_swave': np.complex128(-0.003590843600817271+0.022926369984617896j)}, 'free': np.float64(-16780.89574834568)}]
------------------------------------------
  Seed: s-wave
F_onsite: (-0.028321345918796283+0j)
F_swave: (0.023205874295444778+0j), F_dwave: (5.377642775528102e-17+0j)
F_px: -4.6812334621192976e-18j, F_py: -2.578897687034124e-18j
Free_energy = -16780.895748504227
------------------------------------------
[{'stable': {'F_onsite': np.complex128(0.0043824043206023835-0.027980228059348047j), 'F_swave': np.complex128(-0.003590843600817271+0.022926369984617896j)}, 'free': np.float64(-16780.89574834568)}, {'stable': {'F_onsite': np.complex128(-0.028321345918796283+0j), 'F_swave': np.complex128(0.023205874295444778+0j)}, 'free': np.float64(-16780.895748504227)}]
------------------------------------------
  Seed: s-wave+px
F_onsite: (-0.028321345914409914+2.0636673800762557e-17j)
F_swave: (0.02320587429165282-1.5864185948244198e-17j), F_dwave: (4.0766001685454967e-17+7.388244882425635e-19j)
F_px: (1.5317608292875207e-15-5.61159327555974e-19j), F_py: (-5.204170427930421e-18-2.193815333388638e-18j)
Free_energy = -16780.895748496052
------------------------------------------
[{'stable': {'F_onsite': np.complex128(0.0043824043206023835-0.027980228059348047j), 'F_swave': np.complex128(-0.003590843600817271+0.022926369984617896j)}, 'free': np.float64(-16780.89574834568)}, {'stable': {'F_onsite': np.complex128(-0.028321345918796283+0j), 'F_swave': np.complex128(0.023205874295444778+0j)}, 'free': np.float64(-16780.895748504227)}]
------------------------------------------
  Seed: s-wave+py
F_onsite: (-0.028321345914409886-9.195297132725891e-18j)
F_swave: (0.0232058742916528+8.304734531354788e-18j), F_dwave: (9.367506770274758e-17+6.579328417797778e-19j)
F_px: (6.938893903907228e-18+6.475566881759126e-19j), F_py: (1.4606371667724716e-15-2.6180729608446356e-18j)
Free_energy = -16780.895748496052
------------------------------------------
[{'stable': {'F_onsite': np.complex128(0.0043824043206023835-0.027980228059348047j), 'F_swave': np.complex128(-0.003590843600817271+0.022926369984617896j)}, 'free': np.float64(-16780.89574834568)}, {'stable': {'F_onsite': np.complex128(-0.028321345918796283+0j), 'F_swave': np.complex128(0.023205874295444778+0j)}, 'free': np.float64(-16780.895748504227)}]
------------------------------------------
====================================
mu=2.87, T=0.0220
====================================
  Seed: normal state
F_onsite: 0j
F_swave: 0j, F_dwave: 0j
F_px: 0j, F_py: 0j
Free_energy = -16760.88144026574
------------------------------------------
[{'stable': {}, 'free': np.float64(-16760.88144026574)}]
------------------------------------------
  Seed: px+i*py
F_onsite: (0.004352084836097105-0.027786647999399155j)
F_swave: (-0.0035660435462039402+0.022768029691663638j), F_dwave: (-4.87890977618477e-18+3.382710778154774e-17j)
F_px: (-1.0842021724855044e-17+2.6020852139652106e-17j), F_py: (2.8189256484623115e-18-1.734723475976807e-18j)
Free_energy = -16780.664808469086
------------------------------------------
[{'stable': {'F_onsite': np.complex128(0.004352084836097105-0.027786647999399155j), 'F_swave': np.complex128(-0.0035660435462039402+0.022768029691663638j)}, 'free': np.float64(-16780.664808469086)}]
------------------------------------------
  Seed: s-wave
F_onsite: (-0.028125405766283234+0j)
F_swave: (0.02304560354281818+0j), F_dwave: (6.938893903907228e-17+0j)
F_px: -9.654269774567702e-18j, F_py: -2.1054062695189703e-18j
Free_energy = -16780.664808470872
------------------------------------------
[{'stable': {'F_onsite': np.complex128(0.004352084836097105-0.027786647999399155j), 'F_swave': np.complex128(-0.0035660435462039402+0.022768029691663638j)}, 'free': np.float64(-16780.664808469086)}, {'stable': {'F_onsite': np.complex128(-0.028125405766283234+0j), 'F_swave': np.complex128(0.02304560354281818+0j)}, 'free': np.float64(-16780.664808470872)}]
------------------------------------------
  Seed: s-wave+px
F_onsite: (-0.028125405766232504+1.830097644528994e-17j)
F_swave: (0.023045603542774344-1.3789458153283594e-17j), F_dwave: (-2.6020852139652106e-18+6.664296410319225e-19j)
F_px: (-1.0408340855860843e-17-3.172297206144965e-18j), F_py: (1.734723475976807e-18-2.827184219698041e-18j)
Free_energy = -16780.664808470752
------------------------------------------
[{'stable': {'F_onsite': np.complex128(0.004352084836097105-0.027786647999399155j), 'F_swave': np.complex128(-0.0035660435462039402+0.022768029691663638j)}, 'free': np.float64(-16780.664808469086)}, {'stable': {'F_onsite': np.complex128(-0.028125405766283234+0j), 'F_swave': np.complex128(0.02304560354281818+0j)}, 'free': np.float64(-16780.664808470872)}]
------------------------------------------
  Seed: s-wave+py
F_onsite: (-0.0281254057662325-1.771550011132473e-17j)
F_swave: (0.023045603542774348+1.3869370417901117e-17j), F_dwave: (-2.6020852139652106e-18-6.28921963336318e-20j)
F_px: (1.0408340855860843e-17-3.9654376821302104e-18j), F_py: (-1.734723475976807e-18-2.9991848475498673e-18j)
Free_energy = -16780.664808470752
------------------------------------------
[{'stable': {'F_onsite': np.complex128(0.004352084836097105-0.027786647999399155j), 'F_swave': np.complex128(-0.0035660435462039402+0.022768029691663638j)}, 'free': np.float64(-16780.664808469086)}, {'stable': {'F_onsite': np.complex128(-0.028125405766283234+0j), 'F_swave': np.complex128(0.02304560354281818+0j)}, 'free': np.float64(-16780.664808470872)}]
------------------------------------------
====================================
mu=2.87, T=0.0250
====================================
  Seed: normal state
F_onsite: 0j
F_swave: 0j, F_dwave: 0j
F_px: 0j, F_py: 0j
Free_energy = -16761.1259385836
------------------------------------------
[{'stable': {}, 'free': np.float64(-16761.1259385836)}]
------------------------------------------
  Seed: px+i*py
F_onsite: (0.004303191357922184-0.027474479023223676j)
F_swave: (-0.003526050616466424+0.022512687826113632j), F_dwave: (-7.589415207398531e-19+2.949029909160572e-17j)
F_px: (2.0383000842727483e-17+0j), F_py: (1.951563910473908e-18-6.938893903907228e-18j)
Free_energy = -16780.30052845574
------------------------------------------
[{'stable': {'F_onsite': np.complex128(0.004303191357922184-0.027474479023223676j), 'F_swave': np.complex128(-0.003526050616466424+0.022512687826113632j)}, 'free': np.float64(-16780.30052845574)}]
------------------------------------------
  Seed: s-wave
F_onsite: (-0.027809431016489514+0j)
F_swave: (0.02278714870505371+0j), F_dwave: (5.204170427930421e-18+0j)
F_px: 1.812968144479423e-18j, F_py: -1.9259411638194654e-18j
Free_energy = -16780.300528455762
------------------------------------------
[{'stable': {'F_onsite': np.complex128(0.004303191357922184-0.027474479023223676j), 'F_swave': np.complex128(-0.003526050616466424+0.022512687826113632j)}, 'free': np.float64(-16780.30052845574)}, {'stable': {'F_onsite': np.complex128(-0.027809431016489514+0j), 'F_swave': np.complex128(0.02278714870505371+0j)}, 'free': np.float64(-16780.300528455762)}]
------------------------------------------
  Seed: s-wave+px
F_onsite: (-0.027809431016489177+1.6301322473410066e-17j)
F_swave: (0.02278714870505341-1.1969501986989323e-17j), F_dwave: (-2.688821387764051e-17+1.3069453678337837e-18j)
F_px: (8.673617379884035e-18-8.346133266651842e-18j), F_py: (-1.734723475976807e-18-2.658889360990452e-18j)
Free_energy = -16780.300528455762
------------------------------------------
[{'stable': {'F_onsite': np.complex128(0.004303191357922184-0.027474479023223676j), 'F_swave': np.complex128(-0.003526050616466424+0.022512687826113632j)}, 'free': np.float64(-16780.30052845574)}, {'stable': {'F_onsite': np.complex128(-0.027809431016489514+0j), 'F_swave': np.complex128(0.02278714870505371+0j)}, 'free': np.float64(-16780.300528455762)}]
------------------------------------------
  Seed: s-wave+py
F_onsite: (-0.027809431016489174-1.8572029825201606e-17j)
F_swave: (0.022787148705053415+1.3856664923692303e-17j), F_dwave: (-2.42861286636753e-17-9.495239338720707e-19j)
F_px: (1.734723475976807e-18-8.873570094995254e-18j), F_py: -2.7060055686814726e-18j
Free_energy = -16780.300528455762
------------------------------------------
[{'stable': {'F_onsite': np.complex128(0.004303191357922184-0.027474479023223676j), 'F_swave': np.complex128(-0.003526050616466424+0.022512687826113632j)}, 'free': np.float64(-16780.30052845574)}, {'stable': {'F_onsite': np.complex128(-0.027809431016489514+0j), 'F_swave': np.complex128(0.02278714870505371+0j)}, 'free': np.float64(-16780.300528455762)}]
------------------------------------------
====================================
mu=2.87, T=0.0280
====================================
  Seed: normal state
F_onsite: 0j
F_swave: 0j, F_dwave: 0j
F_px: 0j, F_py: 0j
Free_energy = -16761.401267769783
------------------------------------------
[{'stable': {}, 'free': np.float64(-16761.401267769783)}]
------------------------------------------
  Seed: px+i*py
F_onsite: (0.00423208136628259-0.02702046482512288j)
F_swave: (-0.0034678848297902526+0.022141318172063496j), F_dwave: (-3.5236570605778894e-17-8.673617379884035e-18j)
F_px: (-1.214306433183765e-17-1.214306433183765e-17j), F_py: (-6.505213034913027e-19+3.469446951953614e-18j)
Free_energy = -16779.784992508146
------------------------------------------
[{'stable': {'F_onsite': np.complex128(0.00423208136628259-0.02702046482512288j), 'F_swave': np.complex128(-0.0034678848297902526+0.022141318172063496j)}, 'free': np.float64(-16779.784992508146)}]
------------------------------------------
  Seed: s-wave
F_onsite: (-0.02734988175580549+0j)
F_swave: (0.022411251540002015+0j), F_dwave: (3.469446951953614e-17+0j)
F_px: -5.12973740769045e-18j, F_py: -2.1381229171066676e-18j
Free_energy = -16779.784992508143
------------------------------------------
[{'stable': {'F_onsite': np.complex128(0.00423208136628259-0.02702046482512288j), 'F_swave': np.complex128(-0.0034678848297902526+0.022141318172063496j)}, 'free': np.float64(-16779.784992508146)}, {'stable': {'F_onsite': np.complex128(-0.02734988175580549+0j), 'F_swave': np.complex128(0.022411251540002015+0j)}, 'free': np.float64(-16779.784992508143)}]
------------------------------------------
  Seed: s-wave+px
F_onsite: (-0.02734988175580547+1.397205489820752e-17j)
F_swave: (0.022411251540001998-1.2369989752362997e-17j), F_dwave: (4.5102810375396984e-17-1.1994780626508944e-18j)
F_px: (3.469446951953614e-18+2.24813132113132e-18j), F_py: -2.553327879938885e-18j
Free_energy = -16779.784992508143
------------------------------------------
[{'stable': {'F_onsite': np.complex128(0.00423208136628259-0.02702046482512288j), 'F_swave': np.complex128(-0.0034678848297902526+0.022141318172063496j)}, 'free': np.float64(-16779.784992508146)}, {'stable': {'F_onsite': np.complex128(-0.02734988175580549+0j), 'F_swave': np.complex128(0.022411251540002015+0j)}, 'free': np.float64(-16779.784992508143)}]
------------------------------------------
  Seed: s-wave+py
F_onsite: (-0.02734988175580546-1.161237401169198e-17j)
F_swave: (0.022411251540001995+1.231747370963323e-17j), F_dwave: (4.423544863740858e-17+2.555154294731402e-18j)
F_px: -7.050490494707982e-19j, F_py: (1.734723475976807e-18-2.8755180372507395e-18j)
Free_energy = -16779.784992508143
------------------------------------------
[{'stable': {'F_onsite': np.complex128(0.00423208136628259-0.02702046482512288j), 'F_swave': np.complex128(-0.0034678848297902526+0.022141318172063496j)}, 'free': np.float64(-16779.784992508146)}, {'stable': {'F_onsite': np.complex128(-0.02734988175580549+0j), 'F_swave': np.complex128(0.022411251540002015+0j)}, 'free': np.float64(-16779.784992508143)}]
------------------------------------------
====================================
mu=2.87, T=0.0310
====================================
  Seed: normal state
F_onsite: 0j
F_swave: 0j, F_dwave: 0j
F_px: 0j, F_py: 0j
Free_energy = -16761.707422507778
------------------------------------------
[{'stable': {}, 'free': np.float64(-16761.707422507778)}]
------------------------------------------
  Seed: px+i*py
F_onsite: (0.004135210817915971-0.02640197784007025j)
F_swave: (-0.0033886396260032316+0.021635363286946024j), F_dwave: (2.0599841277224584e-18+1.9081958235744878e-17j)
F_px: (-9.324138683375338e-18+3.122502256758253e-17j), F_py: (2.8189256484623115e-18+3.469446951953614e-18j)
Free_energy = -16779.10516075475
------------------------------------------
[{'stable': {'F_onsite': np.complex128(0.004135210817915971-0.02640197784007025j), 'F_swave': np.complex128(-0.0033886396260032316+0.021635363286946024j)}, 'free': np.float64(-16779.10516075475)}]
------------------------------------------
  Seed: s-wave
F_onsite: (-0.02672385455685939+0j)
F_swave: (0.021899128363317505+0j), F_dwave: (-1.9081958235744878e-17+0j)
F_px: -5.563206518447838e-18j, F_py: -1.878824956128445e-18j
Free_energy = -16779.105160754752
------------------------------------------
[{'stable': {'F_onsite': np.complex128(0.004135210817915971-0.02640197784007025j), 'F_swave': np.complex128(-0.0033886396260032316+0.021635363286946024j)}, 'free': np.float64(-16779.10516075475)}, {'stable': {'F_onsite': np.complex128(-0.02672385455685939+0j), 'F_swave': np.complex128(0.021899128363317505+0j)}, 'free': np.float64(-16779.105160754752)}]
------------------------------------------
  Seed: s-wave+px
F_onsite: (-0.026723854556859387+1.3480204563467422e-17j)
F_swave: (0.021899128363317505-1.083243966463923e-17j), F_dwave: (-2.168404344971009e-17+2.856089219023094e-19j)
F_px: (1.734723475976807e-18-8.630524578692473e-18j), F_py: (1.734723475976807e-18-2.1053003904005635e-18j)
Free_energy = -16779.105160754752
------------------------------------------
[{'stable': {'F_onsite': np.complex128(0.004135210817915971-0.02640197784007025j), 'F_swave': np.complex128(-0.0033886396260032316+0.021635363286946024j)}, 'free': np.float64(-16779.10516075475)}, {'stable': {'F_onsite': np.complex128(-0.02672385455685939+0j), 'F_swave': np.complex128(0.021899128363317505+0j)}, 'free': np.float64(-16779.105160754752)}]
------------------------------------------
  Seed: s-wave+py
F_onsite: (-0.026723854556859387-1.1601215829326205e-17j)
F_swave: (0.021899128363317505+9.038873868607851e-18j), F_dwave: (-2.168404344971009e-17-6.907818382654836e-19j)
F_px: (-1.734723475976807e-18-8.602943068347505e-18j), F_py: (-1.734723475976807e-18-2.0264204471875068e-18j)
Free_energy = -16779.10516075475
------------------------------------------
[{'stable': {'F_onsite': np.complex128(0.004135210817915971-0.02640197784007025j), 'F_swave': np.complex128(-0.0033886396260032316+0.021635363286946024j)}, 'free': np.float64(-16779.10516075475)}, {'stable': {'F_onsite': np.complex128(-0.02672385455685939+0j), 'F_swave': np.complex128(0.021899128363317505+0j)}, 'free': np.float64(-16779.105160754752)}]
------------------------------------------
====================================
mu=2.87, T=0.0340
====================================
  Seed: normal state
F_onsite: 0j
F_swave: 0j, F_dwave: 0j
F_px: 0j, F_py: 0j
Free_energy = -16762.04443999701
------------------------------------------
[{'stable': {}, 'free': np.float64(-16762.04443999701)}]
------------------------------------------
  Seed: px+i*py
F_onsite: (0.004009211375115713-0.025597512325940472j)
F_swave: (-0.0032855608240605614+0.020977238619425333j), F_dwave: (-6.179952383167375e-18+1.3010426069826053e-17j)
F_px: (-5.204170427930421e-18-1.9081958235744878e-17j), F_py: (2.3852447794681098e-18+1.734723475976807e-18j)
Free_energy = -16778.256121240727
------------------------------------------
[{'stable': {'F_onsite': np.complex128(0.004009211375115713-0.025597512325940472j), 'F_swave': np.complex128(-0.0032855608240605614+0.020977238619425333j)}, 'free': np.float64(-16778.256121240727)}]
------------------------------------------
  Seed: s-wave
F_onsite: (-0.025909581492703126+0j)
F_swave: (0.021232980243595354+0j), F_dwave: (4.336808689942018e-17+0j)
F_px: -3.1553036076406756e-18j, F_py: -2.0286439086740493e-18j
Free_energy = -16778.256121240727
------------------------------------------
[{'stable': {'F_onsite': np.complex128(0.004009211375115713-0.025597512325940472j), 'F_swave': np.complex128(-0.0032855608240605614+0.020977238619425333j)}, 'free': np.float64(-16778.256121240727)}, {'stable': {'F_onsite': np.complex128(-0.025909581492703126+0j), 'F_swave': np.complex128(0.021232980243595354+0j)}, 'free': np.float64(-16778.256121240727)}]
------------------------------------------
  Seed: s-wave+px
F_onsite: (-0.025909581492703126+7.203592949079247e-18j)
F_swave: (0.021232980243595358-6.4709876098880325e-18j), F_dwave: (4.2500725161431774e-17-1.4486910376008705e-19j)
F_px: (1.734723475976807e-18-2.5045705459125593e-18j), F_py: (-1.734723475976807e-18-2.0668133308596962e-18j)
Free_energy = -16778.256121240727
------------------------------------------
[{'stable': {'F_onsite': np.complex128(0.004009211375115713-0.025597512325940472j), 'F_swave': np.complex128(-0.0032855608240605614+0.020977238619425333j)}, 'free': np.float64(-16778.256121240727)}, {'stable': {'F_onsite': np.complex128(-0.025909581492703126+0j), 'F_swave': np.complex128(0.021232980243595354+0j)}, 'free': np.float64(-16778.256121240727)}]
------------------------------------------
  Seed: s-wave+py
F_onsite: (-0.02590958149270313-7.559717400305369e-18j)
F_swave: (0.021232980243595358+6.159014787502433e-18j), F_dwave: (4.597017211338539e-17-2.7737682044618166e-19j)
F_px: (1.734723475976807e-18-1.6331324618654944e-18j), F_py: (-1.734723475976807e-18-2.3889505486123473e-18j)
Free_energy = -16778.256121240727
------------------------------------------
[{'stable': {'F_onsite': np.complex128(0.004009211375115713-0.025597512325940472j), 'F_swave': np.complex128(-0.0032855608240605614+0.020977238619425333j)}, 'free': np.float64(-16778.256121240727)}, {'stable': {'F_onsite': np.complex128(-0.025909581492703126+0j), 'F_swave': np.complex128(0.021232980243595354+0j)}, 'free': np.float64(-16778.256121240727)}]
------------------------------------------
====================================
mu=2.87, T=0.0370
====================================
  Seed: normal state
F_onsite: 0j
F_swave: 0j, F_dwave: 0j
F_px: 0j, F_py: 0j
Free_energy = -16762.41237058648
------------------------------------------
[{'stable': {}, 'free': np.float64(-16762.41237058648)}]
------------------------------------------
  Seed: px+i*py
F_onsite: (0.0038495149957082685-0.024577902817281817j)
F_swave: (-0.0031548890366502524+0.020142941702668032j), F_dwave: (1.3769367590565906e-17+0j)
F_px: (-8.673617379884035e-18+2.2551405187698492e-17j), F_py: (3.2526065174565133e-18+0j)
Free_energy = -16777.23011389925
------------------------------------------
[{'stable': {'F_onsite': np.complex128(0.0038495149957082685-0.024577902817281817j), 'F_swave': np.complex128(-0.0031548890366502524+0.020142941702668032j)}, 'free': np.float64(-16777.23011389925)}]
------------------------------------------
  Seed: s-wave
F_onsite: (-0.024877541530423104+0j)
F_swave: (0.02038851209065192+0j), F_dwave: (-5.204170427930421e-18+0j)
F_px: -7.77830355463624e-18j, F_py: -1.9204354496623124e-18j
Free_energy = -16777.23011389925
------------------------------------------
[{'stable': {'F_onsite': np.complex128(0.0038495149957082685-0.024577902817281817j), 'F_swave': np.complex128(-0.0031548890366502524+0.020142941702668032j)}, 'free': np.float64(-16777.23011389925)}, {'stable': {'F_onsite': np.complex128(-0.024877541530423104+0j), 'F_swave': np.complex128(0.02038851209065192+0j)}, 'free': np.float64(-16777.23011389925)}]
------------------------------------------
  Seed: s-wave+px
F_onsite: (-0.02487754153042311+6.547824820063598e-18j)
F_swave: (0.02038851209065192-7.040855494932965e-18j), F_dwave: (-6.938893903907228e-18-1.566534496387625e-18j)
F_px: (1.734723475976807e-18-4.961336669864454e-18j), F_py: (6.938893903907228e-18-2.7789562812637492e-18j)
Free_energy = -16777.23011389925
------------------------------------------
[{'stable': {'F_onsite': np.complex128(0.0038495149957082685-0.024577902817281817j), 'F_swave': np.complex128(-0.0031548890366502524+0.020142941702668032j)}, 'free': np.float64(-16777.23011389925)}, {'stable': {'F_onsite': np.complex128(-0.024877541530423104+0j), 'F_swave': np.complex128(0.02038851209065192+0j)}, 'free': np.float64(-16777.23011389925)}]
------------------------------------------
  Seed: s-wave+py
F_onsite: (-0.02487754153042311-3.734983864998335e-18j)
F_swave: (0.020388512090651918+3.978249055457432e-18j), F_dwave: (-8.673617379884035e-18+6.56079957207659e-19j)
F_px: (3.469446951953614e-18-6.6123627027406956e-18j), F_py: (-3.469446951953614e-18-2.735492903157763e-18j)
Free_energy = -16777.23011389925
------------------------------------------
[{'stable': {'F_onsite': np.complex128(0.0038495149957082685-0.024577902817281817j), 'F_swave': np.complex128(-0.0031548890366502524+0.020142941702668032j)}, 'free': np.float64(-16777.23011389925)}, {'stable': {'F_onsite': np.complex128(-0.024877541530423104+0j), 'F_swave': np.complex128(0.02038851209065192+0j)}, 'free': np.float64(-16777.23011389925)}]
------------------------------------------
====================================
mu=2.87, T=0.0400
====================================
  Seed: normal state
F_onsite: 0j
F_swave: 0j, F_dwave: 0j
F_px: 0j, F_py: 0j
Free_energy = -16762.81126303998
------------------------------------------
[{'stable': {}, 'free': np.float64(-16762.81126303998)}]
------------------------------------------
  Seed: px+i*py
F_onsite: (0.0036509401768897664-0.023310067101790413j)
F_swave: (-0.0029923767896156053+0.019105353793882965j), F_dwave: (1.452830911130576e-17+1.214306433183765e-17j)
F_px: (5.5294310796760726e-17+8.673617379884035e-18j), F_py: (1.3010426069826053e-18+1.734723475976807e-17j)
Free_energy = -16776.027717737223
------------------------------------------
[{'stable': {'F_onsite': np.complex128(0.0036509401768897664-0.023310067101790413j), 'F_swave': np.complex128(-0.0029923767896156053+0.019105353793882965j)}, 'free': np.float64(-16776.027717737223)}]
------------------------------------------
  Seed: s-wave
F_onsite: (-0.0235942491396783+0j)
F_swave: (0.019338274546620477+0j), F_dwave: (-2.7755575615628914e-17+0j)
F_px: 1.682419191483854e-19j, F_py: -2.7437514743934924e-18j
Free_energy = -16776.027717737223
------------------------------------------
[{'stable': {'F_onsite': np.complex128(0.0036509401768897664-0.023310067101790413j), 'F_swave': np.complex128(-0.0029923767896156053+0.019105353793882965j)}, 'free': np.float64(-16776.027717737223)}, {'stable': {'F_onsite': np.complex128(-0.0235942491396783+0j), 'F_swave': np.complex128(0.019338274546620477+0j)}, 'free': np.float64(-16776.027717737223)}]
------------------------------------------
  Seed: s-wave+px
F_onsite: (-0.023594249139678305+1.0565169289479567e-17j)
F_swave: (0.01933827454662048-8.785028682227578e-18j), F_dwave: (-3.209238430557093e-17+9.923520372676162e-20j)
F_px: (5.204170427930421e-18-9.795936034995983e-19j), F_py: (1.734723475976807e-18-3.056571329726346e-18j)
Free_energy = -16776.027717737223
------------------------------------------
[{'stable': {'F_onsite': np.complex128(0.0036509401768897664-0.023310067101790413j), 'F_swave': np.complex128(-0.0029923767896156053+0.019105353793882965j)}, 'free': np.float64(-16776.027717737223)}, {'stable': {'F_onsite': np.complex128(-0.0235942491396783+0j), 'F_swave': np.complex128(0.019338274546620477+0j)}, 'free': np.float64(-16776.027717737223)}]
------------------------------------------
  Seed: s-wave+py
F_onsite: (-0.0235942491396783-5.3492447323033224e-18j)
F_swave: (0.01933827454662048+5.0850299499431836e-18j), F_dwave: (-2.688821387764051e-17+6.462596689754295e-19j)
F_px: (-8.673617379884035e-18-1.7895159197523196e-18j), F_py: (-5.204170427930421e-18-3.0535537748517527e-18j)
Free_energy = -16776.027717737223
------------------------------------------
[{'stable': {'F_onsite': np.complex128(0.0036509401768897664-0.023310067101790413j), 'F_swave': np.complex128(-0.0029923767896156053+0.019105353793882965j)}, 'free': np.float64(-16776.027717737223)}, {'stable': {'F_onsite': np.complex128(-0.0235942491396783+0j), 'F_swave': np.complex128(0.019338274546620477+0j)}, 'free': np.float64(-16776.027717737223)}]
------------------------------------------
====================================
mu=2.87, T=0.0430
====================================
  Seed: normal state
F_onsite: 0j
F_swave: 0j, F_dwave: 0j
F_px: 0j, F_py: 0j
Free_energy = -16763.24115866734
------------------------------------------
[{'stable': {}, 'free': np.float64(-16763.24115866734)}]
------------------------------------------
  Seed: px+i*py
F_onsite: (0.0034054862789107813-0.02174292369349743j)
F_swave: (-0.0027914464028500055+0.017822478542203164j), F_dwave: (3.2526065174565133e-19-3.469446951953614e-18j)
F_px: (-3.2959746043559335e-17+2.2551405187698492e-17j), F_py: (2.3852447794681098e-18-3.469446951953614e-18j)
Free_energy = -16774.645521685346
------------------------------------------
[{'stable': {'F_onsite': np.complex128(0.0034054862789107813-0.02174292369349743j), 'F_swave': np.complex128(-0.0027914464028500055+0.017822478542203164j)}, 'free': np.float64(-16774.645521685346)}]
------------------------------------------
  Seed: s-wave
F_onsite: (-0.02200800008035935+0j)
F_swave: (0.018039759266888108+0j), F_dwave: (-4.163336342344337e-17+0j)
F_px: -4.092651442895966e-18j, F_py: -2.5621687863258517e-18j
Free_energy = -16774.645521685346
------------------------------------------
[{'stable': {'F_onsite': np.complex128(0.0034054862789107813-0.02174292369349743j), 'F_swave': np.complex128(-0.0027914464028500055+0.017822478542203164j)}, 'free': np.float64(-16774.645521685346)}, {'stable': {'F_onsite': np.complex128(-0.02200800008035935+0j), 'F_swave': np.complex128(0.018039759266888108+0j)}, 'free': np.float64(-16774.645521685346)}]
------------------------------------------
  Seed: s-wave+px
F_onsite: (-0.022008000080359344+1.2521787907866572e-17j)
F_swave: (0.018039759266888108-9.471178309062764e-18j), F_dwave: (-3.8163916471489756e-17+1.0500296870197138e-18j)
F_px: (-1.734723475976807e-18-5.717842970880951e-18j), F_py: -2.7073290576615575e-18j
Free_energy = -16774.645521685346
------------------------------------------
[{'stable': {'F_onsite': np.complex128(0.0034054862789107813-0.02174292369349743j), 'F_swave': np.complex128(-0.0027914464028500055+0.017822478542203164j)}, 'free': np.float64(-16774.645521685346)}, {'stable': {'F_onsite': np.complex128(-0.02200800008035935+0j), 'F_swave': np.complex128(0.018039759266888108+0j)}, 'free': np.float64(-16774.645521685346)}]
------------------------------------------
  Seed: s-wave+py
F_onsite: (-0.022008000080359344-9.17351840549334e-18j)
F_swave: (0.018039759266888104+7.528534714314628e-18j), F_dwave: (-4.0766001685454967e-17-3.406660634738389e-19j)
F_px: (1.734723475976807e-18-5.663209345783049e-18j), F_py: (1.734723475976807e-18-2.1479167355592955e-18j)
Free_energy = -16774.645521685346
------------------------------------------
[{'stable': {'F_onsite': np.complex128(0.0034054862789107813-0.02174292369349743j), 'F_swave': np.complex128(-0.0027914464028500055+0.017822478542203164j)}, 'free': np.float64(-16774.645521685346)}, {'stable': {'F_onsite': np.complex128(-0.02200800008035935+0j), 'F_swave': np.complex128(0.018039759266888108+0j)}, 'free': np.float64(-16774.645521685346)}]
------------------------------------------
====================================
mu=2.87, T=0.0460
====================================
  Seed: normal state
F_onsite: 0j
F_swave: 0j, F_dwave: 0j
F_px: 0j, F_py: 0j
Free_energy = -16763.70209008797
------------------------------------------
[{'stable': {}, 'free': np.float64(-16763.70209008797)}]
------------------------------------------
  Seed: px+i*py
F_onsite: (0.003101669978190896-0.019803155301445895j)
F_swave: (-0.0025426726446051828+0.01623413890449566j), F_dwave: (1.2793585635328952e-17-1.6479873021779667e-17j)
F_px: (-3.404394821604484e-17+7.979727989493313e-17j), F_py: (4.7704895589362195e-18+1.734723475976807e-18j)
Free_energy = -16773.08633968978
------------------------------------------
[{'stable': {'F_onsite': np.complex128(0.003101669978190896-0.019803155301445895j), 'F_swave': np.complex128(-0.0025426726446051828+0.01623413890449566j)}, 'free': np.float64(-16773.08633968978)}]
------------------------------------------
  Seed: s-wave
F_onsite: (-0.020044583222077875+0j)
F_swave: (0.016432055566729564+0j), F_dwave: (-2.0816681711721685e-17+0j)
F_px: -1.0063810204565156e-18j, F_py: -2.510288018306526e-18j
Free_energy = -16773.08633968978
------------------------------------------
[{'stable': {'F_onsite': np.complex128(0.003101669978190896-0.019803155301445895j), 'F_swave': np.complex128(-0.0025426726446051828+0.01623413890449566j)}, 'free': np.float64(-16773.08633968978)}, {'stable': {'F_onsite': np.complex128(-0.020044583222077875+0j), 'F_swave': np.complex128(0.016432055566729564+0j)}, 'free': np.float64(-16773.08633968978)}]
------------------------------------------
  Seed: s-wave+px
F_onsite: (-0.020044583222077875+5.212062325650335e-18j)
F_swave: (0.01643205556672956-4.55632257217889e-18j), F_dwave: (-2.2551405187698492e-17-1.385692962148832e-19j)
F_px: -3.206443221831154e-18j, F_py: -2.832848752532804e-18j
Free_energy = -16773.08633968978
------------------------------------------
[{'stable': {'F_onsite': np.complex128(0.003101669978190896-0.019803155301445895j), 'F_swave': np.complex128(-0.0025426726446051828+0.01623413890449566j)}, 'free': np.float64(-16773.08633968978)}, {'stable': {'F_onsite': np.complex128(-0.020044583222077875+0j), 'F_swave': np.complex128(0.016432055566729564+0j)}, 'free': np.float64(-16773.08633968978)}]
------------------------------------------
  Seed: s-wave+py
F_onsite: (-0.020044583222077878-7.75756467892081e-18j)
F_swave: (0.016432055566729567+7.030611690227108e-18j), F_dwave: (-1.8214596497756474e-17+4.4747162416668585e-19j)
F_px: (-3.469446951953614e-18-3.400043189837965e-18j), F_py: (-1.734723475976807e-18-2.9410042719853376e-18j)
Free_energy = -16773.08633968978
------------------------------------------
[{'stable': {'F_onsite': np.complex128(0.003101669978190896-0.019803155301445895j), 'F_swave': np.complex128(-0.0025426726446051828+0.01623413890449566j)}, 'free': np.float64(-16773.08633968978)}, {'stable': {'F_onsite': np.complex128(-0.020044583222077875+0j), 'F_swave': np.complex128(0.016432055566729564+0j)}, 'free': np.float64(-16773.08633968978)}]
------------------------------------------
====================================
mu=2.87, T=0.0490
====================================
  Seed: normal state
F_onsite: 0j
F_swave: 0j, F_dwave: 0j
F_px: 0j, F_py: 0j
Free_energy = -16764.19408207606
------------------------------------------
[{'stable': {}, 'free': np.float64(-16764.19408207606)}]
------------------------------------------
  Seed: px+i*py
F_onsite: (0.0027192211020379987-0.017361343457319562j)
F_swave: (-0.0022294097511234715+0.014234057086178996j), F_dwave: (-2.8406096919120216e-17-1.3877787807814457e-17j)
F_px: (-8.673617379884035e-19-8.673617379884035e-18j), F_py: (4.7704895589362195e-18-3.469446951953614e-18j)
Free_energy = -16771.350227622366
------------------------------------------
[{'stable': {'F_onsite': np.complex128(0.0027192211020379987-0.017361343457319562j), 'F_swave': np.complex128(-0.0022294097511234715+0.014234057086178996j)}, 'free': np.float64(-16771.350227622366)}]
------------------------------------------
  Seed: s-wave
F_onsite: (-0.017573002305946085+0j)
F_swave: (0.01440758997789038+0j), F_dwave: (-1.3877787807814457e-17+0j)
F_px: -5.256051195949747e-18j, F_py: -3.1687502556783376e-18j
Free_energy = -16771.350227622366
------------------------------------------
[{'stable': {'F_onsite': np.complex128(0.0027192211020379987-0.017361343457319562j), 'F_swave': np.complex128(-0.0022294097511234715+0.014234057086178996j)}, 'free': np.float64(-16771.350227622366)}, {'stable': {'F_onsite': np.complex128(-0.017573002305946085+0j), 'F_swave': np.complex128(0.01440758997789038+0j)}, 'free': np.float64(-16771.350227622366)}]
------------------------------------------
  Seed: s-wave+px
F_onsite: (-0.017573002305946085+0j)
F_swave: (0.01440758997789038+0j), F_dwave: (-1.3877787807814457e-17+0j)
F_px: -5.256051195949747e-18j, F_py: -3.1687502556783376e-18j
Free_energy = -16771.350227622366
------------------------------------------
[{'stable': {'F_onsite': np.complex128(0.0027192211020379987-0.017361343457319562j), 'F_swave': np.complex128(-0.0022294097511234715+0.014234057086178996j)}, 'free': np.float64(-16771.350227622366)}, {'stable': {'F_onsite': np.complex128(-0.017573002305946085+0j), 'F_swave': np.complex128(0.01440758997789038+0j)}, 'free': np.float64(-16771.350227622366)}]
------------------------------------------
  Seed: s-wave+py
F_onsite: (-0.017573002305946085+0j)
F_swave: (0.01440758997789038+0j), F_dwave: (-1.3877787807814457e-17+0j)
F_px: -7.869147838229264e-18j, F_py: -2.904475976134996e-18j
Free_energy = -16771.350227622366
------------------------------------------
[{'stable': {'F_onsite': np.complex128(0.0027192211020379987-0.017361343457319562j), 'F_swave': np.complex128(-0.0022294097511234715+0.014234057086178996j)}, 'free': np.float64(-16771.350227622366)}, {'stable': {'F_onsite': np.complex128(-0.017573002305946085+0j), 'F_swave': np.complex128(0.01440758997789038+0j)}, 'free': np.float64(-16771.350227622366)}]
------------------------------------------
====================================
mu=2.87, T=0.0520
====================================
  Seed: normal state
F_onsite: 0j
F_swave: 0j, F_dwave: 0j
F_px: 0j, F_py: 0j
Free_energy = -16764.71715311653
------------------------------------------
[{'stable': {}, 'free': np.float64(-16764.71715311653)}]
------------------------------------------
  Seed: px+i*py
F_onsite: (0.0022172089148614228-0.01415615870981825j)
F_swave: (-0.001818060304335914+0.011607724486263895j), F_dwave: (-9.378348791999613e-18-3.0357660829594124e-18j)
F_px: (-5.5294310796760726e-18-2.42861286636753e-17j), F_py: (4.228388472693467e-18+8.673617379884035e-19j)
Free_energy = -16769.438556716985
------------------------------------------
[{'stable': {'F_onsite': np.complex128(0.0022172089148614228-0.01415615870981825j), 'F_swave': np.complex128(-0.001818060304335914+0.011607724486263895j)}, 'free': np.float64(-16769.438556716985)}]
------------------------------------------
  Seed: s-wave
F_onsite: (-0.01432874191231394+0j)
F_swave: (0.011749238742114868+0j), F_dwave: (-3.729655473350135e-17+0j)
F_px: -3.9058806780263924e-19j, F_py: -3.2166076171982055e-18j
Free_energy = -16769.438556716985
------------------------------------------
[{'stable': {'F_onsite': np.complex128(0.0022172089148614228-0.01415615870981825j), 'F_swave': np.complex128(-0.001818060304335914+0.011607724486263895j)}, 'free': np.float64(-16769.438556716985)}, {'stable': {'F_onsite': np.complex128(-0.01432874191231394+0j), 'F_swave': np.complex128(0.011749238742114868+0j)}, 'free': np.float64(-16769.438556716985)}]
------------------------------------------
  Seed: s-wave+px
F_onsite: (-0.01432874191231394+0j)
F_swave: (0.011749238742114868+0j), F_dwave: (-3.729655473350135e-17+0j)
F_px: -3.9058806780263924e-19j, F_py: -3.2166076171982055e-18j
Free_energy = -16769.438556716985
------------------------------------------
[{'stable': {'F_onsite': np.complex128(0.0022172089148614228-0.01415615870981825j), 'F_swave': np.complex128(-0.001818060304335914+0.011607724486263895j)}, 'free': np.float64(-16769.438556716985)}, {'stable': {'F_onsite': np.complex128(-0.01432874191231394+0j), 'F_swave': np.complex128(0.011749238742114868+0j)}, 'free': np.float64(-16769.438556716985)}]
------------------------------------------
  Seed: s-wave+py
F_onsite: (-0.01432874191231394+0j)
F_swave: (0.011749238742114868+0j), F_dwave: (-3.729655473350135e-17+0j)
F_px: -3.9058806780263924e-19j, F_py: -3.2166076171982055e-18j
Free_energy = -16769.438556716985
------------------------------------------
[{'stable': {'F_onsite': np.complex128(0.0022172089148614228-0.01415615870981825j), 'F_swave': np.complex128(-0.001818060304335914+0.011607724486263895j)}, 'free': np.float64(-16769.438556716985)}, {'stable': {'F_onsite': np.complex128(-0.01432874191231394+0j), 'F_swave': np.complex128(0.011749238742114868+0j)}, 'free': np.float64(-16769.438556716985)}]
------------------------------------------
====================================
mu=2.87, T=0.0550
====================================
  Seed: normal state
F_onsite: 0j
F_swave: 0j, F_dwave: 0j
F_px: 0j, F_py: 0j
Free_energy = -16765.271317014773
------------------------------------------
[{'stable': {}, 'free': np.float64(-16765.271317014773)}]
------------------------------------------
  Seed: px+i*py
F_onsite: (0.0014793897972782916-0.009445423308369765j)
F_swave: (-0.0012132428804585856+0.007746161696450805j), F_dwave: (3.469446951953614e-18-1.5178830414797062e-18j)
F_px: (2.1358782797964437e-17+3.903127820947816e-18j), F_py: (4.553649124439119e-18-2.168404344971009e-18j)
Free_energy = -16767.35770367411
------------------------------------------
[{'stable': {'F_onsite': np.complex128(0.0014793897972782916-0.009445423308369765j), 'F_swave': np.complex128(-0.0012132428804585856+0.007746161696450805j)}, 'free': np.float64(-16767.35770367411)}]
------------------------------------------
  Seed: s-wave
F_onsite: (-0.009560576114784487+0j)
F_swave: (0.007840598147752842+0j), F_dwave: (1.5612511283791264e-17+0j)
F_px: -2.115729483563632e-18j, F_py: -3.3784967892421837e-18j
Free_energy = -16767.35770367411
------------------------------------------
[{'stable': {'F_onsite': np.complex128(0.0014793897972782916-0.009445423308369765j), 'F_swave': np.complex128(-0.0012132428804585856+0.007746161696450805j)}, 'free': np.float64(-16767.35770367411)}, {'stable': {'F_onsite': np.complex128(-0.009560576114784487+0j), 'F_swave': np.complex128(0.007840598147752842+0j)}, 'free': np.float64(-16767.35770367411)}]
------------------------------------------
  Seed: s-wave+px
F_onsite: (-0.009560576114784487+0j)
F_swave: (0.007840598147752842+0j), F_dwave: (1.5612511283791264e-17+0j)
F_px: -2.115729483563632e-18j, F_py: -3.3784967892421837e-18j
Free_energy = -16767.35770367411
------------------------------------------
[{'stable': {'F_onsite': np.complex128(0.0014793897972782916-0.009445423308369765j), 'F_swave': np.complex128(-0.0012132428804585856+0.007746161696450805j)}, 'free': np.float64(-16767.35770367411)}, {'stable': {'F_onsite': np.complex128(-0.009560576114784487+0j), 'F_swave': np.complex128(0.007840598147752842+0j)}, 'free': np.float64(-16767.35770367411)}]
------------------------------------------
  Seed: s-wave+py
F_onsite: (-0.009560576114784487+0j)
F_swave: (0.007840598147752842+0j), F_dwave: (1.5612511283791264e-17+0j)
F_px: -2.115729483563632e-18j, F_py: -3.3784967892421837e-18j
Free_energy = -16767.35770367411
------------------------------------------
[{'stable': {'F_onsite': np.complex128(0.0014793897972782916-0.009445423308369765j), 'F_swave': np.complex128(-0.0012132428804585856+0.007746161696450805j)}, 'free': np.float64(-16767.35770367411)}, {'stable': {'F_onsite': np.complex128(-0.009560576114784487+0j), 'F_swave': np.complex128(0.007840598147752842+0j)}, 'free': np.float64(-16767.35770367411)}]
------------------------------------------
====================================
mu=2.87, T=0.0580
====================================
  Seed: normal state
F_onsite: 0j
F_swave: 0j, F_dwave: 0j
F_px: 0j, F_py: 0j
Free_energy = -16765.856584289228
------------------------------------------
[{'stable': {}, 'free': np.float64(-16765.856584289228)}]
------------------------------------------
  Seed: px+i*py
==================================================
WARNING: Failed to converge after 5000 iterations
==================================================
F_onsite: (1.4486427445672067e-12-9.249120262264805e-12j)
F_swave: (-1.188818465299856e-12+7.590225419721156e-12j), F_dwave: (1.140944294697295e-22+1.0336408140887503e-20j)
F_px: (-6.515844906879619e-20+8.975329698855162e-21j), F_py: (-6.5970047949287994e-21-9.486234896141699e-22j)
Free_energy = -16765.856584289224
------------------------------------------
[{'stable': {}, 'free': np.float64(-16765.856584289228)}]
------------------------------------------
  Seed: s-wave
==================================================
WARNING: Failed to converge after 5000 iterations
==================================================
F_onsite: (-9.361712197231735e-12+0j)
F_swave: (7.682623137221415e-12+0j), F_dwave: (9.15954702179727e-21+0j)
F_px: -2.645598000083735e-20j, F_py: 3.0940586231825985e-20j
Free_energy = -16765.856584289228
------------------------------------------
[{'stable': {}, 'free': np.float64(-16765.856584289228)}]
------------------------------------------
  Seed: s-wave+px
==================================================
WARNING: Failed to converge after 5000 iterations
==================================================
F_onsite: (-9.361712197231735e-12+0j)
F_swave: (7.682623137221415e-12+0j), F_dwave: (9.15954702179727e-21+0j)
F_px: -2.645598000083735e-20j, F_py: 3.0940586231825985e-20j
Free_energy = -16765.856584289228
------------------------------------------
[{'stable': {}, 'free': np.float64(-16765.856584289228)}]
------------------------------------------
  Seed: s-wave+py
==================================================
WARNING: Failed to converge after 5000 iterations
==================================================
F_onsite: (-9.361712197231735e-12+0j)
F_swave: (7.682623137221415e-12+0j), F_dwave: (9.15954702179727e-21+0j)
F_px: -2.645598000083735e-20j, F_py: 3.0940586231825985e-20j
Free_energy = -16765.856584289228
------------------------------------------
[{'stable': {}, 'free': np.float64(-16765.856584289228)}]
------------------------------------------
====================================
mu=2.87, T=0.0610
====================================
  Seed: normal state
F_onsite: 0j
F_swave: 0j, F_dwave: 0j
F_px: 0j, F_py: 0j
Free_energy = -16766.472963270928
------------------------------------------
[{'stable': {}, 'free': np.float64(-16766.472963270928)}]
------------------------------------------
  Seed: px+i*py
F_onsite: (8.16147781050912e-15-5.210955880407332e-14j)
F_swave: (-6.7117569386127224e-15+4.285335669349825e-14j), F_dwave: (-1.3660698716690724e-20-1.6850741754986875e-21j)
F_px: (-6.489218475910452e-20+3.765202853168428e-20j), F_py: (-5.1474346213185274e-20+1.3539417275477886e-20j)
Free_energy = -16766.472963270924
------------------------------------------
[{'stable': {}, 'free': np.float64(-16766.472963270928)}]
------------------------------------------
  Seed: s-wave
F_onsite: (-4.982393839601963e-14+0j)
F_swave: (4.097372348490556e-14+0j), F_dwave: (-2.051096546265887e-21+0j)
F_px: -9.341570811116434e-20j, F_py: -3.7155258266552744e-20j
Free_energy = -16766.472963270928
------------------------------------------
[{'stable': {}, 'free': np.float64(-16766.472963270928)}]
------------------------------------------
  Seed: s-wave+px
F_onsite: (-4.982393839601963e-14+0j)
F_swave: (4.097372348490556e-14+0j), F_dwave: (-2.051096546265887e-21+0j)
F_px: -9.341570811116434e-20j, F_py: -3.7155258266552744e-20j
Free_energy = -16766.472963270928
------------------------------------------
[{'stable': {}, 'free': np.float64(-16766.472963270928)}]
------------------------------------------
  Seed: s-wave+py
F_onsite: (-4.982393839601963e-14+0j)
F_swave: (4.097372348490556e-14+0j), F_dwave: (-2.051096546265887e-21+0j)
F_px: -9.341570811116434e-20j, F_py: -3.7155258266552744e-20j
Free_energy = -16766.472963270928
------------------------------------------
[{'stable': {}, 'free': np.float64(-16766.472963270928)}]
------------------------------------------
====================================
mu=2.87, T=0.0640
====================================
  Seed: normal state
F_onsite: 0j
F_swave: 0j, F_dwave: 0j
F_px: 0j, F_py: 0j
Free_energy = -16767.120460922244
------------------------------------------
[{'stable': {}, 'free': np.float64(-16767.120460922244)}]
------------------------------------------
  Seed: px+i*py
F_onsite: (4.497296247317199e-15-2.8715994812280966e-14j)
F_swave: (-3.706094501225064e-15+2.3664028376709315e-14j), F_dwave: (1.0399184146346478e-20-1.0209170237974066e-20j)
F_px: (9.361669974134349e-20+1.9118981040703555e-20j), F_py: (4.610442606778052e-20-1.794493148183296e-20j)
Free_energy = -16767.120460922244
------------------------------------------
[{'stable': {}, 'free': np.float64(-16767.120460922244)}]
------------------------------------------
  Seed: s-wave
F_onsite: (-2.8368445122796344e-14+0j)
F_swave: (2.3377621224102184e-14+0j), F_dwave: (-9.864647898836318e-21+0j)
F_px: 5.2153385695613656e-21j, F_py: 4.85824236109764e-20j
Free_energy = -16767.120460922244
------------------------------------------
[{'stable': {}, 'free': np.float64(-16767.120460922244)}]
------------------------------------------
  Seed: s-wave+px
F_onsite: (-2.8368445122796344e-14+0j)
F_swave: (2.3377621224102184e-14+0j), F_dwave: (-9.864647898836318e-21+0j)
F_px: 5.2153385695613656e-21j, F_py: 4.85824236109764e-20j
Free_energy = -16767.120460922244
------------------------------------------
[{'stable': {}, 'free': np.float64(-16767.120460922244)}]
------------------------------------------
  Seed: s-wave+py
F_onsite: (-2.8368445122796344e-14+0j)
F_swave: (2.3377621224102184e-14+0j), F_dwave: (-9.864647898836318e-21+0j)
F_px: 5.2153385695613656e-21j, F_py: 4.85824236109764e-20j
Free_energy = -16767.120460922244
------------------------------------------
[{'stable': {}, 'free': np.float64(-16767.120460922244)}]
------------------------------------------
====================================
mu=2.87, T=0.0670
====================================
  Seed: normal state
F_onsite: 0j
F_swave: 0j, F_dwave: 0j
F_px: 0j, F_py: 0j
Free_energy = -16767.799083418344
------------------------------------------
[{'stable': {}, 'free': np.float64(-16767.799083418344)}]
------------------------------------------
  Seed: px+i*py
F_onsite: (3.235336519928502e-15-2.0657517455668235e-14j)
F_swave: (-2.671561799846739e-15+1.7057838771661286e-14j), F_dwave: (-3.1147867969605458e-21+1.8603398907202156e-20j)
F_px: (-1.0787160487490049e-19-3.902194101678652e-20j), F_py: (7.874774660385713e-20+2.644637458931046e-20j)
Free_energy = -16767.799083418344
------------------------------------------
[{'stable': {}, 'free': np.float64(-16767.799083418344)}]
------------------------------------------
  Seed: s-wave
F_onsite: (-2.0402740996319773e-14+0j)
F_swave: (1.6847435790004047e-14+0j), F_dwave: (-1.244464557912075e-20+0j)
F_px: 1.971955220417377e-20j, F_py: 5.424743331223888e-20j
Free_energy = -16767.79908341834
------------------------------------------
[{'stable': {}, 'free': np.float64(-16767.799083418344)}]
------------------------------------------
  Seed: s-wave+px
F_onsite: (-2.0402740996319773e-14+0j)
F_swave: (1.6847435790004047e-14+0j), F_dwave: (-1.244464557912075e-20+0j)
F_px: 1.971955220417377e-20j, F_py: 5.424743331223888e-20j
Free_energy = -16767.79908341834
------------------------------------------
[{'stable': {}, 'free': np.float64(-16767.799083418344)}]
------------------------------------------
  Seed: s-wave+py
F_onsite: (-2.0402740996319773e-14+0j)
F_swave: (1.6847435790004047e-14+0j), F_dwave: (-1.244464557912075e-20+0j)
F_px: 1.971955220417377e-20j, F_py: 5.424743331223888e-20j
Free_energy = -16767.79908341834
------------------------------------------
[{'stable': {}, 'free': np.float64(-16767.799083418344)}]
------------------------------------------
====================================
mu=2.87, T=0.0700
====================================
  Seed: normal state
F_onsite: 0j
F_swave: 0j, F_dwave: 0j
F_px: 0j, F_py: 0j
Free_energy = -16768.508836542882
------------------------------------------
[{'stable': {}, 'free': np.float64(-16768.508836542882)}]
------------------------------------------
  Seed: px+i*py
F_onsite: (2.390694244368452e-15-1.5264531632833824e-14j)
F_swave: (-1.9780327142578493e-15+1.2629689083290832e-14j), F_dwave: (2.260500720375226e-22+2.897235755766428e-20j)
F_px: (-1.3660574524582922e-19-6.1577455243539674e-21j), F_py: (1.1698693125400654e-19+7.03777023762997e-21j)
Free_energy = -16768.508836542882
------------------------------------------
[{'stable': {}, 'free': np.float64(-16768.508836542882)}]
------------------------------------------
  Seed: s-wave
F_onsite: (-1.5073415539192957e-14+0j)
F_swave: (1.2471395530526128e-14+0j), F_dwave: (-1.3551840046387444e-20+0j)
F_px: 7.305958806125366e-20j, F_py: 7.822327262959895e-21j
Free_energy = -16768.508836542882
------------------------------------------
[{'stable': {}, 'free': np.float64(-16768.508836542882)}]
------------------------------------------
  Seed: s-wave+px
F_onsite: (-1.5073415539192957e-14+0j)
F_swave: (1.2471395530526128e-14+0j), F_dwave: (-1.3551840046387444e-20+0j)
F_px: 7.305958806125366e-20j, F_py: 7.822327262959895e-21j
Free_energy = -16768.508836542882
------------------------------------------
[{'stable': {}, 'free': np.float64(-16768.508836542882)}]
------------------------------------------
  Seed: s-wave+py
F_onsite: (-1.5073415539192957e-14+0j)
F_swave: (1.2471395530526128e-14+0j), F_dwave: (-1.3551840046387444e-20+0j)
F_px: 7.305958806125366e-20j, F_py: 7.822327262959895e-21j
Free_energy = -16768.508836542882
------------------------------------------
[{'stable': {}, 'free': np.float64(-16768.508836542882)}]
------------------------------------------
====================================
mu=2.87, T=0.0730
====================================
  Seed: normal state
F_onsite: 0j
F_swave: 0j, F_dwave: 0j
F_px: 0j, F_py: 0j
Free_energy = -16769.249725942595
------------------------------------------
[{'stable': {}, 'free': np.float64(-16769.249725942595)}]
------------------------------------------
  Seed: px+i*py
F_onsite: (1.916328882777593e-15-1.2235600650864541e-14j)
F_swave: (-1.5886635572065832e-15+1.014351320938592e-14j), F_dwave: (-1.0677740550166604e-21-4.5703224129400625e-21j)
F_px: (-1.4862331569308593e-20+1.8269843780163307e-20j), F_py: (-5.038464155679076e-20-7.00319089692512e-21j)
Free_energy = -16769.249725942595
------------------------------------------
[{'stable': {}, 'free': np.float64(-16769.249725942595)}]
------------------------------------------
  Seed: s-wave
F_onsite: (-1.2997174744680423e-14+0j)
F_swave: (1.0774859429335587e-14+0j), F_dwave: (-3.6700581967636704e-21+0j)
F_px: 6.852880493769515e-20j, F_py: 1.0435255467509893e-21j
Free_energy = -16769.249725942595
------------------------------------------
[{'stable': {}, 'free': np.float64(-16769.249725942595)}]
------------------------------------------
  Seed: s-wave+px
F_onsite: (-1.2997174744680423e-14+0j)
F_swave: (1.0774859429335587e-14+0j), F_dwave: (-3.6700581967636704e-21+0j)
F_px: 6.852880493769515e-20j, F_py: 1.0435255467509893e-21j
Free_energy = -16769.249725942595
------------------------------------------
[{'stable': {}, 'free': np.float64(-16769.249725942595)}]
------------------------------------------
  Seed: s-wave+py
F_onsite: (-1.2997174744680423e-14+0j)
F_swave: (1.0774859429335587e-14+0j), F_dwave: (-3.6700581967636704e-21+0j)
F_px: 6.852880493769515e-20j, F_py: 1.0435255467509893e-21j
Free_energy = -16769.249725942595
------------------------------------------
[{'stable': {}, 'free': np.float64(-16769.249725942595)}]
------------------------------------------
====================================
mu=2.87, T=0.0760
====================================
  Seed: normal state
F_onsite: 0j
F_swave: 0j, F_dwave: 0j
F_px: 0j, F_py: 0j
Free_energy = -16770.0217572782
------------------------------------------
[{'stable': {}, 'free': np.float64(-16770.0217572782)}]
------------------------------------------
  Seed: px+i*py
F_onsite: (1.6113704231576734e-15-1.0288722991597187e-14j)
F_swave: (-1.3384485985725861e-15+8.546099796697173e-15j), F_dwave: (3.800904307845176e-21-9.676326225689932e-21j)
F_px: (6.198200711180106e-20+2.9259739545204386e-20j), F_py: (6.076848414885052e-20-1.4120001649332553e-20j)
Free_energy = -16770.021757278195
------------------------------------------
[{'stable': {}, 'free': np.float64(-16770.0217572782)}]
------------------------------------------
  Seed: s-wave
F_onsite: (-1.0927948684013744e-14+0j)
F_swave: (9.077133199582834e-15+0j), F_dwave: (-1.5130823932514765e-21+0j)
F_px: -1.9003177424261318e-20j, F_py: 4.234625693906888e-20j
Free_energy = -16770.0217572782
------------------------------------------
[{'stable': {}, 'free': np.float64(-16770.0217572782)}]
------------------------------------------
  Seed: s-wave+px
F_onsite: (-1.0927948684013744e-14+0j)
F_swave: (9.077133199582834e-15+0j), F_dwave: (-1.5130823932514765e-21+0j)
F_px: -1.9003177424261318e-20j, F_py: 4.234625693906888e-20j
Free_energy = -16770.0217572782
------------------------------------------
[{'stable': {}, 'free': np.float64(-16770.0217572782)}]
------------------------------------------
  Seed: s-wave+py
F_onsite: (-1.0927948684013744e-14+0j)
F_swave: (9.077133199582834e-15+0j), F_dwave: (-1.5130823932514765e-21+0j)
F_px: -1.9003177424261318e-20j, F_py: 4.234625693906888e-20j
Free_energy = -16770.0217572782
------------------------------------------
[{'stable': {}, 'free': np.float64(-16770.0217572782)}]
------------------------------------------
====================================
mu=2.87, T=0.0790
====================================
  Seed: normal state
F_onsite: 0j
F_swave: 0j, F_dwave: 0j
F_px: 0j, F_py: 0j
Free_energy = -16770.824936299035
------------------------------------------
[{'stable': {}, 'free': np.float64(-16770.824936299035)}]
------------------------------------------
  Seed: px+i*py
F_onsite: (1.3221915080275502e-15-8.44250961601093e-15j)
F_swave: (-1.100332998490406e-15+7.025894364503241e-15j), F_dwave: (3.978055991161595e-21-3.9580210892470395e-21j)
F_px: (7.16145912219664e-20+4.7912330362613324e-20j), F_py: (-7.461856370524721e-20-2.4696524484241578e-20j)
Free_energy = -16770.824936299035
------------------------------------------
[{'stable': {}, 'free': np.float64(-16770.824936299035)}]
------------------------------------------
  Seed: s-wave
F_onsite: (-8.965460691469628e-15+0j)
F_swave: (7.461064149491895e-15+0j), F_dwave: (-4.809495655113745e-21+0j)
F_px: -1.439253665789638e-19j, F_py: 3.1698855237168544e-20j
Free_energy = -16770.824936299035
------------------------------------------
[{'stable': {}, 'free': np.float64(-16770.824936299035)}]
------------------------------------------
  Seed: s-wave+px
F_onsite: (-8.965460691469628e-15+0j)
F_swave: (7.461064149491895e-15+0j), F_dwave: (-4.809495655113745e-21+0j)
F_px: -1.439253665789638e-19j, F_py: 3.1698855237168544e-20j
Free_energy = -16770.824936299035
------------------------------------------
[{'stable': {}, 'free': np.float64(-16770.824936299035)}]
------------------------------------------
  Seed: s-wave+py
F_onsite: (-8.965460691469628e-15+0j)
F_swave: (7.461064149491895e-15+0j), F_dwave: (-4.809495655113745e-21+0j)
F_px: -1.439253665789638e-19j, F_py: 3.1698855237168544e-20j
Free_energy = -16770.824936299035
------------------------------------------
[{'stable': {}, 'free': np.float64(-16770.824936299035)}]
------------------------------------------
====================================
mu=2.87, T=0.0820
====================================
  Seed: normal state
F_onsite: 0j
F_swave: 0j, F_dwave: 0j
F_px: 0j, F_py: 0j
Free_energy = -16771.6592688619
------------------------------------------
[{'stable': {}, 'free': np.float64(-16771.6592688619)}]
------------------------------------------
  Seed: px+i*py
F_onsite: (1.0593562036480792e-15-6.7642293176124186e-15j)
F_swave: (-8.83243429472915e-16+5.639704651568223e-15j), F_dwave: (6.5924960189605074e-21+2.019812538280674e-21j)
F_px: (5.480784523422009e-20+1.537118247093627e-20j), F_py: (-7.258931502610655e-20-4.572112264969945e-21j)
Free_energy = -16771.6592688619
------------------------------------------
[{'stable': {}, 'free': np.float64(-16771.6592688619)}]
------------------------------------------
  Seed: s-wave
F_onsite: (-7.181920635722793e-15+0j)
F_swave: (5.988072703041145e-15+0j), F_dwave: (-1.0133458500068747e-21+0j)
F_px: -2.6320457504122175e-20j, F_py: -5.654030879007822e-20j
Free_energy = -16771.6592688619
------------------------------------------
[{'stable': {}, 'free': np.float64(-16771.6592688619)}]
------------------------------------------
  Seed: s-wave+px
F_onsite: (-7.181920635722793e-15+0j)
F_swave: (5.988072703041145e-15+0j), F_dwave: (-1.0133458500068747e-21+0j)
F_px: -2.6320457504122175e-20j, F_py: -5.654030879007822e-20j
Free_energy = -16771.6592688619
------------------------------------------
[{'stable': {}, 'free': np.float64(-16771.6592688619)}]
------------------------------------------
  Seed: s-wave+py
F_onsite: (-7.181920635722793e-15+0j)
F_swave: (5.988072703041145e-15+0j), F_dwave: (-1.0133458500068747e-21+0j)
F_px: -2.6320457504122175e-20j, F_py: -5.654030879007822e-20j
Free_energy = -16771.6592688619
------------------------------------------
[{'stable': {}, 'free': np.float64(-16771.6592688619)}]
------------------------------------------
====================================
mu=2.87, T=0.0850
====================================
  Seed: normal state
F_onsite: 0j
F_swave: 0j, F_dwave: 0j
F_px: 0j, F_py: 0j
Free_energy = -16772.524760909644
------------------------------------------
[{'stable': {}, 'free': np.float64(-16772.524760909644)}]
------------------------------------------
  Seed: px+i*py
F_onsite: (8.29186543931461e-16-5.294676728098859e-15j)
F_swave: (-6.9261718815865785e-16+4.422618170012002e-15j), F_dwave: (3.819332986577347e-21-6.315290715800288e-21j)
F_px: (1.1235159460983023e-20-2.4423451224987272e-21j), F_py: (-7.904877476462855e-20-2.244794443664265e-20j)
Free_energy = -16772.524760909644
------------------------------------------
[{'stable': {}, 'free': np.float64(-16772.524760909644)}]
------------------------------------------
  Seed: s-wave
F_onsite: (-5.62053798975331e-15+0j)
F_swave: (4.694886389540206e-15+0j), F_dwave: (1.3349372411414692e-22+0j)
F_px: 1.0155409093813937e-20j, F_py: -5.726844912141465e-20j
Free_energy = -16772.524760909644
------------------------------------------
[{'stable': {}, 'free': np.float64(-16772.524760909644)}]
------------------------------------------
  Seed: s-wave+px
F_onsite: (-5.62053798975331e-15+0j)
F_swave: (4.694886389540206e-15+0j), F_dwave: (1.3349372411414692e-22+0j)
F_px: 1.0155409093813937e-20j, F_py: -5.726844912141465e-20j
Free_energy = -16772.524760909644
------------------------------------------
[{'stable': {}, 'free': np.float64(-16772.524760909644)}]
------------------------------------------
  Seed: s-wave+py
F_onsite: (-5.62053798975331e-15+0j)
F_swave: (4.694886389540206e-15+0j), F_dwave: (1.3349372411414692e-22+0j)
F_px: 1.0155409093813937e-20j, F_py: -5.726844912141465e-20j
Free_energy = -16772.524760909644
------------------------------------------
[{'stable': {}, 'free': np.float64(-16772.524760909644)}]
------------------------------------------
====================================
mu=2.87, T=0.0880
====================================
  Seed: normal state
F_onsite: 0j
F_swave: 0j, F_dwave: 0j
F_px: 0j, F_py: 0j
Free_energy = -16773.421418417907
------------------------------------------
[{'stable': {}, 'free': np.float64(-16773.421418417907)}]
------------------------------------------
  Seed: px+i*py
F_onsite: (6.344250102130701e-16-4.05104306011562e-15j)
F_swave: (-5.309112931984694e-16+3.3900561052371943e-15j), F_dwave: (-3.9884654106845095e-21-2.357945699774723e-21j)
F_px: (-1.7499741242583757e-20-2.083954260286218e-20j), F_py: (-9.678212387031093e-20-2.702851097264601e-20j)
Free_energy = -16773.421418417907
------------------------------------------
[{'stable': {}, 'free': np.float64(-16773.421418417907)}]
------------------------------------------
  Seed: s-wave
F_onsite: (-4.2991884876568944e-15+0j)
F_swave: (3.5978110793516145e-15+0j), F_dwave: (-6.831121518769397e-21+0j)
F_px: 8.826770429788514e-20j, F_py: 4.333074489842678e-20j
Free_energy = -16773.421418417907
------------------------------------------
[{'stable': {}, 'free': np.float64(-16773.421418417907)}]
------------------------------------------
  Seed: s-wave+px
F_onsite: (-4.2991884876568944e-15+0j)
F_swave: (3.5978110793516145e-15+0j), F_dwave: (-6.831121518769397e-21+0j)
F_px: 8.826770429788514e-20j, F_py: 4.333074489842678e-20j
Free_energy = -16773.421418417907
------------------------------------------
[{'stable': {}, 'free': np.float64(-16773.421418417907)}]
------------------------------------------
  Seed: s-wave+py
F_onsite: (-4.2991884876568944e-15+0j)
F_swave: (3.5978110793516145e-15+0j), F_dwave: (-6.831121518769397e-21+0j)
F_px: 8.826770429788514e-20j, F_py: 4.333074489842678e-20j
Free_energy = -16773.421418417907
------------------------------------------
[{'stable': {}, 'free': np.float64(-16773.421418417907)}]
------------------------------------------
====================================
mu=2.87, T=0.0910
====================================
  Seed: normal state
F_onsite: 0j
F_swave: 0j, F_dwave: 0j
F_px: 0j, F_py: 0j
Free_energy = -16774.349247318733
------------------------------------------
[{'stable': {}, 'free': np.float64(-16774.349247318733)}]
------------------------------------------
  Seed: px+i*py
F_onsite: (4.747538226858948e-16-3.0309900957294975e-15j)
F_swave: (-3.9802784958309054e-16+2.5411732329942774e-15j), F_dwave: (-4.751057650660043e-21-1.435489467373643e-20j)
F_px: (4.851430524107164e-20-3.3464275301776742e-21j), F_py: (3.0874236798065525e-20+6.114437862514723e-20j)
Free_energy = -16774.349247318733
------------------------------------------
[{'stable': {}, 'free': np.float64(-16774.349247318733)}]
------------------------------------------
  Seed: s-wave
F_onsite: (-3.2163409744974096e-15+0j)
F_swave: (2.69629904787287e-15+0j), F_dwave: (-1.5115179469839932e-21+0j)
F_px: -2.7649531979112025e-20j, F_py: -3.1694711840610475e-20j
Free_energy = -16774.349247318733
------------------------------------------
[{'stable': {}, 'free': np.float64(-16774.349247318733)}]
------------------------------------------
  Seed: s-wave+px
F_onsite: (-3.2163409744974096e-15+0j)
F_swave: (2.69629904787287e-15+0j), F_dwave: (-1.5115179469839932e-21+0j)
F_px: -2.7649531979112025e-20j, F_py: -3.1694711840610475e-20j
Free_energy = -16774.349247318733
------------------------------------------
[{'stable': {}, 'free': np.float64(-16774.349247318733)}]
------------------------------------------
  Seed: s-wave+py
F_onsite: (-3.2163409744974096e-15+0j)
F_swave: (2.69629904787287e-15+0j), F_dwave: (-1.5115179469839932e-21+0j)
F_px: -2.7649531979112025e-20j, F_py: -3.1694711840610475e-20j
Free_energy = -16774.349247318733
------------------------------------------
[{'stable': {}, 'free': np.float64(-16774.349247318733)}]
------------------------------------------
====================================
mu=2.87, T=0.0940
====================================
  Seed: normal state
F_onsite: 0j
F_swave: 0j, F_dwave: 0j
F_px: 0j, F_py: 0j
Free_energy = -16775.30825340692
------------------------------------------
[{'stable': {}, 'free': np.float64(-16775.30825340692)}]
------------------------------------------
  Seed: px+i*py
F_onsite: (3.476524807755525e-16-2.2196180843335367e-15j)
F_swave: (-2.919254253840461e-16+1.8638127816633393e-15j), F_dwave: (-1.2678451388423912e-21-1.2503583288858393e-20j)
F_px: (-1.8881269708928067e-20-5.784894608324815e-22j), F_py: (7.855602435329673e-20+7.026310215150286e-20j)
Free_energy = -16775.30825340692
------------------------------------------
[{'stable': {}, 'free': np.float64(-16775.30825340692)}]
------------------------------------------
  Seed: s-wave
F_onsite: (-2.3533948552521977e-15+0j)
F_swave: (1.9761388421793608e-15+0j), F_dwave: (-5.531982032933554e-21+0j)
F_px: 3.237929760337156e-20j, F_py: -9.567787796592445e-21j
Free_energy = -16775.30825340692
------------------------------------------
[{'stable': {}, 'free': np.float64(-16775.30825340692)}]
------------------------------------------
  Seed: s-wave+px
F_onsite: (-2.3533948552521977e-15+0j)
F_swave: (1.9761388421793608e-15+0j), F_dwave: (-5.531982032933554e-21+0j)
F_px: 3.237929760337156e-20j, F_py: -9.567787796592445e-21j
Free_energy = -16775.30825340692
------------------------------------------
[{'stable': {}, 'free': np.float64(-16775.30825340692)}]
------------------------------------------
  Seed: s-wave+py
F_onsite: (-2.3533948552521977e-15+0j)
F_swave: (1.9761388421793608e-15+0j), F_dwave: (-5.531982032933554e-21+0j)
F_px: 3.237929760337156e-20j, F_py: -9.567787796592445e-21j
Free_energy = -16775.30825340692
------------------------------------------
[{'stable': {}, 'free': np.float64(-16775.30825340692)}]
------------------------------------------
====================================
mu=2.87, T=0.0970
====================================
  Seed: normal state
F_onsite: 0j
F_swave: 0j, F_dwave: 0j
F_px: 0j, F_py: 0j
Free_energy = -16776.298442230134
------------------------------------------
[{'stable': {}, 'free': np.float64(-16776.298442230134)}]
------------------------------------------
  Seed: px+i*py
F_onsite: (2.491705091659194e-16-1.5910585753802739e-15j)
F_swave: (-2.095153356020414e-16+1.3378331792713557e-15j), F_dwave: (-5.037123783956423e-21-8.372901240956347e-22j)
F_px: (-2.1430846492925654e-21-5.6684154365613845e-21j), F_py: (7.214519262916126e-20+8.449590376734374e-21j)
Free_energy = -16776.298442230134
------------------------------------------
[{'stable': {}, 'free': np.float64(-16776.298442230134)}]
------------------------------------------
  Seed: s-wave
F_onsite: (-1.6860907928624646e-15+0j)
F_swave: (1.417777011572385e-15+0j), F_dwave: (6.582123479942159e-21+0j)
F_px: -1.2549656556276673e-20j, F_py: 3.364663988599957e-20j
Free_energy = -16776.298442230134
------------------------------------------
[{'stable': {}, 'free': np.float64(-16776.298442230134)}]
------------------------------------------
  Seed: s-wave+px
F_onsite: (-1.6860907928624646e-15+0j)
F_swave: (1.417777011572385e-15+0j), F_dwave: (6.582123479942159e-21+0j)
F_px: -1.2549656556276673e-20j, F_py: 3.364663988599957e-20j
Free_energy = -16776.298442230134
------------------------------------------
[{'stable': {}, 'free': np.float64(-16776.298442230134)}]
------------------------------------------
  Seed: s-wave+py
F_onsite: (-1.6860907928624646e-15+0j)
F_swave: (1.417777011572385e-15+0j), F_dwave: (6.582123479942159e-21+0j)
F_px: -1.2549656556276673e-20j, F_py: 3.364663988599957e-20j
Free_energy = -16776.298442230134
------------------------------------------
[{'stable': {}, 'free': np.float64(-16776.298442230134)}]
------------------------------------------
====================================
mu=2.87, T=0.1000
====================================
  Seed: normal state
F_onsite: 0j
F_swave: 0j, F_dwave: 0j
F_px: 0j, F_py: 0j
Free_energy = -16777.319818969987
------------------------------------------
[{'stable': {}, 'free': np.float64(-16777.319818969987)}]
------------------------------------------
  Seed: px+i*py
F_onsite: (1.7506344816665669e-16-1.1173614143814853e-15j)
F_swave: (-1.4723957409700057e-16+9.398012110582342e-16j), F_dwave: (1.4650059067821646e-21-2.6190728009178953e-21j)
F_px: (-2.3547682675411092e-20+1.742654378069379e-20j), F_py: (-1.1035474232626536e-19-4.0971590248250645e-20j)
Free_energy = -16777.319818969983
------------------------------------------
[{'stable': {}, 'free': np.float64(-16777.319818969987)}]
------------------------------------------
  Seed: s-wave
F_onsite: (-1.1823819001493495e-15+0j)
F_swave: (9.949756696164592e-16+0j), F_dwave: (4.664905227284499e-21+0j)
F_px: 9.764557354939781e-20j, F_py: 2.832438191228693e-20j
Free_energy = -16777.319818969987
------------------------------------------
[{'stable': {}, 'free': np.float64(-16777.319818969987)}]
------------------------------------------
  Seed: s-wave+px
F_onsite: (-1.1823819001493495e-15+0j)
F_swave: (9.949756696164592e-16+0j), F_dwave: (4.664905227284499e-21+0j)
F_px: 9.764557354939781e-20j, F_py: 2.832438191228693e-20j
Free_energy = -16777.319818969987
------------------------------------------
[{'stable': {}, 'free': np.float64(-16777.319818969987)}]
------------------------------------------
  Seed: s-wave+py
F_onsite: (-1.1823819001493495e-15+0j)
F_swave: (9.949756696164592e-16+0j), F_dwave: (4.664905227284499e-21+0j)
F_px: 9.764557354939781e-20j, F_py: 2.832438191228693e-20j
Free_energy = -16777.319818969987
------------------------------------------
[{'stable': {}, 'free': np.float64(-16777.319818969987)}]
------------------------------------------
