/home/emilssp/D1/venv/bin/python
Python 3.10.12
Running job 9 out of 10
====================================
mu=0.60, T=0.0010
====================================
  Seed: normal state
F_onsite: 0j
F_swave: 0j, F_dwave: 0j
F_px: 0j, F_py: 0j
Free_energy = -9609.714410427428
------------------------------------------
[{'stable': {}, 'free': np.float64(-9609.714410427428)}]
------------------------------------------
  Seed: d-wave
F_onsite: (-9.601567890731654e-18+0j)
F_swave: (-2.0816681711721685e-16+0j), F_dwave: (0.08054430846551258+0j)
F_px: -3.6024751720096313e-17j, F_py: 8.014554196102467e-18j
Free_energy = -9876.185626179347
------------------------------------------
[{'stable': {'F_dwave': np.complex128(0.08054430846551258+0j)}, 'free': np.float64(-9876.185626179347)}]
------------------------------------------
  Seed: d-wave+px
F_onsite: (-2.1976690509034523e-07+1.2856859989105584e-18j)
F_swave: (5.591086567335868e-08-6.218611496275654e-19j), F_dwave: (0.0805425710741103+1.2110834893630746e-17j)
F_px: (0.0007093526403068109-9.158563594521824e-18j), F_py: (-1.8041124150158794e-16+1.1858262738213192e-17j)
Free_energy = -9876.181552518952
------------------------------------------
[{'stable': {'F_dwave': np.complex128(0.08054430846551258+0j)}, 'free': np.float64(-9876.185626179347)}]
------------------------------------------
  Seed: d-wave+py
F_onsite: (2.197669050807498e-07+1.1436317907749893e-18j)
F_swave: (-5.5910865531111353e-08-3.905161858074084e-18j), F_dwave: (0.08054257107411064+2.5351723573717546e-16j)
F_px: (5.620504062164855e-16-9.88636672828273e-18j), F_py: (0.0007093526403054787+1.4077740522925675e-17j)
Free_energy = -9876.181552518978
------------------------------------------
[{'stable': {'F_dwave': np.complex128(0.08054430846551258+0j)}, 'free': np.float64(-9876.185626179347)}]
------------------------------------------
====================================
mu=0.60, T=0.0071
====================================
  Seed: normal state
F_onsite: 0j
F_swave: 0j, F_dwave: 0j
F_px: 0j, F_py: 0j
Free_energy = -9609.886013920093
------------------------------------------
[{'stable': {}, 'free': np.float64(-9609.886013920093)}]
------------------------------------------
  Seed: d-wave
F_onsite: (1.6392424649143005e-16+0j)
F_swave: (-1.0408340855860843e-16+0j), F_dwave: (0.08054376133641611+0j)
F_px: -3.4667093670020805e-17j, F_py: 1.073593942716046e-17j
Free_energy = -9876.188682306338
------------------------------------------
[{'stable': {'F_dwave': np.complex128(0.08054376133641611+0j)}, 'free': np.float64(-9876.188682306338)}]
------------------------------------------
  Seed: d-wave+px
F_onsite: (-3.6702561306709445e-14+1.76950677131707e-18j)
F_swave: (9.457712391025552e-15+5.654036056779039e-18j), F_dwave: (0.08054307926102067+3.57487587731202e-18j)
F_px: (2.864996190496405e-07-2.7317714970081893e-17j), F_py: (1.3877787807814457e-17+8.932064618519835e-18j)
Free_energy = -9876.18200017442
------------------------------------------
[{'stable': {'F_dwave': np.complex128(0.08054376133641611+0j)}, 'free': np.float64(-9876.188682306338)}]
------------------------------------------
  Seed: d-wave+py
F_onsite: (3.8913844602581516e-14-1.3558959232540455e-18j)
F_swave: (-9.92608772953929e-15+1.5156550030348134e-18j), F_dwave: (0.08054307926101086+3.2992045130373815e-16j)
F_px: (-1.8041124150158794e-16-1.674575502539432e-17j), F_py: (2.9424476098022234e-07+1.3197950711273153e-17j)
Free_energy = -9876.182000174462
------------------------------------------
[{'stable': {'F_dwave': np.complex128(0.08054376133641611+0j)}, 'free': np.float64(-9876.188682306338)}]
------------------------------------------
====================================
mu=0.60, T=0.0132
====================================
  Seed: normal state
F_onsite: 0j
F_swave: 0j, F_dwave: 0j
F_px: 0j, F_py: 0j
Free_energy = -9610.320127039524
------------------------------------------
[{'stable': {}, 'free': np.float64(-9610.320127039524)}]
------------------------------------------
  Seed: d-wave
F_onsite: (-5.565204250512136e-17+0j)
F_swave: (1.8041124150158794e-16+0j), F_dwave: (0.08053501914195918+0j)
F_px: -1.7948851251348386e-17j, F_py: 1.063139861957752e-17j
Free_energy = -9876.172112563632
------------------------------------------
[{'stable': {'F_dwave': np.complex128(0.08053501914195918+0j)}, 'free': np.float64(-9876.172112563632)}]
------------------------------------------
  Seed: d-wave+px
F_onsite: (-1.419266354432088e-14+6.087919296035168e-19j)
F_swave: (3.757411048965764e-15-4.066575367843385e-18j), F_dwave: (0.08053410461553398+1.3249067676547602e-18j)
F_px: (1.7553394728725413e-07-7.758706891142745e-18j), F_py: (-6.245004513516506e-17+1.0219455744947085e-17j)
Free_energy = -9876.1631571274
------------------------------------------
[{'stable': {'F_dwave': np.complex128(0.08053501914195918+0j)}, 'free': np.float64(-9876.172112563632)}]
------------------------------------------
  Seed: d-wave+py
F_onsite: (1.5922540691435258e-14-1.0276999447682576e-19j)
F_swave: (-4.3680337125096e-15-4.165636170049759e-18j), F_dwave: (0.08053410651223394+3.2379634850116913e-16j)
F_px: (-3.608224830031759e-16-1.0697461880015301e-17j), F_py: (1.8669854224412363e-07+1.0415728512540304e-17j)
Free_energy = -9876.163175700549
------------------------------------------
[{'stable': {'F_dwave': np.complex128(0.08053501914195918+0j)}, 'free': np.float64(-9876.172112563632)}]
------------------------------------------
====================================
mu=0.60, T=0.0193
====================================
  Seed: normal state
F_onsite: 0j
F_swave: 0j, F_dwave: 0j
F_px: 0j, F_py: 0j
Free_energy = -9610.978130156123
------------------------------------------
[{'stable': {}, 'free': np.float64(-9610.978130156123)}]
------------------------------------------
  Seed: d-wave
F_onsite: (9.823279317324536e-18+0j)
F_swave: (-1.457167719820518e-16+0j), F_dwave: (0.08051361000104353+0j)
F_px: -6.641768146336343e-18j, F_py: 8.807006871103112e-18j
Free_energy = -9876.11319065343
------------------------------------------
[{'stable': {'F_dwave': np.complex128(0.08051361000104353+0j)}, 'free': np.float64(-9876.11319065343)}]
------------------------------------------
  Seed: d-wave+px
F_onsite: (-8.457984449509259e-15+5.018118004799365e-19j)
F_swave: (2.366162821232365e-15-6.04638705225244e-21j), F_dwave: (0.08051356167393757+8.297291766998189e-18j)
F_px: (1.3555165308959394e-07-1.1487307866166165e-17j), F_py: (-5.551115123125783e-17+7.973901513496007e-18j)
Free_energy = -9876.112717840137
------------------------------------------
[{'stable': {'F_dwave': np.complex128(0.08051361000104353+0j)}, 'free': np.float64(-9876.11319065343)}]
------------------------------------------
  Seed: d-wave+py
F_onsite: (8.786256458223133e-15+5.977875080906105e-19j)
F_swave: (-2.078198724220215e-15+2.6392563220477662e-19j), F_dwave: (0.08051305207504508+3.267472766657584e-16j)
F_px: (-2.220446049250313e-16-1.184746162400275e-17j), F_py: (1.3691326108261626e-07+1.055630133693207e-17j)
Free_energy = -9876.107732163495
------------------------------------------
[{'stable': {'F_dwave': np.complex128(0.08051361000104353+0j)}, 'free': np.float64(-9876.11319065343)}]
------------------------------------------
====================================
mu=0.60, T=0.0254
====================================
  Seed: normal state
F_onsite: 0j
F_swave: 0j, F_dwave: 0j
F_px: 0j, F_py: 0j
Free_energy = -9611.85305521375
------------------------------------------
[{'stable': {}, 'free': np.float64(-9611.85305521375)}]
------------------------------------------
  Seed: d-wave
F_onsite: (-3.438662989739074e-17+0j)
F_swave: (1.3877787807814457e-17+0j), F_dwave: (0.08047917051068552+0j)
F_px: -6.290225325164293e-18j, F_py: 7.883531014544088e-18j
Free_energy = -9876.010555912851
------------------------------------------
[{'stable': {'F_dwave': np.complex128(0.08047917051068552+0j)}, 'free': np.float64(-9876.010555912851)}]
------------------------------------------
  Seed: d-wave+px
F_onsite: (-4.012248551760182e-15-1.3169314522625063e-18j)
F_swave: (1.3183898417423734e-15+3.606995310493899e-18j), F_dwave: (0.08047916908403807+1.6099108550931708e-17j)
F_px: (9.171502415861177e-08-1.8580591892623537e-18j), F_py: (5.551115123125783e-17+9.459770058822993e-18j)
Free_energy = -9876.0105419752
------------------------------------------
[{'stable': {'F_dwave': np.complex128(0.08047917051068552+0j)}, 'free': np.float64(-9876.010555912851)}]
------------------------------------------
  Seed: d-wave+py
F_onsite: (3.841305894678938e-15+3.0937210302696357e-19j)
F_swave: (-1.0755285551056204e-15+4.973503306643724e-18j), F_dwave: (0.08047915404045289+3.2608273630524557e-16j)
F_px: (-1.734723475976807e-16-7.868908841445808e-18j), F_py: (9.263664112191261e-08+9.267415128046248e-18j)
Free_energy = -9876.010395005678
------------------------------------------
[{'stable': {'F_dwave': np.complex128(0.08047917051068552+0j)}, 'free': np.float64(-9876.010555912851)}]
------------------------------------------
====================================
mu=0.60, T=0.0315
====================================
  Seed: normal state
F_onsite: 0j
F_swave: 0j, F_dwave: 0j
F_px: 0j, F_py: 0j
Free_energy = -9612.947521809134
------------------------------------------
[{'stable': {}, 'free': np.float64(-9612.947521809134)}]
------------------------------------------
  Seed: d-wave
F_onsite: (2.3058428198480003e-16+0j)
F_swave: (-2.0122792321330962e-16+0j), F_dwave: (0.0804284848223275+0j)
F_px: -1.548517862191213e-17j, F_py: 9.408073314416879e-18j
Free_energy = -9875.855122957251
------------------------------------------
[{'stable': {'F_dwave': np.complex128(0.0804284848223275+0j)}, 'free': np.float64(-9875.855122957251)}]
------------------------------------------
  Seed: d-wave+px
F_onsite: (-1.236660527717995e-15+4.976182404445112e-19j)
F_swave: (4.2674197509029455e-16-1.89026210629379e-18j), F_dwave: (0.08042848479866051+1.1035287718689537e-17j)
F_px: (5.367675464523769e-08-1.5236791861462864e-17j), F_py: (1.734723475976807e-16+9.14193925819744e-18j)
Free_energy = -9875.855122726642
------------------------------------------
[{'stable': {'F_dwave': np.complex128(0.0804284848223275+0j)}, 'free': np.float64(-9875.855122957251)}]
------------------------------------------
  Seed: d-wave+py
F_onsite: (1.351685295998655e-15+1.3835124141906625e-18j)
F_swave: (-4.85722573273506e-16-2.834981165763637e-18j), F_dwave: (0.0804284845491723+3.172299191378435e-16j)
F_px: (-9.020562075079397e-17-9.22678280656056e-18j), F_py: (5.421614268641406e-08+1.0078472008362396e-17j)
Free_energy = -9875.855120294507
------------------------------------------
[{'stable': {'F_dwave': np.complex128(0.0804284848223275+0j)}, 'free': np.float64(-9875.855122957251)}]
------------------------------------------
====================================
mu=0.60, T=0.0376
====================================
  Seed: normal state
F_onsite: 0j
F_swave: 0j, F_dwave: 0j
F_px: 0j, F_py: 0j
Free_energy = -9614.265732227748
------------------------------------------
[{'stable': {}, 'free': np.float64(-9614.265732227748)}]
------------------------------------------
  Seed: d-wave
F_onsite: (7.33204757841218e-17+0j)
F_swave: (-4.85722573273506e-17+0j), F_dwave: (0.08035558696473385+0j)
F_px: 1.7113128304653583e-17j, F_py: 4.7326639641938286e-18j
Free_energy = -9875.628093553245
------------------------------------------
[{'stable': {'F_dwave': np.complex128(0.08035558696473385+0j)}, 'free': np.float64(-9875.628093553245)}]
------------------------------------------
  Seed: d-wave+px
F_onsite: (-5.344460416634703e-16-1.1996588330934428e-18j)
F_swave: (1.734723475976807e-16-2.292857384484891e-19j), F_dwave: (0.08035558696433295+8.711008218318117e-18j)
F_px: (2.9234211107453945e-08-1.5272202048863018e-17j), F_py: (5.551115123125783e-17+1.0426574497992072e-17j)
Free_energy = -9875.628093549358
------------------------------------------
[{'stable': {'F_dwave': np.complex128(0.08035558696473385+0j)}, 'free': np.float64(-9875.628093553245)}]
------------------------------------------
  Seed: d-wave+py
F_onsite: (3.8745877151910956e-16+8.347359728820297e-19j)
F_swave: (-8.673617379884035e-17+8.041442623931789e-18j), F_dwave: (0.0803555869601297+3.280257484089566e-16j)
F_px: (-2.0816681711721685e-17-9.27171840661766e-18j), F_py: (2.9527979721055697e-08+1.0817439344799854e-17j)
Free_energy = -9875.62809350859
------------------------------------------
[{'stable': {'F_dwave': np.complex128(0.08035558696473385+0j)}, 'free': np.float64(-9875.628093553245)}]
------------------------------------------
====================================
mu=0.60, T=0.0437
====================================
  Seed: normal state
F_onsite: 0j
F_swave: 0j, F_dwave: 0j
F_px: 0j, F_py: 0j
Free_energy = -9615.811303106511
------------------------------------------
[{'stable': {}, 'free': np.float64(-9615.811303106511)}]
------------------------------------------
  Seed: d-wave
F_onsite: (2.8882750836288e-17+0j)
F_swave: (2.7755575615628914e-17+0j), F_dwave: (0.08025044839922621+0j)
F_px: -2.6795271596827097e-17j, F_py: 8.428274223026537e-18j
Free_energy = -9875.283502716107
------------------------------------------
[{'stable': {'F_dwave': np.complex128(0.08025044839922621+0j)}, 'free': np.float64(-9875.283502716107)}]
------------------------------------------
  Seed: d-wave+px
F_onsite: (-2.4148180917870342e-17+1.02657520813204e-18j)
F_swave: (-1.4224732503009818e-16-1.2097661219044868e-18j), F_dwave: (0.08025044839922167+6.224280992194092e-18j)
F_px: (1.3516012989378545e-08-1.2501672789939713e-17j), F_py: (-6.938893903907228e-18+1.1121587245240705e-17j)
Free_energy = -9875.28350271607
------------------------------------------
[{'stable': {'F_dwave': np.complex128(0.08025044839922621+0j)}, 'free': np.float64(-9875.283502716107)}]
------------------------------------------
  Seed: d-wave+py
F_onsite: (2.1996569398955932e-16+2.675881851416538e-18j)
F_swave: (-2.255140518769849e-16+6.899959964123573e-18j), F_dwave: (0.0802504483991811+3.2225372800308557e-16j)
F_px: (2.0816681711721685e-17-7.877240085924451e-18j), F_py: (1.36518328794355e-08+1.025761744155283e-17j)
Free_energy = -9875.283502715685
------------------------------------------
[{'stable': {'F_dwave': np.complex128(0.08025044839922621+0j)}, 'free': np.float64(-9875.283502716107)}]
------------------------------------------
====================================
mu=0.60, T=0.0498
====================================
  Seed: normal state
F_onsite: 0j
F_swave: 0j, F_dwave: 0j
F_px: 0j, F_py: 0j
Free_energy = -9617.587024268569
------------------------------------------
[{'stable': {}, 'free': np.float64(-9617.587024268569)}]
------------------------------------------
  Seed: d-wave
F_onsite: (6.700583831175191e-17+0j)
F_swave: (1.1796119636642288e-16+0j), F_dwave: (0.08010320013626598+0j)
F_px: -8.065471711993212e-18j, F_py: 7.638746604769969e-18j
Free_energy = -9874.786394715722
------------------------------------------
[{'stable': {'F_dwave': np.complex128(0.08010320013626598+0j)}, 'free': np.float64(-9874.786394715722)}]
------------------------------------------
  Seed: d-wave+px
F_onsite: (7.768835671970366e-17+5.460154792711676e-19j)
F_swave: (-5.898059818321144e-17-1.550793455939723e-18j), F_dwave: (0.08010320013626612+6.5025565443758126e-18j)
F_px: (5.22038996059182e-09-5.100032911769239e-18j), F_py: (-2.0816681711721685e-17+1.1384692351483665e-17j)
Free_energy = -9874.786394715726
------------------------------------------
[{'stable': {'F_dwave': np.complex128(0.08010320013626598+0j)}, 'free': np.float64(-9874.786394715722)}]
------------------------------------------
  Seed: d-wave+py
F_onsite: (1.0366648642207536e-16-1.623601125740363e-18j)
F_swave: (-3.8163916471489756e-17+1.166057262698311e-18j), F_dwave: (0.08010320013626583+3.3700923054143514e-16j)
F_px: (1.8041124150158794e-16-1.1908743249581608e-17j), F_py: (5.272848845050415e-09+9.881689275382908e-18j)
Free_energy = -9874.786394715722
------------------------------------------
[{'stable': {'F_dwave': np.complex128(0.08010320013626598+0j)}, 'free': np.float64(-9874.786394715722)}]
------------------------------------------
====================================
mu=0.60, T=0.0559
====================================
  Seed: normal state
F_onsite: 0j
F_swave: 0j, F_dwave: 0j
F_px: 0j, F_py: 0j
Free_energy = -9619.595117144909
------------------------------------------
[{'stable': {}, 'free': np.float64(-9619.595117144909)}]
------------------------------------------
  Seed: d-wave
F_onsite: (-6.27980824796089e-17+0j)
F_swave: (-2.0816681711721685e-16+0j), F_dwave: (0.07990281939377282+0j)
F_px: -4.315769764346775e-18j, F_py: 8.628926052463977e-18j
Free_energy = -9874.096938828008
------------------------------------------
[{'stable': {'F_dwave': np.complex128(0.07990281939377282+0j)}, 'free': np.float64(-9874.096938828008)}]
------------------------------------------
  Seed: d-wave+px
F_onsite: (-8.937350205834206e-17+1.5452720797018701e-18j)
F_swave: (6.591949208711867e-17+3.09185515059461e-19j), F_dwave: (0.07990281939377271+3.551414140007872e-18j)
F_px: (1.8582980987336128e-09-1.1669077906825251e-17j), F_py: (-6.938893903907228e-18+7.937611035889072e-18j)
Free_energy = -9874.096938828008
------------------------------------------
[{'stable': {'F_dwave': np.complex128(0.07990281939377282+0j)}, 'free': np.float64(-9874.096938828008)}]
------------------------------------------
  Seed: d-wave+py
F_onsite: (-8.724687206656222e-17-2.0865945543020906e-18j)
F_swave: (1.491862189340054e-16-2.4263163994370714e-19j), F_dwave: (0.07990281939377246+3.4228368361088205e-16j)
F_px: (1.8735013540549517e-16-4.719951331587559e-18j), F_py: (1.8769725149136995e-09+9.824363310980795e-18j)
Free_energy = -9874.096938828008
------------------------------------------
[{'stable': {'F_dwave': np.complex128(0.07990281939377282+0j)}, 'free': np.float64(-9874.096938828008)}]
------------------------------------------
====================================
mu=0.60, T=0.0620
====================================
  Seed: normal state
F_onsite: 0j
F_swave: 0j, F_dwave: 0j
F_px: 0j, F_py: 0j
Free_energy = -9621.837522148915
------------------------------------------
[{'stable': {}, 'free': np.float64(-9621.837522148915)}]
------------------------------------------
  Seed: d-wave
F_onsite: (5.608439401320198e-17+0j)
F_swave: (-1.5265566588595902e-16+0j), F_dwave: (0.07963628773427907+0j)
F_px: -1.767474616996048e-17j, F_py: 7.561037949304287e-18j
Free_energy = -9873.159758299333
------------------------------------------
[{'stable': {'F_dwave': np.complex128(0.07963628773427907+0j)}, 'free': np.float64(-9873.159758299333)}]
------------------------------------------
  Seed: d-wave+px
F_onsite: (4.4804459403586464e-17-1.212316671595717e-18j)
F_swave: (-3.122502256758253e-17+3.3860097997474328e-18j), F_dwave: (0.07963628773427905-7.690250385225123e-18j)
F_px: (5.395028104815403e-10-1.6664127850019758e-17j), F_py: (-6.938893903907228e-18+1.1739947853273685e-17j)
Free_energy = -9873.15975829933
------------------------------------------
[{'stable': {'F_dwave': np.complex128(0.07963628773427907+0j)}, 'free': np.float64(-9873.159758299333)}]
------------------------------------------
  Seed: d-wave+py
F_onsite: (1.036210978136508e-16-4.2096233102869515e-19j)
F_swave: (-1.9081958235744878e-16+5.9783802506515264e-18j), F_dwave: (0.07963628773427929+3.3568992647486436e-16j)
F_px: (-8.326672684688674e-17-1.523345478047364e-17j), F_py: (5.44925972401078e-10+9.806596899165153e-18j)
Free_energy = -9873.15975829933
------------------------------------------
[{'stable': {'F_dwave': np.complex128(0.07963628773427907+0j)}, 'free': np.float64(-9873.159758299333)}]
------------------------------------------
====================================
mu=0.60, T=0.0681
====================================
  Seed: normal state
F_onsite: 0j
F_swave: 0j, F_dwave: 0j
F_px: 0j, F_py: 0j
Free_energy = -9624.316096977765
------------------------------------------
[{'stable': {}, 'free': np.float64(-9624.316096977765)}]
------------------------------------------
  Seed: d-wave
F_onsite: (5.1400367350324924e-17+0j)
F_swave: (-1.6653345369377348e-16+0j), F_dwave: (0.07929261603736837+0j)
F_px: -2.239843854573517e-17j, F_py: 8.594899831257994e-18j
Free_energy = -9871.940367414314
------------------------------------------
[{'stable': {'F_dwave': np.complex128(0.07929261603736837+0j)}, 'free': np.float64(-9871.940367414314)}]
------------------------------------------
  Seed: d-wave+px
F_onsite: (1.356584747682394e-17+8.727547661132426e-19j)
F_swave: (-2.7755575615628914e-17-1.973288558247941e-18j), F_dwave: (0.07929261603736876-6.884942702814682e-18j)
F_px: (1.2564894957822759e-10-6.254604266033571e-18j), F_py: (-2.7755575615628914e-17+1.0717374218585531e-17j)
Free_energy = -9871.940367414314
------------------------------------------
[{'stable': {'F_dwave': np.complex128(0.07929261603736837+0j)}, 'free': np.float64(-9871.940367414314)}]
------------------------------------------
  Seed: d-wave+py
F_onsite: (4.586600197674954e-17-7.397855489429889e-19j)
F_swave: (2.5673907444456745e-16+1.2308545780243253e-17j), F_dwave: (0.07929261603736867+3.5476643255639675e-16j)
F_px: (-2.0816681711721685e-17-4.490182324439367e-18j), F_py: (1.2691224460237294e-10+1.2009653460653349e-17j)
Free_energy = -9871.940367414318
------------------------------------------
[{'stable': {'F_dwave': np.complex128(0.07929261603736837+0j)}, 'free': np.float64(-9871.940367414314)}]
------------------------------------------
====================================
mu=0.60, T=0.0742
====================================
  Seed: normal state
F_onsite: 0j
F_swave: 0j, F_dwave: 0j
F_px: 0j, F_py: 0j
Free_energy = -9627.03272047317
------------------------------------------
[{'stable': {}, 'free': np.float64(-9627.03272047317)}]
------------------------------------------
  Seed: d-wave
F_onsite: (7.119470740350005e-17+0j)
F_swave: (1.6653345369377348e-16+0j), F_dwave: (0.07886119916230144+0j)
F_px: 1.0091826811912327e-18j, F_py: 7.251700524350281e-18j
Free_energy = -9870.40818171869
------------------------------------------
[{'stable': {'F_dwave': np.complex128(0.07886119916230144+0j)}, 'free': np.float64(-9870.40818171869)}]
------------------------------------------
  Seed: d-wave+px
F_onsite: (6.671745461662353e-17+4.151921153681294e-19j)
F_swave: (-1.3877787807814457e-16-1.525205805444571e-18j), F_dwave: (0.07886119916230191-1.0651737096743346e-17j)
F_px: (2.6591166768508145e-11-7.359749764514487e-18j), F_py: (-1.3877787807814457e-17+9.0500387255054e-18j)
Free_energy = -9870.40818171869
------------------------------------------
[{'stable': {'F_dwave': np.complex128(0.07886119916230144+0j)}, 'free': np.float64(-9870.40818171869)}]
------------------------------------------
  Seed: d-wave+py
F_onsite: (5.264627383240371e-17+1.4049434043208116e-18j)
F_swave: (-2.5326962749261384e-16+1.918621553344213e-18j), F_dwave: (0.0788611991623024+3.496087045975484e-16j)
F_px: -8.556040046328749e-18j, F_py: (2.6858119894779264e-11+1.0134792867805637e-17j)
Free_energy = -9870.40818171869
------------------------------------------
[{'stable': {'F_dwave': np.complex128(0.07886119916230144+0j)}, 'free': np.float64(-9870.40818171869)}]
------------------------------------------
====================================
mu=0.60, T=0.0803
====================================
  Seed: normal state
F_onsite: 0j
F_swave: 0j, F_dwave: 0j
F_px: 0j, F_py: 0j
Free_energy = -9629.989325065857
------------------------------------------
[{'stable': {}, 'free': np.float64(-9629.989325065857)}]
------------------------------------------
  Seed: d-wave
F_onsite: (4.6567092113183254e-18+0j)
F_swave: (1.3877787807814457e-17+0j), F_dwave: (0.07833045764946231+0j)
F_px: -1.0609204296826482e-17j, F_py: 8.048452470889933e-18j
Free_energy = -9868.524483920362
------------------------------------------
[{'stable': {'F_dwave': np.complex128(0.07833045764946231+0j)}, 'free': np.float64(-9868.524483920362)}]
------------------------------------------
  Seed: d-wave+px
F_onsite: (-9.094453894828143e-18-3.2582105196646403e-19j)
F_swave: (-1.214306433183765e-16-2.062920708033728e-18j), F_dwave: (0.07833045764946252-4.768353365004301e-18j)
F_px: (4.408799714195055e-12-1.1352542389413716e-17j), F_py: (2.0816681711721685e-17+8.863235620680047e-18j)
Free_energy = -9868.524483920362
------------------------------------------
[{'stable': {'F_dwave': np.complex128(0.07833045764946231+0j)}, 'free': np.float64(-9868.524483920362)}]
------------------------------------------
  Seed: d-wave+py
F_onsite: (-1.8585832071021543e-17-1.0260373318273535e-18j)
F_swave: (1.5265566588595902e-16-5.008003385814742e-18j), F_dwave: (0.07833045764946245+3.638275838464667e-16j)
F_px: (-2.7755575615628914e-17-6.958578688020952e-18j), F_py: (4.452799240439731e-12+1.1543054445375098e-17j)
Free_energy = -9868.524483920362
------------------------------------------
[{'stable': {'F_dwave': np.complex128(0.07833045764946231+0j)}, 'free': np.float64(-9868.524483920362)}]
------------------------------------------
====================================
mu=0.60, T=0.0864
====================================
  Seed: normal state
F_onsite: 0j
F_swave: 0j, F_dwave: 0j
F_px: 0j, F_py: 0j
Free_energy = -9633.187883230647
------------------------------------------
[{'stable': {}, 'free': np.float64(-9633.187883230647)}]
------------------------------------------
  Seed: d-wave
F_onsite: (3.087993387212918e-20+0j)
F_swave: (-1.6653345369377348e-16+0j), F_dwave: (0.07769098751099933+0j)
F_px: -8.819829944826722e-18j, F_py: 7.40950826738411e-18j
Free_energy = -9866.272018439118
------------------------------------------
[{'stable': {'F_dwave': np.complex128(0.07769098751099933+0j)}, 'free': np.float64(-9866.272018439118)}]
------------------------------------------
  Seed: d-wave+px
F_onsite: (-7.801510044475933e-17-8.410038507410525e-19j)
F_swave: (1.491862189340054e-16+1.5146463693882543e-18j), F_dwave: (0.07769098751099912-8.366993934519816e-18j)
F_px: (5.636741073899998e-13-7.64000661434824e-18j), F_py: (-3.469446951953614e-17+1.136831021300288e-17j)
Free_energy = -9866.272018439116
------------------------------------------
[{'stable': {'F_dwave': np.complex128(0.07769098751099933+0j)}, 'free': np.float64(-9866.272018439118)}]
------------------------------------------
  Seed: d-wave+py
F_onsite: (-6.227146340510895e-17+1.838124850426417e-18j)
F_swave: (-3.122502256758253e-17-2.192151888180731e-20j), F_dwave: (0.0776909875109992+3.480440992931444e-16j)
F_px: (1.249000902703301e-16-9.392842397231463e-18j), F_py: (5.69343183709492e-13+9.911376787564576e-18j)
Free_energy = -9866.272018439118
------------------------------------------
[{'stable': {'F_dwave': np.complex128(0.07769098751099933+0j)}, 'free': np.float64(-9866.272018439118)}]
------------------------------------------
====================================
mu=0.60, T=0.0925
====================================
  Seed: normal state
F_onsite: 0j
F_swave: 0j, F_dwave: 0j
F_px: 0j, F_py: 0j
Free_energy = -9636.630368795648
------------------------------------------
[{'stable': {}, 'free': np.float64(-9636.630368795648)}]
------------------------------------------
  Seed: d-wave
F_onsite: (7.552698976113017e-17+0j)
F_swave: (-5.551115123125783e-17+0j), F_dwave: (0.07693364415148507+0j)
F_px: 5.196637294091901e-18j, F_py: 9.109718579350567e-18j
Free_energy = -9863.638116680177
------------------------------------------
[{'stable': {'F_dwave': np.complex128(0.07693364415148507+0j)}, 'free': np.float64(-9863.638116680177)}]
------------------------------------------
  Seed: d-wave+px
F_onsite: (5.978085568225147e-17+4.610380602071948e-19j)
F_swave: (1.2836953722228372e-16-2.5141848992166935e-19j), F_dwave: (0.07693364415148492+2.401360325752174e-18j)
F_px: (6.408068520258325e-14-2.1236586310700463e-18j), F_py: (-9.020562075079397e-17+7.74856744464109e-18j)
Free_energy = -9863.638116680177
------------------------------------------
[{'stable': {'F_dwave': np.complex128(0.07693364415148507+0j)}, 'free': np.float64(-9863.638116680177)}]
------------------------------------------
  Seed: d-wave+py
F_onsite: (6.984230067600704e-17+6.542769465403892e-19j)
F_swave: (9.71445146547012e-17+9.145816314540975e-19j), F_dwave: (0.076933644151485+3.2825304895588974e-16j)
F_px: (6.938893903907228e-18-7.892341855559596e-18j), F_py: (6.514233596988106e-14+1.2998281117527898e-17j)
Free_energy = -9863.638116680177
------------------------------------------
[{'stable': {'F_dwave': np.complex128(0.07693364415148507+0j)}, 'free': np.float64(-9863.638116680177)}]
------------------------------------------
====================================
mu=0.60, T=0.0986
====================================
  Seed: normal state
F_onsite: 0j
F_swave: 0j, F_dwave: 0j
F_px: 0j, F_py: 0j
Free_energy = -9640.318708163164
------------------------------------------
[{'stable': {}, 'free': np.float64(-9640.318708163164)}]
------------------------------------------
  Seed: d-wave
F_onsite: (-1.3503969668878473e-16+0j)
F_swave: (-1.3877787807814457e-16+0j), F_dwave: (0.07604769827816722+0j)
F_px: 1.8626304140958818e-18j, F_py: 7.77432481588986e-18j
Free_energy = -9860.600899783352
------------------------------------------
[{'stable': {'F_dwave': np.complex128(0.07604769827816722+0j)}, 'free': np.float64(-9860.600899783352)}]
------------------------------------------
  Seed: d-wave+px
F_onsite: (-1.4645355349947202e-16+6.552673178112223e-19j)
F_swave: (-2.0816681711721685e-17+4.728584692471202e-18j), F_dwave: (0.07604769827816724-2.8147878842431685e-18j)
F_px: (5.342948306008566e-15-6.683928393610058e-18j), F_py: 9.97475171169183e-18j
Free_energy = -9860.600899783352
------------------------------------------
[{'stable': {'F_dwave': np.complex128(0.07604769827816722+0j)}, 'free': np.float64(-9860.600899783352)}]
------------------------------------------
  Seed: d-wave+py
F_onsite: (-1.4372163017072298e-16-1.0354178177490082e-18j)
F_swave: (-9.367506770274758e-17+7.093168033464739e-18j), F_dwave: (0.0760476982781672+3.198125709840877e-16j)
F_px: (-6.938893903907228e-18-1.7595769950473466e-17j), F_py: (5.5441762292218755e-15+7.991889356745845e-18j)
Free_energy = -9860.600899783352
------------------------------------------
[{'stable': {'F_dwave': np.complex128(0.07604769827816722+0j)}, 'free': np.float64(-9860.600899783352)}]
------------------------------------------
====================================
mu=0.60, T=0.1047
====================================
  Seed: normal state
F_onsite: 0j
F_swave: 0j, F_dwave: 0j
F_px: 0j, F_py: 0j
Free_energy = -9644.254731309695
------------------------------------------
[{'stable': {}, 'free': np.float64(-9644.254731309695)}]
------------------------------------------
  Seed: d-wave
F_onsite: (-5.891096942796918e-17+0j)
F_swave: (-9.020562075079397e-17+0j), F_dwave: (0.07502393171049611+0j)
F_px: -8.333032380110227e-18j, F_py: 1.0052022880836275e-17j
Free_energy = -9857.15736306485
------------------------------------------
[{'stable': {'F_dwave': np.complex128(0.07502393171049611+0j)}, 'free': np.float64(-9857.15736306485)}]
------------------------------------------
  Seed: d-wave+px
F_onsite: (-7.293386456756014e-17-8.666886809235495e-19j)
F_swave: (-7.979727989493313e-17+3.724312052029165e-18j), F_dwave: (0.07502393171049608-5.348881540193511e-18j)
F_px: (2.498001805406602e-16-2.5141178645426464e-18j), F_py: (6.938893903907228e-18+9.27003445386947e-18j)
Free_energy = -9857.15736306485
------------------------------------------
[{'stable': {'F_dwave': np.complex128(0.07502393171049611+0j)}, 'free': np.float64(-9857.15736306485)}]
------------------------------------------
  Seed: d-wave+py
F_onsite: (-8.025175277580446e-17-4.787502113015442e-19j)
F_swave: (-6.591949208711867e-17-3.892973765338421e-18j), F_dwave: (0.07502393171049611+3.1495169870834027e-16j)
F_px: (2.0816681711721685e-17+2.2982212431244685e-18j), F_py: (1.8735013540549517e-16+1.1175336634225125e-17j)
Free_energy = -9857.15736306485
------------------------------------------
[{'stable': {'F_dwave': np.complex128(0.07502393171049611+0j)}, 'free': np.float64(-9857.15736306485)}]
------------------------------------------
====================================
mu=0.60, T=0.1108
====================================
  Seed: normal state
F_onsite: 0j
F_swave: 0j, F_dwave: 0j
F_px: 0j, F_py: 0j
Free_energy = -9648.440128355383
------------------------------------------
[{'stable': {}, 'free': np.float64(-9648.440128355383)}]
------------------------------------------
  Seed: d-wave
F_onsite: (4.030942131393233e-18+0j)
F_swave: (2.5673907444456745e-16+0j), F_dwave: (0.07385200423719004+0j)
F_px: -2.782380069905328e-17j, F_py: 8.928294656278936e-18j
Free_energy = -9853.302749394676
------------------------------------------
[{'stable': {'F_dwave': np.complex128(0.07385200423719004+0j)}, 'free': np.float64(-9853.302749394676)}]
------------------------------------------
  Seed: d-wave+px
F_onsite: (1.4336412040133136e-17-1.891984504093556e-19j)
F_swave: (2.706168622523819e-16+9.010323000419378e-19j), F_dwave: (0.07385200423719007+1.2258740163829217e-18j)
F_px: (9.71445146547012e-17-1.7905366840070687e-17j), F_py: (-1.3877787807814457e-17+9.865874335589063e-18j)
Free_energy = -9853.302749394676
------------------------------------------
[{'stable': {'F_dwave': np.complex128(0.07385200423719004+0j)}, 'free': np.float64(-9853.302749394676)}]
------------------------------------------
  Seed: d-wave+py
F_onsite: (7.092208490822657e-19+3.220690866491467e-18j)
F_swave: (3.122502256758253e-16+6.524604144781165e-18j), F_dwave: (0.07385200423719004+3.4492853137417926e-16j)
F_px: (-6.938893903907228e-17-7.569238778331428e-18j), F_py: (1.3877787807814457e-17+8.718396641910303e-18j)
Free_energy = -9853.302749394676
------------------------------------------
[{'stable': {'F_dwave': np.complex128(0.07385200423719004+0j)}, 'free': np.float64(-9853.302749394676)}]
------------------------------------------
====================================
mu=0.60, T=0.1169
====================================
  Seed: normal state
F_onsite: 0j
F_swave: 0j, F_dwave: 0j
F_px: 0j, F_py: 0j
Free_energy = -9652.8764145503
------------------------------------------
[{'stable': {}, 'free': np.float64(-9652.8764145503)}]
------------------------------------------
  Seed: d-wave
F_onsite: (-8.734029357868988e-17+0j)
F_swave: (-1.1796119636642288e-16+0j), F_dwave: (0.07252070299897942+0j)
F_px: -2.016169115138076e-17j, F_py: 8.284164203881819e-18j
Free_energy = -9849.03517222352
------------------------------------------
[{'stable': {'F_dwave': np.complex128(0.07252070299897942+0j)}, 'free': np.float64(-9849.03517222352)}]
------------------------------------------
  Seed: d-wave+px
F_onsite: (-8.773225807503181e-17-2.349313499528014e-19j)
F_swave: (-1.1449174941446927e-16+1.257377190012003e-18j), F_dwave: (0.07252070299897942+6.127065556728032e-18j)
F_px: (6.938893903907228e-18-9.522184333584315e-18j), F_py: (-2.0816681711721685e-17+8.813970077499583e-18j)
Free_energy = -9849.03517222352
------------------------------------------
[{'stable': {'F_dwave': np.complex128(0.07252070299897942+0j)}, 'free': np.float64(-9849.03517222352)}]
------------------------------------------
  Seed: d-wave+py
F_onsite: (-8.841746802469114e-17-3.519681122282344e-19j)
F_swave: (-1.249000902703301e-16+1.004978866600177e-17j), F_dwave: (0.0725207029989794+3.5670856888263423e-16j)
F_px: (-6.938893903907228e-17-1.6738758219632226e-17j), F_py: (1.3877787807814457e-17+9.126703906048731e-18j)
Free_energy = -9849.03517222352
------------------------------------------
[{'stable': {'F_dwave': np.complex128(0.07252070299897942+0j)}, 'free': np.float64(-9849.03517222352)}]
------------------------------------------
====================================
mu=0.60, T=0.1230
====================================
  Seed: normal state
F_onsite: 0j
F_swave: 0j, F_dwave: 0j
F_px: 0j, F_py: 0j
Free_energy = -9657.564904570072
------------------------------------------
[{'stable': {}, 'free': np.float64(-9657.564904570072)}]
------------------------------------------
  Seed: d-wave
F_onsite: (1.5339263748962947e-16+0j)
F_swave: (-2.0816681711721685e-17+0j), F_dwave: (0.07101753210317355+0j)
F_px: 3.714210522388668e-18j, F_py: 9.436474773643715e-18j
Free_energy = -9844.355134665911
------------------------------------------
[{'stable': {'F_dwave': np.complex128(0.07101753210317355+0j)}, 'free': np.float64(-9844.355134665911)}]
------------------------------------------
  Seed: d-wave+px
F_onsite: (1.6718688667302097e-16-6.987416030610285e-19j)
F_swave: (-6.938893903907228e-18-1.6126547786211317e-18j), F_dwave: (0.07101753210317355+1.0147626761673929e-17j)
F_px: (-6.938893903907228e-18+5.098936510401425e-18j), F_py: (1.3877787807814457e-17+1.1719511462263547e-17j)
Free_energy = -9844.355134665911
------------------------------------------
[{'stable': {'F_dwave': np.complex128(0.07101753210317355+0j)}, 'free': np.float64(-9844.355134665911)}]
------------------------------------------
  Seed: d-wave+py
F_onsite: (1.4160904676532494e-16-4.750989011496195e-19j)
F_swave: (-5.204170427930421e-17+7.617378906762086e-18j), F_dwave: (0.07101753210317352+3.4413470268392437e-16j)
F_px: (-4.163336342344337e-17-1.2812789687050493e-17j), F_py: (3.469446951953614e-17+1.0344557559386982e-17j)
Free_energy = -9844.35513466591
------------------------------------------
[{'stable': {'F_dwave': np.complex128(0.07101753210317355+0j)}, 'free': np.float64(-9844.355134665911)}]
------------------------------------------
====================================
mu=0.60, T=0.1291
====================================
  Seed: normal state
F_onsite: 0j
F_swave: 0j, F_dwave: 0j
F_px: 0j, F_py: 0j
Free_energy = -9662.506695810287
------------------------------------------
[{'stable': {}, 'free': np.float64(-9662.506695810287)}]
------------------------------------------
  Seed: d-wave
F_onsite: (3.742107651249358e-17+0j)
F_swave: (-1.3183898417423734e-16+0j), F_dwave: (0.06932748151492528+0j)
F_px: -1.3776108098102523e-17j, F_py: 1.148520281486563e-17j
Free_energy = -9839.260345828925
------------------------------------------
[{'stable': {'F_dwave': np.complex128(0.06932748151492528+0j)}, 'free': np.float64(-9839.260345828925)}]
------------------------------------------
  Seed: d-wave+px
F_onsite: (3.684153837013472e-17+1.3936353771139411e-24j)
F_swave: (-1.3877787807814457e-16+0j), F_dwave: (0.06932748151492531+0j)
F_px: -1.1229662467612755e-17j, F_py: 1.0438133500505567e-17j
Free_energy = -9839.260345828925
------------------------------------------
[{'stable': {'F_dwave': np.complex128(0.06932748151492528+0j)}, 'free': np.float64(-9839.260345828925)}]
------------------------------------------
  Seed: d-wave+py
F_onsite: (3.10891678584472e-17+1.1900456880896494e-18j)
F_swave: (-1.214306433183765e-16+2.4827012150205143e-18j), F_dwave: (0.06932748151492528+3.20673830197107e-16j)
F_px: (6.938893903907228e-18-1.8560975534044384e-17j), F_py: (6.938893903907228e-18+1.2020855377454674e-17j)
Free_energy = -9839.260345828923
------------------------------------------
[{'stable': {'F_dwave': np.complex128(0.06932748151492528+0j)}, 'free': np.float64(-9839.260345828925)}]
------------------------------------------
====================================
mu=0.60, T=0.1352
====================================
  Seed: normal state
F_onsite: 0j
F_swave: 0j, F_dwave: 0j
F_px: 0j, F_py: 0j
Free_energy = -9667.702659712317
------------------------------------------
[{'stable': {}, 'free': np.float64(-9667.702659712317)}]
------------------------------------------
  Seed: d-wave
F_onsite: (1.4685592541699042e-16+0j)
F_swave: (-5.551115123125783e-17+0j), F_dwave: (0.06743512508572748+0j)
F_px: -1.6727333201011644e-17j, F_py: 1.0304865524314134e-17j
Free_energy = -9833.763768540295
------------------------------------------
[{'stable': {'F_dwave': np.complex128(0.06743512508572748+0j)}, 'free': np.float64(-9833.763768540295)}]
------------------------------------------
  Seed: d-wave+px
F_onsite: (1.4685592541699042e-16+0j)
F_swave: (-5.551115123125783e-17+0j), F_dwave: (0.06743512508572748+0j)
F_px: -1.6727333201011644e-17j, F_py: 1.0304865524314134e-17j
Free_energy = -9833.763768540295
------------------------------------------
[{'stable': {'F_dwave': np.complex128(0.06743512508572748+0j)}, 'free': np.float64(-9833.763768540295)}]
------------------------------------------
  Seed: d-wave+py
F_onsite: (1.4451144409810944e-16-2.6737835434764857e-20j)
F_swave: (-5.204170427930421e-17+1.2316853737764245e-18j), F_dwave: (0.06743512508572752+3.1698683991393077e-16j)
F_px: (-2.7755575615628914e-17-9.634106006365827e-18j), F_py: (6.938893903907228e-18+1.02702107925512e-17j)
Free_energy = -9833.763768540297
------------------------------------------
[{'stable': {'F_dwave': np.complex128(0.06743512508572748+0j)}, 'free': np.float64(-9833.763768540295)}]
------------------------------------------
====================================
mu=0.60, T=0.1413
====================================
  Seed: normal state
F_onsite: 0j
F_swave: 0j, F_dwave: 0j
F_px: 0j, F_py: 0j
Free_energy = -9673.15343985606
------------------------------------------
[{'stable': {}, 'free': np.float64(-9673.15343985606)}]
------------------------------------------
  Seed: d-wave
F_onsite: (-4.971268131171011e-17+0j)
F_swave: (1.3877787807814457e-17+0j), F_dwave: (0.065318945780884+0j)
F_px: -2.716795891618043e-17j, F_py: 1.102648961889927e-17j
Free_energy = -9827.861608105679
------------------------------------------
[{'stable': {'F_dwave': np.complex128(0.065318945780884+0j)}, 'free': np.float64(-9827.861608105679)}]
------------------------------------------
  Seed: d-wave+px
F_onsite: (-4.971268131171011e-17+0j)
F_swave: (1.3877787807814457e-17+0j), F_dwave: (0.065318945780884+0j)
F_px: -2.716795891618043e-17j, F_py: 1.102648961889927e-17j
Free_energy = -9827.861608105679
------------------------------------------
[{'stable': {'F_dwave': np.complex128(0.065318945780884+0j)}, 'free': np.float64(-9827.861608105679)}]
------------------------------------------
  Seed: d-wave+py
F_onsite: (-3.355008168568284e-17-1.8212417861152552e-18j)
F_swave: (2.42861286636753e-17-8.783591042323084e-19j), F_dwave: (0.06531894578088401+3.130657595853536e-16j)
F_px: (-4.85722573273506e-17-2.815489871069999e-17j), F_py: (6.938893903907228e-18+9.771731903092193e-18j)
Free_energy = -9827.861608105679
------------------------------------------
[{'stable': {'F_dwave': np.complex128(0.065318945780884+0j)}, 'free': np.float64(-9827.861608105679)}]
------------------------------------------
====================================
mu=0.60, T=0.1474
====================================
  Seed: normal state
F_onsite: 0j
F_swave: 0j, F_dwave: 0j
F_px: 0j, F_py: 0j
Free_energy = -9678.859455492973
------------------------------------------
[{'stable': {}, 'free': np.float64(-9678.859455492973)}]
------------------------------------------
  Seed: d-wave
F_onsite: (1.7867841061485265e-16+0j)
F_swave: (8.326672684688674e-17+0j), F_dwave: (0.06295417065612628+0j)
F_px: -1.3522284605693254e-17j, F_py: 1.083515778013208e-17j
Free_energy = -9821.560438180599
------------------------------------------
[{'stable': {'F_dwave': np.complex128(0.06295417065612628+0j)}, 'free': np.float64(-9821.560438180599)}]
------------------------------------------
  Seed: d-wave+px
F_onsite: (1.7867841061485265e-16+0j)
F_swave: (8.326672684688674e-17+0j), F_dwave: (0.06295417065612628+0j)
F_px: -1.3522284605693254e-17j, F_py: 1.083515778013208e-17j
Free_energy = -9821.560438180599
------------------------------------------
[{'stable': {'F_dwave': np.complex128(0.06295417065612628+0j)}, 'free': np.float64(-9821.560438180599)}]
------------------------------------------
  Seed: d-wave+py
F_onsite: (1.7045161634953506e-16-1.9785718925308413e-18j)
F_swave: (5.898059818321144e-17-1.4076546074121148e-19j), F_dwave: (0.06295417065612627+2.874357478035909e-16j)
F_px: (4.163336342344337e-17-1.3018245408156517e-17j), F_py: (-6.938893903907228e-18+1.1255352296419217e-17j)
Free_energy = -9821.560438180599
------------------------------------------
[{'stable': {'F_dwave': np.complex128(0.06295417065612628+0j)}, 'free': np.float64(-9821.560438180599)}]
------------------------------------------
====================================
mu=0.60, T=0.1536
====================================
  Seed: normal state
F_onsite: 0j
F_swave: 0j, F_dwave: 0j
F_px: 0j, F_py: 0j
Free_energy = -9684.8209092559
------------------------------------------
[{'stable': {}, 'free': np.float64(-9684.8209092559)}]
------------------------------------------
  Seed: d-wave
F_onsite: (3.050161010851305e-17+0j)
F_swave: (-4.5102810375396984e-17+0j), F_dwave: (0.060311155277906384+0j)
F_px: -1.4681433477579126e-17j, F_py: 9.489561570996143e-18j
Free_energy = -9814.875714821781
------------------------------------------
[{'stable': {'F_dwave': np.complex128(0.060311155277906384+0j)}, 'free': np.float64(-9814.875714821781)}]
------------------------------------------
  Seed: d-wave+px
F_onsite: (3.050161010851305e-17+0j)
F_swave: (-4.5102810375396984e-17+0j), F_dwave: (0.060311155277906384+0j)
F_px: -1.4681433477579126e-17j, F_py: 9.489561570996143e-18j
Free_energy = -9814.875714821781
------------------------------------------
[{'stable': {'F_dwave': np.complex128(0.060311155277906384+0j)}, 'free': np.float64(-9814.875714821781)}]
------------------------------------------
  Seed: d-wave+py
F_onsite: (1.2824025881870904e-17+4.883603612575262e-19j)
F_swave: (-3.469446951953614e-17-6.578565550477851e-18j), F_dwave: (0.06031115527790636+3.191151946551838e-16j)
F_px: (2.0816681711721685e-17-1.137374789826485e-17j), F_py: (-2.0816681711721685e-17+1.1603519233687686e-17j)
Free_energy = -9814.875714821783
------------------------------------------
[{'stable': {'F_dwave': np.complex128(0.060311155277906384+0j)}, 'free': np.float64(-9814.875714821781)}]
------------------------------------------
====================================
mu=0.60, T=0.1597
====================================
  Seed: normal state
F_onsite: 0j
F_swave: 0j, F_dwave: 0j
F_px: 0j, F_py: 0j
Free_energy = -9691.037797923585
------------------------------------------
[{'stable': {}, 'free': np.float64(-9691.037797923585)}]
------------------------------------------
  Seed: d-wave
F_onsite: (8.300378267376838e-17+0j)
F_swave: (-6.938893903907228e-17+0j), F_dwave: (0.057347189396714925+0j)
F_px: 1.1731968802288596e-18j, F_py: 9.612561673721553e-18j
Free_energy = -9807.803091226
------------------------------------------
[{'stable': {'F_dwave': np.complex128(0.057347189396714925+0j)}, 'free': np.float64(-9807.803091226)}]
------------------------------------------
  Seed: d-wave+px
F_onsite: (8.300378267376838e-17+0j)
F_swave: (-6.938893903907228e-17+0j), F_dwave: (0.057347189396714925+0j)
F_px: 1.1731968802288596e-18j, F_py: 9.612561673721553e-18j
Free_energy = -9807.803091226
------------------------------------------
[{'stable': {'F_dwave': np.complex128(0.057347189396714925+0j)}, 'free': np.float64(-9807.803091226)}]
------------------------------------------
  Seed: d-wave+py
F_onsite: (6.215680629929256e-17-3.6985335303631386e-19j)
F_swave: (-5.724587470723463e-17+7.551724722787552e-20j), F_dwave: (0.05734718939671498+2.91579088667629e-16j)
F_px: (-3.469446951953614e-17+7.092886396233469e-18j), F_py: (3.469446951953614e-18+1.1165917528589983e-17j)
Free_energy = -9807.803091226
------------------------------------------
[{'stable': {'F_dwave': np.complex128(0.057347189396714925+0j)}, 'free': np.float64(-9807.803091226)}]
------------------------------------------
====================================
mu=0.60, T=0.1658
====================================
  Seed: normal state
F_onsite: 0j
F_swave: 0j, F_dwave: 0j
F_px: 0j, F_py: 0j
Free_energy = -9697.509925280643
------------------------------------------
[{'stable': {}, 'free': np.float64(-9697.509925280643)}]
------------------------------------------
  Seed: d-wave
F_onsite: (2.2299684201131255e-17+0j)
F_swave: (-2.42861286636753e-17+0j), F_dwave: (0.05400892179130565+0j)
F_px: -1.4501003879285384e-17j, F_py: 1.1543700840510302e-17j
Free_energy = -9800.3561513377
------------------------------------------
[{'stable': {'F_dwave': np.complex128(0.05400892179130565+0j)}, 'free': np.float64(-9800.3561513377)}]
------------------------------------------
  Seed: d-wave+px
F_onsite: (2.2299684201131255e-17+0j)
F_swave: (-2.42861286636753e-17+0j), F_dwave: (0.05400892179130565+0j)
F_px: -1.4501003879285384e-17j, F_py: 1.1543700840510302e-17j
Free_energy = -9800.3561513377
------------------------------------------
[{'stable': {'F_dwave': np.complex128(0.05400892179130565+0j)}, 'free': np.float64(-9800.3561513377)}]
------------------------------------------
  Seed: d-wave+py
F_onsite: (2.3620254888015012e-17-1.5075312039234918e-18j)
F_swave: -1.7092014385619428e-18j, F_dwave: (0.054008921791305606+2.2308973873680047e-16j)
F_px: (-6.245004513516506e-17-4.6098093113574876e-18j), F_py: (6.938893903907228e-18+1.2040670125351548e-17j)
Free_energy = -9800.3561513377
------------------------------------------
[{'stable': {'F_dwave': np.complex128(0.05400892179130565+0j)}, 'free': np.float64(-9800.3561513377)}]
------------------------------------------
====================================
mu=0.60, T=0.1719
====================================
  Seed: normal state
F_onsite: 0j
F_swave: 0j, F_dwave: 0j
F_px: 0j, F_py: 0j
Free_energy = -9704.236916279495
------------------------------------------
[{'stable': {}, 'free': np.float64(-9704.236916279495)}]
------------------------------------------
  Seed: d-wave
F_onsite: (-1.1135116962173204e-16+0j)
F_swave: (-2.7755575615628914e-17+0j), F_dwave: (0.050220563843239495+0j)
F_px: -1.6843506582141654e-17j, F_py: 1.2232810946757816e-17j
Free_energy = -9792.544832699396
------------------------------------------
[{'stable': {'F_dwave': np.complex128(0.050220563843239495+0j)}, 'free': np.float64(-9792.544832699396)}]
------------------------------------------
  Seed: d-wave+px
F_onsite: (-1.1135116962173204e-16+0j)
F_swave: (-2.7755575615628914e-17+0j), F_dwave: (0.050220563843239495+0j)
F_px: -1.6843506582141654e-17j, F_py: 1.2232810946757816e-17j
Free_energy = -9792.544832699396
------------------------------------------
[{'stable': {'F_dwave': np.complex128(0.050220563843239495+0j)}, 'free': np.float64(-9792.544832699396)}]
------------------------------------------
  Seed: d-wave+py
F_onsite: (-7.465580313998932e-17-1.0864381057123614e-18j)
F_swave: (-4.163336342344337e-17+2.0341773333817228e-18j), F_dwave: (0.05022056384323957+1.764313318810508e-16j)
F_px: (3.469446951953614e-17-2.2918837988613935e-17j), F_py: 1.217205618512702e-17j
Free_energy = -9792.544832699397
------------------------------------------
[{'stable': {'F_dwave': np.complex128(0.050220563843239495+0j)}, 'free': np.float64(-9792.544832699396)}]
------------------------------------------
====================================
mu=0.60, T=0.1780
====================================
  Seed: normal state
F_onsite: 0j
F_swave: 0j, F_dwave: 0j
F_px: 0j, F_py: 0j
Free_energy = -9711.218231874052
------------------------------------------
[{'stable': {}, 'free': np.float64(-9711.218231874052)}]
------------------------------------------
  Seed: d-wave
F_onsite: (3.844351675342248e-18+0j)
F_swave: (-1.214306433183765e-16+0j), F_dwave: (0.04586826349497072+0j)
F_px: -2.093984559620838e-17j, F_py: 1.1553224170902625e-17j
Free_energy = -9784.374324950526
------------------------------------------
[{'stable': {'F_dwave': np.complex128(0.04586826349497072+0j)}, 'free': np.float64(-9784.374324950526)}]
------------------------------------------
  Seed: d-wave+px
F_onsite: (3.844351675342248e-18+0j)
F_swave: (-1.214306433183765e-16+0j), F_dwave: (0.04586826349497072+0j)
F_px: -2.093984559620838e-17j, F_py: 1.1553224170902625e-17j
Free_energy = -9784.374324950526
------------------------------------------
[{'stable': {'F_dwave': np.complex128(0.04586826349497072+0j)}, 'free': np.float64(-9784.374324950526)}]
------------------------------------------
  Seed: d-wave+py
F_onsite: (2.694281441551391e-17-6.336889109328778e-21j)
F_swave: (-1.249000902703301e-16+4.05665760911891e-18j), F_dwave: (0.04586826349497064+1.7638030982990489e-16j)
F_px: (1.1449174941446927e-16-1.64488618138199e-17j), F_py: (-1.3877787807814457e-17+1.017687297300166e-17j)
Free_energy = -9784.374324950526
------------------------------------------
[{'stable': {'F_dwave': np.complex128(0.04586826349497072+0j)}, 'free': np.float64(-9784.374324950526)}]
------------------------------------------
====================================
mu=0.60, T=0.1841
====================================
  Seed: normal state
F_onsite: 0j
F_swave: 0j, F_dwave: 0j
F_px: 0j, F_py: 0j
Free_energy = -9718.453184028087
------------------------------------------
[{'stable': {}, 'free': np.float64(-9718.453184028087)}]
------------------------------------------
  Seed: d-wave
F_onsite: (-3.5778797423474754e-17+0j)
F_swave: (-1.6653345369377348e-16+0j), F_dwave: (0.04077061702952401+0j)
F_px: -1.7837546067858878e-17j, F_py: 1.0686784739297218e-17j
Free_energy = -9775.854445663213
------------------------------------------
[{'stable': {'F_dwave': np.complex128(0.04077061702952401+0j)}, 'free': np.float64(-9775.854445663213)}]
------------------------------------------
  Seed: d-wave+px
F_onsite: (-3.5778797423474754e-17+0j)
F_swave: (-1.6653345369377348e-16+0j), F_dwave: (0.04077061702952401+0j)
F_px: -1.7837546067858878e-17j, F_py: 1.0686784739297218e-17j
Free_energy = -9775.854445663213
------------------------------------------
[{'stable': {'F_dwave': np.complex128(0.04077061702952401+0j)}, 'free': np.float64(-9775.854445663213)}]
------------------------------------------
  Seed: d-wave+py
F_onsite: (-2.980995476752071e-17-6.834464712039025e-19j)
F_swave: (-1.734723475976807e-16+2.8833072868864216e-18j), F_dwave: (0.04077061702952399+1.3458267164553094e-16j)
F_px: (-3.469446951953614e-17-1.418743480511271e-17j), F_py: 1.0913787914800145e-17j
Free_energy = -9775.854445663213
------------------------------------------
[{'stable': {'F_dwave': np.complex128(0.04077061702952401+0j)}, 'free': np.float64(-9775.854445663213)}]
------------------------------------------
====================================
mu=0.60, T=0.1902
====================================
  Seed: normal state
F_onsite: 0j
F_swave: 0j, F_dwave: 0j
F_px: 0j, F_py: 0j
Free_energy = -9725.940950527578
------------------------------------------
[{'stable': {}, 'free': np.float64(-9725.940950527578)}]
------------------------------------------
  Seed: d-wave
F_onsite: (-2.3584077316744393e-18+0j)
F_swave: (-6.245004513516506e-17+0j), F_dwave: (0.03459909934371328+0j)
F_px: -1.1822074827184916e-17j, F_py: 1.1995486211571451e-17j
Free_energy = -9766.996383879172
------------------------------------------
[{'stable': {'F_dwave': np.complex128(0.03459909934371328+0j)}, 'free': np.float64(-9766.996383879172)}]
------------------------------------------
  Seed: d-wave+px
F_onsite: (-2.3584077316744393e-18+0j)
F_swave: (-6.245004513516506e-17+0j), F_dwave: (0.03459909934371328+0j)
F_px: -1.1822074827184916e-17j, F_py: 1.1995486211571451e-17j
Free_energy = -9766.996383879172
------------------------------------------
[{'stable': {'F_dwave': np.complex128(0.03459909934371328+0j)}, 'free': np.float64(-9766.996383879172)}]
------------------------------------------
  Seed: d-wave+py
F_onsite: (2.29789119806006e-18-3.583806715783305e-19j)
F_swave: (-7.632783294297951e-17-3.425928152746587e-18j), F_dwave: (0.03459909934371331+1.140497615841735e-16j)
F_px: (-3.469446951953614e-18-4.465558111514978e-18j), F_py: (-1.3877787807814457e-17+1.0275780613205851e-17j)
Free_energy = -9766.99638387917
------------------------------------------
[{'stable': {'F_dwave': np.complex128(0.03459909934371328+0j)}, 'free': np.float64(-9766.996383879172)}]
------------------------------------------
====================================
mu=0.60, T=0.1963
====================================
  Seed: normal state
F_onsite: 0j
F_swave: 0j, F_dwave: 0j
F_px: 0j, F_py: 0j
Free_energy = -9733.680589318881
------------------------------------------
[{'stable': {}, 'free': np.float64(-9733.680589318881)}]
------------------------------------------
  Seed: d-wave
F_onsite: (4.981845124227604e-17+0j)
F_swave: (-1.734723475976807e-17+0j), F_dwave: (0.02661731925259214+0j)
F_px: -7.87041673328892e-19j, F_py: 9.712163318459676e-18j
Free_energy = -9757.812926736518
------------------------------------------
[{'stable': {'F_dwave': np.complex128(0.02661731925259214+0j)}, 'free': np.float64(-9757.812926736518)}]
------------------------------------------
  Seed: d-wave+px
F_onsite: (4.981845124227604e-17+0j)
F_swave: (-1.734723475976807e-17+0j), F_dwave: (0.02661731925259214+0j)
F_px: -7.87041673328892e-19j, F_py: 9.712163318459676e-18j
Free_energy = -9757.812926736518
------------------------------------------
[{'stable': {'F_dwave': np.complex128(0.02661731925259214+0j)}, 'free': np.float64(-9757.812926736518)}]
------------------------------------------
  Seed: d-wave+py
F_onsite: (5.360418228196788e-17-1.838475650116812e-20j)
F_swave: (-1.9949319973733282e-17+1.704970202933581e-19j), F_dwave: (0.026617319252592128+1.4150283787017723e-16j)
F_px: (3.2959746043559335e-17-1.432889861308607e-17j), F_py: (-1.734723475976807e-18+9.09420770209428e-18j)
Free_energy = -9757.812926736518
------------------------------------------
[{'stable': {'F_dwave': np.complex128(0.02661731925259214+0j)}, 'free': np.float64(-9757.812926736518)}]
------------------------------------------
====================================
mu=0.60, T=0.2024
====================================
  Seed: normal state
F_onsite: 0j
F_swave: 0j, F_dwave: 0j
F_px: 0j, F_py: 0j
Free_energy = -9741.671052185475
------------------------------------------
[{'stable': {}, 'free': np.float64(-9741.671052185475)}]
------------------------------------------
  Seed: d-wave
F_onsite: (-1.8929247459777788e-17+0j)
F_swave: (-1.1275702593849246e-17+0j), F_dwave: (0.01403655460990515+0j)
F_px: 3.5875369105629095e-18j, F_py: 2.6940962358122404e-18j
Free_energy = -9748.336802025347
------------------------------------------
[{'stable': {'F_dwave': np.complex128(0.01403655460990515+0j)}, 'free': np.float64(-9748.336802025347)}]
------------------------------------------
  Seed: d-wave+px
F_onsite: (-1.8929247459777788e-17+0j)
F_swave: (-1.1275702593849246e-17+0j), F_dwave: (0.01403655460990515+0j)
F_px: 3.5875369105629095e-18j, F_py: 2.6940962358122404e-18j
Free_energy = -9748.336802025347
------------------------------------------
[{'stable': {'F_dwave': np.complex128(0.01403655460990515+0j)}, 'free': np.float64(-9748.336802025347)}]
------------------------------------------
  Seed: d-wave+py
F_onsite: (-1.8161013389900295e-17-7.196296963897095e-20j)
F_swave: (2.6020852139652106e-18+1.1294683389836508e-18j), F_dwave: (0.014036554609905109+1.2050755064850885e-16j)
F_px: (2.949029909160572e-17+3.9081249222470744e-18j), F_py: 2.6824209948776097e-18j
Free_energy = -9748.33680202535
------------------------------------------
[{'stable': {'F_dwave': np.complex128(0.01403655460990515+0j)}, 'free': np.float64(-9748.336802025347)}]
------------------------------------------
====================================
mu=0.60, T=0.2085
====================================
  Seed: normal state
F_onsite: 0j
F_swave: 0j, F_dwave: 0j
F_px: 0j, F_py: 0j
Free_energy = -9749.911197631465
------------------------------------------
[{'stable': {}, 'free': np.float64(-9749.911197631465)}]
------------------------------------------
  Seed: d-wave
F_onsite: (-1.0719458042322813e-19+0j)
F_swave: (9.528762330744178e-20+0j), F_dwave: (1.0391120034081075e-13+0j)
F_px: 1.6089671381030531e-19j, F_py: -3.397692439678683e-20j
Free_energy = -9749.911197631465
------------------------------------------
[{'stable': {}, 'free': np.float64(-9749.911197631465)}]
------------------------------------------
  Seed: d-wave+px
F_onsite: (-1.0719458042322813e-19+0j)
F_swave: (9.528762330744178e-20+0j), F_dwave: (1.0391120034081075e-13+0j)
F_px: 1.6089671381030531e-19j, F_py: -3.397692439678683e-20j
Free_energy = -9749.911197631465
------------------------------------------
[{'stable': {}, 'free': np.float64(-9749.911197631465)}]
------------------------------------------
  Seed: d-wave+py
F_onsite: (-1.745465567115786e-19+2.5116906317535938e-30j)
F_swave: (2.2442359198092908e-20+1.6379251767973534e-30j), F_dwave: (1.0391169351083689e-13-1.581456308974812e-29j)
F_px: (1.262177448353619e-29+1.2781257244337749e-19j), F_py: (-3.155443620884047e-29+1.8209902455952537e-19j)
Free_energy = -9749.911197631465
------------------------------------------
[{'stable': {}, 'free': np.float64(-9749.911197631465)}]
------------------------------------------
====================================
mu=0.60, T=0.2146
====================================
  Seed: normal state
F_onsite: 0j
F_swave: 0j, F_dwave: 0j
F_px: 0j, F_py: 0j
Free_energy = -9758.399802897986
------------------------------------------
[{'stable': {}, 'free': np.float64(-9758.399802897986)}]
------------------------------------------
  Seed: d-wave
F_onsite: (-7.673053545771162e-21+0j)
F_swave: (3.8417659827741146e-20+0j), F_dwave: (4.2193025985010784e-14+0j)
F_px: -4.284320041202937e-20j, F_py: -2.0056779184626616e-19j
Free_energy = -9758.399802897986
------------------------------------------
[{'stable': {}, 'free': np.float64(-9758.399802897986)}]
------------------------------------------
  Seed: d-wave+px
F_onsite: (-7.673053545771162e-21+0j)
F_swave: (3.8417659827741146e-20+0j), F_dwave: (4.2193025985010784e-14+0j)
F_px: -4.284320041202937e-20j, F_py: -2.0056779184626616e-19j
Free_energy = -9758.399802897986
------------------------------------------
[{'stable': {}, 'free': np.float64(-9758.399802897986)}]
------------------------------------------
  Seed: d-wave+py
F_onsite: (4.487472329202977e-20+3.7507987062617906e-30j)
F_swave: (2.0779633095474003e-20-1.9845745111938272e-30j), F_dwave: (4.2193116533544914e-14+5.798975062549967e-31j)
F_px: -2.791393766551008e-19j, F_py: (3.1554436208840472e-30+8.615235146890137e-20j)
Free_energy = -9758.399802897986
------------------------------------------
[{'stable': {}, 'free': np.float64(-9758.399802897986)}]
------------------------------------------
====================================
mu=0.60, T=0.2207
====================================
  Seed: normal state
F_onsite: 0j
F_swave: 0j, F_dwave: 0j
F_px: 0j, F_py: 0j
Free_energy = -9767.135575074191
------------------------------------------
[{'stable': {}, 'free': np.float64(-9767.135575074191)}]
------------------------------------------
  Seed: d-wave
F_onsite: (-2.5990400000080536e-19+0j)
F_swave: (9.90370252366045e-20+0j), F_dwave: (2.6689530413910707e-14+0j)
F_px: 1.4008378668350768e-20j, F_py: -8.836148708603356e-20j
Free_energy = -9767.135575074191
------------------------------------------
[{'stable': {}, 'free': np.float64(-9767.135575074191)}]
------------------------------------------
  Seed: d-wave+px
F_onsite: (-2.5990400000080536e-19+0j)
F_swave: (9.90370252366045e-20+0j), F_dwave: (2.6689530413910707e-14+0j)
F_px: 1.4008378668350768e-20j, F_py: -8.836148708603356e-20j
Free_energy = -9767.135575074191
------------------------------------------
[{'stable': {}, 'free': np.float64(-9767.135575074191)}]
------------------------------------------
  Seed: d-wave+py
F_onsite: (1.7319755884359577e-19+4.1074650764128247e-32j)
F_swave: (-7.414500400116399e-20-2.255805632674312e-31j), F_dwave: (2.6689829377858937e-14+1.6846470335419725e-31j)
F_px: (-1.5777218104420236e-30+8.231499356737393e-20j), F_py: -1.5262641936014643e-19j
Free_energy = -9767.135575074191
------------------------------------------
[{'stable': {}, 'free': np.float64(-9767.135575074191)}]
------------------------------------------
====================================
mu=0.60, T=0.2268
====================================
  Seed: normal state
F_onsite: 0j
F_swave: 0j, F_dwave: 0j
F_px: 0j, F_py: 0j
Free_energy = -9776.117161296024
------------------------------------------
[{'stable': {}, 'free': np.float64(-9776.117161296024)}]
------------------------------------------
  Seed: d-wave
F_onsite: (2.588620136450185e-19+0j)
F_swave: (-1.0936324518683626e-19+0j), F_dwave: (1.9030598964257477e-14+0j)
F_px: 3.9598166469432966e-20j, F_py: 1.33662256149192e-19j
Free_energy = -9776.117161296024
------------------------------------------
[{'stable': {}, 'free': np.float64(-9776.117161296024)}]
------------------------------------------
  Seed: d-wave+px
F_onsite: (2.588620136450185e-19+0j)
F_swave: (-1.0936324518683626e-19+0j), F_dwave: (1.9030598964257477e-14+0j)
F_px: 3.9598166469432966e-20j, F_py: 1.33662256149192e-19j
Free_energy = -9776.117161296024
------------------------------------------
[{'stable': {}, 'free': np.float64(-9776.117161296024)}]
------------------------------------------
  Seed: d-wave+py
F_onsite: (1.0612764337598663e-19-8.662091668400169e-33j)
F_swave: (-1.2575319383061817e-20+1.5648180798146291e-34j), F_dwave: (1.903066522204559e-14+2.527783052008247e-34j)
F_px: 1.4145784426347452e-19j, F_py: -1.0938806600064653e-19j
Free_energy = -9776.117161296024
------------------------------------------
[{'stable': {}, 'free': np.float64(-9776.117161296024)}]
------------------------------------------
====================================
mu=0.60, T=0.2329
====================================
  Seed: normal state
F_onsite: 0j
F_swave: 0j, F_dwave: 0j
F_px: 0j, F_py: 0j
Free_energy = -9785.3431580475
------------------------------------------
[{'stable': {}, 'free': np.float64(-9785.3431580475)}]
------------------------------------------
  Seed: d-wave
F_onsite: (9.705949735011516e-20+0j)
F_swave: (-6.178172628475038e-20+0j), F_dwave: (1.489536476856028e-14+0j)
F_px: 1.732737146792762e-19j, F_py: 4.14643691092662e-20j
Free_energy = -9785.3431580475
------------------------------------------
[{'stable': {}, 'free': np.float64(-9785.3431580475)}]
------------------------------------------
  Seed: d-wave+px
F_onsite: (9.705949735011516e-20+0j)
F_swave: (-6.178172628475038e-20+0j), F_dwave: (1.489536476856028e-14+0j)
F_px: 1.732737146792762e-19j, F_py: 4.14643691092662e-20j
Free_energy = -9785.3431580475
------------------------------------------
[{'stable': {}, 'free': np.float64(-9785.3431580475)}]
------------------------------------------
  Seed: d-wave+py
F_onsite: (1.5592434865492327e-19+0j)
F_swave: (-8.577010847344271e-20+0j), F_dwave: (1.4895485477617167e-14+0j)
F_px: 4.403600827758573e-20j, F_py: -5.743904259367482e-20j
Free_energy = -9785.3431580475
------------------------------------------
[{'stable': {}, 'free': np.float64(-9785.3431580475)}]
------------------------------------------
====================================
mu=0.60, T=0.2390
====================================
  Seed: normal state
F_onsite: 0j
F_swave: 0j, F_dwave: 0j
F_px: 0j, F_py: 0j
Free_energy = -9794.812119592943
------------------------------------------
[{'stable': {}, 'free': np.float64(-9794.812119592943)}]
------------------------------------------
  Seed: d-wave
F_onsite: (8.599862166098428e-20+0j)
F_swave: (-6.837745481554164e-20+0j), F_dwave: (1.1928613456474826e-14+0j)
F_px: -1.711589279295238e-20j, F_py: 1.576616403362308e-19j
Free_energy = -9794.812119592943
------------------------------------------
[{'stable': {}, 'free': np.float64(-9794.812119592943)}]
------------------------------------------
  Seed: d-wave+px
F_onsite: (8.599862166098428e-20+0j)
F_swave: (-6.837745481554164e-20+0j), F_dwave: (1.1928613456474826e-14+0j)
F_px: -1.711589279295238e-20j, F_py: 1.576616403362308e-19j
Free_energy = -9794.812119592943
------------------------------------------
[{'stable': {}, 'free': np.float64(-9794.812119592943)}]
------------------------------------------
  Seed: d-wave+py
F_onsite: (2.918334382934684e-19+0j)
F_swave: (-1.6550775069899092e-19+0j), F_dwave: (1.2845518226902881e-14+0j)
F_px: 1.4752277404278502e-19j, F_py: -1.5536242500696661e-19j
Free_energy = -9794.812119592943
------------------------------------------
[{'stable': {}, 'free': np.float64(-9794.812119592943)}]
------------------------------------------
====================================
mu=0.60, T=0.2451
====================================
  Seed: normal state
F_onsite: 0j
F_swave: 0j, F_dwave: 0j
F_px: 0j, F_py: 0j
Free_energy = -9804.522565581648
------------------------------------------
[{'stable': {}, 'free': np.float64(-9804.522565581648)}]
------------------------------------------
  Seed: d-wave
F_onsite: (8.607765388405527e-20+0j)
F_swave: (-5.872728112351835e-20+0j), F_dwave: (1.0030083738025926e-14+0j)
F_px: 5.485109552964404e-20j, F_py: 1.9970262762321276e-19j
Free_energy = -9804.522565581648
------------------------------------------
[{'stable': {}, 'free': np.float64(-9804.522565581648)}]
------------------------------------------
  Seed: d-wave+px
F_onsite: (8.607765388405527e-20+0j)
F_swave: (-5.872728112351835e-20+0j), F_dwave: (1.0030083738025926e-14+0j)
F_px: 5.485109552964404e-20j, F_py: 1.9970262762321276e-19j
Free_energy = -9804.522565581648
------------------------------------------
[{'stable': {}, 'free': np.float64(-9804.522565581648)}]
------------------------------------------
  Seed: d-wave+py
F_onsite: (-1.2943912777580246e-19+0j)
F_swave: (6.221164650716962e-20+0j), F_dwave: (1.0800914764980257e-14+0j)
F_px: -1.1329627797535074e-19j, F_py: -1.604418076368111e-19j
Free_energy = -9804.522565581648
------------------------------------------
[{'stable': {}, 'free': np.float64(-9804.522565581648)}]
------------------------------------------
====================================
mu=0.60, T=0.2512
====================================
  Seed: normal state
F_onsite: 0j
F_swave: 0j, F_dwave: 0j
F_px: 0j, F_py: 0j
Free_energy = -9814.47298787242
------------------------------------------
[{'stable': {}, 'free': np.float64(-9814.47298787242)}]
------------------------------------------
  Seed: d-wave
F_onsite: (-1.9539169971975635e-19+0j)
F_swave: (8.16476670814226e-20+0j), F_dwave: (9.0830243128872e-15+0j)
F_px: 1.2710931662728659e-19j, F_py: 2.2001438837042804e-19j
Free_energy = -9814.47298787242
------------------------------------------
[{'stable': {}, 'free': np.float64(-9814.47298787242)}]
------------------------------------------
  Seed: d-wave+px
F_onsite: (-1.9539169971975635e-19+0j)
F_swave: (8.16476670814226e-20+0j), F_dwave: (9.0830243128872e-15+0j)
F_px: 1.2710931662728659e-19j, F_py: 2.2001438837042804e-19j
Free_energy = -9814.47298787242
------------------------------------------
[{'stable': {}, 'free': np.float64(-9814.47298787242)}]
------------------------------------------
  Seed: d-wave+py
F_onsite: (1.9342374022223505e-20+0j)
F_swave: (-7.494903576418804e-20+0j), F_dwave: (8.857489505799972e-15+0j)
F_px: -1.0770864109869022e-19j, F_py: -1.5748035733609262e-20j
Free_energy = -9814.47298787242
------------------------------------------
[{'stable': {}, 'free': np.float64(-9814.47298787242)}]
------------------------------------------
====================================
mu=0.60, T=0.2573
====================================
  Seed: normal state
F_onsite: 0j
F_swave: 0j, F_dwave: 0j
F_px: 0j, F_py: 0j
Free_energy = -9824.661856628381
------------------------------------------
[{'stable': {}, 'free': np.float64(-9824.661856628381)}]
------------------------------------------
  Seed: d-wave
F_onsite: (8.943140521943983e-20+0j)
F_swave: (-4.145473996662709e-20+0j), F_dwave: (8.124267560530772e-15+0j)
F_px: 5.2266814533213827e-20j, F_py: 1.5714606832461036e-19j
Free_energy = -9824.661856628381
------------------------------------------
[{'stable': {}, 'free': np.float64(-9824.661856628381)}]
------------------------------------------
  Seed: d-wave+px
F_onsite: (8.943140521943983e-20+0j)
F_swave: (-4.145473996662709e-20+0j), F_dwave: (8.124267560530772e-15+0j)
F_px: 5.2266814533213827e-20j, F_py: 1.5714606832461036e-19j
Free_energy = -9824.661856628381
------------------------------------------
[{'stable': {}, 'free': np.float64(-9824.661856628381)}]
------------------------------------------
  Seed: d-wave+py
F_onsite: (2.099322858365861e-19+0j)
F_swave: (-1.5994418389933002e-19+0j), F_dwave: (7.922510855819373e-15+0j)
F_px: -7.422326875995749e-20j, F_py: 5.246735185278669e-20j
Free_energy = -9824.66185662838
------------------------------------------
[{'stable': {}, 'free': np.float64(-9824.661856628381)}]
------------------------------------------
====================================
mu=0.60, T=0.2634
====================================
  Seed: normal state
F_onsite: 0j
F_swave: 0j, F_dwave: 0j
F_px: 0j, F_py: 0j
Free_energy = -9835.087625736178
------------------------------------------
[{'stable': {}, 'free': np.float64(-9835.087625736178)}]
------------------------------------------
  Seed: d-wave
F_onsite: (-1.6253003915542847e-19+0j)
F_swave: (7.529299221711087e-20+0j), F_dwave: (7.178401617590337e-15+0j)
F_px: -5.753801350858413e-20j, F_py: 1.395363857725871e-19j
Free_energy = -9835.08762573618
------------------------------------------
[{'stable': {}, 'free': np.float64(-9835.087625736178)}]
------------------------------------------
  Seed: d-wave+px
F_onsite: (-1.6253003915542847e-19+0j)
F_swave: (7.529299221711087e-20+0j), F_dwave: (7.178401617590337e-15+0j)
F_px: -5.753801350858413e-20j, F_py: 1.395363857725871e-19j
Free_energy = -9835.08762573618
------------------------------------------
[{'stable': {}, 'free': np.float64(-9835.087625736178)}]
------------------------------------------
  Seed: d-wave+py
F_onsite: (-1.3601733149911958e-19+0j)
F_swave: (4.638132836399432e-20+0j), F_dwave: (7.0001040551454876e-15+0j)
F_px: 1.6011766473652524e-19j, F_py: 1.4544069112425656e-19j
Free_energy = -9835.087625736178
------------------------------------------
[{'stable': {}, 'free': np.float64(-9835.087625736178)}]
------------------------------------------
====================================
mu=0.60, T=0.2695
====================================
  Seed: normal state
F_onsite: 0j
F_swave: 0j, F_dwave: 0j
F_px: 0j, F_py: 0j
Free_energy = -9845.748737600345
------------------------------------------
[{'stable': {}, 'free': np.float64(-9845.748737600345)}]
------------------------------------------
  Seed: d-wave
F_onsite: (-1.596828480033237e-19+0j)
F_swave: (1.685723506611576e-19+0j), F_dwave: (6.266398150471069e-15+0j)
F_px: 4.985908908921682e-21j, F_py: 3.2828915507499265e-20j
Free_energy = -9845.748737600343
------------------------------------------
[{'stable': {}, 'free': np.float64(-9845.748737600345)}]
------------------------------------------
  Seed: d-wave+px
F_onsite: (-1.596828480033237e-19+0j)
F_swave: (1.685723506611576e-19+0j), F_dwave: (6.266398150471069e-15+0j)
F_px: 4.985908908921682e-21j, F_py: 3.2828915507499265e-20j
Free_energy = -9845.748737600343
------------------------------------------
[{'stable': {}, 'free': np.float64(-9845.748737600345)}]
------------------------------------------
  Seed: d-wave+py
F_onsite: (1.952212813002003e-19+0j)
F_swave: (-6.414625300525235e-20+0j), F_dwave: (6.110598571402086e-15+0j)
F_px: 1.9439711611844012e-19j, F_py: 7.35951991495474e-20j
Free_energy = -9845.748737600345
------------------------------------------
[{'stable': {}, 'free': np.float64(-9845.748737600345)}]
------------------------------------------
====================================
mu=0.60, T=0.2756
====================================
  Seed: normal state
F_onsite: 0j
F_swave: 0j, F_dwave: 0j
F_px: 0j, F_py: 0j
Free_energy = -9856.643627368088
------------------------------------------
[{'stable': {}, 'free': np.float64(-9856.643627368088)}]
------------------------------------------
  Seed: d-wave
F_onsite: (2.7998955634569643e-20+0j)
F_swave: (-1.0234234206700369e-20+0j), F_dwave: (5.405106165423388e-15+0j)
F_px: 1.6461752810595023e-20j, F_py: -4.329117101186002e-20j
Free_energy = -9856.643627368088
------------------------------------------
[{'stable': {}, 'free': np.float64(-9856.643627368088)}]
------------------------------------------
  Seed: d-wave+px
F_onsite: (2.7998955634569643e-20+0j)
F_swave: (-1.0234234206700369e-20+0j), F_dwave: (5.405106165423388e-15+0j)
F_px: 1.6461752810595023e-20j, F_py: -4.329117101186002e-20j
Free_energy = -9856.643627368088
------------------------------------------
[{'stable': {}, 'free': np.float64(-9856.643627368088)}]
------------------------------------------
  Seed: d-wave+py
F_onsite: (-6.68176440481419e-20+0j)
F_swave: (-3.0970959618866205e-20+0j), F_dwave: (5.270716155981373e-15+0j)
F_px: 5.22209948924521e-20j, F_py: -1.1175254977147913e-20j
Free_energy = -9856.643627368088
------------------------------------------
[{'stable': {}, 'free': np.float64(-9856.643627368088)}]
------------------------------------------
====================================
mu=0.60, T=0.2817
====================================
  Seed: normal state
F_onsite: 0j
F_swave: 0j, F_dwave: 0j
F_px: 0j, F_py: 0j
Free_energy = -9867.770726631388
------------------------------------------
[{'stable': {}, 'free': np.float64(-9867.770726631388)}]
------------------------------------------
  Seed: d-wave
F_onsite: (-1.2587511566922114e-19+0j)
F_swave: (7.907612018008157e-20+0j), F_dwave: (4.607074534103732e-15+0j)
F_px: 3.015172471784741e-20j, F_py: -1.2581456479398077e-19j
Free_energy = -9867.770726631388
------------------------------------------
[{'stable': {}, 'free': np.float64(-9867.770726631388)}]
------------------------------------------
  Seed: d-wave+px
F_onsite: (-1.2587511566922114e-19+0j)
F_swave: (7.907612018008157e-20+0j), F_dwave: (4.607074534103732e-15+0j)
F_px: 3.015172471784741e-20j, F_py: -1.2581456479398077e-19j
Free_energy = -9867.770726631388
------------------------------------------
[{'stable': {}, 'free': np.float64(-9867.770726631388)}]
------------------------------------------
  Seed: d-wave+py
F_onsite: (1.1092394048687726e-19+0j)
F_swave: (-9.519376054787809e-20+0j), F_dwave: (4.49267967076151e-15+0j)
F_px: 2.0628961908141593e-20j, F_py: -9.001803525275883e-20j
Free_energy = -9867.770726631388
------------------------------------------
[{'stable': {}, 'free': np.float64(-9867.770726631388)}]
------------------------------------------
====================================
mu=0.60, T=0.2878
====================================
  Seed: normal state
F_onsite: 0j
F_swave: 0j, F_dwave: 0j
F_px: 0j, F_py: 0j
Free_energy = -9879.128466656257
------------------------------------------
[{'stable': {}, 'free': np.float64(-9879.128466656257)}]
------------------------------------------
  Seed: d-wave
F_onsite: (-7.322105170570233e-22+0j)
F_swave: (1.1082489845759273e-21+0j), F_dwave: (3.881158818258731e-15+0j)
F_px: -4.6276949826770285e-20j, F_py: -2.309005377625186e-19j
Free_energy = -9879.128466656257
------------------------------------------
[{'stable': {}, 'free': np.float64(-9879.128466656257)}]
------------------------------------------
  Seed: d-wave+px
F_onsite: (-7.322105170570233e-22+0j)
F_swave: (1.1082489845759273e-21+0j), F_dwave: (3.881158818258731e-15+0j)
F_px: -4.6276949826770285e-20j, F_py: -2.309005377625186e-19j
Free_energy = -9879.128466656257
------------------------------------------
[{'stable': {}, 'free': np.float64(-9879.128466656257)}]
------------------------------------------
  Seed: d-wave+py
F_onsite: (3.6643043988306645e-20+0j)
F_swave: (-6.637848226108241e-20+0j), F_dwave: (3.784565347006324e-15+0j)
F_px: 1.6347912643372291e-19j, F_py: -1.1040639147399084e-19j
Free_energy = -9879.128466656257
------------------------------------------
[{'stable': {}, 'free': np.float64(-9879.128466656257)}]
------------------------------------------
====================================
mu=0.60, T=0.2939
====================================
  Seed: normal state
F_onsite: 0j
F_swave: 0j, F_dwave: 0j
F_px: 0j, F_py: 0j
Free_energy = -9890.715281182758
------------------------------------------
[{'stable': {}, 'free': np.float64(-9890.715281182758)}]
------------------------------------------
  Seed: d-wave
F_onsite: (-8.346682196030701e-20+0j)
F_swave: (3.1951116611870665e-20+0j), F_dwave: (3.2315858252538725e-15+0j)
F_px: 5.9795552739713996e-21j, F_py: -1.4622101401759495e-19j
Free_energy = -9890.715281182756
------------------------------------------
[{'stable': {}, 'free': np.float64(-9890.715281182758)}]
------------------------------------------
  Seed: d-wave+px
F_onsite: (-8.346682196030701e-20+0j)
F_swave: (3.1951116611870665e-20+0j), F_dwave: (3.2315858252538725e-15+0j)
F_px: 5.9795552739713996e-21j, F_py: -1.4622101401759495e-19j
Free_energy = -9890.715281182756
------------------------------------------
[{'stable': {}, 'free': np.float64(-9890.715281182758)}]
------------------------------------------
  Seed: d-wave+py
F_onsite: (-9.36552707915914e-20+0j)
F_swave: (1.129288543560239e-20+0j), F_dwave: (3.151292093762255e-15+0j)
F_px: 7.309444949685368e-20j, F_py: -1.7650502852388342e-19j
Free_energy = -9890.715281182756
------------------------------------------
[{'stable': {}, 'free': np.float64(-9890.715281182758)}]
------------------------------------------
====================================
mu=0.60, T=0.3000
====================================
  Seed: normal state
F_onsite: 0j
F_swave: 0j, F_dwave: 0j
F_px: 0j, F_py: 0j
Free_energy = -9902.529608838227
------------------------------------------
[{'stable': {}, 'free': np.float64(-9902.529608838227)}]
------------------------------------------
  Seed: d-wave
F_onsite: (-3.4832642514616085e-19+0j)
F_swave: (1.6547267724914442e-19+0j), F_dwave: (2.659994769706242e-15+0j)
F_px: 1.1059805167689843e-19j, F_py: -1.6968449672952738e-19j
Free_energy = -9902.529608838227
------------------------------------------
[{'stable': {}, 'free': np.float64(-9902.529608838227)}]
------------------------------------------
  Seed: d-wave+px
F_onsite: (-3.4832642514616085e-19+0j)
F_swave: (1.6547267724914442e-19+0j), F_dwave: (2.659994769706242e-15+0j)
F_px: 1.1059805167689843e-19j, F_py: -1.6968449672952738e-19j
Free_energy = -9902.529608838227
------------------------------------------
[{'stable': {}, 'free': np.float64(-9902.529608838227)}]
------------------------------------------
  Seed: d-wave+py
F_onsite: (3.287782940874306e-20+0j)
F_swave: (-1.337803286504715e-20+0j), F_dwave: (2.5937944017905374e-15+0j)
F_px: 1.0717993145497074e-19j, F_py: -1.919497613478515e-19j
Free_energy = -9902.529608838227
------------------------------------------
[{'stable': {}, 'free': np.float64(-9902.529608838227)}]
------------------------------------------
