/home/emilssp/D1/venv/bin/python
Python 3.10.12
Running job 19 out of 25
====================================
mu=3.65, T=0.0010
====================================
  Seed: normal state
F_onsite: 0j
F_swave: 0j, F_dwave: 0j
F_px: 0j, F_py: 0j
Free_energy = -20575.733691215104
------------------------------------------
[{'stable': {}, 'free': np.float64(-20575.733691215104)}]
------------------------------------------
  Seed: px+i*py
F_onsite: (-0.018246060201513266+0.01855289985203453j)
F_swave: (0.017354125533746784-0.017645965731305654j), F_dwave: (2.3418766925686896e-17+4.336808689942018e-18j)
F_px: (2.0816681711721685e-17-2.0816681711721685e-17j), F_py: (-5.204170427930421e-18+5.204170427930421e-18j)
Free_energy = -20600.718990021083
------------------------------------------
[{'stable': {'F_onsite': np.complex128(-0.018246060201513266+0.01855289985203453j), 'F_swave': np.complex128(0.017354125533746784-0.017645965731305654j)}, 'free': np.float64(-20600.718990021083)}]
------------------------------------------
  Seed: s-wave
F_onsite: (-0.02602375122277714+0j)
F_swave: (0.024751673304787954+0j), F_dwave: (-2.0816681711721685e-17+0j)
F_px: -1.2447149159901943e-18j, F_py: -5.971582278142817e-19j
Free_energy = -20600.724552142347
------------------------------------------
[{'stable': {'F_onsite': np.complex128(-0.018246060201513266+0.01855289985203453j), 'F_swave': np.complex128(0.017354125533746784-0.017645965731305654j)}, 'free': np.float64(-20600.718990021083)}, {'stable': {'F_onsite': np.complex128(-0.02602375122277714+0j), 'F_swave': np.complex128(0.024751673304787954+0j)}, 'free': np.float64(-20600.724552142347)}]
------------------------------------------
  Seed: s-wave+px
F_onsite: (-0.02602371351178271-5.735555927488992e-18j)
F_swave: (0.024751636353988343+5.259651085975578e-18j), F_dwave: (2.194425197110661e-16-1.0587911840678754e-20j)
F_px: (4.40330705925307e-11-9.84252284709497e-19j), F_py: (1.734723475976807e-18-4.760325163569168e-19j)
Free_energy = -20600.724449938738
------------------------------------------
[{'stable': {'F_onsite': np.complex128(-0.018246060201513266+0.01855289985203453j), 'F_swave': np.complex128(0.017354125533746784-0.017645965731305654j)}, 'free': np.float64(-20600.718990021083)}, {'stable': {'F_onsite': np.complex128(-0.02602375122277714+0j), 'F_swave': np.complex128(0.024751673304787954+0j)}, 'free': np.float64(-20600.724552142347)}]
------------------------------------------
  Seed: s-wave+py
F_onsite: (-0.026023713511782644+2.4996085741461534e-18j)
F_swave: (0.024751636353988315-1.5313296895173682e-18j), F_dwave: (-2.5326962749261384e-16+9.263364069409842e-19j)
F_px: (-5.204170427930421e-18-2.6914471899005393e-19j), F_py: (4.403308273559503e-11-4.0657581468206416e-19j)
Free_energy = -20600.724449938738
------------------------------------------
[{'stable': {'F_onsite': np.complex128(-0.018246060201513266+0.01855289985203453j), 'F_swave': np.complex128(0.017354125533746784-0.017645965731305654j)}, 'free': np.float64(-20600.718990021083)}, {'stable': {'F_onsite': np.complex128(-0.02602375122277714+0j), 'F_swave': np.complex128(0.024751673304787954+0j)}, 'free': np.float64(-20600.724552142347)}]
------------------------------------------
====================================
mu=3.65, T=0.0040
====================================
  Seed: normal state
F_onsite: 0j
F_swave: 0j, F_dwave: 0j
F_px: 0j, F_py: 0j
Free_energy = -20575.76045692041
------------------------------------------
[{'stable': {}, 'free': np.float64(-20575.76045692041)}]
------------------------------------------
  Seed: px+i*py
F_onsite: (-0.018246496247581293+0.018553343230985946j)
F_swave: (0.01735455278742837-0.017646400170010762j), F_dwave: (1.474514954580286e-17+1.214306433183765e-17j)
F_px: (-2.0816681711721685e-17+3.8163916471489756e-17j), F_py: (5.204170427930421e-18+6.938893903907228e-18j)
Free_energy = -20600.720675162713
------------------------------------------
[{'stable': {'F_onsite': np.complex128(-0.018246496247581293+0.018553343230985946j), 'F_swave': np.complex128(0.01735455278742837-0.017646400170010762j)}, 'free': np.float64(-20600.720675162713)}]
------------------------------------------
  Seed: s-wave
F_onsite: (-0.026023069390396784+0j)
F_swave: (0.024751005217778493+0j), F_dwave: (-3.469446951953614e-17+0j)
F_px: -8.288217388883329e-19j, F_py: -5.840292171318401e-19j
Free_energy = -20600.722704300293
------------------------------------------
[{'stable': {'F_onsite': np.complex128(-0.018246496247581293+0.018553343230985946j), 'F_swave': np.complex128(0.01735455278742837-0.017646400170010762j)}, 'free': np.float64(-20600.720675162713)}, {'stable': {'F_onsite': np.complex128(-0.026023069390396784+0j), 'F_swave': np.complex128(0.024751005217778493+0j)}, 'free': np.float64(-20600.722704300293)}]
------------------------------------------
  Seed: s-wave+px
F_onsite: (-0.02602305563337329-6.406592199804763e-18j)
F_swave: (0.02475099173810429+6.079578978917741e-18j), F_dwave: (-5.2909066017292616e-17+2.642742795433417e-19j)
F_px: (5.311683384801036e-12+3.265312011665328e-19j), F_py: (-1.734723475976807e-18-3.748120791600279e-19j)
Free_energy = -20600.722667018254
------------------------------------------
[{'stable': {'F_onsite': np.complex128(-0.018246496247581293+0.018553343230985946j), 'F_swave': np.complex128(0.01735455278742837-0.017646400170010762j)}, 'free': np.float64(-20600.720675162713)}, {'stable': {'F_onsite': np.complex128(-0.026023069390396784+0j), 'F_swave': np.complex128(0.024751005217778493+0j)}, 'free': np.float64(-20600.722704300293)}]
------------------------------------------
  Seed: s-wave+py
F_onsite: (-0.02602305563337329+1.6405682978531893e-18j)
F_swave: (0.024750991738104293-1.3349239248727773e-18j), F_dwave: (1.3877787807814457e-17+1.1498472258977127e-19j)
F_px: (-1.734723475976807e-18-1.871307538721563e-18j), F_py: (5.311702466759272e-12-4.559154838596272e-19j)
Free_energy = -20600.722667018254
------------------------------------------
[{'stable': {'F_onsite': np.complex128(-0.018246496247581293+0.018553343230985946j), 'F_swave': np.complex128(0.01735455278742837-0.017646400170010762j)}, 'free': np.float64(-20600.720675162713)}, {'stable': {'F_onsite': np.complex128(-0.026023069390396784+0j), 'F_swave': np.complex128(0.024751005217778493+0j)}, 'free': np.float64(-20600.722704300293)}]
------------------------------------------
====================================
mu=3.65, T=0.0070
====================================
  Seed: normal state
F_onsite: 0j
F_swave: 0j, F_dwave: 0j
F_px: 0j, F_py: 0j
Free_energy = -20575.83974544469
------------------------------------------
[{'stable': {}, 'free': np.float64(-20575.83974544469)}]
------------------------------------------
  Seed: px+i*py
F_onsite: (-0.018246655298024293+0.01855350495614226j)
F_swave: (0.017354708632303092-0.017646558635691614j), F_dwave: (-1.734723475976807e-18-2.5153490401663703e-17j)
F_px: (-3.469446951953614e-17-3.122502256758253e-17j), F_py: (-3.469446951953614e-18+1.734723475976807e-18j)
Free_energy = -20600.721289924968
------------------------------------------
[{'stable': {'F_onsite': np.complex128(-0.018246655298024293+0.01855350495614226j), 'F_swave': np.complex128(0.017354708632303092-0.017646558635691614j)}, 'free': np.float64(-20600.721289924968)}]
------------------------------------------
  Seed: s-wave
F_onsite: (-0.026022820612002902+0j)
F_swave: (0.024750761456834084+0j), F_dwave: (4.683753385137379e-17+0j)
F_px: -2.194238849862265e-18j, F_py: -4.845028458294598e-19j
Free_energy = -20600.722030183824
------------------------------------------
[{'stable': {'F_onsite': np.complex128(-0.018246655298024293+0.01855350495614226j), 'F_swave': np.complex128(0.017354708632303092-0.017646558635691614j)}, 'free': np.float64(-20600.721289924968)}, {'stable': {'F_onsite': np.complex128(-0.026022820612002902+0j), 'F_swave': np.complex128(0.024750761456834084+0j)}, 'free': np.float64(-20600.722030183824)}]
------------------------------------------
  Seed: s-wave+px
F_onsite: (-0.02602281559330105-6.466033927663934e-18j)
F_swave: (0.024750756539316018+6.85546115860268e-18j), F_dwave: (-2.949029909160572e-17+6.856731708023561e-19j)
F_px: (6.407374630867935e-13-3.692640133555122e-18j), F_py: -4.2351647362715017e-19j
Free_energy = -20600.722016583197
------------------------------------------
[{'stable': {'F_onsite': np.complex128(-0.018246655298024293+0.01855350495614226j), 'F_swave': np.complex128(0.017354708632303092-0.017646558635691614j)}, 'free': np.float64(-20600.721289924968)}, {'stable': {'F_onsite': np.complex128(-0.026022820612002902+0j), 'F_swave': np.complex128(0.024750761456834084+0j)}, 'free': np.float64(-20600.722030183824)}]
------------------------------------------
  Seed: s-wave+py
F_onsite: (-0.026022815593301055+1.3782692686239072e-18j)
F_swave: (0.024750756539315993-1.4508615595282097e-18j), F_dwave: (3.382710778154774e-17-3.5670674991246723e-19j)
F_px: (-1.734723475976807e-18-6.949905332221534e-19j), F_py: (6.407669533858851e-13-2.865088944087671e-19j)
Free_energy = -20600.722016583197
------------------------------------------
[{'stable': {'F_onsite': np.complex128(-0.018246655298024293+0.01855350495614226j), 'F_swave': np.complex128(0.017354708632303092-0.017646558635691614j)}, 'free': np.float64(-20600.721289924968)}, {'stable': {'F_onsite': np.complex128(-0.026022820612002902+0j), 'F_swave': np.complex128(0.024750761456834084+0j)}, 'free': np.float64(-20600.722030183824)}]
------------------------------------------
====================================
mu=3.65, T=0.0100
====================================
  Seed: normal state
F_onsite: 0j
F_swave: 0j, F_dwave: 0j
F_px: 0j, F_py: 0j
Free_energy = -20575.947966091786
------------------------------------------
[{'stable': {}, 'free': np.float64(-20575.947966091786)}]
------------------------------------------
  Seed: px+i*py
F_onsite: (-0.018246702069803267+0.018553552514471057j)
F_swave: (0.01735475495546307-0.01764660573785729j), F_dwave: (2.7755575615628914e-17+3.0357660829594124e-17j)
F_px: (-3.8163916471489756e-17+1.734723475976807e-18j), F_py: (-3.469446951953614e-18+8.673617379884035e-18j)
Free_energy = -20600.7214997327
------------------------------------------
[{'stable': {'F_onsite': np.complex128(-0.018246702069803267+0.018553552514471057j), 'F_swave': np.complex128(0.01735475495546307-0.01764660573785729j)}, 'free': np.float64(-20600.7214997327)}]
------------------------------------------
  Seed: s-wave
F_onsite: (-0.026022713808318464+0j)
F_swave: (0.024750657511502388+0j), F_dwave: (2.7755575615628914e-17+0j)
F_px: 1.1604351377383915e-19j, F_py: 1.0079692072326174e-19j
Free_energy = -20600.721769792322
------------------------------------------
[{'stable': {'F_onsite': np.complex128(-0.018246702069803267+0.018553552514471057j), 'F_swave': np.complex128(0.01735475495546307-0.01764660573785729j)}, 'free': np.float64(-20600.7214997327)}, {'stable': {'F_onsite': np.complex128(-0.026022713808318464+0j), 'F_swave': np.complex128(0.024750657511502388+0j)}, 'free': np.float64(-20600.721769792322)}]
------------------------------------------
  Seed: s-wave+px
F_onsite: (-0.02602271197739783-8.693149259336754e-18j)
F_swave: (0.02475065571749701+7.236414226630301e-18j), F_dwave: (-4.336808689942018e-18-6.725441601199145e-19j)
F_px: (7.724723638524722e-14-3.705769144237564e-20j), F_py: (1.734723475976807e-18-3.4198955245392376e-19j)
Free_energy = -20600.721764830676
------------------------------------------
[{'stable': {'F_onsite': np.complex128(-0.018246702069803267+0.018553552514471057j), 'F_swave': np.complex128(0.01735475495546307-0.01764660573785729j)}, 'free': np.float64(-20600.7214997327)}, {'stable': {'F_onsite': np.complex128(-0.026022713808318464+0j), 'F_swave': np.complex128(0.024750657511502388+0j)}, 'free': np.float64(-20600.721769792322)}]
------------------------------------------
  Seed: s-wave+py
F_onsite: (-0.026022711977397767+1.9107608243370927e-18j)
F_swave: (0.024750655717497003-1.0742495353552664e-18j), F_dwave: (-2.688821387764051e-17+4.374925172568461e-19j)
F_px: (-1.734723475976807e-18+8.78584924539523e-19j), F_py: (7.731489060081032e-14-5.825469094741451e-19j)
Free_energy = -20600.721764830676
------------------------------------------
[{'stable': {'F_onsite': np.complex128(-0.018246702069803267+0.018553552514471057j), 'F_swave': np.complex128(0.01735475495546307-0.01764660573785729j)}, 'free': np.float64(-20600.7214997327)}, {'stable': {'F_onsite': np.complex128(-0.026022713808318464+0j), 'F_swave': np.complex128(0.024750657511502388+0j)}, 'free': np.float64(-20600.721769792322)}]
------------------------------------------
====================================
mu=3.65, T=0.0130
====================================
  Seed: normal state
F_onsite: 0j
F_swave: 0j, F_dwave: 0j
F_px: 0j, F_py: 0j
Free_energy = -20576.077049435386
------------------------------------------
[{'stable': {}, 'free': np.float64(-20576.077049435386)}]
------------------------------------------
  Seed: px+i*py
F_onsite: (-0.018246442538410696+0.018553288618601102j)
F_swave: (0.01735451284316274-0.017646359554012045j), F_dwave: (3.0357660829594124e-17-8.673617379884035e-19j)
F_px: (5.204170427930421e-18-1.9081958235744878e-17j), F_py: (5.204170427930421e-18+1.5612511283791264e-17j)
Free_energy = -20600.72122076734
------------------------------------------
[{'stable': {'F_onsite': np.complex128(-0.018246442538410696+0.018553288618601102j), 'F_swave': np.complex128(0.01735451284316274-0.017646359554012045j)}, 'free': np.float64(-20600.72122076734)}]
------------------------------------------
  Seed: s-wave
F_onsite: (-0.026022280388880662+0j)
F_swave: (0.024750250209987+0j), F_dwave: (-5.204170427930421e-18+0j)
F_px: 5.717472393966527e-20j, F_py: -5.116079001415974e-19j
Free_energy = -20600.721319304503
------------------------------------------
[{'stable': {'F_onsite': np.complex128(-0.018246442538410696+0.018553288618601102j), 'F_swave': np.complex128(0.01735451284316274-0.017646359554012045j)}, 'free': np.float64(-20600.72122076734)}, {'stable': {'F_onsite': np.complex128(-0.026022280388880662+0j), 'F_swave': np.complex128(0.024750250209987+0j)}, 'free': np.float64(-20600.721319304503)}]
------------------------------------------
  Seed: s-wave+px
F_onsite: (-0.0260222797207092-7.745972321078796e-18j)
F_swave: (0.02475024955529523+8.145068820797352e-18j), F_dwave: (-6.071532165918825e-18+6.95202291458967e-19j)
F_px: (9.235667786100521e-15+2.1779334656276197e-18j), F_py: (1.734723475976807e-18-6.498860287808619e-19j)
Free_energy = -20600.72131749397
------------------------------------------
[{'stable': {'F_onsite': np.complex128(-0.018246442538410696+0.018553288618601102j), 'F_swave': np.complex128(0.01735451284316274-0.017646359554012045j)}, 'free': np.float64(-20600.72122076734)}, {'stable': {'F_onsite': np.complex128(-0.026022280388880662+0j), 'F_swave': np.complex128(0.024750250209987+0j)}, 'free': np.float64(-20600.721319304503)}]
------------------------------------------
  Seed: s-wave+py
F_onsite: (-0.026022279720709217+9.716159181712062e-19j)
F_swave: (0.024750249555295263-8.328451453877908e-19j), F_dwave: (8.673617379884035e-19-4.658681209898652e-21j)
F_px: (-1.734723475976807e-18-2.915910920922929e-19j), F_py: (9.327608130327292e-15-2.056172479459814e-19j)
Free_energy = -20600.72131749397
------------------------------------------
[{'stable': {'F_onsite': np.complex128(-0.018246442538410696+0.018553288618601102j), 'F_swave': np.complex128(0.01735451284316274-0.017646359554012045j)}, 'free': np.float64(-20600.72122076734)}, {'stable': {'F_onsite': np.complex128(-0.026022280388880662+0j), 'F_swave': np.complex128(0.024750250209987+0j)}, 'free': np.float64(-20600.721319304503)}]
------------------------------------------
====================================
mu=3.65, T=0.0160
====================================
  Seed: normal state
F_onsite: 0j
F_swave: 0j, F_dwave: 0j
F_px: 0j, F_py: 0j
Free_energy = -20576.226716949506
------------------------------------------
[{'stable': {}, 'free': np.float64(-20576.226716949506)}]
------------------------------------------
  Seed: px+i*py
F_onsite: (-0.01824396200312564+0.018550766368744157j)
F_swave: (0.017352168182913907-0.017643975464170007j), F_dwave: (2.6020852139652106e-18+1.9949319973733282e-17j)
F_px: (-3.8163916471489756e-17-5.204170427930421e-18j), F_py: (1.734723475976807e-18-1.214306433183765e-17j)
Free_energy = -20600.716802820265
------------------------------------------
[{'stable': {'F_onsite': np.complex128(-0.01824396200312564+0.018550766368744157j), 'F_swave': np.complex128(0.017352168182913907-0.017643975464170007j)}, 'free': np.float64(-20600.716802820265)}]
------------------------------------------
  Seed: s-wave
F_onsite: (-0.026018714433556057+0j)
F_swave: (0.024746878604414595+0j), F_dwave: (1.734723475976807e-17+0j)
F_px: -4.2796339660023525e-18j, F_py: -3.654947167402306e-19j
Free_energy = -20600.716824577754
------------------------------------------
[{'stable': {'F_onsite': np.complex128(-0.01824396200312564+0.018550766368744157j), 'F_swave': np.complex128(0.017352168182913907-0.017643975464170007j)}, 'free': np.float64(-20600.716802820265)}, {'stable': {'F_onsite': np.complex128(-0.026018714433556057+0j), 'F_swave': np.complex128(0.024746878604414595+0j)}, 'free': np.float64(-20600.716824577754)}]
------------------------------------------
  Seed: s-wave+px
F_onsite: (-0.026018714285857898-8.004711117537278e-18j)
F_swave: (0.02474687845970599+7.365480871968175e-18j), F_dwave: (2.0816681711721685e-17-1.1339653581366946e-19j)
F_px: (3.608224830031759e-16-6.299807545203859e-19j), F_py: (3.469446951953614e-18-3.544832884259247e-19j)
Free_energy = -20600.71682417781
------------------------------------------
[{'stable': {'F_onsite': np.complex128(-0.01824396200312564+0.018550766368744157j), 'F_swave': np.complex128(0.017352168182913907-0.017643975464170007j)}, 'free': np.float64(-20600.716802820265)}, {'stable': {'F_onsite': np.complex128(-0.026018714433556057+0j), 'F_swave': np.complex128(0.024746878604414595+0j)}, 'free': np.float64(-20600.716824577754)}]
------------------------------------------
  Seed: s-wave+py
F_onsite: (-0.026018714285857905-3.1553058589342024e-19j)
F_swave: (0.024746878459706016+8.336921783350451e-19j), F_dwave: (1.9949319973733282e-17+7.871053662360586e-19j)
F_px: -1.2400562347802957e-18j, F_py: (3.903127820947816e-16-6.479802046495398e-19j)
Free_energy = -20600.716824177813
------------------------------------------
[{'stable': {'F_onsite': np.complex128(-0.01824396200312564+0.018550766368744157j), 'F_swave': np.complex128(0.017352168182913907-0.017643975464170007j)}, 'free': np.float64(-20600.716802820265)}, {'stable': {'F_onsite': np.complex128(-0.026018714433556057+0j), 'F_swave': np.complex128(0.024746878604414595+0j)}, 'free': np.float64(-20600.716824577754)}]
------------------------------------------
====================================
mu=3.65, T=0.0190
====================================
  Seed: normal state
F_onsite: 0j
F_swave: 0j, F_dwave: 0j
F_px: 0j, F_py: 0j
Free_energy = -20576.398589585584
------------------------------------------
[{'stable': {}, 'free': np.float64(-20576.398589585584)}]
------------------------------------------
  Seed: px+i*py
F_onsite: (-0.018233333286239356+0.01853995891125694j)
F_swave: (0.017342063263025745-0.01763370061224974j), F_dwave: (-1.9949319973733282e-17+1.474514954580286e-17j)
F_px: (4.163336342344337e-17-5.204170427930421e-18j), F_py: (-5.204170427930421e-18-5.204170427930421e-18j)
Free_energy = -20600.69463454052
------------------------------------------
[{'stable': {'F_onsite': np.complex128(-0.018233333286239356+0.01853995891125694j), 'F_swave': np.complex128(0.017342063263025745-0.01763370061224974j)}, 'free': np.float64(-20600.69463454052)}]
------------------------------------------
  Seed: s-wave
F_onsite: (-0.026003548861631035+0j)
F_swave: (0.02473246019713165+0j), F_dwave: (-2.2551405187698492e-17+0j)
F_px: -1.5534584252643868e-18j, F_py: -7.792703114739563e-20j
Free_energy = -20600.694636316046
------------------------------------------
[{'stable': {'F_onsite': np.complex128(-0.018233333286239356+0.01853995891125694j), 'F_swave': np.complex128(0.017342063263025745-0.01763370061224974j)}, 'free': np.float64(-20600.69463454052)}, {'stable': {'F_onsite': np.complex128(-0.026003548861631035+0j), 'F_swave': np.complex128(0.02473246019713165+0j)}, 'free': np.float64(-20600.694636316046)}]
------------------------------------------
  Seed: s-wave+px
F_onsite: (-0.026003548849534472-1.3114691441483511e-17j)
F_swave: (0.02473246018528268+1.1744323571917688e-17j), F_dwave: (1.1275702593849246e-17-2.5813329067574803e-19j)
F_px: (1.734723475976807e-18+2.7147405959500326e-18j), F_py: (-5.204170427930421e-18-8.203514094157899e-19j)
Free_energy = -20600.694636283613
------------------------------------------
[{'stable': {'F_onsite': np.complex128(-0.018233333286239356+0.01853995891125694j), 'F_swave': np.complex128(0.017342063263025745-0.01763370061224974j)}, 'free': np.float64(-20600.69463454052)}, {'stable': {'F_onsite': np.complex128(-0.026003548861631035+0j), 'F_swave': np.complex128(0.02473246019713165+0j)}, 'free': np.float64(-20600.694636316046)}]
------------------------------------------
  Seed: s-wave+py
F_onsite: (-0.026003548849534475+1.1462279405425224e-18j)
F_swave: (0.024732460185282676-6.395098751769968e-19j), F_dwave: (1.214306433183765e-17+5.573476792933296e-19j)
F_px: 1.085896238380013e-18j, F_py: -5.776764700274328e-19j
Free_energy = -20600.694636283613
------------------------------------------
[{'stable': {'F_onsite': np.complex128(-0.018233333286239356+0.01853995891125694j), 'F_swave': np.complex128(0.017342063263025745-0.01763370061224974j)}, 'free': np.float64(-20600.69463454052)}, {'stable': {'F_onsite': np.complex128(-0.026003548861631035+0j), 'F_swave': np.complex128(0.02473246019713165+0j)}, 'free': np.float64(-20600.694636316046)}]
------------------------------------------
====================================
mu=3.65, T=0.0220
====================================
  Seed: normal state
F_onsite: 0j
F_swave: 0j, F_dwave: 0j
F_px: 0j, F_py: 0j
Free_energy = -20576.594384094635
------------------------------------------
[{'stable': {}, 'free': np.float64(-20576.594384094635)}]
------------------------------------------
  Seed: px+i*py
F_onsite: (-0.0182066961369913+0.018512873811411517j)
F_swave: (0.01731671966321006-0.017607930815149758j), F_dwave: (-1.0408340855860843e-17+1.0408340855860843e-17j)
F_px: (5.204170427930421e-18+3.8163916471489756e-17j), F_py: (6.938893903907228e-18+1.0408340855860843e-17j)
Free_energy = -20600.638672496312
------------------------------------------
[{'stable': {'F_onsite': np.complex128(-0.0182066961369913+0.018512873811411517j), 'F_swave': np.complex128(0.01731671966321006-0.017607930815149758j)}, 'free': np.float64(-20600.638672496312)}]
------------------------------------------
  Seed: s-wave
F_onsite: (-0.025965559536662332+0j)
F_swave: (0.0246963156863881+0j), F_dwave: (-2.2551405187698492e-17+0j)
F_px: -9.084428359302371e-19j, F_py: -8.555032767268433e-20j
Free_energy = -20600.638672551515
------------------------------------------
[{'stable': {'F_onsite': np.complex128(-0.0182066961369913+0.018512873811411517j), 'F_swave': np.complex128(0.01731671966321006-0.017607930815149758j)}, 'free': np.float64(-20600.638672496312)}, {'stable': {'F_onsite': np.complex128(-0.025965559536662332+0j), 'F_swave': np.complex128(0.0246963156863881+0j)}, 'free': np.float64(-20600.638672551515)}]
------------------------------------------
  Seed: s-wave+px
F_onsite: (-0.025965559536283853-9.885197816105614e-18j)
F_swave: (0.024696315686017455+8.8524472108731e-18j), F_dwave: (-2.0816681711721685e-17-7.520593780434119e-19j)
F_px: (-1.734723475976807e-18+1.249373597200093e-20j), F_py: -7.123547086408666e-19j
Free_energy = -20600.63867255034
------------------------------------------
[{'stable': {'F_onsite': np.complex128(-0.0182066961369913+0.018512873811411517j), 'F_swave': np.complex128(0.01731671966321006-0.017607930815149758j)}, 'free': np.float64(-20600.638672496312)}, {'stable': {'F_onsite': np.complex128(-0.025965559536662332+0j), 'F_swave': np.complex128(0.0246963156863881+0j)}, 'free': np.float64(-20600.638672551515)}]
------------------------------------------
  Seed: s-wave+py
F_onsite: (-0.025965559536283857+0j)
F_swave: (0.02469631568601745+0j), F_dwave: (-2.6020852139652106e-17+0j)
F_px: 2.625802136488331e-20j, F_py: -2.7232109254225756e-19j
Free_energy = -20600.63867255034
------------------------------------------
[{'stable': {'F_onsite': np.complex128(-0.0182066961369913+0.018512873811411517j), 'F_swave': np.complex128(0.01731671966321006-0.017607930815149758j)}, 'free': np.float64(-20600.638672496312)}, {'stable': {'F_onsite': np.complex128(-0.025965559536662332+0j), 'F_swave': np.complex128(0.0246963156863881+0j)}, 'free': np.float64(-20600.638672551515)}]
------------------------------------------
====================================
mu=3.65, T=0.0250
====================================
  Seed: normal state
F_onsite: 0j
F_swave: 0j, F_dwave: 0j
F_px: 0j, F_py: 0j
Free_energy = -20576.815445832864
------------------------------------------
[{'stable': {}, 'free': np.float64(-20576.815445832864)}]
------------------------------------------
  Seed: px+i*py
F_onsite: (-0.018155807225543264+0.01846112911325471j)
F_swave: (0.017268312225231744-0.017558709320811352j), F_dwave: (2.168404344971009e-17+4.336808689942018e-18j)
F_px: (-1.214306433183765e-17-8.153200337090993e-17j), F_py: (-8.673617379884035e-18-1.734723475976807e-18j)
Free_energy = -20600.53403648603
------------------------------------------
[{'stable': {'F_onsite': np.complex128(-0.018155807225543264+0.01846112911325471j), 'F_swave': np.complex128(0.017268312225231744-0.017558709320811352j)}, 'free': np.float64(-20600.53403648603)}]
------------------------------------------
  Seed: s-wave
F_onsite: (-0.025892984072316765+0j)
F_swave: (0.024627279186731493+0j), F_dwave: (-2.7755575615628914e-17+0j)
F_px: -1.9786689647860456e-18j, F_py: -2.8756768559283497e-19j
Free_energy = -20600.53403648712
------------------------------------------
[{'stable': {'F_onsite': np.complex128(-0.018155807225543264+0.01846112911325471j), 'F_swave': np.complex128(0.017268312225231744-0.017558709320811352j)}, 'free': np.float64(-20600.53403648603)}, {'stable': {'F_onsite': np.complex128(-0.025892984072316765+0j), 'F_swave': np.complex128(0.024627279186731493+0j)}, 'free': np.float64(-20600.53403648712)}]
------------------------------------------
  Seed: s-wave+px
F_onsite: (-0.025892984072309277-1.010591377393032e-17j)
F_swave: (0.024627279186723833+9.963542679433928e-18j), F_dwave: (2.5153490401663703e-17+2.268989507457457e-19j)
F_px: (-1.734723475976807e-18-4.17523715525326e-18j), F_py: (1.734723475976807e-18-7.835054762102278e-20j)
Free_energy = -20600.534036487104
------------------------------------------
[{'stable': {'F_onsite': np.complex128(-0.018155807225543264+0.01846112911325471j), 'F_swave': np.complex128(0.017268312225231744-0.017558709320811352j)}, 'free': np.float64(-20600.53403648603)}, {'stable': {'F_onsite': np.complex128(-0.025892984072316765+0j), 'F_swave': np.complex128(0.024627279186731493+0j)}, 'free': np.float64(-20600.53403648712)}]
------------------------------------------
  Seed: s-wave+py
F_onsite: (-0.02589298407230928+0j)
F_swave: (0.024627279186723833+0j), F_dwave: (2.949029909160572e-17+0j)
F_px: -3.680781672293562e-18j, F_py: -1.266314256145179e-19j
Free_energy = -20600.534036487104
------------------------------------------
[{'stable': {'F_onsite': np.complex128(-0.018155807225543264+0.01846112911325471j), 'F_swave': np.complex128(0.017268312225231744-0.017558709320811352j)}, 'free': np.float64(-20600.53403648603)}, {'stable': {'F_onsite': np.complex128(-0.025892984072316765+0j), 'F_swave': np.complex128(0.024627279186731493+0j)}, 'free': np.float64(-20600.53403648712)}]
------------------------------------------
====================================
mu=3.65, T=0.0280
====================================
  Seed: normal state
F_onsite: 0j
F_swave: 0j, F_dwave: 0j
F_px: 0j, F_py: 0j
Free_energy = -20577.06271058135
------------------------------------------
[{'stable': {}, 'free': np.float64(-20577.06271058135)}]
------------------------------------------
  Seed: px+i*py
F_onsite: (-0.018071226374763143+0.018375125886443324j)
F_swave: (0.017187838686857478-0.017476882478100593j), F_dwave: (-7.806255641895632e-18+2.6020852139652106e-18j)
F_px: (2.6020852139652106e-17+3.469446951953614e-18j), F_py: (1.5612511283791264e-17+1.734723475976807e-18j)
Free_energy = -20600.362071309624
------------------------------------------
[{'stable': {'F_onsite': np.complex128(-0.018071226374763143+0.018375125886443324j), 'F_swave': np.complex128(0.017187838686857478-0.017476882478100593j)}, 'free': np.float64(-20600.362071309624)}]
------------------------------------------
  Seed: s-wave
F_onsite: (-0.02577235872074498+0j)
F_swave: (0.024512511496763416+0j), F_dwave: (-3.469446951953614e-18+0j)
F_px: 1.7110065534536867e-19j, F_py: -4.2266944067989587e-19j
Free_energy = -20600.362071309635
------------------------------------------
[{'stable': {'F_onsite': np.complex128(-0.018071226374763143+0.018375125886443324j), 'F_swave': np.complex128(0.017187838686857478-0.017476882478100593j)}, 'free': np.float64(-20600.362071309624)}, {'stable': {'F_onsite': np.complex128(-0.02577235872074498+0j), 'F_swave': np.complex128(0.024512511496763416+0j)}, 'free': np.float64(-20600.362071309635)}]
------------------------------------------
  Seed: s-wave+px
F_onsite: (-0.02577235872074494-1.1548587953449813e-17j)
F_swave: (0.024512511496763388+1.044073986609332e-17j), F_dwave: (-6.938893903907228e-18-4.548566926755593e-19j)
F_px: -5.495126245312273e-19j, F_py: -6.583563582534049e-19j
Free_energy = -20600.36207130964
------------------------------------------
[{'stable': {'F_onsite': np.complex128(-0.018071226374763143+0.018375125886443324j), 'F_swave': np.complex128(0.017187838686857478-0.017476882478100593j)}, 'free': np.float64(-20600.362071309624)}, {'stable': {'F_onsite': np.complex128(-0.02577235872074498+0j), 'F_swave': np.complex128(0.024512511496763416+0j)}, 'free': np.float64(-20600.362071309635)}]
------------------------------------------
  Seed: s-wave+py
F_onsite: (-0.02577235872074495+0j)
F_swave: (0.024512511496763388+0j), F_dwave: (-1.3877787807814457e-17+0j)
F_px: -1.1913518403131734e-18j, F_py: -1.393369198233324e-19j
Free_energy = -20600.36207130964
------------------------------------------
[{'stable': {'F_onsite': np.complex128(-0.018071226374763143+0.018375125886443324j), 'F_swave': np.complex128(0.017187838686857478-0.017476882478100593j)}, 'free': np.float64(-20600.362071309624)}, {'stable': {'F_onsite': np.complex128(-0.02577235872074498+0j), 'F_swave': np.complex128(0.024512511496763416+0j)}, 'free': np.float64(-20600.362071309635)}]
------------------------------------------
====================================
mu=3.65, T=0.0310
====================================
  Seed: normal state
F_onsite: 0j
F_swave: 0j, F_dwave: 0j
F_px: 0j, F_py: 0j
Free_energy = -20577.33678620895
------------------------------------------
[{'stable': {}, 'free': np.float64(-20577.33678620895)}]
------------------------------------------
  Seed: px+i*py
F_onsite: (-0.017945907709972633+0.018247699767502165j)
F_swave: (0.017068619603184332-0.017355658515480297j), F_dwave: (4.163336342344337e-17-1.734723475976807e-18j)
F_px: (-7.632783294297951e-17-2.949029909160572e-17j), F_py: 0j
Free_energy = -20600.113168656768
------------------------------------------
[{'stable': {'F_onsite': np.complex128(-0.017945907709972633+0.018247699767502165j), 'F_swave': np.complex128(0.017068619603184332-0.017355658515480297j)}, 'free': np.float64(-20600.113168656768)}]
------------------------------------------
  Seed: s-wave
F_onsite: (-0.02559363495753887+0j)
F_swave: (0.02434248667790888+0j), F_dwave: (-4.336808689942018e-17+0j)
F_px: 1.514494909690689e-18j, F_py: -3.4728350837426314e-19j
Free_energy = -20600.113168656768
------------------------------------------
[{'stable': {'F_onsite': np.complex128(-0.017945907709972633+0.018247699767502165j), 'F_swave': np.complex128(0.017068619603184332-0.017355658515480297j)}, 'free': np.float64(-20600.113168656768)}, {'stable': {'F_onsite': np.complex128(-0.02559363495753887+0j), 'F_swave': np.complex128(0.02434248667790888+0j)}, 'free': np.float64(-20600.113168656768)}]
------------------------------------------
  Seed: s-wave+px
F_onsite: (-0.025593634957538875-1.2817119849067139e-17j)
F_swave: (0.02434248667790888+1.3414672543903168e-17j), F_dwave: (-4.336808689942018e-17+1.5227534809264184e-18j)
F_px: (-1.734723475976807e-18+9.613823951336309e-19j), F_py: (3.469446951953614e-18-5.776764700274328e-19j)
Free_energy = -20600.113168656768
------------------------------------------
[{'stable': {'F_onsite': np.complex128(-0.017945907709972633+0.018247699767502165j), 'F_swave': np.complex128(0.017068619603184332-0.017355658515480297j)}, 'free': np.float64(-20600.113168656768)}, {'stable': {'F_onsite': np.complex128(-0.02559363495753887+0j), 'F_swave': np.complex128(0.02434248667790888+0j)}, 'free': np.float64(-20600.113168656768)}]
------------------------------------------
  Seed: s-wave+py
F_onsite: (-0.02559363495753887+0j)
F_swave: (0.02434248667790888+0j), F_dwave: (-4.336808689942018e-17+0j)
F_px: 1.514494909690689e-18j, F_py: -3.4728350837426314e-19j
Free_energy = -20600.113168656768
------------------------------------------
[{'stable': {'F_onsite': np.complex128(-0.017945907709972633+0.018247699767502165j), 'F_swave': np.complex128(0.017068619603184332-0.017355658515480297j)}, 'free': np.float64(-20600.113168656768)}, {'stable': {'F_onsite': np.complex128(-0.02559363495753887+0j), 'F_swave': np.complex128(0.02434248667790888+0j)}, 'free': np.float64(-20600.113168656768)}]
------------------------------------------
====================================
mu=3.65, T=0.0340
====================================
  Seed: normal state
F_onsite: 0j
F_swave: 0j, F_dwave: 0j
F_px: 0j, F_py: 0j
Free_energy = -20577.63804668114
------------------------------------------
[{'stable': {}, 'free': np.float64(-20577.63804668114)}]
------------------------------------------
  Seed: px+i*py
F_onsite: (-0.01777228556310905+0.01807115785832938j)
F_swave: (0.016903447335769956-0.017187708585367906j), F_dwave: (-1.734723475976807e-18+4.336808689942018e-18j)
F_px: (-1.214306433183765e-17+5.0306980803327406e-17j), F_py: (-3.469446951953614e-18+5.204170427930421e-18j)
Free_energy = -20599.775928304778
------------------------------------------
[{'stable': {'F_onsite': np.complex128(-0.01777228556310905+0.01807115785832938j), 'F_swave': np.complex128(0.016903447335769956-0.017187708585367906j)}, 'free': np.float64(-20599.775928304778)}]
------------------------------------------
  Seed: s-wave
F_onsite: (-0.02534602297160971+0j)
F_swave: (0.02410692552460161+0j), F_dwave: (-3.469446951953614e-17+0j)
F_px: -3.2919935495038383e-18j, F_py: -8.135751458377555e-19j
Free_energy = -20599.775928304778
------------------------------------------
[{'stable': {'F_onsite': np.complex128(-0.01777228556310905+0.01807115785832938j), 'F_swave': np.complex128(0.016903447335769956-0.017187708585367906j)}, 'free': np.float64(-20599.775928304778)}, {'stable': {'F_onsite': np.complex128(-0.02534602297160971+0j), 'F_swave': np.complex128(0.02410692552460161+0j)}, 'free': np.float64(-20599.775928304778)}]
------------------------------------------
  Seed: s-wave+px
F_onsite: (-0.025346022971609712-1.437873613565958e-17j)
F_swave: (0.024106925524601606+1.2194839220738569e-17j), F_dwave: (-3.5561831257524545e-17-1.4733079326304487e-18j)
F_px: (1.734723475976807e-18-3.295169923056042e-18j), F_py: (-1.734723475976807e-18-9.711232740270553e-19j)
Free_energy = -20599.775928304778
------------------------------------------
[{'stable': {'F_onsite': np.complex128(-0.01777228556310905+0.01807115785832938j), 'F_swave': np.complex128(0.016903447335769956-0.017187708585367906j)}, 'free': np.float64(-20599.775928304778)}, {'stable': {'F_onsite': np.complex128(-0.02534602297160971+0j), 'F_swave': np.complex128(0.02410692552460161+0j)}, 'free': np.float64(-20599.775928304778)}]
------------------------------------------
  Seed: s-wave+py
F_onsite: (-0.02534602297160971+0j)
F_swave: (0.02410692552460161+0j), F_dwave: (-3.469446951953614e-17+0j)
F_px: -3.2919935495038383e-18j, F_py: -8.135751458377555e-19j
Free_energy = -20599.775928304778
------------------------------------------
[{'stable': {'F_onsite': np.complex128(-0.01777228556310905+0.01807115785832938j), 'F_swave': np.complex128(0.016903447335769956-0.017187708585367906j)}, 'free': np.float64(-20599.775928304778)}, {'stable': {'F_onsite': np.complex128(-0.02534602297160971+0j), 'F_swave': np.complex128(0.02410692552460161+0j)}, 'free': np.float64(-20599.775928304778)}]
------------------------------------------
====================================
mu=3.65, T=0.0370
====================================
  Seed: normal state
F_onsite: 0j
F_swave: 0j, F_dwave: 0j
F_px: 0j, F_py: 0j
Free_energy = -20577.966706643492
------------------------------------------
[{'stable': {}, 'free': np.float64(-20577.966706643492)}]
------------------------------------------
  Seed: px+i*py
F_onsite: (-0.017543668183259382+0.017838695874430578j)
F_swave: (0.016685956415087345-0.016966560171650946j), F_dwave: (1.8214596497756474e-17-7.806255641895632e-18j)
F_px: (-5.377642775528102e-17+2.7755575615628914e-17j), F_py: (1.214306433183765e-17+1.734723475976807e-18j)
Free_energy = -20599.342982720274
------------------------------------------
[{'stable': {'F_onsite': np.complex128(-0.017543668183259382+0.017838695874430578j), 'F_swave': np.complex128(0.016685956415087345-0.016966560171650946j)}, 'free': np.float64(-20599.342982720274)}]
------------------------------------------
  Seed: s-wave
F_onsite: (-0.025019979293051615+0j)
F_swave: (0.02379674989456447+0j), F_dwave: (-1.5612511283791264e-17+0j)
F_px: -4.387630666777276e-18j, F_py: -5.005964718272915e-19j
Free_energy = -20599.342982720274
------------------------------------------
[{'stable': {'F_onsite': np.complex128(-0.017543668183259382+0.017838695874430578j), 'F_swave': np.complex128(0.016685956415087345-0.016966560171650946j)}, 'free': np.float64(-20599.342982720274)}, {'stable': {'F_onsite': np.complex128(-0.025019979293051615+0j), 'F_swave': np.complex128(0.02379674989456447+0j)}, 'free': np.float64(-20599.342982720274)}]
------------------------------------------
  Seed: s-wave+px
F_onsite: (-0.025019979293051615-1.12549168744976e-17j)
F_swave: (0.023796749894564463+1.2446408006073096e-17j), F_dwave: (-1.214306433183765e-17+1.7204297949918908e-18j)
F_px: (6.938893903907228e-18-1.8844365494040047e-18j), F_py: -5.056786695108173e-19j
Free_energy = -20599.342982720274
------------------------------------------
[{'stable': {'F_onsite': np.complex128(-0.017543668183259382+0.017838695874430578j), 'F_swave': np.complex128(0.016685956415087345-0.016966560171650946j)}, 'free': np.float64(-20599.342982720274)}, {'stable': {'F_onsite': np.complex128(-0.025019979293051615+0j), 'F_swave': np.complex128(0.02379674989456447+0j)}, 'free': np.float64(-20599.342982720274)}]
------------------------------------------
  Seed: s-wave+py
F_onsite: (-0.025019979293051615+0j)
F_swave: (0.02379674989456447+0j), F_dwave: (-1.5612511283791264e-17+0j)
F_px: -4.387630666777276e-18j, F_py: -5.005964718272915e-19j
Free_energy = -20599.342982720274
------------------------------------------
[{'stable': {'F_onsite': np.complex128(-0.017543668183259382+0.017838695874430578j), 'F_swave': np.complex128(0.016685956415087345-0.016966560171650946j)}, 'free': np.float64(-20599.342982720274)}, {'stable': {'F_onsite': np.complex128(-0.025019979293051615+0j), 'F_swave': np.complex128(0.02379674989456447+0j)}, 'free': np.float64(-20599.342982720274)}]
------------------------------------------
====================================
mu=3.65, T=0.0400
====================================
  Seed: normal state
F_onsite: 0j
F_swave: 0j, F_dwave: 0j
F_px: 0j, F_py: 0j
Free_energy = -20578.32287261379
------------------------------------------
[{'stable': {}, 'free': np.float64(-20578.32287261379)}]
------------------------------------------
  Seed: px+i*py
F_onsite: (-0.01725350181720727+0.017543649849680966j)
F_swave: (0.016409913296910498-0.016685874902073676j), F_dwave: (5.204170427930421e-18+1.1275702593849246e-17j)
F_px: (6.938893903907228e-18+1.0408340855860843e-17j), F_py: (-3.469446951953614e-18+5.204170427930421e-18j)
Free_energy = -20598.80907449289
------------------------------------------
[{'stable': {'F_onsite': np.complex128(-0.01725350181720727+0.017543649849680966j), 'F_swave': np.complex128(0.016409913296910498-0.016685874902073676j)}, 'free': np.float64(-20598.80907449289)}]
------------------------------------------
  Seed: s-wave
F_onsite: (-0.024606157257983034+0j)
F_swave: (0.023403069791370777+0j), F_dwave: (5.551115123125783e-17+0j)
F_px: -1.9269999550035333e-19j, F_py: -3.604125190567048e-19j
Free_energy = -20598.80907449289
------------------------------------------
[{'stable': {'F_onsite': np.complex128(-0.01725350181720727+0.017543649849680966j), 'F_swave': np.complex128(0.016409913296910498-0.016685874902073676j)}, 'free': np.float64(-20598.80907449289)}, {'stable': {'F_onsite': np.complex128(-0.024606157257983034+0j), 'F_swave': np.complex128(0.023403069791370777+0j)}, 'free': np.float64(-20598.80907449289)}]
------------------------------------------
  Seed: s-wave+px
F_onsite: (-0.024606157257983038-1.0292168090373651e-17j)
F_swave: (0.023403069791370773+9.079452040737252e-18j), F_dwave: (5.2909066017292616e-17-7.039902582867304e-19j)
F_px: (-1.734723475976807e-18-1.6559494118821572e-18j), F_py: (-1.734723475976807e-18-3.7078867266056997e-19j)
Free_energy = -20598.80907449289
------------------------------------------
[{'stable': {'F_onsite': np.complex128(-0.01725350181720727+0.017543649849680966j), 'F_swave': np.complex128(0.016409913296910498-0.016685874902073676j)}, 'free': np.float64(-20598.80907449289)}, {'stable': {'F_onsite': np.complex128(-0.024606157257983034+0j), 'F_swave': np.complex128(0.023403069791370777+0j)}, 'free': np.float64(-20598.80907449289)}]
------------------------------------------
  Seed: s-wave+py
F_onsite: (-0.024606157257983034+0j)
F_swave: (0.023403069791370777+0j), F_dwave: (5.551115123125783e-17+0j)
F_px: -1.9269999550035333e-19j, F_py: -3.604125190567048e-19j
Free_energy = -20598.80907449289
------------------------------------------
[{'stable': {'F_onsite': np.complex128(-0.01725350181720727+0.017543649849680966j), 'F_swave': np.complex128(0.016409913296910498-0.016685874902073676j)}, 'free': np.float64(-20598.80907449289)}, {'stable': {'F_onsite': np.complex128(-0.024606157257983034+0j), 'F_swave': np.complex128(0.023403069791370777+0j)}, 'free': np.float64(-20598.80907449289)}]
------------------------------------------
====================================
mu=3.65, T=0.0430
====================================
  Seed: normal state
F_onsite: 0j
F_swave: 0j, F_dwave: 0j
F_px: 0j, F_py: 0j
Free_energy = -20578.70657540288
------------------------------------------
[{'stable': {}, 'free': np.float64(-20578.70657540288)}]
------------------------------------------
  Seed: px+i*py
F_onsite: (-0.016894465670361843+0.01717857587743094j)
F_swave: (0.016068346502350495-0.016338564060047425j), F_dwave: (1.474514954580286e-17-1.0408340855860843e-17j)
F_px: (-6.938893903907228e-18+3.469446951953614e-18j), F_py: (-1.734723475976807e-18+0j)
Free_energy = -20598.169071613884
------------------------------------------
[{'stable': {'F_onsite': np.complex128(-0.016894465670361843+0.01717857587743094j), 'F_swave': np.complex128(0.016068346502350495-0.016338564060047425j)}, 'free': np.float64(-20598.169071613884)}]
------------------------------------------
  Seed: s-wave
F_onsite: (-0.024094116283102866+0j)
F_swave: (0.02291594280984031+0j), F_dwave: (5.377642775528102e-17+0j)
F_px: 6.272278974418094e-19j, F_py: -3.0535537748517527e-19j
Free_energy = -20598.169071613887
------------------------------------------
[{'stable': {'F_onsite': np.complex128(-0.016894465670361843+0.01717857587743094j), 'F_swave': np.complex128(0.016068346502350495-0.016338564060047425j)}, 'free': np.float64(-20598.169071613884)}, {'stable': {'F_onsite': np.complex128(-0.024094116283102866+0j), 'F_swave': np.complex128(0.02291594280984031+0j)}, 'free': np.float64(-20598.169071613887)}]
------------------------------------------
  Seed: s-wave+px
F_onsite: (-0.024094116283102866-1.4758378939918526e-17j)
F_swave: (0.02291594280984031+1.4355514390065882e-17j), F_dwave: (6.245004513516506e-17+5.075844936421395e-19j)
F_px: (3.469446951953614e-18-1.482095899458212e-18j), F_py: (3.469446951953614e-18-5.097020760102752e-19j)
Free_energy = -20598.169071613884
------------------------------------------
[{'stable': {'F_onsite': np.complex128(-0.016894465670361843+0.01717857587743094j), 'F_swave': np.complex128(0.016068346502350495-0.016338564060047425j)}, 'free': np.float64(-20598.169071613884)}, {'stable': {'F_onsite': np.complex128(-0.024094116283102866+0j), 'F_swave': np.complex128(0.02291594280984031+0j)}, 'free': np.float64(-20598.169071613887)}]
------------------------------------------
  Seed: s-wave+py
F_onsite: (-0.024094116283102866+0j)
F_swave: (0.02291594280984031+0j), F_dwave: (5.377642775528102e-17+0j)
F_px: 6.272278974418094e-19j, F_py: -3.0535537748517527e-19j
Free_energy = -20598.169071613887
------------------------------------------
[{'stable': {'F_onsite': np.complex128(-0.016894465670361843+0.01717857587743094j), 'F_swave': np.complex128(0.016068346502350495-0.016338564060047425j)}, 'free': np.float64(-20598.169071613884)}, {'stable': {'F_onsite': np.complex128(-0.024094116283102866+0j), 'F_swave': np.complex128(0.02291594280984031+0j)}, 'free': np.float64(-20598.169071613887)}]
------------------------------------------
====================================
mu=3.65, T=0.0460
====================================
  Seed: normal state
F_onsite: 0j
F_swave: 0j, F_dwave: 0j
F_px: 0j, F_py: 0j
Free_energy = -20579.11778968995
------------------------------------------
[{'stable': {}, 'free': np.float64(-20579.11778968995)}]
------------------------------------------
  Seed: px+i*py
F_onsite: (-0.0164599112869456+0.01673671369640429j)
F_swave: (0.015654951855165092-0.01591821745349816j), F_dwave: (-5.204170427930421e-18-2.7755575615628914e-17j)
F_px: (3.2959746043559335e-17-4.5102810375396984e-17j), F_py: (3.469446951953614e-18+0j)
Free_energy = -20597.423479249737
------------------------------------------
[{'stable': {'F_onsite': np.complex128(-0.0164599112869456+0.01673671369640429j), 'F_swave': np.complex128(0.015654951855165092-0.01591821745349816j)}, 'free': np.float64(-20597.423479249737)}]
------------------------------------------
  Seed: s-wave
F_onsite: (-0.02347437464405657+0j)
F_swave: (0.022326378221386334+0j), F_dwave: (5.204170427930421e-18+0j)
F_px: -6.412039410715054e-19j, F_py: 5.886878983417387e-20j
Free_energy = -20597.423479249734
------------------------------------------
[{'stable': {'F_onsite': np.complex128(-0.0164599112869456+0.01673671369640429j), 'F_swave': np.complex128(0.015654951855165092-0.01591821745349816j)}, 'free': np.float64(-20597.423479249737)}, {'stable': {'F_onsite': np.complex128(-0.02347437464405657+0j), 'F_swave': np.complex128(0.022326378221386334+0j)}, 'free': np.float64(-20597.423479249734)}]
------------------------------------------
  Seed: s-wave+px
F_onsite: (-0.023474374644056575-1.1557815124162743e-17j)
F_swave: (0.02232637822138633+1.0542172061527022e-17j), F_dwave: (8.673617379884035e-18-3.534244972418568e-19j)
F_px: (-1.734723475976807e-18+6.833438301974068e-19j), F_py: -3.220842781934477e-19j
Free_energy = -20597.423479249734
------------------------------------------
[{'stable': {'F_onsite': np.complex128(-0.0164599112869456+0.01673671369640429j), 'F_swave': np.complex128(0.015654951855165092-0.01591821745349816j)}, 'free': np.float64(-20597.423479249737)}, {'stable': {'F_onsite': np.complex128(-0.02347437464405657+0j), 'F_swave': np.complex128(0.022326378221386334+0j)}, 'free': np.float64(-20597.423479249734)}]
------------------------------------------
  Seed: s-wave+py
F_onsite: (-0.02347437464405657+0j)
F_swave: (0.022326378221386334+0j), F_dwave: (5.204170427930421e-18+0j)
F_px: -6.412039410715054e-19j, F_py: 5.886878983417387e-20j
Free_energy = -20597.423479249734
------------------------------------------
[{'stable': {'F_onsite': np.complex128(-0.0164599112869456+0.01673671369640429j), 'F_swave': np.complex128(0.015654951855165092-0.01591821745349816j)}, 'free': np.float64(-20597.423479249737)}, {'stable': {'F_onsite': np.complex128(-0.02347437464405657+0j), 'F_swave': np.complex128(0.022326378221386334+0j)}, 'free': np.float64(-20597.423479249734)}]
------------------------------------------
====================================
mu=3.65, T=0.0490
====================================
  Seed: normal state
F_onsite: 0j
F_swave: 0j, F_dwave: 0j
F_px: 0j, F_py: 0j
Free_energy = -20579.556445635597
------------------------------------------
[{'stable': {}, 'free': np.float64(-20579.556445635597)}]
------------------------------------------
  Seed: px+i*py
F_onsite: (-0.015939995761177536+0.01620805487501679j)
F_swave: (0.015160353327691549-0.015415301380338425j), F_dwave: (-1.3444106938820255e-17-3.469446951953614e-18j)
F_px: (4.5102810375396984e-17+4.163336342344337e-17j), F_py: (-2.6020852139652106e-18+3.469446951953614e-18j)
Free_energy = -20596.568015813576
------------------------------------------
[{'stable': {'F_onsite': np.complex128(-0.015939995761177536+0.01620805487501679j), 'F_swave': np.complex128(0.015160353327691549-0.015415301380338425j)}, 'free': np.float64(-20596.568015813576)}]
------------------------------------------
  Seed: s-wave
F_onsite: (-0.022732894837611733+0j)
F_swave: (0.02162100436305201+0j), F_dwave: (2.949029909160572e-17+0j)
F_px: 9.952637130238029e-19j, F_py: -2.6554482896422316e-19j
Free_energy = -20596.568015813576
------------------------------------------
[{'stable': {'F_onsite': np.complex128(-0.015939995761177536+0.01620805487501679j), 'F_swave': np.complex128(0.015160353327691549-0.015415301380338425j)}, 'free': np.float64(-20596.568015813576)}, {'stable': {'F_onsite': np.complex128(-0.022732894837611733+0j), 'F_swave': np.complex128(0.02162100436305201+0j)}, 'free': np.float64(-20596.568015813576)}]
------------------------------------------
  Seed: s-wave+px
F_onsite: (-0.022732894837611733-7.941095849565663e-18j)
F_swave: (0.021621004363052004+6.245809194816397e-18j), F_dwave: (2.6020852139652106e-17-1.0691673376717406e-18j)
F_px: (5.204170427930421e-18+1.3429707378716932e-18j), F_py: -2.8248548790930916e-19j
Free_energy = -20596.568015813576
------------------------------------------
[{'stable': {'F_onsite': np.complex128(-0.015939995761177536+0.01620805487501679j), 'F_swave': np.complex128(0.015160353327691549-0.015415301380338425j)}, 'free': np.float64(-20596.568015813576)}, {'stable': {'F_onsite': np.complex128(-0.022732894837611733+0j), 'F_swave': np.complex128(0.02162100436305201+0j)}, 'free': np.float64(-20596.568015813576)}]
------------------------------------------
  Seed: s-wave+py
F_onsite: (-0.022732894837611733+0j)
F_swave: (0.02162100436305201+0j), F_dwave: (2.949029909160572e-17+0j)
F_px: 9.952637130238029e-19j, F_py: -2.6554482896422316e-19j
Free_energy = -20596.568015813576
------------------------------------------
[{'stable': {'F_onsite': np.complex128(-0.015939995761177536+0.01620805487501679j), 'F_swave': np.complex128(0.015160353327691549-0.015415301380338425j)}, 'free': np.float64(-20596.568015813576)}, {'stable': {'F_onsite': np.complex128(-0.022732894837611733+0j), 'F_swave': np.complex128(0.02162100436305201+0j)}, 'free': np.float64(-20596.568015813576)}]
------------------------------------------
====================================
mu=3.65, T=0.0520
====================================
  Seed: normal state
F_onsite: 0j
F_swave: 0j, F_dwave: 0j
F_px: 0j, F_py: 0j
Free_energy = -20580.022435953335
------------------------------------------
[{'stable': {}, 'free': np.float64(-20580.022435953335)}]
------------------------------------------
  Seed: px+i*py
F_onsite: (-0.01532370371989431+0.015581398797197681j)
F_swave: (0.014574079648555727-0.014819168476316407j), F_dwave: (-7.37257477290143e-18-6.938893903907228e-18j)
F_px: (1.3877787807814457e-17+1.0408340855860843e-17j), F_py: (2.6020852139652106e-18-1.734723475976807e-18j)
Free_energy = -20595.60208454923
------------------------------------------
[{'stable': {'F_onsite': np.complex128(-0.01532370371989431+0.015581398797197681j), 'F_swave': np.complex128(0.014574079648555727-0.014819168476316407j)}, 'free': np.float64(-20595.60208454923)}]
------------------------------------------
  Seed: s-wave
F_onsite: (-0.021853967241039197+0j)
F_swave: (0.020784887585259898+0j), F_dwave: (2.949029909160572e-17+0j)
F_px: -1.8816836923254282e-18j, F_py: -3.875175733688424e-19j
Free_energy = -20595.602084549235
------------------------------------------
[{'stable': {'F_onsite': np.complex128(-0.01532370371989431+0.015581398797197681j), 'F_swave': np.complex128(0.014574079648555727-0.014819168476316407j)}, 'free': np.float64(-20595.60208454923)}, {'stable': {'F_onsite': np.complex128(-0.021853967241039197+0j), 'F_swave': np.complex128(0.020784887585259898+0j)}, 'free': np.float64(-20595.602084549235)}]
------------------------------------------
  Seed: s-wave+px
F_onsite: (-0.021853967241039204-9.398339186701861e-18j)
F_swave: (0.020784887585259898+8.294993652461363e-18j), F_dwave: (3.0357660829594124e-17-1.4918367783516365e-18j)
F_px: (-3.469446951953614e-18+2.55168675360358e-19j), F_py: (-1.734723475976807e-18-4.622682309640344e-19j)
Free_energy = -20595.602084549235
------------------------------------------
[{'stable': {'F_onsite': np.complex128(-0.01532370371989431+0.015581398797197681j), 'F_swave': np.complex128(0.014574079648555727-0.014819168476316407j)}, 'free': np.float64(-20595.60208454923)}, {'stable': {'F_onsite': np.complex128(-0.021853967241039197+0j), 'F_swave': np.complex128(0.020784887585259898+0j)}, 'free': np.float64(-20595.602084549235)}]
------------------------------------------
  Seed: s-wave+py
F_onsite: (-0.021853967241039197+0j)
F_swave: (0.020784887585259898+0j), F_dwave: (2.949029909160572e-17+0j)
F_px: -1.8816836923254282e-18j, F_py: -3.875175733688424e-19j
Free_energy = -20595.602084549235
------------------------------------------
[{'stable': {'F_onsite': np.complex128(-0.01532370371989431+0.015581398797197681j), 'F_swave': np.complex128(0.014574079648555727-0.014819168476316407j)}, 'free': np.float64(-20595.60208454923)}, {'stable': {'F_onsite': np.complex128(-0.021853967241039197+0j), 'F_swave': np.complex128(0.020784887585259898+0j)}, 'free': np.float64(-20595.602084549235)}]
------------------------------------------
====================================
mu=3.65, T=0.0550
====================================
  Seed: normal state
F_onsite: 0j
F_swave: 0j, F_dwave: 0j
F_px: 0j, F_py: 0j
Free_energy = -20580.515620604194
------------------------------------------
[{'stable': {}, 'free': np.float64(-20580.515620604194)}]
------------------------------------------
  Seed: px+i*py
F_onsite: (-0.014597373422592796+0.014842853976206024j)
F_swave: (0.013883150420870294-0.014116620056300419j), F_dwave: (-2.905661822261152e-17+2.8189256484623115e-17j)
F_px: (-1.5612511283791264e-17-4.7704895589362195e-17j), F_py: (8.673617379884035e-19-2.6020852139652106e-18j)
Free_energy = -20594.527026363372
------------------------------------------
[{'stable': {'F_onsite': np.complex128(-0.014597373422592796+0.014842853976206024j), 'F_swave': np.complex128(0.013883150420870294-0.014116620056300419j)}, 'free': np.float64(-20594.527026363372)}]
------------------------------------------
  Seed: s-wave
F_onsite: (-0.020818108103225843+0j)
F_swave: (0.01979951583808183+0j), F_dwave: 0j
F_px: -4.015783202932638e-18j, F_py: -4.9509075767013855e-19j
Free_energy = -20594.527026363372
------------------------------------------
[{'stable': {'F_onsite': np.complex128(-0.014597373422592796+0.014842853976206024j), 'F_swave': np.complex128(0.013883150420870294-0.014116620056300419j)}, 'free': np.float64(-20594.527026363372)}, {'stable': {'F_onsite': np.complex128(-0.020818108103225843+0j), 'F_swave': np.complex128(0.01979951583808183+0j)}, 'free': np.float64(-20594.527026363372)}]
------------------------------------------
  Seed: s-wave+px
F_onsite: (-0.020818108103225843-8.433203177042769e-18j)
F_swave: (0.019799515838081826+7.534781582300629e-18j), F_dwave: (2.6020852139652106e-18-4.955142741437657e-19j)
F_px: (-3.469446951953614e-18-2.904475976134996e-18j), F_py: (-1.734723475976807e-18-3.8370592510619805e-19j)
Free_energy = -20594.527026363372
------------------------------------------
[{'stable': {'F_onsite': np.complex128(-0.014597373422592796+0.014842853976206024j), 'F_swave': np.complex128(0.013883150420870294-0.014116620056300419j)}, 'free': np.float64(-20594.527026363372)}, {'stable': {'F_onsite': np.complex128(-0.020818108103225843+0j), 'F_swave': np.complex128(0.01979951583808183+0j)}, 'free': np.float64(-20594.527026363372)}]
------------------------------------------
  Seed: s-wave+py
F_onsite: (-0.020818108103225843+0j)
F_swave: (0.01979951583808183+0j), F_dwave: 0j
F_px: -4.015783202932638e-18j, F_py: -4.9509075767013855e-19j
Free_energy = -20594.527026363372
------------------------------------------
[{'stable': {'F_onsite': np.complex128(-0.014597373422592796+0.014842853976206024j), 'F_swave': np.complex128(0.013883150420870294-0.014116620056300419j)}, 'free': np.float64(-20594.527026363372)}, {'stable': {'F_onsite': np.complex128(-0.020818108103225843+0j), 'F_swave': np.complex128(0.01979951583808183+0j)}, 'free': np.float64(-20594.527026363372)}]
------------------------------------------
====================================
mu=3.65, T=0.0580
====================================
  Seed: normal state
F_onsite: 0j
F_swave: 0j, F_dwave: 0j
F_px: 0j, F_py: 0j
Free_energy = -20581.035830380886
------------------------------------------
[{'stable': {}, 'free': np.float64(-20581.035830380886)}]
------------------------------------------
  Seed: px+i*py
F_onsite: (-0.013741216649905668+0.013972299418900087j)
F_swave: (0.013068746580469331-0.013288520580402655j), F_dwave: (-1.6046192152785466e-17+4.336808689942018e-19j)
F_px: (2.6020852139652106e-17+4.597017211338539e-17j), F_py: (2.6020852139652106e-18+8.673617379884035e-19j)
Free_energy = -20593.342038549377
------------------------------------------
[{'stable': {'F_onsite': np.complex128(-0.013741216649905668+0.013972299418900087j), 'F_swave': np.complex128(0.013068746580469331-0.013288520580402655j)}, 'free': np.float64(-20593.342038549377)}]
------------------------------------------
  Seed: s-wave
F_onsite: (-0.019597096368366533+0j)
F_swave: (0.01863805023065207+0j), F_dwave: (-2.6020852139652106e-17+0j)
F_px: 9.499474503456978e-19j, F_py: -2.8587361969832636e-19j
Free_energy = -20593.342038549377
------------------------------------------
[{'stable': {'F_onsite': np.complex128(-0.013741216649905668+0.013972299418900087j), 'F_swave': np.complex128(0.013068746580469331-0.013288520580402655j)}, 'free': np.float64(-20593.342038549377)}, {'stable': {'F_onsite': np.complex128(-0.019597096368366533+0j), 'F_swave': np.complex128(0.01863805023065207+0j)}, 'free': np.float64(-20593.342038549377)}]
------------------------------------------
  Seed: s-wave+px
F_onsite: (-0.01959709636836653-1.1951023447778073e-17j)
F_swave: (0.01863805023065207+1.1535106433945876e-17j), F_dwave: (-2.5153490401663703e-17+5.101255924839024e-19j)
F_px: (-3.469446951953614e-18+2.5262757651859508e-18j), F_py: (-1.734723475976807e-18-5.594652616614654e-19j)
Free_energy = -20593.342038549377
------------------------------------------
[{'stable': {'F_onsite': np.complex128(-0.013741216649905668+0.013972299418900087j), 'F_swave': np.complex128(0.013068746580469331-0.013288520580402655j)}, 'free': np.float64(-20593.342038549377)}, {'stable': {'F_onsite': np.complex128(-0.019597096368366533+0j), 'F_swave': np.complex128(0.01863805023065207+0j)}, 'free': np.float64(-20593.342038549377)}]
------------------------------------------
  Seed: s-wave+py
F_onsite: (-0.019597096368366533+0j)
F_swave: (0.01863805023065207+0j), F_dwave: (-2.6020852139652106e-17+0j)
F_px: 9.499474503456978e-19j, F_py: -2.8587361969832636e-19j
Free_energy = -20593.342038549377
------------------------------------------
[{'stable': {'F_onsite': np.complex128(-0.013741216649905668+0.013972299418900087j), 'F_swave': np.complex128(0.013068746580469331-0.013288520580402655j)}, 'free': np.float64(-20593.342038549377)}, {'stable': {'F_onsite': np.complex128(-0.019597096368366533+0j), 'F_swave': np.complex128(0.01863805023065207+0j)}, 'free': np.float64(-20593.342038549377)}]
------------------------------------------
====================================
mu=3.65, T=0.0610
====================================
  Seed: normal state
F_onsite: 0j
F_swave: 0j, F_dwave: 0j
F_px: 0j, F_py: 0j
Free_energy = -20581.58287005463
------------------------------------------
[{'stable': {}, 'free': np.float64(-20581.58287005463)}]
------------------------------------------
  Seed: px+i*py
F_onsite: (-0.012726992316565868+0.012941019116405264j)
F_swave: (0.012104014970892089-0.01230756530902313j), F_dwave: (3.5561831257524545e-17+1.5178830414797062e-17j)
F_px: (3.5561831257524545e-17-6.071532165918825e-18j), F_py: (-3.469446951953614e-18+2.6020852139652106e-18j)
Free_energy = -20592.047105951864
------------------------------------------
[{'stable': {'F_onsite': np.complex128(-0.012726992316565868+0.012941019116405264j), 'F_swave': np.complex128(0.012104014970892089-0.01230756530902313j)}, 'free': np.float64(-20592.047105951864)}]
------------------------------------------
  Seed: s-wave
F_onsite: (-0.018150655888895355+0j)
F_swave: (0.017262194016157004+0j), F_dwave: (2.949029909160572e-17+0j)
F_px: 1.9668105035244854e-18j, F_py: -5.365953720855993e-19j
Free_energy = -20592.047105951864
------------------------------------------
[{'stable': {'F_onsite': np.complex128(-0.012726992316565868+0.012941019116405264j), 'F_swave': np.complex128(0.012104014970892089-0.01230756530902313j)}, 'free': np.float64(-20592.047105951864)}, {'stable': {'F_onsite': np.complex128(-0.018150655888895355+0j), 'F_swave': np.complex128(0.017262194016157004+0j)}, 'free': np.float64(-20592.047105951864)}]
------------------------------------------
  Seed: s-wave+px
F_onsite: (-0.018150655888895348-1.9278919765689677e-17j)
F_swave: (0.017262194016157+1.8555739017263144e-17j), F_dwave: (2.949029909160572e-17-3.305546076659907e-19j)
F_px: -7.398832794266313e-19j, F_py: -6.407804245978782e-19j
Free_energy = -20592.047105951864
------------------------------------------
[{'stable': {'F_onsite': np.complex128(-0.012726992316565868+0.012941019116405264j), 'F_swave': np.complex128(0.012104014970892089-0.01230756530902313j)}, 'free': np.float64(-20592.047105951864)}, {'stable': {'F_onsite': np.complex128(-0.018150655888895355+0j), 'F_swave': np.complex128(0.017262194016157004+0j)}, 'free': np.float64(-20592.047105951864)}]
------------------------------------------
  Seed: s-wave+py
F_onsite: (-0.018150655888895355+0j)
F_swave: (0.017262194016157004+0j), F_dwave: (2.949029909160572e-17+0j)
F_px: 1.9668105035244854e-18j, F_py: -5.365953720855993e-19j
Free_energy = -20592.047105951864
------------------------------------------
[{'stable': {'F_onsite': np.complex128(-0.012726992316565868+0.012941019116405264j), 'F_swave': np.complex128(0.012104014970892089-0.01230756530902313j)}, 'free': np.float64(-20592.047105951864)}, {'stable': {'F_onsite': np.complex128(-0.018150655888895355+0j), 'F_swave': np.complex128(0.017262194016157004+0j)}, 'free': np.float64(-20592.047105951864)}]
------------------------------------------
====================================
mu=3.65, T=0.0640
====================================
  Seed: normal state
F_onsite: 0j
F_swave: 0j, F_dwave: 0j
F_px: 0j, F_py: 0j
Free_energy = -20582.15652140106
------------------------------------------
[{'stable': {}, 'free': np.float64(-20582.15652140106)}]
------------------------------------------
  Seed: px+i*py
F_onsite: (-0.011512024967149358+0.011705619950324087j)
F_swave: (0.010948383919777845-0.011132500285646434j), F_dwave: (-1.1275702593849246e-17+2.2985086056692694e-17j)
F_px: (-1.734723475976807e-18-8.673617379884035e-18j), F_py: (-1.734723475976807e-18+2.6020852139652106e-18j)
Free_energy = -20590.644234995383
------------------------------------------
[{'stable': {'F_onsite': np.complex128(-0.011512024967149358+0.011705619950324087j), 'F_swave': np.complex128(0.010948383919777845-0.011132500285646434j)}, 'free': np.float64(-20590.644234995383)}]
------------------------------------------
  Seed: s-wave
F_onsite: (-0.016417924876965837+0j)
F_swave: (0.01561408572618853+0j), F_dwave: (1.734723475976807e-18+0j)
F_px: -5.565006463460753e-19j, F_py: -4.633270221481023e-19j
Free_energy = -20590.644234995383
------------------------------------------
[{'stable': {'F_onsite': np.complex128(-0.011512024967149358+0.011705619950324087j), 'F_swave': np.complex128(0.010948383919777845-0.011132500285646434j)}, 'free': np.float64(-20590.644234995383)}, {'stable': {'F_onsite': np.complex128(-0.016417924876965837+0j), 'F_swave': np.complex128(0.01561408572618853+0j)}, 'free': np.float64(-20590.644234995383)}]
------------------------------------------
  Seed: s-wave+px
F_onsite: (-0.016417924876965837-1.7305898939737527e-17j)
F_swave: (0.01561408572618853+1.468056328357472e-17j), F_dwave: (1.734723475976807e-18-1.3622407374217285e-18j)
F_px: (-8.673617379884035e-19-2.4407254375132664e-18j), F_py: -6.132518538121134e-19j
Free_energy = -20590.644234995383
------------------------------------------
[{'stable': {'F_onsite': np.complex128(-0.011512024967149358+0.011705619950324087j), 'F_swave': np.complex128(0.010948383919777845-0.011132500285646434j)}, 'free': np.float64(-20590.644234995383)}, {'stable': {'F_onsite': np.complex128(-0.016417924876965837+0j), 'F_swave': np.complex128(0.01561408572618853+0j)}, 'free': np.float64(-20590.644234995383)}]
------------------------------------------
  Seed: s-wave+py
F_onsite: (-0.016417924876965837+0j)
F_swave: (0.01561408572618853+0j), F_dwave: (1.734723475976807e-18+0j)
F_px: -5.565006463460753e-19j, F_py: -4.633270221481023e-19j
Free_energy = -20590.644234995383
------------------------------------------
[{'stable': {'F_onsite': np.complex128(-0.011512024967149358+0.011705619950324087j), 'F_swave': np.complex128(0.010948383919777845-0.011132500285646434j)}, 'free': np.float64(-20590.644234995383)}, {'stable': {'F_onsite': np.complex128(-0.016417924876965837+0j), 'F_swave': np.complex128(0.01561408572618853+0j)}, 'free': np.float64(-20590.644234995383)}]
------------------------------------------
====================================
mu=3.65, T=0.0670
====================================
  Seed: normal state
F_onsite: 0j
F_swave: 0j, F_dwave: 0j
F_px: 0j, F_py: 0j
Free_energy = -20582.756546216322
------------------------------------------
[{'stable': {}, 'free': np.float64(-20582.756546216322)}]
------------------------------------------
  Seed: px+i*py
F_onsite: (-0.010020997638400085+0.01018951836996022j)
F_swave: (0.009530231707121634-0.009690499344853332j), F_dwave: (1.7780915628762273e-17-2.905661822261152e-17j)
F_px: (3.122502256758253e-17+1.734723475976807e-17j), F_py: (-8.673617379884035e-19-8.673617379884035e-19j)
Free_energy = -20589.13309081715
------------------------------------------
[{'stable': {'F_onsite': np.complex128(-0.010020997638400085+0.01018951836996022j), 'F_swave': np.complex128(0.009530231707121634-0.009690499344853332j)}, 'free': np.float64(-20589.13309081715)}]
------------------------------------------
  Seed: s-wave
F_onsite: (-0.014291489715231824+0j)
F_swave: (0.013591581730763804+0j), F_dwave: (1.734723475976807e-18+0j)
F_px: 1.3721933745519665e-18j, F_py: -3.618948267143998e-19j
Free_energy = -20589.13309081715
------------------------------------------
[{'stable': {'F_onsite': np.complex128(-0.010020997638400085+0.01018951836996022j), 'F_swave': np.complex128(0.009530231707121634-0.009690499344853332j)}, 'free': np.float64(-20589.13309081715)}, {'stable': {'F_onsite': np.complex128(-0.014291489715231824+0j), 'F_swave': np.complex128(0.013591581730763804+0j)}, 'free': np.float64(-20589.13309081715)}]
------------------------------------------
  Seed: s-wave+px
F_onsite: (-0.014291489715231824-1.1176034606729872e-17j)
F_swave: (0.013591581730763804+1.0386529757469044e-17j), F_dwave: (2.168404344971009e-18-2.3166351107405114e-19j)
F_px: (-8.673617379884035e-19+2.1705219273391446e-18j), F_py: (8.673617379884035e-19-3.0112021274890377e-19j)
Free_energy = -20589.13309081715
------------------------------------------
[{'stable': {'F_onsite': np.complex128(-0.010020997638400085+0.01018951836996022j), 'F_swave': np.complex128(0.009530231707121634-0.009690499344853332j)}, 'free': np.float64(-20589.13309081715)}, {'stable': {'F_onsite': np.complex128(-0.014291489715231824+0j), 'F_swave': np.complex128(0.013591581730763804+0j)}, 'free': np.float64(-20589.13309081715)}]
------------------------------------------
  Seed: s-wave+py
F_onsite: (-0.014291489715231824+0j)
F_swave: (0.013591581730763804+0j), F_dwave: (1.734723475976807e-18+0j)
F_px: 1.3721933745519665e-18j, F_py: -3.618948267143998e-19j
Free_energy = -20589.13309081715
------------------------------------------
[{'stable': {'F_onsite': np.complex128(-0.010020997638400085+0.01018951836996022j), 'F_swave': np.complex128(0.009530231707121634-0.009690499344853332j)}, 'free': np.float64(-20589.13309081715)}, {'stable': {'F_onsite': np.complex128(-0.014291489715231824+0j), 'F_swave': np.complex128(0.013591581730763804+0j)}, 'free': np.float64(-20589.13309081715)}]
------------------------------------------
====================================
mu=3.65, T=0.0700
====================================
  Seed: normal state
F_onsite: 0j
F_swave: 0j, F_dwave: 0j
F_px: 0j, F_py: 0j
Free_energy = -20583.38268932951
------------------------------------------
[{'stable': {}, 'free': np.float64(-20583.38268932951)}]
------------------------------------------
  Seed: px+i*py
F_onsite: (-0.008101905895452639+0.0082381537180545j)
F_swave: (0.007705018108513229-0.007834591563690166j), F_dwave: (-1.5178830414797062e-18+1.3010426069826053e-17j)
F_px: (-7.37257477290143e-18-4.0766001685454967e-17j), F_py: (3.0357660829594124e-18+6.938893903907228e-18j)
Free_energy = -20587.5156832914
------------------------------------------
[{'stable': {'F_onsite': np.complex128(-0.008101905895452639+0.0082381537180545j), 'F_swave': np.complex128(0.007705018108513229-0.007834591563690166j)}, 'free': np.float64(-20587.5156832914)}]
------------------------------------------
  Seed: s-wave
F_onsite: (-0.011554568612503958+0j)
F_swave: (0.010988545355157807+0j), F_dwave: (4.336808689942018e-18+0j)
F_px: 4.459628467293891e-19j, F_py: -4.3135152838925245e-19j
Free_energy = -20587.5156832914
------------------------------------------
[{'stable': {'F_onsite': np.complex128(-0.008101905895452639+0.0082381537180545j), 'F_swave': np.complex128(0.007705018108513229-0.007834591563690166j)}, 'free': np.float64(-20587.5156832914)}, {'stable': {'F_onsite': np.complex128(-0.011554568612503958+0j), 'F_swave': np.complex128(0.010988545355157807+0j)}, 'free': np.float64(-20587.5156832914)}]
------------------------------------------
  Seed: s-wave+px
F_onsite: (-0.011554568612503957-2.5029205534406953e-17j)
F_swave: (0.010988545355157801+2.528933331057961e-17j), F_dwave: (5.204170427930421e-18+1.4133803516122069e-18j)
F_px: (6.071532165918825e-18-8.510563537537583e-19j), F_py: -2.7316812548951186e-19j
Free_energy = -20587.515683291404
------------------------------------------
[{'stable': {'F_onsite': np.complex128(-0.008101905895452639+0.0082381537180545j), 'F_swave': np.complex128(0.007705018108513229-0.007834591563690166j)}, 'free': np.float64(-20587.5156832914)}, {'stable': {'F_onsite': np.complex128(-0.011554568612503958+0j), 'F_swave': np.complex128(0.010988545355157807+0j)}, 'free': np.float64(-20587.5156832914)}]
------------------------------------------
  Seed: s-wave+py
F_onsite: (-0.011554568612503958+0j)
F_swave: (0.010988545355157807+0j), F_dwave: (4.336808689942018e-18+0j)
F_px: 4.459628467293891e-19j, F_py: -4.3135152838925245e-19j
Free_energy = -20587.5156832914
------------------------------------------
[{'stable': {'F_onsite': np.complex128(-0.008101905895452639+0.0082381537180545j), 'F_swave': np.complex128(0.007705018108513229-0.007834591563690166j)}, 'free': np.float64(-20587.5156832914)}, {'stable': {'F_onsite': np.complex128(-0.011554568612503958+0j), 'F_swave': np.complex128(0.010988545355157807+0j)}, 'free': np.float64(-20587.5156832914)}]
------------------------------------------
====================================
mu=3.65, T=0.0730
====================================
  Seed: normal state
F_onsite: 0j
F_swave: 0j, F_dwave: 0j
F_px: 0j, F_py: 0j
Free_energy = -20584.03468157356
------------------------------------------
[{'stable': {}, 'free': np.float64(-20584.03468157356)}]
------------------------------------------
  Seed: px+i*py
F_onsite: (-0.005312176049875908+0.0054015096498229625j)
F_swave: (0.005051881740418048-0.005136838032931881j), F_dwave: (1.1492543028346347e-17+2.211772431870429e-17j)
F_px: (9.974659986866641e-18-2.2551405187698492e-17j), F_py: (-1.3010426069826053e-18+1.734723475976807e-18j)
Free_energy = -20585.796779072156
------------------------------------------
[{'stable': {'F_onsite': np.complex128(-0.005312176049875908+0.0054015096498229625j), 'F_swave': np.complex128(0.005051881740418048-0.005136838032931881j)}, 'free': np.float64(-20585.796779072156)}]
------------------------------------------
  Seed: s-wave
F_onsite: (-0.007575983162732318+0j)
F_swave: (0.007204763292138252+0j), F_dwave: (-9.974659986866641e-18+0j)
F_px: 1.1645644233562562e-18j, F_py: -2.0212323703855742e-19j
Free_energy = -20585.796779072156
------------------------------------------
[{'stable': {'F_onsite': np.complex128(-0.005312176049875908+0.0054015096498229625j), 'F_swave': np.complex128(0.005051881740418048-0.005136838032931881j)}, 'free': np.float64(-20585.796779072156)}, {'stable': {'F_onsite': np.complex128(-0.007575983162732318+0j), 'F_swave': np.complex128(0.007204763292138252+0j)}, 'free': np.float64(-20585.796779072156)}]
------------------------------------------
  Seed: s-wave+px
F_onsite: (-0.0075759831627323325-2.5625463048293665e-17j)
F_swave: (0.007204763292138269+2.4829712057575747e-17j), F_dwave: (-9.324138683375338e-18+7.773115477834307e-19j)
F_px: (1.734723475976807e-18+3.0477304233393794e-19j), F_py: (-4.336808689942018e-19-5.0874916394461414e-20j)
Free_energy = -20585.796779072156
------------------------------------------
[{'stable': {'F_onsite': np.complex128(-0.005312176049875908+0.0054015096498229625j), 'F_swave': np.complex128(0.005051881740418048-0.005136838032931881j)}, 'free': np.float64(-20585.796779072156)}, {'stable': {'F_onsite': np.complex128(-0.007575983162732318+0j), 'F_swave': np.complex128(0.007204763292138252+0j)}, 'free': np.float64(-20585.796779072156)}]
------------------------------------------
  Seed: s-wave+py
F_onsite: (-0.007575983162732318+0j)
F_swave: (0.007204763292138252+0j), F_dwave: (-9.974659986866641e-18+0j)
F_px: 1.1645644233562562e-18j, F_py: -2.0212323703855742e-19j
Free_energy = -20585.796779072156
------------------------------------------
[{'stable': {'F_onsite': np.complex128(-0.005312176049875908+0.0054015096498229625j), 'F_swave': np.complex128(0.005051881740418048-0.005136838032931881j)}, 'free': np.float64(-20585.796779072156)}, {'stable': {'F_onsite': np.complex128(-0.007575983162732318+0j), 'F_swave': np.complex128(0.007204763292138252+0j)}, 'free': np.float64(-20585.796779072156)}]
------------------------------------------
====================================
mu=3.65, T=0.0760
====================================
  Seed: normal state
F_onsite: 0j
F_swave: 0j, F_dwave: 0j
F_px: 0j, F_py: 0j
Free_energy = -20584.712242660218
------------------------------------------
[{'stable': {}, 'free': np.float64(-20584.712242660218)}]
------------------------------------------
  Seed: px+i*py
F_onsite: (-1.256528601419444e-13+1.2776530311272581e-13j)
F_swave: (1.1951938956914063e-13-1.2152871982993031e-13j), F_dwave: (-3.6842250499933905e-21+2.3259970716450882e-21j)
F_px: (2.768836250121343e-20-2.1918434403768332e-20j), F_py: (3.1605264094685672e-21-4.0123573829289097e-20j)
Free_energy = -20584.71224266021
------------------------------------------
[{'stable': {}, 'free': np.float64(-20584.712242660218)}]
------------------------------------------
  Seed: s-wave
F_onsite: (-1.680756771201518e-13+0j)
F_swave: (1.5987143365410339e-13+0j), F_dwave: (-1.6356688188580452e-21+0j)
F_px: -6.559081705298758e-21j, F_py: 3.0103004157144068e-21j
Free_energy = -20584.712242660218
------------------------------------------
[{'stable': {}, 'free': np.float64(-20584.712242660218)}]
------------------------------------------
  Seed: s-wave+px
F_onsite: (-1.680756053253214e-13-7.408957510467528e-28j)
F_swave: (1.5987136647343743e-13+6.690310848251935e-28j), F_dwave: (6.998540637619489e-22-3.1469695291287434e-29j)
F_px: (-6.310887241768094e-29+1.4563354288987595e-20j), F_py: (-8.835242138475332e-29-1.4239865875775034e-20j)
Free_energy = -20584.712242660215
------------------------------------------
[{'stable': {}, 'free': np.float64(-20584.712242660218)}]
------------------------------------------
  Seed: s-wave+py
F_onsite: (-1.680756771201518e-13+0j)
F_swave: (1.5987143365410339e-13+0j), F_dwave: (-1.6356688188580452e-21+0j)
F_px: -6.559081705298758e-21j, F_py: 3.0103004157144068e-21j
Free_energy = -20584.712242660218
------------------------------------------
[{'stable': {}, 'free': np.float64(-20584.712242660218)}]
------------------------------------------
====================================
mu=3.65, T=0.0790
====================================
  Seed: normal state
F_onsite: 0j
F_swave: 0j, F_dwave: 0j
F_px: 0j, F_py: 0j
Free_energy = -20585.415083908105
------------------------------------------
[{'stable': {}, 'free': np.float64(-20585.415083908105)}]
------------------------------------------
  Seed: px+i*py
F_onsite: (-3.136000861466847e-14+3.188735494878185e-14j)
F_swave: (2.9850281140051765e-14-3.0352242222163254e-14j), F_dwave: (9.397136922315421e-22+7.903097192709317e-22j)
F_px: (-1.1873884479911129e-20-3.8309221193329384e-21j), F_py: (-2.0350019810944378e-20-5.751837564615409e-20j)
Free_energy = -20585.415083908105
------------------------------------------
[{'stable': {}, 'free': np.float64(-20585.415083908105)}]
------------------------------------------
  Seed: s-wave
F_onsite: (-4.4672581039566375e-14+0j)
F_swave: (4.2521964598249055e-14+0j), F_dwave: (-4.940543205574488e-22+0j)
F_px: 5.221322345963504e-21j, F_py: -2.6324038987117785e-21j
Free_energy = -20585.415083908105
------------------------------------------
[{'stable': {}, 'free': np.float64(-20585.415083908105)}]
------------------------------------------
  Seed: s-wave+px
F_onsite: (-4.467261805443229e-14-3.123725219416343e-28j)
F_swave: (4.252199992429706e-14+2.881609123601237e-28j), F_dwave: (3.147825764671727e-22-8.846759199542768e-30j)
F_px: (6.310887241768095e-30+7.005005772604755e-21j), F_py: (-3.1554436208840472e-30+5.610481340188304e-21j)
Free_energy = -20585.415083908105
------------------------------------------
[{'stable': {}, 'free': np.float64(-20585.415083908105)}]
------------------------------------------
  Seed: s-wave+py
F_onsite: (-4.4672581039566375e-14+0j)
F_swave: (4.2521964598249055e-14+0j), F_dwave: (-4.940543205574488e-22+0j)
F_px: 5.221322345963504e-21j, F_py: -2.6324038987117785e-21j
Free_energy = -20585.415083908105
------------------------------------------
[{'stable': {}, 'free': np.float64(-20585.415083908105)}]
------------------------------------------
====================================
mu=3.65, T=0.0820
====================================
  Seed: normal state
F_onsite: 0j
F_swave: 0j, F_dwave: 0j
F_px: 0j, F_py: 0j
Free_energy = -20586.14291078536
------------------------------------------
[{'stable': {}, 'free': np.float64(-20586.14291078536)}]
------------------------------------------
  Seed: px+i*py
F_onsite: (-1.8061404718789765e-14+1.8365120293753487e-14j)
F_swave: (1.720405116361874e-14-1.74933528366937e-14j), F_dwave: (2.7864207095898956e-21-4.068855791234089e-21j)
F_px: (-1.5631980923159996e-22-2.1940414040740053e-20j), F_py: (3.381779677324476e-20+1.511040636950857e-20j)
Free_energy = -20586.14291078536
------------------------------------------
[{'stable': {}, 'free': np.float64(-20586.14291078536)}]
------------------------------------------
  Seed: s-wave
F_onsite: (-2.5726273498173017e-14+0j)
F_swave: (2.4505079613765166e-14+0j), F_dwave: (-2.172545194633412e-21+0j)
F_px: -9.59627466821922e-21j, F_py: -1.7331956656324597e-20j
Free_energy = -20586.14291078536
------------------------------------------
[{'stable': {}, 'free': np.float64(-20586.14291078536)}]
------------------------------------------
  Seed: s-wave+px
F_onsite: (-2.5726429070473675e-14-1.671365677647928e-28j)
F_swave: (2.4505226537819155e-14+1.5982387421395808e-28j), F_dwave: (4.468952248340397e-24+4.106082641433587e-31j)
F_px: (9.466330862652142e-30-1.4051758576118517e-21j), F_py: (6.310887241768095e-30-2.6513167555866087e-20j)
Free_energy = -20586.14291078536
------------------------------------------
[{'stable': {}, 'free': np.float64(-20586.14291078536)}]
------------------------------------------
  Seed: s-wave+py
F_onsite: (-2.5726273498173017e-14+0j)
F_swave: (2.4505079613765166e-14+0j), F_dwave: (-2.172545194633412e-21+0j)
F_px: -9.59627466821922e-21j, F_py: -1.7331956656324597e-20j
Free_energy = -20586.14291078536
------------------------------------------
[{'stable': {}, 'free': np.float64(-20586.14291078536)}]
------------------------------------------
====================================
mu=3.65, T=0.0850
====================================
  Seed: normal state
F_onsite: 0j
F_swave: 0j, F_dwave: 0j
F_px: 0j, F_py: 0j
Free_energy = -20586.895425238054
------------------------------------------
[{'stable': {}, 'free': np.float64(-20586.895425238054)}]
------------------------------------------
  Seed: px+i*py
F_onsite: (-1.2533734109148904e-14+1.274476332641609e-14j)
F_swave: (1.1947181334241475e-14-1.214833109662353e-14j), F_dwave: (5.022685464633295e-21+5.292763138984856e-22j)
F_px: (5.243057143508929e-21-2.3278919195626197e-20j), F_py: (1.1420868003686049e-21-3.2994723189867645e-20j)
Free_energy = -20586.895425238054
------------------------------------------
[{'stable': {}, 'free': np.float64(-20586.895425238054)}]
------------------------------------------
  Seed: s-wave
F_onsite: (-1.785245845532043e-14+0j)
F_swave: (1.7016992079917585e-14+0j), F_dwave: (1.1624685554005895e-21+0j)
F_px: 1.1243236506361325e-20j, F_py: 2.829788891422423e-20j
Free_energy = -20586.895425238054
------------------------------------------
[{'stable': {}, 'free': np.float64(-20586.895425238054)}]
------------------------------------------
  Seed: s-wave+px
F_onsite: (-1.7852479430653452e-14-1.1509520905167798e-28j)
F_swave: (1.701701325574075e-14+1.0976394754147842e-28j), F_dwave: (-2.6810673204336444e-21+2.8041539990278154e-31j)
F_px: (6.310887241768095e-30+3.626025875498238e-20j), F_py: (-3.1554436208840472e-30+8.045191333506419e-21j)
Free_energy = -20586.895425238054
------------------------------------------
[{'stable': {}, 'free': np.float64(-20586.895425238054)}]
------------------------------------------
  Seed: s-wave+py
F_onsite: (-1.785245845532043e-14+0j)
F_swave: (1.7016992079917585e-14+0j), F_dwave: (1.1624685554005895e-21+0j)
F_px: 1.1243236506361325e-20j, F_py: 2.829788891422423e-20j
Free_energy = -20586.895425238054
------------------------------------------
[{'stable': {}, 'free': np.float64(-20586.895425238054)}]
------------------------------------------
====================================
mu=3.65, T=0.0880
====================================
  Seed: normal state
F_onsite: 0j
F_swave: 0j, F_dwave: 0j
F_px: 0j, F_py: 0j
Free_energy = -20587.672327788456
------------------------------------------
[{'stable': {}, 'free': np.float64(-20587.672327788456)}]
------------------------------------------
  Seed: px+i*py
F_onsite: (-9.576663747608522e-15+9.738128281924138e-15j)
F_swave: (9.134918841342905e-15-9.288932660771885e-15j), F_dwave: (1.599740499972857e-22-3.3499322599109305e-22j)
F_px: (-1.0372641423932319e-20-2.863838899493589e-20j), F_py: (2.1439359563358316e-20-1.2612925802363332e-20j)
Free_energy = -20587.672327788452
------------------------------------------
[{'stable': {}, 'free': np.float64(-20587.672327788456)}]
------------------------------------------
  Seed: s-wave
F_onsite: (-1.3639969091213943e-14+0j)
F_swave: (1.3010788868035308e-14+0j), F_dwave: (3.613312311117382e-22+0j)
F_px: 2.054691070920486e-20j, F_py: 2.1363345735518863e-20j
Free_energy = -20587.672327788456
------------------------------------------
[{'stable': {}, 'free': np.float64(-20587.672327788456)}]
------------------------------------------
  Seed: s-wave+px
F_onsite: (-1.3639860054203934e-14-8.228226553057466e-29j)
F_swave: (1.3010681158093733e-14+7.742132450289747e-29j), F_dwave: (-7.566233979042145e-22-1.8568853558809534e-30j)
F_px: (7.888609052210118e-31+1.011010418231943e-20j), F_py: (-7.888609052210118e-31+3.338154039234762e-21j)
Free_energy = -20587.672327788456
------------------------------------------
[{'stable': {}, 'free': np.float64(-20587.672327788456)}]
------------------------------------------
  Seed: s-wave+py
F_onsite: (-1.3639969091213943e-14+0j)
F_swave: (1.3010788868035308e-14+0j), F_dwave: (3.613312311117382e-22+0j)
F_px: 2.054691070920486e-20j, F_py: 2.1363345735518863e-20j
Free_energy = -20587.672327788456
------------------------------------------
[{'stable': {}, 'free': np.float64(-20587.672327788456)}]
------------------------------------------
====================================
mu=3.65, T=0.0910
====================================
  Seed: normal state
F_onsite: 0j
F_swave: 0j, F_dwave: 0j
F_px: 0j, F_py: 0j
Free_energy = -20588.47331939932
------------------------------------------
[{'stable': {}, 'free': np.float64(-20588.47331939932)}]
------------------------------------------
  Seed: px+i*py
F_onsite: (-8.126052079384195e-15+8.263075237229719e-15j)
F_swave: (7.756708516727728e-15-7.8875050321858e-15j), F_dwave: (-1.1858666908920726e-21-1.260219869112499e-21j)
F_px: (2.957739559563934e-21+3.3845692009513834e-20j), F_py: (1.6736368433210436e-21-6.498047905958436e-20j)
Free_energy = -20588.473319399316
------------------------------------------
[{'stable': {}, 'free': np.float64(-20588.47331939932)}]
------------------------------------------
  Seed: s-wave
F_onsite: (-1.157381157207569e-14+0j)
F_swave: (1.1047761594148012e-14+0j), F_dwave: (-4.28408763347112e-22+0j)
F_px: 2.8679700502033835e-21j, F_py: -2.3379182900625704e-21j
Free_energy = -20588.47331939932
------------------------------------------
[{'stable': {}, 'free': np.float64(-20588.47331939932)}]
------------------------------------------
  Seed: s-wave+px
F_onsite: (-1.1573676910148447e-14-6.913568156665486e-29j)
F_swave: (1.1047634087113824e-14+6.777819327135058e-29j), F_dwave: (-1.8532364127599805e-21+1.8957891407575756e-30j)
F_px: (-3.1554436208840472e-30+5.258988715312846e-21j), F_py: (1.5777218104420236e-30+2.7450155525955272e-21j)
Free_energy = -20588.47331939932
------------------------------------------
[{'stable': {}, 'free': np.float64(-20588.47331939932)}]
------------------------------------------
  Seed: s-wave+py
F_onsite: (-1.157381157207569e-14+0j)
F_swave: (1.1047761594148012e-14+0j), F_dwave: (-4.28408763347112e-22+0j)
F_px: 2.8679700502033835e-21j, F_py: -2.3379182900625704e-21j
Free_energy = -20588.47331939932
------------------------------------------
[{'stable': {}, 'free': np.float64(-20588.47331939932)}]
------------------------------------------
====================================
mu=3.65, T=0.0940
====================================
  Seed: normal state
F_onsite: 0j
F_swave: 0j, F_dwave: 0j
F_px: 0j, F_py: 0j
Free_energy = -20589.29810310556
------------------------------------------
[{'stable': {}, 'free': np.float64(-20589.29810310556)}]
------------------------------------------
  Seed: px+i*py
F_onsite: (-6.700035190486497e-15+6.812960761959994e-15j)
F_swave: (6.3998998576464064e-15-6.507771225051167e-15j), F_dwave: (4.915220643904718e-21-8.365510431731539e-22j)
F_px: (-9.191582877728461e-21-9.886020897433188e-21j), F_py: (-4.445823359358906e-22-3.862924732981128e-20j)
Free_energy = -20589.298103105557
------------------------------------------
[{'stable': {}, 'free': np.float64(-20589.29810310556)}]
------------------------------------------
  Seed: s-wave
F_onsite: (-9.542640205471818e-15+0j)
F_swave: (9.115173727861369e-15+0j), F_dwave: (1.5854775950393171e-21+0j)
F_px: -8.222680944944786e-21j, F_py: -5.167983822502781e-22j
Free_energy = -20589.29810310556
------------------------------------------
[{'stable': {}, 'free': np.float64(-20589.29810310556)}]
------------------------------------------
  Seed: s-wave+px
F_onsite: (-9.54255700093557e-15-5.643323486600341e-29j)
F_swave: (9.11509388897845e-15+5.279787682966917e-29j), F_dwave: (9.293270754479982e-23-1.7423406724385226e-30j)
F_px: (-3.944304526105059e-30+1.9446744276296508e-20j), F_py: (7.888609052210118e-31-1.64265083537124e-20j)
Free_energy = -20589.29810310556
------------------------------------------
[{'stable': {}, 'free': np.float64(-20589.29810310556)}]
------------------------------------------
  Seed: s-wave+py
F_onsite: (-9.542640205471818e-15+0j)
F_swave: (9.115173727861369e-15+0j), F_dwave: (1.5854775950393171e-21+0j)
F_px: -8.222680944944786e-21j, F_py: -5.167983822502781e-22j
Free_energy = -20589.29810310556
------------------------------------------
[{'stable': {}, 'free': np.float64(-20589.29810310556)}]
------------------------------------------
====================================
mu=3.65, T=0.0970
====================================
  Seed: normal state
F_onsite: 0j
F_swave: 0j, F_dwave: 0j
F_px: 0j, F_py: 0j
Free_energy = -20590.146385422904
------------------------------------------
[{'stable': {}, 'free': np.float64(-20590.146385422904)}]
------------------------------------------
  Seed: px+i*py
F_onsite: (-5.370908179293194e-15+5.461523707300952e-15j)
F_swave: (5.1339070351026564e-15-5.220520662382636e-15j), F_dwave: (-4.454322414617555e-22-2.1396360771743193e-22j)
F_px: (2.7517625790355535e-21+9.610635701041415e-21j), F_py: (1.4639214994777662e-21+3.1376964909209883e-20j)
Free_energy = -20590.146385422904
------------------------------------------
[{'stable': {}, 'free': np.float64(-20590.146385422904)}]
------------------------------------------
  Seed: s-wave
F_onsite: (-7.649076080697386e-15+0j)
F_swave: (7.311542993872145e-15+0j), F_dwave: (3.660372076631049e-22+0j)
F_px: -1.5149839765604066e-20j, F_py: 4.266073924125639e-20j
Free_energy = -20590.1463854229
------------------------------------------
[{'stable': {}, 'free': np.float64(-20590.146385422904)}]
------------------------------------------
  Seed: s-wave+px
F_onsite: (-7.649216993144888e-15-4.355410331342388e-29j)
F_swave: (7.311679184041077e-15+4.2428621860839683e-29j), F_dwave: (2.278544422240615e-21+4.891862058743579e-31j)
F_px: (3.1554436208840472e-30-1.548131785794944e-20j), F_py: (-2.3665827156630354e-30+1.4526129042988363e-21j)
Free_energy = -20590.146385422904
------------------------------------------
[{'stable': {}, 'free': np.float64(-20590.146385422904)}]
------------------------------------------
  Seed: s-wave+py
F_onsite: (-7.649076080697386e-15+0j)
F_swave: (7.311542993872145e-15+0j), F_dwave: (3.660372076631049e-22+0j)
F_px: -1.5149839765604066e-20j, F_py: 4.266073924125639e-20j
Free_energy = -20590.1463854229
------------------------------------------
[{'stable': {}, 'free': np.float64(-20590.146385422904)}]
------------------------------------------
====================================
mu=3.65, T=0.1000
====================================
  Seed: normal state
F_onsite: 0j
F_swave: 0j, F_dwave: 0j
F_px: 0j, F_py: 0j
Free_energy = -20591.017877544968
------------------------------------------
[{'stable': {}, 'free': np.float64(-20591.017877544968)}]
------------------------------------------
  Seed: px+i*py
F_onsite: (-4.1886825712887064e-15+4.259226053119786e-15j)
F_swave: (4.006504665035396e-15-4.073981705697225e-15j), F_dwave: (-2.6930856232272195e-21-9.138097150282907e-22j)
F_px: (-1.7672152864493335e-20+4.793777076984714e-21j), F_py: (8.656542364689704e-21-1.079741223846359e-21j)
Free_energy = -20591.01787754496
------------------------------------------
[{'stable': {}, 'free': np.float64(-20591.017877544968)}]
------------------------------------------
  Seed: s-wave
F_onsite: (-5.964992403518415e-15+0j)
F_swave: (5.705557931038389e-15+0j), F_dwave: (1.138697694964303e-21+0j)
F_px: -8.903452077354855e-22j, F_py: 6.3875527834641885e-21j
Free_energy = -20591.017877544968
------------------------------------------
[{'stable': {}, 'free': np.float64(-20591.017877544968)}]
------------------------------------------
  Seed: s-wave+px
F_onsite: (-5.965012431441859e-15-3.5121350429812206e-29j)
F_swave: (5.705579935943806e-15+3.3954626402033065e-29j), F_dwave: (-2.6966926463289927e-21+5.9569013179897205e-31j)
F_px: (-7.888609052210118e-31-2.937323680422085e-20j), F_py: (3.944304526105059e-31+7.855803623435083e-21j)
Free_energy = -20591.017877544964
------------------------------------------
[{'stable': {}, 'free': np.float64(-20591.017877544968)}]
------------------------------------------
  Seed: s-wave+py
F_onsite: (-5.964992403518415e-15+0j)
F_swave: (5.705557931038389e-15+0j), F_dwave: (1.138697694964303e-21+0j)
F_px: -8.903452077354855e-22j, F_py: 6.3875527834641885e-21j
Free_energy = -20591.017877544968
------------------------------------------
[{'stable': {}, 'free': np.float64(-20591.017877544968)}]
------------------------------------------
