/home/emilssp/D1/venv/bin/python
Python 3.10.12
Running job 6 out of 10
====================================
mu=0.40, T=0.0010
====================================
  Seed: normal state
F_onsite: 0j
F_swave: 0j, F_dwave: 0j
F_px: 0j, F_py: 0j
Free_energy = -9355.44537576867
------------------------------------------
[{'stable': {}, 'free': np.float64(-9355.44537576867)}]
------------------------------------------
  Seed: d-wave
F_onsite: (1.1652290657784725e-16+0j)
F_swave: (2.498001805406602e-16+0j), F_dwave: (0.09281211203525178+0j)
F_px: -1.1955946992686722e-17j, F_py: 6.651703398278412e-18j
Free_energy = -9726.016313472073
------------------------------------------
[{'stable': {'F_dwave': np.complex128(0.09281211203525178+0j)}, 'free': np.float64(-9726.016313472073)}]
------------------------------------------
  Seed: d-wave+px
F_onsite: (-1.077761928284628e-14+2.4393384436399677e-18j)
F_swave: (2.5673907444456745e-15+2.1273899065582165e-18j), F_dwave: (0.09281138043740315+5.1160374562697086e-17j)
F_px: (1.8901690052725018e-07-6.868722461031735e-18j), F_py: (1.3877787807814457e-17+1.1279153234925906e-17j)
Free_energy = -9726.00650825357
------------------------------------------
[{'stable': {'F_dwave': np.complex128(0.09281211203525178+0j)}, 'free': np.float64(-9726.016313472073)}]
------------------------------------------
  Seed: d-wave+py
F_onsite: (8.568403156483129e-15+3.124337705994802e-19j)
F_swave: (-2.0747292772682613e-15+2.2167578699604376e-18j), F_dwave: (0.09281138043741705+1.4353091784846867e-17j)
F_px: (2.0816681711721685e-17-1.1238935071246718e-17j), F_py: (1.695515160632377e-07+1.037075187243006e-17j)
Free_energy = -9726.006508253562
------------------------------------------
[{'stable': {'F_dwave': np.complex128(0.09281211203525178+0j)}, 'free': np.float64(-9726.016313472073)}]
------------------------------------------
====================================
mu=0.40, T=0.0071
====================================
  Seed: normal state
F_onsite: 0j
F_swave: 0j, F_dwave: 0j
F_px: 0j, F_py: 0j
Free_energy = -9355.636984872724
------------------------------------------
[{'stable': {}, 'free': np.float64(-9355.636984872724)}]
------------------------------------------
  Seed: d-wave
F_onsite: (-6.762228225300771e-18+0j)
F_swave: (8.326672684688674e-17+0j), F_dwave: (0.09281037691464497+0j)
F_px: 1.1956152746410546e-18j, F_py: 7.910485507611771e-18j
Free_energy = -9726.005588800019
------------------------------------------
[{'stable': {'F_dwave': np.complex128(0.09281037691464497+0j)}, 'free': np.float64(-9726.005588800019)}]
------------------------------------------
  Seed: d-wave+px
F_onsite: (-7.370918504934451e-15+7.583824631699893e-19j)
F_swave: (1.9671764217576992e-15-2.0560072120651848e-18j), F_dwave: (0.09281004386037027+4.6568589930477435e-17j)
F_px: (1.5936260794324753e-07-9.95825042927068e-18j), F_py: (-6.938893903907228e-18+8.630236254853133e-18j)
Free_energy = -9726.0011253822
------------------------------------------
[{'stable': {'F_dwave': np.complex128(0.09281037691464497+0j)}, 'free': np.float64(-9726.005588800019)}]
------------------------------------------
  Seed: d-wave+py
F_onsite: (6.908495663045015e-15-1.4689698481275029e-18j)
F_swave: (-1.4224732503009818e-15-1.472315273082326e-18j), F_dwave: (0.09281021707364555+1.4983244592934664e-17j)
F_px: (4.163336342344337e-17-9.86664903499761e-18j), F_py: (1.5131828882963827e-07+9.037293729071263e-18j)
Free_energy = -9726.003446689529
------------------------------------------
[{'stable': {'F_dwave': np.complex128(0.09281037691464497+0j)}, 'free': np.float64(-9726.005588800019)}]
------------------------------------------
====================================
mu=0.40, T=0.0132
====================================
  Seed: normal state
F_onsite: 0j
F_swave: 0j, F_dwave: 0j
F_px: 0j, F_py: 0j
Free_energy = -9356.165425334288
------------------------------------------
[{'stable': {}, 'free': np.float64(-9356.165425334288)}]
------------------------------------------
  Seed: d-wave
F_onsite: (-1.6665492351236567e-17+0j)
F_swave: (7.632783294297951e-17+0j), F_dwave: (0.09280133001721026+0j)
F_px: -2.8096761148527436e-18j, F_py: 5.887828586760598e-18j
Free_energy = -9725.97009533279
------------------------------------------
[{'stable': {'F_dwave': np.complex128(0.09280133001721026+0j)}, 'free': np.float64(-9725.97009533279)}]
------------------------------------------
  Seed: d-wave+px
F_onsite: (-4.111459693839896e-15+7.553219700283448e-19j)
F_swave: (1.1136924715771102e-15+3.484848028455676e-18j), F_dwave: (0.09280131410478756+4.8239472020367706e-17j)
F_px: (1.2040336858781808e-07-1.8631493686329455e-17j), F_py: (6.938893903907228e-18+1.1141004275103325e-17j)
Free_energy = -9725.969882156978
------------------------------------------
[{'stable': {'F_dwave': np.complex128(0.09280133001721026+0j)}, 'free': np.float64(-9725.97009533279)}]
------------------------------------------
  Seed: d-wave+py
F_onsite: (3.820331955348459e-15+3.652029490749659e-19j)
F_swave: (-7.216449660063518e-16-5.5077584301849166e-18j), F_dwave: (0.09280132238044561+3.893895864926265e-18j)
F_px: (2.0816681711721685e-17-1.8911159855793006e-17j), F_py: (1.1432551964840609e-07+1.121161600783148e-17j)
Free_energy = -9725.969993024606
------------------------------------------
[{'stable': {'F_dwave': np.complex128(0.09280133001721026+0j)}, 'free': np.float64(-9725.97009533279)}]
------------------------------------------
====================================
mu=0.40, T=0.0193
====================================
  Seed: normal state
F_onsite: 0j
F_swave: 0j, F_dwave: 0j
F_px: 0j, F_py: 0j
Free_energy = -9356.96486074199
------------------------------------------
[{'stable': {}, 'free': np.float64(-9356.96486074199)}]
------------------------------------------
  Seed: d-wave
F_onsite: (1.463290250127022e-16+0j)
F_swave: (4.85722573273506e-17+0j), F_dwave: (0.09278617720892876+0j)
F_px: 1.9894103405519564e-19j, F_py: 5.701968508578576e-18j
Free_energy = -9725.925057504177
------------------------------------------
[{'stable': {'F_dwave': np.complex128(0.09278617720892876+0j)}, 'free': np.float64(-9725.925057504177)}]
------------------------------------------
  Seed: d-wave+px
F_onsite: (-2.0543625720923333e-15-8.486804462730552e-19j)
F_swave: (6.38378239159465e-16+3.58821484712354e-18j), F_dwave: (0.09278617644723118+5.044122601289017e-17j)
F_px: (8.59368644856584e-08-1.0757048444769344e-17j), F_py: (-1.3877787807814457e-17+1.0513956428132804e-17j)
Free_energy = -9725.925047306744
------------------------------------------
[{'stable': {'F_dwave': np.complex128(0.09278617720892876+0j)}, 'free': np.float64(-9725.925057504177)}]
------------------------------------------
  Seed: d-wave+py
F_onsite: (1.9561356986487e-15+1.4679164581541462e-18j)
F_swave: (-5.30825383648903e-16-2.9114029930767455e-18j), F_dwave: (0.09278617684336593+6.22920519838062e-18j)
F_px: (-6.938893903907228e-18-1.1617192796895781e-17j), F_py: (8.15988491151276e-08+1.0266906765502095e-17j)
Free_energy = -9725.925052610137
------------------------------------------
[{'stable': {'F_dwave': np.complex128(0.09278617720892876+0j)}, 'free': np.float64(-9725.925057504177)}]
------------------------------------------
====================================
mu=0.40, T=0.0254
====================================
  Seed: normal state
F_onsite: 0j
F_swave: 0j, F_dwave: 0j
F_px: 0j, F_py: 0j
Free_energy = -9357.99988253114
------------------------------------------
[{'stable': {}, 'free': np.float64(-9357.99988253114)}]
------------------------------------------
  Seed: d-wave
F_onsite: (-3.8464308765299613e-17+0j)
F_swave: (2.7755575615628914e-17+0j), F_dwave: (0.09276304574414447+0j)
F_px: -1.7681806983669232e-17j, F_py: 8.66712897515917e-18j
Free_energy = -9725.852377729756
------------------------------------------
[{'stable': {'F_dwave': np.complex128(0.09276304574414447+0j)}, 'free': np.float64(-9725.852377729756)}]
------------------------------------------
  Seed: d-wave+px
F_onsite: (-7.362867431565109e-16+1.1223641387365284e-18j)
F_swave: (3.2612801348363973e-16-1.0265131158047174e-18j), F_dwave: (0.09276304572701793+4.149404511518382e-17j)
F_px: (5.306876611071987e-08-1.7295989000366936e-17j), F_py: (5.551115123125783e-17+1.1870832013713185e-17j)
Free_energy = -9725.852377500814
------------------------------------------
[{'stable': {'F_dwave': np.complex128(0.09276304574414447+0j)}, 'free': np.float64(-9725.852377729756)}]
------------------------------------------
  Seed: d-wave+py
F_onsite: (7.408033341495066e-16+3.195251977154233e-19j)
F_swave: (-2.914335439641036e-16-5.436334879815675e-19j), F_dwave: (0.09276304573592303+1.0014666370397615e-17j)
F_px: (2.7755575615628914e-17-5.632001480858063e-18j), F_py: (5.038990284755851e-08+1.1130614695591724e-17j)
Free_energy = -9725.852377619885
------------------------------------------
[{'stable': {'F_dwave': np.complex128(0.09276304574414447+0j)}, 'free': np.float64(-9725.852377729756)}]
------------------------------------------
====================================
mu=0.40, T=0.0315
====================================
  Seed: normal state
F_onsite: 0j
F_swave: 0j, F_dwave: 0j
F_px: 0j, F_py: 0j
Free_energy = -9359.26709818141
------------------------------------------
[{'stable': {}, 'free': np.float64(-9359.26709818141)}]
------------------------------------------
  Seed: d-wave
F_onsite: (-9.455602738318777e-17+0j)
F_swave: (-1.734723475976807e-16+0j), F_dwave: (0.09273078252734722+0j)
F_px: -2.9764949854821365e-17j, F_py: 7.316538746596814e-18j
Free_energy = -9725.756238064636
------------------------------------------
[{'stable': {'F_dwave': np.complex128(0.09273078252734722+0j)}, 'free': np.float64(-9725.756238064636)}]
------------------------------------------
  Seed: d-wave+px
F_onsite: (-3.105031676120133e-16-1.3236012320634055e-18j)
F_swave: (3.122502256758253e-17+4.814304257647363e-18j), F_dwave: (0.09273078252695807+4.5555664670604706e-17j)
F_px: (3.110917834447946e-08-9.279924132957495e-18j), F_py: (-2.0816681711721685e-17+1.0021346566545099e-17j)
Free_energy = -9725.756238059459
------------------------------------------
[{'stable': {'F_dwave': np.complex128(0.09273078252734722+0j)}, 'free': np.float64(-9725.756238064636)}]
------------------------------------------
  Seed: d-wave+py
F_onsite: (2.0455060473839058e-16-4.265723949096412e-19j)
F_swave: (-1.1102230246251565e-16-1.0241932879787609e-18j), F_dwave: (0.09273078252715947+1.0147213378162806e-17j)
F_px: (5.551115123125783e-17-1.6238933150448395e-17j), F_py: (2.95388157683929e-08+1.112326969384572e-17j)
Free_energy = -9725.756238062175
------------------------------------------
[{'stable': {'F_dwave': np.complex128(0.09273078252734722+0j)}, 'free': np.float64(-9725.756238064636)}]
------------------------------------------
====================================
mu=0.40, T=0.0376
====================================
  Seed: normal state
F_onsite: 0j
F_swave: 0j, F_dwave: 0j
F_px: 0j, F_py: 0j
Free_energy = -9360.773456562032
------------------------------------------
[{'stable': {}, 'free': np.float64(-9360.773456562032)}]
------------------------------------------
  Seed: d-wave
F_onsite: (2.8446463333012804e-17+0j)
F_swave: (-1.1102230246251565e-16+0j), F_dwave: (0.09268524619628263+0j)
F_px: -7.102919683473431e-18j, F_py: 5.959116666311643e-18j
Free_energy = -9725.6123953117
------------------------------------------
[{'stable': {'F_dwave': np.complex128(0.09268524619628263+0j)}, 'free': np.float64(-9725.6123953117)}]
------------------------------------------
  Seed: d-wave+px
F_onsite: (-6.083634039332984e-17-5.751300231126293e-19j)
F_swave: (2.983724378680108e-16-3.1357392832412434e-19j), F_dwave: (0.09268524619627821+3.3159035359819286e-17j)
F_px: (1.5493174507219543e-08-1.2396967452825445e-17j), F_py: (2.7755575615628914e-17+9.222559217827957e-18j)
Free_energy = -9725.612395311651
------------------------------------------
[{'stable': {'F_dwave': np.complex128(0.09268524619628263+0j)}, 'free': np.float64(-9725.6123953117)}]
------------------------------------------
  Seed: d-wave+py
F_onsite: (4.497808389535589e-17-4.893539965163232e-19j)
F_swave: (3.191891195797325e-16+3.716264936467382e-18j), F_dwave: (0.09268524619628063+1.6047544799882143e-17j)
F_px: (4.85722573273506e-17-2.501093729533025e-17j), F_py: (1.4711093204722303e-08+9.309950576207037e-18j)
Free_energy = -9725.612395311682
------------------------------------------
[{'stable': {'F_dwave': np.complex128(0.09268524619628263+0j)}, 'free': np.float64(-9725.6123953117)}]
------------------------------------------
====================================
mu=0.40, T=0.0437
====================================
  Seed: normal state
F_onsite: 0j
F_swave: 0j, F_dwave: 0j
F_px: 0j, F_py: 0j
Free_energy = -9362.527757551197
------------------------------------------
[{'stable': {}, 'free': np.float64(-9362.527757551197)}]
------------------------------------------
  Seed: d-wave
F_onsite: (1.800575021285995e-17+0j)
F_swave: (1.3183898417423734e-16+0j), F_dwave: (0.0926229401045992+0j)
F_px: -3.4295139343374814e-18j, F_py: 9.869282186275584e-18j
Free_energy = -9725.415795851923
------------------------------------------
[{'stable': {'F_dwave': np.complex128(0.0926229401045992+0j)}, 'free': np.float64(-9725.415795851923)}]
------------------------------------------
  Seed: d-wave+px
F_onsite: (-2.9169795915203834e-17+1.071756148632276e-18j)
F_swave: (7.979727989493313e-17-3.2448879691323628e-18j), F_dwave: (0.09262294010459846+2.0997226494915725e-17j)
F_px: (7.320025349755177e-09-2.2975493312252064e-17j), F_py: (6.938893903907228e-18+9.442875014510196e-18j)
Free_energy = -9725.415795851926
------------------------------------------
[{'stable': {'F_dwave': np.complex128(0.0926229401045992+0j)}, 'free': np.float64(-9725.415795851923)}]
------------------------------------------
  Seed: d-wave+py
F_onsite: (-7.447997444743572e-18-3.073570720148376e-19j)
F_swave: (-2.255140518769849e-16+4.289285285245839e-18j), F_dwave: (0.09262294010459886+2.2083734226563568e-17j)
F_px: -1.536809389204608e-17j, F_py: (6.950516738546408e-09+9.906867982571035e-18j)
Free_energy = -9725.415795851928
------------------------------------------
[{'stable': {'F_dwave': np.complex128(0.0926229401045992+0j)}, 'free': np.float64(-9725.415795851923)}]
------------------------------------------
====================================
mu=0.40, T=0.0498
====================================
  Seed: normal state
F_onsite: 0j
F_swave: 0j, F_dwave: 0j
F_px: 0j, F_py: 0j
Free_energy = -9364.537907996733
------------------------------------------
[{'stable': {}, 'free': np.float64(-9364.537907996733)}]
------------------------------------------
  Seed: d-wave
F_onsite: (-2.9211294379714035e-17+0j)
F_swave: (3.2612801348363973e-16+0j), F_dwave: (0.09253740717144192+0j)
F_px: -1.2491940162891077e-17j, F_py: 1.4034768490103545e-17j
Free_energy = -9725.131679009588
------------------------------------------
[{'stable': {'F_dwave': np.complex128(0.09253740717144192+0j)}, 'free': np.float64(-9725.131679009588)}]
------------------------------------------
  Seed: d-wave+px
F_onsite: (-4.865141026136132e-17+8.009252928915943e-19j)
F_swave: (-1.0061396160665481e-16-7.217485214932851e-18j), F_dwave: (0.0925374071714417+2.942728261138505e-17j)
F_px: (2.877001380185984e-09-9.946176579923514e-18j), F_py: (-3.469446951953614e-17+1.1935676773520975e-17j)
Free_energy = -9725.131679009583
------------------------------------------
[{'stable': {'F_dwave': np.complex128(0.09253740717144192+0j)}, 'free': np.float64(-9725.131679009588)}]
------------------------------------------
  Seed: d-wave+py
F_onsite: (-7.040978184057061e-17-1.6281881166532794e-19j)
F_swave: (9.367506770274758e-17+8.872688976658861e-19j), F_dwave: (0.0925374071714416+1.8930726458713033e-17j)
F_px: (-6.938893903907228e-18-1.499630419417417e-17j), F_py: (2.731773050823616e-09+1.1346399785919257e-17j)
Free_energy = -9725.131679009584
------------------------------------------
[{'stable': {'F_dwave': np.complex128(0.09253740717144192+0j)}, 'free': np.float64(-9725.131679009588)}]
------------------------------------------
====================================
mu=0.40, T=0.0559
====================================
  Seed: normal state
F_onsite: 0j
F_swave: 0j, F_dwave: 0j
F_px: 0j, F_py: 0j
Free_energy = -9366.8104191096
------------------------------------------
[{'stable': {}, 'free': np.float64(-9366.8104191096)}]
------------------------------------------
  Seed: d-wave
F_onsite: (-6.882902379115759e-17+0j)
F_swave: (-6.938893903907228e-18+0j), F_dwave: (0.09242276248299568+0j)
F_px: -1.9774744332634578e-17j, F_py: 1.1312315262122068e-17j
Free_energy = -9724.742103556502
------------------------------------------
[{'stable': {'F_dwave': np.complex128(0.09242276248299568+0j)}, 'free': np.float64(-9724.742103556502)}]
------------------------------------------
  Seed: d-wave+px
F_onsite: (-6.333621090606705e-17+9.6086028147717e-19j)
F_swave: (-9.020562075079397e-17-5.853506321739648e-18j), F_dwave: (0.09242276248299591+2.943856556173543e-17j)
F_px: (1.0671306338583264e-09-8.80476363720531e-18j), F_py: (1.3877787807814457e-17+1.0286773350032932e-17j)
Free_energy = -9724.742103556502
------------------------------------------
[{'stable': {'F_dwave': np.complex128(0.09242276248299568+0j)}, 'free': np.float64(-9724.742103556502)}]
------------------------------------------
  Seed: d-wave+py
F_onsite: (-9.132699011789157e-17-4.785297009765825e-19j)
F_swave: (5.204170427930421e-17+3.778683369842284e-18j), F_dwave: (0.09242276248299561+2.1050536010648083e-17j)
F_px: -9.472851093634963e-18j, F_py: (1.0132637992543714e-09+1.1083640129227555e-17j)
Free_energy = -9724.742103556502
------------------------------------------
[{'stable': {'F_dwave': np.complex128(0.09242276248299568+0j)}, 'free': np.float64(-9724.742103556502)}]
------------------------------------------
====================================
mu=0.40, T=0.0620
====================================
  Seed: normal state
F_onsite: 0j
F_swave: 0j, F_dwave: 0j
F_px: 0j, F_py: 0j
Free_energy = -9369.35056980143
------------------------------------------
[{'stable': {}, 'free': np.float64(-9369.35056980143)}]
------------------------------------------
  Seed: d-wave
F_onsite: (1.646527400325005e-17+0j)
F_swave: (1.5265566588595902e-16+0j), F_dwave: (0.09227100115263392+0j)
F_px: -8.177394073702181e-18j, F_py: 9.697605077931873e-18j
Free_energy = -9724.209074666845
------------------------------------------
[{'stable': {'F_dwave': np.complex128(0.09227100115263392+0j)}, 'free': np.float64(-9724.209074666845)}]
------------------------------------------
  Seed: d-wave+px
F_onsite: (4.278565551593097e-17+1.7803203308436714e-18j)
F_swave: (1.0408340855860843e-17-5.216317789873829e-18j), F_dwave: (0.09227100115263322+1.8171922870340323e-17j)
F_px: (3.738216611259837e-10-5.199182360861616e-18j), F_py: (-6.938893903907228e-18+1.1358074647993306e-17j)
Free_energy = -9724.209074666845
------------------------------------------
[{'stable': {'F_dwave': np.complex128(0.09227100115263392+0j)}, 'free': np.float64(-9724.209074666845)}]
------------------------------------------
  Seed: d-wave+py
F_onsite: (5.4776018398711803e-17-1.7095183069450191e-19j)
F_swave: (1.0408340855860843e-17-3.34212828736363e-18j), F_dwave: (0.0922710011526334+1.445896531978452e-17j)
F_px: (5.551115123125783e-17-2.0286406304812853e-17j), F_py: (3.5495200528812276e-10+1.2229335655707619e-17j)
Free_energy = -9724.20907466685
------------------------------------------
[{'stable': {'F_dwave': np.complex128(0.09227100115263392+0j)}, 'free': np.float64(-9724.209074666845)}]
------------------------------------------
====================================
mu=0.40, T=0.0681
====================================
  Seed: normal state
F_onsite: 0j
F_swave: 0j, F_dwave: 0j
F_px: 0j, F_py: 0j
Free_energy = -9372.162650193559
------------------------------------------
[{'stable': {}, 'free': np.float64(-9372.162650193559)}]
------------------------------------------
  Seed: d-wave
F_onsite: (5.1006735896877865e-17+0j)
F_swave: (1.6653345369377348e-16+0j), F_dwave: (0.0920732210980302+0j)
F_px: -6.921914367473352e-18j, F_py: 1.2724638476911432e-17j
Free_energy = -9723.489116493836
------------------------------------------
[{'stable': {'F_dwave': np.complex128(0.0920732210980302+0j)}, 'free': np.float64(-9723.489116493836)}]
------------------------------------------
  Seed: d-wave+px
F_onsite: (8.394530293198347e-17+5.644987166550781e-19j)
F_swave: (1.0755285551056204e-16+1.309519551025341e-18j), F_dwave: (0.09207322109803072+1.6781915954501874e-17j)
F_px: (1.0567343528000706e-10-1.3947754125472025e-17j), F_py: (-4.85722573273506e-17+1.155436064433889e-17j)
Free_energy = -9723.489116493847
------------------------------------------
[{'stable': {'F_dwave': np.complex128(0.0920732210980302+0j)}, 'free': np.float64(-9723.489116493836)}]
------------------------------------------
  Seed: d-wave+py
F_onsite: (6.846927301659093e-17+4.4405537735903214e-20j)
F_swave: (9.020562075079397e-17+1.207719916679614e-18j), F_dwave: (0.09207322109803057+6.169982375244274e-18j)
F_px: 1.2988827556851681e-17j, F_py: (1.0033839037415504e-10+1.184169927362743e-17j)
Free_energy = -9723.489116493845
------------------------------------------
[{'stable': {'F_dwave': np.complex128(0.0920732210980302+0j)}, 'free': np.float64(-9723.489116493836)}]
------------------------------------------
====================================
mu=0.40, T=0.0742
====================================
  Seed: normal state
F_onsite: 0j
F_swave: 0j, F_dwave: 0j
F_px: 0j, F_py: 0j
Free_energy = -9375.250134527801
------------------------------------------
[{'stable': {}, 'free': np.float64(-9375.250134527801)}]
------------------------------------------
  Seed: d-wave
F_onsite: (8.25687716983492e-18+0j)
F_swave: (-2.983724378680108e-16+0j), F_dwave: (0.09182183394645942+0j)
F_px: -6.894929254350035e-18j, F_py: 1.043161275521441e-17j
Free_energy = -9722.559838822637
------------------------------------------
[{'stable': {'F_dwave': np.complex128(0.09182183394645942+0j)}, 'free': np.float64(-9722.559838822637)}]
------------------------------------------
  Seed: d-wave+px
F_onsite: (5.2383397392835155e-17+8.721804922049343e-20j)
F_swave: (-3.191891195797325e-16+7.81029411052756e-18j), F_dwave: (0.0918218339464596+2.696643311033929e-17j)
F_px: (2.801327225743222e-11-3.4596926020000894e-18j), F_py: 1.1550554681645909e-17j
Free_energy = -9722.559838822637
------------------------------------------
[{'stable': {'F_dwave': np.complex128(0.09182183394645942+0j)}, 'free': np.float64(-9722.559838822637)}]
------------------------------------------
  Seed: d-wave+py
F_onsite: (5.647314660447229e-17+6.727046416895902e-19j)
F_swave: (7.28583859910259e-17-1.8977887095457165e-18j), F_dwave: (0.09182183394645949+7.144400309651128e-18j)
F_px: (1.3877787807814457e-17+2.0286614888561242e-18j), F_py: (2.6598993840831753e-11+1.1032647360768326e-17j)
Free_energy = -9722.559838822637
------------------------------------------
[{'stable': {'F_dwave': np.complex128(0.09182183394645942+0j)}, 'free': np.float64(-9722.559838822637)}]
------------------------------------------
====================================
mu=0.40, T=0.0803
====================================
  Seed: normal state
F_onsite: 0j
F_swave: 0j, F_dwave: 0j
F_px: 0j, F_py: 0j
Free_energy = -9378.615781625398
------------------------------------------
[{'stable': {}, 'free': np.float64(-9378.615781625398)}]
------------------------------------------
  Seed: d-wave
F_onsite: (4.791706723923362e-17+0j)
F_swave: (6.938893903907228e-18+0j), F_dwave: (0.09150720288416214+0j)
F_px: -2.590670059013074e-17j, F_py: 8.074448073809072e-18j
Free_energy = -9721.374737374266
------------------------------------------
[{'stable': {'F_dwave': np.complex128(0.09150720288416214+0j)}, 'free': np.float64(-9721.374737374266)}]
------------------------------------------
  Seed: d-wave+px
F_onsite: (1.0477326494296548e-16-1.2948385161626359e-18j)
F_swave: (1.2836953722228372e-16+1.0348925321040092e-20j), F_dwave: (0.09150720288416239+5.31671656003584e-17j)
F_px: (5.856350127064758e-12-1.0114033579563406e-17j), F_py: (6.938893903907228e-18+1.1919375805713048e-17j)
Free_energy = -9721.374737374263
------------------------------------------
[{'stable': {'F_dwave': np.complex128(0.09150720288416214+0j)}, 'free': np.float64(-9721.374737374266)}]
------------------------------------------
  Seed: d-wave+py
F_onsite: (1.1017981737546469e-16+2.4034369264768443e-19j)
F_swave: (4.163336342344337e-17-3.0704091149317758e-18j), F_dwave: (0.09150720288416243-2.375274771545008e-18j)
F_px: (1.3877787807814457e-17-1.2716741239741907e-17j), F_py: (5.560524263259481e-12+1.1737538353214397e-17j)
Free_energy = -9721.374737374263
------------------------------------------
[{'stable': {'F_dwave': np.complex128(0.09150720288416214+0j)}, 'free': np.float64(-9721.374737374266)}]
------------------------------------------
====================================
mu=0.40, T=0.0864
====================================
  Seed: normal state
F_onsite: 0j
F_swave: 0j, F_dwave: 0j
F_px: 0j, F_py: 0j
Free_energy = -9382.261693359149
------------------------------------------
[{'stable': {}, 'free': np.float64(-9382.261693359149)}]
------------------------------------------
  Seed: d-wave
F_onsite: (-2.967236306777461e-17+0j)
F_swave: (-2.914335439641036e-16+0j), F_dwave: (0.09112174109818497+0j)
F_px: -1.1675419451663586e-17j, F_py: 9.35165482168035e-18j
Free_energy = -9719.914673824458
------------------------------------------
[{'stable': {'F_dwave': np.complex128(0.09112174109818497+0j)}, 'free': np.float64(-9719.914673824458)}]
------------------------------------------
  Seed: d-wave+px
F_onsite: (-1.0014371970902463e-16-1.4330200606119207e-18j)
F_swave: (1.0408340855860843e-17+2.380986545051721e-18j), F_dwave: (0.09112174109818512+6.477054607449833e-17j)
F_px: (1.13972720150457e-12-6.854853044981079e-18j), F_py: (-6.938893903907228e-18+1.1820681577314445e-17j)
Free_energy = -9719.914673824462
------------------------------------------
[{'stable': {'F_dwave': np.complex128(0.09112174109818497+0j)}, 'free': np.float64(-9719.914673824458)}]
------------------------------------------
  Seed: d-wave+py
F_onsite: (-1.5223574381137088e-16+9.796061375561481e-19j)
F_swave: (6.591949208711867e-17+6.142920646368653e-18j), F_dwave: (0.09112174109818529+1.8037628650326267e-18j)
F_px: (3.469446951953614e-17-2.869051982387021e-17j), F_py: (1.0821968321472752e-12+1.1673518405998287e-17j)
Free_energy = -9719.914673824462
------------------------------------------
[{'stable': {'F_dwave': np.complex128(0.09112174109818497+0j)}, 'free': np.float64(-9719.914673824458)}]
------------------------------------------
====================================
mu=0.40, T=0.0925
====================================
  Seed: normal state
F_onsite: 0j
F_swave: 0j, F_dwave: 0j
F_px: 0j, F_py: 0j
Free_energy = -9386.18935695602
------------------------------------------
[{'stable': {}, 'free': np.float64(-9386.18935695602)}]
------------------------------------------
  Seed: d-wave
F_onsite: (-3.069230501820858e-17+0j)
F_swave: (-3.469446951953614e-17+0j), F_dwave: (0.09065629064215544+0j)
F_px: 6.758322030548128e-19j, F_py: 9.844656973075357e-18j
Free_energy = -9718.141625831382
------------------------------------------
[{'stable': {'F_dwave': np.complex128(0.09065629064215544+0j)}, 'free': np.float64(-9718.141625831382)}]
------------------------------------------
  Seed: d-wave+px
F_onsite: (2.1092444511144855e-18-1.946482692131808e-20j)
F_swave: (1.942890293094024e-16-2.106160499649358e-18j), F_dwave: (0.09065629064215548+5.803766481086989e-17j)
F_px: (1.7075230118734908e-13-4.425785839306988e-18j), F_py: (1.3877787807814457e-17+1.1714687532516659e-17j)
Free_energy = -9718.141625831384
------------------------------------------
[{'stable': {'F_dwave': np.complex128(0.09065629064215544+0j)}, 'free': np.float64(-9718.141625831382)}]
------------------------------------------
  Seed: d-wave+py
F_onsite: (-8.306555899446945e-17-9.600597932938155e-19j)
F_swave: (3.469446951953614e-18-3.444600334765708e-21j), F_dwave: (0.09065629064215516+6.1738771551584796e-18j)
F_px: (-1.3877787807814457e-17-2.947639664947663e-17j), F_py: (1.6208562270136895e-13+9.570215834197038e-18j)
Free_energy = -9718.141625831386
------------------------------------------
[{'stable': {'F_dwave': np.complex128(0.09065629064215544+0j)}, 'free': np.float64(-9718.141625831382)}]
------------------------------------------
====================================
mu=0.40, T=0.0986
====================================
  Seed: normal state
F_onsite: 0j
F_swave: 0j, F_dwave: 0j
F_px: 0j, F_py: 0j
Free_energy = -9390.399685711856
------------------------------------------
[{'stable': {}, 'free': np.float64(-9390.399685711856)}]
------------------------------------------
  Seed: d-wave
F_onsite: (9.704657647017492e-17+0j)
F_swave: (1.734723475976807e-16+0j), F_dwave: (0.09010370065272386+0j)
F_px: -4.506943198331924e-19j, F_py: 1.0230809698433487e-17j
Free_energy = -9716.04325470163
------------------------------------------
[{'stable': {'F_dwave': np.complex128(0.09010370065272386+0j)}, 'free': np.float64(-9716.04325470163)}]
------------------------------------------
  Seed: d-wave+px
F_onsite: (1.309286969663761e-16-2.4194173895383273e-19j)
F_swave: (1.734723475976807e-17-1.732887606964094e-18j), F_dwave: (0.09010370065272401+6.221653390939771e-17j)
F_px: (2.2919166564605575e-14-9.978368844547631e-18j), F_py: (6.938893903907228e-18+1.1602404000817356e-17j)
Free_energy = -9716.04325470163
------------------------------------------
[{'stable': {'F_dwave': np.complex128(0.09010370065272386+0j)}, 'free': np.float64(-9716.04325470163)}]
------------------------------------------
  Seed: d-wave+py
F_onsite: (1.496794293489462e-16-3.569668540565824e-19j)
F_swave: (6.245004513516506e-17+9.452192875950219e-20j), F_dwave: (0.09010370065272408+9.256915162559226e-18j)
F_px: (-2.0816681711721685e-17-5.2360314938382596e-18j), F_py: (2.223221606811876e-14+9.51118310836384e-18j)
Free_energy = -9716.043254701633
------------------------------------------
[{'stable': {'F_dwave': np.complex128(0.09010370065272386+0j)}, 'free': np.float64(-9716.04325470163)}]
------------------------------------------
====================================
mu=0.40, T=0.1047
====================================
  Seed: normal state
F_onsite: 0j
F_swave: 0j, F_dwave: 0j
F_px: 0j, F_py: 0j
Free_energy = -9394.893063889247
------------------------------------------
[{'stable': {}, 'free': np.float64(-9394.893063889247)}]
------------------------------------------
  Seed: d-wave
F_onsite: (1.2870716766392475e-16+0j)
F_swave: (1.5959455978986625e-16+0j), F_dwave: (0.08945583561617312+0j)
F_px: -1.2960745849951768e-18j, F_py: 7.795306227355702e-18j
Free_energy = -9713.596589046536
------------------------------------------
[{'stable': {'F_dwave': np.complex128(0.08945583561617312+0j)}, 'free': np.float64(-9713.596589046536)}]
------------------------------------------
  Seed: d-wave+px
F_onsite: (6.833324416029939e-17+4.1170035861798905e-19j)
F_swave: (1.6653345369377348e-16-5.466410250883019e-18j), F_dwave: (0.08945583561617314+6.143630530918411e-17j)
F_px: (2.9282132274488504e-15-2.878960164752228e-18j), F_py: (1.3877787807814457e-17+1.1178332039840833e-17j)
Free_energy = -9713.596589046532
------------------------------------------
[{'stable': {'F_dwave': np.complex128(0.08945583561617312+0j)}, 'free': np.float64(-9713.596589046536)}]
------------------------------------------
  Seed: d-wave+py
F_onsite: (1.1897224149895864e-16+9.556717955849762e-19j)
F_swave: (8.326672684688674e-17+2.6096637539009985e-19j), F_dwave: (0.08945583561617312+7.731355884995027e-18j)
F_px: (6.938893903907228e-18-1.5212770505906216e-17j), F_py: (2.5396351688300456e-15+1.0316035314320253e-17j)
Free_energy = -9713.596589046532
------------------------------------------
[{'stable': {'F_dwave': np.complex128(0.08945583561617312+0j)}, 'free': np.float64(-9713.596589046536)}]
------------------------------------------
====================================
mu=0.40, T=0.1108
====================================
  Seed: normal state
F_onsite: 0j
F_swave: 0j, F_dwave: 0j
F_px: 0j, F_py: 0j
Free_energy = -9399.669396461413
------------------------------------------
[{'stable': {}, 'free': np.float64(-9399.669396461413)}]
------------------------------------------
  Seed: d-wave
F_onsite: (-1.2838029103778656e-16+0j)
F_swave: (-6.938893903907228e-18+0j), F_dwave: (0.0887043557684075+0j)
F_px: -1.870019983826437e-17j, F_py: 8.876257260341698e-18j
Free_energy = -9710.779269858107
------------------------------------------
[{'stable': {'F_dwave': np.complex128(0.0887043557684075+0j)}, 'free': np.float64(-9710.779269858107)}]
------------------------------------------
  Seed: d-wave+px
F_onsite: (-1.4022920250192113e-16-2.388833212641575e-19j)
F_swave: (1.0408340855860843e-17-3.514647765723527e-19j), F_dwave: (0.08870435576840748+3.795456388269264e-17j)
F_px: (1.8041124150158794e-16-2.0560984232287232e-17j), F_py: (-6.938893903907228e-18+1.106820829516575e-17j)
Free_energy = -9710.779269858105
------------------------------------------
[{'stable': {'F_dwave': np.complex128(0.0887043557684075+0j)}, 'free': np.float64(-9710.779269858107)}]
------------------------------------------
  Seed: d-wave+py
F_onsite: (-1.539433885929954e-16+1.770856660749606e-18j)
F_swave: (-3.469446951953614e-18+1.7393980755368363e-18j), F_dwave: (0.08870435576840745+1.5370848813472672e-17j)
F_px: (-4.163336342344337e-17-2.5940664752369736e-17j), F_py: (1.0408340855860843e-16+1.2265965671591033e-17j)
Free_energy = -9710.779269858105
------------------------------------------
[{'stable': {'F_dwave': np.complex128(0.0887043557684075+0j)}, 'free': np.float64(-9710.779269858107)}]
------------------------------------------
====================================
mu=0.40, T=0.1169
====================================
  Seed: normal state
F_onsite: 0j
F_swave: 0j, F_dwave: 0j
F_px: 0j, F_py: 0j
Free_energy = -9404.72816205442
------------------------------------------
[{'stable': {}, 'free': np.float64(-9404.72816205442)}]
------------------------------------------
  Seed: d-wave
F_onsite: (3.931255932241559e-17+0j)
F_swave: (1.457167719820518e-16+0j), F_dwave: (0.08784224889244757+0j)
F_px: -2.8729969561798004e-17j, F_py: 8.960341341252066e-18j
Free_energy = -9707.587611619816
------------------------------------------
[{'stable': {'F_dwave': np.complex128(0.08784224889244757+0j)}, 'free': np.float64(-9707.587611619816)}]
------------------------------------------
  Seed: d-wave+px
F_onsite: (3.968318917639855e-17+1.343330382220476e-18j)
F_swave: (1.491862189340054e-16-2.7579384490793894e-18j), F_dwave: (0.0878422488924476+4.606129102094178e-17j)
F_px: (2.0816681711721685e-17-1.312007299592302e-17j), F_py: (-6.938893903907228e-18+9.588006817237916e-18j)
Free_energy = -9707.587611619816
------------------------------------------
[{'stable': {'F_dwave': np.complex128(0.08784224889244757+0j)}, 'free': np.float64(-9707.587611619816)}]
------------------------------------------
  Seed: d-wave+py
F_onsite: (4.9627964782094876e-17+9.133437160374397e-20j)
F_swave: (1.6653345369377348e-16+8.783913642761856e-20j), F_dwave: (0.08784224889244759+1.3187262395538865e-17j)
F_px: -2.1715570611576935e-17j, F_py: 1.0143724950724516e-17j
Free_energy = -9707.587611619816
------------------------------------------
[{'stable': {'F_dwave': np.complex128(0.08784224889244757+0j)}, 'free': np.float64(-9707.587611619816)}]
------------------------------------------
====================================
mu=0.40, T=0.1230
====================================
  Seed: normal state
F_onsite: 0j
F_swave: 0j, F_dwave: 0j
F_px: 0j, F_py: 0j
Free_energy = -9410.068466791849
------------------------------------------
[{'stable': {}, 'free': np.float64(-9410.068466791849)}]
------------------------------------------
  Seed: d-wave
F_onsite: (-1.1709740804868071e-17+0j)
F_swave: (-6.938893903907228e-17+0j), F_dwave: (0.08686214622298588+0j)
F_px: -1.5783611939136633e-17j, F_py: 8.276094229825752e-18j
Free_energy = -9704.01786008058
------------------------------------------
[{'stable': {'F_dwave': np.complex128(0.08686214622298588+0j)}, 'free': np.float64(-9704.01786008058)}]
------------------------------------------
  Seed: d-wave+px
F_onsite: (-1.1797024903104666e-17-3.551499707866113e-21j)
F_swave: (-5.551115123125783e-17-5.142466476546722e-18j), F_dwave: (0.08686214622298588+4.018660509334373e-17j)
F_px: (6.938893903907228e-18-1.069437991168168e-17j), F_py: (1.3877787807814457e-17+1.2453201640443994e-17j)
Free_energy = -9704.01786008058
------------------------------------------
[{'stable': {'F_dwave': np.complex128(0.08686214622298588+0j)}, 'free': np.float64(-9704.01786008058)}]
------------------------------------------
  Seed: d-wave+py
F_onsite: (-1.2034895577495315e-17+5.262209871413204e-19j)
F_swave: (-4.85722573273506e-17-3.781445830528509e-19j), F_dwave: (0.08686214622298588+1.0080824689379912e-17j)
F_px: (2.0816681711721685e-17-1.644371406207283e-17j), F_py: 9.979186319178531e-18j
Free_energy = -9704.01786008058
------------------------------------------
[{'stable': {'F_dwave': np.complex128(0.08686214622298588+0j)}, 'free': np.float64(-9704.01786008058)}]
------------------------------------------
====================================
mu=0.40, T=0.1291
====================================
  Seed: normal state
F_onsite: 0j
F_swave: 0j, F_dwave: 0j
F_px: 0j, F_py: 0j
Free_energy = -9415.689096930426
------------------------------------------
[{'stable': {}, 'free': np.float64(-9415.689096930426)}]
------------------------------------------
  Seed: d-wave
F_onsite: (9.998962621981355e-17+0j)
F_swave: (6.938893903907228e-17+0j), F_dwave: (0.08575495058543449+0j)
F_px: -1.5688037002422765e-17j, F_py: 1.2407776197122685e-17j
Free_energy = -9700.054128356272
------------------------------------------
[{'stable': {'F_dwave': np.complex128(0.08575495058543449+0j)}, 'free': np.float64(-9700.054128356272)}]
------------------------------------------
  Seed: d-wave+px
F_onsite: (1.0192008235894967e-16+1.9910924489336593e-18j)
F_swave: (6.938893903907228e-17+1.8653694045905688e-18j), F_dwave: (0.08575495058543452+4.13632227789958e-17j)
F_px: (-6.938893903907228e-18-2.4276593572219576e-17j), F_py: (-2.7755575615628914e-17+1.0552913182315847e-17j)
Free_energy = -9700.054128356272
------------------------------------------
[{'stable': {'F_dwave': np.complex128(0.08575495058543449+0j)}, 'free': np.float64(-9700.054128356272)}]
------------------------------------------
  Seed: d-wave+py
F_onsite: (1.1100712967799726e-16+1.0987167884670767e-18j)
F_swave: (7.979727989493313e-17-3.2865625449740458e-18j), F_dwave: (0.08575495058543453+8.92918124078204e-18j)
F_px: (-2.7755575615628914e-17-2.3678651442830595e-17j), F_py: (-4.85722573273506e-17+1.115558388967649e-17j)
Free_energy = -9700.054128356272
------------------------------------------
[{'stable': {'F_dwave': np.complex128(0.08575495058543449+0j)}, 'free': np.float64(-9700.054128356272)}]
------------------------------------------
====================================
mu=0.40, T=0.1352
====================================
  Seed: normal state
F_onsite: 0j
F_swave: 0j, F_dwave: 0j
F_px: 0j, F_py: 0j
Free_energy = -9421.588568673957
------------------------------------------
[{'stable': {}, 'free': np.float64(-9421.588568673957)}]
------------------------------------------
  Seed: d-wave
F_onsite: (-7.748257707810354e-17+0j)
F_swave: (1.3877787807814457e-16+0j), F_dwave: (0.08451260507430526+0j)
F_px: -1.7483432529166765e-17j, F_py: 1.0345316310629202e-17j
Free_energy = -9695.699128980154
------------------------------------------
[{'stable': {'F_dwave': np.complex128(0.08451260507430526+0j)}, 'free': np.float64(-9695.699128980154)}]
------------------------------------------
  Seed: d-wave+px
F_onsite: (-7.759359133375306e-17+3.93098157201722e-20j)
F_swave: (1.5265566588595902e-16+1.1916163313140373e-18j), F_dwave: (0.08451260507430527+4.522344039887228e-17j)
F_px: (-6.938893903907228e-18-1.8367269637005693e-17j), F_py: 1.1147093379390114e-17j
Free_energy = -9695.699128980154
------------------------------------------
[{'stable': {'F_dwave': np.complex128(0.08451260507430526+0j)}, 'free': np.float64(-9695.699128980154)}]
------------------------------------------
  Seed: d-wave+py
F_onsite: (-8.44703077253759e-17-7.24506323735302e-20j)
F_swave: (1.3877787807814457e-16-3.895770462989463e-19j), F_dwave: (0.08451260507430526+1.3827893307241024e-17j)
F_px: -1.5833737016305815e-17j, F_py: 1.1895096263709566e-17j
Free_energy = -9695.699128980154
------------------------------------------
[{'stable': {'F_dwave': np.complex128(0.08451260507430526+0j)}, 'free': np.float64(-9695.699128980154)}]
------------------------------------------
====================================
mu=0.40, T=0.1413
====================================
  Seed: normal state
F_onsite: 0j
F_swave: 0j, F_dwave: 0j
F_px: 0j, F_py: 0j
Free_energy = -9427.765174107994
------------------------------------------
[{'stable': {}, 'free': np.float64(-9427.765174107994)}]
------------------------------------------
  Seed: d-wave
F_onsite: (1.6530509710157714e-18+0j)
F_swave: (-3.0531133177191805e-16+0j), F_dwave: (0.08312637105631328+0j)
F_px: -1.2086826803532007e-17j, F_py: 9.007416189912459e-18j
Free_energy = -9690.957044447652
------------------------------------------
[{'stable': {'F_dwave': np.complex128(0.08312637105631328+0j)}, 'free': np.float64(-9690.957044447652)}]
------------------------------------------
  Seed: d-wave+px
F_onsite: (2.0162957564898577e-18+7.504810623031717e-19j)
F_swave: (-3.157196726277789e-16+4.71298044723393e-18j), F_dwave: (0.08312637105631326+4.369368896996366e-17j)
F_px: (3.469446951953614e-17-1.0277151251480851e-17j), F_py: (-2.0816681711721685e-17+1.075496179256445e-17j)
Free_energy = -9690.957044447652
------------------------------------------
[{'stable': {'F_dwave': np.complex128(0.08312637105631328+0j)}, 'free': np.float64(-9690.957044447652)}]
------------------------------------------
  Seed: d-wave+py
F_onsite: (-8.580576104584071e-18-4.282360752876684e-19j)
F_swave: (-3.122502256758253e-16-3.985531967160655e-19j), F_dwave: (0.08312637105631326+1.0646978947064788e-17j)
F_px: (-6.938893903907228e-18-1.931381489349196e-17j), F_py: (1.3877787807814457e-17+1.1003020023379303e-17j)
Free_energy = -9690.957044447654
------------------------------------------
[{'stable': {'F_dwave': np.complex128(0.08312637105631328+0j)}, 'free': np.float64(-9690.957044447652)}]
------------------------------------------
====================================
mu=0.40, T=0.1474
====================================
  Seed: normal state
F_onsite: 0j
F_swave: 0j, F_dwave: 0j
F_px: 0j, F_py: 0j
Free_energy = -9434.217022679171
------------------------------------------
[{'stable': {}, 'free': np.float64(-9434.217022679171)}]
------------------------------------------
  Seed: d-wave
F_onsite: (-1.0875916722565876e-16+0j)
F_swave: (6.245004513516506e-17+0j), F_dwave: (0.08158480177486356+0j)
F_px: -1.1690376762481945e-17j, F_py: 9.365067324330721e-18j
Free_energy = -9685.81778195841
------------------------------------------
[{'stable': {'F_dwave': np.complex128(0.08158480177486356+0j)}, 'free': np.float64(-9685.81778195841)}]
------------------------------------------
  Seed: d-wave+px
F_onsite: (-1.2214643031278438e-16-6.900369649830454e-19j)
F_swave: (6.938893903907228e-17+3.268345737531018e-18j), F_dwave: (0.08158480177486359+4.345940102160113e-17j)
F_px: (6.938893903907228e-18-1.8126236493296688e-17j), F_py: 1.1091642244093269e-17j
Free_energy = -9685.81778195841
------------------------------------------
[{'stable': {'F_dwave': np.complex128(0.08158480177486356+0j)}, 'free': np.float64(-9685.81778195841)}]
------------------------------------------
  Seed: d-wave+py
F_onsite: (-1.212053769280244e-16-2.636693125475694e-19j)
F_swave: (6.938893903907228e-17+5.992442983081079e-19j), F_dwave: (0.08158480177486357+1.446863671550649e-17j)
F_px: -1.6626404677058636e-17j, F_py: 9.633317371164084e-18j
Free_energy = -9685.817781958409
------------------------------------------
[{'stable': {'F_dwave': np.complex128(0.08158480177486356+0j)}, 'free': np.float64(-9685.81778195841)}]
------------------------------------------
====================================
mu=0.40, T=0.1536
====================================
  Seed: normal state
F_onsite: 0j
F_swave: 0j, F_dwave: 0j
F_px: 0j, F_py: 0j
Free_energy = -9440.942078018132
------------------------------------------
[{'stable': {}, 'free': np.float64(-9440.942078018132)}]
------------------------------------------
  Seed: d-wave
F_onsite: (7.227097479201448e-17+0j)
F_swave: (-1.1102230246251565e-16+0j), F_dwave: (0.07987692494467158+0j)
F_px: -1.4311062048411023e-17j, F_py: 6.845824987183309e-18j
Free_energy = -9680.289387183475
------------------------------------------
[{'stable': {'F_dwave': np.complex128(0.07987692494467158+0j)}, 'free': np.float64(-9680.289387183475)}]
------------------------------------------
  Seed: d-wave+px
F_onsite: (6.332182004774404e-17+1.0776482124589112e-18j)
F_swave: (-1.0755285551056204e-16-4.866584391762235e-19j), F_dwave: (0.07987692494467155+3.248264997972983e-17j)
F_px: (1.3877787807814457e-17-2.309004116965611e-17j), F_py: (-6.938893903907228e-18+1.124007969187849e-17j)
Free_energy = -9680.289387183475
------------------------------------------
[{'stable': {'F_dwave': np.complex128(0.07987692494467158+0j)}, 'free': np.float64(-9680.289387183475)}]
------------------------------------------
  Seed: d-wave+py
F_onsite: (7.373922489920792e-17+6.201598993062857e-19j)
F_swave: (-1.0061396160665481e-16-1.6182653797873401e-18j), F_dwave: (0.07987692494467157+9.6110557914164e-18j)
F_px: (2.0816681711721685e-17-1.8381932007488224e-17j), F_py: (-2.0816681711721685e-17+9.989740136079371e-18j)
Free_energy = -9680.289387183475
------------------------------------------
[{'stable': {'F_dwave': np.complex128(0.07987692494467158+0j)}, 'free': np.float64(-9680.289387183475)}]
------------------------------------------
====================================
mu=0.40, T=0.1597
====================================
  Seed: normal state
F_onsite: 0j
F_swave: 0j, F_dwave: 0j
F_px: 0j, F_py: 0j
Free_energy = -9447.938190171484
------------------------------------------
[{'stable': {}, 'free': np.float64(-9447.938190171484)}]
------------------------------------------
  Seed: d-wave
F_onsite: (3.669222319541501e-17+0j)
F_swave: (1.0408340855860843e-16+0j), F_dwave: (0.07798876576486012+0j)
F_px: -2.12552264027177e-17j, F_py: 9.36363159454107e-18j
Free_energy = -9674.369986053147
------------------------------------------
[{'stable': {'F_dwave': np.complex128(0.07798876576486012+0j)}, 'free': np.float64(-9674.369986053147)}]
------------------------------------------
  Seed: d-wave+px
F_onsite: (2.6227091427422207e-17-2.579371067664532e-19j)
F_swave: (1.0755285551056204e-16-7.697190637359489e-19j), F_dwave: (0.0779887657648601+2.493879215815796e-17j)
F_px: -1.5040297928119727e-17j, F_py: (-6.938893903907228e-18+1.2212104961664097e-17j)
Free_energy = -9674.369986053147
------------------------------------------
[{'stable': {'F_dwave': np.complex128(0.07798876576486012+0j)}, 'free': np.float64(-9674.369986053147)}]
------------------------------------------
  Seed: d-wave+py
F_onsite: (4.251599822426195e-17-9.379982142497895e-19j)
F_swave: (1.0061396160665481e-16+1.5352819584841466e-18j), F_dwave: (0.07798876576486011+1.5015198373202435e-17j)
F_px: (1.3877787807814457e-17-1.8630560812391016e-17j), F_py: (-6.938893903907228e-18+1.130747873708047e-17j)
Free_energy = -9674.369986053147
------------------------------------------
[{'stable': {'F_dwave': np.complex128(0.07798876576486012+0j)}, 'free': np.float64(-9674.369986053147)}]
------------------------------------------
====================================
mu=0.40, T=0.1658
====================================
  Seed: normal state
F_onsite: 0j
F_swave: 0j, F_dwave: 0j
F_px: 0j, F_py: 0j
Free_energy = -9455.20312347907
------------------------------------------
[{'stable': {}, 'free': np.float64(-9455.20312347907)}]
------------------------------------------
  Seed: d-wave
F_onsite: (9.251832509926363e-17+0j)
F_swave: (-2.42861286636753e-16+0j), F_dwave: (0.07590609107118476+0j)
F_px: -2.3413972586856538e-17j, F_py: 8.941862126367632e-18j
Free_energy = -9668.07462951138
------------------------------------------
[{'stable': {'F_dwave': np.complex128(0.07590609107118476+0j)}, 'free': np.float64(-9668.07462951138)}]
------------------------------------------
  Seed: d-wave+px
F_onsite: (8.885167828927737e-17-7.58834044964233e-19j)
F_swave: (-2.2898349882893854e-16+1.9830337900833348e-18j), F_dwave: (0.07590609107118476+2.7608113921033932e-17j)
F_px: (-6.938893903907228e-18-2.6265879167112258e-17j), F_py: (1.3877787807814457e-17+1.2478571269830995e-17j)
Free_energy = -9668.07462951138
------------------------------------------
[{'stable': {'F_dwave': np.complex128(0.07590609107118476+0j)}, 'free': np.float64(-9668.07462951138)}]
------------------------------------------
  Seed: d-wave+py
F_onsite: (8.751932193302596e-17+7.350754531836103e-20j)
F_swave: (-2.2898349882893854e-16-1.041643523174498e-18j), F_dwave: (0.07590609107118478+1.1700606456158801e-17j)
F_px: (-6.938893903907228e-18-2.0717948193036437e-17j), F_py: 1.1326695797071303e-17j
Free_energy = -9668.07462951138
------------------------------------------
[{'stable': {'F_dwave': np.complex128(0.07590609107118476+0j)}, 'free': np.float64(-9668.07462951138)}]
------------------------------------------
====================================
mu=0.40, T=0.1719
====================================
  Seed: normal state
F_onsite: 0j
F_swave: 0j, F_dwave: 0j
F_px: 0j, F_py: 0j
Free_energy = -9462.734580438864
------------------------------------------
[{'stable': {}, 'free': np.float64(-9462.734580438864)}]
------------------------------------------
  Seed: d-wave
F_onsite: (2.626033747059846e-18+0j)
F_swave: (6.938893903907228e-17+0j), F_dwave: (0.07360910270458002+0j)
F_px: -5.400584464381138e-18j, F_py: 8.114719564122781e-18j
Free_energy = -9661.398866849317
------------------------------------------
[{'stable': {'F_dwave': np.complex128(0.07360910270458002+0j)}, 'free': np.float64(-9661.398866849317)}]
------------------------------------------
  Seed: d-wave+px
F_onsite: (1.0808689654891608e-17+2.4667986684912046e-19j)
F_swave: (8.326672684688674e-17+1.8718828428375937e-19j), F_dwave: (0.07360910270458002+1.58395051535123e-17j)
F_px: (2.0816681711721685e-17-8.154847336408648e-18j), F_py: 1.0233799129167253e-17j
Free_energy = -9661.398866849317
------------------------------------------
[{'stable': {'F_dwave': np.complex128(0.07360910270458002+0j)}, 'free': np.float64(-9661.398866849317)}]
------------------------------------------
  Seed: d-wave+py
F_onsite: (-7.623296525288703e-21+1.1866667342221336e-19j)
F_swave: (8.326672684688674e-17+1.1090180044524015e-18j), F_dwave: (0.07360910270458003+1.565944261661538e-17j)
F_px: (1.3877787807814457e-17-1.3279048010668974e-17j), F_py: (1.3877787807814457e-17+1.2105813080131937e-17j)
Free_energy = -9661.398866849317
------------------------------------------
[{'stable': {'F_dwave': np.complex128(0.07360910270458002+0j)}, 'free': np.float64(-9661.398866849317)}]
------------------------------------------
====================================
mu=0.40, T=0.1780
====================================
  Seed: normal state
F_onsite: 0j
F_swave: 0j, F_dwave: 0j
F_px: 0j, F_py: 0j
Free_energy = -9470.530221946961
------------------------------------------
[{'stable': {}, 'free': np.float64(-9470.530221946961)}]
------------------------------------------
  Seed: d-wave
F_onsite: (-1.8125795681148702e-16+0j)
F_swave: (-1.3877787807814457e-17+0j), F_dwave: (0.0710759614102466+0j)
F_px: -2.850999576714055e-18j, F_py: 1.0971126420501096e-17j
Free_energy = -9654.353785997133
------------------------------------------
[{'stable': {'F_dwave': np.complex128(0.0710759614102466+0j)}, 'free': np.float64(-9654.353785997133)}]
------------------------------------------
  Seed: d-wave+px
F_onsite: (-1.7415183345750117e-16-2.0893517756840771e-19j)
F_swave: (-1.3877787807814457e-17+2.6994418905208643e-19j), F_dwave: (0.0710759614102466+1.30098954334631e-17j)
F_px: -6.519628311447988e-18j, F_py: 1.3786725148539719e-17j
Free_energy = -9654.353785997133
------------------------------------------
[{'stable': {'F_dwave': np.complex128(0.0710759614102466+0j)}, 'free': np.float64(-9654.353785997133)}]
------------------------------------------
  Seed: d-wave+py
F_onsite: (-1.7130076687908739e-16-1.495299457194278e-19j)
F_swave: (-1.3877787807814457e-17-1.850654906776573e-18j), F_dwave: (0.0710759614102466+7.508462763160723e-18j)
F_px: (-6.938893903907228e-18+2.099308294037362e-18j), F_py: 1.2680434772151344e-17j
Free_energy = -9654.353785997133
------------------------------------------
[{'stable': {'F_dwave': np.complex128(0.0710759614102466+0j)}, 'free': np.float64(-9654.353785997133)}]
------------------------------------------
====================================
mu=0.40, T=0.1841
====================================
  Seed: normal state
F_onsite: 0j
F_swave: 0j, F_dwave: 0j
F_px: 0j, F_py: 0j
Free_energy = -9478.587684318194
------------------------------------------
[{'stable': {}, 'free': np.float64(-9478.587684318194)}]
------------------------------------------
  Seed: d-wave
F_onsite: (2.1482892977071894e-17+0j)
F_swave: (-5.551115123125783e-17+0j), F_dwave: (0.06827880209633388+0j)
F_px: 1.2752726221791283e-19j, F_py: 1.0253249454090825e-17j
Free_energy = -9646.946205741446
------------------------------------------
[{'stable': {'F_dwave': np.complex128(0.06827880209633388+0j)}, 'free': np.float64(-9646.946205741446)}]
------------------------------------------
  Seed: d-wave+px
F_onsite: (1.4356917288384772e-17-1.9426492782072169e-19j)
F_swave: (-5.898059818321144e-17-1.0947406602845831e-18j), F_dwave: (0.06827880209633388+6.2034581678391415e-18j)
F_px: (-6.938893903907228e-18-9.757600349507213e-19j), F_py: (2.0816681711721685e-17+9.778086304557702e-18j)
Free_energy = -9646.946205741446
------------------------------------------
[{'stable': {'F_dwave': np.complex128(0.06827880209633388+0j)}, 'free': np.float64(-9646.946205741446)}]
------------------------------------------
  Seed: d-wave+py
F_onsite: (3.115001382963622e-17+3.4327487506761653e-19j)
F_swave: (-4.85722573273506e-17+5.252551394778035e-19j), F_dwave: (0.06827880209633387+7.463789219818571e-18j)
F_px: (6.938893903907228e-18+1.4813580543518147e-18j), F_py: 9.516674069933793e-18j
Free_energy = -9646.946205741446
------------------------------------------
[{'stable': {'F_dwave': np.complex128(0.06827880209633388+0j)}, 'free': np.float64(-9646.946205741446)}]
------------------------------------------
====================================
mu=0.40, T=0.1902
====================================
  Seed: normal state
F_onsite: 0j
F_swave: 0j, F_dwave: 0j
F_px: 0j, F_py: 0j
Free_energy = -9486.904593480696
------------------------------------------
[{'stable': {}, 'free': np.float64(-9486.904593480696)}]
------------------------------------------
  Seed: d-wave
F_onsite: (-7.238014324807224e-17+0j)
F_swave: (-1.3877787807814457e-17+0j), F_dwave: (0.06518147556942072+0j)
F_px: -8.370370485780258e-18j, F_py: 1.0891907333236892e-17j
Free_energy = -9639.179369711828
------------------------------------------
[{'stable': {'F_dwave': np.complex128(0.06518147556942072+0j)}, 'free': np.float64(-9639.179369711828)}]
------------------------------------------
  Seed: d-wave+px
F_onsite: (-7.588898384951808e-17-1.858440370610214e-19j)
F_swave: (-1.3877787807814457e-17+1.782700158300036e-18j), F_dwave: (0.06518147556942071+9.602559612549715e-18j)
F_px: (2.0816681711721685e-17-1.2880855257904828e-17j), F_py: 1.1116602674830797e-17j
Free_energy = -9639.179369711828
------------------------------------------
[{'stable': {'F_dwave': np.complex128(0.06518147556942072+0j)}, 'free': np.float64(-9639.179369711828)}]
------------------------------------------
  Seed: d-wave+py
F_onsite: (-7.506044004331556e-17+3.6593276982214545e-19j)
F_swave: (-1.734723475976807e-17+8.377296469049164e-19j), F_dwave: (0.06518147556942071+5.328378214350159e-18j)
F_px: (-6.938893903907228e-18-1.3284090503683097e-17j), F_py: (-6.938893903907228e-18+1.2393796837572886e-17j)
Free_energy = -9639.17936971183
------------------------------------------
[{'stable': {'F_dwave': np.complex128(0.06518147556942072+0j)}, 'free': np.float64(-9639.179369711828)}]
------------------------------------------
====================================
mu=0.40, T=0.1963
====================================
  Seed: normal state
F_onsite: 0j
F_swave: 0j, F_dwave: 0j
F_px: 0j, F_py: 0j
Free_energy = -9495.47857671577
------------------------------------------
[{'stable': {}, 'free': np.float64(-9495.47857671577)}]
------------------------------------------
  Seed: d-wave
F_onsite: (-2.165737514676138e-18+0j)
F_swave: 0j, F_dwave: (0.061737595705268294+0j)
F_px: -2.5077074629495442e-17j, F_py: 1.5141332663268808e-17j
Free_energy = -9631.061840266839
------------------------------------------
[{'stable': {'F_dwave': np.complex128(0.061737595705268294+0j)}, 'free': np.float64(-9631.061840266839)}]
------------------------------------------
  Seed: d-wave+px
F_onsite: (-5.6275611701044634e-18-2.090192227449473e-19j)
F_swave: -6.466532001518516e-19j, F_dwave: (0.061737595705268294+7.256325497950218e-18j)
F_px: (3.469446951953614e-18-2.714371218447497e-17j), F_py: (-6.938893903907228e-18+1.2069227708819329e-17j)
Free_energy = -9631.061840266839
------------------------------------------
[{'stable': {'F_dwave': np.complex128(0.061737595705268294+0j)}, 'free': np.float64(-9631.061840266839)}]
------------------------------------------
  Seed: d-wave+py
F_onsite: (-4.13889414786013e-18+0j)
F_swave: (-1.3877787807814457e-17+0j), F_dwave: (0.061737595705268336+0j)
F_px: -3.594449576223954e-17j, F_py: 1.4384391265250108e-17j
Free_energy = -9631.061840266839
------------------------------------------
[{'stable': {'F_dwave': np.complex128(0.061737595705268294+0j)}, 'free': np.float64(-9631.061840266839)}]
------------------------------------------
====================================
mu=0.40, T=0.2024
====================================
  Seed: normal state
F_onsite: 0j
F_swave: 0j, F_dwave: 0j
F_px: 0j, F_py: 0j
Free_energy = -9504.307272282158
------------------------------------------
[{'stable': {}, 'free': np.float64(-9504.307272282158)}]
------------------------------------------
  Seed: d-wave
F_onsite: (2.496689169036154e-17+0j)
F_swave: (2.7755575615628914e-17+0j), F_dwave: (0.05788513407867053+0j)
F_px: -8.587242353140636e-18j, F_py: 1.3410975046565056e-17j
Free_energy = -9622.60664903117
------------------------------------------
[{'stable': {'F_dwave': np.complex128(0.05788513407867053+0j)}, 'free': np.float64(-9622.60664903117)}]
------------------------------------------
  Seed: d-wave+px
F_onsite: (1.98170372501738e-17+2.416120627788248e-19j)
F_swave: (3.8163916471489756e-17+1.9171358261988384e-20j), F_dwave: (0.05788513407867055+3.8138739988775786e-18j)
F_px: -7.138519469086182e-18j, F_py: (-6.938893903907228e-18+1.2850798409576795e-17j)
Free_energy = -9622.60664903117
------------------------------------------
[{'stable': {'F_dwave': np.complex128(0.05788513407867053+0j)}, 'free': np.float64(-9622.60664903117)}]
------------------------------------------
  Seed: d-wave+py
F_onsite: (2.496689169036154e-17+0j)
F_swave: (2.7755575615628914e-17+0j), F_dwave: (0.05788513407867053+0j)
F_px: -8.587242353140636e-18j, F_py: 1.3410975046565056e-17j
Free_energy = -9622.60664903117
------------------------------------------
[{'stable': {'F_dwave': np.complex128(0.05788513407867053+0j)}, 'free': np.float64(-9622.60664903117)}]
------------------------------------------
====================================
mu=0.40, T=0.2085
====================================
  Seed: normal state
F_onsite: 0j
F_swave: 0j, F_dwave: 0j
F_px: 0j, F_py: 0j
Free_energy = -9513.388337229246
------------------------------------------
[{'stable': {}, 'free': np.float64(-9513.388337229246)}]
------------------------------------------
  Seed: d-wave
F_onsite: (3.123610678779074e-17+0j)
F_swave: 0j, F_dwave: (0.053532575193837896+0j)
F_px: 3.59511223061267e-18j, F_py: 1.230596845449323e-17j
Free_energy = -9613.812381631144
------------------------------------------
[{'stable': {'F_dwave': np.complex128(0.053532575193837896+0j)}, 'free': np.float64(-9613.812381631144)}]
------------------------------------------
  Seed: d-wave+px
F_onsite: (3.123610678779074e-17+0j)
F_swave: 0j, F_dwave: (0.053532575193837896+0j)
F_px: 3.59511223061267e-18j, F_py: 1.230596845449323e-17j
Free_energy = -9613.812381631144
------------------------------------------
[{'stable': {'F_dwave': np.complex128(0.053532575193837896+0j)}, 'free': np.float64(-9613.812381631144)}]
------------------------------------------
  Seed: d-wave+py
F_onsite: (3.123610678779074e-17+0j)
F_swave: 0j, F_dwave: (0.053532575193837896+0j)
F_px: 3.59511223061267e-18j, F_py: 1.230596845449323e-17j
Free_energy = -9613.812381631144
------------------------------------------
[{'stable': {'F_dwave': np.complex128(0.053532575193837896+0j)}, 'free': np.float64(-9613.812381631144)}]
------------------------------------------
====================================
mu=0.40, T=0.2146
====================================
  Seed: normal state
F_onsite: 0j
F_swave: 0j, F_dwave: 0j
F_px: 0j, F_py: 0j
Free_energy = -9522.719453669637
------------------------------------------
[{'stable': {}, 'free': np.float64(-9522.719453669637)}]
------------------------------------------
  Seed: d-wave
F_onsite: (7.028222792618055e-18+0j)
F_swave: 0j, F_dwave: (0.04854657719202043+0j)
F_px: -7.923635052358744e-18j, F_py: 1.3297911864538245e-17j
Free_energy = -9604.69571255231
------------------------------------------
[{'stable': {'F_dwave': np.complex128(0.04854657719202043+0j)}, 'free': np.float64(-9604.69571255231)}]
------------------------------------------
  Seed: d-wave+px
F_onsite: (7.028222792618055e-18+0j)
F_swave: 0j, F_dwave: (0.04854657719202043+0j)
F_px: -7.923635052358744e-18j, F_py: 1.3297911864538245e-17j
Free_energy = -9604.69571255231
------------------------------------------
[{'stable': {'F_dwave': np.complex128(0.04854657719202043+0j)}, 'free': np.float64(-9604.69571255231)}]
------------------------------------------
  Seed: d-wave+py
F_onsite: (7.028222792618055e-18+0j)
F_swave: 0j, F_dwave: (0.04854657719202043+0j)
F_px: -7.923635052358744e-18j, F_py: 1.3297911864538245e-17j
Free_energy = -9604.69571255231
------------------------------------------
[{'stable': {'F_dwave': np.complex128(0.04854657719202043+0j)}, 'free': np.float64(-9604.69571255231)}]
------------------------------------------
====================================
mu=0.40, T=0.2207
====================================
  Seed: normal state
F_onsite: 0j
F_swave: 0j, F_dwave: 0j
F_px: 0j, F_py: 0j
Free_energy = -9532.298333746341
------------------------------------------
[{'stable': {}, 'free': np.float64(-9532.298333746341)}]
------------------------------------------
  Seed: d-wave
F_onsite: (-3.676034979066488e-17+0j)
F_swave: (-6.938893903907228e-18+0j), F_dwave: (0.04270326195963492+0j)
F_px: -2.19862580224094e-18j, F_py: 1.3343406798228662e-17j
Free_energy = -9595.260165877184
------------------------------------------
[{'stable': {'F_dwave': np.complex128(0.04270326195963492+0j)}, 'free': np.float64(-9595.260165877184)}]
------------------------------------------
  Seed: d-wave+px
F_onsite: (-3.676034979066488e-17+0j)
F_swave: (-6.938893903907228e-18+0j), F_dwave: (0.04270326195963492+0j)
F_px: -2.19862580224094e-18j, F_py: 1.3343406798228662e-17j
Free_energy = -9595.260165877184
------------------------------------------
[{'stable': {'F_dwave': np.complex128(0.04270326195963492+0j)}, 'free': np.float64(-9595.260165877184)}]
------------------------------------------
  Seed: d-wave+py
F_onsite: (-3.676034979066488e-17+0j)
F_swave: (-6.938893903907228e-18+0j), F_dwave: (0.04270326195963492+0j)
F_px: -2.19862580224094e-18j, F_py: 1.3343406798228662e-17j
Free_energy = -9595.260165877184
------------------------------------------
[{'stable': {'F_dwave': np.complex128(0.04270326195963492+0j)}, 'free': np.float64(-9595.260165877184)}]
------------------------------------------
====================================
mu=0.40, T=0.2268
====================================
  Seed: normal state
F_onsite: 0j
F_swave: 0j, F_dwave: 0j
F_px: 0j, F_py: 0j
Free_energy = -9542.122723499402
------------------------------------------
[{'stable': {}, 'free': np.float64(-9542.122723499402)}]
------------------------------------------
  Seed: d-wave
F_onsite: (-1.6671838480896074e-17+0j)
F_swave: (-5.898059818321144e-17+0j), F_dwave: (0.03558314372999026+0j)
F_px: -1.1899960085711378e-17j, F_py: 1.5635932902835703e-17j
Free_energy = -9585.518343567323
------------------------------------------
[{'stable': {'F_dwave': np.complex128(0.03558314372999026+0j)}, 'free': np.float64(-9585.518343567323)}]
------------------------------------------
  Seed: d-wave+px
F_onsite: (-1.6671838480896074e-17+0j)
F_swave: (-5.898059818321144e-17+0j), F_dwave: (0.03558314372999026+0j)
F_px: -1.1899960085711378e-17j, F_py: 1.5635932902835703e-17j
Free_energy = -9585.518343567323
------------------------------------------
[{'stable': {'F_dwave': np.complex128(0.03558314372999026+0j)}, 'free': np.float64(-9585.518343567323)}]
------------------------------------------
  Seed: d-wave+py
F_onsite: (-1.6671838480896074e-17+0j)
F_swave: (-5.898059818321144e-17+0j), F_dwave: (0.03558314372999026+0j)
F_px: -1.1899960085711378e-17j, F_py: 1.5635932902835703e-17j
Free_energy = -9585.518343567323
------------------------------------------
[{'stable': {'F_dwave': np.complex128(0.03558314372999026+0j)}, 'free': np.float64(-9585.518343567323)}]
------------------------------------------
====================================
mu=0.40, T=0.2329
====================================
  Seed: normal state
F_onsite: 0j
F_swave: 0j, F_dwave: 0j
F_px: 0j, F_py: 0j
Free_energy = -9552.190405808731
------------------------------------------
[{'stable': {}, 'free': np.float64(-9552.190405808731)}]
------------------------------------------
  Seed: d-wave
F_onsite: (4.1010082831884664e-17+0j)
F_swave: (-3.2959746043559335e-17+0j), F_dwave: (0.026163929897241638+0j)
F_px: -1.9833812266201224e-17j, F_py: 2.1504190396303296e-17j
Free_energy = -9575.481214745383
------------------------------------------
[{'stable': {'F_dwave': np.complex128(0.026163929897241638+0j)}, 'free': np.float64(-9575.481214745383)}]
------------------------------------------
  Seed: d-wave+px
F_onsite: (4.1010082831884664e-17+0j)
F_swave: (-3.2959746043559335e-17+0j), F_dwave: (0.026163929897241638+0j)
F_px: -1.9833812266201224e-17j, F_py: 2.1504190396303296e-17j
Free_energy = -9575.481214745383
------------------------------------------
[{'stable': {'F_dwave': np.complex128(0.026163929897241638+0j)}, 'free': np.float64(-9575.481214745383)}]
------------------------------------------
  Seed: d-wave+py
F_onsite: (4.1010082831884664e-17+0j)
F_swave: (-3.2959746043559335e-17+0j), F_dwave: (0.026163929897241638+0j)
F_px: -1.9833812266201224e-17j, F_py: 2.1504190396303296e-17j
Free_energy = -9575.481214745383
------------------------------------------
[{'stable': {'F_dwave': np.complex128(0.026163929897241638+0j)}, 'free': np.float64(-9575.481214745383)}]
------------------------------------------
====================================
mu=0.40, T=0.2390
====================================
  Seed: normal state
F_onsite: 0j
F_swave: 0j, F_dwave: 0j
F_px: 0j, F_py: 0j
Free_energy = -9562.499202563087
------------------------------------------
[{'stable': {}, 'free': np.float64(-9562.499202563087)}]
------------------------------------------
  Seed: d-wave
F_onsite: (-1.2864709933118712e-17+0j)
F_swave: (8.673617379884035e-18+0j), F_dwave: (0.009010970293851983+0j)
F_px: -3.9960399630144033e-17j, F_py: 3.222122740534826e-17j
Free_energy = -9565.242046990752
------------------------------------------
[{'stable': {'F_dwave': np.complex128(0.009010970293851983+0j)}, 'free': np.float64(-9565.242046990752)}]
------------------------------------------
  Seed: d-wave+px
F_onsite: (-1.2864709933118712e-17+0j)
F_swave: (8.673617379884035e-18+0j), F_dwave: (0.009010970293851983+0j)
F_px: -3.9960399630144033e-17j, F_py: 3.222122740534826e-17j
Free_energy = -9565.242046990752
------------------------------------------
[{'stable': {'F_dwave': np.complex128(0.009010970293851983+0j)}, 'free': np.float64(-9565.242046990752)}]
------------------------------------------
  Seed: d-wave+py
F_onsite: (-1.2864709933118712e-17+0j)
F_swave: (8.673617379884035e-18+0j), F_dwave: (0.009010970293851983+0j)
F_px: -3.9960399630144033e-17j, F_py: 3.222122740534826e-17j
Free_energy = -9565.242046990752
------------------------------------------
[{'stable': {'F_dwave': np.complex128(0.009010970293851983+0j)}, 'free': np.float64(-9565.242046990752)}]
------------------------------------------
====================================
mu=0.40, T=0.2451
====================================
  Seed: normal state
F_onsite: 0j
F_swave: 0j, F_dwave: 0j
F_px: 0j, F_py: 0j
Free_energy = -9573.046976185535
------------------------------------------
[{'stable': {}, 'free': np.float64(-9573.046976185535)}]
------------------------------------------
  Seed: d-wave
F_onsite: (3.2206217151760995e-19+0j)
F_swave: (-1.5607175361758188e-19+0j), F_dwave: (7.192926456468197e-14+0j)
F_px: 1.1111746507247469e-19j, F_py: -2.7261310274934494e-20j
Free_energy = -9573.046976185535
------------------------------------------
[{'stable': {}, 'free': np.float64(-9573.046976185535)}]
------------------------------------------
  Seed: d-wave+px
F_onsite: (3.2206217151760995e-19+0j)
F_swave: (-1.5607175361758188e-19+0j), F_dwave: (7.192926456468197e-14+0j)
F_px: 1.1111746507247469e-19j, F_py: -2.7261310274934494e-20j
Free_energy = -9573.046976185535
------------------------------------------
[{'stable': {}, 'free': np.float64(-9573.046976185535)}]
------------------------------------------
  Seed: d-wave+py
F_onsite: (3.2206217151760995e-19+0j)
F_swave: (-1.5607175361758188e-19+0j), F_dwave: (7.192926456468197e-14+0j)
F_px: 1.1111746507247469e-19j, F_py: -2.7261310274934494e-20j
Free_energy = -9573.046976185535
------------------------------------------
[{'stable': {}, 'free': np.float64(-9573.046976185535)}]
------------------------------------------
====================================
mu=0.40, T=0.2512
====================================
  Seed: normal state
F_onsite: 0j
F_swave: 0j, F_dwave: 0j
F_px: 0j, F_py: 0j
Free_energy = -9583.831630622133
------------------------------------------
[{'stable': {}, 'free': np.float64(-9583.831630622133)}]
------------------------------------------
  Seed: d-wave
F_onsite: (-4.618596886181921e-20+0j)
F_swave: (7.2949997621861e-20+0j), F_dwave: (3.475392751189606e-14+0j)
F_px: -4.534284739948438e-20j, F_py: -1.10319360310203e-19j
Free_energy = -9583.831630622133
------------------------------------------
[{'stable': {}, 'free': np.float64(-9583.831630622133)}]
------------------------------------------
  Seed: d-wave+px
F_onsite: (-4.618596886181921e-20+0j)
F_swave: (7.2949997621861e-20+0j), F_dwave: (3.475392751189606e-14+0j)
F_px: -4.534284739948438e-20j, F_py: -1.10319360310203e-19j
Free_energy = -9583.831630622133
------------------------------------------
[{'stable': {}, 'free': np.float64(-9583.831630622133)}]
------------------------------------------
  Seed: d-wave+py
F_onsite: (-4.618596886181921e-20+0j)
F_swave: (7.2949997621861e-20+0j), F_dwave: (3.475392751189606e-14+0j)
F_px: -4.534284739948438e-20j, F_py: -1.10319360310203e-19j
Free_energy = -9583.831630622133
------------------------------------------
[{'stable': {}, 'free': np.float64(-9583.831630622133)}]
------------------------------------------
====================================
mu=0.40, T=0.2573
====================================
  Seed: normal state
F_onsite: 0j
F_swave: 0j, F_dwave: 0j
F_px: 0j, F_py: 0j
Free_energy = -9594.851111888773
------------------------------------------
[{'stable': {}, 'free': np.float64(-9594.851111888773)}]
------------------------------------------
  Seed: d-wave
F_onsite: (2.226348126963836e-19+0j)
F_swave: (-1.0180918100521086e-19+0j), F_dwave: (2.306069774924385e-14+0j)
F_px: -4.317507023692827e-19j, F_py: -5.552941473915429e-21j
Free_energy = -9594.851111888773
------------------------------------------
[{'stable': {}, 'free': np.float64(-9594.851111888773)}]
------------------------------------------
  Seed: d-wave+px
F_onsite: (2.226348126963836e-19+0j)
F_swave: (-1.0180918100521086e-19+0j), F_dwave: (2.306069774924385e-14+0j)
F_px: -4.317507023692827e-19j, F_py: -5.552941473915429e-21j
Free_energy = -9594.851111888773
------------------------------------------
[{'stable': {}, 'free': np.float64(-9594.851111888773)}]
------------------------------------------
  Seed: d-wave+py
F_onsite: (2.226348126963836e-19+0j)
F_swave: (-1.0180918100521086e-19+0j), F_dwave: (2.306069774924385e-14+0j)
F_px: -4.317507023692827e-19j, F_py: -5.552941473915429e-21j
Free_energy = -9594.851111888773
------------------------------------------
[{'stable': {}, 'free': np.float64(-9594.851111888773)}]
------------------------------------------
====================================
mu=0.40, T=0.2634
====================================
  Seed: normal state
F_onsite: 0j
F_swave: 0j, F_dwave: 0j
F_px: 0j, F_py: 0j
Free_energy = -9606.10340825305
------------------------------------------
[{'stable': {}, 'free': np.float64(-9606.10340825305)}]
------------------------------------------
  Seed: d-wave
F_onsite: (1.9623039729378799e-19+0j)
F_swave: (-1.423736454773154e-19+0j), F_dwave: (1.6588318670304567e-14+0j)
F_px: -4.6675129770910115e-20j, F_py: 3.865536595318944e-20j
Free_energy = -9606.10340825305
------------------------------------------
[{'stable': {}, 'free': np.float64(-9606.10340825305)}]
------------------------------------------
  Seed: d-wave+px
F_onsite: (1.9623039729378799e-19+0j)
F_swave: (-1.423736454773154e-19+0j), F_dwave: (1.6588318670304567e-14+0j)
F_px: -4.6675129770910115e-20j, F_py: 3.865536595318944e-20j
Free_energy = -9606.10340825305
------------------------------------------
[{'stable': {}, 'free': np.float64(-9606.10340825305)}]
------------------------------------------
  Seed: d-wave+py
F_onsite: (1.9623039729378799e-19+0j)
F_swave: (-1.423736454773154e-19+0j), F_dwave: (1.6588318670304567e-14+0j)
F_px: -4.6675129770910115e-20j, F_py: 3.865536595318944e-20j
Free_energy = -9606.10340825305
------------------------------------------
[{'stable': {}, 'free': np.float64(-9606.10340825305)}]
------------------------------------------
====================================
mu=0.40, T=0.2695
====================================
  Seed: normal state
F_onsite: 0j
F_swave: 0j, F_dwave: 0j
F_px: 0j, F_py: 0j
Free_energy = -9617.586550116219
------------------------------------------
[{'stable': {}, 'free': np.float64(-9617.586550116219)}]
------------------------------------------
  Seed: d-wave
F_onsite: (-1.1945258879279167e-19+0j)
F_swave: (4.3554920594097054e-20+0j), F_dwave: (1.3502497337541653e-14+0j)
F_px: 7.717741450007105e-20j, F_py: -1.2404836309741846e-19j
Free_energy = -9617.586550116219
------------------------------------------
[{'stable': {}, 'free': np.float64(-9617.586550116219)}]
------------------------------------------
  Seed: d-wave+px
F_onsite: (-1.1945258879279167e-19+0j)
F_swave: (4.3554920594097054e-20+0j), F_dwave: (1.3502497337541653e-14+0j)
F_px: 7.717741450007105e-20j, F_py: -1.2404836309741846e-19j
Free_energy = -9617.586550116219
------------------------------------------
[{'stable': {}, 'free': np.float64(-9617.586550116219)}]
------------------------------------------
  Seed: d-wave+py
F_onsite: (-1.1945258879279167e-19+0j)
F_swave: (4.3554920594097054e-20+0j), F_dwave: (1.3502497337541653e-14+0j)
F_px: 7.717741450007105e-20j, F_py: -1.2404836309741846e-19j
Free_energy = -9617.586550116219
------------------------------------------
[{'stable': {}, 'free': np.float64(-9617.586550116219)}]
------------------------------------------
====================================
mu=0.40, T=0.2756
====================================
  Seed: normal state
F_onsite: 0j
F_swave: 0j, F_dwave: 0j
F_px: 0j, F_py: 0j
Free_energy = -9629.298609652717
------------------------------------------
[{'stable': {}, 'free': np.float64(-9629.298609652717)}]
------------------------------------------
  Seed: d-wave
F_onsite: (4.0902196610647064e-20+0j)
F_swave: (3.795831679828558e-20+0j), F_dwave: (1.1457102569295798e-14+0j)
F_px: -4.9826506086210446e-20j, F_py: -2.4412135283585136e-19j
Free_energy = -9629.298609652717
------------------------------------------
[{'stable': {}, 'free': np.float64(-9629.298609652717)}]
------------------------------------------
  Seed: d-wave+px
F_onsite: (4.0902196610647064e-20+0j)
F_swave: (3.795831679828558e-20+0j), F_dwave: (1.1457102569295798e-14+0j)
F_px: -4.9826506086210446e-20j, F_py: -2.4412135283585136e-19j
Free_energy = -9629.298609652717
------------------------------------------
[{'stable': {}, 'free': np.float64(-9629.298609652717)}]
------------------------------------------
  Seed: d-wave+py
F_onsite: (4.0902196610647064e-20+0j)
F_swave: (3.795831679828558e-20+0j), F_dwave: (1.1457102569295798e-14+0j)
F_px: -4.9826506086210446e-20j, F_py: -2.4412135283585136e-19j
Free_energy = -9629.298609652717
------------------------------------------
[{'stable': {}, 'free': np.float64(-9629.298609652717)}]
------------------------------------------
====================================
mu=0.40, T=0.2817
====================================
  Seed: normal state
F_onsite: 0j
F_swave: 0j, F_dwave: 0j
F_px: 0j, F_py: 0j
Free_energy = -9641.237700250336
------------------------------------------
[{'stable': {}, 'free': np.float64(-9641.237700250336)}]
------------------------------------------
  Seed: d-wave
F_onsite: (-6.654228949543295e-20+0j)
F_swave: (5.77596819477051e-20+0j), F_dwave: (9.465399067713938e-15+0j)
F_px: -3.15864342220482e-19j, F_py: 8.196382167519658e-20j
Free_energy = -9641.237700250336
------------------------------------------
[{'stable': {}, 'free': np.float64(-9641.237700250336)}]
------------------------------------------
  Seed: d-wave+px
F_onsite: (-6.654228949543295e-20+0j)
F_swave: (5.77596819477051e-20+0j), F_dwave: (9.465399067713938e-15+0j)
F_px: -3.15864342220482e-19j, F_py: 8.196382167519658e-20j
Free_energy = -9641.237700250336
------------------------------------------
[{'stable': {}, 'free': np.float64(-9641.237700250336)}]
------------------------------------------
  Seed: d-wave+py
F_onsite: (-6.654228949543295e-20+0j)
F_swave: (5.77596819477051e-20+0j), F_dwave: (9.465399067713938e-15+0j)
F_px: -3.15864342220482e-19j, F_py: 8.196382167519658e-20j
Free_energy = -9641.237700250336
------------------------------------------
[{'stable': {}, 'free': np.float64(-9641.237700250336)}]
------------------------------------------
====================================
mu=0.40, T=0.2878
====================================
  Seed: normal state
F_onsite: 0j
F_swave: 0j, F_dwave: 0j
F_px: 0j, F_py: 0j
Free_energy = -9653.401975793851
------------------------------------------
[{'stable': {}, 'free': np.float64(-9653.401975793851)}]
------------------------------------------
  Seed: d-wave
F_onsite: (3.9481065169982363e-19+0j)
F_swave: (-1.2281883991059455e-19+0j), F_dwave: (8.490758063637052e-15+0j)
F_px: -1.698070620876134e-19j, F_py: 9.205264157883225e-22j
Free_energy = -9653.401975793851
------------------------------------------
[{'stable': {}, 'free': np.float64(-9653.401975793851)}]
------------------------------------------
  Seed: d-wave+px
F_onsite: (3.9481065169982363e-19+0j)
F_swave: (-1.2281883991059455e-19+0j), F_dwave: (8.490758063637052e-15+0j)
F_px: -1.698070620876134e-19j, F_py: 9.205264157883225e-22j
Free_energy = -9653.401975793851
------------------------------------------
[{'stable': {}, 'free': np.float64(-9653.401975793851)}]
------------------------------------------
  Seed: d-wave+py
F_onsite: (3.9481065169982363e-19+0j)
F_swave: (-1.2281883991059455e-19+0j), F_dwave: (8.490758063637052e-15+0j)
F_px: -1.698070620876134e-19j, F_py: 9.205264157883225e-22j
Free_energy = -9653.401975793851
------------------------------------------
[{'stable': {}, 'free': np.float64(-9653.401975793851)}]
------------------------------------------
====================================
mu=0.40, T=0.2939
====================================
  Seed: normal state
F_onsite: 0j
F_swave: 0j, F_dwave: 0j
F_px: 0j, F_py: 0j
Free_energy = -9665.789629820514
------------------------------------------
[{'stable': {}, 'free': np.float64(-9665.789629820514)}]
------------------------------------------
  Seed: d-wave
F_onsite: (-1.298200711566381e-19+0j)
F_swave: (3.8377144411276425e-20+0j), F_dwave: (7.517958057373637e-15+0j)
F_px: -1.2827174002253581e-20j, F_py: -1.0440948401789565e-19j
Free_energy = -9665.789629820514
------------------------------------------
[{'stable': {}, 'free': np.float64(-9665.789629820514)}]
------------------------------------------
  Seed: d-wave+px
F_onsite: (-1.298200711566381e-19+0j)
F_swave: (3.8377144411276425e-20+0j), F_dwave: (7.517958057373637e-15+0j)
F_px: -1.2827174002253581e-20j, F_py: -1.0440948401789565e-19j
Free_energy = -9665.789629820514
------------------------------------------
[{'stable': {}, 'free': np.float64(-9665.789629820514)}]
------------------------------------------
  Seed: d-wave+py
F_onsite: (-1.298200711566381e-19+0j)
F_swave: (3.8377144411276425e-20+0j), F_dwave: (7.517958057373637e-15+0j)
F_px: -1.2827174002253581e-20j, F_py: -1.0440948401789565e-19j
Free_energy = -9665.789629820514
------------------------------------------
[{'stable': {}, 'free': np.float64(-9665.789629820514)}]
------------------------------------------
====================================
mu=0.40, T=0.3000
====================================
  Seed: normal state
F_onsite: 0j
F_swave: 0j, F_dwave: 0j
F_px: 0j, F_py: 0j
Free_energy = -9678.39889457895
------------------------------------------
[{'stable': {}, 'free': np.float64(-9678.39889457895)}]
------------------------------------------
  Seed: d-wave
F_onsite: (5.743697792123407e-20+0j)
F_swave: (-2.1344716148226103e-20+0j), F_dwave: (6.571604354832709e-15+0j)
F_px: -3.498583602213769e-20j, F_py: -3.673650923690442e-20j
Free_energy = -9678.39889457895
------------------------------------------
[{'stable': {}, 'free': np.float64(-9678.39889457895)}]
------------------------------------------
  Seed: d-wave+px
F_onsite: (5.743697792123407e-20+0j)
F_swave: (-2.1344716148226103e-20+0j), F_dwave: (6.571604354832709e-15+0j)
F_px: -3.498583602213769e-20j, F_py: -3.673650923690442e-20j
Free_energy = -9678.39889457895
------------------------------------------
[{'stable': {}, 'free': np.float64(-9678.39889457895)}]
------------------------------------------
  Seed: d-wave+py
F_onsite: (5.743697792123407e-20+0j)
F_swave: (-2.1344716148226103e-20+0j), F_dwave: (6.571604354832709e-15+0j)
F_px: -3.498583602213769e-20j, F_py: -3.673650923690442e-20j
Free_energy = -9678.39889457895
------------------------------------------
[{'stable': {}, 'free': np.float64(-9678.39889457895)}]
------------------------------------------
