/home/emilssp/D1/venv/bin/python
Python 3.10.12
Running job 12 out of 25
====================================
mu=3.16, T=0.0010
====================================
  Seed: normal state
F_onsite: 0j
F_swave: 0j, F_dwave: 0j
F_px: 0j, F_py: 0j
Free_energy = -18078.62522188283
------------------------------------------
[{'stable': {}, 'free': np.float64(-18078.62522188283)}]
------------------------------------------
  Seed: px+i*py
F_onsite: (0.013720666341057735+0.027377786940973363j)
F_swave: (-0.011946860202988073-0.023838389850808474j), F_dwave: (3.426078865054194e-17-9.540979117872439e-18j)
F_px: (4.163336342344337e-17+2.6020852139652106e-17j), F_py: (5.984795992119984e-17+1.4051260155412137e-16j)
Free_energy = -18106.548665782007
------------------------------------------
[{'stable': {'F_onsite': np.complex128(0.013720666341057735+0.027377786940973363j), 'F_swave': np.complex128(-0.011946860202988073-0.023838389850808474j)}, 'free': np.float64(-18106.548665782007)}]
------------------------------------------
  Seed: s-wave
F_onsite: (-0.030626684387131436+0j)
F_swave: (0.026667412267769506+0j), F_dwave: (-8.673617379884035e-18+0j)
F_px: -2.627284444146026e-18j, F_py: -4.923590764152434e-18j
Free_energy = -18106.556472077835
------------------------------------------
[{'stable': {'F_onsite': np.complex128(0.013720666341057735+0.027377786940973363j), 'F_swave': np.complex128(-0.011946860202988073-0.023838389850808474j)}, 'free': np.float64(-18106.548665782007)}, {'stable': {'F_onsite': np.complex128(-0.030626684387131436+0j), 'F_swave': np.complex128(0.026667412267769506+0j)}, 'free': np.float64(-18106.556472077835)}]
------------------------------------------
  Seed: s-wave+px
F_onsite: (-0.030626553512948178-1.69776100103019e-19j)
F_swave: (0.026667292439494533+1.856378583026206e-18j), F_dwave: (4.172009959724221e-16+1.9438347348302125e-18j)
F_px: (1.7597303267335995e-09-5.557806683409092e-18j), F_py: (-1.734723475976807e-18-5.625357560952622e-18j)
Free_energy = -18106.5561493147
------------------------------------------
[{'stable': {'F_onsite': np.complex128(0.013720666341057735+0.027377786940973363j), 'F_swave': np.complex128(-0.011946860202988073-0.023838389850808474j)}, 'free': np.float64(-18106.548665782007)}, {'stable': {'F_onsite': np.complex128(-0.030626684387131436+0j), 'F_swave': np.complex128(0.026667412267769506+0j)}, 'free': np.float64(-18106.556472077835)}]
------------------------------------------
  Seed: s-wave+py
F_onsite: (-0.03062655351294822-7.749286095452e-19j)
F_swave: (0.02666729243949457+1.5823634245894398e-19j), F_dwave: (-4.215378046623641e-16-3.153609541746167e-19j)
F_px: -9.212965609048211e-18j, F_py: (1.7597304030614325e-09-5.165524549711944e-18j)
Free_energy = -18106.556149314703
------------------------------------------
[{'stable': {'F_onsite': np.complex128(0.013720666341057735+0.027377786940973363j), 'F_swave': np.complex128(-0.011946860202988073-0.023838389850808474j)}, 'free': np.float64(-18106.548665782007)}, {'stable': {'F_onsite': np.complex128(-0.030626684387131436+0j), 'F_swave': np.complex128(0.026667412267769506+0j)}, 'free': np.float64(-18106.556472077835)}]
------------------------------------------
====================================
mu=3.16, T=0.0040
====================================
  Seed: normal state
F_onsite: 0j
F_swave: 0j, F_dwave: 0j
F_px: 0j, F_py: 0j
Free_energy = -18078.63717143458
------------------------------------------
[{'stable': {}, 'free': np.float64(-18078.63717143458)}]
------------------------------------------
  Seed: px+i*py
F_onsite: (0.013721019776483346+0.027378492174927663j)
F_swave: (-0.011947183804806236-0.02383903555571896j), F_dwave: (7.806255641895632e-18+1.8214596497756474e-17j)
F_px: (-1.3877787807814457e-17+6.245004513516506e-17j), F_py: (1.214306433183765e-17+2.949029909160572e-17j)
Free_energy = -18106.550610898343
------------------------------------------
[{'stable': {'F_onsite': np.complex128(0.013721019776483346+0.027378492174927663j), 'F_swave': np.complex128(-0.011947183804806236-0.02383903555571896j)}, 'free': np.float64(-18106.550610898343)}]
------------------------------------------
  Seed: s-wave
F_onsite: (-0.03062572115828952+0j)
F_swave: (0.026666530337765917+0j), F_dwave: (-4.336808689942018e-17+0j)
F_px: -6.183552273193206e-18j, F_py: -4.8297818652440205e-18j
Free_energy = -18106.554096615604
------------------------------------------
[{'stable': {'F_onsite': np.complex128(0.013721019776483346+0.027378492174927663j), 'F_swave': np.complex128(-0.011947183804806236-0.02383903555571896j)}, 'free': np.float64(-18106.550610898343)}, {'stable': {'F_onsite': np.complex128(-0.03062572115828952+0j), 'F_swave': np.complex128(0.026666530337765917+0j)}, 'free': np.float64(-18106.554096615604)}]
------------------------------------------
  Seed: s-wave+px
F_onsite: (-0.03062566272150694-1.0160781768510196e-18j)
F_swave: (0.026666476833292103-3.289664208898889e-19j), F_dwave: (-2.6020852139652106e-18-1.6628315545785984e-18j)
F_px: (4.218744277528774e-10-8.850647265860184e-18j), F_py: (1.734723475976807e-18-5.2230169110068295e-18j)
Free_energy = -18106.553952506663
------------------------------------------
[{'stable': {'F_onsite': np.complex128(0.013721019776483346+0.027378492174927663j), 'F_swave': np.complex128(-0.011947183804806236-0.02383903555571896j)}, 'free': np.float64(-18106.550610898343)}, {'stable': {'F_onsite': np.complex128(-0.03062572115828952+0j), 'F_swave': np.complex128(0.026666530337765917+0j)}, 'free': np.float64(-18106.554096615604)}]
------------------------------------------
  Seed: s-wave+py
F_onsite: (-0.030625662721506935-4.545849805397878e-19j)
F_swave: (0.02666647683329208+5.157901253186655e-19j), F_dwave: (2.3418766925686896e-17+6.283925677442841e-20j)
F_px: (-3.469446951953614e-18-6.027698210898415e-19j), F_py: (4.2187442601815395e-10-4.9254965882837565e-18j)
Free_energy = -18106.553952506667
------------------------------------------
[{'stable': {'F_onsite': np.complex128(0.013721019776483346+0.027378492174927663j), 'F_swave': np.complex128(-0.011947183804806236-0.02383903555571896j)}, 'free': np.float64(-18106.550610898343)}, {'stable': {'F_onsite': np.complex128(-0.03062572115828952+0j), 'F_swave': np.complex128(0.026666530337765917+0j)}, 'free': np.float64(-18106.554096615604)}]
------------------------------------------
====================================
mu=3.16, T=0.0070
====================================
  Seed: normal state
F_onsite: 0j
F_swave: 0j, F_dwave: 0j
F_px: 0j, F_py: 0j
Free_energy = -18078.68402933788
------------------------------------------
[{'stable': {}, 'free': np.float64(-18078.68402933788)}]
------------------------------------------
  Seed: px+i*py
F_onsite: (0.013721177534428562+0.02737880696017975j)
F_swave: (-0.01194732825201128-0.023839323781137994j), F_dwave: (-2.0816681711721685e-17+5.2909066017292616e-17j)
F_px: (2.949029909160572e-17+3.469446951953614e-17j), F_py: (-3.469446951953614e-18+5.204170427930421e-18j)
Free_energy = -18106.551479382182
------------------------------------------
[{'stable': {'F_onsite': np.complex128(0.013721177534428562+0.02737880696017975j), 'F_swave': np.complex128(-0.01194732825201128-0.023839323781137994j)}, 'free': np.float64(-18106.551479382182)}]
------------------------------------------
  Seed: s-wave
F_onsite: (-0.030625290913808667+0j)
F_swave: (0.026666136419932714+0j), F_dwave: (-6.938893903907228e-18+0j)
F_px: -4.249776054611638e-18j, F_py: -5.6052405284553325e-18j
Free_energy = -18106.55303585529
------------------------------------------
[{'stable': {'F_onsite': np.complex128(0.013721177534428562+0.02737880696017975j), 'F_swave': np.complex128(-0.01194732825201128-0.023839323781137994j)}, 'free': np.float64(-18106.551479382182)}, {'stable': {'F_onsite': np.complex128(-0.030625290913808667+0j), 'F_swave': np.complex128(0.026666136419932714+0j)}, 'free': np.float64(-18106.55303585529)}]
------------------------------------------
  Seed: s-wave+px
F_onsite: (-0.03062526482049682-2.5337090203512964e-18j)
F_swave: (0.026666112529043242+2.560474720431343e-18j), F_dwave: (3.469446951953614e-18+4.577154288725425e-19j)
F_px: (1.0114035997599302e-10-1.0331260857660701e-17j), F_py: (1.0408340855860843e-17-5.4855971246556626e-18j)
Free_energy = -18106.552971509147
------------------------------------------
[{'stable': {'F_onsite': np.complex128(0.013721177534428562+0.02737880696017975j), 'F_swave': np.complex128(-0.01194732825201128-0.023839323781137994j)}, 'free': np.float64(-18106.551479382182)}, {'stable': {'F_onsite': np.complex128(-0.030625290913808667+0j), 'F_swave': np.complex128(0.026666136419932714+0j)}, 'free': np.float64(-18106.55303585529)}]
------------------------------------------
  Seed: s-wave+py
F_onsite: (-0.030625264820496795+1.323681147571655e-18j)
F_swave: (0.026666112529043176-1.0902372822346913e-18j), F_dwave: (7.806255641895632e-18-1.801003804099456e-19j)
F_px: (-3.469446951953614e-18-2.8129964178315314e-18j), F_py: (1.0114038252739821e-10-5.285909107340461e-18j)
Free_energy = -18106.552971509147
------------------------------------------
[{'stable': {'F_onsite': np.complex128(0.013721177534428562+0.02737880696017975j), 'F_swave': np.complex128(-0.01194732825201128-0.023839323781137994j)}, 'free': np.float64(-18106.551479382182)}, {'stable': {'F_onsite': np.complex128(-0.030625290913808667+0j), 'F_swave': np.complex128(0.026666136419932714+0j)}, 'free': np.float64(-18106.55303585529)}]
------------------------------------------
====================================
mu=3.16, T=0.0100
====================================
  Seed: normal state
F_onsite: 0j
F_swave: 0j, F_dwave: 0j
F_px: 0j, F_py: 0j
Free_energy = -18078.76164672167
------------------------------------------
[{'stable': {}, 'free': np.float64(-18078.76164672167)}]
------------------------------------------
  Seed: px+i*py
F_onsite: (0.01372123022540056+0.02737891209809122j)
F_swave: (-0.01194737793136441-0.023839422909759714j), F_dwave: (1.6479873021779667e-17-3.122502256758253e-17j)
F_px: (1.214306433183765e-17-1.5612511283791264e-17j), F_py: (-1.734723475976807e-18+3.469446951953614e-18j)
Free_energy = -18106.551834378235
------------------------------------------
[{'stable': {'F_onsite': np.complex128(0.01372123022540056+0.02737891209809122j), 'F_swave': np.complex128(-0.01194737793136441-0.023839422909759714j)}, 'free': np.float64(-18106.551834378235)}]
------------------------------------------
  Seed: s-wave
F_onsite: (-0.030625059182654554+0j)
F_swave: (0.02666592745256068+0j), F_dwave: (-2.6020852139652106e-17+0j)
F_px: -4.402453743354226e-18j, F_py: -5.0425988932416635e-18j
Free_energy = -18106.552529398476
------------------------------------------
[{'stable': {'F_onsite': np.complex128(0.01372123022540056+0.02737891209809122j), 'F_swave': np.complex128(-0.01194737793136441-0.023839422909759714j)}, 'free': np.float64(-18106.551834378235)}, {'stable': {'F_onsite': np.complex128(-0.030625059182654554+0j), 'F_swave': np.complex128(0.02666592745256068+0j)}, 'free': np.float64(-18106.552529398476)}]
------------------------------------------
  Seed: s-wave+px
F_onsite: (-0.030625047530947237-3.441000482760717e-18j)
F_swave: (0.02666591678435443+3.4103664038826267e-18j), F_dwave: (6.765421556309548e-17+6.042521287475365e-19j)
F_px: (2.4247489432971392e-11-9.877992351761244e-18j), F_py: (3.469446951953614e-18-5.485914762010883e-18j)
Free_energy = -18106.552500666123
------------------------------------------
[{'stable': {'F_onsite': np.complex128(0.01372123022540056+0.02737891209809122j), 'F_swave': np.complex128(-0.01194737793136441-0.023839422909759714j)}, 'free': np.float64(-18106.551834378235)}, {'stable': {'F_onsite': np.complex128(-0.030625059182654554+0j), 'F_swave': np.complex128(0.02666592745256068+0j)}, 'free': np.float64(-18106.552529398476)}]
------------------------------------------
  Seed: s-wave+py
F_onsite: (-0.03062504753094719+1.7180481574602583e-18j)
F_swave: (0.02666591678435433-1.188863681030614e-18j), F_dwave: (-7.806255641895632e-18-2.747563122656137e-20j)
F_px: (5.204170427930421e-18-3.996724961619416e-18j), F_py: (2.424744259543754e-11-5.1896649887086914e-18j)
Free_energy = -18106.552500666126
------------------------------------------
[{'stable': {'F_onsite': np.complex128(0.01372123022540056+0.02737891209809122j), 'F_swave': np.complex128(-0.01194737793136441-0.023839422909759714j)}, 'free': np.float64(-18106.551834378235)}, {'stable': {'F_onsite': np.complex128(-0.030625059182654554+0j), 'F_swave': np.complex128(0.02666592745256068+0j)}, 'free': np.float64(-18106.552529398476)}]
------------------------------------------
====================================
mu=3.16, T=0.0130
====================================
  Seed: normal state
F_onsite: 0j
F_swave: 0j, F_dwave: 0j
F_px: 0j, F_py: 0j
Free_energy = -18078.868772427166
------------------------------------------
[{'stable': {}, 'free': np.float64(-18078.868772427166)}]
------------------------------------------
  Seed: px+i*py
F_onsite: (0.01372089581616871+0.02737824482840673j)
F_swave: (-0.011947100744530066-0.02383886981985106j), F_dwave: (1.3877787807814457e-17+4.85722573273506e-17j)
F_px: (1.9081958235744878e-17-8.847089727481716e-17j), F_py: (-1.734723475976807e-18+0j)
Free_energy = -18106.551326394187
------------------------------------------
[{'stable': {'F_onsite': np.complex128(0.01372089581616871+0.02737824482840673j), 'F_swave': np.complex128(-0.011947100744530066-0.02383886981985106j)}, 'free': np.float64(-18106.551326394187)}]
------------------------------------------
  Seed: s-wave
F_onsite: (-0.03062415686925965+0j)
F_swave: (0.026665166013866714+0j), F_dwave: (-1.734723475976807e-17+0j)
F_px: -3.9891016650941274e-18j, F_py: -4.9140616434958234e-18j
Free_energy = -18106.551636805143
------------------------------------------
[{'stable': {'F_onsite': np.complex128(0.01372089581616871+0.02737824482840673j), 'F_swave': np.complex128(-0.011947100744530066-0.02383886981985106j)}, 'free': np.float64(-18106.551326394187)}, {'stable': {'F_onsite': np.complex128(-0.03062415686925965+0j), 'F_swave': np.complex128(0.026665166013866714+0j)}, 'free': np.float64(-18106.551636805143)}]
------------------------------------------
  Seed: s-wave+px
F_onsite: (-0.030624151663966863-3.861102370129017e-18j)
F_swave: (0.02666516124810608+4.183178089133769e-18j), F_dwave: (1.0408340855860843e-17+9.44335857070138e-19j)
F_px: (5.813004591570525e-12-6.927247200882482e-18j), F_py: (-3.469446951953614e-18-4.738302306940556e-18j)
Free_energy = -18106.55162397298
------------------------------------------
[{'stable': {'F_onsite': np.complex128(0.01372089581616871+0.02737824482840673j), 'F_swave': np.complex128(-0.011947100744530066-0.02383886981985106j)}, 'free': np.float64(-18106.551326394187)}, {'stable': {'F_onsite': np.complex128(-0.03062415686925965+0j), 'F_swave': np.complex128(0.026665166013866714+0j)}, 'free': np.float64(-18106.551636805143)}]
------------------------------------------
  Seed: s-wave+py
F_onsite: (-0.030624151663966866+1.7321285594808142e-18j)
F_swave: (0.02666516124810611-1.752617046987554e-18j), F_dwave: (8.847089727481716e-17-6.439567981500818e-19j)
F_px: -4.56942511308173e-18j, F_py: (5.813079184679992e-12-5.2438750973329666e-18j)
Free_energy = -18106.55162397298
------------------------------------------
[{'stable': {'F_onsite': np.complex128(0.01372089581616871+0.02737824482840673j), 'F_swave': np.complex128(-0.011947100744530066-0.02383886981985106j)}, 'free': np.float64(-18106.551326394187)}, {'stable': {'F_onsite': np.complex128(-0.03062415686925965+0j), 'F_swave': np.complex128(0.026665166013866714+0j)}, 'free': np.float64(-18106.551636805143)}]
------------------------------------------
====================================
mu=3.16, T=0.0160
====================================
  Seed: normal state
F_onsite: 0j
F_swave: 0j, F_dwave: 0j
F_px: 0j, F_py: 0j
Free_energy = -18079.005986696866
------------------------------------------
[{'stable': {}, 'free': np.float64(-18079.005986696866)}]
------------------------------------------
  Seed: px+i*py
F_onsite: (0.013717585771033039+0.027371640068241606j)
F_swave: (-0.01194424919304667-0.0238331799235277j), F_dwave: 2.2551405187698492e-17j
F_px: (1.734723475976807e-18+4.85722573273506e-17j), F_py: (-3.469446951953614e-18+6.938893903907228e-18j)
Free_energy = -18106.541469843334
------------------------------------------
[{'stable': {'F_onsite': np.complex128(0.013717585771033039+0.027371640068241606j), 'F_swave': np.complex128(-0.01194424919304667-0.0238331799235277j)}, 'free': np.float64(-18106.541469843334)}]
------------------------------------------
  Seed: s-wave
F_onsite: (-0.030616668414237932+0j)
F_swave: (0.026658709380165343+0j), F_dwave: (2.42861286636753e-17+0j)
F_px: -4.108956827130611e-18j, F_py: -5.5404425079903785e-18j
Free_energy = -18106.541531966865
------------------------------------------
[{'stable': {'F_onsite': np.complex128(0.013717585771033039+0.027371640068241606j), 'F_swave': np.complex128(-0.01194424919304667-0.0238331799235277j)}, 'free': np.float64(-18106.541469843334)}, {'stable': {'F_onsite': np.complex128(-0.030616668414237932+0j), 'F_swave': np.complex128(0.026658709380165343+0j)}, 'free': np.float64(-18106.541531966865)}]
------------------------------------------
  Seed: s-wave+px
F_onsite: (-0.0306166673709289-9.167411550274589e-18j)
F_swave: (0.026658708425118388+5.271191909881918e-18j), F_dwave: (1.3010426069826053e-17-2.2498253870258285e-18j)
F_px: (3.340903942383733e-13-3.564738158519723e-18j), F_py: (1.734723475976807e-18-5.116502517889601e-18j)
Free_energy = -18106.54152939866
------------------------------------------
[{'stable': {'F_onsite': np.complex128(0.013717585771033039+0.027371640068241606j), 'F_swave': np.complex128(-0.01194424919304667-0.0238331799235277j)}, 'free': np.float64(-18106.541469843334)}, {'stable': {'F_onsite': np.complex128(-0.030616668414237932+0j), 'F_swave': np.complex128(0.026658709380165343+0j)}, 'free': np.float64(-18106.541531966865)}]
------------------------------------------
  Seed: s-wave+py
F_onsite: (-0.030616667370928885+2.648592043859268e-18j)
F_swave: (0.026658708425118402-9.855228341303784e-19j), F_dwave: (-7.37257477290143e-17+1.6069273800598145e-18j)
F_px: (-1.734723475976807e-18-7.34621087241814e-18j), F_py: (3.340886595148973e-13-5.180559384525708e-18j)
Free_energy = -18106.54152939866
------------------------------------------
[{'stable': {'F_onsite': np.complex128(0.013717585771033039+0.027371640068241606j), 'F_swave': np.complex128(-0.01194424919304667-0.0238331799235277j)}, 'free': np.float64(-18106.541469843334)}, {'stable': {'F_onsite': np.complex128(-0.030616668414237932+0j), 'F_swave': np.complex128(0.026658709380165343+0j)}, 'free': np.float64(-18106.541531966865)}]
------------------------------------------
====================================
mu=3.16, T=0.0190
====================================
  Seed: normal state
F_onsite: 0j
F_swave: 0j, F_dwave: 0j
F_px: 0j, F_py: 0j
Free_energy = -18079.17384827903
------------------------------------------
[{'stable': {}, 'free': np.float64(-18079.17384827903)}]
------------------------------------------
  Seed: px+i*py
F_onsite: (0.013704943309698788+0.027346413697726946j)
F_swave: (-0.011933263133118037-0.02381125868438571j), F_dwave: (3.469446951953614e-18+6.071532165918825e-18j)
F_px: (4.423544863740858e-17+2.0816681711721685e-17j), F_py: (-3.469446951953614e-18+5.204170427930421e-18j)
Free_energy = -18106.499872289405
------------------------------------------
[{'stable': {'F_onsite': np.complex128(0.013704943309698788+0.027346413697726946j), 'F_swave': np.complex128(-0.011933263133118037-0.02381125868438571j)}, 'free': np.float64(-18106.499872289405)}]
------------------------------------------
  Seed: s-wave
F_onsite: (-0.03058842767896576+0j)
F_swave: (0.026634167614602487+0j), F_dwave: (4.683753385137379e-17+0j)
F_px: -7.140064228880125e-18j, F_py: -4.0414059495870805e-18j
Free_energy = -18106.499876079815
------------------------------------------
[{'stable': {'F_onsite': np.complex128(0.013704943309698788+0.027346413697726946j), 'F_swave': np.complex128(-0.011933263133118037-0.02381125868438571j)}, 'free': np.float64(-18106.499872289405)}, {'stable': {'F_onsite': np.complex128(-0.03058842767896576+0j), 'F_swave': np.complex128(0.026634167614602487+0j)}, 'free': np.float64(-18106.499876079815)}]
------------------------------------------
  Seed: s-wave+px
F_onsite: (-0.030588427615026077-5.855377932460645e-18j)
F_swave: (0.026634167556099913+2.842642570985432e-18j), F_dwave: (2.42861286636753e-17-1.8306499572533566e-18j)
F_px: (2.2516710718178956e-15-6.8262385219224064e-18j), F_py: -4.692986044262451e-18j
Free_energy = -18106.499875923106
------------------------------------------
[{'stable': {'F_onsite': np.complex128(0.013704943309698788+0.027346413697726946j), 'F_swave': np.complex128(-0.011933263133118037-0.02381125868438571j)}, 'free': np.float64(-18106.499872289405)}, {'stable': {'F_onsite': np.complex128(-0.03058842767896576+0j), 'F_swave': np.complex128(0.026634167614602487+0j)}, 'free': np.float64(-18106.499876079815)}]
------------------------------------------
  Seed: s-wave+py
F_onsite: (-0.03058842761502607+5.545247345239543e-19j)
F_swave: (0.026634167556099885+5.797411128363652e-19j), F_dwave: (2.949029909160572e-17+1.2276154383674982e-18j)
F_px: (-5.204170427930421e-18-6.821791598949321e-18j), F_py: (2.3002433291452462e-15-4.998447300866033e-18j)
Free_energy = -18106.499875923106
------------------------------------------
[{'stable': {'F_onsite': np.complex128(0.013704943309698788+0.027346413697726946j), 'F_swave': np.complex128(-0.011933263133118037-0.02381125868438571j)}, 'free': np.float64(-18106.499872289405)}, {'stable': {'F_onsite': np.complex128(-0.03058842767896576+0j), 'F_swave': np.complex128(0.026634167614602487+0j)}, 'free': np.float64(-18106.499876079815)}]
------------------------------------------
====================================
mu=3.16, T=0.0220
====================================
  Seed: normal state
F_onsite: 0j
F_swave: 0j, F_dwave: 0j
F_px: 0j, F_py: 0j
Free_energy = -18079.372549488668
------------------------------------------
[{'stable': {}, 'free': np.float64(-18079.372549488668)}]
------------------------------------------
  Seed: px+i*py
F_onsite: (0.013676051473463284+0.027288763834584288j)
F_swave: (-0.011908158803916245-0.023761166293892896j), F_dwave: (-7.37257477290143e-18+3.209238430557093e-17j)
F_px: (2.6020852139652106e-18+4.5102810375396984e-17j), F_py: (-6.071532165918825e-18+5.204170427930421e-18j)
Free_energy = -18106.406130929543
------------------------------------------
[{'stable': {'F_onsite': np.complex128(0.013676051473463284+0.027288763834584288j), 'F_swave': np.complex128(-0.011908158803916245-0.023761166293892896j)}, 'free': np.float64(-18106.406130929543)}]
------------------------------------------
  Seed: s-wave
F_onsite: (-0.030523941722315602+0j)
F_swave: (0.026578135222931842+0j), F_dwave: (-7.979727989493313e-17+0j)
F_px: 5.137254825097332e-19j, F_py: -4.8253349422709355e-18j
Free_energy = -18106.406131038697
------------------------------------------
[{'stable': {'F_onsite': np.complex128(0.013676051473463284+0.027288763834584288j), 'F_swave': np.complex128(-0.011908158803916245-0.023761166293892896j)}, 'free': np.float64(-18106.406130929543)}, {'stable': {'F_onsite': np.complex128(-0.030523941722315602+0j), 'F_swave': np.complex128(0.026578135222931842+0j)}, 'free': np.float64(-18106.406131038697)}]
------------------------------------------
  Seed: s-wave+px
F_onsite: (-0.030523941720457994-3.661352272282526e-18j)
F_swave: (0.02657813522123378+2.6168553509829575e-18j), F_dwave: (9.367506770274758e-17-7.744528115864475e-19j)
F_px: -9.85734592367192e-20j, F_py: (-3.469446951953614e-18-5.194853065510624e-18j)
Free_energy = -18106.406131034164
------------------------------------------
[{'stable': {'F_onsite': np.complex128(0.013676051473463284+0.027288763834584288j), 'F_swave': np.complex128(-0.011908158803916245-0.023761166293892896j)}, 'free': np.float64(-18106.406130929543)}, {'stable': {'F_onsite': np.complex128(-0.030523941722315602+0j), 'F_swave': np.complex128(0.026578135222931842+0j)}, 'free': np.float64(-18106.406131038697)}]
------------------------------------------
  Seed: s-wave+py
F_onsite: (-0.030523941720457994+5.723556520871742e-19j)
F_swave: (0.026578135221233784-1.291725244562808e-20j), F_dwave: (9.540979117872439e-17+4.752913625280693e-19j)
F_px: 1.4013101321138331e-18j, F_py: (3.469446951953614e-18-5.0998794962997356e-18j)
Free_energy = -18106.406131034164
------------------------------------------
[{'stable': {'F_onsite': np.complex128(0.013676051473463284+0.027288763834584288j), 'F_swave': np.complex128(-0.011908158803916245-0.023761166293892896j)}, 'free': np.float64(-18106.406130929543)}, {'stable': {'F_onsite': np.complex128(-0.030523941722315602+0j), 'F_swave': np.complex128(0.026578135222931842+0j)}, 'free': np.float64(-18106.406131038697)}]
------------------------------------------
====================================
mu=3.16, T=0.0250
====================================
  Seed: normal state
F_onsite: 0j
F_swave: 0j, F_dwave: 0j
F_px: 0j, F_py: 0j
Free_energy = -18079.602028745838
------------------------------------------
[{'stable': {}, 'free': np.float64(-18079.602028745838)}]
------------------------------------------
  Seed: px+i*py
F_onsite: (0.01362292587738524+0.027182758687722262j)
F_swave: (-0.011861991796770856-0.02366904609696468j), F_dwave: (-1.691355389077387e-17+4.163336342344337e-17j)
F_px: (-1.0408340855860843e-17+1.0408340855860843e-17j), F_py: (-8.673617379884035e-19-3.469446951953614e-18j)
Free_energy = -18106.23604528806
------------------------------------------
[{'stable': {'F_onsite': np.complex128(0.01362292587738524+0.027182758687722262j), 'F_swave': np.complex128(-0.011861991796770856-0.02366904609696468j)}, 'free': np.float64(-18106.23604528806)}]
------------------------------------------
  Seed: s-wave
F_onsite: (-0.030405369252412835+0j)
F_swave: (0.026475093815860405+0j), F_dwave: (-2.6020852139652106e-17+0j)
F_px: 6.9139064319632265e-19j, F_py: -4.8437579088737165e-18j
Free_energy = -18106.236045289646
------------------------------------------
[{'stable': {'F_onsite': np.complex128(0.01362292587738524+0.027182758687722262j), 'F_swave': np.complex128(-0.011861991796770856-0.02366904609696468j)}, 'free': np.float64(-18106.23604528806)}, {'stable': {'F_onsite': np.complex128(-0.030405369252412835+0j), 'F_swave': np.complex128(0.026475093815860405+0j)}, 'free': np.float64(-18106.236045289646)}]
------------------------------------------
  Seed: s-wave+px
F_onsite: (-0.030405369252385645-5.692046065898774e-18j)
F_swave: (0.026475093815835564+4.913585187462993e-18j), F_dwave: (3.122502256758253e-17-1.1344947537287285e-19j)
F_px: (3.469446951953614e-18-5.952524036829596e-18j), F_py: (-3.469446951953614e-18-4.9488958734516565e-18j)
Free_energy = -18106.236045289592
------------------------------------------
[{'stable': {'F_onsite': np.complex128(0.01362292587738524+0.027182758687722262j), 'F_swave': np.complex128(-0.011861991796770856-0.02366904609696468j)}, 'free': np.float64(-18106.23604528806)}, {'stable': {'F_onsite': np.complex128(-0.030405369252412835+0j), 'F_swave': np.complex128(0.026475093815860405+0j)}, 'free': np.float64(-18106.236045289646)}]
------------------------------------------
  Seed: s-wave+py
F_onsite: (-0.030405369252385638+0j)
F_swave: (0.026475093815835554+0j), F_dwave: (3.469446951953614e-17+0j)
F_px: -5.137678341570959e-18j, F_py: -5.016976146587221e-18j
Free_energy = -18106.236045289592
------------------------------------------
[{'stable': {'F_onsite': np.complex128(0.01362292587738524+0.027182758687722262j), 'F_swave': np.complex128(-0.011861991796770856-0.02366904609696468j)}, 'free': np.float64(-18106.23604528806)}, {'stable': {'F_onsite': np.complex128(-0.030405369252412835+0j), 'F_swave': np.complex128(0.026475093815860405+0j)}, 'free': np.float64(-18106.236045289646)}]
------------------------------------------
====================================
mu=3.16, T=0.0280
====================================
  Seed: normal state
F_onsite: 0j
F_swave: 0j, F_dwave: 0j
F_px: 0j, F_py: 0j
Free_energy = -18079.862118882244
------------------------------------------
[{'stable': {}, 'free': np.float64(-18079.862118882244)}]
------------------------------------------
  Seed: px+i*py
F_onsite: (0.013538666273256854+0.027014629718456876j)
F_swave: (-0.011788781220777207-0.02352296401162297j), F_dwave: (-1.474514954580286e-17-2.862293735361732e-17j)
F_px: (3.2959746043559335e-17+5.204170427930421e-18j), F_py: (-3.469446951953614e-18+5.204170427930421e-18j)
Free_energy = -18105.97157532582
------------------------------------------
[{'stable': {'F_onsite': np.complex128(0.013538666273256854+0.027014629718456876j), 'F_swave': np.complex128(-0.011788781220777207-0.02352296401162297j)}, 'free': np.float64(-18105.97157532582)}]
------------------------------------------
  Seed: s-wave
F_onsite: (-0.030217308008563783+0j)
F_swave: (0.026311693190743647+0j), F_dwave: (-5.204170427930421e-18+0j)
F_px: -1.1417157096040714e-17j, F_py: -5.92732480664878e-18j
Free_energy = -18105.971575325828
------------------------------------------
[{'stable': {'F_onsite': np.complex128(0.013538666273256854+0.027014629718456876j), 'F_swave': np.complex128(-0.011788781220777207-0.02352296401162297j)}, 'free': np.float64(-18105.97157532582)}, {'stable': {'F_onsite': np.complex128(-0.030217308008563783+0j), 'F_swave': np.complex128(0.026311693190743647+0j)}, 'free': np.float64(-18105.971575325828)}]
------------------------------------------
  Seed: s-wave+px
F_onsite: (-0.030217308008563468-3.817349321013244e-18j)
F_swave: (0.02631169319074337+3.531439175780788e-18j), F_dwave: (1.734723475976807e-18+1.1429650832012715e-19j)
F_px: (-1.734723475976807e-18-5.418152126230539e-18j), F_py: (3.469446951953614e-18-5.5110081130732916e-18j)
Free_energy = -18105.971575325828
------------------------------------------
[{'stable': {'F_onsite': np.complex128(0.013538666273256854+0.027014629718456876j), 'F_swave': np.complex128(-0.011788781220777207-0.02352296401162297j)}, 'free': np.float64(-18105.97157532582)}, {'stable': {'F_onsite': np.complex128(-0.030217308008563783+0j), 'F_swave': np.complex128(0.026311693190743647+0j)}, 'free': np.float64(-18105.971575325828)}]
------------------------------------------
  Seed: s-wave+py
F_onsite: (-0.030217308008563468+0j)
F_swave: (0.026311693190743366+0j), F_dwave: (1.734723475976807e-18+0j)
F_px: -8.234854313206308e-18j, F_py: -5.837751072476638e-18j
Free_energy = -18105.971575325828
------------------------------------------
[{'stable': {'F_onsite': np.complex128(0.013538666273256854+0.027014629718456876j), 'F_swave': np.complex128(-0.011788781220777207-0.02352296401162297j)}, 'free': np.float64(-18105.97157532582)}, {'stable': {'F_onsite': np.complex128(-0.030217308008563783+0j), 'F_swave': np.complex128(0.026311693190743647+0j)}, 'free': np.float64(-18105.971575325828)}]
------------------------------------------
====================================
mu=3.16, T=0.0310
====================================
  Seed: normal state
F_onsite: 0j
F_swave: 0j, F_dwave: 0j
F_px: 0j, F_py: 0j
Free_energy = -18080.1526363603
------------------------------------------
[{'stable': {}, 'free': np.float64(-18080.1526363603)}]
------------------------------------------
  Seed: px+i*py
F_onsite: (0.013416219454109686+0.026770303178995574j)
F_swave: (-0.011682370148794412-0.023310634698709684j), F_dwave: (-2.1250362580715887e-17+2.168404344971009e-17j)
F_px: (9.540979117872439e-18+2.2551405187698492e-17j), F_py: (-6.071532165918825e-18-1.734723475976807e-18j)
Free_energy = -18105.59401340076
------------------------------------------
[{'stable': {'F_onsite': np.complex128(0.013416219454109686+0.026770303178995574j), 'F_swave': np.complex128(-0.011682370148794412-0.023310634698709684j)}, 'free': np.float64(-18105.59401340076)}]
------------------------------------------
  Seed: s-wave
F_onsite: (-0.029944015708254213+0j)
F_swave: (0.026074191499452736+0j), F_dwave: (2.2551405187698492e-17+0j)
F_px: -9.386395604998529e-18j, F_py: -5.820386897057925e-18j
Free_energy = -18105.594013400758
------------------------------------------
[{'stable': {'F_onsite': np.complex128(0.013416219454109686+0.026770303178995574j), 'F_swave': np.complex128(-0.011682370148794412-0.023310634698709684j)}, 'free': np.float64(-18105.59401340076)}, {'stable': {'F_onsite': np.complex128(-0.029944015708254213+0j), 'F_swave': np.complex128(0.026074191499452736+0j)}, 'free': np.float64(-18105.594013400758)}]
------------------------------------------
  Seed: s-wave+px
F_onsite: (-0.029944015708254203-2.997928165933236e-19j)
F_swave: (0.026074191499452726+8.4967992521447e-20j), F_dwave: (2.42861286636753e-17-8.15798607324298e-20j)
F_px: -7.969097726005271e-18j, F_py: -5.4552098176729145e-18j
Free_energy = -18105.59401340076
------------------------------------------
[{'stable': {'F_onsite': np.complex128(0.013416219454109686+0.026770303178995574j), 'F_swave': np.complex128(-0.011682370148794412-0.023310634698709684j)}, 'free': np.float64(-18105.59401340076)}, {'stable': {'F_onsite': np.complex128(-0.029944015708254213+0j), 'F_swave': np.complex128(0.026074191499452736+0j)}, 'free': np.float64(-18105.594013400758)}]
------------------------------------------
  Seed: s-wave+py
F_onsite: (-0.0299440157082542+0j)
F_swave: (0.026074191499452722+0j), F_dwave: (2.42861286636753e-17+0j)
F_px: -4.902414940471077e-18j, F_py: -5.176430098907843e-18j
Free_energy = -18105.59401340076
------------------------------------------
[{'stable': {'F_onsite': np.complex128(0.013416219454109686+0.026770303178995574j), 'F_swave': np.complex128(-0.011682370148794412-0.023310634698709684j)}, 'free': np.float64(-18105.59401340076)}, {'stable': {'F_onsite': np.complex128(-0.029944015708254213+0j), 'F_swave': np.complex128(0.026074191499452736+0j)}, 'free': np.float64(-18105.594013400758)}]
------------------------------------------
====================================
mu=3.16, T=0.0340
====================================
  Seed: normal state
F_onsite: 0j
F_swave: 0j, F_dwave: 0j
F_px: 0j, F_py: 0j
Free_energy = -18080.473419894945
------------------------------------------
[{'stable': {}, 'free': np.float64(-18080.473419894945)}]
------------------------------------------
  Seed: px+i*py
F_onsite: (0.013250413305947208+0.026439458795416995j)
F_swave: (-0.011538285147292866-0.023023132009376317j), F_dwave: (2.3852447794681098e-17-1.0408340855860843e-17j)
F_px: (-1.5612511283791264e-17+2.2551405187698492e-17j), F_py: (-2.6020852139652106e-18+0j)
Free_energy = -18105.095208569503
------------------------------------------
[{'stable': {'F_onsite': np.complex128(0.013250413305947208+0.026439458795416995j), 'F_swave': np.complex128(-0.011538285147292866-0.023023132009376317j)}, 'free': np.float64(-18105.095208569503)}]
------------------------------------------
  Seed: s-wave
F_onsite: (-0.02957394857256925+0j)
F_swave: (0.02575260436657639+0j), F_dwave: (8.673617379884035e-18+0j)
F_px: -5.190406142537539e-18j, F_py: -5.8913259063904724e-18j
Free_energy = -18105.095208569503
------------------------------------------
[{'stable': {'F_onsite': np.complex128(0.013250413305947208+0.026439458795416995j), 'F_swave': np.complex128(-0.011538285147292866-0.023023132009376317j)}, 'free': np.float64(-18105.095208569503)}, {'stable': {'F_onsite': np.complex128(-0.02957394857256925+0j), 'F_swave': np.complex128(0.02575260436657639+0j)}, 'free': np.float64(-18105.095208569503)}]
------------------------------------------
  Seed: s-wave+px
F_onsite: (-0.02957394857256925+0j)
F_swave: (0.02575260436657639+0j), F_dwave: (8.673617379884035e-18+0j)
F_px: -5.190406142537539e-18j, F_py: -5.8913259063904724e-18j
Free_energy = -18105.095208569503
------------------------------------------
[{'stable': {'F_onsite': np.complex128(0.013250413305947208+0.026439458795416995j), 'F_swave': np.complex128(-0.011538285147292866-0.023023132009376317j)}, 'free': np.float64(-18105.095208569503)}, {'stable': {'F_onsite': np.complex128(-0.02957394857256925+0j), 'F_swave': np.complex128(0.02575260436657639+0j)}, 'free': np.float64(-18105.095208569503)}]
------------------------------------------
  Seed: s-wave+py
F_onsite: (-0.02957394857256925+0j)
F_swave: (0.02575260436657639+0j), F_dwave: (8.673617379884035e-18+0j)
F_px: -5.190406142537539e-18j, F_py: -5.8913259063904724e-18j
Free_energy = -18105.095208569503
------------------------------------------
[{'stable': {'F_onsite': np.complex128(0.013250413305947208+0.026439458795416995j), 'F_swave': np.complex128(-0.011538285147292866-0.023023132009376317j)}, 'free': np.float64(-18105.095208569503)}, {'stable': {'F_onsite': np.complex128(-0.02957394857256925+0j), 'F_swave': np.complex128(0.02575260436657639+0j)}, 'free': np.float64(-18105.095208569503)}]
------------------------------------------
====================================
mu=3.16, T=0.0370
====================================
  Seed: normal state
F_onsite: 0j
F_swave: 0j, F_dwave: 0j
F_px: 0j, F_py: 0j
Free_energy = -18080.82434109281
------------------------------------------
[{'stable': {}, 'free': np.float64(-18080.82434109281)}]
------------------------------------------
  Seed: px+i*py
F_onsite: (0.013035128866550462+0.026009886982576058j)
F_swave: (-0.011351175969551567-0.022649780229253673j), F_dwave: (1.214306433183765e-17-3.382710778154774e-17j)
F_px: (3.469446951953614e-18-9.540979117872439e-17j), F_py: (-5.204170427930421e-18+1.734723475976807e-18j)
Free_energy = -18104.46395225973
------------------------------------------
[{'stable': {'F_onsite': np.complex128(0.013035128866550462+0.026009886982576058j), 'F_swave': np.complex128(-0.011351175969551567-0.022649780229253673j)}, 'free': np.float64(-18104.46395225973)}]
------------------------------------------
  Seed: s-wave
F_onsite: (-0.029093449527581864+0j)
F_swave: (0.02533499043467779+0j), F_dwave: (6.938893903907228e-18+0j)
F_px: -4.457299126688942e-18j, F_py: -5.641027670476827e-18j
Free_energy = -18104.46395225973
------------------------------------------
[{'stable': {'F_onsite': np.complex128(0.013035128866550462+0.026009886982576058j), 'F_swave': np.complex128(-0.011351175969551567-0.022649780229253673j)}, 'free': np.float64(-18104.46395225973)}, {'stable': {'F_onsite': np.complex128(-0.029093449527581864+0j), 'F_swave': np.complex128(0.02533499043467779+0j)}, 'free': np.float64(-18104.46395225973)}]
------------------------------------------
  Seed: s-wave+px
F_onsite: (-0.029093449527581864+0j)
F_swave: (0.02533499043467779+0j), F_dwave: (6.938893903907228e-18+0j)
F_px: -4.457299126688942e-18j, F_py: -5.641027670476827e-18j
Free_energy = -18104.46395225973
------------------------------------------
[{'stable': {'F_onsite': np.complex128(0.013035128866550462+0.026009886982576058j), 'F_swave': np.complex128(-0.011351175969551567-0.022649780229253673j)}, 'free': np.float64(-18104.46395225973)}, {'stable': {'F_onsite': np.complex128(-0.029093449527581864+0j), 'F_swave': np.complex128(0.02533499043467779+0j)}, 'free': np.float64(-18104.46395225973)}]
------------------------------------------
  Seed: s-wave+py
F_onsite: (-0.029093449527581864+0j)
F_swave: (0.02533499043467779+0j), F_dwave: (6.938893903907228e-18+0j)
F_px: -4.457299126688942e-18j, F_py: -5.641027670476827e-18j
Free_energy = -18104.46395225973
------------------------------------------
[{'stable': {'F_onsite': np.complex128(0.013035128866550462+0.026009886982576058j), 'F_swave': np.complex128(-0.011351175969551567-0.022649780229253673j)}, 'free': np.float64(-18104.46395225973)}, {'stable': {'F_onsite': np.complex128(-0.029093449527581864+0j), 'F_swave': np.complex128(0.02533499043467779+0j)}, 'free': np.float64(-18104.46395225973)}]
------------------------------------------
====================================
mu=3.16, T=0.0400
====================================
  Seed: normal state
F_onsite: 0j
F_swave: 0j, F_dwave: 0j
F_px: 0j, F_py: 0j
Free_energy = -18081.205302850965
------------------------------------------
[{'stable': {}, 'free': np.float64(-18081.205302850965)}]
------------------------------------------
  Seed: px+i*py
F_onsite: (0.012765120874978038+0.02547112151143349j)
F_swave: (-0.011116483861171011-0.022181482962906993j), F_dwave: (1.9949319973733282e-17-2.168404344971009e-17j)
F_px: (1.1275702593849246e-17+3.642919299551295e-17j), F_py: (-3.469446951953614e-18+1.734723475976807e-18j)
Free_energy = -18103.69638248854
------------------------------------------
[{'stable': {'F_onsite': np.complex128(0.012765120874978038+0.02547112151143349j), 'F_swave': np.complex128(-0.011116483861171011-0.022181482962906993j)}, 'free': np.float64(-18103.69638248854)}]
------------------------------------------
  Seed: s-wave
F_onsite: (-0.028490811536405702+0j)
F_swave: (0.024811174899012876+0j), F_dwave: (5.204170427930421e-17+0j)
F_px: -5.8169987652689076e-18j, F_py: -5.281462184367376e-18j
Free_energy = -18103.696382488535
------------------------------------------
[{'stable': {'F_onsite': np.complex128(0.012765120874978038+0.02547112151143349j), 'F_swave': np.complex128(-0.011116483861171011-0.022181482962906993j)}, 'free': np.float64(-18103.69638248854)}, {'stable': {'F_onsite': np.complex128(-0.028490811536405702+0j), 'F_swave': np.complex128(0.024811174899012876+0j)}, 'free': np.float64(-18103.696382488535)}]
------------------------------------------
  Seed: s-wave+px
F_onsite: (-0.028490811536405702+0j)
F_swave: (0.024811174899012876+0j), F_dwave: (5.204170427930421e-17+0j)
F_px: -5.8169987652689076e-18j, F_py: -5.281462184367376e-18j
Free_energy = -18103.696382488535
------------------------------------------
[{'stable': {'F_onsite': np.complex128(0.012765120874978038+0.02547112151143349j), 'F_swave': np.complex128(-0.011116483861171011-0.022181482962906993j)}, 'free': np.float64(-18103.69638248854)}, {'stable': {'F_onsite': np.complex128(-0.028490811536405702+0j), 'F_swave': np.complex128(0.024811174899012876+0j)}, 'free': np.float64(-18103.696382488535)}]
------------------------------------------
  Seed: s-wave+py
F_onsite: (-0.028490811536405702+0j)
F_swave: (0.024811174899012876+0j), F_dwave: (5.204170427930421e-17+0j)
F_px: -5.8169987652689076e-18j, F_py: -5.281462184367376e-18j
Free_energy = -18103.696382488535
------------------------------------------
[{'stable': {'F_onsite': np.complex128(0.012765120874978038+0.02547112151143349j), 'F_swave': np.complex128(-0.011116483861171011-0.022181482962906993j)}, 'free': np.float64(-18103.69638248854)}, {'stable': {'F_onsite': np.complex128(-0.028490811536405702+0j), 'F_swave': np.complex128(0.024811174899012876+0j)}, 'free': np.float64(-18103.696382488535)}]
------------------------------------------
====================================
mu=3.16, T=0.0430
====================================
  Seed: normal state
F_onsite: 0j
F_swave: 0j, F_dwave: 0j
F_px: 0j, F_py: 0j
Free_energy = -18081.61623376655
------------------------------------------
[{'stable': {}, 'free': np.float64(-18081.61623376655)}]
------------------------------------------
  Seed: px+i*py
F_onsite: (0.012434322603055352+0.024811057023016975j)
F_swave: (-0.010828917748400727-0.021607682567855405j), F_dwave: (-1.5178830414797062e-17+4.423544863740858e-17j)
F_px: (4.683753385137379e-17+4.5102810375396984e-17j), F_py: (-2.6020852139652106e-18-1.734723475976807e-18j)
Free_energy = -18102.788926949317
------------------------------------------
[{'stable': {'F_onsite': np.complex128(0.012434322603055352+0.024811057023016975j), 'F_swave': np.complex128(-0.010828917748400727-0.021607682567855405j)}, 'free': np.float64(-18102.788926949317)}]
------------------------------------------
  Seed: s-wave
F_onsite: (-0.027752494107669976+0j)
F_swave: (0.024169348471873082+0j), F_dwave: (8.673617379884035e-18+0j)
F_px: -9.854169550119717e-18j, F_py: -5.7170488774929e-18j
Free_energy = -18102.78892694932
------------------------------------------
[{'stable': {'F_onsite': np.complex128(0.012434322603055352+0.024811057023016975j), 'F_swave': np.complex128(-0.010828917748400727-0.021607682567855405j)}, 'free': np.float64(-18102.788926949317)}, {'stable': {'F_onsite': np.complex128(-0.027752494107669976+0j), 'F_swave': np.complex128(0.024169348471873082+0j)}, 'free': np.float64(-18102.78892694932)}]
------------------------------------------
  Seed: s-wave+px
F_onsite: (-0.027752494107669976+0j)
F_swave: (0.024169348471873082+0j), F_dwave: (8.673617379884035e-18+0j)
F_px: -9.854169550119717e-18j, F_py: -5.7170488774929e-18j
Free_energy = -18102.78892694932
------------------------------------------
[{'stable': {'F_onsite': np.complex128(0.012434322603055352+0.024811057023016975j), 'F_swave': np.complex128(-0.010828917748400727-0.021607682567855405j)}, 'free': np.float64(-18102.788926949317)}, {'stable': {'F_onsite': np.complex128(-0.027752494107669976+0j), 'F_swave': np.complex128(0.024169348471873082+0j)}, 'free': np.float64(-18102.78892694932)}]
------------------------------------------
  Seed: s-wave+py
F_onsite: (-0.027752494107669976+0j)
F_swave: (0.024169348471873082+0j), F_dwave: (8.673617379884035e-18+0j)
F_px: -9.854169550119717e-18j, F_py: -5.7170488774929e-18j
Free_energy = -18102.78892694932
------------------------------------------
[{'stable': {'F_onsite': np.complex128(0.012434322603055352+0.024811057023016975j), 'F_swave': np.complex128(-0.010828917748400727-0.021607682567855405j)}, 'free': np.float64(-18102.788926949317)}, {'stable': {'F_onsite': np.complex128(-0.027752494107669976+0j), 'F_swave': np.complex128(0.024169348471873082+0j)}, 'free': np.float64(-18102.78892694932)}]
------------------------------------------
====================================
mu=3.16, T=0.0460
====================================
  Seed: normal state
F_onsite: 0j
F_swave: 0j, F_dwave: 0j
F_px: 0j, F_py: 0j
Free_energy = -18082.057082178344
------------------------------------------
[{'stable': {}, 'free': np.float64(-18082.057082178344)}]
------------------------------------------
  Seed: px+i*py
F_onsite: (0.012035698779212027+0.02401565555726368j)
F_swave: (-0.010482339034530767-0.020916130280907178j), F_dwave: (-3.859759734048396e-17+0j)
F_px: (6.071532165918825e-18+1.734723475976807e-17j), F_py: (2.6020852139652106e-18+3.469446951953614e-18j)
Free_energy = -18101.739583462524
------------------------------------------
[{'stable': {'F_onsite': np.complex128(0.012035698779212027+0.02401565555726368j), 'F_swave': np.complex128(-0.010482339034530767-0.020916130280907178j)}, 'free': np.float64(-18101.739583462524)}]
------------------------------------------
  Seed: s-wave
F_onsite: (-0.02686279503233167+0j)
F_swave: (0.023395810256597677+0j), F_dwave: (-3.9898639947466563e-17+0j)
F_px: -8.722321774351158e-19j, F_py: -5.257533503607442e-18j
Free_energy = -18101.739583462528
------------------------------------------
[{'stable': {'F_onsite': np.complex128(0.012035698779212027+0.02401565555726368j), 'F_swave': np.complex128(-0.010482339034530767-0.020916130280907178j)}, 'free': np.float64(-18101.739583462524)}, {'stable': {'F_onsite': np.complex128(-0.02686279503233167+0j), 'F_swave': np.complex128(0.023395810256597677+0j)}, 'free': np.float64(-18101.739583462528)}]
------------------------------------------
  Seed: s-wave+px
F_onsite: (-0.02686279503233167+0j)
F_swave: (0.023395810256597677+0j), F_dwave: (-3.9898639947466563e-17+0j)
F_px: -8.722321774351158e-19j, F_py: -5.257533503607442e-18j
Free_energy = -18101.739583462528
------------------------------------------
[{'stable': {'F_onsite': np.complex128(0.012035698779212027+0.02401565555726368j), 'F_swave': np.complex128(-0.010482339034530767-0.020916130280907178j)}, 'free': np.float64(-18101.739583462524)}, {'stable': {'F_onsite': np.complex128(-0.02686279503233167+0j), 'F_swave': np.complex128(0.023395810256597677+0j)}, 'free': np.float64(-18101.739583462528)}]
------------------------------------------
  Seed: s-wave+py
F_onsite: (-0.02686279503233167+0j)
F_swave: (0.023395810256597677+0j), F_dwave: (-3.9898639947466563e-17+0j)
F_px: -8.722321774351158e-19j, F_py: -5.257533503607442e-18j
Free_energy = -18101.739583462528
------------------------------------------
[{'stable': {'F_onsite': np.complex128(0.012035698779212027+0.02401565555726368j), 'F_swave': np.complex128(-0.010482339034530767-0.020916130280907178j)}, 'free': np.float64(-18101.739583462524)}, {'stable': {'F_onsite': np.complex128(-0.02686279503233167+0j), 'F_swave': np.complex128(0.023395810256597677+0j)}, 'free': np.float64(-18101.739583462528)}]
------------------------------------------
====================================
mu=3.16, T=0.0490
====================================
  Seed: normal state
F_onsite: 0j
F_swave: 0j, F_dwave: 0j
F_px: 0j, F_py: 0j
Free_energy = -18082.52781111282
------------------------------------------
[{'stable': {}, 'free': np.float64(-18082.52781111282)}]
------------------------------------------
  Seed: px+i*py
F_onsite: (0.011560216150753035+0.023066892445291122j)
F_swave: (-0.010068856519289644-0.02009108024873662j), F_dwave: (-1.1275702593849246e-17+1.734723475976807e-18j)
F_px: (1.9081958235744878e-17+5.204170427930421e-18j), F_py: (-1.0408340855860843e-17-3.469446951953614e-18j)
Free_energy = -18100.546135075696
------------------------------------------
[{'stable': {'F_onsite': np.complex128(0.011560216150753035+0.023066892445291122j), 'F_swave': np.complex128(-0.010068856519289644-0.02009108024873662j)}, 'free': np.float64(-18100.546135075696)}]
------------------------------------------
  Seed: s-wave
F_onsite: (-0.02580155275433533+0j)
F_swave: (0.022472947674197278+0j), F_dwave: (-2.0816681711721685e-17+0j)
F_px: -9.35272604534517e-18j, F_py: -5.613499099691062e-18j
Free_energy = -18100.54613507568
------------------------------------------
[{'stable': {'F_onsite': np.complex128(0.011560216150753035+0.023066892445291122j), 'F_swave': np.complex128(-0.010068856519289644-0.02009108024873662j)}, 'free': np.float64(-18100.546135075696)}, {'stable': {'F_onsite': np.complex128(-0.02580155275433533+0j), 'F_swave': np.complex128(0.022472947674197278+0j)}, 'free': np.float64(-18100.54613507568)}]
------------------------------------------
  Seed: s-wave+px
F_onsite: (-0.02580155275433533+0j)
F_swave: (0.022472947674197278+0j), F_dwave: (-2.0816681711721685e-17+0j)
F_px: -9.35272604534517e-18j, F_py: -5.613499099691062e-18j
Free_energy = -18100.54613507568
------------------------------------------
[{'stable': {'F_onsite': np.complex128(0.011560216150753035+0.023066892445291122j), 'F_swave': np.complex128(-0.010068856519289644-0.02009108024873662j)}, 'free': np.float64(-18100.546135075696)}, {'stable': {'F_onsite': np.complex128(-0.02580155275433533+0j), 'F_swave': np.complex128(0.022472947674197278+0j)}, 'free': np.float64(-18100.54613507568)}]
------------------------------------------
  Seed: s-wave+py
F_onsite: (-0.02580155275433533+0j)
F_swave: (0.022472947674197278+0j), F_dwave: (-2.0816681711721685e-17+0j)
F_px: -9.35272604534517e-18j, F_py: -5.613499099691062e-18j
Free_energy = -18100.54613507568
------------------------------------------
[{'stable': {'F_onsite': np.complex128(0.011560216150753035+0.023066892445291122j), 'F_swave': np.complex128(-0.010068856519289644-0.02009108024873662j)}, 'free': np.float64(-18100.546135075696)}, {'stable': {'F_onsite': np.complex128(-0.02580155275433533+0j), 'F_swave': np.complex128(0.022472947674197278+0j)}, 'free': np.float64(-18100.54613507568)}]
------------------------------------------
====================================
mu=3.16, T=0.0520
====================================
  Seed: normal state
F_onsite: 0j
F_swave: 0j, F_dwave: 0j
F_px: 0j, F_py: 0j
Free_energy = -18083.028394372144
------------------------------------------
[{'stable': {}, 'free': np.float64(-18083.028394372144)}]
------------------------------------------
  Seed: px+i*py
F_onsite: (0.010996538189439607+0.02194214713449014j)
F_swave: (-0.009578576523735859-0.019112790934934988j), F_dwave: (-3.903127820947816e-18-5.204170427930421e-18j)
F_px: (-2.3418766925686896e-17+6.938893903907228e-18j), F_py: (-8.673617379884035e-19-3.469446951953614e-18j)
Free_energy = -18099.20868021607
------------------------------------------
[{'stable': {'F_onsite': np.complex128(0.010996538189439607+0.02194214713449014j), 'F_swave': np.complex128(-0.009578576523735859-0.019112790934934988j)}, 'free': np.float64(-18099.20868021607)}]
------------------------------------------
  Seed: s-wave
F_onsite: (-0.0245434649759041+0j)
F_swave: (0.02137867876047546+0j), F_dwave: (-3.469446951953614e-18+0j)
F_px: -7.084160054361341e-18j, F_py: -5.9576062345131214e-18j
Free_energy = -18099.20868021607
------------------------------------------
[{'stable': {'F_onsite': np.complex128(0.010996538189439607+0.02194214713449014j), 'F_swave': np.complex128(-0.009578576523735859-0.019112790934934988j)}, 'free': np.float64(-18099.20868021607)}, {'stable': {'F_onsite': np.complex128(-0.0245434649759041+0j), 'F_swave': np.complex128(0.02137867876047546+0j)}, 'free': np.float64(-18099.20868021607)}]
------------------------------------------
  Seed: s-wave+px
F_onsite: (-0.0245434649759041+0j)
F_swave: (0.02137867876047546+0j), F_dwave: (-3.469446951953614e-18+0j)
F_px: -7.084160054361341e-18j, F_py: -5.9576062345131214e-18j
Free_energy = -18099.20868021607
------------------------------------------
[{'stable': {'F_onsite': np.complex128(0.010996538189439607+0.02194214713449014j), 'F_swave': np.complex128(-0.009578576523735859-0.019112790934934988j)}, 'free': np.float64(-18099.20868021607)}, {'stable': {'F_onsite': np.complex128(-0.0245434649759041+0j), 'F_swave': np.complex128(0.02137867876047546+0j)}, 'free': np.float64(-18099.20868021607)}]
------------------------------------------
  Seed: s-wave+py
F_onsite: (-0.0245434649759041+0j)
F_swave: (0.02137867876047546+0j), F_dwave: (-3.469446951953614e-18+0j)
F_px: -7.084160054361341e-18j, F_py: -5.9576062345131214e-18j
Free_energy = -18099.20868021607
------------------------------------------
[{'stable': {'F_onsite': np.complex128(0.010996538189439607+0.02194214713449014j), 'F_swave': np.complex128(-0.009578576523735859-0.019112790934934988j)}, 'free': np.float64(-18099.20868021607)}, {'stable': {'F_onsite': np.complex128(-0.0245434649759041+0j), 'F_swave': np.complex128(0.02137867876047546+0j)}, 'free': np.float64(-18099.20868021607)}]
------------------------------------------
====================================
mu=3.16, T=0.0550
====================================
  Seed: normal state
F_onsite: 0j
F_swave: 0j, F_dwave: 0j
F_px: 0j, F_py: 0j
Free_energy = -18083.55881362833
------------------------------------------
[{'stable': {}, 'free': np.float64(-18083.55881362833)}]
------------------------------------------
  Seed: px+i*py
F_onsite: (0.01032914806009574+0.020610457819007805j)
F_swave: (-0.00899795725292928-0.017954241466940076j), F_dwave: (-1.2576745200831851e-17+5.204170427930421e-17j)
F_px: (3.5561831257524545e-17-3.2959746043559335e-17j), F_py: (-1.3010426069826053e-17+3.469446951953614e-18j)
Free_energy = -18097.728111338834
------------------------------------------
[{'stable': {'F_onsite': np.complex128(0.01032914806009574+0.020610457819007805j), 'F_swave': np.complex128(-0.00899795725292928-0.017954241466940076j)}, 'free': np.float64(-18097.728111338834)}]
------------------------------------------
  Seed: s-wave
F_onsite: (-0.02305389926143704+0j)
F_swave: (0.020082779224468474+0j), F_dwave: (2.2551405187698492e-17+0j)
F_px: -8.440683319389103e-18j, F_py: -6.133789087542016e-18j
Free_energy = -18097.728111338834
------------------------------------------
[{'stable': {'F_onsite': np.complex128(0.01032914806009574+0.020610457819007805j), 'F_swave': np.complex128(-0.00899795725292928-0.017954241466940076j)}, 'free': np.float64(-18097.728111338834)}, {'stable': {'F_onsite': np.complex128(-0.02305389926143704+0j), 'F_swave': np.complex128(0.020082779224468474+0j)}, 'free': np.float64(-18097.728111338834)}]
------------------------------------------
  Seed: s-wave+px
F_onsite: (-0.02305389926143704+0j)
F_swave: (0.020082779224468474+0j), F_dwave: (2.2551405187698492e-17+0j)
F_px: -8.440683319389103e-18j, F_py: -6.133789087542016e-18j
Free_energy = -18097.728111338834
------------------------------------------
[{'stable': {'F_onsite': np.complex128(0.01032914806009574+0.020610457819007805j), 'F_swave': np.complex128(-0.00899795725292928-0.017954241466940076j)}, 'free': np.float64(-18097.728111338834)}, {'stable': {'F_onsite': np.complex128(-0.02305389926143704+0j), 'F_swave': np.complex128(0.020082779224468474+0j)}, 'free': np.float64(-18097.728111338834)}]
------------------------------------------
  Seed: s-wave+py
F_onsite: (-0.02305389926143704+0j)
F_swave: (0.020082779224468474+0j), F_dwave: (2.2551405187698492e-17+0j)
F_px: -8.440683319389103e-18j, F_py: -6.133789087542016e-18j
Free_energy = -18097.728111338834
------------------------------------------
[{'stable': {'F_onsite': np.complex128(0.01032914806009574+0.020610457819007805j), 'F_swave': np.complex128(-0.00899795725292928-0.017954241466940076j)}, 'free': np.float64(-18097.728111338834)}, {'stable': {'F_onsite': np.complex128(-0.02305389926143704+0j), 'F_swave': np.complex128(0.020082779224468474+0j)}, 'free': np.float64(-18097.728111338834)}]
------------------------------------------
====================================
mu=3.16, T=0.0580
====================================
  Seed: normal state
F_onsite: 0j
F_swave: 0j, F_dwave: 0j
F_px: 0j, F_py: 0j
Free_energy = -18084.119056287822
------------------------------------------
[{'stable': {}, 'free': np.float64(-18084.119056287822)}]
------------------------------------------
  Seed: px+i*py
F_onsite: (0.009535095353210494+0.0190260299720932j)
F_swave: (-0.008306967331167545-0.01657546186643824j), F_dwave: (-8.673617379884035e-18+2.6020852139652106e-17j)
F_px: (8.673617379884035e-19+2.7755575615628914e-17j), F_py: (-5.204170427930421e-18+0j)
Free_energy = -18096.10492254006
------------------------------------------
[{'stable': {'F_onsite': np.complex128(0.009535095353210494+0.0190260299720932j), 'F_swave': np.complex128(-0.008306967331167545-0.01657546186643824j)}, 'free': np.float64(-18096.10492254006)}]
------------------------------------------
  Seed: s-wave
F_onsite: (-0.021281631983797584+0j)
F_swave: (0.018540540507947012+0j), F_dwave: (-1.3877787807814457e-17+0j)
F_px: -3.2689119016911586e-18j, F_py: -6.3726523786677286e-18j
Free_energy = -18096.10492254006
------------------------------------------
[{'stable': {'F_onsite': np.complex128(0.009535095353210494+0.0190260299720932j), 'F_swave': np.complex128(-0.008306967331167545-0.01657546186643824j)}, 'free': np.float64(-18096.10492254006)}, {'stable': {'F_onsite': np.complex128(-0.021281631983797584+0j), 'F_swave': np.complex128(0.018540540507947012+0j)}, 'free': np.float64(-18096.10492254006)}]
------------------------------------------
  Seed: s-wave+px
F_onsite: (-0.021281631983797584+0j)
F_swave: (0.018540540507947012+0j), F_dwave: (-1.3877787807814457e-17+0j)
F_px: -3.2689119016911586e-18j, F_py: -6.3726523786677286e-18j
Free_energy = -18096.10492254006
------------------------------------------
[{'stable': {'F_onsite': np.complex128(0.009535095353210494+0.0190260299720932j), 'F_swave': np.complex128(-0.008306967331167545-0.01657546186643824j)}, 'free': np.float64(-18096.10492254006)}, {'stable': {'F_onsite': np.complex128(-0.021281631983797584+0j), 'F_swave': np.complex128(0.018540540507947012+0j)}, 'free': np.float64(-18096.10492254006)}]
------------------------------------------
  Seed: s-wave+py
F_onsite: (-0.021281631983797584+0j)
F_swave: (0.018540540507947012+0j), F_dwave: (-1.3877787807814457e-17+0j)
F_px: -3.2689119016911586e-18j, F_py: -6.3726523786677286e-18j
Free_energy = -18096.10492254006
------------------------------------------
[{'stable': {'F_onsite': np.complex128(0.009535095353210494+0.0190260299720932j), 'F_swave': np.complex128(-0.008306967331167545-0.01657546186643824j)}, 'free': np.float64(-18096.10492254006)}, {'stable': {'F_onsite': np.complex128(-0.021281631983797584+0j), 'F_swave': np.complex128(0.018540540507947012+0j)}, 'free': np.float64(-18096.10492254006)}]
------------------------------------------
====================================
mu=3.16, T=0.0610
====================================
  Seed: normal state
F_onsite: 0j
F_swave: 0j, F_dwave: 0j
F_px: 0j, F_py: 0j
Free_energy = -18084.709113908222
------------------------------------------
[{'stable': {}, 'free': np.float64(-18084.709113908222)}]
------------------------------------------
  Seed: px+i*py
F_onsite: (0.008578133563210357+0.017116538454259703j)
F_swave: (-0.0074739785234881045-0.014913342146157848j), F_dwave: (-2.211772431870429e-17-1.951563910473908e-17j)
F_px: (1.474514954580286e-17-9.454242944073599e-17j), F_py: (-3.469446951953614e-18+4.336808689942018e-18j)
Free_energy = -18094.339864639456
------------------------------------------
[{'stable': {'F_onsite': np.complex128(0.008578133563210357+0.017116538454259703j), 'F_swave': np.complex128(-0.0074739785234881045-0.014913342146157848j)}, 'free': np.float64(-18094.339864639456)}]
------------------------------------------
  Seed: s-wave
F_onsite: (-0.019145763606720496+0j)
F_swave: (0.016681370715199872+0j), F_dwave: (1.734723475976807e-18+0j)
F_px: -2.7265990572115928e-18j, F_py: -7.11581791076497e-18j
Free_energy = -18094.339864639456
------------------------------------------
[{'stable': {'F_onsite': np.complex128(0.008578133563210357+0.017116538454259703j), 'F_swave': np.complex128(-0.0074739785234881045-0.014913342146157848j)}, 'free': np.float64(-18094.339864639456)}, {'stable': {'F_onsite': np.complex128(-0.019145763606720496+0j), 'F_swave': np.complex128(0.016681370715199872+0j)}, 'free': np.float64(-18094.339864639456)}]
------------------------------------------
  Seed: s-wave+px
F_onsite: (-0.019145763606720496+0j)
F_swave: (0.016681370715199872+0j), F_dwave: (1.734723475976807e-18+0j)
F_px: -2.7265990572115928e-18j, F_py: -7.11581791076497e-18j
Free_energy = -18094.339864639456
------------------------------------------
[{'stable': {'F_onsite': np.complex128(0.008578133563210357+0.017116538454259703j), 'F_swave': np.complex128(-0.0074739785234881045-0.014913342146157848j)}, 'free': np.float64(-18094.339864639456)}, {'stable': {'F_onsite': np.complex128(-0.019145763606720496+0j), 'F_swave': np.complex128(0.016681370715199872+0j)}, 'free': np.float64(-18094.339864639456)}]
------------------------------------------
  Seed: s-wave+py
F_onsite: (-0.019145763606720496+0j)
F_swave: (0.016681370715199872+0j), F_dwave: (1.734723475976807e-18+0j)
F_px: -2.7265990572115928e-18j, F_py: -7.11581791076497e-18j
Free_energy = -18094.339864639456
------------------------------------------
[{'stable': {'F_onsite': np.complex128(0.008578133563210357+0.017116538454259703j), 'F_swave': np.complex128(-0.0074739785234881045-0.014913342146157848j)}, 'free': np.float64(-18094.339864639456)}, {'stable': {'F_onsite': np.complex128(-0.019145763606720496+0j), 'F_swave': np.complex128(0.016681370715199872+0j)}, 'free': np.float64(-18094.339864639456)}]
------------------------------------------
====================================
mu=3.16, T=0.0640
====================================
  Seed: normal state
F_onsite: 0j
F_swave: 0j, F_dwave: 0j
F_px: 0j, F_py: 0j
Free_energy = -18085.32898099604
------------------------------------------
[{'stable': {}, 'free': np.float64(-18085.32898099604)}]
------------------------------------------
  Seed: px+i*py
F_onsite: (0.007394476618487156+0.014754706540393065j)
F_swave: (-0.006443349304154256-0.012856856952168177j), F_dwave: (-8.023096076392733e-18-9.974659986866641e-18j)
F_px: (2.2551405187698492e-17-2.5153490401663703e-17j), F_py: (-6.5052130349130266e-18-4.336808689942018e-18j)
Free_energy = -18092.43459578812
------------------------------------------
[{'stable': {'F_onsite': np.complex128(0.007394476618487156+0.014754706540393065j), 'F_swave': np.complex128(-0.006443349304154256-0.012856856952168177j)}, 'free': np.float64(-18092.43459578812)}]
------------------------------------------
  Seed: s-wave
F_onsite: (-0.016503928306754005+0j)
F_swave: (0.01438108205052265+0j), F_dwave: (1.3010426069826053e-17+0j)
F_px: -7.039161429038456e-18j, F_py: -6.383028532271594e-18j
Free_energy = -18092.43459578812
------------------------------------------
[{'stable': {'F_onsite': np.complex128(0.007394476618487156+0.014754706540393065j), 'F_swave': np.complex128(-0.006443349304154256-0.012856856952168177j)}, 'free': np.float64(-18092.43459578812)}, {'stable': {'F_onsite': np.complex128(-0.016503928306754005+0j), 'F_swave': np.complex128(0.01438108205052265+0j)}, 'free': np.float64(-18092.43459578812)}]
------------------------------------------
  Seed: s-wave+px
F_onsite: (-0.016503928306754005+0j)
F_swave: (0.01438108205052265+0j), F_dwave: (1.3010426069826053e-17+0j)
F_px: -7.039161429038456e-18j, F_py: -6.383028532271594e-18j
Free_energy = -18092.43459578812
------------------------------------------
[{'stable': {'F_onsite': np.complex128(0.007394476618487156+0.014754706540393065j), 'F_swave': np.complex128(-0.006443349304154256-0.012856856952168177j)}, 'free': np.float64(-18092.43459578812)}, {'stable': {'F_onsite': np.complex128(-0.016503928306754005+0j), 'F_swave': np.complex128(0.01438108205052265+0j)}, 'free': np.float64(-18092.43459578812)}]
------------------------------------------
  Seed: s-wave+py
F_onsite: (-0.016503928306754005+0j)
F_swave: (0.01438108205052265+0j), F_dwave: (1.3010426069826053e-17+0j)
F_px: -7.039161429038456e-18j, F_py: -6.383028532271594e-18j
Free_energy = -18092.43459578812
------------------------------------------
[{'stable': {'F_onsite': np.complex128(0.007394476618487156+0.014754706540393065j), 'F_swave': np.complex128(-0.006443349304154256-0.012856856952168177j)}, 'free': np.float64(-18092.43459578812)}, {'stable': {'F_onsite': np.complex128(-0.016503928306754005+0j), 'F_swave': np.complex128(0.01438108205052265+0j)}, 'free': np.float64(-18092.43459578812)}]
------------------------------------------
====================================
mu=3.16, T=0.0670
====================================
  Seed: normal state
F_onsite: 0j
F_swave: 0j, F_dwave: 0j
F_px: 0j, F_py: 0j
Free_energy = -18085.978654061644
------------------------------------------
[{'stable': {}, 'free': np.float64(-18085.978654061644)}]
------------------------------------------
  Seed: px+i*py
F_onsite: (0.0058485426191133795+0.011669998363136608j)
F_swave: (-0.005096841829071258-0.010170078201711834j), F_dwave: (2.6020852139652106e-18-2.42861286636753e-17j)
F_px: (-2.6020852139652106e-17+1.3010426069826053e-17j), F_py: (-6.071532165918825e-18+3.469446951953614e-18j)
Free_energy = -18090.39293028282
------------------------------------------
[{'stable': {'F_onsite': np.complex128(0.0058485426191133795+0.011669998363136608j), 'F_swave': np.complex128(-0.005096841829071258-0.010170078201711834j)}, 'free': np.float64(-18090.39293028282)}]
------------------------------------------
  Seed: s-wave
F_onsite: (-0.013053517248741434+0j)
F_swave: (0.011375776336562775+0j), F_dwave: (-7.806255641895632e-18+0j)
F_px: -3.867552437163135e-18j, F_py: -6.5790107804425575e-18j
Free_energy = -18090.39293028282
------------------------------------------
[{'stable': {'F_onsite': np.complex128(0.0058485426191133795+0.011669998363136608j), 'F_swave': np.complex128(-0.005096841829071258-0.010170078201711834j)}, 'free': np.float64(-18090.39293028282)}, {'stable': {'F_onsite': np.complex128(-0.013053517248741434+0j), 'F_swave': np.complex128(0.011375776336562775+0j)}, 'free': np.float64(-18090.39293028282)}]
------------------------------------------
  Seed: s-wave+px
F_onsite: (-0.013053517248741434+0j)
F_swave: (0.011375776336562775+0j), F_dwave: (-7.806255641895632e-18+0j)
F_px: -3.867552437163135e-18j, F_py: -6.5790107804425575e-18j
Free_energy = -18090.39293028282
------------------------------------------
[{'stable': {'F_onsite': np.complex128(0.0058485426191133795+0.011669998363136608j), 'F_swave': np.complex128(-0.005096841829071258-0.010170078201711834j)}, 'free': np.float64(-18090.39293028282)}, {'stable': {'F_onsite': np.complex128(-0.013053517248741434+0j), 'F_swave': np.complex128(0.011375776336562775+0j)}, 'free': np.float64(-18090.39293028282)}]
------------------------------------------
  Seed: s-wave+py
F_onsite: (-0.013053517248741434+0j)
F_swave: (0.011375776336562775+0j), F_dwave: (-7.806255641895632e-18+0j)
F_px: -3.867552437163135e-18j, F_py: -6.5790107804425575e-18j
Free_energy = -18090.39293028282
------------------------------------------
[{'stable': {'F_onsite': np.complex128(0.0058485426191133795+0.011669998363136608j), 'F_swave': np.complex128(-0.005096841829071258-0.010170078201711834j)}, 'free': np.float64(-18090.39293028282)}, {'stable': {'F_onsite': np.complex128(-0.013053517248741434+0j), 'F_swave': np.complex128(0.011375776336562775+0j)}, 'free': np.float64(-18090.39293028282)}]
------------------------------------------
====================================
mu=3.16, T=0.0700
====================================
  Seed: normal state
F_onsite: 0j
F_swave: 0j, F_dwave: 0j
F_px: 0j, F_py: 0j
Free_energy = -18086.658130843047
------------------------------------------
[{'stable': {}, 'free': np.float64(-18086.658130843047)}]
------------------------------------------
  Seed: px+i*py
F_onsite: (0.003491845921628428+0.006967519746980518j)
F_swave: (-0.003043425812930137-0.006072756337476647j), F_dwave: (-6.071532165918825e-18+4.119968255444917e-18j)
F_px: (3.2526065174565133e-18-6.5052130349130266e-18j), F_py: (-6.071532165918825e-18+1.3010426069826053e-18j)
Free_energy = -18088.22103169409
------------------------------------------
[{'stable': {'F_onsite': np.complex128(0.003491845921628428+0.006967519746980518j), 'F_swave': np.complex128(-0.003043425812930137-0.006072756337476647j)}, 'free': np.float64(-18088.22103169409)}]
------------------------------------------
  Seed: s-wave
F_onsite: (-0.007793543440884761+0j)
F_swave: (0.006792702717856396+0j), F_dwave: (1.3010426069826053e-17+0j)
F_px: -1.1099943257293979e-17j, F_py: -6.899189234504683e-18j
Free_energy = -18088.22103169409
------------------------------------------
[{'stable': {'F_onsite': np.complex128(0.003491845921628428+0.006967519746980518j), 'F_swave': np.complex128(-0.003043425812930137-0.006072756337476647j)}, 'free': np.float64(-18088.22103169409)}, {'stable': {'F_onsite': np.complex128(-0.007793543440884761+0j), 'F_swave': np.complex128(0.006792702717856396+0j)}, 'free': np.float64(-18088.22103169409)}]
------------------------------------------
  Seed: s-wave+px
F_onsite: (-0.007793543440884761+0j)
F_swave: (0.006792702717856396+0j), F_dwave: (1.3010426069826053e-17+0j)
F_px: -1.1099943257293979e-17j, F_py: -6.899189234504683e-18j
Free_energy = -18088.22103169409
------------------------------------------
[{'stable': {'F_onsite': np.complex128(0.003491845921628428+0.006967519746980518j), 'F_swave': np.complex128(-0.003043425812930137-0.006072756337476647j)}, 'free': np.float64(-18088.22103169409)}, {'stable': {'F_onsite': np.complex128(-0.007793543440884761+0j), 'F_swave': np.complex128(0.006792702717856396+0j)}, 'free': np.float64(-18088.22103169409)}]
------------------------------------------
  Seed: s-wave+py
F_onsite: (-0.007793543440884761+0j)
F_swave: (0.006792702717856396+0j), F_dwave: (1.3010426069826053e-17+0j)
F_px: -1.1099943257293979e-17j, F_py: -6.899189234504683e-18j
Free_energy = -18088.22103169409
------------------------------------------
[{'stable': {'F_onsite': np.complex128(0.003491845921628428+0.006967519746980518j), 'F_swave': np.complex128(-0.003043425812930137-0.006072756337476647j)}, 'free': np.float64(-18088.22103169409)}, {'stable': {'F_onsite': np.complex128(-0.007793543440884761+0j), 'F_swave': np.complex128(0.006792702717856396+0j)}, 'free': np.float64(-18088.22103169409)}]
------------------------------------------
====================================
mu=3.16, T=0.0730
====================================
  Seed: normal state
F_onsite: 0j
F_swave: 0j, F_dwave: 0j
F_px: 0j, F_py: 0j
Free_energy = -18087.36740964469
------------------------------------------
[{'stable': {}, 'free': np.float64(-18087.36740964469)}]
------------------------------------------
  Seed: px+i*py
F_onsite: (7.11639804419873e-14+1.4199722335282863e-13j)
F_swave: (-6.207219126030901e-14-1.238559017602103e-13j), F_dwave: (2.7564775336128826e-22+6.565751930777694e-21j)
F_px: (-3.9384214097332e-20-7.200969780124371e-21j), F_py: (1.0877665335793157e-20-1.5541137001357516e-20j)
Free_energy = -18087.367409644685
------------------------------------------
[{'stable': {}, 'free': np.float64(-18087.36740964469)}]
------------------------------------------
  Seed: s-wave
F_onsite: (-1.2789921248828272e-13+0j)
F_swave: (1.1155901022940781e-13+0j), F_dwave: (2.5579096380471163e-21+0j)
F_px: 7.391902443379251e-20j, F_py: -4.1149695649944675e-20j
Free_energy = -18087.36740964469
------------------------------------------
[{'stable': {}, 'free': np.float64(-18087.36740964469)}]
------------------------------------------
  Seed: s-wave+px
F_onsite: (-1.2789921248828272e-13+0j)
F_swave: (1.1155901022940781e-13+0j), F_dwave: (2.5579096380471163e-21+0j)
F_px: 7.391902443379251e-20j, F_py: -4.1149695649944675e-20j
Free_energy = -18087.36740964469
------------------------------------------
[{'stable': {}, 'free': np.float64(-18087.36740964469)}]
------------------------------------------
  Seed: s-wave+py
F_onsite: (-1.2789921248828272e-13+0j)
F_swave: (1.1155901022940781e-13+0j), F_dwave: (2.5579096380471163e-21+0j)
F_px: 7.391902443379251e-20j, F_py: -4.1149695649944675e-20j
Free_energy = -18087.36740964469
------------------------------------------
[{'stable': {}, 'free': np.float64(-18087.36740964469)}]
------------------------------------------
====================================
mu=3.16, T=0.0760
====================================
  Seed: normal state
F_onsite: 0j
F_swave: 0j, F_dwave: 0j
F_px: 0j, F_py: 0j
Free_energy = -18088.106488750855
------------------------------------------
[{'stable': {}, 'free': np.float64(-18088.106488750855)}]
------------------------------------------
  Seed: px+i*py
F_onsite: (2.2258155566607425e-14+4.441260741798492e-14j)
F_swave: (-1.9442436338021954e-14-3.8794284814874385e-14j), F_dwave: (4.198723739839454e-21-4.9424148616913806e-21j)
F_px: (-6.309790865527078e-21-9.685780095705725e-21j), F_py: (-7.844215322589458e-21+2.1360141767080762e-20j)
Free_energy = -18088.106488750855
------------------------------------------
[{'stable': {}, 'free': np.float64(-18088.106488750855)}]
------------------------------------------
  Seed: s-wave
F_onsite: (-4.612012793239041e-14+0j)
F_swave: (4.0285797885104666e-14+0j), F_dwave: (-6.595518420055738e-21+0j)
F_px: 2.4252114000048435e-20j, F_py: 1.0132460108396499e-19j
Free_energy = -18088.106488750855
------------------------------------------
[{'stable': {}, 'free': np.float64(-18088.106488750855)}]
------------------------------------------
  Seed: s-wave+px
F_onsite: (-4.612012793239041e-14+0j)
F_swave: (4.0285797885104666e-14+0j), F_dwave: (-6.595518420055738e-21+0j)
F_px: 2.4252114000048435e-20j, F_py: 1.0132460108396499e-19j
Free_energy = -18088.106488750855
------------------------------------------
[{'stable': {}, 'free': np.float64(-18088.106488750855)}]
------------------------------------------
  Seed: s-wave+py
F_onsite: (-4.612012793239041e-14+0j)
F_swave: (4.0285797885104666e-14+0j), F_dwave: (-6.595518420055738e-21+0j)
F_px: 2.4252114000048435e-20j, F_py: 1.0132460108396499e-19j
Free_energy = -18088.106488750855
------------------------------------------
[{'stable': {}, 'free': np.float64(-18088.106488750855)}]
------------------------------------------
====================================
mu=3.16, T=0.0790
====================================
  Seed: normal state
F_onsite: 0j
F_swave: 0j, F_dwave: 0j
F_px: 0j, F_py: 0j
Free_energy = -18088.875365893226
------------------------------------------
[{'stable': {}, 'free': np.float64(-18088.875365893226)}]
------------------------------------------
  Seed: px+i*py
F_onsite: (1.297741646283508e-14+2.589415746304471e-14j)
F_swave: (-1.13518775167856e-14-2.2650691781906218e-14j), F_dwave: (2.202282759143075e-21+5.293627821255982e-21j)
F_px: (-4.381239282654126e-20+2.6155935818616302e-20j), F_py: (9.025801903884277e-21-3.554148902851337e-21j)
Free_energy = -18088.875365893233
------------------------------------------
[{'stable': {}, 'free': np.float64(-18088.875365893226)}]
------------------------------------------
  Seed: s-wave
F_onsite: (-2.780347114845432e-14+0j)
F_swave: (2.432083816181325e-14+0j), F_dwave: (1.4187648076498336e-21+0j)
F_px: 6.439805052080829e-21j, F_py: 9.300568687316529e-21j
Free_energy = -18088.875365893226
------------------------------------------
[{'stable': {}, 'free': np.float64(-18088.875365893226)}]
------------------------------------------
  Seed: s-wave+px
F_onsite: (-2.780347114845432e-14+0j)
F_swave: (2.432083816181325e-14+0j), F_dwave: (1.4187648076498336e-21+0j)
F_px: 6.439805052080829e-21j, F_py: 9.300568687316529e-21j
Free_energy = -18088.875365893226
------------------------------------------
[{'stable': {}, 'free': np.float64(-18088.875365893226)}]
------------------------------------------
  Seed: s-wave+py
F_onsite: (-2.780347114845432e-14+0j)
F_swave: (2.432083816181325e-14+0j), F_dwave: (1.4187648076498336e-21+0j)
F_px: 6.439805052080829e-21j, F_py: 9.300568687316529e-21j
Free_energy = -18088.875365893226
------------------------------------------
[{'stable': {}, 'free': np.float64(-18088.875365893226)}]
------------------------------------------
====================================
mu=3.16, T=0.0820
====================================
  Seed: normal state
F_onsite: 0j
F_swave: 0j, F_dwave: 0j
F_px: 0j, F_py: 0j
Free_energy = -18089.67403775903
------------------------------------------
[{'stable': {}, 'free': np.float64(-18089.67403775903)}]
------------------------------------------
  Seed: px+i*py
F_onsite: (9.354191846236662e-15+1.866441523014578e-14j)
F_swave: (-8.194002241291343e-15-1.6349502396852034e-14j), F_dwave: (-8.473031867429562e-21-6.522497223218586e-22j)
F_px: (-1.9989053391713703e-20-3.532822912870239e-20j), F_py: (4.412222360083292e-20-7.2380801431783e-20j)
Free_energy = -18089.67403775903
------------------------------------------
[{'stable': {}, 'free': np.float64(-18089.67403775903)}]
------------------------------------------
  Seed: s-wave
F_onsite: (-2.0038537856873334e-14+0j)
F_swave: (1.7553177119195845e-14+0j), F_dwave: (-1.1790046524893504e-20+0j)
F_px: 3.33100318598673e-20j, F_py: 1.426871971292241e-20j
Free_energy = -18089.67403775903
------------------------------------------
[{'stable': {}, 'free': np.float64(-18089.67403775903)}]
------------------------------------------
  Seed: s-wave+px
F_onsite: (-2.0038537856873334e-14+0j)
F_swave: (1.7553177119195845e-14+0j), F_dwave: (-1.1790046524893504e-20+0j)
F_px: 3.33100318598673e-20j, F_py: 1.426871971292241e-20j
Free_energy = -18089.67403775903
------------------------------------------
[{'stable': {}, 'free': np.float64(-18089.67403775903)}]
------------------------------------------
  Seed: s-wave+py
F_onsite: (-2.0038537856873334e-14+0j)
F_swave: (1.7553177119195845e-14+0j), F_dwave: (-1.1790046524893504e-20+0j)
F_px: 3.33100318598673e-20j, F_py: 1.426871971292241e-20j
Free_energy = -18089.67403775903
------------------------------------------
[{'stable': {}, 'free': np.float64(-18089.67403775903)}]
------------------------------------------
====================================
mu=3.16, T=0.0850
====================================
  Seed: normal state
F_onsite: 0j
F_swave: 0j, F_dwave: 0j
F_px: 0j, F_py: 0j
Free_energy = -18090.502499531827
------------------------------------------
[{'stable': {}, 'free': np.float64(-18090.502499531827)}]
------------------------------------------
  Seed: px+i*py
F_onsite: (7.37142777382898e-15+1.4708506588629724e-14j)
F_swave: (-6.4660994034183394e-15-1.2902059301784103e-14j), F_dwave: (7.165705093236713e-22-3.7732992956725e-21j)
F_px: (3.013925025919708e-20+3.4112743263178725e-20j), F_py: (-2.3605697340507302e-20-1.4449969730383192e-20j)
Free_energy = -18090.502499531827
------------------------------------------
[{'stable': {}, 'free': np.float64(-18090.502499531827)}]
------------------------------------------
  Seed: s-wave
F_onsite: (-1.5789289189394797e-14+0j)
F_swave: (1.3850084972606645e-14+0j), F_dwave: (-8.809551321152218e-22+0j)
F_px: 3.283551599777101e-20j, F_py: -3.2197234824454066e-20j
Free_energy = -18090.502499531827
------------------------------------------
[{'stable': {}, 'free': np.float64(-18090.502499531827)}]
------------------------------------------
  Seed: s-wave+px
F_onsite: (-1.5789289189394797e-14+0j)
F_swave: (1.3850084972606645e-14+0j), F_dwave: (-8.809551321152218e-22+0j)
F_px: 3.283551599777101e-20j, F_py: -3.2197234824454066e-20j
Free_energy = -18090.502499531827
------------------------------------------
[{'stable': {}, 'free': np.float64(-18090.502499531827)}]
------------------------------------------
  Seed: s-wave+py
F_onsite: (-1.5789289189394797e-14+0j)
F_swave: (1.3850084972606645e-14+0j), F_dwave: (-8.809551321152218e-22+0j)
F_px: 3.283551599777101e-20j, F_py: -3.2197234824454066e-20j
Free_energy = -18090.502499531827
------------------------------------------
[{'stable': {}, 'free': np.float64(-18090.502499531827)}]
------------------------------------------
====================================
mu=3.16, T=0.0880
====================================
  Seed: normal state
F_onsite: 0j
F_swave: 0j, F_dwave: 0j
F_px: 0j, F_py: 0j
Free_energy = -18091.360744465415
------------------------------------------
[{'stable': {}, 'free': np.float64(-18091.360744465415)}]
------------------------------------------
  Seed: px+i*py
F_onsite: (5.93918890974969e-15+1.1850570965444238e-14j)
F_swave: (-5.2170034666612554e-15-1.0409580768669452e-14j), F_dwave: (7.289376705486788e-21-9.883973055149571e-21j)
F_px: (3.9294071312341064e-20-1.012605173120175e-20j), F_py: (3.383787676373695e-20-1.0796256274036376e-20j)
Free_energy = -18091.36074446541
------------------------------------------
[{'stable': {}, 'free': np.float64(-18091.360744465415)}]
------------------------------------------
  Seed: s-wave
F_onsite: (-1.2720582034151121e-14+0j)
F_swave: (1.1173652173235179e-14+0j), F_dwave: (-8.664986943580822e-23+0j)
F_px: -2.5267429437573825e-21j, F_py: 4.274871204342778e-23j
Free_energy = -18091.360744465415
------------------------------------------
[{'stable': {}, 'free': np.float64(-18091.360744465415)}]
------------------------------------------
  Seed: s-wave+px
F_onsite: (-1.2720582034151121e-14+0j)
F_swave: (1.1173652173235179e-14+0j), F_dwave: (-8.664986943580822e-23+0j)
F_px: -2.5267429437573825e-21j, F_py: 4.274871204342778e-23j
Free_energy = -18091.360744465415
------------------------------------------
[{'stable': {}, 'free': np.float64(-18091.360744465415)}]
------------------------------------------
  Seed: s-wave+py
F_onsite: (-1.2720582034151121e-14+0j)
F_swave: (1.1173652173235179e-14+0j), F_dwave: (-8.664986943580822e-23+0j)
F_px: -2.5267429437573825e-21j, F_py: 4.274871204342778e-23j
Free_energy = -18091.360744465415
------------------------------------------
[{'stable': {}, 'free': np.float64(-18091.360744465415)}]
------------------------------------------
====================================
mu=3.16, T=0.0910
====================================
  Seed: normal state
F_onsite: 0j
F_swave: 0j, F_dwave: 0j
F_px: 0j, F_py: 0j
Free_energy = -18092.24876348614
------------------------------------------
[{'stable': {}, 'free': np.float64(-18092.24876348614)}]
------------------------------------------
  Seed: px+i*py
F_onsite: (5.017462110646085e-15+1.001139772751589e-14j)
F_swave: (-4.413379866215388e-15-8.80604971937243e-15j), F_dwave: (3.962344739233095e-21+4.772407102486124e-21j)
F_px: (-2.7053502068571257e-20+2.209339350129889e-20j), F_py: (3.862274809808409e-20-4.546150436849424e-21j)
Free_energy = -18092.24876348614
------------------------------------------
[{'stable': {}, 'free': np.float64(-18092.24876348614)}]
------------------------------------------
  Seed: s-wave
F_onsite: (-1.0745773550685563e-14+0j)
F_swave: (9.451950905352821e-15+0j), F_dwave: (-4.043614959892835e-21+0j)
F_px: 5.381517405995928e-20j, F_py: 1.367631227292504e-20j
Free_energy = -18092.24876348614
------------------------------------------
[{'stable': {}, 'free': np.float64(-18092.24876348614)}]
------------------------------------------
  Seed: s-wave+px
F_onsite: (-1.0745773550685563e-14+0j)
F_swave: (9.451950905352821e-15+0j), F_dwave: (-4.043614959892835e-21+0j)
F_px: 5.381517405995928e-20j, F_py: 1.367631227292504e-20j
Free_energy = -18092.24876348614
------------------------------------------
[{'stable': {}, 'free': np.float64(-18092.24876348614)}]
------------------------------------------
  Seed: s-wave+py
F_onsite: (-1.0745773550685563e-14+0j)
F_swave: (9.451950905352821e-15+0j), F_dwave: (-4.043614959892835e-21+0j)
F_px: 5.381517405995928e-20j, F_py: 1.367631227292504e-20j
Free_energy = -18092.24876348614
------------------------------------------
[{'stable': {}, 'free': np.float64(-18092.24876348614)}]
------------------------------------------
====================================
mu=3.16, T=0.0940
====================================
  Seed: normal state
F_onsite: 0j
F_swave: 0j, F_dwave: 0j
F_px: 0j, F_py: 0j
Free_energy = -18093.16654483158
------------------------------------------
[{'stable': {}, 'free': np.float64(-18093.16654483158)}]
------------------------------------------
  Seed: px+i*py
F_onsite: (4.139798310141982e-15+8.260252922566156e-15j)
F_swave: (-3.646225395312575e-15-7.275411709446711e-15j), F_dwave: (-6.0237550281009625e-21-2.1538598695953174e-21j)
F_px: (8.591950884604215e-21+1.6697568209401805e-20j), F_py: (-2.4557581501081795e-21-2.408394839516767e-20j)
Free_energy = -18093.166544831576
------------------------------------------
[{'stable': {}, 'free': np.float64(-18093.16654483158)}]
------------------------------------------
  Seed: s-wave
F_onsite: (-8.86478033706122e-15+0j)
F_swave: (7.807981413589993e-15+0j), F_dwave: (5.149981426920496e-21+0j)
F_px: -2.1628144830386e-20j, F_py: -4.2182035778199314e-20j
Free_energy = -18093.16654483158
------------------------------------------
[{'stable': {}, 'free': np.float64(-18093.16654483158)}]
------------------------------------------
  Seed: s-wave+px
F_onsite: (-8.86478033706122e-15+0j)
F_swave: (7.807981413589993e-15+0j), F_dwave: (5.149981426920496e-21+0j)
F_px: -2.1628144830386e-20j, F_py: -4.2182035778199314e-20j
Free_energy = -18093.16654483158
------------------------------------------
[{'stable': {}, 'free': np.float64(-18093.16654483158)}]
------------------------------------------
  Seed: s-wave+py
F_onsite: (-8.86478033706122e-15+0j)
F_swave: (7.807981413589993e-15+0j), F_dwave: (5.149981426920496e-21+0j)
F_px: -2.1628144830386e-20j, F_py: -4.2182035778199314e-20j
Free_energy = -18093.16654483158
------------------------------------------
[{'stable': {}, 'free': np.float64(-18093.16654483158)}]
------------------------------------------
====================================
mu=3.16, T=0.0970
====================================
  Seed: normal state
F_onsite: 0j
F_swave: 0j, F_dwave: 0j
F_px: 0j, F_py: 0j
Free_energy = -18094.11407372016
------------------------------------------
[{'stable': {}, 'free': np.float64(-18094.11407372016)}]
------------------------------------------
  Seed: px+i*py
F_onsite: (3.3373300178065542e-15+6.65910001651377e-15j)
F_swave: (-2.9433708979337155e-15-5.873017032356545e-15j), F_dwave: (-1.0601646170841865e-20+6.289377270885668e-22j)
F_px: (-5.2003849755706496e-20-2.7009338237078636e-20j), F_py: (-2.581741477569427e-20-2.716081882405223e-21j)
Free_energy = -18094.114073720157
------------------------------------------
[{'stable': {}, 'free': np.float64(-18094.11407372016)}]
------------------------------------------
  Seed: s-wave
F_onsite: (-7.145953558531275e-15+0j)
F_swave: (6.302238512670335e-15+0j), F_dwave: (-2.822100946708749e-21+0j)
F_px: -2.5171771191174195e-20j, F_py: -4.275273284247607e-20j
Free_energy = -18094.11407372016
------------------------------------------
[{'stable': {}, 'free': np.float64(-18094.11407372016)}]
------------------------------------------
  Seed: s-wave+px
F_onsite: (-7.145953558531275e-15+0j)
F_swave: (6.302238512670335e-15+0j), F_dwave: (-2.822100946708749e-21+0j)
F_px: -2.5171771191174195e-20j, F_py: -4.275273284247607e-20j
Free_energy = -18094.11407372016
------------------------------------------
[{'stable': {}, 'free': np.float64(-18094.11407372016)}]
------------------------------------------
  Seed: s-wave+py
F_onsite: (-7.145953558531275e-15+0j)
F_swave: (6.302238512670335e-15+0j), F_dwave: (-2.822100946708749e-21+0j)
F_px: -2.5171771191174195e-20j, F_py: -4.275273284247607e-20j
Free_energy = -18094.11407372016
------------------------------------------
[{'stable': {}, 'free': np.float64(-18094.11407372016)}]
------------------------------------------
====================================
mu=3.16, T=0.1000
====================================
  Seed: normal state
F_onsite: 0j
F_swave: 0j, F_dwave: 0j
F_px: 0j, F_py: 0j
Free_energy = -18095.091332059023
------------------------------------------
[{'stable': {}, 'free': np.float64(-18095.091332059023)}]
------------------------------------------
  Seed: px+i*py
F_onsite: (2.630060480433771e-15+5.24768858743933e-15j)
F_swave: (-2.3226101135368473e-15-4.634260075912627e-15j), F_dwave: (2.7577780734656647e-21+4.3438435839565e-21j)
F_px: (-1.6893368090658764e-21-1.0583110953116437e-20j), F_py: (-2.3498947737954646e-20+3.29041840807635e-21j)
Free_energy = -18095.091332059023
------------------------------------------
[{'stable': {}, 'free': np.float64(-18095.091332059023)}]
------------------------------------------
  Seed: s-wave
F_onsite: (-5.63084881562104e-15+0j)
F_swave: (4.9725577825983864e-15+0j), F_dwave: (-7.869720313471156e-21+0j)
F_px: 3.6716965707100804e-20j, F_py: 2.5998869728773236e-20j
Free_energy = -18095.091332059023
------------------------------------------
[{'stable': {}, 'free': np.float64(-18095.091332059023)}]
------------------------------------------
  Seed: s-wave+px
F_onsite: (-5.63084881562104e-15+0j)
F_swave: (4.9725577825983864e-15+0j), F_dwave: (-7.869720313471156e-21+0j)
F_px: 3.6716965707100804e-20j, F_py: 2.5998869728773236e-20j
Free_energy = -18095.091332059023
------------------------------------------
[{'stable': {}, 'free': np.float64(-18095.091332059023)}]
------------------------------------------
  Seed: s-wave+py
F_onsite: (-5.63084881562104e-15+0j)
F_swave: (4.9725577825983864e-15+0j), F_dwave: (-7.869720313471156e-21+0j)
F_px: 3.6716965707100804e-20j, F_py: 2.5998869728773236e-20j
Free_energy = -18095.091332059023
------------------------------------------
[{'stable': {}, 'free': np.float64(-18095.091332059023)}]
------------------------------------------
