/home/emilssp/D1/venv/bin/python
Python 3.10.12
Running job 7 out of 25
====================================
mu=2.80, T=0.0010
====================================
  Seed: normal state
F_onsite: 0j
F_swave: 0j, F_dwave: 0j
F_px: 0j, F_py: 0j
Free_energy = -16443.331407781963
------------------------------------------
[{'stable': {}, 'free': np.float64(-16443.331407781963)}]
------------------------------------------
  Seed: px+i*py
F_onsite: (-0.007511055411559024+0.026460352085082437j)
F_swave: (0.006051807335580983-0.021319634069550633j), F_dwave: (9.107298248878237e-18+1.474514954580286e-17j)
F_px: (1.0783892355481495e-10-3.7602602455388823e-10j), F_py: (-3.827579034970663e-10+1.3495059531659637e-09j)
Free_energy = -16462.169579687237
------------------------------------------
[{'stable': {'F_onsite': np.complex128(-0.007511055411559024+0.026460352085082437j), 'F_swave': np.complex128(0.006051807335580983-0.021319634069550633j)}, 'free': np.float64(-16462.169579687237)}]
------------------------------------------
  Seed: s-wave
F_onsite: (-0.027510226935800984+0j)
F_swave: (0.0221657525954667+0j), F_dwave: (-1.0408340855860843e-17+0j)
F_px: 2.63639004832901e-19j, F_py: -1.887295285600988e-18j
Free_energy = -16462.177504888616
------------------------------------------
[{'stable': {'F_onsite': np.complex128(-0.007511055411559024+0.026460352085082437j), 'F_swave': np.complex128(0.006051807335580983-0.021319634069550633j)}, 'free': np.float64(-16462.169579687237)}, {'stable': {'F_onsite': np.complex128(-0.027510226935800984+0j), 'F_swave': np.complex128(0.0221657525954667+0j)}, 'free': np.float64(-16462.177504888616)}]
------------------------------------------
  Seed: s-wave+px
F_onsite: (-0.02750997127698827-1.326552504067952e-18j)
F_swave: (0.022165534422937103+1.5447233979958268e-18j), F_dwave: (1.2085818457130415e-14+6.774145995666267e-19j)
F_px: (4.991167740567293e-08-6.607015807261153e-18j), F_py: (3.469446951953614e-18-1.9301233889965335e-18j)
Free_energy = -16462.17705243181
------------------------------------------
[{'stable': {'F_onsite': np.complex128(-0.007511055411559024+0.026460352085082437j), 'F_swave': np.complex128(0.006051807335580983-0.021319634069550633j)}, 'free': np.float64(-16462.169579687237)}, {'stable': {'F_onsite': np.complex128(-0.027510226935800984+0j), 'F_swave': np.complex128(0.0221657525954667+0j)}, 'free': np.float64(-16462.177504888616)}]
------------------------------------------
  Seed: s-wave+py
F_onsite: (-0.02750997127698839-3.2257688519027125e-18j)
F_swave: (0.022165534422937134+2.7921117617257926e-18j), F_dwave: (-1.2021633688519273e-14-4.445070088512958e-19j)
F_px: (-5.204170427930421e-18-4.801565080188612e-18j), F_py: (4.99116774403674e-08-2.356657417498277e-18j)
Free_energy = -16462.177052431798
------------------------------------------
[{'stable': {'F_onsite': np.complex128(-0.007511055411559024+0.026460352085082437j), 'F_swave': np.complex128(0.006051807335580983-0.021319634069550633j)}, 'free': np.float64(-16462.169579687237)}, {'stable': {'F_onsite': np.complex128(-0.027510226935800984+0j), 'F_swave': np.complex128(0.0221657525954667+0j)}, 'free': np.float64(-16462.177504888616)}]
------------------------------------------
====================================
mu=2.80, T=0.0040
====================================
  Seed: normal state
F_onsite: 0j
F_swave: 0j, F_dwave: 0j
F_px: 0j, F_py: 0j
Free_energy = -16443.34556759382
------------------------------------------
[{'stable': {}, 'free': np.float64(-16443.34556759382)}]
------------------------------------------
  Seed: px+i*py
F_onsite: (-0.007511355741559474+0.02646141010384494j)
F_swave: (0.0060520636252566744-0.02132053694067633j), F_dwave: (4.9873299934333204e-18-2.6020852139652106e-17j)
F_px: (4.255082440909885e-11-1.4893435443252834e-10j), F_py: (-1.5160011137063667e-10+5.34340797303523e-10j)
Free_energy = -16462.17152564214
------------------------------------------
[{'stable': {'F_onsite': np.complex128(-0.007511355741559474+0.02646141010384494j), 'F_swave': np.complex128(0.0060520636252566744-0.02132053694067633j)}, 'free': np.float64(-16462.17152564214)}]
------------------------------------------
  Seed: s-wave
F_onsite: (-0.027509178786578877+0j)
F_swave: (0.022164858133927164+0j), F_dwave: (2.2551405187698492e-17+0j)
F_px: 4.225635615614891e-19j, F_py: -2.2647543427211855e-18j
Free_energy = -16462.17564995473
------------------------------------------
[{'stable': {'F_onsite': np.complex128(-0.007511355741559474+0.02646141010384494j), 'F_swave': np.complex128(0.0060520636252566744-0.02132053694067633j)}, 'free': np.float64(-16462.17152564214)}, {'stable': {'F_onsite': np.complex128(-0.027509178786578877+0j), 'F_swave': np.complex128(0.022164858133927164+0j)}, 'free': np.float64(-16462.17564995473)}]
------------------------------------------
  Seed: s-wave+px
F_onsite: (-0.02750904574745041-7.767920103021394e-19j)
F_swave: (0.022164744602291866+1.0937842327013187e-18j), F_dwave: (1.8370721610594387e-15+1.7575933655526732e-20j)
F_px: (1.9761977916935014e-08-5.982964283371547e-18j), F_py: (3.469446951953614e-18-2.1410345928628543e-18j)
Free_energy = -16462.175414521076
------------------------------------------
[{'stable': {'F_onsite': np.complex128(-0.007511355741559474+0.02646141010384494j), 'F_swave': np.complex128(0.0060520636252566744-0.02132053694067633j)}, 'free': np.float64(-16462.17152564214)}, {'stable': {'F_onsite': np.complex128(-0.027509178786578877+0j), 'F_swave': np.complex128(0.022164858133927164+0j)}, 'free': np.float64(-16462.17564995473)}]
------------------------------------------
  Seed: s-wave+py
F_onsite: (-0.02750904574745036-3.374782982551955e-18j)
F_swave: (0.022164744602291772+4.488798164414961e-18j), F_dwave: (-1.902124291408569e-15+2.1851861852384847e-18j)
F_px: (-8.673617379884035e-18-2.6934588931502683e-18j), F_py: (1.976197794469059e-08-2.5404635670524603e-18j)
Free_energy = -16462.175414521073
------------------------------------------
[{'stable': {'F_onsite': np.complex128(-0.007511355741559474+0.02646141010384494j), 'F_swave': np.complex128(0.0060520636252566744-0.02132053694067633j)}, 'free': np.float64(-16462.17152564214)}, {'stable': {'F_onsite': np.complex128(-0.027509178786578877+0j), 'F_swave': np.complex128(0.022164858133927164+0j)}, 'free': np.float64(-16462.17564995473)}]
------------------------------------------
====================================
mu=2.80, T=0.0070
====================================
  Seed: normal state
F_onsite: 0j
F_swave: 0j, F_dwave: 0j
F_px: 0j, F_py: 0j
Free_energy = -16443.394953588537
------------------------------------------
[{'stable': {}, 'free': np.float64(-16443.394953588537)}]
------------------------------------------
  Seed: px+i*py
F_onsite: (-0.007511507666239468+0.026461945312321544j)
F_swave: (0.006052193698254404-0.02132099516886515j), F_dwave: (-1.3010426069826053e-17+1.0408340855860843e-17j)
F_px: (1.6811028263896688e-11-5.89820015745035e-11j), F_py: (-6.00375582582302e-11+2.1157223889511911e-10j)
Free_energy = -16462.17252872158
------------------------------------------
[{'stable': {'F_onsite': np.complex128(-0.007511507666239468+0.026461945312321544j), 'F_swave': np.complex128(0.006052193698254404-0.02132099516886515j)}, 'free': np.float64(-16462.17252872158)}]
------------------------------------------
  Seed: s-wave
F_onsite: (-0.02750861734348419+0j)
F_swave: (0.022164380574583923+0j), F_dwave: (6.938893903907228e-18+0j)
F_px: -7.845113278350923e-18j, F_py: -3.115704817356537e-18j
Free_energy = -16462.1746750415
------------------------------------------
[{'stable': {'F_onsite': np.complex128(-0.007511507666239468+0.026461945312321544j), 'F_swave': np.complex128(0.006052193698254404-0.02132099516886515j)}, 'free': np.float64(-16462.17252872158)}, {'stable': {'F_onsite': np.complex128(-0.02750861734348419+0j), 'F_swave': np.complex128(0.022164380574583923+0j)}, 'free': np.float64(-16462.1746750415)}]
------------------------------------------
  Seed: s-wave+px
F_onsite: (-0.027508548110392286-2.7817756812461707e-18j)
F_swave: (0.022164321493324507+1.8151121966271605e-18j), F_dwave: (2.7929047963226594e-16-2.8425896314262285e-19j)
F_px: (7.824632830555345e-09-4.822317387396342e-18j), F_py: (1.0408340855860843e-17-2.455866151445437e-18j)
Free_energy = -16462.174552527656
------------------------------------------
[{'stable': {'F_onsite': np.complex128(-0.007511507666239468+0.026461945312321544j), 'F_swave': np.complex128(0.006052193698254404-0.02132099516886515j)}, 'free': np.float64(-16462.17252872158)}, {'stable': {'F_onsite': np.complex128(-0.02750861734348419+0j), 'F_swave': np.complex128(0.022164380574583923+0j)}, 'free': np.float64(-16462.1746750415)}]
------------------------------------------
  Seed: s-wave+py
F_onsite: (-0.027508548110392113-7.138396344786811e-18j)
F_swave: (0.022164321493324392+4.9729039635503956e-18j), F_dwave: (-2.3765711620882257e-16-2.369839367739922e-19j)
F_px: (-1.214306433183765e-17-2.4873651891714563e-18j), F_py: (7.824632788921981e-09-2.8547127904838057e-18j)
Free_energy = -16462.174552527656
------------------------------------------
[{'stable': {'F_onsite': np.complex128(-0.007511507666239468+0.026461945312321544j), 'F_swave': np.complex128(0.006052193698254404-0.02132099516886515j)}, 'free': np.float64(-16462.17252872158)}, {'stable': {'F_onsite': np.complex128(-0.02750861734348419+0j), 'F_swave': np.complex128(0.022164380574583923+0j)}, 'free': np.float64(-16462.1746750415)}]
------------------------------------------
====================================
mu=2.80, T=0.0100
====================================
  Seed: normal state
F_onsite: 0j
F_swave: 0j, F_dwave: 0j
F_px: 0j, F_py: 0j
Free_energy = -16443.479059025736
------------------------------------------
[{'stable': {}, 'free': np.float64(-16443.479059025736)}]
------------------------------------------
  Seed: px+i*py
F_onsite: (-0.007511309917539354+0.026461248672509582j)
F_swave: (0.006052051987070117-0.021320495941043557j), F_dwave: (-3.686287386450715e-18+0j)
F_px: (6.64690611579255e-12-2.3356098305393758e-11j), F_py: (-2.3774033523077387e-11+8.376964746870108e-11j)
Free_energy = -16462.17245262032
------------------------------------------
[{'stable': {'F_onsite': np.complex128(-0.007511309917539354+0.026461248672509582j), 'F_swave': np.complex128(0.006052051987070117-0.021320495941043557j)}, 'free': np.float64(-16462.17245262032)}]
------------------------------------------
  Seed: s-wave
F_onsite: (-0.027507311812912563+0j)
F_swave: (0.02216336547427541+0j), F_dwave: (-3.469446951953614e-18+0j)
F_px: -8.291711399790753e-18j, F_py: -2.8741945482706546e-18j
Free_energy = -16462.173569817227
------------------------------------------
[{'stable': {'F_onsite': np.complex128(-0.007511309917539354+0.026461248672509582j), 'F_swave': np.complex128(0.006052051987070117-0.021320495941043557j)}, 'free': np.float64(-16462.17245262032)}, {'stable': {'F_onsite': np.complex128(-0.027507311812912563+0j), 'F_swave': np.complex128(0.02216336547427541+0j)}, 'free': np.float64(-16462.173569817227)}]
------------------------------------------
  Seed: s-wave+px
F_onsite: (-0.02750727576412428-2.348594463698421e-18j)
F_swave: (0.02216333471315287-1.7321823771350442e-18j), F_dwave: (3.8163916471489756e-17-3.503751786317413e-18j)
F_px: (3.0980532132740546e-09-2.4310904377382488e-18j), F_py: (1.3877787807814457e-17-1.8664370992748508e-18j)
Free_energy = -16462.17350604862
------------------------------------------
[{'stable': {'F_onsite': np.complex128(-0.007511309917539354+0.026461248672509582j), 'F_swave': np.complex128(0.006052051987070117-0.021320495941043557j)}, 'free': np.float64(-16462.17245262032)}, {'stable': {'F_onsite': np.complex128(-0.027507311812912563+0j), 'F_swave': np.complex128(0.02216336547427541+0j)}, 'free': np.float64(-16462.173569817227)}]
------------------------------------------
  Seed: s-wave+py
F_onsite: (-0.027507275764124196-3.9571907706373134e-18j)
F_swave: (0.022163334713152794+9.764172299473947e-19j), F_dwave: (-1.5612511283791264e-17-2.7420574084989838e-18j)
F_px: (-2.6020852139652106e-17-4.357243359794528e-18j), F_py: (3.0980531334767747e-09-2.4356432398297406e-18j)
Free_energy = -16462.17350604862
------------------------------------------
[{'stable': {'F_onsite': np.complex128(-0.007511309917539354+0.026461248672509582j), 'F_swave': np.complex128(0.006052051987070117-0.021320495941043557j)}, 'free': np.float64(-16462.17245262032)}, {'stable': {'F_onsite': np.complex128(-0.027507311812912563+0j), 'F_swave': np.complex128(0.02216336547427541+0j)}, 'free': np.float64(-16462.173569817227)}]
------------------------------------------
====================================
mu=2.80, T=0.0130
====================================
  Seed: normal state
F_onsite: 0j
F_swave: 0j, F_dwave: 0j
F_px: 0j, F_py: 0j
Free_energy = -16443.59633151586
------------------------------------------
[{'stable': {}, 'free': np.float64(-16443.59633151586)}]
------------------------------------------
  Seed: px+i*py
F_onsite: (-0.0075069720338052206+0.026445966941165307j)
F_swave: (0.006048590418295802-0.021308301339417347j), F_dwave: (-7.37257477290143e-18+1.1275702593849246e-17j)
F_px: (4.1171363193703847e-13-1.449382280860334e-12j), F_py: (-1.4753189989114013e-12+5.19766001072508e-12j)
Free_energy = -16462.15529084361
------------------------------------------
[{'stable': {'F_onsite': np.complex128(-0.0075069720338052206+0.026445966941165307j), 'F_swave': np.complex128(0.006048590418295802-0.021308301339417347j)}, 'free': np.float64(-16462.15529084361)}]
------------------------------------------
  Seed: s-wave
F_onsite: (-0.02749088486054416+0j)
F_swave: (0.02215022701167231+0j), F_dwave: (-8.153200337090993e-17+0j)
F_px: -6.171058537221205e-18j, F_py: -1.5804576004581176e-18j
Free_energy = -16462.15544978252
------------------------------------------
[{'stable': {'F_onsite': np.complex128(-0.0075069720338052206+0.026445966941165307j), 'F_swave': np.complex128(0.006048590418295802-0.021308301339417347j)}, 'free': np.float64(-16462.15529084361)}, {'stable': {'F_onsite': np.complex128(-0.02749088486054416+0j), 'F_swave': np.complex128(0.02215022701167231+0j)}, 'free': np.float64(-16462.15544978252)}]
------------------------------------------
  Seed: s-wave+px
F_onsite: (-0.027490879717882322+5.3821638745405335e-18j)
F_swave: (0.02215022262506832-2.037220117264999e-18j), F_dwave: (2.168404344971009e-17+1.9310763010621946e-18j)
F_px: (1.9222279150354904e-10-8.063224262268905e-19j), F_py: (-1.734723475976807e-18-2.4254259049034856e-18j)
Free_energy = -16462.155440710718
------------------------------------------
[{'stable': {'F_onsite': np.complex128(-0.0075069720338052206+0.026445966941165307j), 'F_swave': np.complex128(0.006048590418295802-0.021308301339417347j)}, 'free': np.float64(-16462.15529084361)}, {'stable': {'F_onsite': np.complex128(-0.02749088486054416+0j), 'F_swave': np.complex128(0.02215022701167231+0j)}, 'free': np.float64(-16462.15544978252)}]
------------------------------------------
  Seed: s-wave+py
F_onsite: (-0.02749087971788233+9.320506309911253e-19j)
F_swave: (0.022150222625068307-1.0098220918047362e-18j), F_dwave: (2.42861286636753e-17-5.190723779892759e-19j)
F_px: (-1.0408340855860843e-17-5.896937499666032e-18j), F_py: (1.922227654826969e-10-2.8018791103988187e-18j)
Free_energy = -16462.155440710718
------------------------------------------
[{'stable': {'F_onsite': np.complex128(-0.0075069720338052206+0.026445966941165307j), 'F_swave': np.complex128(0.006048590418295802-0.021308301339417347j)}, 'free': np.float64(-16462.15529084361)}, {'stable': {'F_onsite': np.complex128(-0.02749088486054416+0j), 'F_swave': np.complex128(0.02215022701167231+0j)}, 'free': np.float64(-16462.15544978252)}]
------------------------------------------
====================================
mu=2.80, T=0.0160
====================================
  Seed: normal state
F_onsite: 0j
F_swave: 0j, F_dwave: 0j
F_px: 0j, F_py: 0j
Free_energy = -16443.74570270541
------------------------------------------
[{'stable': {}, 'free': np.float64(-16443.74570270541)}]
------------------------------------------
  Seed: px+i*py
F_onsite: (-0.007489383515343869+0.026384005157415732j)
F_swave: (0.006034456005375569-0.021258507865412363j), F_dwave: (1.5829351718288365e-17+3.642919299551295e-17j)
F_px: (3.989863994746656e-15-1.4094628242311558e-14j), F_py: (-1.4338790571555293e-14+5.0480453150925086e-14j)
Free_energy = -16462.082279643877
------------------------------------------
[{'stable': {'F_onsite': np.complex128(-0.007489383515343869+0.026384005157415732j), 'F_swave': np.complex128(0.006034456005375569-0.021258507865412363j)}, 'free': np.float64(-16462.082279643877)}]
------------------------------------------
  Seed: s-wave
F_onsite: (-0.02742638868236278+0j)
F_swave: (0.02209839258876946+0j), F_dwave: (-2.0816681711721685e-17+0j)
F_px: -4.378948579067919e-18j, F_py: -3.542715301891111e-18j
Free_energy = -16462.08228610171
------------------------------------------
[{'stable': {'F_onsite': np.complex128(-0.007489383515343869+0.026384005157415732j), 'F_swave': np.complex128(0.006034456005375569-0.021258507865412363j)}, 'free': np.float64(-16462.082279643877)}, {'stable': {'F_onsite': np.complex128(-0.02742638868236278+0j), 'F_swave': np.complex128(0.02209839258876946+0j)}, 'free': np.float64(-16462.08228610171)}]
------------------------------------------
  Seed: s-wave+px
F_onsite: (-0.02742638847157867+3.0066463480701878e-18j)
F_swave: (0.022098392409179234-3.532100920270831e-18j), F_dwave: (8.239936510889834e-17-8.074606267497635e-19j)
F_px: (1.8670984897051213e-12-3.254194704232615e-18j), F_py: (1.734723475976807e-18-2.819507983613549e-18j)
Free_energy = -16462.082285733184
------------------------------------------
[{'stable': {'F_onsite': np.complex128(-0.007489383515343869+0.026384005157415732j), 'F_swave': np.complex128(0.006034456005375569-0.021258507865412363j)}, 'free': np.float64(-16462.082279643877)}, {'stable': {'F_onsite': np.complex128(-0.02742638868236278+0j), 'F_swave': np.complex128(0.02209839258876946+0j)}, 'free': np.float64(-16462.08228610171)}]
------------------------------------------
  Seed: s-wave+py
F_onsite: (-0.027426388471578723+2.8248911534538617e-18j)
F_swave: (0.0220983924091793-3.604098720787446e-18j), F_dwave: (-5.637851296924623e-17-9.597677385779274e-19j)
F_px: (1.0408340855860843e-17-2.020650035234337e-18j), F_py: (1.8669978757435146e-12-2.7495748259058657e-18j)
Free_energy = -16462.082285733184
------------------------------------------
[{'stable': {'F_onsite': np.complex128(-0.007489383515343869+0.026384005157415732j), 'F_swave': np.complex128(0.006034456005375569-0.021258507865412363j)}, 'free': np.float64(-16462.082279643877)}, {'stable': {'F_onsite': np.complex128(-0.02742638868236278+0j), 'F_swave': np.complex128(0.02209839258876946+0j)}, 'free': np.float64(-16462.08228610171)}]
------------------------------------------
====================================
mu=2.80, T=0.0190
====================================
  Seed: normal state
F_onsite: 0j
F_swave: 0j, F_dwave: 0j
F_px: 0j, F_py: 0j
Free_energy = -16443.92675160697
------------------------------------------
[{'stable': {}, 'free': np.float64(-16443.92675160697)}]
------------------------------------------
  Seed: px+i*py
F_onsite: (-0.007448557597913834+0.026240181408261835j)
F_swave: (0.006001639496146367-0.021142900092492672j), F_dwave: (-1.2793585635328952e-17+2.168404344971009e-17j)
F_px: (-1.1275702593849246e-17-3.2959746043559335e-17j), F_py: (-3.946495907847236e-17+1.1622647289044608e-16j)
Free_energy = -16461.915505240562
------------------------------------------
[{'stable': {'F_onsite': np.complex128(-0.007448557597913834+0.026240181408261835j), 'F_swave': np.complex128(0.006001639496146367-0.021142900092492672j)}, 'free': np.float64(-16461.915505240562)}]
------------------------------------------
  Seed: s-wave
F_onsite: (-0.02727687911432506+0j)
F_swave: (0.021978214291016946+0j), F_dwave: (5.204170427930421e-18+0j)
F_px: -2.495253183492762e-18j, F_py: -2.123405719648124e-18j
Free_energy = -16461.91550535365
------------------------------------------
[{'stable': {'F_onsite': np.complex128(-0.007448557597913834+0.026240181408261835j), 'F_swave': np.complex128(0.006001639496146367-0.021142900092492672j)}, 'free': np.float64(-16461.915505240562)}, {'stable': {'F_onsite': np.complex128(-0.02727687911432506+0j), 'F_swave': np.complex128(0.021978214291016946+0j)}, 'free': np.float64(-16461.91550535365)}]
------------------------------------------
  Seed: s-wave+px
F_onsite: (-0.027276879110569367+4.488049464563538e-18j)
F_swave: (0.021978214287823785-3.1275632786180972e-18j), F_dwave: (-6.158268339717665e-17+1.802062595283524e-19j)
F_px: (4.4998726966838376e-15-2.0689838527870354e-18j), F_py: (-1.214306433183765e-17-3.06880036790233e-18j)
Free_energy = -16461.915505347213
------------------------------------------
[{'stable': {'F_onsite': np.complex128(-0.007448557597913834+0.026240181408261835j), 'F_swave': np.complex128(0.006001639496146367-0.021142900092492672j)}, 'free': np.float64(-16461.915505240562)}, {'stable': {'F_onsite': np.complex128(-0.02727687911432506+0j), 'F_swave': np.complex128(0.021978214291016946+0j)}, 'free': np.float64(-16461.91550535365)}]
------------------------------------------
  Seed: s-wave+py
F_onsite: (-0.027276879110569405+1.2921645037811017e-18j)
F_swave: (0.02197821428782381-7.689470974292945e-19j), F_dwave: (1.474514954580286e-17+2.0323496778182869e-19j)
F_px: -7.262248731521558e-19j, F_py: (4.498137973207861e-15-2.67164779475847e-18j)
Free_energy = -16461.915505347217
------------------------------------------
[{'stable': {'F_onsite': np.complex128(-0.007448557597913834+0.026240181408261835j), 'F_swave': np.complex128(0.006001639496146367-0.021142900092492672j)}, 'free': np.float64(-16461.915505240562)}, {'stable': {'F_onsite': np.complex128(-0.02727687911432506+0j), 'F_swave': np.complex128(0.021978214291016946+0j)}, 'free': np.float64(-16461.91550535365)}]
------------------------------------------
====================================
mu=2.80, T=0.0220
====================================
  Seed: normal state
F_onsite: 0j
F_swave: 0j, F_dwave: 0j
F_px: 0j, F_py: 0j
Free_energy = -16444.139397701107
------------------------------------------
[{'stable': {}, 'free': np.float64(-16444.139397701107)}]
------------------------------------------
  Seed: px+i*py
F_onsite: (-0.00737482872888464+0.02598044536233316j)
F_swave: (0.005942363949374575-0.020934080991623506j), F_dwave: (1.3010426069826053e-17+5.0306980803327406e-17j)
F_px: (3.9898639947466563e-17-2.7755575615628914e-17j), F_py: (-3.469446951953614e-18+0j)
Free_energy = -16461.6205524818
------------------------------------------
[{'stable': {'F_onsite': np.complex128(-0.00737482872888464+0.02598044536233316j), 'F_swave': np.complex128(0.005942363949374575-0.020934080991623506j)}, 'free': np.float64(-16461.6205524818)}]
------------------------------------------
  Seed: s-wave
F_onsite: (-0.027006881346002185+0j)
F_swave: (0.02176114510525994+0j), F_dwave: (-1.214306433183765e-17+0j)
F_px: -3.769614252636857e-18j, F_py: -2.3803743400213975e-18j
Free_energy = -16461.620552482837
------------------------------------------
[{'stable': {'F_onsite': np.complex128(-0.00737482872888464+0.02598044536233316j), 'F_swave': np.complex128(0.005942363949374575-0.020934080991623506j)}, 'free': np.float64(-16461.6205524818)}, {'stable': {'F_onsite': np.complex128(-0.027006881346002185+0j), 'F_swave': np.complex128(0.02176114510525994+0j)}, 'free': np.float64(-16461.620552482837)}]
------------------------------------------
  Seed: s-wave+px
F_onsite: (-0.027006881345968913+9.383541111483784e-18j)
F_swave: (0.021761145105231774-7.586159424507522e-18j), F_dwave: (8.673617379884035e-18-2.0537901992956614e-19j)
F_px: (6.938893903907228e-18+2.9540274035493724e-18j), F_py: -2.7056879313262523e-18j
Free_energy = -16461.620552482767
------------------------------------------
[{'stable': {'F_onsite': np.complex128(-0.00737482872888464+0.02598044536233316j), 'F_swave': np.complex128(0.005942363949374575-0.020934080991623506j)}, 'free': np.float64(-16461.6205524818)}, {'stable': {'F_onsite': np.complex128(-0.027006881346002185+0j), 'F_swave': np.complex128(0.02176114510525994+0j)}, 'free': np.float64(-16461.620552482837)}]
------------------------------------------
  Seed: s-wave+py
F_onsite: (-0.02700688134596891+5.914066249634986e-18j)
F_swave: (0.021761145105231774-4.8229791318863844e-18j), F_dwave: (7.806255641895632e-18-2.636654746125027e-19j)
F_px: 2.3474459341968866e-18j, F_py: (-1.734723475976807e-18-2.3721687083448715e-18j)
Free_energy = -16461.620552482767
------------------------------------------
[{'stable': {'F_onsite': np.complex128(-0.00737482872888464+0.02598044536233316j), 'F_swave': np.complex128(0.005942363949374575-0.020934080991623506j)}, 'free': np.float64(-16461.6205524818)}, {'stable': {'F_onsite': np.complex128(-0.027006881346002185+0j), 'F_swave': np.complex128(0.02176114510525994+0j)}, 'free': np.float64(-16461.620552482837)}]
------------------------------------------
====================================
mu=2.80, T=0.0250
====================================
  Seed: normal state
F_onsite: 0j
F_swave: 0j, F_dwave: 0j
F_px: 0j, F_py: 0j
Free_energy = -16444.383672460175
------------------------------------------
[{'stable': {}, 'free': np.float64(-16444.383672460175)}]
------------------------------------------
  Seed: px+i*py
F_onsite: (-0.007260184238633066+0.025576569553880543j)
F_swave: (0.005850189120964475-0.020609362522716917j), F_dwave: (1.1709383462843448e-17+8.673617379884035e-18j)
F_px: (1.474514954580286e-17+3.122502256758253e-17j), F_py: 3.469446951953614e-18j
Free_energy = -16461.174416303234
------------------------------------------
[{'stable': {'F_onsite': np.complex128(-0.007260184238633066+0.025576569553880543j), 'F_swave': np.complex128(0.005850189120964475-0.020609362522716917j)}, 'free': np.float64(-16461.174416303234)}]
------------------------------------------
  Seed: s-wave
F_onsite: (-0.026587049203016203+0j)
F_swave: (0.021423597651747624+0j), F_dwave: (-2.42861286636753e-17+0j)
F_px: -3.2352423420378e-18j, F_py: -2.007362205874285e-18j
Free_energy = -16461.174416303238
------------------------------------------
[{'stable': {'F_onsite': np.complex128(-0.007260184238633066+0.025576569553880543j), 'F_swave': np.complex128(0.005850189120964475-0.020609362522716917j)}, 'free': np.float64(-16461.174416303234)}, {'stable': {'F_onsite': np.complex128(-0.026587049203016203+0j), 'F_swave': np.complex128(0.021423597651747624+0j)}, 'free': np.float64(-16461.174416303238)}]
------------------------------------------
  Seed: s-wave+px
F_onsite: (-0.02658704920301595+3.931034140818682e-18j)
F_swave: (0.02142359765174747-3.1771147060324738e-18j), F_dwave: (-3.2959746043559335e-17-2.0593488530120177e-20j)
F_px: -2.461636563398607e-18j, F_py: -2.699758700695472e-18j
Free_energy = -16461.174416303238
------------------------------------------
[{'stable': {'F_onsite': np.complex128(-0.007260184238633066+0.025576569553880543j), 'F_swave': np.complex128(0.005850189120964475-0.020609362522716917j)}, 'free': np.float64(-16461.174416303234)}, {'stable': {'F_onsite': np.complex128(-0.026587049203016203+0j), 'F_swave': np.complex128(0.021423597651747624+0j)}, 'free': np.float64(-16461.174416303238)}]
------------------------------------------
  Seed: s-wave+py
F_onsite: (-0.026587049203015953+1.770324566740292e-18j)
F_swave: (0.02142359765174747-1.15339417636434e-18j), F_dwave: (-3.122502256758253e-17+3.154668332930235e-19j)
F_px: -3.050483280417956e-18j, F_py: -2.88192372391435e-18j
Free_energy = -16461.174416303238
------------------------------------------
[{'stable': {'F_onsite': np.complex128(-0.007260184238633066+0.025576569553880543j), 'F_swave': np.complex128(0.005850189120964475-0.020609362522716917j)}, 'free': np.float64(-16461.174416303234)}, {'stable': {'F_onsite': np.complex128(-0.026587049203016203+0j), 'F_swave': np.complex128(0.021423597651747624+0j)}, 'free': np.float64(-16461.174416303238)}]
------------------------------------------
====================================
mu=2.80, T=0.0280
====================================
  Seed: normal state
F_onsite: 0j
F_swave: 0j, F_dwave: 0j
F_px: 0j, F_py: 0j
Free_energy = -16444.659616996414
------------------------------------------
[{'stable': {}, 'free': np.float64(-16444.659616996414)}]
------------------------------------------
  Seed: px+i*py
F_onsite: (-0.007096810879421413+0.025001029051355757j)
F_swave: (0.005718803744694922-0.020146511015913644j), F_dwave: (2.2551405187698492e-17-7.806255641895632e-18j)
F_px: (-3.903127820947816e-18-2.7755575615628914e-17j), F_py: (-2.6020852139652106e-18-1.734723475976807e-18j)
Free_energy = -16460.55870991284
------------------------------------------
[{'stable': {'F_onsite': np.complex128(-0.007096810879421413+0.025001029051355757j), 'F_swave': np.complex128(0.005718803744694922-0.020146511015913644j)}, 'free': np.float64(-16460.55870991284)}]
------------------------------------------
  Seed: s-wave
F_onsite: (-0.02598877023417983+0j)
F_swave: (0.02094245979785236+0j), F_dwave: 0j
F_px: -7.250602028496811e-19j, F_py: -2.2163675856092836e-18j
Free_energy = -16460.558709912835
------------------------------------------
[{'stable': {'F_onsite': np.complex128(-0.007096810879421413+0.025001029051355757j), 'F_swave': np.complex128(0.005718803744694922-0.020146511015913644j)}, 'free': np.float64(-16460.55870991284)}, {'stable': {'F_onsite': np.complex128(-0.02598877023417983+0j), 'F_swave': np.complex128(0.02094245979785236+0j)}, 'free': np.float64(-16460.558709912835)}]
------------------------------------------
  Seed: s-wave+px
F_onsite: (-0.025988770234179826+0j)
F_swave: (0.020942459797852354+0j), F_dwave: (3.469446951953614e-18+0j)
F_px: -1.1846814558535458e-18j, F_py: -2.6346959824345012e-18j
Free_energy = -16460.558709912835
------------------------------------------
[{'stable': {'F_onsite': np.complex128(-0.007096810879421413+0.025001029051355757j), 'F_swave': np.complex128(0.005718803744694922-0.020146511015913644j)}, 'free': np.float64(-16460.55870991284)}, {'stable': {'F_onsite': np.complex128(-0.02598877023417983+0j), 'F_swave': np.complex128(0.02094245979785236+0j)}, 'free': np.float64(-16460.558709912835)}]
------------------------------------------
  Seed: s-wave+py
F_onsite: (-0.025988770234179826-2.318488677974292e-19j)
F_swave: (0.020942459797852354+1.4651023009539226e-19j), F_dwave: (2.6020852139652106e-18+9.214130279350686e-20j)
F_px: -1.205539642179683e-18j, F_py: (-1.734723475976807e-18-2.5804329342510226e-18j)
Free_energy = -16460.558709912835
------------------------------------------
[{'stable': {'F_onsite': np.complex128(-0.007096810879421413+0.025001029051355757j), 'F_swave': np.complex128(0.005718803744694922-0.020146511015913644j)}, 'free': np.float64(-16460.55870991284)}, {'stable': {'F_onsite': np.complex128(-0.02598877023417983+0j), 'F_swave': np.complex128(0.02094245979785236+0j)}, 'free': np.float64(-16460.558709912835)}]
------------------------------------------
====================================
mu=2.80, T=0.0310
====================================
  Seed: normal state
F_onsite: 0j
F_swave: 0j, F_dwave: 0j
F_px: 0j, F_py: 0j
Free_energy = -16444.96725058065
------------------------------------------
[{'stable': {}, 'free': np.float64(-16444.96725058065)}]
------------------------------------------
  Seed: px+i*py
F_onsite: (-0.006877403287148057+0.024228088123139438j)
F_swave: (0.00554232314523717-0.019524795618813293j), F_dwave: (1.8648277366750676e-17+1.734723475976807e-17j)
F_px: (-5.0306980803327406e-17+1.3877787807814457e-17j), F_py: (4.336808689942018e-18+0j)
Free_energy = -16459.764690078755
------------------------------------------
[{'stable': {'F_onsite': np.complex128(-0.006877403287148057+0.024228088123139438j), 'F_swave': np.complex128(0.00554232314523717-0.019524795618813293j)}, 'free': np.float64(-16459.764690078755)}]
------------------------------------------
  Seed: s-wave
F_onsite: (-0.02518529193947704+0j)
F_swave: (0.020296181655736746+0j), F_dwave: (3.469446951953614e-18+0j)
F_px: -5.7223428334132395e-18j, F_py: -2.33876384648753e-18j
Free_energy = -16459.764690078755
------------------------------------------
[{'stable': {'F_onsite': np.complex128(-0.006877403287148057+0.024228088123139438j), 'F_swave': np.complex128(0.00554232314523717-0.019524795618813293j)}, 'free': np.float64(-16459.764690078755)}, {'stable': {'F_onsite': np.complex128(-0.02518529193947704+0j), 'F_swave': np.complex128(0.020296181655736746+0j)}, 'free': np.float64(-16459.764690078755)}]
------------------------------------------
  Seed: s-wave+px
F_onsite: (-0.02518529193947704+0j)
F_swave: (0.020296181655736746+0j), F_dwave: (3.469446951953614e-18+0j)
F_px: -5.7223428334132395e-18j, F_py: -2.33876384648753e-18j
Free_energy = -16459.764690078755
------------------------------------------
[{'stable': {'F_onsite': np.complex128(-0.006877403287148057+0.024228088123139438j), 'F_swave': np.complex128(0.00554232314523717-0.019524795618813293j)}, 'free': np.float64(-16459.764690078755)}, {'stable': {'F_onsite': np.complex128(-0.02518529193947704+0j), 'F_swave': np.complex128(0.020296181655736746+0j)}, 'free': np.float64(-16459.764690078755)}]
------------------------------------------
  Seed: s-wave+py
F_onsite: (-0.02518529193947704+0j)
F_swave: (0.020296181655736746+0j), F_dwave: (3.469446951953614e-18+0j)
F_px: -5.7223428334132395e-18j, F_py: -2.33876384648753e-18j
Free_energy = -16459.764690078755
------------------------------------------
[{'stable': {'F_onsite': np.complex128(-0.006877403287148057+0.024228088123139438j), 'F_swave': np.complex128(0.00554232314523717-0.019524795618813293j)}, 'free': np.float64(-16459.764690078755)}, {'stable': {'F_onsite': np.complex128(-0.02518529193947704+0j), 'F_swave': np.complex128(0.020296181655736746+0j)}, 'free': np.float64(-16459.764690078755)}]
------------------------------------------
====================================
mu=2.80, T=0.0340
====================================
  Seed: normal state
F_onsite: 0j
F_swave: 0j, F_dwave: 0j
F_px: 0j, F_py: 0j
Free_energy = -16445.306568794553
------------------------------------------
[{'stable': {}, 'free': np.float64(-16445.306568794553)}]
------------------------------------------
  Seed: px+i*py
F_onsite: (-0.006593120588913488+0.023226601664204777j)
F_swave: (0.005313605090483059-0.01871905529000508j), F_dwave: (-1.929879867024198e-17+4.683753385137379e-17j)
F_px: (-1.7780915628762273e-17+3.8163916471489756e-17j), F_py: (-4.7704895589362195e-18-6.938893903907228e-18j)
Free_energy = -16458.785628583002
------------------------------------------
[{'stable': {'F_onsite': np.complex128(-0.006593120588913488+0.023226601664204777j), 'F_swave': np.complex128(0.005313605090483059-0.01871905529000508j)}, 'free': np.float64(-16458.785628583002)}]
------------------------------------------
  Seed: s-wave
F_onsite: (-0.024144238732409992+0j)
F_swave: (0.019458608121031555+0j), F_dwave: (1.734723475976807e-17+0j)
F_px: 2.1271114887923617e-19j, F_py: -2.133358356778362e-18j
Free_energy = -16458.785628583002
------------------------------------------
[{'stable': {'F_onsite': np.complex128(-0.006593120588913488+0.023226601664204777j), 'F_swave': np.complex128(0.005313605090483059-0.01871905529000508j)}, 'free': np.float64(-16458.785628583002)}, {'stable': {'F_onsite': np.complex128(-0.024144238732409992+0j), 'F_swave': np.complex128(0.019458608121031555+0j)}, 'free': np.float64(-16458.785628583002)}]
------------------------------------------
  Seed: s-wave+px
F_onsite: (-0.024144238732409992+0j)
F_swave: (0.019458608121031555+0j), F_dwave: (1.734723475976807e-17+0j)
F_px: 2.1271114887923617e-19j, F_py: -2.133358356778362e-18j
Free_energy = -16458.785628583002
------------------------------------------
[{'stable': {'F_onsite': np.complex128(-0.006593120588913488+0.023226601664204777j), 'F_swave': np.complex128(0.005313605090483059-0.01871905529000508j)}, 'free': np.float64(-16458.785628583002)}, {'stable': {'F_onsite': np.complex128(-0.024144238732409992+0j), 'F_swave': np.complex128(0.019458608121031555+0j)}, 'free': np.float64(-16458.785628583002)}]
------------------------------------------
  Seed: s-wave+py
F_onsite: (-0.024144238732409992+0j)
F_swave: (0.019458608121031555+0j), F_dwave: (1.734723475976807e-17+0j)
F_px: 2.1271114887923617e-19j, F_py: -2.133358356778362e-18j
Free_energy = -16458.785628583002
------------------------------------------
[{'stable': {'F_onsite': np.complex128(-0.006593120588913488+0.023226601664204777j), 'F_swave': np.complex128(0.005313605090483059-0.01871905529000508j)}, 'free': np.float64(-16458.785628583002)}, {'stable': {'F_onsite': np.complex128(-0.024144238732409992+0j), 'F_swave': np.complex128(0.019458608121031555+0j)}, 'free': np.float64(-16458.785628583002)}]
------------------------------------------
====================================
mu=2.80, T=0.0370
====================================
  Seed: normal state
F_onsite: 0j
F_swave: 0j, F_dwave: 0j
F_px: 0j, F_py: 0j
Free_energy = -16445.677550853812
------------------------------------------
[{'stable': {}, 'free': np.float64(-16445.677550853812)}]
------------------------------------------
  Seed: px+i*py
F_onsite: (-0.006232789472152798+0.021957207724968782j)
F_swave: (0.005023628056461496-0.01769750851709875j), F_dwave: (-2.5153490401663703e-17+3.0357660829594124e-17j)
F_px: (-1.3877787807814457e-17+8.153200337090993e-17j), F_py: (8.673617379884035e-19-1.734723475976807e-18j)
Free_energy = -16457.61889984043
------------------------------------------
[{'stable': {'F_onsite': np.complex128(-0.006232789472152798+0.021957207724968782j), 'F_swave': np.complex128(0.005023628056461496-0.01769750851709875j)}, 'free': np.float64(-16457.61889984043)}]
------------------------------------------
  Seed: s-wave
F_onsite: (-0.02282469355066132+0j)
F_swave: (0.018396702056685095+0j), F_dwave: (5.204170427930421e-18+0j)
F_px: -5.1886061975246235e-18j, F_py: -2.3209761545951897e-18j
Free_energy = -16457.61889984043
------------------------------------------
[{'stable': {'F_onsite': np.complex128(-0.006232789472152798+0.021957207724968782j), 'F_swave': np.complex128(0.005023628056461496-0.01769750851709875j)}, 'free': np.float64(-16457.61889984043)}, {'stable': {'F_onsite': np.complex128(-0.02282469355066132+0j), 'F_swave': np.complex128(0.018396702056685095+0j)}, 'free': np.float64(-16457.61889984043)}]
------------------------------------------
  Seed: s-wave+px
F_onsite: (-0.02282469355066132+0j)
F_swave: (0.018396702056685095+0j), F_dwave: (5.204170427930421e-18+0j)
F_px: -5.1886061975246235e-18j, F_py: -2.3209761545951897e-18j
Free_energy = -16457.61889984043
------------------------------------------
[{'stable': {'F_onsite': np.complex128(-0.006232789472152798+0.021957207724968782j), 'F_swave': np.complex128(0.005023628056461496-0.01769750851709875j)}, 'free': np.float64(-16457.61889984043)}, {'stable': {'F_onsite': np.complex128(-0.02282469355066132+0j), 'F_swave': np.complex128(0.018396702056685095+0j)}, 'free': np.float64(-16457.61889984043)}]
------------------------------------------
  Seed: s-wave+py
F_onsite: (-0.02282469355066132+0j)
F_swave: (0.018396702056685095+0j), F_dwave: (5.204170427930421e-18+0j)
F_px: -5.1886061975246235e-18j, F_py: -2.3209761545951897e-18j
Free_energy = -16457.61889984043
------------------------------------------
[{'stable': {'F_onsite': np.complex128(-0.006232789472152798+0.021957207724968782j), 'F_swave': np.complex128(0.005023628056461496-0.01769750851709875j)}, 'free': np.float64(-16457.61889984043)}, {'stable': {'F_onsite': np.complex128(-0.02282469355066132+0j), 'F_swave': np.complex128(0.018396702056685095+0j)}, 'free': np.float64(-16457.61889984043)}]
------------------------------------------
====================================
mu=2.80, T=0.0400
====================================
  Seed: normal state
F_onsite: 0j
F_swave: 0j, F_dwave: 0j
F_px: 0j, F_py: 0j
Free_energy = -16446.08016774623
------------------------------------------
[{'stable': {}, 'free': np.float64(-16446.08016774623)}]
------------------------------------------
  Seed: px+i*py
F_onsite: (-0.005780251512534399+0.020362982534600227j)
F_swave: (0.004659340078648284-0.01641417513382172j), F_dwave: (6.5052130349130266e-18+1.3877787807814457e-17j)
F_px: (6.635317295611287e-17+1.5612511283791264e-17j), F_py: (-8.673617379884035e-19+0j)
Free_energy = -16456.263154552405
------------------------------------------
[{'stable': {'F_onsite': np.complex128(-0.005780251512534399+0.020362982534600227j), 'F_swave': np.complex128(0.004659340078648284-0.01641417513382172j)}, 'free': np.float64(-16456.263154552405)}]
------------------------------------------
  Seed: s-wave
F_onsite: (-0.021167483677863+0j)
F_swave: (0.017062666711046892+0j), F_dwave: (-1.5612511283791264e-17+0j)
F_px: 1.9917979754684872e-18j, F_py: -2.5439575779598843e-18j
Free_energy = -16456.263154552405
------------------------------------------
[{'stable': {'F_onsite': np.complex128(-0.005780251512534399+0.020362982534600227j), 'F_swave': np.complex128(0.004659340078648284-0.01641417513382172j)}, 'free': np.float64(-16456.263154552405)}, {'stable': {'F_onsite': np.complex128(-0.021167483677863+0j), 'F_swave': np.complex128(0.017062666711046892+0j)}, 'free': np.float64(-16456.263154552405)}]
------------------------------------------
  Seed: s-wave+px
F_onsite: (-0.021167483677863+0j)
F_swave: (0.017062666711046892+0j), F_dwave: (-1.5612511283791264e-17+0j)
F_px: 1.9917979754684872e-18j, F_py: -2.5439575779598843e-18j
Free_energy = -16456.263154552405
------------------------------------------
[{'stable': {'F_onsite': np.complex128(-0.005780251512534399+0.020362982534600227j), 'F_swave': np.complex128(0.004659340078648284-0.01641417513382172j)}, 'free': np.float64(-16456.263154552405)}, {'stable': {'F_onsite': np.complex128(-0.021167483677863+0j), 'F_swave': np.complex128(0.017062666711046892+0j)}, 'free': np.float64(-16456.263154552405)}]
------------------------------------------
  Seed: s-wave+py
F_onsite: (-0.021167483677863+0j)
F_swave: (0.017062666711046892+0j), F_dwave: (-1.5612511283791264e-17+0j)
F_px: 1.9917979754684872e-18j, F_py: -2.5439575779598843e-18j
Free_energy = -16456.263154552405
------------------------------------------
[{'stable': {'F_onsite': np.complex128(-0.005780251512534399+0.020362982534600227j), 'F_swave': np.complex128(0.004659340078648284-0.01641417513382172j)}, 'free': np.float64(-16456.263154552405)}, {'stable': {'F_onsite': np.complex128(-0.021167483677863+0j), 'F_swave': np.complex128(0.017062666711046892+0j)}, 'free': np.float64(-16456.263154552405)}]
------------------------------------------
====================================
mu=2.80, T=0.0430
====================================
  Seed: normal state
F_onsite: 0j
F_swave: 0j, F_dwave: 0j
F_px: 0j, F_py: 0j
Free_energy = -16446.514388486517
------------------------------------------
[{'stable': {}, 'free': np.float64(-16446.514388486517)}]
------------------------------------------
  Seed: px+i*py
F_onsite: (-0.005209902418424125+0.01835372591024653j)
F_swave: (0.004200063196997259-0.014796209704579852j), F_dwave: (9.107298248878237e-18-8.673617379884035e-18j)
F_px: (9.974659986866641e-18-2.0816681711721685e-17j), F_py: (-2.6020852139652106e-18+1.734723475976807e-18j)
Free_energy = -16454.718331875134
------------------------------------------
[{'stable': {'F_onsite': np.complex128(-0.005209902418424125+0.01835372591024653j), 'F_swave': np.complex128(0.004200063196997259-0.014796209704579852j)}, 'free': np.float64(-16454.718331875134)}]
------------------------------------------
  Seed: s-wave
F_onsite: (-0.019078845300435816+0j)
F_swave: (0.01538077866951721+0j), F_dwave: (-7.806255641895632e-18+0j)
F_px: 1.8998949006913957e-18j, F_py: -2.1300761041077518e-18j
Free_energy = -16454.718331875134
------------------------------------------
[{'stable': {'F_onsite': np.complex128(-0.005209902418424125+0.01835372591024653j), 'F_swave': np.complex128(0.004200063196997259-0.014796209704579852j)}, 'free': np.float64(-16454.718331875134)}, {'stable': {'F_onsite': np.complex128(-0.019078845300435816+0j), 'F_swave': np.complex128(0.01538077866951721+0j)}, 'free': np.float64(-16454.718331875134)}]
------------------------------------------
  Seed: s-wave+px
F_onsite: (-0.019078845300435816+0j)
F_swave: (0.01538077866951721+0j), F_dwave: (-7.806255641895632e-18+0j)
F_px: 1.8998949006913957e-18j, F_py: -2.1300761041077518e-18j
Free_energy = -16454.718331875134
------------------------------------------
[{'stable': {'F_onsite': np.complex128(-0.005209902418424125+0.01835372591024653j), 'F_swave': np.complex128(0.004200063196997259-0.014796209704579852j)}, 'free': np.float64(-16454.718331875134)}, {'stable': {'F_onsite': np.complex128(-0.019078845300435816+0j), 'F_swave': np.complex128(0.01538077866951721+0j)}, 'free': np.float64(-16454.718331875134)}]
------------------------------------------
  Seed: s-wave+py
F_onsite: (-0.019078845300435816+0j)
F_swave: (0.01538077866951721+0j), F_dwave: (-7.806255641895632e-18+0j)
F_px: 1.8998949006913957e-18j, F_py: -2.1300761041077518e-18j
Free_energy = -16454.718331875134
------------------------------------------
[{'stable': {'F_onsite': np.complex128(-0.005209902418424125+0.01835372591024653j), 'F_swave': np.complex128(0.004200063196997259-0.014796209704579852j)}, 'free': np.float64(-16454.718331875134)}, {'stable': {'F_onsite': np.complex128(-0.019078845300435816+0j), 'F_swave': np.complex128(0.01538077866951721+0j)}, 'free': np.float64(-16454.718331875134)}]
------------------------------------------
====================================
mu=2.80, T=0.0460
====================================
  Seed: normal state
F_onsite: 0j
F_swave: 0j, F_dwave: 0j
F_px: 0j, F_py: 0j
Free_energy = -16446.980184098575
------------------------------------------
[{'stable': {}, 'free': np.float64(-16446.980184098575)}]
------------------------------------------
  Seed: px+i*py
F_onsite: (-0.004475990770623856+0.015768262278830953j)
F_swave: (0.003608863314431854-0.012713498795369847j), F_dwave: (-4.0115480381963664e-18-3.5128150388530344e-17j)
F_px: (-1.8865117801247777e-17+2.5153490401663703e-17j), F_py: (-6.505213034913027e-19+8.673617379884035e-19j)
Free_energy = -16452.986686383323
------------------------------------------
[{'stable': {'F_onsite': np.complex128(-0.004475990770623856+0.015768262278830953j), 'F_swave': np.complex128(0.003608863314431854-0.012713498795369847j)}, 'free': np.float64(-16452.986686383323)}]
------------------------------------------
  Seed: s-wave
F_onsite: (-0.01639123511736422+0j)
F_swave: (0.01321578397379884+0j), F_dwave: (3.469446951953614e-17+0j)
F_px: -1.542870513423708e-18j, F_py: -1.7187357290973822e-18j
Free_energy = -16452.98668638332
------------------------------------------
[{'stable': {'F_onsite': np.complex128(-0.004475990770623856+0.015768262278830953j), 'F_swave': np.complex128(0.003608863314431854-0.012713498795369847j)}, 'free': np.float64(-16452.986686383323)}, {'stable': {'F_onsite': np.complex128(-0.01639123511736422+0j), 'F_swave': np.complex128(0.01321578397379884+0j)}, 'free': np.float64(-16452.98668638332)}]
------------------------------------------
  Seed: s-wave+px
F_onsite: (-0.01639123511736422+0j)
F_swave: (0.01321578397379884+0j), F_dwave: (3.469446951953614e-17+0j)
F_px: -1.542870513423708e-18j, F_py: -1.7187357290973822e-18j
Free_energy = -16452.98668638332
------------------------------------------
[{'stable': {'F_onsite': np.complex128(-0.004475990770623856+0.015768262278830953j), 'F_swave': np.complex128(0.003608863314431854-0.012713498795369847j)}, 'free': np.float64(-16452.986686383323)}, {'stable': {'F_onsite': np.complex128(-0.01639123511736422+0j), 'F_swave': np.complex128(0.01321578397379884+0j)}, 'free': np.float64(-16452.98668638332)}]
------------------------------------------
  Seed: s-wave+py
F_onsite: (-0.01639123511736422+0j)
F_swave: (0.01321578397379884+0j), F_dwave: (3.469446951953614e-17+0j)
F_px: -1.542870513423708e-18j, F_py: -1.7187357290973822e-18j
Free_energy = -16452.98668638332
------------------------------------------
[{'stable': {'F_onsite': np.complex128(-0.004475990770623856+0.015768262278830953j), 'F_swave': np.complex128(0.003608863314431854-0.012713498795369847j)}, 'free': np.float64(-16452.986686383323)}, {'stable': {'F_onsite': np.complex128(-0.01639123511736422+0j), 'F_swave': np.complex128(0.01321578397379884+0j)}, 'free': np.float64(-16452.98668638332)}]
------------------------------------------
====================================
mu=2.80, T=0.0490
====================================
  Seed: normal state
F_onsite: 0j
F_swave: 0j, F_dwave: 0j
F_px: 0j, F_py: 0j
Free_energy = -16447.47752972977
------------------------------------------
[{'stable': {}, 'free': np.float64(-16447.47752972977)}]
------------------------------------------
  Seed: px+i*py
F_onsite: (-0.0034746375477638833+0.01224064100770616j)
F_swave: (0.002801894869003386-0.009870666727491166j), F_dwave: (1.0299920638612292e-17+2.6020852139652106e-18j)
F_px: (3.0574501264091225e-17+1.0408340855860843e-17j), F_py: (-6.505213034913027e-19+1.734723475976807e-18j)
Free_energy = -16451.068699446176
------------------------------------------
[{'stable': {'F_onsite': np.complex128(-0.0034746375477638833+0.01224064100770616j), 'F_swave': np.complex128(0.002801894869003386-0.009870666727491166j)}, 'free': np.float64(-16451.068699446176)}]
------------------------------------------
  Seed: s-wave
F_onsite: (-0.012724244510691898+0j)
F_swave: (0.010260637236651085+0j), F_dwave: (3.469446951953614e-18+0j)
F_px: 2.1452697575991258e-18j, F_py: 3.636418321681118e-19j
Free_energy = -16451.068699446176
------------------------------------------
[{'stable': {'F_onsite': np.complex128(-0.0034746375477638833+0.01224064100770616j), 'F_swave': np.complex128(0.002801894869003386-0.009870666727491166j)}, 'free': np.float64(-16451.068699446176)}, {'stable': {'F_onsite': np.complex128(-0.012724244510691898+0j), 'F_swave': np.complex128(0.010260637236651085+0j)}, 'free': np.float64(-16451.068699446176)}]
------------------------------------------
  Seed: s-wave+px
F_onsite: (-0.012724244510691898+0j)
F_swave: (0.010260637236651085+0j), F_dwave: (3.469446951953614e-18+0j)
F_px: 2.1452697575991258e-18j, F_py: 3.636418321681118e-19j
Free_energy = -16451.068699446176
------------------------------------------
[{'stable': {'F_onsite': np.complex128(-0.0034746375477638833+0.01224064100770616j), 'F_swave': np.complex128(0.002801894869003386-0.009870666727491166j)}, 'free': np.float64(-16451.068699446176)}, {'stable': {'F_onsite': np.complex128(-0.012724244510691898+0j), 'F_swave': np.complex128(0.010260637236651085+0j)}, 'free': np.float64(-16451.068699446176)}]
------------------------------------------
  Seed: s-wave+py
F_onsite: (-0.012724244510691898+0j)
F_swave: (0.010260637236651085+0j), F_dwave: (3.469446951953614e-18+0j)
F_px: 2.1452697575991258e-18j, F_py: 3.636418321681118e-19j
Free_energy = -16451.068699446176
------------------------------------------
[{'stable': {'F_onsite': np.complex128(-0.0034746375477638833+0.01224064100770616j), 'F_swave': np.complex128(0.002801894869003386-0.009870666727491166j)}, 'free': np.float64(-16451.068699446176)}, {'stable': {'F_onsite': np.complex128(-0.012724244510691898+0j), 'F_swave': np.complex128(0.010260637236651085+0j)}, 'free': np.float64(-16451.068699446176)}]
------------------------------------------
====================================
mu=2.80, T=0.0520
====================================
  Seed: normal state
F_onsite: 0j
F_swave: 0j, F_dwave: 0j
F_px: 0j, F_py: 0j
Free_energy = -16448.006405460863
------------------------------------------
[{'stable': {}, 'free': np.float64(-16448.006405460863)}]
------------------------------------------
  Seed: px+i*py
F_onsite: (-0.001812825578346268+0.006386319956855439j)
F_swave: (0.0014620729220258535-0.0051506695359128255j), F_dwave: (3.5236570605778894e-18+1.5178830414797062e-17j)
F_px: (1.713039432527097e-17-6.938893903907228e-18j), F_py: (9.432558900623889e-18+5.204170427930421e-18j)
Free_energy = -16448.976559186765
------------------------------------------
[{'stable': {'F_onsite': np.complex128(-0.001812825578346268+0.006386319956855439j), 'F_swave': np.complex128(0.0014620729220258535-0.0051506695359128255j)}, 'free': np.float64(-16448.976559186765)}]
------------------------------------------
  Seed: s-wave
F_onsite: (-0.006638630820345217+0j)
F_swave: (0.005354162296522386+0j), F_dwave: (4.336808689942018e-19+0j)
F_px: 7.271857261516974e-18j, F_py: 8.932915340862258e-18j
Free_energy = -16448.976559186765
------------------------------------------
[{'stable': {'F_onsite': np.complex128(-0.001812825578346268+0.006386319956855439j), 'F_swave': np.complex128(0.0014620729220258535-0.0051506695359128255j)}, 'free': np.float64(-16448.976559186765)}, {'stable': {'F_onsite': np.complex128(-0.006638630820345217+0j), 'F_swave': np.complex128(0.005354162296522386+0j)}, 'free': np.float64(-16448.976559186765)}]
------------------------------------------
  Seed: s-wave+px
F_onsite: (-0.006638630820345217+0j)
F_swave: (0.005354162296522386+0j), F_dwave: (4.336808689942018e-19+0j)
F_px: 7.271857261516974e-18j, F_py: 8.932915340862258e-18j
Free_energy = -16448.976559186765
------------------------------------------
[{'stable': {'F_onsite': np.complex128(-0.001812825578346268+0.006386319956855439j), 'F_swave': np.complex128(0.0014620729220258535-0.0051506695359128255j)}, 'free': np.float64(-16448.976559186765)}, {'stable': {'F_onsite': np.complex128(-0.006638630820345217+0j), 'F_swave': np.complex128(0.005354162296522386+0j)}, 'free': np.float64(-16448.976559186765)}]
------------------------------------------
  Seed: s-wave+py
F_onsite: (-0.006638630820345217+0j)
F_swave: (0.005354162296522386+0j), F_dwave: (4.336808689942018e-19+0j)
F_px: 7.271857261516974e-18j, F_py: 8.932915340862258e-18j
Free_energy = -16448.976559186765
------------------------------------------
[{'stable': {'F_onsite': np.complex128(-0.001812825578346268+0.006386319956855439j), 'F_swave': np.complex128(0.0014620729220258535-0.0051506695359128255j)}, 'free': np.float64(-16448.976559186765)}, {'stable': {'F_onsite': np.complex128(-0.006638630820345217+0j), 'F_swave': np.complex128(0.005354162296522386+0j)}, 'free': np.float64(-16448.976559186765)}]
------------------------------------------
====================================
mu=2.80, T=0.0550
====================================
  Seed: normal state
F_onsite: 0j
F_swave: 0j, F_dwave: 0j
F_px: 0j, F_py: 0j
Free_energy = -16448.56679630879
------------------------------------------
[{'stable': {}, 'free': np.float64(-16448.56679630879)}]
------------------------------------------
  Seed: px+i*py
F_onsite: (-2.588221607254431e-14+9.117987383583813e-14j)
F_swave: (2.090748807128657e-14-7.365451134365714e-14j), F_dwave: (-1.1091768131903643e-20+1.8319565305943875e-20j)
F_px: (-8.108606535073133e-20+8.131030949809245e-21j), F_py: (-5.447139953830182e-20-2.44862863271721e-20j)
Free_energy = -16448.56679630879
------------------------------------------
[{'stable': {}, 'free': np.float64(-16448.56679630879)}]
------------------------------------------
  Seed: s-wave
F_onsite: (-8.815740742471864e-14+0j)
F_swave: (7.12129489994822e-14+0j), F_dwave: (-2.5503488669653416e-21+0j)
F_px: -4.527576580832491e-20j, F_py: 3.321739113157047e-20j
Free_energy = -16448.56679630879
------------------------------------------
[{'stable': {}, 'free': np.float64(-16448.56679630879)}]
------------------------------------------
  Seed: s-wave+px
F_onsite: (-8.815740742471864e-14+0j)
F_swave: (7.12129489994822e-14+0j), F_dwave: (-2.5503488669653416e-21+0j)
F_px: -4.527576580832491e-20j, F_py: 3.321739113157047e-20j
Free_energy = -16448.56679630879
------------------------------------------
[{'stable': {}, 'free': np.float64(-16448.56679630879)}]
------------------------------------------
  Seed: s-wave+py
F_onsite: (-8.815740742471864e-14+0j)
F_swave: (7.12129489994822e-14+0j), F_dwave: (-2.5503488669653416e-21+0j)
F_px: -4.527576580832491e-20j, F_py: 3.321739113157047e-20j
Free_energy = -16448.56679630879
------------------------------------------
[{'stable': {}, 'free': np.float64(-16448.56679630879)}]
------------------------------------------
====================================
mu=2.80, T=0.0580
====================================
  Seed: normal state
F_onsite: 0j
F_swave: 0j, F_dwave: 0j
F_px: 0j, F_py: 0j
Free_energy = -16449.15869179376
------------------------------------------
[{'stable': {}, 'free': np.float64(-16449.15869179376)}]
------------------------------------------
  Seed: px+i*py
F_onsite: (-1.040289917813833e-14+3.664799709680442e-14j)
F_swave: (8.422778847503213e-15-2.9672298653331526e-14j), F_dwave: (-5.9067418866459794e-21+9.599842842979788e-21j)
F_px: (3.818391695099999e-20-4.720730721322256e-20j), F_py: (-3.8811716191466344e-20-3.851880703658317e-20j)
Free_energy = -16449.15869179376
------------------------------------------
[{'stable': {}, 'free': np.float64(-16449.15869179376)}]
------------------------------------------
  Seed: s-wave
F_onsite: (-3.725206995095131e-14+0j)
F_swave: (3.016135259936947e-14+0j), F_dwave: (3.76232212183809e-21+0j)
F_px: 4.314707151350624e-20j, F_py: 5.927250500251895e-20j
Free_energy = -16449.15869179376
------------------------------------------
[{'stable': {}, 'free': np.float64(-16449.15869179376)}]
------------------------------------------
  Seed: s-wave+px
F_onsite: (-3.725206995095131e-14+0j)
F_swave: (3.016135259936947e-14+0j), F_dwave: (3.76232212183809e-21+0j)
F_px: 4.314707151350624e-20j, F_py: 5.927250500251895e-20j
Free_energy = -16449.15869179376
------------------------------------------
[{'stable': {}, 'free': np.float64(-16449.15869179376)}]
------------------------------------------
  Seed: s-wave+py
F_onsite: (-3.725206995095131e-14+0j)
F_swave: (3.016135259936947e-14+0j), F_dwave: (3.76232212183809e-21+0j)
F_px: 4.314707151350624e-20j, F_py: 5.927250500251895e-20j
Free_energy = -16449.15869179376
------------------------------------------
[{'stable': {}, 'free': np.float64(-16449.15869179376)}]
------------------------------------------
====================================
mu=2.80, T=0.0610
====================================
  Seed: normal state
F_onsite: 0j
F_swave: 0j, F_dwave: 0j
F_px: 0j, F_py: 0j
Free_energy = -16449.78208531521
------------------------------------------
[{'stable': {}, 'free': np.float64(-16449.78208531521)}]
------------------------------------------
  Seed: px+i*py
F_onsite: (-6.443574799081008e-15+2.2699872009487373e-14j)
F_swave: (5.2288891744458795e-15-1.8420680833625997e-14j), F_dwave: (2.2694648852625805e-21-1.4407932092417016e-20j)
F_px: (1.4439703450780866e-20-1.1283196921474137e-20j), F_py: (-1.1772282102744415e-19-7.328698460385989e-20j)
Free_energy = -16449.78208531521
------------------------------------------
[{'stable': {}, 'free': np.float64(-16449.78208531521)}]
------------------------------------------
  Seed: s-wave
F_onsite: (-2.4003743917984366e-14+0j)
F_swave: (1.9478745379226138e-14+0j), F_dwave: (1.1498043280518945e-20+0j)
F_px: -1.3941426684147272e-20j, F_py: 3.9350496601347204e-20j
Free_energy = -16449.78208531521
------------------------------------------
[{'stable': {}, 'free': np.float64(-16449.78208531521)}]
------------------------------------------
  Seed: s-wave+px
F_onsite: (-2.4003743917984366e-14+0j)
F_swave: (1.9478745379226138e-14+0j), F_dwave: (1.1498043280518945e-20+0j)
F_px: -1.3941426684147272e-20j, F_py: 3.9350496601347204e-20j
Free_energy = -16449.78208531521
------------------------------------------
[{'stable': {}, 'free': np.float64(-16449.78208531521)}]
------------------------------------------
  Seed: s-wave+py
F_onsite: (-2.4003743917984366e-14+0j)
F_swave: (1.9478745379226138e-14+0j), F_dwave: (1.1498043280518945e-20+0j)
F_px: -1.3941426684147272e-20j, F_py: 3.9350496601347204e-20j
Free_energy = -16449.78208531521
------------------------------------------
[{'stable': {}, 'free': np.float64(-16449.78208531521)}]
------------------------------------------
====================================
mu=2.80, T=0.0640
====================================
  Seed: normal state
F_onsite: 0j
F_swave: 0j, F_dwave: 0j
F_px: 0j, F_py: 0j
Free_energy = -16450.436973489555
------------------------------------------
[{'stable': {}, 'free': np.float64(-16450.436973489555)}]
------------------------------------------
  Seed: px+i*py
F_onsite: (-4.915106698730515e-15+1.7315345789706887e-14j)
F_swave: (3.997357698034586e-15-1.4082205479530538e-14j), F_dwave: (2.5515619474858913e-21+2.799167816321901e-21j)
F_px: (6.518899039697686e-20-2.9485860342960797e-20j), F_py: (-2.3068173507932836e-20+1.9019347360115812e-20j)
Free_energy = -16450.43697348955
------------------------------------------
[{'stable': {}, 'free': np.float64(-16450.436973489555)}]
------------------------------------------
  Seed: s-wave
F_onsite: (-1.7348262464690712e-14+0j)
F_swave: (1.4108945400611512e-14+0j), F_dwave: (1.3820450702934836e-20+0j)
F_px: 3.320897140273666e-20j, F_py: 7.744938881741292e-20j
Free_energy = -16450.436973489555
------------------------------------------
[{'stable': {}, 'free': np.float64(-16450.436973489555)}]
------------------------------------------
  Seed: s-wave+px
F_onsite: (-1.7348262464690712e-14+0j)
F_swave: (1.4108945400611512e-14+0j), F_dwave: (1.3820450702934836e-20+0j)
F_px: 3.320897140273666e-20j, F_py: 7.744938881741292e-20j
Free_energy = -16450.436973489555
------------------------------------------
[{'stable': {}, 'free': np.float64(-16450.436973489555)}]
------------------------------------------
  Seed: s-wave+py
F_onsite: (-1.7348262464690712e-14+0j)
F_swave: (1.4108945400611512e-14+0j), F_dwave: (1.3820450702934836e-20+0j)
F_px: 3.320897140273666e-20j, F_py: 7.744938881741292e-20j
Free_energy = -16450.436973489555
------------------------------------------
[{'stable': {}, 'free': np.float64(-16450.436973489555)}]
------------------------------------------
====================================
mu=2.80, T=0.0670
====================================
  Seed: normal state
F_onsite: 0j
F_swave: 0j, F_dwave: 0j
F_px: 0j, F_py: 0j
Free_energy = -16451.12335552968
------------------------------------------
[{'stable': {}, 'free': np.float64(-16451.12335552968)}]
------------------------------------------
  Seed: px+i*py
F_onsite: (-3.747947707442381e-15+1.3203355349802129e-14j)
F_swave: (3.0547664816430123e-15-1.0761392168585235e-14j), F_dwave: (1.1680513658364666e-21-7.378074168715028e-21j)
F_px: (6.499305060749127e-20-3.8256117308877406e-20j), F_py: (-2.5327100345489215e-21+7.888507706697422e-20j)
Free_energy = -16451.123355529675
------------------------------------------
[{'stable': {}, 'free': np.float64(-16451.12335552968)}]
------------------------------------------
  Seed: s-wave
F_onsite: (-1.4146887370973829e-14+0j)
F_swave: (1.1530417821707363e-14+0j), F_dwave: (1.1065810481590477e-20+0j)
F_px: 8.150669185901408e-21j, F_py: 7.146182775852119e-20j
Free_energy = -16451.12335552968
------------------------------------------
[{'stable': {}, 'free': np.float64(-16451.12335552968)}]
------------------------------------------
  Seed: s-wave+px
F_onsite: (-1.4146887370973829e-14+0j)
F_swave: (1.1530417821707363e-14+0j), F_dwave: (1.1065810481590477e-20+0j)
F_px: 8.150669185901408e-21j, F_py: 7.146182775852119e-20j
Free_energy = -16451.12335552968
------------------------------------------
[{'stable': {}, 'free': np.float64(-16451.12335552968)}]
------------------------------------------
  Seed: s-wave+py
F_onsite: (-1.4146887370973829e-14+0j)
F_swave: (1.1530417821707363e-14+0j), F_dwave: (1.1065810481590477e-20+0j)
F_px: 8.150669185901408e-21j, F_py: 7.146182775852119e-20j
Free_energy = -16451.12335552968
------------------------------------------
[{'stable': {}, 'free': np.float64(-16451.12335552968)}]
------------------------------------------
====================================
mu=2.80, T=0.0700
====================================
  Seed: normal state
F_onsite: 0j
F_swave: 0j, F_dwave: 0j
F_px: 0j, F_py: 0j
Free_energy = -16451.841232705603
------------------------------------------
[{'stable': {}, 'free': np.float64(-16451.841232705603)}]
------------------------------------------
  Seed: px+i*py
F_onsite: (-3.1846388232926623e-15+1.1219277266777283e-14j)
F_swave: (2.601232416073476e-15-9.163971218477814e-15j), F_dwave: (-7.686281381277905e-21-7.208327869173767e-22j)
F_px: (5.05728774787846e-20+5.844809721753015e-21j), F_py: (5.415133169947703e-20+5.251973938876647e-20j)
Free_energy = -16451.841232705603
------------------------------------------
[{'stable': {}, 'free': np.float64(-16451.841232705603)}]
------------------------------------------
  Seed: s-wave
F_onsite: (-1.1090940572978836e-14+0j)
F_swave: (9.059117934658013e-15+0j), F_dwave: (6.072324144850416e-21+0j)
F_px: 8.050445825496785e-20j, F_py: -5.087776593751353e-20j
Free_energy = -16451.841232705603
------------------------------------------
[{'stable': {}, 'free': np.float64(-16451.841232705603)}]
------------------------------------------
  Seed: s-wave+px
F_onsite: (-1.1090940572978836e-14+0j)
F_swave: (9.059117934658013e-15+0j), F_dwave: (6.072324144850416e-21+0j)
F_px: 8.050445825496785e-20j, F_py: -5.087776593751353e-20j
Free_energy = -16451.841232705603
------------------------------------------
[{'stable': {}, 'free': np.float64(-16451.841232705603)}]
------------------------------------------
  Seed: s-wave+py
F_onsite: (-1.1090940572978836e-14+0j)
F_swave: (9.059117934658013e-15+0j), F_dwave: (6.072324144850416e-21+0j)
F_px: 8.050445825496785e-20j, F_py: -5.087776593751353e-20j
Free_energy = -16451.841232705603
------------------------------------------
[{'stable': {}, 'free': np.float64(-16451.841232705603)}]
------------------------------------------
====================================
mu=2.80, T=0.0730
====================================
  Seed: normal state
F_onsite: 0j
F_swave: 0j, F_dwave: 0j
F_px: 0j, F_py: 0j
Free_energy = -16452.590607894857
------------------------------------------
[{'stable': {}, 'free': np.float64(-16452.590607894857)}]
------------------------------------------
  Seed: px+i*py
F_onsite: (-2.6381832641816247e-15+9.294249982104379e-15j)
F_swave: (2.159402065228514e-15-7.607527647761303e-15j), F_dwave: (1.3406383044894444e-21-1.0644331436494134e-20j)
F_px: (1.3415766493100013e-20-3.4776561554945003e-20j), F_py: (-2.1828627842536473e-20-2.5247755666457082e-20j)
Free_energy = -16452.590607894857
------------------------------------------
[{'stable': {}, 'free': np.float64(-16452.590607894857)}]
------------------------------------------
  Seed: s-wave
F_onsite: (-9.186169278579763e-15+0j)
F_swave: (7.519017609728469e-15+0j), F_dwave: (1.5219776297606296e-20+0j)
F_px: 9.148567419458039e-20j, F_py: 1.251618928430801e-20j
Free_energy = -16452.590607894857
------------------------------------------
[{'stable': {}, 'free': np.float64(-16452.590607894857)}]
------------------------------------------
  Seed: s-wave+px
F_onsite: (-9.186169278579763e-15+0j)
F_swave: (7.519017609728469e-15+0j), F_dwave: (1.5219776297606296e-20+0j)
F_px: 9.148567419458039e-20j, F_py: 1.251618928430801e-20j
Free_energy = -16452.590607894857
------------------------------------------
[{'stable': {}, 'free': np.float64(-16452.590607894857)}]
------------------------------------------
  Seed: s-wave+py
F_onsite: (-9.186169278579763e-15+0j)
F_swave: (7.519017609728469e-15+0j), F_dwave: (1.5219776297606296e-20+0j)
F_px: 9.148567419458039e-20j, F_py: 1.251618928430801e-20j
Free_energy = -16452.590607894857
------------------------------------------
[{'stable': {}, 'free': np.float64(-16452.590607894857)}]
------------------------------------------
====================================
mu=2.80, T=0.0760
====================================
  Seed: normal state
F_onsite: 0j
F_swave: 0j, F_dwave: 0j
F_px: 0j, F_py: 0j
Free_energy = -16453.3714852186
------------------------------------------
[{'stable': {}, 'free': np.float64(-16453.3714852186)}]
------------------------------------------
  Seed: px+i*py
F_onsite: (-2.132106082118907e-15+7.511541799098055e-15j)
F_swave: (1.7487974586257984e-15-6.161108970629827e-15j), F_dwave: (4.271787265572274e-21+8.402259741629403e-21j)
F_px: (5.3197336578082954e-21+3.8330031351897723e-22j), F_py: (4.019677950361552e-21+3.068626083835443e-20j)
Free_energy = -16453.3714852186
------------------------------------------
[{'stable': {}, 'free': np.float64(-16453.3714852186)}]
------------------------------------------
  Seed: s-wave
F_onsite: (-7.423268332225695e-15+0j)
F_swave: (6.088676000132311e-15+0j), F_dwave: (-4.863972422992502e-21+0j)
F_px: 9.564064267548207e-21j, F_py: -4.0295064928426774e-20j
Free_energy = -16453.3714852186
------------------------------------------
[{'stable': {}, 'free': np.float64(-16453.3714852186)}]
------------------------------------------
  Seed: s-wave+px
F_onsite: (-7.423268332225695e-15+0j)
F_swave: (6.088676000132311e-15+0j), F_dwave: (-4.863972422992502e-21+0j)
F_px: 9.564064267548207e-21j, F_py: -4.0295064928426774e-20j
Free_energy = -16453.3714852186
------------------------------------------
[{'stable': {}, 'free': np.float64(-16453.3714852186)}]
------------------------------------------
  Seed: s-wave+py
F_onsite: (-7.423268332225695e-15+0j)
F_swave: (6.088676000132311e-15+0j), F_dwave: (-4.863972422992502e-21+0j)
F_px: 9.564064267548207e-21j, F_py: -4.0295064928426774e-20j
Free_energy = -16453.3714852186
------------------------------------------
[{'stable': {}, 'free': np.float64(-16453.3714852186)}]
------------------------------------------
====================================
mu=2.80, T=0.0790
====================================
  Seed: normal state
F_onsite: 0j
F_swave: 0j, F_dwave: 0j
F_px: 0j, F_py: 0j
Free_energy = -16454.183869752298
------------------------------------------
[{'stable': {}, 'free': np.float64(-16454.183869752298)}]
------------------------------------------
  Seed: px+i*py
F_onsite: (-1.6823453786089324e-15+5.927014734628452e-15j)
F_swave: (1.38265307746921e-15-4.87117953030999e-15j), F_dwave: (1.4171176936898638e-22-6.1373600766640855e-21j)
F_px: (5.3872206808764796e-20-6.951388295334289e-21j), F_py: (9.866429046831351e-20+2.6276115371225334e-20j)
Free_energy = -16454.183869752294
------------------------------------------
[{'stable': {}, 'free': np.float64(-16454.183869752298)}]
------------------------------------------
  Seed: s-wave
F_onsite: (-5.856020543638268e-15+0j)
F_swave: (4.812810299028202e-15+0j), F_dwave: (3.7827956300708214e-21+0j)
F_px: 4.685530519438648e-20j, F_py: -8.703316479756198e-21j
Free_energy = -16454.183869752294
------------------------------------------
[{'stable': {}, 'free': np.float64(-16454.183869752298)}]
------------------------------------------
  Seed: s-wave+px
F_onsite: (-5.856020543638268e-15+0j)
F_swave: (4.812810299028202e-15+0j), F_dwave: (3.7827956300708214e-21+0j)
F_px: 4.685530519438648e-20j, F_py: -8.703316479756198e-21j
Free_energy = -16454.183869752294
------------------------------------------
[{'stable': {}, 'free': np.float64(-16454.183869752298)}]
------------------------------------------
  Seed: s-wave+py
F_onsite: (-5.856020543638268e-15+0j)
F_swave: (4.812810299028202e-15+0j), F_dwave: (3.7827956300708214e-21+0j)
F_px: 4.685530519438648e-20j, F_py: -8.703316479756198e-21j
Free_energy = -16454.183869752294
------------------------------------------
[{'stable': {}, 'free': np.float64(-16454.183869752298)}]
------------------------------------------
====================================
mu=2.80, T=0.0820
====================================
  Seed: normal state
F_onsite: 0j
F_swave: 0j, F_dwave: 0j
F_px: 0j, F_py: 0j
Free_energy = -16455.0277672949
------------------------------------------
[{'stable': {}, 'free': np.float64(-16455.0277672949)}]
------------------------------------------
  Seed: px+i*py
F_onsite: (-1.2964934911576146e-15+4.56772957035817e-15j)
F_swave: (1.0677468623143e-15-3.761813664754316e-15j), F_dwave: (-8.879463713304317e-21+1.838650013343871e-20j)
F_px: (-2.6395799768564542e-20-4.4732122068013705e-20j), F_py: (6.378261574636018e-20-1.5499484672639734e-20j)
Free_energy = -16455.0277672949
------------------------------------------
[{'stable': {}, 'free': np.float64(-16455.0277672949)}]
------------------------------------------
  Seed: s-wave
F_onsite: (-4.511448521755956e-15+0j)
F_swave: (3.715398193854014e-15+0j), F_dwave: (7.708369026718185e-21+0j)
F_px: -1.60372385757752e-20j, F_py: 4.4430563338019604e-20j
Free_energy = -16455.0277672949
------------------------------------------
[{'stable': {}, 'free': np.float64(-16455.0277672949)}]
------------------------------------------
  Seed: s-wave+px
F_onsite: (-4.511448521755956e-15+0j)
F_swave: (3.715398193854014e-15+0j), F_dwave: (7.708369026718185e-21+0j)
F_px: -1.60372385757752e-20j, F_py: 4.4430563338019604e-20j
Free_energy = -16455.0277672949
------------------------------------------
[{'stable': {}, 'free': np.float64(-16455.0277672949)}]
------------------------------------------
  Seed: s-wave+py
F_onsite: (-4.511448521755956e-15+0j)
F_swave: (3.715398193854014e-15+0j), F_dwave: (7.708369026718185e-21+0j)
F_px: -1.60372385757752e-20j, F_py: 4.4430563338019604e-20j
Free_energy = -16455.0277672949
------------------------------------------
[{'stable': {}, 'free': np.float64(-16455.0277672949)}]
------------------------------------------
====================================
mu=2.80, T=0.0850
====================================
  Seed: normal state
F_onsite: 0j
F_swave: 0j, F_dwave: 0j
F_px: 0j, F_py: 0j
Free_energy = -16455.903184183073
------------------------------------------
[{'stable': {}, 'free': np.float64(-16455.903184183073)}]
------------------------------------------
  Seed: px+i*py
F_onsite: (-9.766376736381137e-16+3.4409484648164655e-15j)
F_swave: (8.05925166646466e-16-2.8394792349052683e-15j), F_dwave: (-6.693911142246927e-21+1.2371511608700739e-20j)
F_px: (-1.2857365308017896e-20-2.932537437528692e-20j), F_py: (5.248781763264123e-20+3.954048452387093e-21j)
Free_energy = -16455.903184183077
------------------------------------------
[{'stable': {}, 'free': np.float64(-16455.903184183073)}]
------------------------------------------
  Seed: s-wave
F_onsite: (-3.3973865882900718e-15+0j)
F_swave: (2.80336642460326e-15+0j), F_dwave: (-8.918677505232511e-21+0j)
F_px: 1.1193349464788438e-20j, F_py: 2.0903265887291065e-20j
Free_energy = -16455.903184183073
------------------------------------------
[{'stable': {}, 'free': np.float64(-16455.903184183073)}]
------------------------------------------
  Seed: s-wave+px
F_onsite: (-3.3973865882900718e-15+0j)
F_swave: (2.80336642460326e-15+0j), F_dwave: (-8.918677505232511e-21+0j)
F_px: 1.1193349464788438e-20j, F_py: 2.0903265887291065e-20j
Free_energy = -16455.903184183073
------------------------------------------
[{'stable': {}, 'free': np.float64(-16455.903184183073)}]
------------------------------------------
  Seed: s-wave+py
F_onsite: (-3.3973865882900718e-15+0j)
F_swave: (2.80336642460326e-15+0j), F_dwave: (-8.918677505232511e-21+0j)
F_px: 1.1193349464788438e-20j, F_py: 2.0903265887291065e-20j
Free_energy = -16455.903184183073
------------------------------------------
[{'stable': {}, 'free': np.float64(-16455.903184183073)}]
------------------------------------------
====================================
mu=2.80, T=0.0880
====================================
  Seed: normal state
F_onsite: 0j
F_swave: 0j, F_dwave: 0j
F_px: 0j, F_py: 0j
Free_energy = -16456.810127138422
------------------------------------------
[{'stable': {}, 'free': np.float64(-16456.810127138422)}]
------------------------------------------
  Seed: px+i*py
F_onsite: (-7.194483617765874e-16+2.5351436965112565e-15j)
F_swave: (5.948030046984559e-16-2.0959360092550517e-15j), F_dwave: (-8.560078429524538e-21+2.8330446701783724e-21j)
F_px: (-2.4042140838838302e-20-2.959287586362207e-20j), F_py: (1.100251566281466e-19+2.8745793222469476e-21j)
Free_energy = -16456.810127138422
------------------------------------------
[{'stable': {}, 'free': np.float64(-16456.810127138422)}]
------------------------------------------
  Seed: s-wave
F_onsite: (-2.501408637015363e-15+0j)
F_swave: (2.0678906063757786e-15+0j), F_dwave: (6.484710554525039e-21+0j)
F_px: -2.0480144916241606e-20j, F_py: 4.680314807330948e-20j
Free_energy = -16456.810127138422
------------------------------------------
[{'stable': {}, 'free': np.float64(-16456.810127138422)}]
------------------------------------------
  Seed: s-wave+px
F_onsite: (-2.501408637015363e-15+0j)
F_swave: (2.0678906063757786e-15+0j), F_dwave: (6.484710554525039e-21+0j)
F_px: -2.0480144916241606e-20j, F_py: 4.680314807330948e-20j
Free_energy = -16456.810127138422
------------------------------------------
[{'stable': {}, 'free': np.float64(-16456.810127138422)}]
------------------------------------------
  Seed: s-wave+py
F_onsite: (-2.501408637015363e-15+0j)
F_swave: (2.0678906063757786e-15+0j), F_dwave: (6.484710554525039e-21+0j)
F_px: -2.0480144916241606e-20j, F_py: 4.680314807330948e-20j
Free_energy = -16456.810127138422
------------------------------------------
[{'stable': {}, 'free': np.float64(-16456.810127138422)}]
------------------------------------------
====================================
mu=2.80, T=0.0910
====================================
  Seed: normal state
F_onsite: 0j
F_swave: 0j, F_dwave: 0j
F_px: 0j, F_py: 0j
Free_energy = -16457.748603136748
------------------------------------------
[{'stable': {}, 'free': np.float64(-16457.748603136748)}]
------------------------------------------
  Seed: px+i*py
F_onsite: (-5.187159297273874e-16+1.8277227572335172e-15j)
F_swave: (4.294934301238197e-16-1.513351338851433e-15j), F_dwave: (7.719964927826388e-21-2.16327071785891e-20j)
F_px: (-1.325332925355443e-19-4.055350871742142e-20j), F_py: (2.367861787741105e-20-1.1542078794516216e-20j)
Free_energy = -16457.748603136748
------------------------------------------
[{'stable': {}, 'free': np.float64(-16457.748603136748)}]
------------------------------------------
  Seed: s-wave
F_onsite: (-1.8027392493752406e-15+0j)
F_swave: (1.4921174427544376e-15+0j), F_dwave: (-8.805758202410244e-21+0j)
F_px: 9.89016908070782e-21j, F_py: 7.719654239122372e-20j
Free_energy = -16457.748603136748
------------------------------------------
[{'stable': {}, 'free': np.float64(-16457.748603136748)}]
------------------------------------------
  Seed: s-wave+px
F_onsite: (-1.8027392493752406e-15+0j)
F_swave: (1.4921174427544376e-15+0j), F_dwave: (-8.805758202410244e-21+0j)
F_px: 9.89016908070782e-21j, F_py: 7.719654239122372e-20j
Free_energy = -16457.748603136748
------------------------------------------
[{'stable': {}, 'free': np.float64(-16457.748603136748)}]
------------------------------------------
  Seed: s-wave+py
F_onsite: (-1.8027392493752406e-15+0j)
F_swave: (1.4921174427544376e-15+0j), F_dwave: (-8.805758202410244e-21+0j)
F_px: 9.89016908070782e-21j, F_py: 7.719654239122372e-20j
Free_energy = -16457.748603136748
------------------------------------------
[{'stable': {}, 'free': np.float64(-16457.748603136748)}]
------------------------------------------
====================================
mu=2.80, T=0.0940
====================================
  Seed: normal state
F_onsite: 0j
F_swave: 0j, F_dwave: 0j
F_px: 0j, F_py: 0j
Free_energy = -16458.718619290743
------------------------------------------
[{'stable': {}, 'free': np.float64(-16458.718619290743)}]
------------------------------------------
  Seed: px+i*py
F_onsite: (-3.6583545350946963e-16+1.2892120986141606e-15j)
F_swave: (3.0337004388139596e-16-1.0690654286957292e-15j), F_dwave: (1.636921288395512e-20-4.711611889131494e-20j)
F_px: (-1.112861297928881e-19-4.448278892521545e-20j), F_py: (1.840264166824141e-20+1.3013828811172307e-20j)
Free_energy = -16458.718619290747
------------------------------------------
[{'stable': {}, 'free': np.float64(-16458.718619290743)}]
------------------------------------------
  Seed: s-wave
F_onsite: (-1.2700629439310892e-15+0j)
F_swave: (1.053172546641375e-15+0j), F_dwave: (8.123236076956883e-21+0j)
F_px: 3.7112661667797085e-20j, F_py: 1.3684176024909142e-20j
Free_energy = -16458.71861929074
------------------------------------------
[{'stable': {}, 'free': np.float64(-16458.718619290743)}]
------------------------------------------
  Seed: s-wave+px
F_onsite: (-1.2700629439310892e-15+0j)
F_swave: (1.053172546641375e-15+0j), F_dwave: (8.123236076956883e-21+0j)
F_px: 3.7112661667797085e-20j, F_py: 1.3684176024909142e-20j
Free_energy = -16458.71861929074
------------------------------------------
[{'stable': {}, 'free': np.float64(-16458.718619290743)}]
------------------------------------------
  Seed: s-wave+py
F_onsite: (-1.2700629439310892e-15+0j)
F_swave: (1.053172546641375e-15+0j), F_dwave: (8.123236076956883e-21+0j)
F_px: 3.7112661667797085e-20j, F_py: 1.3684176024909142e-20j
Free_energy = -16458.71861929074
------------------------------------------
[{'stable': {}, 'free': np.float64(-16458.718619290743)}]
------------------------------------------
====================================
mu=2.80, T=0.0970
====================================
  Seed: normal state
F_onsite: 0j
F_swave: 0j, F_dwave: 0j
F_px: 0j, F_py: 0j
Free_energy = -16459.720182740504
------------------------------------------
[{'stable': {}, 'free': np.float64(-16459.720182740504)}]
------------------------------------------
  Seed: px+i*py
F_onsite: (-2.529596387938149e-16+8.914660953732884e-16j)
F_swave: (2.0973783577213669e-16-7.391621235700738e-16j), F_dwave: (5.3473617302402865e-21-8.810430470762567e-21j)
F_px: (-1.1506678236277282e-19-6.090073860171972e-20j), F_py: (5.921296742010494e-20-1.077583187776911e-20j)
Free_energy = -16459.7201827405
------------------------------------------
[{'stable': {}, 'free': np.float64(-16459.720182740504)}]
------------------------------------------
  Seed: s-wave
F_onsite: (-8.769105480635708e-16+0j)
F_swave: (7.268097438573897e-16+0j), F_dwave: (9.816954709274371e-21+0j)
F_px: 2.303092635511889e-20j, F_py: -3.607193997607322e-20j
Free_energy = -16459.720182740504
------------------------------------------
[{'stable': {}, 'free': np.float64(-16459.720182740504)}]
------------------------------------------
  Seed: s-wave+px
F_onsite: (-8.769105480635708e-16+0j)
F_swave: (7.268097438573897e-16+0j), F_dwave: (9.816954709274371e-21+0j)
F_px: 2.303092635511889e-20j, F_py: -3.607193997607322e-20j
Free_energy = -16459.720182740504
------------------------------------------
[{'stable': {}, 'free': np.float64(-16459.720182740504)}]
------------------------------------------
  Seed: s-wave+py
F_onsite: (-8.769105480635708e-16+0j)
F_swave: (7.268097438573897e-16+0j), F_dwave: (9.816954709274371e-21+0j)
F_px: 2.303092635511889e-20j, F_py: -3.607193997607322e-20j
Free_energy = -16459.720182740504
------------------------------------------
[{'stable': {}, 'free': np.float64(-16459.720182740504)}]
------------------------------------------
====================================
mu=2.80, T=0.1000
====================================
  Seed: normal state
F_onsite: 0j
F_swave: 0j, F_dwave: 0j
F_px: 0j, F_py: 0j
Free_energy = -16460.75330054757
------------------------------------------
[{'stable': {}, 'free': np.float64(-16460.75330054757)}]
------------------------------------------
  Seed: px+i*py
F_onsite: (-2.0805732682396828e-16+7.332790348869226e-16j)
F_swave: (1.7243266624164812e-16-6.077201249472557e-16j), F_dwave: (-6.102952051778849e-21+7.889691459819914e-21j)
F_px: (-6.107950610591938e-20-5.097901972918649e-20j), F_py: (-2.370398847887338e-20+2.364503459365381e-20j)
Free_energy = -16460.75330054757
------------------------------------------
[{'stable': {}, 'free': np.float64(-16460.75330054757)}]
------------------------------------------
  Seed: s-wave
F_onsite: (-7.208000289577482e-16+0j)
F_swave: (5.969647804707424e-16+0j), F_dwave: (8.48558117034642e-21+0j)
F_px: -5.496442244687811e-20j, F_py: 3.907617295137247e-20j
Free_energy = -16460.75330054757
------------------------------------------
[{'stable': {}, 'free': np.float64(-16460.75330054757)}]
------------------------------------------
  Seed: s-wave+px
F_onsite: (-7.208000289577482e-16+0j)
F_swave: (5.969647804707424e-16+0j), F_dwave: (8.48558117034642e-21+0j)
F_px: -5.496442244687811e-20j, F_py: 3.907617295137247e-20j
Free_energy = -16460.75330054757
------------------------------------------
[{'stable': {}, 'free': np.float64(-16460.75330054757)}]
------------------------------------------
  Seed: s-wave+py
F_onsite: (-7.208000289577482e-16+0j)
F_swave: (5.969647804707424e-16+0j), F_dwave: (8.48558117034642e-21+0j)
F_px: -5.496442244687811e-20j, F_py: 3.907617295137247e-20j
Free_energy = -16460.75330054757
------------------------------------------
[{'stable': {}, 'free': np.float64(-16460.75330054757)}]
------------------------------------------
