/home/emilssp/D1/venv/bin/python
Python 3.10.12
Running job 0 out of 25
====================================
mu=2.31, T=0.0010
====================================
  Seed: normal state
F_onsite: 0j
F_swave: 0j, F_dwave: 0j
F_px: 0j, F_py: 0j
Free_energy = -14377.023911288685
------------------------------------------
[{'stable': {}, 'free': np.float64(-14377.023911288685)}]
------------------------------------------
  Seed: px+i*py
F_onsite: (-3.954400313431895e-16+5.270323436413186e-16j)
F_swave: (2.71156915239428e-16-3.5323306779577734e-16j), F_dwave: (-1.4417840794860528e-17-1.5829351718288365e-17j)
F_px: (0.006918919033053556+5.41021119235003e-18j), F_py: (-2.7526916424539655e-18+0.00691891903305353j)
Free_energy = -14378.694825385723
------------------------------------------
[{'stable': {'F_px': np.complex128(0.006918919033053556+5.41021119235003e-18j), 'F_py': np.complex128(-2.7526916424539655e-18+0.00691891903305353j)}, 'free': np.float64(-14378.694825385723)}]
------------------------------------------
  Seed: s-wave
F_onsite: (-0.01674955726368422+0j)
F_swave: (0.011752407336885241+0j), F_dwave: (-3.8163916471489756e-17+0j)
F_px: 8.050412888941684e-18j, F_py: 1.1353894322792659e-17j
Free_energy = -14382.0085334548
------------------------------------------
[{'stable': {'F_onsite': np.complex128(-0.01674955726368422+0j), 'F_swave': np.complex128(0.011752407336885241+0j)}, 'free': np.float64(-14382.0085334548)}]
------------------------------------------
  Seed: s-wave+px
F_onsite: (-0.01674551530380172-3.032575861886767e-17j)
F_swave: (0.011749425751592948+2.2130879799166334e-17j), F_dwave: (3.5479373562338767e-10+8.378479337325115e-19j)
F_px: (1.0589634743033392e-05+1.1909018540599446e-17j), F_py: (8.673617379884035e-19+1.1567240746382336e-17j)
Free_energy = -14382.005637276856
------------------------------------------
[{'stable': {'F_onsite': np.complex128(-0.01674955726368422+0j), 'F_swave': np.complex128(0.011752407336885241+0j)}, 'free': np.float64(-14382.0085334548)}]
------------------------------------------
  Seed: s-wave+py
F_onsite: (-0.016745515303801625-6.7424014920934726e-18j)
F_swave: (0.01174942575159291+4.616461911433945e-18j), F_dwave: (-3.5479371480670596e-10-2.0977300334344782e-19j)
F_px: (4.336808689942018e-18+1.5612723042028077e-17j), F_py: (1.0589634743005637e-05+1.2189121748344602e-17j)
Free_energy = -14382.0056372769
------------------------------------------
[{'stable': {'F_onsite': np.complex128(-0.01674955726368422+0j), 'F_swave': np.complex128(0.011752407336885241+0j)}, 'free': np.float64(-14382.0085334548)}]
------------------------------------------
====================================
mu=2.31, T=0.0040
====================================
  Seed: normal state
F_onsite: 0j
F_swave: 0j, F_dwave: 0j
F_px: 0j, F_py: 0j
Free_energy = -14377.024666100218
------------------------------------------
[{'stable': {}, 'free': np.float64(-14377.024666100218)}]
------------------------------------------
  Seed: px+i*py
F_onsite: (-4.748569272703564e-16+6.57361769519761e-16j)
F_swave: (3.298434110102074e-16-4.510281037539698e-16j), F_dwave: (-1.6725823596393734e-17-1.6046192152785466e-17j)
F_px: (0.006912679888108669+6.690925008598532e-18j), F_py: (-3.2421774242934447e-18+0.006912679888108664j)
Free_energy = -14378.692009016882
------------------------------------------
[{'stable': {'F_px': np.complex128(0.006912679888108669+6.690925008598532e-18j), 'F_py': np.complex128(-3.2421774242934447e-18+0.006912679888108664j)}, 'free': np.float64(-14378.692009016882)}]
------------------------------------------
  Seed: s-wave
F_onsite: (-0.01674814126815071+0j)
F_swave: (0.011751369785974748+0j), F_dwave: (8.673617379884035e-18+0j)
F_px: 7.648866332383942e-18j, F_py: 1.1825956372209321e-17j
Free_energy = -14382.00755059805
------------------------------------------
[{'stable': {'F_onsite': np.complex128(-0.01674814126815071+0j), 'F_swave': np.complex128(0.011751369785974748+0j)}, 'free': np.float64(-14382.00755059805)}]
------------------------------------------
  Seed: s-wave+px
F_onsite: (-0.016745450448106866-3.018187223152469e-17j)
F_swave: (0.011749384906745104+2.4581372585352626e-17j), F_dwave: (2.5203435866094637e-10+3.3059431233539325e-18j)
F_px: (8.9256281386417e-06+1.9413439285696928e-17j), F_py: (-1.734723475976807e-18+1.1212201592584775e-17j)
Free_energy = -14382.00562284774
------------------------------------------
[{'stable': {'F_onsite': np.complex128(-0.01674814126815071+0j), 'F_swave': np.complex128(0.011751369785974748+0j)}, 'free': np.float64(-14382.00755059805)}]
------------------------------------------
  Seed: s-wave+py
F_onsite: (-0.016745450448106925-8.361720244524485e-18j)
F_swave: (0.011749384906745087+7.0538918613868e-18j), F_dwave: (-2.5203433957898813e-10+1.8557036036463627e-18j)
F_px: (3.469446951953614e-18+1.5095265320594505e-17j), F_py: (8.92562813867813e-06+1.2074137025754831e-17j)
Free_energy = -14382.00562284772
------------------------------------------
[{'stable': {'F_onsite': np.complex128(-0.01674814126815071+0j), 'F_swave': np.complex128(0.011751369785974748+0j)}, 'free': np.float64(-14382.00755059805)}]
------------------------------------------
====================================
mu=2.31, T=0.0070
====================================
  Seed: normal state
F_onsite: 0j
F_swave: 0j, F_dwave: 0j
F_px: 0j, F_py: 0j
Free_energy = -14377.0404547388
------------------------------------------
[{'stable': {}, 'free': np.float64(-14377.0404547388)}]
------------------------------------------
  Seed: px+i*py
F_onsite: (-1.7135348541570122e-15+2.2124061978034325e-15j)
F_swave: (1.1921761026325254e-15-1.5350134358049772e-15j), F_dwave: (-5.2029098046768905e-17-6.353424730765056e-17j)
F_px: (0.006698779967822619-1.802437142664888e-17j), F_py: (1.0760759501477835e-18+0.006698779967822562j)
Free_energy = -14378.599064540027
------------------------------------------
[{'stable': {'F_px': np.complex128(0.006698779967822619-1.802437142664888e-17j), 'F_py': np.complex128(1.0760759501477835e-18+0.006698779967822562j)}, 'free': np.float64(-14378.599064540027)}]
------------------------------------------
  Seed: s-wave
F_onsite: (-0.016715769872590498+0j)
F_swave: (0.011728722461262968+0j), F_dwave: (-1.474514954580286e-17+0j)
F_px: 1.1486931435070787e-17j, F_py: 1.1205398859227139e-17j
Free_energy = -14381.990441452448
------------------------------------------
[{'stable': {'F_onsite': np.complex128(-0.016715769872590498+0j), 'F_swave': np.complex128(0.011728722461262968+0j)}, 'free': np.float64(-14381.990441452448)}]
------------------------------------------
  Seed: s-wave+px
F_onsite: (-0.016715474977833808-2.9093392908424476e-17j)
F_swave: (0.011728505093183477+2.0216294170795996e-17j), F_dwave: (3.795599555142526e-11+2.234049398383217e-19j)
F_px: (3.4801643917625052e-06+8.287687993291295e-18j), F_py: (-2.6020852139652106e-18+1.100729902868804e-17j)
Free_energy = -14381.990231343421
------------------------------------------
[{'stable': {'F_onsite': np.complex128(-0.016715769872590498+0j), 'F_swave': np.complex128(0.011728722461262968+0j)}, 'free': np.float64(-14381.990441452448)}]
------------------------------------------
  Seed: s-wave+py
F_onsite: (-0.016715474977833777-3.7721196211535666e-18j)
F_swave: (0.011728505093183478+2.487391658951058e-18j), F_dwave: (-3.795598297468006e-11-7.511594055369542e-19j)
F_px: (-4.336808689942018e-18+8.210475646193145e-18j), F_py: (3.4801643917555664e-06+1.2298150770523992e-17j)
Free_energy = -14381.99023134342
------------------------------------------
[{'stable': {'F_onsite': np.complex128(-0.016715769872590498+0j), 'F_swave': np.complex128(0.011728722461262968+0j)}, 'free': np.float64(-14381.990441452448)}]
------------------------------------------
====================================
mu=2.31, T=0.0100
====================================
  Seed: normal state
F_onsite: 0j
F_swave: 0j, F_dwave: 0j
F_px: 0j, F_py: 0j
Free_energy = -14377.094854095449
------------------------------------------
[{'stable': {}, 'free': np.float64(-14377.094854095449)}]
------------------------------------------
  Seed: px+i*py
F_onsite: (-0.010243429898514783+0.01287675419483292j)
F_swave: (0.007187419861231399-0.009035122001621331j), F_dwave: (-8.525013355832611e-11+1.0715394457155858e-10j)
F_px: (5.330987820555393e-06-6.701393971185986e-06j), F_py: (-6.792196586977422e-06+8.538340944353254e-06j)
Free_energy = -14381.853949509528
------------------------------------------
[{'stable': {'F_onsite': np.complex128(-0.010243429898514783+0.01287675419483292j), 'F_swave': np.complex128(0.007187419861231399-0.009035122001621331j)}, 'free': np.float64(-14381.853949509528)}]
------------------------------------------
  Seed: s-wave
F_onsite: (-0.01645903762760211+0j)
F_swave: (0.011548831901119348+0j), F_dwave: (-7.806255641895632e-18+0j)
F_px: 1.3940203548115258e-17j, F_py: 1.1470467232158532e-17j
Free_energy = -14381.857325927107
------------------------------------------
[{'stable': {'F_onsite': np.complex128(-0.010243429898514783+0.01287675419483292j), 'F_swave': np.complex128(0.007187419861231399-0.009035122001621331j)}, 'free': np.float64(-14381.853949509528)}, {'stable': {'F_onsite': np.complex128(-0.01645903762760211+0j), 'F_swave': np.complex128(0.011548831901119348+0j)}, 'free': np.float64(-14381.857325927107)}]
------------------------------------------
  Seed: s-wave+px
F_onsite: (-0.016459031941454243-2.634057644409296e-17j)
F_swave: (0.011548827726054065+1.747169566345525e-17j), F_dwave: (9.728190475399856e-13-1.5922631221604745e-18j)
F_px: (5.698629233089406e-07+1.401543066174328e-17j), F_py: (6.938893903907228e-18+1.2614279348307058e-17j)
Free_energy = -14381.857322010303
------------------------------------------
[{'stable': {'F_onsite': np.complex128(-0.010243429898514783+0.01287675419483292j), 'F_swave': np.complex128(0.007187419861231399-0.009035122001621331j)}, 'free': np.float64(-14381.853949509528)}, {'stable': {'F_onsite': np.complex128(-0.01645903762760211+0j), 'F_swave': np.complex128(0.011548831901119348+0j)}, 'free': np.float64(-14381.857325927107)}]
------------------------------------------
  Seed: s-wave+py
F_onsite: (-0.01645903194145428+3.117828616503964e-19j)
F_swave: (0.011548827726054069+1.0639263213106046e-18j), F_dwave: (-9.728485378390772e-13+1.5129331926941889e-18j)
F_px: (5.204170427930421e-18+1.1516498178885883e-17j), F_py: (5.698629233427677e-07+1.1533597656508579e-17j)
Free_energy = -14381.857322010294
------------------------------------------
[{'stable': {'F_onsite': np.complex128(-0.010243429898514783+0.01287675419483292j), 'F_swave': np.complex128(0.007187419861231399-0.009035122001621331j)}, 'free': np.float64(-14381.853949509528)}, {'stable': {'F_onsite': np.complex128(-0.01645903762760211+0j), 'F_swave': np.complex128(0.011548831901119348+0j)}, 'free': np.float64(-14381.857325927107)}]
------------------------------------------
====================================
mu=2.31, T=0.0130
====================================
  Seed: normal state
F_onsite: 0j
F_swave: 0j, F_dwave: 0j
F_px: 0j, F_py: 0j
Free_energy = -14377.195554394379
------------------------------------------
[{'stable': {}, 'free': np.float64(-14377.195554394379)}]
------------------------------------------
  Seed: px+i*py
F_onsite: (-0.009793514760813726+0.012311177362257772j)
F_swave: (0.006872157031185236-0.008638813147117617j), F_dwave: (-4.231495796119811e-13+5.319273667370172e-13j)
F_px: (3.930585118720048e-07-4.941037748508806e-07j), F_py: (-5.007988043083562e-07+6.295414270171898e-07j)
Free_energy = -14381.498428168192
------------------------------------------
[{'stable': {'F_onsite': np.complex128(-0.009793514760813726+0.012311177362257772j), 'F_swave': np.complex128(0.006872157031185236-0.008638813147117617j)}, 'free': np.float64(-14381.498428168192)}]
------------------------------------------
  Seed: s-wave
F_onsite: (-0.015731472223312497+0j)
F_swave: (0.011038851749729888+0j), F_dwave: (-1.214306433183765e-17+0j)
F_px: 4.3952539633025645e-18j, F_py: 1.3799807837107858e-17j
Free_energy = -14381.498452405047
------------------------------------------
[{'stable': {'F_onsite': np.complex128(-0.009793514760813726+0.012311177362257772j), 'F_swave': np.complex128(0.006872157031185236-0.008638813147117617j)}, 'free': np.float64(-14381.498428168192)}, {'stable': {'F_onsite': np.complex128(-0.015731472223312497+0j), 'F_swave': np.complex128(0.011038851749729888+0j)}, 'free': np.float64(-14381.498452405047)}]
------------------------------------------
  Seed: s-wave+px
F_onsite: (-0.015731472179013474-1.7480541803031866e-17j)
F_swave: (0.011038851717446292+1.3773827748428792e-17j), F_dwave: (4.83250592320239e-15+9.106927671963813e-20j)
F_px: (4.200457400654889e-08+1.1751443942630544e-17j), F_py: (4.336808689942018e-18+1.352483976660543e-17j)
Free_energy = -14381.49845237683
------------------------------------------
[{'stable': {'F_onsite': np.complex128(-0.009793514760813726+0.012311177362257772j), 'F_swave': np.complex128(0.006872157031185236-0.008638813147117617j)}, 'free': np.float64(-14381.498428168192)}, {'stable': {'F_onsite': np.complex128(-0.015731472223312497+0j), 'F_swave': np.complex128(0.011038851749729888+0j)}, 'free': np.float64(-14381.498452405047)}]
------------------------------------------
  Seed: s-wave+py
F_onsite: (-0.015731472179013432-1.1145090619424913e-17j)
F_swave: (0.011038851717446268+8.396161150099049e-18j), F_dwave: (-4.828169114512448e-15+1.9525432923191708e-18j)
F_px: (4.336808689942018e-18+6.236835939531422e-18j), F_py: (4.200457399700791e-08+1.4044838586880766e-17j)
Free_energy = -14381.49845237683
------------------------------------------
[{'stable': {'F_onsite': np.complex128(-0.009793514760813726+0.012311177362257772j), 'F_swave': np.complex128(0.006872157031185236-0.008638813147117617j)}, 'free': np.float64(-14381.498428168192)}, {'stable': {'F_onsite': np.complex128(-0.015731472223312497+0j), 'F_swave': np.complex128(0.011038851749729888+0j)}, 'free': np.float64(-14381.498452405047)}]
------------------------------------------
====================================
mu=2.31, T=0.0160
====================================
  Seed: normal state
F_onsite: 0j
F_swave: 0j, F_dwave: 0j
F_px: 0j, F_py: 0j
Free_energy = -14377.340953735338
------------------------------------------
[{'stable': {}, 'free': np.float64(-14377.340953735338)}]
------------------------------------------
  Seed: px+i*py
F_onsite: (-0.008910893538194768+0.011201656757986836j)
F_swave: (0.00625332017121905-0.007860889130315176j), F_dwave: (-2.0166160408230382e-16+2.3592239273284576e-16j)
F_px: (9.069882581525662e-09-1.1401517802794858e-08j), F_py: (-1.1556006622101545e-08+1.4526760879277067e-08j)
Free_energy = -14380.858865512153
------------------------------------------
[{'stable': {'F_onsite': np.complex128(-0.008910893538194768+0.011201656757986836j), 'F_swave': np.complex128(0.00625332017121905-0.007860889130315176j)}, 'free': np.float64(-14380.858865512153)}]
------------------------------------------
  Seed: s-wave
F_onsite: (-0.01431366978651891+0j)
F_swave: (0.010044779420529948+0j), F_dwave: (2.2551405187698492e-17+0j)
F_px: 1.39470856908117e-17j, F_py: 1.6206546077612545e-17j
Free_energy = -14380.858865608243
------------------------------------------
[{'stable': {'F_onsite': np.complex128(-0.008910893538194768+0.011201656757986836j), 'F_swave': np.complex128(0.00625332017121905-0.007860889130315176j)}, 'free': np.float64(-14380.858865512153)}, {'stable': {'F_onsite': np.complex128(-0.01431366978651891+0j), 'F_swave': np.complex128(0.010044779420529948+0j)}, 'free': np.float64(-14380.858865608243)}]
------------------------------------------
  Seed: s-wave+px
F_onsite: (-0.014313669786316341-2.0532144997844012e-17j)
F_swave: (0.010044779420383792+1.5819637309174542e-17j), F_dwave: (-1.1709383462843448e-17-6.037227331555026e-19j)
F_px: (9.692595007854132e-10+2.313540793505073e-17j), F_py: (-2.6020852139652106e-18+1.695100862891027e-17j)
Free_energy = -14380.858865608152
------------------------------------------
[{'stable': {'F_onsite': np.complex128(-0.008910893538194768+0.011201656757986836j), 'F_swave': np.complex128(0.00625332017121905-0.007860889130315176j)}, 'free': np.float64(-14380.858865512153)}, {'stable': {'F_onsite': np.complex128(-0.01431366978651891+0j), 'F_swave': np.complex128(0.010044779420529948+0j)}, 'free': np.float64(-14380.858865608243)}]
------------------------------------------
  Seed: s-wave+py
F_onsite: (-0.014313669786316346-4.721403052548105e-18j)
F_swave: (0.010044779420383785+4.2623359650326435e-18j), F_dwave: (4.597017211338539e-17+7.968330102396822e-19j)
F_px: (-8.673617379884035e-19+1.5327537636599395e-17j), F_py: (9.69259478234008e-10+1.7188813128851915e-17j)
Free_energy = -14380.85886560815
------------------------------------------
[{'stable': {'F_onsite': np.complex128(-0.008910893538194768+0.011201656757986836j), 'F_swave': np.complex128(0.00625332017121905-0.007860889130315176j)}, 'free': np.float64(-14380.858865512153)}, {'stable': {'F_onsite': np.complex128(-0.01431366978651891+0j), 'F_swave': np.complex128(0.010044779420529948+0j)}, 'free': np.float64(-14380.858865608243)}]
------------------------------------------
====================================
mu=2.31, T=0.0190
====================================
  Seed: normal state
F_onsite: 0j
F_swave: 0j, F_dwave: 0j
F_px: 0j, F_py: 0j
Free_energy = -14377.527893479028
------------------------------------------
[{'stable': {}, 'free': np.float64(-14377.527893479028)}]
------------------------------------------
  Seed: px+i*py
F_onsite: (-0.007393944697791439+0.009294739100763191j)
F_swave: (0.0051893879755339385-0.006523447130952045j), F_dwave: (8.890457814381136e-18+1.1275702593849246e-17j)
F_px: (2.4375452611219428e-11-3.064170228314622e-11j), F_py: (-3.105688666307782e-11+3.904084087263948e-11j)
Free_energy = -14379.919156568174
------------------------------------------
[{'stable': {'F_onsite': np.complex128(-0.007393944697791439+0.009294739100763191j), 'F_swave': np.complex128(0.0051893879755339385-0.006523447130952045j)}, 'free': np.float64(-14379.919156568174)}]
------------------------------------------
  Seed: s-wave
F_onsite: (-0.011876977442182015+0j)
F_swave: (0.008335772911936932+0j), F_dwave: (-1.734723475976807e-18+0j)
F_px: 1.6941055991780032e-17j, F_py: 2.353348695048065e-17j
Free_energy = -14379.919156568474
------------------------------------------
[{'stable': {'F_onsite': np.complex128(-0.007393944697791439+0.009294739100763191j), 'F_swave': np.complex128(0.0051893879755339385-0.006523447130952045j)}, 'free': np.float64(-14379.919156568174)}, {'stable': {'F_onsite': np.complex128(-0.011876977442182015+0j), 'F_swave': np.complex128(0.008335772911936932+0j)}, 'free': np.float64(-14379.919156568474)}]
------------------------------------------
  Seed: s-wave+px
F_onsite: (-0.011876977442181207+4.231838513370342e-18j)
F_swave: (0.008335772911936424-4.1190881352731604e-18j), F_dwave: (-6.938893903907228e-18-1.0765921108500166e-19j)
F_px: (2.6049223542101707e-12+2.2320456360673687e-17j), F_py: (-5.204170427930421e-18+2.3751320001712815e-17j)
Free_energy = -14379.919156568474
------------------------------------------
[{'stable': {'F_onsite': np.complex128(-0.007393944697791439+0.009294739100763191j), 'F_swave': np.complex128(0.0051893879755339385-0.006523447130952045j)}, 'free': np.float64(-14379.919156568174)}, {'stable': {'F_onsite': np.complex128(-0.011876977442182015+0j), 'F_swave': np.complex128(0.008335772911936932+0j)}, 'free': np.float64(-14379.919156568474)}]
------------------------------------------
  Seed: s-wave+py
F_onsite: (-0.011876977442181228-2.8909117809645553e-18j)
F_swave: (0.008335772911936434+3.0124462071303175e-18j), F_dwave: (2.168404344971009e-17+1.12344362074502e-18j)
F_px: (-6.071532165918825e-18+2.2809789941280456e-17j), F_py: (2.604895465996293e-12+2.3260437938999346e-17j)
Free_energy = -14379.919156568474
------------------------------------------
[{'stable': {'F_onsite': np.complex128(-0.007393944697791439+0.009294739100763191j), 'F_swave': np.complex128(0.0051893879755339385-0.006523447130952045j)}, 'free': np.float64(-14379.919156568174)}, {'stable': {'F_onsite': np.complex128(-0.011876977442182015+0j), 'F_swave': np.complex128(0.008335772911936932+0j)}, 'free': np.float64(-14379.919156568474)}]
------------------------------------------
====================================
mu=2.31, T=0.0220
====================================
  Seed: normal state
F_onsite: 0j
F_swave: 0j, F_dwave: 0j
F_px: 0j, F_py: 0j
Free_energy = -14377.753839372837
------------------------------------------
[{'stable': {}, 'free': np.float64(-14377.753839372837)}]
------------------------------------------
  Seed: px+i*py
F_onsite: (-0.004618264081412136+0.005805501865326835j)
F_swave: (0.0032417936254222615-0.004075175998519089j), F_dwave: (-8.456776945386935e-18-5.204170427930421e-18j)
F_px: (6.787105599759258e-17-1.691355389077387e-17j), F_py: (-8.673617379884035e-19+6.331740687315346e-17j)
Free_energy = -14378.675117953446
------------------------------------------
[{'stable': {'F_onsite': np.complex128(-0.004618264081412136+0.005805501865326835j), 'F_swave': np.complex128(0.0032417936254222615-0.004075175998519089j)}, 'free': np.float64(-14378.675117953446)}]
------------------------------------------
  Seed: s-wave
F_onsite: (-0.007418370106298315+0j)
F_swave: (0.005207329961578853+0j), F_dwave: (8.673617379884035e-18+0j)
F_px: 3.097358613114601e-17j, F_py: 3.5816576416411276e-17j
Free_energy = -14378.675117953451
------------------------------------------
[{'stable': {'F_onsite': np.complex128(-0.004618264081412136+0.005805501865326835j), 'F_swave': np.complex128(0.0032417936254222615-0.004075175998519089j)}, 'free': np.float64(-14378.675117953446)}, {'stable': {'F_onsite': np.complex128(-0.007418370106298315+0j), 'F_swave': np.complex128(0.005207329961578853+0j)}, 'free': np.float64(-14378.675117953451)}]
------------------------------------------
  Seed: s-wave+px
F_onsite: (-0.007418370106298313-2.646943716843597e-18j)
F_swave: (0.0052073299615788505+2.1636265497529026e-18j), F_dwave: (7.15573433840433e-18+2.6305666968166365e-19j)
F_px: (3.469446951953614e-18+3.17065740329864e-17j), F_py: (-3.903127820947816e-18+3.567719979191854e-17j)
Free_energy = -14378.675117953453
------------------------------------------
[{'stable': {'F_onsite': np.complex128(-0.004618264081412136+0.005805501865326835j), 'F_swave': np.complex128(0.0032417936254222615-0.004075175998519089j)}, 'free': np.float64(-14378.675117953446)}, {'stable': {'F_onsite': np.complex128(-0.007418370106298315+0j), 'F_swave': np.complex128(0.005207329961578853+0j)}, 'free': np.float64(-14378.675117953451)}]
------------------------------------------
  Seed: s-wave+py
F_onsite: (-0.007418370106298285+3.109555829520518e-18j)
F_swave: (0.0052073299615788314-2.6571026508673376e-18j), F_dwave: (9.75781955236954e-18-4.434482176672279e-19j)
F_px: (-2.6020852139652106e-18+3.539323199635154e-17j), F_py: (3.903127820947816e-18+3.584006834580778e-17j)
Free_energy = -14378.675117953453
------------------------------------------
[{'stable': {'F_onsite': np.complex128(-0.004618264081412136+0.005805501865326835j), 'F_swave': np.complex128(0.0032417936254222615-0.004075175998519089j)}, 'free': np.float64(-14378.675117953446)}, {'stable': {'F_onsite': np.complex128(-0.007418370106298315+0j), 'F_swave': np.complex128(0.005207329961578853+0j)}, 'free': np.float64(-14378.675117953451)}]
------------------------------------------
====================================
mu=2.31, T=0.0250
====================================
  Seed: normal state
F_onsite: 0j
F_swave: 0j, F_dwave: 0j
F_px: 0j, F_py: 0j
Free_energy = -14378.017075078615
------------------------------------------
[{'stable': {}, 'free': np.float64(-14378.017075078615)}]
------------------------------------------
  Seed: px+i*py
F_onsite: (-5.03995754205091e-14+6.335654251692799e-14j)
F_swave: (3.5471375510672797e-14-4.459054413106525e-14j), F_dwave: (3.5155279150245763e-20-2.919617567122721e-20j)
F_px: (6.539242413412302e-20-1.4231320007541506e-19j), F_py: (1.0583078686812147e-19+7.665226134907024e-20j)
Free_energy = -14378.017075078613
------------------------------------------
[{'stable': {}, 'free': np.float64(-14378.017075078615)}]
------------------------------------------
  Seed: s-wave
F_onsite: (-7.808746394158672e-14+0j)
F_swave: (5.4958181302634116e-14+0j), F_dwave: (5.888340492763627e-21+0j)
F_px: 5.604328068056688e-20j, F_py: 4.0107324858596614e-19j
Free_energy = -14378.017075078615
------------------------------------------
[{'stable': {}, 'free': np.float64(-14378.017075078615)}]
------------------------------------------
  Seed: s-wave+px
F_onsite: (-7.808767758389714e-14+0j)
F_swave: (5.4958339630755676e-14+0j), F_dwave: (4.498741441035294e-21+0j)
F_px: 1.7999641099978185e-19j, F_py: -1.0383223479265439e-19j
Free_energy = -14378.017075078615
------------------------------------------
[{'stable': {}, 'free': np.float64(-14378.017075078615)}]
------------------------------------------
  Seed: s-wave+py
F_onsite: (-7.808650896601909e-14+0j)
F_swave: (5.495751777718383e-14+0j), F_dwave: (2.5698225115134178e-20+0j)
F_px: 5.018264985343909e-20j, F_py: -1.1656522663380867e-19j
Free_energy = -14378.017075078615
------------------------------------------
[{'stable': {}, 'free': np.float64(-14378.017075078615)}]
------------------------------------------
====================================
mu=2.31, T=0.0280
====================================
  Seed: normal state
F_onsite: 0j
F_swave: 0j, F_dwave: 0j
F_px: 0j, F_py: 0j
Free_energy = -14378.316493304144
------------------------------------------
[{'stable': {}, 'free': np.float64(-14378.316493304144)}]
------------------------------------------
  Seed: px+i*py
F_onsite: (-1.7053665635950613e-14+2.1438072822350286e-14j)
F_swave: (1.2065432203702588e-14-1.5167385807627213e-14j), F_dwave: (5.9688923293514185e-21+1.886055592423927e-20j)
F_px: (2.0265374746775528e-19+1.5077459962515602e-19j), F_py: (-2.3004183569313e-19+2.2185898034471428e-20j)
Free_energy = -14378.316493304146
------------------------------------------
[{'stable': {}, 'free': np.float64(-14378.316493304144)}]
------------------------------------------
  Seed: s-wave
F_onsite: (-2.733774065982992e-14+0j)
F_swave: (1.9341280052898254e-14+0j), F_dwave: (-8.516117417572612e-21+0j)
F_px: -1.0609710687508698e-19j, F_py: -3.3860824023732234e-20j
Free_energy = -14378.316493304144
------------------------------------------
[{'stable': {}, 'free': np.float64(-14378.316493304144)}]
------------------------------------------
  Seed: s-wave+px
F_onsite: (-2.7336606706754138e-14+0j)
F_swave: (1.9340489767725867e-14+0j), F_dwave: (-5.65601876219609e-20+0j)
F_px: -2.095702422802847e-20j, F_py: -3.9553263085630055e-20j
Free_energy = -14378.316493304144
------------------------------------------
[{'stable': {}, 'free': np.float64(-14378.316493304144)}]
------------------------------------------
  Seed: s-wave+py
F_onsite: (-2.7337008823138514e-14+0j)
F_swave: (1.9340752686424158e-14+0j), F_dwave: (2.7286553218822605e-20+0j)
F_px: 1.2124511882215446e-19j, F_py: 6.888274699456516e-21j
Free_energy = -14378.316493304144
------------------------------------------
[{'stable': {}, 'free': np.float64(-14378.316493304144)}]
------------------------------------------
====================================
mu=2.31, T=0.0310
====================================
  Seed: normal state
F_onsite: 0j
F_swave: 0j, F_dwave: 0j
F_px: 0j, F_py: 0j
Free_energy = -14378.65138794848
------------------------------------------
[{'stable': {}, 'free': np.float64(-14378.65138794848)}]
------------------------------------------
  Seed: px+i*py
F_onsite: (-1.0225661665829615e-14+1.2855144726106579e-14j)
F_swave: (7.270545863295141e-15-9.140136904180401e-15j), F_dwave: (-1.3427042458651898e-20+4.5452826421275964e-21j)
F_px: (6.50843663901913e-21+7.623504475965295e-20j), F_py: (-3.0927017060490916e-20+1.1017692874665494e-19j)
Free_energy = -14378.65138794848
------------------------------------------
[{'stable': {}, 'free': np.float64(-14378.65138794848)}]
------------------------------------------
  Seed: s-wave
F_onsite: (-1.6385221719742442e-14+0j)
F_swave: (1.1650059602470698e-14+0j), F_dwave: (2.4643386192832358e-20+0j)
F_px: 5.152230817213874e-20j, F_py: -4.535961041123675e-20j
Free_energy = -14378.65138794848
------------------------------------------
[{'stable': {}, 'free': np.float64(-14378.65138794848)}]
------------------------------------------
  Seed: s-wave+px
F_onsite: (-1.6384408841128273e-14+0j)
F_swave: (1.164945660053661e-14+0j), F_dwave: (-1.2677799719502009e-20+0j)
F_px: 1.048324357197908e-19j, F_py: 1.1766617327501263e-19j
Free_energy = -14378.65138794848
------------------------------------------
[{'stable': {}, 'free': np.float64(-14378.65138794848)}]
------------------------------------------
  Seed: s-wave+py
F_onsite: (-1.6384561637499138e-14+0j)
F_swave: (1.1649597090233633e-14+0j), F_dwave: (-1.628192262306663e-20+0j)
F_px: 2.778432803445508e-20j, F_py: -1.8644828793539563e-19j
Free_energy = -14378.65138794848
------------------------------------------
[{'stable': {}, 'free': np.float64(-14378.65138794848)}]
------------------------------------------
====================================
mu=2.31, T=0.0340
====================================
  Seed: normal state
F_onsite: 0j
F_swave: 0j, F_dwave: 0j
F_px: 0j, F_py: 0j
Free_energy = -14379.02130908796
------------------------------------------
[{'stable': {}, 'free': np.float64(-14379.02130908796)}]
------------------------------------------
  Seed: px+i*py
F_onsite: (-7.499437519484445e-15+9.428208132487245e-15j)
F_swave: (5.3575812083172125e-15-6.7354870280606855e-15j), F_dwave: (-7.386932924036075e-21+2.0933728934630968e-20j)
F_px: (-8.103524021801068e-20+1.0256685324930326e-20j), F_py: (5.7136664682649725e-21+1.6807052220275947e-19j)
Free_energy = -14379.02130908796
------------------------------------------
[{'stable': {}, 'free': np.float64(-14379.02130908796)}]
------------------------------------------
  Seed: s-wave
F_onsite: (-1.201284225588101e-14+0j)
F_swave: (8.581872300740129e-15+0j), F_dwave: (1.8754050020344545e-20+0j)
F_px: 1.0883496996720937e-19j, F_py: -1.8299128792447593e-19j
Free_energy = -14379.02130908796
------------------------------------------
[{'stable': {}, 'free': np.float64(-14379.02130908796)}]
------------------------------------------
  Seed: s-wave+px
F_onsite: (-1.2012524397599323e-14+0j)
F_swave: (8.581661288923224e-15+0j), F_dwave: (-1.4148258007191376e-20+0j)
F_px: 1.402757498150564e-19j, F_py: 2.3749691044361318e-21j
Free_energy = -14379.02130908796
------------------------------------------
[{'stable': {}, 'free': np.float64(-14379.02130908796)}]
------------------------------------------
  Seed: s-wave+py
F_onsite: (-1.201267685651648e-14+0j)
F_swave: (8.58177707705187e-15+0j), F_dwave: (1.36818751672404e-20+0j)
F_px: -1.6995522074040927e-19j, F_py: -7.618640828290463e-21j
Free_energy = -14379.02130908796
------------------------------------------
[{'stable': {}, 'free': np.float64(-14379.02130908796)}]
------------------------------------------
====================================
mu=2.31, T=0.0370
====================================
  Seed: normal state
F_onsite: 0j
F_swave: 0j, F_dwave: 0j
F_px: 0j, F_py: 0j
Free_energy = -14379.425970079383
------------------------------------------
[{'stable': {}, 'free': np.float64(-14379.425970079383)}]
------------------------------------------
  Seed: px+i*py
F_onsite: (-6.17219209475566e-15+7.759509383058197e-15j)
F_swave: (4.429534650575282e-15-5.56871642325441e-15j), F_dwave: (-2.9839178651191284e-21+1.980005296509231e-20j)
F_px: (-1.0990388027853787e-19+8.613997750708304e-20j), F_py: (1.1048577048224795e-19+1.9857796636721402e-19j)
Free_energy = -14379.425970079383
------------------------------------------
[{'stable': {}, 'free': np.float64(-14379.425970079383)}]
------------------------------------------
  Seed: s-wave
F_onsite: (-9.885223984399104e-15+0j)
F_swave: (7.094199328681454e-15+0j), F_dwave: (-4.919962471423214e-21+0j)
F_px: 1.0531490666032859e-19j, F_py: -1.8545904230009452e-19j
Free_energy = -14379.425970079383
------------------------------------------
[{'stable': {}, 'free': np.float64(-14379.425970079383)}]
------------------------------------------
  Seed: s-wave+px
F_onsite: (-9.884666157923739e-15+0j)
F_swave: (7.093800049158186e-15+0j), F_dwave: (-2.726369149888591e-20+0j)
F_px: 6.760544574123592e-20j, F_py: 1.1032037859860773e-19j
Free_energy = -14379.425970079383
------------------------------------------
[{'stable': {}, 'free': np.float64(-14379.425970079383)}]
------------------------------------------
  Seed: s-wave+py
F_onsite: (-9.8847887198453e-15+0j)
F_swave: (7.0938833443076714e-15+0j), F_dwave: (1.1761250465479791e-20+0j)
F_px: 2.97937482301901e-20j, F_py: 3.805304267196919e-20j
Free_energy = -14379.425970079383
------------------------------------------
[{'stable': {}, 'free': np.float64(-14379.425970079383)}]
------------------------------------------
====================================
mu=2.31, T=0.0400
====================================
  Seed: normal state
F_onsite: 0j
F_swave: 0j, F_dwave: 0j
F_px: 0j, F_py: 0j
Free_energy = -14379.865189096801
------------------------------------------
[{'stable': {}, 'free': np.float64(-14379.865189096801)}]
------------------------------------------
  Seed: px+i*py
F_onsite: (-4.9040581266470925e-15+6.165490037592563e-15j)
F_swave: (3.534767941308433e-15-4.443991809674085e-15j), F_dwave: (3.54387722241143e-21-7.632003936067361e-21j)
F_px: (1.1755628352218679e-20+4.987431653060963e-20j), F_py: (1.659619340296708e-19+1.4482777611429052e-19j)
Free_energy = -14379.865189096801
------------------------------------------
[{'stable': {}, 'free': np.float64(-14379.865189096801)}]
------------------------------------------
  Seed: s-wave
F_onsite: (-7.85287198973847e-15+0j)
F_swave: (5.660208117877034e-15+0j), F_dwave: (8.144049612835973e-21+0j)
F_px: 9.348807885274298e-20j, F_py: -4.976424368144247e-20j
Free_energy = -14379.865189096801
------------------------------------------
[{'stable': {}, 'free': np.float64(-14379.865189096801)}]
------------------------------------------
  Seed: s-wave+px
F_onsite: (-7.85239169301958e-15+0j)
F_swave: (5.6598541061194385e-15+0j), F_dwave: (-2.368975671734254e-20+0j)
F_px: 8.739883880334608e-20j, F_py: 1.0093987526961776e-19j
Free_energy = -14379.865189096801
------------------------------------------
[{'stable': {}, 'free': np.float64(-14379.865189096801)}]
------------------------------------------
  Seed: s-wave+py
F_onsite: (-7.852603476659361e-15+0j)
F_swave: (5.660020908685854e-15+0j), F_dwave: (3.0645807155383136e-21+0j)
F_px: 4.171120659329612e-20j, F_py: -4.67652993575823e-20j
Free_energy = -14379.865189096801
------------------------------------------
[{'stable': {}, 'free': np.float64(-14379.865189096801)}]
------------------------------------------
====================================
mu=2.31, T=0.0430
====================================
  Seed: normal state
F_onsite: 0j
F_swave: 0j, F_dwave: 0j
F_px: 0j, F_py: 0j
Free_energy = -14380.338852155492
------------------------------------------
[{'stable': {}, 'free': np.float64(-14380.338852155492)}]
------------------------------------------
  Seed: px+i*py
F_onsite: (-3.769124910084161e-15+4.738732777363409e-15j)
F_swave: (2.7280458064520797e-15-3.429854359233993e-15j), F_dwave: (-1.0447737764937372e-20+2.5009480355266744e-21j)
F_px: (-6.072224225657401e-20-9.811984315639196e-20j), F_py: (1.6748856651215578e-19+1.6744457732874834e-19j)
Free_energy = -14380.338852155492
------------------------------------------
[{'stable': {}, 'free': np.float64(-14380.338852155492)}]
------------------------------------------
  Seed: s-wave
F_onsite: (-6.033021345162847e-15+0j)
F_swave: (4.3665057852741165e-15+0j), F_dwave: (2.720073575778057e-21+0j)
F_px: 3.1954255439186713e-19j, F_py: 1.3973737573183744e-19j
Free_energy = -14380.338852155492
------------------------------------------
[{'stable': {}, 'free': np.float64(-14380.338852155492)}]
------------------------------------------
  Seed: s-wave+px
F_onsite: (-6.032810710821398e-15+0j)
F_swave: (4.366349302631258e-15+0j), F_dwave: (-6.978915480659423e-21+0j)
F_px: -9.233671753287317e-20j, F_py: 1.670081289858956e-20j
Free_energy = -14380.338852155492
------------------------------------------
[{'stable': {}, 'free': np.float64(-14380.338852155492)}]
------------------------------------------
  Seed: s-wave+py
F_onsite: (-6.033039155683983e-15+0j)
F_swave: (4.366548277531273e-15+0j), F_dwave: (1.9748233739243978e-20+0j)
F_px: 8.478209034372608e-20j, F_py: -1.3505305577962072e-19j
Free_energy = -14380.33885215549
------------------------------------------
[{'stable': {}, 'free': np.float64(-14380.338852155492)}]
------------------------------------------
====================================
mu=2.31, T=0.0460
====================================
  Seed: normal state
F_onsite: 0j
F_swave: 0j, F_dwave: 0j
F_px: 0j, F_py: 0j
Free_energy = -14380.846889447694
------------------------------------------
[{'stable': {}, 'free': np.float64(-14380.846889447694)}]
------------------------------------------
  Seed: px+i*py
F_onsite: (-2.806208415419296e-15+3.5281733541890897e-15j)
F_swave: (2.039559126655717e-15-2.5642726226366864e-15j), F_dwave: (1.5774525881007582e-20-3.2395041259875946e-20j)
F_px: (1.5063651349837275e-20-3.598601690661996e-20j), F_py: (9.588144232516991e-20+3.8038310355249735e-20j)
Free_energy = -14380.846889447694
------------------------------------------
[{'stable': {}, 'free': np.float64(-14380.846889447694)}]
------------------------------------------
  Seed: s-wave
F_onsite: (-4.4896631439867625e-15+0j)
F_swave: (3.2630614883543702e-15+0j), F_dwave: (-1.9993937616711415e-20+0j)
F_px: 2.84683565360555e-19j, F_py: 9.931161501264645e-21j
Free_energy = -14380.846889447694
------------------------------------------
[{'stable': {}, 'free': np.float64(-14380.846889447694)}]
------------------------------------------
  Seed: s-wave+px
F_onsite: (-4.48945664661714e-15+0j)
F_swave: (3.2629138133371563e-15+0j), F_dwave: (-2.020111705929813e-20+0j)
F_px: -2.0195195801872453e-19j, F_py: 3.027880905361907e-20j
Free_energy = -14380.846889447694
------------------------------------------
[{'stable': {}, 'free': np.float64(-14380.846889447694)}]
------------------------------------------
  Seed: s-wave+py
F_onsite: (-4.490049217709725e-15+0j)
F_swave: (3.263358029790734e-15+0j), F_dwave: (1.3806662385004917e-20+0j)
F_px: 1.9446952574861906e-20j, F_py: -1.4685353946713266e-19j
Free_energy = -14380.846889447694
------------------------------------------
[{'stable': {}, 'free': np.float64(-14380.846889447694)}]
------------------------------------------
====================================
mu=2.31, T=0.0490
====================================
  Seed: normal state
F_onsite: 0j
F_swave: 0j, F_dwave: 0j
F_px: 0j, F_py: 0j
Free_energy = -14381.38926001406
------------------------------------------
[{'stable': {}, 'free': np.float64(-14381.38926001406)}]
------------------------------------------
  Seed: px+i*py
F_onsite: (-2.0275978903912683e-15+2.5492487289054484e-15j)
F_swave: (1.4793304459304406e-15-1.8599003572890724e-15j), F_dwave: (-4.857238477555594e-20+2.661703203562181e-20j)
F_px: (1.2039554361392816e-19-2.762220782481056e-20j), F_py: (7.475075294776785e-20-9.970055729571335e-20j)
Free_energy = -14381.38926001406
------------------------------------------
[{'stable': {}, 'free': np.float64(-14381.38926001406)}]
------------------------------------------
  Seed: s-wave
F_onsite: (-3.2420243101011396e-15+0j)
F_swave: (2.3653977374341314e-15+0j), F_dwave: (-4.873223476475132e-21+0j)
F_px: 1.0780439127328542e-19j, F_py: 4.608646033848404e-20j
Free_energy = -14381.38926001406
------------------------------------------
[{'stable': {}, 'free': np.float64(-14381.38926001406)}]
------------------------------------------
  Seed: s-wave+px
F_onsite: (-3.2417733820428717e-15+0j)
F_swave: (2.3652047157060855e-15+0j), F_dwave: (-1.3223495618376238e-20+0j)
F_px: -1.815910951901675e-19j, F_py: -1.1354021891686676e-19j
Free_energy = -14381.38926001406
------------------------------------------
[{'stable': {}, 'free': np.float64(-14381.38926001406)}]
------------------------------------------
  Seed: s-wave+py
F_onsite: (-3.2424021356729906e-15+0j)
F_swave: (2.3656729310852047e-15+0j), F_dwave: (-2.423606453305715e-21+0j)
F_px: 8.829987411177392e-20j, F_py: -1.9277611671248885e-19j
Free_energy = -14381.38926001406
------------------------------------------
[{'stable': {}, 'free': np.float64(-14381.38926001406)}]
------------------------------------------
====================================
mu=2.31, T=0.0520
====================================
  Seed: normal state
F_onsite: 0j
F_swave: 0j, F_dwave: 0j
F_px: 0j, F_py: 0j
Free_energy = -14381.965941721539
------------------------------------------
[{'stable': {}, 'free': np.float64(-14381.965941721539)}]
------------------------------------------
  Seed: px+i*py
F_onsite: (-1.4231119088799583e-15+1.7894766959554007e-15j)
F_swave: (1.042164695081279e-15-1.3104613892771752e-15j), F_dwave: (-1.0842263993544812e-20+2.6033583412886698e-20j)
F_px: (1.3201744930079293e-19-1.1795433420145847e-19j), F_py: (3.056618125335475e-20-1.1502410974591352e-19j)
Free_energy = -14381.965941721539
------------------------------------------
[{'stable': {}, 'free': np.float64(-14381.965941721539)}]
------------------------------------------
  Seed: s-wave
F_onsite: (-2.273876550748997e-15+0j)
F_swave: (1.6651177138979283e-15+0j), F_dwave: (-2.3804924416331295e-20+0j)
F_px: 9.344785391227719e-20j, F_py: 2.5018416882394283e-20j
Free_energy = -14381.965941721537
------------------------------------------
[{'stable': {}, 'free': np.float64(-14381.965941721539)}]
------------------------------------------
  Seed: s-wave+px
F_onsite: (-2.2738926622601092e-15+0j)
F_swave: (1.6651334286545093e-15+0j), F_dwave: (-2.3152921689119875e-21+0j)
F_px: -6.136357585818094e-20j, F_py: 1.1325013298994645e-19j
Free_energy = -14381.965941721539
------------------------------------------
[{'stable': {}, 'free': np.float64(-14381.965941721539)}]
------------------------------------------
  Seed: s-wave+py
F_onsite: (-2.274063891755506e-15+0j)
F_swave: (1.6652486915473178e-15+0j), F_dwave: (-2.4626707761688798e-20+0j)
F_px: -3.774776235551706e-20j, F_py: -2.172807824934033e-19j
Free_energy = -14381.965941721539
------------------------------------------
[{'stable': {}, 'free': np.float64(-14381.965941721539)}]
------------------------------------------
====================================
mu=2.31, T=0.0550
====================================
  Seed: normal state
F_onsite: 0j
F_swave: 0j, F_dwave: 0j
F_px: 0j, F_py: 0j
Free_energy = -14382.576924676272
------------------------------------------
[{'stable': {}, 'free': np.float64(-14382.576924676272)}]
------------------------------------------
  Seed: px+i*py
F_onsite: (-9.722215802485367e-16+1.2225057069276057e-15j)
F_swave: (7.141551665841295e-16-8.979939400180477e-16j), F_dwave: (-2.2533133393737223e-20+5.460230087995119e-20j)
F_px: (1.1183302865112352e-19-1.1853377829038389e-19j), F_py: (1.1975834946483291e-19+5.619558510714586e-21j)
Free_energy = -14382.576924676272
------------------------------------------
[{'stable': {}, 'free': np.float64(-14382.576924676272)}]
------------------------------------------
  Seed: s-wave
F_onsite: (-1.5518896787391472e-15+0j)
F_swave: (1.1399160488854442e-15+0j), F_dwave: (3.752532908826424e-21+0j)
F_px: -3.963591055562144e-21j, F_py: 8.233404993375774e-20j
Free_energy = -14382.576924676272
------------------------------------------
[{'stable': {}, 'free': np.float64(-14382.576924676272)}]
------------------------------------------
  Seed: s-wave+px
F_onsite: (-1.5518437139338763e-15+0j)
F_swave: (1.1399109272475452e-15+0j), F_dwave: (2.7908363250690286e-20+0j)
F_px: -1.0306253670038877e-19j, F_py: 1.0750776486651972e-19j
Free_energy = -14382.576924676272
------------------------------------------
[{'stable': {}, 'free': np.float64(-14382.576924676272)}]
------------------------------------------
  Seed: s-wave+py
F_onsite: (-1.5520420262038322e-15+0j)
F_swave: (1.1400516144420519e-15+0j), F_dwave: (1.236773871447883e-20+0j)
F_px: -1.2148854979898687e-19j, F_py: -1.6994604747913467e-19j
Free_energy = -14382.576924676272
------------------------------------------
[{'stable': {}, 'free': np.float64(-14382.576924676272)}]
------------------------------------------
====================================
mu=2.31, T=0.0580
====================================
  Seed: normal state
F_onsite: 0j
F_swave: 0j, F_dwave: 0j
F_px: 0j, F_py: 0j
Free_energy = -14383.222206889608
------------------------------------------
[{'stable': {}, 'free': np.float64(-14383.222206889608)}]
------------------------------------------
  Seed: px+i*py
F_onsite: (-6.469345673462058e-16+8.135672523780218e-16j)
F_swave: (4.761026968735708e-16-5.987216193664017e-16j), F_dwave: (1.2339237085441819e-20-1.460130141448681e-21j)
F_px: (-4.606362989803691e-20-4.703358397821967e-20j), F_py: (1.131999974964331e-19+1.1260040230919212e-19j)
Free_energy = -14383.222206889606
------------------------------------------
[{'stable': {}, 'free': np.float64(-14383.222206889608)}]
------------------------------------------
  Seed: s-wave
F_onsite: (-1.030667465667843e-15+0j)
F_swave: (7.585810591349475e-16+0j), F_dwave: (2.5516235098803207e-20+0j)
F_px: -4.5579635961786914e-20j, F_py: -6.028508580395204e-20j
Free_energy = -14383.222206889608
------------------------------------------
[{'stable': {}, 'free': np.float64(-14383.222206889608)}]
------------------------------------------
  Seed: s-wave+px
F_onsite: (-1.0307455371490623e-15+0j)
F_swave: (7.58618804256371e-16+0j), F_dwave: (4.9592756370421767e-20+0j)
F_px: -6.45937096524758e-20j, F_py: 9.074642733532197e-20j
Free_energy = -14383.222206889608
------------------------------------------
[{'stable': {}, 'free': np.float64(-14383.222206889608)}]
------------------------------------------
  Seed: s-wave+py
F_onsite: (-1.0308169156476718e-15+0j)
F_swave: (7.586984528972428e-16+0j), F_dwave: (1.897710786299779e-21+0j)
F_px: -1.5477396993395774e-19j, F_py: 2.2870702416529383e-20j
Free_energy = -14383.222206889608
------------------------------------------
[{'stable': {}, 'free': np.float64(-14383.222206889608)}]
------------------------------------------
====================================
mu=2.31, T=0.0610
====================================
  Seed: normal state
F_onsite: 0j
F_swave: 0j, F_dwave: 0j
F_px: 0j, F_py: 0j
Free_energy = -14383.901791437578
------------------------------------------
[{'stable': {}, 'free': np.float64(-14383.901791437578)}]
------------------------------------------
  Seed: px+i*py
F_onsite: (-5.202578154893902e-16+6.5434666142274e-16j)
F_swave: (3.8359625836014316e-16-4.824800240388805e-16j), F_dwave: (9.460929052875049e-21-4.955365786366164e-21j)
F_px: (-6.853856958986371e-20+2.195296988622274e-20j), F_py: (2.248812842209738e-19+1.3314553744786795e-19j)
Free_energy = -14383.901791437578
------------------------------------------
[{'stable': {}, 'free': np.float64(-14383.901791437578)}]
------------------------------------------
  Seed: s-wave
F_onsite: (-8.277095841633116e-16+0j)
F_swave: (6.103659474092676e-16+0j), F_dwave: (-1.4256651570528356e-20+0j)
F_px: 7.902985768647622e-20j, F_py: 8.37586665346297e-20j
Free_energy = -14383.901791437578
------------------------------------------
[{'stable': {}, 'free': np.float64(-14383.901791437578)}]
------------------------------------------
  Seed: s-wave+px
F_onsite: (-8.278905002003588e-16+0j)
F_swave: (6.105116396206384e-16+0j), F_dwave: (2.5508331888773806e-20+0j)
F_px: -1.4970393547797296e-20j, F_py: 4.6092047231004957e-20j
Free_energy = -14383.901791437578
------------------------------------------
[{'stable': {}, 'free': np.float64(-14383.901791437578)}]
------------------------------------------
  Seed: s-wave+py
F_onsite: (-8.279636878561057e-16+0j)
F_swave: (6.105840874010358e-16+0j), F_dwave: (-3.138602447923094e-20+0j)
F_px: -8.864127359930987e-20j, F_py: 3.1532566285537515e-21j
Free_energy = -14383.901791437576
------------------------------------------
[{'stable': {}, 'free': np.float64(-14383.901791437578)}]
------------------------------------------
====================================
mu=2.31, T=0.0640
====================================
  Seed: normal state
F_onsite: 0j
F_swave: 0j, F_dwave: 0j
F_px: 0j, F_py: 0j
Free_energy = -14384.615684614118
------------------------------------------
[{'stable': {}, 'free': np.float64(-14384.615684614118)}]
------------------------------------------
  Seed: px+i*py
F_onsite: (-4.1346277874090656e-16+5.199597581849701e-16j)
F_swave: (3.0494507507405496e-16-3.8349411268705454e-16j), F_dwave: (-2.7341874768057957e-21+3.416495681479536e-20j)
F_px: (-5.517375459696483e-20+1.1031194585630877e-19j), F_py: (1.8407400938926519e-19+1.1597678862446358e-19j)
Free_energy = -14384.615684614118
------------------------------------------
[{'stable': {}, 'free': np.float64(-14384.615684614118)}]
------------------------------------------
  Seed: s-wave
F_onsite: (-6.567597881623292e-16+0j)
F_swave: (4.841170908093048e-16+0j), F_dwave: (-1.071893822043008e-20+0j)
F_px: 2.1173997950775586e-20j, F_py: 1.3455046486846647e-19j
Free_energy = -14384.615684614117
------------------------------------------
[{'stable': {}, 'free': np.float64(-14384.615684614118)}]
------------------------------------------
  Seed: s-wave+px
F_onsite: (-6.569754086697549e-16+0j)
F_swave: (4.842131284983197e-16+0j), F_dwave: (4.599470813857553e-20+0j)
F_px: 6.642320295654459e-20j, F_py: -2.3726019163309343e-20j
Free_energy = -14384.615684614117
------------------------------------------
[{'stable': {}, 'free': np.float64(-14384.615684614118)}]
------------------------------------------
  Seed: s-wave+py
F_onsite: (-6.569134297284813e-16+0j)
F_swave: (4.84288789652857e-16+0j), F_dwave: (-2.3281846108806637e-20+0j)
F_px: -8.567325931393055e-20j, F_py: -2.89248585487742e-20j
Free_energy = -14384.615684614117
------------------------------------------
[{'stable': {}, 'free': np.float64(-14384.615684614118)}]
------------------------------------------
====================================
mu=2.31, T=0.0670
====================================
  Seed: normal state
F_onsite: 0j
F_swave: 0j, F_dwave: 0j
F_px: 0j, F_py: 0j
Free_energy = -14385.363894746037
------------------------------------------
[{'stable': {}, 'free': np.float64(-14385.363894746037)}]
------------------------------------------
  Seed: px+i*py
F_onsite: (-3.252716665059245e-16+4.0903107776680037e-16j)
F_swave: (2.38861456390924e-16-3.0038406346264294e-16j), F_dwave: (-5.594839096562249e-21+1.7572110759837058e-20j)
F_px: (-3.0490123081266445e-20+1.6693370277091797e-19j), F_py: (1.930744661925157e-19+2.467691887651199e-20j)
Free_energy = -14385.363894746037
------------------------------------------
[{'stable': {}, 'free': np.float64(-14385.363894746037)}]
------------------------------------------
  Seed: s-wave
F_onsite: (-5.158913235667956e-16+0j)
F_swave: (3.785455189146947e-16+0j), F_dwave: (1.2696802536796982e-20+0j)
F_px: 4.0277941646886777e-20j, F_py: 2.6516780713400992e-20j
Free_energy = -14385.363894746037
------------------------------------------
[{'stable': {}, 'free': np.float64(-14385.363894746037)}]
------------------------------------------
  Seed: s-wave+px
F_onsite: (-5.15937663518563e-16+0j)
F_swave: (3.7857229975475166e-16+0j), F_dwave: (4.166406126360137e-22+0j)
F_px: 1.3674768062571118e-20j, F_py: -8.359940576178784e-20j
Free_energy = -14385.363894746037
------------------------------------------
[{'stable': {}, 'free': np.float64(-14385.363894746037)}]
------------------------------------------
  Seed: s-wave+py
F_onsite: (-5.159553486598047e-16+0j)
F_swave: (3.786322166964469e-16+0j), F_dwave: (-2.7537966528441494e-20+0j)
F_px: -8.266920408170574e-20j, F_py: -6.201336533180232e-20j
Free_energy = -14385.363894746037
------------------------------------------
[{'stable': {}, 'free': np.float64(-14385.363894746037)}]
------------------------------------------
====================================
mu=2.31, T=0.0700
====================================
  Seed: normal state
F_onsite: 0j
F_swave: 0j, F_dwave: 0j
F_px: 0j, F_py: 0j
Free_energy = -14386.146431447138
------------------------------------------
[{'stable': {}, 'free': np.float64(-14386.146431447138)}]
------------------------------------------
  Seed: px+i*py
F_onsite: (-2.534044970943113e-16+3.1871152124421107e-16j)
F_swave: (1.8352270403057014e-16-2.3079196990723034e-16j), F_dwave: (-1.5875340334157264e-20+2.7658555941129405e-20j)
F_px: (2.3335904982181455e-20+5.907028591747278e-20j), F_py: (1.3017136967979668e-19-3.3199573943263925e-20j)
Free_energy = -14386.146431447138
------------------------------------------
[{'stable': {}, 'free': np.float64(-14386.146431447138)}]
------------------------------------------
  Seed: s-wave
F_onsite: (-4.009523813484611e-16+0j)
F_swave: (2.9018491299866695e-16+0j), F_dwave: (3.925345836754817e-20+0j)
F_px: 3.765465753140362e-20j, F_py: 2.186876751888331e-19j
Free_energy = -14386.146431447138
------------------------------------------
[{'stable': {}, 'free': np.float64(-14386.146431447138)}]
------------------------------------------
  Seed: s-wave+px
F_onsite: (-4.0110451292447666e-16+0j)
F_swave: (2.902632369757306e-16+0j), F_dwave: (3.6069987690973576e-20+0j)
F_px: -9.776933849800121e-20j, F_py: -1.1611798996604996e-20j
Free_energy = -14386.146431447138
------------------------------------------
[{'stable': {}, 'free': np.float64(-14386.146431447138)}]
------------------------------------------
  Seed: s-wave+py
F_onsite: (-4.010990072478436e-16+0j)
F_swave: (2.9027808302302977e-16+0j), F_dwave: (2.3149132163762584e-20+0j)
F_px: -1.7490960678551563e-19j, F_py: -2.6948933433909263e-20j
Free_energy = -14386.146431447138
------------------------------------------
[{'stable': {}, 'free': np.float64(-14386.146431447138)}]
------------------------------------------
====================================
mu=2.31, T=0.0730
====================================
  Seed: normal state
F_onsite: 0j
F_swave: 0j, F_dwave: 0j
F_px: 0j, F_py: 0j
Free_energy = -14386.96330516155
------------------------------------------
[{'stable': {}, 'free': np.float64(-14386.96330516155)}]
------------------------------------------
  Seed: px+i*py
F_onsite: (-1.9670190512634677e-16+2.474641072974796e-16j)
F_swave: (1.3641773117076323e-16-1.7161884434164006e-16j), F_dwave: (-5.910036044283343e-22+1.2461409610615005e-20j)
F_px: (2.2623640384098442e-20+1.1688426060138472e-19j), F_py: (1.3093092509651237e-19-3.6857030726376824e-20j)
Free_energy = -14386.963305161547
------------------------------------------
[{'stable': {}, 'free': np.float64(-14386.96330516155)}]
------------------------------------------
  Seed: s-wave
F_onsite: (-3.1129166108692517e-16+0j)
F_swave: (2.144500633021642e-16+0j), F_dwave: (-1.2281226883227573e-20+0j)
F_px: 6.498534038853108e-20j, F_py: 1.0314188083151805e-19j
Free_energy = -14386.96330516155
------------------------------------------
[{'stable': {}, 'free': np.float64(-14386.96330516155)}]
------------------------------------------
  Seed: s-wave+px
F_onsite: (-3.1113311694100904e-16+0j)
F_swave: (2.143582935914027e-16+0j), F_dwave: (7.942769748176056e-22+0j)
F_px: -1.7333533631446833e-19j, F_py: -6.721131537563242e-20j
Free_energy = -14386.96330516155
------------------------------------------
[{'stable': {}, 'free': np.float64(-14386.96330516155)}]
------------------------------------------
  Seed: s-wave+py
F_onsite: (-3.1144455253585176e-16+0j)
F_swave: (2.1459069897900018e-16+0j), F_dwave: (-2.316050385775788e-21+0j)
F_px: -1.3317923135304361e-19j, F_py: 3.3393645592137976e-20j
Free_energy = -14386.96330516155
------------------------------------------
[{'stable': {}, 'free': np.float64(-14386.96330516155)}]
------------------------------------------
====================================
mu=2.31, T=0.0760
====================================
  Seed: normal state
F_onsite: 0j
F_swave: 0j, F_dwave: 0j
F_px: 0j, F_py: 0j
Free_energy = -14387.814526893875
------------------------------------------
[{'stable': {}, 'free': np.float64(-14387.814526893875)}]
------------------------------------------
  Seed: px+i*py
F_onsite: (-1.5170186854614312e-16+1.9097533155217569e-16j)
F_swave: (9.299910119513372e-17-1.171017027647698e-16j), F_dwave: (1.3449549851091124e-20-1.286644115510521e-20j)
F_px: (-2.75415893291558e-20+1.4633288898132895e-20j), F_py: (-5.005987502076419e-21-8.424803465144516e-20j)
Free_energy = -14387.814526893875
------------------------------------------
[{'stable': {}, 'free': np.float64(-14387.814526893875)}]
------------------------------------------
  Seed: s-wave
F_onsite: (-2.3751622287283553e-16+0j)
F_swave: (1.4556557473643834e-16+0j), F_dwave: (-4.706081214420398e-20+0j)
F_px: -1.4295358001375728e-20j, F_py: 6.999505976218417e-21j
Free_energy = -14387.814526893875
------------------------------------------
[{'stable': {}, 'free': np.float64(-14387.814526893875)}]
------------------------------------------
  Seed: s-wave+px
F_onsite: (-2.372933009337718e-16+0j)
F_swave: (1.4539312019916607e-16+0j), F_dwave: (-2.393990376676346e-20+0j)
F_px: -1.9875154720905546e-20j, F_py: 1.1206899495038991e-20j
Free_energy = -14387.814526893875
------------------------------------------
[{'stable': {}, 'free': np.float64(-14387.814526893875)}]
------------------------------------------
  Seed: s-wave+py
F_onsite: (-2.375118775155022e-16+0j)
F_swave: (1.4555622163156254e-16+0j), F_dwave: (7.151966567837353e-21+0j)
F_px: -1.4500373540189995e-19j, F_py: 6.262712949054676e-20j
Free_energy = -14387.814526893875
------------------------------------------
[{'stable': {}, 'free': np.float64(-14387.814526893875)}]
------------------------------------------
====================================
mu=2.31, T=0.0790
====================================
  Seed: normal state
F_onsite: 0j
F_swave: 0j, F_dwave: 0j
F_px: 0j, F_py: 0j
Free_energy = -14388.7001080605
------------------------------------------
[{'stable': {}, 'free': np.float64(-14388.7001080605)}]
------------------------------------------
  Seed: px+i*py
F_onsite: (-1.0020396465709946e-16+1.2616289809020863e-16j)
F_swave: (6.210110562147129e-17-7.818139110850088e-17j), F_dwave: (2.87760219422373e-20-1.6910732488177715e-20j)
F_px: (-1.2120437019691692e-19-7.756687611541241e-20j), F_py: (7.765688441184634e-20+2.3902749097928435e-21j)
Free_energy = -14388.7001080605
------------------------------------------
[{'stable': {}, 'free': np.float64(-14388.7001080605)}]
------------------------------------------
  Seed: s-wave
F_onsite: (-1.5614190894927214e-16+0j)
F_swave: (9.663404958132496e-17+0j), F_dwave: (-2.620630725895375e-20+0j)
F_px: -4.5358186300210055e-20j, F_py: 1.0634267289830843e-19j
Free_energy = -14388.7001080605
------------------------------------------
[{'stable': {}, 'free': np.float64(-14388.7001080605)}]
------------------------------------------
  Seed: s-wave+px
F_onsite: (-1.5599398192482304e-16+0j)
F_swave: (9.654803633287423e-17+0j), F_dwave: (4.366302334144544e-21+0j)
F_px: 4.2098725086997364e-20j, F_py: 6.701170244639547e-20j
Free_energy = -14388.7001080605
------------------------------------------
[{'stable': {}, 'free': np.float64(-14388.7001080605)}]
------------------------------------------
  Seed: s-wave+py
F_onsite: (-1.561105054364377e-16+0j)
F_swave: (9.662062192600175e-17+0j), F_dwave: (1.429406934448029e-20+0j)
F_px: -1.204767462147072e-19j, F_py: 6.288889626334505e-20j
Free_energy = -14388.7001080605
------------------------------------------
[{'stable': {}, 'free': np.float64(-14388.7001080605)}]
------------------------------------------
====================================
mu=2.31, T=0.0820
====================================
  Seed: normal state
F_onsite: 0j
F_swave: 0j, F_dwave: 0j
F_px: 0j, F_py: 0j
Free_energy = -14389.620060415587
------------------------------------------
[{'stable': {}, 'free': np.float64(-14389.620060415587)}]
------------------------------------------
  Seed: px+i*py
F_onsite: (-6.447694955542031e-17+8.125161112858083e-17j)
F_swave: (4.047161127616865e-17-5.101308649910634e-17j), F_dwave: (5.250459301547105e-21-8.994171449698277e-21j)
F_px: (-5.279857231872043e-20+1.1808339545166386e-20j), F_py: (1.2161702034685858e-20+2.7331965867153066e-20j)
Free_energy = -14389.620060415587
------------------------------------------
[{'stable': {}, 'free': np.float64(-14389.620060415587)}]
------------------------------------------
  Seed: s-wave
F_onsite: (-9.939535133331119e-17+0j)
F_swave: (6.24127764236746e-17+0j), F_dwave: (-8.716705109623388e-21+0j)
F_px: -8.244238104755301e-20j, F_py: 2.9590233562517855e-20j
Free_energy = -14389.620060415587
------------------------------------------
[{'stable': {}, 'free': np.float64(-14389.620060415587)}]
------------------------------------------
  Seed: s-wave+px
F_onsite: (-9.924657441488082e-17+0j)
F_swave: (6.231750836806896e-17+0j), F_dwave: (2.16473446021276e-20+0j)
F_px: -6.48582798674447e-20j, F_py: 5.3664644399277095e-20j
Free_energy = -14389.620060415587
------------------------------------------
[{'stable': {}, 'free': np.float64(-14389.620060415587)}]
------------------------------------------
  Seed: s-wave+py
F_onsite: (-9.912982446377349e-17+0j)
F_swave: (6.221030495938328e-17+0j), F_dwave: (2.5966834920026104e-20+0j)
F_px: -2.0822279412428594e-20j, F_py: -1.0353242756241073e-19j
Free_energy = -14389.620060415587
------------------------------------------
[{'stable': {}, 'free': np.float64(-14389.620060415587)}]
------------------------------------------
====================================
mu=2.31, T=0.0850
====================================
  Seed: normal state
F_onsite: 0j
F_swave: 0j, F_dwave: 0j
F_px: 0j, F_py: 0j
Free_energy = -14390.574396021917
------------------------------------------
[{'stable': {}, 'free': np.float64(-14390.574396021917)}]
------------------------------------------
  Seed: px+i*py
F_onsite: (-4.019407343242954e-17+5.050983791900265e-17j)
F_swave: (2.5624004605199677e-17-3.223349208368321e-17j), F_dwave: (-8.282141115068441e-21-4.836764407426176e-21j)
F_px: (8.108360066201636e-21+8.232918985156532e-21j), F_py: (-6.759806412889937e-21+6.364419680162927e-20j)
Free_energy = -14390.574396021917
------------------------------------------
[{'stable': {}, 'free': np.float64(-14390.574396021917)}]
------------------------------------------
  Seed: s-wave
F_onsite: (-6.068420520233665e-17+0j)
F_swave: (3.870090812466536e-17+0j), F_dwave: (9.942156042310526e-21+0j)
F_px: -9.937968947870907e-20j, F_py: 1.1520065561715234e-20j
Free_energy = -14390.574396021915
------------------------------------------
[{'stable': {}, 'free': np.float64(-14390.574396021917)}]
------------------------------------------
  Seed: s-wave+px
F_onsite: (-6.049913078650934e-17+0j)
F_swave: (3.859301692559447e-17+0j), F_dwave: (2.3270579414225444e-20+0j)
F_px: 8.713085373911508e-21j, F_py: 5.961515085117749e-20j
Free_energy = -14390.574396021915
------------------------------------------
[{'stable': {}, 'free': np.float64(-14390.574396021917)}]
------------------------------------------
  Seed: s-wave+py
F_onsite: (-6.040490679640474e-17+0j)
F_swave: (3.851609572142047e-17+0j), F_dwave: (-9.196099967615848e-21+0j)
F_px: -1.8319312235794806e-20j, F_py: -1.0466960177830863e-19j
Free_energy = -14390.574396021917
------------------------------------------
[{'stable': {}, 'free': np.float64(-14390.574396021917)}]
------------------------------------------
====================================
mu=2.31, T=0.0880
====================================
  Seed: normal state
F_onsite: 0j
F_swave: 0j, F_dwave: 0j
F_px: 0j, F_py: 0j
Free_energy = -14391.563127249314
------------------------------------------
[{'stable': {}, 'free': np.float64(-14391.563127249314)}]
------------------------------------------
  Seed: px+i*py
F_onsite: (-1.9862688199156885e-17+2.4939850236112266e-17j)
F_swave: (1.2040003405582389e-17-1.5112525685390943e-17j), F_dwave: (-7.83596325737451e-21+6.249319376602117e-21j)
F_px: (-9.436126457044976e-21-3.465177642970491e-20j), F_py: (-1.2303373365633983e-19-7.411878372269277e-21j)
Free_energy = -14391.563127249314
------------------------------------------
[{'stable': {}, 'free': np.float64(-14391.563127249314)}]
------------------------------------------
  Seed: s-wave
F_onsite: (-2.8886734749246043e-17+0j)
F_swave: (1.7387555066935495e-17+0j), F_dwave: (-3.0644760866926984e-20+0j)
F_px: 2.4052263471824566e-21j, F_py: 5.1559925408768524e-20j
Free_energy = -14391.563127249314
------------------------------------------
[{'stable': {}, 'free': np.float64(-14391.563127249314)}]
------------------------------------------
  Seed: s-wave+px
F_onsite: (-2.8878382847896394e-17+0j)
F_swave: (1.7395439144822632e-17+0j), F_dwave: (-4.12060557234422e-21+0j)
F_px: 2.4076085684839662e-20j, F_py: 9.085278396903788e-21j
Free_energy = -14391.563127249314
------------------------------------------
[{'stable': {}, 'free': np.float64(-14391.563127249314)}]
------------------------------------------
  Seed: s-wave+py
F_onsite: (-2.860790607741502e-17+0j)
F_swave: (1.7203192308009923e-17+0j), F_dwave: (1.3228736726280011e-20+0j)
F_px: 1.21848954699609e-20j, F_py: -1.024849887902339e-19j
Free_energy = -14391.563127249314
------------------------------------------
[{'stable': {}, 'free': np.float64(-14391.563127249314)}]
------------------------------------------
====================================
mu=2.31, T=0.0910
====================================
  Seed: normal state
F_onsite: 0j
F_swave: 0j, F_dwave: 0j
F_px: 0j, F_py: 0j
Free_energy = -14392.586266785971
------------------------------------------
[{'stable': {}, 'free': np.float64(-14392.586266785971)}]
------------------------------------------
  Seed: px+i*py
F_onsite: (-5.753139502399458e-18+7.2587078870816e-18j)
F_swave: (3.36102866244199e-18-4.238498895973288e-18j), F_dwave: (-4.360448821769468e-21+2.8460339631848265e-21j)
F_px: (2.9019492592647054e-20+1.785105463183106e-20j), F_py: (-1.9737606302019102e-20+5.706828708924298e-21j)
Free_energy = -14392.586266785971
------------------------------------------
[{'stable': {}, 'free': np.float64(-14392.586266785971)}]
------------------------------------------
  Seed: s-wave
F_onsite: (-7.927215490369725e-18+0j)
F_swave: (4.638631095039935e-18+0j), F_dwave: (-1.6638699715019484e-21+0j)
F_px: 2.6595750145913744e-21j, F_py: 8.599417073679479e-22j
Free_energy = -14392.586266785971
------------------------------------------
[{'stable': {}, 'free': np.float64(-14392.586266785971)}]
------------------------------------------
  Seed: s-wave+px
F_onsite: (-7.904099174259802e-18+0j)
F_swave: (4.624714590711883e-18+0j), F_dwave: (2.2538802632934056e-21+0j)
F_px: -9.520107155931866e-23j, F_py: -3.4877917980573866e-21j
Free_energy = -14392.586266785971
------------------------------------------
[{'stable': {}, 'free': np.float64(-14392.586266785971)}]
------------------------------------------
  Seed: s-wave+py
F_onsite: (-7.814400430637232e-18+0j)
F_swave: (4.572086952383515e-18+0j), F_dwave: (-6.376242455179709e-21+0j)
F_px: 1.3580454504352793e-20j, F_py: -2.4600702675915108e-20j
Free_energy = -14392.586266785971
------------------------------------------
[{'stable': {}, 'free': np.float64(-14392.586266785971)}]
------------------------------------------
====================================
mu=2.31, T=0.0940
====================================
  Seed: normal state
F_onsite: 0j
F_swave: 0j, F_dwave: 0j
F_px: 0j, F_py: 0j
Free_energy = -14393.643827657133
------------------------------------------
[{'stable': {}, 'free': np.float64(-14393.643827657133)}]
------------------------------------------
  Seed: px+i*py
F_onsite: (-5.978606666386017e-19+7.435049853324423e-19j)
F_swave: (3.441231714173762e-19-4.2832295009740313e-19j), F_dwave: (-9.340688145900034e-21+1.1975523053528332e-20j)
F_px: (-1.1801424664587624e-21-2.009416740156743e-20j), F_py: (-5.700394535014907e-21+1.2808891195070481e-20j)
Free_energy = -14393.643827657133
------------------------------------------
[{'stable': {}, 'free': np.float64(-14393.643827657133)}]
------------------------------------------
  Seed: s-wave
F_onsite: (-6.193251586111316e-19+0j)
F_swave: (3.5752653714047106e-19+0j), F_dwave: (-6.97564673007687e-21+0j)
F_px: -2.5616079040677933e-21j, F_py: -2.540507802012186e-21j
Free_energy = -14393.643827657133
------------------------------------------
[{'stable': {}, 'free': np.float64(-14393.643827657133)}]
------------------------------------------
  Seed: s-wave+px
F_onsite: (-5.625160158628231e-19+0j)
F_swave: (3.2394683555460255e-19+0j), F_dwave: (6.2754045090529645e-21+0j)
F_px: 2.6665855403876704e-21j, F_py: -3.449136334717475e-21j
Free_energy = -14393.643827657133
------------------------------------------
[{'stable': {}, 'free': np.float64(-14393.643827657133)}]
------------------------------------------
  Seed: s-wave+py
F_onsite: (-5.660978349051487e-19+0j)
F_swave: (3.2573450283270946e-19+0j), F_dwave: (-2.7990400136500624e-21+0j)
F_px: -6.455719824454026e-21j, F_py: -2.7267399396043404e-21j
Free_energy = -14393.643827657133
------------------------------------------
[{'stable': {}, 'free': np.float64(-14393.643827657133)}]
------------------------------------------
====================================
mu=2.31, T=0.0970
====================================
  Seed: normal state
F_onsite: 0j
F_swave: 0j, F_dwave: 0j
F_px: 0j, F_py: 0j
Free_energy = -14394.73582324554
------------------------------------------
[{'stable': {}, 'free': np.float64(-14394.73582324554)}]
------------------------------------------
  Seed: px+i*py
F_onsite: (4.96326659383168e-20-5.112792900953501e-21j)
F_swave: (-2.7102030082264187e-20+3.125367336895061e-21j), F_dwave: (-2.9030650000798515e-20-8.801859077978614e-22j)
F_px: (-7.517825772201786e-21+3.089716291346962e-21j), F_py: (5.652354615165644e-21+4.0369656093666754e-20j)
Free_energy = -14394.735823245539
------------------------------------------
[{'stable': {}, 'free': np.float64(-14394.73582324554)}]
------------------------------------------
  Seed: s-wave
F_onsite: 0j
F_swave: 0j, F_dwave: 0j
F_px: 0j, F_py: 0j
Free_energy = -14394.73582324554
------------------------------------------
[{'stable': {}, 'free': np.float64(-14394.73582324554)}]
------------------------------------------
  Seed: s-wave+px
F_onsite: 0j
F_swave: 0j, F_dwave: 0j
F_px: 0j, F_py: 0j
Free_energy = -14394.73582324554
------------------------------------------
[{'stable': {}, 'free': np.float64(-14394.73582324554)}]
------------------------------------------
  Seed: s-wave+py
F_onsite: 0j
F_swave: 0j, F_dwave: 0j
F_px: 0j, F_py: 0j
Free_energy = -14394.73582324554
------------------------------------------
[{'stable': {}, 'free': np.float64(-14394.73582324554)}]
------------------------------------------
====================================
mu=2.31, T=0.1000
====================================
  Seed: normal state
F_onsite: 0j
F_swave: 0j, F_dwave: 0j
F_px: 0j, F_py: 0j
Free_energy = -14395.862267310647
------------------------------------------
[{'stable': {}, 'free': np.float64(-14395.862267310647)}]
------------------------------------------
  Seed: px+i*py
F_onsite: (-5.693426298050445e-20-1.904359444379266e-21j)
F_swave: (3.206860265012209e-20+1.2672971380691752e-21j), F_dwave: (1.2851660453467518e-20-1.3591313514930279e-21j)
F_px: (-3.105653105345338e-21-3.400758359793913e-20j), F_py: (-5.6992343998965486e-21-9.835304251730559e-21j)
Free_energy = -14395.862267310647
------------------------------------------
[{'stable': {}, 'free': np.float64(-14395.862267310647)}]
------------------------------------------
  Seed: s-wave
F_onsite: 0j
F_swave: 0j, F_dwave: 0j
F_px: 0j, F_py: 0j
Free_energy = -14395.862267310647
------------------------------------------
[{'stable': {}, 'free': np.float64(-14395.862267310647)}]
------------------------------------------
  Seed: s-wave+px
F_onsite: 0j
F_swave: 0j, F_dwave: 0j
F_px: 0j, F_py: 0j
Free_energy = -14395.862267310647
------------------------------------------
[{'stable': {}, 'free': np.float64(-14395.862267310647)}]
------------------------------------------
  Seed: s-wave+py
F_onsite: 0j
F_swave: 0j, F_dwave: 0j
F_px: 0j, F_py: 0j
Free_energy = -14395.862267310647
------------------------------------------
[{'stable': {}, 'free': np.float64(-14395.862267310647)}]
------------------------------------------
