/home/emilssp/D1/venv/bin/python
Python 3.10.12
Running job 11 out of 25
====================================
mu=3.08, T=0.0010
====================================
  Seed: normal state
F_onsite: 0j
F_swave: 0j, F_dwave: 0j
F_px: 0j, F_py: 0j
Free_energy = -17741.337372786664
------------------------------------------
[{'stable': {}, 'free': np.float64(-17741.337372786664)}]
------------------------------------------
  Seed: px+i*py
F_onsite: (0.03026846846656231-0.002569093177474167j)
F_swave: (-0.025978298205785053+0.0022049569094187943j), F_dwave: (-2.168404344971009e-17-4.445228907190568e-18j)
F_px: (3.666858483519775e-14-3.1042876602604963e-15j), F_py: (-3.155462002801812e-15+3.5973828083069037e-16j)
Free_energy = -17767.953573802766
------------------------------------------
[{'stable': {'F_onsite': np.complex128(0.03026846846656231-0.002569093177474167j), 'F_swave': np.complex128(-0.025978298205785053+0.0022049569094187943j)}, 'free': np.float64(-17767.953573802766)}]
------------------------------------------
  Seed: s-wave
F_onsite: (-0.030380557099695588+0j)
F_swave: (0.0260746502295533+0j), F_dwave: (1.3877787807814457e-17+0j)
F_px: -1.3299476063076583e-17j, F_py: -5.718742943387409e-18j
Free_energy = -17767.961218199885
------------------------------------------
[{'stable': {'F_onsite': np.complex128(0.03026846846656231-0.002569093177474167j), 'F_swave': np.complex128(-0.025978298205785053+0.0022049569094187943j)}, 'free': np.float64(-17767.953573802766)}, {'stable': {'F_onsite': np.complex128(-0.030380557099695588+0j), 'F_swave': np.complex128(0.0260746502295533+0j)}, 'free': np.float64(-17767.961218199885)}]
------------------------------------------
  Seed: s-wave+px
F_onsite: (-0.030380418914026736-7.141869208668394e-19j)
F_swave: (0.026074525240705616+4.0736990807011507e-19j), F_dwave: (3.41740524767431e-16-5.638063055161437e-20j)
F_px: (2.7946206997836454e-09-5.679673548695304e-18j), F_py: -5.979629091141733e-18j
Free_energy = -17767.960893736094
------------------------------------------
[{'stable': {'F_onsite': np.complex128(0.03026846846656231-0.002569093177474167j), 'F_swave': np.complex128(-0.025978298205785053+0.0022049569094187943j)}, 'free': np.float64(-17767.953573802766)}, {'stable': {'F_onsite': np.complex128(-0.030380557099695588+0j), 'F_swave': np.complex128(0.0260746502295533+0j)}, 'free': np.float64(-17767.961218199885)}]
------------------------------------------
  Seed: s-wave+py
F_onsite: (-0.030380418914026677+6.065900810806687e-18j)
F_swave: (0.02607452524070561-5.491526355286443e-18j), F_dwave: (-3.7296554733501353e-16-2.543216424131037e-19j)
F_px: (3.469446951953614e-18-3.9427266112319545e-18j), F_py: (2.7946207119267097e-09-6.1325185381211345e-18j)
Free_energy = -17767.960893736094
------------------------------------------
[{'stable': {'F_onsite': np.complex128(0.03026846846656231-0.002569093177474167j), 'F_swave': np.complex128(-0.025978298205785053+0.0022049569094187943j)}, 'free': np.float64(-17767.953573802766)}, {'stable': {'F_onsite': np.complex128(-0.030380557099695588+0j), 'F_swave': np.complex128(0.0260746502295533+0j)}, 'free': np.float64(-17767.961218199885)}]
------------------------------------------
====================================
mu=3.08, T=0.0040
====================================
  Seed: normal state
F_onsite: 0j
F_swave: 0j, F_dwave: 0j
F_px: 0j, F_py: 0j
Free_energy = -17741.353313613938
------------------------------------------
[{'stable': {}, 'free': np.float64(-17741.353313613938)}]
------------------------------------------
  Seed: px+i*py
F_onsite: (0.030269312556986838-0.0025691648212361516j)
F_swave: (-0.025979061676943263+0.0022050217104689573j), F_dwave: (1.9081958235744878e-17+1.951563910473908e-18j)
F_px: (9.761288999321494e-15-8.062127354602211e-16j), F_py: (-7.840950111415168e-16+9.150666335777657e-17j)
Free_energy = -17767.955562533312
------------------------------------------
[{'stable': {'F_onsite': np.complex128(0.030269312556986838-0.0025691648212361516j), 'F_swave': np.complex128(-0.025979061676943263+0.0022050217104689573j)}, 'free': np.float64(-17767.955562533312)}]
------------------------------------------
  Seed: s-wave
F_onsite: (-0.03037964469393053+0j)
F_swave: (0.026073824960354125+0j), F_dwave: (5.377642775528102e-17+0j)
F_px: -1.4073664176867014e-17j, F_py: -5.994663925955497e-18j
Free_energy = -17767.9590758972
------------------------------------------
[{'stable': {'F_onsite': np.complex128(0.030269312556986838-0.0025691648212361516j), 'F_swave': np.complex128(-0.025979061676943263+0.0022050217104689573j)}, 'free': np.float64(-17767.955562533312)}, {'stable': {'F_onsite': np.complex128(-0.03037964469393053+0j), 'F_swave': np.complex128(0.026073824960354125+0j)}, 'free': np.float64(-17767.9590758972)}]
------------------------------------------
  Seed: s-wave+px
F_onsite: (-0.030379581186192155+7.424077051441152e-19j)
F_swave: (0.026073767517838478-2.3399285167900047e-19j), F_dwave: (4.423544863740858e-17+6.363335016247931e-20j)
F_px: (7.396263879133613e-10-8.788284465118586e-18j), F_py: (1.734723475976807e-18-6.058085517881163e-18j)
Free_energy = -17767.958926787323
------------------------------------------
[{'stable': {'F_onsite': np.complex128(0.030269312556986838-0.0025691648212361516j), 'F_swave': np.complex128(-0.025979061676943263+0.0022050217104689573j)}, 'free': np.float64(-17767.955562533312)}, {'stable': {'F_onsite': np.complex128(-0.03037964469393053+0j), 'F_swave': np.complex128(0.026073824960354125+0j)}, 'free': np.float64(-17767.9590758972)}]
------------------------------------------
  Seed: s-wave+py
F_onsite: (-0.030379581186192155+6.386534643724702e-18j)
F_swave: (0.026073767517838416-5.386600148945316e-18j), F_dwave: (-4.7704895589362195e-17-3.050377401299549e-19j)
F_px: (-5.204170427930421e-18-9.385336813814461e-18j), F_py: (7.396263271980397e-10-5.875020522155827e-18j)
Free_energy = -17767.958926787327
------------------------------------------
[{'stable': {'F_onsite': np.complex128(0.030269312556986838-0.0025691648212361516j), 'F_swave': np.complex128(-0.025979061676943263+0.0022050217104689573j)}, 'free': np.float64(-17767.955562533312)}, {'stable': {'F_onsite': np.complex128(-0.03037964469393053+0j), 'F_swave': np.complex128(0.026073824960354125+0j)}, 'free': np.float64(-17767.9590758972)}]
------------------------------------------
====================================
mu=3.08, T=0.0070
====================================
  Seed: normal state
F_onsite: 0j
F_swave: 0j, F_dwave: 0j
F_px: 0j, F_py: 0j
Free_energy = -17741.406504232447
------------------------------------------
[{'stable': {}, 'free': np.float64(-17741.406504232447)}]
------------------------------------------
  Seed: px+i*py
F_onsite: (0.030269700172681494-0.0025691977208471013j)
F_swave: (-0.02597941230141875+0.002205051470380614j), F_dwave: (-8.673617379884035e-19-1.2034644114589099e-17j)
F_px: (2.562186574017744e-15-2.0057740190981832e-16j), F_py: (-2.480654570646834e-16+2.5370330836160804e-17j)
Free_energy = -17767.956476342657
------------------------------------------
[{'stable': {'F_onsite': np.complex128(0.030269700172681494-0.0025691977208471013j), 'F_swave': np.complex128(-0.02597941230141875+0.002205051470380614j)}, 'free': np.float64(-17767.956476342657)}]
------------------------------------------
  Seed: s-wave
F_onsite: (-0.030379225022174668+0j)
F_swave: (0.02607344539835576+0j), F_dwave: (-5.204170427930421e-18+0j)
F_px: -1.1184223035545782e-17j, F_py: -5.360236248462026e-18j
Free_energy = -17767.958091087592
------------------------------------------
[{'stable': {'F_onsite': np.complex128(0.030269700172681494-0.0025691977208471013j), 'F_swave': np.complex128(-0.02597941230141875+0.002205051470380614j)}, 'free': np.float64(-17767.956476342657)}, {'stable': {'F_onsite': np.complex128(-0.030379225022174668+0j), 'F_swave': np.complex128(0.02607344539835576+0j)}, 'free': np.float64(-17767.958091087592)}]
------------------------------------------
  Seed: s-wave+px
F_onsite: (-0.030379195834462278-1.503726543944211e-18j)
F_swave: (0.026073418998218672+1.6820486145694303e-18j), F_dwave: (-9.540979117872439e-18+9.08284017252627e-19j)
F_px: (1.9575198753618572e-10-7.724834599840812e-18j), F_py: (8.673617379884035e-18-6.050568100474281e-18j)
Free_energy = -17767.95802255957
------------------------------------------
[{'stable': {'F_onsite': np.complex128(0.030269700172681494-0.0025691977208471013j), 'F_swave': np.complex128(-0.02597941230141875+0.002205051470380614j)}, 'free': np.float64(-17767.956476342657)}, {'stable': {'F_onsite': np.complex128(-0.030379225022174668+0j), 'F_swave': np.complex128(0.02607344539835576+0j)}, 'free': np.float64(-17767.958091087592)}]
------------------------------------------
  Seed: s-wave+py
F_onsite: (-0.030379195834462202+6.434918265493159e-18j)
F_swave: (0.0260734189982186-6.152476751940814e-18j), F_dwave: (1.3877787807814457e-17-6.442744355053022e-20j)
F_px: (-1.734723475976807e-18-3.1364571245642674e-18j), F_py: (1.9575197365839792e-10-5.890690631680032e-18j)
Free_energy = -17767.95802255957
------------------------------------------
[{'stable': {'F_onsite': np.complex128(0.030269700172681494-0.0025691977208471013j), 'F_swave': np.complex128(-0.02597941230141875+0.002205051470380614j)}, 'free': np.float64(-17767.956476342657)}, {'stable': {'F_onsite': np.complex128(-0.030379225022174668+0j), 'F_swave': np.complex128(0.02607344539835576+0j)}, 'free': np.float64(-17767.958091087592)}]
------------------------------------------
====================================
mu=3.08, T=0.0100
====================================
  Seed: normal state
F_onsite: 0j
F_swave: 0j, F_dwave: 0j
F_px: 0j, F_py: 0j
Free_energy = -17741.49138826823
------------------------------------------
[{'stable': {}, 'free': np.float64(-17741.49138826823)}]
------------------------------------------
  Seed: px+i*py
F_onsite: (0.030269807099709795-0.00256920679647967j)
F_swave: (-0.025979515129436918+0.0022050601981020296j), F_dwave: (5.204170427930421e-18-1.3010426069826053e-17j)
F_px: (7.303185833862358e-16-5.616167253474913e-17j), F_py: (-6.245004513516506e-17+9.974659986866641e-18j)
Free_energy = -17767.956840094725
------------------------------------------
[{'stable': {'F_onsite': np.complex128(0.030269807099709795-0.00256920679647967j), 'F_swave': np.complex128(-0.025979515129436918+0.0022050601981020296j)}, 'free': np.float64(-17767.956840094725)}]
------------------------------------------
  Seed: s-wave
F_onsite: (-0.030378960678625253+0j)
F_swave: (0.02607321243526211+0j), F_dwave: (2.949029909160572e-17+0j)
F_px: -3.772896505307467e-18j, F_py: -5.107185155469804e-18j
Free_energy = -17767.957582248877
------------------------------------------
[{'stable': {'F_onsite': np.complex128(0.030269807099709795-0.00256920679647967j), 'F_swave': np.complex128(-0.025979515129436918+0.0022050601981020296j)}, 'free': np.float64(-17767.956840094725)}, {'stable': {'F_onsite': np.complex128(-0.030378960678625253+0j), 'F_swave': np.complex128(0.02607321243526211+0j)}, 'free': np.float64(-17767.957582248877)}]
------------------------------------------
  Seed: s-wave+px
F_onsite: (-0.030378947263349897-8.413187654697488e-19j)
F_swave: (0.02607320030127215+3.930603452174377e-18j), F_dwave: (4.5102810375396984e-17+2.897117377405724e-18j)
F_px: (5.18085886691555e-11-9.908167900507178e-18j), F_py: (-6.938893903907228e-18-5.993287497416209e-18j)
Free_energy = -17767.95755075307
------------------------------------------
[{'stable': {'F_onsite': np.complex128(0.030269807099709795-0.00256920679647967j), 'F_swave': np.complex128(-0.025979515129436918+0.0022050601981020296j)}, 'free': np.float64(-17767.956840094725)}, {'stable': {'F_onsite': np.complex128(-0.030378960678625253+0j), 'F_swave': np.complex128(0.02607321243526211+0j)}, 'free': np.float64(-17767.957582248877)}]
------------------------------------------
  Seed: s-wave+py
F_onsite: (-0.03037894726334985+6.757641160287943e-18j)
F_swave: (0.02607320030127212-5.486073580688493e-18j), F_dwave: (-5.377642775528102e-17+3.8947633705936797e-19j)
F_px: (-5.204170427930421e-18-6.383452048745221e-18j), F_py: (5.180860601639026e-11-5.8753381595110475e-18j)
Free_energy = -17767.95755075307
------------------------------------------
[{'stable': {'F_onsite': np.complex128(0.030269807099709795-0.00256920679647967j), 'F_swave': np.complex128(-0.025979515129436918+0.0022050601981020296j)}, 'free': np.float64(-17767.956840094725)}, {'stable': {'F_onsite': np.complex128(-0.030378960678625253+0j), 'F_swave': np.complex128(0.02607321243526211+0j)}, 'free': np.float64(-17767.957582248877)}]
------------------------------------------
====================================
mu=3.08, T=0.0130
====================================
  Seed: normal state
F_onsite: 0j
F_swave: 0j, F_dwave: 0j
F_px: 0j, F_py: 0j
Free_energy = -17741.60563985424
------------------------------------------
[{'stable': {}, 'free': np.float64(-17741.60563985424)}]
------------------------------------------
  Seed: px+i*py
F_onsite: (0.030268614543050156-0.0025691055759907615j)
F_swave: (-0.025978543285779435+0.0022049777110441857j), F_dwave: (4.7704895589362195e-17+1.0950441942103595e-17j)
F_px: (2.203098814490545e-16-3.382710778154774e-17j), F_py: (-1.214306433183765e-17+7.589415207398531e-18j)
Free_energy = -17767.95601486166
------------------------------------------
[{'stable': {'F_onsite': np.complex128(0.030268614543050156-0.0025691055759907615j), 'F_swave': np.complex128(-0.025978543285779435+0.0022049777110441857j)}, 'free': np.float64(-17767.95601486166)}]
------------------------------------------
  Seed: s-wave
F_onsite: (-0.030377593107217136+0j)
F_swave: (0.02607208266949647+0j), F_dwave: (-1.0408340855860843e-17+0j)
F_px: -3.93891496296931e-18j, F_py: -5.992122827113734e-18j
Free_energy = -17767.9563560597
------------------------------------------
[{'stable': {'F_onsite': np.complex128(0.030268614543050156-0.0025691055759907615j), 'F_swave': np.complex128(-0.025978543285779435+0.0022049777110441857j)}, 'free': np.float64(-17767.95601486166)}, {'stable': {'F_onsite': np.complex128(-0.030377593107217136+0j), 'F_swave': np.complex128(0.02607208266949647+0j)}, 'free': np.float64(-17767.9563560597)}]
------------------------------------------
  Seed: s-wave+px
F_onsite: (-0.030377586937223148-6.459936352002794e-18j)
F_swave: (0.026072077089096368+7.87237715134067e-18j), F_dwave: (-6.331740687315346e-17+3.399937310719558e-18j)
F_px: (1.371147119455518e-11-1.0463821513906e-17j), F_py: (-1.214306433183765e-17-6.542376605473809e-18j)
Free_energy = -17767.956341580037
------------------------------------------
[{'stable': {'F_onsite': np.complex128(0.030268614543050156-0.0025691055759907615j), 'F_swave': np.complex128(-0.025978543285779435+0.0022049777110441857j)}, 'free': np.float64(-17767.95601486166)}, {'stable': {'F_onsite': np.complex128(-0.030377593107217136+0j), 'F_swave': np.complex128(0.02607208266949647+0j)}, 'free': np.float64(-17767.9563560597)}]
------------------------------------------
  Seed: s-wave+py
F_onsite: (-0.03037758693722316+8.668310338312376e-18j)
F_swave: (0.026072077089096365-7.378556943091414e-18j), F_dwave: (-1.5612511283791264e-17-5.841880358094503e-19j)
F_px: (-3.469446951953614e-18-6.665302261944089e-18j), F_py: (1.3711476398725608e-11-5.835315852753282e-18j)
Free_energy = -17767.956341580037
------------------------------------------
[{'stable': {'F_onsite': np.complex128(0.030268614543050156-0.0025691055759907615j), 'F_swave': np.complex128(-0.025978543285779435+0.0022049777110441857j)}, 'free': np.float64(-17767.95601486166)}, {'stable': {'F_onsite': np.complex128(-0.030377593107217136+0j), 'F_swave': np.complex128(0.02607208266949647+0j)}, 'free': np.float64(-17767.9563560597)}]
------------------------------------------
====================================
mu=3.08, T=0.0160
====================================
  Seed: normal state
F_onsite: 0j
F_swave: 0j, F_dwave: 0j
F_px: 0j, F_py: 0j
Free_energy = -17741.74975532818
------------------------------------------
[{'stable': {}, 'free': np.float64(-17741.74975532818)}]
------------------------------------------
  Seed: px+i*py
F_onsite: (0.030257148497188552-0.0025681323737876986j)
F_swave: (-0.025968771360347004+0.0022041483004981593j), F_dwave: (6.938893903907228e-18+8.998878031629687e-18j)
F_px: (-5.0306980803327406e-17+8.023096076392733e-18j), F_py: (-3.469446951953614e-18+4.9873299934333204e-18j)
Free_energy = -17767.940328582314
------------------------------------------
[{'stable': {'F_onsite': np.complex128(0.030257148497188552-0.0025681323737876986j), 'F_swave': np.complex128(-0.025968771360347004+0.0022041483004981593j)}, 'free': np.float64(-17767.940328582314)}]
------------------------------------------
  Seed: s-wave
F_onsite: (-0.0303659614501342+0j)
F_swave: (0.02606216310534578+0j), F_dwave: (-2.6020852139652106e-17+0j)
F_px: -6.026639419714347e-18j, F_py: -5.7727412937748704e-18j
Free_energy = -17767.94037777523
------------------------------------------
[{'stable': {'F_onsite': np.complex128(0.030257148497188552-0.0025681323737876986j), 'F_swave': np.complex128(-0.025968771360347004+0.0022041483004981593j)}, 'free': np.float64(-17767.940328582314)}, {'stable': {'F_onsite': np.complex128(-0.0303659614501342+0j), 'F_swave': np.complex128(0.02606216310534578+0j)}, 'free': np.float64(-17767.94037777523)}]
------------------------------------------
  Seed: s-wave+px
F_onsite: (-0.030365960558702502-5.708304211856879e-20j)
F_swave: (0.026062162299302038+3.418307337763136e-19j), F_dwave: (-4.163336342344337e-17-8.438036341428933e-19j)
F_px: (4.939416931026841e-13-1.1075061664468384e-17j), F_py: (-3.469446951953614e-18-5.847280193133249e-18j)
Free_energy = -17767.940375687598
------------------------------------------
[{'stable': {'F_onsite': np.complex128(0.030257148497188552-0.0025681323737876986j), 'F_swave': np.complex128(-0.025968771360347004+0.0022041483004981593j)}, 'free': np.float64(-17767.940328582314)}, {'stable': {'F_onsite': np.complex128(-0.0303659614501342+0j), 'F_swave': np.complex128(0.02606216310534578+0j)}, 'free': np.float64(-17767.94037777523)}]
------------------------------------------
  Seed: s-wave+py
F_onsite: (-0.030365960558702516+8.133712253057835e-18j)
F_swave: (0.026062162299302055-9.054676327030064e-18j), F_dwave: (-2.949029909160572e-17-1.788086551653828e-18j)
F_px: (-1.734723475976807e-18-4.044688202257691e-18j), F_py: (4.940353681703868e-13-6.405369026255426e-18j)
Free_energy = -17767.940375687598
------------------------------------------
[{'stable': {'F_onsite': np.complex128(0.030257148497188552-0.0025681323737876986j), 'F_swave': np.complex128(-0.025968771360347004+0.0022041483004981593j)}, 'free': np.float64(-17767.940328582314)}, {'stable': {'F_onsite': np.complex128(-0.0303659614501342+0j), 'F_swave': np.complex128(0.02606216310534578+0j)}, 'free': np.float64(-17767.94037777523)}]
------------------------------------------
====================================
mu=3.08, T=0.0190
====================================
  Seed: normal state
F_onsite: 0j
F_swave: 0j, F_dwave: 0j
F_px: 0j, F_py: 0j
Free_energy = -17741.924293039832
------------------------------------------
[{'stable': {}, 'free': np.float64(-17741.924293039832)}]
------------------------------------------
  Seed: px+i*py
F_onsite: (0.03021898828337956-0.002564893453884817j)
F_swave: (-0.02593609822598926+0.0022013751067814988j), F_dwave: (-2.7755575615628914e-17+7.697835424647081e-18j)
F_px: (4.683753385137379e-17+1.5178830414797062e-17j), F_py: (-6.938893903907228e-18+5.421010862427522e-18j)
Free_energy = -17767.88596450228
------------------------------------------
[{'stable': {'F_onsite': np.complex128(0.03021898828337956-0.002564893453884817j), 'F_swave': np.complex128(-0.02593609822598926+0.0022013751067814988j)}, 'free': np.float64(-17767.88596450228)}]
------------------------------------------
  Seed: s-wave
F_onsite: (-0.030327644001428258+0j)
F_swave: (0.02602935438306011+0j), F_dwave: (-3.9898639947466563e-17+0j)
F_px: -1.3192538153485728e-17j, F_py: -6.299172270493418e-18j
Free_energy = -17767.885966781843
------------------------------------------
[{'stable': {'F_onsite': np.complex128(0.03021898828337956-0.002564893453884817j), 'F_swave': np.complex128(-0.02593609822598926+0.0022013751067814988j)}, 'free': np.float64(-17767.88596450228)}, {'stable': {'F_onsite': np.complex128(-0.030327644001428258+0j), 'F_swave': np.complex128(0.02602935438306011+0j)}, 'free': np.float64(-17767.885966781843)}]
------------------------------------------
  Seed: s-wave+px
F_onsite: (-0.03032764395988531+5.930065497120139e-18j)
F_swave: (0.02602935434552081-6.58716347255988e-18j), F_dwave: (-9.540979117872439e-18-1.6646314995915137e-18j)
F_px: (2.381775332516156e-15-2.9504275135235417e-18j), F_py: (5.204170427930421e-18-5.8519388743431475e-18j)
Free_energy = -17767.885966685117
------------------------------------------
[{'stable': {'F_onsite': np.complex128(0.03021898828337956-0.002564893453884817j), 'F_swave': np.complex128(-0.02593609822598926+0.0022013751067814988j)}, 'free': np.float64(-17767.88596450228)}, {'stable': {'F_onsite': np.complex128(-0.030327644001428258+0j), 'F_swave': np.complex128(0.02602935438306011+0j)}, 'free': np.float64(-17767.885966781843)}]
------------------------------------------
  Seed: s-wave+py
F_onsite: (-0.030327643959885322+1.246032373975535e-17j)
F_swave: (0.026029354345520797-9.700009553719434e-18j), F_dwave: (-2.5153490401663703e-17+6.143106449961813e-19j)
F_px: (-5.204170427930421e-18-6.234586008265278e-18j), F_py: (2.4581031654591357e-15-6.314207105307182e-18j)
Free_energy = -17767.885966685113
------------------------------------------
[{'stable': {'F_onsite': np.complex128(0.03021898828337956-0.002564893453884817j), 'F_swave': np.complex128(-0.02593609822598926+0.0022013751067814988j)}, 'free': np.float64(-17767.88596450228)}, {'stable': {'F_onsite': np.complex128(-0.030327644001428258+0j), 'F_swave': np.complex128(0.02602935438306011+0j)}, 'free': np.float64(-17767.885966781843)}]
------------------------------------------
====================================
mu=3.08, T=0.0220
====================================
  Seed: normal state
F_onsite: 0j
F_swave: 0j, F_dwave: 0j
F_px: 0j, F_py: 0j
Free_energy = -17742.12940881561
------------------------------------------
[{'stable': {}, 'free': np.float64(-17742.12940881561)}]
------------------------------------------
  Seed: px+i*py
F_onsite: (0.030135838274595077-0.0025578359405351225j)
F_swave: (-0.025864910238779584+0.002195332892506182j), F_dwave: (2.3418766925686896e-17-4.119968255444917e-18j)
F_px: (1.3877787807814457e-17+5.421010862427522e-18j), F_py: (1.734723475976807e-18+7.37257477290143e-18j)
Free_energy = -17767.76934960673
------------------------------------------
[{'stable': {'F_onsite': np.complex128(0.030135838274595077-0.0025578359405351225j), 'F_swave': np.complex128(-0.025864910238779584+0.002195332892506182j)}, 'free': np.float64(-17767.76934960673)}]
------------------------------------------
  Seed: s-wave
F_onsite: (-0.03024419406403367+0j)
F_swave: (0.025957909569755855+0j), F_dwave: (1.734723475976807e-18+0j)
F_px: -8.561173756136027e-18j, F_py: -5.8354217318716886e-18j
Free_energy = -17767.769349658964
------------------------------------------
[{'stable': {'F_onsite': np.complex128(0.030135838274595077-0.0025578359405351225j), 'F_swave': np.complex128(-0.025864910238779584+0.002195332892506182j)}, 'free': np.float64(-17767.76934960673)}, {'stable': {'F_onsite': np.complex128(-0.03024419406403367+0j), 'F_swave': np.complex128(0.025957909569755855+0j)}, 'free': np.float64(-17767.769349658964)}]
------------------------------------------
  Seed: s-wave+px
F_onsite: (-0.03024419406307115+2.2108618857482667e-18j)
F_swave: (0.025957909568887265-1.8606137477624775e-18j), F_dwave: (8.673617379884035e-18+4.7116207691020456e-20j)
F_px: (1.734723475976807e-18-5.116290759652788e-18j), F_py: -5.899160961152575e-18j
Free_energy = -17767.769349656784
------------------------------------------
[{'stable': {'F_onsite': np.complex128(0.030135838274595077-0.0025578359405351225j), 'F_swave': np.complex128(-0.025864910238779584+0.002195332892506182j)}, 'free': np.float64(-17767.76934960673)}, {'stable': {'F_onsite': np.complex128(-0.03024419406403367+0j), 'F_swave': np.complex128(0.025957909569755855+0j)}, 'free': np.float64(-17767.769349658964)}]
------------------------------------------
  Seed: s-wave+py
F_onsite: (-0.030244194063071154+1.9064999966619466e-17j)
F_swave: (0.025957909568887265-1.7205462620221382e-17j), F_dwave: (7.806255641895632e-18-1.5202123820846555e-18j)
F_px: (1.734723475976807e-18-4.327808964877441e-18j), F_py: (-1.734723475976807e-18-5.848021346962096e-18j)
Free_energy = -17767.76934965678
------------------------------------------
[{'stable': {'F_onsite': np.complex128(0.030135838274595077-0.0025578359405351225j), 'F_swave': np.complex128(-0.025864910238779584+0.002195332892506182j)}, 'free': np.float64(-17767.76934960673)}, {'stable': {'F_onsite': np.complex128(-0.03024419406403367+0j), 'F_swave': np.complex128(0.025957909569755855+0j)}, 'free': np.float64(-17767.769349658964)}]
------------------------------------------
====================================
mu=3.08, T=0.0250
====================================
  Seed: normal state
F_onsite: 0j
F_swave: 0j, F_dwave: 0j
F_px: 0j, F_py: 0j
Free_energy = -17742.365021468948
------------------------------------------
[{'stable': {}, 'free': np.float64(-17742.365021468948)}]
------------------------------------------
  Seed: px+i*py
F_onsite: (0.02998794989337262-0.002545283636091789j)
F_swave: (-0.025738273632140252+0.0021845843723921027j), F_dwave: (-5.2909066017292616e-17+3.469446951953614e-18j)
F_px: (4.5102810375396984e-17-3.0357660829594124e-18j), F_py: (-1.734723475976807e-18+8.239936510889834e-18j)
Free_energy = -17767.56497799181
------------------------------------------
[{'stable': {'F_onsite': np.complex128(0.02998794989337262-0.002545283636091789j), 'F_swave': np.complex128(-0.025738273632140252+0.0021845843723921027j)}, 'free': np.float64(-17767.56497799181)}]
------------------------------------------
  Seed: s-wave
F_onsite: (-0.030095773916156802+0j)
F_swave: (0.02583081761106381+0j), F_dwave: (1.9081958235744878e-17+0j)
F_px: -2.5743448849426323e-18j, F_py: -6.4454972121315984e-18j
Free_energy = -17767.564977992413
------------------------------------------
[{'stable': {'F_onsite': np.complex128(0.02998794989337262-0.002545283636091789j), 'F_swave': np.complex128(-0.025738273632140252+0.0021845843723921027j)}, 'free': np.float64(-17767.56497799181)}, {'stable': {'F_onsite': np.complex128(-0.030095773916156802+0j), 'F_swave': np.complex128(0.02583081761106381+0j)}, 'free': np.float64(-17767.564977992413)}]
------------------------------------------
  Seed: s-wave+px
F_onsite: (-0.030095773916144614+0j)
F_swave: (0.025830817611053068+0j), F_dwave: (1.734723475976807e-18+0j)
F_px: -9.670363400565533e-18j, F_py: -5.817634039979348e-18j
Free_energy = -17767.564977992366
------------------------------------------
[{'stable': {'F_onsite': np.complex128(0.02998794989337262-0.002545283636091789j), 'F_swave': np.complex128(-0.025738273632140252+0.0021845843723921027j)}, 'free': np.float64(-17767.56497799181)}, {'stable': {'F_onsite': np.complex128(-0.030095773916156802+0j), 'F_swave': np.complex128(0.02583081761106381+0j)}, 'free': np.float64(-17767.564977992413)}]
------------------------------------------
  Seed: s-wave+py
F_onsite: (-0.030095773916144618+1.322100781685642e-17j)
F_swave: (0.025830817611053075-1.2497547620263574e-17j), F_dwave: (3.469446951953614e-18-1.2726670032495863e-18j)
F_px: (6.938893903907228e-18-1.0022517348386509e-17j), F_py: -6.078731945970486e-18j
Free_energy = -17767.564977992366
------------------------------------------
[{'stable': {'F_onsite': np.complex128(0.02998794989337262-0.002545283636091789j), 'F_swave': np.complex128(-0.025738273632140252+0.0021845843723921027j)}, 'free': np.float64(-17767.56497799181)}, {'stable': {'F_onsite': np.complex128(-0.030095773916156802+0j), 'F_swave': np.complex128(0.02583081761106381+0j)}, 'free': np.float64(-17767.564977992413)}]
------------------------------------------
====================================
mu=3.08, T=0.0280
====================================
  Seed: normal state
F_onsite: 0j
F_swave: 0j, F_dwave: 0j
F_px: 0j, F_py: 0j
Free_energy = -17742.63097975072
------------------------------------------
[{'stable': {}, 'free': np.float64(-17742.63097975072)}]
------------------------------------------
  Seed: px+i*py
F_onsite: (0.02975867505087213-0.002525823502709517j)
F_swave: (-0.02554195875921685+0.002167921778405137j), F_dwave: (-6.938893903907228e-17-1.2034644114589099e-17j)
F_px: (3.122502256758253e-17+2.6020852139652106e-17j), F_py: 4.119968255444917e-18j
Free_energy = -17767.254604253223
------------------------------------------
[{'stable': {'F_onsite': np.complex128(0.02975867505087213-0.002525823502709517j), 'F_swave': np.complex128(-0.02554195875921685+0.002167921778405137j)}, 'free': np.float64(-17767.254604253223)}]
------------------------------------------
  Seed: s-wave
F_onsite: (-0.02986567469772612+0j)
F_swave: (0.025633796872389755+0j), F_dwave: (3.642919299551295e-17+0j)
F_px: -1.661031609565683e-18j, F_py: -6.349147214381422e-18j
Free_energy = -17767.25460425323
------------------------------------------
[{'stable': {'F_onsite': np.complex128(0.02975867505087213-0.002525823502709517j), 'F_swave': np.complex128(-0.02554195875921685+0.002167921778405137j)}, 'free': np.float64(-17767.254604253223)}, {'stable': {'F_onsite': np.complex128(-0.02986567469772612+0j), 'F_swave': np.complex128(0.025633796872389755+0j)}, 'free': np.float64(-17767.25460425323)}]
------------------------------------------
  Seed: s-wave+px
F_onsite: (-0.029865674697726007+0j)
F_swave: (0.02563379687238967+0j), F_dwave: (3.469446951953614e-17+0j)
F_px: -9.92489680121545e-18j, F_py: -5.957817992749935e-18j
Free_energy = -17767.25460425323
------------------------------------------
[{'stable': {'F_onsite': np.complex128(0.02975867505087213-0.002525823502709517j), 'F_swave': np.complex128(-0.02554195875921685+0.002167921778405137j)}, 'free': np.float64(-17767.254604253223)}, {'stable': {'F_onsite': np.complex128(-0.02986567469772612+0j), 'F_swave': np.complex128(0.025633796872389755+0j)}, 'free': np.float64(-17767.25460425323)}]
------------------------------------------
  Seed: s-wave+py
F_onsite: (-0.029865674697726007+1.429199090390293e-17j)
F_swave: (0.025633796872389668-1.2148464166876396e-17j), F_dwave: (3.5561831257524545e-17-7.208250381134096e-19j)
F_px: (5.204170427930421e-18-7.951839429704965e-18j), F_py: (-1.734723475976807e-18-6.010228156361295e-18j)
Free_energy = -17767.25460425323
------------------------------------------
[{'stable': {'F_onsite': np.complex128(0.02975867505087213-0.002525823502709517j), 'F_swave': np.complex128(-0.02554195875921685+0.002167921778405137j)}, 'free': np.float64(-17767.254604253223)}, {'stable': {'F_onsite': np.complex128(-0.02986567469772612+0j), 'F_swave': np.complex128(0.025633796872389755+0j)}, 'free': np.float64(-17767.25460425323)}]
------------------------------------------
====================================
mu=3.08, T=0.0310
====================================
  Seed: normal state
F_onsite: 0j
F_swave: 0j, F_dwave: 0j
F_px: 0j, F_py: 0j
Free_energy = -17742.927144942674
------------------------------------------
[{'stable': {}, 'free': np.float64(-17742.927144942674)}]
------------------------------------------
  Seed: px+i*py
F_onsite: (0.029431224371113222-0.0024980305105316153j)
F_swave: (-0.025261514467848654+0.002144118541832006j), F_dwave: (-2.688821387764051e-17+1.496198998029996e-17j)
F_px: (2.2551405187698492e-17+8.023096076392733e-18j), F_py: (8.673617379884035e-18+5.204170427930421e-18j)
Free_energy = -17766.82008447998
------------------------------------------
[{'stable': {'F_onsite': np.complex128(0.029431224371113222-0.0024980305105316153j), 'F_swave': np.complex128(-0.025261514467848654+0.002144118541832006j)}, 'free': np.float64(-17766.82008447998)}]
------------------------------------------
  Seed: s-wave
F_onsite: (-0.02953704664339944+0j)
F_swave: (0.025352344221605146+0j), F_dwave: (-1.9081958235744878e-17+0j)
F_px: -1.5251675248260932e-17j, F_py: -5.8563857973162325e-18j
Free_energy = -17766.82008447998
------------------------------------------
[{'stable': {'F_onsite': np.complex128(0.029431224371113222-0.0024980305105316153j), 'F_swave': np.complex128(-0.025261514467848654+0.002144118541832006j)}, 'free': np.float64(-17766.82008447998)}, {'stable': {'F_onsite': np.complex128(-0.02953704664339944+0j), 'F_swave': np.complex128(0.025352344221605146+0j)}, 'free': np.float64(-17766.82008447998)}]
------------------------------------------
  Seed: s-wave+px
F_onsite: (-0.029537046643399432+0j)
F_swave: (0.025352344221605146+0j), F_dwave: (-1.9081958235744878e-17+0j)
F_px: -1.3619231000665082e-17j, F_py: -5.8015404139815166e-18j
Free_energy = -17766.82008447998
------------------------------------------
[{'stable': {'F_onsite': np.complex128(0.029431224371113222-0.0024980305105316153j), 'F_swave': np.complex128(-0.025261514467848654+0.002144118541832006j)}, 'free': np.float64(-17766.82008447998)}, {'stable': {'F_onsite': np.complex128(-0.02953704664339944+0j), 'F_swave': np.complex128(0.025352344221605146+0j)}, 'free': np.float64(-17766.82008447998)}]
------------------------------------------
  Seed: s-wave+py
F_onsite: (-0.02953704664339944+1.447230427817572e-17j)
F_swave: (0.02535234422160515-1.2067201943499186e-17j), F_dwave: (-2.0816681711721685e-17+1.0852609636695723e-20j)
F_px: (1.734723475976807e-18-1.3585879078366944e-17j), F_py: -6.259996996682907e-18j
Free_energy = -17766.82008447998
------------------------------------------
[{'stable': {'F_onsite': np.complex128(0.029431224371113222-0.0024980305105316153j), 'F_swave': np.complex128(-0.025261514467848654+0.002144118541832006j)}, 'free': np.float64(-17766.82008447998)}, {'stable': {'F_onsite': np.complex128(-0.02953704664339944+0j), 'F_swave': np.complex128(0.025352344221605146+0j)}, 'free': np.float64(-17766.82008447998)}]
------------------------------------------
====================================
mu=3.08, T=0.0340
====================================
  Seed: normal state
F_onsite: 0j
F_swave: 0j, F_dwave: 0j
F_px: 0j, F_py: 0j
Free_energy = -17743.253417047887
------------------------------------------
[{'stable': {}, 'free': np.float64(-17743.253417047887)}]
------------------------------------------
  Seed: px+i*py
F_onsite: (0.02899228578283626-0.002460774772478164j)
F_swave: (-0.02488555338118726+0.002112208137650076j), F_dwave: (-6.678685382510707e-17-5.421010862427522e-19j)
F_px: (1.5612511283791264e-17+2.211772431870429e-17j), F_py: (5.204170427930421e-18+7.15573433840433e-18j)
Free_energy = -17766.252412569185
------------------------------------------
[{'stable': {'F_onsite': np.complex128(0.02899228578283626-0.002460774772478164j), 'F_swave': np.complex128(-0.02488555338118726+0.002112208137650076j)}, 'free': np.float64(-17766.252412569185)}]
------------------------------------------
  Seed: s-wave
F_onsite: (-0.02909652981705072+0j)
F_swave: (0.02497503133741149+0j), F_dwave: 0j
F_px: -1.485822844426131e-17j, F_py: -6.474084574101431e-18j
Free_energy = -17766.252412569185
------------------------------------------
[{'stable': {'F_onsite': np.complex128(0.02899228578283626-0.002460774772478164j), 'F_swave': np.complex128(-0.02488555338118726+0.002112208137650076j)}, 'free': np.float64(-17766.252412569185)}, {'stable': {'F_onsite': np.complex128(-0.02909652981705072+0j), 'F_swave': np.complex128(0.02497503133741149+0j)}, 'free': np.float64(-17766.252412569185)}]
------------------------------------------
  Seed: s-wave+px
F_onsite: (-0.02909652981705072+0j)
F_swave: (0.02497503133741149+0j), F_dwave: 0j
F_px: -1.485822844426131e-17j, F_py: -6.474084574101431e-18j
Free_energy = -17766.252412569185
------------------------------------------
[{'stable': {'F_onsite': np.complex128(0.02899228578283626-0.002460774772478164j), 'F_swave': np.complex128(-0.02488555338118726+0.002112208137650076j)}, 'free': np.float64(-17766.252412569185)}, {'stable': {'F_onsite': np.complex128(-0.02909652981705072+0j), 'F_swave': np.complex128(0.02497503133741149+0j)}, 'free': np.float64(-17766.252412569185)}]
------------------------------------------
  Seed: s-wave+py
F_onsite: (-0.029096529817050708+7.74459116772151e-18j)
F_swave: (0.024975031337411482-5.7793587386752946e-18j), F_dwave: (3.469446951953614e-18+9.1971896204056e-19j)
F_px: -1.547020974865254e-17j, F_py: -5.945218377659527e-18j
Free_energy = -17766.252412569185
------------------------------------------
[{'stable': {'F_onsite': np.complex128(0.02899228578283626-0.002460774772478164j), 'F_swave': np.complex128(-0.02488555338118726+0.002112208137650076j)}, 'free': np.float64(-17766.252412569185)}, {'stable': {'F_onsite': np.complex128(-0.02909652981705072+0j), 'F_swave': np.complex128(0.02497503133741149+0j)}, 'free': np.float64(-17766.252412569185)}]
------------------------------------------
====================================
mu=3.08, T=0.0370
====================================
  Seed: normal state
F_onsite: 0j
F_swave: 0j, F_dwave: 0j
F_px: 0j, F_py: 0j
Free_energy = -17743.60973490936
------------------------------------------
[{'stable': {}, 'free': np.float64(-17743.60973490936)}]
------------------------------------------
  Seed: px+i*py
F_onsite: (0.028428812371069142-0.002412948907107418j)
F_swave: (-0.024402893933082433+0.0020712415094065527j), F_dwave: (7.806255641895632e-18-1.6588293239028218e-17j)
F_px: (-5.204170427930421e-18+4.2500725161431774e-17j), F_py: (1.734723475976807e-18+2.168404344971009e-19j)
Free_energy = -17765.545573803895
------------------------------------------
[{'stable': {'F_onsite': np.complex128(0.028428812371069142-0.002412948907107418j), 'F_swave': np.complex128(-0.024402893933082433+0.0020712415094065527j)}, 'free': np.float64(-17765.545573803895)}]
------------------------------------------
  Seed: s-wave
F_onsite: (-0.028531030392500142+0j)
F_swave: (0.02449063644945871+0j), F_dwave: (3.642919299551295e-17+0j)
F_px: -6.002287222480786e-18j, F_py: -6.350629522039117e-18j
Free_energy = -17765.545573803895
------------------------------------------
[{'stable': {'F_onsite': np.complex128(0.028428812371069142-0.002412948907107418j), 'F_swave': np.complex128(-0.024402893933082433+0.0020712415094065527j)}, 'free': np.float64(-17765.545573803895)}, {'stable': {'F_onsite': np.complex128(-0.028531030392500142+0j), 'F_swave': np.complex128(0.02449063644945871+0j)}, 'free': np.float64(-17765.545573803895)}]
------------------------------------------
  Seed: s-wave+px
F_onsite: (-0.028531030392500142+0j)
F_swave: (0.02449063644945871+0j), F_dwave: (3.642919299551295e-17+0j)
F_px: -6.002287222480786e-18j, F_py: -6.350629522039117e-18j
Free_energy = -17765.545573803895
------------------------------------------
[{'stable': {'F_onsite': np.complex128(0.028428812371069142-0.002412948907107418j), 'F_swave': np.complex128(-0.024402893933082433+0.0020712415094065527j)}, 'free': np.float64(-17765.545573803895)}, {'stable': {'F_onsite': np.complex128(-0.028531030392500142+0j), 'F_swave': np.complex128(0.02449063644945871+0j)}, 'free': np.float64(-17765.545573803895)}]
------------------------------------------
  Seed: s-wave+py
F_onsite: (-0.028531030392500146+7.432241082903836e-18j)
F_swave: (0.02449063644945871-5.438110340050218e-18j), F_dwave: (3.209238430557093e-17+9.166484676067631e-19j)
F_px: (1.734723475976807e-18-4.8547693371880224e-18j), F_py: (1.734723475976807e-18-6.3911812243889164e-18j)
Free_energy = -17765.545573803895
------------------------------------------
[{'stable': {'F_onsite': np.complex128(0.028428812371069142-0.002412948907107418j), 'F_swave': np.complex128(-0.024402893933082433+0.0020712415094065527j)}, 'free': np.float64(-17765.545573803895)}, {'stable': {'F_onsite': np.complex128(-0.028531030392500142+0j), 'F_swave': np.complex128(0.02449063644945871+0j)}, 'free': np.float64(-17765.545573803895)}]
------------------------------------------
====================================
mu=3.08, T=0.0400
====================================
  Seed: normal state
F_onsite: 0j
F_swave: 0j, F_dwave: 0j
F_px: 0j, F_py: 0j
Free_energy = -17743.996067555683
------------------------------------------
[{'stable': {}, 'free': np.float64(-17743.996067555683)}]
------------------------------------------
  Seed: px+i*py
F_onsite: (0.027724918512251995-0.002353204592248845j)
F_swave: (-0.023799837495911334+0.002020055960323372j), F_dwave: (-2.862293735361732e-17-8.565197162635485e-18j)
F_px: (1.3877787807814457e-17+6.743737512859838e-17j), F_py: (-1.734723475976807e-18+7.589415207398531e-18j)
Free_energy = -17764.691911420665
------------------------------------------
[{'stable': {'F_onsite': np.complex128(0.027724918512251995-0.002353204592248845j), 'F_swave': np.complex128(-0.023799837495911334+0.002020055960323372j)}, 'free': np.float64(-17764.691911420665)}]
------------------------------------------
  Seed: s-wave
F_onsite: (-0.027824605628184642+0j)
F_swave: (0.023885411675636226+0j), F_dwave: (-6.938893903907228e-18+0j)
F_px: -4.991353399932778e-18j, F_py: -6.960493244062213e-18j
Free_energy = -17764.691911420665
------------------------------------------
[{'stable': {'F_onsite': np.complex128(0.027724918512251995-0.002353204592248845j), 'F_swave': np.complex128(-0.023799837495911334+0.002020055960323372j)}, 'free': np.float64(-17764.691911420665)}, {'stable': {'F_onsite': np.complex128(-0.027824605628184642+0j), 'F_swave': np.complex128(0.023885411675636226+0j)}, 'free': np.float64(-17764.691911420665)}]
------------------------------------------
  Seed: s-wave+px
F_onsite: (-0.027824605628184642+0j)
F_swave: (0.023885411675636226+0j), F_dwave: (-6.938893903907228e-18+0j)
F_px: -4.991353399932778e-18j, F_py: -6.960493244062213e-18j
Free_energy = -17764.691911420665
------------------------------------------
[{'stable': {'F_onsite': np.complex128(0.027724918512251995-0.002353204592248845j), 'F_swave': np.complex128(-0.023799837495911334+0.002020055960323372j)}, 'free': np.float64(-17764.691911420665)}, {'stable': {'F_onsite': np.complex128(-0.027824605628184642+0j), 'F_swave': np.complex128(0.023885411675636226+0j)}, 'free': np.float64(-17764.691911420665)}]
------------------------------------------
  Seed: s-wave+py
F_onsite: (-0.027824605628184645+6.4105018833445725e-18j)
F_swave: (0.02388541167563623-4.8995562042740935e-18j), F_dwave: (-6.071532165918825e-18+1.0693790959085542e-19j)
F_px: (3.469446951953614e-18-7.061819560377509e-18j), F_py: (1.734723475976807e-18-6.16925859220829e-18j)
Free_energy = -17764.691911420665
------------------------------------------
[{'stable': {'F_onsite': np.complex128(0.027724918512251995-0.002353204592248845j), 'F_swave': np.complex128(-0.023799837495911334+0.002020055960323372j)}, 'free': np.float64(-17764.691911420665)}, {'stable': {'F_onsite': np.complex128(-0.027824605628184642+0j), 'F_swave': np.complex128(0.023885411675636226+0j)}, 'free': np.float64(-17764.691911420665)}]
------------------------------------------
====================================
mu=3.08, T=0.0430
====================================
  Seed: normal state
F_onsite: 0j
F_swave: 0j, F_dwave: 0j
F_px: 0j, F_py: 0j
Free_energy = -17744.412404546787
------------------------------------------
[{'stable': {}, 'free': np.float64(-17744.412404546787)}]
------------------------------------------
  Seed: px+i*py
F_onsite: (0.02686402722743443-0.002280134825642835j)
F_swave: (-0.023062132025630292+0.0019574418213629302j), F_dwave: (-4.2500725161431774e-17-4.336808689942018e-19j)
F_px: (-1.214306433183765e-17-4.7704895589362195e-18j), F_py: (-1.734723475976807e-18+5.204170427930421e-18j)
Free_energy = -17763.688568066365
------------------------------------------
[{'stable': {'F_onsite': np.complex128(0.02686402722743443-0.002280134825642835j), 'F_swave': np.complex128(-0.023062132025630292+0.0019574418213629302j)}, 'free': np.float64(-17763.688568066365)}]
------------------------------------------
  Seed: s-wave
F_onsite: (-0.02696061894132724+0j)
F_swave: (0.023145053727559508+0j), F_dwave: (-3.2959746043559335e-17+0j)
F_px: -2.048062138989854e-17j, F_py: -6.5700110553779806e-18j
Free_energy = -17763.688568066358
------------------------------------------
[{'stable': {'F_onsite': np.complex128(0.02686402722743443-0.002280134825642835j), 'F_swave': np.complex128(-0.023062132025630292+0.0019574418213629302j)}, 'free': np.float64(-17763.688568066365)}, {'stable': {'F_onsite': np.complex128(-0.02696061894132724+0j), 'F_swave': np.complex128(0.023145053727559508+0j)}, 'free': np.float64(-17763.688568066358)}]
------------------------------------------
  Seed: s-wave+px
F_onsite: (-0.02696061894132724+0j)
F_swave: (0.023145053727559508+0j), F_dwave: (-3.2959746043559335e-17+0j)
F_px: -2.048062138989854e-17j, F_py: -6.5700110553779806e-18j
Free_energy = -17763.688568066358
------------------------------------------
[{'stable': {'F_onsite': np.complex128(0.02686402722743443-0.002280134825642835j), 'F_swave': np.complex128(-0.023062132025630292+0.0019574418213629302j)}, 'free': np.float64(-17763.688568066365)}, {'stable': {'F_onsite': np.complex128(-0.02696061894132724+0j), 'F_swave': np.complex128(0.023145053727559508+0j)}, 'free': np.float64(-17763.688568066358)}]
------------------------------------------
  Seed: s-wave+py
F_onsite: (-0.02696061894132724+4.8487996412828436e-18j)
F_swave: (0.023145053727559504-2.9787501776973573e-18j), F_dwave: (-3.5561831257524545e-17+1.3817754347677808e-18j)
F_px: (3.469446951953614e-18-2.053832550943024e-17j), F_py: (-1.734723475976807e-18-6.241997546553753e-18j)
Free_energy = -17763.688568066358
------------------------------------------
[{'stable': {'F_onsite': np.complex128(0.02686402722743443-0.002280134825642835j), 'F_swave': np.complex128(-0.023062132025630292+0.0019574418213629302j)}, 'free': np.float64(-17763.688568066365)}, {'stable': {'F_onsite': np.complex128(-0.02696061894132724+0j), 'F_swave': np.complex128(0.023145053727559508+0j)}, 'free': np.float64(-17763.688568066358)}]
------------------------------------------
====================================
mu=3.08, T=0.0460
====================================
  Seed: normal state
F_onsite: 0j
F_swave: 0j, F_dwave: 0j
F_px: 0j, F_py: 0j
Free_energy = -17744.858748060855
------------------------------------------
[{'stable': {}, 'free': np.float64(-17744.858748060855)}]
------------------------------------------
  Seed: px+i*py
F_onsite: (0.02582684648654906-0.0021921021599610887j)
F_swave: (-0.022173202872091957+0.0018819922879273416j), F_dwave: (-8.673617379884035e-18+3.165870343657673e-17j)
F_px: (-3.2959746043559335e-17+8.565197162635485e-18j), F_py: (3.469446951953614e-18+6.288372600415926e-18j)
Free_energy = -17762.535615604495
------------------------------------------
[{'stable': {'F_onsite': np.complex128(0.02582684648654906-0.0021921021599610887j), 'F_swave': np.complex128(-0.022173202872091957+0.0018819922879273416j)}, 'free': np.float64(-17762.535615604495)}]
------------------------------------------
  Seed: s-wave
F_onsite: (-0.025919708935855594+0j)
F_swave: (0.02225292835962855+0j), F_dwave: (8.673617379884035e-18+0j)
F_px: -1.1772063900940266e-17j, F_py: -6.571281604798862e-18j
Free_energy = -17762.535615604495
------------------------------------------
[{'stable': {'F_onsite': np.complex128(0.02582684648654906-0.0021921021599610887j), 'F_swave': np.complex128(-0.022173202872091957+0.0018819922879273416j)}, 'free': np.float64(-17762.535615604495)}, {'stable': {'F_onsite': np.complex128(-0.025919708935855594+0j), 'F_swave': np.complex128(0.02225292835962855+0j)}, 'free': np.float64(-17762.535615604495)}]
------------------------------------------
  Seed: s-wave+px
F_onsite: (-0.025919708935855594+0j)
F_swave: (0.02225292835962855+0j), F_dwave: (8.673617379884035e-18+0j)
F_px: -1.1772063900940266e-17j, F_py: -6.571281604798862e-18j
Free_energy = -17762.535615604495
------------------------------------------
[{'stable': {'F_onsite': np.complex128(0.02582684648654906-0.0021921021599610887j), 'F_swave': np.complex128(-0.022173202872091957+0.0018819922879273416j)}, 'free': np.float64(-17762.535615604495)}, {'stable': {'F_onsite': np.complex128(-0.025919708935855594+0j), 'F_swave': np.complex128(0.02225292835962855+0j)}, 'free': np.float64(-17762.535615604495)}]
------------------------------------------
  Seed: s-wave+py
F_onsite: (-0.025919708935855594+0j)
F_swave: (0.02225292835962855+0j), F_dwave: (8.673617379884035e-18+0j)
F_px: -1.1772063900940266e-17j, F_py: -6.571281604798862e-18j
Free_energy = -17762.535615604495
------------------------------------------
[{'stable': {'F_onsite': np.complex128(0.02582684648654906-0.0021921021599610887j), 'F_swave': np.complex128(-0.022173202872091957+0.0018819922879273416j)}, 'free': np.float64(-17762.535615604495)}, {'stable': {'F_onsite': np.complex128(-0.025919708935855594+0j), 'F_swave': np.complex128(0.02225292835962855+0j)}, 'free': np.float64(-17762.535615604495)}]
------------------------------------------
====================================
mu=3.08, T=0.0490
====================================
  Seed: normal state
F_onsite: 0j
F_swave: 0j, F_dwave: 0j
F_px: 0j, F_py: 0j
Free_energy = -17745.33510724221
------------------------------------------
[{'stable': {}, 'free': np.float64(-17745.33510724221)}]
------------------------------------------
  Seed: px+i*py
F_onsite: (0.024586604884139142-0.002086834321824853j)
F_swave: (-0.02110999842195005+0.0017917508109878298j), F_dwave: (-2.5153490401663703e-17+4.174178364069192e-18j)
F_px: (-1.214306433183765e-17-2.949029909160572e-17j), F_py: (1.734723475976807e-18+5.312590645178972e-18j)
Free_energy = -17761.231379866138
------------------------------------------
[{'stable': {'F_onsite': np.complex128(0.024586604884139142-0.002086834321824853j), 'F_swave': np.complex128(-0.02110999842195005+0.0017917508109878298j)}, 'free': np.float64(-17761.231379866138)}]
------------------------------------------
  Seed: s-wave
F_onsite: (-0.02467500794762837+0j)
F_swave: (0.02118590107461591+0j), F_dwave: (-8.326672684688674e-17+0j)
F_px: -5.50973756365241e-18j, F_py: -7.105124119805885e-18j
Free_energy = -17761.231379866138
------------------------------------------
[{'stable': {'F_onsite': np.complex128(0.024586604884139142-0.002086834321824853j), 'F_swave': np.complex128(-0.02110999842195005+0.0017917508109878298j)}, 'free': np.float64(-17761.231379866138)}, {'stable': {'F_onsite': np.complex128(-0.02467500794762837+0j), 'F_swave': np.complex128(0.02118590107461591+0j)}, 'free': np.float64(-17761.231379866138)}]
------------------------------------------
  Seed: s-wave+px
F_onsite: (-0.02467500794762837+0j)
F_swave: (0.02118590107461591+0j), F_dwave: (-8.326672684688674e-17+0j)
F_px: -5.50973756365241e-18j, F_py: -7.105124119805885e-18j
Free_energy = -17761.231379866138
------------------------------------------
[{'stable': {'F_onsite': np.complex128(0.024586604884139142-0.002086834321824853j), 'F_swave': np.complex128(-0.02110999842195005+0.0017917508109878298j)}, 'free': np.float64(-17761.231379866138)}, {'stable': {'F_onsite': np.complex128(-0.02467500794762837+0j), 'F_swave': np.complex128(0.02118590107461591+0j)}, 'free': np.float64(-17761.231379866138)}]
------------------------------------------
  Seed: s-wave+py
F_onsite: (-0.02467500794762837+0j)
F_swave: (0.02118590107461591+0j), F_dwave: (-8.326672684688674e-17+0j)
F_px: -5.50973756365241e-18j, F_py: -7.105124119805885e-18j
Free_energy = -17761.231379866138
------------------------------------------
[{'stable': {'F_onsite': np.complex128(0.024586604884139142-0.002086834321824853j), 'F_swave': np.complex128(-0.02110999842195005+0.0017917508109878298j)}, 'free': np.float64(-17761.231379866138)}, {'stable': {'F_onsite': np.complex128(-0.02467500794762837+0j), 'F_swave': np.complex128(0.02118590107461591+0j)}, 'free': np.float64(-17761.231379866138)}]
------------------------------------------
====================================
mu=3.08, T=0.0520
====================================
  Seed: normal state
F_onsite: 0j
F_swave: 0j, F_dwave: 0j
F_px: 0j, F_py: 0j
Free_energy = -17745.841494503387
------------------------------------------
[{'stable': {}, 'free': np.float64(-17745.841494503387)}]
------------------------------------------
  Seed: px+i*py
F_onsite: (0.023107750500015005-0.0019613137751565836j)
F_swave: (-0.019841932430901765+0.0016841213255452412j), F_dwave: (4.683753385137379e-17+3.577867169202165e-18j)
F_px: (-3.8163916471489756e-17+9.75781955236954e-18j), F_py: (6.938893903907228e-18+7.589415207398531e-18j)
Free_energy = -17759.776516237274
------------------------------------------
[{'stable': {'F_onsite': np.complex128(0.023107750500015005-0.0019613137751565836j), 'F_swave': np.complex128(-0.019841932430901765+0.0016841213255452412j)}, 'free': np.float64(-17759.776516237274)}]
------------------------------------------
  Seed: s-wave
F_onsite: (-0.023190836226741705+0j)
F_swave: (0.019913275652981482+0j), F_dwave: (-7.632783294297951e-17+0j)
F_px: -3.7144512319469206e-18j, F_py: -7.213332578817622e-18j
Free_energy = -17759.77651623728
------------------------------------------
[{'stable': {'F_onsite': np.complex128(0.023107750500015005-0.0019613137751565836j), 'F_swave': np.complex128(-0.019841932430901765+0.0016841213255452412j)}, 'free': np.float64(-17759.776516237274)}, {'stable': {'F_onsite': np.complex128(-0.023190836226741705+0j), 'F_swave': np.complex128(0.019913275652981482+0j)}, 'free': np.float64(-17759.77651623728)}]
------------------------------------------
  Seed: s-wave+px
F_onsite: (-0.023190836226741705+0j)
F_swave: (0.019913275652981482+0j), F_dwave: (-7.632783294297951e-17+0j)
F_px: -3.7144512319469206e-18j, F_py: -7.213332578817622e-18j
Free_energy = -17759.77651623728
------------------------------------------
[{'stable': {'F_onsite': np.complex128(0.023107750500015005-0.0019613137751565836j), 'F_swave': np.complex128(-0.019841932430901765+0.0016841213255452412j)}, 'free': np.float64(-17759.776516237274)}, {'stable': {'F_onsite': np.complex128(-0.023190836226741705+0j), 'F_swave': np.complex128(0.019913275652981482+0j)}, 'free': np.float64(-17759.77651623728)}]
------------------------------------------
  Seed: s-wave+py
F_onsite: (-0.023190836226741705+0j)
F_swave: (0.019913275652981482+0j), F_dwave: (-7.632783294297951e-17+0j)
F_px: -3.7144512319469206e-18j, F_py: -7.213332578817622e-18j
Free_energy = -17759.77651623728
------------------------------------------
[{'stable': {'F_onsite': np.complex128(0.023107750500015005-0.0019613137751565836j), 'F_swave': np.complex128(-0.019841932430901765+0.0016841213255452412j)}, 'free': np.float64(-17759.776516237274)}, {'stable': {'F_onsite': np.complex128(-0.023190836226741705+0j), 'F_swave': np.complex128(0.019913275652981482+0j)}, 'free': np.float64(-17759.77651623728)}]
------------------------------------------
====================================
mu=3.08, T=0.0550
====================================
  Seed: normal state
F_onsite: 0j
F_swave: 0j, F_dwave: 0j
F_px: 0j, F_py: 0j
Free_energy = -17746.377923277552
------------------------------------------
[{'stable': {}, 'free': np.float64(-17746.377923277552)}]
------------------------------------------
  Seed: px+i*py
F_onsite: (0.02133772746294405-0.0018110797415602968j)
F_swave: (-0.01832378379256178+0.001555265605162106j), F_dwave: (-1.8214596497756474e-17+1.089623183347932e-17j)
F_px: (1.5612511283791264e-17-3.3610267347050637e-18j), F_py: (-1.734723475976807e-18+7.047314121155779e-18j)
Free_energy = -17758.171436966626
------------------------------------------
[{'stable': {'F_onsite': np.complex128(0.02133772746294405-0.0018110797415602968j), 'F_swave': np.complex128(-0.01832378379256178+0.001555265605162106j)}, 'free': np.float64(-17758.171436966626)}]
------------------------------------------
  Seed: s-wave
F_onsite: (-0.02141444893321273+0j)
F_swave: (0.018389668392310876+0j), F_dwave: (-1.0408340855860843e-17+0j)
F_px: -1.1328006878342199e-17j, F_py: -7.823619817314345e-18j
Free_energy = -17758.171436966626
------------------------------------------
[{'stable': {'F_onsite': np.complex128(0.02133772746294405-0.0018110797415602968j), 'F_swave': np.complex128(-0.01832378379256178+0.001555265605162106j)}, 'free': np.float64(-17758.171436966626)}, {'stable': {'F_onsite': np.complex128(-0.02141444893321273+0j), 'F_swave': np.complex128(0.018389668392310876+0j)}, 'free': np.float64(-17758.171436966626)}]
------------------------------------------
  Seed: s-wave+px
F_onsite: (-0.02141444893321273+0j)
F_swave: (0.018389668392310876+0j), F_dwave: (-1.0408340855860843e-17+0j)
F_px: -1.1328006878342199e-17j, F_py: -7.823619817314345e-18j
Free_energy = -17758.171436966626
------------------------------------------
[{'stable': {'F_onsite': np.complex128(0.02133772746294405-0.0018110797415602968j), 'F_swave': np.complex128(-0.01832378379256178+0.001555265605162106j)}, 'free': np.float64(-17758.171436966626)}, {'stable': {'F_onsite': np.complex128(-0.02141444893321273+0j), 'F_swave': np.complex128(0.018389668392310876+0j)}, 'free': np.float64(-17758.171436966626)}]
------------------------------------------
  Seed: s-wave+py
F_onsite: (-0.02141444893321273+0j)
F_swave: (0.018389668392310876+0j), F_dwave: (-1.0408340855860843e-17+0j)
F_px: -1.1328006878342199e-17j, F_py: -7.823619817314345e-18j
Free_energy = -17758.171436966626
------------------------------------------
[{'stable': {'F_onsite': np.complex128(0.02133772746294405-0.0018110797415602968j), 'F_swave': np.complex128(-0.01832378379256178+0.001555265605162106j)}, 'free': np.float64(-17758.171436966626)}, {'stable': {'F_onsite': np.complex128(-0.02141444893321273+0j), 'F_swave': np.complex128(0.018389668392310876+0j)}, 'free': np.float64(-17758.171436966626)}]
------------------------------------------
====================================
mu=3.08, T=0.0580
====================================
  Seed: normal state
F_onsite: 0j
F_swave: 0j, F_dwave: 0j
F_px: 0j, F_py: 0j
Free_energy = -17746.944406755065
------------------------------------------
[{'stable': {}, 'free': np.float64(-17746.944406755065)}]
------------------------------------------
  Seed: px+i*py
F_onsite: (0.019193348770702164-0.0016290715677986021j)
F_swave: (-0.016483993776096835+0.0013991099680009684j), F_dwave: (-8.673617379884035e-19-2.6020852139652106e-18j)
F_px: (3.469446951953614e-17+1.723881454251952e-17j), F_py: (1.734723475976807e-18+8.456776945386935e-18j)
Free_energy = -17756.41689034585
------------------------------------------
[{'stable': {'F_onsite': np.complex128(0.019193348770702164-0.0016290715677986021j), 'F_swave': np.complex128(-0.016483993776096835+0.0013991099680009684j)}, 'free': np.float64(-17756.41689034585)}]
------------------------------------------
  Seed: s-wave
F_onsite: (-0.01926235995943443+0j)
F_swave: (0.016543263266748903+0j), F_dwave: (2.2551405187698492e-17+0j)
F_px: -7.03439686871015e-18j, F_py: -7.962427341545644e-18j
Free_energy = -17756.416890345845
------------------------------------------
[{'stable': {'F_onsite': np.complex128(0.019193348770702164-0.0016290715677986021j), 'F_swave': np.complex128(-0.016483993776096835+0.0013991099680009684j)}, 'free': np.float64(-17756.41689034585)}, {'stable': {'F_onsite': np.complex128(-0.01926235995943443+0j), 'F_swave': np.complex128(0.016543263266748903+0j)}, 'free': np.float64(-17756.416890345845)}]
------------------------------------------
  Seed: s-wave+px
F_onsite: (-0.01926235995943443+0j)
F_swave: (0.016543263266748903+0j), F_dwave: (2.2551405187698492e-17+0j)
F_px: -7.03439686871015e-18j, F_py: -7.962427341545644e-18j
Free_energy = -17756.416890345845
------------------------------------------
[{'stable': {'F_onsite': np.complex128(0.019193348770702164-0.0016290715677986021j), 'F_swave': np.complex128(-0.016483993776096835+0.0013991099680009684j)}, 'free': np.float64(-17756.41689034585)}, {'stable': {'F_onsite': np.complex128(-0.01926235995943443+0j), 'F_swave': np.complex128(0.016543263266748903+0j)}, 'free': np.float64(-17756.416890345845)}]
------------------------------------------
  Seed: s-wave+py
F_onsite: (-0.01926235995943443+0j)
F_swave: (0.016543263266748903+0j), F_dwave: (2.2551405187698492e-17+0j)
F_px: -7.03439686871015e-18j, F_py: -7.962427341545644e-18j
Free_energy = -17756.416890345845
------------------------------------------
[{'stable': {'F_onsite': np.complex128(0.019193348770702164-0.0016290715677986021j), 'F_swave': np.complex128(-0.016483993776096835+0.0013991099680009684j)}, 'free': np.float64(-17756.41689034585)}, {'stable': {'F_onsite': np.complex128(-0.01926235995943443+0j), 'F_swave': np.complex128(0.016543263266748903+0j)}, 'free': np.float64(-17756.416890345845)}]
------------------------------------------
====================================
mu=3.08, T=0.0610
====================================
  Seed: normal state
F_onsite: 0j
F_swave: 0j, F_dwave: 0j
F_px: 0j, F_py: 0j
Free_energy = -17747.540957243295
------------------------------------------
[{'stable': {}, 'free': np.float64(-17747.540957243295)}]
------------------------------------------
  Seed: px+i*py
F_onsite: (0.016527593724752345-0.001402810595627646j)
F_swave: (-0.014196134590623565+0.001204923617577681j), F_dwave: (-3.382710778154774e-17-9.053088140253962e-18j)
F_px: (6.158268339717665e-17+5.095750210681871e-18j), F_py: (-3.469446951953614e-18+6.179952383167375e-18j)
Free_energy = -17754.514605968823
------------------------------------------
[{'stable': {'F_onsite': np.complex128(0.016527593724752345-0.001402810595627646j), 'F_swave': np.complex128(-0.014196134590623565+0.001204923617577681j)}, 'free': np.float64(-17754.514605968823)}]
------------------------------------------
  Seed: s-wave
F_onsite: (-0.01658701998243431+0j)
F_swave: (0.014247177904388413+0j), F_dwave: 0j
F_px: -7.519640868368458e-18j, F_py: -8.414213539787406e-18j
Free_energy = -17754.514605968823
------------------------------------------
[{'stable': {'F_onsite': np.complex128(0.016527593724752345-0.001402810595627646j), 'F_swave': np.complex128(-0.014196134590623565+0.001204923617577681j)}, 'free': np.float64(-17754.514605968823)}, {'stable': {'F_onsite': np.complex128(-0.01658701998243431+0j), 'F_swave': np.complex128(0.014247177904388413+0j)}, 'free': np.float64(-17754.514605968823)}]
------------------------------------------
  Seed: s-wave+px
F_onsite: (-0.01658701998243431+0j)
F_swave: (0.014247177904388413+0j), F_dwave: 0j
F_px: -7.519640868368458e-18j, F_py: -8.414213539787406e-18j
Free_energy = -17754.514605968823
------------------------------------------
[{'stable': {'F_onsite': np.complex128(0.016527593724752345-0.001402810595627646j), 'F_swave': np.complex128(-0.014196134590623565+0.001204923617577681j)}, 'free': np.float64(-17754.514605968823)}, {'stable': {'F_onsite': np.complex128(-0.01658701998243431+0j), 'F_swave': np.complex128(0.014247177904388413+0j)}, 'free': np.float64(-17754.514605968823)}]
------------------------------------------
  Seed: s-wave+py
F_onsite: (-0.01658701998243431+0j)
F_swave: (0.014247177904388413+0j), F_dwave: 0j
F_px: -7.519640868368458e-18j, F_py: -8.414213539787406e-18j
Free_energy = -17754.514605968823
------------------------------------------
[{'stable': {'F_onsite': np.complex128(0.016527593724752345-0.001402810595627646j), 'F_swave': np.complex128(-0.014196134590623565+0.001204923617577681j)}, 'free': np.float64(-17754.514605968823)}, {'stable': {'F_onsite': np.complex128(-0.01658701998243431+0j), 'F_swave': np.complex128(0.014247177904388413+0j)}, 'free': np.float64(-17754.514605968823)}]
------------------------------------------
====================================
mu=3.08, T=0.0640
====================================
  Seed: normal state
F_onsite: 0j
F_swave: 0j, F_dwave: 0j
F_px: 0j, F_py: 0j
Free_energy = -17748.16758589153
------------------------------------------
[{'stable': {}, 'free': np.float64(-17748.16758589153)}]
------------------------------------------
  Seed: px+i*py
F_onsite: (0.013023641519216025-0.0011054060634033455j)
F_swave: (-0.011187835970378937+0.0009495886154246065j), F_dwave: (-4.336808689942018e-19-8.592302216947623e-18j)
F_px: 1.0137290312739466e-17j, F_py: (-2.6020852139652106e-18+1.0245710529988017e-17j)
Free_energy = -17752.467419062574
------------------------------------------
[{'stable': {'F_onsite': np.complex128(0.013023641519216025-0.0011054060634033455j), 'F_swave': np.complex128(-0.011187835970378937+0.0009495886154246065j)}, 'free': np.float64(-17752.467419062574)}]
------------------------------------------
  Seed: s-wave
F_onsite: (-0.013070469042312906+0j)
F_swave: (0.011228062710844205+0j), F_dwave: (-1.734723475976807e-18+0j)
F_px: -1.022453470630666e-17j, F_py: -9.444205603648635e-18j
Free_energy = -17752.46741906257
------------------------------------------
[{'stable': {'F_onsite': np.complex128(0.013023641519216025-0.0011054060634033455j), 'F_swave': np.complex128(-0.011187835970378937+0.0009495886154246065j)}, 'free': np.float64(-17752.467419062574)}, {'stable': {'F_onsite': np.complex128(-0.013070469042312906+0j), 'F_swave': np.complex128(0.011228062710844205+0j)}, 'free': np.float64(-17752.46741906257)}]
------------------------------------------
  Seed: s-wave+px
F_onsite: (-0.013070469042312906+0j)
F_swave: (0.011228062710844205+0j), F_dwave: (-1.734723475976807e-18+0j)
F_px: -1.022453470630666e-17j, F_py: -9.444205603648635e-18j
Free_energy = -17752.46741906257
------------------------------------------
[{'stable': {'F_onsite': np.complex128(0.013023641519216025-0.0011054060634033455j), 'F_swave': np.complex128(-0.011187835970378937+0.0009495886154246065j)}, 'free': np.float64(-17752.467419062574)}, {'stable': {'F_onsite': np.complex128(-0.013070469042312906+0j), 'F_swave': np.complex128(0.011228062710844205+0j)}, 'free': np.float64(-17752.46741906257)}]
------------------------------------------
  Seed: s-wave+py
F_onsite: (-0.013070469042312906+0j)
F_swave: (0.011228062710844205+0j), F_dwave: (-1.734723475976807e-18+0j)
F_px: -1.022453470630666e-17j, F_py: -9.444205603648635e-18j
Free_energy = -17752.46741906257
------------------------------------------
[{'stable': {'F_onsite': np.complex128(0.013023641519216025-0.0011054060634033455j), 'F_swave': np.complex128(-0.011187835970378937+0.0009495886154246065j)}, 'free': np.float64(-17752.467419062574)}, {'stable': {'F_onsite': np.complex128(-0.013070469042312906+0j), 'F_swave': np.complex128(0.011228062710844205+0j)}, 'free': np.float64(-17752.46741906257)}]
------------------------------------------
====================================
mu=3.08, T=0.0670
====================================
  Seed: normal state
F_onsite: 0j
F_swave: 0j, F_dwave: 0j
F_px: 0j, F_py: 0j
Free_energy = -17748.82430261054
------------------------------------------
[{'stable': {}, 'free': np.float64(-17748.82430261054)}]
------------------------------------------
  Seed: px+i*py
F_onsite: (0.007614085748203315-0.0006462598452911314j)
F_swave: (-0.006541697089308221+0.0005552388413638987j), F_dwave: (-4.336808689942018e-19-7.182839392716467e-18j)
F_px: (8.673617379884035e-19+1.5124620306172787e-17j), F_py: (1.734723475976807e-18+1.3173056395698879e-17j)
Free_energy = -17750.28398731033
------------------------------------------
[{'stable': {'F_onsite': np.complex128(0.007614085748203315-0.0006462598452911314j), 'F_swave': np.complex128(-0.006541697089308221+0.0005552388413638987j)}, 'free': np.float64(-17750.28398731033)}]
------------------------------------------
  Seed: s-wave
F_onsite: (-0.0076414627898478485+0j)
F_swave: (0.006565218273539955+0j), F_dwave: (1.3010426069826053e-17+0j)
F_px: -1.4786707099777524e-17j, F_py: -1.2685641874113232e-17j
Free_energy = -17750.283987310326
------------------------------------------
[{'stable': {'F_onsite': np.complex128(0.007614085748203315-0.0006462598452911314j), 'F_swave': np.complex128(-0.006541697089308221+0.0005552388413638987j)}, 'free': np.float64(-17750.28398731033)}, {'stable': {'F_onsite': np.complex128(-0.0076414627898478485+0j), 'F_swave': np.complex128(0.006565218273539955+0j)}, 'free': np.float64(-17750.283987310326)}]
------------------------------------------
  Seed: s-wave+px
F_onsite: (-0.0076414627898478485+0j)
F_swave: (0.006565218273539955+0j), F_dwave: (1.3010426069826053e-17+0j)
F_px: -1.4786707099777524e-17j, F_py: -1.2685641874113232e-17j
Free_energy = -17750.283987310326
------------------------------------------
[{'stable': {'F_onsite': np.complex128(0.007614085748203315-0.0006462598452911314j), 'F_swave': np.complex128(-0.006541697089308221+0.0005552388413638987j)}, 'free': np.float64(-17750.28398731033)}, {'stable': {'F_onsite': np.complex128(-0.0076414627898478485+0j), 'F_swave': np.complex128(0.006565218273539955+0j)}, 'free': np.float64(-17750.283987310326)}]
------------------------------------------
  Seed: s-wave+py
F_onsite: (-0.0076414627898478485+0j)
F_swave: (0.006565218273539955+0j), F_dwave: (1.3010426069826053e-17+0j)
F_px: -1.4786707099777524e-17j, F_py: -1.2685641874113232e-17j
Free_energy = -17750.283987310326
------------------------------------------
[{'stable': {'F_onsite': np.complex128(0.007614085748203315-0.0006462598452911314j), 'F_swave': np.complex128(-0.006541697089308221+0.0005552388413638987j)}, 'free': np.float64(-17750.28398731033)}, {'stable': {'F_onsite': np.complex128(-0.0076414627898478485+0j), 'F_swave': np.complex128(0.006565218273539955+0j)}, 'free': np.float64(-17750.283987310326)}]
------------------------------------------
====================================
mu=3.08, T=0.0700
====================================
  Seed: normal state
F_onsite: 0j
F_swave: 0j, F_dwave: 0j
F_px: 0j, F_py: 0j
Free_energy = -17749.511116076177
------------------------------------------
[{'stable': {}, 'free': np.float64(-17749.511116076177)}]
------------------------------------------
  Seed: px+i*py
F_onsite: (1.3934967697668156e-13-1.182743792166072e-14j)
F_swave: (-1.1982874826804441e-13+1.0170580475890232e-14j), F_dwave: (2.118251043873251e-20-1.6298950725286684e-21j)
F_px: (-1.0544745245727316e-20-6.953488139249892e-20j), F_py: (-2.657086802462425e-21+3.944115520080878e-20j)
Free_energy = -17749.511116076177
------------------------------------------
[{'stable': {}, 'free': np.float64(-17749.511116076177)}]
------------------------------------------
  Seed: s-wave
F_onsite: (-1.1994899512851849e-13+0j)
F_swave: (1.0314581085120138e-13+0j), F_dwave: (7.180427652825799e-21+0j)
F_px: 1.1106375147720031e-20j, F_py: 1.3876247243655305e-20j
Free_energy = -17749.511116076177
------------------------------------------
[{'stable': {}, 'free': np.float64(-17749.511116076177)}]
------------------------------------------
  Seed: s-wave+px
F_onsite: (-1.1994899512851849e-13+0j)
F_swave: (1.0314581085120138e-13+0j), F_dwave: (7.180427652825799e-21+0j)
F_px: 1.1106375147720031e-20j, F_py: 1.3876247243655305e-20j
Free_energy = -17749.511116076177
------------------------------------------
[{'stable': {}, 'free': np.float64(-17749.511116076177)}]
------------------------------------------
  Seed: s-wave+py
F_onsite: (-1.1994899512851849e-13+0j)
F_swave: (1.0314581085120138e-13+0j), F_dwave: (7.180427652825799e-21+0j)
F_px: 1.1106375147720031e-20j, F_py: 1.3876247243655305e-20j
Free_energy = -17749.511116076177
------------------------------------------
[{'stable': {}, 'free': np.float64(-17749.511116076177)}]
------------------------------------------
====================================
mu=3.08, T=0.0730
====================================
  Seed: normal state
F_onsite: 0j
F_swave: 0j, F_dwave: 0j
F_px: 0j, F_py: 0j
Free_energy = -17750.22803375192
------------------------------------------
[{'stable': {}, 'free': np.float64(-17750.22803375192)}]
------------------------------------------
  Seed: px+i*py
F_onsite: (4.8698189112400986e-14-4.133338645699894e-15j)
F_swave: (-4.194238063074695e-14+3.559929065756206e-15j), F_dwave: (6.6590609119580794e-21+7.13488871726295e-22j)
F_px: (2.952750374058984e-21-7.804039062592554e-20j), F_py: (2.7887764809668525e-21+8.174030290156015e-20j)
Free_energy = -17750.22803375192
------------------------------------------
[{'stable': {}, 'free': np.float64(-17750.22803375192)}]
------------------------------------------
  Seed: s-wave
F_onsite: (-4.463022277912167e-14+0j)
F_swave: (3.84387384517661e-14+0j), F_dwave: (-7.663887047622488e-21+0j)
F_px: 8.093640549773955e-20j, F_py: -7.43709102846932e-20j
Free_energy = -17750.22803375192
------------------------------------------
[{'stable': {}, 'free': np.float64(-17750.22803375192)}]
------------------------------------------
  Seed: s-wave+px
F_onsite: (-4.463022277912167e-14+0j)
F_swave: (3.84387384517661e-14+0j), F_dwave: (-7.663887047622488e-21+0j)
F_px: 8.093640549773955e-20j, F_py: -7.43709102846932e-20j
Free_energy = -17750.22803375192
------------------------------------------
[{'stable': {}, 'free': np.float64(-17750.22803375192)}]
------------------------------------------
  Seed: s-wave+py
F_onsite: (-4.463022277912167e-14+0j)
F_swave: (3.84387384517661e-14+0j), F_dwave: (-7.663887047622488e-21+0j)
F_px: 8.093640549773955e-20j, F_py: -7.43709102846932e-20j
Free_energy = -17750.22803375192
------------------------------------------
[{'stable': {}, 'free': np.float64(-17750.22803375192)}]
------------------------------------------
====================================
mu=3.08, T=0.0760
====================================
  Seed: normal state
F_onsite: 0j
F_swave: 0j, F_dwave: 0j
F_px: 0j, F_py: 0j
Free_energy = -17750.975061892757
------------------------------------------
[{'stable': {}, 'free': np.float64(-17750.975061892757)}]
------------------------------------------
  Seed: px+i*py
F_onsite: (2.9051867631310746e-14-2.4657917127786413e-15j)
F_swave: (-2.506059781090522e-14+2.1270306586258083e-15j), F_dwave: (1.5185276701272633e-20-1.7063678473276127e-21j)
F_px: (-5.023896156285809e-21+6.337308343307407e-20j), F_py: (-1.4428584009432073e-21+7.396557923403253e-20j)
Free_energy = -17750.975061892757
------------------------------------------
[{'stable': {}, 'free': np.float64(-17750.975061892757)}]
------------------------------------------
  Seed: s-wave
F_onsite: (-2.7548439359058208e-14+0j)
F_swave: (2.3763705400532762e-14+0j), F_dwave: (3.4802623445338186e-21+0j)
F_px: 2.619419314129759e-20j, F_py: 3.550577502253908e-20j
Free_energy = -17750.975061892757
------------------------------------------
[{'stable': {}, 'free': np.float64(-17750.975061892757)}]
------------------------------------------
  Seed: s-wave+px
F_onsite: (-2.7548439359058208e-14+0j)
F_swave: (2.3763705400532762e-14+0j), F_dwave: (3.4802623445338186e-21+0j)
F_px: 2.619419314129759e-20j, F_py: 3.550577502253908e-20j
Free_energy = -17750.975061892757
------------------------------------------
[{'stable': {}, 'free': np.float64(-17750.975061892757)}]
------------------------------------------
  Seed: s-wave+py
F_onsite: (-2.7548439359058208e-14+0j)
F_swave: (2.3763705400532762e-14+0j), F_dwave: (3.4802623445338186e-21+0j)
F_px: 2.619419314129759e-20j, F_py: 3.550577502253908e-20j
Free_energy = -17750.975061892757
------------------------------------------
[{'stable': {}, 'free': np.float64(-17750.975061892757)}]
------------------------------------------
====================================
mu=3.08, T=0.0790
====================================
  Seed: normal state
F_onsite: 0j
F_swave: 0j, F_dwave: 0j
F_px: 0j, F_py: 0j
Free_energy = -17751.752205513072
------------------------------------------
[{'stable': {}, 'free': np.float64(-17751.752205513072)}]
------------------------------------------
  Seed: px+i*py
F_onsite: (2.082685145312422e-14-1.7676900058902017e-15j)
F_swave: (-1.7993203058617166e-14+1.527182033744229e-15j), F_dwave: (2.2259261360283174e-20+6.495104450325371e-22j)
F_px: (-1.5499611751426247e-21-1.9781319016304904e-19j), F_py: (-7.599957337033932e-22-5.219375251811331e-20j)
Free_energy = -17751.752205513072
------------------------------------------
[{'stable': {}, 'free': np.float64(-17751.752205513072)}]
------------------------------------------
  Seed: s-wave
F_onsite: (-1.9745402524216612e-14+0j)
F_swave: (1.705888725569914e-14+0j), F_dwave: (2.586040613564802e-21+0j)
F_px: -1.42218967140235e-20j, F_py: -3.885507084555223e-20j
Free_energy = -17751.752205513072
------------------------------------------
[{'stable': {}, 'free': np.float64(-17751.752205513072)}]
------------------------------------------
  Seed: s-wave+px
F_onsite: (-1.9745402524216612e-14+0j)
F_swave: (1.705888725569914e-14+0j), F_dwave: (2.586040613564802e-21+0j)
F_px: -1.42218967140235e-20j, F_py: -3.885507084555223e-20j
Free_energy = -17751.752205513072
------------------------------------------
[{'stable': {}, 'free': np.float64(-17751.752205513072)}]
------------------------------------------
  Seed: s-wave+py
F_onsite: (-1.9745402524216612e-14+0j)
F_swave: (1.705888725569914e-14+0j), F_dwave: (2.586040613564802e-21+0j)
F_px: -1.42218967140235e-20j, F_py: -3.885507084555223e-20j
Free_energy = -17751.752205513072
------------------------------------------
[{'stable': {}, 'free': np.float64(-17751.752205513072)}]
------------------------------------------
====================================
mu=3.08, T=0.0820
====================================
  Seed: normal state
F_onsite: 0j
F_swave: 0j, F_dwave: 0j
F_px: 0j, F_py: 0j
Free_energy = -17752.559468311778
------------------------------------------
[{'stable': {}, 'free': np.float64(-17752.559468311778)}]
------------------------------------------
  Seed: px+i*py
F_onsite: (1.635822607001412e-14-1.3884163007839817e-15j)
F_swave: (-1.4153940194349623e-14+1.2013263092328135e-15j), F_dwave: (-5.335421507931523e-21+2.648455744544707e-21j)
F_px: (-4.4588756318045e-21-4.417083122553164e-20j), F_py: (-6.414076795716516e-21+1.7031908675476364e-20j)
Free_energy = -17752.559468311778
------------------------------------------
[{'stable': {}, 'free': np.float64(-17752.559468311778)}]
------------------------------------------
  Seed: s-wave
F_onsite: (-1.550698582863566e-14+0j)
F_swave: (1.3417408923987369e-14+0j), F_dwave: (-1.2009613770749647e-20+0j)
F_px: 1.6893560037751863e-20j, F_py: -6.87292507770001e-21j
Free_energy = -17752.559468311778
------------------------------------------
[{'stable': {}, 'free': np.float64(-17752.559468311778)}]
------------------------------------------
  Seed: s-wave+px
F_onsite: (-1.550698582863566e-14+0j)
F_swave: (1.3417408923987369e-14+0j), F_dwave: (-1.2009613770749647e-20+0j)
F_px: 1.6893560037751863e-20j, F_py: -6.87292507770001e-21j
Free_energy = -17752.559468311778
------------------------------------------
[{'stable': {}, 'free': np.float64(-17752.559468311778)}]
------------------------------------------
  Seed: s-wave+py
F_onsite: (-1.550698582863566e-14+0j)
F_swave: (1.3417408923987369e-14+0j), F_dwave: (-1.2009613770749647e-20+0j)
F_px: 1.6893560037751863e-20j, F_py: -6.87292507770001e-21j
Free_energy = -17752.559468311778
------------------------------------------
[{'stable': {}, 'free': np.float64(-17752.559468311778)}]
------------------------------------------
====================================
mu=3.08, T=0.0850
====================================
  Seed: normal state
F_onsite: 0j
F_swave: 0j, F_dwave: 0j
F_px: 0j, F_py: 0j
Free_energy = -17753.396852557864
------------------------------------------
[{'stable': {}, 'free': np.float64(-17753.396852557864)}]
------------------------------------------
  Seed: px+i*py
F_onsite: (1.3145900724916696e-14-1.1157467594033703e-15j)
F_swave: (-1.139174002744335e-14+9.668636685572687e-16j), F_dwave: (-7.565847036851678e-21-1.3010652870972953e-21j)
F_px: (-1.2911774586035895e-20-1.22799529764628e-19j), F_py: (-2.7759959490150015e-21+3.4156834992981825e-20j)
Free_energy = -17753.396852557864
------------------------------------------
[{'stable': {}, 'free': np.float64(-17753.396852557864)}]
------------------------------------------
  Seed: s-wave
F_onsite: (-1.2461125546193379e-14+0j)
F_swave: (1.079820410338801e-14+0j), F_dwave: (-2.5567844107962136e-21+0j)
F_px: 2.6145736356100123e-20j, F_py: 1.6730639309335305e-20j
Free_energy = -17753.396852557864
------------------------------------------
[{'stable': {}, 'free': np.float64(-17753.396852557864)}]
------------------------------------------
  Seed: s-wave+px
F_onsite: (-1.2461125546193379e-14+0j)
F_swave: (1.079820410338801e-14+0j), F_dwave: (-2.5567844107962136e-21+0j)
F_px: 2.6145736356100123e-20j, F_py: 1.6730639309335305e-20j
Free_energy = -17753.396852557864
------------------------------------------
[{'stable': {}, 'free': np.float64(-17753.396852557864)}]
------------------------------------------
  Seed: s-wave+py
F_onsite: (-1.2461125546193379e-14+0j)
F_swave: (1.079820410338801e-14+0j), F_dwave: (-2.5567844107962136e-21+0j)
F_px: 2.6145736356100123e-20j, F_py: 1.6730639309335305e-20j
Free_energy = -17753.396852557864
------------------------------------------
[{'stable': {}, 'free': np.float64(-17753.396852557864)}]
------------------------------------------
====================================
mu=3.08, T=0.0880
====================================
  Seed: normal state
F_onsite: 0j
F_swave: 0j, F_dwave: 0j
F_px: 0j, F_py: 0j
Free_energy = -17754.264358939727
------------------------------------------
[{'stable': {}, 'free': np.float64(-17754.264358939727)}]
------------------------------------------
  Seed: px+i*py
F_onsite: (1.108608064205817e-14-9.409209989772702e-16j)
F_swave: (-9.621076638888278e-15+8.165804110630922e-16j), F_dwave: (1.3964689884825398e-20+7.906324004576296e-22j)
F_px: (9.266351854276838e-22+1.9656315511753673e-20j), F_py: (-1.2840764841723232e-20-9.952216655049595e-20j)
Free_energy = -17754.264358939727
------------------------------------------
[{'stable': {}, 'free': np.float64(-17754.264358939727)}]
------------------------------------------
  Seed: s-wave
F_onsite: (-1.0507440044123705e-14+0j)
F_swave: (9.118836326159186e-15+0j), F_dwave: (-5.55378097855392e-21+0j)
F_px: 1.5476457066675946e-19j, F_py: 8.847483369337754e-20j
Free_energy = -17754.264358939727
------------------------------------------
[{'stable': {}, 'free': np.float64(-17754.264358939727)}]
------------------------------------------
  Seed: s-wave+px
F_onsite: (-1.0507440044123705e-14+0j)
F_swave: (9.118836326159186e-15+0j), F_dwave: (-5.55378097855392e-21+0j)
F_px: 1.5476457066675946e-19j, F_py: 8.847483369337754e-20j
Free_energy = -17754.264358939727
------------------------------------------
[{'stable': {}, 'free': np.float64(-17754.264358939727)}]
------------------------------------------
  Seed: s-wave+py
F_onsite: (-1.0507440044123705e-14+0j)
F_swave: (9.118836326159186e-15+0j), F_dwave: (-5.55378097855392e-21+0j)
F_px: 1.5476457066675946e-19j, F_py: 8.847483369337754e-20j
Free_energy = -17754.264358939727
------------------------------------------
[{'stable': {}, 'free': np.float64(-17754.264358939727)}]
------------------------------------------
====================================
mu=3.08, T=0.0910
====================================
  Seed: normal state
F_onsite: 0j
F_swave: 0j, F_dwave: 0j
F_px: 0j, F_py: 0j
Free_energy = -17755.16198638731
------------------------------------------
[{'stable': {}, 'free': np.float64(-17755.16198638731)}]
------------------------------------------
  Seed: px+i*py
F_onsite: (9.130824021178711e-15-7.749736124071325e-16j)
F_swave: (-7.935719323050231e-15+6.735385406887209e-16j), F_dwave: (-1.2727481857063148e-20+1.0723284153123606e-21j)
F_px: (5.1998838156296645e-21+3.3643761726325854e-20j), F_py: (3.9609430154460514e-21+8.338341093710637e-20j)
Free_energy = -17755.16198638731
------------------------------------------
[{'stable': {}, 'free': np.float64(-17755.16198638731)}]
------------------------------------------
  Seed: s-wave
F_onsite: (-8.653114374669046e-15+0j)
F_swave: (7.520497170555855e-15+0j), F_dwave: (4.049676437715365e-21+0j)
F_px: 4.479586954325083e-20j, F_py: 5.037893798802137e-20j
Free_energy = -17755.16198638731
------------------------------------------
[{'stable': {}, 'free': np.float64(-17755.16198638731)}]
------------------------------------------
  Seed: s-wave+px
F_onsite: (-8.653114374669046e-15+0j)
F_swave: (7.520497170555855e-15+0j), F_dwave: (4.049676437715365e-21+0j)
F_px: 4.479586954325083e-20j, F_py: 5.037893798802137e-20j
Free_energy = -17755.16198638731
------------------------------------------
[{'stable': {}, 'free': np.float64(-17755.16198638731)}]
------------------------------------------
  Seed: s-wave+py
F_onsite: (-8.653114374669046e-15+0j)
F_swave: (7.520497170555855e-15+0j), F_dwave: (4.049676437715365e-21+0j)
F_px: 4.479586954325083e-20j, F_py: 5.037893798802137e-20j
Free_energy = -17755.16198638731
------------------------------------------
[{'stable': {}, 'free': np.float64(-17755.16198638731)}]
------------------------------------------
====================================
mu=3.08, T=0.0940
====================================
  Seed: normal state
F_onsite: 0j
F_swave: 0j, F_dwave: 0j
F_px: 0j, F_py: 0j
Free_energy = -17756.089731875654
------------------------------------------
[{'stable': {}, 'free': np.float64(-17756.089731875654)}]
------------------------------------------
  Seed: px+i*py
F_onsite: (7.347930014112936e-15-6.236353326842367e-16j)
F_swave: (-6.3954809504887145e-15+5.427974719562137e-16j), F_dwave: (-5.758136052778127e-21+1.2874156106826076e-21j)
F_px: (-6.863238669972315e-21-1.2652541080957022e-20j), F_py: (-2.609277775283257e-21+6.155907865341633e-20j)
Free_energy = -17756.089731875658
------------------------------------------
[{'stable': {}, 'free': np.float64(-17756.089731875654)}]
------------------------------------------
  Seed: s-wave
F_onsite: (-6.9632958131299415e-15+0j)
F_swave: (6.060563259636524e-15+0j), F_dwave: (1.2516147070528304e-20+0j)
F_px: 2.5390788270169588e-20j, F_py: 1.4417351461181267e-20j
Free_energy = -17756.08973187565
------------------------------------------
[{'stable': {}, 'free': np.float64(-17756.089731875654)}]
------------------------------------------
  Seed: s-wave+px
F_onsite: (-6.9632958131299415e-15+0j)
F_swave: (6.060563259636524e-15+0j), F_dwave: (1.2516147070528304e-20+0j)
F_px: 2.5390788270169588e-20j, F_py: 1.4417351461181267e-20j
Free_energy = -17756.08973187565
------------------------------------------
[{'stable': {}, 'free': np.float64(-17756.089731875654)}]
------------------------------------------
  Seed: s-wave+py
F_onsite: (-6.9632958131299415e-15+0j)
F_swave: (6.060563259636524e-15+0j), F_dwave: (1.2516147070528304e-20+0j)
F_px: 2.5390788270169588e-20j, F_py: 1.4417351461181267e-20j
Free_energy = -17756.08973187565
------------------------------------------
[{'stable': {}, 'free': np.float64(-17756.089731875654)}]
------------------------------------------
====================================
mu=3.08, T=0.0970
====================================
  Seed: normal state
F_onsite: 0j
F_swave: 0j, F_dwave: 0j
F_px: 0j, F_py: 0j
Free_energy = -17757.047590217895
------------------------------------------
[{'stable': {}, 'free': np.float64(-17757.047590217895)}]
------------------------------------------
  Seed: px+i*py
F_onsite: (5.781013943629672e-15-4.906499279144008e-16j)
F_swave: (-5.038810847257807e-15+4.2765684370861607e-16j), F_dwave: (-8.222766474747318e-21+1.3970249478098759e-21j)
F_px: (1.2826389730003394e-21-5.0166894316408393e-20j), F_py: (-2.9170432565047853e-22+5.0236641093992715e-20j)
Free_energy = -17757.047590217895
------------------------------------------
[{'stable': {}, 'free': np.float64(-17757.047590217895)}]
------------------------------------------
  Seed: s-wave
F_onsite: (-5.477518871611262e-15+0j)
F_swave: (4.774358962045564e-15+0j), F_dwave: (7.337780064810684e-21+0j)
F_px: 5.197938042773642e-21j, F_py: 2.781070176011589e-20j
Free_energy = -17757.047590217895
------------------------------------------
[{'stable': {}, 'free': np.float64(-17757.047590217895)}]
------------------------------------------
  Seed: s-wave+px
F_onsite: (-5.477518871611262e-15+0j)
F_swave: (4.774358962045564e-15+0j), F_dwave: (7.337780064810684e-21+0j)
F_px: 5.197938042773642e-21j, F_py: 2.781070176011589e-20j
Free_energy = -17757.047590217895
------------------------------------------
[{'stable': {}, 'free': np.float64(-17757.047590217895)}]
------------------------------------------
  Seed: s-wave+py
F_onsite: (-5.477518871611262e-15+0j)
F_swave: (4.774358962045564e-15+0j), F_dwave: (7.337780064810684e-21+0j)
F_px: 5.197938042773642e-21j, F_py: 2.781070176011589e-20j
Free_energy = -17757.047590217895
------------------------------------------
[{'stable': {}, 'free': np.float64(-17757.047590217895)}]
------------------------------------------
====================================
mu=3.08, T=0.1000
====================================
  Seed: normal state
F_onsite: 0j
F_swave: 0j, F_dwave: 0j
F_px: 0j, F_py: 0j
Free_energy = -17758.035553855152
------------------------------------------
[{'stable': {}, 'free': np.float64(-17758.035553855152)}]
------------------------------------------
  Seed: px+i*py
F_onsite: (4.447581202271071e-15-3.775031555475454e-16j)
F_swave: (-3.882367710880488e-15+3.295298575936137e-16j), F_dwave: (6.207527557343687e-21-2.784714533613952e-23j)
F_px: (-3.294395564714853e-22+4.294105682027511e-20j), F_py: (-3.767206158495261e-21+4.7453788101030876e-20j)
Free_energy = -17758.035553855152
------------------------------------------
[{'stable': {}, 'free': np.float64(-17758.035553855152)}]
------------------------------------------
  Seed: s-wave
F_onsite: (-4.2134162030450146e-15+0j)
F_swave: (3.677670358530171e-15+0j), F_dwave: (5.173757457945586e-21+0j)
F_px: 2.7459707154734736e-20j, F_py: -9.949280069491955e-21j
Free_energy = -17758.035553855152
------------------------------------------
[{'stable': {}, 'free': np.float64(-17758.035553855152)}]
------------------------------------------
  Seed: s-wave+px
F_onsite: (-4.2134162030450146e-15+0j)
F_swave: (3.677670358530171e-15+0j), F_dwave: (5.173757457945586e-21+0j)
F_px: 2.7459707154734736e-20j, F_py: -9.949280069491955e-21j
Free_energy = -17758.035553855152
------------------------------------------
[{'stable': {}, 'free': np.float64(-17758.035553855152)}]
------------------------------------------
  Seed: s-wave+py
F_onsite: (-4.2134162030450146e-15+0j)
F_swave: (3.677670358530171e-15+0j), F_dwave: (5.173757457945586e-21+0j)
F_px: 2.7459707154734736e-20j, F_py: -9.949280069491955e-21j
Free_energy = -17758.035553855152
------------------------------------------
[{'stable': {}, 'free': np.float64(-17758.035553855152)}]
------------------------------------------
