/home/emilssp/D1/venv/bin/python
Python 3.10.12
Running job 8 out of 10
====================================
mu=0.53, T=0.0010
====================================
  Seed: normal state
F_onsite: 0j
F_swave: 0j, F_dwave: 0j
F_px: 0j, F_py: 0j
Free_energy = -9516.4814812405
------------------------------------------
[{'stable': {}, 'free': np.float64(-9516.4814812405)}]
------------------------------------------
  Seed: d-wave
F_onsite: (-5.413067281569053e-17+0j)
F_swave: (-8.326672684688674e-17+0j), F_dwave: (0.08507166650434855+0j)
F_px: 1.620084514883083e-18j, F_py: 7.155415046687884e-18j
Free_energy = -9818.162529128636
------------------------------------------
[{'stable': {'F_dwave': np.complex128(0.08507166650434855+0j)}, 'free': np.float64(-9818.162529128636)}]
------------------------------------------
  Seed: d-wave+px
F_onsite: (-5.828372277514198e-15-1.658492564034193e-18j)
F_swave: (1.6375789613221059e-15+1.5980428242445352e-18j), F_dwave: (0.08507084982864868+2.1497049759665432e-17j)
F_px: (1.2089361577094504e-07-1.0070812134060872e-17j), F_py: (6.938893903907228e-17+1.1376476507904902e-17j)
Free_energy = -9818.153596850088
------------------------------------------
[{'stable': {'F_dwave': np.complex128(0.08507166650434855+0j)}, 'free': np.float64(-9818.162529128636)}]
------------------------------------------
  Seed: d-wave+py
F_onsite: (6.772413984672406e-15+9.388034738103208e-19j)
F_swave: (-2.050443148604586e-15+2.4408171647951997e-19j), F_dwave: (0.08507084982864342+4.393243294028601e-18j)
F_px: (-8.326672684688674e-17-7.357766552405483e-18j), F_py: (1.299403587159964e-07+8.451058265392073e-18j)
Free_energy = -9818.153596850088
------------------------------------------
[{'stable': {'F_dwave': np.complex128(0.08507166650434855+0j)}, 'free': np.float64(-9818.162529128636)}]
------------------------------------------
====================================
mu=0.53, T=0.0071
====================================
  Seed: normal state
F_onsite: 0j
F_swave: 0j, F_dwave: 0j
F_px: 0j, F_py: 0j
Free_energy = -9516.650842416182
------------------------------------------
[{'stable': {}, 'free': np.float64(-9516.650842416182)}]
------------------------------------------
  Seed: d-wave
F_onsite: (1.1255878052416555e-16+0j)
F_swave: (4.163336342344337e-17+0j), F_dwave: (0.08507126954202912+0j)
F_px: -1.2426785627582113e-17j, F_py: 6.273351000491963e-18j
Free_energy = -9818.158342894712
------------------------------------------
[{'stable': {'F_dwave': np.complex128(0.08507126954202912+0j)}, 'free': np.float64(-9818.158342894712)}]
------------------------------------------
  Seed: d-wave+px
F_onsite: (-4.331245843042789e-15+4.113484271976191e-19j)
F_swave: (9.367506770274758e-16-3.3141309855914697e-18j), F_dwave: (0.08507083607679153+1.6406147861348888e-17j)
F_px: (1.0463707439400949e-07-1.3255119639697873e-18j), F_py: (5.551115123125783e-17+1.0811195898450699e-17j)
Free_energy = -9818.153601961061
------------------------------------------
[{'stable': {'F_dwave': np.complex128(0.08507126954202912+0j)}, 'free': np.float64(-9818.158342894712)}]
------------------------------------------
  Seed: d-wave+py
F_onsite: (5.180328082745992e-15+6.556841813748628e-20j)
F_swave: (-1.4155343563970746e-15+2.1393791274849164e-18j), F_dwave: (0.08507083607678759+6.868841011805878e-18j)
F_px: (-4.85722573273506e-17-9.483199139658558e-18j), F_py: (1.1246730323433152e-07+7.362011848135261e-18j)
Free_energy = -9818.153601961056
------------------------------------------
[{'stable': {'F_dwave': np.complex128(0.08507126954202912+0j)}, 'free': np.float64(-9818.158342894712)}]
------------------------------------------
====================================
mu=0.53, T=0.0132
====================================
  Seed: normal state
F_onsite: 0j
F_swave: 0j, F_dwave: 0j
F_px: 0j, F_py: 0j
Free_energy = -9517.03576205218
------------------------------------------
[{'stable': {}, 'free': np.float64(-9517.03576205218)}]
------------------------------------------
  Seed: d-wave
F_onsite: (-6.824871357805979e-17+0j)
F_swave: (-1.457167719820518e-16+0j), F_dwave: (0.08507030621277925+0j)
F_px: -1.3368975778143289e-18j, F_py: 5.864740321503018e-18j
Free_energy = -9818.160020046493
------------------------------------------
[{'stable': {'F_dwave': np.complex128(0.08507030621277925+0j)}, 'free': np.float64(-9818.160020046493)}]
------------------------------------------
  Seed: d-wave+px
F_onsite: (-3.159866902665239e-15-1.1970681292895644e-18j)
F_swave: (9.506284648352903e-16+1.576411817370036e-18j), F_dwave: (0.08506968099596356+1.884373042612476e-17j)
F_px: (9.030741492110916e-08-5.520979452947011e-18j), F_py: (2.7755575615628914e-17+1.0526919587032458e-17j)
Free_energy = -9818.153182291016
------------------------------------------
[{'stable': {'F_dwave': np.complex128(0.08507030621277925+0j)}, 'free': np.float64(-9818.160020046493)}]
------------------------------------------
  Seed: d-wave+py
F_onsite: (3.79795526374746e-15+4.060597810053695e-20j)
F_swave: (-8.049116928532385e-16-5.558233984849964e-18j), F_dwave: (0.0850696809959608-1.1803495109856056e-18j)
F_px: (-9.71445146547012e-17-1.5478829136788383e-17j), F_py: (9.70653235704555e-08+9.569972459369996e-18j)
Free_energy = -9818.153182291016
------------------------------------------
[{'stable': {'F_dwave': np.complex128(0.08507030621277925+0j)}, 'free': np.float64(-9818.160020046493)}]
------------------------------------------
====================================
mu=0.53, T=0.0193
====================================
  Seed: normal state
F_onsite: 0j
F_swave: 0j, F_dwave: 0j
F_px: 0j, F_py: 0j
Free_energy = -9517.669604070901
------------------------------------------
[{'stable': {}, 'free': np.float64(-9517.669604070901)}]
------------------------------------------
  Seed: d-wave
F_onsite: (1.214935721846601e-16+0j)
F_swave: (-2.7755575615628914e-17+0j), F_dwave: (0.08506136932711932+0j)
F_px: -2.027196097577874e-17j, F_py: 8.447606789816407e-18j
Free_energy = -9818.1282105878
------------------------------------------
[{'stable': {'F_dwave': np.complex128(0.08506136932711932+0j)}, 'free': np.float64(-9818.1282105878)}]
------------------------------------------
  Seed: d-wave+px
F_onsite: (-1.819693200330114e-15-1.2030204232344744e-19j)
F_swave: (5.065392549852277e-16+2.6655125066415396e-18j), F_dwave: (0.08506132177985036+2.865943297583346e-17j)
F_px: (6.610968950049312e-08-1.5167097528529093e-17j), F_py: (-2.7755575615628914e-17+8.018832116794538e-18j)
Free_energy = -9818.127690791613
------------------------------------------
[{'stable': {'F_dwave': np.complex128(0.08506136932711932+0j)}, 'free': np.float64(-9818.1282105878)}]
------------------------------------------
  Seed: d-wave+py
F_onsite: (2.1018157891444124e-15-1.0198338464993776e-18j)
F_swave: (-5.551115123125783e-16+3.8975860375962085e-20j), F_dwave: (0.08506132177984886-1.787884719584365e-19j)
F_px: (-1.3877787807814457e-17-2.609837169074474e-17j), F_py: (7.105682767183374e-08+7.024498505513115e-18j)
Free_energy = -9818.127690791605
------------------------------------------
[{'stable': {'F_dwave': np.complex128(0.08506136932711932+0j)}, 'free': np.float64(-9818.1282105878)}]
------------------------------------------
====================================
mu=0.53, T=0.0254
====================================
  Seed: normal state
F_onsite: 0j
F_swave: 0j, F_dwave: 0j
F_px: 0j, F_py: 0j
Free_energy = -9518.551380664721
------------------------------------------
[{'stable': {}, 'free': np.float64(-9518.551380664721)}]
------------------------------------------
  Seed: d-wave
F_onsite: (3.697701155414967e-17+0j)
F_swave: (1.0408340855860843e-16+0j), F_dwave: (0.08504087062724484+0j)
F_px: -1.3762113216593816e-17j, F_py: 8.39143133135647e-18j
Free_energy = -9818.062622979785
------------------------------------------
[{'stable': {'F_dwave': np.complex128(0.08504087062724484+0j)}, 'free': np.float64(-9818.062622979785)}]
------------------------------------------
  Seed: d-wave+px
F_onsite: (-8.041083298964984e-16+9.111274744886753e-19j)
F_swave: (2.1163626406917047e-16-1.6300776509457483e-18j), F_dwave: (0.08504086872207477+3.140007838702682e-17j)
F_px: (4.3352725534462344e-08-3.226771096325404e-18j), F_py: (-4.85722573273506e-17+9.618526562177914e-18j)
Free_energy = -9818.06260217171
------------------------------------------
[{'stable': {'F_dwave': np.complex128(0.08504087062724484+0j)}, 'free': np.float64(-9818.062622979785)}]
------------------------------------------
  Seed: d-wave+py
F_onsite: (8.651192694390874e-16-2.6285320400117286e-19j)
F_swave: (-2.2898349882893854e-16+4.052355070865058e-19j), F_dwave: (0.085040868722074-4.207696136080147e-18j)
F_px: (-2.7755575615628914e-17-3.3220305037897785e-17j), F_py: (4.659690847064191e-08+7.836185935073554e-18j)
Free_energy = -9818.062602171714
------------------------------------------
[{'stable': {'F_dwave': np.complex128(0.08504087062724484+0j)}, 'free': np.float64(-9818.062622979785)}]
------------------------------------------
====================================
mu=0.53, T=0.0315
====================================
  Seed: normal state
F_onsite: 0j
F_swave: 0j, F_dwave: 0j
F_px: 0j, F_py: 0j
Free_energy = -9519.673706450232
------------------------------------------
[{'stable': {}, 'free': np.float64(-9519.673706450232)}]
------------------------------------------
  Seed: d-wave
F_onsite: (4.178816331260539e-17+0j)
F_swave: (2.0816681711721685e-16+0j), F_dwave: (0.08500418776882461+0j)
F_px: -1.3540798694355212e-17j, F_py: 9.094201366047889e-18j
Free_energy = -9817.943728618335
------------------------------------------
[{'stable': {'F_dwave': np.complex128(0.08500418776882461+0j)}, 'free': np.float64(-9817.943728618335)}]
------------------------------------------
  Seed: d-wave+px
F_onsite: (-2.777001209635976e-16+9.461132265247767e-19j)
F_swave: (3.712308238590367e-16-2.8214570074846023e-18j), F_dwave: (0.08500418772841788+2.85391805603078e-17j)
F_px: (2.497799015538371e-08+1.027999630400822e-18j), F_py: (-6.245004513516506e-17+1.1272131486189781e-17j)
Free_energy = -9817.943728177816
------------------------------------------
[{'stable': {'F_dwave': np.complex128(0.08500418776882461+0j)}, 'free': np.float64(-9817.943728618335)}]
------------------------------------------
  Seed: d-wave+py
F_onsite: (2.294563402854659e-16+4.1094849445912736e-19j)
F_swave: (-2.1163626406917047e-16-3.239672032325478e-19j), F_dwave: (0.08500418772841775-2.8043869152209264e-18j)
F_px: (-1.3877787807814457e-17-2.5798193925083216e-17j), F_py: (2.6847150745579196e-08+7.345073304309278e-18j)
Free_energy = -9817.943728177814
------------------------------------------
[{'stable': {'F_dwave': np.complex128(0.08500418776882461+0j)}, 'free': np.float64(-9817.943728618335)}]
------------------------------------------
====================================
mu=0.53, T=0.0376
====================================
  Seed: normal state
F_onsite: 0j
F_swave: 0j, F_dwave: 0j
F_px: 0j, F_py: 0j
Free_energy = -9521.033893202144
------------------------------------------
[{'stable': {}, 'free': np.float64(-9521.033893202144)}]
------------------------------------------
  Seed: d-wave
F_onsite: (-1.1647608291209008e-16+0j)
F_swave: (-1.5265566588595902e-16+0j), F_dwave: (0.08494686265098395+0j)
F_px: -1.2586225517832322e-17j, F_py: 7.713862876195909e-18j
Free_energy = -9817.756248280639
------------------------------------------
[{'stable': {'F_dwave': np.complex128(0.08494686265098395+0j)}, 'free': np.float64(-9817.756248280639)}]
------------------------------------------
  Seed: d-wave+px
F_onsite: (7.931798816513281e-17-3.488888108445445e-19j)
F_swave: (1.0755285551056204e-16+5.816507675563363e-19j), F_dwave: (0.08494686265052623+3.872602188687134e-17j)
F_px: (1.240841163152595e-08+1.4068429460096631e-18j), F_py: (6.938893903907228e-18+1.007745228359615e-17j)
Free_energy = -9817.756248275678
------------------------------------------
[{'stable': {'F_dwave': np.complex128(0.08494686265098395+0j)}, 'free': np.float64(-9817.756248280639)}]
------------------------------------------
  Seed: d-wave+py
F_onsite: (2.535382857773381e-16+3.469096692738717e-19j)
F_swave: (4.163336342344337e-17+1.7085225121386484e-18j), F_dwave: (0.08494686265052648-1.762907380602867e-18j)
F_px: (-4.163336342344337e-17-9.370733316152987e-18j), F_py: (1.3336961549037518e-08+9.051294850223104e-18j)
Free_energy = -9817.75624827568
------------------------------------------
[{'stable': {'F_dwave': np.complex128(0.08494686265098395+0j)}, 'free': np.float64(-9817.756248280639)}]
------------------------------------------
====================================
mu=0.53, T=0.0437
====================================
  Seed: normal state
F_onsite: 0j
F_swave: 0j, F_dwave: 0j
F_px: 0j, F_py: 0j
Free_energy = -9522.632461228015
------------------------------------------
[{'stable': {}, 'free': np.float64(-9522.632461228015)}]
------------------------------------------
  Seed: d-wave
F_onsite: (5.569280844672433e-17+0j)
F_swave: (-3.5388358909926865e-16+0j), F_dwave: (0.08486341114062168+0j)
F_px: -1.9139983085584713e-18j, F_py: 8.202223713979269e-18j
Free_energy = -9817.482109367125
------------------------------------------
[{'stable': {'F_dwave': np.complex128(0.08486341114062168+0j)}, 'free': np.float64(-9817.482109367125)}]
------------------------------------------
  Seed: d-wave+px
F_onsite: (5.949615742331272e-17-5.90168614639796e-19j)
F_swave: (2.42861286636753e-17+2.500925250119564e-19j), F_dwave: (0.08486341114061649+3.6335418424599956e-17j)
F_px: (5.815179830725992e-09-1.4428448048078078e-17j), F_py: (6.245004513516506e-17+1.0513800277474283e-17j)
Free_energy = -9817.482109367078
------------------------------------------
[{'stable': {'F_dwave': np.complex128(0.08486341114062168+0j)}, 'free': np.float64(-9817.482109367125)}]
------------------------------------------
  Seed: d-wave+py
F_onsite: (9.612962544732326e-17+6.901084136231995e-19j)
F_swave: (-1.457167719820518e-16+1.8488057601345735e-18j), F_dwave: (0.08486341114061646+1.2503242345190696e-18j)
F_px: -9.178774564894407e-18j, F_py: (6.250342979297052e-09+7.23110284704133e-18j)
Free_energy = -9817.482109367078
------------------------------------------
[{'stable': {'F_dwave': np.complex128(0.08486341114062168+0j)}, 'free': np.float64(-9817.482109367125)}]
------------------------------------------
====================================
mu=0.53, T=0.0498
====================================
  Seed: normal state
F_onsite: 0j
F_swave: 0j, F_dwave: 0j
F_px: 0j, F_py: 0j
Free_energy = -9524.47112874959
------------------------------------------
[{'stable': {}, 'free': np.float64(-9524.47112874959)}]
------------------------------------------
  Seed: d-wave
F_onsite: (-5.284782501552035e-17+0j)
F_swave: (5.551115123125783e-17+0j), F_dwave: (0.084745133159702+0j)
F_px: -1.8587948930118466e-17j, F_py: 8.016824066005235e-18j
Free_energy = -9817.07858212606
------------------------------------------
[{'stable': {'F_dwave': np.complex128(0.084745133159702+0j)}, 'free': np.float64(-9817.07858212606)}]
------------------------------------------
  Seed: d-wave+px
F_onsite: (-3.6215450976616795e-17+7.6852874410709e-20j)
F_swave: (-1.6306400674181987e-16-2.039227348317106e-18j), F_dwave: (0.08474513315970186+2.1658188472098672e-17j)
F_px: (2.285898241527473e-09-6.809713716026974e-18j), F_py: (-6.938893903907228e-18+8.855706107694713e-18j)
Free_energy = -9817.078582126058
------------------------------------------
[{'stable': {'F_dwave': np.complex128(0.084745133159702+0j)}, 'free': np.float64(-9817.07858212606)}]
------------------------------------------
  Seed: d-wave+py
F_onsite: (-7.361310817506234e-17-1.3851872735593385e-18j)
F_swave: (2.3592239273284576e-16+4.033481865262747e-18j), F_dwave: (0.08474513315970195+1.273809670547767e-17j)
F_px: (-1.3877787807814457e-17-1.601005694200597e-17j), F_py: (2.4569571793753298e-09+1.0771613591195871e-17j)
Free_energy = -9817.07858212606
------------------------------------------
[{'stable': {'F_dwave': np.complex128(0.084745133159702+0j)}, 'free': np.float64(-9817.07858212606)}]
------------------------------------------
====================================
mu=0.53, T=0.0559
====================================
  Seed: normal state
F_onsite: 0j
F_swave: 0j, F_dwave: 0j
F_px: 0j, F_py: 0j
Free_energy = -9526.5519442923
------------------------------------------
[{'stable': {}, 'free': np.float64(-9526.5519442923)}]
------------------------------------------
  Seed: d-wave
F_onsite: (1.2590019795302102e-17+0j)
F_swave: (-9.020562075079397e-17+0j), F_dwave: (0.08458402921352606+0j)
F_px: -2.640927133988863e-18j, F_py: 1.0186181650025026e-17j
Free_energy = -9816.519642763664
------------------------------------------
[{'stable': {'F_dwave': np.complex128(0.08458402921352606+0j)}, 'free': np.float64(-9816.519642763664)}]
------------------------------------------
  Seed: d-wave+px
F_onsite: (6.967443668897262e-17-1.1333049576605308e-19j)
F_swave: (-9.367506770274758e-17-3.353642921277046e-18j), F_dwave: (0.08458402921352606+1.1501886033365133e-17j)
F_px: (8.394965486657746e-10-8.99860360591022e-18j), F_py: (-6.938893903907228e-18+1.1787530325789882e-17j)
Free_energy = -9816.519642763664
------------------------------------------
[{'stable': {'F_dwave': np.complex128(0.08458402921352606+0j)}, 'free': np.float64(-9816.519642763664)}]
------------------------------------------
  Seed: d-wave+py
F_onsite: (5.333197759857521e-17-1.4164002696135164e-18j)
F_swave: (-8.673617379884035e-17+3.0898132320540958e-18j), F_dwave: (0.0845840292135258+2.1187011299142288e-17j)
F_px: (2.7755575615628914e-17-8.45849013626233e-18j), F_py: (9.023181993250695e-10+9.275985091369378e-18j)
Free_energy = -9816.519642763664
------------------------------------------
[{'stable': {'F_dwave': np.complex128(0.08458402921352606+0j)}, 'free': np.float64(-9816.519642763664)}]
------------------------------------------
====================================
mu=0.53, T=0.0620
====================================
  Seed: normal state
F_onsite: 0j
F_swave: 0j, F_dwave: 0j
F_px: 0j, F_py: 0j
Free_energy = -9528.877048752907
------------------------------------------
[{'stable': {}, 'free': np.float64(-9528.877048752907)}]
------------------------------------------
  Seed: d-wave
F_onsite: (-2.3393575256790002e-17+0j)
F_swave: (1.457167719820518e-16+0j), F_dwave: (0.084369059124496+0j)
F_px: 2.074876304907314e-17j, F_py: 7.964099383831186e-18j
Free_energy = -9815.753047673346
------------------------------------------
[{'stable': {'F_dwave': np.complex128(0.084369059124496+0j)}, 'free': np.float64(-9815.753047673346)}]
------------------------------------------
  Seed: d-wave+px
F_onsite: (5.097510714914029e-18-1.6145169709760874e-18j)
F_swave: (-1.6306400674181987e-16+1.339299979851177e-18j), F_dwave: (0.08436905912449594+4.471152540792827e-18j)
F_px: (2.5202150782943633e-10-3.6941781652893e-18j), F_py: (-2.0816681711721685e-17+8.424454146385677e-18j)
Free_energy = -9815.753047673346
------------------------------------------
[{'stable': {'F_dwave': np.complex128(0.084369059124496+0j)}, 'free': np.float64(-9815.753047673346)}]
------------------------------------------
  Seed: d-wave+py
F_onsite: (-2.3189361744572248e-17+3.8675859146576377e-19j)
F_swave: (5.551115123125783e-17+2.113417306525675e-18j), F_dwave: (0.084369059124496+9.161132817504413e-18j)
F_px: (-6.938893903907228e-18-1.96437480011923e-17j), F_py: (2.708807622653353e-10+1.055075807002064e-17j)
Free_energy = -9815.753047673346
------------------------------------------
[{'stable': {'F_dwave': np.complex128(0.084369059124496+0j)}, 'free': np.float64(-9815.753047673346)}]
------------------------------------------
====================================
mu=0.53, T=0.0681
====================================
  Seed: normal state
F_onsite: 0j
F_swave: 0j, F_dwave: 0j
F_px: 0j, F_py: 0j
Free_energy = -9531.448640038321
------------------------------------------
[{'stable': {}, 'free': np.float64(-9531.448640038321)}]
------------------------------------------
  Seed: d-wave
F_onsite: (-6.535577539111171e-17+0j)
F_swave: (2.0816681711721685e-17+0j), F_dwave: (0.08409119413197932+0j)
F_px: 1.705370176059515e-18j, F_py: 8.737925740726123e-18j
Free_energy = -9814.751828255508
------------------------------------------
[{'stable': {'F_dwave': np.complex128(0.08409119413197932+0j)}, 'free': np.float64(-9814.751828255508)}]
------------------------------------------
  Seed: d-wave+px
F_onsite: (6.594123265689882e-17+9.967780792389724e-19j)
F_swave: (-9.367506770274758e-17+1.8290261710934483e-18j), F_dwave: (0.08409119413197912+4.407947876982803e-18j)
F_px: (7.010588637390569e-11-1.2263677775689191e-17j), F_py: (2.0816681711721685e-17+8.137332443334797e-18j)
Free_energy = -9814.751828255508
------------------------------------------
[{'stable': {'F_dwave': np.complex128(0.08409119413197932+0j)}, 'free': np.float64(-9814.751828255508)}]
------------------------------------------
  Seed: d-wave+py
F_onsite: (3.3411335915764173e-17+5.679719026342883e-19j)
F_swave: (-6.245004513516506e-17-1.3496895805624288e-18j), F_dwave: (0.08409119413197927+1.3635837892233002e-17j)
F_px: (-2.0816681711721685e-17-2.1117356479352945e-17j), F_py: (7.535282120496589e-11+1.1012205458849182e-17j)
Free_energy = -9814.751828255508
------------------------------------------
[{'stable': {'F_dwave': np.complex128(0.08409119413197932+0j)}, 'free': np.float64(-9814.751828255508)}]
------------------------------------------
====================================
mu=0.53, T=0.0742
====================================
  Seed: normal state
F_onsite: 0j
F_swave: 0j, F_dwave: 0j
F_px: 0j, F_py: 0j
Free_energy = -9534.26896161342
------------------------------------------
[{'stable': {}, 'free': np.float64(-9534.26896161342)}]
------------------------------------------
  Seed: d-wave
F_onsite: (-2.362724290982986e-17+0j)
F_swave: (-2.7755575615628914e-16+0j), F_dwave: (0.08373917196523023+0j)
F_px: -2.1680387311402604e-18j, F_py: 7.29816822244106e-18j
Free_energy = -9813.467362141397
------------------------------------------
[{'stable': {'F_dwave': np.complex128(0.08373917196523023+0j)}, 'free': np.float64(-9813.467362141397)}]
------------------------------------------
  Seed: d-wave+px
F_onsite: (-3.306296508106047e-17+1.0989734322751726e-18j)
F_swave: (-1.9081958235744878e-16+2.4003276408833615e-18j), F_dwave: (0.08373917196522991+5.330055116246957e-18j)
F_px: (1.5555168264569375e-11+4.734657693854227e-18j), F_py: (2.0816681711721685e-17+7.753894640223299e-18j)
Free_energy = -9813.467362141397
------------------------------------------
[{'stable': {'F_dwave': np.complex128(0.08373917196523023+0j)}, 'free': np.float64(-9813.467362141397)}]
------------------------------------------
  Seed: d-wave+py
F_onsite: (-3.654191521166839e-17+1.1662603706234294e-18j)
F_swave: (4.85722573273506e-17-8.620981916901728e-19j), F_dwave: (0.0837391719652299+1.2550549838398369e-17j)
F_px: (4.85722573273506e-17-1.332186894597612e-17j), F_py: (1.6719459150493776e-11+1.2254790099867155e-17j)
Free_energy = -9813.467362141397
------------------------------------------
[{'stable': {'F_dwave': np.complex128(0.08373917196523023+0j)}, 'free': np.float64(-9813.467362141397)}]
------------------------------------------
====================================
mu=0.53, T=0.0803
====================================
  Seed: normal state
F_onsite: 0j
F_swave: 0j, F_dwave: 0j
F_px: 0j, F_py: 0j
Free_energy = -9537.34026782019
------------------------------------------
[{'stable': {}, 'free': np.float64(-9537.34026782019)}]
------------------------------------------
  Seed: d-wave
F_onsite: (1.6344944643748998e-16+0j)
F_swave: (2.8449465006019636e-16+0j), F_dwave: (0.08330392970987266+0j)
F_px: 9.360809254291039e-18j, F_py: 9.300104123496997e-18j
Free_energy = -9811.875208432359
------------------------------------------
[{'stable': {'F_dwave': np.complex128(0.08330392970987266+0j)}, 'free': np.float64(-9811.875208432359)}]
------------------------------------------
  Seed: d-wave+px
F_onsite: (5.355887527562113e-17-3.370748956777546e-20j)
F_swave: (2.671474153004283e-16+2.763858170304084e-18j), F_dwave: (0.08330392970987263+1.2418971252335325e-17j)
F_px: (2.7086666243292257e-12-1.209652356288516e-17j), F_py: (3.469446951953614e-17+9.293386041529648e-18j)
Free_energy = -9811.87520843236
------------------------------------------
[{'stable': {'F_dwave': np.complex128(0.08330392970987266+0j)}, 'free': np.float64(-9811.875208432359)}]
------------------------------------------
  Seed: d-wave+py
F_onsite: (4.9963563466106865e-17+1.0991407566761718e-19j)
F_swave: (3.400058012914542e-16-5.618141392345249e-19j), F_dwave: (0.08330392970987285+1.411862475188172e-17j)
F_px: (6.938893903907228e-18+6.54042677727846e-18j), F_py: (2.9118235600478215e-12+1.2006098775338946e-17j)
Free_energy = -9811.875208432357
------------------------------------------
[{'stable': {'F_dwave': np.complex128(0.08330392970987266+0j)}, 'free': np.float64(-9811.875208432359)}]
------------------------------------------
====================================
mu=0.53, T=0.0864
====================================
  Seed: normal state
F_onsite: 0j
F_swave: 0j, F_dwave: 0j
F_px: 0j, F_py: 0j
Free_energy = -9540.6647678176
------------------------------------------
[{'stable': {}, 'free': np.float64(-9540.6647678176)}]
------------------------------------------
  Seed: d-wave
F_onsite: (1.7125020960011826e-17+0j)
F_swave: 0j, F_dwave: (0.08277655376264315+0j)
F_px: -1.701538065135976e-17j, F_py: 9.387350171425415e-18j
Free_energy = -9809.953116339631
------------------------------------------
[{'stable': {'F_dwave': np.complex128(0.08277655376264315+0j)}, 'free': np.float64(-9809.953116339631)}]
------------------------------------------
  Seed: d-wave+px
F_onsite: (-2.9877825281813067e-18+1.553653835053054e-19j)
F_swave: (-1.6306400674181987e-16+7.919218400345434e-19j), F_dwave: (0.08277655376264359+1.3890226536275723e-17j)
F_px: (4.305375500557318e-13-3.530224474270434e-18j), F_py: (2.0816681711721685e-17+7.14596077265753e-18j)
Free_energy = -9809.953116339631
------------------------------------------
[{'stable': {'F_dwave': np.complex128(0.08277655376264315+0j)}, 'free': np.float64(-9809.953116339631)}]
------------------------------------------
  Seed: d-wave+py
F_onsite: (-6.91918154237147e-17-1.9721875254781012e-19j)
F_swave: (1.4224732503009818e-16+5.01416646664066e-18j), F_dwave: (0.08277655376264376+1.707074157501125e-17j)
F_px: (-4.85722573273506e-17-9.028675472228498e-18j), F_py: (4.625952398917832e-13+1.1749751204114141e-17j)
Free_energy = -9809.953116339633
------------------------------------------
[{'stable': {'F_dwave': np.complex128(0.08277655376264315+0j)}, 'free': np.float64(-9809.953116339631)}]
------------------------------------------
====================================
mu=0.53, T=0.0925
====================================
  Seed: normal state
F_onsite: 0j
F_swave: 0j, F_dwave: 0j
F_px: 0j, F_py: 0j
Free_energy = -9544.244561545378
------------------------------------------
[{'stable': {}, 'free': np.float64(-9544.244561545378)}]
------------------------------------------
  Seed: d-wave
F_onsite: (8.874579600420684e-17+0j)
F_swave: (-7.632783294297951e-17+0j), F_dwave: (0.08214707036181865+0j)
F_px: 1.1127410577823169e-18j, F_py: 8.091709380825902e-18j
Free_energy = -9807.67001995231
------------------------------------------
[{'stable': {'F_dwave': np.complex128(0.08214707036181865+0j)}, 'free': np.float64(-9807.67001995231)}]
------------------------------------------
  Seed: d-wave+px
F_onsite: (5.191928849595207e-17-4.603596184223044e-19j)
F_swave: (-3.469446951953614e-17+1.7397470406985454e-19j), F_dwave: (0.08214707036181859+1.9174362581973177e-17j)
F_px: (5.2007009809784677e-14-7.99732781447708e-18j), F_py: (-5.551115123125783e-17+1.0808318182269969e-17j)
Free_energy = -9807.67001995231
------------------------------------------
[{'stable': {'F_dwave': np.complex128(0.08214707036181865+0j)}, 'free': np.float64(-9807.67001995231)}]
------------------------------------------
  Seed: d-wave+py
F_onsite: (8.643415739422695e-17+1.509758772783378e-19j)
F_swave: (1.457167719820518e-16-1.9578866228127614e-18j), F_dwave: (0.0821470703618186+4.413091906417117e-18j)
F_px: (3.469446951953614e-17-4.191525323828828e-18j), F_py: (5.639932965095795e-14+8.72952843030424e-18j)
Free_energy = -9807.670019952307
------------------------------------------
[{'stable': {'F_dwave': np.complex128(0.08214707036181865+0j)}, 'free': np.float64(-9807.67001995231)}]
------------------------------------------
====================================
mu=0.53, T=0.0986
====================================
  Seed: normal state
F_onsite: 0j
F_swave: 0j, F_dwave: 0j
F_px: 0j, F_py: 0j
Free_energy = -9548.081579420172
------------------------------------------
[{'stable': {}, 'free': np.float64(-9548.081579420172)}]
------------------------------------------
  Seed: d-wave
F_onsite: (1.2517376519904669e-17+0j)
F_swave: (-2.0816681711721685e-17+0j), F_dwave: (0.08140775829963763+0j)
F_px: -1.9197008274303277e-17j, F_py: 9.956276756233027e-18j
Free_energy = -9805.019604797966
------------------------------------------
[{'stable': {'F_dwave': np.complex128(0.08140775829963763+0j)}, 'free': np.float64(-9805.019604797966)}]
------------------------------------------
  Seed: d-wave+px
F_onsite: (-4.401414945069275e-17+1.312578782601755e-18j)
F_swave: (-3.469446951953614e-17+3.784174127012737e-18j), F_dwave: (0.08140775829963778+1.357024991428306e-17j)
F_px: (5.800915303666443e-15-6.128397614412949e-18j), F_py: (8.326672684688674e-17+1.0710236046740155e-17j)
Free_energy = -9805.01960479797
------------------------------------------
[{'stable': {'F_dwave': np.complex128(0.08140775829963763+0j)}, 'free': np.float64(-9805.019604797966)}]
------------------------------------------
  Seed: d-wave+py
F_onsite: (4.084216113840604e-18+5.406152959058843e-19j)
F_swave: (-5.551115123125783e-17-2.17446504413336e-18j), F_dwave: (0.08140775829963773-3.9687689452521146e-18j)
F_px: (7.632783294297951e-17-8.26192030845751e-18j), F_py: (6.411537967210279e-15+9.98751910465123e-18j)
Free_energy = -9805.01960479797
------------------------------------------
[{'stable': {'F_dwave': np.complex128(0.08140775829963763+0j)}, 'free': np.float64(-9805.019604797966)}]
------------------------------------------
====================================
mu=0.53, T=0.1047
====================================
  Seed: normal state
F_onsite: 0j
F_swave: 0j, F_dwave: 0j
F_px: 0j, F_py: 0j
Free_energy = -9552.177532767464
------------------------------------------
[{'stable': {}, 'free': np.float64(-9552.177532767464)}]
------------------------------------------
  Seed: d-wave
F_onsite: (-3.3639264990604296e-17+0j)
F_swave: (1.457167719820518e-16+0j), F_dwave: (0.08054875292977337+0j)
F_px: -1.0842055639260159e-17j, F_py: 8.08194666825343e-18j
Free_energy = -9801.978860456256
------------------------------------------
[{'stable': {'F_dwave': np.complex128(0.08054875292977337+0j)}, 'free': np.float64(-9801.978860456256)}]
------------------------------------------
  Seed: d-wave+px
F_onsite: (-2.0160734103412035e-17+1.8271687154876062e-19j)
F_swave: (1.5612511283791264e-16-4.46678916306161e-18j), F_dwave: (0.08054875292977347+1.5854184093867513e-18j)
F_px: (2.1510571102112408e-16-6.111267027413728e-18j), F_py: (6.938893903907228e-18+1.0076588490667875e-17j)
Free_energy = -9801.978860456256
------------------------------------------
[{'stable': {'F_dwave': np.complex128(0.08054875292977337+0j)}, 'free': np.float64(-9801.978860456256)}]
------------------------------------------
  Seed: d-wave+py
F_onsite: (1.743442621377606e-17-4.690118188948801e-19j)
F_swave: (1.6306400674181987e-16+1.4603931617266582e-18j), F_dwave: (0.08054875292977348-1.2707089013035507e-17j)
F_px: -1.1965977370399235e-17j, F_py: (3.8163916471489756e-16+1.1180683529704667e-17j)
Free_energy = -9801.978860456256
------------------------------------------
[{'stable': {'F_dwave': np.complex128(0.08054875292977337+0j)}, 'free': np.float64(-9801.978860456256)}]
------------------------------------------
====================================
mu=0.53, T=0.1108
====================================
  Seed: normal state
F_onsite: 0j
F_swave: 0j, F_dwave: 0j
F_px: 0j, F_py: 0j
Free_energy = -9556.533877852038
------------------------------------------
[{'stable': {}, 'free': np.float64(-9556.533877852038)}]
------------------------------------------
  Seed: d-wave
F_onsite: (9.243341004630138e-17+0j)
F_swave: (9.71445146547012e-17+0j), F_dwave: (0.07956175396806656+0j)
F_px: -1.5307906159121674e-17j, F_py: 9.087151437878896e-18j
Free_energy = -9798.544890657993
------------------------------------------
[{'stable': {'F_dwave': np.complex128(0.07956175396806656+0j)}, 'free': np.float64(-9798.544890657993)}]
------------------------------------------
  Seed: d-wave+px
F_onsite: (1.0587821843428108e-16+1.2388766516160235e-18j)
F_swave: (9.71445146547012e-17+1.281196889726233e-18j), F_dwave: (0.07956175396806657+7.35386394744548e-18j)
F_px: -2.706773192289922e-18j, F_py: 1.0928586175958719e-17j
Free_energy = -9798.544890657993
------------------------------------------
[{'stable': {'F_dwave': np.complex128(0.07956175396806656+0j)}, 'free': np.float64(-9798.544890657993)}]
------------------------------------------
  Seed: d-wave+py
F_onsite: (9.942941249969927e-17-4.0384159569905664e-20j)
F_swave: (1.0061396160665481e-16+3.5920731690421503e-19j), F_dwave: (0.07956175396806656-1.3214823226368519e-17j)
F_px: (-1.3877787807814457e-17-1.0599337686479949e-17j), F_py: (-6.938893903907228e-18+1.1002026579463627e-17j)
Free_energy = -9798.544890657991
------------------------------------------
[{'stable': {'F_dwave': np.complex128(0.07956175396806656+0j)}, 'free': np.float64(-9798.544890657993)}]
------------------------------------------
====================================
mu=0.53, T=0.1169
====================================
  Seed: normal state
F_onsite: 0j
F_swave: 0j, F_dwave: 0j
F_px: 0j, F_py: 0j
Free_energy = -9561.151793597212
------------------------------------------
[{'stable': {}, 'free': np.float64(-9561.151793597212)}]
------------------------------------------
  Seed: d-wave
F_onsite: (8.070766245411387e-17+0j)
F_swave: (-1.5959455978986625e-16+0j), F_dwave: (0.07843744485375781+0j)
F_px: -8.483712774700987e-19j, F_py: 8.529579640654877e-18j
Free_energy = -9794.712031544857
------------------------------------------
[{'stable': {'F_dwave': np.complex128(0.07843744485375781+0j)}, 'free': np.float64(-9794.712031544857)}]
------------------------------------------
  Seed: d-wave+px
F_onsite: (7.97760191202514e-17+7.511702030584816e-19j)
F_swave: (-1.6306400674181987e-16-2.9904079064542514e-19j), F_dwave: (0.07843744485375782+8.825252614259653e-18j)
F_px: (-1.3877787807814457e-17-2.844484129989127e-18j), F_py: (-2.0816681711721685e-17+9.644805332629025e-18j)
Free_energy = -9794.712031544857
------------------------------------------
[{'stable': {'F_dwave': np.complex128(0.07843744485375781+0j)}, 'free': np.float64(-9794.712031544857)}]
------------------------------------------
  Seed: d-wave+py
F_onsite: (7.845340389197379e-17+1.1612777417598422e-19j)
F_swave: (-1.491862189340054e-16+6.1944363713081665e-19j), F_dwave: (0.07843744485375784-1.3637290421388646e-17j)
F_px: -5.281511150517243e-18j, F_py: (6.938893903907228e-18+1.0888863146088971e-17j)
Free_energy = -9794.71203154486
------------------------------------------
[{'stable': {'F_dwave': np.complex128(0.07843744485375781+0j)}, 'free': np.float64(-9794.712031544857)}]
------------------------------------------
====================================
mu=0.53, T=0.1230
====================================
  Seed: normal state
F_onsite: 0j
F_swave: 0j, F_dwave: 0j
F_px: 0j, F_py: 0j
Free_energy = -9566.032171540384
------------------------------------------
[{'stable': {}, 'free': np.float64(-9566.032171540384)}]
------------------------------------------
  Seed: d-wave
F_onsite: (-6.565442371418728e-17+0j)
F_swave: (6.938893903907228e-18+0j), F_dwave: (0.07716647812043653+0j)
F_px: -7.920116226032944e-18j, F_py: 7.669540884614093e-18j
Free_energy = -9790.48241956103
------------------------------------------
[{'stable': {'F_dwave': np.complex128(0.07716647812043653+0j)}, 'free': np.float64(-9790.48241956103)}]
------------------------------------------
  Seed: d-wave+px
F_onsite: (-6.565442371418728e-17+0j)
F_swave: (6.938893903907228e-18+0j), F_dwave: (0.07716647812043653+0j)
F_px: -7.920116226032944e-18j, F_py: 7.669540884614093e-18j
Free_energy = -9790.48241956103
------------------------------------------
[{'stable': {'F_dwave': np.complex128(0.07716647812043653+0j)}, 'free': np.float64(-9790.48241956103)}]
------------------------------------------
  Seed: d-wave+py
F_onsite: (-6.560598401751617e-17+4.914503367639208e-19j)
F_swave: (3.469446951953614e-18+8.075100507913635e-19j), F_dwave: (0.07716647812043653-8.955730843312849e-18j)
F_px: -1.4368023842469522e-18j, F_py: (6.938893903907228e-18+9.063436169717e-18j)
Free_energy = -9790.48241956103
------------------------------------------
[{'stable': {'F_dwave': np.complex128(0.07716647812043653+0j)}, 'free': np.float64(-9790.48241956103)}]
------------------------------------------
====================================
mu=0.53, T=0.1291
====================================
  Seed: normal state
F_onsite: 0j
F_swave: 0j, F_dwave: 0j
F_px: 0j, F_py: 0j
Free_energy = -9571.175615895138
------------------------------------------
[{'stable': {}, 'free': np.float64(-9571.175615895138)}]
------------------------------------------
  Seed: d-wave
F_onsite: (1.6557256098956248e-16+0j)
F_swave: (-2.5673907444456745e-16+0j), F_dwave: (0.07573666657090057+0j)
F_px: -4.140674405974467e-17j, F_py: 8.43080678287522e-18j
Free_energy = -9785.84520726351
------------------------------------------
[{'stable': {'F_dwave': np.complex128(0.07573666657090057+0j)}, 'free': np.float64(-9785.84520726351)}]
------------------------------------------
  Seed: d-wave+px
F_onsite: (1.6557256098956248e-16+0j)
F_swave: (-2.5673907444456745e-16+0j), F_dwave: (0.07573666657090057+0j)
F_px: -4.140674405974467e-17j, F_py: 8.43080678287522e-18j
Free_energy = -9785.84520726351
------------------------------------------
[{'stable': {'F_dwave': np.complex128(0.07573666657090057+0j)}, 'free': np.float64(-9785.84520726351)}]
------------------------------------------
  Seed: d-wave+py
F_onsite: (1.506493757061586e-16+3.122818626647779e-19j)
F_swave: (-2.5326962749261384e-16-2.5760011073241166e-18j), F_dwave: (0.07573666657090056-1.223645322979004e-17j)
F_px: (-2.0816681711721685e-17-3.286596485520144e-17j), F_py: (-2.0816681711721685e-17+8.295081333606294e-18j)
Free_energy = -9785.84520726351
------------------------------------------
[{'stable': {'F_dwave': np.complex128(0.07573666657090057+0j)}, 'free': np.float64(-9785.84520726351)}]
------------------------------------------
====================================
mu=0.53, T=0.1352
====================================
  Seed: normal state
F_onsite: 0j
F_swave: 0j, F_dwave: 0j
F_px: 0j, F_py: 0j
Free_energy = -9576.58245144734
------------------------------------------
[{'stable': {}, 'free': np.float64(-9576.58245144734)}]
------------------------------------------
  Seed: d-wave
F_onsite: (1.4073653588955173e-16+0j)
F_swave: (-1.6653345369377348e-16+0j), F_dwave: (0.07413562238168471+0j)
F_px: -2.419598252051927e-17j, F_py: 8.765307042063088e-18j
Free_energy = -9780.801660658135
------------------------------------------
[{'stable': {'F_dwave': np.complex128(0.07413562238168471+0j)}, 'free': np.float64(-9780.801660658135)}]
------------------------------------------
  Seed: d-wave+px
F_onsite: (1.4073653588955173e-16+0j)
F_swave: (-1.6653345369377348e-16+0j), F_dwave: (0.07413562238168471+0j)
F_px: -2.419598252051927e-17j, F_py: 8.765307042063088e-18j
Free_energy = -9780.801660658135
------------------------------------------
[{'stable': {'F_dwave': np.complex128(0.07413562238168471+0j)}, 'free': np.float64(-9780.801660658135)}]
------------------------------------------
  Seed: d-wave+py
F_onsite: (1.2796638924406008e-16+3.145316982126806e-19j)
F_swave: (-1.8388068845354155e-16-5.373780917402276e-19j), F_dwave: (0.07413562238168472-2.2640580427610537e-17j)
F_px: -2.8251226788164057e-17j, F_py: (-6.938893903907228e-18+1.1059636400405495e-17j)
Free_energy = -9780.801660658135
------------------------------------------
[{'stable': {'F_dwave': np.complex128(0.07413562238168471+0j)}, 'free': np.float64(-9780.801660658135)}]
------------------------------------------
====================================
mu=0.53, T=0.1413
====================================
  Seed: normal state
F_onsite: 0j
F_swave: 0j, F_dwave: 0j
F_px: 0j, F_py: 0j
Free_energy = -9582.25273716553
------------------------------------------
[{'stable': {}, 'free': np.float64(-9582.25273716553)}]
------------------------------------------
  Seed: d-wave
F_onsite: (-2.8552388773533894e-17+0j)
F_swave: (-1.0408340855860843e-16+0j), F_dwave: (0.07235057813336698+0j)
F_px: 7.027074665927831e-18j, F_py: 9.925757069052506e-18j
Free_energy = -9775.364879920739
------------------------------------------
[{'stable': {'F_dwave': np.complex128(0.07235057813336698+0j)}, 'free': np.float64(-9775.364879920739)}]
------------------------------------------
  Seed: d-wave+px
F_onsite: (-2.8552388773533894e-17+0j)
F_swave: (-1.0408340855860843e-16+0j), F_dwave: (0.07235057813336698+0j)
F_px: 7.027074665927831e-18j, F_py: 9.925757069052506e-18j
Free_energy = -9775.364879920739
------------------------------------------
[{'stable': {'F_dwave': np.complex128(0.07235057813336698+0j)}, 'free': np.float64(-9775.364879920739)}]
------------------------------------------
  Seed: d-wave+py
F_onsite: (-3.643169438968531e-17-6.126930654394284e-19j)
F_swave: (-9.367506770274758e-17+1.0551718552976497e-18j), F_dwave: (0.072350578133367-2.0041543580997737e-17j)
F_px: 4.984912144502828e-18j, F_py: (-6.938893903907228e-18+1.1859817837764792e-17j)
Free_energy = -9775.364879920739
------------------------------------------
[{'stable': {'F_dwave': np.complex128(0.07235057813336698+0j)}, 'free': np.float64(-9775.364879920739)}]
------------------------------------------
====================================
mu=0.53, T=0.1474
====================================
  Seed: normal state
F_onsite: 0j
F_swave: 0j, F_dwave: 0j
F_px: 0j, F_py: 0j
Free_energy = -9588.186283691812
------------------------------------------
[{'stable': {}, 'free': np.float64(-9588.186283691812)}]
------------------------------------------
  Seed: d-wave
F_onsite: (8.234498055148472e-17+0j)
F_swave: (3.469446951953614e-17+0j), F_dwave: (0.0703635929441773+0j)
F_px: -1.5339207385205045e-17j, F_py: 6.907507478220764e-18j
Free_energy = -9769.529255894724
------------------------------------------
[{'stable': {'F_dwave': np.complex128(0.0703635929441773+0j)}, 'free': np.float64(-9769.529255894724)}]
------------------------------------------
  Seed: d-wave+px
F_onsite: (8.234498055148472e-17+0j)
F_swave: (3.469446951953614e-17+0j), F_dwave: (0.0703635929441773+0j)
F_px: -1.5339207385205045e-17j, F_py: 6.907507478220764e-18j
Free_energy = -9769.529255894724
------------------------------------------
[{'stable': {'F_dwave': np.complex128(0.0703635929441773+0j)}, 'free': np.float64(-9769.529255894724)}]
------------------------------------------
  Seed: d-wave+py
F_onsite: (7.715231124279124e-17-4.433406736218595e-19j)
F_swave: (3.122502256758253e-17+9.196539671937037e-19j), F_dwave: (0.0703635929441773-1.1653338460825377e-17j)
F_px: (-6.938893903907228e-18-2.0185515078316956e-17j), F_py: (-6.938893903907228e-18+8.753799420857499e-18j)
Free_energy = -9769.529255894726
------------------------------------------
[{'stable': {'F_dwave': np.complex128(0.0703635929441773+0j)}, 'free': np.float64(-9769.529255894724)}]
------------------------------------------
====================================
mu=0.53, T=0.1536
====================================
  Seed: normal state
F_onsite: 0j
F_swave: 0j, F_dwave: 0j
F_px: 0j, F_py: 0j
Free_energy = -9594.382673206233
------------------------------------------
[{'stable': {}, 'free': np.float64(-9594.382673206233)}]
------------------------------------------
  Seed: d-wave
F_onsite: (-1.6326606380440942e-17+0j)
F_swave: (-7.632783294297951e-17+0j), F_dwave: (0.06815616397375766+0j)
F_px: -4.72034752456448e-19j, F_py: 9.32799830811351e-18j
Free_energy = -9763.309252026074
------------------------------------------
[{'stable': {'F_dwave': np.complex128(0.06815616397375766+0j)}, 'free': np.float64(-9763.309252026074)}]
------------------------------------------
  Seed: d-wave+px
F_onsite: (-1.6326606380440942e-17+0j)
F_swave: (-7.632783294297951e-17+0j), F_dwave: (0.06815616397375766+0j)
F_px: -4.72034752456448e-19j, F_py: 9.32799830811351e-18j
Free_energy = -9763.309252026074
------------------------------------------
[{'stable': {'F_dwave': np.complex128(0.06815616397375766+0j)}, 'free': np.float64(-9763.309252026074)}]
------------------------------------------
  Seed: d-wave+py
F_onsite: (-6.996492144320521e-19-1.2079530215937426e-19j)
F_swave: (-8.673617379884035e-17+2.225297827502406e-19j), F_dwave: (0.06815616397375765-9.760569100725666e-18j)
F_px: (-1.3877787807814457e-17-6.309898321496393e-18j), F_py: (-2.0816681711721685e-17+1.1016045636485175e-17j)
Free_energy = -9763.309252026074
------------------------------------------
[{'stable': {'F_dwave': np.complex128(0.06815616397375766+0j)}, 'free': np.float64(-9763.309252026074)}]
------------------------------------------
====================================
mu=0.53, T=0.1597
====================================
  Seed: normal state
F_onsite: 0j
F_swave: 0j, F_dwave: 0j
F_px: 0j, F_py: 0j
Free_energy = -9600.841280479932
------------------------------------------
[{'stable': {}, 'free': np.float64(-9600.841280479932)}]
------------------------------------------
  Seed: d-wave
F_onsite: (-5.848134505269894e-17+0j)
F_swave: (-6.938893903907228e-18+0j), F_dwave: (0.06570169805284748+0j)
F_px: -1.472488610233715e-17j, F_py: 1.1040000787024711e-17j
Free_energy = -9756.697030480069
------------------------------------------
[{'stable': {'F_dwave': np.complex128(0.06570169805284748+0j)}, 'free': np.float64(-9756.697030480069)}]
------------------------------------------
  Seed: d-wave+px
F_onsite: (-5.848134505269894e-17+0j)
F_swave: (-6.938893903907228e-18+0j), F_dwave: (0.06570169805284748+0j)
F_px: -1.472488610233715e-17j, F_py: 1.1040000787024711e-17j
Free_energy = -9756.697030480069
------------------------------------------
[{'stable': {'F_dwave': np.complex128(0.06570169805284748+0j)}, 'free': np.float64(-9756.697030480069)}]
------------------------------------------
  Seed: d-wave+py
F_onsite: (-5.427746759591664e-17-3.0716733256212316e-19j)
F_swave: (-3.469446951953614e-18+1.7161681604760176e-19j), F_dwave: (0.06570169805284748-1.1833182622040584e-18j)
F_px: -9.551771343324418e-18j, F_py: (6.938893903907228e-18+1.1683613478039971e-17j)
Free_energy = -9756.697030480069
------------------------------------------
[{'stable': {'F_dwave': np.complex128(0.06570169805284748+0j)}, 'free': np.float64(-9756.697030480069)}]
------------------------------------------
====================================
mu=0.53, T=0.1658
====================================
  Seed: normal state
F_onsite: 0j
F_swave: 0j, F_dwave: 0j
F_px: 0j, F_py: 0j
Free_energy = -9607.561294214856
------------------------------------------
[{'stable': {}, 'free': np.float64(-9607.561294214856)}]
------------------------------------------
  Seed: d-wave
F_onsite: (-1.7669391829855423e-17+0j)
F_swave: (9.020562075079397e-17+0j), F_dwave: (0.06297191963529468+0j)
F_px: -2.0782036078945514e-18j, F_py: 1.0058956308730695e-17j
Free_energy = -9749.713544129114
------------------------------------------
[{'stable': {'F_dwave': np.complex128(0.06297191963529468+0j)}, 'free': np.float64(-9749.713544129114)}]
------------------------------------------
  Seed: d-wave+px
F_onsite: (-1.7669391829855423e-17+0j)
F_swave: (9.020562075079397e-17+0j), F_dwave: (0.06297191963529468+0j)
F_px: -2.0782036078945514e-18j, F_py: 1.0058956308730695e-17j
Free_energy = -9749.713544129114
------------------------------------------
[{'stable': {'F_dwave': np.complex128(0.06297191963529468+0j)}, 'free': np.float64(-9749.713544129114)}]
------------------------------------------
  Seed: d-wave+py
F_onsite: (-1.7669391829855423e-17+0j)
F_swave: (9.020562075079397e-17+0j), F_dwave: (0.06297191963529468+0j)
F_px: -2.945565345882955e-18j, F_py: 1.0279184875016813e-17j
Free_energy = -9749.713544129114
------------------------------------------
[{'stable': {'F_dwave': np.complex128(0.06297191963529468+0j)}, 'free': np.float64(-9749.713544129114)}]
------------------------------------------
====================================
mu=0.53, T=0.1719
====================================
  Seed: normal state
F_onsite: 0j
F_swave: 0j, F_dwave: 0j
F_px: 0j, F_py: 0j
Free_energy = -9614.541738010863
------------------------------------------
[{'stable': {}, 'free': np.float64(-9614.541738010863)}]
------------------------------------------
  Seed: d-wave
F_onsite: (1.2446451019464949e-16+0j)
F_swave: (-5.204170427930421e-17+0j), F_dwave: (0.05992502697004052+0j)
F_px: -3.500390124307998e-18j, F_py: 1.004351615541678e-17j
Free_energy = -9742.353262387547
------------------------------------------
[{'stable': {'F_dwave': np.complex128(0.05992502697004052+0j)}, 'free': np.float64(-9742.353262387547)}]
------------------------------------------
  Seed: d-wave+px
F_onsite: (1.2446451019464949e-16+0j)
F_swave: (-5.204170427930421e-17+0j), F_dwave: (0.05992502697004052+0j)
F_px: -3.500390124307998e-18j, F_py: 1.004351615541678e-17j
Free_energy = -9742.353262387547
------------------------------------------
[{'stable': {'F_dwave': np.complex128(0.05992502697004052+0j)}, 'free': np.float64(-9742.353262387547)}]
------------------------------------------
  Seed: d-wave+py
F_onsite: (1.2446451019464949e-16+0j)
F_swave: (-5.204170427930421e-17+0j), F_dwave: (0.05992502697004052+0j)
F_px: -3.500390124307998e-18j, F_py: 1.004351615541678e-17j
Free_energy = -9742.353262387547
------------------------------------------
[{'stable': {'F_dwave': np.complex128(0.05992502697004052+0j)}, 'free': np.float64(-9742.353262387547)}]
------------------------------------------
====================================
mu=0.53, T=0.1780
====================================
  Seed: normal state
F_onsite: 0j
F_swave: 0j, F_dwave: 0j
F_px: 0j, F_py: 0j
Free_energy = -9621.781490498533
------------------------------------------
[{'stable': {}, 'free': np.float64(-9621.781490498533)}]
------------------------------------------
  Seed: d-wave
F_onsite: (-6.261425703036908e-17+0j)
F_swave: (-2.0816681711721685e-17+0j), F_dwave: (0.056510125571717695+0j)
F_px: 4.180178732232652e-18j, F_py: 1.020675694058167e-17j
Free_energy = -9734.633579207442
------------------------------------------
[{'stable': {'F_dwave': np.complex128(0.056510125571717695+0j)}, 'free': np.float64(-9734.633579207442)}]
------------------------------------------
  Seed: d-wave+px
F_onsite: (-6.261425703036908e-17+0j)
F_swave: (-2.0816681711721685e-17+0j), F_dwave: (0.056510125571717695+0j)
F_px: 4.180178732232652e-18j, F_py: 1.020675694058167e-17j
Free_energy = -9734.633579207442
------------------------------------------
[{'stable': {'F_dwave': np.complex128(0.056510125571717695+0j)}, 'free': np.float64(-9734.633579207442)}]
------------------------------------------
  Seed: d-wave+py
F_onsite: (-6.261425703036908e-17+0j)
F_swave: (-2.0816681711721685e-17+0j), F_dwave: (0.056510125571717695+0j)
F_px: 4.180178732232652e-18j, F_py: 1.020675694058167e-17j
Free_energy = -9734.633579207442
------------------------------------------
[{'stable': {'F_dwave': np.complex128(0.056510125571717695+0j)}, 'free': np.float64(-9734.633579207442)}]
------------------------------------------
====================================
mu=0.53, T=0.1841
====================================
  Seed: normal state
F_onsite: 0j
F_swave: 0j, F_dwave: 0j
F_px: 0j, F_py: 0j
Free_energy = -9629.279304329386
------------------------------------------
[{'stable': {}, 'free': np.float64(-9629.279304329386)}]
------------------------------------------
  Seed: d-wave
F_onsite: (-3.1712463558947776e-17+0j)
F_swave: (2.0816681711721685e-17+0j), F_dwave: (0.05265269718933484+0j)
F_px: -1.520237114784971e-17j, F_py: 7.466306744012876e-18j
Free_energy = -9726.556208667622
------------------------------------------
[{'stable': {'F_dwave': np.complex128(0.05265269718933484+0j)}, 'free': np.float64(-9726.556208667622)}]
------------------------------------------
  Seed: d-wave+px
F_onsite: (-3.1712463558947776e-17+0j)
F_swave: (2.0816681711721685e-17+0j), F_dwave: (0.05265269718933484+0j)
F_px: -1.520237114784971e-17j, F_py: 7.466306744012876e-18j
Free_energy = -9726.556208667622
------------------------------------------
[{'stable': {'F_dwave': np.complex128(0.05265269718933484+0j)}, 'free': np.float64(-9726.556208667622)}]
------------------------------------------
  Seed: d-wave+py
F_onsite: (-3.1712463558947776e-17+0j)
F_swave: (2.0816681711721685e-17+0j), F_dwave: (0.05265269718933484+0j)
F_px: -1.520237114784971e-17j, F_py: 7.466306744012876e-18j
Free_energy = -9726.556208667622
------------------------------------------
[{'stable': {'F_dwave': np.complex128(0.05265269718933484+0j)}, 'free': np.float64(-9726.556208667622)}]
------------------------------------------
====================================
mu=0.53, T=0.1902
====================================
  Seed: normal state
F_onsite: 0j
F_swave: 0j, F_dwave: 0j
F_px: 0j, F_py: 0j
Free_energy = -9637.033823839905
------------------------------------------
[{'stable': {}, 'free': np.float64(-9637.033823839905)}]
------------------------------------------
  Seed: d-wave
F_onsite: (3.905889942449253e-17+0j)
F_swave: (-3.469446951953614e-17+0j), F_dwave: (0.04824613203665239+0j)
F_px: -4.668269060378754e-18j, F_py: 1.0980694418646497e-17j
Free_energy = -9718.132853607147
------------------------------------------
[{'stable': {'F_dwave': np.complex128(0.04824613203665239+0j)}, 'free': np.float64(-9718.132853607147)}]
------------------------------------------
  Seed: d-wave+px
F_onsite: (3.905889942449253e-17+0j)
F_swave: (-3.469446951953614e-17+0j), F_dwave: (0.04824613203665239+0j)
F_px: -4.668269060378754e-18j, F_py: 1.0980694418646497e-17j
Free_energy = -9718.132853607147
------------------------------------------
[{'stable': {'F_dwave': np.complex128(0.04824613203665239+0j)}, 'free': np.float64(-9718.132853607147)}]
------------------------------------------
  Seed: d-wave+py
F_onsite: (3.905889942449253e-17+0j)
F_swave: (-3.469446951953614e-17+0j), F_dwave: (0.04824613203665239+0j)
F_px: -4.668269060378754e-18j, F_py: 1.0980694418646497e-17j
Free_energy = -9718.132853607147
------------------------------------------
[{'stable': {'F_dwave': np.complex128(0.04824613203665239+0j)}, 'free': np.float64(-9718.132853607147)}]
------------------------------------------
====================================
mu=0.53, T=0.1963
====================================
  Seed: normal state
F_onsite: 0j
F_swave: 0j, F_dwave: 0j
F_px: 0j, F_py: 0j
Free_energy = -9645.043601293277
------------------------------------------
[{'stable': {}, 'free': np.float64(-9645.043601293277)}]
------------------------------------------
  Seed: d-wave
F_onsite: (7.416223439464628e-18+0j)
F_swave: (-6.938893903907228e-18+0j), F_dwave: (0.043119911464402236+0j)
F_px: -8.55231837408834e-18j, F_py: 1.2642772411687059e-17j
Free_energy = -9709.368397934935
------------------------------------------
[{'stable': {'F_dwave': np.complex128(0.043119911464402236+0j)}, 'free': np.float64(-9709.368397934935)}]
------------------------------------------
  Seed: d-wave+px
F_onsite: (7.416223439464628e-18+0j)
F_swave: (-6.938893903907228e-18+0j), F_dwave: (0.043119911464402236+0j)
F_px: -8.55231837408834e-18j, F_py: 1.2642772411687059e-17j
Free_energy = -9709.368397934935
------------------------------------------
[{'stable': {'F_dwave': np.complex128(0.043119911464402236+0j)}, 'free': np.float64(-9709.368397934935)}]
------------------------------------------
  Seed: d-wave+py
F_onsite: (7.416223439464628e-18+0j)
F_swave: (-6.938893903907228e-18+0j), F_dwave: (0.043119911464402236+0j)
F_px: -8.55231837408834e-18j, F_py: 1.2642772411687059e-17j
Free_energy = -9709.368397934935
------------------------------------------
[{'stable': {'F_dwave': np.complex128(0.043119911464402236+0j)}, 'free': np.float64(-9709.368397934935)}]
------------------------------------------
====================================
mu=0.53, T=0.2024
====================================
  Seed: normal state
F_onsite: 0j
F_swave: 0j, F_dwave: 0j
F_px: 0j, F_py: 0j
Free_energy = -9653.307111670938
------------------------------------------
[{'stable': {}, 'free': np.float64(-9653.307111670938)}]
------------------------------------------
  Seed: d-wave
F_onsite: (9.629097014166488e-18+0j)
F_swave: (6.938893903907228e-18+0j), F_dwave: (0.03697642089451024+0j)
F_px: 3.4602036221986404e-18j, F_py: 1.2230877825666279e-17j
Free_energy = -9700.276813505543
------------------------------------------
[{'stable': {'F_dwave': np.complex128(0.03697642089451024+0j)}, 'free': np.float64(-9700.276813505543)}]
------------------------------------------
  Seed: d-wave+px
F_onsite: (9.629097014166488e-18+0j)
F_swave: (6.938893903907228e-18+0j), F_dwave: (0.03697642089451024+0j)
F_px: 3.4602036221986404e-18j, F_py: 1.2230877825666279e-17j
Free_energy = -9700.276813505543
------------------------------------------
[{'stable': {'F_dwave': np.complex128(0.03697642089451024+0j)}, 'free': np.float64(-9700.276813505543)}]
------------------------------------------
  Seed: d-wave+py
F_onsite: (9.629097014166488e-18+0j)
F_swave: (6.938893903907228e-18+0j), F_dwave: (0.03697642089451024+0j)
F_px: 3.4602036221986404e-18j, F_py: 1.2230877825666279e-17j
Free_energy = -9700.276813505543
------------------------------------------
[{'stable': {'F_dwave': np.complex128(0.03697642089451024+0j)}, 'free': np.float64(-9700.276813505543)}]
------------------------------------------
====================================
mu=0.53, T=0.2085
====================================
  Seed: normal state
F_onsite: 0j
F_swave: 0j, F_dwave: 0j
F_px: 0j, F_py: 0j
Free_energy = -9661.82276603343
------------------------------------------
[{'stable': {}, 'free': np.float64(-9661.82276603343)}]
------------------------------------------
  Seed: d-wave
F_onsite: (-7.703721641886009e-18+0j)
F_swave: (-2.0816681711721685e-17+0j), F_dwave: (0.02917906262141145+0j)
F_px: -1.3605330644061434e-17j, F_py: 1.331283668433054e-17j
Free_energy = -9690.867706205287
------------------------------------------
[{'stable': {'F_dwave': np.complex128(0.02917906262141145+0j)}, 'free': np.float64(-9690.867706205287)}]
------------------------------------------
  Seed: d-wave+px
F_onsite: (-7.703721641886009e-18+0j)
F_swave: (-2.0816681711721685e-17+0j), F_dwave: (0.02917906262141145+0j)
F_px: -1.3605330644061434e-17j, F_py: 1.331283668433054e-17j
Free_energy = -9690.867706205287
------------------------------------------
[{'stable': {'F_dwave': np.complex128(0.02917906262141145+0j)}, 'free': np.float64(-9690.867706205287)}]
------------------------------------------
  Seed: d-wave+py
F_onsite: (-7.703721641886009e-18+0j)
F_swave: (-2.0816681711721685e-17+0j), F_dwave: (0.02917906262141145+0j)
F_px: -1.3605330644061434e-17j, F_py: 1.331283668433054e-17j
Free_energy = -9690.867706205287
------------------------------------------
[{'stable': {'F_dwave': np.complex128(0.02917906262141145+0j)}, 'free': np.float64(-9690.867706205287)}]
------------------------------------------
====================================
mu=0.53, T=0.2146
====================================
  Seed: normal state
F_onsite: 0j
F_swave: 0j, F_dwave: 0j
F_px: 0j, F_py: 0j
Free_energy = -9670.588923504693
------------------------------------------
[{'stable': {}, 'free': np.float64(-9670.588923504693)}]
------------------------------------------
  Seed: d-wave
F_onsite: (1.2270034901503314e-17+0j)
F_swave: (3.469446951953614e-18+0j), F_dwave: (0.017668812921609392+0j)
F_px: -1.0493373368470069e-17j, F_py: 1.4772373714123206e-17j
Free_energy = -9681.164997355905
------------------------------------------
[{'stable': {'F_dwave': np.complex128(0.017668812921609392+0j)}, 'free': np.float64(-9681.164997355905)}]
------------------------------------------
  Seed: d-wave+px
F_onsite: (1.2270034901503314e-17+0j)
F_swave: (3.469446951953614e-18+0j), F_dwave: (0.017668812921609392+0j)
F_px: -1.0493373368470069e-17j, F_py: 1.4772373714123206e-17j
Free_energy = -9681.164997355905
------------------------------------------
[{'stable': {'F_dwave': np.complex128(0.017668812921609392+0j)}, 'free': np.float64(-9681.164997355905)}]
------------------------------------------
  Seed: d-wave+py
F_onsite: (1.2270034901503314e-17+0j)
F_swave: (3.469446951953614e-18+0j), F_dwave: (0.017668812921609392+0j)
F_px: -1.0493373368470069e-17j, F_py: 1.4772373714123206e-17j
Free_energy = -9681.164997355905
------------------------------------------
[{'stable': {'F_dwave': np.complex128(0.017668812921609392+0j)}, 'free': np.float64(-9681.164997355905)}]
------------------------------------------
====================================
mu=0.53, T=0.2207
====================================
  Seed: normal state
F_onsite: 0j
F_swave: 0j, F_dwave: 0j
F_px: 0j, F_py: 0j
Free_energy = -9679.60390195047
------------------------------------------
[{'stable': {}, 'free': np.float64(-9679.60390195047)}]
------------------------------------------
  Seed: d-wave
F_onsite: (-3.5256869032122066e-19+0j)
F_swave: (1.7625153741872896e-19+0j), F_dwave: (1.386873356850167e-13+0j)
F_px: -2.132117369924986e-19j, F_py: 1.5304413682951174e-20j
Free_energy = -9679.60390195047
------------------------------------------
[{'stable': {}, 'free': np.float64(-9679.60390195047)}]
------------------------------------------
  Seed: d-wave+px
F_onsite: (-3.5256869032122066e-19+0j)
F_swave: (1.7625153741872896e-19+0j), F_dwave: (1.386873356850167e-13+0j)
F_px: -2.132117369924986e-19j, F_py: 1.5304413682951174e-20j
Free_energy = -9679.60390195047
------------------------------------------
[{'stable': {}, 'free': np.float64(-9679.60390195047)}]
------------------------------------------
  Seed: d-wave+py
F_onsite: (-3.5256869032122066e-19+0j)
F_swave: (1.7625153741872896e-19+0j), F_dwave: (1.386873356850167e-13+0j)
F_px: -2.132117369924986e-19j, F_py: 1.5304413682951174e-20j
Free_energy = -9679.60390195047
------------------------------------------
[{'stable': {}, 'free': np.float64(-9679.60390195047)}]
------------------------------------------
====================================
mu=0.53, T=0.2268
====================================
  Seed: normal state
F_onsite: 0j
F_swave: 0j, F_dwave: 0j
F_px: 0j, F_py: 0j
Free_energy = -9688.86598743895
------------------------------------------
[{'stable': {}, 'free': np.float64(-9688.86598743895)}]
------------------------------------------
  Seed: d-wave
F_onsite: (9.868772149413723e-20+0j)
F_swave: (-7.241249742119267e-20+0j), F_dwave: (4.730482733881186e-14+0j)
F_px: 5.025931505334369e-20j, F_py: 4.611836802154116e-20j
Free_energy = -9688.86598743895
------------------------------------------
[{'stable': {}, 'free': np.float64(-9688.86598743895)}]
------------------------------------------
  Seed: d-wave+px
F_onsite: (9.868772149413723e-20+0j)
F_swave: (-7.241249742119267e-20+0j), F_dwave: (4.730482733881186e-14+0j)
F_px: 5.025931505334369e-20j, F_py: 4.611836802154116e-20j
Free_energy = -9688.86598743895
------------------------------------------
[{'stable': {}, 'free': np.float64(-9688.86598743895)}]
------------------------------------------
  Seed: d-wave+py
F_onsite: (9.868772149413723e-20+0j)
F_swave: (-7.241249742119267e-20+0j), F_dwave: (4.730482733881186e-14+0j)
F_px: 5.025931505334369e-20j, F_py: 4.611836802154116e-20j
Free_energy = -9688.86598743895
------------------------------------------
[{'stable': {}, 'free': np.float64(-9688.86598743895)}]
------------------------------------------
====================================
mu=0.53, T=0.2329
====================================
  Seed: normal state
F_onsite: 0j
F_swave: 0j, F_dwave: 0j
F_px: 0j, F_py: 0j
Free_energy = -9698.373442578712
------------------------------------------
[{'stable': {}, 'free': np.float64(-9698.373442578712)}]
------------------------------------------
  Seed: d-wave
F_onsite: (-3.1061571573709285e-19+0j)
F_swave: (1.86148014760152e-19+0j), F_dwave: (2.7680442572388484e-14+0j)
F_px: 7.283097455299748e-20j, F_py: 3.109591408063863e-20j
Free_energy = -9698.373442578712
------------------------------------------
[{'stable': {}, 'free': np.float64(-9698.373442578712)}]
------------------------------------------
  Seed: d-wave+px
F_onsite: (-3.1061571573709285e-19+0j)
F_swave: (1.86148014760152e-19+0j), F_dwave: (2.7680442572388484e-14+0j)
F_px: 7.283097455299748e-20j, F_py: 3.109591408063863e-20j
Free_energy = -9698.373442578712
------------------------------------------
[{'stable': {}, 'free': np.float64(-9698.373442578712)}]
------------------------------------------
  Seed: d-wave+py
F_onsite: (-3.1061571573709285e-19+0j)
F_swave: (1.86148014760152e-19+0j), F_dwave: (2.7680442572388484e-14+0j)
F_px: 7.283097455299748e-20j, F_py: 3.109591408063863e-20j
Free_energy = -9698.373442578712
------------------------------------------
[{'stable': {}, 'free': np.float64(-9698.373442578712)}]
------------------------------------------
====================================
mu=0.53, T=0.2390
====================================
  Seed: normal state
F_onsite: 0j
F_swave: 0j, F_dwave: 0j
F_px: 0j, F_py: 0j
Free_energy = -9708.124513823836
------------------------------------------
[{'stable': {}, 'free': np.float64(-9708.124513823836)}]
------------------------------------------
  Seed: d-wave
F_onsite: (-1.6787271631490995e-19+0j)
F_swave: (7.010628108092221e-20+0j), F_dwave: (1.993394506483321e-14+0j)
F_px: -1.2449290454701131e-19j, F_py: 4.2561405941120923e-20j
Free_energy = -9708.124513823836
------------------------------------------
[{'stable': {}, 'free': np.float64(-9708.124513823836)}]
------------------------------------------
  Seed: d-wave+px
F_onsite: (-1.6787271631490995e-19+0j)
F_swave: (7.010628108092221e-20+0j), F_dwave: (1.993394506483321e-14+0j)
F_px: -1.2449290454701131e-19j, F_py: 4.2561405941120923e-20j
Free_energy = -9708.124513823836
------------------------------------------
[{'stable': {}, 'free': np.float64(-9708.124513823836)}]
------------------------------------------
  Seed: d-wave+py
F_onsite: (-1.6787271631490995e-19+0j)
F_swave: (7.010628108092221e-20+0j), F_dwave: (1.993394506483321e-14+0j)
F_px: -1.2449290454701131e-19j, F_py: 4.2561405941120923e-20j
Free_energy = -9708.124513823836
------------------------------------------
[{'stable': {}, 'free': np.float64(-9708.124513823836)}]
------------------------------------------
====================================
mu=0.53, T=0.2451
====================================
  Seed: normal state
F_onsite: 0j
F_swave: 0j, F_dwave: 0j
F_px: 0j, F_py: 0j
Free_energy = -9718.117437844396
------------------------------------------
[{'stable': {}, 'free': np.float64(-9718.117437844396)}]
------------------------------------------
  Seed: d-wave
F_onsite: (-1.9017844983045402e-19+0j)
F_swave: (1.6774870643355102e-19+0j), F_dwave: (1.567145088365282e-14+0j)
F_px: 1.243397132147529e-19j, F_py: -2.176683111872971e-19j
Free_energy = -9718.117437844396
------------------------------------------
[{'stable': {}, 'free': np.float64(-9718.117437844396)}]
------------------------------------------
  Seed: d-wave+px
F_onsite: (-1.9017844983045402e-19+0j)
F_swave: (1.6774870643355102e-19+0j), F_dwave: (1.567145088365282e-14+0j)
F_px: 1.243397132147529e-19j, F_py: -2.176683111872971e-19j
Free_energy = -9718.117437844396
------------------------------------------
[{'stable': {}, 'free': np.float64(-9718.117437844396)}]
------------------------------------------
  Seed: d-wave+py
F_onsite: (-1.9017844983045402e-19+0j)
F_swave: (1.6774870643355102e-19+0j), F_dwave: (1.567145088365282e-14+0j)
F_px: 1.243397132147529e-19j, F_py: -2.176683111872971e-19j
Free_energy = -9718.117437844396
------------------------------------------
[{'stable': {}, 'free': np.float64(-9718.117437844396)}]
------------------------------------------
====================================
mu=0.53, T=0.2512
====================================
  Seed: normal state
F_onsite: 0j
F_swave: 0j, F_dwave: 0j
F_px: 0j, F_py: 0j
Free_energy = -9728.350447051062
------------------------------------------
[{'stable': {}, 'free': np.float64(-9728.350447051062)}]
------------------------------------------
  Seed: d-wave
F_onsite: (-1.1797959833019831e-19+0j)
F_swave: (3.9290318279368774e-20+0j), F_dwave: (1.2580387048267958e-14+0j)
F_px: -2.68593575855335e-19j, F_py: 4.471192486500319e-21j
Free_energy = -9728.350447051062
------------------------------------------
[{'stable': {}, 'free': np.float64(-9728.350447051062)}]
------------------------------------------
  Seed: d-wave+px
F_onsite: (-1.1797959833019831e-19+0j)
F_swave: (3.9290318279368774e-20+0j), F_dwave: (1.2580387048267958e-14+0j)
F_px: -2.68593575855335e-19j, F_py: 4.471192486500319e-21j
Free_energy = -9728.350447051062
------------------------------------------
[{'stable': {}, 'free': np.float64(-9728.350447051062)}]
------------------------------------------
  Seed: d-wave+py
F_onsite: (-1.1797959833019831e-19+0j)
F_swave: (3.9290318279368774e-20+0j), F_dwave: (1.2580387048267958e-14+0j)
F_px: -2.68593575855335e-19j, F_py: 4.471192486500319e-21j
Free_energy = -9728.350447051062
------------------------------------------
[{'stable': {}, 'free': np.float64(-9728.350447051062)}]
------------------------------------------
====================================
mu=0.53, T=0.2573
====================================
  Seed: normal state
F_onsite: 0j
F_swave: 0j, F_dwave: 0j
F_px: 0j, F_py: 0j
Free_energy = -9738.82177435722
------------------------------------------
[{'stable': {}, 'free': np.float64(-9738.82177435722)}]
------------------------------------------
  Seed: d-wave
F_onsite: (8.279499080212255e-20+0j)
F_swave: (-9.129203588998772e-20+0j), F_dwave: (1.0588436073585368e-14+0j)
F_px: -3.8925605230245025e-19j, F_py: -2.4615017479722718e-20j
Free_energy = -9738.82177435722
------------------------------------------
[{'stable': {}, 'free': np.float64(-9738.82177435722)}]
------------------------------------------
  Seed: d-wave+px
F_onsite: (8.279499080212255e-20+0j)
F_swave: (-9.129203588998772e-20+0j), F_dwave: (1.0588436073585368e-14+0j)
F_px: -3.8925605230245025e-19j, F_py: -2.4615017479722718e-20j
Free_energy = -9738.82177435722
------------------------------------------
[{'stable': {}, 'free': np.float64(-9738.82177435722)}]
------------------------------------------
  Seed: d-wave+py
F_onsite: (8.279499080212255e-20+0j)
F_swave: (-9.129203588998772e-20+0j), F_dwave: (1.0588436073585368e-14+0j)
F_px: -3.8925605230245025e-19j, F_py: -2.4615017479722718e-20j
Free_energy = -9738.82177435722
------------------------------------------
[{'stable': {}, 'free': np.float64(-9738.82177435722)}]
------------------------------------------
====================================
mu=0.53, T=0.2634
====================================
  Seed: normal state
F_onsite: 0j
F_swave: 0j, F_dwave: 0j
F_px: 0j, F_py: 0j
Free_energy = -9749.52965726136
------------------------------------------
[{'stable': {}, 'free': np.float64(-9749.52965726136)}]
------------------------------------------
  Seed: d-wave
F_onsite: (6.238623684087542e-20+0j)
F_swave: (-2.6757092074025165e-20+0j), F_dwave: (8.687050455691914e-15+0j)
F_px: -3.312491916059844e-19j, F_py: 8.446397018207844e-20j
Free_energy = -9749.52965726136
------------------------------------------
[{'stable': {}, 'free': np.float64(-9749.52965726136)}]
------------------------------------------
  Seed: d-wave+px
F_onsite: (6.238623684087542e-20+0j)
F_swave: (-2.6757092074025165e-20+0j), F_dwave: (8.687050455691914e-15+0j)
F_px: -3.312491916059844e-19j, F_py: 8.446397018207844e-20j
Free_energy = -9749.52965726136
------------------------------------------
[{'stable': {}, 'free': np.float64(-9749.52965726136)}]
------------------------------------------
  Seed: d-wave+py
F_onsite: (6.238623684087542e-20+0j)
F_swave: (-2.6757092074025165e-20+0j), F_dwave: (8.687050455691914e-15+0j)
F_px: -3.312491916059844e-19j, F_py: 8.446397018207844e-20j
Free_energy = -9749.52965726136
------------------------------------------
[{'stable': {}, 'free': np.float64(-9749.52965726136)}]
------------------------------------------
====================================
mu=0.53, T=0.2695
====================================
  Seed: normal state
F_onsite: 0j
F_swave: 0j, F_dwave: 0j
F_px: 0j, F_py: 0j
Free_energy = -9760.472341321436
------------------------------------------
[{'stable': {}, 'free': np.float64(-9760.472341321436)}]
------------------------------------------
  Seed: d-wave
F_onsite: (-1.2812120734971022e-19+0j)
F_swave: (2.3500431691221943e-20+0j), F_dwave: (7.769740606188056e-15+0j)
F_px: -3.0069827930276353e-19j, F_py: -8.054043154162371e-20j
Free_energy = -9760.472341321436
------------------------------------------
[{'stable': {}, 'free': np.float64(-9760.472341321436)}]
------------------------------------------
  Seed: d-wave+px
F_onsite: (-1.2812120734971022e-19+0j)
F_swave: (2.3500431691221943e-20+0j), F_dwave: (7.769740606188056e-15+0j)
F_px: -3.0069827930276353e-19j, F_py: -8.054043154162371e-20j
Free_energy = -9760.472341321436
------------------------------------------
[{'stable': {}, 'free': np.float64(-9760.472341321436)}]
------------------------------------------
  Seed: d-wave+py
F_onsite: (-1.2812120734971022e-19+0j)
F_swave: (2.3500431691221943e-20+0j), F_dwave: (7.769740606188056e-15+0j)
F_px: -3.0069827930276353e-19j, F_py: -8.054043154162371e-20j
Free_energy = -9760.472341321436
------------------------------------------
[{'stable': {}, 'free': np.float64(-9760.472341321436)}]
------------------------------------------
====================================
mu=0.53, T=0.2756
====================================
  Seed: normal state
F_onsite: 0j
F_swave: 0j, F_dwave: 0j
F_px: 0j, F_py: 0j
Free_energy = -9771.64808308873
------------------------------------------
[{'stable': {}, 'free': np.float64(-9771.64808308873)}]
------------------------------------------
  Seed: d-wave
F_onsite: (1.728624056231255e-19+0j)
F_swave: (-1.189945739798821e-19+0j), F_dwave: (6.8629818806672436e-15+0j)
F_px: -1.4606913243237795e-19j, F_py: 3.507953934619646e-20j
Free_energy = -9771.64808308873
------------------------------------------
[{'stable': {}, 'free': np.float64(-9771.64808308873)}]
------------------------------------------
  Seed: d-wave+px
F_onsite: (1.728624056231255e-19+0j)
F_swave: (-1.189945739798821e-19+0j), F_dwave: (6.8629818806672436e-15+0j)
F_px: -1.4606913243237795e-19j, F_py: 3.507953934619646e-20j
Free_energy = -9771.64808308873
------------------------------------------
[{'stable': {}, 'free': np.float64(-9771.64808308873)}]
------------------------------------------
  Seed: d-wave+py
F_onsite: (1.728624056231255e-19+0j)
F_swave: (-1.189945739798821e-19+0j), F_dwave: (6.8629818806672436e-15+0j)
F_px: -1.4606913243237795e-19j, F_py: 3.507953934619646e-20j
Free_energy = -9771.64808308873
------------------------------------------
[{'stable': {}, 'free': np.float64(-9771.64808308873)}]
------------------------------------------
====================================
mu=0.53, T=0.2817
====================================
  Seed: normal state
F_onsite: 0j
F_swave: 0j, F_dwave: 0j
F_px: 0j, F_py: 0j
Free_energy = -9783.055152563746
------------------------------------------
[{'stable': {}, 'free': np.float64(-9783.055152563746)}]
------------------------------------------
  Seed: d-wave
F_onsite: (-2.86088888100609e-19+0j)
F_swave: (1.8420936199569346e-19+0j), F_dwave: (5.987536922684161e-15+0j)
F_px: -1.4189526726523985e-19j, F_py: -1.773109292259634e-19j
Free_energy = -9783.055152563746
------------------------------------------
[{'stable': {}, 'free': np.float64(-9783.055152563746)}]
------------------------------------------
  Seed: d-wave+px
F_onsite: (-2.86088888100609e-19+0j)
F_swave: (1.8420936199569346e-19+0j), F_dwave: (5.987536922684161e-15+0j)
F_px: -1.4189526726523985e-19j, F_py: -1.773109292259634e-19j
Free_energy = -9783.055152563746
------------------------------------------
[{'stable': {}, 'free': np.float64(-9783.055152563746)}]
------------------------------------------
  Seed: d-wave+py
F_onsite: (-2.86088888100609e-19+0j)
F_swave: (1.8420936199569346e-19+0j), F_dwave: (5.987536922684161e-15+0j)
F_px: -1.4189526726523985e-19j, F_py: -1.773109292259634e-19j
Free_energy = -9783.055152563746
------------------------------------------
[{'stable': {}, 'free': np.float64(-9783.055152563746)}]
------------------------------------------
====================================
mu=0.53, T=0.2878
====================================
  Seed: normal state
F_onsite: 0j
F_swave: 0j, F_dwave: 0j
F_px: 0j, F_py: 0j
Free_energy = -9794.691835229361
------------------------------------------
[{'stable': {}, 'free': np.float64(-9794.691835229361)}]
------------------------------------------
  Seed: d-wave
F_onsite: (-2.8603286724326793e-19+0j)
F_swave: (1.6947107268660759e-19+0j), F_dwave: (5.160273042886267e-15+0j)
F_px: -1.344027606698189e-19j, F_py: -1.7093321569348786e-19j
Free_energy = -9794.691835229361
------------------------------------------
[{'stable': {}, 'free': np.float64(-9794.691835229361)}]
------------------------------------------
  Seed: d-wave+px
F_onsite: (-2.8603286724326793e-19+0j)
F_swave: (1.6947107268660759e-19+0j), F_dwave: (5.160273042886267e-15+0j)
F_px: -1.344027606698189e-19j, F_py: -1.7093321569348786e-19j
Free_energy = -9794.691835229361
------------------------------------------
[{'stable': {}, 'free': np.float64(-9794.691835229361)}]
------------------------------------------
  Seed: d-wave+py
F_onsite: (-2.8603286724326793e-19+0j)
F_swave: (1.6947107268660759e-19+0j), F_dwave: (5.160273042886267e-15+0j)
F_px: -1.344027606698189e-19j, F_py: -1.7093321569348786e-19j
Free_energy = -9794.691835229361
------------------------------------------
[{'stable': {}, 'free': np.float64(-9794.691835229361)}]
------------------------------------------
====================================
mu=0.53, T=0.2939
====================================
  Seed: normal state
F_onsite: 0j
F_swave: 0j, F_dwave: 0j
F_px: 0j, F_py: 0j
Free_energy = -9806.556433710144
------------------------------------------
[{'stable': {}, 'free': np.float64(-9806.556433710144)}]
------------------------------------------
  Seed: d-wave
F_onsite: (-1.9980214501415966e-19+0j)
F_swave: (1.8346817870170784e-19+0j), F_dwave: (4.3937824753230485e-15+0j)
F_px: -1.490385585897136e-19j, F_py: -1.120611138395591e-19j
Free_energy = -9806.556433710144
------------------------------------------
[{'stable': {}, 'free': np.float64(-9806.556433710144)}]
------------------------------------------
  Seed: d-wave+px
F_onsite: (-1.9980214501415966e-19+0j)
F_swave: (1.8346817870170784e-19+0j), F_dwave: (4.3937824753230485e-15+0j)
F_px: -1.490385585897136e-19j, F_py: -1.120611138395591e-19j
Free_energy = -9806.556433710144
------------------------------------------
[{'stable': {}, 'free': np.float64(-9806.556433710144)}]
------------------------------------------
  Seed: d-wave+py
F_onsite: (-1.9980214501415966e-19+0j)
F_swave: (1.8346817870170784e-19+0j), F_dwave: (4.3937824753230485e-15+0j)
F_px: -1.490385585897136e-19j, F_py: -1.120611138395591e-19j
Free_energy = -9806.556433710144
------------------------------------------
[{'stable': {}, 'free': np.float64(-9806.556433710144)}]
------------------------------------------
====================================
mu=0.53, T=0.3000
====================================
  Seed: normal state
F_onsite: 0j
F_swave: 0j, F_dwave: 0j
F_px: 0j, F_py: 0j
Free_energy = -9818.647269106219
------------------------------------------
[{'stable': {}, 'free': np.float64(-9818.647269106219)}]
------------------------------------------
  Seed: d-wave
F_onsite: (-2.607413980255469e-20+0j)
F_swave: (2.2602713405682446e-20+0j), F_dwave: (3.696490141044499e-15+0j)
F_px: -6.526886407720548e-20j, F_py: -1.571128757527852e-19j
Free_energy = -9818.647269106219
------------------------------------------
[{'stable': {}, 'free': np.float64(-9818.647269106219)}]
------------------------------------------
  Seed: d-wave+px
F_onsite: (-2.607413980255469e-20+0j)
F_swave: (2.2602713405682446e-20+0j), F_dwave: (3.696490141044499e-15+0j)
F_px: -6.526886407720548e-20j, F_py: -1.571128757527852e-19j
Free_energy = -9818.647269106219
------------------------------------------
[{'stable': {}, 'free': np.float64(-9818.647269106219)}]
------------------------------------------
  Seed: d-wave+py
F_onsite: (-2.607413980255469e-20+0j)
F_swave: (2.2602713405682446e-20+0j), F_dwave: (3.696490141044499e-15+0j)
F_px: -6.526886407720548e-20j, F_py: -1.571128757527852e-19j
Free_energy = -9818.647269106219
------------------------------------------
[{'stable': {}, 'free': np.float64(-9818.647269106219)}]
------------------------------------------
