/home/emilssp/D1/venv/bin/python
Python 3.10.12
Running job 20 out of 25
====================================
mu=3.72, T=0.0010
====================================
  Seed: normal state
F_onsite: 0j
F_swave: 0j, F_dwave: 0j
F_px: 0j, F_py: 0j
Free_energy = -20951.53645477497
------------------------------------------
[{'stable': {}, 'free': np.float64(-20951.53645477497)}]
------------------------------------------
  Seed: px+i*py
F_onsite: (-0.01791373269561891-0.01614822736531571j)
F_swave: (0.017228468645008987+0.015530500178997132j), F_dwave: (-1.214306433183765e-17-1.0408340855860843e-17j)
F_px: (-3.9898639947466563e-17+3.903127820947816e-17j), F_py: (-3.469446951953614e-18-1.734723475976807e-18j)
Free_energy = -20973.476223728532
------------------------------------------
[{'stable': {'F_onsite': np.complex128(-0.01791373269561891-0.01614822736531571j), 'F_swave': np.complex128(0.017228468645008987+0.015530500178997132j)}, 'free': np.float64(-20973.476223728532)}]
------------------------------------------
  Seed: s-wave
F_onsite: (-0.024119916077636798+0j)
F_swave: (0.02319729696439641+0j), F_dwave: (-2.42861286636753e-17+0j)
F_px: 2.3640689557867522e-18j, F_py: -1.3976043629695956e-20j
Free_energy = -20973.481746031048
------------------------------------------
[{'stable': {'F_onsite': np.complex128(-0.01791373269561891-0.01614822736531571j), 'F_swave': np.complex128(0.017228468645008987+0.015530500178997132j)}, 'free': np.float64(-20973.476223728532)}, {'stable': {'F_onsite': np.complex128(-0.024119916077636798+0j), 'F_swave': np.complex128(0.02319729696439641+0j)}, 'free': np.float64(-20973.481746031048)}]
------------------------------------------
  Seed: s-wave+px
F_onsite: (-0.02412047426383233+2.4460748647614207e-18j)
F_swave: (0.023197847759398035-2.385033021231296e-18j), F_dwave: (4.3368086899420177e-16-6.20451633863775e-20j)
F_px: (5.1462554703785024e-11-1.0477797557535695e-18j), F_py: (3.469446951953614e-18-8.059518493124668e-19j)
Free_energy = -20973.483185817146
------------------------------------------
[{'stable': {'F_onsite': np.complex128(-0.01791373269561891-0.01614822736531571j), 'F_swave': np.complex128(0.017228468645008987+0.015530500178997132j)}, 'free': np.float64(-20973.476223728532)}, {'stable': {'F_onsite': np.complex128(-0.024119916077636798+0j), 'F_swave': np.complex128(0.02319729696439641+0j)}, 'free': np.float64(-20973.481746031048)}]
------------------------------------------
  Seed: s-wave+py
F_onsite: (-0.02412047426383229-5.586361955487599e-18j)
F_swave: (0.023197847759397993+5.3171434472704636e-18j), F_dwave: (-4.753142324176451e-16-1.843355451462171e-19j)
F_px: 3.237783440879563e-19j, F_py: (5.146254256072069e-11-2.1556988507621944e-19j)
Free_energy = -20973.483185817142
------------------------------------------
[{'stable': {'F_onsite': np.complex128(-0.01791373269561891-0.01614822736531571j), 'F_swave': np.complex128(0.017228468645008987+0.015530500178997132j)}, 'free': np.float64(-20973.476223728532)}, {'stable': {'F_onsite': np.complex128(-0.024119916077636798+0j), 'F_swave': np.complex128(0.02319729696439641+0j)}, 'free': np.float64(-20973.481746031048)}]
------------------------------------------
====================================
mu=3.72, T=0.0040
====================================
  Seed: normal state
F_onsite: 0j
F_swave: 0j, F_dwave: 0j
F_px: 0j, F_py: 0j
Free_energy = -20951.574889959105
------------------------------------------
[{'stable': {}, 'free': np.float64(-20951.574889959105)}]
------------------------------------------
  Seed: px+i*py
F_onsite: (-0.017914323869880937-0.01614876027582379j)
F_swave: (0.017229051987587934+0.01553102602968142j), F_dwave: (6.071532165918825e-18+3.469446951953614e-18j)
F_px: (1.0408340855860843e-17-3.122502256758253e-17j), F_py: (1.734723475976807e-18-3.469446951953614e-18j)
Free_energy = -20973.47827634875
------------------------------------------
[{'stable': {'F_onsite': np.complex128(-0.017914323869880937-0.01614876027582379j), 'F_swave': np.complex128(0.017229051987587934+0.01553102602968142j)}, 'free': np.float64(-20973.47827634875)}]
------------------------------------------
  Seed: s-wave
F_onsite: (-0.024119339029853328+0j)
F_swave: (0.02319672755856976+0j), F_dwave: (-5.898059818321144e-17+0j)
F_px: -4.946672411965114e-19j, F_py: -8.220454753102985e-19j
Free_energy = -20973.480257667357
------------------------------------------
[{'stable': {'F_onsite': np.complex128(-0.017914323869880937-0.01614876027582379j), 'F_swave': np.complex128(0.017229051987587934+0.01553102602968142j)}, 'free': np.float64(-20973.47827634875)}, {'stable': {'F_onsite': np.complex128(-0.024119339029853328+0j), 'F_swave': np.complex128(0.02319672755856976+0j)}, 'free': np.float64(-20973.480257667357)}]
------------------------------------------
  Seed: s-wave+px
F_onsite: (-0.024119539286368504+3.1364213533866717e-18j)
F_swave: (0.02319692516293243-2.2011209925587062e-18j), F_dwave: (-6.938893903907228e-18+5.362777347303789e-19j)
F_px: (5.622767876301005e-12-3.0027317980164947e-18j), F_py: (3.469446951953614e-18-7.887994321305672e-19j)
Free_energy = -20973.48077417485
------------------------------------------
[{'stable': {'F_onsite': np.complex128(-0.017914323869880937-0.01614876027582379j), 'F_swave': np.complex128(0.017229051987587934+0.01553102602968142j)}, 'free': np.float64(-20973.47827634875)}, {'stable': {'F_onsite': np.complex128(-0.024119339029853328+0j), 'F_swave': np.complex128(0.02319672755856976+0j)}, 'free': np.float64(-20973.480257667357)}]
------------------------------------------
  Seed: s-wave+py
F_onsite: (-0.024119539286368508-6.023779102391421e-18j)
F_swave: (0.02319692516293242+5.1183024629025166e-18j), F_dwave: (-2.42861286636753e-17-4.037170784850809e-19j)
F_px: -2.329340604949326e-18j, F_py: (5.6227071609793455e-12-4.3135152838925245e-19j)
Free_energy = -20973.48077417485
------------------------------------------
[{'stable': {'F_onsite': np.complex128(-0.017914323869880937-0.01614876027582379j), 'F_swave': np.complex128(0.017229051987587934+0.01553102602968142j)}, 'free': np.float64(-20973.47827634875)}, {'stable': {'F_onsite': np.complex128(-0.024119339029853328+0j), 'F_swave': np.complex128(0.02319672755856976+0j)}, 'free': np.float64(-20973.480257667357)}]
------------------------------------------
====================================
mu=3.72, T=0.0070
====================================
  Seed: normal state
F_onsite: 0j
F_swave: 0j, F_dwave: 0j
F_px: 0j, F_py: 0j
Free_energy = -20951.63775067349
------------------------------------------
[{'stable': {}, 'free': np.float64(-20951.63775067349)}]
------------------------------------------
  Seed: px+i*py
F_onsite: (-0.017914535911108892-0.016148951419122717j)
F_swave: (0.017229261222569944+0.015531214643306469j), F_dwave: (-8.673617379884035e-19+3.469446951953614e-18j)
F_px: (8.673617379884035e-18-4.683753385137379e-17j), F_py: (-1.734723475976807e-18+1.734723475976807e-18j)
Free_energy = -20973.479012765667
------------------------------------------
[{'stable': {'F_onsite': np.complex128(-0.017914535911108892-0.016148951419122717j), 'F_swave': np.complex128(0.017229261222569944+0.015531214643306469j)}, 'free': np.float64(-20973.479012765667)}]
------------------------------------------
  Seed: s-wave
F_onsite: (-0.024119131912387178+0j)
F_swave: (0.023196523187553043+0j), F_dwave: (1.734723475976807e-18+0j)
F_px: -2.4161614820428917e-18j, F_py: -6.395098751769968e-19j
Free_energy = -20973.479723625678
------------------------------------------
[{'stable': {'F_onsite': np.complex128(-0.017914535911108892-0.016148951419122717j), 'F_swave': np.complex128(0.017229261222569944+0.015531214643306469j)}, 'free': np.float64(-20973.479012765667)}, {'stable': {'F_onsite': np.complex128(-0.024119131912387178+0j), 'F_swave': np.complex128(0.023196523187553043+0j)}, 'free': np.float64(-20973.479723625678)}]
------------------------------------------
  Seed: s-wave+px
F_onsite: (-0.02411920375908966+3.5758053537989804e-18j)
F_swave: (0.023196594082673605-3.473999754045106e-18j), F_dwave: (-1.3010426069826053e-17-3.0143785010412413e-19j)
F_px: (6.143540537406622e-13-2.664130377351588e-18j), F_py: (1.734723475976807e-18-6.85249654328729e-19j)
Free_energy = -20973.479908930527
------------------------------------------
[{'stable': {'F_onsite': np.complex128(-0.017914535911108892-0.016148951419122717j), 'F_swave': np.complex128(0.017229261222569944+0.015531214643306469j)}, 'free': np.float64(-20973.479012765667)}, {'stable': {'F_onsite': np.complex128(-0.024119131912387178+0j), 'F_swave': np.complex128(0.023196523187553043+0j)}, 'free': np.float64(-20973.479723625678)}]
------------------------------------------
  Seed: s-wave+py
F_onsite: (-0.024119203759089696-6.4675622818727906e-18j)
F_swave: (0.023196594082673643+6.886907256769496e-18j), F_dwave: (1.5612511283791264e-17+1.0108279434296007e-18j)
F_px: -2.8273959779348545e-18j, F_py: (6.142690522903393e-13-6.95202291458967e-19j)
Free_energy = -20973.47990893053
------------------------------------------
[{'stable': {'F_onsite': np.complex128(-0.017914535911108892-0.016148951419122717j), 'F_swave': np.complex128(0.017229261222569944+0.015531214643306469j)}, 'free': np.float64(-20973.479012765667)}, {'stable': {'F_onsite': np.complex128(-0.024119131912387178+0j), 'F_swave': np.complex128(0.023196523187553043+0j)}, 'free': np.float64(-20973.479723625678)}]
------------------------------------------
====================================
mu=3.72, T=0.0100
====================================
  Seed: normal state
F_onsite: 0j
F_swave: 0j, F_dwave: 0j
F_px: 0j, F_py: 0j
Free_energy = -20951.72046931208
------------------------------------------
[{'stable': {}, 'free': np.float64(-20951.72046931208)}]
------------------------------------------
  Seed: px+i*py
F_onsite: (-0.017914591604753664-0.01614900162382623j)
F_swave: (0.017229316933372756+0.015531264863477097j), F_dwave: (-8.673617379884035e-18-3.0357660829594124e-18j)
F_px: -1.5612511283791264e-17j, F_py: 2.6020852139652106e-18j
Free_energy = -20973.47925347327
------------------------------------------
[{'stable': {'F_onsite': np.complex128(-0.017914591604753664-0.01614900162382623j), 'F_swave': np.complex128(0.017229316933372756+0.015531264863477097j)}, 'free': np.float64(-20973.47925347327)}]
------------------------------------------
  Seed: s-wave
F_onsite: (-0.024119030164078927+0j)
F_swave: (0.0231964238030772+0j), F_dwave: (-5.0306980803327406e-17+0j)
F_px: -2.479265436613337e-18j, F_py: -5.819116347637043e-19j
Free_energy = -20973.47950851889
------------------------------------------
[{'stable': {'F_onsite': np.complex128(-0.017914591604753664-0.01614900162382623j), 'F_swave': np.complex128(0.017229316933372756+0.015531264863477097j)}, 'free': np.float64(-20973.47925347327)}, {'stable': {'F_onsite': np.complex128(-0.024119030164078927+0j), 'F_swave': np.complex128(0.0231964238030772+0j)}, 'free': np.float64(-20973.47950851889)}]
------------------------------------------
  Seed: s-wave+px
F_onsite: (-0.024119055941812257+2.0502891245357237e-18j)
F_swave: (0.02319644923936316-2.955827348562288e-18j), F_dwave: (2.3418766925686896e-17-6.512624573201502e-19j)
F_px: (6.710430822121083e-14-9.783230540787169e-19j), F_py: (1.734723475976807e-18-1.0086044819430581e-18j)
Free_energy = -20973.479575002413
------------------------------------------
[{'stable': {'F_onsite': np.complex128(-0.017914591604753664-0.01614900162382623j), 'F_swave': np.complex128(0.017229316933372756+0.015531264863477097j)}, 'free': np.float64(-20973.47925347327)}, {'stable': {'F_onsite': np.complex128(-0.024119030164078927+0j), 'F_swave': np.complex128(0.0231964238030772+0j)}, 'free': np.float64(-20973.47950851889)}]
------------------------------------------
  Seed: s-wave+py
F_onsite: (-0.024119055941812274-7.051855473226413e-18j)
F_swave: (0.023196449239363193+6.311242489991792e-18j), F_dwave: (-3.469446951953614e-18-2.5813329067574803e-19j)
F_px: (-1.734723475976807e-18-7.227308622447318e-19j), F_py: (6.710951239163876e-14-9.061134953252878e-19j)
Free_energy = -20973.47957500241
------------------------------------------
[{'stable': {'F_onsite': np.complex128(-0.017914591604753664-0.01614900162382623j), 'F_swave': np.complex128(0.017229316933372756+0.015531264863477097j)}, 'free': np.float64(-20973.47925347327)}, {'stable': {'F_onsite': np.complex128(-0.024119030164078927+0j), 'F_swave': np.complex128(0.0231964238030772+0j)}, 'free': np.float64(-20973.47950851889)}]
------------------------------------------
====================================
mu=3.72, T=0.0130
====================================
  Seed: normal state
F_onsite: 0j
F_swave: 0j, F_dwave: 0j
F_px: 0j, F_py: 0j
Free_energy = -20951.826937727346
------------------------------------------
[{'stable': {}, 'free': np.float64(-20951.826937727346)}]
------------------------------------------
  Seed: px+i*py
F_onsite: (-0.01791417001542913-0.01614862158464719j)
F_swave: (0.01722891733548911+0.01553090464835118j), F_dwave: (3.2959746043559335e-17+7.37257477290143e-18j)
F_px: (2.949029909160572e-17-1.3010426069826053e-17j), F_py: -8.673617379884035e-19j
Free_energy = -20973.47883001267
------------------------------------------
[{'stable': {'F_onsite': np.complex128(-0.01791417001542913-0.01614862158464719j), 'F_swave': np.complex128(0.01722891733548911+0.01553090464835118j)}, 'free': np.float64(-20973.47883001267)}]
------------------------------------------
  Seed: s-wave
F_onsite: (-0.024118399174680026+0j)
F_swave: (0.023195823260538238+0j), F_dwave: (4.336808689942018e-17+0j)
F_px: -2.8417955380381776e-18j, F_py: -5.162665813514961e-19j
Free_energy = -20973.478921539936
------------------------------------------
[{'stable': {'F_onsite': np.complex128(-0.01791417001542913-0.01614862158464719j), 'F_swave': np.complex128(0.01722891733548911+0.01553090464835118j)}, 'free': np.float64(-20973.47883001267)}, {'stable': {'F_onsite': np.complex128(-0.024118399174680026+0j), 'F_swave': np.complex128(0.023195823260538238+0j)}, 'free': np.float64(-20973.478921539936)}]
------------------------------------------
  Seed: s-wave+px
F_onsite: (-0.02411840842804396+3.435716265126552e-18j)
F_swave: (0.02319583239119239-2.9563567441543218e-18j), F_dwave: (-1.9949319973733282e-17+9.529120656610879e-20j)
F_px: (7.268491364342822e-15-1.893753911823802e-18j), F_py: (5.204170427930421e-18-7.646589931338196e-19j)
Free_energy = -20973.478945398525
------------------------------------------
[{'stable': {'F_onsite': np.complex128(-0.01791417001542913-0.01614862158464719j), 'F_swave': np.complex128(0.01722891733548911+0.01553090464835118j)}, 'free': np.float64(-20973.47883001267)}, {'stable': {'F_onsite': np.complex128(-0.024118399174680026+0j), 'F_swave': np.complex128(0.023195823260538238+0j)}, 'free': np.float64(-20973.478921539936)}]
------------------------------------------
  Seed: s-wave+py
F_onsite: (-0.024118408428043983-6.04496739104359e-18j)
F_swave: (0.023195832391192342+6.2162689207809034e-18j), F_dwave: (-8.673617379884035e-19+4.346337810598629e-19j)
F_px: (3.469446951953614e-18-2.7617509245226463e-18j), F_py: (7.346553920761778e-15-5.79582294158755e-19j)
Free_energy = -20973.478945398525
------------------------------------------
[{'stable': {'F_onsite': np.complex128(-0.01791417001542913-0.01614862158464719j), 'F_swave': np.complex128(0.01722891733548911+0.01553090464835118j)}, 'free': np.float64(-20973.47883001267)}, {'stable': {'F_onsite': np.complex128(-0.024118399174680026+0j), 'F_swave': np.complex128(0.023195823260538238+0j)}, 'free': np.float64(-20973.478921539936)}]
------------------------------------------
====================================
mu=3.72, T=0.0160
====================================
  Seed: normal state
F_onsite: 0j
F_swave: 0j, F_dwave: 0j
F_px: 0j, F_py: 0j
Free_energy = -20951.959340629666
------------------------------------------
[{'stable': {}, 'free': np.float64(-20951.959340629666)}]
------------------------------------------
  Seed: px+i*py
F_onsite: (-0.01791052325003461-0.016145334229759504j)
F_swave: (0.01722542498337492+0.015527756488392639j), F_dwave: (1.734723475976807e-18-1.2576745200831851e-17j)
F_px: (-2.0816681711721685e-17+2.862293735361732e-17j), F_py: -2.6020852139652106e-18j
Free_energy = -20973.47299086004
------------------------------------------
[{'stable': {'F_onsite': np.complex128(-0.01791052325003461-0.016145334229759504j), 'F_swave': np.complex128(0.01722542498337492+0.015527756488392639j)}, 'free': np.float64(-20973.47299086004)}]
------------------------------------------
  Seed: s-wave
F_onsite: (-0.02411346159481758+0j)
F_swave: (0.02319109394022789+0j), F_dwave: (4.163336342344337e-17+0j)
F_px: -5.598887781350925e-19j, F_py: -3.3881317890172014e-19j
Free_energy = -20973.47301058904
------------------------------------------
[{'stable': {'F_onsite': np.complex128(-0.01791052325003461-0.016145334229759504j), 'F_swave': np.complex128(0.01722542498337492+0.015527756488392639j)}, 'free': np.float64(-20973.47299086004)}, {'stable': {'F_onsite': np.complex128(-0.02411346159481758+0j), 'F_swave': np.complex128(0.02319109394022789+0j)}, 'free': np.float64(-20973.47301058904)}]
------------------------------------------
  Seed: s-wave+px
F_onsite: (-0.02411346359255682+3.2155195248650256e-18j)
F_swave: (0.02319109591131393-2.191803630138909e-18j), F_dwave: (2.42861286636753e-17+8.096576184567043e-19j)
F_px: (3.0184188481996443e-16-2.712623013581897e-19j), F_py: -8.03834266944331e-19j
Free_energy = -20973.473015731925
------------------------------------------
[{'stable': {'F_onsite': np.complex128(-0.01791052325003461-0.016145334229759504j), 'F_swave': np.complex128(0.01722542498337492+0.015527756488392639j)}, 'free': np.float64(-20973.47299086004)}, {'stable': {'F_onsite': np.complex128(-0.02411346159481758+0j), 'F_swave': np.complex128(0.02319109394022789+0j)}, 'free': np.float64(-20973.47301058904)}]
------------------------------------------
  Seed: s-wave+py
F_onsite: (-0.02411346359255682-5.221658514805668e-18j)
F_swave: (0.02319109591131393+6.950328848695161e-18j), F_dwave: (1.8214596497756474e-17+1.9466934710271958e-18j)
F_px: (3.469446951953614e-18+1.3234889800848443e-19j), F_py: (2.5153490401663703e-16-8.015049263393817e-19j)
Free_energy = -20973.473015731925
------------------------------------------
[{'stable': {'F_onsite': np.complex128(-0.01791052325003461-0.016145334229759504j), 'F_swave': np.complex128(0.01722542498337492+0.015527756488392639j)}, 'free': np.float64(-20973.47299086004)}, {'stable': {'F_onsite': np.complex128(-0.02411346159481758+0j), 'F_swave': np.complex128(0.02319109394022789+0j)}, 'free': np.float64(-20973.47301058904)}]
------------------------------------------
====================================
mu=3.72, T=0.0190
====================================
  Seed: normal state
F_onsite: 0j
F_swave: 0j, F_dwave: 0j
F_px: 0j, F_py: 0j
Free_energy = -20952.118727476944
------------------------------------------
[{'stable': {}, 'free': np.float64(-20952.118727476944)}]
------------------------------------------
  Seed: px+i*py
F_onsite: (-0.01789538573565745-0.016131688607818766j)
F_swave: (0.017210848130705114+0.015514616271600369j), F_dwave: (2.862293735361732e-17-2.168404344971009e-18j)
F_px: (1.214306433183765e-17-2.862293735361732e-17j), F_py: (1.734723475976807e-18-2.6020852139652106e-18j)
Free_energy = -20973.443964553106
------------------------------------------
[{'stable': {'F_onsite': np.complex128(-0.01789538573565745-0.016131688607818766j), 'F_swave': np.complex128(0.017210848130705114+0.015514616271600369j)}, 'free': np.float64(-20973.443964553106)}]
------------------------------------------
  Seed: s-wave
F_onsite: (-0.024093074223906677+0j)
F_swave: (0.023171461501633704+0j), F_dwave: (-4.5102810375396984e-17+0j)
F_px: -1.4895074377466871e-18j, F_py: -5.916525136571288e-19j
Free_energy = -20973.44396548828
------------------------------------------
[{'stable': {'F_onsite': np.complex128(-0.01789538573565745-0.016131688607818766j), 'F_swave': np.complex128(0.017210848130705114+0.015514616271600369j)}, 'free': np.float64(-20973.443964553106)}, {'stable': {'F_onsite': np.complex128(-0.024093074223906677+0j), 'F_swave': np.complex128(0.023171461501633704+0j)}, 'free': np.float64(-20973.44396548828)}]
------------------------------------------
  Seed: s-wave+px
F_onsite: (-0.024093074319068056+2.155496498806686e-18j)
F_swave: (0.023171461595503155-1.7181004543869415e-18j), F_dwave: (2.7755575615628914e-17+4.443746599532873e-19j)
F_px: -1.2834666733270786e-18j, F_py: -6.365452598616067e-19j
Free_energy = -20973.443965731993
------------------------------------------
[{'stable': {'F_onsite': np.complex128(-0.01789538573565745-0.016131688607818766j), 'F_swave': np.complex128(0.017210848130705114+0.015514616271600369j)}, 'free': np.float64(-20973.443964553106)}, {'stable': {'F_onsite': np.complex128(-0.024093074223906677+0j), 'F_swave': np.complex128(0.023171461501633704+0j)}, 'free': np.float64(-20973.44396548828)}]
------------------------------------------
  Seed: s-wave+py
F_onsite: (-0.024093074319068056-7.043439262338336e-18j)
F_swave: (0.023171461595503158+6.095990242270793e-18j), F_dwave: (3.209238430557093e-17-5.125608122072585e-19j)
F_px: (3.469446951953614e-18-2.0703602813263236e-18j), F_py: (1.734723475976807e-18-4.662916374634923e-19j)
Free_energy = -20973.443965731993
------------------------------------------
[{'stable': {'F_onsite': np.complex128(-0.01789538573565745-0.016131688607818766j), 'F_swave': np.complex128(0.017210848130705114+0.015514616271600369j)}, 'free': np.float64(-20973.443964553106)}, {'stable': {'F_onsite': np.complex128(-0.024093074223906677+0j), 'F_swave': np.complex128(0.023171461501633704+0j)}, 'free': np.float64(-20973.44396548828)}]
------------------------------------------
====================================
mu=3.72, T=0.0220
====================================
  Seed: normal state
F_onsite: 0j
F_swave: 0j, F_dwave: 0j
F_px: 0j, F_py: 0j
Free_energy = -20952.305575677063
------------------------------------------
[{'stable': {}, 'free': np.float64(-20952.305575677063)}]
------------------------------------------
  Seed: px+i*py
F_onsite: (-0.017860837102764565-0.016100544949007298j)
F_swave: (0.017177599471329286+0.015484644466152829j), F_dwave: (1.474514954580286e-17+4.7704895589362195e-18j)
F_px: (2.42861286636753e-17+3.382710778154774e-17j), F_py: (-1.734723475976807e-18+8.673617379884035e-19j)
Free_energy = -20973.380033958827
------------------------------------------
[{'stable': {'F_onsite': np.complex128(-0.017860837102764565-0.016100544949007298j), 'F_swave': np.complex128(0.017177599471329286+0.015484644466152829j)}, 'free': np.float64(-20973.380033958827)}]
------------------------------------------
  Seed: s-wave
F_onsite: (-0.02404656004911729+0j)
F_swave: (0.023126697523478963+0j), F_dwave: (8.153200337090993e-17+0j)
F_px: 1.2514911795682288e-18j, F_py: -1.435720845596039e-19j
Free_energy = -20973.380033986658
------------------------------------------
[{'stable': {'F_onsite': np.complex128(-0.017860837102764565-0.016100544949007298j), 'F_swave': np.complex128(0.017177599471329286+0.015484644466152829j)}, 'free': np.float64(-20973.380033958827)}, {'stable': {'F_onsite': np.complex128(-0.02404656004911729+0j), 'F_swave': np.complex128(0.023126697523478963+0j)}, 'free': np.float64(-20973.380033986658)}]
------------------------------------------
  Seed: s-wave+px
F_onsite: (-0.02404656005198594+8.28947687398321e-19j)
F_swave: (0.0231266975263075-4.446922973085077e-19j), F_dwave: (-1.734723475976807e-17+3.3118988237643143e-19j)
F_px: -1.2074454663110051e-18j, F_py: -6.2172218328465645e-19j
Free_energy = -20973.380033993944
------------------------------------------
[{'stable': {'F_onsite': np.complex128(-0.017860837102764565-0.016100544949007298j), 'F_swave': np.complex128(0.017177599471329286+0.015484644466152829j)}, 'free': np.float64(-20973.380033958827)}, {'stable': {'F_onsite': np.complex128(-0.02404656004911729+0j), 'F_swave': np.complex128(0.023126697523478963+0j)}, 'free': np.float64(-20973.380033986658)}]
------------------------------------------
  Seed: s-wave+py
F_onsite: (-0.02404656005198594-7.20410827560027e-18j)
F_swave: (0.023126697526307496+6.550529297591132e-18j), F_dwave: (-1.9949319973733282e-17-3.5045988192646677e-19j)
F_px: (1.734723475976807e-18-2.655236531405418e-18j), F_py: (1.734723475976807e-18-7.748233885008712e-19j)
Free_energy = -20973.380033993944
------------------------------------------
[{'stable': {'F_onsite': np.complex128(-0.017860837102764565-0.016100544949007298j), 'F_swave': np.complex128(0.017177599471329286+0.015484644466152829j)}, 'free': np.float64(-20973.380033958827)}, {'stable': {'F_onsite': np.complex128(-0.02404656004911729+0j), 'F_swave': np.complex128(0.023126697523478963+0j)}, 'free': np.float64(-20973.380033986658)}]
------------------------------------------
====================================
mu=3.72, T=0.0250
====================================
  Seed: normal state
F_onsite: 0j
F_swave: 0j, F_dwave: 0j
F_px: 0j, F_py: 0j
Free_energy = -20952.520064996486
------------------------------------------
[{'stable': {}, 'free': np.float64(-20952.520064996486)}]
------------------------------------------
  Seed: px+i*py
F_onsite: (-0.01779558555215794-0.016041724328367632j)
F_swave: (0.017114783751935255+0.015428019611013734j), F_dwave: (-3.469446951953614e-18-2.6020852139652106e-18j)
F_px: (-8.673617379884035e-18-5.984795992119984e-17j), F_py: 5.204170427930421e-18j
Free_energy = -20973.260048195763
------------------------------------------
[{'stable': {'F_onsite': np.complex128(-0.01779558555215794-0.016041724328367632j), 'F_swave': np.complex128(0.017114783751935255+0.015428019611013734j)}, 'free': np.float64(-20973.260048195763)}]
------------------------------------------
  Seed: s-wave
F_onsite: (-0.02395870999402912+0j)
F_swave: (0.023042126898345665+0j), F_dwave: (1.214306433183765e-17+0j)
F_px: -4.972083400382743e-19j, F_py: -5.670885581867541e-19j
Free_energy = -20973.260048196094
------------------------------------------
[{'stable': {'F_onsite': np.complex128(-0.01779558555215794-0.016041724328367632j), 'F_swave': np.complex128(0.017114783751935255+0.015428019611013734j)}, 'free': np.float64(-20973.260048195763)}, {'stable': {'F_onsite': np.complex128(-0.02395870999402912+0j), 'F_swave': np.complex128(0.023042126898345665+0j)}, 'free': np.float64(-20973.260048196094)}]
------------------------------------------
  Seed: s-wave+px
F_onsite: (-0.02395870999406423+0j)
F_swave: (0.023042126898380522+0j), F_dwave: (2.0816681711721685e-17+0j)
F_px: -4.180531111173599e-18j, F_py: -3.282252670610414e-19j
Free_energy = -20973.260048196156
------------------------------------------
[{'stable': {'F_onsite': np.complex128(-0.01779558555215794-0.016041724328367632j), 'F_swave': np.complex128(0.017114783751935255+0.015428019611013734j)}, 'free': np.float64(-20973.260048195763)}, {'stable': {'F_onsite': np.complex128(-0.02395870999402912+0j), 'F_swave': np.complex128(0.023042126898345665+0j)}, 'free': np.float64(-20973.260048196094)}]
------------------------------------------
  Seed: s-wave+py
F_onsite: (-0.023958709994064225-5.62697270441959e-18j)
F_swave: (0.02304212689838052+5.7482832174229025e-18j), F_dwave: (1.9949319973733282e-17+1.6443027088574105e-19j)
F_px: (1.734723475976807e-18-3.1230104765266054e-18j), F_py: (-1.734723475976807e-18-5.499361410048545e-19j)
Free_energy = -20973.260048196156
------------------------------------------
[{'stable': {'F_onsite': np.complex128(-0.01779558555215794-0.016041724328367632j), 'F_swave': np.complex128(0.017114783751935255+0.015428019611013734j)}, 'free': np.float64(-20973.260048195763)}, {'stable': {'F_onsite': np.complex128(-0.02395870999402912+0j), 'F_swave': np.complex128(0.023042126898345665+0j)}, 'free': np.float64(-20973.260048196094)}]
------------------------------------------
====================================
mu=3.72, T=0.0280
====================================
  Seed: normal state
F_onsite: 0j
F_swave: 0j, F_dwave: 0j
F_px: 0j, F_py: 0j
Free_energy = -20952.762224360118
------------------------------------------
[{'stable': {}, 'free': np.float64(-20952.762224360118)}]
------------------------------------------
  Seed: px+i*py
F_onsite: (-0.017690903884403537-0.01594735966408435j)
F_swave: (0.01701402276471157+0.015337189220782357j), F_dwave: (-6.071532165918825e-18+9.107298248878237e-18j)
F_px: (-6.245004513516506e-17-4.9439619065339e-17j), F_py: (-5.204170427930421e-18+8.673617379884035e-19j)
Free_energy = -20973.072082941326
------------------------------------------
[{'stable': {'F_onsite': np.complex128(-0.017690903884403537-0.01594735966408435j), 'F_swave': np.complex128(0.01701402276471157+0.015337189220782357j)}, 'free': np.float64(-20973.072082941326)}]
------------------------------------------
  Seed: s-wave
F_onsite: (-0.02381777404592878+0j)
F_swave: (0.022906469475505287+0j), F_dwave: (1.734723475976807e-17+0j)
F_px: 2.710505431213761e-19j, F_py: -4.722208680942724e-19j
Free_energy = -20973.07208294133
------------------------------------------
[{'stable': {'F_onsite': np.complex128(-0.017690903884403537-0.01594735966408435j), 'F_swave': np.complex128(0.01701402276471157+0.015337189220782357j)}, 'free': np.float64(-20973.072082941326)}, {'stable': {'F_onsite': np.complex128(-0.02381777404592878+0j), 'F_swave': np.complex128(0.022906469475505287+0j)}, 'free': np.float64(-20973.07208294133)}]
------------------------------------------
  Seed: s-wave+px
F_onsite: (-0.02381777404592907+0j)
F_swave: (0.022906469475505578+0j), F_dwave: (8.673617379884035e-18+0j)
F_px: -6.132518538121134e-19j, F_py: -4.120815288392171e-19j
Free_energy = -20973.07208294133
------------------------------------------
[{'stable': {'F_onsite': np.complex128(-0.017690903884403537-0.01594735966408435j), 'F_swave': np.complex128(0.01701402276471157+0.015337189220782357j)}, 'free': np.float64(-20973.072082941326)}, {'stable': {'F_onsite': np.complex128(-0.02381777404592878+0j), 'F_swave': np.complex128(0.022906469475505287+0j)}, 'free': np.float64(-20973.07208294133)}]
------------------------------------------
  Seed: s-wave+py
F_onsite: (-0.023817774045929076-8.357166158525021e-18j)
F_swave: (0.022906469475505585+7.914993496499403e-18j), F_dwave: (8.673617379884035e-18+1.0587911840678754e-22j)
F_px: (1.734723475976807e-18-1.9905274260476058e-18j), F_py: -4.512568026497285e-19j
Free_energy = -20973.07208294133
------------------------------------------
[{'stable': {'F_onsite': np.complex128(-0.017690903884403537-0.01594735966408435j), 'F_swave': np.complex128(0.01701402276471157+0.015337189220782357j)}, 'free': np.float64(-20973.072082941326)}, {'stable': {'F_onsite': np.complex128(-0.02381777404592878+0j), 'F_swave': np.complex128(0.022906469475505287+0j)}, 'free': np.float64(-20973.07208294133)}]
------------------------------------------
====================================
mu=3.72, T=0.0310
====================================
  Seed: normal state
F_onsite: 0j
F_swave: 0j, F_dwave: 0j
F_px: 0j, F_py: 0j
Free_energy = -20953.032007259473
------------------------------------------
[{'stable': {}, 'free': np.float64(-20953.032007259473)}]
------------------------------------------
  Seed: px+i*py
F_onsite: (-0.01753765399976364-0.015809213470718165j)
F_swave: (0.016866513315024593+0.01520421770822523j), F_dwave: (1.8214596497756474e-17+3.903127820947816e-18j)
F_px: (2.0816681711721685e-17+2.2551405187698492e-17j), F_py: (-5.204170427930421e-18-8.673617379884035e-19j)
Free_energy = -20972.802847687075
------------------------------------------
[{'stable': {'F_onsite': np.complex128(-0.01753765399976364-0.015809213470718165j), 'F_swave': np.complex128(0.016866513315024593+0.01520421770822523j)}, 'free': np.float64(-20972.802847687075)}]
------------------------------------------
  Seed: s-wave
F_onsite: (-0.023611449307023965+0j)
F_swave: (0.022707873249712573+0j), F_dwave: (-5.377642775528102e-17+0j)
F_px: -1.9481757786848908e-19j, F_py: -4.785736151986797e-19j
Free_energy = -20972.802847687075
------------------------------------------
[{'stable': {'F_onsite': np.complex128(-0.01753765399976364-0.015809213470718165j), 'F_swave': np.complex128(0.016866513315024593+0.01520421770822523j)}, 'free': np.float64(-20972.802847687075)}, {'stable': {'F_onsite': np.complex128(-0.023611449307023965+0j), 'F_swave': np.complex128(0.022707873249712573+0j)}, 'free': np.float64(-20972.802847687075)}]
------------------------------------------
  Seed: s-wave+px
F_onsite: (-0.023611449307023965+0j)
F_swave: (0.022707873249712573+0j), F_dwave: (-5.377642775528102e-17+0j)
F_px: -1.9481757786848908e-19j, F_py: -4.785736151986797e-19j
Free_energy = -20972.802847687075
------------------------------------------
[{'stable': {'F_onsite': np.complex128(-0.01753765399976364-0.015809213470718165j), 'F_swave': np.complex128(0.016866513315024593+0.01520421770822523j)}, 'free': np.float64(-20972.802847687075)}, {'stable': {'F_onsite': np.complex128(-0.023611449307023965+0j), 'F_swave': np.complex128(0.022707873249712573+0j)}, 'free': np.float64(-20972.802847687075)}]
------------------------------------------
  Seed: s-wave+py
F_onsite: (-0.023611449307023965-1.1687360090465388e-17j)
F_swave: (0.022707873249712573+1.0461068656827423e-17j), F_dwave: (-5.637851296924623e-17-5.651827340554319e-19j)
F_px: (-1.734723475976807e-18-9.622294280808852e-19j), F_py: (-1.734723475976807e-18-3.0704944337968387e-19j)
Free_energy = -20972.802847687075
------------------------------------------
[{'stable': {'F_onsite': np.complex128(-0.01753765399976364-0.015809213470718165j), 'F_swave': np.complex128(0.016866513315024593+0.01520421770822523j)}, 'free': np.float64(-20972.802847687075)}, {'stable': {'F_onsite': np.complex128(-0.023611449307023965+0j), 'F_swave': np.complex128(0.022707873249712573+0j)}, 'free': np.float64(-20972.802847687075)}]
------------------------------------------
====================================
mu=3.72, T=0.0340
====================================
  Seed: normal state
F_onsite: 0j
F_swave: 0j, F_dwave: 0j
F_px: 0j, F_py: 0j
Free_energy = -20953.329324909508
------------------------------------------
[{'stable': {}, 'free': np.float64(-20953.329324909508)}]
------------------------------------------
  Seed: px+i*py
F_onsite: (-0.017327847605279573-0.015620084749284727j)
F_swave: (0.01666456999728089+0.015022177110364354j), F_dwave: (-1.6479873021779667e-17-1.3877787807814457e-17j)
F_px: (-5.204170427930421e-18+3.642919299551295e-17j), F_py: (-5.204170427930421e-18-1.734723475976807e-18j)
Free_energy = -20972.443402937304
------------------------------------------
[{'stable': {'F_onsite': np.complex128(-0.017327847605279573-0.015620084749284727j), 'F_swave': np.complex128(0.01666456999728089+0.015022177110364354j)}, 'free': np.float64(-20972.443402937304)}]
------------------------------------------
  Seed: s-wave
F_onsite: (-0.02332898090801724+0j)
F_swave: (0.022435991137666134+0j), F_dwave: (8.673617379884035e-17+0j)
F_px: -1.4225918349135974e-18j, F_py: -4.163166935754886e-19j
Free_energy = -20972.443402937304
------------------------------------------
[{'stable': {'F_onsite': np.complex128(-0.017327847605279573-0.015620084749284727j), 'F_swave': np.complex128(0.01666456999728089+0.015022177110364354j)}, 'free': np.float64(-20972.443402937304)}, {'stable': {'F_onsite': np.complex128(-0.02332898090801724+0j), 'F_swave': np.complex128(0.022435991137666134+0j)}, 'free': np.float64(-20972.443402937304)}]
------------------------------------------
  Seed: s-wave+px
F_onsite: (-0.02332898090801724+0j)
F_swave: (0.022435991137666134+0j), F_dwave: (8.673617379884035e-17+0j)
F_px: -1.4225918349135974e-18j, F_py: -4.163166935754886e-19j
Free_energy = -20972.443402937304
------------------------------------------
[{'stable': {'F_onsite': np.complex128(-0.017327847605279573-0.015620084749284727j), 'F_swave': np.complex128(0.01666456999728089+0.015022177110364354j)}, 'free': np.float64(-20972.443402937304)}, {'stable': {'F_onsite': np.complex128(-0.02332898090801724+0j), 'F_swave': np.complex128(0.022435991137666134+0j)}, 'free': np.float64(-20972.443402937304)}]
------------------------------------------
  Seed: s-wave+py
F_onsite: (-0.023328980908017237-9.320348086855785e-18j)
F_swave: (0.022435991137666134+8.443647934704493e-18j), F_dwave: (8.500145032286355e-17-1.528894469794012e-19j)
F_px: -2.024408743937778e-18j, F_py: -6.928729508540177e-19j
Free_energy = -20972.443402937304
------------------------------------------
[{'stable': {'F_onsite': np.complex128(-0.017327847605279573-0.015620084749284727j), 'F_swave': np.complex128(0.01666456999728089+0.015022177110364354j)}, 'free': np.float64(-20972.443402937304)}, {'stable': {'F_onsite': np.complex128(-0.02332898090801724+0j), 'F_swave': np.complex128(0.022435991137666134+0j)}, 'free': np.float64(-20972.443402937304)}]
------------------------------------------
====================================
mu=3.72, T=0.0370
====================================
  Seed: normal state
F_onsite: 0j
F_swave: 0j, F_dwave: 0j
F_px: 0j, F_py: 0j
Free_energy = -20953.65405696885
------------------------------------------
[{'stable': {}, 'free': np.float64(-20953.65405696885)}]
------------------------------------------
  Seed: px+i*py
F_onsite: (-0.017053866010286148-0.015373105676578652j)
F_swave: (0.016400865598775544+0.014784462355061615j), F_dwave: (1.9081958235744878e-17-1.474514954580286e-17j)
F_px: (5.204170427930421e-17-8.066464163292153e-17j), F_py: 0j
Free_energy = -20971.987333964444
------------------------------------------
[{'stable': {'F_onsite': np.complex128(-0.017053866010286148-0.015373105676578652j), 'F_swave': np.complex128(0.016400865598775544+0.014784462355061615j)}, 'free': np.float64(-20971.987333964444)}]
------------------------------------------
  Seed: s-wave
F_onsite: (-0.022960111585966825+0j)
F_swave: (0.022080958301607723+0j), F_dwave: (-4.163336342344337e-17+0j)
F_px: -1.7406527066075872e-19j, F_py: -6.424744904923868e-19j
Free_energy = -20971.987333964444
------------------------------------------
[{'stable': {'F_onsite': np.complex128(-0.017053866010286148-0.015373105676578652j), 'F_swave': np.complex128(0.016400865598775544+0.014784462355061615j)}, 'free': np.float64(-20971.987333964444)}, {'stable': {'F_onsite': np.complex128(-0.022960111585966825+0j), 'F_swave': np.complex128(0.022080958301607723+0j)}, 'free': np.float64(-20971.987333964444)}]
------------------------------------------
  Seed: s-wave+px
F_onsite: (-0.022960111585966825+0j)
F_swave: (0.022080958301607723+0j), F_dwave: (-4.163336342344337e-17+0j)
F_px: -1.7406527066075872e-19j, F_py: -6.424744904923868e-19j
Free_energy = -20971.987333964444
------------------------------------------
[{'stable': {'F_onsite': np.complex128(-0.017053866010286148-0.015373105676578652j), 'F_swave': np.complex128(0.016400865598775544+0.014784462355061615j)}, 'free': np.float64(-20971.987333964444)}, {'stable': {'F_onsite': np.complex128(-0.022960111585966825+0j), 'F_swave': np.complex128(0.022080958301607723+0j)}, 'free': np.float64(-20971.987333964444)}]
------------------------------------------
  Seed: s-wave+py
F_onsite: (-0.022960111585966825-1.0360699096644508e-17j)
F_swave: (0.022080958301607723+9.021324404731926e-18j), F_dwave: (-4.163336342344337e-17-9.357596484791883e-19j)
F_px: 9.719703069743096e-20j, F_py: -6.570858088325235e-19j
Free_energy = -20971.987333964444
------------------------------------------
[{'stable': {'F_onsite': np.complex128(-0.017053866010286148-0.015373105676578652j), 'F_swave': np.complex128(0.016400865598775544+0.014784462355061615j)}, 'free': np.float64(-20971.987333964444)}, {'stable': {'F_onsite': np.complex128(-0.022960111585966825+0j), 'F_swave': np.complex128(0.022080958301607723+0j)}, 'free': np.float64(-20971.987333964444)}]
------------------------------------------
====================================
mu=3.72, T=0.0400
====================================
  Seed: normal state
F_onsite: 0j
F_swave: 0j, F_dwave: 0j
F_px: 0j, F_py: 0j
Free_energy = -20954.006052444656
------------------------------------------
[{'stable': {}, 'free': np.float64(-20954.006052444656)}]
------------------------------------------
  Seed: px+i*py
F_onsite: (-0.016707395853581573-0.015060782222789105j)
F_swave: (0.016067398122719064+0.014483860090095856j), F_dwave: (-1.0408340855860843e-17-5.637851296924623e-18j)
F_px: (-1.9081958235744878e-17-6.938893903907228e-18j), F_py: (-1.0408340855860843e-17-2.6020852139652106e-18j)
Free_energy = -20971.42860214421
------------------------------------------
[{'stable': {'F_onsite': np.complex128(-0.016707395853581573-0.015060782222789105j), 'F_swave': np.complex128(0.016067398122719064+0.014483860090095856j)}, 'free': np.float64(-20971.42860214421)}]
------------------------------------------
  Seed: s-wave
F_onsite: (-0.022493648822957867+0j)
F_swave: (0.021632001422508707+0j), F_dwave: (2.949029909160572e-17+0j)
F_px: -1.6254562257810024e-18j, F_py: -2.8248548790930916e-19j
Free_energy = -20971.42860214421
------------------------------------------
[{'stable': {'F_onsite': np.complex128(-0.016707395853581573-0.015060782222789105j), 'F_swave': np.complex128(0.016067398122719064+0.014483860090095856j)}, 'free': np.float64(-20971.42860214421)}, {'stable': {'F_onsite': np.complex128(-0.022493648822957867+0j), 'F_swave': np.complex128(0.021632001422508707+0j)}, 'free': np.float64(-20971.42860214421)}]
------------------------------------------
  Seed: s-wave+px
F_onsite: (-0.022493648822957867+0j)
F_swave: (0.021632001422508707+0j), F_dwave: (2.949029909160572e-17+0j)
F_px: -1.6254562257810024e-18j, F_py: -2.8248548790930916e-19j
Free_energy = -20971.42860214421
------------------------------------------
[{'stable': {'F_onsite': np.complex128(-0.016707395853581573-0.015060782222789105j), 'F_swave': np.complex128(0.016067398122719064+0.014483860090095856j)}, 'free': np.float64(-20971.42860214421)}, {'stable': {'F_onsite': np.complex128(-0.022493648822957867+0j), 'F_swave': np.complex128(0.021632001422508707+0j)}, 'free': np.float64(-20971.42860214421)}]
------------------------------------------
  Seed: s-wave+py
F_onsite: (-0.02249364882295786-9.975794911095812e-18j)
F_swave: (0.021632001422508703+8.960973307240057e-18j), F_dwave: (2.42861286636753e-17-5.874173489208573e-19j)
F_px: (-1.734723475976807e-18+9.768407464210219e-19j), F_py: -2.848148285142585e-19j
Free_energy = -20971.42860214421
------------------------------------------
[{'stable': {'F_onsite': np.complex128(-0.016707395853581573-0.015060782222789105j), 'F_swave': np.complex128(0.016067398122719064+0.014483860090095856j)}, 'free': np.float64(-20971.42860214421)}, {'stable': {'F_onsite': np.complex128(-0.022493648822957867+0j), 'F_swave': np.complex128(0.021632001422508707+0j)}, 'free': np.float64(-20971.42860214421)}]
------------------------------------------
====================================
mu=3.72, T=0.0430
====================================
  Seed: normal state
F_onsite: 0j
F_swave: 0j, F_dwave: 0j
F_px: 0j, F_py: 0j
Free_energy = -20954.385127825615
------------------------------------------
[{'stable': {}, 'free': np.float64(-20954.385127825615)}]
------------------------------------------
  Seed: px+i*py
F_onsite: (-0.016280541353010256-0.014675996782241494j)
F_swave: (0.015656590430911513+0.014113539949483818j), F_dwave: (-1.214306433183765e-17-1.5178830414797062e-17j)
F_px: (1.0408340855860843e-17+6.938893903907228e-18j), F_py: (-3.469446951953614e-18-8.673617379884035e-19j)
Free_energy = -20970.765915184402
------------------------------------------
[{'stable': {'F_onsite': np.complex128(-0.016280541353010256-0.014675996782241494j), 'F_swave': np.complex128(0.015656590430911513+0.014113539949483818j)}, 'free': np.float64(-20970.765915184402)}]
------------------------------------------
  Seed: s-wave
F_onsite: (-0.021918962299786182+0j)
F_swave: (0.02107891918071211+0j), F_dwave: (-4.163336342344337e-17+0j)
F_px: -1.427250516123496e-18j, F_py: -8.427977825180288e-20j
Free_energy = -20970.765915184402
------------------------------------------
[{'stable': {'F_onsite': np.complex128(-0.016280541353010256-0.014675996782241494j), 'F_swave': np.complex128(0.015656590430911513+0.014113539949483818j)}, 'free': np.float64(-20970.765915184402)}, {'stable': {'F_onsite': np.complex128(-0.021918962299786182+0j), 'F_swave': np.complex128(0.02107891918071211+0j)}, 'free': np.float64(-20970.765915184402)}]
------------------------------------------
  Seed: s-wave+px
F_onsite: (-0.021918962299786182+0j)
F_swave: (0.02107891918071211+0j), F_dwave: (-4.163336342344337e-17+0j)
F_px: -1.427250516123496e-18j, F_py: -8.427977825180288e-20j
Free_energy = -20970.765915184402
------------------------------------------
[{'stable': {'F_onsite': np.complex128(-0.016280541353010256-0.014675996782241494j), 'F_swave': np.complex128(0.015656590430911513+0.014113539949483818j)}, 'free': np.float64(-20970.765915184402)}, {'stable': {'F_onsite': np.complex128(-0.021918962299786182+0j), 'F_swave': np.complex128(0.02107891918071211+0j)}, 'free': np.float64(-20970.765915184402)}]
------------------------------------------
  Seed: s-wave+py
F_onsite: (-0.02191896229978618-6.157636277088765e-18j)
F_swave: (0.021078919180712107+6.307854358202775e-18j), F_dwave: (-4.336808689942018e-17+3.902704304474189e-19j)
F_px: 3.885763645529103e-19j, F_py: -3.7248273855507857e-19j
Free_energy = -20970.765915184402
------------------------------------------
[{'stable': {'F_onsite': np.complex128(-0.016280541353010256-0.014675996782241494j), 'F_swave': np.complex128(0.015656590430911513+0.014113539949483818j)}, 'free': np.float64(-20970.765915184402)}, {'stable': {'F_onsite': np.complex128(-0.021918962299786182+0j), 'F_swave': np.complex128(0.02107891918071211+0j)}, 'free': np.float64(-20970.765915184402)}]
------------------------------------------
====================================
mu=3.72, T=0.0460
====================================
  Seed: normal state
F_onsite: 0j
F_swave: 0j, F_dwave: 0j
F_px: 0j, F_py: 0j
Free_energy = -20954.79106576923
------------------------------------------
[{'stable': {}, 'free': np.float64(-20954.79106576923)}]
------------------------------------------
  Seed: px+i*py
F_onsite: (-0.015763996523258668-0.014210360530046848j)
F_swave: (0.015159507912242+0.013665447881393358j), F_dwave: (1.0842021724855044e-17-1.0408340855860843e-17j)
F_px: (1.3010426069826053e-17-1.8214596497756474e-17j), F_py: (-6.071532165918825e-18+0j)
Free_energy = -20969.998639034427
------------------------------------------
[{'stable': {'F_onsite': np.complex128(-0.015763996523258668-0.014210360530046848j), 'F_swave': np.complex128(0.015159507912242+0.013665447881393358j)}, 'free': np.float64(-20969.998639034427)}]
------------------------------------------
  Seed: s-wave
F_onsite: (-0.02122352310007065+0j)
F_swave: (0.02040968265163399+0j), F_dwave: (2.42861286636753e-17+0j)
F_px: -1.0693790959085542e-18j, F_py: -6.903318520122548e-20j
Free_energy = -20969.998639034427
------------------------------------------
[{'stable': {'F_onsite': np.complex128(-0.015763996523258668-0.014210360530046848j), 'F_swave': np.complex128(0.015159507912242+0.013665447881393358j)}, 'free': np.float64(-20969.998639034427)}, {'stable': {'F_onsite': np.complex128(-0.02122352310007065+0j), 'F_swave': np.complex128(0.02040968265163399+0j)}, 'free': np.float64(-20969.998639034427)}]
------------------------------------------
  Seed: s-wave+px
F_onsite: (-0.02122352310007065+0j)
F_swave: (0.02040968265163399+0j), F_dwave: (2.42861286636753e-17+0j)
F_px: -1.0693790959085542e-18j, F_py: -6.903318520122548e-20j
Free_energy = -20969.998639034427
------------------------------------------
[{'stable': {'F_onsite': np.complex128(-0.015763996523258668-0.014210360530046848j), 'F_swave': np.complex128(0.015159507912242+0.013665447881393358j)}, 'free': np.float64(-20969.998639034427)}, {'stable': {'F_onsite': np.complex128(-0.02122352310007065+0j), 'F_swave': np.complex128(0.02040968265163399+0j)}, 'free': np.float64(-20969.998639034427)}]
------------------------------------------
  Seed: s-wave+py
F_onsite: (-0.02122352310007066-6.018261209610779e-18j)
F_swave: (0.02040968265163399+5.134607847137162e-18j), F_dwave: (2.0816681711721685e-17-1.0303097012164496e-18j)
F_px: (-3.469446951953614e-18-1.2002456862593436e-18j), F_py: -8.036225087075174e-19j
Free_energy = -20969.99863903443
------------------------------------------
[{'stable': {'F_onsite': np.complex128(-0.015763996523258668-0.014210360530046848j), 'F_swave': np.complex128(0.015159507912242+0.013665447881393358j)}, 'free': np.float64(-20969.998639034427)}, {'stable': {'F_onsite': np.complex128(-0.02122352310007065+0j), 'F_swave': np.complex128(0.02040968265163399+0j)}, 'free': np.float64(-20969.998639034427)}]
------------------------------------------
====================================
mu=3.72, T=0.0490
====================================
  Seed: normal state
F_onsite: 0j
F_swave: 0j, F_dwave: 0j
F_px: 0j, F_py: 0j
Free_energy = -20955.223615512106
------------------------------------------
[{'stable': {}, 'free': np.float64(-20955.223615512106)}]
------------------------------------------
  Seed: px+i*py
F_onsite: (-0.015144070787026192-0.013651532177051486j)
F_swave: (0.01456297507258918+0.013127706915327372j), F_dwave: (2.3418766925686896e-17-2.7321894746634712e-17j)
F_px: (4.336808689942018e-18-3.382710778154774e-17j), F_py: (8.673617379884035e-18-8.673617379884035e-19j)
Free_energy = -20969.121805552644
------------------------------------------
[{'stable': {'F_onsite': np.complex128(-0.015144070787026192-0.013651532177051486j), 'F_swave': np.complex128(0.01456297507258918+0.013127706915327372j)}, 'free': np.float64(-20969.121805552644)}]
------------------------------------------
  Seed: s-wave
F_onsite: (-0.020388899204800918+0j)
F_swave: (0.019606553287602375+0j), F_dwave: (5.204170427930421e-18+0j)
F_px: 7.995991022080595e-19j, F_py: -5.137254825097332e-19j
Free_energy = -20969.121805552644
------------------------------------------
[{'stable': {'F_onsite': np.complex128(-0.015144070787026192-0.013651532177051486j), 'F_swave': np.complex128(0.01456297507258918+0.013127706915327372j)}, 'free': np.float64(-20969.121805552644)}, {'stable': {'F_onsite': np.complex128(-0.020388899204800918+0j), 'F_swave': np.complex128(0.019606553287602375+0j)}, 'free': np.float64(-20969.121805552644)}]
------------------------------------------
  Seed: s-wave+px
F_onsite: (-0.020388899204800918+0j)
F_swave: (0.019606553287602375+0j), F_dwave: (5.204170427930421e-18+0j)
F_px: 7.995991022080595e-19j, F_py: -5.137254825097332e-19j
Free_energy = -20969.121805552644
------------------------------------------
[{'stable': {'F_onsite': np.complex128(-0.015144070787026192-0.013651532177051486j), 'F_swave': np.complex128(0.01456297507258918+0.013127706915327372j)}, 'free': np.float64(-20969.121805552644)}, {'stable': {'F_onsite': np.complex128(-0.020388899204800918+0j), 'F_swave': np.complex128(0.019606553287602375+0j)}, 'free': np.float64(-20969.121805552644)}]
------------------------------------------
  Seed: s-wave+py
F_onsite: (-0.020388899204800918-3.7628557189989396e-18j)
F_swave: (0.019606553287602364+2.9698033921919838e-18j), F_dwave: (6.938893903907228e-18-6.292396006915384e-19j)
F_px: (3.469446951953614e-18+5.867820742104166e-19j), F_py: (3.469446951953614e-18-3.5998900258307764e-19j)
Free_energy = -20969.121805552644
------------------------------------------
[{'stable': {'F_onsite': np.complex128(-0.015144070787026192-0.013651532177051486j), 'F_swave': np.complex128(0.01456297507258918+0.013127706915327372j)}, 'free': np.float64(-20969.121805552644)}, {'stable': {'F_onsite': np.complex128(-0.020388899204800918+0j), 'F_swave': np.complex128(0.019606553287602375+0j)}, 'free': np.float64(-20969.121805552644)}]
------------------------------------------
====================================
mu=3.72, T=0.0520
====================================
  Seed: normal state
F_onsite: 0j
F_swave: 0j, F_dwave: 0j
F_px: 0j, F_py: 0j
Free_energy = -20955.682495069348
------------------------------------------
[{'stable': {}, 'free': np.float64(-20955.682495069348)}]
------------------------------------------
  Seed: px+i*py
F_onsite: (-0.014406217930816704-0.012986399125963378j)
F_swave: (0.013853035206993422+0.012487735862943463j), F_dwave: (-2.6020852139652106e-18+4.90059381963448e-17j)
F_px: (-4.9439619065339e-17+5.117434254131581e-17j), F_py: (3.469446951953614e-18-2.6020852139652106e-18j)
Free_energy = -20968.13800087426
------------------------------------------
[{'stable': {'F_onsite': np.complex128(-0.014406217930816704-0.012986399125963378j), 'F_swave': np.complex128(0.013853035206993422+0.012487735862943463j)}, 'free': np.float64(-20968.13800087426)}]
------------------------------------------
  Seed: s-wave
F_onsite: (-0.019395506627283544+0j)
F_swave: (0.018650740774265238+0j), F_dwave: (1.5612511283791264e-17+0j)
F_px: 3.2526065174565133e-19j, F_py: -1.3552527156068805e-19j
Free_energy = -20968.13800087426
------------------------------------------
[{'stable': {'F_onsite': np.complex128(-0.014406217930816704-0.012986399125963378j), 'F_swave': np.complex128(0.013853035206993422+0.012487735862943463j)}, 'free': np.float64(-20968.13800087426)}, {'stable': {'F_onsite': np.complex128(-0.019395506627283544+0j), 'F_swave': np.complex128(0.018650740774265238+0j)}, 'free': np.float64(-20968.13800087426)}]
------------------------------------------
  Seed: s-wave+px
F_onsite: (-0.019395506627283544+0j)
F_swave: (0.018650740774265238+0j), F_dwave: (1.5612511283791264e-17+0j)
F_px: 3.2526065174565133e-19j, F_py: -1.3552527156068805e-19j
Free_energy = -20968.13800087426
------------------------------------------
[{'stable': {'F_onsite': np.complex128(-0.014406217930816704-0.012986399125963378j), 'F_swave': np.complex128(0.013853035206993422+0.012487735862943463j)}, 'free': np.float64(-20968.13800087426)}, {'stable': {'F_onsite': np.complex128(-0.019395506627283544+0j), 'F_swave': np.complex128(0.018650740774265238+0j)}, 'free': np.float64(-20968.13800087426)}]
------------------------------------------
  Seed: s-wave+py
F_onsite: (-0.019395506627283548-9.866423208732698e-19j)
F_swave: (0.018650740774265238+1.2037396971667676e-18j), F_dwave: (1.5612511283791264e-17+4.568683959252882e-19j)
F_px: -3.993760346304026e-19j, F_py: -6.405686663610646e-19j
Free_energy = -20968.13800087426
------------------------------------------
[{'stable': {'F_onsite': np.complex128(-0.014406217930816704-0.012986399125963378j), 'F_swave': np.complex128(0.013853035206993422+0.012487735862943463j)}, 'free': np.float64(-20968.13800087426)}, {'stable': {'F_onsite': np.complex128(-0.019395506627283544+0j), 'F_swave': np.complex128(0.018650740774265238+0j)}, 'free': np.float64(-20968.13800087426)}]
------------------------------------------
====================================
mu=3.72, T=0.0550
====================================
  Seed: normal state
F_onsite: 0j
F_swave: 0j, F_dwave: 0j
F_px: 0j, F_py: 0j
Free_energy = -20956.167394828713
------------------------------------------
[{'stable': {}, 'free': np.float64(-20956.167394828713)}]
------------------------------------------
  Seed: px+i*py
F_onsite: (-0.013528401483238632-0.012195096731238288j)
F_swave: (0.013008511857307099+0.011726445332500668j), F_dwave: (-5.204170427930421e-18+9.107298248878237e-18j)
F_px: (-2.949029909160572e-17-2.0816681711721685e-17j), F_py: (3.469446951953614e-18+2.6020852139652106e-18j)
Free_energy = -20967.04632625017
------------------------------------------
[{'stable': {'F_onsite': np.complex128(-0.013528401483238632-0.012195096731238288j), 'F_swave': np.complex128(0.013008511857307099+0.011726445332500668j)}, 'free': np.float64(-20967.04632625017)}]
------------------------------------------
  Seed: s-wave
F_onsite: (-0.01821367703062582+0j)
F_swave: (0.017513734635360337+0j), F_dwave: (-3.2959746043559335e-17+0j)
F_px: -6.467096552286583e-19j, F_py: -3.4813054132151744e-19j
Free_energy = -20967.04632625017
------------------------------------------
[{'stable': {'F_onsite': np.complex128(-0.013528401483238632-0.012195096731238288j), 'F_swave': np.complex128(0.013008511857307099+0.011726445332500668j)}, 'free': np.float64(-20967.04632625017)}, {'stable': {'F_onsite': np.complex128(-0.01821367703062582+0j), 'F_swave': np.complex128(0.017513734635360337+0j)}, 'free': np.float64(-20967.04632625017)}]
------------------------------------------
  Seed: s-wave+px
F_onsite: (-0.01821367703062582+0j)
F_swave: (0.017513734635360337+0j), F_dwave: (-3.2959746043559335e-17+0j)
F_px: -6.467096552286583e-19j, F_py: -3.4813054132151744e-19j
Free_energy = -20967.04632625017
------------------------------------------
[{'stable': {'F_onsite': np.complex128(-0.013528401483238632-0.012195096731238288j), 'F_swave': np.complex128(0.013008511857307099+0.011726445332500668j)}, 'free': np.float64(-20967.04632625017)}, {'stable': {'F_onsite': np.complex128(-0.01821367703062582+0j), 'F_swave': np.complex128(0.017513734635360337+0j)}, 'free': np.float64(-20967.04632625017)}]
------------------------------------------
  Seed: s-wave+py
F_onsite: (-0.01821367703062582-1.5663593225302593e-18j)
F_swave: (0.017513734635360337+1.4986130419296709e-18j), F_dwave: (-3.2959746043559335e-17-4.341043854678289e-20j)
F_px: 8.440683319389103e-19j, F_py: -3.5575383784680614e-19j
Free_energy = -20967.04632625017
------------------------------------------
[{'stable': {'F_onsite': np.complex128(-0.013528401483238632-0.012195096731238288j), 'F_swave': np.complex128(0.013008511857307099+0.011726445332500668j)}, 'free': np.float64(-20967.04632625017)}, {'stable': {'F_onsite': np.complex128(-0.01821367703062582+0j), 'F_swave': np.complex128(0.017513734635360337+0j)}, 'free': np.float64(-20967.04632625017)}]
------------------------------------------
====================================
mu=3.72, T=0.0580
====================================
  Seed: normal state
F_onsite: 0j
F_swave: 0j, F_dwave: 0j
F_px: 0j, F_py: 0j
Free_energy = -20956.677982024063
------------------------------------------
[{'stable': {}, 'free': np.float64(-20956.677982024063)}]
------------------------------------------
  Seed: px+i*py
F_onsite: (-0.012478721866244376-0.011248869308736519j)
F_swave: (0.011998753240051606+0.010816204456822326j), F_dwave: (2.992397996059992e-17-1.5178830414797062e-17j)
F_px: (-1.1275702593849246e-17-2.6020852139652106e-18j), F_py: (8.673617379884035e-19+8.673617379884035e-19j)
Free_energy = -20965.846751865574
------------------------------------------
[{'stable': {'F_onsite': np.complex128(-0.012478721866244376-0.011248869308736519j), 'F_swave': np.complex128(0.011998753240051606+0.010816204456822326j)}, 'free': np.float64(-20965.846751865574)}]
------------------------------------------
  Seed: s-wave
F_onsite: (-0.016800463093025533+0j)
F_swave: (0.016154267490896185+0j), F_dwave: (-2.2551405187698492e-17+0j)
F_px: 2.217108739438131e-18j, F_py: -4.1081097941833566e-19j
Free_energy = -20965.84675186557
------------------------------------------
[{'stable': {'F_onsite': np.complex128(-0.012478721866244376-0.011248869308736519j), 'F_swave': np.complex128(0.011998753240051606+0.010816204456822326j)}, 'free': np.float64(-20965.846751865574)}, {'stable': {'F_onsite': np.complex128(-0.016800463093025533+0j), 'F_swave': np.complex128(0.016154267490896185+0j)}, 'free': np.float64(-20965.84675186557)}]
------------------------------------------
  Seed: s-wave+px
F_onsite: (-0.016800463093025533+0j)
F_swave: (0.016154267490896185+0j), F_dwave: (-2.2551405187698492e-17+0j)
F_px: 2.217108739438131e-18j, F_py: -4.1081097941833566e-19j
Free_energy = -20965.84675186557
------------------------------------------
[{'stable': {'F_onsite': np.complex128(-0.012478721866244376-0.011248869308736519j), 'F_swave': np.complex128(0.011998753240051606+0.010816204456822326j)}, 'free': np.float64(-20965.846751865574)}, {'stable': {'F_onsite': np.complex128(-0.016800463093025533+0j), 'F_swave': np.complex128(0.016154267490896185+0j)}, 'free': np.float64(-20965.84675186557)}]
------------------------------------------
  Seed: s-wave+py
F_onsite: (-0.016800463093025533+0j)
F_swave: (0.016154267490896185+0j), F_dwave: (-2.2551405187698492e-17+0j)
F_px: 2.217108739438131e-18j, F_py: -4.1081097941833566e-19j
Free_energy = -20965.84675186557
------------------------------------------
[{'stable': {'F_onsite': np.complex128(-0.012478721866244376-0.011248869308736519j), 'F_swave': np.complex128(0.011998753240051606+0.010816204456822326j)}, 'free': np.float64(-20965.846751865574)}, {'stable': {'F_onsite': np.complex128(-0.016800463093025533+0j), 'F_swave': np.complex128(0.016154267490896185+0j)}, 'free': np.float64(-20965.84675186557)}]
------------------------------------------
====================================
mu=3.72, T=0.0610
====================================
  Seed: normal state
F_onsite: 0j
F_swave: 0j, F_dwave: 0j
F_px: 0j, F_py: 0j
Free_energy = -20957.213905614528
------------------------------------------
[{'stable': {}, 'free': np.float64(-20957.213905614528)}]
------------------------------------------
  Seed: px+i*py
F_onsite: (-0.011207228091312254-0.010102688838140732j)
F_swave: (0.010775761498370392+0.009713745854467278j), F_dwave: (2.47198095326695e-17+3.469446951953614e-18j)
F_px: (-8.673617379884035e-18-6.938893903907228e-18j), F_py: (-8.673617379884035e-19+0j)
Free_energy = -20964.54040788594
------------------------------------------
[{'stable': {'F_onsite': np.complex128(-0.011207228091312254-0.010102688838140732j), 'F_swave': np.complex128(0.010775761498370392+0.009713745854467278j)}, 'free': np.float64(-20964.54040788594)}]
------------------------------------------
  Seed: s-wave
F_onsite: (-0.015088614358216856+0j)
F_swave: (0.014507718442089394+0j), F_dwave: (-1.3877787807814457e-17+0j)
F_px: -6.619562482792357e-19j, F_py: -9.656175598699024e-20j
Free_energy = -20964.54040788594
------------------------------------------
[{'stable': {'F_onsite': np.complex128(-0.011207228091312254-0.010102688838140732j), 'F_swave': np.complex128(0.010775761498370392+0.009713745854467278j)}, 'free': np.float64(-20964.54040788594)}, {'stable': {'F_onsite': np.complex128(-0.015088614358216856+0j), 'F_swave': np.complex128(0.014507718442089394+0j)}, 'free': np.float64(-20964.54040788594)}]
------------------------------------------
  Seed: s-wave+px
F_onsite: (-0.015088614358216856+0j)
F_swave: (0.014507718442089394+0j), F_dwave: (-1.3877787807814457e-17+0j)
F_px: -6.619562482792357e-19j, F_py: -9.656175598699024e-20j
Free_energy = -20964.54040788594
------------------------------------------
[{'stable': {'F_onsite': np.complex128(-0.011207228091312254-0.010102688838140732j), 'F_swave': np.complex128(0.010775761498370392+0.009713745854467278j)}, 'free': np.float64(-20964.54040788594)}, {'stable': {'F_onsite': np.complex128(-0.015088614358216856+0j), 'F_swave': np.complex128(0.014507718442089394+0j)}, 'free': np.float64(-20964.54040788594)}]
------------------------------------------
  Seed: s-wave+py
F_onsite: (-0.015088614358216856+0j)
F_swave: (0.014507718442089394+0j), F_dwave: (-1.3877787807814457e-17+0j)
F_px: -6.619562482792357e-19j, F_py: -9.656175598699024e-20j
Free_energy = -20964.54040788594
------------------------------------------
[{'stable': {'F_onsite': np.complex128(-0.011207228091312254-0.010102688838140732j), 'F_swave': np.complex128(0.010775761498370392+0.009713745854467278j)}, 'free': np.float64(-20964.54040788594)}, {'stable': {'F_onsite': np.complex128(-0.015088614358216856+0j), 'F_swave': np.complex128(0.014507718442089394+0j)}, 'free': np.float64(-20964.54040788594)}]
------------------------------------------
====================================
mu=3.72, T=0.0640
====================================
  Seed: normal state
F_onsite: 0j
F_swave: 0j, F_dwave: 0j
F_px: 0j, F_py: 0j
Free_energy = -20957.774801195013
------------------------------------------
[{'stable': {}, 'free': np.float64(-20957.774801195013)}]
------------------------------------------
  Seed: px+i*py
F_onsite: (-0.009624031706373149-0.008675525911109186j)
F_swave: (0.009253146773163166+0.008341193902833161j), F_dwave: (-4.336808689942018e-18+4.336808689942018e-18j)
F_px: (-1.9949319973733282e-17-8.673617379884035e-19j), F_py: (1.734723475976807e-18+3.469446951953614e-18j)
Free_energy = -20963.12778548444
------------------------------------------
[{'stable': {'F_onsite': np.complex128(-0.009624031706373149-0.008675525911109186j), 'F_swave': np.complex128(0.009253146773163166+0.008341193902833161j)}, 'free': np.float64(-20963.12778548444)}]
------------------------------------------
  Seed: s-wave
F_onsite: (-0.012957111411097804+0j)
F_swave: (0.012457778330439068+0j), F_dwave: (1.214306433183765e-17+0j)
F_px: 3.55330321373179e-19j, F_py: -4.629035056744751e-19j
Free_energy = -20963.127785484445
------------------------------------------
[{'stable': {'F_onsite': np.complex128(-0.009624031706373149-0.008675525911109186j), 'F_swave': np.complex128(0.009253146773163166+0.008341193902833161j)}, 'free': np.float64(-20963.12778548444)}, {'stable': {'F_onsite': np.complex128(-0.012957111411097804+0j), 'F_swave': np.complex128(0.012457778330439068+0j)}, 'free': np.float64(-20963.127785484445)}]
------------------------------------------
  Seed: s-wave+px
F_onsite: (-0.012957111411097804+0j)
F_swave: (0.012457778330439068+0j), F_dwave: (1.214306433183765e-17+0j)
F_px: 3.55330321373179e-19j, F_py: -4.629035056744751e-19j
Free_energy = -20963.127785484445
------------------------------------------
[{'stable': {'F_onsite': np.complex128(-0.009624031706373149-0.008675525911109186j), 'F_swave': np.complex128(0.009253146773163166+0.008341193902833161j)}, 'free': np.float64(-20963.12778548444)}, {'stable': {'F_onsite': np.complex128(-0.012957111411097804+0j), 'F_swave': np.complex128(0.012457778330439068+0j)}, 'free': np.float64(-20963.127785484445)}]
------------------------------------------
  Seed: s-wave+py
F_onsite: (-0.012957111411097804+0j)
F_swave: (0.012457778330439068+0j), F_dwave: (1.214306433183765e-17+0j)
F_px: 3.55330321373179e-19j, F_py: -4.629035056744751e-19j
Free_energy = -20963.127785484445
------------------------------------------
[{'stable': {'F_onsite': np.complex128(-0.009624031706373149-0.008675525911109186j), 'F_swave': np.complex128(0.009253146773163166+0.008341193902833161j)}, 'free': np.float64(-20963.12778548444)}, {'stable': {'F_onsite': np.complex128(-0.012957111411097804+0j), 'F_swave': np.complex128(0.012457778330439068+0j)}, 'free': np.float64(-20963.127785484445)}]
------------------------------------------
====================================
mu=3.72, T=0.0670
====================================
  Seed: normal state
F_onsite: 0j
F_swave: 0j, F_dwave: 0j
F_px: 0j, F_py: 0j
Free_energy = -20958.36029567599
------------------------------------------
[{'stable': {}, 'free': np.float64(-20958.36029567599)}]
------------------------------------------
  Seed: px+i*py
F_onsite: (-0.007534880571214063-0.006792273095837067j)
F_swave: (0.0072442040174293225+0.006530244452223954j), F_dwave: (1.951563910473908e-18-2.6020852139652106e-18j)
F_px: (8.239936510889834e-18+6.5052130349130266e-18j), F_py: (-3.903127820947816e-18+0j)
Free_energy = -20961.611768400417
------------------------------------------
[{'stable': {'F_onsite': np.complex128(-0.007534880571214063-0.006792273095837067j), 'F_swave': np.complex128(0.0072442040174293225+0.006530244452223954j)}, 'free': np.float64(-20961.611768400417)}]
------------------------------------------
  Seed: s-wave
F_onsite: (-0.010144426993718801+0j)
F_swave: (0.009753080767221324+0j), F_dwave: (-3.469446951953614e-18+0j)
F_px: -2.3166351107405114e-19j, F_py: -2.727446090158847e-19j
Free_energy = -20961.61176840042
------------------------------------------
[{'stable': {'F_onsite': np.complex128(-0.007534880571214063-0.006792273095837067j), 'F_swave': np.complex128(0.0072442040174293225+0.006530244452223954j)}, 'free': np.float64(-20961.611768400417)}, {'stable': {'F_onsite': np.complex128(-0.010144426993718801+0j), 'F_swave': np.complex128(0.009753080767221324+0j)}, 'free': np.float64(-20961.61176840042)}]
------------------------------------------
  Seed: s-wave+px
F_onsite: (-0.010144426993718801+0j)
F_swave: (0.009753080767221324+0j), F_dwave: (-3.469446951953614e-18+0j)
F_px: -2.3166351107405114e-19j, F_py: -2.727446090158847e-19j
Free_energy = -20961.61176840042
------------------------------------------
[{'stable': {'F_onsite': np.complex128(-0.007534880571214063-0.006792273095837067j), 'F_swave': np.complex128(0.0072442040174293225+0.006530244452223954j)}, 'free': np.float64(-20961.611768400417)}, {'stable': {'F_onsite': np.complex128(-0.010144426993718801+0j), 'F_swave': np.complex128(0.009753080767221324+0j)}, 'free': np.float64(-20961.61176840042)}]
------------------------------------------
  Seed: s-wave+py
F_onsite: (-0.010144426993718801+0j)
F_swave: (0.009753080767221324+0j), F_dwave: (-3.469446951953614e-18+0j)
F_px: -2.3166351107405114e-19j, F_py: -2.727446090158847e-19j
Free_energy = -20961.61176840042
------------------------------------------
[{'stable': {'F_onsite': np.complex128(-0.007534880571214063-0.006792273095837067j), 'F_swave': np.complex128(0.0072442040174293225+0.006530244452223954j)}, 'free': np.float64(-20961.611768400417)}, {'stable': {'F_onsite': np.complex128(-0.010144426993718801+0j), 'F_swave': np.complex128(0.009753080767221324+0j)}, 'free': np.float64(-20961.61176840042)}]
------------------------------------------
====================================
mu=3.72, T=0.0700
====================================
  Seed: normal state
F_onsite: 0j
F_swave: 0j, F_dwave: 0j
F_px: 0j, F_py: 0j
Free_energy = -20958.97001156338
------------------------------------------
[{'stable': {}, 'free': np.float64(-20958.97001156338)}]
------------------------------------------
  Seed: px+i*py
F_onsite: (-0.004257423152006675-0.003837828676866304j)
F_swave: (0.004093012067717706+0.0036896212867266473j), F_dwave: (3.469446951953614e-18+4.336808689942018e-19j)
F_px: (3.469446951953614e-18-3.903127820947816e-18j), F_py: (8.673617379884035e-19+0j)
Free_energy = -20959.998877805927
------------------------------------------
[{'stable': {'F_onsite': np.complex128(-0.004257423152006675-0.003837828676866304j), 'F_swave': np.complex128(0.004093012067717706+0.0036896212867266473j)}, 'free': np.float64(-20959.998877805927)}]
------------------------------------------
  Seed: s-wave
F_onsite: (-0.005731891559356406+0j)
F_swave: (0.005510540175513624+0j), F_dwave: (-8.673617379884035e-19+0j)
F_px: -2.694623563452743e-19j, F_py: -1.0598499752519433e-19j
Free_energy = -20959.998877805927
------------------------------------------
[{'stable': {'F_onsite': np.complex128(-0.004257423152006675-0.003837828676866304j), 'F_swave': np.complex128(0.004093012067717706+0.0036896212867266473j)}, 'free': np.float64(-20959.998877805927)}, {'stable': {'F_onsite': np.complex128(-0.005731891559356406+0j), 'F_swave': np.complex128(0.005510540175513624+0j)}, 'free': np.float64(-20959.998877805927)}]
------------------------------------------
  Seed: s-wave+px
F_onsite: (-0.005731891559356406+0j)
F_swave: (0.005510540175513624+0j), F_dwave: (-8.673617379884035e-19+0j)
F_px: -2.694623563452743e-19j, F_py: -1.0598499752519433e-19j
Free_energy = -20959.998877805927
------------------------------------------
[{'stable': {'F_onsite': np.complex128(-0.004257423152006675-0.003837828676866304j), 'F_swave': np.complex128(0.004093012067717706+0.0036896212867266473j)}, 'free': np.float64(-20959.998877805927)}, {'stable': {'F_onsite': np.complex128(-0.005731891559356406+0j), 'F_swave': np.complex128(0.005510540175513624+0j)}, 'free': np.float64(-20959.998877805927)}]
------------------------------------------
  Seed: s-wave+py
F_onsite: (-0.005731891559356406+0j)
F_swave: (0.005510540175513624+0j), F_dwave: (-8.673617379884035e-19+0j)
F_px: -2.694623563452743e-19j, F_py: -1.0598499752519433e-19j
Free_energy = -20959.998877805927
------------------------------------------
[{'stable': {'F_onsite': np.complex128(-0.004257423152006675-0.003837828676866304j), 'F_swave': np.complex128(0.004093012067717706+0.0036896212867266473j)}, 'free': np.float64(-20959.998877805927)}, {'stable': {'F_onsite': np.complex128(-0.005731891559356406+0j), 'F_swave': np.complex128(0.005510540175513624+0j)}, 'free': np.float64(-20959.998877805927)}]
------------------------------------------
====================================
mu=3.72, T=0.0730
====================================
  Seed: normal state
F_onsite: 0j
F_swave: 0j, F_dwave: 0j
F_px: 0j, F_py: 0j
Free_energy = -20959.60357075061
------------------------------------------
[{'stable': {}, 'free': np.float64(-20959.60357075061)}]
------------------------------------------
  Seed: px+i*py
F_onsite: (-6.915780950028485e-14-6.234182717962128e-14j)
F_swave: (6.65088570470487e-14+5.995394454436578e-14j), F_dwave: (7.279639609162471e-22-4.226835785061997e-22j)
F_px: (1.3952048992692255e-21+2.466119928186173e-20j), F_py: (4.860744712218521e-21+5.389888904379384e-20j)
Free_energy = -20959.60357075061
------------------------------------------
[{'stable': {}, 'free': np.float64(-20959.60357075061)}]
------------------------------------------
  Seed: s-wave
F_onsite: (-9.03683715357302e-14+0j)
F_swave: (8.690698911921026e-14+0j), F_dwave: (8.539856769721052e-22+0j)
F_px: 2.4649898355271688e-21j, F_py: -4.5196237386900925e-22j
Free_energy = -20959.603570750605
------------------------------------------
[{'stable': {}, 'free': np.float64(-20959.60357075061)}]
------------------------------------------
  Seed: s-wave+px
F_onsite: (-9.03683715357302e-14+0j)
F_swave: (8.690698911921026e-14+0j), F_dwave: (8.539856769721052e-22+0j)
F_px: 2.4649898355271688e-21j, F_py: -4.5196237386900925e-22j
Free_energy = -20959.603570750605
------------------------------------------
[{'stable': {}, 'free': np.float64(-20959.60357075061)}]
------------------------------------------
  Seed: s-wave+py
F_onsite: (-9.03683715357302e-14+0j)
F_swave: (8.690698911921026e-14+0j), F_dwave: (8.539856769721052e-22+0j)
F_px: 2.4649898355271688e-21j, F_py: -4.5196237386900925e-22j
Free_energy = -20959.603570750605
------------------------------------------
[{'stable': {}, 'free': np.float64(-20959.60357075061)}]
------------------------------------------
====================================
mu=3.72, T=0.0760
====================================
  Seed: normal state
F_onsite: 0j
F_swave: 0j, F_dwave: 0j
F_px: 0j, F_py: 0j
Free_energy = -20960.26059778416
------------------------------------------
[{'stable': {}, 'free': np.float64(-20960.26059778416)}]
------------------------------------------
  Seed: px+i*py
F_onsite: (-2.6124453846133138e-14-2.3549750716640682e-14j)
F_swave: (2.5139604364455678e-14+2.266196469332764e-14j), F_dwave: (1.6161602650061024e-21-1.4523916918972164e-23j)
F_px: (6.96812179823815e-22-2.628322074710602e-20j), F_py: (-1.601860328732861e-20-3.700946451297649e-20j)
Free_energy = -20960.26059778416
------------------------------------------
[{'stable': {}, 'free': np.float64(-20960.26059778416)}]
------------------------------------------
  Seed: s-wave
F_onsite: (-3.5069364025945607e-14+0j)
F_swave: (3.3747381919217374e-14+0j), F_dwave: (6.484579550958307e-22+0j)
F_px: 8.134783699106692e-21j, F_py: 2.1228187126978513e-21j
Free_energy = -20960.26059778416
------------------------------------------
[{'stable': {}, 'free': np.float64(-20960.26059778416)}]
------------------------------------------
  Seed: s-wave+px
F_onsite: (-3.5069364025945607e-14+0j)
F_swave: (3.3747381919217374e-14+0j), F_dwave: (6.484579550958307e-22+0j)
F_px: 8.134783699106692e-21j, F_py: 2.1228187126978513e-21j
Free_energy = -20960.26059778416
------------------------------------------
[{'stable': {}, 'free': np.float64(-20960.26059778416)}]
------------------------------------------
  Seed: s-wave+py
F_onsite: (-3.5069364025945607e-14+0j)
F_swave: (3.3747381919217374e-14+0j), F_dwave: (6.484579550958307e-22+0j)
F_px: 8.134783699106692e-21j, F_py: 2.1228187126978513e-21j
Free_energy = -20960.26059778416
------------------------------------------
[{'stable': {}, 'free': np.float64(-20960.26059778416)}]
------------------------------------------
====================================
mu=3.72, T=0.0790
====================================
  Seed: normal state
F_onsite: 0j
F_swave: 0j, F_dwave: 0j
F_px: 0j, F_py: 0j
Free_energy = -20960.94072260739
------------------------------------------
[{'stable': {}, 'free': np.float64(-20960.94072260739)}]
------------------------------------------
  Seed: px+i*py
F_onsite: (-1.6146872685647415e-14-1.4555532702211243e-14j)
F_swave: (1.5547928947690445e-14+1.4015618766313667e-14j), F_dwave: (-3.441758351405734e-21-1.1645084282169116e-21j)
F_px: (4.915912680416863e-22+1.52628155065099e-20j), F_py: (-8.456792035652341e-21-3.839755788956085e-20j)
Free_energy = -20960.940722607385
------------------------------------------
[{'stable': {}, 'free': np.float64(-20960.94072260739)}]
------------------------------------------
  Seed: s-wave
F_onsite: (-2.1674861340067804e-14+0j)
F_swave: (2.0870867462828497e-14+0j), F_dwave: (-2.1953285388725896e-22+0j)
F_px: 1.740293975832081e-21j, F_py: 6.4984189048322834e-21j
Free_energy = -20960.94072260739
------------------------------------------
[{'stable': {}, 'free': np.float64(-20960.94072260739)}]
------------------------------------------
  Seed: s-wave+px
F_onsite: (-2.1674861340067804e-14+0j)
F_swave: (2.0870867462828497e-14+0j), F_dwave: (-2.1953285388725896e-22+0j)
F_px: 1.740293975832081e-21j, F_py: 6.4984189048322834e-21j
Free_energy = -20960.94072260739
------------------------------------------
[{'stable': {}, 'free': np.float64(-20960.94072260739)}]
------------------------------------------
  Seed: s-wave+py
F_onsite: (-2.1674861340067804e-14+0j)
F_swave: (2.0870867462828497e-14+0j), F_dwave: (-2.1953285388725896e-22+0j)
F_px: 1.740293975832081e-21j, F_py: 6.4984189048322834e-21j
Free_energy = -20960.94072260739
------------------------------------------
[{'stable': {}, 'free': np.float64(-20960.94072260739)}]
------------------------------------------
====================================
mu=3.72, T=0.0820
====================================
  Seed: normal state
F_onsite: 0j
F_swave: 0j, F_dwave: 0j
F_px: 0j, F_py: 0j
Free_energy = -20961.643582809545
------------------------------------------
[{'stable': {}, 'free': np.float64(-20961.643582809545)}]
------------------------------------------
  Seed: px+i*py
F_onsite: (-1.1264147258198611e-14-1.0154057124544449e-14j)
F_swave: (1.085293954676859e-14+9.78337022288754e-15j), F_dwave: (-4.639830793233604e-22+4.420975704181423e-22j)
F_px: (-3.7022575141407545e-21+4.166599152833643e-21j), F_py: (-5.658121271514919e-21-2.755813600901575e-20j)
Free_energy = -20961.64358280954
------------------------------------------
[{'stable': {}, 'free': np.float64(-20961.643582809545)}]
------------------------------------------
  Seed: s-wave
F_onsite: (-1.5119880875704673e-14+0j)
F_swave: (1.4567911258667893e-14+0j), F_dwave: (1.6704681176490983e-21+0j)
F_px: -5.6285503707299194e-21j, F_py: 1.2874654258888346e-20j
Free_energy = -20961.643582809542
------------------------------------------
[{'stable': {}, 'free': np.float64(-20961.643582809545)}]
------------------------------------------
  Seed: s-wave+px
F_onsite: (-1.5119880875704673e-14+0j)
F_swave: (1.4567911258667893e-14+0j), F_dwave: (1.6704681176490983e-21+0j)
F_px: -5.6285503707299194e-21j, F_py: 1.2874654258888346e-20j
Free_energy = -20961.643582809542
------------------------------------------
[{'stable': {}, 'free': np.float64(-20961.643582809545)}]
------------------------------------------
  Seed: s-wave+py
F_onsite: (-1.5119880875704673e-14+0j)
F_swave: (1.4567911258667893e-14+0j), F_dwave: (1.6704681176490983e-21+0j)
F_px: -5.6285503707299194e-21j, F_py: 1.2874654258888346e-20j
Free_energy = -20961.643582809542
------------------------------------------
[{'stable': {}, 'free': np.float64(-20961.643582809545)}]
------------------------------------------
====================================
mu=3.72, T=0.0850
====================================
  Seed: normal state
F_onsite: 0j
F_swave: 0j, F_dwave: 0j
F_px: 0j, F_py: 0j
Free_energy = -20962.368825421287
------------------------------------------
[{'stable': {}, 'free': np.float64(-20962.368825421287)}]
------------------------------------------
  Seed: px+i*py
F_onsite: (-8.968597702506121e-15-8.084759716288848e-15j)
F_swave: (8.646796103920767e-15+7.79467601801477e-15j), F_dwave: (-1.9630582840034726e-21+8.982461068491537e-22j)
F_px: (-3.691888304361945e-21+1.2657853739122678e-21j), F_py: (-5.516452245390791e-23+1.762748611247996e-20j)
Free_energy = -20962.368825421287
------------------------------------------
[{'stable': {}, 'free': np.float64(-20962.368825421287)}]
------------------------------------------
  Seed: s-wave
F_onsite: (-1.2038382960229116e-14+0j)
F_swave: (1.160644068366834e-14+0j), F_dwave: (6.311352093833714e-22+0j)
F_px: 1.4759933623972695e-20j, F_py: -2.979742343904011e-21j
Free_energy = -20962.368825421287
------------------------------------------
[{'stable': {}, 'free': np.float64(-20962.368825421287)}]
------------------------------------------
  Seed: s-wave+px
F_onsite: (-1.2038382960229116e-14+0j)
F_swave: (1.160644068366834e-14+0j), F_dwave: (6.311352093833714e-22+0j)
F_px: 1.4759933623972695e-20j, F_py: -2.979742343904011e-21j
Free_energy = -20962.368825421287
------------------------------------------
[{'stable': {}, 'free': np.float64(-20962.368825421287)}]
------------------------------------------
  Seed: s-wave+py
F_onsite: (-1.2038382960229116e-14+0j)
F_swave: (1.160644068366834e-14+0j), F_dwave: (6.311352093833714e-22+0j)
F_px: 1.4759933623972695e-20j, F_py: -2.979742343904011e-21j
Free_energy = -20962.368825421287
------------------------------------------
[{'stable': {}, 'free': np.float64(-20962.368825421287)}]
------------------------------------------
====================================
mu=3.72, T=0.0880
====================================
  Seed: normal state
F_onsite: 0j
F_swave: 0j, F_dwave: 0j
F_px: 0j, F_py: 0j
Free_energy = -20963.11610830408
------------------------------------------
[{'stable': {}, 'free': np.float64(-20963.11610830408)}]
------------------------------------------
  Seed: px+i*py
F_onsite: (-7.46871835206333e-15-6.732799130670452e-15j)
F_swave: (7.20510436573356e-15+6.495164092631017e-15j), F_dwave: (-7.4375751238571e-22-1.2143763409435089e-21j)
F_px: (-1.513631950045655e-22+5.312422810581677e-21j), F_py: (-7.955253384634833e-21-1.0113261426841005e-20j)
Free_energy = -20963.11610830408
------------------------------------------
[{'stable': {}, 'free': np.float64(-20963.11610830408)}]
------------------------------------------
  Seed: s-wave
F_onsite: (-1.0025048174243803e-14+0j)
F_swave: (9.671210304111522e-15+0j), F_dwave: (-2.3173742823701634e-22+0j)
F_px: -2.3204836655895496e-21j, F_py: 3.924078492242343e-21j
Free_energy = -20963.11610830408
------------------------------------------
[{'stable': {}, 'free': np.float64(-20963.11610830408)}]
------------------------------------------
  Seed: s-wave+px
F_onsite: (-1.0025048174243803e-14+0j)
F_swave: (9.671210304111522e-15+0j), F_dwave: (-2.3173742823701634e-22+0j)
F_px: -2.3204836655895496e-21j, F_py: 3.924078492242343e-21j
Free_energy = -20963.11610830408
------------------------------------------
[{'stable': {}, 'free': np.float64(-20963.11610830408)}]
------------------------------------------
  Seed: s-wave+py
F_onsite: (-1.0025048174243803e-14+0j)
F_swave: (9.671210304111522e-15+0j), F_dwave: (-2.3173742823701634e-22+0j)
F_px: -2.3204836655895496e-21j, F_py: 3.924078492242343e-21j
Free_energy = -20963.11610830408
------------------------------------------
[{'stable': {}, 'free': np.float64(-20963.11610830408)}]
------------------------------------------
====================================
mu=3.72, T=0.0910
====================================
  Seed: normal state
F_onsite: 0j
F_swave: 0j, F_dwave: 0j
F_px: 0j, F_py: 0j
Free_energy = -20963.885101187774
------------------------------------------
[{'stable': {}, 'free': np.float64(-20963.885101187774)}]
------------------------------------------
  Seed: px+i*py
F_onsite: (-6.034713413906152e-15-5.440091547489409e-15j)
F_swave: (5.825373163802646e-15+5.251375358804609e-15j), F_dwave: (1.8870639607391157e-21+4.620809147998191e-22j)
F_px: (1.0437857840810215e-20+1.4348807074066924e-20j), F_py: (-3.701308754285489e-20+2.5212426328079506e-20j)
Free_energy = -20963.88510118777
------------------------------------------
[{'stable': {}, 'free': np.float64(-20963.885101187774)}]
------------------------------------------
  Seed: s-wave
F_onsite: (-8.099956023618644e-15+0j)
F_swave: (7.818973478308466e-15+0j), F_dwave: (-1.332593089685646e-22+0j)
F_px: 1.9248528281509392e-22j, F_py: -1.462579579520985e-21j
Free_energy = -20963.885101187774
------------------------------------------
[{'stable': {}, 'free': np.float64(-20963.885101187774)}]
------------------------------------------
  Seed: s-wave+px
F_onsite: (-8.099956023618644e-15+0j)
F_swave: (7.818973478308466e-15+0j), F_dwave: (-1.332593089685646e-22+0j)
F_px: 1.9248528281509392e-22j, F_py: -1.462579579520985e-21j
Free_energy = -20963.885101187774
------------------------------------------
[{'stable': {}, 'free': np.float64(-20963.885101187774)}]
------------------------------------------
  Seed: s-wave+py
F_onsite: (-8.099956023618644e-15+0j)
F_swave: (7.818973478308466e-15+0j), F_dwave: (-1.332593089685646e-22+0j)
F_px: 1.9248528281509392e-22j, F_py: -1.462579579520985e-21j
Free_energy = -20963.885101187774
------------------------------------------
[{'stable': {}, 'free': np.float64(-20963.885101187774)}]
------------------------------------------
====================================
mu=3.72, T=0.0940
====================================
  Seed: normal state
F_onsite: 0j
F_swave: 0j, F_dwave: 0j
F_px: 0j, F_py: 0j
Free_energy = -20964.675486401153
------------------------------------------
[{'stable': {}, 'free': np.float64(-20964.675486401153)}]
------------------------------------------
  Seed: px+i*py
F_onsite: (-4.734844596227118e-15-4.268084385661358e-15j)
F_swave: (4.573260201332892e-15+4.122435646076147e-15j), F_dwave: (7.259606654107326e-22-9.758551433867354e-22j)
F_px: (-2.032655718410174e-20-5.140932565982052e-21j), F_py: (-2.1425128639240305e-20-7.511997414299762e-20j)
Free_energy = -20964.67548640115
------------------------------------------
[{'stable': {}, 'free': np.float64(-20964.675486401153)}]
------------------------------------------
  Seed: s-wave
F_onsite: (-6.354679100276578e-15+0j)
F_swave: (6.1378191058718556e-15+0j), F_dwave: (4.564168773286837e-22+0j)
F_px: -4.023898454471593e-21j, F_py: -6.6634555611306305e-21j
Free_energy = -20964.675486401153
------------------------------------------
[{'stable': {}, 'free': np.float64(-20964.675486401153)}]
------------------------------------------
  Seed: s-wave+px
F_onsite: (-6.354679100276578e-15+0j)
F_swave: (6.1378191058718556e-15+0j), F_dwave: (4.564168773286837e-22+0j)
F_px: -4.023898454471593e-21j, F_py: -6.6634555611306305e-21j
Free_energy = -20964.675486401153
------------------------------------------
[{'stable': {}, 'free': np.float64(-20964.675486401153)}]
------------------------------------------
  Seed: s-wave+py
F_onsite: (-6.354679100276578e-15+0j)
F_swave: (6.1378191058718556e-15+0j), F_dwave: (4.564168773286837e-22+0j)
F_px: -4.023898454471593e-21j, F_py: -6.6634555611306305e-21j
Free_energy = -20964.675486401153
------------------------------------------
[{'stable': {}, 'free': np.float64(-20964.675486401153)}]
------------------------------------------
====================================
mu=3.72, T=0.0970
====================================
  Seed: normal state
F_onsite: 0j
F_swave: 0j, F_dwave: 0j
F_px: 0j, F_py: 0j
Free_energy = -20965.4869593463
------------------------------------------
[{'stable': {}, 'free': np.float64(-20965.4869593463)}]
------------------------------------------
  Seed: px+i*py
F_onsite: (-3.608730360599991e-15-3.25294383196424e-15j)
F_swave: (3.488051774033043e-15+3.1441634187379294e-15j), F_dwave: (-4.332803956694476e-21-9.640577623715665e-22j)
F_px: (-1.1797140595016912e-20-1.5424818937276252e-20j), F_py: (8.584593369451127e-22-4.517620236596698e-20j)
Free_energy = -20965.486959346297
------------------------------------------
[{'stable': {}, 'free': np.float64(-20965.4869593463)}]
------------------------------------------
  Seed: s-wave
F_onsite: (-4.843217373901261e-15+0j)
F_swave: (4.681255550389119e-15+0j), F_dwave: (-3.3968287114956943e-22+0j)
F_px: -3.991310573575325e-21j, F_py: -1.9127430109524782e-21j
Free_energy = -20965.4869593463
------------------------------------------
[{'stable': {}, 'free': np.float64(-20965.4869593463)}]
------------------------------------------
  Seed: s-wave+px
F_onsite: (-4.843217373901261e-15+0j)
F_swave: (4.681255550389119e-15+0j), F_dwave: (-3.3968287114956943e-22+0j)
F_px: -3.991310573575325e-21j, F_py: -1.9127430109524782e-21j
Free_energy = -20965.4869593463
------------------------------------------
[{'stable': {}, 'free': np.float64(-20965.4869593463)}]
------------------------------------------
  Seed: s-wave+py
F_onsite: (-4.843217373901261e-15+0j)
F_swave: (4.681255550389119e-15+0j), F_dwave: (-3.3968287114956943e-22+0j)
F_px: -3.991310573575325e-21j, F_py: -1.9127430109524782e-21j
Free_energy = -20965.4869593463
------------------------------------------
[{'stable': {}, 'free': np.float64(-20965.4869593463)}]
------------------------------------------
====================================
mu=3.72, T=0.1000
====================================
  Seed: normal state
F_onsite: 0j
F_swave: 0j, F_dwave: 0j
F_px: 0j, F_py: 0j
Free_energy = -20966.319228755718
------------------------------------------
[{'stable': {}, 'free': np.float64(-20966.319228755718)}]
------------------------------------------
  Seed: px+i*py
F_onsite: (-2.6743257132329447e-15-2.410677770055214e-15j)
F_swave: (2.586347970635857e-15+2.3313710411849823e-15j), F_dwave: (-9.454013460288124e-22-8.304589620834517e-22j)
F_px: (4.823666433518114e-21+8.991210218295121e-21j), F_py: (4.0617871991485515e-21+1.6232985995348525e-20j)
Free_energy = -20966.319228755718
------------------------------------------
[{'stable': {}, 'free': np.float64(-20966.319228755718)}]
------------------------------------------
  Seed: s-wave
F_onsite: (-3.588912235618042e-15+0j)
F_swave: (3.4708397699609745e-15+0j), F_dwave: (-1.9146202244632925e-21+0j)
F_px: 1.1215960215867707e-20j, F_py: 1.9084179057086234e-21j
Free_energy = -20966.319228755718
------------------------------------------
[{'stable': {}, 'free': np.float64(-20966.319228755718)}]
------------------------------------------
  Seed: s-wave+px
F_onsite: (-3.588912235618042e-15+0j)
F_swave: (3.4708397699609745e-15+0j), F_dwave: (-1.9146202244632925e-21+0j)
F_px: 1.1215960215867707e-20j, F_py: 1.9084179057086234e-21j
Free_energy = -20966.319228755718
------------------------------------------
[{'stable': {}, 'free': np.float64(-20966.319228755718)}]
------------------------------------------
  Seed: s-wave+py
F_onsite: (-3.588912235618042e-15+0j)
F_swave: (3.4708397699609745e-15+0j), F_dwave: (-1.9146202244632925e-21+0j)
F_px: 1.1215960215867707e-20j, F_py: 1.9084179057086234e-21j
Free_energy = -20966.319228755718
------------------------------------------
[{'stable': {}, 'free': np.float64(-20966.319228755718)}]
------------------------------------------
