/home/emilssp/D1/venv/bin/python
Python 3.10.12
Running job 6 out of 25
====================================
mu=2.73, T=0.0010
====================================
  Seed: normal state
F_onsite: 0j
F_swave: 0j, F_dwave: 0j
F_px: 0j, F_py: 0j
Free_energy = -16131.782873898193
------------------------------------------
[{'stable': {}, 'free': np.float64(-16131.782873898193)}]
------------------------------------------
  Seed: px+i*py
F_onsite: (0.0019984365327664418+0.026354571572760162j)
F_swave: (-0.0015827010292254115-0.020872020136291605j), F_dwave: (5.919743861770854e-17+7.320533068622126e-16j)
F_px: (8.262225213891139e-11+9.63463775774387e-10j), F_py: (1.0389476082835886e-09+1.371094776950188e-08j)
Free_energy = -16148.539422351181
------------------------------------------
[{'stable': {'F_onsite': np.complex128(0.0019984365327664418+0.026354571572760162j), 'F_swave': np.complex128(-0.0015827010292254115-0.020872020136291605j)}, 'free': np.float64(-16148.539422351181)}]
------------------------------------------
  Seed: s-wave
F_onsite: (-0.026435110925347654+0j)
F_swave: (0.02093603589827516+0j), F_dwave: 0j
F_px: 5.697778877942865e-18j, F_py: -1.9498698445793994e-18j
Free_energy = -16148.547345978592
------------------------------------------
[{'stable': {'F_onsite': np.complex128(0.0019984365327664418+0.026354571572760162j), 'F_swave': np.complex128(-0.0015827010292254115-0.020872020136291605j)}, 'free': np.float64(-16148.539422351181)}, {'stable': {'F_onsite': np.complex128(-0.026435110925347654+0j), 'F_swave': np.complex128(0.02093603589827516+0j)}, 'free': np.float64(-16148.547345978592)}]
------------------------------------------
  Seed: s-wave+px
F_onsite: (-0.026434807850788618-4.00703753217604e-20j)
F_swave: (0.02093578151630066+5.300308667443784e-19j), F_dwave: (7.131621682088252e-14+4.710032582325944e-19j)
F_px: (1.3320742050723644e-07-1.3561526881133382e-18j), F_py: (3.469446951953614e-18-2.0984711872633257e-18j)
Free_energy = -16148.546853644635
------------------------------------------
[{'stable': {'F_onsite': np.complex128(0.0019984365327664418+0.026354571572760162j), 'F_swave': np.complex128(-0.0015827010292254115-0.020872020136291605j)}, 'free': np.float64(-16148.539422351181)}, {'stable': {'F_onsite': np.complex128(-0.026435110925347654+0j), 'F_swave': np.complex128(0.02093603589827516+0j)}, 'free': np.float64(-16148.547345978592)}]
------------------------------------------
  Seed: s-wave+py
F_onsite: (-0.026434807850788587-6.084136384220874e-18j)
F_swave: (0.020935781516300628+5.9851877448580896e-18j), F_dwave: (-7.130667584176464e-14+1.0199864871717878e-18j)
F_px: -1.980998305390995e-18j, F_py: (1.3320742038407107e-07-2.1964623113488076e-18j)
Free_energy = -16148.546853644637
------------------------------------------
[{'stable': {'F_onsite': np.complex128(0.0019984365327664418+0.026354571572760162j), 'F_swave': np.complex128(-0.0015827010292254115-0.020872020136291605j)}, 'free': np.float64(-16148.539422351181)}, {'stable': {'F_onsite': np.complex128(-0.026435110925347654+0j), 'F_swave': np.complex128(0.02093603589827516+0j)}, 'free': np.float64(-16148.547345978592)}]
------------------------------------------
====================================
mu=2.73, T=0.0040
====================================
  Seed: normal state
F_onsite: 0j
F_swave: 0j, F_dwave: 0j
F_px: 0j, F_py: 0j
Free_energy = -16131.801306546895
------------------------------------------
[{'stable': {}, 'free': np.float64(-16131.801306546895)}]
------------------------------------------
  Seed: px+i*py
F_onsite: (0.0019985283010458305+0.026355781775660145j)
F_swave: (-0.0015827780524760595-0.020873035887724625j), F_dwave: (2.927345865710862e-18+1.8735013540549517e-16j)
F_px: (3.469276818948708e-11+4.227081046304093e-10j), F_py: (4.5581851921411287e-10+6.0138344512572495e-09j)
Free_energy = -16148.541393408093
------------------------------------------
[{'stable': {'F_onsite': np.complex128(0.0019985283010458305+0.026355781775660145j), 'F_swave': np.complex128(-0.0015827780524760595-0.020873035887724625j)}, 'free': np.float64(-16148.541393408093)}]
------------------------------------------
  Seed: s-wave
F_onsite: (-0.026434046642561108+0j)
F_swave: (0.020935142607084428+0j), F_dwave: (-2.949029909160572e-17+0j)
F_px: -2.9893910290972395e-18j, F_py: -2.1062533024662246e-18j
Free_energy = -16148.545617132113
------------------------------------------
[{'stable': {'F_onsite': np.complex128(0.0019985283010458305+0.026355781775660145j), 'F_swave': np.complex128(-0.0015827780524760595-0.020873035887724625j)}, 'free': np.float64(-16148.541393408093)}, {'stable': {'F_onsite': np.complex128(-0.026434046642561108+0j), 'F_swave': np.complex128(0.020935142607084428+0j)}, 'free': np.float64(-16148.545617132113)}]
------------------------------------------
  Seed: s-wave+px
F_onsite: (-0.02643388509679093+1.3938652935453026e-18j)
F_swave: (0.02093500701616979-3.9556438636775826e-19j), F_dwave: (1.3660947373317356e-14+2.602508730438838e-19j)
F_px: (5.84230949018244e-08+4.971024609198675e-19j), F_py: (3.469446951953614e-18-1.7041244107572455e-18j)
Free_energy = -16148.545354723361
------------------------------------------
[{'stable': {'F_onsite': np.complex128(0.0019985283010458305+0.026355781775660145j), 'F_swave': np.complex128(-0.0015827780524760595-0.020873035887724625j)}, 'free': np.float64(-16148.541393408093)}, {'stable': {'F_onsite': np.complex128(-0.026434046642561108+0j), 'F_swave': np.complex128(0.020935142607084428+0j)}, 'free': np.float64(-16148.545617132113)}]
------------------------------------------
  Seed: s-wave+py
F_onsite: (-0.026433885096791034-7.332731681204943e-18j)
F_swave: (0.020935007016169783+6.103507659677675e-18j), F_dwave: (-1.3680896693291089e-14+2.8433837248142795e-19j)
F_px: (-1.734723475976807e-18-2.0655427814388148e-18j), F_py: (5.842309486712993e-08-2.06734272645173e-18j)
Free_energy = -16148.545354723363
------------------------------------------
[{'stable': {'F_onsite': np.complex128(0.0019985283010458305+0.026355781775660145j), 'F_swave': np.complex128(-0.0015827780524760595-0.020873035887724625j)}, 'free': np.float64(-16148.541393408093)}, {'stable': {'F_onsite': np.complex128(-0.026434046642561108+0j), 'F_swave': np.complex128(0.020935142607084428+0j)}, 'free': np.float64(-16148.545617132113)}]
------------------------------------------
====================================
mu=2.73, T=0.0070
====================================
  Seed: normal state
F_onsite: 0j
F_swave: 0j, F_dwave: 0j
F_px: 0j, F_py: 0j
Free_energy = -16131.853103964053
------------------------------------------
[{'stable': {}, 'free': np.float64(-16131.853103964053)}]
------------------------------------------
  Seed: px+i*py
F_onsite: (0.0019985740172984243+0.026356384663082724j)
F_swave: (-0.0015828167338905854-0.02087354600255228j), F_dwave: (-6.1257422745431e-18+5.898059818321144e-17j)
F_px: (1.478972814442786e-11+1.854355540648056e-10j), F_py: (1.9995858321995158e-10+2.637713641256978e-09j)
Free_energy = -16148.542420691556
------------------------------------------
[{'stable': {'F_onsite': np.complex128(0.0019985740172984243+0.026356384663082724j), 'F_swave': np.complex128(-0.0015828167338905854-0.02087354600255228j)}, 'free': np.float64(-16148.542420691556)}]
------------------------------------------
  Seed: s-wave
F_onsite: (-0.02643343703131167+0j)
F_swave: (0.020934635043685916+0j), F_dwave: (-3.122502256758253e-17+0j)
F_px: -2.3040354956501037e-18j, F_py: -2.190744838954841e-18j
Free_energy = -16148.544672185175
------------------------------------------
[{'stable': {'F_onsite': np.complex128(0.0019985740172984243+0.026356384663082724j), 'F_swave': np.complex128(-0.0015828167338905854-0.02087354600255228j)}, 'free': np.float64(-16148.542420691556)}, {'stable': {'F_onsite': np.complex128(-0.02643343703131167+0j), 'F_swave': np.complex128(0.020934635043685916+0j)}, 'free': np.float64(-16148.544672185175)}]
------------------------------------------
  Seed: s-wave+px
F_onsite: (-0.026433350918959403-8.935661506380874e-19j)
F_swave: (0.02093456276702769+1.9295939934044996e-18j), F_dwave: (2.6281060661048627e-15+1.21469818592187e-18j)
F_px: (2.562394260663403e-08-3.564102883809282e-18j), F_py: (-6.938893903907228e-18-1.6876072682857866e-18j)
Free_energy = -16148.544532314852
------------------------------------------
[{'stable': {'F_onsite': np.complex128(0.0019985740172984243+0.026356384663082724j), 'F_swave': np.complex128(-0.0015828167338905854-0.02087354600255228j)}, 'free': np.float64(-16148.542420691556)}, {'stable': {'F_onsite': np.complex128(-0.02643343703131167+0j), 'F_swave': np.complex128(0.020934635043685916+0j)}, 'free': np.float64(-16148.544672185175)}]
------------------------------------------
  Seed: s-wave+py
F_onsite: (-0.02643335091895934-8.21514546273639e-18j)
F_swave: (0.020934562767027654+6.497986785081763e-18j), F_dwave: (-2.6194324487249787e-15+1.9394407514163308e-19j)
F_px: 7.002315495832894e-19j, F_py: (2.562394258581735e-08-1.709312487559178e-18j)
Free_energy = -16148.544532314856
------------------------------------------
[{'stable': {'F_onsite': np.complex128(0.0019985740172984243+0.026356384663082724j), 'F_swave': np.complex128(-0.0015828167338905854-0.02087354600255228j)}, 'free': np.float64(-16148.542420691556)}, {'stable': {'F_onsite': np.complex128(-0.02643343703131167+0j), 'F_swave': np.complex128(0.020934635043685916+0j)}, 'free': np.float64(-16148.544672185175)}]
------------------------------------------
====================================
mu=2.73, T=0.0100
====================================
  Seed: normal state
F_onsite: 0j
F_swave: 0j, F_dwave: 0j
F_px: 0j, F_py: 0j
Free_energy = -16131.939596282531
------------------------------------------
[{'stable': {}, 'free': np.float64(-16131.939596282531)}]
------------------------------------------
  Seed: px+i*py
F_onsite: (0.001998447912484543+0.026354721643873005j)
F_swave: (-0.0015827255163388598-0.020872343062425684j), F_dwave: (4.87890977618477e-19+4.336808689942018e-17j)
F_px: (6.3688187753110914e-12+8.133739688720443e-11j), F_py: (8.770701363531447e-11+1.15684907139868e-09j)
Free_energy = -16148.541891052912
------------------------------------------
[{'stable': {'F_onsite': np.complex128(0.001998447912484543+0.026354721643873005j), 'F_swave': np.complex128(-0.0015827255163388598-0.020872343062425684j)}, 'free': np.float64(-16148.541891052912)}]
------------------------------------------
  Seed: s-wave
F_onsite: (-0.026431122716124255+0j)
F_swave: (0.02093288594226+0j), F_dwave: (-2.0816681711721685e-17+0j)
F_px: -3.48935222621409e-18j, F_py: -1.9075181972166844e-18j
Free_energy = -16148.543091697791
------------------------------------------
[{'stable': {'F_onsite': np.complex128(0.001998447912484543+0.026354721643873005j), 'F_swave': np.complex128(-0.0015827255163388598-0.020872343062425684j)}, 'free': np.float64(-16148.541891052912)}, {'stable': {'F_onsite': np.complex128(-0.026431122716124255+0j), 'F_swave': np.complex128(0.02093288594226+0j)}, 'free': np.float64(-16148.543091697791)}]
------------------------------------------
  Seed: s-wave+px
F_onsite: (-0.026431076766861253-2.8807450187035207e-18j)
F_swave: (0.02093284737973291+6.339776912402421e-19j), F_dwave: (5.065392549852277e-16-1.4089598984187235e-18j)
F_px: (1.1237952492193504e-08-6.1347949391668804e-18j), F_py: (-3.469446951953614e-18-1.774216387142539e-18j)
Free_energy = -16148.54301711234
------------------------------------------
[{'stable': {'F_onsite': np.complex128(0.001998447912484543+0.026354721643873005j), 'F_swave': np.complex128(-0.0015827255163388598-0.020872343062425684j)}, 'free': np.float64(-16148.541891052912)}, {'stable': {'F_onsite': np.complex128(-0.026431122716124255+0j), 'F_swave': np.complex128(0.02093288594226+0j)}, 'free': np.float64(-16148.543091697791)}]
------------------------------------------
  Seed: s-wave+py
F_onsite: (-0.026431076766861277-8.344091156234717e-18j)
F_swave: (0.020932847379732868+1.0454689439943414e-17j), F_dwave: (-5.429684479807406e-16+3.396734467387753e-18j)
F_px: (3.469446951953614e-18+5.035187354953188e-18j), F_py: (1.1237952596276912e-08-2.206891404511876e-18j)
Free_energy = -16148.54301711234
------------------------------------------
[{'stable': {'F_onsite': np.complex128(0.001998447912484543+0.026354721643873005j), 'F_swave': np.complex128(-0.0015827255163388598-0.020872343062425684j)}, 'free': np.float64(-16148.541891052912)}, {'stable': {'F_onsite': np.complex128(-0.026431122716124255+0j), 'F_swave': np.complex128(0.02093288594226+0j)}, 'free': np.float64(-16148.543091697791)}]
------------------------------------------
====================================
mu=2.73, T=0.0130
====================================
  Seed: normal state
F_onsite: 0j
F_swave: 0j, F_dwave: 0j
F_px: 0j, F_py: 0j
Free_energy = -16132.0599105506
------------------------------------------
[{'stable': {}, 'free': np.float64(-16132.0599105506)}]
------------------------------------------
  Seed: px+i*py
F_onsite: (0.001996229806062896+0.02632547015477802j)
F_swave: (-0.001580974087213354-0.020849245924495063j), F_dwave: (-5.204170427930421e-18-1.0408340855860843e-17j)
F_px: (2.2927254712812317e-13+3.007902954488273e-12j), F_py: (3.2434109651507947e-12+4.277401002839021e-11j)
Free_energy = -16148.511071599569
------------------------------------------
[{'stable': {'F_onsite': np.complex128(0.001996229806062896+0.02632547015477802j), 'F_swave': np.complex128(-0.001580974087213354-0.020849245924495063j)}, 'free': np.float64(-16148.511071599569)}]
------------------------------------------
  Seed: s-wave
F_onsite: (-0.026401108854596705+0j)
F_swave: (0.02090915312621637+0j), F_dwave: (-1.5612511283791264e-17+0j)
F_px: -1.98840984367947e-19j, F_py: -9.190307477709159e-19j
Free_energy = -16148.511170633463
------------------------------------------
[{'stable': {'F_onsite': np.complex128(0.001996229806062896+0.02632547015477802j), 'F_swave': np.complex128(-0.001580974087213354-0.020849245924495063j)}, 'free': np.float64(-16148.511071599569)}, {'stable': {'F_onsite': np.complex128(-0.026401108854596705+0j), 'F_swave': np.complex128(0.02090915312621637+0j)}, 'free': np.float64(-16148.511170633463)}]
------------------------------------------
  Seed: s-wave+px
F_onsite: (-0.02640110504710773-7.905985044077305e-19j)
F_swave: (0.020909149932850542+5.756647667777039e-19j), F_dwave: (-3.2959746043559335e-17+1.5490115022913017e-19j)
F_px: (4.15510775092498e-10+6.203457547453682e-19j), F_py: -1.938117262436246e-18j
Free_energy = -16148.511164481512
------------------------------------------
[{'stable': {'F_onsite': np.complex128(0.001996229806062896+0.02632547015477802j), 'F_swave': np.complex128(-0.001580974087213354-0.020849245924495063j)}, 'free': np.float64(-16148.511071599569)}, {'stable': {'F_onsite': np.complex128(-0.026401108854596705+0j), 'F_swave': np.complex128(0.02090915312621637+0j)}, 'free': np.float64(-16148.511170633463)}]
------------------------------------------
  Seed: s-wave+py
F_onsite: (-0.026401105047107746-9.391494804051357e-18j)
F_swave: (0.020909149932850552+6.328024330259268e-18j), F_dwave: (-5.204170427930421e-18-1.4933190860093315e-18j)
F_px: -2.249243051874591e-18j, F_py: (4.1551069182577116e-10-1.912865092696227e-18j)
Free_energy = -16148.511164481513
------------------------------------------
[{'stable': {'F_onsite': np.complex128(0.001996229806062896+0.02632547015477802j), 'F_swave': np.complex128(-0.001580974087213354-0.020849245924495063j)}, 'free': np.float64(-16148.511071599569)}, {'stable': {'F_onsite': np.complex128(-0.026401108854596705+0j), 'F_swave': np.complex128(0.02090915312621637+0j)}, 'free': np.float64(-16148.511170633463)}]
------------------------------------------
====================================
mu=2.73, T=0.0160
====================================
  Seed: normal state
F_onsite: 0j
F_swave: 0j, F_dwave: 0j
F_px: 0j, F_py: 0j
Free_energy = -16132.213595303145
------------------------------------------
[{'stable': {}, 'free': np.float64(-16132.213595303145)}]
------------------------------------------
  Seed: px+i*py
F_onsite: (0.0019887272657310166+0.026226529691615205j)
F_swave: (-0.0015750401196277862-0.02077099116339584j), F_dwave: (3.577867169202165e-18+1.474514954580286e-17j)
F_px: (1.6020171300645814e-15+2.1304139008471168e-14j), F_py: (2.3019997366646727e-14+3.036026291480809e-13j)
Free_energy = -16148.406916096725
------------------------------------------
[{'stable': {'F_onsite': np.complex128(0.0019887272657310166+0.026226529691615205j), 'F_swave': np.complex128(-0.0015750401196277862-0.02077099116339584j)}, 'free': np.float64(-16148.406916096725)}]
------------------------------------------
  Seed: s-wave
F_onsite: (-0.026301824644140298+0j)
F_swave: (0.02083062363123724+0j), F_dwave: (-2.0816681711721685e-17+0j)
F_px: -2.5538043359717155e-18j, F_py: -1.9278469879507876e-18j
Free_energy = -16148.40691863824
------------------------------------------
[{'stable': {'F_onsite': np.complex128(0.0019887272657310166+0.026226529691615205j), 'F_swave': np.complex128(-0.0015750401196277862-0.02077099116339584j)}, 'free': np.float64(-16148.406916096725)}, {'stable': {'F_onsite': np.complex128(-0.026301824644140298+0j), 'F_swave': np.complex128(0.02083062363123724+0j)}, 'free': np.float64(-16148.40691863824)}]
------------------------------------------
  Seed: s-wave+px
F_onsite: (-0.0263018245451724-3.0760109898902457e-18j)
F_swave: (0.02083062354836814+4.519185471397709e-18j), F_dwave: (-1.734723475976807e-17+1.1292537373675925e-18j)
F_px: (2.9493560371740557e-12-1.2137240980325276e-17j), F_py: (3.469446951953614e-18-2.2199674756351144e-18j)
Free_energy = -16148.406918480337
------------------------------------------
[{'stable': {'F_onsite': np.complex128(0.0019887272657310166+0.026226529691615205j), 'F_swave': np.complex128(-0.0015750401196277862-0.02077099116339584j)}, 'free': np.float64(-16148.406916096725)}, {'stable': {'F_onsite': np.complex128(-0.026301824644140298+0j), 'F_swave': np.complex128(0.02083062363123724+0j)}, 'free': np.float64(-16148.40691863824)}]
------------------------------------------
  Seed: s-wave+py
F_onsite: (-0.026301824545172405-1.1063549455155827e-17j)
F_swave: (0.02083062354836822+8.042604303959183e-18j), F_dwave: (3.5561831257524545e-17-9.93596116908896e-19j)
F_px: (1.734723475976807e-18+3.319098603815976e-18j), F_py: (2.9492814440645887e-12-2.1605163506497032e-18j)
Free_energy = -16148.406918480337
------------------------------------------
[{'stable': {'F_onsite': np.complex128(0.0019887272657310166+0.026226529691615205j), 'F_swave': np.complex128(-0.0015750401196277862-0.02077099116339584j)}, 'free': np.float64(-16148.406916096725)}, {'stable': {'F_onsite': np.complex128(-0.026301824644140298+0j), 'F_swave': np.complex128(0.02083062363123724+0j)}, 'free': np.float64(-16148.40691863824)}]
------------------------------------------
====================================
mu=2.73, T=0.0190
====================================
  Seed: normal state
F_onsite: 0j
F_swave: 0j, F_dwave: 0j
F_px: 0j, F_py: 0j
Free_energy = -16132.400326396604
------------------------------------------
[{'stable': {}, 'free': np.float64(-16132.400326396604)}]
------------------------------------------
  Seed: px+i*py
F_onsite: (0.0019724803183903588+0.026012271530544317j)
F_swave: (-0.001562191072948388-0.020601543140003162j), F_dwave: (3.63207727782644e-18-6.938893903907228e-18j)
F_px: (-1.2685165418080402e-17-1.3877787807814457e-17j), F_py: (5.063224145507306e-17+6.002143226879753e-16j)
Free_energy = -16148.185916929238
------------------------------------------
[{'stable': {'F_onsite': np.complex128(0.0019724803183903588+0.026012271530544317j), 'F_swave': np.complex128(-0.001562191072948388-0.020601543140003162j)}, 'free': np.float64(-16148.185916929238)}]
------------------------------------------
  Seed: s-wave
F_onsite: (-0.026086949799316986+0j)
F_swave: (0.020660687824709405+0j), F_dwave: (4.5102810375396984e-17+0j)
F_px: -5.732083712306664e-18j, F_py: -2.044208139079847e-18j
Free_energy = -16148.185916960607
------------------------------------------
[{'stable': {'F_onsite': np.complex128(0.0019724803183903588+0.026012271530544317j), 'F_swave': np.complex128(-0.001562191072948388-0.020601543140003162j)}, 'free': np.float64(-16148.185916929238)}, {'stable': {'F_onsite': np.complex128(-0.026086949799316986+0j), 'F_swave': np.complex128(0.020660687824709405+0j)}, 'free': np.float64(-16148.185916960607)}]
------------------------------------------
  Seed: s-wave+px
F_onsite: (-0.02608694979807059-3.3698809397369045e-18j)
F_swave: (0.020660687823668672+1.9964037171191825e-18j), F_dwave: (-1.5612511283791264e-17-6.858319894799663e-19j)
F_px: (6.071532165918825e-15-2.520134776318357e-18j), F_py: (3.469446951953614e-18-1.4700256799598382e-18j)
Free_energy = -16148.185916958604
------------------------------------------
[{'stable': {'F_onsite': np.complex128(0.0019724803183903588+0.026012271530544317j), 'F_swave': np.complex128(-0.001562191072948388-0.020601543140003162j)}, 'free': np.float64(-16148.185916929238)}, {'stable': {'F_onsite': np.complex128(-0.026086949799316986+0j), 'F_swave': np.complex128(0.020660687824709405+0j)}, 'free': np.float64(-16148.185916960607)}]
------------------------------------------
  Seed: s-wave+py
F_onsite: (-0.02608694979807057-1.3211758475395835e-17j)
F_swave: (0.020660687823668637+1.0307120418663954e-17j), F_dwave: (7.806255641895632e-18+7.517417406881916e-21j)
F_px: (5.204170427930421e-18-2.3917034056909238e-18j), F_py: (6.09061412415457e-15-2.0480197873424914e-18j)
Free_energy = -16148.185916958604
------------------------------------------
[{'stable': {'F_onsite': np.complex128(0.0019724803183903588+0.026012271530544317j), 'F_swave': np.complex128(-0.001562191072948388-0.020601543140003162j)}, 'free': np.float64(-16148.185916929238)}, {'stable': {'F_onsite': np.complex128(-0.026086949799316986+0j), 'F_swave': np.complex128(0.020660687824709405+0j)}, 'free': np.float64(-16148.185916960607)}]
------------------------------------------
====================================
mu=2.73, T=0.0220
====================================
  Seed: normal state
F_onsite: 0j
F_swave: 0j, F_dwave: 0j
F_px: 0j, F_py: 0j
Free_energy = -16132.619678468056
------------------------------------------
[{'stable': {}, 'free': np.float64(-16132.619678468056)}]
------------------------------------------
  Seed: px+i*py
F_onsite: (0.001944401283225338+0.025641976587563137j)
F_swave: (-0.0015399844481173949-0.020308691166020597j), F_dwave: (-2.0057740190981832e-18-1.9949319973733282e-17j)
F_px: (-6.071532165918825e-18-2.0816681711721685e-17j), F_py: (-3.7947076036992655e-18-8.673617379884035e-18j)
Free_energy = -16147.813536463093
------------------------------------------
[{'stable': {'F_onsite': np.complex128(0.001944401283225338+0.025641976587563137j), 'F_swave': np.complex128(-0.0015399844481173949-0.020308691166020597j)}, 'free': np.float64(-16147.813536463093)}]
------------------------------------------
  Seed: s-wave
F_onsite: (-0.02571559176209666+0j)
F_swave: (0.020366995089658307+0j), F_dwave: (5.204170427930421e-17+0j)
F_px: -4.2860925922251665e-18j, F_py: -2.2053561572949777e-18j
Free_energy = -16147.813536463345
------------------------------------------
[{'stable': {'F_onsite': np.complex128(0.001944401283225338+0.025641976587563137j), 'F_swave': np.complex128(-0.0015399844481173949-0.020308691166020597j)}, 'free': np.float64(-16147.813536463093)}, {'stable': {'F_onsite': np.complex128(-0.02571559176209666+0j), 'F_swave': np.complex128(0.020366995089658307+0j)}, 'free': np.float64(-16147.813536463345)}]
------------------------------------------
  Seed: s-wave+px
F_onsite: (-0.02571559176208762-1.3399674146053194e-18j)
F_swave: (0.020366995089650883+1.195401716592233e-18j), F_dwave: (-2.862293735361732e-17+2.056437177255831e-19j)
F_px: (1.3877787807814457e-17+6.712206711398296e-19j), F_py: (-1.734723475976807e-18-1.7166181467292464e-18j)
Free_energy = -16147.813536463316
------------------------------------------
[{'stable': {'F_onsite': np.complex128(0.001944401283225338+0.025641976587563137j), 'F_swave': np.complex128(-0.0015399844481173949-0.020308691166020597j)}, 'free': np.float64(-16147.813536463093)}, {'stable': {'F_onsite': np.complex128(-0.02571559176209666+0j), 'F_swave': np.complex128(0.020366995089658307+0j)}, 'free': np.float64(-16147.813536463345)}]
------------------------------------------
  Seed: s-wave+py
F_onsite: (-0.025715591762087625-1.7542916834912193e-17j)
F_swave: (0.020366995089650883+1.3662614969432263e-17j), F_dwave: (-2.862293735361732e-17-5.6902085209767795e-19j)
F_px: (-5.204170427930421e-18+1.833773391246357e-18j), F_py: (-5.204170427930421e-18-1.5824693037078466e-18j)
Free_energy = -16147.813536463316
------------------------------------------
[{'stable': {'F_onsite': np.complex128(0.001944401283225338+0.025641976587563137j), 'F_swave': np.complex128(-0.0015399844481173949-0.020308691166020597j)}, 'free': np.float64(-16147.813536463093)}, {'stable': {'F_onsite': np.complex128(-0.02571559176209666+0j), 'F_swave': np.complex128(0.020366995089658307+0j)}, 'free': np.float64(-16147.813536463345)}]
------------------------------------------
====================================
mu=2.73, T=0.0250
====================================
  Seed: normal state
F_onsite: 0j
F_swave: 0j, F_dwave: 0j
F_px: 0j, F_py: 0j
Free_energy = -16132.871218029497
------------------------------------------
[{'stable': {}, 'free': np.float64(-16132.871218029497)}]
------------------------------------------
  Seed: px+i*py
F_onsite: (0.0019018726779760234+0.025081126566780795j)
F_swave: (-0.0015063501172612314-0.019865135233511255j), F_dwave: (2.8189256484623115e-18+1.1275702593849246e-17j)
F_px: (-3.577867169202165e-18-4.5102810375396984e-17j), F_py: (-1.5178830414797062e-18+1.734723475976807e-18j)
Free_energy = -16147.26764046389
------------------------------------------
[{'stable': {'F_onsite': np.complex128(0.0019018726779760234+0.025081126566780795j), 'F_swave': np.complex128(-0.0015063501172612314-0.019865135233511255j)}, 'free': np.float64(-16147.26764046389)}]
------------------------------------------
  Seed: s-wave
F_onsite: (-0.025153131605073372+0j)
F_swave: (0.019922165758809618+0j), F_dwave: (6.938893903907228e-18+0j)
F_px: -1.5472115572783864e-18j, F_py: -1.899153746862548e-18j
Free_energy = -16147.26764046389
------------------------------------------
[{'stable': {'F_onsite': np.complex128(0.0019018726779760234+0.025081126566780795j), 'F_swave': np.complex128(-0.0015063501172612314-0.019865135233511255j)}, 'free': np.float64(-16147.26764046389)}, {'stable': {'F_onsite': np.complex128(-0.025153131605073372+0j), 'F_swave': np.complex128(0.019922165758809618+0j)}, 'free': np.float64(-16147.26764046389)}]
------------------------------------------
  Seed: s-wave+px
F_onsite: (-0.02515313160507331+0j)
F_swave: (0.01992216575880956+0j), F_dwave: (1.734723475976807e-17+0j)
F_px: -5.623981132413334e-18j, F_py: -2.374127472035397e-18j
Free_energy = -16147.26764046389
------------------------------------------
[{'stable': {'F_onsite': np.complex128(0.0019018726779760234+0.025081126566780795j), 'F_swave': np.complex128(-0.0015063501172612314-0.019865135233511255j)}, 'free': np.float64(-16147.26764046389)}, {'stable': {'F_onsite': np.complex128(-0.025153131605073372+0j), 'F_swave': np.complex128(0.019922165758809618+0j)}, 'free': np.float64(-16147.26764046389)}]
------------------------------------------
  Seed: s-wave+py
F_onsite: (-0.025153131605073306-2.3079443014574867e-17j)
F_swave: (0.019922165758809552+1.881678398369508e-17j), F_dwave: (1.9949319973733282e-17+4.373336985792359e-19j)
F_px: (6.938893903907228e-18-5.715460690716798e-18j), F_py: (1.734723475976807e-18-2.6516366413795872e-18j)
Free_energy = -16147.26764046389
------------------------------------------
[{'stable': {'F_onsite': np.complex128(0.0019018726779760234+0.025081126566780795j), 'F_swave': np.complex128(-0.0015063501172612314-0.019865135233511255j)}, 'free': np.float64(-16147.26764046389)}, {'stable': {'F_onsite': np.complex128(-0.025153131605073372+0j), 'F_swave': np.complex128(0.019922165758809618+0j)}, 'free': np.float64(-16147.26764046389)}]
------------------------------------------
====================================
mu=2.73, T=0.0280
====================================
  Seed: normal state
F_onsite: 0j
F_swave: 0j, F_dwave: 0j
F_px: 0j, F_py: 0j
Free_energy = -16133.154600951402
------------------------------------------
[{'stable': {}, 'free': np.float64(-16133.154600951402)}]
------------------------------------------
  Seed: px+i*py
F_onsite: (0.0018423771579909967+0.02429652374652769j)
F_swave: (-0.0014592947098755094-0.01924458757963291j), F_dwave: (6.288372600415926e-18+2.0816681711721685e-17j)
F_px: (-3.2959746043559335e-17-1.9081958235744878e-17j), F_py: (-1.951563910473908e-18+0j)
Free_energy = -16146.534693966894
------------------------------------------
[{'stable': {'F_onsite': np.complex128(0.0018423771579909967+0.02429652374652769j), 'F_swave': np.complex128(-0.0014592947098755094-0.01924458757963291j)}, 'free': np.float64(-16146.534693966894)}]
------------------------------------------
  Seed: s-wave
F_onsite: (-0.02436627628009393+0j)
F_swave: (0.01929983658377548+0j), F_dwave: (-3.9898639947466563e-17+0j)
F_px: 3.0707061920336523e-18j, F_py: -2.6754594430211144e-18j
Free_energy = -16146.534693966894
------------------------------------------
[{'stable': {'F_onsite': np.complex128(0.0018423771579909967+0.02429652374652769j), 'F_swave': np.complex128(-0.0014592947098755094-0.01924458757963291j)}, 'free': np.float64(-16146.534693966894)}, {'stable': {'F_onsite': np.complex128(-0.02436627628009393+0j), 'F_swave': np.complex128(0.01929983658377548+0j)}, 'free': np.float64(-16146.534693966894)}]
------------------------------------------
  Seed: s-wave+px
F_onsite: (-0.02436627628009393+0j)
F_swave: (0.019299836583775477+0j), F_dwave: (-3.9898639947466563e-17+0j)
F_px: 1.743829080159791e-18j, F_py: -1.904659461019701e-18j
Free_energy = -16146.534693966894
------------------------------------------
[{'stable': {'F_onsite': np.complex128(0.0018423771579909967+0.02429652374652769j), 'F_swave': np.complex128(-0.0014592947098755094-0.01924458757963291j)}, 'free': np.float64(-16146.534693966894)}, {'stable': {'F_onsite': np.complex128(-0.02436627628009393+0j), 'F_swave': np.complex128(0.01929983658377548+0j)}, 'free': np.float64(-16146.534693966894)}]
------------------------------------------
  Seed: s-wave+py
F_onsite: (-0.024366276280093926-1.6075389119224592e-17j)
F_swave: (0.019299836583775487+1.4981048221613183e-17j), F_dwave: (-3.903127820947816e-17+2.0199088814054893e-18j)
F_px: (1.734723475976807e-18-3.1400040750308948e-18j), F_py: (1.734723475976807e-18-1.8992066864217515e-18j)
Free_energy = -16146.534693966894
------------------------------------------
[{'stable': {'F_onsite': np.complex128(0.0018423771579909967+0.02429652374652769j), 'F_swave': np.complex128(-0.0014592947098755094-0.01924458757963291j)}, 'free': np.float64(-16146.534693966894)}, {'stable': {'F_onsite': np.complex128(-0.02436627628009393+0j), 'F_swave': np.complex128(0.01929983658377548+0j)}, 'free': np.float64(-16146.534693966894)}]
------------------------------------------
====================================
mu=2.73, T=0.0310
====================================
  Seed: normal state
F_onsite: 0j
F_swave: 0j, F_dwave: 0j
F_px: 0j, F_py: 0j
Free_energy = -16133.469603058968
------------------------------------------
[{'stable': {}, 'free': np.float64(-16133.469603058968)}]
------------------------------------------
  Seed: px+i*py
F_onsite: (0.0017630361264101798+0.023250206357324832j)
F_swave: (-0.0013965347079305539-0.01841693409349775j), F_dwave: (7.752045533271357e-18+2.6020852139652106e-18j)
F_px: (5.637851296924623e-18-3.9898639947466563e-17j), F_py: (-1.4094628242311558e-18+8.673617379884035e-18j)
Free_energy = -16145.606127620378
------------------------------------------
[{'stable': {'F_onsite': np.complex128(0.0017630361264101798+0.023250206357324832j), 'F_swave': np.complex128(-0.0013965347079305539-0.01841693409349775j)}, 'free': np.float64(-16145.606127620378)}]
------------------------------------------
  Seed: s-wave
F_onsite: (-0.023316955033649348+0j)
F_swave: (0.018469806999389538+0j), F_dwave: (-1.0408340855860843e-17+0j)
F_px: 4.294139405224082e-18j, F_py: -2.2499312661442353e-18j
Free_energy = -16145.60612762038
------------------------------------------
[{'stable': {'F_onsite': np.complex128(0.0017630361264101798+0.023250206357324832j), 'F_swave': np.complex128(-0.0013965347079305539-0.01841693409349775j)}, 'free': np.float64(-16145.606127620378)}, {'stable': {'F_onsite': np.complex128(-0.023316955033649348+0j), 'F_swave': np.complex128(0.018469806999389538+0j)}, 'free': np.float64(-16145.60612762038)}]
------------------------------------------
  Seed: s-wave+px
F_onsite: (-0.023316955033649348+0j)
F_swave: (0.018469806999389538+0j), F_dwave: (-1.0408340855860843e-17+0j)
F_px: 4.294139405224082e-18j, F_py: -2.2499312661442353e-18j
Free_energy = -16145.60612762038
------------------------------------------
[{'stable': {'F_onsite': np.complex128(0.0017630361264101798+0.023250206357324832j), 'F_swave': np.complex128(-0.0013965347079305539-0.01841693409349775j)}, 'free': np.float64(-16145.606127620378)}, {'stable': {'F_onsite': np.complex128(-0.023316955033649348+0j), 'F_swave': np.complex128(0.018469806999389538+0j)}, 'free': np.float64(-16145.60612762038)}]
------------------------------------------
  Seed: s-wave+py
F_onsite: (-0.023316955033649348-1.828577936924922e-17j)
F_swave: (0.018469806999389535+1.3765741230760474e-17j), F_dwave: (-1.0408340855860843e-17-1.0530472418943072e-18j)
F_px: (3.469446951953614e-18+3.3089342084489243e-18j), F_py: -1.932346850483076e-18j
Free_energy = -16145.606127620378
------------------------------------------
[{'stable': {'F_onsite': np.complex128(0.0017630361264101798+0.023250206357324832j), 'F_swave': np.complex128(-0.0013965347079305539-0.01841693409349775j)}, 'free': np.float64(-16145.606127620378)}, {'stable': {'F_onsite': np.complex128(-0.023316955033649348+0j), 'F_swave': np.complex128(0.018469806999389538+0j)}, 'free': np.float64(-16145.60612762038)}]
------------------------------------------
====================================
mu=2.73, T=0.0340
====================================
  Seed: normal state
F_onsite: 0j
F_swave: 0j, F_dwave: 0j
F_px: 0j, F_py: 0j
Free_energy = -16133.816106718832
------------------------------------------
[{'stable': {}, 'free': np.float64(-16133.816106718832)}]
------------------------------------------
  Seed: px+i*py
F_onsite: (0.0016601313232825511+0.02189313949293351j)
F_swave: (-0.0013151196260683317-0.01734326496923059j), F_dwave: (9.215718466126788e-19+3.382710778154774e-17j)
F_px: (-1.0083080204115191e-17+1.5612511283791264e-17j), F_py: (-1.4094628242311558e-18+5.204170427930421e-18j)
Free_energy = -16144.477468047251
------------------------------------------
[{'stable': {'F_onsite': np.complex128(0.0016601313232825511+0.02189313949293351j), 'F_swave': np.complex128(-0.0013151196260683317-0.01734326496923059j)}, 'free': np.float64(-16144.477468047251)}]
------------------------------------------
  Seed: s-wave
F_onsite: (-0.021955992185906374+0j)
F_swave: (0.01739305549418505+0j), F_dwave: (-8.673617379884035e-18+0j)
F_px: 4.81432351395663e-19j, F_py: -2.768315429863867e-18j
Free_energy = -16144.477468047251
------------------------------------------
[{'stable': {'F_onsite': np.complex128(0.0016601313232825511+0.02189313949293351j), 'F_swave': np.complex128(-0.0013151196260683317-0.01734326496923059j)}, 'free': np.float64(-16144.477468047251)}, {'stable': {'F_onsite': np.complex128(-0.021955992185906374+0j), 'F_swave': np.complex128(0.01739305549418505+0j)}, 'free': np.float64(-16144.477468047251)}]
------------------------------------------
  Seed: s-wave+px
F_onsite: (-0.021955992185906374+0j)
F_swave: (0.01739305549418505+0j), F_dwave: (-8.673617379884035e-18+0j)
F_px: 4.81432351395663e-19j, F_py: -2.768315429863867e-18j
Free_energy = -16144.477468047251
------------------------------------------
[{'stable': {'F_onsite': np.complex128(0.0016601313232825511+0.02189313949293351j), 'F_swave': np.complex128(-0.0013151196260683317-0.01734326496923059j)}, 'free': np.float64(-16144.477468047251)}, {'stable': {'F_onsite': np.complex128(-0.021955992185906374+0j), 'F_swave': np.complex128(0.01739305549418505+0j)}, 'free': np.float64(-16144.477468047251)}]
------------------------------------------
  Seed: s-wave+py
F_onsite: (-0.021955992185906374-1.0615657935692572e-17j)
F_swave: (0.01739305549418505+7.743760492256026e-18j), F_dwave: (-7.806255641895632e-18-1.0039987402923629e-19j)
F_px: (-1.734723475976807e-18-1.6785546036620063e-18j), F_py: (1.734723475976807e-18-2.8018791103988187e-18j)
Free_energy = -16144.477468047251
------------------------------------------
[{'stable': {'F_onsite': np.complex128(0.0016601313232825511+0.02189313949293351j), 'F_swave': np.complex128(-0.0013151196260683317-0.01734326496923059j)}, 'free': np.float64(-16144.477468047251)}, {'stable': {'F_onsite': np.complex128(-0.021955992185906374+0j), 'F_swave': np.complex128(0.01739305549418505+0j)}, 'free': np.float64(-16144.477468047251)}]
------------------------------------------
====================================
mu=2.73, T=0.0370
====================================
  Seed: normal state
F_onsite: 0j
F_swave: 0j, F_dwave: 0j
F_px: 0j, F_py: 0j
Free_energy = -16134.194071912798
------------------------------------------
[{'stable': {}, 'free': np.float64(-16134.194071912798)}]
------------------------------------------
  Seed: px+i*py
F_onsite: (0.0015283228783257302+0.02015490310686306j)
F_swave: (-0.0012108133899322042-0.015967716573941422j), F_dwave: (2.168404344971009e-19+6.938893903907228e-18j)
F_px: (-6.938893903907228e-18+1.734723475976807e-17j), F_py: (-2.3852447794681098e-18+1.3877787807814457e-17j)
Free_energy = -16143.148164826163
------------------------------------------
[{'stable': {'F_onsite': np.complex128(0.0015283228783257302+0.02015490310686306j), 'F_swave': np.complex128(-0.0012108133899322042-0.015967716573941422j)}, 'free': np.float64(-16143.148164826163)}]
------------------------------------------
  Seed: s-wave
F_onsite: (-0.02021276552249732+0j)
F_swave: (0.0160135580571891+0j), F_dwave: (-8.673617379884035e-18+0j)
F_px: -4.248293746953943e-18j, F_py: -2.956780260627949e-18j
Free_energy = -16143.148164826165
------------------------------------------
[{'stable': {'F_onsite': np.complex128(0.0015283228783257302+0.02015490310686306j), 'F_swave': np.complex128(-0.0012108133899322042-0.015967716573941422j)}, 'free': np.float64(-16143.148164826163)}, {'stable': {'F_onsite': np.complex128(-0.02021276552249732+0j), 'F_swave': np.complex128(0.0160135580571891+0j)}, 'free': np.float64(-16143.148164826165)}]
------------------------------------------
  Seed: s-wave+px
F_onsite: (-0.02021276552249732+0j)
F_swave: (0.0160135580571891+0j), F_dwave: (-8.673617379884035e-18+0j)
F_px: -4.248293746953943e-18j, F_py: -2.956780260627949e-18j
Free_energy = -16143.148164826165
------------------------------------------
[{'stable': {'F_onsite': np.complex128(0.0015283228783257302+0.02015490310686306j), 'F_swave': np.complex128(-0.0012108133899322042-0.015967716573941422j)}, 'free': np.float64(-16143.148164826163)}, {'stable': {'F_onsite': np.complex128(-0.02021276552249732+0j), 'F_swave': np.complex128(0.0160135580571891+0j)}, 'free': np.float64(-16143.148164826165)}]
------------------------------------------
  Seed: s-wave+py
F_onsite: (-0.020212765522497324-1.155495792851906e-17j)
F_swave: (0.016013558057189098+1.0859677067849376e-17j), F_dwave: (-6.938893903907228e-18+1.259670341465153e-18j)
F_px: (-3.469446951953614e-18-4.042782378126369e-18j), F_py: (3.469446951953614e-18-2.2849243147776786e-18j)
Free_energy = -16143.148164826165
------------------------------------------
[{'stable': {'F_onsite': np.complex128(0.0015283228783257302+0.02015490310686306j), 'F_swave': np.complex128(-0.0012108133899322042-0.015967716573941422j)}, 'free': np.float64(-16143.148164826163)}, {'stable': {'F_onsite': np.complex128(-0.02021276552249732+0j), 'F_swave': np.complex128(0.0160135580571891+0j)}, 'free': np.float64(-16143.148164826165)}]
------------------------------------------
====================================
mu=2.73, T=0.0400
====================================
  Seed: normal state
F_onsite: 0j
F_swave: 0j, F_dwave: 0j
F_px: 0j, F_py: 0j
Free_energy = -16134.603507700469
------------------------------------------
[{'stable': {}, 'free': np.float64(-16134.603507700469)}]
------------------------------------------
  Seed: px+i*py
F_onsite: (0.001358646286820688+0.017917276941747932j)
F_swave: (-0.001076501638144229-0.01419646759128915j), F_dwave: (-7.426784881525705e-18-9.540979117872439e-18j)
F_px: (6.938893903907228e-18-1.9949319973733282e-17j), F_py: (-3.144186300207963e-18+0j)
Free_energy = -16141.617745482565
------------------------------------------
[{'stable': {'F_onsite': np.complex128(0.001358646286820688+0.017917276941747932j), 'F_swave': np.complex128(-0.001076501638144229-0.01419646759128915j)}, 'free': np.float64(-16141.617745482565)}]
------------------------------------------
  Seed: s-wave
F_onsite: (-0.01796871538925304+0j)
F_swave: (0.014237224021818514+0j), F_dwave: (-2.688821387764051e-17+0j)
F_px: -2.1313466535286332e-18j, F_py: -2.459889557944895e-18j
Free_energy = -16141.617745482567
------------------------------------------
[{'stable': {'F_onsite': np.complex128(0.001358646286820688+0.017917276941747932j), 'F_swave': np.complex128(-0.001076501638144229-0.01419646759128915j)}, 'free': np.float64(-16141.617745482565)}, {'stable': {'F_onsite': np.complex128(-0.01796871538925304+0j), 'F_swave': np.complex128(0.014237224021818514+0j)}, 'free': np.float64(-16141.617745482567)}]
------------------------------------------
  Seed: s-wave+px
F_onsite: (-0.01796871538925304+0j)
F_swave: (0.014237224021818514+0j), F_dwave: (-2.688821387764051e-17+0j)
F_px: -2.1313466535286332e-18j, F_py: -2.459889557944895e-18j
Free_energy = -16141.617745482567
------------------------------------------
[{'stable': {'F_onsite': np.complex128(0.001358646286820688+0.017917276941747932j), 'F_swave': np.complex128(-0.001076501638144229-0.01419646759128915j)}, 'free': np.float64(-16141.617745482565)}, {'stable': {'F_onsite': np.complex128(-0.01796871538925304+0j), 'F_swave': np.complex128(0.014237224021818514+0j)}, 'free': np.float64(-16141.617745482567)}]
------------------------------------------
  Seed: s-wave+py
F_onsite: (-0.017968715389253043-2.04055802344929e-18j)
F_swave: (0.014237224021818517+1.0762612386049954e-18j), F_dwave: (-2.7321894746634712e-17-3.9498205121652093e-19j)
F_px: -2.6616422180690286e-18j, F_py: (-8.673617379884035e-19-2.740204523926865e-18j)
Free_energy = -16141.617745482567
------------------------------------------
[{'stable': {'F_onsite': np.complex128(0.001358646286820688+0.017917276941747932j), 'F_swave': np.complex128(-0.001076501638144229-0.01419646759128915j)}, 'free': np.float64(-16141.617745482565)}, {'stable': {'F_onsite': np.complex128(-0.01796871538925304+0j), 'F_swave': np.complex128(0.014237224021818514+0j)}, 'free': np.float64(-16141.617745482567)}]
------------------------------------------
====================================
mu=2.73, T=0.0430
====================================
  Seed: normal state
F_onsite: 0j
F_swave: 0j, F_dwave: 0j
F_px: 0j, F_py: 0j
Free_energy = -16135.044449971301
------------------------------------------
[{'stable': {}, 'free': np.float64(-16135.044449971301)}]
------------------------------------------
  Seed: px+i*py
F_onsite: (0.001133847356985006+0.014952719704780244j)
F_swave: (-0.0008984965640629161-0.011849008771220654j), F_dwave: (-6.0173220572945496e-18+4.336808689942018e-19j)
F_px: (-6.2341624917916505e-18-1.3010426069826053e-17j), F_py: (1.0842021724855044e-19+4.336808689942018e-18j)
Free_energy = -16139.888100235614
------------------------------------------
[{'stable': {'F_onsite': np.complex128(0.001133847356985006+0.014952719704780244j), 'F_swave': np.complex128(-0.0008984965640629161-0.011849008771220654j)}, 'free': np.float64(-16139.888100235614)}]
------------------------------------------
  Seed: s-wave
F_onsite: (-0.01499564724840731+0j)
F_swave: (0.011883025916663601+0j), F_dwave: (-2.5153490401663703e-17+0j)
F_px: -1.3106723128017026e-17j, F_py: -2.4013384054659415e-18j
Free_energy = -16139.888100235614
------------------------------------------
[{'stable': {'F_onsite': np.complex128(0.001133847356985006+0.014952719704780244j), 'F_swave': np.complex128(-0.0008984965640629161-0.011849008771220654j)}, 'free': np.float64(-16139.888100235614)}, {'stable': {'F_onsite': np.complex128(-0.01499564724840731+0j), 'F_swave': np.complex128(0.011883025916663601+0j)}, 'free': np.float64(-16139.888100235614)}]
------------------------------------------
  Seed: s-wave+px
F_onsite: (-0.01499564724840731+0j)
F_swave: (0.011883025916663601+0j), F_dwave: (-2.5153490401663703e-17+0j)
F_px: -1.3106723128017026e-17j, F_py: -2.4013384054659415e-18j
Free_energy = -16139.888100235614
------------------------------------------
[{'stable': {'F_onsite': np.complex128(0.001133847356985006+0.014952719704780244j), 'F_swave': np.complex128(-0.0008984965640629161-0.011849008771220654j)}, 'free': np.float64(-16139.888100235614)}, {'stable': {'F_onsite': np.complex128(-0.01499564724840731+0j), 'F_swave': np.complex128(0.011883025916663601+0j)}, 'free': np.float64(-16139.888100235614)}]
------------------------------------------
  Seed: s-wave+py
F_onsite: (-0.01499564724840731+0j)
F_swave: (0.011883025916663601+0j), F_dwave: (-2.5153490401663703e-17+0j)
F_px: -1.3106723128017026e-17j, F_py: -2.4013384054659415e-18j
Free_energy = -16139.888100235614
------------------------------------------
[{'stable': {'F_onsite': np.complex128(0.001133847356985006+0.014952719704780244j), 'F_swave': np.complex128(-0.0008984965640629161-0.011849008771220654j)}, 'free': np.float64(-16139.888100235614)}, {'stable': {'F_onsite': np.complex128(-0.01499564724840731+0j), 'F_swave': np.complex128(0.011883025916663601+0j)}, 'free': np.float64(-16139.888100235614)}]
------------------------------------------
====================================
mu=2.73, T=0.0460
====================================
  Seed: normal state
F_onsite: 0j
F_swave: 0j, F_dwave: 0j
F_px: 0j, F_py: 0j
Free_energy = -16135.516946255324
------------------------------------------
[{'stable': {}, 'free': np.float64(-16135.516946255324)}]
------------------------------------------
  Seed: px+i*py
F_onsite: (0.0008089128529961204+0.010667615073518865j)
F_swave: (-0.000641098673837267-0.008454549648097099j), F_dwave: (1.0679391398982219e-17-1.0842021724855044e-17j)
F_px: (-4.2825985813177425e-18-4.336808689942018e-18j), F_py: (-4.336808689942018e-19+4.336808689942018e-18j)
Free_energy = -16137.96199073585
------------------------------------------
[{'stable': {'F_onsite': np.complex128(0.0008089128529961204+0.010667615073518865j), 'F_swave': np.complex128(-0.000641098673837267-0.008454549648097099j)}, 'free': np.float64(-16137.96199073585)}]
------------------------------------------
  Seed: s-wave
F_onsite: (-0.010698240573127463+0j)
F_swave: (0.008478821690643965+0j), F_dwave: (-1.0408340855860843e-17+0j)
F_px: -3.5281039835509745e-18j, F_py: -1.415286175743529e-18j
Free_energy = -16137.96199073585
------------------------------------------
[{'stable': {'F_onsite': np.complex128(0.0008089128529961204+0.010667615073518865j), 'F_swave': np.complex128(-0.000641098673837267-0.008454549648097099j)}, 'free': np.float64(-16137.96199073585)}, {'stable': {'F_onsite': np.complex128(-0.010698240573127463+0j), 'F_swave': np.complex128(0.008478821690643965+0j)}, 'free': np.float64(-16137.96199073585)}]
------------------------------------------
  Seed: s-wave+px
F_onsite: (-0.010698240573127463+0j)
F_swave: (0.008478821690643965+0j), F_dwave: (-1.0408340855860843e-17+0j)
F_px: -3.5281039835509745e-18j, F_py: -1.415286175743529e-18j
Free_energy = -16137.96199073585
------------------------------------------
[{'stable': {'F_onsite': np.complex128(0.0008089128529961204+0.010667615073518865j), 'F_swave': np.complex128(-0.000641098673837267-0.008454549648097099j)}, 'free': np.float64(-16137.96199073585)}, {'stable': {'F_onsite': np.complex128(-0.010698240573127463+0j), 'F_swave': np.complex128(0.008478821690643965+0j)}, 'free': np.float64(-16137.96199073585)}]
------------------------------------------
  Seed: s-wave+py
F_onsite: (-0.010698240573127463+0j)
F_swave: (0.008478821690643965+0j), F_dwave: (-1.0408340855860843e-17+0j)
F_px: -3.5281039835509745e-18j, F_py: -1.415286175743529e-18j
Free_energy = -16137.96199073585
------------------------------------------
[{'stable': {'F_onsite': np.complex128(0.0008089128529961204+0.010667615073518865j), 'F_swave': np.complex128(-0.000641098673837267-0.008454549648097099j)}, 'free': np.float64(-16137.96199073585)}, {'stable': {'F_onsite': np.complex128(-0.010698240573127463+0j), 'F_swave': np.complex128(0.008478821690643965+0j)}, 'free': np.float64(-16137.96199073585)}]
------------------------------------------
====================================
mu=2.73, T=0.0490
====================================
  Seed: normal state
F_onsite: 0j
F_swave: 0j, F_dwave: 0j
F_px: 0j, F_py: 0j
Free_energy = -16136.021046377437
------------------------------------------
[{'stable': {}, 'free': np.float64(-16136.021046377437)}]
------------------------------------------
  Seed: px+i*py
==================================================
WARNING: Failed to converge after 5000 iterations
==================================================
F_onsite: (5.317488075257602e-07+7.012487900876285e-06j)
F_swave: (-4.2156915572955857e-07-5.559483278752793e-06j), F_dwave: (8.999725064576941e-22+9.105604182983729e-21j)
F_px: (3.0511714946876e-19-3.3457801416544863e-20j), F_py: (3.350544701982792e-19-2.837560373301906e-20j)
Free_energy = -16136.021047427615
------------------------------------------
[{'stable': {}, 'free': np.float64(-16136.021046377437)}, {'stable': {'F_onsite': np.complex128(5.317488075257602e-07+7.012487900876285e-06j), 'F_swave': np.complex128(-4.2156915572955857e-07-5.559483278752793e-06j)}, 'free': np.float64(-16136.021047427615)}]
------------------------------------------
  Seed: s-wave
==================================================
WARNING: Failed to converge after 5000 iterations
==================================================
F_onsite: (-7.0326199494782615e-06+0j)
F_swave: (5.575443917708824e-06+0j), F_dwave: (-2.964615315390051e-21+0j)
F_px: 3.3452086115500005e-19j, F_py: 3.4800248342293657e-19j
Free_energy = -16136.021047427615
------------------------------------------
[{'stable': {}, 'free': np.float64(-16136.021046377437)}, {'stable': {'F_onsite': np.complex128(5.317488075257602e-07+7.012487900876285e-06j), 'F_swave': np.complex128(-4.2156915572955857e-07-5.559483278752793e-06j)}, 'free': np.float64(-16136.021047427615)}, {'stable': {'F_onsite': np.complex128(-7.0326199494782615e-06+0j), 'F_swave': np.complex128(5.575443917708824e-06+0j)}, 'free': np.float64(-16136.021047427615)}]
------------------------------------------
  Seed: s-wave+px
==================================================
WARNING: Failed to converge after 5000 iterations
==================================================
F_onsite: (-7.0326199494782615e-06+0j)
F_swave: (5.575443917708824e-06+0j), F_dwave: (-2.964615315390051e-21+0j)
F_px: 3.3452086115500005e-19j, F_py: 3.4800248342293657e-19j
Free_energy = -16136.021047427615
------------------------------------------
[{'stable': {}, 'free': np.float64(-16136.021046377437)}, {'stable': {'F_onsite': np.complex128(5.317488075257602e-07+7.012487900876285e-06j), 'F_swave': np.complex128(-4.2156915572955857e-07-5.559483278752793e-06j)}, 'free': np.float64(-16136.021047427615)}, {'stable': {'F_onsite': np.complex128(-7.0326199494782615e-06+0j), 'F_swave': np.complex128(5.575443917708824e-06+0j)}, 'free': np.float64(-16136.021047427615)}]
------------------------------------------
  Seed: s-wave+py
==================================================
WARNING: Failed to converge after 5000 iterations
==================================================
F_onsite: (-7.0326199494782615e-06+0j)
F_swave: (5.575443917708824e-06+0j), F_dwave: (-2.964615315390051e-21+0j)
F_px: 3.3452086115500005e-19j, F_py: 3.4800248342293657e-19j
Free_energy = -16136.021047427615
------------------------------------------
[{'stable': {}, 'free': np.float64(-16136.021046377437)}, {'stable': {'F_onsite': np.complex128(5.317488075257602e-07+7.012487900876285e-06j), 'F_swave': np.complex128(-4.2156915572955857e-07-5.559483278752793e-06j)}, 'free': np.float64(-16136.021047427615)}, {'stable': {'F_onsite': np.complex128(-7.0326199494782615e-06+0j), 'F_swave': np.complex128(5.575443917708824e-06+0j)}, 'free': np.float64(-16136.021047427615)}]
------------------------------------------
====================================
mu=2.73, T=0.0520
====================================
  Seed: normal state
F_onsite: 0j
F_swave: 0j, F_dwave: 0j
F_px: 0j, F_py: 0j
Free_energy = -16136.556797321717
------------------------------------------
[{'stable': {}, 'free': np.float64(-16136.556797321717)}]
------------------------------------------
  Seed: px+i*py
F_onsite: (4.361854406665434e-15+5.752205696591459e-14j)
F_swave: (-3.4670249258840713e-15-4.5721456079844174e-14j), F_dwave: (4.2190778081216405e-21-1.0391114134784808e-20j)
F_px: (3.737045080676881e-20-2.1135632521434713e-20j), F_py: (6.959571621341576e-20+3.9224003929038435e-20j)
Free_energy = -16136.556797321717
------------------------------------------
[{'stable': {}, 'free': np.float64(-16136.556797321717)}]
------------------------------------------
  Seed: s-wave
F_onsite: (-5.378614083785704e-14+0j)
F_swave: (4.2752080158022406e-14+0j), F_dwave: (-1.720595247308138e-20+0j)
F_px: 3.30636797400565e-20j, F_py: 1.0799402779588894e-19j
Free_energy = -16136.556797321713
------------------------------------------
[{'stable': {}, 'free': np.float64(-16136.556797321717)}]
------------------------------------------
  Seed: s-wave+px
F_onsite: (-5.378614083785704e-14+0j)
F_swave: (4.2752080158022406e-14+0j), F_dwave: (-1.720595247308138e-20+0j)
F_px: 3.30636797400565e-20j, F_py: 1.0799402779588894e-19j
Free_energy = -16136.556797321713
------------------------------------------
[{'stable': {}, 'free': np.float64(-16136.556797321717)}]
------------------------------------------
  Seed: s-wave+py
F_onsite: (-5.378614083785704e-14+0j)
F_swave: (4.2752080158022406e-14+0j), F_dwave: (-1.720595247308138e-20+0j)
F_px: 3.30636797400565e-20j, F_py: 1.0799402779588894e-19j
Free_energy = -16136.556797321713
------------------------------------------
[{'stable': {}, 'free': np.float64(-16136.556797321717)}]
------------------------------------------
====================================
mu=2.73, T=0.0550
====================================
  Seed: normal state
F_onsite: 0j
F_swave: 0j, F_dwave: 0j
F_px: 0j, F_py: 0j
Free_energy = -16137.124240859897
------------------------------------------
[{'stable': {}, 'free': np.float64(-16137.124240859897)}]
------------------------------------------
  Seed: px+i*py
F_onsite: (2.262686468745457e-15+2.983907234698928e-14j)
F_swave: (-1.803053955012659e-15-2.3777743006425458e-14j), F_dwave: (-1.6078166616913596e-21+2.641086790316848e-21j)
F_px: (-7.125899966578851e-20+2.4002395999750994e-20j), F_py: (-1.3948480806869453e-19+4.754279239022909e-20j)
Free_energy = -16137.124240859896
------------------------------------------
[{'stable': {}, 'free': np.float64(-16137.124240859897)}]
------------------------------------------
  Seed: s-wave
F_onsite: (-2.8817828533455364e-14+0j)
F_swave: (2.2963941609338088e-14+0j), F_dwave: (4.196041373736848e-21+0j)
F_px: -6.617262545282211e-20j, F_py: 7.0292664613171e-21j
Free_energy = -16137.124240859897
------------------------------------------
[{'stable': {}, 'free': np.float64(-16137.124240859897)}]
------------------------------------------
  Seed: s-wave+px
F_onsite: (-2.8817828533455364e-14+0j)
F_swave: (2.2963941609338088e-14+0j), F_dwave: (4.196041373736848e-21+0j)
F_px: -6.617262545282211e-20j, F_py: 7.0292664613171e-21j
Free_energy = -16137.124240859897
------------------------------------------
[{'stable': {}, 'free': np.float64(-16137.124240859897)}]
------------------------------------------
  Seed: s-wave+py
F_onsite: (-2.8817828533455364e-14+0j)
F_swave: (2.2963941609338088e-14+0j), F_dwave: (4.196041373736848e-21+0j)
F_px: -6.617262545282211e-20j, F_py: 7.0292664613171e-21j
Free_energy = -16137.124240859897
------------------------------------------
[{'stable': {}, 'free': np.float64(-16137.124240859897)}]
------------------------------------------
====================================
mu=2.73, T=0.0580
====================================
  Seed: normal state
F_onsite: 0j
F_swave: 0j, F_dwave: 0j
F_px: 0j, F_py: 0j
Free_energy = -16137.723412854648
------------------------------------------
[{'stable': {}, 'free': np.float64(-16137.723412854648)}]
------------------------------------------
  Seed: px+i*py
F_onsite: (1.5436238357781992e-15+2.0356892875417323e-14j)
F_swave: (-1.2331081586401927e-15-1.6261859060678573e-14j), F_dwave: (-2.9469663819548664e-21+2.3031282393384726e-21j)
F_px: (7.094261133149293e-20+2.5379194350720713e-20j), F_py: (7.639259778586857e-21+9.751341866421597e-21j)
Free_energy = -16137.723412854652
------------------------------------------
[{'stable': {}, 'free': np.float64(-16137.723412854648)}]
------------------------------------------
  Seed: s-wave
F_onsite: (-1.9653384532914808e-14+0j)
F_swave: (1.5699789237923203e-14+0j), F_dwave: (2.6579091538262886e-20+0j)
F_px: -1.5023948012180523e-20j, F_py: 3.8860049482096093e-20j
Free_energy = -16137.723412854648
------------------------------------------
[{'stable': {}, 'free': np.float64(-16137.723412854648)}]
------------------------------------------
  Seed: s-wave+px
F_onsite: (-1.9653384532914808e-14+0j)
F_swave: (1.5699789237923203e-14+0j), F_dwave: (2.6579091538262886e-20+0j)
F_px: -1.5023948012180523e-20j, F_py: 3.8860049482096093e-20j
Free_energy = -16137.723412854648
------------------------------------------
[{'stable': {}, 'free': np.float64(-16137.723412854648)}]
------------------------------------------
  Seed: s-wave+py
F_onsite: (-1.9653384532914808e-14+0j)
F_swave: (1.5699789237923203e-14+0j), F_dwave: (2.6579091538262886e-20+0j)
F_px: -1.5023948012180523e-20j, F_py: 3.8860049482096093e-20j
Free_energy = -16137.723412854648
------------------------------------------
[{'stable': {}, 'free': np.float64(-16137.723412854648)}]
------------------------------------------
====================================
mu=2.73, T=0.0610
====================================
  Seed: normal state
F_onsite: 0j
F_swave: 0j, F_dwave: 0j
F_px: 0j, F_py: 0j
Free_energy = -16138.3543434915
------------------------------------------
[{'stable': {}, 'free': np.float64(-16138.3543434915)}]
------------------------------------------
  Seed: px+i*py
F_onsite: (1.130780093105308e-15+1.4913577406686258e-14j)
F_swave: (-9.054897323357411e-16-1.1942270973781699e-14j), F_dwave: (3.315185061882097e-21-7.329664111567616e-21j)
F_px: (-1.0164105588405237e-19-1.553955576438288e-20j), F_py: (-1.4215868526690652e-20+2.971669366008092e-20j)
Free_energy = -16138.354343491503
------------------------------------------
[{'stable': {}, 'free': np.float64(-16138.3543434915)}]
------------------------------------------
  Seed: s-wave
F_onsite: (-1.5312869883375798e-14+0j)
F_swave: (1.2262000603548154e-14+0j), F_dwave: (8.50010633376423e-21+0j)
F_px: -1.290384099994772e-19j, F_py: -4.511823033909313e-20j
Free_energy = -16138.3543434915
------------------------------------------
[{'stable': {}, 'free': np.float64(-16138.3543434915)}]
------------------------------------------
  Seed: s-wave+px
F_onsite: (-1.5312869883375798e-14+0j)
F_swave: (1.2262000603548154e-14+0j), F_dwave: (8.50010633376423e-21+0j)
F_px: -1.290384099994772e-19j, F_py: -4.511823033909313e-20j
Free_energy = -16138.3543434915
------------------------------------------
[{'stable': {}, 'free': np.float64(-16138.3543434915)}]
------------------------------------------
  Seed: s-wave+py
F_onsite: (-1.5312869883375798e-14+0j)
F_swave: (1.2262000603548154e-14+0j), F_dwave: (8.50010633376423e-21+0j)
F_px: -1.290384099994772e-19j, F_py: -4.511823033909313e-20j
Free_energy = -16138.3543434915
------------------------------------------
[{'stable': {}, 'free': np.float64(-16138.3543434915)}]
------------------------------------------
====================================
mu=2.73, T=0.0640
====================================
  Seed: normal state
F_onsite: 0j
F_swave: 0j, F_dwave: 0j
F_px: 0j, F_py: 0j
Free_energy = -16139.017057957326
------------------------------------------
[{'stable': {}, 'free': np.float64(-16139.017057957326)}]
------------------------------------------
  Seed: px+i*py
F_onsite: (8.993811376893608e-16+1.1862349045943009e-14j)
F_swave: (-7.219039609830045e-16-9.521529660664875e-15j), F_dwave: (2.2405303283500557e-21+1.1458799414747853e-20j)
F_px: (4.6349373796728144e-20-2.1273444756106118e-20j), F_py: (3.6523168249527385e-20+1.3668785315827864e-20j)
Free_energy = -16139.017057957328
------------------------------------------
[{'stable': {}, 'free': np.float64(-16139.017057957326)}]
------------------------------------------
  Seed: s-wave
F_onsite: (-1.217801838490644e-14+0j)
F_swave: (9.774902577119935e-15+0j), F_dwave: (-3.5608067437409955e-21+0j)
F_px: -1.5658936871361698e-19j, F_py: -1.0839926435165036e-19j
Free_energy = -16139.017057957326
------------------------------------------
[{'stable': {}, 'free': np.float64(-16139.017057957326)}]
------------------------------------------
  Seed: s-wave+px
F_onsite: (-1.217801838490644e-14+0j)
F_swave: (9.774902577119935e-15+0j), F_dwave: (-3.5608067437409955e-21+0j)
F_px: -1.5658936871361698e-19j, F_py: -1.0839926435165036e-19j
Free_energy = -16139.017057957326
------------------------------------------
[{'stable': {}, 'free': np.float64(-16139.017057957326)}]
------------------------------------------
  Seed: s-wave+py
F_onsite: (-1.217801838490644e-14+0j)
F_swave: (9.774902577119935e-15+0j), F_dwave: (-3.5608067437409955e-21+0j)
F_px: -1.5658936871361698e-19j, F_py: -1.0839926435165036e-19j
Free_energy = -16139.017057957326
------------------------------------------
[{'stable': {}, 'free': np.float64(-16139.017057957326)}]
------------------------------------------
====================================
mu=2.73, T=0.0670
====================================
  Seed: normal state
F_onsite: 0j
F_swave: 0j, F_dwave: 0j
F_px: 0j, F_py: 0j
Free_energy = -16139.711577279359
------------------------------------------
[{'stable': {}, 'free': np.float64(-16139.711577279359)}]
------------------------------------------
  Seed: px+i*py
F_onsite: (7.512671736850358e-16+9.90890834403083e-15j)
F_swave: (-6.04418404516773e-16-7.972013862871984e-15j), F_dwave: (8.873206954542421e-23+1.2176914560069526e-20j)
F_px: (-1.4454019536328597e-20+5.760707413135163e-21j), F_py: (-4.043928010838165e-20+1.431732900117143e-20j)
Free_energy = -16139.711577279362
------------------------------------------
[{'stable': {}, 'free': np.float64(-16139.711577279359)}]
------------------------------------------
  Seed: s-wave
F_onsite: (-1.0170820795430906e-14+0j)
F_swave: (8.182834605834946e-15+0j), F_dwave: (-7.852932032066036e-21+0j)
F_px: -6.806912542572927e-20j, F_py: -1.810533235480069e-19j
Free_energy = -16139.711577279359
------------------------------------------
[{'stable': {}, 'free': np.float64(-16139.711577279359)}]
------------------------------------------
  Seed: s-wave+px
F_onsite: (-1.0170820795430906e-14+0j)
F_swave: (8.182834605834946e-15+0j), F_dwave: (-7.852932032066036e-21+0j)
F_px: -6.806912542572927e-20j, F_py: -1.810533235480069e-19j
Free_energy = -16139.711577279359
------------------------------------------
[{'stable': {}, 'free': np.float64(-16139.711577279359)}]
------------------------------------------
  Seed: s-wave+py
F_onsite: (-1.0170820795430906e-14+0j)
F_swave: (8.182834605834946e-15+0j), F_dwave: (-7.852932032066036e-21+0j)
F_px: -6.806912542572927e-20j, F_py: -1.810533235480069e-19j
Free_energy = -16139.711577279359
------------------------------------------
[{'stable': {}, 'free': np.float64(-16139.711577279359)}]
------------------------------------------
====================================
mu=2.73, T=0.0700
====================================
  Seed: normal state
F_onsite: 0j
F_swave: 0j, F_dwave: 0j
F_px: 0j, F_py: 0j
Free_energy = -16140.437919162072
------------------------------------------
[{'stable': {}, 'free': np.float64(-16140.437919162072)}]
------------------------------------------
  Seed: px+i*py
F_onsite: (6.116010183637939e-16+8.066726071387236e-15j)
F_swave: (-4.93177200929951e-16-6.504776644929035e-15j), F_dwave: (-4.138022327529038e-21+2.367881705305531e-21j)
F_px: (1.20665494053989e-20-2.2313988223495727e-21j), F_py: (-8.128813885324368e-20+3.3819005506944507e-21j)
Free_energy = -16140.437919162068
------------------------------------------
[{'stable': {}, 'free': np.float64(-16140.437919162072)}]
------------------------------------------
  Seed: s-wave
F_onsite: (-8.278482535725069e-15+0j)
F_swave: (6.67564999258863e-15+0j), F_dwave: (1.1934474182220402e-20+0j)
F_px: -6.663216319754912e-20j, F_py: -6.482700657654438e-20j
Free_energy = -16140.437919162072
------------------------------------------
[{'stable': {}, 'free': np.float64(-16140.437919162072)}]
------------------------------------------
  Seed: s-wave+px
F_onsite: (-8.278482535725069e-15+0j)
F_swave: (6.67564999258863e-15+0j), F_dwave: (1.1934474182220402e-20+0j)
F_px: -6.663216319754912e-20j, F_py: -6.482700657654438e-20j
Free_energy = -16140.437919162072
------------------------------------------
[{'stable': {}, 'free': np.float64(-16140.437919162072)}]
------------------------------------------
  Seed: s-wave+py
F_onsite: (-8.278482535725069e-15+0j)
F_swave: (6.67564999258863e-15+0j), F_dwave: (1.1934474182220402e-20+0j)
F_px: -6.663216319754912e-20j, F_py: -6.482700657654438e-20j
Free_energy = -16140.437919162072
------------------------------------------
[{'stable': {}, 'free': np.float64(-16140.437919162072)}]
------------------------------------------
====================================
mu=2.73, T=0.0730
====================================
  Seed: normal state
F_onsite: 0j
F_swave: 0j, F_dwave: 0j
F_px: 0j, F_py: 0j
Free_energy = -16141.196098741397
------------------------------------------
[{'stable': {}, 'free': np.float64(-16141.196098741397)}]
------------------------------------------
  Seed: px+i*py
F_onsite: (4.856514596590035e-16+6.405311399918509e-15j)
F_swave: (-3.924831647375819e-16-5.1765211168862285e-15j), F_dwave: (2.5769269071875914e-21-3.5003724536959254e-20j)
F_px: (-8.721688795701634e-22-7.573992334142699e-21j), F_py: (-1.1588082509986099e-19-2.7656057486730235e-20j)
Free_energy = -16141.196098741395
------------------------------------------
[{'stable': {}, 'free': np.float64(-16141.196098741397)}]
------------------------------------------
  Seed: s-wave
F_onsite: (-6.572525509539068e-15+0j)
F_swave: (5.311727083829447e-15+0j), F_dwave: (-2.0982353071273117e-21+0j)
F_px: -4.2831076611602824e-20j, F_py: -1.040470530620717e-19j
Free_energy = -16141.196098741395
------------------------------------------
[{'stable': {}, 'free': np.float64(-16141.196098741397)}]
------------------------------------------
  Seed: s-wave+px
F_onsite: (-6.572525509539068e-15+0j)
F_swave: (5.311727083829447e-15+0j), F_dwave: (-2.0982353071273117e-21+0j)
F_px: -4.2831076611602824e-20j, F_py: -1.040470530620717e-19j
Free_energy = -16141.196098741395
------------------------------------------
[{'stable': {}, 'free': np.float64(-16141.196098741397)}]
------------------------------------------
  Seed: s-wave+py
F_onsite: (-6.572525509539068e-15+0j)
F_swave: (5.311727083829447e-15+0j), F_dwave: (-2.0982353071273117e-21+0j)
F_px: -4.2831076611602824e-20j, F_py: -1.040470530620717e-19j
Free_energy = -16141.196098741395
------------------------------------------
[{'stable': {}, 'free': np.float64(-16141.196098741397)}]
------------------------------------------
====================================
mu=2.73, T=0.0760
====================================
  Seed: normal state
F_onsite: 0j
F_swave: 0j, F_dwave: 0j
F_px: 0j, F_py: 0j
Free_energy = -16141.986129223915
------------------------------------------
[{'stable': {}, 'free': np.float64(-16141.986129223915)}]
------------------------------------------
  Seed: px+i*py
F_onsite: (3.7632170244243145e-16+4.963434208815548e-15j)
F_swave: (-3.0482933184130143e-16-4.020431493179735e-15j), F_dwave: (9.409360879692525e-21+3.290568957644161e-21j)
F_px: (-4.905886448118833e-20+2.6286255627142608e-20j), F_py: (2.6356758174174424e-20+2.0377770917592903e-21j)
Free_energy = -16141.986129223913
------------------------------------------
[{'stable': {}, 'free': np.float64(-16141.986129223915)}]
------------------------------------------
  Seed: s-wave
F_onsite: (-5.091523260831505e-15+0j)
F_swave: (4.124083312015206e-15+0j), F_dwave: (-5.7313278364653024e-21+0j)
F_px: -1.1352186134677414e-19j, F_py: -2.994760094087273e-20j
Free_energy = -16141.986129223915
------------------------------------------
[{'stable': {}, 'free': np.float64(-16141.986129223915)}]
------------------------------------------
  Seed: s-wave+px
F_onsite: (-5.091523260831505e-15+0j)
F_swave: (4.124083312015206e-15+0j), F_dwave: (-5.7313278364653024e-21+0j)
F_px: -1.1352186134677414e-19j, F_py: -2.994760094087273e-20j
Free_energy = -16141.986129223915
------------------------------------------
[{'stable': {}, 'free': np.float64(-16141.986129223915)}]
------------------------------------------
  Seed: s-wave+py
F_onsite: (-5.091523260831505e-15+0j)
F_swave: (4.124083312015206e-15+0j), F_dwave: (-5.7313278364653024e-21+0j)
F_px: -1.1352186134677414e-19j, F_py: -2.994760094087273e-20j
Free_energy = -16141.986129223915
------------------------------------------
[{'stable': {}, 'free': np.float64(-16141.986129223915)}]
------------------------------------------
====================================
mu=2.73, T=0.0790
====================================
  Seed: normal state
F_onsite: 0j
F_swave: 0j, F_dwave: 0j
F_px: 0j, F_py: 0j
Free_energy = -16142.808022406014
------------------------------------------
[{'stable': {}, 'free': np.float64(-16142.808022406014)}]
------------------------------------------
  Seed: px+i*py
F_onsite: (2.848306464148331e-16+3.756881294882238e-15j)
F_swave: (-2.312042081452777e-16-3.0495478230763087e-15j), F_dwave: (5.228264687343071e-21-1.5900876968480867e-20j)
F_px: (-1.1118500372712072e-19+2.949312139718847e-20j), F_py: (1.6631024553969612e-20-1.9280583185618816e-20j)
Free_energy = -16142.808022406018
------------------------------------------
[{'stable': {}, 'free': np.float64(-16142.808022406014)}]
------------------------------------------
  Seed: s-wave
F_onsite: (-3.8523734207171125e-15+0j)
F_swave: (3.127020580198722e-15+0j), F_dwave: (8.166086459775477e-21+0j)
F_px: -4.052221557640062e-20j, F_py: -2.5657988689367065e-20j
Free_energy = -16142.808022406012
------------------------------------------
[{'stable': {}, 'free': np.float64(-16142.808022406014)}]
------------------------------------------
  Seed: s-wave+px
F_onsite: (-3.8523734207171125e-15+0j)
F_swave: (3.127020580198722e-15+0j), F_dwave: (8.166086459775477e-21+0j)
F_px: -4.052221557640062e-20j, F_py: -2.5657988689367065e-20j
Free_energy = -16142.808022406012
------------------------------------------
[{'stable': {}, 'free': np.float64(-16142.808022406014)}]
------------------------------------------
  Seed: s-wave+py
F_onsite: (-3.8523734207171125e-15+0j)
F_swave: (3.127020580198722e-15+0j), F_dwave: (8.166086459775477e-21+0j)
F_px: -4.052221557640062e-20j, F_py: -2.5657988689367065e-20j
Free_energy = -16142.808022406012
------------------------------------------
[{'stable': {}, 'free': np.float64(-16142.808022406014)}]
------------------------------------------
====================================
mu=2.73, T=0.0820
====================================
  Seed: normal state
F_onsite: 0j
F_swave: 0j, F_dwave: 0j
F_px: 0j, F_py: 0j
Free_energy = -16143.66178907992
------------------------------------------
[{'stable': {}, 'free': np.float64(-16143.66178907992)}]
------------------------------------------
  Seed: px+i*py
F_onsite: (2.1070319607443195e-16+2.7790443194172593e-15j)
F_swave: (-1.7138228790782873e-16-2.2604458153093067e-15j), F_dwave: (5.168776376562789e-21+6.7572932106313735e-21j)
F_px: (3.942795849882758e-20+1.355732376662451e-20j), F_py: (-1.5454610750382186e-20-1.3715776407647073e-20j)
Free_energy = -16143.661789079919
------------------------------------------
[{'stable': {}, 'free': np.float64(-16143.66178907992)}]
------------------------------------------
  Seed: s-wave
F_onsite: (-2.848234317279697e-15+0j)
F_swave: (2.3170165852470536e-15+0j), F_dwave: (-1.0060208481307045e-20+0j)
F_px: 9.053047106118109e-20j, F_py: -1.0846492244565234e-20j
Free_energy = -16143.66178907992
------------------------------------------
[{'stable': {}, 'free': np.float64(-16143.66178907992)}]
------------------------------------------
  Seed: s-wave+px
F_onsite: (-2.848234317279697e-15+0j)
F_swave: (2.3170165852470536e-15+0j), F_dwave: (-1.0060208481307045e-20+0j)
F_px: 9.053047106118109e-20j, F_py: -1.0846492244565234e-20j
Free_energy = -16143.66178907992
------------------------------------------
[{'stable': {}, 'free': np.float64(-16143.66178907992)}]
------------------------------------------
  Seed: s-wave+py
F_onsite: (-2.848234317279697e-15+0j)
F_swave: (2.3170165852470536e-15+0j), F_dwave: (-1.0060208481307045e-20+0j)
F_px: 9.053047106118109e-20j, F_py: -1.0846492244565234e-20j
Free_energy = -16143.66178907992
------------------------------------------
[{'stable': {}, 'free': np.float64(-16143.66178907992)}]
------------------------------------------
====================================
mu=2.73, T=0.0850
====================================
  Seed: normal state
F_onsite: 0j
F_swave: 0j, F_dwave: 0j
F_px: 0j, F_py: 0j
Free_energy = -16144.547439342346
------------------------------------------
[{'stable': {}, 'free': np.float64(-16144.547439342346)}]
------------------------------------------
  Seed: px+i*py
F_onsite: (1.5240583956926127e-16+2.0102748879850025e-15j)
F_swave: (-1.24197742564618e-16-1.6381735535997397e-15j), F_dwave: (-7.528035045568999e-21-7.214144617445075e-21j)
F_px: (1.1745290524347268e-19+1.6197745459240266e-21j), F_py: (-6.849961810864484e-20+7.556547826073189e-21j)
Free_energy = -16144.547439342343
------------------------------------------
[{'stable': {}, 'free': np.float64(-16144.547439342346)}]
------------------------------------------
  Seed: s-wave
F_onsite: (-2.058758481618599e-15+0j)
F_swave: (1.6779162617604931e-15+0j), F_dwave: (-4.178455403086902e-21+0j)
F_px: 4.872099093538237e-20j, F_py: 5.745181840576619e-20j
Free_energy = -16144.547439342346
------------------------------------------
[{'stable': {}, 'free': np.float64(-16144.547439342346)}]
------------------------------------------
  Seed: s-wave+px
F_onsite: (-2.058758481618599e-15+0j)
F_swave: (1.6779162617604931e-15+0j), F_dwave: (-4.178455403086902e-21+0j)
F_px: 4.872099093538237e-20j, F_py: 5.745181840576619e-20j
Free_energy = -16144.547439342346
------------------------------------------
[{'stable': {}, 'free': np.float64(-16144.547439342346)}]
------------------------------------------
  Seed: s-wave+py
F_onsite: (-2.058758481618599e-15+0j)
F_swave: (1.6779162617604931e-15+0j), F_dwave: (-4.178455403086902e-21+0j)
F_px: 4.872099093538237e-20j, F_py: 5.745181840576619e-20j
Free_energy = -16144.547439342346
------------------------------------------
[{'stable': {}, 'free': np.float64(-16144.547439342346)}]
------------------------------------------
====================================
mu=2.73, T=0.0880
====================================
  Seed: normal state
F_onsite: 0j
F_swave: 0j, F_dwave: 0j
F_px: 0j, F_py: 0j
Free_energy = -16145.46498281926
------------------------------------------
[{'stable': {}, 'free': np.float64(-16145.46498281926)}]
------------------------------------------
  Seed: px+i*py
F_onsite: (1.0777170105374057e-16+1.422040871414518e-15j)
F_swave: (-8.799792003267502e-17-1.1610841960565202e-15j), F_dwave: (-1.2277357645639014e-20+1.039685268002053e-20j)
F_px: (1.206652771744941e-19+2.3125833622231556e-20j), F_py: (-8.687782844285429e-20+1.0638307054757064e-20j)
Free_energy = -16145.46498281926
------------------------------------------
[{'stable': {}, 'free': np.float64(-16145.46498281926)}]
------------------------------------------
  Seed: s-wave
F_onsite: (-1.4554225174635679e-15+0j)
F_swave: (1.18822615861231e-15+0j), F_dwave: (-1.4618199923968558e-20+0j)
F_px: 6.037479633097566e-20j, F_py: 2.2624538248798524e-20j
Free_energy = -16145.464982819256
------------------------------------------
[{'stable': {}, 'free': np.float64(-16145.46498281926)}]
------------------------------------------
  Seed: s-wave+px
F_onsite: (-1.4554225174635679e-15+0j)
F_swave: (1.18822615861231e-15+0j), F_dwave: (-1.4618199923968558e-20+0j)
F_px: 6.037479633097566e-20j, F_py: 2.2624538248798524e-20j
Free_energy = -16145.464982819256
------------------------------------------
[{'stable': {}, 'free': np.float64(-16145.46498281926)}]
------------------------------------------
  Seed: s-wave+py
F_onsite: (-1.4554225174635679e-15+0j)
F_swave: (1.18822615861231e-15+0j), F_dwave: (-1.4618199923968558e-20+0j)
F_px: 6.037479633097566e-20j, F_py: 2.2624538248798524e-20j
Free_energy = -16145.464982819256
------------------------------------------
[{'stable': {}, 'free': np.float64(-16145.46498281926)}]
------------------------------------------
====================================
mu=2.73, T=0.0910
====================================
  Seed: normal state
F_onsite: 0j
F_swave: 0j, F_dwave: 0j
F_px: 0j, F_py: 0j
Free_energy = -16146.414428824024
------------------------------------------
[{'stable': {}, 'free': np.float64(-16146.414428824024)}]
------------------------------------------
  Seed: px+i*py
F_onsite: (7.473187696787415e-17+9.856580770864762e-16j)
F_swave: (-6.103057364398226e-17-8.050166146040095e-16j), F_dwave: (3.948894840172488e-21-1.375678011377725e-21j)
F_px: (3.686963569920776e-20+5.401511546309343e-20j), F_py: (-5.3358385185291434e-20+4.194906711517234e-20j)
Free_energy = -16146.414428824024
------------------------------------------
[{'stable': {}, 'free': np.float64(-16146.414428824024)}]
------------------------------------------
  Seed: s-wave
F_onsite: (-1.0068898202471522e-15+0j)
F_swave: (8.22203517406671e-16+0j), F_dwave: (-1.8137314832541815e-20+0j)
F_px: 1.3421738676568858e-20j, F_py: 1.403737294991883e-20j
Free_energy = -16146.414428824024
------------------------------------------
[{'stable': {}, 'free': np.float64(-16146.414428824024)}]
------------------------------------------
  Seed: s-wave+px
F_onsite: (-1.0068898202471522e-15+0j)
F_swave: (8.22203517406671e-16+0j), F_dwave: (-1.8137314832541815e-20+0j)
F_px: 1.3421738676568858e-20j, F_py: 1.403737294991883e-20j
Free_energy = -16146.414428824024
------------------------------------------
[{'stable': {}, 'free': np.float64(-16146.414428824024)}]
------------------------------------------
  Seed: s-wave+py
F_onsite: (-1.0068898202471522e-15+0j)
F_swave: (8.22203517406671e-16+0j), F_dwave: (-1.8137314832541815e-20+0j)
F_px: 1.3421738676568858e-20j, F_py: 1.403737294991883e-20j
Free_energy = -16146.414428824024
------------------------------------------
[{'stable': {}, 'free': np.float64(-16146.414428824024)}]
------------------------------------------
====================================
mu=2.73, T=0.0940
====================================
  Seed: normal state
F_onsite: 0j
F_swave: 0j, F_dwave: 0j
F_px: 0j, F_py: 0j
Free_energy = -16147.395786458916
------------------------------------------
[{'stable': {}, 'free': np.float64(-16147.395786458916)}]
------------------------------------------
  Seed: px+i*py
F_onsite: (6.151397844471372e-17+8.111991216496095e-16j)
F_swave: (-5.025713340224471e-17-6.627949081202139e-16j), F_dwave: (1.067485598963086e-20-3.6765478072967454e-21j)
F_px: (6.327566583360062e-20-2.541380049726425e-20j), F_py: (-3.481261820948167e-20+3.9146011727968045e-20j)
Free_energy = -16147.395786458916
------------------------------------------
[{'stable': {}, 'free': np.float64(-16147.395786458916)}]
------------------------------------------
  Seed: s-wave
F_onsite: (-8.281222820012982e-16+0j)
F_swave: (6.763784076280895e-16+0j), F_dwave: (-1.0804028555588743e-20+0j)
F_px: 1.7583379598048552e-20j, F_py: 7.099270218255734e-20j
Free_energy = -16147.395786458916
------------------------------------------
[{'stable': {}, 'free': np.float64(-16147.395786458916)}]
------------------------------------------
  Seed: s-wave+px
F_onsite: (-8.281222820012982e-16+0j)
F_swave: (6.763784076280895e-16+0j), F_dwave: (-1.0804028555588743e-20+0j)
F_px: 1.7583379598048552e-20j, F_py: 7.099270218255734e-20j
Free_energy = -16147.395786458916
------------------------------------------
[{'stable': {}, 'free': np.float64(-16147.395786458916)}]
------------------------------------------
  Seed: s-wave+py
F_onsite: (-8.281222820012982e-16+0j)
F_swave: (6.763784076280895e-16+0j), F_dwave: (-1.0804028555588743e-20+0j)
F_px: 1.7583379598048552e-20j, F_py: 7.099270218255734e-20j
Free_energy = -16147.395786458916
------------------------------------------
[{'stable': {}, 'free': np.float64(-16147.395786458916)}]
------------------------------------------
====================================
mu=2.73, T=0.0970
====================================
  Seed: normal state
F_onsite: 0j
F_swave: 0j, F_dwave: 0j
F_px: 0j, F_py: 0j
Free_energy = -16148.409064674126
------------------------------------------
[{'stable': {}, 'free': np.float64(-16148.409064674126)}]
------------------------------------------
  Seed: px+i*py
F_onsite: (5.014925880046765e-17+6.611851528640908e-16j)
F_swave: (-4.0909071598955706e-17-5.393892355498454e-16j), F_dwave: (9.172546467737856e-22-2.8128074877369873e-21j)
F_px: (9.798995797656534e-20+5.1208079133408536e-23j), F_py: (-6.4198985075521e-20+1.993880229843056e-20j)
Free_energy = -16148.409064674126
------------------------------------------
[{'stable': {}, 'free': np.float64(-16148.409064674126)}]
------------------------------------------
  Seed: s-wave
F_onsite: (-6.73546348706214e-16+0j)
F_swave: (5.497975431384013e-16+0j), F_dwave: (2.850581830538055e-20+0j)
F_px: 7.222446739161742e-21j, F_py: 3.0849473191475176e-20j
Free_energy = -16148.409064674126
------------------------------------------
[{'stable': {}, 'free': np.float64(-16148.409064674126)}]
------------------------------------------
  Seed: s-wave+px
F_onsite: (-6.73546348706214e-16+0j)
F_swave: (5.497975431384013e-16+0j), F_dwave: (2.850581830538055e-20+0j)
F_px: 7.222446739161742e-21j, F_py: 3.0849473191475176e-20j
Free_energy = -16148.409064674126
------------------------------------------
[{'stable': {}, 'free': np.float64(-16148.409064674126)}]
------------------------------------------
  Seed: s-wave+py
F_onsite: (-6.73546348706214e-16+0j)
F_swave: (5.497975431384013e-16+0j), F_dwave: (2.850581830538055e-20+0j)
F_px: 7.222446739161742e-21j, F_py: 3.0849473191475176e-20j
Free_energy = -16148.409064674126
------------------------------------------
[{'stable': {}, 'free': np.float64(-16148.409064674126)}]
------------------------------------------
====================================
mu=2.73, T=0.1000
====================================
  Seed: normal state
F_onsite: 0j
F_swave: 0j, F_dwave: 0j
F_px: 0j, F_py: 0j
Free_energy = -16149.454272289711
------------------------------------------
[{'stable': {}, 'free': np.float64(-16149.454272289711)}]
------------------------------------------
  Seed: px+i*py
F_onsite: (4.047168407140957e-17+5.3344937984222e-16j)
F_swave: (-3.2890230715525017e-17-4.335320714335845e-16j), F_dwave: (-7.53324473381468e-21-3.3670237119018018e-21j)
F_px: (4.9051184679728894e-20-2.0909080619254772e-20j), F_py: (5.203012330928573e-20+7.393474100828802e-21j)
Free_energy = -16149.454272289715
------------------------------------------
[{'stable': {}, 'free': np.float64(-16149.454272289711)}]
------------------------------------------
  Seed: s-wave
F_onsite: (-5.427289992700539e-16+0j)
F_swave: (4.412696831881996e-16+0j), F_dwave: (-1.9415875683508513e-20+0j)
F_px: 6.409189740303733e-20j, F_py: 5.643842395627435e-20j
Free_energy = -16149.454272289711
------------------------------------------
[{'stable': {}, 'free': np.float64(-16149.454272289711)}]
------------------------------------------
  Seed: s-wave+px
F_onsite: (-5.427289992700539e-16+0j)
F_swave: (4.412696831881996e-16+0j), F_dwave: (-1.9415875683508513e-20+0j)
F_px: 6.409189740303733e-20j, F_py: 5.643842395627435e-20j
Free_energy = -16149.454272289711
------------------------------------------
[{'stable': {}, 'free': np.float64(-16149.454272289711)}]
------------------------------------------
  Seed: s-wave+py
F_onsite: (-5.427289992700539e-16+0j)
F_swave: (4.412696831881996e-16+0j), F_dwave: (-1.9415875683508513e-20+0j)
F_px: 6.409189740303733e-20j, F_py: 5.643842395627435e-20j
Free_energy = -16149.454272289711
------------------------------------------
[{'stable': {}, 'free': np.float64(-16149.454272289711)}]
------------------------------------------
