/home/emilssp/D1/venv/bin/python
Python 3.10.12
Running job 17 out of 30
====================================
mu=1.01, T=0.0010
====================================
  Seed: normal state
F_onsite: 0j
F_swave: 0j, F_dwave: 0j
F_px: 0j, F_py: 0j
Free_energy = -10369.75598784987
------------------------------------------
[{'stable': {}, 'free': np.float64(-10369.75598784987)}]
------------------------------------------
  Seed: px
F_onsite: -1.2238567296640572e-17j
F_swave: 3.133704267485691e-18j, F_dwave: -5.794308870194333e-17j
F_px: (0.04664212228117152+0j), F_py: (2.5923840397411887e-19+0j)
Free_energy = -10411.286824825773
------------------------------------------
[{'stable': {'F_px': np.complex128(0.04664212228117152+0j)}, 'free': np.float64(-10411.286824825773)}]
------------------------------------------
  Seed: py
F_onsite: 2.392952779288124e-17j
F_swave: -6.036221479930161e-18j, F_dwave: 9.669579895089323e-17j
F_px: (2.334492285804306e-18+0j), F_py: (0.04664212228117141+0j)
Free_energy = -10411.286824825846
------------------------------------------
[{'stable': {'F_px': np.complex128(0.04664212228117152+0j)}, 'free': np.float64(-10411.286824825773)}, {'stable': {'F_py': np.complex128(0.04664212228117141+0j)}, 'free': np.float64(-10411.286824825846)}]
------------------------------------------
  Seed: px+py
F_onsite: -3.278531019598415e-17j
F_swave: 9.20888926298955e-18j, F_dwave: 9.221012422047127e-18j
F_px: (0.027792029230164404+0j), F_py: (0.027792029230173175+0j)
Free_energy = -10399.241204604881
------------------------------------------
[{'stable': {'F_px': np.complex128(0.04664212228117152+0j)}, 'free': np.float64(-10411.286824825773)}, {'stable': {'F_py': np.complex128(0.04664212228117141+0j)}, 'free': np.float64(-10411.286824825846)}]
------------------------------------------
  Seed: px+i*py
F_onsite: (-4.973142191566811e-18+2.9374043819595068e-18j)
F_swave: (5.678270650376414e-18+3.469446951953614e-17j), F_dwave: (-6.812831578554147e-17-2.706168622523819e-16j)
F_px: (0.0354767009173515-2.652536613886045e-18j), F_py: (-8.23051326935163e-18+0.035476700917351285j)
Free_energy = -10417.839804405923
------------------------------------------
[{'stable': {'F_px': np.complex128(0.0354767009173515-2.652536613886045e-18j), 'F_py': np.complex128(-8.23051326935163e-18+0.035476700917351285j)}, 'free': np.float64(-10417.839804405923)}]
------------------------------------------
  Seed: d-wave
F_onsite: (2.5933819504321727e-17+0j)
F_swave: (-8.673617379884035e-17+0j), F_dwave: (0.04488543273795997+0j)
F_px: 1.6959655561443593e-17j, F_py: -1.9305712245801697e-17j
Free_energy = -10446.563161743732
------------------------------------------
[{'stable': {'F_dwave': np.complex128(0.04488543273795997+0j)}, 'free': np.float64(-10446.563161743732)}]
------------------------------------------
  Seed: d-wave+px
F_onsite: (-0.0005664506122074315-5.470218182707077e-18j)
F_swave: (0.00019994688011622068+6.100754802599098e-19j), F_dwave: (0.04247688046285708-1.3036975258766555e-17j)
F_px: (0.023161428126940206-8.580443755686062e-19j), F_py: (2.42861286636753e-17-1.2853698504804406e-17j)
Free_energy = -10448.717434812303
------------------------------------------
[{'stable': {'F_dwave': np.complex128(0.04247688046285708-1.3036975258766555e-17j), 'F_px': np.complex128(0.023161428126940206-8.580443755686062e-19j)}, 'free': np.float64(-10448.717434812303)}]
------------------------------------------
  Seed: d-wave+py
F_onsite: (0.0005664506122075047-1.6574317195398522e-18j)
F_swave: (-0.0001999468801161565+1.2719523192003404e-18j), F_dwave: (0.04247688046285705+9.171937450665581e-18j)
F_px: (6.938893903907228e-18+2.5938451715752024e-17j), F_py: (0.02316142812694013-7.375407039318812e-18j)
Free_energy = -10448.717434812323
------------------------------------------
[{'stable': {'F_dwave': np.complex128(0.04247688046285708-1.3036975258766555e-17j), 'F_px': np.complex128(0.023161428126940206-8.580443755686062e-19j)}, 'free': np.float64(-10448.717434812303)}, {'stable': {'F_dwave': np.complex128(0.04247688046285705+9.171937450665581e-18j), 'F_py': np.complex128(0.02316142812694013-7.375407039318812e-18j)}, 'free': np.float64(-10448.717434812323)}]
------------------------------------------
====================================
mu=1.01, T=0.0101
====================================
  Seed: normal state
F_onsite: 0j
F_swave: 0j, F_dwave: 0j
F_px: 0j, F_py: 0j
Free_energy = -10369.922623379618
------------------------------------------
[{'stable': {}, 'free': np.float64(-10369.922623379618)}]
------------------------------------------
  Seed: px
F_onsite: 1.3441354081741679e-19j
F_swave: -1.1486137341682736e-17j, F_dwave: -6.899199822416524e-17j
F_px: (0.046624715456703957+0j), F_py: (1.805212499056126e-18+0j)
Free_energy = -10411.275892769987
------------------------------------------
[{'stable': {'F_px': np.complex128(0.046624715456703957+0j)}, 'free': np.float64(-10411.275892769987)}]
------------------------------------------
  Seed: py
F_onsite: 2.906519443120247e-17j
F_swave: -8.291023185521109e-18j, F_dwave: 1.261557107355162e-16j
F_px: (2.467423518964028e-18+0j), F_py: (0.046624715456704234+0j)
Free_energy = -10411.27589276999
------------------------------------------
[{'stable': {'F_px': np.complex128(0.046624715456703957+0j)}, 'free': np.float64(-10411.275892769987)}, {'stable': {'F_py': np.complex128(0.046624715456704234+0j)}, 'free': np.float64(-10411.27589276999)}]
------------------------------------------
  Seed: px+py
F_onsite: -3.424130689275509e-17j
F_swave: 1.3607213720725911e-17j, F_dwave: 1.5146537283682992e-17j
F_px: (0.02772791825213007+0j), F_py: (0.02772791825220475+0j)
Free_energy = -10399.147493233433
------------------------------------------
[{'stable': {'F_px': np.complex128(0.046624715456703957+0j)}, 'free': np.float64(-10411.275892769987)}, {'stable': {'F_py': np.complex128(0.046624715456704234+0j)}, 'free': np.float64(-10411.27589276999)}]
------------------------------------------
  Seed: px+i*py
F_onsite: (-9.479833926992519e-18+7.56038315313139e-17j)
F_swave: (7.822746314587489e-18+3.2959746043559335e-17j), F_dwave: (-6.680334449779893e-17-3.0357660829594124e-16j)
F_px: (0.035475912155049444-2.9381455357883543e-18j), F_py: (-7.134082058690141e-18+0.035475912155049236j)
Free_energy = -10417.837736526388
------------------------------------------
[{'stable': {'F_px': np.complex128(0.035475912155049444-2.9381455357883543e-18j), 'F_py': np.complex128(-7.134082058690141e-18+0.035475912155049236j)}, 'free': np.float64(-10417.837736526388)}]
------------------------------------------
  Seed: d-wave
F_onsite: (4.5753153007875976e-17+0j)
F_swave: (-5.204170427930421e-17+0j), F_dwave: (0.04488224822733833+0j)
F_px: 2.5636532032941088e-17j, F_py: -1.994014654074007e-17j
Free_energy = -10446.554234601832
------------------------------------------
[{'stable': {'F_dwave': np.complex128(0.04488224822733833+0j)}, 'free': np.float64(-10446.554234601832)}]
------------------------------------------
  Seed: d-wave+px
F_onsite: (-0.0005661105455400529+2.9431747939126767e-18j)
F_swave: (0.00019982670753207303+6.949177413282488e-19j), F_dwave: (0.042477895640826366-1.2682670641352942e-17j)
F_px: (0.023155566914165544+1.3854719394891578e-17j), F_py: (3.469446951953614e-18-1.299602650972273e-17j)
Free_energy = -10448.715945166912
------------------------------------------
[{'stable': {'F_dwave': np.complex128(0.042477895640826366-1.2682670641352942e-17j), 'F_px': np.complex128(0.023155566914165544+1.3854719394891578e-17j)}, 'free': np.float64(-10448.715945166912)}]
------------------------------------------
  Seed: d-wave+py
F_onsite: (0.0005661105455400651-1.923717702332923e-18j)
F_swave: (-0.00019982670753208864+3.304235822569623e-18j), F_dwave: (0.042477895640826414+1.1082459967867058e-17j)
F_px: (3.469446951953614e-17+1.8324287264425906e-17j), F_py: (0.02315556691416574-6.889951281423691e-18j)
Free_energy = -10448.715945166894
------------------------------------------
[{'stable': {'F_dwave': np.complex128(0.042477895640826366-1.2682670641352942e-17j), 'F_px': np.complex128(0.023155566914165544+1.3854719394891578e-17j)}, 'free': np.float64(-10448.715945166912)}, {'stable': {'F_dwave': np.complex128(0.042477895640826414+1.1082459967867058e-17j), 'F_py': np.complex128(0.02315556691416574-6.889951281423691e-18j)}, 'free': np.float64(-10448.715945166894)}]
------------------------------------------
====================================
mu=1.01, T=0.0191
====================================
  Seed: normal state
F_onsite: 0j
F_swave: 0j, F_dwave: 0j
F_px: 0j, F_py: 0j
Free_energy = -10370.58294343006
------------------------------------------
[{'stable': {}, 'free': np.float64(-10370.58294343006)}]
------------------------------------------
  Seed: px
F_onsite: 3.692100150051248e-17j
F_swave: 5.438083870270617e-18j, F_dwave: -1.2164576321719949e-16j
F_px: (0.04641418932225924+0j), F_py: (1.0839871055262406e-18+0j)
Free_energy = -10411.036958017987
------------------------------------------
[{'stable': {'F_px': np.complex128(0.04641418932225924+0j)}, 'free': np.float64(-10411.036958017987)}]
------------------------------------------
  Seed: py
F_onsite: 4.0271652081613676e-17j
F_swave: -1.2304424108289594e-17j, F_dwave: 1.6702801505585159e-16j
F_px: (9.442597564537832e-19+0j), F_py: (0.0464141893222596+0j)
Free_energy = -10411.036958018045
------------------------------------------
[{'stable': {'F_px': np.complex128(0.04641418932225924+0j)}, 'free': np.float64(-10411.036958017987)}, {'stable': {'F_py': np.complex128(0.0464141893222596+0j)}, 'free': np.float64(-10411.036958018045)}]
------------------------------------------
  Seed: px+py
F_onsite: -1.3217631504548136e-17j
F_swave: 9.374219506381749e-18j, F_dwave: 3.6424587253862254e-17j
F_px: (0.027393959228560572+0j), F_py: (0.02739395922975249+0j)
Free_energy = -10398.718823999994
------------------------------------------
[{'stable': {'F_px': np.complex128(0.04641418932225924+0j)}, 'free': np.float64(-10411.036958017987)}, {'stable': {'F_py': np.complex128(0.0464141893222596+0j)}, 'free': np.float64(-10411.036958018045)}]
------------------------------------------
  Seed: px+i*py
F_onsite: (-5.029893399032849e-18+9.048598865633514e-17j)
F_swave: (6.8141815373138335e-18+1.3877787807814457e-17j), F_dwave: (-6.232533276857166e-17-4.198030811863873e-16j)
F_px: (0.035387897216409274-2.201041583219901e-18j), F_py: (3.0375924977519295e-18+0.035387897216408976j)
Free_energy = -10417.638582305906
------------------------------------------
[{'stable': {'F_px': np.complex128(0.035387897216409274-2.201041583219901e-18j), 'F_py': np.complex128(3.0375924977519295e-18+0.035387897216408976j)}, 'free': np.float64(-10417.638582305906)}]
------------------------------------------
  Seed: d-wave
F_onsite: (1.3012666736669337e-16+0j)
F_swave: (-3.122502256758253e-17+0j), F_dwave: (0.04479599001446201+0j)
F_px: 1.7075486903390313e-17j, F_py: -2.0323658078402317e-17j
Free_energy = -10446.337251216033
------------------------------------------
[{'stable': {'F_dwave': np.complex128(0.04479599001446201+0j)}, 'free': np.float64(-10446.337251216033)}]
------------------------------------------
  Seed: d-wave+px
F_onsite: (-0.0005401375958886111-2.6886149234831578e-18j)
F_swave: (0.0001906622950084303-1.3018300829257558e-18j), F_dwave: (0.04254162086208056-9.539476957880043e-18j)
F_px: (0.022669362959682336+5.584964677280433e-18j), F_py: (5.204170427930421e-17-1.4489252951503456e-17j)
Free_energy = -10448.535723063987
------------------------------------------
[{'stable': {'F_dwave': np.complex128(0.04254162086208056-9.539476957880043e-18j), 'F_px': np.complex128(0.022669362959682336+5.584964677280433e-18j)}, 'free': np.float64(-10448.535723063987)}]
------------------------------------------
  Seed: d-wave+py
F_onsite: (0.0005401375958885836-2.7212786315116517e-18j)
F_swave: (-0.0001906622950085292+6.482978420047601e-19j), F_dwave: (0.04254162086208066+4.537356975094274e-18j)
F_px: (-3.469446951953614e-17+1.9247778170059708e-17j), F_py: (0.022669362959682776-1.0455787935796884e-17j)
Free_energy = -10448.535723063878
------------------------------------------
[{'stable': {'F_dwave': np.complex128(0.04254162086208056-9.539476957880043e-18j), 'F_px': np.complex128(0.022669362959682336+5.584964677280433e-18j)}, 'free': np.float64(-10448.535723063987)}, {'stable': {'F_dwave': np.complex128(0.04254162086208066+4.537356975094274e-18j), 'F_py': np.complex128(0.022669362959682776-1.0455787935796884e-17j)}, 'free': np.float64(-10448.535723063878)}]
------------------------------------------
====================================
mu=1.01, T=0.0282
====================================
  Seed: normal state
F_onsite: 0j
F_swave: 0j, F_dwave: 0j
F_px: 0j, F_py: 0j
Free_energy = -10371.697938139989
------------------------------------------
[{'stable': {}, 'free': np.float64(-10371.697938139989)}]
------------------------------------------
  Seed: px
F_onsite: 3.012848547780263e-17j
F_swave: -7.799294089860386e-18j, F_dwave: -1.8015556990041515e-16j
F_px: (0.04553450859109192+0j), F_py: (1.984849658323042e-18+0j)
Free_energy = -10409.926659834944
------------------------------------------
[{'stable': {'F_px': np.complex128(0.04553450859109192+0j)}, 'free': np.float64(-10409.926659834944)}]
------------------------------------------
  Seed: py
F_onsite: 4.9971767514451516e-17j
F_swave: -1.6260385609322397e-17j, F_dwave: 2.2223592849199237e-16j
F_px: (6.745194674226911e-19+0j), F_py: (0.04553450859109232+0j)
Free_energy = -10409.926659834986
------------------------------------------
[{'stable': {'F_px': np.complex128(0.04553450859109192+0j)}, 'free': np.float64(-10409.926659834944)}, {'stable': {'F_py': np.complex128(0.04553450859109232+0j)}, 'free': np.float64(-10409.926659834986)}]
------------------------------------------
  Seed: px+py
F_onsite: -1.1280837731091975e-17j
F_swave: 1.1170088173238476e-17j, F_dwave: 8.39883459783882e-17j
F_px: (0.026590431275760107+0j), F_py: (0.026590431297883646+0j)
Free_energy = -10397.732235067377
------------------------------------------
[{'stable': {'F_px': np.complex128(0.04553450859109192+0j)}, 'free': np.float64(-10409.926659834944)}, {'stable': {'F_py': np.complex128(0.04553450859109232+0j)}, 'free': np.float64(-10409.926659834986)}]
------------------------------------------
  Seed: px+i*py
F_onsite: (-9.00157794914906e-18+6.495869202713628e-17j)
F_swave: (5.405896618274953e-18+6.938893903907228e-18j), F_dwave: (-1.3030598688860506e-16-9.679756995950584e-16j)
F_px: (0.034785171942726165+5.470747578299111e-18j), F_py: (-3.858076256065728e-18+0.03478517194272597j)
Free_energy = -10416.326001508776
------------------------------------------
[{'stable': {'F_px': np.complex128(0.034785171942726165+5.470747578299111e-18j), 'F_py': np.complex128(-3.858076256065728e-18+0.03478517194272597j)}, 'free': np.float64(-10416.326001508776)}]
------------------------------------------
  Seed: d-wave
F_onsite: (4.3890904751223093e-17+0j)
F_swave: (-3.122502256758253e-17+0j), F_dwave: (0.0444809093510827+0j)
F_px: 1.702241954478228e-17j, F_py: -2.2223956643232638e-17j
Free_energy = -10445.575790362722
------------------------------------------
[{'stable': {'F_dwave': np.complex128(0.0444809093510827+0j)}, 'free': np.float64(-10445.575790362722)}]
------------------------------------------
  Seed: d-wave+px
F_onsite: (-0.00042086683167287216-5.367568377411696e-18j)
F_swave: (0.00014859737605088866+1.7717017580803776e-18j), F_dwave: (0.04276622708193203-1.1281036254438988e-17j)
F_px: (0.020185668959802467+1.4853900635296432e-17j), F_py: (1.3877787807814457e-17-1.576737272935099e-17j)
Free_energy = -10447.492991491194
------------------------------------------
[{'stable': {'F_dwave': np.complex128(0.04276622708193203-1.1281036254438988e-17j), 'F_px': np.complex128(0.020185668959802467+1.4853900635296432e-17j)}, 'free': np.float64(-10447.492991491194)}]
------------------------------------------
  Seed: d-wave+py
F_onsite: (0.00042086683167291087-1.923108897402084e-18j)
F_swave: (-0.0001485973760509303+1.1400931121144874e-18j), F_dwave: (0.04276622708193199+9.510843273795907e-18j)
F_px: (-3.8163916471489756e-17+1.614889489764005e-17j), F_py: (0.02018566895980235-7.900302768820461e-18j)
Free_energy = -10447.492991491203
------------------------------------------
[{'stable': {'F_dwave': np.complex128(0.04276622708193203-1.1281036254438988e-17j), 'F_px': np.complex128(0.020185668959802467+1.4853900635296432e-17j)}, 'free': np.float64(-10447.492991491194)}, {'stable': {'F_dwave': np.complex128(0.04276622708193199+9.510843273795907e-18j), 'F_py': np.complex128(0.02018566895980235-7.900302768820461e-18j)}, 'free': np.float64(-10447.492991491203)}]
------------------------------------------
====================================
mu=1.01, T=0.0372
====================================
  Seed: normal state
F_onsite: 0j
F_swave: 0j, F_dwave: 0j
F_px: 0j, F_py: 0j
Free_energy = -10373.24651012254
------------------------------------------
[{'stable': {}, 'free': np.float64(-10373.24651012254)}]
------------------------------------------
  Seed: px
F_onsite: 2.792355283698128e-17j
F_swave: -2.357512391379412e-17j, F_dwave: -2.601796958065348e-16j
F_px: (0.043410967511601915+0j), F_py: (1.9269403979994295e-18+0j)
Free_energy = -10407.302675742858
------------------------------------------
[{'stable': {'F_px': np.complex128(0.043410967511601915+0j)}, 'free': np.float64(-10407.302675742858)}]
------------------------------------------
  Seed: py
