/home/emilssp/D1/venv/bin/python
Python 3.10.12
Running job 2 out of 25
====================================
mu=2.45, T=0.0010
====================================
  Seed: normal state
F_onsite: 0j
F_swave: 0j, F_dwave: 0j
F_px: 0j, F_py: 0j
Free_energy = -14939.421008788939
------------------------------------------
[{'stable': {}, 'free': np.float64(-14939.421008788939)}]
------------------------------------------
  Seed: px+i*py
F_onsite: (-3.888186292107148e-16+2.4183703719157635e-15j)
F_swave: (2.8046576762508334e-16-1.7425297316187027e-15j), F_dwave: (-2.7629821001463702e-17-1.6783449630075609e-16j)
F_px: (0.006883744134638303-9.244504351443633e-19j), F_py: (6.009877431781572e-18+0.00688374413463832j)
Free_energy = -14941.214707808627
------------------------------------------
[{'stable': {'F_px': np.complex128(0.006883744134638303-9.244504351443633e-19j), 'F_py': np.complex128(6.009877431781572e-18+0.00688374413463832j)}, 'free': np.float64(-14941.214707808627)}]
------------------------------------------
  Seed: s-wave
F_onsite: (-0.021009493599861432+0j)
F_swave: (0.015403757259722725+0j), F_dwave: (-9.540979117872439e-18+0j)
F_px: 1.089093787755898e-17j, F_py: 7.763109901144866e-18j
Free_energy = -14948.484481272522
------------------------------------------
[{'stable': {'F_onsite': np.complex128(-0.021009493599861432+0j), 'F_swave': np.complex128(0.015403757259722725+0j)}, 'free': np.float64(-14948.484481272522)}]
------------------------------------------
  Seed: s-wave+px
F_onsite: (-0.02100671521635657+5.177661874237511e-18j)
F_swave: (0.015401589532369434-3.482496553297251e-18j), F_dwave: (4.792897329020107e-11+4.870968842304261e-19j)
F_px: (3.7524410641861378e-06+6.6987335935810325e-18j), F_py: 7.387000802784355e-18j
Free_energy = -14948.481529066903
------------------------------------------
[{'stable': {'F_onsite': np.complex128(-0.021009493599861432+0j), 'F_swave': np.complex128(0.015403757259722725+0j)}, 'free': np.float64(-14948.484481272522)}]
------------------------------------------
  Seed: s-wave+py
F_onsite: (-0.02100671521635652+7.01653601010769e-18j)
F_swave: (0.015401589532369416-6.739483819277845e-18j), F_dwave: (-4.792896505026456e-11-1.505243721719896e-18j)
F_px: (-3.469446951953614e-18+7.402406214512543e-18j), F_py: (3.7524410642338427e-06+7.503123725896999e-18j)
Free_energy = -14948.481529066887
------------------------------------------
[{'stable': {'F_onsite': np.complex128(-0.021009493599861432+0j), 'F_swave': np.complex128(0.015403757259722725+0j)}, 'free': np.float64(-14948.484481272522)}]
------------------------------------------
====================================
mu=2.45, T=0.0040
====================================
  Seed: normal state
F_onsite: 0j
F_swave: 0j, F_dwave: 0j
F_px: 0j, F_py: 0j
Free_energy = -14939.478134633859
------------------------------------------
[{'stable': {}, 'free': np.float64(-14939.478134633859)}]
------------------------------------------
  Seed: px+i*py
F_onsite: (-1.5108008269541456e-15+9.094435180071454e-15j)
F_swave: (1.0832137512105077e-15-6.5134529714239164e-15j), F_dwave: (-1.0439602989059427e-16-6.192962809237201e-16j)
F_px: (0.006830181397233409+3.630065574576711e-19j), F_py: (3.3793041175200354e-18+0.006830181397233421j)
Free_energy = -14941.190944310505
------------------------------------------
[{'stable': {'F_px': np.complex128(0.006830181397233409+3.630065574576711e-19j), 'F_py': np.complex128(3.3793041175200354e-18+0.006830181397233421j)}, 'free': np.float64(-14941.190944310505)}]
------------------------------------------
  Seed: s-wave
F_onsite: (-0.02100826647731205+0j)
F_swave: (0.015402800471377986+0j), F_dwave: (1.0408340855860843e-17+0j)
F_px: 7.52763474180817e-18j, F_py: 7.566862955177885e-18j
Free_energy = -14948.483181312822
------------------------------------------
[{'stable': {'F_onsite': np.complex128(-0.02100826647731205+0j), 'F_swave': np.complex128(0.015402800471377986+0j)}, 'free': np.float64(-14948.483181312822)}]
------------------------------------------
  Seed: s-wave+px
F_onsite: (-0.02100664797820251+6.064030290460171e-18j)
F_swave: (0.015401537702231093-4.766863199130787e-18j), F_dwave: (2.164211518329573e-11-8.69241092340124e-19j)
F_px: (2.521536337531799e-06+9.936067048207367e-18j), F_py: (1.734723475976807e-18+6.917771019785074e-18j)
Free_energy = -14948.48146159406
------------------------------------------
[{'stable': {'F_onsite': np.complex128(-0.02100826647731205+0j), 'F_swave': np.complex128(0.015402800471377986+0j)}, 'free': np.float64(-14948.483181312822)}]
------------------------------------------
  Seed: s-wave+py
F_onsite: (-0.021006647978202543+8.411942198760563e-18j)
F_swave: (0.015401537702231084-5.38837362417863e-18j), F_dwave: (-2.164212342323224e-11+5.323072677901244e-19j)
F_px: (-5.204170427930421e-18+6.553573322245327e-18j), F_py: (2.521536337560422e-06+7.110603364183436e-18j)
Free_energy = -14948.481461594052
------------------------------------------
[{'stable': {'F_onsite': np.complex128(-0.02100826647731205+0j), 'F_swave': np.complex128(0.015402800471377986+0j)}, 'free': np.float64(-14948.483181312822)}]
------------------------------------------
====================================
mu=2.45, T=0.0070
====================================
  Seed: normal state
F_onsite: 0j
F_swave: 0j, F_dwave: 0j
F_px: 0j, F_py: 0j
Free_energy = -14939.576519854194
------------------------------------------
[{'stable': {}, 'free': np.float64(-14939.576519854194)}]
------------------------------------------
  Seed: px+i*py
F_onsite: (-0.0037404605790972967+0.020663575434929294j)
F_swave: (0.00274240625317491-0.01514998414964656j), F_dwave: (-8.800923097934676e-12+4.853632079582226e-11j)
F_px: (1.3440286158344396e-07-7.405406838743508e-07j), F_py: (-6.91916477502108e-07+3.822746615542508e-06j)
Free_energy = -14948.475910162148
------------------------------------------
[{'stable': {'F_onsite': np.complex128(-0.0037404605790972967+0.020663575434929294j), 'F_swave': np.complex128(0.00274240625317491-0.01514998414964656j)}, 'free': np.float64(-14948.475910162148)}]
------------------------------------------
  Seed: s-wave
F_onsite: (-0.021002615705886796+0j)
F_swave: (0.01539871058606066+0j), F_dwave: (1.9081958235744878e-17+0j)
F_px: 5.232598971222644e-18j, F_py: 6.949111238833483e-18j
Free_energy = -14948.479332420193
------------------------------------------
[{'stable': {'F_onsite': np.complex128(-0.0037404605790972967+0.020663575434929294j), 'F_swave': np.complex128(0.00274240625317491-0.01514998414964656j)}, 'free': np.float64(-14948.475910162148)}, {'stable': {'F_onsite': np.complex128(-0.021002615705886796+0j), 'F_swave': np.complex128(0.01539871058606066+0j)}, 'free': np.float64(-14948.479332420193)}]
------------------------------------------
  Seed: s-wave+px
F_onsite: (-0.021002730871070636+5.122099738902018e-18j)
F_swave: (0.0153988004217222-4.2146506570801866e-18j), F_dwave: (6.552885838118083e-12-1.2176098616780567e-21j)
F_px: (1.3887633865611662e-06+4.9167615610151965e-19j), F_py: (6.938893903907228e-18+7.001283174428428e-18j)
Free_energy = -14948.47945470011
------------------------------------------
[{'stable': {'F_onsite': np.complex128(-0.0037404605790972967+0.020663575434929294j), 'F_swave': np.complex128(0.00274240625317491-0.01514998414964656j)}, 'free': np.float64(-14948.475910162148)}, {'stable': {'F_onsite': np.complex128(-0.021002615705886796+0j), 'F_swave': np.complex128(0.01539871058606066+0j)}, 'free': np.float64(-14948.479332420193)}]
------------------------------------------
  Seed: s-wave+py
F_onsite: (-0.021002730871070633+7.897272192313568e-18j)
F_swave: (0.015398800421722201-6.3485516443403836e-18j), F_dwave: (-6.55287846554331e-12-1.211561517039069e-18j)
F_px: (9.540979117872439e-18+7.220558828648885e-18j), F_py: (1.3887633865698398e-06+7.434990513202231e-18j)
Free_energy = -14948.479454700102
------------------------------------------
[{'stable': {'F_onsite': np.complex128(-0.0037404605790972967+0.020663575434929294j), 'F_swave': np.complex128(0.00274240625317491-0.01514998414964656j)}, 'free': np.float64(-14948.475910162148)}, {'stable': {'F_onsite': np.complex128(-0.021002615705886796+0j), 'F_swave': np.complex128(0.01539871058606066+0j)}, 'free': np.float64(-14948.479332420193)}]
------------------------------------------
====================================
mu=2.45, T=0.0100
====================================
  Seed: normal state
F_onsite: 0j
F_swave: 0j, F_dwave: 0j
F_px: 0j, F_py: 0j
Free_energy = -14939.70183170638
------------------------------------------
[{'stable': {}, 'free': np.float64(-14939.70183170638)}]
------------------------------------------
  Seed: px+i*py
F_onsite: (-0.0037270184865826586+0.020589316747581094j)
F_swave: (0.0027325955163976664-0.015095786305508497j), F_dwave: (-7.275538678463978e-14+4.0189422970127175e-13j)
F_px: (1.2307863968665303e-08-6.798099651868922e-08j), F_py: (-6.351787206230683e-08+3.508965287805574e-07j)
Free_energy = -14948.422401270682
------------------------------------------
[{'stable': {'F_onsite': np.complex128(-0.0037270184865826586+0.020589316747581094j), 'F_swave': np.complex128(0.0027325955163976664-0.015095786305508497j)}, 'free': np.float64(-14948.422401270682)}]
------------------------------------------
  Seed: s-wave
F_onsite: (-0.020924062772080157+0j)
F_swave: (0.015341223461002803+0j), F_dwave: (2.168404344971009e-17+0j)
F_px: 2.6659303223645035e-18j, F_py: 7.54791059298307e-18j
Free_energy = -14948.422545827143
------------------------------------------
[{'stable': {'F_onsite': np.complex128(-0.0037270184865826586+0.020589316747581094j), 'F_swave': np.complex128(0.0027325955163976664-0.015095786305508497j)}, 'free': np.float64(-14948.422401270682)}, {'stable': {'F_onsite': np.complex128(-0.020924062772080157+0j), 'F_swave': np.complex128(0.015341223461002803+0j)}, 'free': np.float64(-14948.422545827143)}]
------------------------------------------
  Seed: s-wave+px
F_onsite: (-0.02092406769350416-1.9205447320150168e-18j)
F_swave: (0.015341227292699808+8.93527115124681e-19j), F_dwave: (5.419883292168137e-14-1.0441666308379379e-18j)
F_px: (1.2745924940407022e-07+7.154225560967033e-18j), F_py: (-1.734723475976807e-18+7.522711362802255e-18j)
Free_energy = -14948.422550985646
------------------------------------------
[{'stable': {'F_onsite': np.complex128(-0.0037270184865826586+0.020589316747581094j), 'F_swave': np.complex128(0.0027325955163976664-0.015095786305508497j)}, 'free': np.float64(-14948.422401270682)}, {'stable': {'F_onsite': np.complex128(-0.020924062772080157+0j), 'F_swave': np.complex128(0.015341223461002803+0j)}, 'free': np.float64(-14948.422545827143)}]
------------------------------------------
  Seed: s-wave+py
F_onsite: (-0.02092406769350414+8.454327435391482e-18j)
F_swave: (0.0153412272926998-5.700187627886619e-18j), F_dwave: (-5.420273604950232e-14+6.640473608677698e-19j)
F_px: (3.469446951953614e-18+3.7421386214102955e-18j), F_py: (1.2745924939886605e-07+6.953081705773738e-18j)
Free_energy = -14948.422550985657
------------------------------------------
[{'stable': {'F_onsite': np.complex128(-0.0037270184865826586+0.020589316747581094j), 'F_swave': np.complex128(0.0027325955163976664-0.015095786305508497j)}, 'free': np.float64(-14948.422401270682)}, {'stable': {'F_onsite': np.complex128(-0.020924062772080157+0j), 'F_swave': np.complex128(0.015341223461002803+0j)}, 'free': np.float64(-14948.422545827143)}]
------------------------------------------
====================================
mu=2.45, T=0.0130
====================================
  Seed: normal state
F_onsite: 0j
F_swave: 0j, F_dwave: 0j
F_px: 0j, F_py: 0j
Free_energy = -14939.853476083505
------------------------------------------
[{'stable': {}, 'free': np.float64(-14939.853476083505)}]
------------------------------------------
  Seed: px+i*py
F_onsite: (-0.0036776586635162553+0.020316636310020408j)
F_swave: (0.002696454538048958-0.014896131258594276j), F_dwave: (-4.391018798566293e-17+3.213575239247035e-16j)
F_px: (3.3993007779280215e-10-1.8778820555856446e-09j), F_py: (-1.754595368519754e-09+9.692982464414024e-09j)
Free_energy = -14948.226560329424
------------------------------------------
[{'stable': {'F_onsite': np.complex128(-0.0036776586635162553+0.020316636310020408j), 'F_swave': np.complex128(0.002696454538048958-0.014896131258594276j)}, 'free': np.float64(-14948.226560329424)}]
------------------------------------------
  Seed: s-wave
F_onsite: (-0.020646814581267745+0j)
F_swave: (0.015138217605550137+0j), F_dwave: (-6.071532165918825e-18+0j)
F_px: 1.2851395633979058e-17j, F_py: 7.182521755361247e-18j
Free_energy = -14948.22656199897
------------------------------------------
[{'stable': {'F_onsite': np.complex128(-0.0036776586635162553+0.020316636310020408j), 'F_swave': np.complex128(0.002696454538048958-0.014896131258594276j)}, 'free': np.float64(-14948.226560329424)}, {'stable': {'F_onsite': np.complex128(-0.020646814581267745+0j), 'F_swave': np.complex128(0.015138217605550137+0j)}, 'free': np.float64(-14948.22656199897)}]
------------------------------------------
  Seed: s-wave+px
F_onsite: (-0.020646814640151785-1.930116880237733e-18j)
F_swave: (0.015138217651181734+1.3500911085845496e-19j), F_dwave: (2.8189256484623115e-17-1.2603188510653947e-18j)
F_px: (3.520846215271378e-09+1.9454520383638762e-17j), F_py: (-4.336808689942018e-18+7.304812137121086e-18j)
Free_energy = -14948.226562058442
------------------------------------------
[{'stable': {'F_onsite': np.complex128(-0.0036776586635162553+0.020316636310020408j), 'F_swave': np.complex128(0.002696454538048958-0.014896131258594276j)}, 'free': np.float64(-14948.226560329424)}, {'stable': {'F_onsite': np.complex128(-0.020646814581267745+0j), 'F_swave': np.complex128(0.015138217605550137+0j)}, 'free': np.float64(-14948.22656199897)}]
------------------------------------------
  Seed: s-wave+py
F_onsite: (-0.020646814640151796+4.200733723555425e-18j)
F_swave: (0.01513821765118173-3.572784971518639e-18j), F_dwave: (-4.0332320816460765e-17-2.8666771308637727e-19j)
F_px: (-3.469446951953614e-18+7.161134173443075e-18j), F_py: (3.520846238690145e-09+7.57395685611114e-18j)
Free_energy = -14948.226562058439
------------------------------------------
[{'stable': {'F_onsite': np.complex128(-0.0036776586635162553+0.020316636310020408j), 'F_swave': np.complex128(0.002696454538048958-0.014896131258594276j)}, 'free': np.float64(-14948.226560329424)}, {'stable': {'F_onsite': np.complex128(-0.020646814581267745+0j), 'F_swave': np.complex128(0.015138217605550137+0j)}, 'free': np.float64(-14948.22656199897)}]
------------------------------------------
====================================
mu=2.45, T=0.0160
====================================
  Seed: normal state
F_onsite: 0j
F_swave: 0j, F_dwave: 0j
F_px: 0j, F_py: 0j
Free_energy = -14940.033342742832
------------------------------------------
[{'stable': {}, 'free': np.float64(-14940.033342742832)}]
------------------------------------------
  Seed: px+i*py
F_onsite: (-0.0035730426799214523+0.01973870206288707j)
F_swave: (0.0026198503384344506-0.014472943625976646j), F_dwave: (-6.288372600415926e-18-1.9081958235744878e-17j)
F_px: (3.429024208675968e-12-1.8943007752680874e-11j), F_py: (-1.7699366711837472e-11+9.777740596350615e-11j)
Free_energy = -14947.827510819981
------------------------------------------
[{'stable': {'F_onsite': np.complex128(-0.0035730426799214523+0.01973870206288707j), 'F_swave': np.complex128(0.0026198503384344506-0.014472943625976646j)}, 'free': np.float64(-14947.827510819981)}]
------------------------------------------
  Seed: s-wave
F_onsite: (-0.02005948637291837+0j)
F_swave: (0.014708151251481248+0j), F_dwave: (-7.806255641895632e-18+0j)
F_px: 3.660505821118662e-18j, F_py: 7.844742701436499e-18j
Free_energy = -14947.827510829951
------------------------------------------
[{'stable': {'F_onsite': np.complex128(-0.0035730426799214523+0.01973870206288707j), 'F_swave': np.complex128(0.0026198503384344506-0.014472943625976646j)}, 'free': np.float64(-14947.827510819981)}, {'stable': {'F_onsite': np.complex128(-0.02005948637291837+0j), 'F_swave': np.complex128(0.014708151251481248+0j)}, 'free': np.float64(-14947.827510829951)}]
------------------------------------------
  Seed: s-wave+px
F_onsite: (-0.02005948637329647-1.4099527202133477e-18j)
F_swave: (0.014708151251772238+1.3956588341688708e-18j), F_dwave: (-2.0816681711721685e-17-6.18876681977474e-19j)
F_px: (3.551629997045058e-11+6.4118805920374434e-18j), F_py: 7.98156499219767e-18j
Free_energy = -14947.82751083033
------------------------------------------
[{'stable': {'F_onsite': np.complex128(-0.0035730426799214523+0.01973870206288707j), 'F_swave': np.complex128(0.0026198503384344506-0.014472943625976646j)}, 'free': np.float64(-14947.827510819981)}, {'stable': {'F_onsite': np.complex128(-0.02005948637291837+0j), 'F_swave': np.complex128(0.014708151251481248+0j)}, 'free': np.float64(-14947.827510829951)}]
------------------------------------------
  Seed: s-wave+py
F_onsite: (-0.020059486373296558+1.860144158057402e-19j)
F_swave: (0.014708151251772302+5.67353255982771e-19j), F_dwave: (-8.673617379884035e-18+1.2615232260372719e-18j)
F_px: (-4.336808689942018e-18+7.655563186623172e-18j), F_py: (3.551628262321582e-11+8.334618912525103e-18j)
Free_energy = -14947.827510830331
------------------------------------------
[{'stable': {'F_onsite': np.complex128(-0.0035730426799214523+0.01973870206288707j), 'F_swave': np.complex128(0.0026198503384344506-0.014472943625976646j)}, 'free': np.float64(-14947.827510819981)}, {'stable': {'F_onsite': np.complex128(-0.02005948637291837+0j), 'F_swave': np.complex128(0.014708151251481248+0j)}, 'free': np.float64(-14947.827510829951)}]
------------------------------------------
====================================
mu=2.45, T=0.0190
====================================
  Seed: normal state
F_onsite: 0j
F_swave: 0j, F_dwave: 0j
F_px: 0j, F_py: 0j
Free_energy = -14940.243015058595
------------------------------------------
[{'stable': {}, 'free': np.float64(-14940.243015058595)}]
------------------------------------------
  Seed: px+i*py
F_onsite: (-0.0033960692031746917+0.01876104043287986j)
F_swave: (0.0024902387379612603-0.013756925096444193j), F_dwave: (5.095750210681871e-18+8.673617379884035e-19j)
F_px: (1.0291247021232408e-14-5.684602094602198e-14j), F_py: (-5.3085790971407754e-14+2.933538828520099e-13j)
Free_energy = -14947.18999781282
------------------------------------------
[{'stable': {'F_onsite': np.complex128(-0.0033960692031746917+0.01876104043287986j), 'F_swave': np.complex128(0.0024902387379612603-0.013756925096444193j)}, 'free': np.float64(-14947.18999781282)}]
------------------------------------------
  Seed: s-wave
F_onsite: (-0.019065936225602636+0j)
F_swave: (0.013980496310297665+0j), F_dwave: (1.734723475976807e-18+0j)
F_px: 5.818692831163416e-18j, F_py: 8.828200892757945e-18j
Free_energy = -14947.189997812868
------------------------------------------
[{'stable': {'F_onsite': np.complex128(-0.0033960692031746917+0.01876104043287986j), 'F_swave': np.complex128(0.0024902387379612603-0.013756925096444193j)}, 'free': np.float64(-14947.18999781282)}, {'stable': {'F_onsite': np.complex128(-0.019065936225602636+0j), 'F_swave': np.complex128(0.013980496310297665+0j)}, 'free': np.float64(-14947.189997812868)}]
------------------------------------------
  Seed: s-wave+px
F_onsite: (-0.01906593622560432-1.3180684859033569e-17j)
F_swave: (0.013980496310298988+8.497778633989963e-18j), F_dwave: (-2.6020852139652106e-18-1.2927840357468759e-18j)
F_px: (1.066733507082418e-13+8.143083587327225e-18j), F_py: (1.734723475976807e-18+8.8431033786737e-18j)
Free_energy = -14947.189997812868
------------------------------------------
[{'stable': {'F_onsite': np.complex128(-0.0033960692031746917+0.01876104043287986j), 'F_swave': np.complex128(0.0024902387379612603-0.013756925096444193j)}, 'free': np.float64(-14947.18999781282)}, {'stable': {'F_onsite': np.complex128(-0.019065936225602636+0j), 'F_swave': np.complex128(0.013980496310297665+0j)}, 'free': np.float64(-14947.189997812868)}]
------------------------------------------
  Seed: s-wave+py
F_onsite: (-0.01906593622560432-1.227786170438032e-19j)
F_swave: (0.013980496310298976+1.3895840197502814e-18j), F_dwave: (2.6020852139652106e-18+2.0049005163713272e-18j)
F_px: 5.434404570905981e-18j, F_py: (1.0661610483353456e-13+8.524857218522499e-18j)
Free_energy = -14947.189997812868
------------------------------------------
[{'stable': {'F_onsite': np.complex128(-0.0033960692031746917+0.01876104043287986j), 'F_swave': np.complex128(0.0024902387379612603-0.013756925096444193j)}, 'free': np.float64(-14947.18999781282)}, {'stable': {'F_onsite': np.complex128(-0.019065936225602636+0j), 'F_swave': np.complex128(0.013980496310297665+0j)}, 'free': np.float64(-14947.189997812868)}]
------------------------------------------
====================================
mu=2.45, T=0.0220
====================================
  Seed: normal state
F_onsite: 0j
F_swave: 0j, F_dwave: 0j
F_px: 0j, F_py: 0j
Free_energy = -14940.483455106349
------------------------------------------
[{'stable': {}, 'free': np.float64(-14940.483455106349)}]
------------------------------------------
  Seed: px+i*py
F_onsite: (-0.0031268897362612355+0.017274001576974545j)
F_swave: (0.002293046834000819-0.012667570003273397j), F_dwave: (-4.445228907190568e-18-5.204170427930421e-18j)
F_px: (1.8214596497756474e-17-5.984795992119984e-17j), F_py: (-9.75781955236954e-18+1.3877787807814457e-16j)
Free_energy = -14946.297524870819
------------------------------------------
[{'stable': {'F_onsite': np.complex128(-0.0031268897362612355+0.017274001576974545j), 'F_swave': np.complex128(0.002293046834000819-0.012667570003273397j)}, 'free': np.float64(-14946.297524870819)}]
------------------------------------------
  Seed: s-wave
F_onsite: (-0.017554730698705053+0j)
F_swave: (0.012873437519588773+0j), F_dwave: (-1.474514954580286e-17+0j)
F_px: 1.3619389819342692e-17j, F_py: 9.592648127654951e-18j
Free_energy = -14946.297524870817
------------------------------------------
[{'stable': {'F_onsite': np.complex128(-0.0031268897362612355+0.017274001576974545j), 'F_swave': np.complex128(0.002293046834000819-0.012667570003273397j)}, 'free': np.float64(-14946.297524870819)}, {'stable': {'F_onsite': np.complex128(-0.017554730698705053+0j), 'F_swave': np.complex128(0.012873437519588773+0j)}, 'free': np.float64(-14946.297524870817)}]
------------------------------------------
  Seed: s-wave+px
F_onsite: (-0.017554730698705084+9.428893153517042e-19j)
F_swave: (0.012873437519588792-7.624355316472771e-19j), F_dwave: (-1.214306433183765e-17-6.593622098782694e-20j)
F_px: (6.158268339717665e-17+1.0774391437972709e-17j), F_py: (5.204170427930421e-18+9.886277392776575e-18j)
Free_energy = -14946.297524870819
------------------------------------------
[{'stable': {'F_onsite': np.complex128(-0.0031268897362612355+0.017274001576974545j), 'F_swave': np.complex128(0.002293046834000819-0.012667570003273397j)}, 'free': np.float64(-14946.297524870819)}, {'stable': {'F_onsite': np.complex128(-0.017554730698705053+0j), 'F_swave': np.complex128(0.012873437519588773+0j)}, 'free': np.float64(-14946.297524870817)}]
------------------------------------------
  Seed: s-wave+py
F_onsite: (-0.017554730698705084-4.065209619856554e-18j)
F_swave: (0.012873437519588797+3.0291486380589882e-18j), F_dwave: (-1.6046192152785466e-17-7.278924692670627e-19j)
F_px: (3.469446951953614e-18+1.6628077317769568e-17j), F_py: (7.19910242530375e-17+9.816397174628095e-18j)
Free_energy = -14946.297524870819
------------------------------------------
[{'stable': {'F_onsite': np.complex128(-0.0031268897362612355+0.017274001576974545j), 'F_swave': np.complex128(0.002293046834000819-0.012667570003273397j)}, 'free': np.float64(-14946.297524870819)}, {'stable': {'F_onsite': np.complex128(-0.017554730698705053+0j), 'F_swave': np.complex128(0.012873437519588773+0j)}, 'free': np.float64(-14946.297524870817)}]
------------------------------------------
====================================
mu=2.45, T=0.0250
====================================
  Seed: normal state
F_onsite: 0j
F_swave: 0j, F_dwave: 0j
F_px: 0j, F_py: 0j
Free_energy = -14940.755201907208
------------------------------------------
[{'stable': {}, 'free': np.float64(-14940.755201907208)}]
------------------------------------------
  Seed: px+i*py
F_onsite: (-0.0027334294117067953+0.015100393026594744j)
F_swave: (0.0020047231083822857-0.01107477175610222j), F_dwave: (-3.144186300207963e-18-7.37257477290143e-18j)
F_px: (5.637851296924623e-18+3.0357660829594124e-17j), F_py: (6.288372600415926e-18+4.336808689942018e-18j)
Free_energy = -14945.144212472447
------------------------------------------
[{'stable': {'F_onsite': np.complex128(-0.0027334294117067953+0.015100393026594744j), 'F_swave': np.complex128(0.0020047231083822857-0.01107477175610222j)}, 'free': np.float64(-14945.144212472447)}]
------------------------------------------
  Seed: s-wave
F_onsite: (-0.015345797662761333+0j)
F_swave: (0.011254753848531768+0j), F_dwave: (-2.3418766925686896e-17+0j)
F_px: 4.152843721710224e-18j, F_py: 1.1552629428042199e-17j
Free_energy = -14945.144212472445
------------------------------------------
[{'stable': {'F_onsite': np.complex128(-0.0027334294117067953+0.015100393026594744j), 'F_swave': np.complex128(0.0020047231083822857-0.01107477175610222j)}, 'free': np.float64(-14945.144212472447)}, {'stable': {'F_onsite': np.complex128(-0.015345797662761333+0j), 'F_swave': np.complex128(0.011254753848531768+0j)}, 'free': np.float64(-14945.144212472445)}]
------------------------------------------
  Seed: s-wave+px
F_onsite: (-0.015345797662761333+2.9156670595982834e-19j)
F_swave: (0.011254753848531768-2.244372612427879e-19j), F_dwave: (-2.42861286636753e-17-1.1599057421463575e-19j)
F_px: (-8.673617379884035e-19+5.068830444826945e-18j), F_py: 1.1774684409120834e-17j
Free_energy = -14945.144212472447
------------------------------------------
[{'stable': {'F_onsite': np.complex128(-0.0027334294117067953+0.015100393026594744j), 'F_swave': np.complex128(0.0020047231083822857-0.01107477175610222j)}, 'free': np.float64(-14945.144212472447)}, {'stable': {'F_onsite': np.complex128(-0.015345797662761333+0j), 'F_swave': np.complex128(0.011254753848531768+0j)}, 'free': np.float64(-14945.144212472445)}]
------------------------------------------
  Seed: s-wave+py
F_onsite: (-0.015345797662761333-1.8257542013996647e-18j)
F_swave: (0.01125475384853177+1.4337885516851152e-18j), F_dwave: (-2.47198095326695e-17+1.6697136972750395e-19j)
F_px: 5.581708894389424e-18j, F_py: (2.6020852139652106e-18+1.1132686374661278e-17j)
Free_energy = -14945.144212472447
------------------------------------------
[{'stable': {'F_onsite': np.complex128(-0.0027334294117067953+0.015100393026594744j), 'F_swave': np.complex128(0.0020047231083822857-0.01107477175610222j)}, 'free': np.float64(-14945.144212472447)}, {'stable': {'F_onsite': np.complex128(-0.015345797662761333+0j), 'F_swave': np.complex128(0.011254753848531768+0j)}, 'free': np.float64(-14945.144212472445)}]
------------------------------------------
====================================
mu=2.45, T=0.0280
====================================
  Seed: normal state
F_onsite: 0j
F_swave: 0j, F_dwave: 0j
F_px: 0j, F_py: 0j
Free_energy = -14941.058580238028
------------------------------------------
[{'stable': {}, 'free': np.float64(-14941.058580238028)}]
------------------------------------------
  Seed: px+i*py
F_onsite: (-0.0021445551649674046+0.01184725155862117j)
F_swave: (0.001573042217652895-0.008690019808909084j), F_dwave: (1.4094628242311558e-18+1.0842021724855044e-17j)
F_px: (1.8973538018496328e-17-2.7755575615628914e-17j), F_py: (1.431146867680866e-17-8.673617379884035e-19j)
Free_energy = -14943.729146008976
------------------------------------------
[{'stable': {'F_onsite': np.complex128(-0.0021445551649674046+0.01184725155862117j), 'F_swave': np.complex128(0.001573042217652895-0.008690019808909084j)}, 'free': np.float64(-14943.729146008976)}]
------------------------------------------
  Seed: s-wave
F_onsite: (-0.012039787637198563+0j)
F_swave: (0.008831246010487365+0j), F_dwave: 0j
F_px: 1.5169513052377265e-17j, F_py: 1.3466712130600104e-17j
Free_energy = -14943.729146008975
------------------------------------------
[{'stable': {'F_onsite': np.complex128(-0.0021445551649674046+0.01184725155862117j), 'F_swave': np.complex128(0.001573042217652895-0.008690019808909084j)}, 'free': np.float64(-14943.729146008976)}, {'stable': {'F_onsite': np.complex128(-0.012039787637198563+0j), 'F_swave': np.complex128(0.008831246010487365+0j)}, 'free': np.float64(-14943.729146008975)}]
------------------------------------------
  Seed: s-wave+px
F_onsite: (-0.012039787637198563+0j)
F_swave: (0.008831246010487365+0j), F_dwave: 0j
F_px: 1.5169513052377265e-17j, F_py: 1.3466712130600104e-17j
Free_energy = -14943.729146008975
------------------------------------------
[{'stable': {'F_onsite': np.complex128(-0.0021445551649674046+0.01184725155862117j), 'F_swave': np.complex128(0.001573042217652895-0.008690019808909084j)}, 'free': np.float64(-14943.729146008976)}, {'stable': {'F_onsite': np.complex128(-0.012039787637198563+0j), 'F_swave': np.complex128(0.008831246010487365+0j)}, 'free': np.float64(-14943.729146008975)}]
------------------------------------------
  Seed: s-wave+py
F_onsite: (-0.01203978763719856+0j)
F_swave: (0.008831246010487362+0j), F_dwave: (-8.673617379884035e-19+0j)
F_px: 1.251401182317583e-17j, F_py: 1.3458294740686765e-17j
Free_energy = -14943.729146008975
------------------------------------------
[{'stable': {'F_onsite': np.complex128(-0.0021445551649674046+0.01184725155862117j), 'F_swave': np.complex128(0.001573042217652895-0.008690019808909084j)}, 'free': np.float64(-14943.729146008976)}, {'stable': {'F_onsite': np.complex128(-0.012039787637198563+0j), 'F_swave': np.complex128(0.008831246010487365+0j)}, 'free': np.float64(-14943.729146008975)}]
------------------------------------------
====================================
mu=2.45, T=0.0310
====================================
  Seed: normal state
F_onsite: 0j
F_swave: 0j, F_dwave: 0j
F_px: 0j, F_py: 0j
Free_energy = -14941.393825675552
------------------------------------------
[{'stable': {}, 'free': np.float64(-14941.393825675552)}]
------------------------------------------
  Seed: px+i*py
F_onsite: (-0.0010760336915259245+0.005944375802174133j)
F_swave: (0.0007894054693298712-0.00436094409212589j), F_dwave: (-3.0086610286472748e-18+8.673617379884035e-19j)
F_px: (6.993104012531504e-18-1.1275702593849246e-17j), F_py: (1.089623183347932e-17+5.204170427930421e-18j)
Free_energy = -14942.058896552335
------------------------------------------
[{'stable': {'F_onsite': np.complex128(-0.0010760336915259245+0.005944375802174133j), 'F_swave': np.complex128(0.0007894054693298712-0.00436094409212589j)}, 'free': np.float64(-14942.058896552335)}]
------------------------------------------
  Seed: s-wave
F_onsite: (-0.006040981061282226+0j)
F_swave: (0.004431816147997858+0j), F_dwave: (1.3877787807814457e-17+0j)
F_px: 8.811524931608876e-18j, F_py: 1.0185915297867784e-17j
Free_energy = -14942.058896552337
------------------------------------------
[{'stable': {'F_onsite': np.complex128(-0.0010760336915259245+0.005944375802174133j), 'F_swave': np.complex128(0.0007894054693298712-0.00436094409212589j)}, 'free': np.float64(-14942.058896552335)}, {'stable': {'F_onsite': np.complex128(-0.006040981061282226+0j), 'F_swave': np.complex128(0.004431816147997858+0j)}, 'free': np.float64(-14942.058896552337)}]
------------------------------------------
  Seed: s-wave+px
F_onsite: (-0.006040981061282226+0j)
F_swave: (0.004431816147997858+0j), F_dwave: (1.3877787807814457e-17+0j)
F_px: 8.811524931608876e-18j, F_py: 1.0185915297867784e-17j
Free_energy = -14942.058896552337
------------------------------------------
[{'stable': {'F_onsite': np.complex128(-0.0010760336915259245+0.005944375802174133j), 'F_swave': np.complex128(0.0007894054693298712-0.00436094409212589j)}, 'free': np.float64(-14942.058896552335)}, {'stable': {'F_onsite': np.complex128(-0.006040981061282226+0j), 'F_swave': np.complex128(0.004431816147997858+0j)}, 'free': np.float64(-14942.058896552337)}]
------------------------------------------
  Seed: s-wave+py
F_onsite: (-0.006040981061282208+0j)
F_swave: (0.004431816147997849+0j), F_dwave: (1.1709383462843448e-17+0j)
F_px: 1.1746494093845027e-17j, F_py: 1.0374883054444298e-17j
Free_energy = -14942.058896552338
------------------------------------------
[{'stable': {'F_onsite': np.complex128(-0.0010760336915259245+0.005944375802174133j), 'F_swave': np.complex128(0.0007894054693298712-0.00436094409212589j)}, 'free': np.float64(-14942.058896552335)}, {'stable': {'F_onsite': np.complex128(-0.006040981061282226+0j), 'F_swave': np.complex128(0.004431816147997858+0j)}, 'free': np.float64(-14942.058896552337)}]
------------------------------------------
====================================
mu=2.45, T=0.0340
====================================
  Seed: normal state
F_onsite: 0j
F_swave: 0j, F_dwave: 0j
F_px: 0j, F_py: 0j
Free_energy = -14941.76114160161
------------------------------------------
[{'stable': {}, 'free': np.float64(-14941.76114160161)}]
------------------------------------------
  Seed: px+i*py
F_onsite: (-1.1535238252387561e-14+6.372370943533409e-14j)
F_swave: (8.488068565112326e-15-4.689031231833293e-14j), F_dwave: (-2.404327157618402e-21-6.2294764271623824e-21j)
F_px: (1.7371665349770098e-19+1.0733633077403402e-19j), F_py: (9.633841065591161e-20+1.4438488438931605e-20j)
Free_energy = -14941.76114160161
------------------------------------------
[{'stable': {}, 'free': np.float64(-14941.76114160161)}]
------------------------------------------
  Seed: s-wave
F_onsite: (-6.185491722132402e-14+0j)
F_swave: (4.551516672852837e-14+0j), F_dwave: (5.393076293080397e-22+0j)
F_px: -1.1542068734268214e-19j, F_py: 9.945051158894296e-20j
Free_energy = -14941.76114160161
------------------------------------------
[{'stable': {}, 'free': np.float64(-14941.76114160161)}]
------------------------------------------
  Seed: s-wave+px
F_onsite: (-6.185491722132402e-14+0j)
F_swave: (4.551516672852837e-14+0j), F_dwave: (5.393076293080397e-22+0j)
F_px: -1.1542068734268214e-19j, F_py: 9.945051158894296e-20j
Free_energy = -14941.76114160161
------------------------------------------
[{'stable': {}, 'free': np.float64(-14941.76114160161)}]
------------------------------------------
  Seed: s-wave+py
F_onsite: (-6.185324963678658e-14+0j)
F_swave: (4.5513927115132046e-14+0j), F_dwave: (2.5174471869657495e-20+0j)
F_px: -1.3655095225156477e-19j, F_py: 6.03657003046444e-20j
Free_energy = -14941.76114160161
------------------------------------------
[{'stable': {}, 'free': np.float64(-14941.76114160161)}]
------------------------------------------
====================================
mu=2.45, T=0.0370
====================================
  Seed: normal state
F_onsite: 0j
F_swave: 0j, F_dwave: 0j
F_px: 0j, F_py: 0j
Free_energy = -14942.160718308447
------------------------------------------
[{'stable': {}, 'free': np.float64(-14942.160718308447)}]
------------------------------------------
  Seed: px+i*py
F_onsite: (-4.973679939681875e-15+2.7476911890255495e-14j)
F_swave: (3.674777773930232e-15-2.0301144009903526e-14j), F_dwave: (1.1407223841409089e-20-9.717840247763937e-21j)
F_px: (-1.8635862854162455e-19-6.533471647872742e-21j), F_py: (-1.3000948098184785e-19+1.1020448066276946e-20j)
Free_energy = -14942.16071830845
------------------------------------------
[{'stable': {}, 'free': np.float64(-14942.160718308447)}]
------------------------------------------
  Seed: s-wave
F_onsite: (-2.6655783401984685e-14+0j)
F_swave: (1.9694440490138164e-14+0j), F_dwave: (-1.533164401965405e-20+0j)
F_px: 1.0174696085249705e-19j, F_py: 4.741117058541295e-20j
Free_energy = -14942.160718308447
------------------------------------------
[{'stable': {}, 'free': np.float64(-14942.160718308447)}]
------------------------------------------
  Seed: s-wave+px
F_onsite: (-2.6655783401984685e-14+0j)
F_swave: (1.9694440490138164e-14+0j), F_dwave: (-1.533164401965405e-20+0j)
F_px: 1.0174696085249705e-19j, F_py: 4.741117058541295e-20j
Free_energy = -14942.160718308447
------------------------------------------
[{'stable': {}, 'free': np.float64(-14942.160718308447)}]
------------------------------------------
  Seed: s-wave+py
F_onsite: (-2.665432073213287e-14+0j)
F_swave: (1.9693353504198928e-14+0j), F_dwave: (-4.443255877278738e-20+0j)
F_px: 9.146577967206648e-20j, F_py: -6.614928916825359e-20j
Free_energy = -14942.160718308447
------------------------------------------
[{'stable': {}, 'free': np.float64(-14942.160718308447)}]
------------------------------------------
====================================
mu=2.45, T=0.0400
====================================
  Seed: normal state
F_onsite: 0j
F_swave: 0j, F_dwave: 0j
F_px: 0j, F_py: 0j
Free_energy = -14942.592735416914
------------------------------------------
[{'stable': {}, 'free': np.float64(-14942.592735416914)}]
------------------------------------------
  Seed: px+i*py
F_onsite: (-3.22821329091733e-15+1.7834967433385067e-14j)
F_swave: (2.394454131622976e-15-1.3228704158672589e-14j), F_dwave: (-1.7482454245878154e-20+1.480768104446166e-20j)
F_px: (1.4310912720929434e-20+3.1162291403394475e-20j), F_py: (-8.504231851078747e-21+3.610101552569824e-20j)
Free_energy = -14942.592735416913
------------------------------------------
[{'stable': {}, 'free': np.float64(-14942.592735416914)}]
------------------------------------------
  Seed: s-wave
F_onsite: (-1.729618689511846e-14+0j)
F_swave: (1.2828807376985296e-14+0j), F_dwave: (1.867852045645465e-20+0j)
F_px: 5.976961845516601e-20j, F_py: 9.223833863266926e-20j
Free_energy = -14942.592735416914
------------------------------------------
[{'stable': {}, 'free': np.float64(-14942.592735416914)}]
------------------------------------------
  Seed: s-wave+px
F_onsite: (-1.729618689511846e-14+0j)
F_swave: (1.2828807376985296e-14+0j), F_dwave: (1.867852045645465e-20+0j)
F_px: 5.976961845516601e-20j, F_py: 9.223833863266926e-20j
Free_energy = -14942.592735416914
------------------------------------------
[{'stable': {}, 'free': np.float64(-14942.592735416914)}]
------------------------------------------
  Seed: s-wave+py
F_onsite: (-1.7295212824573787e-14+0j)
F_swave: (1.2828093000077561e-14+0j), F_dwave: (-9.99245743797181e-21+0j)
F_px: -5.0431327320761825e-20j, F_py: -7.579154115955639e-20j
Free_energy = -14942.592735416914
------------------------------------------
[{'stable': {}, 'free': np.float64(-14942.592735416914)}]
------------------------------------------
====================================
mu=2.45, T=0.0430
====================================
  Seed: normal state
F_onsite: 0j
F_swave: 0j, F_dwave: 0j
F_px: 0j, F_py: 0j
Free_energy = -14943.057358971295
------------------------------------------
[{'stable': {}, 'free': np.float64(-14943.057358971295)}]
------------------------------------------
  Seed: px+i*py
F_onsite: (-2.253869832267066e-15+1.2452540577316747e-14j)
F_swave: (1.6779996723563606e-15-9.270858458724795e-15j), F_dwave: (1.0197312218650923e-20-1.767718962659391e-20j)
F_px: (8.64682135550722e-20+6.766871021049176e-20j), F_py: (-3.908928858173039e-20-1.5523180903678943e-21j)
Free_energy = -14943.057358971295
------------------------------------------
[{'stable': {}, 'free': np.float64(-14943.057358971295)}]
------------------------------------------
  Seed: s-wave
F_onsite: (-1.2962992879643873e-14+0j)
F_swave: (9.650861221929176e-15+0j), F_dwave: (-3.147508500513979e-20+0j)
F_px: 1.3427091480624228e-19j, F_py: -5.700716320895837e-20j
Free_energy = -14943.057358971295
------------------------------------------
[{'stable': {}, 'free': np.float64(-14943.057358971295)}]
------------------------------------------
  Seed: s-wave+px
F_onsite: (-1.2962992879643873e-14+0j)
F_swave: (9.650861221929176e-15+0j), F_dwave: (-3.147508500513979e-20+0j)
F_px: 1.3427091480624228e-19j, F_py: -5.700716320895837e-20j
Free_energy = -14943.057358971295
------------------------------------------
[{'stable': {}, 'free': np.float64(-14943.057358971295)}]
------------------------------------------
  Seed: s-wave+py
F_onsite: (-1.2962141195241558e-14+0j)
F_swave: (9.650193910811441e-15+0j), F_dwave: (-8.274433521438424e-22+0j)
F_px: -1.1025473958642658e-19j, F_py: 2.2863127734598012e-20j
Free_energy = -14943.057358971295
------------------------------------------
[{'stable': {}, 'free': np.float64(-14943.057358971295)}]
------------------------------------------
====================================
mu=2.45, T=0.0460
====================================
  Seed: normal state
F_onsite: 0j
F_swave: 0j, F_dwave: 0j
F_px: 0j, F_py: 0j
Free_energy = -14943.554738234334
------------------------------------------
[{'stable': {}, 'free': np.float64(-14943.554738234334)}]
------------------------------------------
  Seed: px+i*py
F_onsite: (-1.8842335404797955e-15+1.041094072846236e-14j)
F_swave: (1.4079000378783253e-15-7.779030404812369e-15j), F_dwave: (4.584934851491084e-21-1.4341403439738734e-20j)
F_px: (3.29772491916137e-20+3.977197793691958e-20j), F_py: (2.4031914119131258e-20-2.6528775215304086e-20j)
Free_energy = -14943.554738234334
------------------------------------------
[{'stable': {}, 'free': np.float64(-14943.554738234334)}]
------------------------------------------
  Seed: s-wave
F_onsite: (-9.924986921035675e-15+0j)
F_swave: (7.415912890549904e-15+0j), F_dwave: (-1.0583503794803184e-20+0j)
F_px: -5.279569005533931e-20j, F_py: -1.0208890709436427e-19j
Free_energy = -14943.554738234334
------------------------------------------
[{'stable': {}, 'free': np.float64(-14943.554738234334)}]
------------------------------------------
  Seed: s-wave+px
F_onsite: (-9.924986921035675e-15+0j)
F_swave: (7.415912890549904e-15+0j), F_dwave: (-1.0583503794803184e-20+0j)
F_px: -5.279569005533931e-20j, F_py: -1.0208890709436427e-19j
Free_energy = -14943.554738234334
------------------------------------------
[{'stable': {}, 'free': np.float64(-14943.554738234334)}]
------------------------------------------
  Seed: s-wave+py
F_onsite: (-9.924284156077738e-15+0j)
F_swave: (7.415377590871316e-15+0j), F_dwave: (1.8285569353121984e-20+0j)
F_px: -2.312901539749569e-19j, F_py: 1.6270215716355424e-19j
Free_energy = -14943.554738234334
------------------------------------------
[{'stable': {}, 'free': np.float64(-14943.554738234334)}]
------------------------------------------
====================================
mu=2.45, T=0.0490
====================================
  Seed: normal state
F_onsite: 0j
F_swave: 0j, F_dwave: 0j
F_px: 0j, F_py: 0j
Free_energy = -14944.085003882215
------------------------------------------
[{'stable': {}, 'free': np.float64(-14944.085003882215)}]
------------------------------------------
  Seed: px+i*py
F_onsite: (-1.5264483627945992e-15+8.434502305399615e-15j)
F_swave: (1.144540594785285e-15-6.324223102176887e-15j), F_dwave: (2.0467369640205862e-20+7.336092431207533e-21j)
F_px: (5.778356342951448e-20+7.231929692495283e-21j), F_py: (1.3848694436455377e-20-2.405647939188417e-20j)
Free_energy = -14944.085003882217
------------------------------------------
[{'stable': {}, 'free': np.float64(-14944.085003882215)}]
------------------------------------------
  Seed: s-wave
F_onsite: (-8.039184584963184e-15+0j)
F_swave: (6.027808666184484e-15+0j), F_dwave: (-4.903487628121566e-22+0j)
F_px: -1.1044758599918286e-19j, F_py: -3.287711378072661e-20j
Free_energy = -14944.085003882215
------------------------------------------
[{'stable': {}, 'free': np.float64(-14944.085003882215)}]
------------------------------------------
  Seed: s-wave+px
F_onsite: (-8.039184584963184e-15+0j)
F_swave: (6.027808666184484e-15+0j), F_dwave: (-4.903487628121566e-22+0j)
F_px: -1.1044758599918286e-19j, F_py: -3.287711378072661e-20j
Free_energy = -14944.085003882215
------------------------------------------
[{'stable': {}, 'free': np.float64(-14944.085003882215)}]
------------------------------------------
  Seed: s-wave+py
F_onsite: (-8.038884930256126e-15+0j)
F_swave: (6.0275929126328896e-15+0j), F_dwave: (-1.1632823293220583e-20+0j)
F_px: -1.7111093610125207e-19j, F_py: 1.1601163575331273e-19j
Free_energy = -14944.085003882215
------------------------------------------
[{'stable': {}, 'free': np.float64(-14944.085003882215)}]
------------------------------------------
====================================
mu=2.45, T=0.0520
====================================
  Seed: normal state
F_onsite: 0j
F_swave: 0j, F_dwave: 0j
F_px: 0j, F_py: 0j
Free_energy = -14944.64826779129
------------------------------------------
[{'stable': {}, 'free': np.float64(-14944.64826779129)}]
------------------------------------------
  Seed: px+i*py
F_onsite: (-1.2000890397212597e-15+6.6310130855254814e-15j)
F_swave: (9.028825049927917e-16-4.988855091233531e-15j), F_dwave: (7.389716319752027e-21-1.0978391419523967e-20j)
F_px: (-1.4807287518290167e-19-3.626966812402581e-20j), F_py: (1.8077894331351315e-21-7.957947313387271e-20j)
Free_energy = -14944.64826779129
------------------------------------------
[{'stable': {}, 'free': np.float64(-14944.64826779129)}]
------------------------------------------
  Seed: s-wave
F_onsite: (-6.319018060847475e-15+0j)
F_swave: (4.753984020440581e-15+0j), F_dwave: (-1.528734373612964e-20+0j)
F_px: -1.3159549028935878e-19j, F_py: -8.784151430114942e-20j
Free_energy = -14944.64826779129
------------------------------------------
[{'stable': {}, 'free': np.float64(-14944.64826779129)}]
------------------------------------------
  Seed: s-wave+px
F_onsite: (-6.319018060847475e-15+0j)
F_swave: (4.753984020440581e-15+0j), F_dwave: (-1.528734373612964e-20+0j)
F_px: -1.3159549028935878e-19j, F_py: -8.784151430114942e-20j
Free_energy = -14944.64826779129
------------------------------------------
[{'stable': {}, 'free': np.float64(-14944.64826779129)}]
------------------------------------------
  Seed: s-wave+py
F_onsite: (-6.318551009772002e-15+0j)
F_swave: (4.753621859488565e-15+0j), F_dwave: (-1.9417177107452503e-21+0j)
F_px: -2.202535174415996e-19j, F_py: 1.3007700607007943e-19j
Free_energy = -14944.64826779129
------------------------------------------
[{'stable': {}, 'free': np.float64(-14944.64826779129)}]
------------------------------------------
====================================
mu=2.45, T=0.0550
====================================
  Seed: normal state
F_onsite: 0j
F_swave: 0j, F_dwave: 0j
F_px: 0j, F_py: 0j
Free_energy = -14945.244624060948
------------------------------------------
[{'stable': {}, 'free': np.float64(-14945.244624060948)}]
------------------------------------------
  Seed: px+i*py
F_onsite: (-9.168113344050156e-16+5.065985892258378e-15j)
F_swave: (6.919922605903952e-16-3.823713575391866e-15j), F_dwave: (-6.474671989656329e-21+1.1221385802751129e-20j)
F_px: (-9.111350246833017e-20+3.13462960360259e-21j), F_py: (8.805009647578905e-20-3.182311264021571e-20j)
Free_energy = -14945.244624060948
------------------------------------------
[{'stable': {}, 'free': np.float64(-14945.244624060948)}]
------------------------------------------
  Seed: s-wave
F_onsite: (-4.825002199058145e-15+0j)
F_swave: (3.6421205610552995e-15+0j), F_dwave: (-1.3970318681907745e-20+0j)
F_px: 2.812353972284066e-21j, F_py: -1.104175172995108e-19j
Free_energy = -14945.244624060948
------------------------------------------
[{'stable': {}, 'free': np.float64(-14945.244624060948)}]
------------------------------------------
  Seed: s-wave+px
F_onsite: (-4.825002199058145e-15+0j)
F_swave: (3.6421205610552995e-15+0j), F_dwave: (-1.3970318681907745e-20+0j)
F_px: 2.812353972284066e-21j, F_py: -1.104175172995108e-19j
Free_energy = -14945.244624060948
------------------------------------------
[{'stable': {}, 'free': np.float64(-14945.244624060948)}]
------------------------------------------
  Seed: s-wave+py
F_onsite: (-4.824701971706366e-15+0j)
F_swave: (3.641884266713905e-15+0j), F_dwave: (8.884563418320696e-21+0j)
F_px: -6.08202347499195e-20j, F_py: 6.701426500802613e-20j
Free_energy = -14945.244624060948
------------------------------------------
[{'stable': {}, 'free': np.float64(-14945.244624060948)}]
------------------------------------------
====================================
mu=2.45, T=0.0580
====================================
  Seed: normal state
F_onsite: 0j
F_swave: 0j, F_dwave: 0j
F_px: 0j, F_py: 0j
Free_energy = -14945.87415080466
------------------------------------------
[{'stable': {}, 'free': np.float64(-14945.87415080466)}]
------------------------------------------
  Seed: px+i*py
F_onsite: (-6.812805661232332e-16+3.76433872414868e-15j)
F_swave: (5.158952591112589e-16-2.8504999309704394e-15j), F_dwave: (7.107214092873206e-21-1.2327084073629277e-20j)
F_px: (6.64772967965427e-20-7.980565980033142e-21j), F_py: (-2.2384489766504825e-20-1.9196196253225347e-20j)
Free_energy = -14945.87415080466
------------------------------------------
[{'stable': {}, 'free': np.float64(-14945.87415080466)}]
------------------------------------------
  Seed: s-wave
F_onsite: (-3.584060026548986e-15+0j)
F_swave: (2.7139713931191493e-15+0j), F_dwave: (-1.2932419165066811e-20+0j)
F_px: 1.699341221947282e-19j, F_py: -9.301943449008409e-20j
Free_energy = -14945.87415080466
------------------------------------------
[{'stable': {}, 'free': np.float64(-14945.87415080466)}]
------------------------------------------
  Seed: s-wave+px
F_onsite: (-3.584060026548986e-15+0j)
F_swave: (2.7139713931191493e-15+0j), F_dwave: (-1.2932419165066811e-20+0j)
F_px: 1.699341221947282e-19j, F_py: -9.301943449008409e-20j
Free_energy = -14945.87415080466
------------------------------------------
[{'stable': {}, 'free': np.float64(-14945.87415080466)}]
------------------------------------------
  Seed: s-wave+py
F_onsite: (-3.583800328060019e-15+0j)
F_swave: (2.7137823967152976e-15+0j), F_dwave: (-5.707562316400408e-20+0j)
F_px: 7.49977529070219e-20j, F_py: -4.233025864161471e-20j
Free_energy = -14945.87415080466
------------------------------------------
[{'stable': {}, 'free': np.float64(-14945.87415080466)}]
------------------------------------------
====================================
mu=2.45, T=0.0610
====================================
  Seed: normal state
F_onsite: 0j
F_swave: 0j, F_dwave: 0j
F_px: 0j, F_py: 0j
Free_energy = -14946.536912301692
------------------------------------------
[{'stable': {}, 'free': np.float64(-14946.536912301692)}]
------------------------------------------
  Seed: px+i*py
F_onsite: (-4.930503629772341e-16+2.723833766103008e-15j)
F_swave: (3.7454872353205664e-16-2.0692005945887673e-15j), F_dwave: (-8.317413193826218e-21+2.067417536151645e-20j)
F_px: (3.37372217090667e-20-3.146152748601985e-20j), F_py: (3.913173013462384e-21-1.0041651975479836e-20j)
Free_energy = -14946.536912301692
------------------------------------------
[{'stable': {}, 'free': np.float64(-14946.536912301692)}]
------------------------------------------
  Seed: s-wave
F_onsite: (-2.5920335909370186e-15+0j)
F_swave: (1.968809571810075e-15+0j), F_dwave: (-5.772111764024436e-21+0j)
F_px: 5.7684602608451e-20j, F_py: -2.0051074899270825e-20j
Free_energy = -14946.536912301692
------------------------------------------
[{'stable': {}, 'free': np.float64(-14946.536912301692)}]
------------------------------------------
  Seed: s-wave+px
F_onsite: (-2.5920335909370186e-15+0j)
F_swave: (1.968809571810075e-15+0j), F_dwave: (-5.772111764024436e-21+0j)
F_px: 5.7684602608451e-20j, F_py: -2.0051074899270825e-20j
Free_energy = -14946.536912301692
------------------------------------------
[{'stable': {}, 'free': np.float64(-14946.536912301692)}]
------------------------------------------
  Seed: s-wave+py
F_onsite: (-2.5915306093237762e-15+0j)
F_swave: (1.9683817238699243e-15+0j), F_dwave: (-1.8568599441961452e-20+0j)
F_px: 5.776992108410125e-20j, F_py: -8.139202037806122e-20j
Free_energy = -14946.536912301692
------------------------------------------
[{'stable': {}, 'free': np.float64(-14946.536912301692)}]
------------------------------------------
====================================
mu=2.45, T=0.0640
====================================
  Seed: normal state
F_onsite: 0j
F_swave: 0j, F_dwave: 0j
F_px: 0j, F_py: 0j
Free_energy = -14947.232961218424
------------------------------------------
[{'stable': {}, 'free': np.float64(-14947.232961218424)}]
------------------------------------------
  Seed: px+i*py
F_onsite: (-3.4791225414940945e-16+1.9218829897511856e-15j)
F_swave: (2.6503441440138225e-16-1.4640730822312023e-15j), F_dwave: (-1.3549162916053274e-22-8.775323684960756e-21j)
F_px: (8.326459591812726e-20-4.5221984045271634e-20j), F_py: (3.1542666319184116e-20+3.092095074113319e-20j)
Free_energy = -14947.232961218424
------------------------------------------
[{'stable': {}, 'free': np.float64(-14947.232961218424)}]
------------------------------------------
  Seed: s-wave
F_onsite: (-1.8274578448677636e-15+0j)
F_swave: (1.3916099164389745e-15+0j), F_dwave: (5.1253859361603554e-21+0j)
F_px: 6.076723844183907e-20j, F_py: -4.878393856718123e-20j
Free_energy = -14947.232961218424
------------------------------------------
[{'stable': {}, 'free': np.float64(-14947.232961218424)}]
------------------------------------------
  Seed: s-wave+px
F_onsite: (-1.8274578448677636e-15+0j)
F_swave: (1.3916099164389745e-15+0j), F_dwave: (5.1253859361603554e-21+0j)
F_px: 6.076723844183907e-20j, F_py: -4.878393856718123e-20j
Free_energy = -14947.232961218424
------------------------------------------
[{'stable': {}, 'free': np.float64(-14947.232961218424)}]
------------------------------------------
  Seed: s-wave+py
F_onsite: (-1.8273621767758014e-15+0j)
F_swave: (1.3915619810696908e-15+0j), F_dwave: (-2.3252907602314078e-20+0j)
F_px: 2.0360881175011495e-20j, F_py: -2.5896413345797567e-20j
Free_energy = -14947.232961218424
------------------------------------------
[{'stable': {}, 'free': np.float64(-14947.232961218424)}]
------------------------------------------
====================================
mu=2.45, T=0.0670
====================================
  Seed: normal state
F_onsite: 0j
F_swave: 0j, F_dwave: 0j
F_px: 0j, F_py: 0j
Free_energy = -14947.962340712023
------------------------------------------
[{'stable': {}, 'free': np.float64(-14947.962340712023)}]
------------------------------------------
  Seed: px+i*py
F_onsite: (-2.394195312832658e-16+1.3229616655135981e-15j)
F_swave: (1.8283234747684208e-16-1.010279115073638e-15j), F_dwave: (6.840142158307564e-21+6.440994894279209e-20j)
F_px: (-2.8435875422706755e-20-3.9445862000339285e-20j), F_py: (-3.578313026834996e-20-9.520522863182597e-21j)
Free_energy = -14947.96234071202
------------------------------------------
[{'stable': {}, 'free': np.float64(-14947.962340712023)}]
------------------------------------------
  Seed: s-wave
F_onsite: (-1.2557878508642993e-15+0j)
F_swave: (9.587353720338843e-16+0j), F_dwave: (-1.538590899100153e-21+0j)
F_px: 1.1214715040856051e-20j, F_py: -1.1422806085864517e-20j
Free_energy = -14947.962340712023
------------------------------------------
[{'stable': {}, 'free': np.float64(-14947.962340712023)}]
------------------------------------------
  Seed: s-wave+px
F_onsite: (-1.2557878508642993e-15+0j)
F_swave: (9.587353720338843e-16+0j), F_dwave: (-1.538590899100153e-21+0j)
F_px: 1.1214715040856051e-20j, F_py: -1.1422806085864517e-20j
Free_energy = -14947.962340712023
------------------------------------------
[{'stable': {}, 'free': np.float64(-14947.962340712023)}]
------------------------------------------
  Seed: s-wave+py
F_onsite: (-1.2552899010211066e-15+0j)
F_swave: (9.583749850973203e-16+0j), F_dwave: (-1.643245978889974e-20+0j)
F_px: -1.0228046943873345e-21j, F_py: 6.327271569238841e-21j
Free_energy = -14947.962340712023
------------------------------------------
[{'stable': {}, 'free': np.float64(-14947.962340712023)}]
------------------------------------------
====================================
mu=2.45, T=0.0700
====================================
  Seed: normal state
F_onsite: 0j
F_swave: 0j, F_dwave: 0j
F_px: 0j, F_py: 0j
Free_energy = -14948.725086315711
------------------------------------------
[{'stable': {}, 'free': np.float64(-14948.725086315711)}]
------------------------------------------
  Seed: px+i*py
F_onsite: (-1.6094628354646759e-16+8.895932776764559e-16j)
F_swave: (1.2298463767122446e-16-6.797230769208092e-16j), F_dwave: (1.1696589591895083e-20+1.8763190761687557e-20j)
F_px: (1.5474372136040123e-20-2.3171170068983644e-20j), F_py: (3.49578955245335e-20-5.097047622270051e-20j)
Free_energy = -14948.725086315711
------------------------------------------
[{'stable': {}, 'free': np.float64(-14948.725086315711)}]
------------------------------------------
  Seed: s-wave
F_onsite: (-8.429815124962529e-16+0j)
F_swave: (6.43642380596104e-16+0j), F_dwave: (-1.3770500474249108e-20+0j)
F_px: -1.6930548708398107e-20j, F_py: -8.919780012551556e-20j
Free_energy = -14948.725086315711
------------------------------------------
[{'stable': {}, 'free': np.float64(-14948.725086315711)}]
------------------------------------------
  Seed: s-wave+px
F_onsite: (-8.429815124962529e-16+0j)
F_swave: (6.43642380596104e-16+0j), F_dwave: (-1.3770500474249108e-20+0j)
F_px: -1.6930548708398107e-20j, F_py: -8.919780012551556e-20j
Free_energy = -14948.725086315711
------------------------------------------
[{'stable': {}, 'free': np.float64(-14948.725086315711)}]
------------------------------------------
  Seed: s-wave+py
F_onsite: (-8.427658420364051e-16+0j)
F_swave: (6.434938247947984e-16+0j), F_dwave: (2.1518230318720243e-20+0j)
F_px: -4.245347797468266e-20j, F_py: 6.683165751548697e-20j
Free_energy = -14948.725086315711
------------------------------------------
[{'stable': {}, 'free': np.float64(-14948.725086315711)}]
------------------------------------------
====================================
mu=2.45, T=0.0730
====================================
  Seed: normal state
F_onsite: 0j
F_swave: 0j, F_dwave: 0j
F_px: 0j, F_py: 0j
Free_energy = -14949.521227562878
------------------------------------------
[{'stable': {}, 'free': np.float64(-14949.521227562878)}]
------------------------------------------
  Seed: px+i*py
F_onsite: (-1.3028185651395471e-16+7.200232954729157e-16j)
F_swave: (9.960859204313102e-17-5.504869057811533e-16j), F_dwave: (-4.131263355928577e-21+5.765915716885275e-22j)
F_px: (-1.0944102781291861e-20-5.251880882379077e-21j), F_py: (6.763528454311554e-20-5.943725333477906e-20j)
Free_energy = -14949.521227562878
------------------------------------------
[{'stable': {}, 'free': np.float64(-14949.521227562878)}]
------------------------------------------
  Seed: s-wave
F_onsite: (-6.814759996311188e-16+0j)
F_swave: (5.203294333124767e-16+0j), F_dwave: (1.5229680811760464e-20+0j)
F_px: -6.626732277865101e-20j, F_py: -1.242137535051398e-19j
Free_energy = -14949.521227562878
------------------------------------------
[{'stable': {}, 'free': np.float64(-14949.521227562878)}]
------------------------------------------
  Seed: s-wave+px
F_onsite: (-6.814759996311188e-16+0j)
F_swave: (5.203294333124767e-16+0j), F_dwave: (1.5229680811760464e-20+0j)
F_px: -6.626732277865101e-20j, F_py: -1.242137535051398e-19j
Free_energy = -14949.521227562878
------------------------------------------
[{'stable': {}, 'free': np.float64(-14949.521227562878)}]
------------------------------------------
  Seed: s-wave+py
F_onsite: (-6.809799571276276e-16+0j)
F_swave: (5.199604527758145e-16+0j), F_dwave: (2.591792705110128e-20+0j)
F_px: -4.7054977147825883e-20j, F_py: 5.424393912770997e-20j
Free_energy = -14949.521227562878
------------------------------------------
[{'stable': {}, 'free': np.float64(-14949.521227562878)}]
------------------------------------------
====================================
mu=2.45, T=0.0760
====================================
  Seed: normal state
F_onsite: 0j
F_swave: 0j, F_dwave: 0j
F_px: 0j, F_py: 0j
Free_energy = -14950.350789346392
------------------------------------------
[{'stable': {}, 'free': np.float64(-14950.350789346392)}]
------------------------------------------
  Seed: px+i*py
F_onsite: (-1.0445631745212852e-16+5.770233071174528e-16j)
F_swave: (7.967575490735265e-17-4.4019075547796335e-16j), F_dwave: (-7.466719170727082e-21-3.5507618329818065e-20j)
F_px: (-2.1173359200498143e-20-4.3452385973672783e-20j), F_py: (6.346987055919031e-20-6.581408324337699e-20j)
Free_energy = -14950.350789346392
------------------------------------------
[{'stable': {}, 'free': np.float64(-14950.350789346392)}]
------------------------------------------
  Seed: s-wave
F_onsite: (-5.453903937897226e-16+0j)
F_swave: (4.148012578754626e-16+0j), F_dwave: (-9.928920062843167e-21+0j)
F_px: -4.845522408577687e-20j, F_py: -1.2144858688536996e-19j
Free_energy = -14950.350789346392
------------------------------------------
[{'stable': {}, 'free': np.float64(-14950.350789346392)}]
------------------------------------------
  Seed: s-wave+px
F_onsite: (-5.453903937897226e-16+0j)
F_swave: (4.148012578754626e-16+0j), F_dwave: (-9.928920062843167e-21+0j)
F_px: -4.845522408577687e-20j, F_py: -1.2144858688536996e-19j
Free_energy = -14950.350789346392
------------------------------------------
[{'stable': {}, 'free': np.float64(-14950.350789346392)}]
------------------------------------------
  Seed: s-wave+py
F_onsite: (-5.447866171183239e-16+0j)
F_swave: (4.143309971740834e-16+0j), F_dwave: (-9.635330498394774e-22+0j)
F_px: -1.5699216310408515e-20j, F_py: 4.943427368296537e-20j
Free_energy = -14950.350789346392
------------------------------------------
[{'stable': {}, 'free': np.float64(-14950.350789346392)}]
------------------------------------------
====================================
mu=2.45, T=0.0790
====================================
  Seed: normal state
F_onsite: 0j
F_swave: 0j, F_dwave: 0j
F_px: 0j, F_py: 0j
Free_energy = -14951.213793032077
------------------------------------------
[{'stable': {}, 'free': np.float64(-14951.213793032077)}]
------------------------------------------
  Seed: px+i*py
F_onsite: (-8.287685389904572e-17+4.579532923617843e-16j)
F_swave: (6.273373254195826e-17-3.4664419690571823e-16j), F_dwave: (4.2921799777959505e-21+1.6279404813065356e-20j)
F_px: (1.3687874097551328e-20-3.6414150676506776e-21j), F_py: (4.894904350879021e-20-2.2728134582466195e-20j)
Free_energy = -14951.213793032077
------------------------------------------
[{'stable': {}, 'free': np.float64(-14951.213793032077)}]
------------------------------------------
  Seed: s-wave
F_onsite: (-4.321695277821293e-16+0j)
F_swave: (3.2523932465601233e-16+0j), F_dwave: (-5.597224474234106e-22+0j)
F_px: -5.034660866802757e-20j, F_py: -6.884710890823052e-20j
Free_energy = -14951.213793032077
------------------------------------------
[{'stable': {}, 'free': np.float64(-14951.213793032077)}]
------------------------------------------
  Seed: s-wave+px
F_onsite: (-4.321695277821293e-16+0j)
F_swave: (3.2523932465601233e-16+0j), F_dwave: (-5.597224474234106e-22+0j)
F_px: -5.034660866802757e-20j, F_py: -6.884710890823052e-20j
Free_energy = -14951.213793032077
------------------------------------------
[{'stable': {}, 'free': np.float64(-14951.213793032077)}]
------------------------------------------
  Seed: s-wave+py
F_onsite: (-4.3161327284660283e-16+0j)
F_swave: (3.2479328683948706e-16+0j), F_dwave: (-7.940962615014057e-21+0j)
F_px: -7.563344136624836e-20j, F_py: 4.4661169592703226e-20j
Free_energy = -14951.213793032077
------------------------------------------
[{'stable': {}, 'free': np.float64(-14951.213793032077)}]
------------------------------------------
====================================
mu=2.45, T=0.0820
====================================
  Seed: normal state
F_onsite: 0j
F_swave: 0j, F_dwave: 0j
F_px: 0j, F_py: 0j
Free_energy = -14952.11025735249
------------------------------------------
[{'stable': {}, 'free': np.float64(-14952.11025735249)}]
------------------------------------------
  Seed: px+i*py
F_onsite: (-6.527253554143636e-17+3.6093754023517137e-16j)
F_swave: (4.832443518238474e-17-2.6721434790056327e-16j), F_dwave: (-1.9192956134821804e-20+7.080263763798322e-21j)
F_px: (5.308753530096551e-21+9.110483918771245e-21j), F_py: (1.0219066064655766e-19-5.146631345848878e-21j)
Free_energy = -14952.110257352488
------------------------------------------
[{'stable': {}, 'free': np.float64(-14952.11025735249)}]
------------------------------------------
  Seed: s-wave
F_onsite: (-3.3955854744386984e-16+0j)
F_swave: (2.477764552179183e-16+0j), F_dwave: (1.173238409881325e-20+0j)
F_px: 2.2443230489336506e-20j, F_py: -7.68059884894096e-20j
Free_energy = -14952.11025735249
------------------------------------------
[{'stable': {}, 'free': np.float64(-14952.11025735249)}]
------------------------------------------
  Seed: s-wave+px
F_onsite: (-3.3955854744386984e-16+0j)
F_swave: (2.477764552179183e-16+0j), F_dwave: (1.173238409881325e-20+0j)
F_px: 2.2443230489336506e-20j, F_py: -7.68059884894096e-20j
Free_energy = -14952.11025735249
------------------------------------------
[{'stable': {}, 'free': np.float64(-14952.11025735249)}]
------------------------------------------
  Seed: s-wave+py
F_onsite: (-3.395551025238451e-16+0j)
F_swave: (2.476794161542575e-16+0j), F_dwave: (1.4143872626251037e-20+0j)
F_px: -9.621226164659692e-20j, F_py: 8.237727085949739e-20j
Free_energy = -14952.11025735249
------------------------------------------
[{'stable': {}, 'free': np.float64(-14952.11025735249)}]
------------------------------------------
====================================
mu=2.45, T=0.0850
====================================
  Seed: normal state
F_onsite: 0j
F_swave: 0j, F_dwave: 0j
F_px: 0j, F_py: 0j
Free_energy = -14953.040199115718
------------------------------------------
[{'stable': {}, 'free': np.float64(-14953.040199115718)}]
------------------------------------------
  Seed: px+i*py
F_onsite: (-5.138086868612198e-17+2.843252803864297e-16j)
F_swave: (3.551578396179863e-17-1.965261612371519e-16j), F_dwave: (1.523147744097142e-20-8.356100065564265e-21j)
F_px: (-9.04784201561246e-20-1.1458825508503987e-20j), F_py: (3.441408426954513e-20+5.317442702962051e-20j)
Free_energy = -14953.04019911572
------------------------------------------
[{'stable': {}, 'free': np.float64(-14953.040199115718)}]
------------------------------------------
  Seed: s-wave
F_onsite: (-2.6806358322472026e-16+0j)
F_swave: (1.7574890204898386e-16+0j), F_dwave: (5.8007118603313145e-21+0j)
F_px: 3.299041217596521e-21j, F_py: 1.2424478225514848e-19j
Free_energy = -14953.040199115718
------------------------------------------
[{'stable': {}, 'free': np.float64(-14953.040199115718)}]
------------------------------------------
  Seed: s-wave+px
F_onsite: (-2.6806358322472026e-16+0j)
F_swave: (1.7574890204898386e-16+0j), F_dwave: (5.8007118603313145e-21+0j)
F_px: 3.299041217596521e-21j, F_py: 1.2424478225514848e-19j
Free_energy = -14953.040199115718
------------------------------------------
[{'stable': {}, 'free': np.float64(-14953.040199115718)}]
------------------------------------------
  Seed: s-wave+py
F_onsite: (-2.681108986553552e-16+0j)
F_swave: (1.757968073286993e-16+0j), F_dwave: (2.3346261140971492e-21+0j)
F_px: 3.916513409762845e-20j, F_py: 6.710822065500522e-20j
Free_energy = -14953.040199115718
------------------------------------------
[{'stable': {}, 'free': np.float64(-14953.040199115718)}]
------------------------------------------
====================================
mu=2.45, T=0.0880
====================================
  Seed: normal state
F_onsite: 0j
F_swave: 0j, F_dwave: 0j
F_px: 0j, F_py: 0j
Free_energy = -14954.00363375963
------------------------------------------
[{'stable': {}, 'free': np.float64(-14954.00363375963)}]
------------------------------------------
  Seed: px+i*py
F_onsite: (-3.8258502185717245e-17+2.1184695137665111e-16j)
F_swave: (2.447986995634738e-17-1.3558406963659545e-16j), F_dwave: (-7.065299361388956e-21-1.4219056523088198e-21j)
F_px: (-1.334016961572433e-19+1.2887444616661292e-20j), F_py: (3.445432433363479e-20+1.2668498276801826e-20j)
Free_energy = -14954.003633759632
------------------------------------------
[{'stable': {}, 'free': np.float64(-14954.00363375963)}]
------------------------------------------
  Seed: s-wave
F_onsite: (-1.8779098299194585e-16+0j)
F_swave: (1.2046475148644915e-16+0j), F_dwave: (2.608736918593181e-20+0j)
F_px: -3.406286135701713e-20j, F_py: 7.505317392491284e-20j
Free_energy = -14954.00363375963
------------------------------------------
[{'stable': {}, 'free': np.float64(-14954.00363375963)}]
------------------------------------------
  Seed: s-wave+px
F_onsite: (-1.8779098299194585e-16+0j)
F_swave: (1.2046475148644915e-16+0j), F_dwave: (2.608736918593181e-20+0j)
F_px: -3.406286135701713e-20j, F_py: 7.505317392491284e-20j
Free_energy = -14954.00363375963
------------------------------------------
[{'stable': {}, 'free': np.float64(-14954.00363375963)}]
------------------------------------------
  Seed: s-wave+py
F_onsite: (-1.8776185934596834e-16+0j)
F_swave: (1.2045415073805514e-16+0j), F_dwave: (-2.491978581142061e-20+0j)
F_px: -3.609370568286562e-21j, F_py: 1.5833042709024723e-19j
Free_energy = -14954.00363375963
------------------------------------------
[{'stable': {}, 'free': np.float64(-14954.00363375963)}]
------------------------------------------
====================================
mu=2.45, T=0.0910
====================================
  Seed: normal state
F_onsite: 0j
F_swave: 0j, F_dwave: 0j
F_px: 0j, F_py: 0j
Free_energy = -14955.000575779724
------------------------------------------
[{'stable': {}, 'free': np.float64(-14955.000575779724)}]
------------------------------------------
  Seed: px+i*py
F_onsite: (-2.5542918722462724e-17+1.417883022388602e-16j)
F_swave: (1.6519626308270115e-17-9.171931585350416e-17j), F_dwave: (-1.88445411433811e-20+7.446824689076595e-21j)
F_px: (-1.87120717687117e-21+1.4171712317307682e-20j), F_py: (-5.447151587396607e-20-2.3914093018565635e-20j)
Free_energy = -14955.000575779723
------------------------------------------
[{'stable': {}, 'free': np.float64(-14955.000575779724)}]
------------------------------------------
  Seed: s-wave
F_onsite: (-1.244868006547095e-16+0j)
F_swave: (8.07842617095562e-17+0j), F_dwave: (2.897596056872426e-20+0j)
F_px: 1.8252527032672656e-20j, F_py: -1.400128623960398e-20j
Free_energy = -14955.000575779724
------------------------------------------
[{'stable': {}, 'free': np.float64(-14955.000575779724)}]
------------------------------------------
  Seed: s-wave+px
F_onsite: (-1.244868006547095e-16+0j)
F_swave: (8.07842617095562e-17+0j), F_dwave: (2.897596056872426e-20+0j)
F_px: 1.8252527032672656e-20j, F_py: -1.400128623960398e-20j
Free_energy = -14955.000575779724
------------------------------------------
[{'stable': {}, 'free': np.float64(-14955.000575779724)}]
------------------------------------------
  Seed: s-wave+py
F_onsite: (-1.243142239777165e-16+0j)
F_swave: (8.062603999471084e-17+0j), F_dwave: (-3.403547771147042e-24+0j)
F_px: 7.724203751722174e-20j, F_py: 1.0353685219298278e-19j
Free_energy = -14955.000575779724
------------------------------------------
[{'stable': {}, 'free': np.float64(-14955.000575779724)}]
------------------------------------------
====================================
mu=2.45, T=0.0940
====================================
  Seed: normal state
F_onsite: 0j
F_swave: 0j, F_dwave: 0j
F_px: 0j, F_py: 0j
Free_energy = -14956.031039058662
------------------------------------------
[{'stable': {}, 'free': np.float64(-14956.031039058662)}]
------------------------------------------
  Seed: px+i*py
F_onsite: (-1.664261525085994e-17+9.207782126257461e-17j)
F_swave: (1.0918649829571057e-17-6.040246893937217e-17j), F_dwave: (-5.052638351198777e-21+2.980866216499548e-20j)
F_px: (-2.908240019667572e-20-2.8777081534929685e-20j), F_py: (-6.63215026685066e-20+1.9863589062864095e-20j)
Free_energy = -14956.031039058662
------------------------------------------
[{'stable': {}, 'free': np.float64(-14956.031039058662)}]
------------------------------------------
  Seed: s-wave
F_onsite: (-7.898616365708024e-17+0j)
F_swave: (5.195438396656683e-17+0j), F_dwave: (2.6137247313713795e-20+0j)
F_px: 7.683734937283305e-21j, F_py: -7.206938797502485e-20j
Free_energy = -14956.031039058662
------------------------------------------
[{'stable': {}, 'free': np.float64(-14956.031039058662)}]
------------------------------------------
  Seed: s-wave+px
F_onsite: (-7.898616365708024e-17+0j)
F_swave: (5.195438396656683e-17+0j), F_dwave: (2.6137247313713795e-20+0j)
F_px: 7.683734937283305e-21j, F_py: -7.206938797502485e-20j
Free_energy = -14956.031039058662
------------------------------------------
[{'stable': {}, 'free': np.float64(-14956.031039058662)}]
------------------------------------------
  Seed: s-wave+py
F_onsite: (-7.883880992507999e-17+0j)
F_swave: (5.1852472482850385e-17+0j), F_dwave: (-1.1368656975660102e-21+0j)
F_px: 3.86101539700002e-20j, F_py: 5.686858548629797e-20j
Free_energy = -14956.031039058662
------------------------------------------
[{'stable': {}, 'free': np.float64(-14956.031039058662)}]
------------------------------------------
====================================
mu=2.45, T=0.0970
====================================
  Seed: normal state
F_onsite: 0j
F_swave: 0j, F_dwave: 0j
F_px: 0j, F_py: 0j
Free_energy = -14957.095037113177
------------------------------------------
[{'stable': {}, 'free': np.float64(-14957.095037113177)}]
------------------------------------------
  Seed: px+i*py
F_onsite: (-1.0462868195607775e-17+5.758799964062201e-17j)
F_swave: (6.990047899267522e-18-3.846765961374489e-17j), F_dwave: (1.0045008140116948e-20-3.1304101457532208e-21j)
F_px: (4.319542640496575e-20+9.896281456860261e-21j), F_py: (3.881907131190658e-20+2.6781882863735968e-20j)
Free_energy = -14957.095037113178
------------------------------------------
[{'stable': {}, 'free': np.float64(-14957.095037113177)}]
------------------------------------------
  Seed: s-wave
F_onsite: (-4.6375925059286307e-17+0j)
F_swave: (3.058521597111804e-17+0j), F_dwave: (1.1452513356684291e-20+0j)
F_px: -7.480012397260432e-21j, F_py: 4.1311930382526145e-21j
Free_energy = -14957.095037113177
------------------------------------------
[{'stable': {}, 'free': np.float64(-14957.095037113177)}]
------------------------------------------
  Seed: s-wave+px
F_onsite: (-4.6375925059286307e-17+0j)
F_swave: (3.058521597111804e-17+0j), F_dwave: (1.1452513356684291e-20+0j)
F_px: -7.480012397260432e-21j, F_py: 4.1311930382526145e-21j
Free_energy = -14957.095037113177
------------------------------------------
[{'stable': {}, 'free': np.float64(-14957.095037113177)}]
------------------------------------------
  Seed: s-wave+py
F_onsite: (-4.6317259152217694e-17+0j)
F_swave: (3.0545417561841873e-17+0j), F_dwave: (-9.573049124223257e-21+0j)
F_px: -8.878556200670232e-21j, F_py: 1.4423846652828098e-21j
Free_energy = -14957.095037113177
------------------------------------------
[{'stable': {}, 'free': np.float64(-14957.095037113177)}]
------------------------------------------
====================================
mu=2.45, T=0.1000
====================================
  Seed: normal state
F_onsite: 0j
F_swave: 0j, F_dwave: 0j
F_px: 0j, F_py: 0j
Free_energy = -14958.192583280412
------------------------------------------
[{'stable': {}, 'free': np.float64(-14958.192583280412)}]
------------------------------------------
  Seed: px+i*py
F_onsite: (-5.431789428479815e-18+2.9395470396238703e-17j)
F_swave: (3.475724172042849e-18-1.8819127274673912e-17j), F_dwave: (4.1961054350166754e-21+3.127431445961321e-21j)
F_px: (-1.9739206720902576e-20-2.6958014786264385e-20j), F_py: (-1.6029864123418304e-20+1.6119379351133954e-20j)
Free_energy = -14958.192583280412
------------------------------------------
[{'stable': {}, 'free': np.float64(-14958.192583280412)}]
------------------------------------------
  Seed: s-wave
F_onsite: (-1.9999071566958804e-17+0j)
F_swave: (1.2629482331048322e-17+0j), F_dwave: (5.03411582790508e-21+0j)
F_px: -1.9086658181879715e-20j, F_py: 1.117796642174464e-20j
Free_energy = -14958.192583280412
------------------------------------------
[{'stable': {}, 'free': np.float64(-14958.192583280412)}]
------------------------------------------
  Seed: s-wave+px
F_onsite: (-1.9999071566958804e-17+0j)
F_swave: (1.2629482331048322e-17+0j), F_dwave: (5.03411582790508e-21+0j)
F_px: -1.9086658181879715e-20j, F_py: 1.117796642174464e-20j
Free_energy = -14958.192583280412
------------------------------------------
[{'stable': {}, 'free': np.float64(-14958.192583280412)}]
------------------------------------------
  Seed: s-wave+py
F_onsite: (-1.9933955475420938e-17+0j)
F_swave: (1.2587223339860093e-17+0j), F_dwave: (-7.334181628137849e-21+0j)
F_px: -2.345014897750065e-20j, F_py: 4.960708159500915e-22j
Free_energy = -14958.192583280412
------------------------------------------
[{'stable': {}, 'free': np.float64(-14958.192583280412)}]
------------------------------------------
