/home/emilssp/D1/venv/bin/python
Python 3.10.12
Running job 9 out of 25
====================================
mu=2.94, T=0.0010
====================================
  Seed: normal state
F_onsite: 0j
F_swave: 0j, F_dwave: 0j
F_px: 0j, F_py: 0j
Free_energy = -17082.142042203268
------------------------------------------
[{'stable': {}, 'free': np.float64(-17082.142042203268)}]
------------------------------------------
  Seed: px+i*py
F_onsite: (-0.004815227021861863-0.0288925189523704j)
F_swave: (0.0040089664019445515+0.02405476153496338j), F_dwave: (-1.734723475976807e-18+1.1275702593849246e-17j)
F_px: (3.0791341698588326e-17+1.6306400674181987e-16j), F_py: (1.7867651802561113e-16+1.007874339542525e-15j)
Free_energy = -17105.093797341582
------------------------------------------
[{'stable': {'F_onsite': np.complex128(-0.004815227021861863-0.0288925189523704j), 'F_swave': np.complex128(0.0040089664019445515+0.02405476153496338j)}, 'free': np.float64(-17105.093797341582)}]
------------------------------------------
  Seed: s-wave
F_onsite: (-0.02929474094767379+0j)
F_swave: (0.02438981221084434+0j), F_dwave: (1.9081958235744878e-17+0j)
F_px: -7.172674997349415e-18j, F_py: -1.765640178551589e-18j
Free_energy = -17105.10149569425
------------------------------------------
[{'stable': {'F_onsite': np.complex128(-0.004815227021861863-0.0288925189523704j), 'F_swave': np.complex128(0.0040089664019445515+0.02405476153496338j)}, 'free': np.float64(-17105.093797341582)}, {'stable': {'F_onsite': np.complex128(-0.02929474094767379+0j), 'F_swave': np.complex128(0.02438981221084434+0j)}, 'free': np.float64(-17105.10149569425)}]
------------------------------------------
  Seed: s-wave+px
F_onsite: (-0.02929456464041294+4.186779723337372e-18j)
F_swave: (0.024389657045235796-4.4635459946749424e-18j), F_dwave: (9.532305500492555e-16-1.0670497553036049e-18j)
F_px: (9.558934980363754e-09-2.9056406464374705e-18j), F_py: (5.204170427930421e-18-1.938540778909873e-18j)
Free_energy = -17105.101130536004
------------------------------------------
[{'stable': {'F_onsite': np.complex128(-0.004815227021861863-0.0288925189523704j), 'F_swave': np.complex128(0.0040089664019445515+0.02405476153496338j)}, 'free': np.float64(-17105.093797341582)}, {'stable': {'F_onsite': np.complex128(-0.02929474094767379+0j), 'F_swave': np.complex128(0.02438981221084434+0j)}, 'free': np.float64(-17105.10149569425)}]
------------------------------------------
  Seed: s-wave+py
F_onsite: (-0.029294564640413023-5.728332104613547e-19j)
F_swave: (0.02438965704523592-1.076737694637826e-18j), F_dwave: (-9.97465998686664e-16-1.6735782850968873e-18j)
F_px: (3.469446951953614e-18-7.452407628180148e-18j), F_py: (9.558934924852602e-09-2.128064400858023e-18j)
Free_energy = -17105.101130536004
------------------------------------------
[{'stable': {'F_onsite': np.complex128(-0.004815227021861863-0.0288925189523704j), 'F_swave': np.complex128(0.0040089664019445515+0.02405476153496338j)}, 'free': np.float64(-17105.093797341582)}, {'stable': {'F_onsite': np.complex128(-0.02929474094767379+0j), 'F_swave': np.complex128(0.02438981221084434+0j)}, 'free': np.float64(-17105.10149569425)}]
------------------------------------------
====================================
mu=2.94, T=0.0040
====================================
  Seed: normal state
F_onsite: 0j
F_swave: 0j, F_dwave: 0j
F_px: 0j, F_py: 0j
Free_energy = -17082.144349667065
------------------------------------------
[{'stable': {}, 'free': np.float64(-17082.144349667065)}]
------------------------------------------
  Seed: px+i*py
F_onsite: (-0.004815385893132447-0.02889347221816153j)
F_swave: (0.004009106220613095+0.024055600480564907j), F_dwave: (1.6696713456276768e-17-9.540979117872439e-18j)
F_px: (-6.071532165918825e-18+8.326672684688674e-17j), F_py: (6.201636426617085e-17+3.3133218391157016e-16j)
Free_energy = -17105.095798533745
------------------------------------------
[{'stable': {'F_onsite': np.complex128(-0.004815385893132447-0.02889347221816153j), 'F_swave': np.complex128(0.004009106220613095+0.024055600480564907j)}, 'free': np.float64(-17105.095798533745)}]
------------------------------------------
  Seed: s-wave
F_onsite: (-0.029293808909643497+0j)
F_swave: (0.024388991938167605+0j), F_dwave: (2.0816681711721685e-17+0j)
F_px: 3.66172343098034e-18j, F_py: -1.1583175553702557e-18j
Free_energy = -17105.099565352
------------------------------------------
[{'stable': {'F_onsite': np.complex128(-0.004815385893132447-0.02889347221816153j), 'F_swave': np.complex128(0.004009106220613095+0.024055600480564907j)}, 'free': np.float64(-17105.095798533745)}, {'stable': {'F_onsite': np.complex128(-0.029293808909643497+0j), 'F_swave': np.complex128(0.024388991938167605+0j)}, 'free': np.float64(-17105.099565352)}]
------------------------------------------
  Seed: s-wave+px
F_onsite: (-0.029293722646005056+3.519896438236732e-18j)
F_swave: (0.024388916018989522-5.191253175484793e-19j), F_dwave: (5.811323644522304e-17+2.574980159653073e-18j)
F_px: (3.088858091179758e-09+5.485597124655663e-19j), F_py: (8.673617379884035e-18-1.986398140429741e-18j)
Free_energy = -17105.09938669729
------------------------------------------
[{'stable': {'F_onsite': np.complex128(-0.004815385893132447-0.02889347221816153j), 'F_swave': np.complex128(0.004009106220613095+0.024055600480564907j)}, 'free': np.float64(-17105.095798533745)}, {'stable': {'F_onsite': np.complex128(-0.029293808909643497+0j), 'F_swave': np.complex128(0.024388991938167605+0j)}, 'free': np.float64(-17105.099565352)}]
------------------------------------------
  Seed: s-wave+py
F_onsite: (-0.02929372264600507+1.359207544395742e-18j)
F_swave: (0.024388916018989536+2.7221521342385077e-19j), F_dwave: (-1.3530843112619095e-16+1.8646371542619354e-18j)
F_px: (3.469446951953614e-18-2.0339378645943887e-18j), F_py: (3.0888581102617163e-09-2.0309732492789986e-18j)
Free_energy = -17105.099386697293
------------------------------------------
[{'stable': {'F_onsite': np.complex128(-0.004815385893132447-0.02889347221816153j), 'F_swave': np.complex128(0.004009106220613095+0.024055600480564907j)}, 'free': np.float64(-17105.095798533745)}, {'stable': {'F_onsite': np.complex128(-0.029293808909643497+0j), 'F_swave': np.complex128(0.024388991938167605+0j)}, 'free': np.float64(-17105.099565352)}]
------------------------------------------
====================================
mu=2.94, T=0.0070
====================================
  Seed: normal state
F_onsite: 0j
F_swave: 0j, F_dwave: 0j
F_px: 0j, F_py: 0j
Free_energy = -17082.170173095463
------------------------------------------
[{'stable': {}, 'free': np.float64(-17082.170173095463)}]
------------------------------------------
  Seed: px+i*py
F_onsite: (-0.004815463299202551-0.02889393667317857j)
F_swave: (0.004009174374893165+0.024056009422618915j), F_dwave: (2.7755575615628914e-17+2.0816681711721685e-17j)
F_px: (-3.903127820947816e-17+3.122502256758253e-17j), F_py: (2.2551405187698492e-17+1.0755285551056204e-16j)
Free_energy = -17105.096776359995
------------------------------------------
[{'stable': {'F_onsite': np.complex128(-0.004815463299202551-0.02889393667317857j), 'F_swave': np.complex128(0.004009174374893165+0.024056009422618915j)}, 'free': np.float64(-17105.096776359995)}]
------------------------------------------
  Seed: s-wave
F_onsite: (-0.029293350856894076+0j)
F_swave: (0.024388589001904878+0j), F_dwave: (3.469446951953614e-17+0j)
F_px: -3.7324506820760744e-18j, F_py: -1.3493234849761004e-18j
Free_energy = -17105.09861947082
------------------------------------------
[{'stable': {'F_onsite': np.complex128(-0.004815463299202551-0.02889393667317857j), 'F_swave': np.complex128(0.004009174374893165+0.024056009422618915j)}, 'free': np.float64(-17105.096776359995)}, {'stable': {'F_onsite': np.complex128(-0.029293350856894076+0j), 'F_swave': np.complex128(0.024388589001904878+0j)}, 'free': np.float64(-17105.09861947082)}]
------------------------------------------
  Seed: s-wave+px
F_onsite: (-0.029293308648817996+4.278633321395888e-18j)
F_swave: (0.024388551855357377-4.167719737846378e-18j), F_dwave: (6.071532165918825e-18-1.0347566241895347e-18j)
F_px: (9.981388181257156e-10-1.9678692947085533e-18j), F_py: (-5.204170427930421e-18-2.1122884122154115e-18j)
Free_energy = -17105.098532059004
------------------------------------------
[{'stable': {'F_onsite': np.complex128(-0.004815463299202551-0.02889393667317857j), 'F_swave': np.complex128(0.004009174374893165+0.024056009422618915j)}, 'free': np.float64(-17105.096776359995)}, {'stable': {'F_onsite': np.complex128(-0.029293350856894076+0j), 'F_swave': np.complex128(0.024388589001904878+0j)}, 'free': np.float64(-17105.09861947082)}]
------------------------------------------
  Seed: s-wave+py
F_onsite: (-0.02929330864881796-4.600007559867161e-19j)
F_swave: (0.02438855185535736+5.909113598282813e-19j), F_dwave: (4.683753385137379e-17+5.396658665193961e-19j)
F_px: (5.204170427930421e-18-3.5130691487372107e-19j), F_py: (9.981389083313363e-10-1.7683930356301655e-18j)
Free_energy = -17105.098532059004
------------------------------------------
[{'stable': {'F_onsite': np.complex128(-0.004815463299202551-0.02889393667317857j), 'F_swave': np.complex128(0.004009174374893165+0.024056009422618915j)}, 'free': np.float64(-17105.096776359995)}, {'stable': {'F_onsite': np.complex128(-0.029293350856894076+0j), 'F_swave': np.complex128(0.024388589001904878+0j)}, 'free': np.float64(-17105.09861947082)}]
------------------------------------------
====================================
mu=2.94, T=0.0100
====================================
  Seed: normal state
F_onsite: 0j
F_swave: 0j, F_dwave: 0j
F_px: 0j, F_py: 0j
Free_energy = -17082.23368399728
------------------------------------------
[{'stable': {}, 'free': np.float64(-17082.23368399728)}]
------------------------------------------
  Seed: px+i*py
F_onsite: (-0.004815460716048288-0.02889392117363222j)
F_swave: (0.004009175865377612+0.024056018365883756j), F_dwave: (-8.673617379884035e-19+4.336808689942018e-18j)
F_px: (4.336808689942018e-17+3.642919299551295e-17j), F_py: (9.540979117872439e-18+2.949029909160572e-17j)
Free_energy = -17105.09708452762
------------------------------------------
[{'stable': {'F_onsite': np.complex128(-0.004815460716048288-0.02889392117363222j), 'F_swave': np.complex128(0.004009175865377612+0.024056018365883756j)}, 'free': np.float64(-17105.09708452762)}]
------------------------------------------
  Seed: s-wave
F_onsite: (-0.029292880689660343+0j)
F_swave: (0.024388198107402743+0j), F_dwave: (5.724587470723463e-17+0j)
F_px: -1.0281921188483138e-17j, F_py: -1.3935809564701376e-18j
Free_energy = -17105.09798641889
------------------------------------------
[{'stable': {'F_onsite': np.complex128(-0.004815460716048288-0.02889392117363222j), 'F_swave': np.complex128(0.004009175865377612+0.024056018365883756j)}, 'free': np.float64(-17105.09708452762)}, {'stable': {'F_onsite': np.complex128(-0.029292880689660343+0j), 'F_swave': np.complex128(0.024388198107402743+0j)}, 'free': np.float64(-17105.09798641889)}]
------------------------------------------
  Seed: s-wave+px
F_onsite: (-0.029292860034272013+5.303456458203542e-18j)
F_swave: (0.02438817992924546-3.3603385204354196e-18j), F_dwave: (6.071532165918825e-18+5.74870673389653e-19j)
F_px: (3.2254024104338974e-10-4.6758336270805514e-18j), F_py: (1.734723475976807e-18-2.128911433805277e-18j)
Free_energy = -17105.097943646473
------------------------------------------
[{'stable': {'F_onsite': np.complex128(-0.004815460716048288-0.02889392117363222j), 'F_swave': np.complex128(0.004009175865377612+0.024056018365883756j)}, 'free': np.float64(-17105.09708452762)}, {'stable': {'F_onsite': np.complex128(-0.029292880689660343+0j), 'F_swave': np.complex128(0.024388198107402743+0j)}, 'free': np.float64(-17105.09798641889)}]
------------------------------------------
  Seed: s-wave+py
F_onsite: (-0.029292860034272002+1.04950276002431e-18j)
F_swave: (0.024388179929245454+6.695795448045244e-19j), F_dwave: (1.9949319973733282e-17+1.0743554144736732e-18j)
F_px: (8.673617379884035e-18-2.5278639519620526e-18j), F_py: (3.2254023930866627e-10-1.5033776022579763e-18j)
Free_energy = -17105.097943646473
------------------------------------------
[{'stable': {'F_onsite': np.complex128(-0.004815460716048288-0.02889392117363222j), 'F_swave': np.complex128(0.004009175865377612+0.024056018365883756j)}, 'free': np.float64(-17105.09708452762)}, {'stable': {'F_onsite': np.complex128(-0.029292880689660343+0j), 'F_swave': np.complex128(0.024388198107402743+0j)}, 'free': np.float64(-17105.09798641889)}]
------------------------------------------
====================================
mu=2.94, T=0.0130
====================================
  Seed: normal state
F_onsite: 0j
F_swave: 0j, F_dwave: 0j
F_px: 0j, F_py: 0j
Free_energy = -17082.334736213856
------------------------------------------
[{'stable': {}, 'free': np.float64(-17082.334736213856)}]
------------------------------------------
  Seed: px+i*py
F_onsite: (-0.004814807546340748-0.028890001998468126j)
F_swave: (0.004008649335609511+0.02405285906078039j), F_dwave: (4.336808689942018e-18+8.673617379884035e-18j)
F_px: (-1.6046192152785466e-17+1.734723475976807e-18j), F_py: (-8.673617379884035e-19+6.938893903907228e-18j)
Free_energy = -17105.093316398743
------------------------------------------
[{'stable': {'F_onsite': np.complex128(-0.004814807546340748-0.028890001998468126j), 'F_swave': np.complex128(0.004008649335609511+0.02405285906078039j)}, 'free': np.float64(-17105.093316398743)}]
------------------------------------------
  Seed: s-wave
F_onsite: (-0.029288621338873493+0j)
F_swave: (0.024384743404243046+0j), F_dwave: (1.734723475976807e-18+0j)
F_px: -2.464865876510014e-19j, F_py: -2.2272731348051827e-18j
Free_energy = -17105.093625514968
------------------------------------------
[{'stable': {'F_onsite': np.complex128(-0.004814807546340748-0.028890001998468126j), 'F_swave': np.complex128(0.004008649335609511+0.02405285906078039j)}, 'free': np.float64(-17105.093316398743)}, {'stable': {'F_onsite': np.complex128(-0.029288621338873493+0j), 'F_swave': np.complex128(0.024384743404243046+0j)}, 'free': np.float64(-17105.093625514968)}]
------------------------------------------
  Seed: s-wave+px
F_onsite: (-0.029288614252620006+1.019485053828968e-19j)
F_swave: (0.02438473716871272+2.4020266197355856e-18j), F_dwave: (-1.5612511283791264e-17+3.396549178930541e-18j)
F_px: (5.924282939218095e-11+1.6735253455376839e-18j), F_py: (-3.469446951953614e-18-1.4154979339803427e-18j)
Free_energy = -17105.09361085535
------------------------------------------
[{'stable': {'F_onsite': np.complex128(-0.004814807546340748-0.028890001998468126j), 'F_swave': np.complex128(0.004008649335609511+0.02405285906078039j)}, 'free': np.float64(-17105.093316398743)}, {'stable': {'F_onsite': np.complex128(-0.029288621338873493+0j), 'F_swave': np.complex128(0.024384743404243046+0j)}, 'free': np.float64(-17105.093625514968)}]
------------------------------------------
  Seed: s-wave+py
F_onsite: (-0.029288614252619985+2.000984711471218e-18j)
F_swave: (0.024384737168712662-1.3295770293932346e-18j), F_dwave: (5.724587470723463e-17+1.649067269185716e-19j)
F_px: -2.5264875234227643e-18j, F_py: (5.924297510895293e-11-1.3079247496790465e-18j)
Free_energy = -17105.09361085535
------------------------------------------
[{'stable': {'F_onsite': np.complex128(-0.004814807546340748-0.028890001998468126j), 'F_swave': np.complex128(0.004008649335609511+0.02405285906078039j)}, 'free': np.float64(-17105.093316398743)}, {'stable': {'F_onsite': np.complex128(-0.029288621338873493+0j), 'F_swave': np.complex128(0.024384743404243046+0j)}, 'free': np.float64(-17105.093625514968)}]
------------------------------------------
====================================
mu=2.94, T=0.0160
====================================
  Seed: normal state
F_onsite: 0j
F_swave: 0j, F_dwave: 0j
F_px: 0j, F_py: 0j
Free_energy = -17082.47161497295
------------------------------------------
[{'stable': {}, 'free': np.float64(-17082.47161497295)}]
------------------------------------------
  Seed: px+i*py
F_onsite: (-0.004810419703855879-0.028863673889413296j)
F_swave: (0.004005009648587975+0.024031020064244284j), F_dwave: (-6.505213034913027e-19+3.382710778154774e-17j)
F_px: (-1.0842021724855044e-17-2.7755575615628914e-17j), F_py: (3.0357660829594124e-18-5.204170427930421e-18j)
Free_energy = -17105.05899516311
------------------------------------------
[{'stable': {'F_onsite': np.complex128(-0.004810419703855879-0.028863673889413296j), 'F_swave': np.complex128(0.004005009648587975+0.024031020064244284j)}, 'free': np.float64(-17105.05899516311)}]
------------------------------------------
  Seed: s-wave
F_onsite: (-0.02926179320877992+0j)
F_swave: (0.02436248273128073+0j), F_dwave: (-2.949029909160572e-17+0j)
F_px: -3.5984077181730814e-18j, F_py: -1.8437789679357983e-18j
Free_energy = -17105.059020991037
------------------------------------------
[{'stable': {'F_onsite': np.complex128(-0.004810419703855879-0.028863673889413296j), 'F_swave': np.complex128(0.004005009648587975+0.024031020064244284j)}, 'free': np.float64(-17105.05899516311)}, {'stable': {'F_onsite': np.complex128(-0.02926179320877992+0j), 'F_swave': np.complex128(0.02436248273128073+0j)}, 'free': np.float64(-17105.059020991037)}]
------------------------------------------
  Seed: s-wave+px
F_onsite: (-0.02926179261425588+1.2463011507915666e-18j)
F_swave: (0.02436248220840569-4.6422699465456e-19j), F_dwave: (7.28583859910259e-17+4.164755122530988e-19j)
F_px: (1.1357147861046357e-12-2.571486148745649e-18j), F_py: -1.1822462361301897e-18j
Free_energy = -17105.059019766195
------------------------------------------
[{'stable': {'F_onsite': np.complex128(-0.004810419703855879-0.028863673889413296j), 'F_swave': np.complex128(0.004005009648587975+0.024031020064244284j)}, 'free': np.float64(-17105.05899516311)}, {'stable': {'F_onsite': np.complex128(-0.02926179320877992+0j), 'F_swave': np.complex128(0.02436248273128073+0j)}, 'free': np.float64(-17105.059020991037)}]
------------------------------------------
  Seed: s-wave+py
F_onsite: (-0.02926179261425588-2.156378920116344e-18j)
F_swave: (0.02436248220840566+1.2769551075450612e-18j), F_dwave: (2.0816681711721685e-17+5.638063055161437e-20j)
F_px: (-1.734723475976807e-18+6.878966322888987e-19j), F_py: (1.1356297846543129e-12-2.0555372047493733e-18j)
Free_energy = -17105.059019766195
------------------------------------------
[{'stable': {'F_onsite': np.complex128(-0.004810419703855879-0.028863673889413296j), 'F_swave': np.complex128(0.004005009648587975+0.024031020064244284j)}, 'free': np.float64(-17105.05899516311)}, {'stable': {'F_onsite': np.complex128(-0.02926179320877992+0j), 'F_swave': np.complex128(0.02436248273128073+0j)}, 'free': np.float64(-17105.059020991037)}]
------------------------------------------
====================================
mu=2.94, T=0.0190
====================================
  Seed: normal state
F_onsite: 0j
F_swave: 0j, F_dwave: 0j
F_px: 0j, F_py: 0j
Free_energy = -17082.642976680654
------------------------------------------
[{'stable': {}, 'free': np.float64(-17082.642976680654)}]
------------------------------------------
  Seed: px+i*py
F_onsite: (-0.0047983988563040725-0.028791545916186618j)
F_swave: (0.003995027061722194+0.02397112214480998j), F_dwave: (3.447762908503904e-17+3.382710778154774e-17j)
F_px: (-3.642919299551295e-17+4.163336342344337e-17j), F_py: (2.168404344971009e-18-1.734723475976807e-18j)
Free_energy = -17104.96532512359
------------------------------------------
[{'stable': {'F_onsite': np.complex128(-0.0047983988563040725-0.028791545916186618j), 'F_swave': np.complex128(0.003995027061722194+0.02397112214480998j)}, 'free': np.float64(-17104.96532512359)}]
------------------------------------------
  Seed: s-wave
F_onsite: (-0.029188658248018282+0j)
F_swave: (0.024301747973252037+0j), F_dwave: (1.734723475976807e-17+0j)
F_px: -3.269123659927972e-18j, F_py: -1.400357220048172e-18j
Free_energy = -17104.965325909834
------------------------------------------
[{'stable': {'F_onsite': np.complex128(-0.0047983988563040725-0.028791545916186618j), 'F_swave': np.complex128(0.003995027061722194+0.02397112214480998j)}, 'free': np.float64(-17104.96532512359)}, {'stable': {'F_onsite': np.complex128(-0.029188658248018282+0j), 'F_swave': np.complex128(0.024301747973252037+0j)}, 'free': np.float64(-17104.965325909834)}]
------------------------------------------
  Seed: s-wave+px
F_onsite: (-0.029188658229746922-3.910646100098106e-18j)
F_swave: (0.0243017479572011+1.898730230388921e-18j), F_dwave: (-4.7704895589362195e-17-8.612207491208099e-19j)
F_px: (3.995068165174587e-15-2.25109593644671e-18j), F_py: (1.734723475976807e-18-1.7625696841177922e-18j)
Free_energy = -17104.96532587243
------------------------------------------
[{'stable': {'F_onsite': np.complex128(-0.0047983988563040725-0.028791545916186618j), 'F_swave': np.complex128(0.003995027061722194+0.02397112214480998j)}, 'free': np.float64(-17104.96532512359)}, {'stable': {'F_onsite': np.complex128(-0.029188658248018282+0j), 'F_swave': np.complex128(0.024301747973252037+0j)}, 'free': np.float64(-17104.965325909834)}]
------------------------------------------
  Seed: s-wave+py
F_onsite: (-0.029188658229746877-1.0287349180935778e-18j)
F_swave: (0.024301747957201095+4.928143566243926e-19j), F_dwave: (6.938893903907228e-18+7.003903682608996e-20j)
F_px: (-6.938893903907228e-18-4.2008599019077025e-18j), F_py: (3.972516759986888e-15-1.5338707883591311e-18j)
Free_energy = -17104.96532587243
------------------------------------------
[{'stable': {'F_onsite': np.complex128(-0.0047983988563040725-0.028791545916186618j), 'F_swave': np.complex128(0.003995027061722194+0.02397112214480998j)}, 'free': np.float64(-17104.96532512359)}, {'stable': {'F_onsite': np.complex128(-0.029188658248018282+0j), 'F_swave': np.complex128(0.024301747973252037+0j)}, 'free': np.float64(-17104.965325909834)}]
------------------------------------------
====================================
mu=2.94, T=0.0220
====================================
  Seed: normal state
F_onsite: 0j
F_swave: 0j, F_dwave: 0j
F_px: 0j, F_py: 0j
Free_energy = -17082.8477858604
------------------------------------------
[{'stable': {}, 'free': np.float64(-17082.8477858604)}]
------------------------------------------
  Seed: px+i*py
F_onsite: (-0.004774507384674077-0.028648191346664357j)
F_swave: (0.003975187320830591+0.023852078933115355j), F_dwave: (7.37257477290143e-18+1.5612511283791264e-17j)
F_px: (-5.854691731421724e-17-6.938893903907228e-17j), F_py: (1.734723475976807e-18-1.0408340855860843e-17j)
Free_energy = -17104.78249966862
------------------------------------------
[{'stable': {'F_onsite': np.complex128(-0.004774507384674077-0.028648191346664357j), 'F_swave': np.complex128(0.003975187320830591+0.023852078933115355j)}, 'free': np.float64(-17104.78249966862)}]
------------------------------------------
  Seed: s-wave
F_onsite: (-0.02904332605928974+0j)
F_swave: (0.024181062506601757+0j), F_dwave: (1.734723475976807e-18+0j)
F_px: 5.516725585467258e-18j, F_py: -1.717782817031721e-18j
Free_energy = -17104.78249968196
------------------------------------------
[{'stable': {'F_onsite': np.complex128(-0.004774507384674077-0.028648191346664357j), 'F_swave': np.complex128(0.003975187320830591+0.023852078933115355j)}, 'free': np.float64(-17104.78249966862)}, {'stable': {'F_onsite': np.complex128(-0.02904332605928974+0j), 'F_swave': np.complex128(0.024181062506601757+0j)}, 'free': np.float64(-17104.78249968196)}]
------------------------------------------
  Seed: s-wave+px
F_onsite: (-0.029043326058975555+2.6186969450972055e-18j)
F_swave: (0.02418106250632628-2.3169527480957318e-18j), F_dwave: (3.469446951953614e-18-1.4293680984916318e-20j)
F_px: (1.734723475976807e-18+2.9010878443459787e-19j), F_py: -2.239131596066743e-18j
Free_energy = -17104.78249968132
------------------------------------------
[{'stable': {'F_onsite': np.complex128(-0.004774507384674077-0.028648191346664357j), 'F_swave': np.complex128(0.003975187320830591+0.023852078933115355j)}, 'free': np.float64(-17104.78249966862)}, {'stable': {'F_onsite': np.complex128(-0.02904332605928974+0j), 'F_swave': np.complex128(0.024181062506601757+0j)}, 'free': np.float64(-17104.78249968196)}]
------------------------------------------
  Seed: s-wave+py
F_onsite: (-0.029043326058975555-4.801388998623163e-20j)
F_swave: (0.024181062506326283+1.1678466760268666e-18j), F_dwave: (1.734723475976807e-18+1.1066485455877434e-18j)
F_px: -3.851882327638931e-19j, F_py: -1.6762782026162604e-18j
Free_energy = -17104.78249968132
------------------------------------------
[{'stable': {'F_onsite': np.complex128(-0.004774507384674077-0.028648191346664357j), 'F_swave': np.complex128(0.003975187320830591+0.023852078933115355j)}, 'free': np.float64(-17104.78249966862)}, {'stable': {'F_onsite': np.complex128(-0.02904332605928974+0j), 'F_swave': np.complex128(0.024181062506601757+0j)}, 'free': np.float64(-17104.78249968196)}]
------------------------------------------
====================================
mu=2.94, T=0.0250
====================================
  Seed: normal state
F_onsite: 0j
F_swave: 0j, F_dwave: 0j
F_px: 0j, F_py: 0j
Free_energy = -17083.085234861584
------------------------------------------
[{'stable': {}, 'free': np.float64(-17083.085234861584)}]
------------------------------------------
  Seed: px+i*py
F_onsite: (-0.004734678195326451-0.028409206641922008j)
F_swave: (0.003942105626117562+0.02365358081721473j), F_dwave: (-2.0816681711721685e-17-1.8214596497756474e-17j)
F_px: (9.80118763926896e-17-3.8163916471489756e-17j), F_py: (-1.734723475976807e-18-1.734723475976807e-18j)
Free_energy = -17104.483352075746
------------------------------------------
[{'stable': {'F_onsite': np.complex128(-0.004734678195326451-0.028409206641922008j), 'F_swave': np.complex128(0.003942105626117562+0.02365358081721473j)}, 'free': np.float64(-17104.483352075746)}]
------------------------------------------
  Seed: s-wave
F_onsite: (-0.028801045113689035+0j)
F_swave: (0.023979826568324418+0j), F_dwave: (-8.673617379884035e-18+0j)
F_px: 1.6519260053826992e-18j, F_py: -1.610209632730425e-18j
Free_energy = -17104.48335207585
------------------------------------------
[{'stable': {'F_onsite': np.complex128(-0.004734678195326451-0.028409206641922008j), 'F_swave': np.complex128(0.003942105626117562+0.02365358081721473j)}, 'free': np.float64(-17104.483352075746)}, {'stable': {'F_onsite': np.complex128(-0.028801045113689035+0j), 'F_swave': np.complex128(0.023979826568324418+0j)}, 'free': np.float64(-17104.48335207585)}]
------------------------------------------
  Seed: s-wave+px
F_onsite: (-0.028801045113685635+0j)
F_swave: (0.02397982656832146+0j), F_dwave: (4.683753385137379e-17+0j)
F_px: -2.172851267944094e-18j, F_py: -1.4662140316971939e-18j
Free_energy = -17104.483352075844
------------------------------------------
[{'stable': {'F_onsite': np.complex128(-0.004734678195326451-0.028409206641922008j), 'F_swave': np.complex128(0.003942105626117562+0.02365358081721473j)}, 'free': np.float64(-17104.483352075746)}, {'stable': {'F_onsite': np.complex128(-0.028801045113689035+0j), 'F_swave': np.complex128(0.023979826568324418+0j)}, 'free': np.float64(-17104.48335207585)}]
------------------------------------------
  Seed: s-wave+py
F_onsite: (-0.028801045113685635+0j)
F_swave: (0.02397982656832146+0j), F_dwave: (4.683753385137379e-17+0j)
F_px: -2.172851267944094e-18j, F_py: -1.4662140316971939e-18j
Free_energy = -17104.483352075844
------------------------------------------
[{'stable': {'F_onsite': np.complex128(-0.004734678195326451-0.028409206641922008j), 'F_swave': np.complex128(0.003942105626117562+0.02365358081721473j)}, 'free': np.float64(-17104.483352075746)}, {'stable': {'F_onsite': np.complex128(-0.028801045113689035+0j), 'F_swave': np.complex128(0.023979826568324418+0j)}, 'free': np.float64(-17104.48335207585)}]
------------------------------------------
====================================
mu=2.94, T=0.0280
====================================
  Seed: normal state
F_onsite: 0j
F_swave: 0j, F_dwave: 0j
F_px: 0j, F_py: 0j
Free_energy = -17083.354710493953
------------------------------------------
[{'stable': {}, 'free': np.float64(-17083.354710493953)}]
------------------------------------------
  Seed: px+i*py
F_onsite: (-0.004675466540985193-0.028053922490731072j)
F_swave: (0.0038929178193569413+0.023358442159659522j), F_dwave: (2.927345865710862e-18-2.42861286636753e-17j)
F_px: (-1.951563910473908e-17-4.85722573273506e-17j), F_py: (1.5178830414797062e-18+0j)
Free_energy = -17104.04886113493
------------------------------------------
[{'stable': {'F_onsite': np.complex128(-0.004675466540985193-0.028053922490731072j), 'F_swave': np.complex128(0.0038929178193569413+0.023358442159659522j)}, 'free': np.float64(-17104.04886113493)}]
------------------------------------------
  Seed: s-wave
F_onsite: (-0.0284408606496329+0j)
F_swave: (0.023680617164137625+0j), F_dwave: (4.683753385137379e-17+0j)
F_px: 5.8155164576112126e-18j, F_py: -1.848861165619324e-18j
Free_energy = -17104.048861134925
------------------------------------------
[{'stable': {'F_onsite': np.complex128(-0.004675466540985193-0.028053922490731072j), 'F_swave': np.complex128(0.0038929178193569413+0.023358442159659522j)}, 'free': np.float64(-17104.04886113493)}, {'stable': {'F_onsite': np.complex128(-0.0284408606496329+0j), 'F_swave': np.complex128(0.023680617164137625+0j)}, 'free': np.float64(-17104.048861134925)}]
------------------------------------------
  Seed: s-wave+px
F_onsite: (-0.028440860649632877+0j)
F_swave: (0.0236806171641376+0j), F_dwave: (4.683753385137379e-17+0j)
F_px: 8.033472229996598e-18j, F_py: -9.232659125071874e-19j
Free_energy = -17104.04886113493
------------------------------------------
[{'stable': {'F_onsite': np.complex128(-0.004675466540985193-0.028053922490731072j), 'F_swave': np.complex128(0.0038929178193569413+0.023358442159659522j)}, 'free': np.float64(-17104.04886113493)}, {'stable': {'F_onsite': np.complex128(-0.0284408606496329+0j), 'F_swave': np.complex128(0.023680617164137625+0j)}, 'free': np.float64(-17104.048861134925)}]
------------------------------------------
  Seed: s-wave+py
F_onsite: (-0.028440860649632877+0j)
F_swave: (0.0236806171641376+0j), F_dwave: (4.683753385137379e-17+0j)
F_px: 8.033472229996598e-18j, F_py: -9.232659125071874e-19j
Free_energy = -17104.04886113493
------------------------------------------
[{'stable': {'F_onsite': np.complex128(-0.004675466540985193-0.028053922490731072j), 'F_swave': np.complex128(0.0038929178193569413+0.023358442159659522j)}, 'free': np.float64(-17104.04886113493)}, {'stable': {'F_onsite': np.complex128(-0.0284408606496329+0j), 'F_swave': np.complex128(0.023680617164137625+0j)}, 'free': np.float64(-17104.048861134925)}]
------------------------------------------
====================================
mu=2.94, T=0.0310
====================================
  Seed: normal state
F_onsite: 0j
F_swave: 0j, F_dwave: 0j
F_px: 0j, F_py: 0j
Free_energy = -17083.65576566839
------------------------------------------
[{'stable': {}, 'free': np.float64(-17083.65576566839)}]
------------------------------------------
  Seed: px+i*py
F_onsite: (-0.004593757459695295-0.02756364837301351j)
F_swave: (0.0038250313672485345+0.02295110713781129j), F_dwave: (3.7947076036992655e-18-3.0357660829594124e-17j)
F_px: (-2.5804011705155006e-17+6.071532165918825e-17j), F_py: (3.2526065174565133e-18-1.734723475976807e-18j)
Free_energy = -17103.465831397578
------------------------------------------
[{'stable': {'F_onsite': np.complex128(-0.004593757459695295-0.02756364837301351j), 'F_swave': np.complex128(0.0038250313672485345+0.02295110713781129j)}, 'free': np.float64(-17103.465831397578)}]
------------------------------------------
  Seed: s-wave
F_onsite: (-0.027943824348675757+0j)
F_swave: (0.02326766390963493+0j), F_dwave: (1.5612511283791264e-17+0j)
F_px: -2.184709729205654e-18j, F_py: -2.4422077451709615e-18j
Free_energy = -17103.465831397578
------------------------------------------
[{'stable': {'F_onsite': np.complex128(-0.004593757459695295-0.02756364837301351j), 'F_swave': np.complex128(0.0038250313672485345+0.02295110713781129j)}, 'free': np.float64(-17103.465831397578)}, {'stable': {'F_onsite': np.complex128(-0.027943824348675757+0j), 'F_swave': np.complex128(0.02326766390963493+0j)}, 'free': np.float64(-17103.465831397578)}]
------------------------------------------
  Seed: s-wave+px
F_onsite: (-0.027943824348675757+0j)
F_swave: (0.02326766390963493+0j), F_dwave: (1.5612511283791264e-17+0j)
F_px: -2.184709729205654e-18j, F_py: -2.4422077451709615e-18j
Free_energy = -17103.465831397578
------------------------------------------
[{'stable': {'F_onsite': np.complex128(-0.004593757459695295-0.02756364837301351j), 'F_swave': np.complex128(0.0038250313672485345+0.02295110713781129j)}, 'free': np.float64(-17103.465831397578)}, {'stable': {'F_onsite': np.complex128(-0.027943824348675757+0j), 'F_swave': np.complex128(0.02326766390963493+0j)}, 'free': np.float64(-17103.465831397578)}]
------------------------------------------
  Seed: s-wave+py
F_onsite: (-0.027943824348675757+0j)
F_swave: (0.02326766390963493+0j), F_dwave: (1.5612511283791264e-17+0j)
F_px: -2.184709729205654e-18j, F_py: -2.4422077451709615e-18j
Free_energy = -17103.465831397578
------------------------------------------
[{'stable': {'F_onsite': np.complex128(-0.004593757459695295-0.02756364837301351j), 'F_swave': np.complex128(0.0038250313672485345+0.02295110713781129j)}, 'free': np.float64(-17103.465831397578)}, {'stable': {'F_onsite': np.complex128(-0.027943824348675757+0j), 'F_swave': np.complex128(0.02326766390963493+0j)}, 'free': np.float64(-17103.465831397578)}]
------------------------------------------
====================================
mu=2.94, T=0.0340
====================================
  Seed: normal state
F_onsite: 0j
F_swave: 0j, F_dwave: 0j
F_px: 0j, F_py: 0j
Free_energy = -17083.98808740742
------------------------------------------
[{'stable': {}, 'free': np.float64(-17083.98808740742)}]
------------------------------------------
  Seed: px+i*py
F_onsite: (-0.004486494941737615-0.026920047496273487j)
F_swave: (0.003735900120302868+0.022416298243041238j), F_dwave: (1.1600963245594897e-17+2.5153490401663703e-17j)
F_px: (-4.9439619065339e-17+3.9898639947466563e-17j), F_py: (-6.505213034913027e-19-5.204170427930421e-18j)
Free_energy = -17102.725567535093
------------------------------------------
[{'stable': {'F_onsite': np.complex128(-0.004486494941737615-0.026920047496273487j), 'F_swave': np.complex128(0.003735900120302868+0.022416298243041238j)}, 'free': np.float64(-17102.725567535093)}]
------------------------------------------
  Seed: s-wave
F_onsite: (-0.027291346505144386+0j)
F_swave: (0.022725478578675892+0j), F_dwave: (-7.45931094670027e-17+0j)
F_px: 2.8523834498788564e-19j, F_py: -2.2850831334552887e-18j
Free_energy = -17102.725567535093
------------------------------------------
[{'stable': {'F_onsite': np.complex128(-0.004486494941737615-0.026920047496273487j), 'F_swave': np.complex128(0.003735900120302868+0.022416298243041238j)}, 'free': np.float64(-17102.725567535093)}, {'stable': {'F_onsite': np.complex128(-0.027291346505144386+0j), 'F_swave': np.complex128(0.022725478578675892+0j)}, 'free': np.float64(-17102.725567535093)}]
------------------------------------------
  Seed: s-wave+px
F_onsite: (-0.027291346505144386+0j)
F_swave: (0.022725478578675892+0j), F_dwave: (-7.45931094670027e-17+0j)
F_px: 2.8523834498788564e-19j, F_py: -2.2850831334552887e-18j
Free_energy = -17102.725567535093
------------------------------------------
[{'stable': {'F_onsite': np.complex128(-0.004486494941737615-0.026920047496273487j), 'F_swave': np.complex128(0.003735900120302868+0.022416298243041238j)}, 'free': np.float64(-17102.725567535093)}, {'stable': {'F_onsite': np.complex128(-0.027291346505144386+0j), 'F_swave': np.complex128(0.022725478578675892+0j)}, 'free': np.float64(-17102.725567535093)}]
------------------------------------------
  Seed: s-wave+py
F_onsite: (-0.027291346505144386+0j)
F_swave: (0.022725478578675892+0j), F_dwave: (-7.45931094670027e-17+0j)
F_px: 2.8523834498788564e-19j, F_py: -2.2850831334552887e-18j
Free_energy = -17102.725567535093
------------------------------------------
[{'stable': {'F_onsite': np.complex128(-0.004486494941737615-0.026920047496273487j), 'F_swave': np.complex128(0.003735900120302868+0.022416298243041238j)}, 'free': np.float64(-17102.725567535093)}, {'stable': {'F_onsite': np.complex128(-0.027291346505144386+0j), 'F_swave': np.complex128(0.022725478578675892+0j)}, 'free': np.float64(-17102.725567535093)}]
------------------------------------------
====================================
mu=2.94, T=0.0370
====================================
  Seed: normal state
F_onsite: 0j
F_swave: 0j, F_dwave: 0j
F_px: 0j, F_py: 0j
Free_energy = -17084.351464888477
------------------------------------------
[{'stable': {}, 'free': np.float64(-17084.351464888477)}]
------------------------------------------
  Seed: px+i*py
F_onsite: (-0.004350231802296365-0.026102435923456055j)
F_swave: (0.003622645589384684+0.021736743849003322j), F_dwave: (8.023096076392733e-18-1.734723475976807e-17j)
F_px: (-3.903127820947816e-18-1.734723475976807e-17j), F_py: (-1.3010426069826053e-18+6.938893903907228e-18j)
Free_energy = -17101.821293985584
------------------------------------------
[{'stable': {'F_onsite': np.complex128(-0.004350231802296365-0.026102435923456055j), 'F_swave': np.complex128(0.003622645589384684+0.021736743849003322j)}, 'free': np.float64(-17101.821293985584)}]
------------------------------------------
  Seed: s-wave
F_onsite: (-0.02646245789551398+0j)
F_swave: (0.02203655132327806+0j), F_dwave: 0j
F_px: 1.7101595205064324e-18j, F_py: -7.735528390799898e-19j
Free_energy = -17101.821293985584
------------------------------------------
[{'stable': {'F_onsite': np.complex128(-0.004350231802296365-0.026102435923456055j), 'F_swave': np.complex128(0.003622645589384684+0.021736743849003322j)}, 'free': np.float64(-17101.821293985584)}, {'stable': {'F_onsite': np.complex128(-0.02646245789551398+0j), 'F_swave': np.complex128(0.02203655132327806+0j)}, 'free': np.float64(-17101.821293985584)}]
------------------------------------------
  Seed: s-wave+px
F_onsite: (-0.02646245789551398+0j)
F_swave: (0.02203655132327806+0j), F_dwave: 0j
F_px: 1.7101595205064324e-18j, F_py: -7.735528390799898e-19j
Free_energy = -17101.821293985584
------------------------------------------
[{'stable': {'F_onsite': np.complex128(-0.004350231802296365-0.026102435923456055j), 'F_swave': np.complex128(0.003622645589384684+0.021736743849003322j)}, 'free': np.float64(-17101.821293985584)}, {'stable': {'F_onsite': np.complex128(-0.02646245789551398+0j), 'F_swave': np.complex128(0.02203655132327806+0j)}, 'free': np.float64(-17101.821293985584)}]
------------------------------------------
  Seed: s-wave+py
F_onsite: (-0.02646245789551398+0j)
F_swave: (0.02203655132327806+0j), F_dwave: 0j
F_px: 1.7101595205064324e-18j, F_py: -7.735528390799898e-19j
Free_energy = -17101.821293985584
------------------------------------------
[{'stable': {'F_onsite': np.complex128(-0.004350231802296365-0.026102435923456055j), 'F_swave': np.complex128(0.003622645589384684+0.021736743849003322j)}, 'free': np.float64(-17101.821293985584)}, {'stable': {'F_onsite': np.complex128(-0.02646245789551398+0j), 'F_swave': np.complex128(0.02203655132327806+0j)}, 'free': np.float64(-17101.821293985584)}]
------------------------------------------
====================================
mu=2.94, T=0.0400
====================================
  Seed: normal state
F_onsite: 0j
F_swave: 0j, F_dwave: 0j
F_px: 0j, F_py: 0j
Free_energy = -17084.74576141865
------------------------------------------
[{'stable': {}, 'free': np.float64(-17084.74576141865)}]
------------------------------------------
  Seed: px+i*py
F_onsite: (-0.004181167445414048-0.025088009165752927j)
F_swave: (0.0034821009197693216+0.020893442066537003j), F_dwave: (2.222614453595284e-17-2.3418766925686896e-17j)
F_px: (-7.15573433840433e-18-3.642919299551295e-17j), F_py: (1.5178830414797062e-18-1.734723475976807e-18j)
Free_energy = -17100.751448867162
------------------------------------------
[{'stable': {'F_onsite': np.complex128(-0.004181167445414048-0.025088009165752927j), 'F_swave': np.complex128(0.0034821009197693216+0.020893442066537003j)}, 'free': np.float64(-17100.751448867162)}]
------------------------------------------
  Seed: s-wave
F_onsite: (-0.025434039496460056+0j)
F_swave: (0.021181618167722602+0j), F_dwave: (1.5612511283791264e-17+0j)
F_px: 4.600130057419698e-18j, F_py: -1.179069862577986e-18j
Free_energy = -17100.751448867162
------------------------------------------
[{'stable': {'F_onsite': np.complex128(-0.004181167445414048-0.025088009165752927j), 'F_swave': np.complex128(0.0034821009197693216+0.020893442066537003j)}, 'free': np.float64(-17100.751448867162)}, {'stable': {'F_onsite': np.complex128(-0.025434039496460056+0j), 'F_swave': np.complex128(0.021181618167722602+0j)}, 'free': np.float64(-17100.751448867162)}]
------------------------------------------
  Seed: s-wave+px
F_onsite: (-0.025434039496460056+0j)
F_swave: (0.021181618167722602+0j), F_dwave: (1.5612511283791264e-17+0j)
F_px: 4.600130057419698e-18j, F_py: -1.179069862577986e-18j
Free_energy = -17100.751448867162
------------------------------------------
[{'stable': {'F_onsite': np.complex128(-0.004181167445414048-0.025088009165752927j), 'F_swave': np.complex128(0.0034821009197693216+0.020893442066537003j)}, 'free': np.float64(-17100.751448867162)}, {'stable': {'F_onsite': np.complex128(-0.025434039496460056+0j), 'F_swave': np.complex128(0.021181618167722602+0j)}, 'free': np.float64(-17100.751448867162)}]
------------------------------------------
  Seed: s-wave+py
F_onsite: (-0.025434039496460056+0j)
F_swave: (0.021181618167722602+0j), F_dwave: (1.5612511283791264e-17+0j)
F_px: 4.600130057419698e-18j, F_py: -1.179069862577986e-18j
Free_energy = -17100.751448867162
------------------------------------------
[{'stable': {'F_onsite': np.complex128(-0.004181167445414048-0.025088009165752927j), 'F_swave': np.complex128(0.0034821009197693216+0.020893442066537003j)}, 'free': np.float64(-17100.751448867162)}, {'stable': {'F_onsite': np.complex128(-0.025434039496460056+0j), 'F_swave': np.complex128(0.021181618167722602+0j)}, 'free': np.float64(-17100.751448867162)}]
------------------------------------------
====================================
mu=2.94, T=0.0430
====================================
  Seed: normal state
F_onsite: 0j
F_swave: 0j, F_dwave: 0j
F_px: 0j, F_py: 0j
Free_energy = -17085.170892018738
------------------------------------------
[{'stable': {}, 'free': np.float64(-17085.170892018738)}]
------------------------------------------
  Seed: px+i*py
F_onsite: (-0.003973956842530782-0.023844695767702345j)
F_swave: (0.003309799232047477+0.019859590546052953j), F_dwave: (2.4936649967166602e-18-1.6479873021779667e-17j)
F_px: (-6.505213034913027e-19+1.214306433183765e-17j), F_py: (1.951563910473908e-18+1.734723475976807e-18j)
Free_energy = -17099.51233866542
------------------------------------------
[{'stable': {'F_onsite': np.complex128(-0.003973956842530782-0.023844695767702345j), 'F_swave': np.complex128(0.003309799232047477+0.019859590546052953j)}, 'free': np.float64(-17099.51233866542)}]
------------------------------------------
  Seed: s-wave
F_onsite: (-0.024173577501904464+0j)
F_swave: (0.020133507086777847+0j), F_dwave: (2.949029909160572e-17+0j)
F_px: -3.4846935450041916e-18j, F_py: -3.543774093075179e-19j
Free_energy = -17099.51233866542
------------------------------------------
[{'stable': {'F_onsite': np.complex128(-0.003973956842530782-0.023844695767702345j), 'F_swave': np.complex128(0.003309799232047477+0.019859590546052953j)}, 'free': np.float64(-17099.51233866542)}, {'stable': {'F_onsite': np.complex128(-0.024173577501904464+0j), 'F_swave': np.complex128(0.020133507086777847+0j)}, 'free': np.float64(-17099.51233866542)}]
------------------------------------------
  Seed: s-wave+px
F_onsite: (-0.024173577501904464+0j)
F_swave: (0.020133507086777847+0j), F_dwave: (2.949029909160572e-17+0j)
F_px: -3.4846935450041916e-18j, F_py: -3.543774093075179e-19j
Free_energy = -17099.51233866542
------------------------------------------
[{'stable': {'F_onsite': np.complex128(-0.003973956842530782-0.023844695767702345j), 'F_swave': np.complex128(0.003309799232047477+0.019859590546052953j)}, 'free': np.float64(-17099.51233866542)}, {'stable': {'F_onsite': np.complex128(-0.024173577501904464+0j), 'F_swave': np.complex128(0.020133507086777847+0j)}, 'free': np.float64(-17099.51233866542)}]
------------------------------------------
  Seed: s-wave+py
F_onsite: (-0.024173577501904464+0j)
F_swave: (0.020133507086777847+0j), F_dwave: (2.949029909160572e-17+0j)
F_px: -3.4846935450041916e-18j, F_py: -3.543774093075179e-19j
Free_energy = -17099.51233866542
------------------------------------------
[{'stable': {'F_onsite': np.complex128(-0.003973956842530782-0.023844695767702345j), 'F_swave': np.complex128(0.003309799232047477+0.019859590546052953j)}, 'free': np.float64(-17099.51233866542)}, {'stable': {'F_onsite': np.complex128(-0.024173577501904464+0j), 'F_swave': np.complex128(0.020133507086777847+0j)}, 'free': np.float64(-17099.51233866542)}]
------------------------------------------
====================================
mu=2.94, T=0.0460
====================================
  Seed: normal state
F_onsite: 0j
F_swave: 0j, F_dwave: 0j
F_px: 0j, F_py: 0j
Free_energy = -17085.626806611504
------------------------------------------
[{'stable': {}, 'free': np.float64(-17085.626806611504)}]
------------------------------------------
  Seed: px+i*py
F_onsite: (-0.003721853582568236-0.02233201564206183j)
F_swave: (0.0031001159534204768+0.018601440499499265j), F_dwave: (2.894819800536297e-17+6.938893903907228e-18j)
F_px: (-2.688821387764051e-17+2.42861286636753e-17j), F_py: (-1.0842021724855044e-18+6.938893903907228e-18j)
Free_energy = -17098.106580127245
------------------------------------------
[{'stable': {'F_onsite': np.complex128(-0.003721853582568236-0.02233201564206183j), 'F_swave': np.complex128(0.0031001159534204768+0.018601440499499265j)}, 'free': np.float64(-17098.106580127245)}]
------------------------------------------
  Seed: s-wave
F_onsite: (-0.022640033496604508+0j)
F_swave: (0.01885800380690027+0j), F_dwave: (-1.214306433183765e-17+0j)
F_px: -2.7033056511620995e-18j, F_py: -1.327088870110675e-18j
Free_energy = -17098.10658012725
------------------------------------------
[{'stable': {'F_onsite': np.complex128(-0.003721853582568236-0.02233201564206183j), 'F_swave': np.complex128(0.0031001159534204768+0.018601440499499265j)}, 'free': np.float64(-17098.106580127245)}, {'stable': {'F_onsite': np.complex128(-0.022640033496604508+0j), 'F_swave': np.complex128(0.01885800380690027+0j)}, 'free': np.float64(-17098.10658012725)}]
------------------------------------------
  Seed: s-wave+px
F_onsite: (-0.022640033496604508+0j)
F_swave: (0.01885800380690027+0j), F_dwave: (-1.214306433183765e-17+0j)
F_px: -2.7033056511620995e-18j, F_py: -1.327088870110675e-18j
Free_energy = -17098.10658012725
------------------------------------------
[{'stable': {'F_onsite': np.complex128(-0.003721853582568236-0.02233201564206183j), 'F_swave': np.complex128(0.0031001159534204768+0.018601440499499265j)}, 'free': np.float64(-17098.106580127245)}, {'stable': {'F_onsite': np.complex128(-0.022640033496604508+0j), 'F_swave': np.complex128(0.01885800380690027+0j)}, 'free': np.float64(-17098.10658012725)}]
------------------------------------------
  Seed: s-wave+py
F_onsite: (-0.022640033496604508+0j)
F_swave: (0.01885800380690027+0j), F_dwave: (-1.214306433183765e-17+0j)
F_px: -2.7033056511620995e-18j, F_py: -1.327088870110675e-18j
Free_energy = -17098.10658012725
------------------------------------------
[{'stable': {'F_onsite': np.complex128(-0.003721853582568236-0.02233201564206183j), 'F_swave': np.complex128(0.0031001159534204768+0.018601440499499265j)}, 'free': np.float64(-17098.106580127245)}, {'stable': {'F_onsite': np.complex128(-0.022640033496604508+0j), 'F_swave': np.complex128(0.01885800380690027+0j)}, 'free': np.float64(-17098.10658012725)}]
------------------------------------------
====================================
mu=2.94, T=0.0490
====================================
  Seed: normal state
F_onsite: 0j
F_swave: 0j, F_dwave: 0j
F_px: 0j, F_py: 0j
Free_energy = -17086.11347798637
------------------------------------------
[{'stable': {}, 'free': np.float64(-17086.11347798637)}]
------------------------------------------
  Seed: px+i*py
F_onsite: (-0.0034138301822688693-0.020483801240015427j)
F_swave: (0.0028438401429189573+0.017063724068199913j), F_dwave: (-5.7462715141731735e-18-1.214306433183765e-17j)
F_px: (-1.1275702593849246e-17+9.367506770274758e-17j), F_py: (2.168404344971009e-19-3.469446951953614e-18j)
Free_energy = -17096.531331146492
------------------------------------------
[{'stable': {'F_onsite': np.complex128(-0.0034138301822688693-0.020483801240015427j), 'F_swave': np.complex128(0.0028438401429189573+0.017063724068199913j)}, 'free': np.float64(-17096.531331146492)}]
------------------------------------------
  Seed: s-wave
F_onsite: (-0.020766327305371927+0j)
F_swave: (0.017299078178739595+0j), F_dwave: (1.9081958235744878e-17+0j)
F_px: -5.478926740196035e-18j, F_py: -3.3510740975748257e-19j
Free_energy = -17096.53133114649
------------------------------------------
[{'stable': {'F_onsite': np.complex128(-0.0034138301822688693-0.020483801240015427j), 'F_swave': np.complex128(0.0028438401429189573+0.017063724068199913j)}, 'free': np.float64(-17096.531331146492)}, {'stable': {'F_onsite': np.complex128(-0.020766327305371927+0j), 'F_swave': np.complex128(0.017299078178739595+0j)}, 'free': np.float64(-17096.53133114649)}]
------------------------------------------
  Seed: s-wave+px
F_onsite: (-0.020766327305371927+0j)
F_swave: (0.017299078178739595+0j), F_dwave: (1.9081958235744878e-17+0j)
F_px: -5.478926740196035e-18j, F_py: -3.3510740975748257e-19j
Free_energy = -17096.53133114649
------------------------------------------
[{'stable': {'F_onsite': np.complex128(-0.0034138301822688693-0.020483801240015427j), 'F_swave': np.complex128(0.0028438401429189573+0.017063724068199913j)}, 'free': np.float64(-17096.531331146492)}, {'stable': {'F_onsite': np.complex128(-0.020766327305371927+0j), 'F_swave': np.complex128(0.017299078178739595+0j)}, 'free': np.float64(-17096.53133114649)}]
------------------------------------------
  Seed: s-wave+py
F_onsite: (-0.020766327305371927+0j)
F_swave: (0.017299078178739595+0j), F_dwave: (1.9081958235744878e-17+0j)
F_px: -5.478926740196035e-18j, F_py: -3.3510740975748257e-19j
Free_energy = -17096.53133114649
------------------------------------------
[{'stable': {'F_onsite': np.complex128(-0.0034138301822688693-0.020483801240015427j), 'F_swave': np.complex128(0.0028438401429189573+0.017063724068199913j)}, 'free': np.float64(-17096.531331146492)}, {'stable': {'F_onsite': np.complex128(-0.020766327305371927+0j), 'F_swave': np.complex128(0.017299078178739595+0j)}, 'free': np.float64(-17096.53133114649)}]
------------------------------------------
====================================
mu=2.94, T=0.0520
====================================
  Seed: normal state
F_onsite: 0j
F_swave: 0j, F_dwave: 0j
F_px: 0j, F_py: 0j
Free_energy = -17086.630893492013
------------------------------------------
[{'stable': {}, 'free': np.float64(-17086.630893492013)}]
------------------------------------------
  Seed: px+i*py
F_onsite: (-0.003032746479970528-0.01819720747380226j)
F_swave: (0.002526674478729212+0.015160653886454403j), F_dwave: (2.8406096919120216e-17+1.0408340855860843e-17j)
F_px: (-8.239936510889834e-18-6.938893903907228e-18j), F_py: (-4.336808689942018e-19-3.469446951953614e-18j)
Free_energy = -17094.790165079263
------------------------------------------
[{'stable': {'F_onsite': np.complex128(-0.003032746479970528-0.01819720747380226j), 'F_swave': np.complex128(0.002526674478729212+0.015160653886454403j)}, 'free': np.float64(-17094.790165079263)}]
------------------------------------------
  Seed: s-wave
F_onsite: (-0.01844819533332118+0j)
F_swave: (0.015369759600797995+0j), F_dwave: (7.806255641895632e-18+0j)
F_px: 5.638380692516657e-18j, F_py: -2.6236845541201953e-19j
Free_energy = -17094.790165079263
------------------------------------------
[{'stable': {'F_onsite': np.complex128(-0.003032746479970528-0.01819720747380226j), 'F_swave': np.complex128(0.002526674478729212+0.015160653886454403j)}, 'free': np.float64(-17094.790165079263)}, {'stable': {'F_onsite': np.complex128(-0.01844819533332118+0j), 'F_swave': np.complex128(0.015369759600797995+0j)}, 'free': np.float64(-17094.790165079263)}]
------------------------------------------
  Seed: s-wave+px
F_onsite: (-0.01844819533332118+0j)
F_swave: (0.015369759600797995+0j), F_dwave: (7.806255641895632e-18+0j)
F_px: 5.638380692516657e-18j, F_py: -2.6236845541201953e-19j
Free_energy = -17094.790165079263
------------------------------------------
[{'stable': {'F_onsite': np.complex128(-0.003032746479970528-0.01819720747380226j), 'F_swave': np.complex128(0.002526674478729212+0.015160653886454403j)}, 'free': np.float64(-17094.790165079263)}, {'stable': {'F_onsite': np.complex128(-0.01844819533332118+0j), 'F_swave': np.complex128(0.015369759600797995+0j)}, 'free': np.float64(-17094.790165079263)}]
------------------------------------------
  Seed: s-wave+py
F_onsite: (-0.01844819533332118+0j)
F_swave: (0.015369759600797995+0j), F_dwave: (7.806255641895632e-18+0j)
F_px: 5.638380692516657e-18j, F_py: -2.6236845541201953e-19j
Free_energy = -17094.790165079263
------------------------------------------
[{'stable': {'F_onsite': np.complex128(-0.003032746479970528-0.01819720747380226j), 'F_swave': np.complex128(0.002526674478729212+0.015160653886454403j)}, 'free': np.float64(-17094.790165079263)}, {'stable': {'F_onsite': np.complex128(-0.01844819533332118+0j), 'F_swave': np.complex128(0.015369759600797995+0j)}, 'free': np.float64(-17094.790165079263)}]
------------------------------------------
====================================
mu=2.94, T=0.0550
====================================
  Seed: normal state
F_onsite: 0j
F_swave: 0j, F_dwave: 0j
F_px: 0j, F_py: 0j
Free_energy = -17087.179049470917
------------------------------------------
[{'stable': {}, 'free': np.float64(-17087.179049470917)}]
------------------------------------------
  Seed: px+i*py
F_onsite: (-0.002545396341966558-0.01527298956366234j)
F_swave: (0.002120917080623208+0.012726012017729722j), F_dwave: (-2.0383000842727483e-17+4.7704895589362195e-18j)
F_px: (-1.0842021724855044e-18+6.418476861114186e-17j), F_py: (-2.6020852139652106e-18+8.673617379884035e-19j)
Free_energy = -17092.884001716775
------------------------------------------
[{'stable': {'F_onsite': np.complex128(-0.002545396341966558-0.01527298956366234j), 'F_swave': np.complex128(0.002120917080623208+0.012726012017729722j)}, 'free': np.float64(-17092.884001716775)}]
------------------------------------------
  Seed: s-wave
F_onsite: (-0.015483644685584483+0j)
F_swave: (0.01290153754938825+0j), F_dwave: (-2.688821387764051e-17+0j)
F_px: 8.862082210648117e-19j, F_py: 7.1690751073235845e-19j
Free_energy = -17092.88400171677
------------------------------------------
[{'stable': {'F_onsite': np.complex128(-0.002545396341966558-0.01527298956366234j), 'F_swave': np.complex128(0.002120917080623208+0.012726012017729722j)}, 'free': np.float64(-17092.884001716775)}, {'stable': {'F_onsite': np.complex128(-0.015483644685584483+0j), 'F_swave': np.complex128(0.01290153754938825+0j)}, 'free': np.float64(-17092.88400171677)}]
------------------------------------------
  Seed: s-wave+px
F_onsite: (-0.015483644685584483+0j)
F_swave: (0.01290153754938825+0j), F_dwave: (-2.688821387764051e-17+0j)
F_px: 8.862082210648117e-19j, F_py: 7.1690751073235845e-19j
Free_energy = -17092.88400171677
------------------------------------------
[{'stable': {'F_onsite': np.complex128(-0.002545396341966558-0.01527298956366234j), 'F_swave': np.complex128(0.002120917080623208+0.012726012017729722j)}, 'free': np.float64(-17092.884001716775)}, {'stable': {'F_onsite': np.complex128(-0.015483644685584483+0j), 'F_swave': np.complex128(0.01290153754938825+0j)}, 'free': np.float64(-17092.88400171677)}]
------------------------------------------
  Seed: s-wave+py
F_onsite: (-0.015483644685584483+0j)
F_swave: (0.01290153754938825+0j), F_dwave: (-2.688821387764051e-17+0j)
F_px: 8.862082210648117e-19j, F_py: 7.1690751073235845e-19j
Free_energy = -17092.88400171677
------------------------------------------
[{'stable': {'F_onsite': np.complex128(-0.002545396341966558-0.01527298956366234j), 'F_swave': np.complex128(0.002120917080623208+0.012726012017729722j)}, 'free': np.float64(-17092.884001716775)}, {'stable': {'F_onsite': np.complex128(-0.015483644685584483+0j), 'F_swave': np.complex128(0.01290153754938825+0j)}, 'free': np.float64(-17092.88400171677)}]
------------------------------------------
====================================
mu=2.94, T=0.0580
====================================
  Seed: normal state
F_onsite: 0j
F_swave: 0j, F_dwave: 0j
F_px: 0j, F_py: 0j
Free_energy = -17087.75794763138
------------------------------------------
[{'stable': {}, 'free': np.float64(-17087.75794763138)}]
------------------------------------------
  Seed: px+i*py
F_onsite: (-0.001870619023673075-0.011224163543849856j)
F_swave: (0.0015588864926861714+0.009353693466589062j), F_dwave: (4.4994390158148434e-18-1.3444106938820255e-17j)
F_px: (-1.3444106938820255e-17+2.42861286636753e-17j), F_py: (-7.589415207398531e-19-8.673617379884035e-19j)
Free_energy = -17090.816807820407
------------------------------------------
[{'stable': {'F_onsite': np.complex128(-0.001870619023673075-0.011224163543849856j), 'F_swave': np.complex128(0.0015588864926861714+0.009353693466589062j)}, 'free': np.float64(-17090.816807820407)}]
------------------------------------------
  Seed: s-wave
F_onsite: (-0.01137897459311774+0j)
F_swave: (0.009482705761753477+0j), F_dwave: (-1.1275702593849246e-17+0j)
F_px: 2.9186637780015054e-18j, F_py: 1.2726140636903829e-18j
Free_energy = -17090.816807820407
------------------------------------------
[{'stable': {'F_onsite': np.complex128(-0.001870619023673075-0.011224163543849856j), 'F_swave': np.complex128(0.0015588864926861714+0.009353693466589062j)}, 'free': np.float64(-17090.816807820407)}, {'stable': {'F_onsite': np.complex128(-0.01137897459311774+0j), 'F_swave': np.complex128(0.009482705761753477+0j)}, 'free': np.float64(-17090.816807820407)}]
------------------------------------------
  Seed: s-wave+px
F_onsite: (-0.01137897459311774+0j)
F_swave: (0.009482705761753477+0j), F_dwave: (-1.1275702593849246e-17+0j)
F_px: 2.9186637780015054e-18j, F_py: 1.2726140636903829e-18j
Free_energy = -17090.816807820407
------------------------------------------
[{'stable': {'F_onsite': np.complex128(-0.001870619023673075-0.011224163543849856j), 'F_swave': np.complex128(0.0015588864926861714+0.009353693466589062j)}, 'free': np.float64(-17090.816807820407)}, {'stable': {'F_onsite': np.complex128(-0.01137897459311774+0j), 'F_swave': np.complex128(0.009482705761753477+0j)}, 'free': np.float64(-17090.816807820407)}]
------------------------------------------
  Seed: s-wave+py
F_onsite: (-0.01137897459311774+0j)
F_swave: (0.009482705761753477+0j), F_dwave: (-1.1275702593849246e-17+0j)
F_px: 2.9186637780015054e-18j, F_py: 1.2726140636903829e-18j
Free_energy = -17090.816807820407
------------------------------------------
[{'stable': {'F_onsite': np.complex128(-0.001870619023673075-0.011224163543849856j), 'F_swave': np.complex128(0.0015588864926861714+0.009353693466589062j)}, 'free': np.float64(-17090.816807820407)}, {'stable': {'F_onsite': np.complex128(-0.01137897459311774+0j), 'F_swave': np.complex128(0.009482705761753477+0j)}, 'free': np.float64(-17090.816807820407)}]
------------------------------------------
====================================
mu=2.94, T=0.0610
====================================
  Seed: normal state
F_onsite: 0j
F_swave: 0j, F_dwave: 0j
F_px: 0j, F_py: 0j
Free_energy = -17088.367592744435
------------------------------------------
[{'stable': {}, 'free': np.float64(-17088.367592744435)}]
------------------------------------------
  Seed: px+i*py
F_onsite: (-0.000544829295225765-0.0032691066623956456j)
F_swave: (0.0004541144638900768+0.002724795880842126j), F_dwave: (-1.8431436932253575e-18+1.0842021724855044e-18j)
F_px: (-6.044427111606687e-18+1.0842021724855044e-18j), F_py: (-3.7947076036992655e-18+4.336808689942018e-19j)
Free_energy = -17088.625327500475
------------------------------------------
[{'stable': {'F_onsite': np.complex128(-0.000544829295225765-0.0032691066623956456j), 'F_swave': np.complex128(0.0004541144638900768+0.002724795880842126j)}, 'free': np.float64(-17088.625327500475)}]
------------------------------------------
  Seed: s-wave
F_onsite: (-0.00331419633260551+0j)
F_swave: (0.0027623780585880023+0j), F_dwave: (-1.3010426069826053e-18+0j)
F_px: 3.933621007048971e-18j, F_py: 3.4308010737351367e-18j
Free_energy = -17088.62532750047
------------------------------------------
[{'stable': {'F_onsite': np.complex128(-0.000544829295225765-0.0032691066623956456j), 'F_swave': np.complex128(0.0004541144638900768+0.002724795880842126j)}, 'free': np.float64(-17088.625327500475)}, {'stable': {'F_onsite': np.complex128(-0.00331419633260551+0j), 'F_swave': np.complex128(0.0027623780585880023+0j)}, 'free': np.float64(-17088.62532750047)}]
------------------------------------------
  Seed: s-wave+px
F_onsite: (-0.00331419633260551+0j)
F_swave: (0.0027623780585880023+0j), F_dwave: (-1.3010426069826053e-18+0j)
F_px: 3.933621007048971e-18j, F_py: 3.4308010737351367e-18j
Free_energy = -17088.62532750047
------------------------------------------
[{'stable': {'F_onsite': np.complex128(-0.000544829295225765-0.0032691066623956456j), 'F_swave': np.complex128(0.0004541144638900768+0.002724795880842126j)}, 'free': np.float64(-17088.625327500475)}, {'stable': {'F_onsite': np.complex128(-0.00331419633260551+0j), 'F_swave': np.complex128(0.0027623780585880023+0j)}, 'free': np.float64(-17088.62532750047)}]
------------------------------------------
  Seed: s-wave+py
F_onsite: (-0.00331419633260551+0j)
F_swave: (0.0027623780585880023+0j), F_dwave: (-1.3010426069826053e-18+0j)
F_px: 3.933621007048971e-18j, F_py: 3.4308010737351367e-18j
Free_energy = -17088.62532750047
------------------------------------------
[{'stable': {'F_onsite': np.complex128(-0.000544829295225765-0.0032691066623956456j), 'F_swave': np.complex128(0.0004541144638900768+0.002724795880842126j)}, 'free': np.float64(-17088.625327500475)}, {'stable': {'F_onsite': np.complex128(-0.00331419633260551+0j), 'F_swave': np.complex128(0.0027623780585880023+0j)}, 'free': np.float64(-17088.62532750047)}]
------------------------------------------
====================================
mu=2.94, T=0.0640
====================================
  Seed: normal state
F_onsite: 0j
F_swave: 0j, F_dwave: 0j
F_px: 0j, F_py: 0j
Free_energy = -17089.00799121974
------------------------------------------
[{'stable': {}, 'free': np.float64(-17089.00799121974)}]
------------------------------------------
  Seed: px+i*py
F_onsite: (-1.1881081962791248e-14-7.129014776379971e-14j)
F_swave: (9.920358659160622e-15+5.952517633651744e-14j), F_dwave: (4.251649982281907e-21-2.213052126110236e-21j)
F_px: (2.182690920117772e-21-1.1400105263546722e-20j), F_py: (3.027874918458564e-20+2.982882794453944e-20j)
Free_energy = -17089.007991219743
------------------------------------------
[{'stable': {}, 'free': np.float64(-17089.00799121974)}]
------------------------------------------
  Seed: s-wave
F_onsite: (-6.84277335407486e-14+0j)
F_swave: (5.71351240619305e-14+0j), F_dwave: (-1.2530212622579311e-20+0j)
F_px: -4.629397810262849e-20j, F_py: -2.5240707724246334e-21j
Free_energy = -17089.00799121974
------------------------------------------
[{'stable': {}, 'free': np.float64(-17089.00799121974)}]
------------------------------------------
  Seed: s-wave+px
F_onsite: (-6.84277335407486e-14+0j)
F_swave: (5.71351240619305e-14+0j), F_dwave: (-1.2530212622579311e-20+0j)
F_px: -4.629397810262849e-20j, F_py: -2.5240707724246334e-21j
Free_energy = -17089.00799121974
------------------------------------------
[{'stable': {}, 'free': np.float64(-17089.00799121974)}]
------------------------------------------
  Seed: s-wave+py
F_onsite: (-6.84277335407486e-14+0j)
F_swave: (5.71351240619305e-14+0j), F_dwave: (-1.2530212622579311e-20+0j)
F_px: -4.629397810262849e-20j, F_py: -2.5240707724246334e-21j
Free_energy = -17089.00799121974
------------------------------------------
[{'stable': {}, 'free': np.float64(-17089.00799121974)}]
------------------------------------------
====================================
mu=2.94, T=0.0670
====================================
  Seed: normal state
F_onsite: 0j
F_swave: 0j, F_dwave: 0j
F_px: 0j, F_py: 0j
Free_energy = -17089.679150251923
------------------------------------------
[{'stable': {}, 'free': np.float64(-17089.679150251923)}]
------------------------------------------
  Seed: px+i*py
F_onsite: (-5.797835834667627e-15-3.478911470158906e-14j)
F_swave: (4.8501691035282165e-15+2.9102782556328983e-14j), F_dwave: (-3.991078223241577e-21-1.4191432395299697e-20j)
F_px: (-7.160028890228799e-20+1.2473868361797089e-20j), F_py: (1.1828499436516962e-20-5.245650149025913e-22j)
Free_energy = -17089.679150251926
------------------------------------------
[{'stable': {}, 'free': np.float64(-17089.679150251923)}]
------------------------------------------
  Seed: s-wave
F_onsite: (-3.431147271955065e-14+0j)
F_swave: (2.870318080301753e-14+0j), F_dwave: (-8.806699349166128e-21+0j)
F_px: -2.499368408659979e-20j, F_py: 2.7094579734162817e-20j
Free_energy = -17089.679150251923
------------------------------------------
[{'stable': {}, 'free': np.float64(-17089.679150251923)}]
------------------------------------------
  Seed: s-wave+px
F_onsite: (-3.431147271955065e-14+0j)
F_swave: (2.870318080301753e-14+0j), F_dwave: (-8.806699349166128e-21+0j)
F_px: -2.499368408659979e-20j, F_py: 2.7094579734162817e-20j
Free_energy = -17089.679150251923
------------------------------------------
[{'stable': {}, 'free': np.float64(-17089.679150251923)}]
------------------------------------------
  Seed: s-wave+py
F_onsite: (-3.431147271955065e-14+0j)
F_swave: (2.870318080301753e-14+0j), F_dwave: (-8.806699349166128e-21+0j)
F_px: -2.499368408659979e-20j, F_py: 2.7094579734162817e-20j
Free_energy = -17089.679150251923
------------------------------------------
[{'stable': {}, 'free': np.float64(-17089.679150251923)}]
------------------------------------------
====================================
mu=2.94, T=0.0700
====================================
  Seed: normal state
F_onsite: 0j
F_swave: 0j, F_dwave: 0j
F_px: 0j, F_py: 0j
Free_energy = -17090.381077322592
------------------------------------------
[{'stable': {}, 'free': np.float64(-17090.381077322592)}]
------------------------------------------
  Seed: px+i*py
F_onsite: (-3.836067921277402e-15-2.3017530351070333e-14j)
F_swave: (3.215035109510048e-15+1.929114203258748e-14j), F_dwave: (6.5902831275005144e-21-1.1301926678708288e-20j)
F_px: (5.913182004667089e-20-7.499094312177572e-21j), F_py: (2.9948288470549314e-20+4.05760964344113e-21j)
Free_energy = -17090.381077322592
------------------------------------------
[{'stable': {}, 'free': np.float64(-17090.381077322592)}]
------------------------------------------
  Seed: s-wave
F_onsite: (-2.2697787115997148e-14+0j)
F_swave: (1.9023140212753858e-14+0j), F_dwave: (8.529318951178944e-21+0j)
F_px: -8.260297376163515e-20j, F_py: -9.203057598313353e-20j
Free_energy = -17090.38107732259
------------------------------------------
[{'stable': {}, 'free': np.float64(-17090.381077322592)}]
------------------------------------------
  Seed: s-wave+px
F_onsite: (-2.2697787115997148e-14+0j)
F_swave: (1.9023140212753858e-14+0j), F_dwave: (8.529318951178944e-21+0j)
F_px: -8.260297376163515e-20j, F_py: -9.203057598313353e-20j
Free_energy = -17090.38107732259
------------------------------------------
[{'stable': {}, 'free': np.float64(-17090.381077322592)}]
------------------------------------------
  Seed: s-wave+py
F_onsite: (-2.2697787115997148e-14+0j)
F_swave: (1.9023140212753858e-14+0j), F_dwave: (8.529318951178944e-21+0j)
F_px: -8.260297376163515e-20j, F_py: -9.203057598313353e-20j
Free_energy = -17090.38107732259
------------------------------------------
[{'stable': {}, 'free': np.float64(-17090.381077322592)}]
------------------------------------------
====================================
mu=2.94, T=0.0730
====================================
  Seed: normal state
F_onsite: 0j
F_swave: 0j, F_dwave: 0j
F_px: 0j, F_py: 0j
Free_energy = -17091.1137799175
------------------------------------------
[{'stable': {}, 'free': np.float64(-17091.1137799175)}]
------------------------------------------
  Seed: px+i*py
F_onsite: (-2.9184611862021486e-15-1.7511402602881762e-14j)
F_swave: (2.450436669605818e-15+1.4703165608576014e-14j), F_dwave: (1.8245789669555455e-21+9.762107616855938e-21j)
F_px: (7.108152191879774e-20+2.1616091275519116e-21j), F_py: (5.0131000274293746e-20-2.780100288964088e-22j)
Free_energy = -17091.113779917498
------------------------------------------
[{'stable': {}, 'free': np.float64(-17091.1137799175)}]
------------------------------------------
  Seed: s-wave
F_onsite: (-1.726454397307927e-14+0j)
F_swave: (1.449588926584318e-14+0j), F_dwave: (-5.594687557220521e-21+0j)
F_px: 5.918395750596668e-20j, F_py: -1.112021689350663e-19j
Free_energy = -17091.1137799175
------------------------------------------
[{'stable': {}, 'free': np.float64(-17091.1137799175)}]
------------------------------------------
  Seed: s-wave+px
F_onsite: (-1.726454397307927e-14+0j)
F_swave: (1.449588926584318e-14+0j), F_dwave: (-5.594687557220521e-21+0j)
F_px: 5.918395750596668e-20j, F_py: -1.112021689350663e-19j
Free_energy = -17091.1137799175
------------------------------------------
[{'stable': {}, 'free': np.float64(-17091.1137799175)}]
------------------------------------------
  Seed: s-wave+py
F_onsite: (-1.726454397307927e-14+0j)
F_swave: (1.449588926584318e-14+0j), F_dwave: (-5.594687557220521e-21+0j)
F_px: 5.918395750596668e-20j, F_py: -1.112021689350663e-19j
Free_energy = -17091.1137799175
------------------------------------------
[{'stable': {}, 'free': np.float64(-17091.1137799175)}]
------------------------------------------
====================================
mu=2.94, T=0.0760
====================================
  Seed: normal state
F_onsite: 0j
F_swave: 0j, F_dwave: 0j
F_px: 0j, F_py: 0j
Free_energy = -17091.877265366147
------------------------------------------
[{'stable': {}, 'free': np.float64(-17091.877265366147)}]
------------------------------------------
  Seed: px+i*py
F_onsite: (-2.2269109154176387e-15-1.3362469474680237e-14j)
F_swave: (1.873166088889514e-15+1.12398459832363e-14j), F_dwave: (-4.715639034564219e-21+7.887002252197849e-21j)
F_px: (8.122596607098348e-20-4.230129917293109e-20j), F_py: (6.633690152661938e-21+2.1470970984512367e-20j)
Free_energy = -17091.87726536615
------------------------------------------
[{'stable': {}, 'free': np.float64(-17091.877265366147)}]
------------------------------------------
  Seed: s-wave
F_onsite: (-1.4087783269816839e-14+0j)
F_swave: (1.1849918491002863e-14+0j), F_dwave: (4.424166220558153e-21+0j)
F_px: -2.097251143736769e-21j, F_py: -6.090185125790154e-20j
Free_energy = -17091.877265366147
------------------------------------------
[{'stable': {}, 'free': np.float64(-17091.877265366147)}]
------------------------------------------
  Seed: s-wave+px
F_onsite: (-1.4087783269816839e-14+0j)
F_swave: (1.1849918491002863e-14+0j), F_dwave: (4.424166220558153e-21+0j)
F_px: -2.097251143736769e-21j, F_py: -6.090185125790154e-20j
Free_energy = -17091.877265366147
------------------------------------------
[{'stable': {}, 'free': np.float64(-17091.877265366147)}]
------------------------------------------
  Seed: s-wave+py
F_onsite: (-1.4087783269816839e-14+0j)
F_swave: (1.1849918491002863e-14+0j), F_dwave: (4.424166220558153e-21+0j)
F_px: -2.097251143736769e-21j, F_py: -6.090185125790154e-20j
Free_energy = -17091.877265366147
------------------------------------------
[{'stable': {}, 'free': np.float64(-17091.877265366147)}]
------------------------------------------
====================================
mu=2.94, T=0.0790
====================================
  Seed: normal state
F_onsite: 0j
F_swave: 0j, F_dwave: 0j
F_px: 0j, F_py: 0j
Free_energy = -17092.671540744195
------------------------------------------
[{'stable': {}, 'free': np.float64(-17092.671540744195)}]
------------------------------------------
  Seed: px+i*py
F_onsite: (-1.895572557644439e-15-1.1374545826590824e-14j)
F_swave: (1.5973245050313342e-15+9.584876689310693e-15j), F_dwave: (8.718651980786462e-21+7.06217320323771e-21j)
F_px: (2.4548107065462202e-20-4.5209476108544317e-20j), F_py: (3.93950525393266e-20+3.756905681378263e-21j)
Free_energy = -17092.6715407442
------------------------------------------
[{'stable': {}, 'free': np.float64(-17092.671540744195)}]
------------------------------------------
  Seed: s-wave
F_onsite: (-1.1071993840457523e-14+0j)
F_swave: (9.330056032924865e-15+0j), F_dwave: (7.624207733787158e-21+0j)
F_px: -5.1042258612131425e-20j, F_py: -4.8880753045741876e-20j
Free_energy = -17092.671540744195
------------------------------------------
[{'stable': {}, 'free': np.float64(-17092.671540744195)}]
------------------------------------------
  Seed: s-wave+px
F_onsite: (-1.1071993840457523e-14+0j)
F_swave: (9.330056032924865e-15+0j), F_dwave: (7.624207733787158e-21+0j)
F_px: -5.1042258612131425e-20j, F_py: -4.8880753045741876e-20j
Free_energy = -17092.671540744195
------------------------------------------
[{'stable': {}, 'free': np.float64(-17092.671540744195)}]
------------------------------------------
  Seed: s-wave+py
F_onsite: (-1.1071993840457523e-14+0j)
F_swave: (9.330056032924865e-15+0j), F_dwave: (7.624207733787158e-21+0j)
F_px: -5.1042258612131425e-20j, F_py: -4.8880753045741876e-20j
Free_energy = -17092.671540744195
------------------------------------------
[{'stable': {}, 'free': np.float64(-17092.671540744195)}]
------------------------------------------
====================================
mu=2.94, T=0.0820
====================================
  Seed: normal state
F_onsite: 0j
F_swave: 0j, F_dwave: 0j
F_px: 0j, F_py: 0j
Free_energy = -17093.496612801864
------------------------------------------
[{'stable': {}, 'free': np.float64(-17093.496612801864)}]
------------------------------------------
  Seed: px+i*py
F_onsite: (-1.574751207336146e-15-9.449424125752022e-15j)
F_swave: (1.3293281036692727e-15+7.976729952573564e-15j), F_dwave: (-7.473401023895583e-21+2.815346829684343e-21j)
F_px: (-1.0643652959712089e-20-4.282866496274702e-20j), F_py: (-3.4477921890508413e-20-4.387149413015482e-20j)
Free_energy = -17093.496612801864
------------------------------------------
[{'stable': {}, 'free': np.float64(-17093.496612801864)}]
------------------------------------------
  Seed: s-wave
F_onsite: (-9.196909356328393e-15+0j)
F_swave: (7.76342289675016e-15+0j), F_dwave: (-4.316813630676131e-21+0j)
F_px: 3.264449431726681e-20j, F_py: -1.2806884640314035e-20j
Free_energy = -17093.496612801864
------------------------------------------
[{'stable': {}, 'free': np.float64(-17093.496612801864)}]
------------------------------------------
  Seed: s-wave+px
F_onsite: (-9.196909356328393e-15+0j)
F_swave: (7.76342289675016e-15+0j), F_dwave: (-4.316813630676131e-21+0j)
F_px: 3.264449431726681e-20j, F_py: -1.2806884640314035e-20j
Free_energy = -17093.496612801864
------------------------------------------
[{'stable': {}, 'free': np.float64(-17093.496612801864)}]
------------------------------------------
  Seed: s-wave+py
F_onsite: (-9.196909356328393e-15+0j)
F_swave: (7.76342289675016e-15+0j), F_dwave: (-4.316813630676131e-21+0j)
F_px: 3.264449431726681e-20j, F_py: -1.2806884640314035e-20j
Free_energy = -17093.496612801864
------------------------------------------
[{'stable': {}, 'free': np.float64(-17093.496612801864)}]
------------------------------------------
====================================
mu=2.94, T=0.0850
====================================
  Seed: normal state
F_onsite: 0j
F_swave: 0j, F_dwave: 0j
F_px: 0j, F_py: 0j
Free_energy = -17094.35248789706
------------------------------------------
[{'stable': {}, 'free': np.float64(-17094.35248789706)}]
------------------------------------------
  Seed: px+i*py
F_onsite: (-1.2775007081805704e-15-7.66599116832675e-15j)
F_swave: (1.0802886449564808e-15+6.48254207179578e-15j), F_dwave: (-6.363662656076229e-21+1.2674618802379204e-21j)
F_px: (1.9058430576828746e-20-2.1897687356044563e-20j), F_py: (-5.1817782078455734e-20-4.108024807397581e-20j)
Free_energy = -17094.35248789706
------------------------------------------
[{'stable': {}, 'free': np.float64(-17094.35248789706)}]
------------------------------------------
  Seed: s-wave
F_onsite: (-7.459852214198242e-15+0j)
F_swave: (6.308037529931534e-15+0j), F_dwave: (-1.2835091092979923e-20+0j)
F_px: 2.3715772020939196e-20j, F_py: -2.894868106216091e-20j
Free_energy = -17094.35248789706
------------------------------------------
[{'stable': {}, 'free': np.float64(-17094.35248789706)}]
------------------------------------------
  Seed: s-wave+px
F_onsite: (-7.459852214198242e-15+0j)
F_swave: (6.308037529931534e-15+0j), F_dwave: (-1.2835091092979923e-20+0j)
F_px: 2.3715772020939196e-20j, F_py: -2.894868106216091e-20j
Free_energy = -17094.35248789706
------------------------------------------
[{'stable': {}, 'free': np.float64(-17094.35248789706)}]
------------------------------------------
  Seed: s-wave+py
F_onsite: (-7.459852214198242e-15+0j)
F_swave: (6.308037529931534e-15+0j), F_dwave: (-1.2835091092979923e-20+0j)
F_px: 2.3715772020939196e-20j, F_py: -2.894868106216091e-20j
Free_energy = -17094.35248789706
------------------------------------------
[{'stable': {}, 'free': np.float64(-17094.35248789706)}]
------------------------------------------
====================================
mu=2.94, T=0.0880
====================================
  Seed: normal state
F_onsite: 0j
F_swave: 0j, F_dwave: 0j
F_px: 0j, F_py: 0j
Free_energy = -17095.23917192064
------------------------------------------
[{'stable': {}, 'free': np.float64(-17095.23917192064)}]
------------------------------------------
  Seed: px+i*py
F_onsite: (-1.0127013434972352e-15-6.076642475602079e-15j)
F_swave: (8.577947045738949e-16+5.147149735055295e-15j), F_dwave: (6.872104516290083e-21+1.5904377296961918e-20j)
F_px: (-2.632301464811543e-20+2.4171742577160692e-20j), F_py: (-2.5055677194858787e-20-4.201221718777365e-21j)
Free_energy = -17095.239171920643
------------------------------------------
[{'stable': {}, 'free': np.float64(-17095.23917192064)}]
------------------------------------------
  Seed: s-wave
F_onsite: (-5.912611330061653e-15+0j)
F_swave: (5.008077363804825e-15+0j), F_dwave: (1.2630356579421318e-20+0j)
F_px: -2.1046568452666697e-20j, F_py: 8.705795606701114e-21j
Free_energy = -17095.239171920635
------------------------------------------
[{'stable': {}, 'free': np.float64(-17095.23917192064)}]
------------------------------------------
  Seed: s-wave+px
F_onsite: (-5.912611330061653e-15+0j)
F_swave: (5.008077363804825e-15+0j), F_dwave: (1.2630356579421318e-20+0j)
F_px: -2.1046568452666697e-20j, F_py: 8.705795606701114e-21j
Free_energy = -17095.239171920635
------------------------------------------
[{'stable': {}, 'free': np.float64(-17095.23917192064)}]
------------------------------------------
  Seed: s-wave+py
F_onsite: (-5.912611330061653e-15+0j)
F_swave: (5.008077363804825e-15+0j), F_dwave: (1.2630356579421318e-20+0j)
F_px: -2.1046568452666697e-20j, F_py: 8.705795606701114e-21j
Free_energy = -17095.239171920635
------------------------------------------
[{'stable': {}, 'free': np.float64(-17095.23917192064)}]
------------------------------------------
====================================
mu=2.94, T=0.0910
====================================
  Seed: normal state
F_onsite: 0j
F_swave: 0j, F_dwave: 0j
F_px: 0j, F_py: 0j
Free_energy = -17096.15667020686
------------------------------------------
[{'stable': {}, 'free': np.float64(-17096.15667020686)}]
------------------------------------------
  Seed: px+i*py
F_onsite: (-7.84642727022415e-16-4.708263963640882e-15j)
F_swave: (6.657681295184476e-16+3.9949592987097705e-15j), F_dwave: (6.017340098660006e-21+4.049652380218769e-21j)
F_px: (3.678925753509375e-20+2.1495111311109058e-20j), F_py: (-2.886537694059749e-20+1.992629426708924e-20j)
Free_energy = -17096.15667020686
------------------------------------------
[{'stable': {}, 'free': np.float64(-17096.15667020686)}]
------------------------------------------
  Seed: s-wave
F_onsite: (-4.579627855338918e-15+0j)
F_swave: (3.885769817676995e-15+0j), F_dwave: (-3.02187641516544e-21+0j)
F_px: 9.226640674580646e-20j, F_py: 2.7601213490356084e-22j
Free_energy = -17096.15667020686
------------------------------------------
[{'stable': {}, 'free': np.float64(-17096.15667020686)}]
------------------------------------------
  Seed: s-wave+px
F_onsite: (-4.579627855338918e-15+0j)
F_swave: (3.885769817676995e-15+0j), F_dwave: (-3.02187641516544e-21+0j)
F_px: 9.226640674580646e-20j, F_py: 2.7601213490356084e-22j
Free_energy = -17096.15667020686
------------------------------------------
[{'stable': {}, 'free': np.float64(-17096.15667020686)}]
------------------------------------------
  Seed: s-wave+py
F_onsite: (-4.579627855338918e-15+0j)
F_swave: (3.885769817676995e-15+0j), F_dwave: (-3.02187641516544e-21+0j)
F_px: 9.226640674580646e-20j, F_py: 2.7601213490356084e-22j
Free_energy = -17096.15667020686
------------------------------------------
[{'stable': {}, 'free': np.float64(-17096.15667020686)}]
------------------------------------------
====================================
mu=2.94, T=0.0940
====================================
  Seed: normal state
F_onsite: 0j
F_swave: 0j, F_dwave: 0j
F_px: 0j, F_py: 0j
Free_energy = -17097.104987430266
------------------------------------------
[{'stable': {}, 'free': np.float64(-17097.104987430266)}]
------------------------------------------
  Seed: px+i*py
F_onsite: (-5.94606895039798e-16-3.568078425154541e-15j)
F_swave: (5.053747340300927e-16+3.0326267788500387e-15j), F_dwave: (1.077224408611013e-21-3.2748146495395427e-21j)
F_px: (1.1036826282302136e-20+5.7641712422054205e-22j), F_py: (7.679914702504355e-20+1.6814314426556087e-20j)
Free_energy = -17097.104987430266
------------------------------------------
[{'stable': {}, 'free': np.float64(-17097.104987430266)}]
------------------------------------------
  Seed: s-wave
F_onsite: (-3.4699683210803314e-15+0j)
F_swave: (2.94909084616777e-15+0j), F_dwave: (-4.698825951076416e-21+0j)
F_px: 3.3012457152770694e-20j, F_py: -5.860912470179596e-20j
Free_energy = -17097.104987430266
------------------------------------------
[{'stable': {}, 'free': np.float64(-17097.104987430266)}]
------------------------------------------
  Seed: s-wave+px
F_onsite: (-3.4699683210803314e-15+0j)
F_swave: (2.94909084616777e-15+0j), F_dwave: (-4.698825951076416e-21+0j)
F_px: 3.3012457152770694e-20j, F_py: -5.860912470179596e-20j
Free_energy = -17097.104987430266
------------------------------------------
[{'stable': {}, 'free': np.float64(-17097.104987430266)}]
------------------------------------------
  Seed: s-wave+py
F_onsite: (-3.4699683210803314e-15+0j)
F_swave: (2.94909084616777e-15+0j), F_dwave: (-4.698825951076416e-21+0j)
F_px: 3.3012457152770694e-20j, F_py: -5.860912470179596e-20j
Free_energy = -17097.104987430266
------------------------------------------
[{'stable': {}, 'free': np.float64(-17097.104987430266)}]
------------------------------------------
====================================
mu=2.94, T=0.0970
====================================
  Seed: normal state
F_onsite: 0j
F_swave: 0j, F_dwave: 0j
F_px: 0j, F_py: 0j
Free_energy = -17098.084127485345
------------------------------------------
[{'stable': {}, 'free': np.float64(-17098.084127485345)}]
------------------------------------------
  Seed: px+i*py
F_onsite: (-4.4099116020326054e-16-2.6459295962503158e-15j)
F_swave: (3.754001211828305e-16+2.252398145930966e-15j), F_dwave: (-5.484883394351281e-22-8.576951247482932e-21j)
F_px: (-6.859713796685705e-20+3.124876804666689e-20j), F_py: (5.671110553153456e-20+2.5423196303222417e-20j)
Free_energy = -17098.08412748535
------------------------------------------
[{'stable': {}, 'free': np.float64(-17098.084127485345)}]
------------------------------------------
  Seed: s-wave
F_onsite: (-2.5722844122910908e-15+0j)
F_swave: (2.189577951057807e-15+0j), F_dwave: (5.882491317921076e-23+0j)
F_px: 1.2215145818937752e-19j, F_py: -4.526678361514434e-20j
Free_energy = -17098.084127485345
------------------------------------------
[{'stable': {}, 'free': np.float64(-17098.084127485345)}]
------------------------------------------
  Seed: s-wave+px
F_onsite: (-2.5722844122910908e-15+0j)
F_swave: (2.189577951057807e-15+0j), F_dwave: (5.882491317921076e-23+0j)
F_px: 1.2215145818937752e-19j, F_py: -4.526678361514434e-20j
Free_energy = -17098.084127485345
------------------------------------------
[{'stable': {}, 'free': np.float64(-17098.084127485345)}]
------------------------------------------
  Seed: s-wave+py
F_onsite: (-2.5722844122910908e-15+0j)
F_swave: (2.189577951057807e-15+0j), F_dwave: (5.882491317921076e-23+0j)
F_px: 1.2215145818937752e-19j, F_py: -4.526678361514434e-20j
Free_energy = -17098.084127485345
------------------------------------------
[{'stable': {}, 'free': np.float64(-17098.084127485345)}]
------------------------------------------
====================================
mu=2.94, T=0.1000
====================================
  Seed: normal state
F_onsite: 0j
F_swave: 0j, F_dwave: 0j
F_px: 0j, F_py: 0j
Free_energy = -17099.094093354943
------------------------------------------
[{'stable': {}, 'free': np.float64(-17099.094093354943)}]
------------------------------------------
  Seed: px+i*py
F_onsite: (-3.202719775850405e-16-1.9214203529984653e-15j)
F_swave: (2.729672580299457e-16+1.6376358404876662e-15j), F_dwave: (-6.508856340076171e-21+1.0251111670309938e-21j)
F_px: (5.696615945419909e-20+2.2813397656099648e-20j), F_py: (4.721381689181007e-20+1.693807174864212e-20j)
Free_energy = -17099.094093354943
------------------------------------------
[{'stable': {}, 'free': np.float64(-17099.094093354943)}]
------------------------------------------
  Seed: s-wave
F_onsite: (-1.8667140653264235e-15+0j)
F_swave: (1.5904430418173475e-15+0j), F_dwave: (1.2561939213678435e-20+0j)
F_px: 4.7306793764426006e-20j, F_py: -3.9039192558500165e-20j
Free_energy = -17099.094093354943
------------------------------------------
[{'stable': {}, 'free': np.float64(-17099.094093354943)}]
------------------------------------------
  Seed: s-wave+px
F_onsite: (-1.8667140653264235e-15+0j)
F_swave: (1.5904430418173475e-15+0j), F_dwave: (1.2561939213678435e-20+0j)
F_px: 4.7306793764426006e-20j, F_py: -3.9039192558500165e-20j
Free_energy = -17099.094093354943
------------------------------------------
[{'stable': {}, 'free': np.float64(-17099.094093354943)}]
------------------------------------------
  Seed: s-wave+py
F_onsite: (-1.8667140653264235e-15+0j)
F_swave: (1.5904430418173475e-15+0j), F_dwave: (1.2561939213678435e-20+0j)
F_px: 4.7306793764426006e-20j, F_py: -3.9039192558500165e-20j
Free_energy = -17099.094093354943
------------------------------------------
[{'stable': {}, 'free': np.float64(-17099.094093354943)}]
------------------------------------------
