/home/emilssp/D1/venv/bin/python
Python 3.10.12
Running job 13 out of 25
====================================
mu=3.23, T=0.0010
====================================
  Seed: normal state
F_onsite: 0j
F_swave: 0j, F_dwave: 0j
F_px: 0j, F_py: 0j
Free_energy = -18420.65574029528
------------------------------------------
[{'stable': {}, 'free': np.float64(-18420.65574029528)}]
------------------------------------------
  Seed: px+i*py
F_onsite: (0.00664626043392918+0.02997272988203096j)
F_swave: (-0.005867936496021267-0.02646271197293129j), F_dwave: (1.7564075194265172e-17-1.9081958235744878e-17j)
F_px: (8.259191941473176e-14+3.4577375684907707e-13j), F_py: (3.4647154936728874e-13+1.5685473753190848e-12j)
Free_energy = -18449.82567742184
------------------------------------------
[{'stable': {'F_onsite': np.complex128(0.00664626043392918+0.02997272988203096j), 'F_swave': np.complex128(-0.005867936496021267-0.02646271197293129j)}, 'free': np.float64(-18449.82567742184)}]
------------------------------------------
  Seed: s-wave
F_onsite: (-0.030703943961692855+0j)
F_swave: (0.027108434611560643+0j), F_dwave: (-1.5612511283791264e-17+0j)
F_px: -2.4460193934336058e-18j, F_py: -2.372115768785668e-18j
Free_energy = -18449.833864007054
------------------------------------------
[{'stable': {'F_onsite': np.complex128(0.00664626043392918+0.02997272988203096j), 'F_swave': np.complex128(-0.005867936496021267-0.02646271197293129j)}, 'free': np.float64(-18449.82567742184)}, {'stable': {'F_onsite': np.complex128(-0.030703943961692855+0j), 'F_swave': np.complex128(0.027108434611560643+0j)}, 'free': np.float64(-18449.833864007054)}]
------------------------------------------
  Seed: s-wave+px
F_onsite: (-0.03070382167406443-5.528634924129885e-18j)
F_swave: (0.027108321292192546+5.260709877159646e-18j), F_dwave: (4.198030811863873e-16-1.5320708433462157e-19j)
F_px: (1.225869005264113e-09-8.100811349303315e-19j), F_py: -3.029519214973412e-18j
Free_energy = -18449.83354850226
------------------------------------------
[{'stable': {'F_onsite': np.complex128(0.00664626043392918+0.02997272988203096j), 'F_swave': np.complex128(-0.005867936496021267-0.02646271197293129j)}, 'free': np.float64(-18449.82567742184)}, {'stable': {'F_onsite': np.complex128(-0.030703943961692855+0j), 'F_swave': np.complex128(0.027108434611560643+0j)}, 'free': np.float64(-18449.833864007054)}]
------------------------------------------
  Seed: s-wave+py
F_onsite: (-0.03070382167406446+6.527493390205656e-19j)
F_swave: (0.027108321292192646+1.182140357011783e-18j), F_dwave: (-4.44956571588051e-16+2.0769247866675444e-18j)
F_px: (-1.734723475976807e-18-7.866712618505908e-18j), F_py: (1.2258689185279392e-09-2.8298311976582106e-18j)
Free_energy = -18449.83354850226
------------------------------------------
[{'stable': {'F_onsite': np.complex128(0.00664626043392918+0.02997272988203096j), 'F_swave': np.complex128(-0.005867936496021267-0.02646271197293129j)}, 'free': np.float64(-18449.82567742184)}, {'stable': {'F_onsite': np.complex128(-0.030703943961692855+0j), 'F_swave': np.complex128(0.027108434611560643+0j)}, 'free': np.float64(-18449.833864007054)}]
------------------------------------------
====================================
mu=3.23, T=0.0040
====================================
  Seed: normal state
F_onsite: 0j
F_swave: 0j, F_dwave: 0j
F_px: 0j, F_py: 0j
Free_energy = -18420.696403673053
------------------------------------------
[{'stable': {}, 'free': np.float64(-18420.696403673053)}]
------------------------------------------
  Seed: px+i*py
F_onsite: (0.006646433904479639+0.02997351218450076j)
F_swave: (-0.005868097243083188-0.02646343689611389j), F_dwave: (9.75781955236954e-18-3.5561831257524545e-17j)
F_px: (1.7525043916055694e-14+7.519505851316666e-14j), F_py: (7.538717913813109e-14+3.4074999766264824e-13j)
Free_energy = -18449.827744444738
------------------------------------------
[{'stable': {'F_onsite': np.complex128(0.006646433904479639+0.02997351218450076j), 'F_swave': np.complex128(-0.005868097243083188-0.02646343689611389j)}, 'free': np.float64(-18449.827744444738)}]
------------------------------------------
  Seed: s-wave
F_onsite: (-0.030702942354120976+0j)
F_swave: (0.027107506460815365+0j), F_dwave: (-3.8163916471489756e-17+0j)
F_px: -7.877406409464993e-20j, F_py: -1.8107446829928805e-18j
Free_energy = -18449.831279910693
------------------------------------------
[{'stable': {'F_onsite': np.complex128(0.006646433904479639+0.02997351218450076j), 'F_swave': np.complex128(-0.005868097243083188-0.02646343689611389j)}, 'free': np.float64(-18449.827744444738)}, {'stable': {'F_onsite': np.complex128(-0.030702942354120976+0j), 'F_swave': np.complex128(0.027107506460815365+0j)}, 'free': np.float64(-18449.831279910693)}]
------------------------------------------
  Seed: s-wave+px
F_onsite: (-0.03070288954469476-8.783729162211807e-18j)
F_swave: (0.027107457524471024+6.881401542612343e-18j), F_dwave: (2.2551405187698492e-17-1.113848325639405e-19j)
F_px: (2.663611883141348e-10-3.3571092073240126e-18j), F_py: (-6.938893903907228e-18-2.926392953645201e-18j)
Free_energy = -18449.831143669562
------------------------------------------
[{'stable': {'F_onsite': np.complex128(0.006646433904479639+0.02997351218450076j), 'F_swave': np.complex128(-0.005868097243083188-0.02646343689611389j)}, 'free': np.float64(-18449.827744444738)}, {'stable': {'F_onsite': np.complex128(-0.030702942354120976+0j), 'F_swave': np.complex128(0.027107506460815365+0j)}, 'free': np.float64(-18449.831279910693)}]
------------------------------------------
  Seed: s-wave+py
F_onsite: (-0.030702889544694786-7.917257942806203e-19j)
F_swave: (0.027107457524471093+1.8784014396548178e-18j), F_dwave: (-7.112366251504909e-17+1.4868604597865175e-18j)
F_px: (-1.734723475976807e-18-5.406611302324199e-18j), F_py: (2.6636123515166865e-10-2.335269835580106e-18j)
Free_energy = -18449.831143669562
------------------------------------------
[{'stable': {'F_onsite': np.complex128(0.006646433904479639+0.02997351218450076j), 'F_swave': np.complex128(-0.005868097243083188-0.02646343689611389j)}, 'free': np.float64(-18449.827744444738)}, {'stable': {'F_onsite': np.complex128(-0.030702942354120976+0j), 'F_swave': np.complex128(0.027107506460815365+0j)}, 'free': np.float64(-18449.831279910693)}]
------------------------------------------
====================================
mu=3.23, T=0.0070
====================================
  Seed: normal state
F_onsite: 0j
F_swave: 0j, F_dwave: 0j
F_px: 0j, F_py: 0j
Free_energy = -18420.772333463843
------------------------------------------
[{'stable': {}, 'free': np.float64(-18420.772333463843)}]
------------------------------------------
  Seed: px+i*py
F_onsite: (0.006646508804115053+0.02997384996039171j)
F_swave: (-0.005868166650661896-0.02646374990440316j), F_dwave: (-1.0842021724855044e-18-4.423544863740858e-17j)
F_px: (3.7452679846339265e-15+1.631507429156187e-14j), F_py: (1.6391835805373844e-14+7.397728263303094e-14j)
Free_energy = -18449.828637102946
------------------------------------------
[{'stable': {'F_onsite': np.complex128(0.006646508804115053+0.02997384996039171j), 'F_swave': np.complex128(-0.005868166650661896-0.02646374990440316j)}, 'free': np.float64(-18449.828637102946)}]
------------------------------------------
  Seed: s-wave
F_onsite: (-0.03070250972398513+0j)
F_swave: (0.02710710556699898+0j), F_dwave: (8.673617379884035e-18+0j)
F_px: -9.940355152502842e-18j, F_py: -2.1465932465792106e-18j
Free_energy = -18449.83016394216
------------------------------------------
[{'stable': {'F_onsite': np.complex128(0.006646508804115053+0.02997384996039171j), 'F_swave': np.complex128(-0.005868166650661896-0.02646374990440316j)}, 'free': np.float64(-18449.828637102946)}, {'stable': {'F_onsite': np.complex128(-0.03070250972398513+0j), 'F_swave': np.complex128(0.02710710556699898+0j)}, 'free': np.float64(-18449.83016394216)}]
------------------------------------------
  Seed: s-wave+px
F_onsite: (-0.03070248691785177-6.365619768571228e-18j)
F_swave: (0.027107084433516834+4.149667348158021e-18j), F_dwave: (-4.336808689942018e-18-1.977239596687554e-18j)
F_px: (5.78764397518583e-11-2.574980159653073e-18j), F_py: (-1.214306433183765e-17-2.8556657025494668e-18j)
Free_energy = -18449.830105107107
------------------------------------------
[{'stable': {'F_onsite': np.complex128(0.006646508804115053+0.02997384996039171j), 'F_swave': np.complex128(-0.005868166650661896-0.02646374990440316j)}, 'free': np.float64(-18449.828637102946)}, {'stable': {'F_onsite': np.complex128(-0.03070250972398513+0j), 'F_swave': np.complex128(0.02710710556699898+0j)}, 'free': np.float64(-18449.83016394216)}]
------------------------------------------
  Seed: s-wave+py
F_onsite: (-0.030702486917851834-2.2449603099407945e-18j)
F_swave: (0.027107084433516903+1.4725138392423977e-18j), F_dwave: (6.938893903907228e-18-5.874702884800607e-19j)
F_px: (3.469446951953614e-18-2.6356488945001623e-18j), F_py: (5.787639117960097e-11-2.4839241178232357e-18j)
Free_energy = -18449.83010510711
------------------------------------------
[{'stable': {'F_onsite': np.complex128(0.006646508804115053+0.02997384996039171j), 'F_swave': np.complex128(-0.005868166650661896-0.02646374990440316j)}, 'free': np.float64(-18449.828637102946)}, {'stable': {'F_onsite': np.complex128(-0.03070250972398513+0j), 'F_swave': np.complex128(0.02710710556699898+0j)}, 'free': np.float64(-18449.83016394216)}]
------------------------------------------
====================================
mu=3.23, T=0.0100
====================================
  Seed: normal state
F_onsite: 0j
F_swave: 0j, F_dwave: 0j
F_px: 0j, F_py: 0j
Free_energy = -18420.87763831977
------------------------------------------
[{'stable': {}, 'free': np.float64(-18420.87763831977)}]
------------------------------------------
  Seed: px+i*py
F_onsite: (0.0066465353872710705+0.0299739698428073j)
F_swave: (-0.0058681917344061705-0.02646386302490136j), F_dwave: (-2.6020852139652106e-18+9.540979117872439e-18j)
F_px: (8.131516293641283e-16+3.568326190084292e-15j), F_py: (3.557917849228431e-15+1.6089560239684886e-14j)
Free_energy = -18449.828999600493
------------------------------------------
[{'stable': {'F_onsite': np.complex128(0.0066465353872710705+0.0299739698428073j), 'F_swave': np.complex128(-0.0058681917344061705-0.02646386302490136j)}, 'free': np.float64(-18449.828999600493)}]
------------------------------------------
  Seed: s-wave
F_onsite: (-0.030702296269466196+0j)
F_swave: (0.027106909847487162+0j), F_dwave: (-9.367506770274758e-17+0j)
F_px: -5.850668324922266e-18j, F_py: -2.0396553369883552e-18j
Free_energy = -18449.8296589943
------------------------------------------
[{'stable': {'F_onsite': np.complex128(0.0066465353872710705+0.0299739698428073j), 'F_swave': np.complex128(-0.0058681917344061705-0.02646386302490136j)}, 'free': np.float64(-18449.828999600493)}, {'stable': {'F_onsite': np.complex128(-0.030702296269466196+0j), 'F_swave': np.complex128(0.027106909847487162+0j)}, 'free': np.float64(-18449.8296589943)}]
------------------------------------------
  Seed: s-wave+px
F_onsite: (-0.030702286420154642-5.549941760869056e-18j)
F_swave: (0.02710690072056527+5.472732811769238e-18j), F_dwave: (-2.862293735361732e-17+3.8947633705936797e-19j)
F_px: (1.2575829266836536e-11+8.066930031413143e-19j), F_py: (1.214306433183765e-17-2.7191875189231177e-18j)
Free_energy = -18449.829633585774
------------------------------------------
[{'stable': {'F_onsite': np.complex128(0.0066465353872710705+0.0299739698428073j), 'F_swave': np.complex128(-0.0058681917344061705-0.02646386302490136j)}, 'free': np.float64(-18449.828999600493)}, {'stable': {'F_onsite': np.complex128(-0.030702296269466196+0j), 'F_swave': np.complex128(0.027106909847487162+0j)}, 'free': np.float64(-18449.8296589943)}]
------------------------------------------
  Seed: s-wave+py
F_onsite: (-0.03070228642015467-2.320175699643571e-18j)
F_swave: (0.027106900720565243+2.7268108154484064e-18j), F_dwave: (5.984795992119984e-17+1.1678466760268666e-19j)
F_px: (8.673617379884035e-18+2.926392953645201e-18j), F_py: (1.257582753211306e-11-2.8927233939918424e-18j)
Free_energy = -18449.829633585774
------------------------------------------
[{'stable': {'F_onsite': np.complex128(0.0066465353872710705+0.0299739698428073j), 'F_swave': np.complex128(-0.0058681917344061705-0.02646386302490136j)}, 'free': np.float64(-18449.828999600493)}, {'stable': {'F_onsite': np.complex128(-0.030702296269466196+0j), 'F_swave': np.complex128(0.027106909847487162+0j)}, 'free': np.float64(-18449.8296589943)}]
------------------------------------------
====================================
mu=3.23, T=0.0130
====================================
  Seed: normal state
F_onsite: 0j
F_swave: 0j, F_dwave: 0j
F_px: 0j, F_py: 0j
Free_energy = -18421.008105048193
------------------------------------------
[{'stable': {}, 'free': np.float64(-18421.008105048193)}]
------------------------------------------
  Seed: px+i*py
F_onsite: (0.006646420179669134+0.029973450289538624j)
F_swave: (-0.005868094874039832-0.026463426212407312j), F_dwave: (5.637851296924623e-18-3.382710778154774e-17j)
F_px: (1.5655879370690684e-16+7.806255641895632e-16j), F_py: (7.606762442158299e-16+3.436487205910055e-15j)
Free_energy = -18449.8286474964
------------------------------------------
[{'stable': {'F_onsite': np.complex128(0.006646420179669134+0.029973450289538624j), 'F_swave': np.complex128(-0.005868094874039832-0.026463426212407312j)}, 'free': np.float64(-18449.8286474964)}]
------------------------------------------
  Seed: s-wave
F_onsite: (-0.030701618917445946+0j)
F_swave: (0.027106327891531796+0j), F_dwave: (-3.469446951953614e-17+0j)
F_px: -2.2444255519870823e-18j, F_py: -1.8685546816429865e-18j
Free_energy = -18449.828932311593
------------------------------------------
[{'stable': {'F_onsite': np.complex128(0.006646420179669134+0.029973450289538624j), 'F_swave': np.complex128(-0.005868094874039832-0.026463426212407312j)}, 'free': np.float64(-18449.8286474964)}, {'stable': {'F_onsite': np.complex128(-0.030701618917445946+0j), 'F_swave': np.complex128(0.027106327891531796+0j)}, 'free': np.float64(-18449.828932311593)}]
------------------------------------------
  Seed: s-wave+px
F_onsite: (-0.030701614662307947-8.087212114305377e-18j)
F_swave: (0.027106323948583397+7.750192648699238e-18j), F_dwave: (-1.9081958235744878e-17+1.1238539023288464e-18j)
F_px: (2.7325589707638542e-12-1.9309174823845844e-18j), F_py: (6.938893903907228e-18-2.4890063155067615e-18j)
Free_energy = -18449.828921336823
------------------------------------------
[{'stable': {'F_onsite': np.complex128(0.006646420179669134+0.029973450289538624j), 'F_swave': np.complex128(-0.005868094874039832-0.026463426212407312j)}, 'free': np.float64(-18449.8286474964)}, {'stable': {'F_onsite': np.complex128(-0.030701618917445946+0j), 'F_swave': np.complex128(0.027106327891531796+0j)}, 'free': np.float64(-18449.828932311593)}]
------------------------------------------
  Seed: s-wave+py
F_onsite: (-0.030701614662307905+4.364750409809857e-19j)
F_swave: (0.02710632394858334-1.0235334376384152e-18j), F_dwave: (8.673617379884035e-18-1.9454229216063143e-18j)
F_px: (3.469446951953614e-18-1.0275462562260324e-17j), F_py: (2.7324600915257236e-12-2.4774654916004217e-18j)
Free_energy = -18449.828921336823
------------------------------------------
[{'stable': {'F_onsite': np.complex128(0.006646420179669134+0.029973450289538624j), 'F_swave': np.complex128(-0.005868094874039832-0.026463426212407312j)}, 'free': np.float64(-18449.8286474964)}, {'stable': {'F_onsite': np.complex128(-0.030701618917445946+0j), 'F_swave': np.complex128(0.027106327891531796+0j)}, 'free': np.float64(-18449.828932311593)}]
------------------------------------------
====================================
mu=3.23, T=0.0160
====================================
  Seed: normal state
F_onsite: 0j
F_swave: 0j, F_dwave: 0j
F_px: 0j, F_py: 0j
Free_energy = -18421.163232680887
------------------------------------------
[{'stable': {}, 'free': np.float64(-18421.163232680887)}]
------------------------------------------
  Seed: px+i*py
F_onsite: (0.0066453357051107+0.029968559620067177j)
F_swave: (-0.005867154545717215-0.026459185601150147j), F_dwave: (7.589415207398531e-18+1.5612511283791264e-17j)
F_px: (7.806255641895632e-18+1.0755285551056204e-16j), F_py: (8.630249292984615e-17+3.677613769070831e-16j)
Free_energy = -18449.822500798753
------------------------------------------
[{'stable': {'F_onsite': np.complex128(0.0066453357051107+0.029968559620067177j), 'F_swave': np.complex128(-0.005867154545717215-0.026459185601150147j)}, 'free': np.float64(-18449.822500798753)}]
------------------------------------------
  Seed: s-wave
F_onsite: (-0.030696530465579953+0j)
F_swave: (0.027101911079129376+0j), F_dwave: (-3.469446951953614e-18+0j)
F_px: -3.5067164016328034e-18j, F_py: -2.5578277424711734e-18j
Free_energy = -18449.82258179616
------------------------------------------
[{'stable': {'F_onsite': np.complex128(0.0066453357051107+0.029968559620067177j), 'F_swave': np.complex128(-0.005867154545717215-0.026459185601150147j)}, 'free': np.float64(-18449.822500798753)}, {'stable': {'F_onsite': np.complex128(-0.030696530465579953+0j), 'F_swave': np.complex128(0.027101911079129376+0j)}, 'free': np.float64(-18449.82258179616)}]
------------------------------------------
  Seed: s-wave+px
F_onsite: (-0.03069652925405366-1.0904723034312593e-17j)
F_swave: (0.027101909956639435+9.839346473542766e-18j), F_dwave: (5.204170427930421e-17+2.0074680849926918e-19j)
F_px: (2.767369666756281e-13-6.912635882542345e-18j), F_py: -3.0412717971165654e-18j
Free_energy = -18449.822578675004
------------------------------------------
[{'stable': {'F_onsite': np.complex128(0.0066453357051107+0.029968559620067177j), 'F_swave': np.complex128(-0.005867154545717215-0.026459185601150147j)}, 'free': np.float64(-18449.822500798753)}, {'stable': {'F_onsite': np.complex128(-0.030696530465579953+0j), 'F_swave': np.complex128(0.027101911079129376+0j)}, 'free': np.float64(-18449.82258179616)}]
------------------------------------------
  Seed: s-wave+py
F_onsite: (-0.030696529254053605+3.024505268783381e-18j)
F_swave: (0.027101909956639372-2.2943475563158826e-18j), F_dwave: (-4.683753385137379e-17+4.4839806645274524e-20j)
F_px: -1.3906163411547476e-18j, F_py: (2.7669533331220464e-13-2.4027148340052297e-18j)
Free_energy = -18449.822578675004
------------------------------------------
[{'stable': {'F_onsite': np.complex128(0.0066453357051107+0.029968559620067177j), 'F_swave': np.complex128(-0.005867154545717215-0.026459185601150147j)}, 'free': np.float64(-18449.822500798753)}, {'stable': {'F_onsite': np.complex128(-0.030696530465579953+0j), 'F_swave': np.complex128(0.027101911079129376+0j)}, 'free': np.float64(-18449.82258179616)}]
------------------------------------------
====================================
mu=3.23, T=0.0190
====================================
  Seed: normal state
F_onsite: 0j
F_swave: 0j, F_dwave: 0j
F_px: 0j, F_py: 0j
Free_energy = -18421.343894790778
------------------------------------------
[{'stable': {}, 'free': np.float64(-18421.343894790778)}]
------------------------------------------
  Seed: px+i*py
F_onsite: (0.0066405166349902895+0.029946826994865772j)
F_swave: (-0.005862909893135392-0.02644004343443207j), F_dwave: (1.6046192152785466e-17-1.6479873021779667e-17j)
F_px: (-3.426078865054194e-17+2.42861286636753e-17j), F_py: -5.204170427930421e-18j
Free_energy = -18449.788675284828
------------------------------------------
[{'stable': {'F_onsite': np.complex128(0.0066405166349902895+0.029946826994865772j), 'F_swave': np.complex128(-0.005862909893135392-0.02644004343443207j)}, 'free': np.float64(-18449.788675284828)}]
------------------------------------------
  Seed: s-wave
F_onsite: (-0.03067424109893267+0j)
F_swave: (0.02708227721302955+0j), F_dwave: (-6.938893903907228e-18+0j)
F_px: -1.8255677595698308e-18j, F_py: -2.1281702799764296e-18j
Free_energy = -18449.78868192655
------------------------------------------
[{'stable': {'F_onsite': np.complex128(0.0066405166349902895+0.029946826994865772j), 'F_swave': np.complex128(-0.005862909893135392-0.02644004343443207j)}, 'free': np.float64(-18449.788675284828)}, {'stable': {'F_onsite': np.complex128(-0.03067424109893267+0j), 'F_swave': np.complex128(0.02708227721302955+0j)}, 'free': np.float64(-18449.78868192655)}]
------------------------------------------
  Seed: s-wave+px
F_onsite: (-0.03067424099921893-7.838361487340678e-18j)
F_swave: (0.027082277120680006+6.94360552467633e-18j), F_dwave: (-3.469446951953614e-18-1.8290617704772548e-19j)
F_px: (2.751271432899216e-15-3.1589034976665063e-18j), F_py: (3.469446951953614e-18-3.0184019075406993e-18j)
Free_energy = -18449.78868167069
------------------------------------------
[{'stable': {'F_onsite': np.complex128(0.0066405166349902895+0.029946826994865772j), 'F_swave': np.complex128(-0.005862909893135392-0.02644004343443207j)}, 'free': np.float64(-18449.788675284828)}, {'stable': {'F_onsite': np.complex128(-0.03067424109893267+0j), 'F_swave': np.complex128(0.02708227721302955+0j)}, 'free': np.float64(-18449.78868192655)}]
------------------------------------------
  Seed: s-wave+py
F_onsite: (-0.030674240999218932+2.3377422306211366e-18j)
F_swave: (0.02708227712068-1.9816335801014356e-18j), F_dwave: (5.637851296924623e-17+9.92193218590006e-19j)
F_px: (1.734723475976807e-18-1.158211676251849e-18j), F_py: (2.7495367094232392e-15-3.1707619589280665e-18j)
Free_energy = -18449.78868167069
------------------------------------------
[{'stable': {'F_onsite': np.complex128(0.0066405166349902895+0.029946826994865772j), 'F_swave': np.complex128(-0.005862909893135392-0.02644004343443207j)}, 'free': np.float64(-18449.788675284828)}, {'stable': {'F_onsite': np.complex128(-0.03067424109893267+0j), 'F_swave': np.complex128(0.02708227721302955+0j)}, 'free': np.float64(-18449.78868192655)}]
------------------------------------------
====================================
mu=3.23, T=0.0220
====================================
  Seed: normal state
F_onsite: 0j
F_swave: 0j, F_dwave: 0j
F_px: 0j, F_py: 0j
Free_energy = -18421.55114698009
------------------------------------------
[{'stable': {}, 'free': np.float64(-18421.55114698009)}]
------------------------------------------
  Seed: px+i*py
F_onsite: (0.006629148581817161+0.029895560332893843j)
F_swave: (-0.0058528957236504975-0.026394882399900343j), F_dwave: (2.211772431870429e-17-1.6479873021779667e-17j)
F_px: (-2.168404344971009e-17-7.28583859910259e-17j), F_py: (8.673617379884035e-19+1.734723475976807e-18j)
Free_energy = -18449.709849386138
------------------------------------------
[{'stable': {'F_onsite': np.complex128(0.006629148581817161+0.029895560332893843j), 'F_swave': np.complex128(-0.0058528957236504975-0.026394882399900343j)}, 'free': np.float64(-18449.709849386138)}]
------------------------------------------
  Seed: s-wave
F_onsite: (-0.030621726673166916+0j)
F_swave: (0.027036016904941416+0j), F_dwave: (-3.469446951953614e-17+0j)
F_px: -8.433695297574255e-18j, F_py: -2.8568303728519415e-18j
Free_energy = -18449.70984963188
------------------------------------------
[{'stable': {'F_onsite': np.complex128(0.006629148581817161+0.029895560332893843j), 'F_swave': np.complex128(-0.0058528957236504975-0.026394882399900343j)}, 'free': np.float64(-18449.709849386138)}, {'stable': {'F_onsite': np.complex128(-0.030621726673166916+0j), 'F_swave': np.complex128(0.027036016904941416+0j)}, 'free': np.float64(-18449.70984963188)}]
------------------------------------------
  Seed: s-wave+px
F_onsite: (-0.030621726669449366-4.198559081374515e-18j)
F_swave: (0.027036016901500936+2.782820869085597e-18j), F_dwave: (-5.204170427930421e-18-1.1516471709106281e-18j)
F_px: 7.868724321755637e-18j, F_py: -3.242230363852648e-18j
Free_energy = -18449.709849622435
------------------------------------------
[{'stable': {'F_onsite': np.complex128(0.006629148581817161+0.029895560332893843j), 'F_swave': np.complex128(-0.0058528957236504975-0.026394882399900343j)}, 'free': np.float64(-18449.709849386138)}, {'stable': {'F_onsite': np.complex128(-0.030621726673166916+0j), 'F_swave': np.complex128(0.027036016904941416+0j)}, 'free': np.float64(-18449.70984963188)}]
------------------------------------------
  Seed: s-wave+py
F_onsite: (-0.030621726669449373+4.018863482365317e-18j)
F_swave: (0.02703601690150094-2.670959580488826e-18j), F_dwave: (-2.6020852139652106e-18+2.624213949712229e-19j)
F_px: (3.469446951953614e-18+5.249274932371713e-18j), F_py: (8.673617379884035e-18-3.0263428414212083e-18j)
Free_energy = -18449.709849622435
------------------------------------------
[{'stable': {'F_onsite': np.complex128(0.006629148581817161+0.029895560332893843j), 'F_swave': np.complex128(-0.0058528957236504975-0.026394882399900343j)}, 'free': np.float64(-18449.709849386138)}, {'stable': {'F_onsite': np.complex128(-0.030621726673166916+0j), 'F_swave': np.complex128(0.027036016904941416+0j)}, 'free': np.float64(-18449.70984963188)}]
------------------------------------------
====================================
mu=3.23, T=0.0250
====================================
  Seed: normal state
F_onsite: 0j
F_swave: 0j, F_dwave: 0j
F_px: 0j, F_py: 0j
Free_energy = -18421.78586429458
------------------------------------------
[{'stable': {}, 'free': np.float64(-18421.78586429458)}]
------------------------------------------
  Seed: px+i*py
F_onsite: (0.006607771012072435+0.02979915361969621j)
F_swave: (-0.005834059973110737-0.02630993856288608j), F_dwave: (-6.505213034913027e-19-1.8214596497756474e-17j)
F_px: (-8.673617379884035e-19-1.734723475976807e-18j), F_py: (-3.903127820947816e-18+1.734723475976807e-18j)
Free_energy = -18449.563423688793
------------------------------------------
[{'stable': {'F_onsite': np.complex128(0.006607771012072435+0.02979915361969621j), 'F_swave': np.complex128(-0.005834059973110737-0.02630993856288608j)}, 'free': np.float64(-18449.563423688793)}]
------------------------------------------
  Seed: s-wave
F_onsite: (-0.030522978136199887+0j)
F_swave: (0.026949009685666298+0j), F_dwave: (3.9898639947466563e-17+0j)
F_px: 2.590862027414091e-18j, F_py: -3.0004024574115454e-18j
Free_energy = -18449.563423693173
------------------------------------------
[{'stable': {'F_onsite': np.complex128(0.006607771012072435+0.02979915361969621j), 'F_swave': np.complex128(-0.005834059973110737-0.02630993856288608j)}, 'free': np.float64(-18449.563423688793)}, {'stable': {'F_onsite': np.complex128(-0.030522978136199887+0j), 'F_swave': np.complex128(0.026949009685666298+0j)}, 'free': np.float64(-18449.563423693173)}]
------------------------------------------
  Seed: s-wave+px
F_onsite: (-0.03052297813613377-3.0857381286227972e-18j)
F_swave: (0.02694900968560522+2.1367464885673794e-18j), F_dwave: (8.673617379884035e-18-4.2701048453457416e-19j)
F_px: (1.734723475976807e-18-3.4453065129568666e-18j), F_py: (3.469446951953614e-18-2.5453340064991725e-18j)
Free_energy = -18449.563423693035
------------------------------------------
[{'stable': {'F_onsite': np.complex128(0.006607771012072435+0.02979915361969621j), 'F_swave': np.complex128(-0.005834059973110737-0.02630993856288608j)}, 'free': np.float64(-18449.563423688793)}, {'stable': {'F_onsite': np.complex128(-0.030522978136199887+0j), 'F_swave': np.complex128(0.026949009685666298+0j)}, 'free': np.float64(-18449.563423693173)}]
------------------------------------------
  Seed: s-wave+py
F_onsite: (-0.030522978136133763+3.841762744494358e-18j)
F_swave: (0.02694900968560522-3.2223780291513755e-18j), F_dwave: (7.806255641895632e-18-1.664949136946734e-19j)
F_px: (-1.734723475976807e-18-3.622865794525049e-18j), F_py: (-5.204170427930421e-18-2.6554482896422316e-18j)
Free_energy = -18449.563423693035
------------------------------------------
[{'stable': {'F_onsite': np.complex128(0.006607771012072435+0.02979915361969621j), 'F_swave': np.complex128(-0.005834059973110737-0.02630993856288608j)}, 'free': np.float64(-18449.563423688793)}, {'stable': {'F_onsite': np.complex128(-0.030522978136199887+0j), 'F_swave': np.complex128(0.026949009685666298+0j)}, 'free': np.float64(-18449.563423693173)}]
------------------------------------------
====================================
mu=3.23, T=0.0280
====================================
  Seed: normal state
F_onsite: 0j
F_swave: 0j, F_dwave: 0j
F_px: 0j, F_py: 0j
Free_energy = -18422.048687667902
------------------------------------------
[{'stable': {}, 'free': np.float64(-18422.048687667902)}]
------------------------------------------
  Seed: px+i*py
F_onsite: (0.006573343852544388+0.029643896996306353j)
F_swave: (-0.005803731121601032-0.026173164134172595j), F_dwave: (2.168404344971009e-18-3.469446951953614e-17j)
F_px: (6.938893903907228e-18-5.377642775528102e-17j), F_py: (-3.469446951953614e-18+0j)
Free_energy = -18449.332220751185
------------------------------------------
[{'stable': {'F_onsite': np.complex128(0.006573343852544388+0.029643896996306353j), 'F_swave': np.complex128(-0.005803731121601032-0.026173164134172595j)}, 'free': np.float64(-18449.332220751185)}]
------------------------------------------
  Seed: s-wave
F_onsite: (-0.03036395031172341+0j)
F_swave: (0.026808912990409016+0j), F_dwave: (8.673617379884035e-18+0j)
F_px: -3.1139048723436216e-18j, F_py: -3.1124225646859266e-18j
Free_energy = -18449.332220751217
------------------------------------------
[{'stable': {'F_onsite': np.complex128(0.006573343852544388+0.029643896996306353j), 'F_swave': np.complex128(-0.005803731121601032-0.026173164134172595j)}, 'free': np.float64(-18449.332220751185)}, {'stable': {'F_onsite': np.complex128(-0.03036395031172341+0j), 'F_swave': np.complex128(0.026808912990409016+0j)}, 'free': np.float64(-18449.332220751217)}]
------------------------------------------
  Seed: s-wave+px
F_onsite: (-0.0303639503117224-1.0187422594444273e-18j)
F_swave: (0.026808912990408187+9.362890440712222e-19j), F_dwave: (-1.5612511283791264e-17+1.0164395367051604e-20j)
F_px: -2.0605135233144924e-18j, F_py: -2.5075351612279494e-18j
Free_energy = -18449.332220751217
------------------------------------------
[{'stable': {'F_onsite': np.complex128(0.006573343852544388+0.029643896996306353j), 'F_swave': np.complex128(-0.005803731121601032-0.026173164134172595j)}, 'free': np.float64(-18449.332220751185)}, {'stable': {'F_onsite': np.complex128(-0.03036395031172341+0j), 'F_swave': np.complex128(0.026808912990409016+0j)}, 'free': np.float64(-18449.332220751217)}]
------------------------------------------
  Seed: s-wave+py
F_onsite: (-0.030363950311722402+8.162132909323722e-19j)
F_swave: (0.02680891299040819-5.811175413756534e-19j), F_dwave: (-1.3877787807814457e-17-3.0890232795180265e-19j)
F_px: -3.76654375820306e-18j, F_py: -3.055353719864668e-18j
Free_energy = -18449.332220751217
------------------------------------------
[{'stable': {'F_onsite': np.complex128(0.006573343852544388+0.029643896996306353j), 'F_swave': np.complex128(-0.005803731121601032-0.026173164134172595j)}, 'free': np.float64(-18449.332220751185)}, {'stable': {'F_onsite': np.complex128(-0.03036395031172341+0j), 'F_swave': np.complex128(0.026808912990409016+0j)}, 'free': np.float64(-18449.332220751217)}]
------------------------------------------
====================================
mu=3.23, T=0.0310
====================================
  Seed: normal state
F_onsite: 0j
F_swave: 0j, F_dwave: 0j
F_px: 0j, F_py: 0j
Free_energy = -18422.340060884453
------------------------------------------
[{'stable': {}, 'free': np.float64(-18422.340060884453)}]
------------------------------------------
  Seed: px+i*py
F_onsite: (0.006522668474761237+0.029415365564974753j)
F_swave: (-0.0057590765989077785-0.02597178503384922j), F_dwave: (1.6046192152785466e-17+8.673617379884035e-19j)
F_px: (-5.724587470723463e-17-6.071532165918825e-17j), F_py: (-8.673617379884035e-19-1.734723475976807e-18j)
Free_energy = -18448.997282342312
------------------------------------------
[{'stable': {'F_onsite': np.complex128(0.006522668474761237+0.029415365564974753j), 'F_swave': np.complex128(-0.0057590765989077785-0.02597178503384922j)}, 'free': np.float64(-18448.997282342312)}]
------------------------------------------
  Seed: s-wave
F_onsite: (-0.030129867828332064+0j)
F_swave: (0.02660264237094835+0j), F_dwave: (3.469446951953614e-18+0j)
F_px: -2.7456572985248145e-18j, F_py: -2.772338836363325e-18j
Free_energy = -18448.997282342312
------------------------------------------
[{'stable': {'F_onsite': np.complex128(0.006522668474761237+0.029415365564974753j), 'F_swave': np.complex128(-0.0057590765989077785-0.02597178503384922j)}, 'free': np.float64(-18448.997282342312)}, {'stable': {'F_onsite': np.complex128(-0.030129867828332064+0j), 'F_swave': np.complex128(0.02660264237094835+0j)}, 'free': np.float64(-18448.997282342312)}]
------------------------------------------
  Seed: s-wave+px
F_onsite: (-0.030129867828332046-4.384806429058194e-18j)
F_swave: (0.02660264237094833+2.944180645537541e-18j), F_dwave: (8.673617379884035e-19-1.0048987127988206e-18j)
F_px: (3.469446951953614e-18-4.857522194266599e-18j), F_py: (-5.204170427930421e-18-3.127669157736504e-18j)
Free_energy = -18448.997282342312
------------------------------------------
[{'stable': {'F_onsite': np.complex128(0.006522668474761237+0.029415365564974753j), 'F_swave': np.complex128(-0.0057590765989077785-0.02597178503384922j)}, 'free': np.float64(-18448.997282342312)}, {'stable': {'F_onsite': np.complex128(-0.030129867828332064+0j), 'F_swave': np.complex128(0.02660264237094835+0j)}, 'free': np.float64(-18448.997282342312)}]
------------------------------------------
  Seed: s-wave+py
F_onsite: (-0.030129867828332053+4.497069361078608e-18j)
F_swave: (0.026602642370948344-3.2264543752100368e-18j), F_dwave: (5.204170427930421e-18+3.6835345293721386e-19j)
F_px: (-3.469446951953614e-18-5.161818780567706e-18j), F_py: (6.938893903907228e-18-2.9057465255558773e-18j)
Free_energy = -18448.997282342312
------------------------------------------
[{'stable': {'F_onsite': np.complex128(0.006522668474761237+0.029415365564974753j), 'F_swave': np.complex128(-0.0057590765989077785-0.02597178503384922j)}, 'free': np.float64(-18448.997282342312)}, {'stable': {'F_onsite': np.complex128(-0.030129867828332064+0j), 'F_swave': np.complex128(0.02660264237094835+0j)}, 'free': np.float64(-18448.997282342312)}]
------------------------------------------
====================================
mu=3.23, T=0.0340
====================================
  Seed: normal state
F_onsite: 0j
F_swave: 0j, F_dwave: 0j
F_px: 0j, F_py: 0j
Free_energy = -18422.660282635527
------------------------------------------
[{'stable': {}, 'free': np.float64(-18422.660282635527)}]
------------------------------------------
  Seed: px+i*py
F_onsite: (0.0064534608890909305+0.02910325918700458j)
F_swave: (-0.005698094347163805-0.025696772554683514j), F_dwave: (6.505213034913027e-19-1.474514954580286e-17j)
F_px: (-1.5612511283791264e-17+6.591949208711867e-17j), F_py: (-5.637851296924623e-18-5.204170427930421e-18j)
Free_energy = -18448.550451244602
------------------------------------------
[{'stable': {'F_onsite': np.complex128(0.0064534608890909305+0.02910325918700458j), 'F_swave': np.complex128(-0.005698094347163805-0.025696772554683514j)}, 'free': np.float64(-18448.550451244602)}]
------------------------------------------
  Seed: s-wave
F_onsite: (-0.029810180354251162+0j)
F_swave: (0.026320949810299508+0j), F_dwave: (-3.642919299551295e-17+0j)
F_px: -1.2359693008097937e-17j, F_py: -2.2105442340969103e-18j
Free_energy = -18448.550451244606
------------------------------------------
[{'stable': {'F_onsite': np.complex128(0.0064534608890909305+0.02910325918700458j), 'F_swave': np.complex128(-0.005698094347163805-0.025696772554683514j)}, 'free': np.float64(-18448.550451244602)}, {'stable': {'F_onsite': np.complex128(-0.029810180354251162+0j), 'F_swave': np.complex128(0.026320949810299508+0j)}, 'free': np.float64(-18448.550451244606)}]
------------------------------------------
  Seed: s-wave+px
F_onsite: (-0.029810180354251172-4.566324287163659e-18j)
F_swave: (0.026320949810299508+3.891004661890239e-18j), F_dwave: (-3.903127820947816e-17-8.221513544287053e-20j)
F_px: (-1.734723475976807e-18-1.0278427177575714e-17j), F_py: (-1.734723475976807e-18-2.592344335071786e-18j)
Free_energy = -18448.550451244606
------------------------------------------
[{'stable': {'F_onsite': np.complex128(0.0064534608890909305+0.02910325918700458j), 'F_swave': np.complex128(-0.005698094347163805-0.025696772554683514j)}, 'free': np.float64(-18448.550451244602)}, {'stable': {'F_onsite': np.complex128(-0.029810180354251162+0j), 'F_swave': np.complex128(0.026320949810299508+0j)}, 'free': np.float64(-18448.550451244606)}]
------------------------------------------
  Seed: s-wave+py
F_onsite: (-0.029810180354251162+0j)
F_swave: (0.026320949810299508+0j), F_dwave: (-3.9898639947466563e-17+0j)
F_px: -1.3388202764301471e-17j, F_py: -2.257131046195897e-18j
Free_energy = -18448.550451244606
------------------------------------------
[{'stable': {'F_onsite': np.complex128(0.0064534608890909305+0.02910325918700458j), 'F_swave': np.complex128(-0.005698094347163805-0.025696772554683514j)}, 'free': np.float64(-18448.550451244602)}, {'stable': {'F_onsite': np.complex128(-0.029810180354251162+0j), 'F_swave': np.complex128(0.026320949810299508+0j)}, 'free': np.float64(-18448.550451244606)}]
------------------------------------------
====================================
mu=3.23, T=0.0370
====================================
  Seed: normal state
F_onsite: 0j
F_swave: 0j, F_dwave: 0j
F_px: 0j, F_py: 0j
Free_energy = -18423.0095513392
------------------------------------------
[{'stable': {}, 'free': np.float64(-18423.0095513392)}]
------------------------------------------
  Seed: px+i*py
F_onsite: (0.006363010233013741+0.02869535264930503j)
F_swave: (-0.005618380770022762-0.025337287165970133j), F_dwave: (-2.5370330836160804e-17+2.5153490401663703e-17j)
F_px: (3.0357660829594124e-18+5.551115123125783e-17j), F_py: (4.336808689942018e-19-5.204170427930421e-18j)
Free_energy = -18447.980028389684
------------------------------------------
[{'stable': {'F_onsite': np.complex128(0.006363010233013741+0.02869535264930503j), 'F_swave': np.complex128(-0.005618380770022762-0.025337287165970133j)}, 'free': np.float64(-18447.980028389684)}]
------------------------------------------
  Seed: s-wave
F_onsite: (-0.0293923657246811+0j)
F_swave: (0.02595273248441854+0j), F_dwave: (-6.938893903907228e-18+0j)
F_px: -1.105377996166862e-19j, F_py: -2.2482372002497267e-18j
Free_energy = -18447.980028389677
------------------------------------------
[{'stable': {'F_onsite': np.complex128(0.006363010233013741+0.02869535264930503j), 'F_swave': np.complex128(-0.005618380770022762-0.025337287165970133j)}, 'free': np.float64(-18447.980028389684)}, {'stable': {'F_onsite': np.complex128(-0.0293923657246811+0j), 'F_swave': np.complex128(0.02595273248441854+0j)}, 'free': np.float64(-18447.980028389677)}]
------------------------------------------
  Seed: s-wave+px
F_onsite: (-0.0293923657246811-4.536380863312577e-18j)
F_swave: (0.025952732484418543+3.2852702254850073e-18j), F_dwave: (-3.469446951953614e-18-4.451687533413382e-19j)
F_px: (-1.734723475976807e-18-3.581678817464809e-18j), F_py: (-3.469446951953614e-18-2.7108230685689814e-18j)
Free_energy = -18447.980028389684
------------------------------------------
[{'stable': {'F_onsite': np.complex128(0.006363010233013741+0.02869535264930503j), 'F_swave': np.complex128(-0.005618380770022762-0.025337287165970133j)}, 'free': np.float64(-18447.980028389684)}, {'stable': {'F_onsite': np.complex128(-0.0293923657246811+0j), 'F_swave': np.complex128(0.02595273248441854+0j)}, 'free': np.float64(-18447.980028389677)}]
------------------------------------------
  Seed: s-wave+py
F_onsite: (-0.0293923657246811+0j)
F_swave: (0.02595273248441854+0j), F_dwave: (-6.938893903907228e-18+0j)
F_px: -1.105377996166862e-19j, F_py: -2.2482372002497267e-18j
Free_energy = -18447.980028389677
------------------------------------------
[{'stable': {'F_onsite': np.complex128(0.006363010233013741+0.02869535264930503j), 'F_swave': np.complex128(-0.005618380770022762-0.025337287165970133j)}, 'free': np.float64(-18447.980028389684)}, {'stable': {'F_onsite': np.complex128(-0.0293923657246811+0j), 'F_swave': np.complex128(0.02595273248441854+0j)}, 'free': np.float64(-18447.980028389677)}]
------------------------------------------
====================================
mu=3.23, T=0.0400
====================================
  Seed: normal state
F_onsite: 0j
F_swave: 0j, F_dwave: 0j
F_px: 0j, F_py: 0j
Free_energy = -18423.3879984805
------------------------------------------
[{'stable': {}, 'free': np.float64(-18423.3879984805)}]
------------------------------------------
  Seed: px+i*py
F_onsite: (0.006249222227297974+0.02818220135271702j)
F_swave: (-0.0055180956959273745-0.024885030221341184j), F_dwave: (8.673617379884035e-19+3.469446951953614e-17j)
F_px: (3.686287386450715e-17+8.673617379884035e-18j), F_py: (-2.6020852139652106e-18+3.469446951953614e-18j)
Free_energy = -18447.28313385237
------------------------------------------
[{'stable': {'F_onsite': np.complex128(0.006249222227297974+0.02818220135271702j), 'F_swave': np.complex128(-0.0055180956959273745-0.024885030221341184j)}, 'free': np.float64(-18447.28313385237)}]
------------------------------------------
  Seed: s-wave
F_onsite: (-0.028866749930174573+0j)
F_swave: (0.025489490171960394+0j), F_dwave: (-1.0408340855860843e-17+0j)
F_px: -4.610823848378784e-18j, F_py: -1.9888333601530972e-18j
Free_energy = -18447.283133852372
------------------------------------------
[{'stable': {'F_onsite': np.complex128(0.006249222227297974+0.02818220135271702j), 'F_swave': np.complex128(-0.0055180956959273745-0.024885030221341184j)}, 'free': np.float64(-18447.28313385237)}, {'stable': {'F_onsite': np.complex128(-0.028866749930174573+0j), 'F_swave': np.complex128(0.025489490171960394+0j)}, 'free': np.float64(-18447.283133852372)}]
------------------------------------------
  Seed: s-wave+px
F_onsite: (-0.02886674993017458-2.2540410890227996e-18j)
F_swave: (0.025489490171960394+3.220683963256867e-18j), F_dwave: (-1.3010426069826053e-17+8.2485127194807835e-19j)
F_px: -4.584459947895494e-18j, F_py: (-1.734723475976807e-18-2.7820797152567495e-18j)
Free_energy = -18447.283133852372
------------------------------------------
[{'stable': {'F_onsite': np.complex128(0.006249222227297974+0.02818220135271702j), 'F_swave': np.complex128(-0.0055180956959273745-0.024885030221341184j)}, 'free': np.float64(-18447.28313385237)}, {'stable': {'F_onsite': np.complex128(-0.028866749930174573+0j), 'F_swave': np.complex128(0.025489490171960394+0j)}, 'free': np.float64(-18447.283133852372)}]
------------------------------------------
  Seed: s-wave+py
F_onsite: (-0.028866749930174573+0j)
F_swave: (0.025489490171960394+0j), F_dwave: (-1.0408340855860843e-17+0j)
F_px: -4.610823848378784e-18j, F_py: -1.9888333601530972e-18j
Free_energy = -18447.283133852372
------------------------------------------
[{'stable': {'F_onsite': np.complex128(0.006249222227297974+0.02818220135271702j), 'F_swave': np.complex128(-0.0055180956959273745-0.024885030221341184j)}, 'free': np.float64(-18447.28313385237)}, {'stable': {'F_onsite': np.complex128(-0.028866749930174573+0j), 'F_swave': np.complex128(0.025489490171960394+0j)}, 'free': np.float64(-18447.283133852372)}]
------------------------------------------
====================================
mu=3.23, T=0.0430
====================================
  Seed: normal state
F_onsite: 0j
F_swave: 0j, F_dwave: 0j
F_px: 0j, F_py: 0j
Free_energy = -18423.79571175365
------------------------------------------
[{'stable': {}, 'free': np.float64(-18423.79571175365)}]
------------------------------------------
  Seed: px+i*py
F_onsite: (0.006109295075680252+0.027551169999027066j)
F_swave: (-0.005394753445160825-0.02432879201761477j), F_dwave: (1.7564075194265172e-17-1.3877787807814457e-17j)
F_px: (-2.1250362580715887e-17+0j), F_py: (-2.168404344971009e-18-6.938893903907228e-18j)
Free_energy = -18446.452843701547
------------------------------------------
[{'stable': {'F_onsite': np.complex128(0.006109295075680252+0.027551169999027066j), 'F_swave': np.complex128(-0.005394753445160825-0.02432879201761477j)}, 'free': np.float64(-18446.452843701547)}]
------------------------------------------
  Seed: s-wave
F_onsite: (-0.028220390759821593+0j)
F_swave: (0.02491974088489731+0j), F_dwave: (-1.734723475976807e-17+0j)
F_px: -6.34491204964515e-18j, F_py: -2.6304608176982297e-18j
Free_energy = -18446.452843701547
------------------------------------------
[{'stable': {'F_onsite': np.complex128(0.006109295075680252+0.027551169999027066j), 'F_swave': np.complex128(-0.005394753445160825-0.02432879201761477j)}, 'free': np.float64(-18446.452843701547)}, {'stable': {'F_onsite': np.complex128(-0.028220390759821593+0j), 'F_swave': np.complex128(0.02491974088489731+0j)}, 'free': np.float64(-18446.452843701547)}]
------------------------------------------
  Seed: s-wave+px
F_onsite: (-0.0282203907598216-1.9572073736686855e-18j)
F_swave: (0.02491974088489731+1.296172167535893e-18j), F_dwave: (-1.5612511283791264e-17-1.3287829360051837e-19j)
F_px: -7.326940872868105e-18j, F_py: -3.2734647037826504e-18j
Free_energy = -18446.452843701547
------------------------------------------
[{'stable': {'F_onsite': np.complex128(0.006109295075680252+0.027551169999027066j), 'F_swave': np.complex128(-0.005394753445160825-0.02432879201761477j)}, 'free': np.float64(-18446.452843701547)}, {'stable': {'F_onsite': np.complex128(-0.028220390759821593+0j), 'F_swave': np.complex128(0.02491974088489731+0j)}, 'free': np.float64(-18446.452843701547)}]
------------------------------------------
  Seed: s-wave+py
F_onsite: (-0.028220390759821593+0j)
F_swave: (0.02491974088489731+0j), F_dwave: (-1.734723475976807e-17+0j)
F_px: -6.34491204964515e-18j, F_py: -2.6304608176982297e-18j
Free_energy = -18446.452843701547
------------------------------------------
[{'stable': {'F_onsite': np.complex128(0.006109295075680252+0.027551169999027066j), 'F_swave': np.complex128(-0.005394753445160825-0.02432879201761477j)}, 'free': np.float64(-18446.452843701547)}, {'stable': {'F_onsite': np.complex128(-0.028220390759821593+0j), 'F_swave': np.complex128(0.02491974088489731+0j)}, 'free': np.float64(-18446.452843701547)}]
------------------------------------------
====================================
mu=3.23, T=0.0460
====================================
  Seed: normal state
F_onsite: 0j
F_swave: 0j, F_dwave: 0j
F_px: 0j, F_py: 0j
Free_energy = -18424.23275049096
------------------------------------------
[{'stable': {}, 'free': np.float64(-18424.23275049096)}]
------------------------------------------
  Seed: px+i*py
F_onsite: (0.005940555321260258+0.026790202063769267j)
F_swave: (-0.005245994005328811-0.023657929575221268j), F_dwave: (7.37257477290143e-18+3.729655473350135e-17j)
F_px: (-3.903127820947816e-17+3.2959746043559335e-17j), F_py: (3.469446951953614e-18+5.204170427930421e-18j)
Free_energy = -18445.488226618174
------------------------------------------
[{'stable': {'F_onsite': np.complex128(0.005940555321260258+0.026790202063769267j), 'F_swave': np.complex128(-0.005245994005328811-0.023657929575221268j)}, 'free': np.float64(-18445.488226618174)}]
------------------------------------------
  Seed: s-wave
F_onsite: (-0.02744093883493314+0j)
F_swave: (0.024232583124588102+0j), F_dwave: (6.938893903907228e-18+0j)
F_px: -1.2057514004164965e-18j, F_py: -2.093653687375817e-18j
Free_energy = -18445.488226618174
------------------------------------------
[{'stable': {'F_onsite': np.complex128(0.005940555321260258+0.026790202063769267j), 'F_swave': np.complex128(-0.005245994005328811-0.023657929575221268j)}, 'free': np.float64(-18445.488226618174)}, {'stable': {'F_onsite': np.complex128(-0.02744093883493314+0j), 'F_swave': np.complex128(0.024232583124588102+0j)}, 'free': np.float64(-18445.488226618174)}]
------------------------------------------
  Seed: s-wave+px
F_onsite: (-0.027440938834933145+0j)
F_swave: (0.024232583124588102+0j), F_dwave: (6.938893903907228e-18+0j)
F_px: -2.939839601682863e-18j, F_py: -2.0669721495373064e-18j
Free_energy = -18445.488226618174
------------------------------------------
[{'stable': {'F_onsite': np.complex128(0.005940555321260258+0.026790202063769267j), 'F_swave': np.complex128(-0.005245994005328811-0.023657929575221268j)}, 'free': np.float64(-18445.488226618174)}, {'stable': {'F_onsite': np.complex128(-0.02744093883493314+0j), 'F_swave': np.complex128(0.024232583124588102+0j)}, 'free': np.float64(-18445.488226618174)}]
------------------------------------------
  Seed: s-wave+py
F_onsite: (-0.02744093883493314+0j)
F_swave: (0.024232583124588102+0j), F_dwave: (6.938893903907228e-18+0j)
F_px: -1.2057514004164965e-18j, F_py: -2.093653687375817e-18j
Free_energy = -18445.488226618174
------------------------------------------
[{'stable': {'F_onsite': np.complex128(0.005940555321260258+0.026790202063769267j), 'F_swave': np.complex128(-0.005245994005328811-0.023657929575221268j)}, 'free': np.float64(-18445.488226618174)}, {'stable': {'F_onsite': np.complex128(-0.02744093883493314+0j), 'F_swave': np.complex128(0.024232583124588102+0j)}, 'free': np.float64(-18445.488226618174)}]
------------------------------------------
====================================
mu=3.23, T=0.0490
====================================
  Seed: normal state
F_onsite: 0j
F_swave: 0j, F_dwave: 0j
F_px: 0j, F_py: 0j
Free_energy = -18424.699155685837
------------------------------------------
[{'stable': {}, 'free': np.float64(-18424.699155685837)}]
------------------------------------------
  Seed: px+i*py
F_onsite: (0.0057396520779053805+0.025884186010779214j)
F_swave: (-0.005068852556039213-0.02285907240384738j), F_dwave: (3.642919299551295e-17-8.673617379884035e-18j)
F_px: (-8.977193988179977e-17+2.0816681711721685e-17j), F_py: (-5.204170427930421e-18-3.469446951953614e-18j)
Free_energy = -18444.388014157536
------------------------------------------
[{'stable': {'F_onsite': np.complex128(0.0057396520779053805+0.025884186010779214j), 'F_swave': np.complex128(-0.005068852556039213-0.02285907240384738j)}, 'free': np.float64(-18444.388014157536)}]
------------------------------------------
  Seed: s-wave
F_onsite: (-0.02651291555857289+0j)
F_swave: (0.023414321630130602+0j), F_dwave: (5.898059818321144e-17+0j)
F_px: 8.135751458377555e-19j, F_py: -2.3189644513454608e-18j
Free_energy = -18444.388014157536
------------------------------------------
[{'stable': {'F_onsite': np.complex128(0.0057396520779053805+0.025884186010779214j), 'F_swave': np.complex128(-0.005068852556039213-0.02285907240384738j)}, 'free': np.float64(-18444.388014157536)}, {'stable': {'F_onsite': np.complex128(-0.02651291555857289+0j), 'F_swave': np.complex128(0.023414321630130602+0j)}, 'free': np.float64(-18444.388014157536)}]
------------------------------------------
  Seed: s-wave+px
F_onsite: (-0.02651291555857289+0j)
F_swave: (0.023414321630130602+0j), F_dwave: (5.898059818321144e-17+0j)
F_px: 8.135751458377555e-19j, F_py: -2.3189644513454608e-18j
Free_energy = -18444.388014157536
------------------------------------------
[{'stable': {'F_onsite': np.complex128(0.0057396520779053805+0.025884186010779214j), 'F_swave': np.complex128(-0.005068852556039213-0.02285907240384738j)}, 'free': np.float64(-18444.388014157536)}, {'stable': {'F_onsite': np.complex128(-0.02651291555857289+0j), 'F_swave': np.complex128(0.023414321630130602+0j)}, 'free': np.float64(-18444.388014157536)}]
------------------------------------------
  Seed: s-wave+py
F_onsite: (-0.02651291555857289+0j)
F_swave: (0.023414321630130602+0j), F_dwave: (5.898059818321144e-17+0j)
F_px: 8.135751458377555e-19j, F_py: -2.3189644513454608e-18j
Free_energy = -18444.388014157536
------------------------------------------
[{'stable': {'F_onsite': np.complex128(0.0057396520779053805+0.025884186010779214j), 'F_swave': np.complex128(-0.005068852556039213-0.02285907240384738j)}, 'free': np.float64(-18444.388014157536)}, {'stable': {'F_onsite': np.complex128(-0.02651291555857289+0j), 'F_swave': np.complex128(0.023414321630130602+0j)}, 'free': np.float64(-18444.388014157536)}]
------------------------------------------
====================================
mu=3.23, T=0.0520
====================================
  Seed: normal state
F_onsite: 0j
F_swave: 0j, F_dwave: 0j
F_px: 0j, F_py: 0j
Free_energy = -18425.194956384723
------------------------------------------
[{'stable': {}, 'free': np.float64(-18425.194956384723)}]
------------------------------------------
  Seed: px+i*py
F_onsite: (0.005502022768039411+0.024812545922720874j)
F_swave: (-0.0048592851804691055-0.02191398359751812j), F_dwave: (-8.239936510889834e-18+5.204170427930421e-18j)
F_px: (-8.673617379884035e-18-1.3877787807814457e-17j), F_py: (1.734723475976807e-18+6.938893903907228e-18j)
Free_energy = -18443.148966238467
------------------------------------------
[{'stable': {'F_onsite': np.complex128(0.005502022768039411+0.024812545922720874j), 'F_swave': np.complex128(-0.0048592851804691055-0.02191398359751812j)}, 'free': np.float64(-18443.148966238467)}]
------------------------------------------
  Seed: s-wave
F_onsite: (-0.025415245222251383+0j)
F_swave: (0.022446276519222905+0j), F_dwave: (1.9081958235744878e-17+0j)
F_px: -1.4499086474625486e-18j, F_py: -2.4621130194314375e-18j
Free_energy = -18443.14896623847
------------------------------------------
[{'stable': {'F_onsite': np.complex128(0.005502022768039411+0.024812545922720874j), 'F_swave': np.complex128(-0.0048592851804691055-0.02191398359751812j)}, 'free': np.float64(-18443.148966238467)}, {'stable': {'F_onsite': np.complex128(-0.025415245222251383+0j), 'F_swave': np.complex128(0.022446276519222905+0j)}, 'free': np.float64(-18443.14896623847)}]
------------------------------------------
  Seed: s-wave+px
F_onsite: (-0.025415245222251383+0j)
F_swave: (0.022446276519222905+0j), F_dwave: (1.9081958235744878e-17+0j)
F_px: -1.4499086474625486e-18j, F_py: -2.4621130194314375e-18j
Free_energy = -18443.14896623847
------------------------------------------
[{'stable': {'F_onsite': np.complex128(0.005502022768039411+0.024812545922720874j), 'F_swave': np.complex128(-0.0048592851804691055-0.02191398359751812j)}, 'free': np.float64(-18443.148966238467)}, {'stable': {'F_onsite': np.complex128(-0.025415245222251383+0j), 'F_swave': np.complex128(0.022446276519222905+0j)}, 'free': np.float64(-18443.14896623847)}]
------------------------------------------
  Seed: s-wave+py
F_onsite: (-0.025415245222251383+0j)
F_swave: (0.022446276519222905+0j), F_dwave: (1.9081958235744878e-17+0j)
F_px: -1.4499086474625486e-18j, F_py: -2.4621130194314375e-18j
Free_energy = -18443.14896623847
------------------------------------------
[{'stable': {'F_onsite': np.complex128(0.005502022768039411+0.024812545922720874j), 'F_swave': np.complex128(-0.0048592851804691055-0.02191398359751812j)}, 'free': np.float64(-18443.148966238467)}, {'stable': {'F_onsite': np.complex128(-0.025415245222251383+0j), 'F_swave': np.complex128(0.022446276519222905+0j)}, 'free': np.float64(-18443.14896623847)}]
------------------------------------------
====================================
mu=3.23, T=0.0550
====================================
  Seed: normal state
F_onsite: 0j
F_swave: 0j, F_dwave: 0j
F_px: 0j, F_py: 0j
Free_energy = -18425.72017370777
------------------------------------------
[{'stable': {}, 'free': np.float64(-18425.72017370777)}]
------------------------------------------
  Seed: px+i*py
F_onsite: (0.005222469606256092+0.023551841276989362j)
F_swave: (-0.00461269939565116-0.020801952374160798j), F_dwave: (5.854691731421724e-18+2.862293735361732e-17j)
F_px: (-1.2576745200831851e-17-3.9898639947466563e-17j), F_py: (7.37257477290143e-18-1.734723475976807e-18j)
Free_energy = -18441.774342884943
------------------------------------------
[{'stable': {'F_onsite': np.complex128(0.005222469606256092+0.023551841276989362j), 'F_swave': np.complex128(-0.00461269939565116-0.020801952374160798j)}, 'free': np.float64(-18441.774342884943)}]
------------------------------------------
  Seed: s-wave
F_onsite: (-0.024123917930650513+0j)
F_swave: (0.021307233942759667+0j), F_dwave: (8.673617379884035e-18+0j)
F_px: -2.095983027980766e-18j, F_py: -2.2397668707771837e-18j
Free_energy = -18441.77434288495
------------------------------------------
[{'stable': {'F_onsite': np.complex128(0.005222469606256092+0.023551841276989362j), 'F_swave': np.complex128(-0.00461269939565116-0.020801952374160798j)}, 'free': np.float64(-18441.774342884943)}, {'stable': {'F_onsite': np.complex128(-0.024123917930650513+0j), 'F_swave': np.complex128(0.021307233942759667+0j)}, 'free': np.float64(-18441.77434288495)}]
------------------------------------------
  Seed: s-wave+px
F_onsite: (-0.024123917930650513+0j)
F_swave: (0.021307233942759667+0j), F_dwave: (8.673617379884035e-18+0j)
F_px: -2.095983027980766e-18j, F_py: -2.2397668707771837e-18j
Free_energy = -18441.77434288495
------------------------------------------
[{'stable': {'F_onsite': np.complex128(0.005222469606256092+0.023551841276989362j), 'F_swave': np.complex128(-0.00461269939565116-0.020801952374160798j)}, 'free': np.float64(-18441.774342884943)}, {'stable': {'F_onsite': np.complex128(-0.024123917930650513+0j), 'F_swave': np.complex128(0.021307233942759667+0j)}, 'free': np.float64(-18441.77434288495)}]
------------------------------------------
  Seed: s-wave+py
F_onsite: (-0.024123917930650513+0j)
F_swave: (0.021307233942759667+0j), F_dwave: (8.673617379884035e-18+0j)
F_px: -2.095983027980766e-18j, F_py: -2.2397668707771837e-18j
Free_energy = -18441.77434288495
------------------------------------------
[{'stable': {'F_onsite': np.complex128(0.005222469606256092+0.023551841276989362j), 'F_swave': np.complex128(-0.00461269939565116-0.020801952374160798j)}, 'free': np.float64(-18441.774342884943)}, {'stable': {'F_onsite': np.complex128(-0.024123917930650513+0j), 'F_swave': np.complex128(0.021307233942759667+0j)}, 'free': np.float64(-18441.77434288495)}]
------------------------------------------
====================================
mu=3.23, T=0.0580
====================================
  Seed: normal state
F_onsite: 0j
F_swave: 0j, F_dwave: 0j
F_px: 0j, F_py: 0j
Free_energy = -18426.274823335923
------------------------------------------
[{'stable': {}, 'free': np.float64(-18426.274823335923)}]
------------------------------------------
  Seed: px+i*py
F_onsite: (0.004893160877116307+0.022066753281352755j)
F_swave: (-0.004322162560918133-0.019491714511109197j), F_dwave: (-2.168404344971009e-18+5.204170427930421e-18j)
F_px: (-3.729655473350135e-17-8.673617379884035e-18j), F_py: (1.734723475976807e-18-3.469446951953614e-18j)
Free_energy = -18440.26379466563
------------------------------------------
[{'stable': {'F_onsite': np.complex128(0.004893160877116307+0.022066753281352755j), 'F_swave': np.complex128(-0.004322162560918133-0.019491714511109197j)}, 'free': np.float64(-18440.26379466563)}]
------------------------------------------
  Seed: s-wave
F_onsite: (-0.022602756994433877+0j)
F_swave: (0.019965170266881826+0j), F_dwave: (-1.214306433183765e-17+0j)
F_px: -3.0241193799346658e-18j, F_py: -1.7614050138153176e-18j
Free_energy = -18440.26379466563
------------------------------------------
[{'stable': {'F_onsite': np.complex128(0.004893160877116307+0.022066753281352755j), 'F_swave': np.complex128(-0.004322162560918133-0.019491714511109197j)}, 'free': np.float64(-18440.26379466563)}, {'stable': {'F_onsite': np.complex128(-0.022602756994433877+0j), 'F_swave': np.complex128(0.019965170266881826+0j)}, 'free': np.float64(-18440.26379466563)}]
------------------------------------------
  Seed: s-wave+px
F_onsite: (-0.022602756994433877+0j)
F_swave: (0.019965170266881826+0j), F_dwave: (-1.214306433183765e-17+0j)
F_px: -3.0241193799346658e-18j, F_py: -1.7614050138153176e-18j
Free_energy = -18440.26379466563
------------------------------------------
[{'stable': {'F_onsite': np.complex128(0.004893160877116307+0.022066753281352755j), 'F_swave': np.complex128(-0.004322162560918133-0.019491714511109197j)}, 'free': np.float64(-18440.26379466563)}, {'stable': {'F_onsite': np.complex128(-0.022602756994433877+0j), 'F_swave': np.complex128(0.019965170266881826+0j)}, 'free': np.float64(-18440.26379466563)}]
------------------------------------------
  Seed: s-wave+py
F_onsite: (-0.022602756994433877+0j)
F_swave: (0.019965170266881826+0j), F_dwave: (-1.214306433183765e-17+0j)
F_px: -3.0241193799346658e-18j, F_py: -1.7614050138153176e-18j
Free_energy = -18440.26379466563
------------------------------------------
[{'stable': {'F_onsite': np.complex128(0.004893160877116307+0.022066753281352755j), 'F_swave': np.complex128(-0.004322162560918133-0.019491714511109197j)}, 'free': np.float64(-18440.26379466563)}, {'stable': {'F_onsite': np.complex128(-0.022602756994433877+0j), 'F_swave': np.complex128(0.019965170266881826+0j)}, 'free': np.float64(-18440.26379466563)}]
------------------------------------------
====================================
mu=3.23, T=0.0610
====================================
  Seed: normal state
F_onsite: 0j
F_swave: 0j, F_dwave: 0j
F_px: 0j, F_py: 0j
Free_energy = -18426.858917013178
------------------------------------------
[{'stable': {}, 'free': np.float64(-18426.858917013178)}]
------------------------------------------
  Seed: px+i*py
F_onsite: (0.004502682388399314+0.02030580719995804j)
F_swave: (-0.003977575198572118-0.01793772425824j), F_dwave: (1.8214596497756474e-17-8.673617379884035e-18j)
F_px: (2.688821387764051e-17-4.163336342344337e-17j), F_py: (-4.336808689942018e-18-3.469446951953614e-18j)
Free_energy = -18438.617980929717
------------------------------------------
[{'stable': {'F_onsite': np.complex128(0.004502682388399314+0.02030580719995804j), 'F_swave': np.complex128(-0.003977575198572118-0.01793772425824j)}, 'free': np.float64(-18438.617980929717)}]
------------------------------------------
  Seed: s-wave
F_onsite: (-0.020799037351105085+0j)
F_swave: (0.018373433430498125+0j), F_dwave: (-1.9081958235744878e-17+0j)
F_px: -2.165439729655619e-18j, F_py: -2.5275463146068322e-18j
Free_energy = -18438.617980929717
------------------------------------------
[{'stable': {'F_onsite': np.complex128(0.004502682388399314+0.02030580719995804j), 'F_swave': np.complex128(-0.003977575198572118-0.01793772425824j)}, 'free': np.float64(-18438.617980929717)}, {'stable': {'F_onsite': np.complex128(-0.020799037351105085+0j), 'F_swave': np.complex128(0.018373433430498125+0j)}, 'free': np.float64(-18438.617980929717)}]
------------------------------------------
  Seed: s-wave+px
F_onsite: (-0.020799037351105085+0j)
F_swave: (0.018373433430498125+0j), F_dwave: (-1.9081958235744878e-17+0j)
F_px: -2.165439729655619e-18j, F_py: -2.5275463146068322e-18j
Free_energy = -18438.617980929717
------------------------------------------
[{'stable': {'F_onsite': np.complex128(0.004502682388399314+0.02030580719995804j), 'F_swave': np.complex128(-0.003977575198572118-0.01793772425824j)}, 'free': np.float64(-18438.617980929717)}, {'stable': {'F_onsite': np.complex128(-0.020799037351105085+0j), 'F_swave': np.complex128(0.018373433430498125+0j)}, 'free': np.float64(-18438.617980929717)}]
------------------------------------------
  Seed: s-wave+py
F_onsite: (-0.020799037351105085+0j)
F_swave: (0.018373433430498125+0j), F_dwave: (-1.9081958235744878e-17+0j)
F_px: -2.165439729655619e-18j, F_py: -2.5275463146068322e-18j
Free_energy = -18438.617980929717
------------------------------------------
[{'stable': {'F_onsite': np.complex128(0.004502682388399314+0.02030580719995804j), 'F_swave': np.complex128(-0.003977575198572118-0.01793772425824j)}, 'free': np.float64(-18438.617980929717)}, {'stable': {'F_onsite': np.complex128(-0.020799037351105085+0j), 'F_swave': np.complex128(0.018373433430498125+0j)}, 'free': np.float64(-18438.617980929717)}]
------------------------------------------
====================================
mu=3.23, T=0.0640
====================================
  Seed: normal state
F_onsite: 0j
F_swave: 0j, F_dwave: 0j
F_px: 0j, F_py: 0j
Free_energy = -18427.472463407194
------------------------------------------
[{'stable': {}, 'free': np.float64(-18427.472463407194)}]
------------------------------------------
  Seed: px+i*py
F_onsite: (0.004032611212316138+0.01818592090809092j)
F_swave: (-0.003562638821431224-0.016066480109157264j), F_dwave: (-9.75781955236954e-19-1.734723475976807e-18j)
F_px: (2.168404344971009e-19-8.326672684688674e-17j), F_py: (-1.951563910473908e-18+0j)
Free_energy = -18436.83675871039
------------------------------------------
[{'stable': {'F_onsite': np.complex128(0.004032611212316138+0.01818592090809092j), 'F_swave': np.complex128(-0.003562638821431224-0.016066480109157264j)}, 'free': np.float64(-18436.83675871039)}]
------------------------------------------
  Seed: s-wave
F_onsite: (-0.018627658802571997+0j)
F_swave: (0.016456736568041676+0j), F_dwave: (8.673617379884035e-18+0j)
F_px: -1.3546174408964398e-18j, F_py: -2.3979502736769243e-18j
Free_energy = -18436.83675871039
------------------------------------------
[{'stable': {'F_onsite': np.complex128(0.004032611212316138+0.01818592090809092j), 'F_swave': np.complex128(-0.003562638821431224-0.016066480109157264j)}, 'free': np.float64(-18436.83675871039)}, {'stable': {'F_onsite': np.complex128(-0.018627658802571997+0j), 'F_swave': np.complex128(0.016456736568041676+0j)}, 'free': np.float64(-18436.83675871039)}]
------------------------------------------
  Seed: s-wave+px
F_onsite: (-0.018627658802571997+0j)
F_swave: (0.016456736568041676+0j), F_dwave: (8.673617379884035e-18+0j)
F_px: -1.3546174408964398e-18j, F_py: -2.3979502736769243e-18j
Free_energy = -18436.83675871039
------------------------------------------
[{'stable': {'F_onsite': np.complex128(0.004032611212316138+0.01818592090809092j), 'F_swave': np.complex128(-0.003562638821431224-0.016066480109157264j)}, 'free': np.float64(-18436.83675871039)}, {'stable': {'F_onsite': np.complex128(-0.018627658802571997+0j), 'F_swave': np.complex128(0.016456736568041676+0j)}, 'free': np.float64(-18436.83675871039)}]
------------------------------------------
  Seed: s-wave+py
F_onsite: (-0.018627658802571997+0j)
F_swave: (0.016456736568041676+0j), F_dwave: (8.673617379884035e-18+0j)
F_px: -1.3546174408964398e-18j, F_py: -2.3979502736769243e-18j
Free_energy = -18436.83675871039
------------------------------------------
[{'stable': {'F_onsite': np.complex128(0.004032611212316138+0.01818592090809092j), 'F_swave': np.complex128(-0.003562638821431224-0.016066480109157264j)}, 'free': np.float64(-18436.83675871039)}, {'stable': {'F_onsite': np.complex128(-0.018627658802571997+0j), 'F_swave': np.complex128(0.016456736568041676+0j)}, 'free': np.float64(-18436.83675871039)}]
------------------------------------------
====================================
mu=3.23, T=0.0670
====================================
  Seed: normal state
F_onsite: 0j
F_swave: 0j, F_dwave: 0j
F_px: 0j, F_py: 0j
Free_energy = -18428.115468550608
------------------------------------------
[{'stable': {}, 'free': np.float64(-18428.115468550608)}]
------------------------------------------
  Seed: px+i*py
F_onsite: (0.003450564411025793+0.015561056636338465j)
F_swave: (-0.003048717499900928-0.013748842227828788j), F_dwave: (-8.131516293641283e-18+2.168404344971009e-18j)
F_px: (1.7780915628762273e-17+2.0816681711721685e-17j), F_py: (-1.5178830414797062e-18+4.336808689942018e-18j)
Free_energy = -18434.923337549208
------------------------------------------
[{'stable': {'F_onsite': np.complex128(0.003450564411025793+0.015561056636338465j), 'F_swave': np.complex128(-0.003048717499900928-0.013748842227828788j)}, 'free': np.float64(-18434.923337549208)}]
------------------------------------------
  Seed: s-wave
F_onsite: (-0.01593903630694059+0j)
F_swave: (0.014082803023543708+0j), F_dwave: (2.862293735361732e-17+0j)
F_px: -1.1708112913422566e-18j, F_py: -1.4728844161568215e-18j
Free_energy = -18434.923337549204
------------------------------------------
[{'stable': {'F_onsite': np.complex128(0.003450564411025793+0.015561056636338465j), 'F_swave': np.complex128(-0.003048717499900928-0.013748842227828788j)}, 'free': np.float64(-18434.923337549208)}, {'stable': {'F_onsite': np.complex128(-0.01593903630694059+0j), 'F_swave': np.complex128(0.014082803023543708+0j)}, 'free': np.float64(-18434.923337549204)}]
------------------------------------------
  Seed: s-wave+px
F_onsite: (-0.01593903630694059+0j)
F_swave: (0.014082803023543708+0j), F_dwave: (2.862293735361732e-17+0j)
F_px: -1.1708112913422566e-18j, F_py: -1.4728844161568215e-18j
Free_energy = -18434.923337549204
------------------------------------------
[{'stable': {'F_onsite': np.complex128(0.003450564411025793+0.015561056636338465j), 'F_swave': np.complex128(-0.003048717499900928-0.013748842227828788j)}, 'free': np.float64(-18434.923337549208)}, {'stable': {'F_onsite': np.complex128(-0.01593903630694059+0j), 'F_swave': np.complex128(0.014082803023543708+0j)}, 'free': np.float64(-18434.923337549204)}]
------------------------------------------
  Seed: s-wave+py
F_onsite: (-0.01593903630694059+0j)
F_swave: (0.014082803023543708+0j), F_dwave: (2.862293735361732e-17+0j)
F_px: -1.1708112913422566e-18j, F_py: -1.4728844161568215e-18j
Free_energy = -18434.923337549204
------------------------------------------
[{'stable': {'F_onsite': np.complex128(0.003450564411025793+0.015561056636338465j), 'F_swave': np.complex128(-0.003048717499900928-0.013748842227828788j)}, 'free': np.float64(-18434.923337549208)}, {'stable': {'F_onsite': np.complex128(-0.01593903630694059+0j), 'F_swave': np.complex128(0.014082803023543708+0j)}, 'free': np.float64(-18434.923337549204)}]
------------------------------------------
====================================
mu=3.23, T=0.0700
====================================
  Seed: normal state
F_onsite: 0j
F_swave: 0j, F_dwave: 0j
F_px: 0j, F_py: 0j
Free_energy = -18428.78793599935
------------------------------------------
[{'stable': {}, 'free': np.float64(-18428.78793599935)}]
------------------------------------------
  Seed: px+i*py
F_onsite: (0.002684737398815545+0.012107396280785146j)
F_swave: (-0.002372323843484037-0.010698500677231267j), F_dwave: (-1.1275702593849246e-17+2.2985086056692694e-17j)
F_px: (1.929879867024198e-17-1.5612511283791264e-17j), F_py: (8.673617379884035e-19-2.6020852139652106e-18j)
Free_energy = -18432.880773709494
------------------------------------------
[{'stable': {'F_onsite': np.complex128(0.002684737398815545+0.012107396280785146j), 'F_swave': np.complex128(-0.002372323843484037-0.010698500677231267j)}, 'free': np.float64(-18432.880773709494)}]
------------------------------------------
  Seed: s-wave
F_onsite: (-0.012401486185154038+0j)
F_swave: (0.01095836836208188+0j), F_dwave: (-1.6479873021779667e-17+0j)
F_px: -7.685765205148708e-19j, F_py: -5.523713607282106e-19j
Free_energy = -18432.880773709494
------------------------------------------
[{'stable': {'F_onsite': np.complex128(0.002684737398815545+0.012107396280785146j), 'F_swave': np.complex128(-0.002372323843484037-0.010698500677231267j)}, 'free': np.float64(-18432.880773709494)}, {'stable': {'F_onsite': np.complex128(-0.012401486185154038+0j), 'F_swave': np.complex128(0.01095836836208188+0j)}, 'free': np.float64(-18432.880773709494)}]
------------------------------------------
  Seed: s-wave+px
F_onsite: (-0.012401486185154038+0j)
F_swave: (0.01095836836208188+0j), F_dwave: (-1.6479873021779667e-17+0j)
F_px: -7.685765205148708e-19j, F_py: -5.523713607282106e-19j
Free_energy = -18432.880773709494
------------------------------------------
[{'stable': {'F_onsite': np.complex128(0.002684737398815545+0.012107396280785146j), 'F_swave': np.complex128(-0.002372323843484037-0.010698500677231267j)}, 'free': np.float64(-18432.880773709494)}, {'stable': {'F_onsite': np.complex128(-0.012401486185154038+0j), 'F_swave': np.complex128(0.01095836836208188+0j)}, 'free': np.float64(-18432.880773709494)}]
------------------------------------------
  Seed: s-wave+py
F_onsite: (-0.012401486185154038+0j)
F_swave: (0.01095836836208188+0j), F_dwave: (-1.6479873021779667e-17+0j)
F_px: -7.685765205148708e-19j, F_py: -5.523713607282106e-19j
Free_energy = -18432.880773709494
------------------------------------------
[{'stable': {'F_onsite': np.complex128(0.002684737398815545+0.012107396280785146j), 'F_swave': np.complex128(-0.002372323843484037-0.010698500677231267j)}, 'free': np.float64(-18432.880773709494)}, {'stable': {'F_onsite': np.complex128(-0.012401486185154038+0j), 'F_swave': np.complex128(0.01095836836208188+0j)}, 'free': np.float64(-18432.880773709494)}]
------------------------------------------
====================================
mu=3.23, T=0.0730
====================================
  Seed: normal state
F_onsite: 0j
F_swave: 0j, F_dwave: 0j
F_px: 0j, F_py: 0j
Free_energy = -18429.489866801603
------------------------------------------
[{'stable': {}, 'free': np.float64(-18429.489866801603)}]
------------------------------------------
  Seed: px+i*py
F_onsite: (0.0014752427320360833+0.006652921948712517j)
F_swave: (-0.0013037232488613667-0.005879418233381629j), F_dwave: (1.0299920638612292e-18+1.5178830414797062e-18j)
F_px: (4.9873299934333204e-18-3.469446951953614e-18j), F_py: (1.0842021724855044e-19-4.336808689942018e-19j)
Free_energy = -18430.717365630193
------------------------------------------
[{'stable': {'F_onsite': np.complex128(0.0014752427320360833+0.006652921948712517j), 'F_swave': np.complex128(-0.0013037232488613667-0.005879418233381629j)}, 'free': np.float64(-18430.717365630193)}]
------------------------------------------
  Seed: s-wave
F_onsite: (-0.006814522109002823+0j)
F_swave: (0.006022229908650378+0j), F_dwave: (-3.903127820947816e-18+0j)
F_px: 1.3578996935670502e-19j, F_py: 1.4778607347219405e-18j
Free_energy = -18430.717365630193
------------------------------------------
[{'stable': {'F_onsite': np.complex128(0.0014752427320360833+0.006652921948712517j), 'F_swave': np.complex128(-0.0013037232488613667-0.005879418233381629j)}, 'free': np.float64(-18430.717365630193)}, {'stable': {'F_onsite': np.complex128(-0.006814522109002823+0j), 'F_swave': np.complex128(0.006022229908650378+0j)}, 'free': np.float64(-18430.717365630193)}]
------------------------------------------
  Seed: s-wave+px
F_onsite: (-0.006814522109002823+0j)
F_swave: (0.006022229908650378+0j), F_dwave: (-3.903127820947816e-18+0j)
F_px: 1.3578996935670502e-19j, F_py: 1.4778607347219405e-18j
Free_energy = -18430.717365630193
------------------------------------------
[{'stable': {'F_onsite': np.complex128(0.0014752427320360833+0.006652921948712517j), 'F_swave': np.complex128(-0.0013037232488613667-0.005879418233381629j)}, 'free': np.float64(-18430.717365630193)}, {'stable': {'F_onsite': np.complex128(-0.006814522109002823+0j), 'F_swave': np.complex128(0.006022229908650378+0j)}, 'free': np.float64(-18430.717365630193)}]
------------------------------------------
  Seed: s-wave+py
F_onsite: (-0.006814522109002823+0j)
F_swave: (0.006022229908650378+0j), F_dwave: (-3.903127820947816e-18+0j)
F_px: 1.3578996935670502e-19j, F_py: 1.4778607347219405e-18j
Free_energy = -18430.717365630193
------------------------------------------
[{'stable': {'F_onsite': np.complex128(0.0014752427320360833+0.006652921948712517j), 'F_swave': np.complex128(-0.0013037232488613667-0.005879418233381629j)}, 'free': np.float64(-18430.717365630193)}, {'stable': {'F_onsite': np.complex128(-0.006814522109002823+0j), 'F_swave': np.complex128(0.006022229908650378+0j)}, 'free': np.float64(-18430.717365630193)}]
------------------------------------------
====================================
mu=3.23, T=0.0760
====================================
  Seed: normal state
F_onsite: 0j
F_swave: 0j, F_dwave: 0j
F_px: 0j, F_py: 0j
Free_energy = -18430.221259339214
------------------------------------------
[{'stable': {}, 'free': np.float64(-18430.221259339214)}]
------------------------------------------
  Seed: px+i*py
F_onsite: (2.6816708707751195e-14+1.2093598230983893e-13j)
F_swave: (-2.3718426773965234e-14-1.0696357339801844e-13j), F_dwave: (-5.956499637708176e-21-1.0916272100142252e-21j)
F_px: (2.0233875919265162e-20+6.2350188281983895e-21j), F_py: (-1.5421505457797566e-20+2.5810768356918873e-21j)
Free_energy = -18430.221259339214
------------------------------------------
[{'stable': {}, 'free': np.float64(-18430.221259339214)}]
------------------------------------------
  Seed: s-wave
F_onsite: (-1.0662938154074629e-13+0j)
F_swave: (9.430988928366585e-14+0j), F_dwave: (-7.281825006305423e-22+0j)
F_px: -6.9346892959738275e-22j, F_py: -1.1446462420780587e-20j
Free_energy = -18430.221259339214
------------------------------------------
[{'stable': {}, 'free': np.float64(-18430.221259339214)}]
------------------------------------------
  Seed: s-wave+px
F_onsite: (-1.0662938154074629e-13+0j)
F_swave: (9.430988928366585e-14+0j), F_dwave: (-7.281825006305423e-22+0j)
F_px: -6.9346892959738275e-22j, F_py: -1.1446462420780587e-20j
Free_energy = -18430.221259339214
------------------------------------------
[{'stable': {}, 'free': np.float64(-18430.221259339214)}]
------------------------------------------
  Seed: s-wave+py
F_onsite: (-1.0662938154074629e-13+0j)
F_swave: (9.430988928366585e-14+0j), F_dwave: (-7.281825006305423e-22+0j)
F_px: -6.9346892959738275e-22j, F_py: -1.1446462420780587e-20j
Free_energy = -18430.221259339214
------------------------------------------
[{'stable': {}, 'free': np.float64(-18430.221259339214)}]
------------------------------------------
====================================
mu=3.23, T=0.0790
====================================
  Seed: normal state
F_onsite: 0j
F_swave: 0j, F_dwave: 0j
F_px: 0j, F_py: 0j
Free_energy = -18430.982109085362
------------------------------------------
[{'stable': {}, 'free': np.float64(-18430.982109085362)}]
------------------------------------------
  Seed: px+i*py
F_onsite: (9.797589934060665e-15+4.418490438750176e-14j)
F_swave: (-8.676977025786297e-15-3.913118318194548e-14j), F_dwave: (-8.00723744632197e-22+7.060017413622252e-21j)
F_px: (4.245139784599269e-21-2.5031675149514413e-20j), F_py: (7.922056192133664e-21-3.091655204749947e-21j)
Free_energy = -18430.982109085362
------------------------------------------
[{'stable': {}, 'free': np.float64(-18430.982109085362)}]
------------------------------------------
  Seed: s-wave
F_onsite: (-4.250790362657375e-14+0j)
F_swave: (3.764583854189248e-14+0j), F_dwave: (-8.577713794354938e-21+0j)
F_px: -3.8921244022119015e-20j, F_py: 5.2268714713352633e-20j
Free_energy = -18430.982109085362
------------------------------------------
[{'stable': {}, 'free': np.float64(-18430.982109085362)}]
------------------------------------------
  Seed: s-wave+px
F_onsite: (-4.250790362657375e-14+0j)
F_swave: (3.764583854189248e-14+0j), F_dwave: (-8.577713794354938e-21+0j)
F_px: -3.8921244022119015e-20j, F_py: 5.2268714713352633e-20j
Free_energy = -18430.982109085362
------------------------------------------
[{'stable': {}, 'free': np.float64(-18430.982109085362)}]
------------------------------------------
  Seed: s-wave+py
F_onsite: (-4.250790362657375e-14+0j)
F_swave: (3.764583854189248e-14+0j), F_dwave: (-8.577713794354938e-21+0j)
F_px: -3.8921244022119015e-20j, F_py: 5.2268714713352633e-20j
Free_energy = -18430.982109085362
------------------------------------------
[{'stable': {}, 'free': np.float64(-18430.982109085362)}]
------------------------------------------
====================================
mu=3.23, T=0.0820
====================================
  Seed: normal state
F_onsite: 0j
F_swave: 0j, F_dwave: 0j
F_px: 0j, F_py: 0j
Free_energy = -18431.772408314522
------------------------------------------
[{'stable': {}, 'free': np.float64(-18431.772408314522)}]
------------------------------------------
  Seed: px+i*py
F_onsite: (5.987107802675878e-15+2.7000518424959673e-14j)
F_swave: (-5.309207668026173e-15-2.3943336954721128e-14j), F_dwave: (7.476704649959221e-21-1.9952974940765337e-21j)
F_px: (1.5911506896197206e-20-3.9800199195990145e-22j), F_py: (1.6511281873515967e-20+1.2433458996637022e-21j)
Free_energy = -18431.772408314522
------------------------------------------
[{'stable': {}, 'free': np.float64(-18431.772408314522)}]
------------------------------------------
  Seed: s-wave
F_onsite: (-2.6899097185014703e-14+0j)
F_swave: (2.3853260228608912e-14+0j), F_dwave: (1.1848580482110611e-21+0j)
F_px: 2.1778783573368275e-20j, F_py: -4.0767404919431605e-20j
Free_energy = -18431.772408314522
------------------------------------------
[{'stable': {}, 'free': np.float64(-18431.772408314522)}]
------------------------------------------
  Seed: s-wave+px
F_onsite: (-2.6899097185014703e-14+0j)
F_swave: (2.3853260228608912e-14+0j), F_dwave: (1.1848580482110611e-21+0j)
F_px: 2.1778783573368275e-20j, F_py: -4.0767404919431605e-20j
Free_energy = -18431.772408314522
------------------------------------------
[{'stable': {}, 'free': np.float64(-18431.772408314522)}]
------------------------------------------
  Seed: s-wave+py
F_onsite: (-2.6899097185014703e-14+0j)
F_swave: (2.3853260228608912e-14+0j), F_dwave: (1.1848580482110611e-21+0j)
F_px: 2.1778783573368275e-20j, F_py: -4.0767404919431605e-20j
Free_energy = -18431.772408314522
------------------------------------------
[{'stable': {}, 'free': np.float64(-18431.772408314522)}]
------------------------------------------
====================================
mu=3.23, T=0.0850
====================================
  Seed: normal state
F_onsite: 0j
F_swave: 0j, F_dwave: 0j
F_px: 0j, F_py: 0j
Free_energy = -18432.5921457887
------------------------------------------
[{'stable': {}, 'free': np.float64(-18432.5921457887)}]
------------------------------------------
  Seed: px+i*py
F_onsite: (4.2727601414967204e-15+1.9269615679728985e-14j)
F_swave: (-3.793800447308416e-15-1.7109577889606183e-14j), F_dwave: (1.740079195602371e-21+1.2132897438167044e-21j)
F_px: (1.588276293000223e-20+1.7185950909562667e-20j), F_py: (2.340416150251377e-20-1.1735991107740178e-20j)
Free_energy = -18432.5921457887
------------------------------------------
[{'stable': {}, 'free': np.float64(-18432.5921457887)}]
------------------------------------------
  Seed: s-wave
F_onsite: (-1.9194145626786248e-14+0j)
F_swave: (1.7042411664156108e-14+0j), F_dwave: (-4.910438389631412e-21+0j)
F_px: 4.9614115692661346e-20j, F_py: -1.867804784325189e-21j
Free_energy = -18432.5921457887
------------------------------------------
[{'stable': {}, 'free': np.float64(-18432.5921457887)}]
------------------------------------------
  Seed: s-wave+px
F_onsite: (-1.9194145626786248e-14+0j)
F_swave: (1.7042411664156108e-14+0j), F_dwave: (-4.910438389631412e-21+0j)
F_px: 4.9614115692661346e-20j, F_py: -1.867804784325189e-21j
Free_energy = -18432.5921457887
------------------------------------------
[{'stable': {}, 'free': np.float64(-18432.5921457887)}]
------------------------------------------
  Seed: s-wave+py
F_onsite: (-1.9194145626786248e-14+0j)
F_swave: (1.7042411664156108e-14+0j), F_dwave: (-4.910438389631412e-21+0j)
F_px: 4.9614115692661346e-20j, F_py: -1.867804784325189e-21j
Free_energy = -18432.5921457887
------------------------------------------
[{'stable': {}, 'free': np.float64(-18432.5921457887)}]
------------------------------------------
====================================
mu=3.23, T=0.0880
====================================
  Seed: normal state
F_onsite: 0j
F_swave: 0j, F_dwave: 0j
F_px: 0j, F_py: 0j
Free_energy = -18433.441306441728
------------------------------------------
[{'stable': {}, 'free': np.float64(-18433.441306441728)}]
------------------------------------------
  Seed: px+i*py
F_onsite: (3.348212265677815e-15+1.5100285656791658e-14j)
F_swave: (-2.9766435015042792e-15-1.3424518442218282e-14j), F_dwave: (4.329362676522941e-21-1.9945927998967344e-21j)
F_px: (2.0649113790730084e-20-2.008541031055081e-20j), F_py: (-1.415062567064648e-20+2.676158953570662e-20j)
Free_energy = -18433.441306441728
------------------------------------------
[{'stable': {}, 'free': np.float64(-18433.441306441728)}]
------------------------------------------
  Seed: s-wave
F_onsite: (-1.5039398301488782e-14+0j)
F_swave: (1.3370378126720507e-14+0j), F_dwave: (-2.906426506907083e-21+0j)
F_px: 3.554721938932009e-21j, F_py: 1.4802337745319126e-20j
Free_energy = -18433.441306441728
------------------------------------------
[{'stable': {}, 'free': np.float64(-18433.441306441728)}]
------------------------------------------
  Seed: s-wave+px
F_onsite: (-1.5039398301488782e-14+0j)
F_swave: (1.3370378126720507e-14+0j), F_dwave: (-2.906426506907083e-21+0j)
F_px: 3.554721938932009e-21j, F_py: 1.4802337745319126e-20j
Free_energy = -18433.441306441728
------------------------------------------
[{'stable': {}, 'free': np.float64(-18433.441306441728)}]
------------------------------------------
  Seed: s-wave+py
F_onsite: (-1.5039398301488782e-14+0j)
F_swave: (1.3370378126720507e-14+0j), F_dwave: (-2.906426506907083e-21+0j)
F_px: 3.554721938932009e-21j, F_py: 1.4802337745319126e-20j
Free_energy = -18433.441306441728
------------------------------------------
[{'stable': {}, 'free': np.float64(-18433.441306441728)}]
------------------------------------------
====================================
mu=3.23, T=0.0910
====================================
  Seed: normal state
F_onsite: 0j
F_swave: 0j, F_dwave: 0j
F_px: 0j, F_py: 0j
Free_energy = -18434.319871076135
------------------------------------------
[{'stable': {}, 'free': np.float64(-18434.319871076135)}]
------------------------------------------
  Seed: px+i*py
F_onsite: (2.6862895493160105e-15+1.2114760618969495e-14j)
F_swave: (-2.3912115206622323e-15-1.078399744868575e-14j), F_dwave: (-4.309021769201667e-21-1.851912775947362e-21j)
F_px: (3.2885568904984186e-20-1.7447609875322066e-20j), F_py: (3.402930321334878e-20-3.510773531128166e-21j)
Free_energy = -18434.319871076135
------------------------------------------
[{'stable': {}, 'free': np.float64(-18434.319871076135)}]
------------------------------------------
  Seed: s-wave
F_onsite: (-1.2979359481629451e-14+0j)
F_swave: (1.1553615985847518e-14+0j), F_dwave: (2.930175917032065e-22+0j)
F_px: -3.4223340502208515e-21j, F_py: 2.271763194358426e-20j
Free_energy = -18434.319871076135
------------------------------------------
[{'stable': {}, 'free': np.float64(-18434.319871076135)}]
------------------------------------------
  Seed: s-wave+px
F_onsite: (-1.2979359481629451e-14+0j)
F_swave: (1.1553615985847518e-14+0j), F_dwave: (2.930175917032065e-22+0j)
F_px: -3.4223340502208515e-21j, F_py: 2.271763194358426e-20j
Free_energy = -18434.319871076135
------------------------------------------
[{'stable': {}, 'free': np.float64(-18434.319871076135)}]
------------------------------------------
  Seed: s-wave+py
F_onsite: (-1.2979359481629451e-14+0j)
F_swave: (1.1553615985847518e-14+0j), F_dwave: (2.930175917032065e-22+0j)
F_px: -3.4223340502208515e-21j, F_py: 2.271763194358426e-20j
Free_energy = -18434.319871076135
------------------------------------------
[{'stable': {}, 'free': np.float64(-18434.319871076135)}]
------------------------------------------
====================================
mu=3.23, T=0.0940
====================================
  Seed: normal state
F_onsite: 0j
F_swave: 0j, F_dwave: 0j
F_px: 0j, F_py: 0j
Free_energy = -18435.227816087925
------------------------------------------
[{'stable': {}, 'free': np.float64(-18435.227816087925)}]
------------------------------------------
  Seed: px+i*py
F_onsite: (2.2630642917765425e-15+1.0205836296664529e-14j)
F_swave: (-2.0169713970761216e-15-9.096031035304022e-15j), F_dwave: (-1.3090077546614548e-20+2.0990528123608622e-21j)
F_px: (4.4083767007595617e-20-1.449669690503947e-20j), F_py: (4.9589378554455183e-20+1.1284440734240617e-21j)
Free_energy = -18435.227816087925
------------------------------------------
[{'stable': {}, 'free': np.float64(-18435.227816087925)}]
------------------------------------------
  Seed: s-wave
F_onsite: (-1.0933658635570864e-14+0j)
F_swave: (9.744853930872409e-15+0j), F_dwave: (-1.367622700362283e-21+0j)
F_px: -2.8885555011464775e-20j, F_py: -1.4442952640589278e-20j
Free_energy = -18435.227816087925
------------------------------------------
[{'stable': {}, 'free': np.float64(-18435.227816087925)}]
------------------------------------------
  Seed: s-wave+px
F_onsite: (-1.0933658635570864e-14+0j)
F_swave: (9.744853930872409e-15+0j), F_dwave: (-1.367622700362283e-21+0j)
F_px: -2.8885555011464775e-20j, F_py: -1.4442952640589278e-20j
Free_energy = -18435.227816087925
------------------------------------------
[{'stable': {}, 'free': np.float64(-18435.227816087925)}]
------------------------------------------
  Seed: s-wave+py
F_onsite: (-1.0933658635570864e-14+0j)
F_swave: (9.744853930872409e-15+0j), F_dwave: (-1.367622700362283e-21+0j)
F_px: -2.8885555011464775e-20j, F_py: -1.4442952640589278e-20j
Free_energy = -18435.227816087925
------------------------------------------
[{'stable': {}, 'free': np.float64(-18435.227816087925)}]
------------------------------------------
====================================
mu=3.23, T=0.0970
====================================
  Seed: normal state
F_onsite: 0j
F_swave: 0j, F_dwave: 0j
F_px: 0j, F_py: 0j
Free_energy = -18436.165113223764
------------------------------------------
[{'stable': {}, 'free': np.float64(-18436.165113223764)}]
------------------------------------------
  Seed: px+i*py
F_onsite: (1.861743434257742e-15+8.395814843007894e-15j)
F_swave: (-1.6613418512465256e-15-7.492093957069224e-15j), F_dwave: (-5.815540210062791e-21-4.03773528058794e-21j)
F_px: (1.5759259046541116e-20+6.110068713417958e-21j), F_py: (2.5669673997524575e-20-5.170660367154722e-21j)
Free_energy = -18436.165113223764
------------------------------------------
[{'stable': {}, 'free': np.float64(-18436.165113223764)}]
------------------------------------------
  Seed: s-wave
F_onsite: (-8.994129245220239e-15+0j)
F_swave: (8.026006337035343e-15+0j), F_dwave: (-3.867620257598817e-21+0j)
F_px: -1.7238304427252853e-20j, F_py: 5.514021945278759e-21j
Free_energy = -18436.165113223764
------------------------------------------
[{'stable': {}, 'free': np.float64(-18436.165113223764)}]
------------------------------------------
  Seed: s-wave+px
F_onsite: (-8.994129245220239e-15+0j)
F_swave: (8.026006337035343e-15+0j), F_dwave: (-3.867620257598817e-21+0j)
F_px: -1.7238304427252853e-20j, F_py: 5.514021945278759e-21j
Free_energy = -18436.165113223764
------------------------------------------
[{'stable': {}, 'free': np.float64(-18436.165113223764)}]
------------------------------------------
  Seed: s-wave+py
F_onsite: (-8.994129245220239e-15+0j)
F_swave: (8.026006337035343e-15+0j), F_dwave: (-3.867620257598817e-21+0j)
F_px: -1.7238304427252853e-20j, F_py: 5.514021945278759e-21j
Free_energy = -18436.165113223764
------------------------------------------
[{'stable': {}, 'free': np.float64(-18436.165113223764)}]
------------------------------------------
====================================
mu=3.23, T=0.1000
====================================
  Seed: normal state
F_onsite: 0j
F_swave: 0j, F_dwave: 0j
F_px: 0j, F_py: 0j
Free_energy = -18437.13172938135
------------------------------------------
[{'stable': {}, 'free': np.float64(-18437.13172938135)}]
------------------------------------------
  Seed: px+i*py
F_onsite: (1.4963250160837382e-15+6.748180059945077e-15j)
F_swave: (-1.3368710646076736e-15-6.029074298304374e-15j), F_dwave: (2.184356132765579e-21+1.02077963690628e-20j)
F_px: (-4.542715081713541e-24+2.4808261297977554e-20j), F_py: (4.127158062143118e-20-1.3840697812426504e-20j)
Free_energy = -18437.13172938135
------------------------------------------
[{'stable': {}, 'free': np.float64(-18437.13172938135)}]
------------------------------------------
  Seed: s-wave
F_onsite: (-7.228325774998246e-15+0j)
F_swave: (6.458051041013476e-15+0j), F_dwave: (-4.815544276475672e-21+0j)
F_px: 4.112882289508252e-20j, F_py: 6.242840387818771e-21j
Free_energy = -18437.13172938135
------------------------------------------
[{'stable': {}, 'free': np.float64(-18437.13172938135)}]
------------------------------------------
  Seed: s-wave+px
F_onsite: (-7.228325774998246e-15+0j)
F_swave: (6.458051041013476e-15+0j), F_dwave: (-4.815544276475672e-21+0j)
F_px: 4.112882289508252e-20j, F_py: 6.242840387818771e-21j
Free_energy = -18437.13172938135
------------------------------------------
[{'stable': {}, 'free': np.float64(-18437.13172938135)}]
------------------------------------------
  Seed: s-wave+py
F_onsite: (-7.228325774998246e-15+0j)
F_swave: (6.458051041013476e-15+0j), F_dwave: (-4.815544276475672e-21+0j)
F_px: 4.112882289508252e-20j, F_py: 6.242840387818771e-21j
Free_energy = -18437.13172938135
------------------------------------------
[{'stable': {}, 'free': np.float64(-18437.13172938135)}]
------------------------------------------
