/home/emilssp/D1/venv/bin/python
Python 3.10.12
Running job 17 out of 25
====================================
mu=3.51, T=0.0010
====================================
  Seed: normal state
F_onsite: 0j
F_swave: 0j, F_dwave: 0j
F_px: 0j, F_py: 0j
Free_energy = -19838.44613745673
------------------------------------------
[{'stable': {}, 'free': np.float64(-19838.44613745673)}]
------------------------------------------
  Seed: px+i*py
F_onsite: (-0.008892598040351429-0.027276758240560285j)
F_swave: (0.008263465008521409+0.025346983664838944j), F_dwave: (1.214306433183765e-17-7.806255641895632e-18j)
F_px: (2.3418766925686896e-17+5.204170427930421e-18j), F_py: (3.122502256758253e-17+6.071532165918825e-17j)
Free_energy = -19867.043168741362
------------------------------------------
[{'stable': {'F_onsite': np.complex128(-0.008892598040351429-0.027276758240560285j), 'F_swave': np.complex128(0.008263465008521409+0.025346983664838944j)}, 'free': np.float64(-19867.043168741362)}]
------------------------------------------
  Seed: s-wave
F_onsite: (-0.028691909076068785+0j)
F_swave: (0.02666209223261656+0j), F_dwave: (-5.204170427930421e-18+0j)
F_px: 9.486769009248164e-20j, F_py: -3.392366953753473e-19j
Free_energy = -19867.049310258848
------------------------------------------
[{'stable': {'F_onsite': np.complex128(-0.008892598040351429-0.027276758240560285j), 'F_swave': np.complex128(0.008263465008521409+0.025346983664838944j)}, 'free': np.float64(-19867.043168741362)}, {'stable': {'F_onsite': np.complex128(-0.028691909076068785+0j), 'F_swave': np.complex128(0.02666209223261656+0j)}, 'free': np.float64(-19867.049310258848)}]
------------------------------------------
  Seed: s-wave+px
F_onsite: (-0.02869185700641599-1.026941321535778e-18j)
F_swave: (0.026662042023946245+2.166816158194907e-18j), F_dwave: (1.6046192152785466e-16+1.2515970586866355e-18j)
F_px: (1.1122683850339765e-10+1.4418618344636328e-18j), F_py: (5.204170427930421e-18+2.600391148070702e-19j)
Free_energy = -19867.04916438927
------------------------------------------
[{'stable': {'F_onsite': np.complex128(-0.008892598040351429-0.027276758240560285j), 'F_swave': np.complex128(0.008263465008521409+0.025346983664838944j)}, 'free': np.float64(-19867.043168741362)}, {'stable': {'F_onsite': np.complex128(-0.028691909076068785+0j), 'F_swave': np.complex128(0.02666209223261656+0j)}, 'free': np.float64(-19867.049310258848)}]
------------------------------------------
  Seed: s-wave+py
F_onsite: (-0.028691857006416008+1.935335252095727e-18j)
F_swave: (0.026662042023946276-2.0967241818096137e-18j), F_dwave: (-1.5612511283791264e-16-1.3796049128404417e-19j)
F_px: (-1.734723475976807e-18+1.3063365629029447e-18j), F_py: (1.1122681595199246e-10+1.4823076576950256e-20j)
Free_energy = -19867.049164389267
------------------------------------------
[{'stable': {'F_onsite': np.complex128(-0.008892598040351429-0.027276758240560285j), 'F_swave': np.complex128(0.008263465008521409+0.025346983664838944j)}, 'free': np.float64(-19867.043168741362)}, {'stable': {'F_onsite': np.complex128(-0.028691909076068785+0j), 'F_swave': np.complex128(0.02666209223261656+0j)}, 'free': np.float64(-19867.049310258848)}]
------------------------------------------
====================================
mu=3.51, T=0.0040
====================================
  Seed: normal state
F_onsite: 0j
F_swave: 0j, F_dwave: 0j
F_px: 0j, F_py: 0j
Free_energy = -19838.488483725025
------------------------------------------
[{'stable': {}, 'free': np.float64(-19838.488483725025)}]
------------------------------------------
  Seed: px+i*py
F_onsite: (-0.008892802477116398-0.027277385320766557j)
F_swave: (0.00826366213742549+0.025347588329239047j), F_dwave: (-3.903127820947816e-18-2.42861286636753e-17j)
F_px: (2.42861286636753e-17-5.0306980803327406e-17j), F_py: (1.1275702593849246e-17+3.469446951953614e-18j)
Free_energy = -19867.04501621361
------------------------------------------
[{'stable': {'F_onsite': np.complex128(-0.008892802477116398-0.027277385320766557j), 'F_swave': np.complex128(0.00826366213742549+0.025347588329239047j)}, 'free': np.float64(-19867.04501621361)}]
------------------------------------------
  Seed: s-wave
F_onsite: (-0.02869121736972252+0j)
F_swave: (0.02666142524875724+0j), F_dwave: (-2.6020852139652106e-17+0j)
F_px: -2.2433667608030144e-18j, F_py: 6.500977870176755e-19j
Free_energy = -19867.047372536734
------------------------------------------
[{'stable': {'F_onsite': np.complex128(-0.008892802477116398-0.027277385320766557j), 'F_swave': np.complex128(0.00826366213742549+0.025347588329239047j)}, 'free': np.float64(-19867.04501621361)}, {'stable': {'F_onsite': np.complex128(-0.02869121736972252+0j), 'F_swave': np.complex128(0.02666142524875724+0j)}, 'free': np.float64(-19867.047372536734)}]
------------------------------------------
  Seed: s-wave+px
F_onsite: (-0.02869119739275695-1.4491053990277538e-18j)
F_swave: (0.026661405985817926+1.9009536918754635e-18j), F_dwave: (3.469446951953614e-18+5.088550430630209e-19j)
F_px: (1.6333413788149898e-11+2.242096211382133e-18j), F_py: 8.555032767268433e-20j
Free_energy = -19867.047316575477
------------------------------------------
[{'stable': {'F_onsite': np.complex128(-0.008892802477116398-0.027277385320766557j), 'F_swave': np.complex128(0.00826366213742549+0.025347588329239047j)}, 'free': np.float64(-19867.04501621361)}, {'stable': {'F_onsite': np.complex128(-0.02869121736972252+0j), 'F_swave': np.complex128(0.02666142524875724+0j)}, 'free': np.float64(-19867.047372536734)}]
------------------------------------------
  Seed: s-wave+py
F_onsite: (-0.028691197392756985+1.7430478869387868e-18j)
F_swave: (0.02666140598581799-2.3295523631861395e-18j), F_dwave: (2.7755575615628914e-17-7.4920064184642865e-19j)
F_px: (-3.469446951953614e-18+1.617197654545273e-18j), F_py: (1.6333465829854177e-11+8.258571235729428e-21j)
Free_energy = -19867.04731657548
------------------------------------------
[{'stable': {'F_onsite': np.complex128(-0.008892802477116398-0.027277385320766557j), 'F_swave': np.complex128(0.00826366213742549+0.025347588329239047j)}, 'free': np.float64(-19867.04501621361)}, {'stable': {'F_onsite': np.complex128(-0.02869121736972252+0j), 'F_swave': np.complex128(0.02666142524875724+0j)}, 'free': np.float64(-19867.047372536734)}]
------------------------------------------
====================================
mu=3.51, T=0.0070
====================================
  Seed: normal state
F_onsite: 0j
F_swave: 0j, F_dwave: 0j
F_px: 0j, F_py: 0j
Free_energy = -19838.55024103813
------------------------------------------
[{'stable': {}, 'free': np.float64(-19838.55024103813)}]
------------------------------------------
  Seed: px+i*py
F_onsite: (-0.00889288090958134-0.027277625901008087j)
F_swave: (0.00826373776668075+0.025347820311040423j), F_dwave: (2.168404344971009e-18-4.163336342344337e-17j)
F_px: (1.734723475976807e-17-1.5439038936193583e-16j), F_py: (2.6020852139652106e-18+3.469446951953614e-18j)
Free_energy = -19867.045725058702
------------------------------------------
[{'stable': {'F_onsite': np.complex128(-0.00889288090958134-0.027277625901008087j), 'F_swave': np.complex128(0.00826373776668075+0.025347820311040423j)}, 'free': np.float64(-19867.045725058702)}]
------------------------------------------
  Seed: s-wave
F_onsite: (-0.02869095196850322+0j)
F_swave: (0.026661169334851253+0j), F_dwave: (-6.938893903907228e-18+0j)
F_px: -4.501980114656606e-19j, F_py: 9.740878893424454e-20j
Free_energy = -19867.046629112978
------------------------------------------
[{'stable': {'F_onsite': np.complex128(-0.00889288090958134-0.027277625901008087j), 'F_swave': np.complex128(0.00826373776668075+0.025347820311040423j)}, 'free': np.float64(-19867.045725058702)}, {'stable': {'F_onsite': np.complex128(-0.02869095196850322+0j), 'F_swave': np.complex128(0.026661169334851253+0j)}, 'free': np.float64(-19867.046629112978)}]
------------------------------------------
  Seed: s-wave+px
F_onsite: (-0.02869094430400497-1.4705330757593564e-18j)
F_swave: (0.026661161944307458+1.3102540902839958e-18j), F_dwave: (-1.3010426069826053e-17-9.709115157902418e-20j)
F_px: (2.398539700187996e-12-6.621680065160493e-19j), F_py: (1.734723475976807e-18-1.8422966602781032e-19j)
Free_energy = -19867.04660764304
------------------------------------------
[{'stable': {'F_onsite': np.complex128(-0.00889288090958134-0.027277625901008087j), 'F_swave': np.complex128(0.00826373776668075+0.025347820311040423j)}, 'free': np.float64(-19867.045725058702)}, {'stable': {'F_onsite': np.complex128(-0.02869095196850322+0j), 'F_swave': np.complex128(0.026661169334851253+0j)}, 'free': np.float64(-19867.046629112978)}]
------------------------------------------
  Seed: s-wave+py
F_onsite: (-0.02869094430400501+2.2781674165115413e-18j)
F_swave: (0.02666116194430751-2.748516034721798e-18j), F_dwave: (-1.734723475976807e-18-3.901645513290121e-19j)
F_px: (3.469446951953614e-18+8.106105305223654e-19j), F_py: (2.39852929184714e-12-1.979939514206927e-19j)
Free_energy = -19867.04660764304
------------------------------------------
[{'stable': {'F_onsite': np.complex128(-0.00889288090958134-0.027277625901008087j), 'F_swave': np.complex128(0.00826373776668075+0.025347820311040423j)}, 'free': np.float64(-19867.045725058702)}, {'stable': {'F_onsite': np.complex128(-0.02869095196850322+0j), 'F_swave': np.complex128(0.026661169334851253+0j)}, 'free': np.float64(-19867.046629112978)}]
------------------------------------------
====================================
mu=3.51, T=0.0100
====================================
  Seed: normal state
F_onsite: 0j
F_swave: 0j, F_dwave: 0j
F_px: 0j, F_py: 0j
Free_energy = -19838.629773258617
------------------------------------------
[{'stable': {}, 'free': np.float64(-19838.629773258617)}]
------------------------------------------
  Seed: px+i*py
F_onsite: (-0.008892908002966658-0.027277709006048752j)
F_swave: (0.008263764062161573+0.02534790096862458j), F_dwave: (1.1275702593849246e-17-7.806255641895632e-18j)
F_px: (3.209238430557093e-17+4.5102810375396984e-17j), F_py: (1.3877787807814457e-17-1.734723475976807e-18j)
Free_energy = -19867.04598798679
------------------------------------------
[{'stable': {'F_onsite': np.complex128(-0.008892908002966658-0.027277709006048752j), 'F_swave': np.complex128(0.008263764062161573+0.02534790096862458j)}, 'free': np.float64(-19867.04598798679)}]
------------------------------------------
  Seed: s-wave
F_onsite: (-0.028690840467388352+0j)
F_swave: (0.02666106236929259+0j), F_dwave: (-3.642919299551295e-17+0j)
F_px: 6.390863587033696e-18j, F_py: 7.199780051661553e-20j
Free_energy = -19867.04633484857
------------------------------------------
[{'stable': {'F_onsite': np.complex128(-0.008892908002966658-0.027277709006048752j), 'F_swave': np.complex128(0.008263764062161573+0.02534790096862458j)}, 'free': np.float64(-19867.04598798679)}, {'stable': {'F_onsite': np.complex128(-0.028690840467388352+0j), 'F_swave': np.complex128(0.02666106236929259+0j)}, 'free': np.float64(-19867.04633484857)}]
------------------------------------------
  Seed: s-wave+px
F_onsite: (-0.028690837526722707-1.010256331927211e-18j)
F_swave: (0.02666105953373854+2.200803355203486e-18j), F_dwave: (-1.8214596497756474e-17+1.3508057926337955e-18j)
F_px: (3.5217662119890747e-13+3.8539999100070665e-20j), F_py: (1.214306433183765e-17+1.198551620364835e-19j)
Free_energy = -19867.046326611217
------------------------------------------
[{'stable': {'F_onsite': np.complex128(-0.008892908002966658-0.027277709006048752j), 'F_swave': np.complex128(0.008263764062161573+0.02534790096862458j)}, 'free': np.float64(-19867.04598798679)}, {'stable': {'F_onsite': np.complex128(-0.028690840467388352+0j), 'F_swave': np.complex128(0.02666106236929259+0j)}, 'free': np.float64(-19867.04633484857)}]
------------------------------------------
  Seed: s-wave+py
F_onsite: (-0.02869083752672271+2.1391865123555645e-18j)
F_swave: (0.02666105953373854-2.3963620869008224e-18j), F_dwave: (5.204170427930421e-18-1.6083038085991028e-19j)
F_px: (3.469446951953614e-18-2.499170710873813e-18j), F_py: (3.522564184788024e-13-3.212372452461934e-19j)
Free_energy = -19867.046326611217
------------------------------------------
[{'stable': {'F_onsite': np.complex128(-0.008892908002966658-0.027277709006048752j), 'F_swave': np.complex128(0.008263764062161573+0.02534790096862458j)}, 'free': np.float64(-19867.04598798679)}, {'stable': {'F_onsite': np.complex128(-0.028690840467388352+0j), 'F_swave': np.complex128(0.02666106236929259+0j)}, 'free': np.float64(-19867.04633484857)}]
------------------------------------------
====================================
mu=3.51, T=0.0130
====================================
  Seed: normal state
F_onsite: 0j
F_swave: 0j, F_dwave: 0j
F_px: 0j, F_py: 0j
Free_energy = -19838.731320136532
------------------------------------------
[{'stable': {}, 'free': np.float64(-19838.731320136532)}]
------------------------------------------
  Seed: px+i*py
F_onsite: (-0.00889283326804237-0.02727747976747857j)
F_swave: (0.008263696842112015+0.025347694780845403j), F_dwave: (-3.946495907847236e-17-3.209238430557093e-17j)
F_px: (6.245004513516506e-17-8.500145032286355e-17j), F_py: (4.336808689942018e-18-1.734723475976807e-18j)
Free_energy = -19867.045832738317
------------------------------------------
[{'stable': {'F_onsite': np.complex128(-0.00889283326804237-0.02727747976747857j), 'F_swave': np.complex128(0.008263696842112015+0.025347694780845403j)}, 'free': np.float64(-19867.045832738317)}]
------------------------------------------
  Seed: s-wave
F_onsite: (-0.02869052304633211+0j)
F_swave: (0.02666077192019253+0j), F_dwave: (-4.163336342344337e-17+0j)
F_px: -3.8370592510619805e-19j, F_py: 1.266314256145179e-19j
Free_energy = -19867.04596583169
------------------------------------------
[{'stable': {'F_onsite': np.complex128(-0.00889283326804237-0.02727747976747857j), 'F_swave': np.complex128(0.008263696842112015+0.025347694780845403j)}, 'free': np.float64(-19867.045832738317)}, {'stable': {'F_onsite': np.complex128(-0.02869052304633211+0j), 'F_swave': np.complex128(0.02666077192019253+0j)}, 'free': np.float64(-19867.04596583169)}]
------------------------------------------
  Seed: s-wave+px
F_onsite: (-0.028690521917845605-2.691070467915785e-18j)
F_swave: (0.02666077083205396+4.055487872335183e-18j), F_dwave: (-5.377642775528102e-17+1.9855511074824868e-18j)
F_px: (5.164271787982955e-14+4.002230675776569e-19j), F_py: -1.4208977690190888e-19j
Free_energy = -19867.045962671164
------------------------------------------
[{'stable': {'F_onsite': np.complex128(-0.00889283326804237-0.02727747976747857j), 'F_swave': np.complex128(0.008263696842112015+0.025347694780845403j)}, 'free': np.float64(-19867.045832738317)}, {'stable': {'F_onsite': np.complex128(-0.02869052304633211+0j), 'F_swave': np.complex128(0.02666077192019253+0j)}, 'free': np.float64(-19867.04596583169)}]
------------------------------------------
  Seed: s-wave+py
F_onsite: (-0.028690521917845612+2.477348848433099e-18j)
F_swave: (0.026660770832053995-2.1078414892423264e-18j), F_dwave: (6.245004513516506e-17+3.756591121072822e-19j)
F_px: (-5.204170427930421e-18+9.740878893424454e-20j), F_py: (5.1687820690204944e-14-6.979551485375435e-19j)
Free_energy = -19867.045962671164
------------------------------------------
[{'stable': {'F_onsite': np.complex128(-0.00889283326804237-0.02727747976747857j), 'F_swave': np.complex128(0.008263696842112015+0.025347694780845403j)}, 'free': np.float64(-19867.045832738317)}, {'stable': {'F_onsite': np.complex128(-0.02869052304633211+0j), 'F_swave': np.complex128(0.02666077192019253+0j)}, 'free': np.float64(-19867.04596583169)}]
------------------------------------------
====================================
mu=3.51, T=0.0160
====================================
  Seed: normal state
F_onsite: 0j
F_swave: 0j, F_dwave: 0j
F_px: 0j, F_py: 0j
Free_energy = -19838.85923117407
------------------------------------------
[{'stable': {}, 'free': np.float64(-19838.85923117407)}]
------------------------------------------
  Seed: px+i*py
F_onsite: (-0.00889215087692592-0.027275386631431392j)
F_swave: (0.008263076118286378+0.025345790800293456j), F_dwave: (-8.239936510889834e-18-2.0816681711721685e-17j)
F_px: (1.9081958235744878e-17-7.45931094670027e-17j), F_py: (-8.673617379884035e-19-1.0408340855860843e-17j)
Free_energy = -19867.043724630912
------------------------------------------
[{'stable': {'F_onsite': np.complex128(-0.00889215087692592-0.027275386631431392j), 'F_swave': np.complex128(0.008263076118286378+0.025345790800293456j)}, 'free': np.float64(-19867.043724630912)}]
------------------------------------------
  Seed: s-wave
F_onsite: (-0.028688292223118063+0j)
F_swave: (0.026658741096013648+0j), F_dwave: (-1.734723475976807e-17+0j)
F_px: 4.413041655194905e-19j, F_py: 7.682588831596504e-19j
Free_energy = -19867.043775730966
------------------------------------------
[{'stable': {'F_onsite': np.complex128(-0.00889215087692592-0.027275386631431392j), 'F_swave': np.complex128(0.008263076118286378+0.025345790800293456j)}, 'free': np.float64(-19867.043724630912)}, {'stable': {'F_onsite': np.complex128(-0.028688292223118063+0j), 'F_swave': np.complex128(0.026658741096013648+0j)}, 'free': np.float64(-19867.043775730966)}]
------------------------------------------
  Seed: s-wave+px
F_onsite: (-0.028688291789529315-5.490233090273364e-18j)
F_swave: (0.026658740677952483+4.94349603841291e-18j), F_dwave: (-5.898059818321144e-17+1.401839527705867e-19j)
F_px: (7.658804146437603e-15+2.2482372002497267e-18j), F_py: -2.9434394917086937e-20j
Free_energy = -19867.043774517446
------------------------------------------
[{'stable': {'F_onsite': np.complex128(-0.00889215087692592-0.027275386631431392j), 'F_swave': np.complex128(0.008263076118286378+0.025345790800293456j)}, 'free': np.float64(-19867.043724630912)}, {'stable': {'F_onsite': np.complex128(-0.028688292223118063+0j), 'F_swave': np.complex128(0.026658741096013648+0j)}, 'free': np.float64(-19867.043775730966)}]
------------------------------------------
  Seed: s-wave+py
F_onsite: (-0.02868829178952934+7.198114094013307e-19j)
F_swave: (0.026658740677952486-7.320482246645291e-19j), F_dwave: (1.3010426069826053e-17+2.7316812548951186e-19j)
F_px: (1.734723475976807e-18+6.625915229896764e-19j), F_py: (7.672681934245418e-15-1.6728900708272432e-20j)
Free_energy = -19867.043774517446
------------------------------------------
[{'stable': {'F_onsite': np.complex128(-0.00889215087692592-0.027275386631431392j), 'F_swave': np.complex128(0.008263076118286378+0.025345790800293456j)}, 'free': np.float64(-19867.043724630912)}, {'stable': {'F_onsite': np.complex128(-0.028688292223118063+0j), 'F_swave': np.complex128(0.026658741096013648+0j)}, 'free': np.float64(-19867.043775730966)}]
------------------------------------------
====================================
mu=3.51, T=0.0190
====================================
  Seed: normal state
F_onsite: 0j
F_swave: 0j, F_dwave: 0j
F_px: 0j, F_py: 0j
Free_energy = -19839.01598975108
------------------------------------------
[{'stable': {}, 'free': np.float64(-19839.01598975108)}]
------------------------------------------
  Seed: px+i*py
F_onsite: (-0.008888162358527942-0.02726315242815585j)
F_swave: (0.008259372657334774+0.02533443096950268j), F_dwave: (8.673617379884035e-19-1.9949319973733282e-17j)
F_px: (-1.5612511283791264e-17+5.0306980803327406e-17j), F_py: (-5.204170427930421e-18-5.204170427930421e-18j)
Free_energy = -19867.0234290213
------------------------------------------
[{'stable': {'F_onsite': np.complex128(-0.008888162358527942-0.02726315242815585j), 'F_swave': np.complex128(0.008259372657334774+0.02533443096950268j)}, 'free': np.float64(-19867.0234290213)}]
------------------------------------------
  Seed: s-wave
F_onsite: (-0.028675407707388932+0j)
F_swave: (0.026646776839079254+0j), F_dwave: (-2.7755575615628914e-17+0j)
F_px: -1.1235892045328294e-18j, F_py: 2.8926175148734357e-19j
Free_energy = -19867.023433730334
------------------------------------------
[{'stable': {'F_onsite': np.complex128(-0.008888162358527942-0.02726315242815585j), 'F_swave': np.complex128(0.008259372657334774+0.02533443096950268j)}, 'free': np.float64(-19867.0234290213)}, {'stable': {'F_onsite': np.complex128(-0.028675407707388932+0j), 'F_swave': np.complex128(0.026646776839079254+0j)}, 'free': np.float64(-19867.023433730334)}]
------------------------------------------
  Seed: s-wave+px
F_onsite: (-0.028675407667324848-3.2370478260027095e-18j)
F_swave: (0.02664677680045796+2.301812034163561e-18j), F_dwave: (-1.474514954580286e-17-9.609588786600037e-19j)
F_px: (7.632783294297951e-17+1.2934193104573166e-18j), F_py: (-5.204170427930421e-18-2.2996944517954254e-19j)
Free_energy = -19867.02343361863
------------------------------------------
[{'stable': {'F_onsite': np.complex128(-0.008888162358527942-0.02726315242815585j), 'F_swave': np.complex128(0.008259372657334774+0.02533443096950268j)}, 'free': np.float64(-19867.0234290213)}, {'stable': {'F_onsite': np.complex128(-0.028675407707388932+0j), 'F_swave': np.complex128(0.026646776839079254+0j)}, 'free': np.float64(-19867.023433730334)}]
------------------------------------------
  Seed: s-wave+py
F_onsite: (-0.028675407667324834-1.1908462288505378e-19j)
F_swave: (0.026646776800457975+4.1271680354965784e-19j), F_dwave: (-1.9081958235744878e-17+2.31239994600424e-19j)
F_px: (-1.734723475976807e-18+3.134233663077725e-18j), F_py: (5.204170427930421e-17-2.534746094658494e-19j)
Free_energy = -19867.02343361863
------------------------------------------
[{'stable': {'F_onsite': np.complex128(-0.008888162358527942-0.02726315242815585j), 'F_swave': np.complex128(0.008259372657334774+0.02533443096950268j)}, 'free': np.float64(-19867.0234290213)}, {'stable': {'F_onsite': np.complex128(-0.028675407707388932+0j), 'F_swave': np.complex128(0.026646776839079254+0j)}, 'free': np.float64(-19867.023433730334)}]
------------------------------------------
====================================
mu=3.51, T=0.0220
====================================
  Seed: normal state
F_onsite: 0j
F_swave: 0j, F_dwave: 0j
F_px: 0j, F_py: 0j
Free_energy = -19839.202543551724
------------------------------------------
[{'stable': {}, 'free': np.float64(-19839.202543551724)}]
------------------------------------------
  Seed: px+i*py
F_onsite: (-0.008878023467342105-0.027232052845958202j)
F_swave: (0.008249958607184499+0.02530555473233926j), F_dwave: (-1.474514954580286e-17-3.382710778154774e-17j)
F_px: (1.734723475976807e-18-6.071532165918825e-17j), F_py: (-6.938893903907228e-18+1.734723475976807e-18j)
Free_energy = -19866.972516712936
------------------------------------------
[{'stable': {'F_onsite': np.complex128(-0.008878023467342105-0.027232052845958202j), 'F_swave': np.complex128(0.008249958607184499+0.02530555473233926j)}, 'free': np.float64(-19866.972516712936)}]
------------------------------------------
  Seed: s-wave
F_onsite: (-0.02864269551630657+0j)
F_swave: (0.02661640322261189+0j), F_dwave: (8.673617379884035e-18+0j)
F_px: -3.06880036790233e-18j, F_py: -5.293955920339377e-20j
Free_energy = -19866.972516884856
------------------------------------------
[{'stable': {'F_onsite': np.complex128(-0.008878023467342105-0.027232052845958202j), 'F_swave': np.complex128(0.008249958607184499+0.02530555473233926j)}, 'free': np.float64(-19866.972516712936)}, {'stable': {'F_onsite': np.complex128(-0.02864269551630657+0j), 'F_swave': np.complex128(0.02661640322261189+0j)}, 'free': np.float64(-19866.972516884856)}]
------------------------------------------
  Seed: s-wave+px
F_onsite: (-0.02864269551483551-2.1528677239313964e-18j)
F_swave: (0.026616403221194566+2.2471784090656588e-18j), F_dwave: (-6.938893903907228e-18+1.7110065534536867e-19j)
F_px: (-1.734723475976807e-18+1.0312626132821107e-18j), F_py: 3.629536178984677e-19j
Free_energy = -19866.97251688082
------------------------------------------
[{'stable': {'F_onsite': np.complex128(-0.008878023467342105-0.027232052845958202j), 'F_swave': np.complex128(0.008249958607184499+0.02530555473233926j)}, 'free': np.float64(-19866.972516712936)}, {'stable': {'F_onsite': np.complex128(-0.02864269551630657+0j), 'F_swave': np.complex128(0.02661640322261189+0j)}, 'free': np.float64(-19866.972516884856)}]
------------------------------------------
  Seed: s-wave+py
F_onsite: (-0.02864269551483551-1.4334526166017696e-18j)
F_swave: (0.026616403221194566+1.2194098066909721e-18j), F_dwave: (-6.938893903907228e-18+1.2250213999665319e-19j)
F_px: (-1.734723475976807e-18+1.918741383767804e-18j), F_py: -7.072725109573408e-20j
Free_energy = -19866.97251688082
------------------------------------------
[{'stable': {'F_onsite': np.complex128(-0.008878023467342105-0.027232052845958202j), 'F_swave': np.complex128(0.008249958607184499+0.02530555473233926j)}, 'free': np.float64(-19866.972516712936)}, {'stable': {'F_onsite': np.complex128(-0.02864269551630657+0j), 'F_swave': np.complex128(0.02661640322261189+0j)}, 'free': np.float64(-19866.972516884856)}]
------------------------------------------
====================================
mu=3.51, T=0.0250
====================================
  Seed: normal state
F_onsite: 0j
F_swave: 0j, F_dwave: 0j
F_px: 0j, F_py: 0j
Free_energy = -19839.419012095077
------------------------------------------
[{'stable': {}, 'free': np.float64(-19839.419012095077)}]
------------------------------------------
  Seed: px+i*py
F_onsite: (-0.008858095324632938-0.027170926150655708j)
F_swave: (0.008231459836955758+0.025248812430372088j), F_dwave: (-1.0842021724855044e-17+9.540979117872439e-18j)
F_px: (-2.6020852139652106e-17+2.7755575615628914e-17j), F_py: (-2.6020852139652106e-18+1.734723475976807e-18j)
Free_energy = -19866.874401667937
------------------------------------------
[{'stable': {'F_onsite': np.complex128(-0.008858095324632938-0.027170926150655708j), 'F_swave': np.complex128(0.008231459836955758+0.025248812430372088j)}, 'free': np.float64(-19866.874401667937)}]
------------------------------------------
  Seed: s-wave
F_onsite: (-0.028578402347761524+0j)
F_swave: (0.026556721564763183+0j), F_dwave: (2.42861286636753e-17+0j)
F_px: 1.7529346843427746e-18j, F_py: 4.62479989200848e-19j
Free_energy = -19866.8744016721
------------------------------------------
[{'stable': {'F_onsite': np.complex128(-0.008858095324632938-0.027170926150655708j), 'F_swave': np.complex128(0.008231459836955758+0.025248812430372088j)}, 'free': np.float64(-19866.874401667937)}, {'stable': {'F_onsite': np.complex128(-0.028578402347761524+0j), 'F_swave': np.complex128(0.026556721564763183+0j)}, 'free': np.float64(-19866.8744016721)}]
------------------------------------------
  Seed: s-wave+px
F_onsite: (-0.028578402347725972-6.354743009142354e-20j)
F_swave: (0.026556721564728842+6.140988867593677e-20j), F_dwave: (-6.938893903907228e-18-4.701032857261367e-20j)
F_px: 1.734723475976807e-18j, F_py: -7.115076756936123e-20j
Free_energy = -19866.87440167198
------------------------------------------
[{'stable': {'F_onsite': np.complex128(-0.008858095324632938-0.027170926150655708j), 'F_swave': np.complex128(0.008231459836955758+0.025248812430372088j)}, 'free': np.float64(-19866.874401667937)}, {'stable': {'F_onsite': np.complex128(-0.028578402347761524+0j), 'F_swave': np.complex128(0.026556721564763183+0j)}, 'free': np.float64(-19866.8744016721)}]
------------------------------------------
  Seed: s-wave+py
F_onsite: (-0.028578402347725972+0j)
F_swave: (0.026556721564728842+0j), F_dwave: (-6.938893903907228e-18+0j)
F_px: 7.411538288475128e-20j, F_py: -2.574980159653073e-19j
Free_energy = -19866.874401671983
------------------------------------------
[{'stable': {'F_onsite': np.complex128(-0.008858095324632938-0.027170926150655708j), 'F_swave': np.complex128(0.008231459836955758+0.025248812430372088j)}, 'free': np.float64(-19866.874401667937)}, {'stable': {'F_onsite': np.complex128(-0.028578402347761524+0j), 'F_swave': np.complex128(0.026556721564763183+0j)}, 'free': np.float64(-19866.8744016721)}]
------------------------------------------
====================================
mu=3.51, T=0.0280
====================================
  Seed: normal state
F_onsite: 0j
F_swave: 0j, F_dwave: 0j
F_px: 0j, F_py: 0j
Free_energy = -19839.66517414275
------------------------------------------
[{'stable': {}, 'free': np.float64(-19839.66517414275)}]
------------------------------------------
  Seed: px+i*py
F_onsite: (-0.008824246007226767-0.027067098265564363j)
F_swave: (0.00820002735476253+0.02515239783771931j), F_dwave: (-6.5052130349130266e-18-4.5102810375396984e-17j)
F_px: (7.806255641895632e-18-8.326672684688674e-17j), F_py: (-2.6020852139652106e-18-3.469446951953614e-18j)
Free_energy = -19866.709154786862
------------------------------------------
[{'stable': {'F_onsite': np.complex128(-0.008824246007226767-0.027067098265564363j), 'F_swave': np.complex128(0.00820002735476253+0.02515239783771931j)}, 'free': np.float64(-19866.709154786862)}]
------------------------------------------
  Seed: s-wave
F_onsite: (-0.02846919609182329+0j)
F_swave: (0.02645531261592992+0j), F_dwave: (-1.9081958235744878e-17+0j)
F_px: -2.0400788534619824e-18j, F_py: -1.122318655111948e-19j
Free_energy = -19866.70915478689
------------------------------------------
[{'stable': {'F_onsite': np.complex128(-0.008824246007226767-0.027067098265564363j), 'F_swave': np.complex128(0.00820002735476253+0.02515239783771931j)}, 'free': np.float64(-19866.709154786862)}, {'stable': {'F_onsite': np.complex128(-0.02846919609182329+0j), 'F_swave': np.complex128(0.02645531261592992+0j)}, 'free': np.float64(-19866.70915478689)}]
------------------------------------------
  Seed: s-wave+px
F_onsite: (-0.028469196091822902+0j)
F_swave: (0.026455312615929562+0j), F_dwave: (-3.122502256758253e-17+0j)
F_px: -2.104453357453309e-18j, F_py: -8.067988822597211e-19j
Free_energy = -19866.70915478689
------------------------------------------
[{'stable': {'F_onsite': np.complex128(-0.008824246007226767-0.027067098265564363j), 'F_swave': np.complex128(0.00820002735476253+0.02515239783771931j)}, 'free': np.float64(-19866.709154786862)}, {'stable': {'F_onsite': np.complex128(-0.02846919609182329+0j), 'F_swave': np.complex128(0.02645531261592992+0j)}, 'free': np.float64(-19866.70915478689)}]
------------------------------------------
  Seed: s-wave+py
F_onsite: (-0.028469196091822902+0j)
F_swave: (0.026455312615929562+0j), F_dwave: (-3.122502256758253e-17+0j)
F_px: -2.104453357453309e-18j, F_py: -8.067988822597211e-19j
Free_energy = -19866.70915478689
------------------------------------------
[{'stable': {'F_onsite': np.complex128(-0.008824246007226767-0.027067098265564363j), 'F_swave': np.complex128(0.00820002735476253+0.02515239783771931j)}, 'free': np.float64(-19866.709154786862)}, {'stable': {'F_onsite': np.complex128(-0.02846919609182329+0j), 'F_swave': np.complex128(0.02645531261592992+0j)}, 'free': np.float64(-19866.70915478689)}]
------------------------------------------
====================================
mu=3.51, T=0.0310
====================================
  Seed: normal state
F_onsite: 0j
F_swave: 0j, F_dwave: 0j
F_px: 0j, F_py: 0j
Free_energy = -19839.940720347375
------------------------------------------
[{'stable': {}, 'free': np.float64(-19839.940720347375)}]
------------------------------------------
  Seed: px+i*py
F_onsite: (-0.008773377224111117-0.02691106563114813j)
F_swave: (0.0081527972650052+0.025007526368869788j), F_dwave: (-1.431146867680866e-17+3.209238430557093e-17j)
F_px: (-1.0408340855860843e-17+4.683753385137379e-17j), F_py: (-7.806255641895632e-18+1.734723475976807e-18j)
Free_energy = -19866.466063788568
------------------------------------------
[{'stable': {'F_onsite': np.complex128(-0.008773377224111117-0.02691106563114813j), 'F_swave': np.complex128(0.0081527972650052+0.025007526368869788j)}, 'free': np.float64(-19866.466063788568)}]
------------------------------------------
  Seed: s-wave
F_onsite: (-0.02830508083932129+0j)
F_swave: (0.026302936686499405+0j), F_dwave: (7.979727989493313e-17+0j)
F_px: -4.30970363562988e-18j, F_py: -5.929230630780102e-20j
Free_energy = -19866.466063788568
------------------------------------------
[{'stable': {'F_onsite': np.complex128(-0.008773377224111117-0.02691106563114813j), 'F_swave': np.complex128(0.0081527972650052+0.025007526368869788j)}, 'free': np.float64(-19866.466063788568)}, {'stable': {'F_onsite': np.complex128(-0.02830508083932129+0j), 'F_swave': np.complex128(0.026302936686499405+0j)}, 'free': np.float64(-19866.466063788568)}]
------------------------------------------
  Seed: s-wave+px
F_onsite: (-0.02830508083932129+0j)
F_swave: (0.026302936686499405+0j), F_dwave: (7.979727989493313e-17+0j)
F_px: -4.30970363562988e-18j, F_py: -5.929230630780102e-20j
Free_energy = -19866.466063788568
------------------------------------------
[{'stable': {'F_onsite': np.complex128(-0.008773377224111117-0.02691106563114813j), 'F_swave': np.complex128(0.0081527972650052+0.025007526368869788j)}, 'free': np.float64(-19866.466063788568)}, {'stable': {'F_onsite': np.complex128(-0.02830508083932129+0j), 'F_swave': np.complex128(0.026302936686499405+0j)}, 'free': np.float64(-19866.466063788568)}]
------------------------------------------
  Seed: s-wave+py
F_onsite: (-0.02830508083932129+0j)
F_swave: (0.026302936686499405+0j), F_dwave: (7.979727989493313e-17+0j)
F_px: -4.30970363562988e-18j, F_py: -5.929230630780102e-20j
Free_energy = -19866.466063788568
------------------------------------------
[{'stable': {'F_onsite': np.complex128(-0.008773377224111117-0.02691106563114813j), 'F_swave': np.complex128(0.0081527972650052+0.025007526368869788j)}, 'free': np.float64(-19866.466063788568)}, {'stable': {'F_onsite': np.complex128(-0.02830508083932129+0j), 'F_swave': np.complex128(0.026302936686499405+0j)}, 'free': np.float64(-19866.466063788568)}]
------------------------------------------
====================================
mu=3.51, T=0.0340
====================================
  Seed: normal state
F_onsite: 0j
F_swave: 0j, F_dwave: 0j
F_px: 0j, F_py: 0j
Free_energy = -19840.245361336907
------------------------------------------
[{'stable': {}, 'free': np.float64(-19840.245361336907)}]
------------------------------------------
  Seed: px+i*py
F_onsite: (-0.008702167898287361-0.026692641324083374j)
F_swave: (0.008086679179927923+0.024804718706384583j), F_dwave: (1.1709383462843448e-17+2.949029909160572e-17j)
F_px: (-6.938893903907228e-18-5.898059818321144e-17j), F_py: (8.673617379884035e-19+0j)
Free_energy = -19866.132428349327
------------------------------------------
[{'stable': {'F_onsite': np.complex128(-0.008702167898287361-0.026692641324083374j), 'F_swave': np.complex128(0.008086679179927923+0.024804718706384583j)}, 'free': np.float64(-19866.132428349327)}]
------------------------------------------
  Seed: s-wave
F_onsite: (-0.02807534197451826+0j)
F_swave: (0.026089623421236725+0j), F_dwave: (6.071532165918825e-17+0j)
F_px: 1.5831045784182873e-18j, F_py: 3.6845933205562065e-19j
Free_energy = -19866.132428349327
------------------------------------------
[{'stable': {'F_onsite': np.complex128(-0.008702167898287361-0.026692641324083374j), 'F_swave': np.complex128(0.008086679179927923+0.024804718706384583j)}, 'free': np.float64(-19866.132428349327)}, {'stable': {'F_onsite': np.complex128(-0.02807534197451826+0j), 'F_swave': np.complex128(0.026089623421236725+0j)}, 'free': np.float64(-19866.132428349327)}]
------------------------------------------
  Seed: s-wave+px
F_onsite: (-0.02807534197451826+0j)
F_swave: (0.026089623421236725+0j), F_dwave: (6.071532165918825e-17+0j)
F_px: 1.5831045784182873e-18j, F_py: 3.6845933205562065e-19j
Free_energy = -19866.132428349327
------------------------------------------
[{'stable': {'F_onsite': np.complex128(-0.008702167898287361-0.026692641324083374j), 'F_swave': np.complex128(0.008086679179927923+0.024804718706384583j)}, 'free': np.float64(-19866.132428349327)}, {'stable': {'F_onsite': np.complex128(-0.02807534197451826+0j), 'F_swave': np.complex128(0.026089623421236725+0j)}, 'free': np.float64(-19866.132428349327)}]
------------------------------------------
  Seed: s-wave+py
F_onsite: (-0.02807534197451826+0j)
F_swave: (0.026089623421236725+0j), F_dwave: (6.071532165918825e-17+0j)
F_px: 1.5831045784182873e-18j, F_py: 3.6845933205562065e-19j
Free_energy = -19866.132428349327
------------------------------------------
[{'stable': {'F_onsite': np.complex128(-0.008702167898287361-0.026692641324083374j), 'F_swave': np.complex128(0.008086679179927923+0.024804718706384583j)}, 'free': np.float64(-19866.132428349327)}, {'stable': {'F_onsite': np.complex128(-0.02807534197451826+0j), 'F_swave': np.complex128(0.026089623421236725+0j)}, 'free': np.float64(-19866.132428349327)}]
------------------------------------------
====================================
mu=3.51, T=0.0370
====================================
  Seed: normal state
F_onsite: 0j
F_swave: 0j, F_dwave: 0j
F_px: 0j, F_py: 0j
Free_energy = -19840.578862623996
------------------------------------------
[{'stable': {}, 'free': np.float64(-19840.578862623996)}]
------------------------------------------
  Seed: px+i*py
F_onsite: (-0.008607732416749638-0.02640297414385719j)
F_swave: (0.00799899233813317+0.0245357520024296j), F_dwave: (-2.7755575615628914e-17+4.683753385137379e-17j)
F_px: (5.0306980803327406e-17+9.020562075079397e-17j), F_py: (-1.734723475976807e-18-3.469446951953614e-18j)
Free_energy = -19865.69980101031
------------------------------------------
[{'stable': {'F_onsite': np.complex128(-0.008607732416749638-0.02640297414385719j), 'F_swave': np.complex128(0.00799899233813317+0.0245357520024296j)}, 'free': np.float64(-19865.69980101031)}]
------------------------------------------
  Seed: s-wave
F_onsite: (-0.027770669797460148+0j)
F_swave: (0.025806724022049643+0j), F_dwave: (4.85722573273506e-17+0j)
F_px: 7.652942678442604e-19j, F_py: 6.649208635946258e-20j
Free_energy = -19865.69980101031
------------------------------------------
[{'stable': {'F_onsite': np.complex128(-0.008607732416749638-0.02640297414385719j), 'F_swave': np.complex128(0.00799899233813317+0.0245357520024296j)}, 'free': np.float64(-19865.69980101031)}, {'stable': {'F_onsite': np.complex128(-0.027770669797460148+0j), 'F_swave': np.complex128(0.025806724022049643+0j)}, 'free': np.float64(-19865.69980101031)}]
------------------------------------------
  Seed: s-wave+px
F_onsite: (-0.027770669797460148+0j)
F_swave: (0.025806724022049643+0j), F_dwave: (4.85722573273506e-17+0j)
F_px: 7.652942678442604e-19j, F_py: 6.649208635946258e-20j
Free_energy = -19865.69980101031
------------------------------------------
[{'stable': {'F_onsite': np.complex128(-0.008607732416749638-0.02640297414385719j), 'F_swave': np.complex128(0.00799899233813317+0.0245357520024296j)}, 'free': np.float64(-19865.69980101031)}, {'stable': {'F_onsite': np.complex128(-0.027770669797460148+0j), 'F_swave': np.complex128(0.025806724022049643+0j)}, 'free': np.float64(-19865.69980101031)}]
------------------------------------------
  Seed: s-wave+py
F_onsite: (-0.027770669797460148+0j)
F_swave: (0.025806724022049643+0j), F_dwave: (4.85722573273506e-17+0j)
F_px: 7.652942678442604e-19j, F_py: 6.649208635946258e-20j
Free_energy = -19865.69980101031
------------------------------------------
[{'stable': {'F_onsite': np.complex128(-0.008607732416749638-0.02640297414385719j), 'F_swave': np.complex128(0.00799899233813317+0.0245357520024296j)}, 'free': np.float64(-19865.69980101031)}, {'stable': {'F_onsite': np.complex128(-0.027770669797460148+0j), 'F_swave': np.complex128(0.025806724022049643+0j)}, 'free': np.float64(-19865.69980101031)}]
------------------------------------------
====================================
mu=3.51, T=0.0400
====================================
  Seed: normal state
F_onsite: 0j
F_swave: 0j, F_dwave: 0j
F_px: 0j, F_py: 0j
Free_energy = -19840.941047164957
------------------------------------------
[{'stable': {}, 'free': np.float64(-19840.941047164957)}]
------------------------------------------
  Seed: px+i*py
F_onsite: (-0.00848732129897107-0.02603363045664528j)
F_swave: (0.00788718172396119+0.024192789116031926j), F_dwave: (6.938893903907228e-18+3.903127820947816e-17j)
F_px: (9.540979117872439e-18-4.336808689942018e-17j), F_py: (5.204170427930421e-18-1.734723475976807e-18j)
Free_energy = -19865.16203288516
------------------------------------------
[{'stable': {'F_onsite': np.complex128(-0.00848732129897107-0.02603363045664528j), 'F_swave': np.complex128(0.00788718172396119+0.024192789116031926j)}, 'free': np.float64(-19865.16203288516)}]
------------------------------------------
  Seed: s-wave
F_onsite: (-0.0273821938051929+0j)
F_swave: (0.025445995377653824+0j), F_dwave: (1.734723475976807e-18+0j)
F_px: -2.0853951161400874e-18j, F_py: 8.470329472543003e-22j
Free_energy = -19865.16203288516
------------------------------------------
[{'stable': {'F_onsite': np.complex128(-0.00848732129897107-0.02603363045664528j), 'F_swave': np.complex128(0.00788718172396119+0.024192789116031926j)}, 'free': np.float64(-19865.16203288516)}, {'stable': {'F_onsite': np.complex128(-0.0273821938051929+0j), 'F_swave': np.complex128(0.025445995377653824+0j)}, 'free': np.float64(-19865.16203288516)}]
------------------------------------------
  Seed: s-wave+px
F_onsite: (-0.0273821938051929+0j)
F_swave: (0.025445995377653824+0j), F_dwave: (1.734723475976807e-18+0j)
F_px: -2.0853951161400874e-18j, F_py: 8.470329472543003e-22j
Free_energy = -19865.16203288516
------------------------------------------
[{'stable': {'F_onsite': np.complex128(-0.00848732129897107-0.02603363045664528j), 'F_swave': np.complex128(0.00788718172396119+0.024192789116031926j)}, 'free': np.float64(-19865.16203288516)}, {'stable': {'F_onsite': np.complex128(-0.0273821938051929+0j), 'F_swave': np.complex128(0.025445995377653824+0j)}, 'free': np.float64(-19865.16203288516)}]
------------------------------------------
  Seed: s-wave+py
F_onsite: (-0.0273821938051929+0j)
F_swave: (0.025445995377653824+0j), F_dwave: (1.734723475976807e-18+0j)
F_px: -2.0853951161400874e-18j, F_py: 8.470329472543003e-22j
Free_energy = -19865.16203288516
------------------------------------------
[{'stable': {'F_onsite': np.complex128(-0.00848732129897107-0.02603363045664528j), 'F_swave': np.complex128(0.00788718172396119+0.024192789116031926j)}, 'free': np.float64(-19865.16203288516)}, {'stable': {'F_onsite': np.complex128(-0.0273821938051929+0j), 'F_swave': np.complex128(0.025445995377653824+0j)}, 'free': np.float64(-19865.16203288516)}]
------------------------------------------
====================================
mu=3.51, T=0.0430
====================================
  Seed: normal state
F_onsite: 0j
F_swave: 0j, F_dwave: 0j
F_px: 0j, F_py: 0j
Free_energy = -19841.33178585377
------------------------------------------
[{'stable': {}, 'free': np.float64(-19841.33178585377)}]
------------------------------------------
  Seed: px+i*py
F_onsite: (-0.008338169700928084-0.025576129503319386j)
F_swave: (0.0077486773081440925+0.023767946854147622j), F_dwave: (1.1058862159352145e-17-1.3877787807814457e-17j)
F_px: (-3.5128150388530344e-17+4.5102810375396984e-17j), F_py: (4.336808689942018e-19+6.938893903907228e-18j)
Free_energy = -19864.51481096682
------------------------------------------
[{'stable': {'F_onsite': np.complex128(-0.008338169700928084-0.025576129503319386j), 'F_swave': np.complex128(0.0077486773081440925+0.023767946854147622j)}, 'free': np.float64(-19864.51481096682)}]
------------------------------------------
  Seed: s-wave
F_onsite: (-0.026900993928329772+0j)
F_swave: (0.02499914593915836+0j), F_dwave: (-4.683753385137379e-17+0j)
F_px: -2.7871619129402753e-18j, F_py: 1.6093625997831706e-20j
Free_energy = -19864.51481096682
------------------------------------------
[{'stable': {'F_onsite': np.complex128(-0.008338169700928084-0.025576129503319386j), 'F_swave': np.complex128(0.0077486773081440925+0.023767946854147622j)}, 'free': np.float64(-19864.51481096682)}, {'stable': {'F_onsite': np.complex128(-0.026900993928329772+0j), 'F_swave': np.complex128(0.02499914593915836+0j)}, 'free': np.float64(-19864.51481096682)}]
------------------------------------------
  Seed: s-wave+px
F_onsite: (-0.026900993928329772+0j)
F_swave: (0.02499914593915836+0j), F_dwave: (-4.683753385137379e-17+0j)
F_px: -2.7871619129402753e-18j, F_py: 1.6093625997831706e-20j
Free_energy = -19864.51481096682
------------------------------------------
[{'stable': {'F_onsite': np.complex128(-0.008338169700928084-0.025576129503319386j), 'F_swave': np.complex128(0.0077486773081440925+0.023767946854147622j)}, 'free': np.float64(-19864.51481096682)}, {'stable': {'F_onsite': np.complex128(-0.026900993928329772+0j), 'F_swave': np.complex128(0.02499914593915836+0j)}, 'free': np.float64(-19864.51481096682)}]
------------------------------------------
  Seed: s-wave+py
F_onsite: (-0.026900993928329772+0j)
F_swave: (0.02499914593915836+0j), F_dwave: (-4.683753385137379e-17+0j)
F_px: -2.7871619129402753e-18j, F_py: 1.6093625997831706e-20j
Free_energy = -19864.51481096682
------------------------------------------
[{'stable': {'F_onsite': np.complex128(-0.008338169700928084-0.025576129503319386j), 'F_swave': np.complex128(0.0077486773081440925+0.023767946854147622j)}, 'free': np.float64(-19864.51481096682)}, {'stable': {'F_onsite': np.complex128(-0.026900993928329772+0j), 'F_swave': np.complex128(0.02499914593915836+0j)}, 'free': np.float64(-19864.51481096682)}]
------------------------------------------
====================================
mu=3.51, T=0.0460
====================================
  Seed: normal state
F_onsite: 0j
F_swave: 0j, F_dwave: 0j
F_px: 0j, F_py: 0j
Free_energy = -19841.750985070194
------------------------------------------
[{'stable': {}, 'free': np.float64(-19841.750985070194)}]
------------------------------------------
  Seed: px+i*py
F_onsite: (-0.008157076148759207-0.0250206512258774j)
F_swave: (0.00758049709796724+0.02325207838544758j), F_dwave: (6.938893903907228e-18+1.3010426069826053e-17j)
F_px: (-5.204170427930421e-18-3.8163916471489756e-17j), F_py: (-1.734723475976807e-18-5.204170427930421e-18j)
Free_energy = -19863.75346871632
------------------------------------------
[{'stable': {'F_onsite': np.complex128(-0.008157076148759207-0.0250206512258774j), 'F_swave': np.complex128(0.00758049709796724+0.02325207838544758j)}, 'free': np.float64(-19863.75346871632)}]
------------------------------------------
  Seed: s-wave
F_onsite: (-0.0263167414218338+0j)
F_swave: (0.024456555061890595+0j), F_dwave: (-4.163336342344337e-17+0j)
F_px: 3.1848438816761693e-18j, F_py: -8.385626177817573e-20j
Free_energy = -19863.753468716317
------------------------------------------
[{'stable': {'F_onsite': np.complex128(-0.008157076148759207-0.0250206512258774j), 'F_swave': np.complex128(0.00758049709796724+0.02325207838544758j)}, 'free': np.float64(-19863.75346871632)}, {'stable': {'F_onsite': np.complex128(-0.0263167414218338+0j), 'F_swave': np.complex128(0.024456555061890595+0j)}, 'free': np.float64(-19863.753468716317)}]
------------------------------------------
  Seed: s-wave+px
F_onsite: (-0.0263167414218338+0j)
F_swave: (0.024456555061890595+0j), F_dwave: (-4.163336342344337e-17+0j)
F_px: 3.1848438816761693e-18j, F_py: -8.385626177817573e-20j
Free_energy = -19863.753468716317
------------------------------------------
[{'stable': {'F_onsite': np.complex128(-0.008157076148759207-0.0250206512258774j), 'F_swave': np.complex128(0.00758049709796724+0.02325207838544758j)}, 'free': np.float64(-19863.75346871632)}, {'stable': {'F_onsite': np.complex128(-0.0263167414218338+0j), 'F_swave': np.complex128(0.024456555061890595+0j)}, 'free': np.float64(-19863.753468716317)}]
------------------------------------------
  Seed: s-wave+py
F_onsite: (-0.0263167414218338+0j)
F_swave: (0.024456555061890595+0j), F_dwave: (-4.163336342344337e-17+0j)
F_px: 3.1848438816761693e-18j, F_py: -8.385626177817573e-20j
Free_energy = -19863.753468716317
------------------------------------------
[{'stable': {'F_onsite': np.complex128(-0.008157076148759207-0.0250206512258774j), 'F_swave': np.complex128(0.00758049709796724+0.02325207838544758j)}, 'free': np.float64(-19863.75346871632)}, {'stable': {'F_onsite': np.complex128(-0.0263167414218338+0j), 'F_swave': np.complex128(0.024456555061890595+0j)}, 'free': np.float64(-19863.753468716317)}]
------------------------------------------
====================================
mu=3.51, T=0.0490
====================================
  Seed: normal state
F_onsite: 0j
F_swave: 0j, F_dwave: 0j
F_px: 0j, F_py: 0j
Free_energy = -19842.198574936756
------------------------------------------
[{'stable': {}, 'free': np.float64(-19842.198574936756)}]
------------------------------------------
  Seed: px+i*py
F_onsite: (-0.007940934316695786-0.024357667419332228j)
F_swave: (0.007379758101462903+0.022636340549074256j), F_dwave: (6.5052130349130266e-18+2.168404344971009e-17j)
F_px: (1.214306433183765e-17+4.163336342344337e-17j), F_py: (-3.469446951953614e-18-1.734723475976807e-18j)
Free_energy = -19862.877954360596
------------------------------------------
[{'stable': {'F_onsite': np.complex128(-0.007940934316695786-0.024357667419332228j), 'F_swave': np.complex128(0.007379758101462903+0.022636340549074256j)}, 'free': np.float64(-19862.877954360596)}]
------------------------------------------
  Seed: s-wave
F_onsite: (-0.02561941451190644+0j)
F_swave: (0.02380892150202892+0j), F_dwave: (-2.6020852139652106e-17+0j)
F_px: 2.6939882887423022e-18j, F_py: -1.393369198233324e-19j
Free_energy = -19862.877954360596
------------------------------------------
[{'stable': {'F_onsite': np.complex128(-0.007940934316695786-0.024357667419332228j), 'F_swave': np.complex128(0.007379758101462903+0.022636340549074256j)}, 'free': np.float64(-19862.877954360596)}, {'stable': {'F_onsite': np.complex128(-0.02561941451190644+0j), 'F_swave': np.complex128(0.02380892150202892+0j)}, 'free': np.float64(-19862.877954360596)}]
------------------------------------------
  Seed: s-wave+px
F_onsite: (-0.02561941451190644+0j)
F_swave: (0.02380892150202892+0j), F_dwave: (-2.6020852139652106e-17+0j)
F_px: 2.6939882887423022e-18j, F_py: -1.393369198233324e-19j
Free_energy = -19862.877954360596
------------------------------------------
[{'stable': {'F_onsite': np.complex128(-0.007940934316695786-0.024357667419332228j), 'F_swave': np.complex128(0.007379758101462903+0.022636340549074256j)}, 'free': np.float64(-19862.877954360596)}, {'stable': {'F_onsite': np.complex128(-0.02561941451190644+0j), 'F_swave': np.complex128(0.02380892150202892+0j)}, 'free': np.float64(-19862.877954360596)}]
------------------------------------------
  Seed: s-wave+py
F_onsite: (-0.02561941451190644+0j)
F_swave: (0.02380892150202892+0j), F_dwave: (-2.6020852139652106e-17+0j)
F_px: 2.6939882887423022e-18j, F_py: -1.393369198233324e-19j
Free_energy = -19862.877954360596
------------------------------------------
[{'stable': {'F_onsite': np.complex128(-0.007940934316695786-0.024357667419332228j), 'F_swave': np.complex128(0.007379758101462903+0.022636340549074256j)}, 'free': np.float64(-19862.877954360596)}, {'stable': {'F_onsite': np.complex128(-0.02561941451190644+0j), 'F_swave': np.complex128(0.02380892150202892+0j)}, 'free': np.float64(-19862.877954360596)}]
------------------------------------------
====================================
mu=3.51, T=0.0520
====================================
  Seed: normal state
F_onsite: 0j
F_swave: 0j, F_dwave: 0j
F_px: 0j, F_py: 0j
Free_energy = -19842.674499461555
------------------------------------------
[{'stable': {}, 'free': np.float64(-19842.674499461555)}]
------------------------------------------
  Seed: px+i*py
F_onsite: (-0.007685768169632316-0.023574982171101877j)
F_swave: (0.007142762015296511+0.021909389334481243j), F_dwave: (1.0408340855860843e-17+6.938893903907228e-18j)
F_px: (-4.2934406030425976e-17-3.642919299551295e-17j), F_py: 3.469446951953614e-18j
Free_energy = -19861.887154366777
------------------------------------------
[{'stable': {'F_onsite': np.complex128(-0.007685768169632316-0.023574982171101877j), 'F_swave': np.complex128(0.007142762015296511+0.021909389334481243j)}, 'free': np.float64(-19861.887154366777)}]
------------------------------------------
  Seed: s-wave
F_onsite: (-0.024796185527719894+0j)
F_swave: (0.023044313620002727+0j), F_dwave: (-2.42861286636753e-17+0j)
F_px: 1.6157153468875779e-18j, F_py: 2.1599340154984659e-19j
Free_energy = -19861.887154366777
------------------------------------------
[{'stable': {'F_onsite': np.complex128(-0.007685768169632316-0.023574982171101877j), 'F_swave': np.complex128(0.007142762015296511+0.021909389334481243j)}, 'free': np.float64(-19861.887154366777)}, {'stable': {'F_onsite': np.complex128(-0.024796185527719894+0j), 'F_swave': np.complex128(0.023044313620002727+0j)}, 'free': np.float64(-19861.887154366777)}]
------------------------------------------
  Seed: s-wave+px
F_onsite: (-0.024796185527719894+0j)
F_swave: (0.023044313620002727+0j), F_dwave: (-2.42861286636753e-17+0j)
F_px: 1.6157153468875779e-18j, F_py: 2.1599340154984659e-19j
Free_energy = -19861.887154366777
------------------------------------------
[{'stable': {'F_onsite': np.complex128(-0.007685768169632316-0.023574982171101877j), 'F_swave': np.complex128(0.007142762015296511+0.021909389334481243j)}, 'free': np.float64(-19861.887154366777)}, {'stable': {'F_onsite': np.complex128(-0.024796185527719894+0j), 'F_swave': np.complex128(0.023044313620002727+0j)}, 'free': np.float64(-19861.887154366777)}]
------------------------------------------
  Seed: s-wave+py
F_onsite: (-0.024796185527719894+0j)
F_swave: (0.023044313620002727+0j), F_dwave: (-2.42861286636753e-17+0j)
F_px: 1.6157153468875779e-18j, F_py: 2.1599340154984659e-19j
Free_energy = -19861.887154366777
------------------------------------------
[{'stable': {'F_onsite': np.complex128(-0.007685768169632316-0.023574982171101877j), 'F_swave': np.complex128(0.007142762015296511+0.021909389334481243j)}, 'free': np.float64(-19861.887154366777)}, {'stable': {'F_onsite': np.complex128(-0.024796185527719894+0j), 'F_swave': np.complex128(0.023044313620002727+0j)}, 'free': np.float64(-19861.887154366777)}]
------------------------------------------
====================================
mu=3.51, T=0.0550
====================================
  Seed: normal state
F_onsite: 0j
F_swave: 0j, F_dwave: 0j
F_px: 0j, F_py: 0j
Free_energy = -19843.17870872523
------------------------------------------
[{'stable': {}, 'free': np.float64(-19843.17870872523)}]
------------------------------------------
  Seed: px+i*py
F_onsite: (-0.0073866726653276414-0.022657549973588594j)
F_swave: (0.006864946797670772+0.021057231338320492j), F_dwave: (-3.0357660829594124e-18+8.673617379884035e-19j)
F_px: (1.691355389077387e-17+1.214306433183765e-17j), F_py: (2.6020852139652106e-18-5.204170427930421e-18j)
Free_energy = -19860.78076636017
------------------------------------------
[{'stable': {'F_onsite': np.complex128(-0.0073866726653276414-0.022657549973588594j), 'F_swave': np.complex128(0.006864946797670772+0.021057231338320492j)}, 'free': np.float64(-19860.78076636017)}]
------------------------------------------
  Seed: s-wave
F_onsite: (-0.023831229592078448+0j)
F_swave: (0.022148013142726776+0j), F_dwave: (-1.0234868508263162e-16+0j)
F_px: 1.0249098661777034e-18j, F_py: 3.375426294808387e-19j
Free_energy = -19860.78076636017
------------------------------------------
[{'stable': {'F_onsite': np.complex128(-0.0073866726653276414-0.022657549973588594j), 'F_swave': np.complex128(0.006864946797670772+0.021057231338320492j)}, 'free': np.float64(-19860.78076636017)}, {'stable': {'F_onsite': np.complex128(-0.023831229592078448+0j), 'F_swave': np.complex128(0.022148013142726776+0j)}, 'free': np.float64(-19860.78076636017)}]
------------------------------------------
  Seed: s-wave+px
F_onsite: (-0.023831229592078448+0j)
F_swave: (0.022148013142726776+0j), F_dwave: (-1.0234868508263162e-16+0j)
F_px: 1.0249098661777034e-18j, F_py: 3.375426294808387e-19j
Free_energy = -19860.78076636017
------------------------------------------
[{'stable': {'F_onsite': np.complex128(-0.0073866726653276414-0.022657549973588594j), 'F_swave': np.complex128(0.006864946797670772+0.021057231338320492j)}, 'free': np.float64(-19860.78076636017)}, {'stable': {'F_onsite': np.complex128(-0.023831229592078448+0j), 'F_swave': np.complex128(0.022148013142726776+0j)}, 'free': np.float64(-19860.78076636017)}]
------------------------------------------
  Seed: s-wave+py
F_onsite: (-0.023831229592078448+0j)
F_swave: (0.022148013142726776+0j), F_dwave: (-1.0234868508263162e-16+0j)
F_px: 1.0249098661777034e-18j, F_py: 3.375426294808387e-19j
Free_energy = -19860.78076636017
------------------------------------------
[{'stable': {'F_onsite': np.complex128(-0.0073866726653276414-0.022657549973588594j), 'F_swave': np.complex128(0.006864946797670772+0.021057231338320492j)}, 'free': np.float64(-19860.78076636017)}, {'stable': {'F_onsite': np.complex128(-0.023831229592078448+0j), 'F_swave': np.complex128(0.022148013142726776+0j)}, 'free': np.float64(-19860.78076636017)}]
------------------------------------------
====================================
mu=3.51, T=0.0580
====================================
  Seed: normal state
F_onsite: 0j
F_swave: 0j, F_dwave: 0j
F_px: 0j, F_py: 0j
Free_energy = -19843.71115289366
------------------------------------------
[{'stable': {}, 'free': np.float64(-19843.71115289366)}]
------------------------------------------
  Seed: px+i*py
F_onsite: (-0.0070367612444946605-0.021584247302269925j)
F_swave: (0.0065399009830147915+0.02006020031732446j), F_dwave: (1.5178830414797062e-18-2.168404344971009e-17j)
F_px: (-4.336808689942018e-18+1.214306433183765e-17j), F_py: (-1.3010426069826053e-18+1.734723475976807e-18j)
Free_energy = -19859.55614561591
------------------------------------------
[{'stable': {'F_onsite': np.complex128(-0.0070367612444946605-0.021584247302269925j), 'F_swave': np.complex128(0.0065399009830147915+0.02006020031732446j)}, 'free': np.float64(-19859.55614561591)}]
------------------------------------------
  Seed: s-wave
F_onsite: (-0.022702328964614035+0j)
F_swave: (0.021099335099448495+0j), F_dwave: (6.418476861114186e-17+0j)
F_px: -9.64347010449021e-19j, F_py: 1.4145450219146816e-19j
Free_energy = -19859.55614561591
------------------------------------------
[{'stable': {'F_onsite': np.complex128(-0.0070367612444946605-0.021584247302269925j), 'F_swave': np.complex128(0.0065399009830147915+0.02006020031732446j)}, 'free': np.float64(-19859.55614561591)}, {'stable': {'F_onsite': np.complex128(-0.022702328964614035+0j), 'F_swave': np.complex128(0.021099335099448495+0j)}, 'free': np.float64(-19859.55614561591)}]
------------------------------------------
  Seed: s-wave+px
F_onsite: (-0.022702328964614035+0j)
F_swave: (0.021099335099448495+0j), F_dwave: (6.418476861114186e-17+0j)
F_px: -9.64347010449021e-19j, F_py: 1.4145450219146816e-19j
Free_energy = -19859.55614561591
------------------------------------------
[{'stable': {'F_onsite': np.complex128(-0.0070367612444946605-0.021584247302269925j), 'F_swave': np.complex128(0.0065399009830147915+0.02006020031732446j)}, 'free': np.float64(-19859.55614561591)}, {'stable': {'F_onsite': np.complex128(-0.022702328964614035+0j), 'F_swave': np.complex128(0.021099335099448495+0j)}, 'free': np.float64(-19859.55614561591)}]
------------------------------------------
  Seed: s-wave+py
F_onsite: (-0.022702328964614035+0j)
F_swave: (0.021099335099448495+0j), F_dwave: (6.418476861114186e-17+0j)
F_px: -9.64347010449021e-19j, F_py: 1.4145450219146816e-19j
Free_energy = -19859.55614561591
------------------------------------------
[{'stable': {'F_onsite': np.complex128(-0.0070367612444946605-0.021584247302269925j), 'F_swave': np.complex128(0.0065399009830147915+0.02006020031732446j)}, 'free': np.float64(-19859.55614561591)}, {'stable': {'F_onsite': np.complex128(-0.022702328964614035+0j), 'F_swave': np.complex128(0.021099335099448495+0j)}, 'free': np.float64(-19859.55614561591)}]
------------------------------------------
====================================
mu=3.51, T=0.0610
====================================
  Seed: normal state
F_onsite: 0j
F_swave: 0j, F_dwave: 0j
F_px: 0j, F_py: 0j
Free_energy = -19844.271777754257
------------------------------------------
[{'stable': {}, 'free': np.float64(-19844.271777754257)}]
------------------------------------------
  Seed: px+i*py
F_onsite: (-0.006627891566917612-0.020330098706262876j)
F_swave: (0.0061600597987128795+0.018895092425683185j), F_dwave: (6.5052130349130266e-18-2.42861286636753e-17j)
F_px: (-1.7780915628762273e-17-2.0816681711721685e-17j), F_py: (-2.6020852139652106e-18+0j)
Free_energy = -19858.216930239865
------------------------------------------
[{'stable': {'F_onsite': np.complex128(-0.006627891566917612-0.020330098706262876j), 'F_swave': np.complex128(0.0061600597987128795+0.018895092425683185j)}, 'free': np.float64(-19858.216930239865)}]
------------------------------------------
  Seed: s-wave
F_onsite: (-0.02138321444566281+0j)
F_swave: (0.01987387366616845+0j), F_dwave: (-1.9081958235744878e-17+0j)
F_px: -2.4595719205896746e-18j, F_py: -6.124048208648591e-19j
Free_energy = -19858.21693023986
------------------------------------------
[{'stable': {'F_onsite': np.complex128(-0.006627891566917612-0.020330098706262876j), 'F_swave': np.complex128(0.0061600597987128795+0.018895092425683185j)}, 'free': np.float64(-19858.216930239865)}, {'stable': {'F_onsite': np.complex128(-0.02138321444566281+0j), 'F_swave': np.complex128(0.01987387366616845+0j)}, 'free': np.float64(-19858.21693023986)}]
------------------------------------------
  Seed: s-wave+px
F_onsite: (-0.02138321444566281+0j)
F_swave: (0.01987387366616845+0j), F_dwave: (-1.9081958235744878e-17+0j)
F_px: -2.4595719205896746e-18j, F_py: -6.124048208648591e-19j
Free_energy = -19858.21693023986
------------------------------------------
[{'stable': {'F_onsite': np.complex128(-0.006627891566917612-0.020330098706262876j), 'F_swave': np.complex128(0.0061600597987128795+0.018895092425683185j)}, 'free': np.float64(-19858.216930239865)}, {'stable': {'F_onsite': np.complex128(-0.02138321444566281+0j), 'F_swave': np.complex128(0.01987387366616845+0j)}, 'free': np.float64(-19858.21693023986)}]
------------------------------------------
  Seed: s-wave+py
F_onsite: (-0.02138321444566281+0j)
F_swave: (0.01987387366616845+0j), F_dwave: (-1.9081958235744878e-17+0j)
F_px: -2.4595719205896746e-18j, F_py: -6.124048208648591e-19j
Free_energy = -19858.21693023986
------------------------------------------
[{'stable': {'F_onsite': np.complex128(-0.006627891566917612-0.020330098706262876j), 'F_swave': np.complex128(0.0061600597987128795+0.018895092425683185j)}, 'free': np.float64(-19858.216930239865)}, {'stable': {'F_onsite': np.complex128(-0.02138321444566281+0j), 'F_swave': np.complex128(0.01987387366616845+0j)}, 'free': np.float64(-19858.21693023986)}]
------------------------------------------
====================================
mu=3.51, T=0.0640
====================================
  Seed: normal state
F_onsite: 0j
F_swave: 0j, F_dwave: 0j
F_px: 0j, F_py: 0j
Free_energy = -19844.860521486287
------------------------------------------
[{'stable': {}, 'free': np.float64(-19844.860521486287)}]
------------------------------------------
  Seed: px+i*py
F_onsite: (-0.00614721568516663-0.018855694965185917j)
F_swave: (0.005713470549124583+0.01752524449838705j), F_dwave: (3.903127820947816e-18-1.9949319973733282e-17j)
F_px: (-2.3418766925686896e-17-5.204170427930421e-18j), F_py: (2.6020852139652106e-18+1.734723475976807e-18j)
Free_energy = -19856.761834972058
------------------------------------------
[{'stable': {'F_onsite': np.complex128(-0.00614721568516663-0.018855694965185917j), 'F_swave': np.complex128(0.005713470549124583+0.01752524449838705j)}, 'free': np.float64(-19856.761834972058)}]
------------------------------------------
  Seed: s-wave
F_onsite: (-0.019832435384997318+0j)
F_swave: (0.018433066495945914+0j), F_dwave: 0j
F_px: -2.511240930372187e-18j, F_py: 1.079967007749233e-20j
Free_energy = -19856.761834972058
------------------------------------------
[{'stable': {'F_onsite': np.complex128(-0.00614721568516663-0.018855694965185917j), 'F_swave': np.complex128(0.005713470549124583+0.01752524449838705j)}, 'free': np.float64(-19856.761834972058)}, {'stable': {'F_onsite': np.complex128(-0.019832435384997318+0j), 'F_swave': np.complex128(0.018433066495945914+0j)}, 'free': np.float64(-19856.761834972058)}]
------------------------------------------
  Seed: s-wave+px
F_onsite: (-0.019832435384997318+0j)
F_swave: (0.018433066495945914+0j), F_dwave: 0j
F_px: -2.511240930372187e-18j, F_py: 1.079967007749233e-20j
Free_energy = -19856.761834972058
------------------------------------------
[{'stable': {'F_onsite': np.complex128(-0.00614721568516663-0.018855694965185917j), 'F_swave': np.complex128(0.005713470549124583+0.01752524449838705j)}, 'free': np.float64(-19856.761834972058)}, {'stable': {'F_onsite': np.complex128(-0.019832435384997318+0j), 'F_swave': np.complex128(0.018433066495945914+0j)}, 'free': np.float64(-19856.761834972058)}]
------------------------------------------
  Seed: s-wave+py
F_onsite: (-0.019832435384997318+0j)
F_swave: (0.018433066495945914+0j), F_dwave: 0j
F_px: -2.511240930372187e-18j, F_py: 1.079967007749233e-20j
Free_energy = -19856.761834972058
------------------------------------------
[{'stable': {'F_onsite': np.complex128(-0.00614721568516663-0.018855694965185917j), 'F_swave': np.complex128(0.005713470549124583+0.01752524449838705j)}, 'free': np.float64(-19856.761834972058)}, {'stable': {'F_onsite': np.complex128(-0.019832435384997318+0j), 'F_swave': np.complex128(0.018433066495945914+0j)}, 'free': np.float64(-19856.761834972058)}]
------------------------------------------
====================================
mu=3.51, T=0.0670
====================================
  Seed: normal state
F_onsite: 0j
F_swave: 0j, F_dwave: 0j
F_px: 0j, F_py: 0j
Free_energy = -19845.47731241702
------------------------------------------
[{'stable': {}, 'free': np.float64(-19845.47731241702)}]
------------------------------------------
  Seed: px+i*py
F_onsite: (-0.005575600329098323-0.017102347540359022j)
F_swave: (0.005182341953730226+0.015896084355818737j), F_dwave: (5.421010862427522e-18-1.734723475976807e-17j)
F_px: (-2.42861286636753e-17+3.2959746043559335e-17j), F_py: (4.336808689942018e-19-3.469446951953614e-18j)
Free_energy = -19855.192004715227
------------------------------------------
[{'stable': {'F_onsite': np.complex128(-0.005575600329098323-0.017102347540359022j), 'F_swave': np.complex128(0.005182341953730226+0.015896084355818737j)}, 'free': np.float64(-19855.192004715227)}]
------------------------------------------
  Seed: s-wave
F_onsite: (-0.017988263129637166+0j)
F_swave: (0.016719514525628303+0j), F_dwave: (8.673617379884035e-18+0j)
F_px: -1.1614939289224593e-18j, F_py: -9.783230540787169e-20j
Free_energy = -19855.192004715227
------------------------------------------
[{'stable': {'F_onsite': np.complex128(-0.005575600329098323-0.017102347540359022j), 'F_swave': np.complex128(0.005182341953730226+0.015896084355818737j)}, 'free': np.float64(-19855.192004715227)}, {'stable': {'F_onsite': np.complex128(-0.017988263129637166+0j), 'F_swave': np.complex128(0.016719514525628303+0j)}, 'free': np.float64(-19855.192004715227)}]
------------------------------------------
  Seed: s-wave+px
F_onsite: (-0.017988263129637166+0j)
F_swave: (0.016719514525628303+0j), F_dwave: (8.673617379884035e-18+0j)
F_px: -1.1614939289224593e-18j, F_py: -9.783230540787169e-20j
Free_energy = -19855.192004715227
------------------------------------------
[{'stable': {'F_onsite': np.complex128(-0.005575600329098323-0.017102347540359022j), 'F_swave': np.complex128(0.005182341953730226+0.015896084355818737j)}, 'free': np.float64(-19855.192004715227)}, {'stable': {'F_onsite': np.complex128(-0.017988263129637166+0j), 'F_swave': np.complex128(0.016719514525628303+0j)}, 'free': np.float64(-19855.192004715227)}]
------------------------------------------
  Seed: s-wave+py
F_onsite: (-0.017988263129637166+0j)
F_swave: (0.016719514525628303+0j), F_dwave: (8.673617379884035e-18+0j)
F_px: -1.1614939289224593e-18j, F_py: -9.783230540787169e-20j
Free_energy = -19855.192004715227
------------------------------------------
[{'stable': {'F_onsite': np.complex128(-0.005575600329098323-0.017102347540359022j), 'F_swave': np.complex128(0.005182341953730226+0.015896084355818737j)}, 'free': np.float64(-19855.192004715227)}, {'stable': {'F_onsite': np.complex128(-0.017988263129637166+0j), 'F_swave': np.complex128(0.016719514525628303+0j)}, 'free': np.float64(-19855.192004715227)}]
------------------------------------------
====================================
mu=3.51, T=0.0700
====================================
  Seed: normal state
F_onsite: 0j
F_swave: 0j, F_dwave: 0j
F_px: 0j, F_py: 0j
Free_energy = -19846.122067565717
------------------------------------------
[{'stable': {}, 'free': np.float64(-19846.122067565717)}]
------------------------------------------
  Seed: px+i*py
F_onsite: (-0.004880785889718286-0.014971104747305038j)
F_swave: (0.004536679277320892+0.013915607486240131j), F_dwave: (1.3444106938820255e-17+1.734723475976807e-18j)
F_px: (-1.3444106938820255e-17-4.163336342344337e-17j), F_py: (-1.734723475976807e-18+3.469446951953614e-18j)
Free_energy = -19853.509261892577
------------------------------------------
[{'stable': {'F_onsite': np.complex128(-0.004880785889718286-0.014971104747305038j), 'F_swave': np.complex128(0.004536679277320892+0.013915607486240131j)}, 'free': np.float64(-19853.509261892577)}]
------------------------------------------
  Seed: s-wave
F_onsite: (-0.015746620216924443+0j)
F_swave: (0.014636447334526789+0j), F_dwave: (6.071532165918825e-18+0j)
F_px: -3.1882320134651865e-18j, F_py: 2.301812034163561e-19j
Free_energy = -19853.509261892574
------------------------------------------
[{'stable': {'F_onsite': np.complex128(-0.004880785889718286-0.014971104747305038j), 'F_swave': np.complex128(0.004536679277320892+0.013915607486240131j)}, 'free': np.float64(-19853.509261892577)}, {'stable': {'F_onsite': np.complex128(-0.015746620216924443+0j), 'F_swave': np.complex128(0.014636447334526789+0j)}, 'free': np.float64(-19853.509261892574)}]
------------------------------------------
  Seed: s-wave+px
F_onsite: (-0.015746620216924443+0j)
F_swave: (0.014636447334526789+0j), F_dwave: (6.071532165918825e-18+0j)
F_px: -3.1882320134651865e-18j, F_py: 2.301812034163561e-19j
Free_energy = -19853.509261892574
------------------------------------------
[{'stable': {'F_onsite': np.complex128(-0.004880785889718286-0.014971104747305038j), 'F_swave': np.complex128(0.004536679277320892+0.013915607486240131j)}, 'free': np.float64(-19853.509261892577)}, {'stable': {'F_onsite': np.complex128(-0.015746620216924443+0j), 'F_swave': np.complex128(0.014636447334526789+0j)}, 'free': np.float64(-19853.509261892574)}]
------------------------------------------
  Seed: s-wave+py
F_onsite: (-0.015746620216924443+0j)
F_swave: (0.014636447334526789+0j), F_dwave: (6.071532165918825e-18+0j)
F_px: -3.1882320134651865e-18j, F_py: 2.301812034163561e-19j
Free_energy = -19853.509261892574
------------------------------------------
[{'stable': {'F_onsite': np.complex128(-0.004880785889718286-0.014971104747305038j), 'F_swave': np.complex128(0.004536679277320892+0.013915607486240131j)}, 'free': np.float64(-19853.509261892577)}, {'stable': {'F_onsite': np.complex128(-0.015746620216924443+0j), 'F_swave': np.complex128(0.014636447334526789+0j)}, 'free': np.float64(-19853.509261892574)}]
------------------------------------------
====================================
mu=3.51, T=0.0730
====================================
  Seed: normal state
F_onsite: 0j
F_swave: 0j, F_dwave: 0j
F_px: 0j, F_py: 0j
Free_energy = -19846.794691814215
------------------------------------------
[{'stable': {}, 'free': np.float64(-19846.794691814215)}]
------------------------------------------
  Seed: px+i*py
F_onsite: (-0.003998414819580765-0.01226455911807591j)
F_swave: (0.0037166448977462943+0.011400270638773736j), F_dwave: (-1.0842021724855044e-18+2.168404344971009e-17j)
F_px: (-6.288372600415926e-18+5.204170427930421e-18j), F_py: (1.734723475976807e-18-1.734723475976807e-18j)
Free_energy = -19851.714827039
------------------------------------------
[{'stable': {'F_onsite': np.complex128(-0.003998414819580765-0.01226455911807591j), 'F_swave': np.complex128(0.0037166448977462943+0.011400270638773736j)}, 'free': np.float64(-19851.714827039)}]
------------------------------------------
  Seed: s-wave
F_onsite: (-0.012899873310626997+0j)
F_swave: (0.011990813981262316+0j), F_dwave: (1.0408340855860843e-17+0j)
F_px: -7.494124000832422e-19j, F_py: 8.322098706773501e-20j
Free_energy = -19851.714827038995
------------------------------------------
[{'stable': {'F_onsite': np.complex128(-0.003998414819580765-0.01226455911807591j), 'F_swave': np.complex128(0.0037166448977462943+0.011400270638773736j)}, 'free': np.float64(-19851.714827039)}, {'stable': {'F_onsite': np.complex128(-0.012899873310626997+0j), 'F_swave': np.complex128(0.011990813981262316+0j)}, 'free': np.float64(-19851.714827038995)}]
------------------------------------------
  Seed: s-wave+px
F_onsite: (-0.012899873310626997+0j)
F_swave: (0.011990813981262316+0j), F_dwave: (1.0408340855860843e-17+0j)
F_px: -7.494124000832422e-19j, F_py: 8.322098706773501e-20j
Free_energy = -19851.714827038995
------------------------------------------
[{'stable': {'F_onsite': np.complex128(-0.003998414819580765-0.01226455911807591j), 'F_swave': np.complex128(0.0037166448977462943+0.011400270638773736j)}, 'free': np.float64(-19851.714827039)}, {'stable': {'F_onsite': np.complex128(-0.012899873310626997+0j), 'F_swave': np.complex128(0.011990813981262316+0j)}, 'free': np.float64(-19851.714827038995)}]
------------------------------------------
  Seed: s-wave+py
F_onsite: (-0.012899873310626997+0j)
F_swave: (0.011990813981262316+0j), F_dwave: (1.0408340855860843e-17+0j)
F_px: -7.494124000832422e-19j, F_py: 8.322098706773501e-20j
Free_energy = -19851.714827038995
------------------------------------------
[{'stable': {'F_onsite': np.complex128(-0.003998414819580765-0.01226455911807591j), 'F_swave': np.complex128(0.0037166448977462943+0.011400270638773736j)}, 'free': np.float64(-19851.714827039)}, {'stable': {'F_onsite': np.complex128(-0.012899873310626997+0j), 'F_swave': np.complex128(0.011990813981262316+0j)}, 'free': np.float64(-19851.714827038995)}]
------------------------------------------
====================================
mu=3.51, T=0.0760
====================================
  Seed: normal state
F_onsite: 0j
F_swave: 0j, F_dwave: 0j
F_px: 0j, F_py: 0j
Free_energy = -19847.495077575626
------------------------------------------
[{'stable': {}, 'free': np.float64(-19847.495077575626)}]
------------------------------------------
  Seed: px+i*py
F_onsite: (-0.0027541891242973465-0.008448076765793273j)
F_swave: (0.0025601958658968233+0.007853030505332882j), F_dwave: (-1.5178830414797062e-18-8.673617379884035e-19j)
F_px: (-3.0357660829594124e-18+8.673617379884035e-18j), F_py: (2.168404344971009e-18+0j)
Free_energy = -19849.812183336144
------------------------------------------
[{'stable': {'F_onsite': np.complex128(-0.0027541891242973465-0.008448076765793273j), 'F_swave': np.complex128(0.0025601958658968233+0.007853030505332882j)}, 'free': np.float64(-19849.812183336144)}]
------------------------------------------
  Seed: s-wave
F_onsite: (-0.008885694051290107+0j)
F_swave: (0.008259823907895541+0j), F_dwave: (-3.469446951953614e-18+0j)
F_px: -9.550296480292236e-19j, F_py: -2.2234614865425384e-20j
Free_energy = -19849.812183336144
------------------------------------------
[{'stable': {'F_onsite': np.complex128(-0.0027541891242973465-0.008448076765793273j), 'F_swave': np.complex128(0.0025601958658968233+0.007853030505332882j)}, 'free': np.float64(-19849.812183336144)}, {'stable': {'F_onsite': np.complex128(-0.008885694051290107+0j), 'F_swave': np.complex128(0.008259823907895541+0j)}, 'free': np.float64(-19849.812183336144)}]
------------------------------------------
  Seed: s-wave+px
F_onsite: (-0.008885694051290107+0j)
F_swave: (0.008259823907895541+0j), F_dwave: (-3.469446951953614e-18+0j)
F_px: -9.550296480292236e-19j, F_py: -2.2234614865425384e-20j
Free_energy = -19849.812183336144
------------------------------------------
[{'stable': {'F_onsite': np.complex128(-0.0027541891242973465-0.008448076765793273j), 'F_swave': np.complex128(0.0025601958658968233+0.007853030505332882j)}, 'free': np.float64(-19849.812183336144)}, {'stable': {'F_onsite': np.complex128(-0.008885694051290107+0j), 'F_swave': np.complex128(0.008259823907895541+0j)}, 'free': np.float64(-19849.812183336144)}]
------------------------------------------
  Seed: s-wave+py
F_onsite: (-0.008885694051290107+0j)
F_swave: (0.008259823907895541+0j), F_dwave: (-3.469446951953614e-18+0j)
F_px: -9.550296480292236e-19j, F_py: -2.2234614865425384e-20j
Free_energy = -19849.812183336144
------------------------------------------
[{'stable': {'F_onsite': np.complex128(-0.0027541891242973465-0.008448076765793273j), 'F_swave': np.complex128(0.0025601958658968233+0.007853030505332882j)}, 'free': np.float64(-19849.812183336144)}, {'stable': {'F_onsite': np.complex128(-0.008885694051290107+0j), 'F_swave': np.complex128(0.008259823907895541+0j)}, 'free': np.float64(-19849.812183336144)}]
------------------------------------------
====================================
mu=3.51, T=0.0790
====================================
  Seed: normal state
F_onsite: 0j
F_swave: 0j, F_dwave: 0j
F_px: 0j, F_py: 0j
Free_energy = -19848.223104853223
------------------------------------------
[{'stable': {}, 'free': np.float64(-19848.223104853223)}]
------------------------------------------
  Seed: px+i*py
==================================================
WARNING: Failed to converge after 5000 iterations
==================================================
F_onsite: (-7.023955938713518e-09-2.1544968885088674e-08j)
F_swave: (6.530316168341984e-09+2.0030800290366463e-08j), F_dwave: (-1.93973853643685e-22+4.484146100649963e-21j)
F_px: (6.160014021682397e-21+6.167458647195374e-21j), F_py: (-1.7784383169890095e-22-1.5757790669135177e-20j)
Free_energy = -19848.22310485326
------------------------------------------
[{'stable': {}, 'free': np.float64(-19848.223104853223)}]
------------------------------------------
  Seed: s-wave
==================================================
WARNING: Failed to converge after 5000 iterations
==================================================
F_onsite: (-2.266101588756171e-08+0j)
F_swave: (2.106841212171162e-08+0j), F_dwave: (4.003554164756654e-22+0j)
F_px: 3.6552856813744705e-21j, F_py: 9.100091799682887e-21j
Free_energy = -19848.22310485326
------------------------------------------
[{'stable': {}, 'free': np.float64(-19848.223104853223)}]
------------------------------------------
  Seed: s-wave+px
==================================================
WARNING: Failed to converge after 5000 iterations
==================================================
F_onsite: (-2.266101588756171e-08+0j)
F_swave: (2.106841212171162e-08+0j), F_dwave: (4.003554164756654e-22+0j)
F_px: 3.6552856813744705e-21j, F_py: 9.100091799682887e-21j
Free_energy = -19848.22310485326
------------------------------------------
[{'stable': {}, 'free': np.float64(-19848.223104853223)}]
------------------------------------------
  Seed: s-wave+py
==================================================
WARNING: Failed to converge after 5000 iterations
==================================================
F_onsite: (-2.266101588756171e-08+0j)
F_swave: (2.106841212171162e-08+0j), F_dwave: (4.003554164756654e-22+0j)
F_px: 3.6552856813744705e-21j, F_py: 9.100091799682887e-21j
Free_energy = -19848.22310485326
------------------------------------------
[{'stable': {}, 'free': np.float64(-19848.223104853223)}]
------------------------------------------
====================================
mu=3.51, T=0.0820
====================================
  Seed: normal state
F_onsite: 0j
F_swave: 0j, F_dwave: 0j
F_px: 0j, F_py: 0j
Free_energy = -19848.9786416039
------------------------------------------
[{'stable': {}, 'free': np.float64(-19848.9786416039)}]
------------------------------------------
  Seed: px+i*py
F_onsite: (-1.7648356787849082e-14-5.413451675851614e-14j)
F_swave: (1.642262442059455e-14+5.0374697731606016e-14j), F_dwave: (1.10073480795795e-22-1.7263603232673055e-21j)
F_px: (2.2328934700858328e-20-1.67028585228358e-20j), F_py: (-7.244362449989471e-21+4.561188970335361e-21j)
Free_energy = -19848.978641603902
------------------------------------------
[{'stable': {}, 'free': np.float64(-19848.9786416039)}]
------------------------------------------
  Seed: s-wave
F_onsite: (-5.4076833357909825e-14+0j)
F_swave: (5.0321013307858296e-14+0j), F_dwave: (2.0404779609888584e-21+0j)
F_px: 1.7044971451815993e-21j, F_py: 1.6631576476330386e-20j
Free_energy = -19848.9786416039
------------------------------------------
[{'stable': {}, 'free': np.float64(-19848.9786416039)}]
------------------------------------------
  Seed: s-wave+px
F_onsite: (-5.4076833357909825e-14+0j)
F_swave: (5.0321013307858296e-14+0j), F_dwave: (2.0404779609888584e-21+0j)
F_px: 1.7044971451815993e-21j, F_py: 1.6631576476330386e-20j
Free_energy = -19848.9786416039
------------------------------------------
[{'stable': {}, 'free': np.float64(-19848.9786416039)}]
------------------------------------------
  Seed: s-wave+py
F_onsite: (-5.4076833357909825e-14+0j)
F_swave: (5.0321013307858296e-14+0j), F_dwave: (2.0404779609888584e-21+0j)
F_px: 1.7044971451815993e-21j, F_py: 1.6631576476330386e-20j
Free_energy = -19848.9786416039
------------------------------------------
[{'stable': {}, 'free': np.float64(-19848.9786416039)}]
------------------------------------------
====================================
mu=3.51, T=0.0850
====================================
  Seed: normal state
F_onsite: 0j
F_swave: 0j, F_dwave: 0j
F_px: 0j, F_py: 0j
Free_energy = -19849.761544332097
------------------------------------------
[{'stable': {}, 'free': np.float64(-19849.761544332097)}]
------------------------------------------
  Seed: px+i*py
F_onsite: (-9.395776108234363e-15-2.882096011925884e-14j)
F_swave: (8.750944540243093e-15+2.6842977161577e-14j), F_dwave: (1.7126785153646568e-21-1.0252258901356678e-21j)
F_px: (-6.579471325535894e-21+4.15008480180014e-21j), F_py: (2.6339775633749938e-20-2.589597491145413e-21j)
Free_energy = -19849.761544332097
------------------------------------------
[{'stable': {}, 'free': np.float64(-19849.761544332097)}]
------------------------------------------
  Seed: s-wave
F_onsite: (-2.970728249761462e-14+0j)
F_swave: (2.766846435558133e-14+0j), F_dwave: (2.017912946626975e-21+0j)
F_px: 3.080987161761775e-20j, F_py: -8.018566312699729e-21j
Free_energy = -19849.761544332097
------------------------------------------
[{'stable': {}, 'free': np.float64(-19849.761544332097)}]
------------------------------------------
  Seed: s-wave+px
F_onsite: (-2.970728249761462e-14+0j)
F_swave: (2.766846435558133e-14+0j), F_dwave: (2.017912946626975e-21+0j)
F_px: 3.080987161761775e-20j, F_py: -8.018566312699729e-21j
Free_energy = -19849.761544332097
------------------------------------------
[{'stable': {}, 'free': np.float64(-19849.761544332097)}]
------------------------------------------
  Seed: s-wave+py
F_onsite: (-2.970728249761462e-14+0j)
F_swave: (2.766846435558133e-14+0j), F_dwave: (2.017912946626975e-21+0j)
F_px: 3.080987161761775e-20j, F_py: -8.018566312699729e-21j
Free_energy = -19849.761544332097
------------------------------------------
[{'stable': {}, 'free': np.float64(-19849.761544332097)}]
------------------------------------------
====================================
mu=3.51, T=0.0880
====================================
  Seed: normal state
F_onsite: 0j
F_swave: 0j, F_dwave: 0j
F_px: 0j, F_py: 0j
Free_energy = -19850.571658856315
------------------------------------------
[{'stable': {}, 'free': np.float64(-19850.571658856315)}]
------------------------------------------
  Seed: px+i*py
F_onsite: (-6.521279455241314e-15-2.000383271769114e-14j)
F_swave: (6.0790550681422514e-15+1.8647312126153357e-14j), F_dwave: (-1.0391599266492148e-21-6.620100093424086e-21j)
F_px: (-1.927777922370742e-20+2.796004120821518e-20j), F_py: (1.0210940721496573e-20+4.206642746068925e-21j)
Free_energy = -19850.571658856315
------------------------------------------
[{'stable': {}, 'free': np.float64(-19850.571658856315)}]
------------------------------------------
  Seed: s-wave
F_onsite: (-2.0618081584940127e-14+0j)
F_swave: (1.9219763301989486e-14+0j), F_dwave: (5.112464921196097e-21+0j)
F_px: -1.9653587426367585e-20j, F_py: -1.3534559031879865e-20j
Free_energy = -19850.571658856315
------------------------------------------
[{'stable': {}, 'free': np.float64(-19850.571658856315)}]
------------------------------------------
  Seed: s-wave+px
F_onsite: (-2.0618081584940127e-14+0j)
F_swave: (1.9219763301989486e-14+0j), F_dwave: (5.112464921196097e-21+0j)
F_px: -1.9653587426367585e-20j, F_py: -1.3534559031879865e-20j
Free_energy = -19850.571658856315
------------------------------------------
[{'stable': {}, 'free': np.float64(-19850.571658856315)}]
------------------------------------------
  Seed: s-wave+py
F_onsite: (-2.0618081584940127e-14+0j)
F_swave: (1.9219763301989486e-14+0j), F_dwave: (5.112464921196097e-21+0j)
F_px: -1.9653587426367585e-20j, F_py: -1.3534559031879865e-20j
Free_energy = -19850.571658856315
------------------------------------------
[{'stable': {}, 'free': np.float64(-19850.571658856315)}]
------------------------------------------
====================================
mu=3.51, T=0.0910
====================================
  Seed: normal state
F_onsite: 0j
F_swave: 0j, F_dwave: 0j
F_px: 0j, F_py: 0j
Free_energy = -19851.408821194844
------------------------------------------
[{'stable': {}, 'free': np.float64(-19851.408821194844)}]
------------------------------------------
  Seed: px+i*py
F_onsite: (-4.843548901717518e-15-1.4857646131055324e-14j)
F_swave: (4.518952985603787e-15+1.3861947060939634e-14j), F_dwave: (2.2719587982141705e-21+4.028836038953085e-21j)
F_px: (-3.39805014928756e-20+2.697655224384634e-20j), F_py: (-7.826368616647042e-21+1.5368123443867374e-20j)
Free_energy = -19851.40882119484
------------------------------------------
[{'stable': {}, 'free': np.float64(-19851.408821194844)}]
------------------------------------------
  Seed: s-wave
F_onsite: (-1.531229537541952e-14+0j)
F_swave: (1.428612428607956e-14+0j), F_dwave: (8.350877156602998e-22+0j)
F_px: 4.790866561094784e-21j, F_py: -3.3765073988439993e-20j
Free_energy = -19851.408821194844
------------------------------------------
[{'stable': {}, 'free': np.float64(-19851.408821194844)}]
------------------------------------------
  Seed: s-wave+px
F_onsite: (-1.531229537541952e-14+0j)
F_swave: (1.428612428607956e-14+0j), F_dwave: (8.350877156602998e-22+0j)
F_px: 4.790866561094784e-21j, F_py: -3.3765073988439993e-20j
Free_energy = -19851.408821194844
------------------------------------------
[{'stable': {}, 'free': np.float64(-19851.408821194844)}]
------------------------------------------
  Seed: s-wave+py
F_onsite: (-1.531229537541952e-14+0j)
F_swave: (1.428612428607956e-14+0j), F_dwave: (8.350877156602998e-22+0j)
F_px: 4.790866561094784e-21j, F_py: -3.3765073988439993e-20j
Free_energy = -19851.408821194844
------------------------------------------
[{'stable': {}, 'free': np.float64(-19851.408821194844)}]
------------------------------------------
====================================
mu=3.51, T=0.0940
====================================
  Seed: normal state
F_onsite: 0j
F_swave: 0j, F_dwave: 0j
F_px: 0j, F_py: 0j
Free_energy = -19852.272858531098
------------------------------------------
[{'stable': {}, 'free': np.float64(-19852.272858531098)}]
------------------------------------------
  Seed: px+i*py
F_onsite: (-3.88976853189907e-15-1.1931838612363735e-14j)
F_swave: (3.632275815882374e-15+1.1141983020573652e-14j), F_dwave: (1.032604229244501e-21+5.720541388687391e-22j)
F_px: (9.866263655575305e-22+2.4927090551853093e-21j), F_py: (-2.030942251387314e-21-6.870144788660244e-21j)
Free_energy = -19852.272858531098
------------------------------------------
[{'stable': {}, 'free': np.float64(-19852.272858531098)}]
------------------------------------------
  Seed: s-wave
F_onsite: (-1.229654034589472e-14+0j)
F_swave: (1.1482542934984713e-14+0j), F_dwave: (-1.5120289736421933e-21+0j)
F_px: -2.2370802537550613e-20j, F_py: -2.2385569178322504e-20j
Free_energy = -19852.272858531098
------------------------------------------
[{'stable': {}, 'free': np.float64(-19852.272858531098)}]
------------------------------------------
  Seed: s-wave+px
F_onsite: (-1.229654034589472e-14+0j)
F_swave: (1.1482542934984713e-14+0j), F_dwave: (-1.5120289736421933e-21+0j)
F_px: -2.2370802537550613e-20j, F_py: -2.2385569178322504e-20j
Free_energy = -19852.272858531098
------------------------------------------
[{'stable': {}, 'free': np.float64(-19852.272858531098)}]
------------------------------------------
  Seed: s-wave+py
F_onsite: (-1.229654034589472e-14+0j)
F_swave: (1.1482542934984713e-14+0j), F_dwave: (-1.5120289736421933e-21+0j)
F_px: -2.2370802537550613e-20j, F_py: -2.2385569178322504e-20j
Free_energy = -19852.272858531098
------------------------------------------
[{'stable': {}, 'free': np.float64(-19852.272858531098)}]
------------------------------------------
====================================
mu=3.51, T=0.0970
====================================
  Seed: normal state
F_onsite: 0j
F_swave: 0j, F_dwave: 0j
F_px: 0j, F_py: 0j
Free_energy = -19853.16359022246
------------------------------------------
[{'stable': {}, 'free': np.float64(-19853.16359022246)}]
------------------------------------------
  Seed: px+i*py
F_onsite: (-3.2721134339904703e-15-1.0037076390897885e-14j)
F_swave: (3.0581214467341263e-15+9.380663907794947e-15j), F_dwave: (2.760400090722945e-21-3.154130539424771e-21j)
F_px: (-1.7112353813499128e-20+1.7247878712054826e-20j), F_py: (8.62071729034207e-22-2.2893003428369886e-20j)
Free_energy = -19853.163590222463
------------------------------------------
[{'stable': {}, 'free': np.float64(-19853.16359022246)}]
------------------------------------------
  Seed: s-wave
F_onsite: (-1.0343389535270697e-14+0j)
F_swave: (9.667089735066677e-15+0j), F_dwave: (-3.943815373968115e-21+0j)
F_px: -1.2184029859387066e-21j, F_py: 4.397180948807813e-21j
Free_energy = -19853.16359022246
------------------------------------------
[{'stable': {}, 'free': np.float64(-19853.16359022246)}]
------------------------------------------
  Seed: s-wave+px
F_onsite: (-1.0343389535270697e-14+0j)
F_swave: (9.667089735066677e-15+0j), F_dwave: (-3.943815373968115e-21+0j)
F_px: -1.2184029859387066e-21j, F_py: 4.397180948807813e-21j
Free_energy = -19853.16359022246
------------------------------------------
[{'stable': {}, 'free': np.float64(-19853.16359022246)}]
------------------------------------------
  Seed: s-wave+py
F_onsite: (-1.0343389535270697e-14+0j)
F_swave: (9.667089735066677e-15+0j), F_dwave: (-3.943815373968115e-21+0j)
F_px: -1.2184029859387066e-21j, F_py: 4.397180948807813e-21j
Free_energy = -19853.16359022246
------------------------------------------
[{'stable': {}, 'free': np.float64(-19853.16359022246)}]
------------------------------------------
====================================
mu=3.51, T=0.1000
====================================
  Seed: normal state
F_onsite: 0j
F_swave: 0j, F_dwave: 0j
F_px: 0j, F_py: 0j
Free_energy = -19854.080828828297
------------------------------------------
[{'stable': {}, 'free': np.float64(-19854.080828828297)}]
------------------------------------------
  Seed: px+i*py
F_onsite: (-2.681772076784262e-15-8.22659968785513e-15j)
F_swave: (2.508547629122561e-15+7.695197448104376e-15j), F_dwave: (8.574545460746862e-23+1.1857418339322987e-21j)
F_px: (2.1053852397454702e-20+1.513112057340298e-20j), F_py: (2.82222800616817e-21-3.545615128562071e-20j)
Free_energy = -19854.080828828297
------------------------------------------
[{'stable': {}, 'free': np.float64(-19854.080828828297)}]
------------------------------------------
  Seed: s-wave
F_onsite: (-8.477010509063582e-15+0j)
F_swave: (7.929582769486095e-15+0j), F_dwave: (-2.459485783731474e-21+0j)
F_px: 1.4462082590524773e-20j, F_py: 9.417647115641511e-21j
Free_energy = -19854.080828828297
------------------------------------------
[{'stable': {}, 'free': np.float64(-19854.080828828297)}]
------------------------------------------
  Seed: s-wave+px
F_onsite: (-8.477010509063582e-15+0j)
F_swave: (7.929582769486095e-15+0j), F_dwave: (-2.459485783731474e-21+0j)
F_px: 1.4462082590524773e-20j, F_py: 9.417647115641511e-21j
Free_energy = -19854.080828828297
------------------------------------------
[{'stable': {}, 'free': np.float64(-19854.080828828297)}]
------------------------------------------
  Seed: s-wave+py
F_onsite: (-8.477010509063582e-15+0j)
F_swave: (7.929582769486095e-15+0j), F_dwave: (-2.459485783731474e-21+0j)
F_px: 1.4462082590524773e-20j, F_py: 9.417647115641511e-21j
Free_energy = -19854.080828828297
------------------------------------------
[{'stable': {}, 'free': np.float64(-19854.080828828297)}]
------------------------------------------
