/home/emilssp/D1/venv/bin/python
Python 3.10.12
Running job 2 out of 10
====================================
mu=0.13, T=0.0010
====================================
  Seed: normal state
F_onsite: 0j
F_swave: 0j, F_dwave: 0j
F_px: 0j, F_py: 0j
Free_energy = -9151.704273992442
------------------------------------------
[{'stable': {}, 'free': np.float64(-9151.704273992442)}]
------------------------------------------
  Seed: d-wave
F_onsite: (1.3661519120556753e-16+0j)
F_swave: (-6.938893903907228e-17+0j), F_dwave: (0.1018020105947398+0j)
F_px: -1.9553473518776643e-17j, F_py: 1.1085247566531362e-17j
Free_energy = -9625.297074944696
------------------------------------------
[{'stable': {'F_dwave': np.complex128(0.1018020105947398+0j)}, 'free': np.float64(-9625.297074944696)}]
------------------------------------------
  Seed: d-wave+px
F_onsite: (-4.704145610522657e-15-9.933924751798947e-19j)
F_swave: (2.175343238874916e-15+1.3774439021774823e-18j), F_dwave: (0.1018023917178822+2.4287429198393386e-17j)
F_px: (2.171982277157647e-07-8.181285497253573e-18j), F_py: (-4.85722573273506e-17+1.1180512489211363e-17j)
Free_energy = -9625.303790334316
------------------------------------------
[{'stable': {'F_dwave': np.complex128(0.1018020105947398+0j)}, 'free': np.float64(-9625.297074944696)}]
------------------------------------------
  Seed: d-wave+py
F_onsite: (4.46177215714421e-15-1.8364327837819601e-19j)
F_swave: (-2.355754480376504e-15-2.543542158203127e-18j), F_dwave: (0.10180239171788222-9.51805959745982e-18j)
F_px: (6.938893903907228e-17-1.7615237063370368e-17j), F_py: (2.171982277157647e-07+1.0553490452810406e-17j)
Free_energy = -9625.303790334294
------------------------------------------
[{'stable': {'F_dwave': np.complex128(0.1018020105947398+0j)}, 'free': np.float64(-9625.297074944696)}]
------------------------------------------
====================================
mu=0.13, T=0.0071
====================================
  Seed: normal state
F_onsite: 0j
F_swave: 0j, F_dwave: 0j
F_px: 0j, F_py: 0j
Free_energy = -9151.904062747455
------------------------------------------
[{'stable': {}, 'free': np.float64(-9151.904062747455)}]
------------------------------------------
  Seed: d-wave
F_onsite: (2.1384962733479496e-16+0j)
F_swave: (-3.469446951953614e-17+0j), F_dwave: (0.10180223333491502+0j)
F_px: -3.37068340661213e-17j, F_py: 1.2442551690057374e-17j
Free_energy = -9625.301211537982
------------------------------------------
[{'stable': {'F_dwave': np.complex128(0.10180223333491502+0j)}, 'free': np.float64(-9625.301211537982)}]
------------------------------------------
  Seed: d-wave+px
F_onsite: (-2.5927627068947783e-15-4.224948655848656e-19j)
F_swave: (1.4710455076283324e-15+2.1340379433078403e-18j), F_dwave: (0.10180237815340021+2.936414267445796e-17j)
F_px: (1.7249989922585307e-07-1.4798990879599185e-17j), F_py: 1.2629558467266582e-17j
Free_energy = -9625.303763248954
------------------------------------------
[{'stable': {'F_dwave': np.complex128(0.10180223333491502+0j)}, 'free': np.float64(-9625.301211537982)}]
------------------------------------------
  Seed: d-wave+py
F_onsite: (2.7250178355355686e-15+1.8670559794109536e-19j)
F_swave: (-1.4675760606763788e-15+7.459852456045414e-19j), F_dwave: (0.1018023781534003-1.1994344909121281e-17j)
F_px: (4.163336342344337e-17-9.367206592610084e-18j), F_py: (1.7249989934381427e-07+1.3011889015277794e-17j)
Free_energy = -9625.30376324895
------------------------------------------
[{'stable': {'F_dwave': np.complex128(0.10180223333491502+0j)}, 'free': np.float64(-9625.301211537982)}]
------------------------------------------
====================================
mu=0.13, T=0.0132
====================================
  Seed: normal state
F_onsite: 0j
F_swave: 0j, F_dwave: 0j
F_px: 0j, F_py: 0j
Free_energy = -9152.323631943025
------------------------------------------
[{'stable': {}, 'free': np.float64(-9152.323631943025)}]
------------------------------------------
  Seed: d-wave
F_onsite: (1.1984031249012695e-16+0j)
F_swave: (8.326672684688674e-17+0j), F_dwave: (0.10180180912982044+0j)
F_px: -2.830023434432568e-17j, F_py: 1.1528990260496659e-17j
Free_energy = -9625.30584080934
------------------------------------------
[{'stable': {'F_dwave': np.complex128(0.10180180912982044+0j)}, 'free': np.float64(-9625.30584080934)}]
------------------------------------------
  Seed: d-wave+px
F_onsite: (-1.6028587760164861e-15+1.1620914528141876e-19j)
F_swave: (1.1449174941446927e-15-2.0996720941249845e-18j), F_dwave: (0.10180166572559526+2.767047403343854e-17j)
F_px: (1.366779477721125e-07-2.8700658006937926e-18j), F_py: (1.3877787807814457e-17+1.0974265032884732e-17j)
Free_energy = -9625.303314083705
------------------------------------------
[{'stable': {'F_dwave': np.complex128(0.10180180912982044+0j)}, 'free': np.float64(-9625.30584080934)}]
------------------------------------------
  Seed: d-wave+py
F_onsite: (1.6858502631856317e-15-2.534018936055142e-19j)
F_swave: (-1.2212453270876722e-15-6.6683243795396715e-19j), F_dwave: (0.10180166572559546-1.1895839899080251e-17j)
F_px: (3.469446951953614e-17-1.4431330655259695e-17j), F_py: (1.366779477929292e-07+1.278539800265625e-17j)
Free_energy = -9625.303314083712
------------------------------------------
[{'stable': {'F_dwave': np.complex128(0.10180180912982044+0j)}, 'free': np.float64(-9625.30584080934)}]
------------------------------------------
====================================
mu=0.13, T=0.0193
====================================
  Seed: normal state
F_onsite: 0j
F_swave: 0j, F_dwave: 0j
F_px: 0j, F_py: 0j
Free_energy = -9153.066063378184
------------------------------------------
[{'stable': {}, 'free': np.float64(-9153.066063378184)}]
------------------------------------------
  Seed: d-wave
F_onsite: (1.893994879910253e-17+0j)
F_swave: (6.245004513516506e-17+0j), F_dwave: (0.1017976911826044+0j)
F_px: -1.5988819770512072e-17j, F_py: 1.4846442737060982e-17j
Free_energy = -9625.294222690418
------------------------------------------
[{'stable': {'F_dwave': np.complex128(0.1017976911826044+0j)}, 'free': np.float64(-9625.294222690418)}]
------------------------------------------
  Seed: d-wave+px
F_onsite: (-9.66961823115081e-16-1.2932151046864572e-19j)
F_swave: (2.740863092043355e-16-2.838859227607425e-18j), F_dwave: (0.10179768267434434+2.5059327262657963e-17j)
F_px: (9.534335394800753e-08-1.671938078767773e-17j), F_py: (6.245004513516506e-17+1.214409613857664e-17j)
Free_energy = -9625.294072807352
------------------------------------------
[{'stable': {'F_dwave': np.complex128(0.1017976911826044+0j)}, 'free': np.float64(-9625.294222690418)}]
------------------------------------------
  Seed: d-wave+py
F_onsite: (8.32834447258932e-16+5.503568128334356e-19j)
F_swave: (-5.273559366969494e-16+1.4626545067624937e-18j), F_dwave: (0.10179768267434455-1.517138227376648e-17j)
F_px: (-6.938893903907228e-18+2.227889556674e-18j), F_py: (9.534335394800753e-08+1.2404004005053949e-17j)
Free_energy = -9625.294072807357
------------------------------------------
[{'stable': {'F_dwave': np.complex128(0.1017976911826044+0j)}, 'free': np.float64(-9625.294222690418)}]
------------------------------------------
====================================
mu=0.13, T=0.0254
====================================
  Seed: normal state
F_onsite: 0j
F_swave: 0j, F_dwave: 0j
F_px: 0j, F_py: 0j
Free_energy = -9154.19471516371
------------------------------------------
[{'stable': {}, 'free': np.float64(-9154.19471516371)}]
------------------------------------------
  Seed: d-wave
F_onsite: (4.0475389975207937e-17+0j)
F_swave: (8.326672684688674e-17+0j), F_dwave: (0.1017881243493938+0j)
F_px: -2.179954681454393e-17j, F_py: 1.244593651312394e-17j
Free_energy = -9625.273173691588
------------------------------------------
[{'stable': {'F_dwave': np.complex128(0.1017881243493938+0j)}, 'free': np.float64(-9625.273173691588)}]
------------------------------------------
  Seed: d-wave+px
F_onsite: (-3.8504513330196014e-16-6.041411817847262e-19j)
F_swave: (4.3368086899420177e-16+2.0802560716251185e-18j), F_dwave: (0.10178812384403009+3.611365791981939e-17j)
F_px: (6.542931223207926e-08-6.7502079019655764e-18j), F_py: (2.0816681711721685e-17+1.3235651948146623e-17j)
Free_energy = -9625.273164793509
------------------------------------------
[{'stable': {'F_dwave': np.complex128(0.1017881243493938+0j)}, 'free': np.float64(-9625.273173691588)}]
------------------------------------------
  Seed: d-wave+py
F_onsite: (2.6721470029676484e-16-4.56099618585677e-19j)
F_swave: (-4.371503159461554e-16-2.764999183599129e-18j), F_dwave: (0.10178812384402981-1.8347694821399932e-17j)
F_px: (6.938893903907228e-18-2.3359258651048428e-17j), F_py: (6.542931212105696e-08+1.2718172480253896e-17j)
Free_energy = -9625.273164793512
------------------------------------------
[{'stable': {'F_dwave': np.complex128(0.1017881243493938+0j)}, 'free': np.float64(-9625.273173691588)}]
------------------------------------------
====================================
mu=0.13, T=0.0315
====================================
  Seed: normal state
F_onsite: 0j
F_swave: 0j, F_dwave: 0j
F_px: 0j, F_py: 0j
Free_energy = -9155.721042728677
------------------------------------------
[{'stable': {}, 'free': np.float64(-9155.721042728677)}]
------------------------------------------
  Seed: d-wave
F_onsite: (-4.7213757457439064e-17+0j)
F_swave: (9.020562075079397e-17+0j), F_dwave: (0.10176995686021834+0j)
F_px: -4.145116813037614e-17j, F_py: 1.737577463660867e-17j
Free_energy = -9625.22015345929
------------------------------------------
[{'stable': {'F_dwave': np.complex128(0.10176995686021834+0j)}, 'free': np.float64(-9625.22015345929)}]
------------------------------------------
  Seed: d-wave+px
F_onsite: (-2.1353797309605522e-16+3.535766218351519e-19j)
F_swave: (1.457167719820518e-16+3.402503713669562e-18j), F_dwave: (0.10176995684847073+4.988676519393465e-17j)
F_px: (3.859946131473668e-08-1.8810508413011353e-17j), F_py: (1.3877787807814457e-17+1.4267339169685853e-17j)
Free_energy = -9625.22015325273
------------------------------------------
[{'stable': {'F_dwave': np.complex128(0.10176995686021834+0j)}, 'free': np.float64(-9625.22015345929)}]
------------------------------------------
  Seed: d-wave+py
F_onsite: (-8.428717013535693e-17+3.0783083890919466e-19j)
F_swave: (-2.498001805406602e-16-5.29205563444075e-19j), F_dwave: (0.10176995684847069-1.709891824180695e-17j)
F_px: (-1.3877787807814457e-17-1.8996754641343902e-17j), F_py: (3.859946159923133e-08+1.2368884908059884e-17j)
Free_energy = -9625.220153252727
------------------------------------------
[{'stable': {'F_dwave': np.complex128(0.10176995686021834+0j)}, 'free': np.float64(-9625.22015345929)}]
------------------------------------------
====================================
mu=0.13, T=0.0376
====================================
  Seed: normal state
F_onsite: 0j
F_swave: 0j, F_dwave: 0j
F_px: 0j, F_py: 0j
Free_energy = -9157.636684173707
------------------------------------------
[{'stable': {}, 'free': np.float64(-9157.636684173707)}]
------------------------------------------
  Seed: d-wave
F_onsite: (-1.2076914320833501e-16+0j)
F_swave: (-2.7755575615628914e-17+0j), F_dwave: (0.10174144213550354+0j)
F_px: -9.429457819423763e-18j, F_py: 1.128510182823335e-17j
Free_energy = -9625.136551557733
------------------------------------------
[{'stable': {'F_dwave': np.complex128(0.10174144213550354+0j)}, 'free': np.float64(-9625.136551557733)}]
------------------------------------------
  Seed: d-wave+px
F_onsite: (6.656014076220897e-17-4.418542789970327e-19j)
F_swave: (2.636779683484747e-16+3.4029239500595454e-18j), F_dwave: (0.10174144213539554+6.236278088926316e-17j)
F_px: (1.927571878501677e-08-5.77974327152363e-18j), F_py: 1.2068346040422849e-17j
Free_energy = -9625.136551555865
------------------------------------------
[{'stable': {'F_dwave': np.complex128(0.10174144213550354+0j)}, 'free': np.float64(-9625.136551557733)}]
------------------------------------------
  Seed: d-wave+py
F_onsite: (1.0376138062949761e-16+8.819839139576042e-19j)
F_swave: (-2.7755575615628914e-16+2.0378159928665758e-18j), F_dwave: (0.10174144213539543-2.0852925043851002e-17j)
F_px: (4.163336342344337e-17-1.1425551045640142e-17j), F_py: (1.9275718868283498e-08+1.3852056152575918e-17j)
Free_energy = -9625.136551555866
------------------------------------------
[{'stable': {'F_dwave': np.complex128(0.10174144213550354+0j)}, 'free': np.float64(-9625.136551557733)}]
------------------------------------------
====================================
mu=0.13, T=0.0437
====================================
  Seed: normal state
F_onsite: 0j
F_swave: 0j, F_dwave: 0j
F_px: 0j, F_py: 0j
Free_energy = -9159.929193877335
------------------------------------------
[{'stable': {}, 'free': np.float64(-9159.929193877335)}]
------------------------------------------
  Seed: d-wave
F_onsite: (1.0086838912818632e-18+0j)
F_swave: (-1.942890293094024e-16+0j), F_dwave: (0.10170030591577964+0j)
F_px: -1.805832057334928e-18j, F_py: 1.6638878642208286e-17j
Free_energy = -9625.017740034235
------------------------------------------
[{'stable': {'F_dwave': np.complex128(0.10170030591577964+0j)}, 'free': np.float64(-9625.017740034235)}]
------------------------------------------
  Seed: d-wave+px
F_onsite: (-8.293212799457589e-17+2.533892432174679e-19j)
F_swave: (-3.8163916471489756e-17+2.7388196627043137e-18j), F_dwave: (0.10170030591577883+7.379613232054129e-17j)
F_px: (9.283899399248341e-09-2.0752858328791536e-17j), F_py: (-4.85722573273506e-17+1.433555223516023e-17j)
Free_energy = -9625.017740034227
------------------------------------------
[{'stable': {'F_dwave': np.complex128(0.10170030591577964+0j)}, 'free': np.float64(-9625.017740034235)}]
------------------------------------------
  Seed: d-wave+py
F_onsite: (-1.0270296071414374e-16+5.337230142928885e-19j)
F_swave: (1.700029006457271e-16-4.530225813773976e-21j), F_dwave: (0.10170030591577874-1.4469813379927847e-17j)
F_px: (4.163336342344337e-17-5.151349719621724e-18j), F_py: (9.283899350676084e-09+1.5251209808689575e-17j)
Free_energy = -9625.017740034229
------------------------------------------
[{'stable': {'F_dwave': np.complex128(0.10170030591577964+0j)}, 'free': np.float64(-9625.017740034235)}]
------------------------------------------
====================================
mu=0.13, T=0.0498
====================================
  Seed: normal state
F_onsite: 0j
F_swave: 0j, F_dwave: 0j
F_px: 0j, F_py: 0j
Free_energy = -9162.586609540187
------------------------------------------
[{'stable': {}, 'free': np.float64(-9162.586609540187)}]
------------------------------------------
  Seed: d-wave
F_onsite: (1.1921198609683167e-16+0j)
F_swave: (6.938893903907228e-17+0j), F_dwave: (0.10164310261259701+0j)
F_px: -2.3651347780060268e-17j, F_py: 1.3266251526592778e-17j
Free_energy = -9624.845898883428
------------------------------------------
[{'stable': {'F_dwave': np.complex128(0.10164310261259701+0j)}, 'free': np.float64(-9624.845898883428)}]
------------------------------------------
  Seed: d-wave+px
F_onsite: (1.098191257168848e-16+1.0042983416872043e-18j)
F_swave: (-6.938893903907228e-18+3.7769855535129166e-18j), F_dwave: (0.10164310261259682+8.736497458021693e-17j)
F_px: (4.309168306904088e-09-1.355383577444338e-17j), F_py: (-6.938893903907228e-17+1.5132442107399572e-17j)
Free_energy = -9624.845898883428
------------------------------------------
[{'stable': {'F_dwave': np.complex128(0.10164310261259701+0j)}, 'free': np.float64(-9624.845898883428)}]
------------------------------------------
  Seed: d-wave+py
F_onsite: (1.3243649078395957e-16-7.121881711549363e-19j)
F_swave: (-3.122502256758253e-17-1.351931031869073e-18j), F_dwave: (0.10164310261259679-1.036754906433825e-17j)
F_px: (-4.85722573273506e-17-2.5958891126967808e-17j), F_py: (4.309168154248422e-09+1.1665367336218371e-17j)
Free_energy = -9624.845898883428
------------------------------------------
[{'stable': {'F_dwave': np.complex128(0.10164310261259701+0j)}, 'free': np.float64(-9624.845898883428)}]
------------------------------------------
====================================
mu=0.13, T=0.0559
====================================
  Seed: normal state
F_onsite: 0j
F_swave: 0j, F_dwave: 0j
F_px: 0j, F_py: 0j
Free_energy = -9165.598246851363
------------------------------------------
[{'stable': {}, 'free': np.float64(-9165.598246851363)}]
------------------------------------------
  Seed: d-wave
F_onsite: (-2.2741594524603625e-16+0j)
F_swave: (-1.734723475976807e-16+0j), F_dwave: (0.10156528559891807+0j)
F_px: -1.956311182727411e-17j, F_py: 1.2510109185045805e-17j
Free_energy = -9624.594785577176
------------------------------------------
[{'stable': {'F_dwave': np.complex128(0.10156528559891807+0j)}, 'free': np.float64(-9624.594785577176)}]
------------------------------------------
  Seed: d-wave+px
F_onsite: (-2.3134028927376536e-16+1.4414574303226907e-18j)
F_swave: (-1.214306433183765e-16+8.793732657456251e-18j), F_dwave: (0.10156528559891864+9.665169450781252e-17j)
F_px: (1.6402742150645189e-09+9.201143558461636e-19j), F_py: (-1.1796119636642288e-16+1.3993385472710933e-17j)
Free_energy = -9624.594785577176
------------------------------------------
[{'stable': {'F_dwave': np.complex128(0.10156528559891807+0j)}, 'free': np.float64(-9624.594785577176)}]
------------------------------------------
  Seed: d-wave+py
F_onsite: (-2.671884882901341e-16+2.891804727233202e-19j)
F_swave: (1.0061396160665481e-16+3.588115511980262e-18j), F_dwave: (0.10156528559891846-1.5080139909503667e-17j)
F_px: (-5.551115123125783e-17-1.0599712277199123e-17j), F_py: (1.6402739375087627e-09+1.3809716755763944e-17j)
Free_energy = -9624.594785577176
------------------------------------------
[{'stable': {'F_dwave': np.complex128(0.10156528559891807+0j)}, 'free': np.float64(-9624.594785577176)}]
------------------------------------------
====================================
mu=0.13, T=0.0620
====================================
  Seed: normal state
F_onsite: 0j
F_swave: 0j, F_dwave: 0j
F_px: 0j, F_py: 0j
Free_energy = -9168.95456312688
------------------------------------------
[{'stable': {}, 'free': np.float64(-9168.95456312688)}]
------------------------------------------
  Seed: d-wave
F_onsite: (7.007284736322768e-17+0j)
F_swave: (-8.326672684688674e-17+0j), F_dwave: (0.1014624574556856+0j)
F_px: 5.603751939187054e-18j, F_py: 1.3187018713092477e-17j
Free_energy = -9624.253213507036
------------------------------------------
[{'stable': {'F_dwave': np.complex128(0.1014624574556856+0j)}, 'free': np.float64(-9624.253213507036)}]
------------------------------------------
  Seed: d-wave+px
F_onsite: (2.3587023956936484e-17+5.868114920421072e-19j)
F_swave: (-3.122502256758253e-17+1.828645498931369e-19j), F_dwave: (0.10146245745568498+8.43726352726214e-17j)
F_px: (5.967969313180888e-10-1.3665566552660975e-17j), F_py: (-2.0816681711721685e-17+1.4632614315794042e-17j)
Free_energy = -9624.253213507036
------------------------------------------
[{'stable': {'F_dwave': np.complex128(0.1014624574556856+0j)}, 'free': np.float64(-9624.253213507036)}]
------------------------------------------
  Seed: d-wave+py
F_onsite: (8.185593878252234e-18-8.082176076953231e-19j)
F_swave: (-9.71445146547012e-17+3.1893423117814154e-18j), F_dwave: (0.10146245745568508-4.572843230167952e-18j)
F_px: (-6.245004513516506e-17+1.0334868534518328e-17j), F_py: (5.967971394849059e-10+1.077597707182295e-17j)
Free_energy = -9624.253213507036
------------------------------------------
[{'stable': {'F_dwave': np.complex128(0.1014624574556856+0j)}, 'free': np.float64(-9624.253213507036)}]
------------------------------------------
====================================
mu=0.13, T=0.0681
====================================
  Seed: normal state
F_onsite: 0j
F_swave: 0j, F_dwave: 0j
F_px: 0j, F_py: 0j
Free_energy = -9172.646911057409
------------------------------------------
[{'stable': {}, 'free': np.float64(-9172.646911057409)}]
------------------------------------------
  Seed: d-wave
F_onsite: (8.26796668399905e-17+0j)
F_swave: (-1.249000902703301e-16+0j), F_dwave: (0.10132817205002378+0j)
F_px: -2.943429151951037e-17j, F_py: 1.0970203286937487e-17j
Free_energy = -9623.786276487852
------------------------------------------
[{'stable': {'F_dwave': np.complex128(0.10132817205002378+0j)}, 'free': np.float64(-9623.786276487852)}]
------------------------------------------
  Seed: d-wave+px
F_onsite: (6.459350896921685e-17+1.2442347761942676e-19j)
F_swave: (1.1102230246251565e-16-5.378903871346924e-18j), F_dwave: (0.10132817205002351+8.249335991664942e-17j)
F_px: (2.075284805114208e-10-6.328846081869441e-18j), F_py: 1.399943552256674e-17j
Free_energy = -9623.786276487852
------------------------------------------
[{'stable': {'F_dwave': np.complex128(0.10132817205002378+0j)}, 'free': np.float64(-9623.786276487852)}]
------------------------------------------
  Seed: d-wave+py
F_onsite: (1.978208766063256e-17+7.140881216001271e-19j)
F_swave: (1.457167719820518e-16+2.8886772930745616e-18j), F_dwave: (0.10132817205002323-1.2257380692492478e-17j)
F_px: (2.0816681711721685e-17-1.1316070240528198e-17j), F_py: (2.0752816132230123e-10+1.1719822903748728e-17j)
Free_energy = -9623.786276487846
------------------------------------------
[{'stable': {'F_dwave': np.complex128(0.10132817205002378+0j)}, 'free': np.float64(-9623.786276487852)}]
------------------------------------------
====================================
mu=0.13, T=0.0742
====================================
  Seed: normal state
F_onsite: 0j
F_swave: 0j, F_dwave: 0j
F_px: 0j, F_py: 0j
Free_energy = -9176.667355604406
------------------------------------------
[{'stable': {}, 'free': np.float64(-9176.667355604406)}]
------------------------------------------
  Seed: d-wave
F_onsite: (-3.4276654885851436e-17+0j)
F_swave: (-4.163336342344337e-17+0j), F_dwave: (0.10115510881564073+0j)
F_px: -9.522731916218152e-18j, F_py: 7.687333964112088e-18j
Free_energy = -9623.153943624564
------------------------------------------
[{'stable': {'F_dwave': np.complex128(0.10115510881564073+0j)}, 'free': np.float64(-9623.153943624564)}]
------------------------------------------
  Seed: d-wave+px
F_onsite: (-7.079114666709074e-17-7.088729260734104e-20j)
F_swave: (-7.979727989493313e-17-2.0044627185572597e-18j), F_dwave: (0.1011551088156411+8.638151762966641e-17j)
F_px: (5.7411284060115975e-11-1.5708069352777286e-17j), F_py: (-6.938893903907228e-18+1.3387109548449618e-17j)
Free_energy = -9623.15394362457
------------------------------------------
[{'stable': {'F_dwave': np.complex128(0.10115510881564073+0j)}, 'free': np.float64(-9623.153943624564)}]
------------------------------------------
  Seed: d-wave+py
F_onsite: (-4.012970190996516e-17-6.117998598652651e-19j)
F_swave: (-1.214306433183765e-16+1.1121257271190985e-18j), F_dwave: (0.10115510881564109-2.291307191935898e-17j)
F_px: (3.469446951953614e-17-1.7663614439195568e-17j), F_py: (5.7411624065917266e-11+1.4045062700498247e-17j)
Free_energy = -9623.153943624566
------------------------------------------
[{'stable': {'F_dwave': np.complex128(0.10115510881564073+0j)}, 'free': np.float64(-9623.153943624564)}]
------------------------------------------
====================================
mu=0.13, T=0.0803
====================================
  Seed: normal state
F_onsite: 0j
F_swave: 0j, F_dwave: 0j
F_px: 0j, F_py: 0j
Free_energy = -9181.008557642672
------------------------------------------
[{'stable': {}, 'free': np.float64(-9181.008557642672)}]
------------------------------------------
  Seed: d-wave
F_onsite: (1.4210790870093604e-17+0j)
F_swave: (4.163336342344337e-17+0j), F_dwave: (0.10093663858709334+0j)
F_px: -3.614966302393229e-17j, F_py: 8.487865701529128e-18j
Free_energy = -9622.334830342767
------------------------------------------
[{'stable': {'F_dwave': np.complex128(0.10093663858709334+0j)}, 'free': np.float64(-9622.334830342767)}]
------------------------------------------
  Seed: d-wave+px
F_onsite: (5.3566781137671055e-18+8.73717243653583e-19j)
F_swave: (2.8796409701215e-16-6.2207889475410865e-19j), F_dwave: (0.1009366385870932+7.047953904000558e-17j)
F_px: (1.5068196690393165e-11-2.77110440085709e-18j), F_py: (-6.938893903907228e-18+1.3129738056232395e-17j)
Free_energy = -9622.334830342767
------------------------------------------
[{'stable': {'F_dwave': np.complex128(0.10093663858709334+0j)}, 'free': np.float64(-9622.334830342767)}]
------------------------------------------
  Seed: d-wave+py
F_onsite: (-7.55800825429372e-17-5.84292160528777e-19j)
F_swave: (-2.0816681711721685e-16-7.780509331547133e-18j), F_dwave: (0.1009366385870934-1.4046124232347826e-17j)
F_px: (-2.7755575615628914e-17-2.6861660222782483e-17j), F_py: (1.5068141179241934e-11+1.0773445886956717e-17j)
Free_energy = -9622.334830342767
------------------------------------------
[{'stable': {'F_dwave': np.complex128(0.10093663858709334+0j)}, 'free': np.float64(-9622.334830342767)}]
------------------------------------------
====================================
mu=0.13, T=0.0864
====================================
  Seed: normal state
F_onsite: 0j
F_swave: 0j, F_dwave: 0j
F_px: 0j, F_py: 0j
Free_energy = -9185.663699419541
------------------------------------------
[{'stable': {}, 'free': np.float64(-9185.663699419541)}]
------------------------------------------
  Seed: d-wave
F_onsite: (9.121022829601717e-18+0j)
F_swave: (-2.0816681711721685e-17+0j), F_dwave: (0.10066487040761213+0j)
F_px: -4.985248807012137e-18j, F_py: 7.853330490556025e-18j
Free_energy = -9621.290053549736
------------------------------------------
[{'stable': {'F_dwave': np.complex128(0.10066487040761213+0j)}, 'free': np.float64(-9621.290053549736)}]
------------------------------------------
  Seed: d-wave+px
F_onsite: (-5.781890940632466e-17-3.7300875024498544e-19j)
F_swave: (9.020562075079397e-17+5.310489296336937e-18j), F_dwave: (0.10066487040761254+1.0013361844533073e-16j)
F_px: (3.752387289779335e-12-1.0573334552332402e-17j), F_py: 1.464134612155461e-17j
Free_energy = -9621.290053549736
------------------------------------------
[{'stable': {'F_dwave': np.complex128(0.10066487040761213+0j)}, 'free': np.float64(-9621.290053549736)}]
------------------------------------------
  Seed: d-wave+py
F_onsite: (3.9787815428497485e-17+1.2279873390600516e-18j)
F_swave: (-2.740863092043355e-16+9.403791634651786e-19j), F_dwave: (0.10066487040761246-1.2549992318665508e-17j)
F_px: (-7.632783294297951e-17-4.977563178976915e-18j), F_py: (3.752588517702549e-12+1.3753742855349078e-17j)
Free_energy = -9621.29005354974
------------------------------------------
[{'stable': {'F_dwave': np.complex128(0.10066487040761213+0j)}, 'free': np.float64(-9621.290053549736)}]
------------------------------------------
====================================
mu=0.13, T=0.0925
====================================
  Seed: normal state
F_onsite: 0j
F_swave: 0j, F_dwave: 0j
F_px: 0j, F_py: 0j
Free_energy = -9190.626431876142
------------------------------------------
[{'stable': {}, 'free': np.float64(-9190.626431876142)}]
------------------------------------------
  Seed: d-wave
F_onsite: (-9.103491186280986e-17+0j)
F_swave: (8.326672684688674e-17+0j), F_dwave: (0.1003318153869647+0j)
F_px: -1.1585702609390243e-17j, F_py: 1.3567394054301885e-17j
Free_energy = -9619.981393803708
------------------------------------------
[{'stable': {'F_dwave': np.complex128(0.1003318153869647+0j)}, 'free': np.float64(-9619.981393803708)}]
------------------------------------------
  Seed: d-wave+px
F_onsite: (-1.2279992791971444e-16+9.844114240011178e-21j)
F_swave: (-1.4224732503009818e-16-7.369478785054194e-18j), F_dwave: (0.10033181538696509+7.66988170370598e-17j)
F_px: (7.223596720784542e-13-4.306083225346191e-17j), F_py: (-3.469446951953614e-17+1.420247404441135e-17j)
Free_energy = -9619.981393803708
------------------------------------------
[{'stable': {'F_dwave': np.complex128(0.1003318153869647+0j)}, 'free': np.float64(-9619.981393803708)}]
------------------------------------------
  Seed: d-wave+py
F_onsite: (-1.242690438942106e-16-8.29216275939689e-19j)
F_swave: (2.0816681711721685e-17-1.769525728277234e-18j), F_dwave: (0.10033181538696515-1.6207342859337587e-17j)
F_px: (-4.85722573273506e-17-9.37089794518921e-18j), F_py: (7.223804887601659e-13+1.1648223400155334e-17j)
Free_energy = -9619.98139380371
------------------------------------------
[{'stable': {'F_dwave': np.complex128(0.1003318153869647+0j)}, 'free': np.float64(-9619.981393803708)}]
------------------------------------------
====================================
mu=0.13, T=0.0986
====================================
  Seed: normal state
F_onsite: 0j
F_swave: 0j, F_dwave: 0j
F_px: 0j, F_py: 0j
Free_energy = -9195.890832502524
------------------------------------------
[{'stable': {}, 'free': np.float64(-9195.890832502524)}]
------------------------------------------
  Seed: d-wave
F_onsite: (-3.3159747155158396e-16+0j)
F_swave: (1.3183898417423734e-16+0j), F_dwave: (0.09993079493492064+0j)
F_px: -6.486982817362297e-18j, F_py: 1.384531019945446e-17j
Free_energy = -9618.392684209533
------------------------------------------
[{'stable': {'F_dwave': np.complex128(0.09993079493492064+0j)}, 'free': np.float64(-9618.392684209533)}]
------------------------------------------
  Seed: d-wave+px
F_onsite: (-3.0635125273222197e-16-1.3176952509870204e-18j)
F_swave: (6.938893903907228e-17-1.4768001219786264e-18j), F_dwave: (0.09993079493492045+7.539508981539915e-17j)
F_px: (1.3087447792159423e-13-2.152062551486262e-17j), F_py: (-2.7755575615628914e-17+1.2989387277567567e-17j)
Free_energy = -9618.392684209532
------------------------------------------
[{'stable': {'F_dwave': np.complex128(0.09993079493492064+0j)}, 'free': np.float64(-9618.392684209533)}]
------------------------------------------
  Seed: d-wave+py
F_onsite: (-3.0483881580837526e-16+1.4567600384670811e-18j)
F_swave: (-2.42861286636753e-17+3.159783239430021e-19j), F_dwave: (0.09993079493492048-1.5697527459583392e-17j)
F_px: (5.551115123125783e-17-1.190982496246719e-17j), F_py: (1.3101325579967238e-13+1.346578121805017e-17j)
Free_energy = -9618.392684209532
------------------------------------------
[{'stable': {'F_dwave': np.complex128(0.09993079493492064+0j)}, 'free': np.float64(-9618.392684209533)}]
------------------------------------------
====================================
mu=0.13, T=0.1047
====================================
  Seed: normal state
F_onsite: 0j
F_swave: 0j, F_dwave: 0j
F_px: 0j, F_py: 0j
Free_energy = -9201.45136837298
------------------------------------------
[{'stable': {}, 'free': np.float64(-9201.45136837298)}]
------------------------------------------
  Seed: d-wave
F_onsite: (1.247189575685157e-16+0j)
F_swave: (2.0816681711721685e-16+0j), F_dwave: (0.09945430512142203+0j)
F_px: -8.877951670699947e-18j, F_py: 1.528252908510916e-17j
Free_energy = -9616.494218944998
------------------------------------------
[{'stable': {'F_dwave': np.complex128(0.09945430512142203+0j)}, 'free': np.float64(-9616.494218944998)}]
------------------------------------------
  Seed: d-wave+px
F_onsite: (1.0651234008458795e-16-1.2962063602445278e-19j)
F_swave: (3.400058012914542e-16+2.5351664257989763e-18j), F_dwave: (0.09945430512142239+8.439329452201022e-17j)
F_px: (2.232936058277346e-14-1.8867910196552102e-17j), F_py: (6.938893903907228e-17+1.2674179385218433e-17j)
Free_energy = -9616.494218944998
------------------------------------------
[{'stable': {'F_dwave': np.complex128(0.09945430512142203+0j)}, 'free': np.float64(-9616.494218944998)}]
------------------------------------------
  Seed: d-wave+py
F_onsite: (9.460131316922126e-17-6.981639185897484e-19j)
F_swave: (4.5102810375396984e-17-1.9986107323808094e-18j), F_dwave: (0.09945430512142228-2.1384310832438743e-17j)
F_px: (-1.3877787807814457e-17-3.7264658908016e-18j), F_py: (2.225303274983048e-14+1.3863740766194733e-17j)
Free_energy = -9616.494218944996
------------------------------------------
[{'stable': {'F_dwave': np.complex128(0.09945430512142203+0j)}, 'free': np.float64(-9616.494218944998)}]
------------------------------------------
====================================
mu=0.13, T=0.1108
====================================
  Seed: normal state
F_onsite: 0j
F_swave: 0j, F_dwave: 0j
F_px: 0j, F_py: 0j
Free_energy = -9207.30286224085
------------------------------------------
[{'stable': {}, 'free': np.float64(-9207.30286224085)}]
------------------------------------------
  Seed: d-wave
F_onsite: (1.8310944626199262e-16+0j)
F_swave: (1.5265566588595902e-16+0j), F_dwave: (0.0988949237740641+0j)
F_px: 3.3829314835941416e-19j, F_py: 1.4855865455314236e-17j
Free_energy = -9614.258353858962
------------------------------------------
[{'stable': {'F_dwave': np.complex128(0.0988949237740641+0j)}, 'free': np.float64(-9614.258353858962)}]
------------------------------------------
  Seed: d-wave+px
F_onsite: (1.809476095773952e-16+5.439690282602256e-19j)
F_swave: (1.457167719820518e-16+1.772785665560411e-18j), F_dwave: (0.09889492377406435+8.592069303566643e-17j)
F_px: (2.6506574712925612e-15-1.6507810194977717e-18j), F_py: (2.7755575615628914e-17+1.3473709005728538e-17j)
Free_energy = -9614.258353858962
------------------------------------------
[{'stable': {'F_dwave': np.complex128(0.0988949237740641+0j)}, 'free': np.float64(-9614.258353858962)}]
------------------------------------------
  Seed: d-wave+py
F_onsite: (1.8039045497675286e-16+4.369854657059214e-20j)
F_swave: (1.0061396160665481e-16-9.666887218475339e-19j), F_dwave: (0.09889492377406446-1.1597204536891456e-17j)
F_px: (3.469446951953614e-17-5.550848256954281e-18j), F_py: (2.6575963651964685e-15+1.5117414918998853e-17j)
Free_energy = -9614.258353858964
------------------------------------------
[{'stable': {'F_dwave': np.complex128(0.0988949237740641+0j)}, 'free': np.float64(-9614.258353858962)}]
------------------------------------------
====================================
mu=0.13, T=0.1169
====================================
  Seed: normal state
F_onsite: 0j
F_swave: 0j, F_dwave: 0j
F_px: 0j, F_py: 0j
Free_energy = -9213.440461049793
------------------------------------------
[{'stable': {}, 'free': np.float64(-9213.440461049793)}]
------------------------------------------
  Seed: d-wave
F_onsite: (1.2453621021014558e-17+0j)
F_swave: (1.3877787807814457e-17+0j), F_dwave: (0.09824668194359071+0j)
F_px: -1.689078988031641e-17j, F_py: 1.2235175856129105e-17j
Free_energy = -9611.680314513327
------------------------------------------
[{'stable': {'F_dwave': np.complex128(0.09824668194359071+0j)}, 'free': np.float64(-9611.680314513327)}]
------------------------------------------
  Seed: d-wave+px
F_onsite: (2.364953046425449e-17+1.2347747274548345e-18j)
F_swave: (1.0408340855860843e-17-4.874868171711836e-18j), F_dwave: (0.09824668194359074+7.346083403885746e-17j)
F_px: (1.8041124150158794e-16+1.2974513196351451e-17j), F_py: (2.0816681711721685e-17+1.3992348186749988e-17j)
Free_energy = -9611.680314513327
------------------------------------------
[{'stable': {'F_dwave': np.complex128(0.09824668194359071+0j)}, 'free': np.float64(-9611.680314513327)}]
------------------------------------------
  Seed: d-wave+py
F_onsite: (1.3613778226067132e-17+9.879630543467357e-19j)
F_swave: (2.0816681711721685e-17-1.5195717307002332e-18j), F_dwave: (0.09824668194359074-1.659121442736145e-17j)
F_px: (-6.938893903907228e-18-5.209332034952752e-18j), F_py: (1.8041124150158794e-16+1.2069954800577763e-17j)
Free_energy = -9611.680314513327
------------------------------------------
[{'stable': {'F_dwave': np.complex128(0.09824668194359071+0j)}, 'free': np.float64(-9611.680314513327)}]
------------------------------------------
====================================
mu=0.13, T=0.1230
====================================
  Seed: normal state
F_onsite: 0j
F_swave: 0j, F_dwave: 0j
F_px: 0j, F_py: 0j
Free_energy = -9219.85960677365
------------------------------------------
[{'stable': {}, 'free': np.float64(-9219.85960677365)}]
------------------------------------------
  Seed: d-wave
F_onsite: (7.738740498554564e-17+0j)
F_swave: (-2.5673907444456745e-16+0j), F_dwave: (0.09750262049998078+0j)
F_px: -1.8105605525885262e-17j, F_py: 1.3084984821519133e-17j
Free_energy = -9608.741640491658
------------------------------------------
[{'stable': {'F_dwave': np.complex128(0.09750262049998078+0j)}, 'free': np.float64(-9608.741640491658)}]
------------------------------------------
  Seed: d-wave+px
F_onsite: (7.436905601756414e-17-3.7612136992821938e-19j)
F_swave: (-2.5673907444456745e-16-1.1022759034336656e-17j), F_dwave: (0.09750262049998074+7.384500153074546e-17j)
F_px: (1.0408340855860843e-16-7.345092524229968e-18j), F_py: (4.163336342344337e-17+1.1546457833491941e-17j)
Free_energy = -9608.74164049166
------------------------------------------
[{'stable': {'F_dwave': np.complex128(0.09750262049998078+0j)}, 'free': np.float64(-9608.741640491658)}]
------------------------------------------
  Seed: d-wave+py
F_onsite: (7.415809187413862e-17-1.670131975611722e-19j)
F_swave: (-2.5673907444456745e-16+7.932496638261025e-20j), F_dwave: (0.09750262049998076-1.5066189922063266e-17j)
F_px: (6.938893903907228e-18-3.84055491633063e-18j), F_py: (2.7755575615628914e-17+1.479632555594029e-17j)
Free_energy = -9608.74164049166
------------------------------------------
[{'stable': {'F_dwave': np.complex128(0.09750262049998078+0j)}, 'free': np.float64(-9608.741640491658)}]
------------------------------------------
====================================
mu=0.13, T=0.1291
====================================
  Seed: normal state
F_onsite: 0j
F_swave: 0j, F_dwave: 0j
F_px: 0j, F_py: 0j
Free_energy = -9226.556009628783
------------------------------------------
[{'stable': {}, 'free': np.float64(-9226.556009628783)}]
------------------------------------------
  Seed: d-wave
F_onsite: (2.0355697265068333e-17+0j)
F_swave: (1.3183898417423734e-16+0j), F_dwave: (0.0966555656373379+0j)
F_px: -3.283504277595268e-17j, F_py: 9.50769502438453e-18j
Free_energy = -9605.42424203737
------------------------------------------
[{'stable': {'F_dwave': np.complex128(0.0966555656373379+0j)}, 'free': np.float64(-9605.42424203737)}]
------------------------------------------
  Seed: d-wave+px
F_onsite: (1.8839508289483135e-17+1.4172388087848204e-18j)
F_swave: (1.249000902703301e-16-3.538569886251302e-18j), F_dwave: (0.0966555656373379+8.209585227622762e-17j)
F_px: -2.0275602193535436e-17j, F_py: (1.3877787807814457e-17+1.327003008763092e-17j)
Free_energy = -9605.42424203737
------------------------------------------
[{'stable': {'F_dwave': np.complex128(0.0966555656373379+0j)}, 'free': np.float64(-9605.42424203737)}]
------------------------------------------
  Seed: d-wave+py
F_onsite: (3.091601436051232e-17+1.686146859450188e-19j)
F_swave: (1.3877787807814457e-16+1.9622295772921667e-18j), F_dwave: (0.09665556563733789-9.714314815232926e-18j)
F_px: -3.032475310328493e-17j, F_py: (-1.3877787807814457e-17+1.155520857719214e-17j)
Free_energy = -9605.424242037368
------------------------------------------
[{'stable': {'F_dwave': np.complex128(0.0966555656373379+0j)}, 'free': np.float64(-9605.42424203737)}]
------------------------------------------
====================================
mu=0.13, T=0.1352
====================================
  Seed: normal state
F_onsite: 0j
F_swave: 0j, F_dwave: 0j
F_px: 0j, F_py: 0j
Free_energy = -9233.525623673711
------------------------------------------
[{'stable': {}, 'free': np.float64(-9233.525623673711)}]
------------------------------------------
  Seed: d-wave
F_onsite: (-8.534976537980176e-17+0j)
F_swave: (-1.5265566588595902e-16+0j), F_dwave: (0.09569987227533333+0j)
F_px: -1.0968102897986888e-17j, F_py: 1.263979308449597e-17j
Free_energy = -9601.73484594945
------------------------------------------
[{'stable': {'F_dwave': np.complex128(0.09569987227533333+0j)}, 'free': np.float64(-9601.73484594945)}]
------------------------------------------
  Seed: d-wave+px
F_onsite: (-8.64097202154471e-17-1.0610592986875862e-18j)
F_swave: (-1.1449174941446927e-16+1.7494578357712177e-18j), F_dwave: (0.09569987227533334+9.230115813521972e-17j)
F_px: (4.163336342344337e-17-1.587798603024452e-17j), F_py: (-2.0816681711721685e-17+1.4187673839263792e-17j)
Free_energy = -9601.73484594945
------------------------------------------
[{'stable': {'F_dwave': np.complex128(0.09569987227533333+0j)}, 'free': np.float64(-9601.73484594945)}]
------------------------------------------
  Seed: d-wave+py
F_onsite: (-8.925069698188315e-17+1.649291717057749e-19j)
F_swave: (-1.1449174941446927e-16-1.5390654826059641e-18j), F_dwave: (0.09569987227533336-1.4352323954443265e-17j)
F_px: (-1.3877787807814457e-17-1.132982502132859e-17j), F_py: (2.0816681711721685e-17+1.460932566204104e-17j)
Free_energy = -9601.73484594945
------------------------------------------
[{'stable': {'F_dwave': np.complex128(0.09569987227533333+0j)}, 'free': np.float64(-9601.73484594945)}]
------------------------------------------
====================================
mu=0.13, T=0.1413
====================================
  Seed: normal state
F_onsite: 0j
F_swave: 0j, F_dwave: 0j
F_px: 0j, F_py: 0j
Free_energy = -9240.764624744053
------------------------------------------
[{'stable': {}, 'free': np.float64(-9240.764624744053)}]
------------------------------------------
  Seed: d-wave
F_onsite: (3.467227460934012e-17+0j)
F_swave: (-1.3183898417423734e-16+0j), F_dwave: (0.09462766887320495+0j)
F_px: -8.42125863706452e-18j, F_py: 1.6154549504307462e-17j
Free_energy = -9597.655140736873
------------------------------------------
[{'stable': {'F_dwave': np.complex128(0.09462766887320495+0j)}, 'free': np.float64(-9597.655140736873)}]
------------------------------------------
  Seed: d-wave+px
F_onsite: (4.696260355999181e-17-2.206921974288866e-19j)
F_swave: (-1.4224732503009818e-16-1.6632732690257017e-18j), F_dwave: (0.09462766887320492+9.827008826552354e-17j)
F_px: (-6.938893903907228e-18-1.0512391905113888e-17j), F_py: (-2.0816681711721685e-17+1.3447859857259408e-17j)
Free_energy = -9597.655140736873
------------------------------------------
[{'stable': {'F_dwave': np.complex128(0.09462766887320495+0j)}, 'free': np.float64(-9597.655140736873)}]
------------------------------------------
  Seed: d-wave+py
F_onsite: (3.4758169044147625e-17+4.989221106664565e-19j)
F_swave: (-1.3183898417423734e-16-1.824408879531644e-18j), F_dwave: (0.09462766887320495-1.3773265265612256e-17j)
F_px: (2.0816681711721685e-17-2.449657333767614e-18j), F_py: (-2.7755575615628914e-17+1.2354896187725742e-17j)
Free_energy = -9597.655140736873
------------------------------------------
[{'stable': {'F_dwave': np.complex128(0.09462766887320495+0j)}, 'free': np.float64(-9597.655140736873)}]
------------------------------------------
====================================
mu=0.13, T=0.1474
====================================
  Seed: normal state
F_onsite: 0j
F_swave: 0j, F_dwave: 0j
F_px: 0j, F_py: 0j
Free_energy = -9248.26939060631
------------------------------------------
[{'stable': {}, 'free': np.float64(-9248.26939060631)}]
------------------------------------------
  Seed: d-wave
F_onsite: (-2.474311703646741e-16+0j)
F_swave: (9.71445146547012e-17+0j), F_dwave: (0.09343284151217177+0j)
F_px: -6.803262261881838e-18j, F_py: 1.373735288348395e-17j
Free_energy = -9593.196021004605
------------------------------------------
[{'stable': {'F_dwave': np.complex128(0.09343284151217177+0j)}, 'free': np.float64(-9593.196021004605)}]
------------------------------------------
  Seed: d-wave+px
F_onsite: (-2.7918238981802186e-16-6.350957444192369e-19j)
F_swave: (1.0061396160665481e-16+3.781155968207518e-18j), F_dwave: (0.09343284151217171+1.0644934549501348e-16j)
F_px: (6.938893903907228e-18-5.886827009481716e-18j), F_py: (-2.0816681711721685e-17+1.2436147105721762e-17j)
Free_energy = -9593.196021004605
------------------------------------------
[{'stable': {'F_dwave': np.complex128(0.09343284151217177+0j)}, 'free': np.float64(-9593.196021004605)}]
------------------------------------------
  Seed: d-wave+py
F_onsite: (-2.47107603778823e-16-2.464500242797963e-19j)
F_swave: (9.71445146547012e-17-8.311113152131529e-19j), F_dwave: (0.09343284151217177-1.120973349243207e-17j)
F_px: (-6.938893903907228e-18-3.1217539114201478e-18j), F_py: 1.1423218339735187e-17j
Free_energy = -9593.196021004605
------------------------------------------
[{'stable': {'F_dwave': np.complex128(0.09343284151217177+0j)}, 'free': np.float64(-9593.196021004605)}]
------------------------------------------
====================================
mu=0.13, T=0.1536
====================================
  Seed: normal state
F_onsite: 0j
F_swave: 0j, F_dwave: 0j
F_px: 0j, F_py: 0j
Free_energy = -9256.036483172715
------------------------------------------
[{'stable': {}, 'free': np.float64(-9256.036483172715)}]
------------------------------------------
  Seed: d-wave
F_onsite: (1.4315955304451146e-17+0j)
F_swave: (1.5959455978986625e-16+0j), F_dwave: (0.09210661037042389+0j)
F_px: -4.873471063657234e-18j, F_py: 1.459772279958876e-17j
Free_energy = -9588.343102211566
------------------------------------------
[{'stable': {'F_dwave': np.complex128(0.09210661037042389+0j)}, 'free': np.float64(-9588.343102211566)}]
------------------------------------------
  Seed: d-wave+px
F_onsite: (2.7598623057480652e-17-6.82036829025282e-19j)
F_swave: (1.2836953722228372e-16+4.1255616507470004e-18j), F_dwave: (0.09210661037042389+1.3817798849994764e-16j)
F_px: (1.3877787807814457e-17+1.9030009638915323e-18j), F_py: (6.938893903907228e-18+1.2760318085453295e-17j)
Free_energy = -9588.343102211566
------------------------------------------
[{'stable': {'F_dwave': np.complex128(0.09210661037042389+0j)}, 'free': np.float64(-9588.343102211566)}]
------------------------------------------
  Seed: d-wave+py
F_onsite: (2.8526203544062916e-17+4.480772795304e-19j)
F_swave: (1.5959455978986625e-16+2.3410226699452592e-18j), F_dwave: (0.09210661037042389-6.306049656901337e-18j)
F_px: 1.2125462755583134e-18j, F_py: 1.2901364787602774e-17j
Free_energy = -9588.343102211566
------------------------------------------
[{'stable': {'F_dwave': np.complex128(0.09210661037042389+0j)}, 'free': np.float64(-9588.343102211566)}]
------------------------------------------
====================================
mu=0.13, T=0.1597
====================================
  Seed: normal state
F_onsite: 0j
F_swave: 0j, F_dwave: 0j
F_px: 0j, F_py: 0j
Free_energy = -9264.062632598554
------------------------------------------
[{'stable': {}, 'free': np.float64(-9264.062632598554)}]
------------------------------------------
  Seed: d-wave
F_onsite: (-5.10044813593068e-17+0j)
F_swave: (2.0122792321330962e-16+0j), F_dwave: (0.09064126181738577+0j)
F_px: -1.0270249178693718e-17j, F_py: 1.5441434280849342e-17j
Free_energy = -9583.104757468007
------------------------------------------
[{'stable': {'F_dwave': np.complex128(0.09064126181738577+0j)}, 'free': np.float64(-9583.104757468007)}]
------------------------------------------
  Seed: d-wave+px
F_onsite: (-4.220772408811397e-17+1.6131024506755194e-19j)
F_swave: (1.8735013540549517e-16-2.2949715378758558e-18j), F_dwave: (0.09064126181738581+1.2814895999936942e-16j)
F_px: 3.0853621592105247e-18j, F_py: 1.2785091298702303e-17j
Free_energy = -9583.104757468007
------------------------------------------
[{'stable': {'F_dwave': np.complex128(0.09064126181738577+0j)}, 'free': np.float64(-9583.104757468007)}]
------------------------------------------
  Seed: d-wave+py
F_onsite: (-4.276100182582322e-17-3.0605251892327617e-19j)
F_swave: (2.0122792321330962e-16+2.183870007680971e-18j), F_dwave: (0.09064126181738576-1.0719781387522264e-17j)
F_px: (-6.938893903907228e-18+2.5358958609748913e-19j), F_py: (1.3877787807814457e-17+1.391899049983283e-17j)
Free_energy = -9583.104757468007
------------------------------------------
[{'stable': {'F_dwave': np.complex128(0.09064126181738577+0j)}, 'free': np.float64(-9583.104757468007)}]
------------------------------------------
====================================
mu=0.13, T=0.1658
====================================
  Seed: normal state
F_onsite: 0j
F_swave: 0j, F_dwave: 0j
F_px: 0j, F_py: 0j
Free_energy = -9272.344723076185
------------------------------------------
[{'stable': {}, 'free': np.float64(-9272.344723076185)}]
------------------------------------------
  Seed: d-wave
F_onsite: (7.601829534031727e-18+0j)
F_swave: (-1.1102230246251565e-16+0j), F_dwave: (0.08902758094519231+0j)
F_px: -3.3557939901500533e-18j, F_py: 1.4858084514834725e-17j
Free_energy = -9577.482959076473
------------------------------------------
[{'stable': {'F_dwave': np.complex128(0.08902758094519231+0j)}, 'free': np.float64(-9577.482959076473)}]
------------------------------------------
  Seed: d-wave+px
F_onsite: (8.707776630458429e-18+4.523100782189654e-19j)
F_swave: (-9.71445146547012e-17-8.003834762238698e-19j), F_dwave: (0.08902758094519231+1.29686408550673e-16j)
F_px: 6.290546017475544e-18j, F_py: (1.3877787807814457e-17+1.4176944293789295e-17j)
Free_energy = -9577.482959076473
------------------------------------------
[{'stable': {'F_dwave': np.complex128(0.08902758094519231+0j)}, 'free': np.float64(-9577.482959076473)}]
------------------------------------------
  Seed: d-wave+py
F_onsite: (8.463023813372935e-18+1.016601431530739e-18j)
F_swave: (-1.1449174941446927e-16+1.4074418151995356e-18j), F_dwave: (0.08902758094519231-5.9127418192446235e-18j)
F_px: (6.938893903907228e-18+5.144728401931748e-19j), F_py: (6.938893903907228e-18+1.493628368840365e-17j)
Free_energy = -9577.482959076473
------------------------------------------
[{'stable': {'F_dwave': np.complex128(0.08902758094519231+0j)}, 'free': np.float64(-9577.482959076473)}]
------------------------------------------
====================================
mu=0.13, T=0.1719
====================================
  Seed: normal state
F_onsite: 0j
F_swave: 0j, F_dwave: 0j
F_px: 0j, F_py: 0j
Free_energy = -9280.879780145455
------------------------------------------
[{'stable': {}, 'free': np.float64(-9280.879780145455)}]
------------------------------------------
  Seed: d-wave
F_onsite: (4.203631287832e-17+0j)
F_swave: (-4.163336342344337e-17+0j), F_dwave: (0.08725582996794441+0j)
F_px: -1.0298706337473064e-17j, F_py: 1.2443759373751701e-17j
Free_energy = -9571.486831136535
------------------------------------------
[{'stable': {'F_dwave': np.complex128(0.08725582996794441+0j)}, 'free': np.float64(-9571.486831136535)}]
------------------------------------------
  Seed: d-wave+px
F_onsite: (5.593645441500809e-17-5.929086964727818e-19j)
F_swave: (-5.898059818321144e-17-4.412850576473405e-18j), F_dwave: (0.0872558299679444+1.2749066443889103e-16j)
F_px: (4.85722573273506e-17-1.049170494517455e-17j), F_py: (-6.938893903907228e-18+1.2869328082478595e-17j)
Free_energy = -9571.486831136535
------------------------------------------
[{'stable': {'F_dwave': np.complex128(0.08725582996794441+0j)}, 'free': np.float64(-9571.486831136535)}]
------------------------------------------
  Seed: d-wave+py
F_onsite: (3.508316499809726e-17-7.568963514687e-20j)
F_swave: (-3.8163916471489756e-17+9.588642505538663e-19j), F_dwave: (0.08725582996794441-8.504581574142752e-18j)
F_px: -3.650105265686727e-18j, F_py: (6.938893903907228e-18+1.058027365490244e-17j)
Free_energy = -9571.486831136535
------------------------------------------
[{'stable': {'F_dwave': np.complex128(0.08725582996794441+0j)}, 'free': np.float64(-9571.486831136535)}]
------------------------------------------
====================================
mu=0.13, T=0.1780
====================================
  Seed: normal state
F_onsite: 0j
F_swave: 0j, F_dwave: 0j
F_px: 0j, F_py: 0j
Free_energy = -9289.664959350943
------------------------------------------
[{'stable': {}, 'free': np.float64(-9289.664959350943)}]
------------------------------------------
  Seed: d-wave
F_onsite: (-1.9692780753987113e-17+0j)
F_swave: (-3.7470027081099033e-16+0j), F_dwave: (0.08531241663740269+0j)
F_px: -1.4726947205246303e-17j, F_py: 1.2673448635880914e-17j
Free_energy = -9565.103176777284
------------------------------------------
[{'stable': {'F_dwave': np.complex128(0.08531241663740269+0j)}, 'free': np.float64(-9565.103176777284)}]
------------------------------------------
  Seed: d-wave+px
F_onsite: (-1.8767759980281162e-17+6.795958777697444e-19j)
F_swave: (-3.7470027081099033e-16+5.358478019764253e-18j), F_dwave: (0.08531241663740269+1.5288772106705312e-16j)
F_px: (-6.938893903907228e-18-2.4483572150352334e-17j), F_py: 1.2113915703868204e-17j
Free_energy = -9565.103176777284
------------------------------------------
[{'stable': {'F_dwave': np.complex128(0.08531241663740269+0j)}, 'free': np.float64(-9565.103176777284)}]
------------------------------------------
  Seed: d-wave+py
F_onsite: (-8.326551586061278e-18+3.767206338303535e-19j)
F_swave: (-3.712308238590367e-16-5.67471271119384e-18j), F_dwave: (0.08531241663740267-1.9095749197712512e-17j)
F_px: (3.469446951953614e-17-1.4901950774597905e-17j), F_py: (3.469446951953614e-17+1.1621300677026552e-17j)
Free_energy = -9565.103176777284
------------------------------------------
[{'stable': {'F_dwave': np.complex128(0.08531241663740269+0j)}, 'free': np.float64(-9565.103176777284)}]
------------------------------------------
====================================
mu=0.13, T=0.1841
====================================
  Seed: normal state
F_onsite: 0j
F_swave: 0j, F_dwave: 0j
F_px: 0j, F_py: 0j
Free_energy = -9298.697536090647
------------------------------------------
[{'stable': {}, 'free': np.float64(-9298.697536090647)}]
------------------------------------------
  Seed: d-wave
F_onsite: (-1.3662404994078349e-17+0j)
F_swave: (-1.1102230246251565e-16+0j), F_dwave: (0.08318549079733677+0j)
F_px: 1.0494475968287949e-17j, F_py: 1.4709684972281607e-17j
Free_energy = -9558.354828797812
------------------------------------------
[{'stable': {'F_dwave': np.complex128(0.08318549079733677+0j)}, 'free': np.float64(-9558.354828797812)}]
------------------------------------------
  Seed: d-wave+px
F_onsite: (-2.285705399364518e-17+1.5455061212319842e-18j)
F_swave: (-9.020562075079397e-17-5.154626436368888e-18j), F_dwave: (0.08318549079733678+1.3545685110952558e-16j)
F_px: (-1.3877787807814457e-17+3.474721835412875e-18j), F_py: (-2.7755575615628914e-17+1.3890506076015776e-17j)
Free_energy = -9558.354828797814
------------------------------------------
[{'stable': {'F_dwave': np.complex128(0.08318549079733677+0j)}, 'free': np.float64(-9558.354828797812)}]
------------------------------------------
  Seed: d-wave+py
F_onsite: (-8.848605496568201e-18+4.1973511656888415e-20j)
F_swave: (-1.0408340855860843e-16+4.8882922120946135e-19j), F_dwave: (0.08318549079733675-1.074857575144039e-17j)
F_px: 1.1259241922852105e-17j, F_py: (-1.3877787807814457e-17+1.385521634004208e-17j)
Free_energy = -9558.354828797814
------------------------------------------
[{'stable': {'F_dwave': np.complex128(0.08318549079733677+0j)}, 'free': np.float64(-9558.354828797812)}]
------------------------------------------
====================================
mu=0.13, T=0.1902
====================================
  Seed: normal state
F_onsite: 0j
F_swave: 0j, F_dwave: 0j
F_px: 0j, F_py: 0j
Free_energy = -9307.974896515907
------------------------------------------
[{'stable': {}, 'free': np.float64(-9307.974896515907)}]
------------------------------------------
  Seed: d-wave
F_onsite: (1.3971234070742327e-16+0j)
F_swave: (-9.020562075079397e-17+0j), F_dwave: (0.08085839309076195+0j)
F_px: 3.851888117903219e-18j, F_py: 1.1664045693469416e-17j
Free_energy = -9551.24207271585
------------------------------------------
[{'stable': {'F_dwave': np.complex128(0.08085839309076195+0j)}, 'free': np.float64(-9551.24207271585)}]
------------------------------------------
  Seed: d-wave+px
F_onsite: (1.2690684367127356e-16+2.4086058548234124e-19j)
F_swave: (-7.979727989493313e-17-7.601693256025809e-18j), F_dwave: (0.08085839309076191+1.0103863427198316e-16j)
F_px: (2.7755575615628914e-17-7.586008464045731e-18j), F_py: (-6.938893903907228e-18+1.4050211124959298e-17j)
Free_energy = -9551.24207271585
------------------------------------------
[{'stable': {'F_dwave': np.complex128(0.08085839309076195+0j)}, 'free': np.float64(-9551.24207271585)}]
------------------------------------------
  Seed: d-wave+py
F_onsite: (1.3296546520219165e-16+0j)
F_swave: (-1.0408340855860843e-16+0j), F_dwave: (0.08085839309076193+0j)
F_px: -1.3509298697256784e-18j, F_py: 1.2926963546019453e-17j
Free_energy = -9551.24207271585
------------------------------------------
[{'stable': {'F_dwave': np.complex128(0.08085839309076195+0j)}, 'free': np.float64(-9551.24207271585)}]
------------------------------------------
====================================
mu=0.13, T=0.1963
====================================
  Seed: normal state
F_onsite: 0j
F_swave: 0j, F_dwave: 0j
F_px: 0j, F_py: 0j
Free_energy = -9317.494529358699
------------------------------------------
[{'stable': {}, 'free': np.float64(-9317.494529358699)}]
------------------------------------------
  Seed: d-wave
F_onsite: (1.4633257816959547e-16+0j)
F_swave: (1.3877787807814457e-16+0j), F_dwave: (0.07831119964254118+0j)
F_px: -7.668183481228893e-18j, F_py: 1.1830891331743812e-17j
Free_energy = -9543.766311618976
------------------------------------------
[{'stable': {'F_dwave': np.complex128(0.07831119964254118+0j)}, 'free': np.float64(-9543.766311618976)}]
------------------------------------------
  Seed: d-wave+px
F_onsite: (1.3841846479326783e-16-1.1057277341842613e-18j)
F_swave: (1.1102230246251565e-16+9.762071260718062e-19j), F_dwave: (0.07831119964254121+9.86480651377072e-17j)
F_px: (-4.85722573273506e-17-1.1163095188339952e-17j), F_py: 1.3425003202573343e-17j
Free_energy = -9543.766311618978
------------------------------------------
[{'stable': {'F_dwave': np.complex128(0.07831119964254118+0j)}, 'free': np.float64(-9543.766311618976)}]
------------------------------------------
  Seed: d-wave+py
F_onsite: (1.4633257816959547e-16+0j)
F_swave: (1.3877787807814457e-16+0j), F_dwave: (0.07831119964254118+0j)
F_px: -7.668183481228893e-18j, F_py: 1.1830891331743812e-17j
Free_energy = -9543.766311618976
------------------------------------------
[{'stable': {'F_dwave': np.complex128(0.07831119964254118+0j)}, 'free': np.float64(-9543.766311618976)}]
------------------------------------------
====================================
mu=0.13, T=0.2024
====================================
  Seed: normal state
F_onsite: 0j
F_swave: 0j, F_dwave: 0j
F_px: 0j, F_py: 0j
Free_energy = -9327.254018575586
------------------------------------------
[{'stable': {}, 'free': np.float64(-9327.254018575586)}]
------------------------------------------
  Seed: d-wave
F_onsite: (-2.391830460633012e-17+0j)
F_swave: (4.85722573273506e-17+0j), F_dwave: (0.07552104232189216+0j)
F_px: -2.1235332708985798e-17j, F_py: 1.0075010230059124e-17j
Free_energy = -9535.93987770647
------------------------------------------
[{'stable': {'F_dwave': np.complex128(0.07552104232189216+0j)}, 'free': np.float64(-9535.93987770647)}]
------------------------------------------
  Seed: d-wave+px
F_onsite: (-2.3667741672620457e-17+1.0250570141137817e-18j)
F_swave: (5.898059818321144e-17+1.6372214224284972e-18j), F_dwave: (0.07552104232189215+1.0077324619374501e-16j)
F_px: -3.524141374826539e-18j, F_py: (6.938893903907228e-18+1.2499493149064299e-17j)
Free_energy = -9535.93987770647
------------------------------------------
[{'stable': {'F_dwave': np.complex128(0.07552104232189216+0j)}, 'free': np.float64(-9535.93987770647)}]
------------------------------------------
  Seed: d-wave+py
F_onsite: (-2.391830460633012e-17+0j)
F_swave: (4.85722573273506e-17+0j), F_dwave: (0.07552104232189216+0j)
F_px: -2.1235332708985798e-17j, F_py: 1.0075010230059124e-17j
Free_energy = -9535.93987770647
------------------------------------------
[{'stable': {'F_dwave': np.complex128(0.07552104232189216+0j)}, 'free': np.float64(-9535.93987770647)}]
------------------------------------------
====================================
mu=0.13, T=0.2085
====================================
  Seed: normal state
F_onsite: 0j
F_swave: 0j, F_dwave: 0j
F_px: 0j, F_py: 0j
Free_energy = -9337.25103671155
------------------------------------------
[{'stable': {}, 'free': np.float64(-9337.25103671155)}]
------------------------------------------
  Seed: d-wave
F_onsite: (1.0221972094797365e-16+0j)
F_swave: (9.020562075079397e-17+0j), F_dwave: (0.07245868765219554+0j)
F_px: -7.709053668265138e-19j, F_py: 1.0937272066683832e-17j
Free_energy = -9527.770105802627
------------------------------------------
[{'stable': {'F_dwave': np.complex128(0.07245868765219554+0j)}, 'free': np.float64(-9527.770105802627)}]
------------------------------------------
  Seed: d-wave+px
F_onsite: (9.347671706985106e-17+9.360822476248105e-19j)
F_swave: (6.591949208711867e-17-4.645628589513287e-18j), F_dwave: (0.07245868765219557+6.737558639120189e-17j)
F_px: -1.0503950158079882e-17j, F_py: (6.938893903907228e-18+1.3183537970123441e-17j)
Free_energy = -9527.770105802627
------------------------------------------
[{'stable': {'F_dwave': np.complex128(0.07245868765219554+0j)}, 'free': np.float64(-9527.770105802627)}]
------------------------------------------
  Seed: d-wave+py
F_onsite: (1.0221972094797365e-16+0j)
F_swave: (9.020562075079397e-17+0j), F_dwave: (0.07245868765219554+0j)
F_px: -7.709053668265138e-19j, F_py: 1.0937272066683832e-17j
Free_energy = -9527.770105802627
------------------------------------------
[{'stable': {'F_dwave': np.complex128(0.07245868765219554+0j)}, 'free': np.float64(-9527.770105802627)}]
------------------------------------------
====================================
mu=0.13, T=0.2146
====================================
  Seed: normal state
F_onsite: 0j
F_swave: 0j, F_dwave: 0j
F_px: 0j, F_py: 0j
Free_energy = -9347.483338899348
------------------------------------------
[{'stable': {}, 'free': np.float64(-9347.483338899348)}]
------------------------------------------
  Seed: d-wave
F_onsite: (2.0461046987883087e-17+0j)
F_swave: (2.7755575615628914e-17+0j), F_dwave: (0.06908621568490639+0j)
F_px: 9.054790477954596e-19j, F_py: 1.0964335267672035e-17j
Free_energy = -9519.260620972913
------------------------------------------
[{'stable': {'F_dwave': np.complex128(0.06908621568490639+0j)}, 'free': np.float64(-9519.260620972913)}]
------------------------------------------
  Seed: d-wave+px
F_onsite: (2.05143108018866e-17+3.321248490699446e-20j)
F_swave: (2.7755575615628914e-17+4.419566042276417e-19j), F_dwave: (0.06908621568490639+5.1941755011913665e-17j)
F_px: (-2.0816681711721685e-17-1.0225943808480143e-17j), F_py: 1.2999052336403449e-17j
Free_energy = -9519.260620972913
------------------------------------------
[{'stable': {'F_dwave': np.complex128(0.06908621568490639+0j)}, 'free': np.float64(-9519.260620972913)}]
------------------------------------------
  Seed: d-wave+py
F_onsite: (2.0461046987883087e-17+0j)
F_swave: (2.7755575615628914e-17+0j), F_dwave: (0.06908621568490639+0j)
F_px: 9.054790477954596e-19j, F_py: 1.0964335267672035e-17j
Free_energy = -9519.260620972913
------------------------------------------
[{'stable': {'F_dwave': np.complex128(0.06908621568490639+0j)}, 'free': np.float64(-9519.260620972913)}]
------------------------------------------
====================================
mu=0.13, T=0.2207
====================================
  Seed: normal state
F_onsite: 0j
F_swave: 0j, F_dwave: 0j
F_px: 0j, F_py: 0j
Free_energy = -9357.948757419677
------------------------------------------
[{'stable': {}, 'free': np.float64(-9357.948757419677)}]
------------------------------------------
  Seed: d-wave
F_onsite: (-9.538553162571943e-17+0j)
F_swave: (1.249000902703301e-16+0j), F_dwave: (0.0653555179590062+0j)
F_px: -1.0467610828292105e-17j, F_py: 9.004587232217528e-18j
Free_energy = -9510.424487338381
------------------------------------------
[{'stable': {'F_dwave': np.complex128(0.0653555179590062+0j)}, 'free': np.float64(-9510.424487338381)}]
------------------------------------------
  Seed: d-wave+px
F_onsite: (-9.619721418231567e-17-5.216254551975831e-19j)
F_swave: (1.1449174941446927e-16-4.024135245577586e-18j), F_dwave: (0.06535551795900622+4.4275145035005e-17j)
F_px: (2.7755575615628914e-17-1.3008329166973231e-17j), F_py: (6.938893903907228e-18+1.1723682934092652e-17j)
Free_energy = -9510.424487338381
------------------------------------------
[{'stable': {'F_dwave': np.complex128(0.0653555179590062+0j)}, 'free': np.float64(-9510.424487338381)}]
------------------------------------------
  Seed: d-wave+py
F_onsite: (-9.538553162571943e-17+0j)
F_swave: (1.249000902703301e-16+0j), F_dwave: (0.0653555179590062+0j)
F_px: -1.0467610828292105e-17j, F_py: 9.004587232217528e-18j
Free_energy = -9510.424487338381
------------------------------------------
[{'stable': {'F_dwave': np.complex128(0.0653555179590062+0j)}, 'free': np.float64(-9510.424487338381)}]
------------------------------------------
====================================
mu=0.13, T=0.2268
====================================
  Seed: normal state
F_onsite: 0j
F_swave: 0j, F_dwave: 0j
F_px: 0j, F_py: 0j
Free_energy = -9368.645196756897
------------------------------------------
[{'stable': {}, 'free': np.float64(-9368.645196756897)}]
------------------------------------------
  Seed: d-wave
F_onsite: (8.712563690100992e-17+0j)
F_swave: (-6.938893903907228e-18+0j), F_dwave: (0.06119876614497759+0j)
F_px: -9.577506586542168e-18j, F_py: 1.2376385512859257e-17j
Free_energy = -9501.262380589465
------------------------------------------
[{'stable': {'F_dwave': np.complex128(0.06119876614497759+0j)}, 'free': np.float64(-9501.262380589465)}]
------------------------------------------
  Seed: d-wave+px
F_onsite: (8.88349626234589e-17-4.550875653890147e-19j)
F_swave: (-1.0408340855860843e-17+1.3473916046554828e-18j), F_dwave: (0.06119876614497757+4.6989771066440195e-17j)
F_px: (-1.734723475976807e-17-1.6291184852250196e-17j), F_py: (2.0816681711721685e-17+1.1466378478390682e-17j)
Free_energy = -9501.262380589465
------------------------------------------
[{'stable': {'F_dwave': np.complex128(0.06119876614497759+0j)}, 'free': np.float64(-9501.262380589465)}]
------------------------------------------
  Seed: d-wave+py
F_onsite: (8.712563690100992e-17+0j)
F_swave: (-6.938893903907228e-18+0j), F_dwave: (0.06119876614497759+0j)
F_px: -9.577506586542168e-18j, F_py: 1.2376385512859257e-17j
Free_energy = -9501.262380589465
------------------------------------------
[{'stable': {'F_dwave': np.complex128(0.06119876614497759+0j)}, 'free': np.float64(-9501.262380589465)}]
------------------------------------------
====================================
mu=0.13, T=0.2329
====================================
  Seed: normal state
F_onsite: 0j
F_swave: 0j, F_dwave: 0j
F_px: 0j, F_py: 0j
Free_energy = -9379.570629094915
------------------------------------------
[{'stable': {}, 'free': np.float64(-9379.570629094915)}]
------------------------------------------
  Seed: d-wave
F_onsite: (-2.4102507802578328e-17+0j)
F_swave: (1.734723475976807e-17+0j), F_dwave: (0.0565225760311141+0j)
F_px: -1.6694403140825908e-18j, F_py: 1.0854431915585177e-17j
Free_energy = -9491.789264918163
------------------------------------------
[{'stable': {'F_dwave': np.complex128(0.0565225760311141+0j)}, 'free': np.float64(-9491.789264918163)}]
------------------------------------------
  Seed: d-wave+px
F_onsite: (-2.1796447368788695e-17-4.2297955174092135e-19j)
F_swave: (1.9081958235744878e-17-1.4261819021696541e-18j), F_dwave: (0.056522576031114116+3.578568856176036e-17j)
F_px: (1.3877787807814457e-17-3.2802614400808455e-18j), F_py: (-1.0408340855860843e-17+1.2497187796697114e-17j)
Free_energy = -9491.789264918165
------------------------------------------
[{'stable': {'F_dwave': np.complex128(0.0565225760311141+0j)}, 'free': np.float64(-9491.789264918163)}]
------------------------------------------
  Seed: d-wave+py
F_onsite: (-2.4102507802578328e-17+0j)
F_swave: (1.734723475976807e-17+0j), F_dwave: (0.0565225760311141+0j)
F_px: -1.6694403140825908e-18j, F_py: 1.0854431915585177e-17j
Free_energy = -9491.789264918163
------------------------------------------
[{'stable': {'F_dwave': np.complex128(0.0565225760311141+0j)}, 'free': np.float64(-9491.789264918163)}]
------------------------------------------
====================================
mu=0.13, T=0.2390
====================================
  Seed: normal state
F_onsite: 0j
F_swave: 0j, F_dwave: 0j
F_px: 0j, F_py: 0j
Free_energy = -9390.723090200881
------------------------------------------
[{'stable': {}, 'free': np.float64(-9390.723090200881)}]
------------------------------------------
  Seed: d-wave
F_onsite: (8.197508101166274e-17+0j)
F_swave: (-2.7755575615628914e-17+0j), F_dwave: (0.051183100184911415+0j)
F_px: -1.4512913212154616e-17j, F_py: 1.0047958942486802e-17j
Free_energy = -9482.009862206023
------------------------------------------
[{'stable': {'F_dwave': np.complex128(0.051183100184911415+0j)}, 'free': np.float64(-9482.009862206023)}]
------------------------------------------
  Seed: d-wave+px
F_onsite: (8.225327839527657e-17-5.816248795410395e-19j)
F_swave: (-3.469446951953614e-17-2.016171369205245e-18j), F_dwave: (0.05118310018491143+2.905568836820543e-17j)
F_px: (-1.3877787807814457e-17-1.2834482065199033e-17j), F_py: 1.0366151749488494e-17j
Free_energy = -9482.009862206023
------------------------------------------
[{'stable': {'F_dwave': np.complex128(0.051183100184911415+0j)}, 'free': np.float64(-9482.009862206023)}]
------------------------------------------
  Seed: d-wave+py
F_onsite: (8.197508101166274e-17+0j)
F_swave: (-2.7755575615628914e-17+0j), F_dwave: (0.051183100184911415+0j)
F_px: -1.4512913212154616e-17j, F_py: 1.0047958942486802e-17j
Free_energy = -9482.009862206023
------------------------------------------
[{'stable': {'F_dwave': np.complex128(0.051183100184911415+0j)}, 'free': np.float64(-9482.009862206023)}]
------------------------------------------
====================================
mu=0.13, T=0.2451
====================================
  Seed: normal state
F_onsite: 0j
F_swave: 0j, F_dwave: 0j
F_px: 0j, F_py: 0j
Free_energy = -9402.100675656247
------------------------------------------
[{'stable': {}, 'free': np.float64(-9402.100675656247)}]
------------------------------------------
  Seed: d-wave
F_onsite: (4.4610061721732616e-17+0j)
F_swave: (-6.938893903907228e-17+0j), F_dwave: (0.04494342007174866+0j)
F_px: -2.2051940109785806e-18j, F_py: 1.1234015191434747e-17j
Free_energy = -9471.93149316634
------------------------------------------
[{'stable': {'F_dwave': np.complex128(0.04494342007174866+0j)}, 'free': np.float64(-9471.93149316634)}]
------------------------------------------
  Seed: d-wave+px
F_onsite: (3.698377154131759e-17+3.6473685064542166e-19j)
F_swave: (-6.938893903907228e-17+3.0511206536404118e-18j), F_dwave: (0.044943420071748626+4.0755631735705696e-17j)
F_px: (6.938893903907228e-18-1.7384859490074498e-18j), F_py: 1.0011542274004708e-17j
Free_energy = -9471.93149316634
------------------------------------------
[{'stable': {'F_dwave': np.complex128(0.04494342007174866+0j)}, 'free': np.float64(-9471.93149316634)}]
------------------------------------------
  Seed: d-wave+py
F_onsite: (4.4610061721732616e-17+0j)
F_swave: (-6.938893903907228e-17+0j), F_dwave: (0.04494342007174866+0j)
F_px: -2.2051940109785806e-18j, F_py: 1.1234015191434747e-17j
Free_energy = -9471.93149316634
------------------------------------------
[{'stable': {'F_dwave': np.complex128(0.04494342007174866+0j)}, 'free': np.float64(-9471.93149316634)}]
------------------------------------------
====================================
mu=0.13, T=0.2512
====================================
  Seed: normal state
F_onsite: 0j
F_swave: 0j, F_dwave: 0j
F_px: 0j, F_py: 0j
Free_energy = -9413.701537393357
------------------------------------------
[{'stable': {}, 'free': np.float64(-9413.701537393357)}]
------------------------------------------
  Seed: d-wave
F_onsite: (-5.232777642234955e-18+0j)
F_swave: (-2.0816681711721685e-17+0j), F_dwave: (0.03735586781801809+0j)
F_px: -1.331947894464934e-17j, F_py: 9.505986896419608e-18j
Free_energy = -9461.566900724498
------------------------------------------
[{'stable': {'F_dwave': np.complex128(0.03735586781801809+0j)}, 'free': np.float64(-9461.566900724498)}]
------------------------------------------
  Seed: d-wave+px
F_onsite: (-1.2993511880660569e-17+1.6392037797725133e-19j)
F_swave: (-1.3877787807814457e-17-5.090769342623383e-19j), F_dwave: (0.03735586781801807+1.2617229281166575e-17j)
F_px: (3.469446951953614e-18-1.0586786461455376e-17j), F_py: (-6.938893903907228e-18+9.311224326061854e-18j)
Free_energy = -9461.566900724498
------------------------------------------
[{'stable': {'F_dwave': np.complex128(0.03735586781801809+0j)}, 'free': np.float64(-9461.566900724498)}]
------------------------------------------
  Seed: d-wave+py
F_onsite: (-5.232777642234955e-18+0j)
F_swave: (-2.0816681711721685e-17+0j), F_dwave: (0.03735586781801809+0j)
F_px: -1.331947894464934e-17j, F_py: 9.505986896419608e-18j
Free_energy = -9461.566900724498
------------------------------------------
[{'stable': {'F_dwave': np.complex128(0.03735586781801809+0j)}, 'free': np.float64(-9461.566900724498)}]
------------------------------------------
====================================
mu=0.13, T=0.2573
====================================
  Seed: normal state
F_onsite: 0j
F_swave: 0j, F_dwave: 0j
F_px: 0j, F_py: 0j
Free_energy = -9425.523880507202
------------------------------------------
[{'stable': {}, 'free': np.float64(-9425.523880507202)}]
------------------------------------------
  Seed: d-wave
F_onsite: (-4.698050705716991e-17+0j)
F_swave: (-2.0816681711721685e-17+0j), F_dwave: (0.02732146597879936+0j)
F_px: -1.5863775253070065e-18j, F_py: 9.74128917500828e-18j
Free_energy = -9450.929586823475
------------------------------------------
[{'stable': {'F_dwave': np.complex128(0.02732146597879936+0j)}, 'free': np.float64(-9450.929586823475)}]
------------------------------------------
  Seed: d-wave+px
F_onsite: (-4.8455694344152076e-17+0j)
F_swave: (-2.2551405187698492e-17+0j), F_dwave: (0.027321465978799354+0j)
F_px: -1.809667073449877e-18j, F_py: 1.0624244921904533e-17j
Free_energy = -9450.929586823473
------------------------------------------
[{'stable': {'F_dwave': np.complex128(0.02732146597879936+0j)}, 'free': np.float64(-9450.929586823475)}]
------------------------------------------
  Seed: d-wave+py
F_onsite: (-4.698050705716991e-17+0j)
F_swave: (-2.0816681711721685e-17+0j), F_dwave: (0.02732146597879936+0j)
F_px: -1.5863775253070065e-18j, F_py: 9.74128917500828e-18j
Free_energy = -9450.929586823475
------------------------------------------
[{'stable': {'F_dwave': np.complex128(0.02732146597879936+0j)}, 'free': np.float64(-9450.929586823475)}]
------------------------------------------
====================================
mu=0.13, T=0.2634
====================================
  Seed: normal state
F_onsite: 0j
F_swave: 0j, F_dwave: 0j
F_px: 0j, F_py: 0j
Free_energy = -9437.565960309907
------------------------------------------
[{'stable': {}, 'free': np.float64(-9437.565960309907)}]
------------------------------------------
  Seed: d-wave
F_onsite: (1.5304303787554006e-17+0j)
F_swave: (-3.469446951953614e-18+0j), F_dwave: (0.008701064328142948+0j)
F_px: -2.6543531025112114e-18j, F_py: 6.309938026165796e-18j
Free_energy = -9440.12312865601
------------------------------------------
[{'stable': {'F_dwave': np.complex128(0.008701064328142948+0j)}, 'free': np.float64(-9440.12312865601)}]
------------------------------------------
  Seed: d-wave+px
F_onsite: (1.5304303787554006e-17+0j)
F_swave: (-3.469446951953614e-18+0j), F_dwave: (0.008701064328142948+0j)
F_px: -2.6543531025112114e-18j, F_py: 6.309938026165796e-18j
Free_energy = -9440.12312865601
------------------------------------------
[{'stable': {'F_dwave': np.complex128(0.008701064328142948+0j)}, 'free': np.float64(-9440.12312865601)}]
------------------------------------------
  Seed: d-wave+py
F_onsite: (1.5304303787554006e-17+0j)
F_swave: (-3.469446951953614e-18+0j), F_dwave: (0.008701064328142948+0j)
F_px: -2.6543531025112114e-18j, F_py: 6.309938026165796e-18j
Free_energy = -9440.12312865601
------------------------------------------
[{'stable': {'F_dwave': np.complex128(0.008701064328142948+0j)}, 'free': np.float64(-9440.12312865601)}]
------------------------------------------
====================================
mu=0.13, T=0.2695
====================================
  Seed: normal state
F_onsite: 0j
F_swave: 0j, F_dwave: 0j
F_px: 0j, F_py: 0j
Free_energy = -9449.826079604505
------------------------------------------
[{'stable': {}, 'free': np.float64(-9449.826079604505)}]
------------------------------------------
  Seed: d-wave
F_onsite: (-1.0954703039204336e-19+0j)
F_swave: (1.2354924770264174e-19+0j), F_dwave: (6.656226346861436e-14+0j)
F_px: -1.1889559365661682e-19j, F_py: -6.999659273518071e-20j
Free_energy = -9449.826079604505
------------------------------------------
[{'stable': {}, 'free': np.float64(-9449.826079604505)}]
------------------------------------------
  Seed: d-wave+px
F_onsite: (-1.0954703039204336e-19+0j)
F_swave: (1.2354924770264174e-19+0j), F_dwave: (6.656226346861436e-14+0j)
F_px: -1.1889559365661682e-19j, F_py: -6.999659273518071e-20j
Free_energy = -9449.826079604505
------------------------------------------
[{'stable': {}, 'free': np.float64(-9449.826079604505)}]
------------------------------------------
  Seed: d-wave+py
F_onsite: (-1.0954703039204336e-19+0j)
F_swave: (1.2354924770264174e-19+0j), F_dwave: (6.656226346861436e-14+0j)
F_px: -1.1889559365661682e-19j, F_py: -6.999659273518071e-20j
Free_energy = -9449.826079604505
------------------------------------------
[{'stable': {}, 'free': np.float64(-9449.826079604505)}]
------------------------------------------
====================================
mu=0.13, T=0.2756
====================================
  Seed: normal state
F_onsite: 0j
F_swave: 0j, F_dwave: 0j
F_px: 0j, F_py: 0j
Free_energy = -9462.302586152016
------------------------------------------
[{'stable': {}, 'free': np.float64(-9462.302586152016)}]
------------------------------------------
  Seed: d-wave
F_onsite: (7.722228454412241e-20+0j)
F_swave: (-3.165589606534734e-20+0j), F_dwave: (3.2417607558971746e-14+0j)
F_px: 5.439975961899322e-20j, F_py: 2.264464369549377e-19j
Free_energy = -9462.302586152016
------------------------------------------
[{'stable': {}, 'free': np.float64(-9462.302586152016)}]
------------------------------------------
  Seed: d-wave+px
F_onsite: (7.722228454412241e-20+0j)
F_swave: (-3.165589606534734e-20+0j), F_dwave: (3.2417607558971746e-14+0j)
F_px: 5.439975961899322e-20j, F_py: 2.264464369549377e-19j
Free_energy = -9462.302586152016
------------------------------------------
[{'stable': {}, 'free': np.float64(-9462.302586152016)}]
------------------------------------------
  Seed: d-wave+py
F_onsite: (7.722228454412241e-20+0j)
F_swave: (-3.165589606534734e-20+0j), F_dwave: (3.2417607558971746e-14+0j)
F_px: 5.439975961899322e-20j, F_py: 2.264464369549377e-19j
Free_energy = -9462.302586152016
------------------------------------------
[{'stable': {}, 'free': np.float64(-9462.302586152016)}]
------------------------------------------
====================================
mu=0.13, T=0.2817
====================================
  Seed: normal state
F_onsite: 0j
F_swave: 0j, F_dwave: 0j
F_px: 0j, F_py: 0j
Free_energy = -9474.993870314287
------------------------------------------
[{'stable': {}, 'free': np.float64(-9474.993870314287)}]
------------------------------------------
  Seed: d-wave
F_onsite: (1.442450096450226e-19+0j)
F_swave: (-8.52706571688908e-20+0j), F_dwave: (2.1897660094726337e-14+0j)
F_px: -2.0958058801879973e-20j, F_py: 4.215924302022147e-20j
Free_energy = -9474.993870314287
------------------------------------------
[{'stable': {}, 'free': np.float64(-9474.993870314287)}]
------------------------------------------
  Seed: d-wave+px
F_onsite: (1.442450096450226e-19+0j)
F_swave: (-8.52706571688908e-20+0j), F_dwave: (2.1897660094726337e-14+0j)
F_px: -2.0958058801879973e-20j, F_py: 4.215924302022147e-20j
Free_energy = -9474.993870314287
------------------------------------------
[{'stable': {}, 'free': np.float64(-9474.993870314287)}]
------------------------------------------
  Seed: d-wave+py
F_onsite: (1.442450096450226e-19+0j)
F_swave: (-8.52706571688908e-20+0j), F_dwave: (2.1897660094726337e-14+0j)
F_px: -2.0958058801879973e-20j, F_py: 4.215924302022147e-20j
Free_energy = -9474.993870314287
------------------------------------------
[{'stable': {}, 'free': np.float64(-9474.993870314287)}]
------------------------------------------
====================================
mu=0.13, T=0.2878
====================================
  Seed: normal state
F_onsite: 0j
F_swave: 0j, F_dwave: 0j
F_px: 0j, F_py: 0j
Free_energy = -9487.89836285328
------------------------------------------
[{'stable': {}, 'free': np.float64(-9487.89836285328)}]
------------------------------------------
  Seed: d-wave
F_onsite: (-1.5678816157532327e-19+0j)
F_swave: (6.061227309651926e-20+0j), F_dwave: (1.6370841311918973e-14+0j)
F_px: 1.5451570937949018e-19j, F_py: 3.5019030846481935e-20j
Free_energy = -9487.89836285328
------------------------------------------
[{'stable': {}, 'free': np.float64(-9487.89836285328)}]
------------------------------------------
  Seed: d-wave+px
F_onsite: (-1.5678816157532327e-19+0j)
F_swave: (6.061227309651926e-20+0j), F_dwave: (1.6370841311918973e-14+0j)
F_px: 1.5451570937949018e-19j, F_py: 3.5019030846481935e-20j
Free_energy = -9487.89836285328
------------------------------------------
[{'stable': {}, 'free': np.float64(-9487.89836285328)}]
------------------------------------------
  Seed: d-wave+py
F_onsite: (-1.5678816157532327e-19+0j)
F_swave: (6.061227309651926e-20+0j), F_dwave: (1.6370841311918973e-14+0j)
F_px: 1.5451570937949018e-19j, F_py: 3.5019030846481935e-20j
Free_energy = -9487.89836285328
------------------------------------------
[{'stable': {}, 'free': np.float64(-9487.89836285328)}]
------------------------------------------
====================================
mu=0.13, T=0.2939
====================================
  Seed: normal state
F_onsite: 0j
F_swave: 0j, F_dwave: 0j
F_px: 0j, F_py: 0j
Free_energy = -9501.01453287069
------------------------------------------
[{'stable': {}, 'free': np.float64(-9501.01453287069)}]
------------------------------------------
  Seed: d-wave
F_onsite: (6.420921862984327e-20+0j)
F_swave: (8.025727129516835e-20+0j), F_dwave: (1.2248018226839273e-14+0j)
F_px: -1.8426083424145584e-19j, F_py: 2.9523849302607465e-19j
Free_energy = -9501.01453287069
------------------------------------------
[{'stable': {}, 'free': np.float64(-9501.01453287069)}]
------------------------------------------
  Seed: d-wave+px
F_onsite: (6.420921862984327e-20+0j)
F_swave: (8.025727129516835e-20+0j), F_dwave: (1.2248018226839273e-14+0j)
F_px: -1.8426083424145584e-19j, F_py: 2.9523849302607465e-19j
Free_energy = -9501.01453287069
------------------------------------------
[{'stable': {}, 'free': np.float64(-9501.01453287069)}]
------------------------------------------
  Seed: d-wave+py
F_onsite: (6.420921862984327e-20+0j)
F_swave: (8.025727129516835e-20+0j), F_dwave: (1.2248018226839273e-14+0j)
F_px: -1.8426083424145584e-19j, F_py: 2.9523849302607465e-19j
Free_energy = -9501.01453287069
------------------------------------------
[{'stable': {}, 'free': np.float64(-9501.01453287069)}]
------------------------------------------
====================================
mu=0.13, T=0.3000
====================================
  Seed: normal state
F_onsite: 0j
F_swave: 0j, F_dwave: 0j
F_px: 0j, F_py: 0j
Free_energy = -9514.340885875024
------------------------------------------
[{'stable': {}, 'free': np.float64(-9514.340885875024)}]
------------------------------------------
  Seed: d-wave
F_onsite: (-1.0747042856462887e-21+0j)
F_swave: (2.3411728192813347e-20+0j), F_dwave: (1.029874662556376e-14+0j)
F_px: -3.1811541344126184e-19j, F_py: 1.1397456493507553e-19j
Free_energy = -9514.340885875024
------------------------------------------
[{'stable': {}, 'free': np.float64(-9514.340885875024)}]
------------------------------------------
  Seed: d-wave+px
F_onsite: (-1.0747042856462887e-21+0j)
F_swave: (2.3411728192813347e-20+0j), F_dwave: (1.029874662556376e-14+0j)
F_px: -3.1811541344126184e-19j, F_py: 1.1397456493507553e-19j
Free_energy = -9514.340885875024
------------------------------------------
[{'stable': {}, 'free': np.float64(-9514.340885875024)}]
------------------------------------------
  Seed: d-wave+py
F_onsite: (-1.0747042856462887e-21+0j)
F_swave: (2.3411728192813347e-20+0j), F_dwave: (1.029874662556376e-14+0j)
F_px: -3.1811541344126184e-19j, F_py: 1.1397456493507553e-19j
Free_energy = -9514.340885875024
------------------------------------------
[{'stable': {}, 'free': np.float64(-9514.340885875024)}]
------------------------------------------
