/home/emilssp/D1/venv/bin/python
Python 3.10.12
Running job 16 out of 25
====================================
mu=3.44, T=0.0010
====================================
  Seed: normal state
F_onsite: 0j
F_swave: 0j, F_dwave: 0j
F_px: 0j, F_py: 0j
Free_energy = -19476.718952418145
------------------------------------------
[{'stable': {}, 'free': np.float64(-19476.718952418145)}]
------------------------------------------
  Seed: px+i*py
F_onsite: (0.0038523764693554965-0.029315714002560788j)
F_swave: (-0.00353650314879142+0.02691198944439328j), F_dwave: (1.3010426069826053e-18+6.071532165918825e-18j)
F_px: (-1.3444106938820255e-17+4.163336342344337e-17j), F_py: (3.903127820947816e-18+1.734723475976807e-18j)
Free_energy = -19506.32558327516
------------------------------------------
[{'stable': {'F_onsite': np.complex128(0.0038523764693554965-0.029315714002560788j), 'F_swave': np.complex128(-0.00353650314879142+0.02691198944439328j)}, 'free': np.float64(-19506.32558327516)}]
------------------------------------------
  Seed: s-wave
F_onsite: (-0.02957055114503675+0j)
F_swave: (0.02714603694572183+0j), F_dwave: (-4.5102810375396984e-17+0j)
F_px: 4.9564132908585384e-18j, F_py: 5.38712954453735e-19j
Free_energy = -19506.33339210784
------------------------------------------
[{'stable': {'F_onsite': np.complex128(0.0038523764693554965-0.029315714002560788j), 'F_swave': np.complex128(-0.00353650314879142+0.02691198944439328j)}, 'free': np.float64(-19506.32558327516)}, {'stable': {'F_onsite': np.complex128(-0.02957055114503675+0j), 'F_swave': np.complex128(0.02714603694572183+0j)}, 'free': np.float64(-19506.33339210784)}]
------------------------------------------
  Seed: s-wave+px
F_onsite: (-0.029570472198552637-6.111686887277246e-18j)
F_swave: (0.02714596149551675+5.536736738846141e-18j), F_dwave: (4.36282954208167e-16+4.3728075902003255e-20j)
F_px: (2.979601392005815e-10+6.875789949336783e-19j), F_py: (-5.204170427930421e-18+7.089665768518494e-19j)
Free_energy = -19506.333171936636
------------------------------------------
[{'stable': {'F_onsite': np.complex128(0.0038523764693554965-0.029315714002560788j), 'F_swave': np.complex128(-0.00353650314879142+0.02691198944439328j)}, 'free': np.float64(-19506.32558327516)}, {'stable': {'F_onsite': np.complex128(-0.02957055114503675+0j), 'F_swave': np.complex128(0.02714603694572183+0j)}, 'free': np.float64(-19506.33339210784)}]
------------------------------------------
  Seed: s-wave+py
F_onsite: (-0.02957047219855266-4.303308661104139e-18j)
F_swave: (0.027145961495516704+2.044314018198254e-18j), F_dwave: (-4.2240516640035253e-16-1.888671714140276e-18j)
F_px: (-1.734723475976807e-18-1.2351857953335835e-18j), F_py: (2.9796014440475194e-10+1.768181277393352e-19j)
Free_energy = -19506.333171936636
------------------------------------------
[{'stable': {'F_onsite': np.complex128(0.0038523764693554965-0.029315714002560788j), 'F_swave': np.complex128(-0.00353650314879142+0.02691198944439328j)}, 'free': np.float64(-19506.32558327516)}, {'stable': {'F_onsite': np.complex128(-0.02957055114503675+0j), 'F_swave': np.complex128(0.02714603694572183+0j)}, 'free': np.float64(-19506.33339210784)}]
------------------------------------------
====================================
mu=3.44, T=0.0040
====================================
  Seed: normal state
F_onsite: 0j
F_swave: 0j, F_dwave: 0j
F_px: 0j, F_py: 0j
Free_energy = -19476.7329364056
------------------------------------------
[{'stable': {}, 'free': np.float64(-19476.7329364056)}]
------------------------------------------
  Seed: px+i*py
F_onsite: (0.0038524779264932324-0.029316486068441755j)
F_swave: (-0.0035366001119266433+0.026912727311931166j), F_dwave: (5.854691731421724e-18+1.9949319973733282e-17j)
F_px: (-1.4094628242311558e-17-1.214306433183765e-17j), F_py: (-4.336808689942018e-19-1.734723475976807e-18j)
Free_energy = -19506.3277546155
------------------------------------------
[{'stable': {'F_onsite': np.complex128(0.0038524779264932324-0.029316486068441755j), 'F_swave': np.complex128(-0.0035366001119266433+0.026912727311931166j)}, 'free': np.float64(-19506.3277546155)}]
------------------------------------------
  Seed: s-wave
F_onsite: (-0.029569633557476174+0j)
F_swave: (0.027145159996365922+0j), F_dwave: (-4.163336342344337e-17+0j)
F_px: -3.589725630463725e-18j, F_py: 5.802175688691957e-19j
Free_energy = -19506.33083315206
------------------------------------------
[{'stable': {'F_onsite': np.complex128(0.0038524779264932324-0.029316486068441755j), 'F_swave': np.complex128(-0.0035366001119266433+0.026912727311931166j)}, 'free': np.float64(-19506.3277546155)}, {'stable': {'F_onsite': np.complex128(-0.029569633557476174+0j), 'F_swave': np.complex128(0.027145159996365922+0j)}, 'free': np.float64(-19506.33083315206)}]
------------------------------------------
  Seed: s-wave+px
F_onsite: (-0.02956960243491802-4.106804968804264e-18j)
F_swave: (0.02714513025221562+2.5286051057909e-18j), F_dwave: (3.5561831257524545e-17-1.336617990767286e-18j)
F_px: (4.825668857566523e-11-4.383395502041004e-20j), F_py: (1.734723475976807e-18+8.175985523372134e-19j)
Free_energy = -19506.330746360894
------------------------------------------
[{'stable': {'F_onsite': np.complex128(0.0038524779264932324-0.029316486068441755j), 'F_swave': np.complex128(-0.0035366001119266433+0.026912727311931166j)}, 'free': np.float64(-19506.3277546155)}, {'stable': {'F_onsite': np.complex128(-0.029569633557476174+0j), 'F_swave': np.complex128(0.027145159996365922+0j)}, 'free': np.float64(-19506.33083315206)}]
------------------------------------------
  Seed: s-wave+py
F_onsite: (-0.02956960243491803-6.484143310002084e-19j)
F_swave: (0.027145130252215707+1.1102484356135742e-18j), F_dwave: (-6.071532165918825e-17+1.207021949837378e-20j)
F_px: (-5.204170427930421e-18+8.195043764685356e-19j), F_py: (4.8256638268684426e-11+2.329340604949326e-19j)
Free_energy = -19506.330746360887
------------------------------------------
[{'stable': {'F_onsite': np.complex128(0.0038524779264932324-0.029316486068441755j), 'F_swave': np.complex128(-0.0035366001119266433+0.026912727311931166j)}, 'free': np.float64(-19506.3277546155)}, {'stable': {'F_onsite': np.complex128(-0.029569633557476174+0j), 'F_swave': np.complex128(0.027145159996365922+0j)}, 'free': np.float64(-19506.33083315206)}]
------------------------------------------
====================================
mu=3.44, T=0.0070
====================================
  Seed: normal state
F_onsite: 0j
F_swave: 0j, F_dwave: 0j
F_px: 0j, F_py: 0j
Free_energy = -19476.786872641704
------------------------------------------
[{'stable': {}, 'free': np.float64(-19476.786872641704)}]
------------------------------------------
  Seed: px+i*py
F_onsite: (0.003852517923024974-0.029316790433006206j)
F_swave: (-0.003536638337095009+0.026913018196820723j), F_dwave: (3.144186300207963e-18-1.9949319973733282e-17j)
F_px: (1.3444106938820255e-17+1.734723475976807e-18j), F_py: (1.5178830414797062e-18-1.734723475976807e-18j)
Free_energy = -19506.328610680084
------------------------------------------
[{'stable': {'F_onsite': np.complex128(0.003852517923024974-0.029316790433006206j), 'F_swave': np.complex128(-0.003536638337095009+0.026913018196820723j)}, 'free': np.float64(-19506.328610680084)}]
------------------------------------------
  Seed: s-wave
F_onsite: (-0.029569271794446753+0j)
F_swave: (0.027144814257393252+0j), F_dwave: (4.5102810375396984e-17+0j)
F_px: 3.7413445280222446e-18j, F_py: 1.435720845596039e-19j
Free_energy = -19506.32982436126
------------------------------------------
[{'stable': {'F_onsite': np.complex128(0.003852517923024974-0.029316790433006206j), 'F_swave': np.complex128(-0.003536638337095009+0.026913018196820723j)}, 'free': np.float64(-19506.328610680084)}, {'stable': {'F_onsite': np.complex128(-0.029569271794446753+0j), 'F_swave': np.complex128(0.027144814257393252+0j)}, 'free': np.float64(-19506.32982436126)}]
------------------------------------------
  Seed: s-wave+px
F_onsite: (-0.029569259524872167-3.969426726707904e-18j)
F_swave: (0.027144802531248707+3.982219522397686e-18j), F_dwave: (-8.673617379884035e-18+5.246310317056323e-19j)
F_px: (7.815614475048527e-12+4.660798792266788e-19j), F_py: (-6.938893903907228e-18+5.349013061910907e-19j)
Free_energy = -19506.329790146083
------------------------------------------
[{'stable': {'F_onsite': np.complex128(0.003852517923024974-0.029316790433006206j), 'F_swave': np.complex128(-0.003536638337095009+0.026913018196820723j)}, 'free': np.float64(-19506.328610680084)}, {'stable': {'F_onsite': np.complex128(-0.029569271794446753+0j), 'F_swave': np.complex128(0.027144814257393252+0j)}, 'free': np.float64(-19506.32982436126)}]
------------------------------------------
  Seed: s-wave+py
F_onsite: (-0.029569259524872223-5.60070702242933e-19j)
F_swave: (0.027144802531248693+1.2191980484541586e-18j), F_dwave: (9.540979117872439e-18+1.4854840312472292e-19j)
F_px: (6.938893903907228e-18+9.569354721605458e-19j), F_py: (7.815503452746064e-12+6.945670167485263e-20j)
Free_energy = -19506.329790146083
------------------------------------------
[{'stable': {'F_onsite': np.complex128(0.003852517923024974-0.029316790433006206j), 'F_swave': np.complex128(-0.003536638337095009+0.026913018196820723j)}, 'free': np.float64(-19506.328610680084)}, {'stable': {'F_onsite': np.complex128(-0.029569271794446753+0j), 'F_swave': np.complex128(0.027144814257393252+0j)}, 'free': np.float64(-19506.32982436126)}]
------------------------------------------
====================================
mu=3.44, T=0.0100
====================================
  Seed: normal state
F_onsite: 0j
F_swave: 0j, F_dwave: 0j
F_px: 0j, F_py: 0j
Free_energy = -19476.879365332876
------------------------------------------
[{'stable': {}, 'free': np.float64(-19476.879365332876)}]
------------------------------------------
  Seed: px+i*py
F_onsite: (0.0038525322562687407-0.029316899505750782j)
F_swave: (-0.0035366521250234225+0.026913123119838976j), F_dwave: (1.3227266504323154e-17+2.7755575615628914e-17j)
F_px: (1.1492543028346347e-17-3.9898639947466563e-17j), F_py: (-1.734723475976807e-18-3.469446951953614e-18j)
Free_energy = -19506.328937912116
------------------------------------------
[{'stable': {'F_onsite': np.complex128(0.0038525322562687407-0.029316899505750782j), 'F_swave': np.complex128(-0.0035366521250234225+0.026913123119838976j)}, 'free': np.float64(-19506.328937912116)}]
------------------------------------------
  Seed: s-wave
F_onsite: (-0.029569118160741432+0j)
F_swave: (0.027144668115397126+0j), F_dwave: (3.469446951953614e-18+0j)
F_px: -2.938357294025168e-18j, F_py: 4.112344958919628e-19j
Free_energy = -19506.329416396515
------------------------------------------
[{'stable': {'F_onsite': np.complex128(0.0038525322562687407-0.029316899505750782j), 'F_swave': np.complex128(-0.0035366521250234225+0.026913123119838976j)}, 'free': np.float64(-19506.328937912116)}, {'stable': {'F_onsite': np.complex128(-0.029569118160741432+0j), 'F_swave': np.complex128(0.027144668115397126+0j)}, 'free': np.float64(-19506.329416396515)}]
------------------------------------------
  Seed: s-wave+px
F_onsite: (-0.029569113323555177-5.4218003924387944e-18j)
F_swave: (0.027144663492458934+5.836057006582129e-18j), F_dwave: (6.678685382510707e-17+1.0009811854177694e-18j)
F_px: (1.2658207815263722e-12+2.302870825347629e-18j), F_py: (-1.734723475976807e-18+5.313014161652599e-19j)
Free_energy = -19506.329402907577
------------------------------------------
[{'stable': {'F_onsite': np.complex128(0.0038525322562687407-0.029316899505750782j), 'F_swave': np.complex128(-0.0035366521250234225+0.026913123119838976j)}, 'free': np.float64(-19506.328937912116)}, {'stable': {'F_onsite': np.complex128(-0.029569118160741432+0j), 'F_swave': np.complex128(0.027144668115397126+0j)}, 'free': np.float64(-19506.329416396515)}]
------------------------------------------
  Seed: s-wave+py
F_onsite: (-0.029569113323555198-1.1714903509715435e-18j)
F_swave: (0.02714466349245897+1.8302264407797295e-18j), F_dwave: (-4.163336342344337e-17+8.076459152069754e-19j)
F_px: (3.469446951953614e-18+1.5617169965001163e-18j), F_py: (1.265758331481237e-12+4.2626933070572665e-19j)
Free_energy = -19506.329402907573
------------------------------------------
[{'stable': {'F_onsite': np.complex128(0.0038525322562687407-0.029316899505750782j), 'F_swave': np.complex128(-0.0035366521250234225+0.026913123119838976j)}, 'free': np.float64(-19506.328937912116)}, {'stable': {'F_onsite': np.complex128(-0.029569118160741432+0j), 'F_swave': np.complex128(0.027144668115397126+0j)}, 'free': np.float64(-19506.329416396515)}]
------------------------------------------
====================================
mu=3.44, T=0.0130
====================================
  Seed: normal state
F_onsite: 0j
F_swave: 0j, F_dwave: 0j
F_px: 0j, F_py: 0j
Free_energy = -19477.00352402453
------------------------------------------
[{'stable': {}, 'free': np.float64(-19477.00352402453)}]
------------------------------------------
  Seed: px+i*py
F_onsite: (0.003852498928662927-0.029316645890205165j)
F_swave: (-0.003536622707724291+0.02691289926084326j), F_dwave: (-2.4936649967166602e-18-2.0816681711721685e-17j)
F_px: (1.7997756063259374e-17-1.734723475976807e-17j), F_py: (-6.505213034913027e-19-3.469446951953614e-18j)
Free_energy = -19506.328788053623
------------------------------------------
[{'stable': {'F_onsite': np.complex128(0.003852498928662927-0.029316645890205165j), 'F_swave': np.complex128(-0.003536622707724291+0.02691289926084326j)}, 'free': np.float64(-19506.328788053623)}]
------------------------------------------
  Seed: s-wave
F_onsite: (-0.029568758438716532+0j)
F_swave: (0.027144343008108633+0j), F_dwave: (-8.673617379884035e-18+0j)
F_px: 2.0455845676191353e-19j, F_py: -4.781500987250525e-19j
Free_energy = -19506.32897671034
------------------------------------------
[{'stable': {'F_onsite': np.complex128(0.003852498928662927-0.029316645890205165j), 'F_swave': np.complex128(-0.003536622707724291+0.02691289926084326j)}, 'free': np.float64(-19506.328788053623)}, {'stable': {'F_onsite': np.complex128(-0.029568758438716532+0j), 'F_swave': np.complex128(0.027144343008108633+0j)}, 'free': np.float64(-19506.32897671034)}]
------------------------------------------
  Seed: s-wave+px
F_onsite: (-0.02956875653128217-6.657967663111413e-18j)
F_swave: (0.027144341185179444+5.683061680484321e-18j), F_dwave: (-2.42861286636753e-17-1.2949016181150116e-19j)
F_px: (2.0496798702751562e-13-3.3216397026577388e-18j), F_py: 3.6570647497704417e-19j
Free_energy = -19506.328971391777
------------------------------------------
[{'stable': {'F_onsite': np.complex128(0.003852498928662927-0.029316645890205165j), 'F_swave': np.complex128(-0.003536622707724291+0.02691289926084326j)}, 'free': np.float64(-19506.328788053623)}, {'stable': {'F_onsite': np.complex128(-0.029568758438716532+0j), 'F_swave': np.complex128(0.027144343008108633+0j)}, 'free': np.float64(-19506.32897671034)}]
------------------------------------------
  Seed: s-wave+py
F_onsite: (-0.02956875653128216-1.0334363075254188e-18j)
F_swave: (0.02714434118517947+4.3897482491454115e-19j), F_dwave: (-2.862293735361732e-17-3.9747021049908043e-19j)
F_px: (-1.734723475976807e-18-1.838908528489086e-18j), F_py: (2.0499747732660722e-13+2.39710324072967e-19j)
Free_energy = -19506.328971391777
------------------------------------------
[{'stable': {'F_onsite': np.complex128(0.003852498928662927-0.029316645890205165j), 'F_swave': np.complex128(-0.003536622707724291+0.02691289926084326j)}, 'free': np.float64(-19506.328788053623)}, {'stable': {'F_onsite': np.complex128(-0.029568758438716532+0j), 'F_swave': np.complex128(0.027144343008108633+0j)}, 'free': np.float64(-19506.32897671034)}]
------------------------------------------
====================================
mu=3.44, T=0.0160
====================================
  Seed: normal state
F_onsite: 0j
F_swave: 0j, F_dwave: 0j
F_px: 0j, F_py: 0j
Free_energy = -19477.155491487687
------------------------------------------
[{'stable': {}, 'free': np.float64(-19477.155491487687)}]
------------------------------------------
  Seed: px+i*py
F_onsite: (0.003852194348439406-0.029314328103562683j)
F_swave: (-0.003536349873938876+0.02691082305741758j), F_dwave: (-1.3769367590565906e-17-1.6479873021779667e-17j)
F_px: (-8.673617379884035e-18-7.45931094670027e-17j), F_py: (-6.505213034913027e-19+1.734723475976807e-18j)
Free_energy = -19506.326552046532
------------------------------------------
[{'stable': {'F_onsite': np.complex128(0.003852194348439406-0.029314328103562683j), 'F_swave': np.complex128(-0.003536349873938876+0.02691082305741758j)}, 'free': np.float64(-19506.326552046532)}]
------------------------------------------
  Seed: s-wave
F_onsite: (-0.029566379777585448+0j)
F_swave: (0.027142209819526617+0j), F_dwave: (1.1102230246251565e-16+0j)
F_px: -2.06718390777412e-18j, F_py: 9.046311876675928e-19j
Free_energy = -19506.326626475897
------------------------------------------
[{'stable': {'F_onsite': np.complex128(0.003852194348439406-0.029314328103562683j), 'F_swave': np.complex128(-0.003536349873938876+0.02691082305741758j)}, 'free': np.float64(-19506.326552046532)}, {'stable': {'F_onsite': np.complex128(-0.029566379777585448+0j), 'F_swave': np.complex128(0.027142209819526617+0j)}, 'free': np.float64(-19506.326626475897)}]
------------------------------------------
  Seed: s-wave+px
F_onsite: (-0.02956637902449305-6.791317140516975e-18j)
F_swave: (0.027142209099847815+5.295438227997072e-18j), F_dwave: (-3.0357660829594124e-17-8.256453653361293e-19j)
F_px: (3.307250306949783e-14+2.8926175148734357e-19j), F_py: (5.204170427930421e-18+4.777265822514254e-19j)
Free_energy = -19506.326624377623
------------------------------------------
[{'stable': {'F_onsite': np.complex128(0.003852194348439406-0.029314328103562683j), 'F_swave': np.complex128(-0.003536349873938876+0.02691082305741758j)}, 'free': np.float64(-19506.326552046532)}, {'stable': {'F_onsite': np.complex128(-0.029566379777585448+0j), 'F_swave': np.complex128(0.027142209819526617+0j)}, 'free': np.float64(-19506.326626475897)}]
------------------------------------------
  Seed: s-wave+py
F_onsite: (-0.029566379024493085-2.3678584981774753e-19j)
F_swave: (0.027142209099847894+2.882029603032757e-19j), F_dwave: 8.046812998915853e-20j
F_px: (3.469446951953614e-18+2.4527956570116402e-18j), F_py: (3.314015728506092e-14+1.979939514206927e-19j)
Free_energy = -19506.32662437762
------------------------------------------
[{'stable': {'F_onsite': np.complex128(0.003852194348439406-0.029314328103562683j), 'F_swave': np.complex128(-0.003536349873938876+0.02691082305741758j)}, 'free': np.float64(-19506.326552046532)}, {'stable': {'F_onsite': np.complex128(-0.029566379777585448+0j), 'F_swave': np.complex128(0.027142209819526617+0j)}, 'free': np.float64(-19506.326626475897)}]
------------------------------------------
====================================
mu=3.44, T=0.0190
====================================
  Seed: normal state
F_onsite: 0j
F_swave: 0j, F_dwave: 0j
F_px: 0j, F_py: 0j
Free_energy = -19477.33372709185
------------------------------------------
[{'stable': {}, 'free': np.float64(-19477.33372709185)}]
------------------------------------------
  Seed: px+i*py
F_onsite: (0.0038504229348239926-0.02930084804642296j)
F_swave: (-0.0035347256660860395+0.026898463202851327j), F_dwave: (3.2526065174565133e-18-2.168404344971009e-17j)
F_px: (-4.87890977618477e-17+1.734723475976807e-17j), F_py: (-1.734723475976807e-18-8.673617379884035e-18j)
Free_energy = -19506.305003117
------------------------------------------
[{'stable': {'F_onsite': np.complex128(0.0038504229348239926-0.02930084804642296j), 'F_swave': np.complex128(-0.0035347256660860395+0.026898463202851327j)}, 'free': np.float64(-19506.305003117)}]
------------------------------------------
  Seed: s-wave
F_onsite: (-0.029552759755728294+0j)
F_swave: (0.027129720698475523+0j), F_dwave: (4.336808689942018e-17+0j)
F_px: -4.0204418841425366e-18j, F_py: 9.740878893424454e-19j
Free_energy = -19506.30501045829
------------------------------------------
[{'stable': {'F_onsite': np.complex128(0.0038504229348239926-0.02930084804642296j), 'F_swave': np.complex128(-0.0035347256660860395+0.026898463202851327j)}, 'free': np.float64(-19506.305003117)}, {'stable': {'F_onsite': np.complex128(-0.029552759755728294+0j), 'F_swave': np.complex128(0.027129720698475523+0j)}, 'free': np.float64(-19506.30501045829)}]
------------------------------------------
  Seed: s-wave+px
F_onsite: (-0.02955275968124606-5.8796627935153676e-18j)
F_swave: (0.027129720627313822+6.0472858478036705e-18j), F_dwave: (2.42861286636753e-17+7.088606977334426e-19j)
F_px: (3.885780586188048e-16-2.838619164485974e-18j), F_py: (3.469446951953614e-18+2.871441691192078e-19j)
Free_energy = -19506.305010251275
------------------------------------------
[{'stable': {'F_onsite': np.complex128(0.0038504229348239926-0.02930084804642296j), 'F_swave': np.complex128(-0.0035347256660860395+0.026898463202851327j)}, 'free': np.float64(-19506.305003117)}, {'stable': {'F_onsite': np.complex128(-0.029552759755728294+0j), 'F_swave': np.complex128(0.027129720698475523+0j)}, 'free': np.float64(-19506.30501045829)}]
------------------------------------------
  Seed: s-wave+py
F_onsite: (-0.029552759681246057-1.6192168078610383e-18j)
F_swave: (0.027129720627313832+9.570413512789526e-19j), F_dwave: (5.637851296924623e-17-3.960937819597922e-19j)
F_px: (-3.469446951953614e-18+3.0677415767182623e-18j), F_py: (4.0072112295064244e-16+4.544331762019321e-19j)
Free_energy = -19506.30501025127
------------------------------------------
[{'stable': {'F_onsite': np.complex128(0.0038504229348239926-0.02930084804642296j), 'F_swave': np.complex128(-0.0035347256660860395+0.026898463202851327j)}, 'free': np.float64(-19506.305003117)}, {'stable': {'F_onsite': np.complex128(-0.029552759755728294+0j), 'F_swave': np.complex128(0.027129720698475523+0j)}, 'free': np.float64(-19506.30501045829)}]
------------------------------------------
====================================
mu=3.44, T=0.0220
====================================
  Seed: normal state
F_onsite: 0j
F_swave: 0j, F_dwave: 0j
F_px: 0j, F_py: 0j
Free_energy = -19477.537909289847
------------------------------------------
[{'stable': {}, 'free': np.float64(-19477.537909289847)}]
------------------------------------------
  Seed: px+i*py
F_onsite: (0.003845951586927559-0.02926682209979495j)
F_swave: (-0.0035306256889767722+0.0268672633039558j), F_dwave: (-4.9873299934333204e-18-6.938893903907228e-18j)
F_px: (3.3393426912553537e-17-4.163336342344337e-17j), F_py: (2.168404344971009e-18-1.0408340855860843e-17j)
Free_energy = -19506.251222285264
------------------------------------------
[{'stable': {'F_onsite': np.complex128(0.003845951586927559-0.02926682209979495j), 'F_swave': np.complex128(-0.0035306256889767722+0.0268672633039558j)}, 'free': np.float64(-19506.251222285264)}]
------------------------------------------
  Seed: s-wave
F_onsite: (-0.02951843874133974+0j)
F_swave: (0.027098250141279832+0j), F_dwave: (-4.85722573273506e-17+0j)
F_px: 2.436913789250622e-18j, F_py: -3.248371352720242e-19j
Free_energy = -19506.251222579973
------------------------------------------
[{'stable': {'F_onsite': np.complex128(0.003845951586927559-0.02926682209979495j), 'F_swave': np.complex128(-0.0035306256889767722+0.0268672633039558j)}, 'free': np.float64(-19506.251222285264)}, {'stable': {'F_onsite': np.complex128(-0.02951843874133974+0j), 'F_swave': np.complex128(0.027098250141279832+0j)}, 'free': np.float64(-19506.251222579973)}]
------------------------------------------
  Seed: s-wave+px
F_onsite: (-0.029518438738333205-4.09765534312795e-18j)
F_swave: (0.027098250138408782+4.058664245887387e-18j), F_dwave: (3.0357660829594124e-17+2.7645037816012227e-19j)
F_px: -2.177721707390806e-18j, F_py: (-1.734723475976807e-18+4.817499887508833e-19j)
Free_energy = -19506.251222571602
------------------------------------------
[{'stable': {'F_onsite': np.complex128(0.003845951586927559-0.02926682209979495j), 'F_swave': np.complex128(-0.0035306256889767722+0.0268672633039558j)}, 'free': np.float64(-19506.251222285264)}, {'stable': {'F_onsite': np.complex128(-0.02951843874133974+0j), 'F_swave': np.complex128(0.027098250141279832+0j)}, 'free': np.float64(-19506.251222579973)}]
------------------------------------------
  Seed: s-wave+py
F_onsite: (-0.029518438738333205+8.13755603164269e-20j)
F_swave: (0.02709825013840879-2.7422691667357973e-20j), F_dwave: (3.122502256758253e-17+2.6999175193730823e-20j)
F_px: -3.7553205716519406e-18j, F_py: 3.902704304474189e-19j
Free_energy = -19506.251222571602
------------------------------------------
[{'stable': {'F_onsite': np.complex128(0.003845951586927559-0.02926682209979495j), 'F_swave': np.complex128(-0.0035306256889767722+0.0268672633039558j)}, 'free': np.float64(-19506.251222285264)}, {'stable': {'F_onsite': np.complex128(-0.02951843874133974+0j), 'F_swave': np.complex128(0.027098250141279832+0j)}, 'free': np.float64(-19506.251222579973)}]
------------------------------------------
====================================
mu=3.44, T=0.0250
====================================
  Seed: normal state
F_onsite: 0j
F_swave: 0j, F_dwave: 0j
F_px: 0j, F_py: 0j
Free_energy = -19477.768283535315
------------------------------------------
[{'stable': {}, 'free': np.float64(-19477.768283535315)}]
------------------------------------------
  Seed: px+i*py
F_onsite: (0.0038371310387767107-0.02919969972248003j)
F_swave: (-0.003522537019951813+0.02680571036132868j), F_dwave: (-1.3877787807814457e-17+8.673617379884035e-18j)
F_px: (-8.456776945386935e-18-6.938893903907228e-17j), F_py: (-8.673617379884035e-19+0j)
Free_energy = -19506.146405128
------------------------------------------
[{'stable': {'F_onsite': np.complex128(0.0038371310387767107-0.02919969972248003j), 'F_swave': np.complex128(-0.003522537019951813+0.02680571036132868j)}, 'free': np.float64(-19506.146405128)}]
------------------------------------------
  Seed: s-wave
F_onsite: (-0.029450739185965722+0j)
F_swave: (0.027036167907582606+0j), F_dwave: (8.673617379884035e-18+0j)
F_px: 5.878408653944844e-19j, F_py: 3.1382570695771828e-19j
Free_energy = -19506.146405133073
------------------------------------------
[{'stable': {'F_onsite': np.complex128(0.0038371310387767107-0.02919969972248003j), 'F_swave': np.complex128(-0.003522537019951813+0.02680571036132868j)}, 'free': np.float64(-19506.146405128)}, {'stable': {'F_onsite': np.complex128(-0.029450739185965722+0j), 'F_swave': np.complex128(0.027036167907582606+0j)}, 'free': np.float64(-19506.146405133073)}]
------------------------------------------
  Seed: s-wave+px
F_onsite: (-0.029450739185914166-5.6883215954422574e-18j)
F_swave: (0.0270361679075334+5.680732339879372e-18j), F_dwave: (-2.2551405187698492e-17+2.3600455492872943e-19j)
F_px: -1.845896550303934e-18j, F_py: 1.133753599899881e-18j
Free_energy = -19506.146405132946
------------------------------------------
[{'stable': {'F_onsite': np.complex128(0.0038371310387767107-0.02919969972248003j), 'F_swave': np.complex128(-0.003522537019951813+0.02680571036132868j)}, 'free': np.float64(-19506.146405128)}, {'stable': {'F_onsite': np.complex128(-0.029450739185965722+0j), 'F_swave': np.complex128(0.027036167907582606+0j)}, 'free': np.float64(-19506.146405133073)}]
------------------------------------------
  Seed: s-wave+py
F_onsite: (-0.029450739185914166+0j)
F_swave: (0.027036167907533392+0j), F_dwave: (-2.0816681711721685e-17+0j)
F_px: -3.1060698175815193e-18j, F_py: 1.0477797557535695e-18j
Free_energy = -19506.146405132946
------------------------------------------
[{'stable': {'F_onsite': np.complex128(0.0038371310387767107-0.02919969972248003j), 'F_swave': np.complex128(-0.003522537019951813+0.02680571036132868j)}, 'free': np.float64(-19506.146405128)}, {'stable': {'F_onsite': np.complex128(-0.029450739185965722+0j), 'F_swave': np.complex128(0.027036167907582606+0j)}, 'free': np.float64(-19506.146405133073)}]
------------------------------------------
====================================
mu=3.44, T=0.0280
====================================
  Seed: normal state
F_onsite: 0j
F_swave: 0j, F_dwave: 0j
F_px: 0j, F_py: 0j
Free_energy = -19478.025297319735
------------------------------------------
[{'stable': {}, 'free': np.float64(-19478.025297319735)}]
------------------------------------------
  Seed: px+i*py
F_onsite: (0.0038224187005828207-0.029087742154928452j)
F_swave: (-0.0035090483044332523+0.026703064285704525j), F_dwave: (-1.8648277366750676e-17-3.0357660829594124e-17j)
F_px: (-3.621235256101585e-17+1.734723475976807e-18j), F_py: (8.673617379884035e-19+1.734723475976807e-18j)
Free_energy = -19505.974992594478
------------------------------------------
[{'stable': {'F_onsite': np.complex128(0.0038224187005828207-0.029087742154928452j), 'F_swave': np.complex128(-0.0035090483044332523+0.026703064285704525j)}, 'free': np.float64(-19505.974992594478)}]
------------------------------------------
  Seed: s-wave
F_onsite: (-0.029337819080420127+0j)
F_swave: (0.02693263934801888+0j), F_dwave: (-1.734723475976807e-18+0j)
F_px: -2.845607186300822e-18j, F_py: 4.857733952503412e-19j
Free_energy = -19505.974992594543
------------------------------------------
[{'stable': {'F_onsite': np.complex128(0.0038224187005828207-0.029087742154928452j), 'F_swave': np.complex128(-0.0035090483044332523+0.026703064285704525j)}, 'free': np.float64(-19505.974992594478)}, {'stable': {'F_onsite': np.complex128(-0.029337819080420127+0j), 'F_swave': np.complex128(0.02693263934801888+0j)}, 'free': np.float64(-19505.974992594543)}]
------------------------------------------
  Seed: s-wave+px
F_onsite: (-0.029337819080419606-8.072627711470375e-18j)
F_swave: (0.02693263934801838+6.785686819572607e-18j), F_dwave: (-3.903127820947816e-17-4.098580673526746e-19j)
F_px: -9.042076711939656e-20j, F_py: (1.734723475976807e-18+6.136753702857406e-19j)
Free_energy = -19505.97499259453
------------------------------------------
[{'stable': {'F_onsite': np.complex128(0.0038224187005828207-0.029087742154928452j), 'F_swave': np.complex128(-0.0035090483044332523+0.026703064285704525j)}, 'free': np.float64(-19505.974992594478)}, {'stable': {'F_onsite': np.complex128(-0.029337819080420127+0j), 'F_swave': np.complex128(0.02693263934801888+0j)}, 'free': np.float64(-19505.974992594543)}]
------------------------------------------
  Seed: s-wave+py
F_onsite: (-0.029337819080419606+0j)
F_swave: (0.026932639348018376+0j), F_dwave: (-3.9898639947466563e-17+0j)
F_px: -1.7580168820263004e-18j, F_py: 3.4558944247975454e-19j
Free_energy = -19505.97499259453
------------------------------------------
[{'stable': {'F_onsite': np.complex128(0.0038224187005828207-0.029087742154928452j), 'F_swave': np.complex128(-0.0035090483044332523+0.026703064285704525j)}, 'free': np.float64(-19505.974992594478)}, {'stable': {'F_onsite': np.complex128(-0.029337819080420127+0j), 'F_swave': np.complex128(0.02693263934801888+0j)}, 'free': np.float64(-19505.974992594543)}]
------------------------------------------
====================================
mu=3.44, T=0.0310
====================================
  Seed: normal state
F_onsite: 0j
F_swave: 0j, F_dwave: 0j
F_px: 0j, F_py: 0j
Free_energy = -19478.309414713854
------------------------------------------
[{'stable': {}, 'free': np.float64(-19478.309414713854)}]
------------------------------------------
  Seed: px+i*py
F_onsite: (0.0038002492941269115-0.028919037983765623j)
F_swave: (-0.003488721669641021+0.02654838319029651j), F_dwave: (-4.228388472693467e-18+1.734723475976807e-18j)
F_px: (-8.673617379884035e-19-3.122502256758253e-17j), F_py: (-2.168404344971009e-19+0j)
Free_energy = -19505.72100681235
------------------------------------------
[{'stable': {'F_onsite': np.complex128(0.0038002492941269115-0.028919037983765623j), 'F_swave': np.complex128(-0.003488721669641021+0.02654838319029651j)}, 'free': np.float64(-19505.72100681235)}]
------------------------------------------
  Seed: s-wave
F_onsite: (-0.029167664503761744+0j)
F_swave: (0.02677662840812953+0j), F_dwave: (-2.6020852139652106e-17+0j)
F_px: 1.8211208365967457e-19j, F_py: 6.433215234396411e-19j
Free_energy = -19505.72100681235
------------------------------------------
[{'stable': {'F_onsite': np.complex128(0.0038002492941269115-0.028919037983765623j), 'F_swave': np.complex128(-0.003488721669641021+0.02654838319029651j)}, 'free': np.float64(-19505.72100681235)}, {'stable': {'F_onsite': np.complex128(-0.029167664503761744+0j), 'F_swave': np.complex128(0.02677662840812953+0j)}, 'free': np.float64(-19505.72100681235)}]
------------------------------------------
  Seed: s-wave+px
F_onsite: (-0.02916766450376174-7.970874509901753e-18j)
F_swave: (0.02677662840812952+7.013538682384014e-18j), F_dwave: (-2.862293735361732e-17-2.556980709523919e-19j)
F_px: (5.204170427930421e-18-3.1494802561283022e-18j), F_py: (-1.734723475976807e-18+8.699028368301664e-19j)
Free_energy = -19505.72100681235
------------------------------------------
[{'stable': {'F_onsite': np.complex128(0.0038002492941269115-0.028919037983765623j), 'F_swave': np.complex128(-0.003488721669641021+0.02654838319029651j)}, 'free': np.float64(-19505.72100681235)}, {'stable': {'F_onsite': np.complex128(-0.029167664503761744+0j), 'F_swave': np.complex128(0.02677662840812953+0j)}, 'free': np.float64(-19505.72100681235)}]
------------------------------------------
  Seed: s-wave+py
F_onsite: (-0.029167664503761744+0j)
F_swave: (0.02677662840812952+0j), F_dwave: (-2.949029909160572e-17+0j)
F_px: -1.959610723472824e-18j, F_py: 2.625802136488331e-19j
Free_energy = -19505.72100681235
------------------------------------------
[{'stable': {'F_onsite': np.complex128(0.0038002492941269115-0.028919037983765623j), 'F_swave': np.complex128(-0.003488721669641021+0.02654838319029651j)}, 'free': np.float64(-19505.72100681235)}, {'stable': {'F_onsite': np.complex128(-0.029167664503761744+0j), 'F_swave': np.complex128(0.02677662840812953+0j)}, 'free': np.float64(-19505.72100681235)}]
------------------------------------------
====================================
mu=3.44, T=0.0340
====================================
  Seed: normal state
F_onsite: 0j
F_swave: 0j, F_dwave: 0j
F_px: 0j, F_py: 0j
Free_energy = -19478.62103732769
------------------------------------------
[{'stable': {}, 'free': np.float64(-19478.62103732769)}]
------------------------------------------
  Seed: px+i*py
F_onsite: (0.003769270065046696-0.028683293054120023j)
F_swave: (-0.003460316332962235+0.026332224999930903j), F_dwave: (5.854691731421724e-18+2.6020852139652106e-18j)
F_px: (9.75781955236954e-18-1.734723475976807e-18j), F_py: (-1.734723475976807e-18+1.734723475976807e-18j)
Free_energy = -19505.37293279065
------------------------------------------
[{'stable': {'F_onsite': np.complex128(0.003769270065046696-0.028683293054120023j), 'F_swave': np.complex128(-0.003460316332962235+0.026332224999930903j)}, 'free': np.float64(-19505.37293279065)}]
------------------------------------------
  Seed: s-wave
F_onsite: (-0.028929892797101578+0j)
F_swave: (0.026558611834415553+0j), F_dwave: (3.642919299551295e-17+0j)
F_px: -6.136753702857406e-19j, F_py: 4.595153738854579e-19j
Free_energy = -19505.37293279065
------------------------------------------
[{'stable': {'F_onsite': np.complex128(0.003769270065046696-0.028683293054120023j), 'F_swave': np.complex128(-0.003460316332962235+0.026332224999930903j)}, 'free': np.float64(-19505.37293279065)}, {'stable': {'F_onsite': np.complex128(-0.028929892797101578+0j), 'F_swave': np.complex128(0.026558611834415553+0j)}, 'free': np.float64(-19505.37293279065)}]
------------------------------------------
  Seed: s-wave+px
F_onsite: (-0.028929892797101592-8.414545962442168e-18j)
F_swave: (0.026558611834415557+8.138821952811352e-18j), F_dwave: (3.642919299551295e-17+9.371360770184765e-19j)
F_px: (-1.734723475976807e-18-1.903283032480413e-18j), F_py: 1.5225417226896049e-19j
Free_energy = -19505.37293279065
------------------------------------------
[{'stable': {'F_onsite': np.complex128(0.003769270065046696-0.028683293054120023j), 'F_swave': np.complex128(-0.003460316332962235+0.026332224999930903j)}, 'free': np.float64(-19505.37293279065)}, {'stable': {'F_onsite': np.complex128(-0.028929892797101578+0j), 'F_swave': np.complex128(0.026558611834415553+0j)}, 'free': np.float64(-19505.37293279065)}]
------------------------------------------
  Seed: s-wave+py
F_onsite: (-0.028929892797101578+0j)
F_swave: (0.026558611834415553+0j), F_dwave: (3.642919299551295e-17+0j)
F_px: -6.136753702857406e-19j, F_py: 4.595153738854579e-19j
Free_energy = -19505.37293279065
------------------------------------------
[{'stable': {'F_onsite': np.complex128(0.003769270065046696-0.028683293054120023j), 'F_swave': np.complex128(-0.003460316332962235+0.026332224999930903j)}, 'free': np.float64(-19505.37293279065)}, {'stable': {'F_onsite': np.complex128(-0.028929892797101578+0j), 'F_swave': np.complex128(0.026558611834415553+0j)}, 'free': np.float64(-19505.37293279065)}]
------------------------------------------
====================================
mu=3.44, T=0.0370
====================================
  Seed: normal state
F_onsite: 0j
F_swave: 0j, F_dwave: 0j
F_px: 0j, F_py: 0j
Free_energy = -19478.960481989372
------------------------------------------
[{'stable': {}, 'free': np.float64(-19478.960481989372)}]
------------------------------------------
  Seed: px+i*py
F_onsite: (0.0037282437700051872-0.028371092223907955j)
F_swave: (-0.00342269708178399+0.026045951003268064j), F_dwave: (-1.3986208025063007e-17+8.673617379884035e-19j)
F_px: (-1.7564075194265172e-17+4.85722573273506e-17j), F_py: (-1.0842021724855044e-18+5.204170427930421e-18j)
Free_energy = -19504.922095986098
------------------------------------------
[{'stable': {'F_onsite': np.complex128(0.0037282437700051872-0.028371092223907955j), 'F_swave': np.complex128(-0.00342269708178399+0.026045951003268064j)}, 'free': np.float64(-19504.922095986098)}]
------------------------------------------
  Seed: s-wave
F_onsite: (-0.028615007873248593+0j)
F_swave: (0.0262698766456618+0j), F_dwave: (5.204170427930421e-18+0j)
F_px: -1.0554030522788582e-18j, F_py: 5.209252625613947e-20j
Free_energy = -19504.922095986094
------------------------------------------
[{'stable': {'F_onsite': np.complex128(0.0037282437700051872-0.028371092223907955j), 'F_swave': np.complex128(-0.00342269708178399+0.026045951003268064j)}, 'free': np.float64(-19504.922095986098)}, {'stable': {'F_onsite': np.complex128(-0.028615007873248593+0j), 'F_swave': np.complex128(0.0262698766456618+0j)}, 'free': np.float64(-19504.922095986094)}]
------------------------------------------
  Seed: s-wave+px
F_onsite: (-0.0286150078732486-7.10492246282952e-18j)
F_swave: (0.0262698766456618+5.479562014906476e-18j), F_dwave: (6.938893903907228e-18-1.233385850320668e-18j)
F_px: -1.866860615748478e-18j, F_py: 4.741266922255946e-19j
Free_energy = -19504.922095986094
------------------------------------------
[{'stable': {'F_onsite': np.complex128(0.0037282437700051872-0.028371092223907955j), 'F_swave': np.complex128(-0.00342269708178399+0.026045951003268064j)}, 'free': np.float64(-19504.922095986098)}, {'stable': {'F_onsite': np.complex128(-0.028615007873248593+0j), 'F_swave': np.complex128(0.0262698766456618+0j)}, 'free': np.float64(-19504.922095986094)}]
------------------------------------------
  Seed: s-wave+py
F_onsite: (-0.028615007873248593+0j)
F_swave: (0.0262698766456618+0j), F_dwave: (5.204170427930421e-18+0j)
F_px: -1.0554030522788582e-18j, F_py: 5.209252625613947e-20j
Free_energy = -19504.922095986094
------------------------------------------
[{'stable': {'F_onsite': np.complex128(0.0037282437700051872-0.028371092223907955j), 'F_swave': np.complex128(-0.00342269708178399+0.026045951003268064j)}, 'free': np.float64(-19504.922095986098)}, {'stable': {'F_onsite': np.complex128(-0.028615007873248593+0j), 'F_swave': np.complex128(0.0262698766456618+0j)}, 'free': np.float64(-19504.922095986094)}]
------------------------------------------
====================================
mu=3.44, T=0.0400
====================================
  Seed: normal state
F_onsite: 0j
F_swave: 0j, F_dwave: 0j
F_px: 0j, F_py: 0j
Free_energy = -19479.327984749834
------------------------------------------
[{'stable': {}, 'free': np.float64(-19479.327984749834)}]
------------------------------------------
  Seed: px+i*py
F_onsite: (0.0036759920734299595-0.02797346862581612j)
F_swave: (-0.003374782265950171+0.02568133008715441j), F_dwave: (-1.3552527156068805e-17+4.336808689942018e-18j)
F_px: (-2.8406096919120216e-17-6.938893903907228e-18j), F_py: (2.168404344971009e-19-5.204170427930421e-18j)
Free_energy = -19504.3621811974
------------------------------------------
[{'stable': {'F_onsite': np.complex128(0.0036759920734299595-0.02797346862581612j), 'F_swave': np.complex128(-0.003374782265950171+0.02568133008715441j)}, 'free': np.float64(-19504.3621811974)}]
------------------------------------------
  Seed: s-wave
F_onsite: (-0.028213965773769535+0j)
F_swave: (0.025902120963117184+0j), F_dwave: (3.469446951953614e-18+0j)
F_px: -6.043580078659433e-19j, F_py: -2.1175823681357508e-20j
Free_energy = -19504.3621811974
------------------------------------------
[{'stable': {'F_onsite': np.complex128(0.0036759920734299595-0.02797346862581612j), 'F_swave': np.complex128(-0.003374782265950171+0.02568133008715441j)}, 'free': np.float64(-19504.3621811974)}, {'stable': {'F_onsite': np.complex128(-0.028213965773769535+0j), 'F_swave': np.complex128(0.025902120963117184+0j)}, 'free': np.float64(-19504.3621811974)}]
------------------------------------------
  Seed: s-wave+px
F_onsite: (-0.028213965773769535-4.7217488564792584e-18j)
F_swave: (0.025902120963117184+6.4539675416041414e-18j), F_dwave: (1.734723475976807e-18+1.995397865494318e-18j)
F_px: (1.734723475976807e-18+4.868321864344091e-19j), F_py: 3.928115292891818e-19j
Free_energy = -19504.3621811974
------------------------------------------
[{'stable': {'F_onsite': np.complex128(0.0036759920734299595-0.02797346862581612j), 'F_swave': np.complex128(-0.003374782265950171+0.02568133008715441j)}, 'free': np.float64(-19504.3621811974)}, {'stable': {'F_onsite': np.complex128(-0.028213965773769535+0j), 'F_swave': np.complex128(0.025902120963117184+0j)}, 'free': np.float64(-19504.3621811974)}]
------------------------------------------
  Seed: s-wave+py
F_onsite: (-0.028213965773769535+0j)
F_swave: (0.025902120963117184+0j), F_dwave: (3.469446951953614e-18+0j)
F_px: -6.043580078659433e-19j, F_py: -2.1175823681357508e-20j
Free_energy = -19504.3621811974
------------------------------------------
[{'stable': {'F_onsite': np.complex128(0.0036759920734299595-0.02797346862581612j), 'F_swave': np.complex128(-0.003374782265950171+0.02568133008715441j)}, 'free': np.float64(-19504.3621811974)}, {'stable': {'F_onsite': np.complex128(-0.028213965773769535+0j), 'F_swave': np.complex128(0.025902120963117184+0j)}, 'free': np.float64(-19504.3621811974)}]
------------------------------------------
====================================
mu=3.44, T=0.0430
====================================
  Seed: normal state
F_onsite: 0j
F_swave: 0j, F_dwave: 0j
F_px: 0j, F_py: 0j
Free_energy = -19479.723714546988
------------------------------------------
[{'stable': {}, 'free': np.float64(-19479.723714546988)}]
------------------------------------------
  Seed: px+i*py
F_onsite: (0.0036112272199474325-0.027480622732582775j)
F_swave: (-0.0033153866349478383+0.025229342763144015j), F_dwave: (8.131516293641283e-18+7.112366251504909e-17j)
F_px: (1.5612511283791264e-17+1.214306433183765e-17j), F_py: (-1.5178830414797062e-18-1.0408340855860843e-17j)
Free_energy = -19503.686946638885
------------------------------------------
[{'stable': {'F_onsite': np.complex128(0.0036112272199474325-0.027480622732582775j), 'F_swave': np.complex128(-0.0033153866349478383+0.025229342763144015j)}, 'free': np.float64(-19503.686946638885)}]
------------------------------------------
  Seed: s-wave
F_onsite: (-0.027716882721630757+0j)
F_swave: (0.025446247754814206+0j), F_dwave: (4.85722573273506e-17+0j)
F_px: 2.746927847945696e-18j, F_py: 8.737144850928108e-19j
Free_energy = -19503.68694663889
------------------------------------------
[{'stable': {'F_onsite': np.complex128(0.0036112272199474325-0.027480622732582775j), 'F_swave': np.complex128(-0.0033153866349478383+0.025229342763144015j)}, 'free': np.float64(-19503.686946638885)}, {'stable': {'F_onsite': np.complex128(-0.027716882721630757+0j), 'F_swave': np.complex128(0.025446247754814206+0j)}, 'free': np.float64(-19503.68694663889)}]
------------------------------------------
  Seed: s-wave+px
F_onsite: (-0.027716882721630757-4.764343936240845e-18j)
F_swave: (0.02544624775481421+4.558625443004238e-18j), F_dwave: (4.683753385137379e-17+2.533687303474426e-19j)
F_px: (-3.469446951953614e-18+1.0587911840678754e-19j), F_py: 3.4029548655941516e-19j
Free_energy = -19503.68694663889
------------------------------------------
[{'stable': {'F_onsite': np.complex128(0.0036112272199474325-0.027480622732582775j), 'F_swave': np.complex128(-0.0033153866349478383+0.025229342763144015j)}, 'free': np.float64(-19503.686946638885)}, {'stable': {'F_onsite': np.complex128(-0.027716882721630757+0j), 'F_swave': np.complex128(0.025446247754814206+0j)}, 'free': np.float64(-19503.68694663889)}]
------------------------------------------
  Seed: s-wave+py
F_onsite: (-0.027716882721630757+0j)
F_swave: (0.025446247754814206+0j), F_dwave: (4.85722573273506e-17+0j)
F_px: 2.746927847945696e-18j, F_py: 8.737144850928108e-19j
Free_energy = -19503.68694663889
------------------------------------------
[{'stable': {'F_onsite': np.complex128(0.0036112272199474325-0.027480622732582775j), 'F_swave': np.complex128(-0.0033153866349478383+0.025229342763144015j)}, 'free': np.float64(-19503.686946638885)}, {'stable': {'F_onsite': np.complex128(-0.027716882721630757+0j), 'F_swave': np.complex128(0.025446247754814206+0j)}, 'free': np.float64(-19503.68694663889)}]
------------------------------------------
====================================
mu=3.44, T=0.0460
====================================
  Seed: normal state
F_onsite: 0j
F_swave: 0j, F_dwave: 0j
F_px: 0j, F_py: 0j
Free_energy = -19480.147788343336
------------------------------------------
[{'stable': {}, 'free': np.float64(-19480.147788343336)}]
------------------------------------------
  Seed: px+i*py
F_onsite: (0.003532876354137081-0.026884390357003535j)
F_swave: (-0.003243529487054026+0.024682526112836632j), F_dwave: (-1.1926223897340549e-18-9.540979117872439e-18j)
F_px: (4.163336342344337e-17-1.734723475976807e-17j), F_py: (-1.951563910473908e-18-1.734723475976807e-18j)
Free_energy = -19502.89685764732
------------------------------------------
[{'stable': {'F_onsite': np.complex128(0.003532876354137081-0.026884390357003535j), 'F_swave': np.complex128(-0.003243529487054026+0.024682526112836632j)}, 'free': np.float64(-19502.89685764732)}]
------------------------------------------
  Seed: s-wave
F_onsite: (-0.027115524339414394+0j)
F_swave: (0.024894729941179455+0j), F_dwave: (6.938893903907228e-18+0j)
F_px: -2.0917478632444947e-18j, F_py: 9.215718466126788e-19j
Free_energy = -19502.896857647323
------------------------------------------
[{'stable': {'F_onsite': np.complex128(0.003532876354137081-0.026884390357003535j), 'F_swave': np.complex128(-0.003243529487054026+0.024682526112836632j)}, 'free': np.float64(-19502.89685764732)}, {'stable': {'F_onsite': np.complex128(-0.027115524339414394+0j), 'F_swave': np.complex128(0.024894729941179455+0j)}, 'free': np.float64(-19502.896857647323)}]
------------------------------------------
  Seed: s-wave+px
F_onsite: (-0.027115524339414387-8.188511949171806e-18j)
F_swave: (0.02489472994117945+7.511594055369542e-18j), F_dwave: (6.071532165918825e-18-4.0477586966914877e-19j)
F_px: -8.404684419130795e-19j, F_py: (-1.734723475976807e-18+9.402065714522734e-19j)
Free_energy = -19502.896857647323
------------------------------------------
[{'stable': {'F_onsite': np.complex128(0.003532876354137081-0.026884390357003535j), 'F_swave': np.complex128(-0.003243529487054026+0.024682526112836632j)}, 'free': np.float64(-19502.89685764732)}, {'stable': {'F_onsite': np.complex128(-0.027115524339414394+0j), 'F_swave': np.complex128(0.024894729941179455+0j)}, 'free': np.float64(-19502.896857647323)}]
------------------------------------------
  Seed: s-wave+py
F_onsite: (-0.027115524339414394+0j)
F_swave: (0.024894729941179455+0j), F_dwave: (6.938893903907228e-18+0j)
F_px: -2.0917478632444947e-18j, F_py: 9.215718466126788e-19j
Free_energy = -19502.896857647323
------------------------------------------
[{'stable': {'F_onsite': np.complex128(0.003532876354137081-0.026884390357003535j), 'F_swave': np.complex128(-0.003243529487054026+0.024682526112836632j)}, 'free': np.float64(-19502.89685764732)}, {'stable': {'F_onsite': np.complex128(-0.027115524339414394+0j), 'F_swave': np.complex128(0.024894729941179455+0j)}, 'free': np.float64(-19502.896857647323)}]
------------------------------------------
====================================
mu=3.44, T=0.0490
====================================
  Seed: normal state
F_onsite: 0j
F_swave: 0j, F_dwave: 0j
F_px: 0j, F_py: 0j
Free_energy = -19480.60028429291
------------------------------------------
[{'stable': {}, 'free': np.float64(-19480.60028429291)}]
------------------------------------------
  Seed: px+i*py
F_onsite: (0.003439314729500807-0.026172407545543883j)
F_swave: (-0.0031577129869513384+0.024029481948091902j), F_dwave: (-6.5052130349130266e-18-1.1275702593849246e-17j)
F_px: (-3.707971429900425e-17+4.163336342344337e-17j), F_py: (-1.734723475976807e-18-1.734723475976807e-18j)
Free_energy = -19501.986679694906
------------------------------------------
[{'stable': {'F_onsite': np.complex128(0.003439314729500807-0.026172407545543883j), 'F_swave': np.complex128(-0.0031577129869513384+0.024029481948091902j)}, 'free': np.float64(-19501.986679694906)}]
------------------------------------------
  Seed: s-wave
F_onsite: (-0.02639742037659369+0j)
F_swave: (0.0242360713400839+0j), F_dwave: (-3.469446951953614e-17+0j)
F_px: 7.767292126321934e-19j, F_py: 2.82061971435682e-19j
Free_energy = -19501.986679694906
------------------------------------------
[{'stable': {'F_onsite': np.complex128(0.003439314729500807-0.026172407545543883j), 'F_swave': np.complex128(-0.0031577129869513384+0.024029481948091902j)}, 'free': np.float64(-19501.986679694906)}, {'stable': {'F_onsite': np.complex128(-0.02639742037659369+0j), 'F_swave': np.complex128(0.0242360713400839+0j)}, 'free': np.float64(-19501.986679694906)}]
------------------------------------------
  Seed: s-wave+px
F_onsite: (-0.02639742037659368-5.962617640672098e-18j)
F_swave: (0.024236071340083896+4.686209780684417e-18j), F_dwave: (-3.729655473350135e-17-7.413655870843264e-19j)
F_px: 1.3984513959168499e-18j, F_py: (1.734723475976807e-18+7.551298724772088e-19j)
Free_energy = -19501.986679694906
------------------------------------------
[{'stable': {'F_onsite': np.complex128(0.003439314729500807-0.026172407545543883j), 'F_swave': np.complex128(-0.0031577129869513384+0.024029481948091902j)}, 'free': np.float64(-19501.986679694906)}, {'stable': {'F_onsite': np.complex128(-0.02639742037659369+0j), 'F_swave': np.complex128(0.0242360713400839+0j)}, 'free': np.float64(-19501.986679694906)}]
------------------------------------------
  Seed: s-wave+py
F_onsite: (-0.02639742037659369+0j)
F_swave: (0.0242360713400839+0j), F_dwave: (-3.469446951953614e-17+0j)
F_px: 7.767292126321934e-19j, F_py: 2.82061971435682e-19j
Free_energy = -19501.986679694906
------------------------------------------
[{'stable': {'F_onsite': np.complex128(0.003439314729500807-0.026172407545543883j), 'F_swave': np.complex128(-0.0031577129869513384+0.024029481948091902j)}, 'free': np.float64(-19501.986679694906)}, {'stable': {'F_onsite': np.complex128(-0.02639742037659369+0j), 'F_swave': np.complex128(0.0242360713400839+0j)}, 'free': np.float64(-19501.986679694906)}]
------------------------------------------
====================================
mu=3.44, T=0.0520
====================================
  Seed: normal state
F_onsite: 0j
F_swave: 0j, F_dwave: 0j
F_px: 0j, F_py: 0j
Free_energy = -19481.081251905536
------------------------------------------
[{'stable': {}, 'free': np.float64(-19481.081251905536)}]
------------------------------------------
  Seed: px+i*py
F_onsite: (0.003328945716271272-0.025332524306633207j)
F_swave: (-0.003056471828238222+0.02325905961846432j), F_dwave: (1.1817803680091998e-17+1.1275702593849246e-17j)
F_px: (-1.1926223897340549e-17-2.2551405187698492e-17j), F_py: (-1.0842021724855044e-18+1.734723475976807e-18j)
Free_energy = -19500.957109797244
------------------------------------------
[{'stable': {'F_onsite': np.complex128(0.003328945716271272-0.025332524306633207j), 'F_swave': np.complex128(-0.003056471828238222+0.02325905961846432j)}, 'free': np.float64(-19500.957109797244)}]
------------------------------------------
  Seed: s-wave
F_onsite: (-0.025550316384108478+0j)
F_swave: (0.023459025435258057+0j), F_dwave: (2.2551405187698492e-17+0j)
F_px: -1.0638733817514012e-18j, F_py: 7.157428404298838e-20j
Free_energy = -19500.957109797244
------------------------------------------
[{'stable': {'F_onsite': np.complex128(0.003328945716271272-0.025332524306633207j), 'F_swave': np.complex128(-0.003056471828238222+0.02325905961846432j)}, 'free': np.float64(-19500.957109797244)}, {'stable': {'F_onsite': np.complex128(-0.025550316384108478+0j), 'F_swave': np.complex128(0.023459025435258057+0j)}, 'free': np.float64(-19500.957109797244)}]
------------------------------------------
  Seed: s-wave+px
F_onsite: (-0.025550316384108485-3.817516159022302e-18j)
F_swave: (0.02345902543525806+4.130979683759223e-18j), F_dwave: (1.9949319973733282e-17+7.782115202898884e-19j)
F_px: (-1.734723475976807e-18+1.8550021544869177e-19j), F_py: (1.734723475976807e-18+7.549181142403952e-19j)
Free_energy = -19500.957109797244
------------------------------------------
[{'stable': {'F_onsite': np.complex128(0.003328945716271272-0.025332524306633207j), 'F_swave': np.complex128(-0.003056471828238222+0.02325905961846432j)}, 'free': np.float64(-19500.957109797244)}, {'stable': {'F_onsite': np.complex128(-0.025550316384108478+0j), 'F_swave': np.complex128(0.023459025435258057+0j)}, 'free': np.float64(-19500.957109797244)}]
------------------------------------------
  Seed: s-wave+py
F_onsite: (-0.025550316384108478+0j)
F_swave: (0.023459025435258057+0j), F_dwave: (2.2551405187698492e-17+0j)
F_px: -1.0638733817514012e-18j, F_py: 7.157428404298838e-20j
Free_energy = -19500.957109797244
------------------------------------------
[{'stable': {'F_onsite': np.complex128(0.003328945716271272-0.025332524306633207j), 'F_swave': np.complex128(-0.003056471828238222+0.02325905961846432j)}, 'free': np.float64(-19500.957109797244)}, {'stable': {'F_onsite': np.complex128(-0.025550316384108478+0j), 'F_swave': np.complex128(0.023459025435258057+0j)}, 'free': np.float64(-19500.957109797244)}]
------------------------------------------
====================================
mu=3.44, T=0.0550
====================================
  Seed: normal state
F_onsite: 0j
F_swave: 0j, F_dwave: 0j
F_px: 0j, F_py: 0j
Free_energy = -19481.59071929202
------------------------------------------
[{'stable': {}, 'free': np.float64(-19481.59071929202)}]
------------------------------------------
  Seed: px+i*py
F_onsite: (0.003199557509368384-0.024347909303649787j)
F_swave: (-0.0029377710117520057+0.022355773240390824j), F_dwave: (-1.1058862159352145e-17+1.1275702593849246e-17j)
F_px: (-3.469446951953614e-18-5.204170427930421e-18j), F_py: (8.673617379884035e-19-1.734723475976807e-18j)
Free_energy = -19499.80627663406
------------------------------------------
[{'stable': {'F_onsite': np.complex128(0.003199557509368384-0.024347909303649787j), 'F_swave': np.complex128(-0.0029377710117520057+0.022355773240390824j)}, 'free': np.float64(-19499.80627663406)}]
------------------------------------------
  Seed: s-wave
F_onsite: (-0.024557236320777505+0j)
F_swave: (0.022547973205884062+0j), F_dwave: (-8.673617379884035e-18+0j)
F_px: 1.0120773170268008e-17j, F_py: 9.893344823930228e-19j
Free_energy = -19499.80627663406
------------------------------------------
[{'stable': {'F_onsite': np.complex128(0.003199557509368384-0.024347909303649787j), 'F_swave': np.complex128(-0.0029377710117520057+0.022355773240390824j)}, 'free': np.float64(-19499.80627663406)}, {'stable': {'F_onsite': np.complex128(-0.024557236320777505+0j), 'F_swave': np.complex128(0.022547973205884062+0j)}, 'free': np.float64(-19499.80627663406)}]
------------------------------------------
  Seed: s-wave+px
F_onsite: (-0.024557236320777505-4.922265660218609e-18j)
F_swave: (0.022547973205884062+5.173200785796436e-18j), F_dwave: (-1.1275702593849246e-17+4.3140446794845584e-19j)
F_px: (-1.734723475976807e-18+8.667264632779628e-18j), F_py: (-1.734723475976807e-18+1.224492004374498e-18j)
Free_energy = -19499.80627663406
------------------------------------------
[{'stable': {'F_onsite': np.complex128(0.003199557509368384-0.024347909303649787j), 'F_swave': np.complex128(-0.0029377710117520057+0.022355773240390824j)}, 'free': np.float64(-19499.80627663406)}, {'stable': {'F_onsite': np.complex128(-0.024557236320777505+0j), 'F_swave': np.complex128(0.022547973205884062+0j)}, 'free': np.float64(-19499.80627663406)}]
------------------------------------------
  Seed: s-wave+py
F_onsite: (-0.024557236320777505+0j)
F_swave: (0.022547973205884062+0j), F_dwave: (-8.673617379884035e-18+0j)
F_px: 1.0120773170268008e-17j, F_py: 9.893344823930228e-19j
Free_energy = -19499.80627663406
------------------------------------------
[{'stable': {'F_onsite': np.complex128(0.003199557509368384-0.024347909303649787j), 'F_swave': np.complex128(-0.0029377710117520057+0.022355773240390824j)}, 'free': np.float64(-19499.80627663406)}, {'stable': {'F_onsite': np.complex128(-0.024557236320777505+0j), 'F_swave': np.complex128(0.022547973205884062+0j)}, 'free': np.float64(-19499.80627663406)}]
------------------------------------------
====================================
mu=3.44, T=0.0580
====================================
  Seed: normal state
F_onsite: 0j
F_swave: 0j, F_dwave: 0j
F_px: 0j, F_py: 0j
Free_energy = -19482.128697994038
------------------------------------------
[{'stable': {}, 'free': np.float64(-19482.128697994038)}]
------------------------------------------
  Seed: px+i*py
F_onsite: (0.0030485330959953475-0.023198647660852004j)
F_swave: (-0.002799206738709738+0.021301330448573495j), F_dwave: (4.7704895589362195e-18-1.0408340855860843e-17j)
F_px: (-1.1492543028346347e-17-2.42861286636753e-17j), F_py: (-4.336808689942018e-19+0j)
Free_energy = -19498.536019807652
------------------------------------------
[{'stable': {'F_onsite': np.complex128(0.0030485330959953475-0.023198647660852004j), 'F_swave': np.complex128(-0.002799206738709738+0.021301330448573495j)}, 'free': np.float64(-19498.536019807652)}]
------------------------------------------
  Seed: s-wave
F_onsite: (-0.023398094096095168+0j)
F_swave: (0.021484465021157764+0j), F_dwave: (-4.5102810375396984e-17+0j)
F_px: 1.0975429414047597e-18j, F_py: 6.2426328212641935e-19j
Free_energy = -19498.536019807652
------------------------------------------
[{'stable': {'F_onsite': np.complex128(0.0030485330959953475-0.023198647660852004j), 'F_swave': np.complex128(-0.002799206738709738+0.021301330448573495j)}, 'free': np.float64(-19498.536019807652)}, {'stable': {'F_onsite': np.complex128(-0.023398094096095168+0j), 'F_swave': np.complex128(0.021484465021157764+0j)}, 'free': np.float64(-19498.536019807652)}]
------------------------------------------
  Seed: s-wave+px
F_onsite: (-0.023398094096095168-9.201795174748501e-18j)
F_swave: (0.021484465021157768+7.679835974517928e-18j), F_dwave: (-4.163336342344337e-17-5.71111964686212e-19j)
F_px: -4.5104504441291493e-20j, F_py: 7.885876738937536e-19j
Free_energy = -19498.536019807652
------------------------------------------
[{'stable': {'F_onsite': np.complex128(0.0030485330959953475-0.023198647660852004j), 'F_swave': np.complex128(-0.002799206738709738+0.021301330448573495j)}, 'free': np.float64(-19498.536019807652)}, {'stable': {'F_onsite': np.complex128(-0.023398094096095168+0j), 'F_swave': np.complex128(0.021484465021157764+0j)}, 'free': np.float64(-19498.536019807652)}]
------------------------------------------
  Seed: s-wave+py
F_onsite: (-0.023398094096095168+0j)
F_swave: (0.021484465021157764+0j), F_dwave: (-4.5102810375396984e-17+0j)
F_px: 1.0975429414047597e-18j, F_py: 6.2426328212641935e-19j
Free_energy = -19498.536019807652
------------------------------------------
[{'stable': {'F_onsite': np.complex128(0.0030485330959953475-0.023198647660852004j), 'F_swave': np.complex128(-0.002799206738709738+0.021301330448573495j)}, 'free': np.float64(-19498.536019807652)}, {'stable': {'F_onsite': np.complex128(-0.023398094096095168+0j), 'F_swave': np.complex128(0.021484465021157764+0j)}, 'free': np.float64(-19498.536019807652)}]
------------------------------------------
====================================
mu=3.44, T=0.0610
====================================
  Seed: normal state
F_onsite: 0j
F_swave: 0j, F_dwave: 0j
F_px: 0j, F_py: 0j
Free_energy = -19482.69518599336
------------------------------------------
[{'stable': {}, 'free': np.float64(-19482.69518599336)}]
------------------------------------------
  Seed: px+i*py
F_onsite: (0.002871961771341366-0.021854979798746052j)
F_swave: (-0.002637181688626646+0.020068356447390603j), F_dwave: (-4.9873299934333204e-18+6.938893903907228e-18j)
F_px: (-5.637851296924623e-18+6.938893903907228e-18j), F_py: 0j
Free_energy = -19497.14434386728
------------------------------------------
[{'stable': {'F_onsite': np.complex128(0.002871961771341366-0.021854979798746052j), 'F_swave': np.complex128(-0.002637181688626646+0.020068356447390603j)}, 'free': np.float64(-19497.14434386728)}]
------------------------------------------
  Seed: s-wave
F_onsite: (-0.022042874277635304+0j)
F_swave: (0.02024089073529993+0j), F_dwave: (-3.2959746043559335e-17+0j)
F_px: 1.7351469924504342e-18j, F_py: 9.920873394715993e-19j
Free_energy = -19497.144343867276
------------------------------------------
[{'stable': {'F_onsite': np.complex128(0.002871961771341366-0.021854979798746052j), 'F_swave': np.complex128(-0.002637181688626646+0.020068356447390603j)}, 'free': np.float64(-19497.14434386728)}, {'stable': {'F_onsite': np.complex128(-0.022042874277635304+0j), 'F_swave': np.complex128(0.02024089073529993+0j)}, 'free': np.float64(-19497.144343867276)}]
------------------------------------------
  Seed: s-wave+px
F_onsite: (-0.022042874277635308-8.794113566230818e-18j)
F_swave: (0.02024089073529993+7.674647897715995e-18j), F_dwave: (-3.2959746043559335e-17-9.414771208731548e-19j)
F_px: 1.137247610807305e-18j, F_py: 1.1344947537287285e-18j
Free_energy = -19497.14434386728
------------------------------------------
[{'stable': {'F_onsite': np.complex128(0.002871961771341366-0.021854979798746052j), 'F_swave': np.complex128(-0.002637181688626646+0.020068356447390603j)}, 'free': np.float64(-19497.14434386728)}, {'stable': {'F_onsite': np.complex128(-0.022042874277635304+0j), 'F_swave': np.complex128(0.02024089073529993+0j)}, 'free': np.float64(-19497.144343867276)}]
------------------------------------------
  Seed: s-wave+py
F_onsite: (-0.022042874277635304+0j)
F_swave: (0.02024089073529993+0j), F_dwave: (-3.2959746043559335e-17+0j)
F_px: 1.7351469924504342e-18j, F_py: 9.920873394715993e-19j
Free_energy = -19497.144343867276
------------------------------------------
[{'stable': {'F_onsite': np.complex128(0.002871961771341366-0.021854979798746052j), 'F_swave': np.complex128(-0.002637181688626646+0.020068356447390603j)}, 'free': np.float64(-19497.14434386728)}, {'stable': {'F_onsite': np.complex128(-0.022042874277635304+0j), 'F_swave': np.complex128(0.02024089073529993+0j)}, 'free': np.float64(-19497.144343867276)}]
------------------------------------------
====================================
mu=3.44, T=0.0640
====================================
  Seed: normal state
F_onsite: 0j
F_swave: 0j, F_dwave: 0j
F_px: 0j, F_py: 0j
Free_energy = -19483.29016944298
------------------------------------------
[{'stable': {}, 'free': np.float64(-19483.29016944298)}]
------------------------------------------
  Seed: px+i*py
F_onsite: (0.0026646897165419083-0.020277686320924873j)
F_swave: (-0.0024469609467263386+0.018620819605842484j), F_dwave: (-1.463672932855431e-17+2.7755575615628914e-17j)
F_px: (4.336808689942018e-18-3.2959746043559335e-17j), F_py: (6.505213034913027e-19+0j)
Free_energy = -19495.63413783011
------------------------------------------
[{'stable': {'F_onsite': np.complex128(0.0026646897165419083-0.020277686320924873j), 'F_swave': np.complex128(-0.0024469609467263386+0.018620819605842484j)}, 'free': np.float64(-19495.63413783011)}]
------------------------------------------
  Seed: s-wave
F_onsite: (-0.020452020286888004+0j)
F_swave: (0.018780908941479286+0j), F_dwave: (2.949029909160572e-17+0j)
F_px: -2.4362785145401814e-18j, F_py: -5.717472393966527e-21j
Free_energy = -19495.634137830115
------------------------------------------
[{'stable': {'F_onsite': np.complex128(0.0026646897165419083-0.020277686320924873j), 'F_swave': np.complex128(-0.0024469609467263386+0.018620819605842484j)}, 'free': np.float64(-19495.63413783011)}, {'stable': {'F_onsite': np.complex128(-0.020452020286888004+0j), 'F_swave': np.complex128(0.018780908941479286+0j)}, 'free': np.float64(-19495.634137830115)}]
------------------------------------------
  Seed: s-wave+px
F_onsite: (-0.020452020286888004-1.0446657572345367e-17j)
F_swave: (0.018780908941479286+9.470834201927942e-18j), F_dwave: (2.949029909160572e-17-4.358513909215409e-19j)
F_px: (-5.204170427930421e-18+3.994819137488094e-19j), F_py: 1.0486267887008238e-18j
Free_energy = -19495.634137830115
------------------------------------------
[{'stable': {'F_onsite': np.complex128(0.0026646897165419083-0.020277686320924873j), 'F_swave': np.complex128(-0.0024469609467263386+0.018620819605842484j)}, 'free': np.float64(-19495.63413783011)}, {'stable': {'F_onsite': np.complex128(-0.020452020286888004+0j), 'F_swave': np.complex128(0.018780908941479286+0j)}, 'free': np.float64(-19495.634137830115)}]
------------------------------------------
  Seed: s-wave+py
F_onsite: (-0.020452020286888004+0j)
F_swave: (0.018780908941479286+0j), F_dwave: (2.949029909160572e-17+0j)
F_px: -2.4362785145401814e-18j, F_py: -5.717472393966527e-21j
Free_energy = -19495.634137830115
------------------------------------------
[{'stable': {'F_onsite': np.complex128(0.0026646897165419083-0.020277686320924873j), 'F_swave': np.complex128(-0.0024469609467263386+0.018620819605842484j)}, 'free': np.float64(-19495.63413783011)}, {'stable': {'F_onsite': np.complex128(-0.020452020286888004+0j), 'F_swave': np.complex128(0.018780908941479286+0j)}, 'free': np.float64(-19495.634137830115)}]
------------------------------------------
====================================
mu=3.44, T=0.0670
====================================
  Seed: normal state
F_onsite: 0j
F_swave: 0j, F_dwave: 0j
F_px: 0j, F_py: 0j
Free_energy = -19483.913623558645
------------------------------------------
[{'stable': {}, 'free': np.float64(-19483.913623558645)}]
------------------------------------------
  Seed: px+i*py
F_onsite: (0.002418465385243759-0.018403974825117905j)
F_swave: (-0.0022209600279573974+0.016901003707357844j), F_dwave: (-6.396792817664476e-18+4.336808689942018e-18j)
F_px: (-1.734723475976807e-18-3.469446951953614e-18j), F_py: (-2.168404344971009e-19+1.734723475976807e-18j)
Free_energy = -19494.005255633547
------------------------------------------
[{'stable': {'F_onsite': np.complex128(0.002418465385243759-0.018403974825117905j), 'F_swave': np.complex128(-0.0022209600279573974+0.016901003707357844j)}, 'free': np.float64(-19494.005255633547)}]
------------------------------------------
  Seed: s-wave
F_onsite: (-0.018562199874562327+0j)
F_swave: (0.01704630721775001+0j), F_dwave: (-2.949029909160572e-17+0j)
F_px: 4.08460462989705e-18j, F_py: 9.554531645028508e-19j
Free_energy = -19494.005255633547
------------------------------------------
[{'stable': {'F_onsite': np.complex128(0.002418465385243759-0.018403974825117905j), 'F_swave': np.complex128(-0.0022209600279573974+0.016901003707357844j)}, 'free': np.float64(-19494.005255633547)}, {'stable': {'F_onsite': np.complex128(-0.018562199874562327+0j), 'F_swave': np.complex128(0.01704630721775001+0j)}, 'free': np.float64(-19494.005255633547)}]
------------------------------------------
  Seed: s-wave+px
F_onsite: (-0.01856219987456232-1.6886102753260895e-17j)
F_swave: (0.017046307217750002+1.4936049596290298e-17j), F_dwave: (-2.7755575615628914e-17-9.016665723522027e-19j)
F_px: (5.204170427930421e-18+3.57077326826891e-18j), F_py: (-3.469446951953614e-18+1.316183320914776e-18j)
Free_energy = -19494.005255633547
------------------------------------------
[{'stable': {'F_onsite': np.complex128(0.002418465385243759-0.018403974825117905j), 'F_swave': np.complex128(-0.0022209600279573974+0.016901003707357844j)}, 'free': np.float64(-19494.005255633547)}, {'stable': {'F_onsite': np.complex128(-0.018562199874562327+0j), 'F_swave': np.complex128(0.01704630721775001+0j)}, 'free': np.float64(-19494.005255633547)}]
------------------------------------------
  Seed: s-wave+py
F_onsite: (-0.018562199874562327+0j)
F_swave: (0.01704630721775001+0j), F_dwave: (-2.949029909160572e-17+0j)
F_px: 4.08460462989705e-18j, F_py: 9.554531645028508e-19j
Free_energy = -19494.005255633547
------------------------------------------
[{'stable': {'F_onsite': np.complex128(0.002418465385243759-0.018403974825117905j), 'F_swave': np.complex128(-0.0022209600279573974+0.016901003707357844j)}, 'free': np.float64(-19494.005255633547)}, {'stable': {'F_onsite': np.complex128(-0.018562199874562327+0j), 'F_swave': np.complex128(0.01704630721775001+0j)}, 'free': np.float64(-19494.005255633547)}]
------------------------------------------
====================================
mu=3.44, T=0.0700
====================================
  Seed: normal state
F_onsite: 0j
F_swave: 0j, F_dwave: 0j
F_px: 0j, F_py: 0j
Free_energy = -19484.565513001948
------------------------------------------
[{'stable': {}, 'free': np.float64(-19484.565513001948)}]
------------------------------------------
  Seed: px+i*py
F_onsite: (0.0021195975691215892-0.016129658311220173j)
F_swave: (-0.0019465983498534582+0.014813173363533147j), F_dwave: (2.5478751053409354e-18+6.071532165918825e-18j)
F_px: (-4.445228907190568e-18-2.42861286636753e-17j), F_py: (-9.75781955236954e-19-1.734723475976807e-18j)
Free_energy = -19492.259584895895
------------------------------------------
[{'stable': {'F_onsite': np.complex128(0.0021195975691215892-0.016129658311220173j), 'F_swave': np.complex128(-0.0019465983498534582+0.014813173363533147j)}, 'free': np.float64(-19492.259584895895)}]
------------------------------------------
  Seed: s-wave
F_onsite: (-0.016268330310506597+0j)
F_swave: (0.01494052710695792+0j), F_dwave: (9.540979117872439e-18+0j)
F_px: 3.0527067419044984e-18j, F_py: 5.776764700274328e-19j
Free_energy = -19492.2595848959
------------------------------------------
[{'stable': {'F_onsite': np.complex128(0.0021195975691215892-0.016129658311220173j), 'F_swave': np.complex128(-0.0019465983498534582+0.014813173363533147j)}, 'free': np.float64(-19492.259584895895)}, {'stable': {'F_onsite': np.complex128(-0.016268330310506597+0j), 'F_swave': np.complex128(0.01494052710695792+0j)}, 'free': np.float64(-19492.2595848959)}]
------------------------------------------
  Seed: s-wave+px
F_onsite: (-0.0162683303105066-2.0101588666841624e-18j)
F_swave: (0.014940527106957919+1.5257710358010119e-18j), F_dwave: (7.806255641895632e-18-2.941851304932592e-19j)
F_px: (8.673617379884035e-19+3.1672679480206425e-18j), F_py: 1.0605911290807908e-18j
Free_energy = -19492.259584895895
------------------------------------------
[{'stable': {'F_onsite': np.complex128(0.0021195975691215892-0.016129658311220173j), 'F_swave': np.complex128(-0.0019465983498534582+0.014813173363533147j)}, 'free': np.float64(-19492.259584895895)}, {'stable': {'F_onsite': np.complex128(-0.016268330310506597+0j), 'F_swave': np.complex128(0.01494052710695792+0j)}, 'free': np.float64(-19492.2595848959)}]
------------------------------------------
  Seed: s-wave+py
F_onsite: (-0.016268330310506597+0j)
F_swave: (0.01494052710695792+0j), F_dwave: (9.540979117872439e-18+0j)
F_px: 3.0527067419044984e-18j, F_py: 5.776764700274328e-19j
Free_energy = -19492.2595848959
------------------------------------------
[{'stable': {'F_onsite': np.complex128(0.0021195975691215892-0.016129658311220173j), 'F_swave': np.complex128(-0.0019465983498534582+0.014813173363533147j)}, 'free': np.float64(-19492.259584895895)}, {'stable': {'F_onsite': np.complex128(-0.016268330310506597+0j), 'F_swave': np.complex128(0.01494052710695792+0j)}, 'free': np.float64(-19492.2595848959)}]
------------------------------------------
====================================
mu=3.44, T=0.0730
====================================
  Seed: normal state
F_onsite: 0j
F_swave: 0j, F_dwave: 0j
F_px: 0j, F_py: 0j
Free_energy = -19485.245791991547
------------------------------------------
[{'stable': {}, 'free': np.float64(-19485.245791991547)}]
------------------------------------------
  Seed: px+i*py
F_onsite: (0.0017407956447197562-0.01324706130448463j)
F_swave: (-0.0015988004947559403+0.012166510314932473j), F_dwave: (8.456776945386935e-18+8.673617379884035e-18j)
F_px: (-2.6020852139652106e-18-2.688821387764051e-17j), F_py: (-8.673617379884035e-19-3.469446951953614e-18j)
Free_energy = -19490.397576584717
------------------------------------------
[{'stable': {'F_onsite': np.complex128(0.0017407956447197562-0.01324706130448463j), 'F_swave': np.complex128(-0.0015988004947559403+0.012166510314932473j)}, 'free': np.float64(-19490.397576584717)}]
------------------------------------------
  Seed: s-wave
F_onsite: (-0.013360950665332477+0j)
F_swave: (0.012271109822073406+0j), F_dwave: (2.42861286636753e-17+0j)
F_px: -1.0793317330387922e-18j, F_py: 9.16489648929153e-19j
Free_energy = -19490.397576584717
------------------------------------------
[{'stable': {'F_onsite': np.complex128(0.0017407956447197562-0.01324706130448463j), 'F_swave': np.complex128(-0.0015988004947559403+0.012166510314932473j)}, 'free': np.float64(-19490.397576584717)}, {'stable': {'F_onsite': np.complex128(-0.013360950665332477+0j), 'F_swave': np.complex128(0.012271109822073406+0j)}, 'free': np.float64(-19490.397576584717)}]
------------------------------------------
  Seed: s-wave+px
F_onsite: (-0.013360950665332477+0j)
F_swave: (0.012271109822073406+0j), F_dwave: (2.42861286636753e-17+0j)
F_px: -1.0793317330387922e-18j, F_py: 9.16489648929153e-19j
Free_energy = -19490.397576584717
------------------------------------------
[{'stable': {'F_onsite': np.complex128(0.0017407956447197562-0.01324706130448463j), 'F_swave': np.complex128(-0.0015988004947559403+0.012166510314932473j)}, 'free': np.float64(-19490.397576584717)}, {'stable': {'F_onsite': np.complex128(-0.013360950665332477+0j), 'F_swave': np.complex128(0.012271109822073406+0j)}, 'free': np.float64(-19490.397576584717)}]
------------------------------------------
  Seed: s-wave+py
F_onsite: (-0.013360950665332477+0j)
F_swave: (0.012271109822073406+0j), F_dwave: (2.42861286636753e-17+0j)
F_px: -1.0793317330387922e-18j, F_py: 9.16489648929153e-19j
Free_energy = -19490.397576584717
------------------------------------------
[{'stable': {'F_onsite': np.complex128(0.0017407956447197562-0.01324706130448463j), 'F_swave': np.complex128(-0.0015988004947559403+0.012166510314932473j)}, 'free': np.float64(-19490.397576584717)}, {'stable': {'F_onsite': np.complex128(-0.013360950665332477+0j), 'F_swave': np.complex128(0.012271109822073406+0j)}, 'free': np.float64(-19490.397576584717)}]
------------------------------------------
====================================
mu=3.44, T=0.0760
====================================
  Seed: normal state
F_onsite: 0j
F_swave: 0j, F_dwave: 0j
F_px: 0j, F_py: 0j
Free_energy = -19485.954404304393
------------------------------------------
[{'stable': {}, 'free': np.float64(-19485.954404304393)}]
------------------------------------------
  Seed: px+i*py
F_onsite: (0.0012098431532204053-0.0092066328797034j)
F_swave: (-0.0011112229421356861+0.008456155368995702j), F_dwave: (2.211772431870429e-17-4.336808689942018e-18j)
F_px: (4.336808689942018e-19+5.204170427930421e-18j), F_py: (-1.951563910473908e-18+0j)
Free_energy = -19488.424955512775
------------------------------------------
[{'stable': {'F_onsite': np.complex128(0.0012098431532204053-0.0092066328797034j), 'F_swave': np.complex128(-0.0011112229421356861+0.008456155368995702j)}, 'free': np.float64(-19488.424955512775)}]
------------------------------------------
  Seed: s-wave
F_onsite: (-0.009285785343040814+0j)
F_swave: (0.008528855729329954+0j), F_dwave: (2.6020852139652106e-18+0j)
F_px: 1.1335418416630674e-18j, F_py: 1.4783901303139745e-18j
Free_energy = -19488.42495551277
------------------------------------------
[{'stable': {'F_onsite': np.complex128(0.0012098431532204053-0.0092066328797034j), 'F_swave': np.complex128(-0.0011112229421356861+0.008456155368995702j)}, 'free': np.float64(-19488.424955512775)}, {'stable': {'F_onsite': np.complex128(-0.009285785343040814+0j), 'F_swave': np.complex128(0.008528855729329954+0j)}, 'free': np.float64(-19488.42495551277)}]
------------------------------------------
  Seed: s-wave+px
F_onsite: (-0.009285785343040814+0j)
F_swave: (0.008528855729329954+0j), F_dwave: (2.6020852139652106e-18+0j)
F_px: 1.1335418416630674e-18j, F_py: 1.4783901303139745e-18j
Free_energy = -19488.42495551277
------------------------------------------
[{'stable': {'F_onsite': np.complex128(0.0012098431532204053-0.0092066328797034j), 'F_swave': np.complex128(-0.0011112229421356861+0.008456155368995702j)}, 'free': np.float64(-19488.424955512775)}, {'stable': {'F_onsite': np.complex128(-0.009285785343040814+0j), 'F_swave': np.complex128(0.008528855729329954+0j)}, 'free': np.float64(-19488.42495551277)}]
------------------------------------------
  Seed: s-wave+py
F_onsite: (-0.009285785343040814+0j)
F_swave: (0.008528855729329954+0j), F_dwave: (2.6020852139652106e-18+0j)
F_px: 1.1335418416630674e-18j, F_py: 1.4783901303139745e-18j
Free_energy = -19488.42495551277
------------------------------------------
[{'stable': {'F_onsite': np.complex128(0.0012098431532204053-0.0092066328797034j), 'F_swave': np.complex128(-0.0011112229421356861+0.008456155368995702j)}, 'free': np.float64(-19488.424955512775)}, {'stable': {'F_onsite': np.complex128(-0.009285785343040814+0j), 'F_swave': np.complex128(0.008528855729329954+0j)}, 'free': np.float64(-19488.42495551277)}]
------------------------------------------
====================================
mu=3.44, T=0.0790
====================================
  Seed: normal state
F_onsite: 0j
F_swave: 0j, F_dwave: 0j
F_px: 0j, F_py: 0j
Free_energy = -19486.691283271877
------------------------------------------
[{'stable': {}, 'free': np.float64(-19486.691283271877)}]
------------------------------------------
  Seed: px+i*py
==================================================
WARNING: Failed to converge after 5000 iterations
==================================================
F_onsite: (3.218527994215859e-08-2.449227040468596e-07j)
F_swave: (-2.9566886337792864e-08+2.2499732067308016e-07j), F_dwave: (5.96397221650733e-22+3.255782891008717e-21j)
F_px: (2.4314146925383695e-20-1.5339237279183345e-20j), F_py: (-1.2432524606672006e-20-1.69935985042894e-20j)
Free_energy = -19486.691283273474
------------------------------------------
[{'stable': {}, 'free': np.float64(-19486.691283271877)}]
------------------------------------------
  Seed: s-wave
==================================================
WARNING: Failed to converge after 5000 iterations
==================================================
F_onsite: (-2.4702838541029156e-07+0j)
F_swave: (2.2693169693602344e-07+0j), F_dwave: (-2.0117032497289633e-21+0j)
F_px: 6.7143639725864404e-21j, F_py: -1.0425832908232378e-20j
Free_energy = -19486.691283273463
------------------------------------------
[{'stable': {}, 'free': np.float64(-19486.691283271877)}]
------------------------------------------
  Seed: s-wave+px
==================================================
WARNING: Failed to converge after 5000 iterations
==================================================
F_onsite: (-2.4702838541029156e-07+0j)
F_swave: (2.2693169693602344e-07+0j), F_dwave: (-2.0117032497289633e-21+0j)
F_px: 6.7143639725864404e-21j, F_py: -1.0425832908232378e-20j
Free_energy = -19486.691283273463
------------------------------------------
[{'stable': {}, 'free': np.float64(-19486.691283271877)}]
------------------------------------------
  Seed: s-wave+py
==================================================
WARNING: Failed to converge after 5000 iterations
==================================================
F_onsite: (-2.4702838541029156e-07+0j)
F_swave: (2.2693169693602344e-07+0j), F_dwave: (-2.0117032497289633e-21+0j)
F_px: 6.7143639725864404e-21j, F_py: -1.0425832908232378e-20j
Free_energy = -19486.691283273463
------------------------------------------
[{'stable': {}, 'free': np.float64(-19486.691283271877)}]
------------------------------------------
====================================
mu=3.44, T=0.0820
====================================
  Seed: normal state
F_onsite: 0j
F_swave: 0j, F_dwave: 0j
F_px: 0j, F_py: 0j
Free_energy = -19487.456351831024
------------------------------------------
[{'stable': {}, 'free': np.float64(-19487.456351831024)}]
------------------------------------------
  Seed: px+i*py
F_onsite: (7.992082217955096e-15-6.081645328632066e-14j)
F_swave: (-7.34913101065197e-15+5.592387726778576e-14j), F_dwave: (2.131799045820245e-22-6.435502431451718e-21j)
F_px: (9.129339829063636e-21-2.7841793088446993e-21j), F_py: (-2.5621730590552608e-20-3.9078985953291093e-22j)
Free_energy = -19487.45635183102
------------------------------------------
[{'stable': {}, 'free': np.float64(-19487.456351831024)}]
------------------------------------------
  Seed: s-wave
F_onsite: (-5.747601159143027e-14+0j)
F_swave: (5.285216936811208e-14+0j), F_dwave: (7.368359718615148e-21+0j)
F_px: -2.5102170112680924e-21j, F_py: 1.516958330615905e-20j
Free_energy = -19487.456351831024
------------------------------------------
[{'stable': {}, 'free': np.float64(-19487.456351831024)}]
------------------------------------------
  Seed: s-wave+px
F_onsite: (-5.747601159143027e-14+0j)
F_swave: (5.285216936811208e-14+0j), F_dwave: (7.368359718615148e-21+0j)
F_px: -2.5102170112680924e-21j, F_py: 1.516958330615905e-20j
Free_energy = -19487.456351831024
------------------------------------------
[{'stable': {}, 'free': np.float64(-19487.456351831024)}]
------------------------------------------
  Seed: s-wave+py
F_onsite: (-5.747601159143027e-14+0j)
F_swave: (5.285216936811208e-14+0j), F_dwave: (7.368359718615148e-21+0j)
F_px: -2.5102170112680924e-21j, F_py: 1.516958330615905e-20j
Free_energy = -19487.456351831024
------------------------------------------
[{'stable': {}, 'free': np.float64(-19487.456351831024)}]
------------------------------------------
====================================
mu=3.44, T=0.0850
====================================
  Seed: normal state
F_onsite: 0j
F_swave: 0j, F_dwave: 0j
F_px: 0j, F_py: 0j
Free_energy = -19488.249522665894
------------------------------------------
[{'stable': {}, 'free': np.float64(-19488.249522665894)}]
------------------------------------------
  Seed: px+i*py
F_onsite: (4.240810588535375e-15-3.2270895149505203e-14j)
F_swave: (-3.903469079477648e-15+2.9703849892293006e-14j), F_dwave: (3.4084927236433144e-21+3.086740161126035e-21j)
F_px: (-8.113438397889982e-21-9.42650169206609e-21j), F_py: (-1.2682504169607524e-20-2.0642429754136345e-20j)
Free_energy = -19488.249522665894
------------------------------------------
[{'stable': {}, 'free': np.float64(-19488.249522665894)}]
------------------------------------------
  Seed: s-wave
F_onsite: (-3.14275581676103e-14+0j)
F_swave: (2.892758720225644e-14+0j), F_dwave: (1.9005651112114294e-21+0j)
F_px: -1.0944274104373387e-20j, F_py: -1.4436711289090715e-20j
Free_energy = -19488.249522665894
------------------------------------------
[{'stable': {}, 'free': np.float64(-19488.249522665894)}]
------------------------------------------
  Seed: s-wave+px
F_onsite: (-3.14275581676103e-14+0j)
F_swave: (2.892758720225644e-14+0j), F_dwave: (1.9005651112114294e-21+0j)
F_px: -1.0944274104373387e-20j, F_py: -1.4436711289090715e-20j
Free_energy = -19488.249522665894
------------------------------------------
[{'stable': {}, 'free': np.float64(-19488.249522665894)}]
------------------------------------------
  Seed: s-wave+py
F_onsite: (-3.14275581676103e-14+0j)
F_swave: (2.892758720225644e-14+0j), F_dwave: (1.9005651112114294e-21+0j)
F_px: -1.0944274104373387e-20j, F_py: -1.4436711289090715e-20j
Free_energy = -19488.249522665894
------------------------------------------
[{'stable': {}, 'free': np.float64(-19488.249522665894)}]
------------------------------------------
====================================
mu=3.44, T=0.0880
====================================
  Seed: normal state
F_onsite: 0j
F_swave: 0j, F_dwave: 0j
F_px: 0j, F_py: 0j
Free_energy = -19489.07069844866
------------------------------------------
[{'stable': {}, 'free': np.float64(-19489.07069844866)}]
------------------------------------------
  Seed: px+i*py
F_onsite: (2.8571913430398273e-15-2.174103975417956e-14j)
F_swave: (-2.632460541068035e-15+2.0031031826507763e-14j), F_dwave: (-7.142813053825557e-22+4.290138937354555e-21j)
F_px: (3.819509558176579e-21+2.0532826290867377e-20j), F_py: (-6.866756045737528e-21+2.0239287391479008e-20j)
Free_energy = -19489.07069844866
------------------------------------------
[{'stable': {}, 'free': np.float64(-19489.07069844866)}]
------------------------------------------
  Seed: s-wave
F_onsite: (-2.1171305246279656e-14+0j)
F_swave: (1.950611545488705e-14+0j), F_dwave: (2.218188440484897e-21+0j)
F_px: 1.4157132025254357e-20j, F_py: 1.621723852000732e-20j
Free_energy = -19489.07069844866
------------------------------------------
[{'stable': {}, 'free': np.float64(-19489.07069844866)}]
------------------------------------------
  Seed: s-wave+px
F_onsite: (-2.1171305246279656e-14+0j)
F_swave: (1.950611545488705e-14+0j), F_dwave: (2.218188440484897e-21+0j)
F_px: 1.4157132025254357e-20j, F_py: 1.621723852000732e-20j
Free_energy = -19489.07069844866
------------------------------------------
[{'stable': {}, 'free': np.float64(-19489.07069844866)}]
------------------------------------------
  Seed: s-wave+py
F_onsite: (-2.1171305246279656e-14+0j)
F_swave: (1.950611545488705e-14+0j), F_dwave: (2.218188440484897e-21+0j)
F_px: 1.4157132025254357e-20j, F_py: 1.621723852000732e-20j
Free_energy = -19489.07069844866
------------------------------------------
[{'stable': {}, 'free': np.float64(-19489.07069844866)}]
------------------------------------------
====================================
mu=3.44, T=0.0910
====================================
  Seed: normal state
F_onsite: 0j
F_swave: 0j, F_dwave: 0j
F_px: 0j, F_py: 0j
Free_energy = -19489.919772184636
------------------------------------------
[{'stable': {}, 'free': np.float64(-19489.919772184636)}]
------------------------------------------
  Seed: px+i*py
F_onsite: (2.1451375939866932e-15-1.632244256264792e-14j)
F_swave: (-1.9783066159970936e-15+1.5053011384018183e-14j), F_dwave: (2.124957970390281e-21-2.1055275700729023e-21j)
F_px: (3.0120696912166153e-21+1.5281003955279495e-20j), F_py: (6.996248090091426e-21+5.724522970835572e-21j)
Free_energy = -19489.919772184636
------------------------------------------
[{'stable': {}, 'free': np.float64(-19489.919772184636)}]
------------------------------------------
  Seed: s-wave
F_onsite: (-1.58928189633687e-14+0j)
F_swave: (1.4656650866765e-14+0j), F_dwave: (-6.949925459281779e-22+0j)
F_px: 3.250714419217752e-20j, F_py: 2.729305840875555e-20j
Free_energy = -19489.919772184636
------------------------------------------
[{'stable': {}, 'free': np.float64(-19489.919772184636)}]
------------------------------------------
  Seed: s-wave+px
F_onsite: (-1.58928189633687e-14+0j)
F_swave: (1.4656650866765e-14+0j), F_dwave: (-6.949925459281779e-22+0j)
F_px: 3.250714419217752e-20j, F_py: 2.729305840875555e-20j
Free_energy = -19489.919772184636
------------------------------------------
[{'stable': {}, 'free': np.float64(-19489.919772184636)}]
------------------------------------------
  Seed: s-wave+py
F_onsite: (-1.58928189633687e-14+0j)
F_swave: (1.4656650866765e-14+0j), F_dwave: (-6.949925459281779e-22+0j)
F_px: 3.250714419217752e-20j, F_py: 2.729305840875555e-20j
Free_energy = -19489.919772184636
------------------------------------------
[{'stable': {}, 'free': np.float64(-19489.919772184636)}]
------------------------------------------
====================================
mu=3.44, T=0.0940
====================================
  Seed: normal state
F_onsite: 0j
F_swave: 0j, F_dwave: 0j
F_px: 0j, F_py: 0j
Free_energy = -19490.796627647796
------------------------------------------
[{'stable': {}, 'free': np.float64(-19490.796627647796)}]
------------------------------------------
  Seed: px+i*py
F_onsite: (1.7359735055069445e-15-1.320861680301145e-14j)
F_swave: (-1.6024940898777125e-15+1.2193023975671133e-14j), F_dwave: (-5.069589659183667e-22+9.550047219494393e-22j)
F_px: (-3.7115758895553785e-20+1.3113581796125127e-20j), F_py: (3.1868271897222092e-21+1.2813046611641793e-20j)
Free_energy = -19490.796627647796
------------------------------------------
[{'stable': {}, 'free': np.float64(-19490.796627647796)}]
------------------------------------------
  Seed: s-wave
F_onsite: (-1.2860060431540672e-14+0j)
F_swave: (1.1871264242217107e-14+0j), F_dwave: (-1.451563948826838e-21+0j)
F_px: -2.1052640673907606e-20j, F_py: 1.782580428071073e-20j
Free_energy = -19490.796627647796
------------------------------------------
[{'stable': {}, 'free': np.float64(-19490.796627647796)}]
------------------------------------------
  Seed: s-wave+px
F_onsite: (-1.2860060431540672e-14+0j)
F_swave: (1.1871264242217107e-14+0j), F_dwave: (-1.451563948826838e-21+0j)
F_px: -2.1052640673907606e-20j, F_py: 1.782580428071073e-20j
Free_energy = -19490.796627647796
------------------------------------------
[{'stable': {}, 'free': np.float64(-19490.796627647796)}]
------------------------------------------
  Seed: s-wave+py
F_onsite: (-1.2860060431540672e-14+0j)
F_swave: (1.1871264242217107e-14+0j), F_dwave: (-1.451563948826838e-21+0j)
F_px: -2.1052640673907606e-20j, F_py: 1.782580428071073e-20j
Free_energy = -19490.796627647796
------------------------------------------
[{'stable': {}, 'free': np.float64(-19490.796627647796)}]
------------------------------------------
====================================
mu=3.44, T=0.0970
====================================
  Seed: normal state
F_onsite: 0j
F_swave: 0j, F_dwave: 0j
F_px: 0j, F_py: 0j
Free_energy = -19491.70113989685
------------------------------------------
[{'stable': {}, 'free': np.float64(-19491.70113989685)}]
------------------------------------------
  Seed: px+i*py
F_onsite: (1.4687533850376666e-15-1.1175641648921932e-14j)
F_swave: (-1.3571237957529888e-15+1.0326251795072929e-14j), F_dwave: (-4.747781207547582e-21+3.9473547514584047e-22j)
F_px: (1.6449713160902296e-20+5.015987589683785e-20j), F_py: (2.4819342801822124e-20+3.0707038115228085e-20j)
Free_energy = -19491.70113989685
------------------------------------------
[{'stable': {}, 'free': np.float64(-19491.70113989685)}]
------------------------------------------
  Seed: s-wave
F_onsite: (-1.0880798864532115e-14+0j)
F_swave: (1.005366916114369e-14+0j), F_dwave: (3.662307578416445e-22+0j)
F_px: -1.81125304377408e-20j, F_py: 1.863307587766422e-20j
Free_energy = -19491.70113989685
------------------------------------------
[{'stable': {}, 'free': np.float64(-19491.70113989685)}]
------------------------------------------
  Seed: s-wave+px
F_onsite: (-1.0880798864532115e-14+0j)
F_swave: (1.005366916114369e-14+0j), F_dwave: (3.662307578416445e-22+0j)
F_px: -1.81125304377408e-20j, F_py: 1.863307587766422e-20j
Free_energy = -19491.70113989685
------------------------------------------
[{'stable': {}, 'free': np.float64(-19491.70113989685)}]
------------------------------------------
  Seed: s-wave+py
F_onsite: (-1.0880798864532115e-14+0j)
F_swave: (1.005366916114369e-14+0j), F_dwave: (3.662307578416445e-22+0j)
F_px: -1.81125304377408e-20j, F_py: 1.863307587766422e-20j
Free_energy = -19491.70113989685
------------------------------------------
[{'stable': {}, 'free': np.float64(-19491.70113989685)}]
------------------------------------------
====================================
mu=3.44, T=0.1000
====================================
  Seed: normal state
F_onsite: 0j
F_swave: 0j, F_dwave: 0j
F_px: 0j, F_py: 0j
Free_energy = -19492.633175857143
------------------------------------------
[{'stable': {}, 'free': np.float64(-19492.633175857143)}]
------------------------------------------
  Seed: px+i*py
F_onsite: (1.2118112277590754e-15-9.220547969438658e-15j)
F_swave: (-1.1207477247238753e-15+8.527686863289025e-15j), F_dwave: (1.4402518971286663e-21+1.2133656515628788e-21j)
F_px: (3.0613461424633182e-21-1.9191159202401682e-20j), F_py: (4.3263806589825246e-20+2.6783502986459532e-20j)
Free_energy = -19492.633175857143
------------------------------------------
[{'stable': {}, 'free': np.float64(-19492.633175857143)}]
------------------------------------------
  Seed: s-wave
F_onsite: (-8.976394025655392e-15+0j)
F_swave: (8.301879763978048e-15+0j), F_dwave: (4.025439042967578e-21+0j)
F_px: 1.7085509166410357e-20j, F_py: 2.028750153986461e-20j
Free_energy = -19492.633175857143
------------------------------------------
[{'stable': {}, 'free': np.float64(-19492.633175857143)}]
------------------------------------------
  Seed: s-wave+px
F_onsite: (-8.976394025655392e-15+0j)
F_swave: (8.301879763978048e-15+0j), F_dwave: (4.025439042967578e-21+0j)
F_px: 1.7085509166410357e-20j, F_py: 2.028750153986461e-20j
Free_energy = -19492.633175857143
------------------------------------------
[{'stable': {}, 'free': np.float64(-19492.633175857143)}]
------------------------------------------
  Seed: s-wave+py
F_onsite: (-8.976394025655392e-15+0j)
F_swave: (8.301879763978048e-15+0j), F_dwave: (4.025439042967578e-21+0j)
F_px: 1.7085509166410357e-20j, F_py: 2.028750153986461e-20j
Free_energy = -19492.633175857143
------------------------------------------
[{'stable': {}, 'free': np.float64(-19492.633175857143)}]
------------------------------------------
