/home/emilssp/D1/venv/bin/python
Python 3.10.12
Running job 15 out of 25
====================================
mu=3.37, T=0.0010
====================================
  Seed: normal state
F_onsite: 0j
F_swave: 0j, F_dwave: 0j
F_px: 0j, F_py: 0j
Free_energy = -19120.150148686633
------------------------------------------
[{'stable': {}, 'free': np.float64(-19120.150148686633)}]
------------------------------------------
  Seed: px+i*py
F_onsite: (-0.00117979504143029-0.030153551862056455j)
F_swave: (0.0010695222138695053+0.027335166203477715j), F_dwave: (-5.583641188300348e-18+1.474514954580286e-17j)
F_px: (7.914675859144182e-18+8.673617379884035e-18j), F_py: (-2.4936649967166602e-18-5.204170427930421e-18j)
Free_energy = -19149.805495980036
------------------------------------------
[{'stable': {'F_onsite': np.complex128(-0.00117979504143029-0.030153551862056455j), 'F_swave': np.complex128(0.0010695222138695053+0.027335166203477715j)}, 'free': np.float64(-19149.805495980036)}]
------------------------------------------
  Seed: s-wave
F_onsite: (-0.03017931758143995+0j)
F_swave: (0.027358631378918433+0j), F_dwave: (-3.8163916471489756e-17+0j)
F_px: 4.2137771543533306e-18j, F_py: 6.1409888675936775e-21j
Free_energy = -19149.81287906508
------------------------------------------
[{'stable': {'F_onsite': np.complex128(-0.00117979504143029-0.030153551862056455j), 'F_swave': np.complex128(0.0010695222138695053+0.027335166203477715j)}, 'free': np.float64(-19149.805495980036)}, {'stable': {'F_onsite': np.complex128(-0.03017931758143995+0j), 'F_swave': np.complex128(0.027358631378918433+0j)}, 'free': np.float64(-19149.81287906508)}]
------------------------------------------
  Seed: s-wave+px
F_onsite: (-0.030179239630497567-3.549767113655639e-18j)
F_swave: (0.02735855759671888+5.469927015131458e-18j), F_dwave: (2.0122792321330962e-16+2.1589811034328048e-18j)
F_px: (3.363194271688297e-10+6.289325512481587e-18j), F_py: (-6.938893903907228e-18+6.063697111156723e-19j)
Free_energy = -19149.8126654223
------------------------------------------
[{'stable': {'F_onsite': np.complex128(-0.00117979504143029-0.030153551862056455j), 'F_swave': np.complex128(0.0010695222138695053+0.027335166203477715j)}, 'free': np.float64(-19149.805495980036)}, {'stable': {'F_onsite': np.complex128(-0.03017931758143995+0j), 'F_swave': np.complex128(0.027358631378918433+0j)}, 'free': np.float64(-19149.81287906508)}]
------------------------------------------
  Seed: s-wave+py
F_onsite: (-0.030179239630497602-1.2986638621269983e-19j)
F_swave: (0.02735855759671883+2.2250496733186402e-18j), F_dwave: (-2.697495005143935e-16+2.1650162131819917e-18j)
F_px: -1.157152885067781e-18j, F_py: (3.363194913535983e-10+5.652886131738387e-19j)
Free_energy = -19149.8126654223
------------------------------------------
[{'stable': {'F_onsite': np.complex128(-0.00117979504143029-0.030153551862056455j), 'F_swave': np.complex128(0.0010695222138695053+0.027335166203477715j)}, 'free': np.float64(-19149.805495980036)}, {'stable': {'F_onsite': np.complex128(-0.03017931758143995+0j), 'F_swave': np.complex128(0.027358631378918433+0j)}, 'free': np.float64(-19149.81287906508)}]
------------------------------------------
====================================
mu=3.37, T=0.0040
====================================
  Seed: normal state
F_onsite: 0j
F_swave: 0j, F_dwave: 0j
F_px: 0j, F_py: 0j
Free_energy = -19120.150776331906
------------------------------------------
[{'stable': {}, 'free': np.float64(-19120.150776331906)}]
------------------------------------------
  Seed: px+i*py
F_onsite: (-0.0011798262010472267-0.030154348248795j)
F_swave: (0.0010695517068620946+0.027335919994135538j), F_dwave: (2.200930410145574e-17-8.673617379884035e-19j)
F_px: (-5.5294310796760726e-17+3.642919299551295e-17j), F_py: (-1.734723475976807e-18-1.734723475976807e-18j)
Free_energy = -19149.807679998543
------------------------------------------
[{'stable': {'F_onsite': np.complex128(-0.0011798262010472267-0.030154348248795j), 'F_swave': np.complex128(0.0010695517068620946+0.027335919994135538j)}, 'free': np.float64(-19149.807679998543)}]
------------------------------------------
  Seed: s-wave
F_onsite: (-0.030178516140561353+0j)
F_swave: (0.027357872799319363+0j), F_dwave: (-6.938893903907228e-18+0j)
F_px: 3.939126721206124e-18j, F_py: 6.71273610699033e-19j
Free_energy = -19149.81068258324
------------------------------------------
[{'stable': {'F_onsite': np.complex128(-0.0011798262010472267-0.030154348248795j), 'F_swave': np.complex128(0.0010695517068620946+0.027335919994135538j)}, 'free': np.float64(-19149.807679998543)}, {'stable': {'F_onsite': np.complex128(-0.030178516140561353+0j), 'F_swave': np.complex128(0.027357872799319363+0j)}, 'free': np.float64(-19149.81068258324)}]
------------------------------------------
  Seed: s-wave+px
F_onsite: (-0.030178484440338608-5.928901618224178e-18j)
F_swave: (0.02735784279447786+6.1838699105484264e-18j), F_dwave: (-5.204170427930421e-18+7.250602028496811e-19j)
F_px: (6.007037402222526e-11-3.6107955750266756e-18j), F_py: 4.40563011690643e-19j
Free_energy = -19149.810595705905
------------------------------------------
[{'stable': {'F_onsite': np.complex128(-0.0011798262010472267-0.030154348248795j), 'F_swave': np.complex128(0.0010695517068620946+0.027335919994135538j)}, 'free': np.float64(-19149.807679998543)}, {'stable': {'F_onsite': np.complex128(-0.030178516140561353+0j), 'F_swave': np.complex128(0.027357872799319363+0j)}, 'free': np.float64(-19149.81068258324)}]
------------------------------------------
  Seed: s-wave+py
F_onsite: (-0.030178484440338552-1.3373041358689752e-18j)
F_swave: (0.027357842794477873+1.2905605742603334e-18j), F_dwave: (-2.688821387764051e-17+2.2838125840344073e-19j)
F_px: 3.164515090942066e-18j, F_py: (6.007040524724783e-11+6.215104250478429e-19j)
Free_energy = -19149.810595705905
------------------------------------------
[{'stable': {'F_onsite': np.complex128(-0.0011798262010472267-0.030154348248795j), 'F_swave': np.complex128(0.0010695517068620946+0.027335919994135538j)}, 'free': np.float64(-19149.807679998543)}, {'stable': {'F_onsite': np.complex128(-0.030178516140561353+0j), 'F_swave': np.complex128(0.027357872799319363+0j)}, 'free': np.float64(-19149.81068258324)}]
------------------------------------------
====================================
mu=3.37, T=0.0070
====================================
  Seed: normal state
F_onsite: 0j
F_swave: 0j, F_dwave: 0j
F_px: 0j, F_py: 0j
Free_energy = -19120.163004804286
------------------------------------------
[{'stable': {}, 'free': np.float64(-19120.163004804286)}]
------------------------------------------
  Seed: px+i*py
F_onsite: (-0.0011798388724921503-0.030154672109344197j)
F_swave: (0.0010695637006488132+0.027336226534895876j), F_dwave: (2.0491421059976034e-17+1.1275702593849246e-17j)
F_px: (-2.7430314963883262e-17+8.673617379884035e-17j), F_py: (-1.0842021724855044e-18-8.673617379884035e-18j)
Free_energy = -19149.808568238393
------------------------------------------
[{'stable': {'F_onsite': np.complex128(-0.0011798388724921503-0.030154672109344197j), 'F_swave': np.complex128(0.0010695637006488132+0.027336226534895876j)}, 'free': np.float64(-19149.808568238393)}]
------------------------------------------
  Seed: s-wave
F_onsite: (-0.03017819018964708+0j)
F_swave: (0.027357564282793352+0j), F_dwave: (7.806255641895632e-17+0j)
F_px: 1.0272392067826527e-18j, F_py: 4.847146040662734e-19j
Free_energy = -19149.809789342664
------------------------------------------
[{'stable': {'F_onsite': np.complex128(-0.0011798388724921503-0.030154672109344197j), 'F_swave': np.complex128(0.0010695637006488132+0.027336226534895876j)}, 'free': np.float64(-19149.808568238393)}, {'stable': {'F_onsite': np.complex128(-0.03017819018964708+0j), 'F_swave': np.complex128(0.027357564282793352+0j)}, 'free': np.float64(-19149.809789342664)}]
------------------------------------------
  Seed: s-wave+px
F_onsite: (-0.03017817729786055-9.081199489878976e-18j)
F_swave: (0.027357552080495128+6.4116158942414264e-18j), F_dwave: (-6.505213034913027e-17-1.4722491414463808e-18j)
F_px: (1.0729266433640028e-11-1.7763339695106746e-18j), F_py: (8.673617379884035e-18+3.7025927706853604e-19j)
Free_energy = -19149.8097540123
------------------------------------------
[{'stable': {'F_onsite': np.complex128(-0.0011798388724921503-0.030154672109344197j), 'F_swave': np.complex128(0.0010695637006488132+0.027336226534895876j)}, 'free': np.float64(-19149.808568238393)}, {'stable': {'F_onsite': np.complex128(-0.03017819018964708+0j), 'F_swave': np.complex128(0.027357564282793352+0j)}, 'free': np.float64(-19149.809789342664)}]
------------------------------------------
  Seed: s-wave+py
F_onsite: (-0.030178177297860532+3.1642982020550963e-19j)
F_swave: (0.027357552080495076+3.8529411188229987e-19j), F_dwave: (5.4643789493269423e-17+2.4532191734852674e-19j)
F_px: 1.9818453383382492e-18j, F_py: (1.0729321944791259e-11+6.2426328212641935e-19j)
Free_energy = -19149.8097540123
------------------------------------------
[{'stable': {'F_onsite': np.complex128(-0.0011798388724921503-0.030154672109344197j), 'F_swave': np.complex128(0.0010695637006488132+0.027336226534895876j)}, 'free': np.float64(-19149.808568238393)}, {'stable': {'F_onsite': np.complex128(-0.03017819018964708+0j), 'F_swave': np.complex128(0.027357564282793352+0j)}, 'free': np.float64(-19149.809789342664)}]
------------------------------------------
====================================
mu=3.37, T=0.0100
====================================
  Seed: normal state
F_onsite: 0j
F_swave: 0j, F_dwave: 0j
F_px: 0j, F_py: 0j
Free_energy = -19120.20463219058
------------------------------------------
[{'stable': {}, 'free': np.float64(-19120.20463219058)}]
------------------------------------------
  Seed: px+i*py
F_onsite: (-0.001179843550591843-0.030154791673605408j)
F_swave: (0.0010695681611996373+0.027336340538978106j), F_dwave: (2.168404344971009e-18-1.734723475976807e-17j)
F_px: (-1.5612511283791264e-17+1.3877787807814457e-17j), F_py: (-2.168404344971009e-18-6.938893903907228e-18j)
Free_energy = -19149.80891834819
------------------------------------------
[{'stable': {'F_onsite': np.complex128(-0.001179843550591843-0.030154791673605408j), 'F_swave': np.complex128(0.0010695681611996373+0.027336340538978106j)}, 'free': np.float64(-19149.80891834819)}]
------------------------------------------
  Seed: s-wave
F_onsite: (-0.030178045478354117+0j)
F_swave: (0.027357428146227342+0j), F_dwave: (5.724587470723463e-17+0j)
F_px: -4.929731753020028e-19j, F_py: 2.473336205982557e-19j
Free_energy = -19149.80941495449
------------------------------------------
[{'stable': {'F_onsite': np.complex128(-0.001179843550591843-0.030154791673605408j), 'F_swave': np.complex128(0.0010695681611996373+0.027336340538978106j)}, 'free': np.float64(-19149.80891834819)}, {'stable': {'F_onsite': np.complex128(-0.030178045478354117+0j), 'F_swave': np.complex128(0.027357428146227342+0j)}, 'free': np.float64(-19149.80941495449)}]
------------------------------------------
  Seed: s-wave+px
F_onsite: (-0.030178040235443335-6.7238872775420914e-18j)
F_swave: (0.027357423183727383+4.663975165818991e-18j), F_dwave: (-1.5612511283791264e-17-1.682419191483854e-18j)
F_px: (1.9162779002490637e-12-3.8639525471373046e-18j), F_py: 6.786851489875081e-19j
Free_energy = -19149.809400586382
------------------------------------------
[{'stable': {'F_onsite': np.complex128(-0.001179843550591843-0.030154791673605408j), 'F_swave': np.complex128(0.0010695681611996373+0.027336340538978106j)}, 'free': np.float64(-19149.80891834819)}, {'stable': {'F_onsite': np.complex128(-0.030178045478354117+0j), 'F_swave': np.complex128(0.027357428146227342+0j)}, 'free': np.float64(-19149.80941495449)}]
------------------------------------------
  Seed: s-wave+py
F_onsite: (-0.030178040235443338-2.2315405858671323e-19j)
F_swave: (0.02735742318372736-3.6771817822677313e-19j), F_dwave: (6.071532165918825e-18-8.93090363761253e-19j)
F_px: (3.469446951953614e-18+5.5595007493036e-18j), F_py: (1.9163056558246794e-12+5.338425150070228e-19j)
Free_energy = -19149.809400586386
------------------------------------------
[{'stable': {'F_onsite': np.complex128(-0.001179843550591843-0.030154791673605408j), 'F_swave': np.complex128(0.0010695681611996373+0.027336340538978106j)}, 'free': np.float64(-19149.80891834819)}, {'stable': {'F_onsite': np.complex128(-0.030178045478354117+0j), 'F_swave': np.complex128(0.027357428146227342+0j)}, 'free': np.float64(-19149.80941495449)}]
------------------------------------------
====================================
mu=3.37, T=0.0130
====================================
  Seed: normal state
F_onsite: 0j
F_swave: 0j, F_dwave: 0j
F_px: 0j, F_py: 0j
Free_energy = -19120.283000987914
------------------------------------------
[{'stable': {}, 'free': np.float64(-19120.283000987914)}]
------------------------------------------
  Seed: px+i*py
F_onsite: (-0.0011798326070364157-0.030154511974967362j)
F_swave: (0.0010695586835727786+0.027336098306977877j), F_dwave: (9.378348791999613e-18-1.5612511283791264e-17j)
F_px: (-1.6263032587282567e-18+4.683753385137379e-17j), F_py: (3.2526065174565133e-19+3.469446951953614e-18j)
Free_energy = -19149.808759786465
------------------------------------------
[{'stable': {'F_onsite': np.complex128(-0.0011798326070364157-0.030154511974967362j), 'F_swave': np.complex128(0.0010695586835727786+0.027336098306977877j)}, 'free': np.float64(-19149.808759786465)}]
------------------------------------------
  Seed: s-wave
F_onsite: (-0.030177658066563806+0j)
F_swave: (0.02735708397831705+0j), F_dwave: (-1.5612511283791264e-17+0j)
F_px: 9.616788566651699e-18j, F_py: 3.1679032227310833e-19j
Free_energy = -19149.80896176858
------------------------------------------
[{'stable': {'F_onsite': np.complex128(-0.0011798326070364157-0.030154511974967362j), 'F_swave': np.complex128(0.0010695586835727786+0.027336098306977877j)}, 'free': np.float64(-19149.808759786465)}, {'stable': {'F_onsite': np.complex128(-0.030177658066563806+0j), 'F_swave': np.complex128(0.02735708397831705+0j)}, 'free': np.float64(-19149.80896176858)}]
------------------------------------------
  Seed: s-wave+px
F_onsite: (-0.030177655933875332-5.224731414420695e-18j)
F_swave: (0.02735708195971978+6.114730846228794e-18j), F_dwave: (-9.540979117872439e-18+1.1310007428213045e-18j)
F_px: (3.422800237684598e-13-3.516880796999855e-18j), F_py: (5.204170427930421e-18+6.437450399132683e-19j)
Free_energy = -19149.808955924742
------------------------------------------
[{'stable': {'F_onsite': np.complex128(-0.0011798326070364157-0.030154511974967362j), 'F_swave': np.complex128(0.0010695586835727786+0.027336098306977877j)}, 'free': np.float64(-19149.808759786465)}, {'stable': {'F_onsite': np.complex128(-0.030177658066563806+0j), 'F_swave': np.complex128(0.02735708397831705+0j)}, 'free': np.float64(-19149.80896176858)}]
------------------------------------------
  Seed: s-wave+py
F_onsite: (-0.030177655933875322-4.888244608827123e-19j)
F_swave: (0.027357081959719785+6.387687213481492e-19j), F_dwave: (-4.336808689942018e-18+1.8571197368550535e-19j)
F_px: 4.937037412190096e-18j, F_py: (3.422869626623637e-13+4.583507035829833e-19j)
Free_energy = -19149.808955924742
------------------------------------------
[{'stable': {'F_onsite': np.complex128(-0.0011798326070364157-0.030154511974967362j), 'F_swave': np.complex128(0.0010695586835727786+0.027336098306977877j)}, 'free': np.float64(-19149.808759786465)}, {'stable': {'F_onsite': np.complex128(-0.030177658066563806+0j), 'F_swave': np.complex128(0.02735708397831705+0j)}, 'free': np.float64(-19149.80896176858)}]
------------------------------------------
====================================
mu=3.37, T=0.0160
====================================
  Seed: normal state
F_onsite: 0j
F_swave: 0j, F_dwave: 0j
F_px: 0j, F_py: 0j
Free_energy = -19120.3986723795
------------------------------------------
[{'stable': {}, 'free': np.float64(-19120.3986723795)}]
------------------------------------------
  Seed: px+i*py
F_onsite: (-0.0011797328295884808-0.030151961833336325j)
F_swave: (0.0010694707795294966+0.027333851629347202j), F_dwave: (4.9873299934333204e-18-3.2959746043559335e-17j)
F_px: (-1.6479873021779667e-17+1.5612511283791264e-17j), F_py: 0j
Free_energy = -19149.806358821268
------------------------------------------
[{'stable': {'F_onsite': np.complex128(-0.0011797328295884808-0.030151961833336325j), 'F_swave': np.complex128(0.0010694707795294966+0.027333851629347202j)}, 'free': np.float64(-19149.806358821268)}]
------------------------------------------
  Seed: s-wave
F_onsite: (-0.03017506228365981+0j)
F_swave: (0.027354794226663155+0j), F_dwave: (-5.204170427930421e-18+0j)
F_px: -5.1453016380962474e-18j, F_py: 6.979551485375435e-19j
Free_energy = -19149.806441023553
------------------------------------------
[{'stable': {'F_onsite': np.complex128(-0.0011797328295884808-0.030151961833336325j), 'F_swave': np.complex128(0.0010694707795294966+0.027333851629347202j)}, 'free': np.float64(-19149.806358821268)}, {'stable': {'F_onsite': np.complex128(-0.03017506228365981+0j), 'F_swave': np.complex128(0.027354794226663155+0j)}, 'free': np.float64(-19149.806441023553)}]
------------------------------------------
  Seed: s-wave+px
F_onsite: (-0.030175061415031013-6.4632589907872526e-18j)
F_swave: (0.02735479340456685+5.9625825530782404e-18j), F_dwave: (5.0306980803327406e-17-1.3139598594282334e-19j)
F_px: (6.111604278213889e-14+6.45862622281404e-19j), F_py: 2.378044999416448e-19j
Free_energy = -19149.806438645235
------------------------------------------
[{'stable': {'F_onsite': np.complex128(-0.0011797328295884808-0.030151961833336325j), 'F_swave': np.complex128(0.0010694707795294966+0.027333851629347202j)}, 'free': np.float64(-19149.806358821268)}, {'stable': {'F_onsite': np.complex128(-0.03017506228365981+0j), 'F_swave': np.complex128(0.027354794226663155+0j)}, 'free': np.float64(-19149.806441023553)}]
------------------------------------------
  Seed: s-wave+py
F_onsite: (-0.030175061415031006-2.110152130174719e-18j)
F_swave: (0.027354793404566917+2.1002181927170377e-18j), F_dwave: (6.505213034913027e-17+6.626974021080832e-19j)
F_px: (-1.734723475976807e-18+1.7670166070908773e-18j), F_py: (6.107440941871545e-14+3.3023697031077034e-19j)
Free_energy = -19149.806438645235
------------------------------------------
[{'stable': {'F_onsite': np.complex128(-0.0011797328295884808-0.030151961833336325j), 'F_swave': np.complex128(0.0010694707795294966+0.027333851629347202j)}, 'free': np.float64(-19149.806358821268)}, {'stable': {'F_onsite': np.complex128(-0.03017506228365981+0j), 'F_swave': np.complex128(0.027354794226663155+0j)}, 'free': np.float64(-19149.806441023553)}]
------------------------------------------
====================================
mu=3.37, T=0.0190
====================================
  Seed: normal state
F_onsite: 0j
F_swave: 0j, F_dwave: 0j
F_px: 0j, F_py: 0j
Free_energy = -19120.55018528452
------------------------------------------
[{'stable': {}, 'free': np.float64(-19120.55018528452)}]
------------------------------------------
  Seed: px+i*py
F_onsite: (-0.0011791504874102772-0.0301370781590916j)
F_swave: (0.0010689439418266333+0.027320386554958328j), F_dwave: (1.5449880957918438e-17+1.1275702593849246e-17j)
F_px: (-2.47198095326695e-17-5.204170427930421e-17j), F_py: (-3.2526065174565133e-19+1.734723475976807e-18j)
Free_energy = -19149.782950631474
------------------------------------------
[{'stable': {'F_onsite': np.complex128(-0.0011791504874102772-0.0301370781590916j), 'F_swave': np.complex128(0.0010689439418266333+0.027320386554958328j)}, 'free': np.float64(-19149.782950631474)}]
------------------------------------------
  Seed: s-wave
F_onsite: (-0.0301601404083444+0j)
F_swave: (0.027341293472231794+0j), F_dwave: (-1.734723475976807e-18+0j)
F_px: -3.3985079426210665e-18j, F_py: 8.294570135987736e-19j
Free_energy = -19149.782959395347
------------------------------------------
[{'stable': {'F_onsite': np.complex128(-0.0011791504874102772-0.0301370781590916j), 'F_swave': np.complex128(0.0010689439418266333+0.027320386554958328j)}, 'free': np.float64(-19149.782950631474)}, {'stable': {'F_onsite': np.complex128(-0.0301601404083444+0j), 'F_swave': np.complex128(0.027341293472231794+0j)}, 'free': np.float64(-19149.782959395347)}]
------------------------------------------
  Seed: s-wave+px
F_onsite: (-0.03016014031547938-4.5969784475732595e-18j)
F_swave: (0.02734129338436393+4.179366440871125e-18j), F_dwave: (1.8214596497756474e-17-6.6280328122649e-20j)
F_px: (7.754213937616328e-16-6.2421034256721596e-18j), F_py: (1.734723475976807e-18+7.696353116989386e-19j)
Free_energy = -19149.782959141747
------------------------------------------
[{'stable': {'F_onsite': np.complex128(-0.0011791504874102772-0.0301370781590916j), 'F_swave': np.complex128(0.0010689439418266333+0.027320386554958328j)}, 'free': np.float64(-19149.782950631474)}, {'stable': {'F_onsite': np.complex128(-0.0301601404083444+0j), 'F_swave': np.complex128(0.027341293472231794+0j)}, 'free': np.float64(-19149.782959395347)}]
------------------------------------------
  Seed: s-wave+py
F_onsite: (-0.030160140315479412-4.327682594789088e-18j)
F_swave: (0.027341293384363925+3.8550587011911344e-18j), F_dwave: (1.3877787807814457e-17+2.3229878578449187e-19j)
F_px: (-3.469446951953614e-18+3.7502383739684148e-19j), F_py: (7.667477763817487e-16+8.05316574602026e-19j)
Free_energy = -19149.782959141747
------------------------------------------
[{'stable': {'F_onsite': np.complex128(-0.0011791504874102772-0.0301370781590916j), 'F_swave': np.complex128(0.0010689439418266333+0.027320386554958328j)}, 'free': np.float64(-19149.782950631474)}, {'stable': {'F_onsite': np.complex128(-0.0301601404083444+0j), 'F_swave': np.complex128(0.027341293472231794+0j)}, 'free': np.float64(-19149.782959395347)}]
------------------------------------------
====================================
mu=3.37, T=0.0220
====================================
  Seed: normal state
F_onsite: 0j
F_swave: 0j, F_dwave: 0j
F_px: 0j, F_py: 0j
Free_energy = -19120.735809062713
------------------------------------------
[{'stable': {}, 'free': np.float64(-19120.735809062713)}]
------------------------------------------
  Seed: px+i*py
F_onsite: (-0.0011776861898087528-0.030099653206351915j)
F_swave: (0.0010676187963052535+0.02728651809238656j), F_dwave: (1.496198998029996e-17+8.673617379884035e-19j)
F_px: (-3.664603343001005e-17+1.3877787807814457e-17j), F_py: (-1.3010426069826053e-18+5.204170427930421e-18j)
Free_energy = -19149.724582643554
------------------------------------------
[{'stable': {'F_onsite': np.complex128(-0.0011776861898087528-0.030099653206351915j), 'F_swave': np.complex128(0.0010676187963052535+0.02728651809238656j)}, 'free': np.float64(-19149.724582643554)}]
------------------------------------------
  Seed: s-wave
F_onsite: (-0.030122683755104747+0j)
F_swave: (0.027307396195239066+0j), F_dwave: (2.2551405187698492e-17+0j)
F_px: 1.0780611836179108e-18j, F_py: 2.831207626197499e-19j
Free_energy = -19149.72458303573
------------------------------------------
[{'stable': {'F_onsite': np.complex128(-0.0011776861898087528-0.030099653206351915j), 'F_swave': np.complex128(0.0010676187963052535+0.02728651809238656j)}, 'free': np.float64(-19149.724582643554)}, {'stable': {'F_onsite': np.complex128(-0.030122683755104747+0j), 'F_swave': np.complex128(0.027307396195239066+0j)}, 'free': np.float64(-19149.72458303573)}]
------------------------------------------
  Seed: s-wave+px
F_onsite: (-0.030122683750923803-1.13693776639017e-18j)
F_swave: (0.027307396191285287+1.5122714482041465e-18j), F_dwave: (-4.336808689942018e-17+9.06537011798915e-19j)
F_px: (5.204170427930421e-18+6.464026057852786e-18j), F_py: 2.302870825347629e-19j
Free_energy = -19149.724583024275
------------------------------------------
[{'stable': {'F_onsite': np.complex128(-0.0011776861898087528-0.030099653206351915j), 'F_swave': np.complex128(0.0010676187963052535+0.02728651809238656j)}, 'free': np.float64(-19149.724582643554)}, {'stable': {'F_onsite': np.complex128(-0.030122683755104747+0j), 'F_swave': np.complex128(0.027307396195239066+0j)}, 'free': np.float64(-19149.72458303573)}]
------------------------------------------
  Seed: s-wave+py
F_onsite: (-0.030122683750923803-4.262526559812327e-18j)
F_swave: (0.027307396191285284+4.190166110948617e-18j), F_dwave: (-4.163336342344337e-17+4.2722224277138773e-19j)
F_px: 4.238552868060519e-18j, F_py: 5.609475693191604e-19j
Free_energy = -19149.724583024275
------------------------------------------
[{'stable': {'F_onsite': np.complex128(-0.0011776861898087528-0.030099653206351915j), 'F_swave': np.complex128(0.0010676187963052535+0.02728651809238656j)}, 'free': np.float64(-19149.724582643554)}, {'stable': {'F_onsite': np.complex128(-0.030122683755104747+0j), 'F_swave': np.complex128(0.027307396195239066+0j)}, 'free': np.float64(-19149.72458303573)}]
------------------------------------------
====================================
mu=3.37, T=0.0250
====================================
  Seed: normal state
F_onsite: 0j
F_swave: 0j, F_dwave: 0j
F_px: 0j, F_py: 0j
Free_energy = -19120.954051814053
------------------------------------------
[{'stable': {}, 'free': np.float64(-19120.954051814053)}]
------------------------------------------
  Seed: px+i*py
F_onsite: (-0.0011748139015192102-0.03002624240968011j)
F_swave: (0.0010650189399151297+0.027220070191064736j), F_dwave: (1.4365678785432934e-17+1.6479873021779667e-17j)
F_px: (-2.0274580625478933e-17-1.734723475976807e-17j), F_py: (7.589415207398531e-19+1.734723475976807e-18j)
Free_energy = -19149.611377281388
------------------------------------------
[{'stable': {'F_onsite': np.complex128(-0.0011748139015192102-0.03002624240968011j), 'F_swave': np.complex128(0.0010650189399151297+0.027220070191064736j)}, 'free': np.float64(-19149.611377281388)}]
------------------------------------------
  Seed: s-wave
F_onsite: (-0.030049216647359232+0j)
F_swave: (0.027240897318114847+0j), F_dwave: (-1.734723475976807e-18+0j)
F_px: -1.0708614035662492e-18j, F_py: 1.0230040420463812e-18j
Free_energy = -19149.611377288984
------------------------------------------
[{'stable': {'F_onsite': np.complex128(-0.0011748139015192102-0.03002624240968011j), 'F_swave': np.complex128(0.0010650189399151297+0.027220070191064736j)}, 'free': np.float64(-19149.611377281388)}, {'stable': {'F_onsite': np.complex128(-0.030049216647359232+0j), 'F_swave': np.complex128(0.027240897318114847+0j)}, 'free': np.float64(-19149.611377288984)}]
------------------------------------------
  Seed: s-wave+px
F_onsite: (-0.03004921664727644-7.075303857433657e-20j)
F_swave: (0.02724089731803667+0j), F_dwave: (-3.9898639947466563e-17+0j)
F_px: 2.7117759806346425e-18j, F_py: 1.2531852454627374e-18j
Free_energy = -19149.611377288704
------------------------------------------
[{'stable': {'F_onsite': np.complex128(-0.0011748139015192102-0.03002624240968011j), 'F_swave': np.complex128(0.0010650189399151297+0.027220070191064736j)}, 'free': np.float64(-19149.611377281388)}, {'stable': {'F_onsite': np.complex128(-0.030049216647359232+0j), 'F_swave': np.complex128(0.027240897318114847+0j)}, 'free': np.float64(-19149.611377288984)}]
------------------------------------------
  Seed: s-wave+py
F_onsite: (-0.03004921664727644-4.2028170534007755e-19j)
F_swave: (0.02724089731803667+1.7787691892340307e-19j), F_dwave: (-3.9898639947466563e-17-9.43382945004477e-20j)
F_px: 2.6305666968166365e-18j, F_py: 9.820288232229545e-19j
Free_energy = -19149.611377288704
------------------------------------------
[{'stable': {'F_onsite': np.complex128(-0.0011748139015192102-0.03002624240968011j), 'F_swave': np.complex128(0.0010650189399151297+0.027220070191064736j)}, 'free': np.float64(-19149.611377281388)}, {'stable': {'F_onsite': np.complex128(-0.030049216647359232+0j), 'F_swave': np.complex128(0.027240897318114847+0j)}, 'free': np.float64(-19149.611377288984)}]
------------------------------------------
====================================
mu=3.37, T=0.0280
====================================
  Seed: normal state
F_onsite: 0j
F_swave: 0j, F_dwave: 0j
F_px: 0j, F_py: 0j
Free_energy = -19121.20376151456
------------------------------------------
[{'stable': {}, 'free': np.float64(-19121.20376151456)}]
------------------------------------------
  Seed: px+i*py
F_onsite: (-0.0011700511708673176-0.029904515125978554j)
F_swave: (0.0010607088205909028+0.02710991088202281j), F_dwave: (-2.439454888092385e-18-2.168404344971009e-17j)
F_px: (7.914675859144182e-18-1.214306433183765e-17j), F_py: (-2.0599841277224584e-18+1.734723475976807e-18j)
Free_energy = -19149.427353045743
------------------------------------------
[{'stable': {'F_onsite': np.complex128(-0.0011700511708673176-0.029904515125978554j), 'F_swave': np.complex128(0.0010607088205909028+0.02710991088202281j)}, 'free': np.float64(-19149.427353045743)}]
------------------------------------------
  Seed: s-wave
F_onsite: (-0.02992739622260439+0j)
F_swave: (0.027130653719277947+0j), F_dwave: (4.336808689942018e-17+0j)
F_px: -9.336420661110525e-19j, F_py: 7.947286627613473e-19j
Free_energy = -19149.42735304585
------------------------------------------
[{'stable': {'F_onsite': np.complex128(-0.0011700511708673176-0.029904515125978554j), 'F_swave': np.complex128(0.0010607088205909028+0.02710991088202281j)}, 'free': np.float64(-19149.427353045743)}, {'stable': {'F_onsite': np.complex128(-0.02992739622260439+0j), 'F_swave': np.complex128(0.027130653719277947+0j)}, 'free': np.float64(-19149.42735304585)}]
------------------------------------------
  Seed: s-wave+px
F_onsite: (-0.029927396222603344+0j)
F_swave: (0.027130653719276955+0j), F_dwave: (3.642919299551295e-17+0j)
F_px: -1.9577048993415017e-18j, F_py: 3.851882327638931e-19j
Free_energy = -19149.42735304585
------------------------------------------
[{'stable': {'F_onsite': np.complex128(-0.0011700511708673176-0.029904515125978554j), 'F_swave': np.complex128(0.0010607088205909028+0.02710991088202281j)}, 'free': np.float64(-19149.427353045743)}, {'stable': {'F_onsite': np.complex128(-0.02992739622260439+0j), 'F_swave': np.complex128(0.027130653719277947+0j)}, 'free': np.float64(-19149.42735304585)}]
------------------------------------------
  Seed: s-wave+py
F_onsite: (-0.029927396222603344+0j)
F_swave: (0.027130653719276955+0j), F_dwave: (3.642919299551295e-17+0j)
F_px: -1.9577048993415017e-18j, F_py: 3.851882327638931e-19j
Free_energy = -19149.42735304585
------------------------------------------
[{'stable': {'F_onsite': np.complex128(-0.0011700511708673176-0.029904515125978554j), 'F_swave': np.complex128(0.0010607088205909028+0.02710991088202281j)}, 'free': np.float64(-19149.427353045743)}, {'stable': {'F_onsite': np.complex128(-0.02992739622260439+0j), 'F_swave': np.complex128(0.027130653719277947+0j)}, 'free': np.float64(-19149.42735304585)}]
------------------------------------------
====================================
mu=3.37, T=0.0310
====================================
  Seed: normal state
F_onsite: 0j
F_swave: 0j, F_dwave: 0j
F_px: 0j, F_py: 0j
Free_energy = -19121.4840978125
------------------------------------------
[{'stable': {}, 'free': np.float64(-19121.4840978125)}]
------------------------------------------
  Seed: px+i*py
F_onsite: (-0.0011629054951142093-0.02972188382406244j)
F_swave: (0.0010542415936997684+0.026944619577501334j), F_dwave: (1.83772268236293e-17+3.382710778154774e-17j)
F_px: (-2.5804011705155006e-17+2.2551405187698492e-17j), F_py: (-1.0842021724855044e-19+5.204170427930421e-18j)
Free_energy = -19149.15584214135
------------------------------------------
[{'stable': {'F_onsite': np.complex128(-0.0011629054951142093-0.02972188382406244j), 'F_swave': np.complex128(0.0010542415936997684+0.026944619577501334j)}, 'free': np.float64(-19149.15584214135)}]
------------------------------------------
  Seed: s-wave
F_onsite: (-0.02974462518240321+0j)
F_swave: (0.02696523594397371+0j), F_dwave: (-8.673617379884035e-18+0j)
F_px: 7.865759706440247e-18j, F_py: 6.96684599116662e-20j
Free_energy = -19149.15584214135
------------------------------------------
[{'stable': {'F_onsite': np.complex128(-0.0011629054951142093-0.02972188382406244j), 'F_swave': np.complex128(0.0010542415936997684+0.026944619577501334j)}, 'free': np.float64(-19149.15584214135)}, {'stable': {'F_onsite': np.complex128(-0.02974462518240321+0j), 'F_swave': np.complex128(0.02696523594397371+0j)}, 'free': np.float64(-19149.15584214135)}]
------------------------------------------
  Seed: s-wave+px
F_onsite: (-0.029744625182403193+0j)
F_swave: (0.026965235943973688+0j), F_dwave: (-3.469446951953614e-18+0j)
F_px: 1.1007193149569633e-18j, F_py: 2.31239994600424e-19j
Free_energy = -19149.155842141347
------------------------------------------
[{'stable': {'F_onsite': np.complex128(-0.0011629054951142093-0.02972188382406244j), 'F_swave': np.complex128(0.0010542415936997684+0.026944619577501334j)}, 'free': np.float64(-19149.15584214135)}, {'stable': {'F_onsite': np.complex128(-0.02974462518240321+0j), 'F_swave': np.complex128(0.02696523594397371+0j)}, 'free': np.float64(-19149.15584214135)}]
------------------------------------------
  Seed: s-wave+py
F_onsite: (-0.029744625182403193+0j)
F_swave: (0.026965235943973688+0j), F_dwave: (-3.469446951953614e-18+0j)
F_px: 1.1007193149569633e-18j, F_py: 2.31239994600424e-19j
Free_energy = -19149.155842141347
------------------------------------------
[{'stable': {'F_onsite': np.complex128(-0.0011629054951142093-0.02972188382406244j), 'F_swave': np.complex128(0.0010542415936997684+0.026944619577501334j)}, 'free': np.float64(-19149.15584214135)}, {'stable': {'F_onsite': np.complex128(-0.02974462518240321+0j), 'F_swave': np.complex128(0.02696523594397371+0j)}, 'free': np.float64(-19149.15584214135)}]
------------------------------------------
====================================
mu=3.37, T=0.0340
====================================
  Seed: normal state
F_onsite: 0j
F_swave: 0j, F_dwave: 0j
F_px: 0j, F_py: 0j
Free_energy = -19121.794469473873
------------------------------------------
[{'stable': {}, 'free': np.float64(-19121.794469473873)}]
------------------------------------------
  Seed: px+i*py
F_onsite: (-0.0011529278372399729-0.029466871882488713j)
F_swave: (0.0010452096388337757+0.026713778194121802j), F_dwave: (-1.6154612370034016e-17+4.597017211338539e-17j)
F_px: (-2.233456475320139e-17-3.642919299551295e-17j), F_py: (2.168404344971009e-19-1.734723475976807e-18j)
Free_energy = -19148.783313661817
------------------------------------------
[{'stable': {'F_onsite': np.complex128(-0.0011529278372399729-0.029466871882488713j), 'F_swave': np.complex128(0.0010452096388337757+0.026713778194121802j)}, 'free': np.float64(-19148.783313661817)}]
------------------------------------------
  Seed: s-wave
F_onsite: (-0.02948941812136827+0j)
F_swave: (0.026734217934958282+0j), F_dwave: (-6.938893903907228e-17+0j)
F_px: -2.300965001216307e-18j, F_py: -1.334076891925523e-19j
Free_energy = -19148.783313661817
------------------------------------------
[{'stable': {'F_onsite': np.complex128(-0.0011529278372399729-0.029466871882488713j), 'F_swave': np.complex128(0.0010452096388337757+0.026713778194121802j)}, 'free': np.float64(-19148.783313661817)}, {'stable': {'F_onsite': np.complex128(-0.02948941812136827+0j), 'F_swave': np.complex128(0.026734217934958282+0j)}, 'free': np.float64(-19148.783313661817)}]
------------------------------------------
  Seed: s-wave+px
F_onsite: (-0.02948941812136826+0j)
F_swave: (0.02673421793495828+0j), F_dwave: (-7.112366251504909e-17+0j)
F_px: -1.0822963483541823e-18j, F_py: 2.4076911525703487e-19j
Free_energy = -19148.783313661817
------------------------------------------
[{'stable': {'F_onsite': np.complex128(-0.0011529278372399729-0.029466871882488713j), 'F_swave': np.complex128(0.0010452096388337757+0.026713778194121802j)}, 'free': np.float64(-19148.783313661817)}, {'stable': {'F_onsite': np.complex128(-0.02948941812136827+0j), 'F_swave': np.complex128(0.026734217934958282+0j)}, 'free': np.float64(-19148.783313661817)}]
------------------------------------------
  Seed: s-wave+py
F_onsite: (-0.02948941812136826+0j)
F_swave: (0.02673421793495828+0j), F_dwave: (-7.112366251504909e-17+0j)
F_px: -1.0822963483541823e-18j, F_py: 2.4076911525703487e-19j
Free_energy = -19148.783313661817
------------------------------------------
[{'stable': {'F_onsite': np.complex128(-0.0011529278372399729-0.029466871882488713j), 'F_swave': np.complex128(0.0010452096388337757+0.026713778194121802j)}, 'free': np.float64(-19148.783313661817)}, {'stable': {'F_onsite': np.complex128(-0.02948941812136827+0j), 'F_swave': np.complex128(0.026734217934958282+0j)}, 'free': np.float64(-19148.783313661817)}]
------------------------------------------
====================================
mu=3.37, T=0.0370
====================================
  Seed: normal state
F_onsite: 0j
F_swave: 0j, F_dwave: 0j
F_px: 0j, F_py: 0j
Free_energy = -19122.134471255973
------------------------------------------
[{'stable': {}, 'free': np.float64(-19122.134471255973)}]
------------------------------------------
  Seed: px+i*py
F_onsite: (-0.001139784946885806-0.02913096198967196j)
F_swave: (0.001033312873823532+0.026409717142727013j), F_dwave: (-2.3310346708438345e-17-1.734723475976807e-17j)
F_px: (1.9949319973733282e-17-3.469446951953614e-18j), F_py: (-1.951563910473908e-18+3.469446951953614e-18j)
Free_energy = -19148.30442271588
------------------------------------------
[{'stable': {'F_onsite': np.complex128(-0.001139784946885806-0.02913096198967196j), 'F_swave': np.complex128(0.001033312873823532+0.026409717142727013j)}, 'free': np.float64(-19148.30442271588)}]
------------------------------------------
  Seed: s-wave
F_onsite: (-0.029153251210951626+0j)
F_swave: (0.026429924234739468+0j), F_dwave: (1.3877787807814457e-17+0j)
F_px: 2.5048881832677797e-18j, F_py: 8.385626177817573e-19j
Free_energy = -19148.30442271588
------------------------------------------
[{'stable': {'F_onsite': np.complex128(-0.001139784946885806-0.02913096198967196j), 'F_swave': np.complex128(0.001033312873823532+0.026409717142727013j)}, 'free': np.float64(-19148.30442271588)}, {'stable': {'F_onsite': np.complex128(-0.029153251210951626+0j), 'F_swave': np.complex128(0.026429924234739468+0j)}, 'free': np.float64(-19148.30442271588)}]
------------------------------------------
  Seed: s-wave+px
F_onsite: (-0.029153251210951626+0j)
F_swave: (0.026429924234739468+0j), F_dwave: (1.3877787807814457e-17+0j)
F_px: 2.5048881832677797e-18j, F_py: 8.385626177817573e-19j
Free_energy = -19148.30442271588
------------------------------------------
[{'stable': {'F_onsite': np.complex128(-0.001139784946885806-0.02913096198967196j), 'F_swave': np.complex128(0.001033312873823532+0.026409717142727013j)}, 'free': np.float64(-19148.30442271588)}, {'stable': {'F_onsite': np.complex128(-0.029153251210951626+0j), 'F_swave': np.complex128(0.026429924234739468+0j)}, 'free': np.float64(-19148.30442271588)}]
------------------------------------------
  Seed: s-wave+py
F_onsite: (-0.029153251210951626+0j)
F_swave: (0.026429924234739468+0j), F_dwave: (1.3877787807814457e-17+0j)
F_px: 2.5048881832677797e-18j, F_py: 8.385626177817573e-19j
Free_energy = -19148.30442271588
------------------------------------------
[{'stable': {'F_onsite': np.complex128(-0.001139784946885806-0.02913096198967196j), 'F_swave': np.complex128(0.001033312873823532+0.026409717142727013j)}, 'free': np.float64(-19148.30442271588)}, {'stable': {'F_onsite': np.complex128(-0.029153251210951626+0j), 'F_swave': np.complex128(0.026429924234739468+0j)}, 'free': np.float64(-19148.30442271588)}]
------------------------------------------
====================================
mu=3.37, T=0.0400
====================================
  Seed: normal state
F_onsite: 0j
F_swave: 0j, F_dwave: 0j
F_px: 0j, F_py: 0j
Free_energy = -19122.50383109184
------------------------------------------
[{'stable': {}, 'free': np.float64(-19122.50383109184)}]
------------------------------------------
  Seed: px+i*py
F_onsite: (-0.0011230829314569563-0.028704086921758125j)
F_swave: (0.0010181933252379914+0.02602328723211081j), F_dwave: (-5.963111948670274e-19-2.949029909160572e-17j)
F_px: (2.179246366695864e-17-3.469446951953614e-18j), F_py: (-3.2526065174565133e-19+0j)
Free_energy = -19147.711173290976
------------------------------------------
[{'stable': {'F_onsite': np.complex128(-0.0011230829314569563-0.028704086921758125j), 'F_swave': np.complex128(0.0010181933252379914+0.02602328723211081j)}, 'free': np.float64(-19147.711173290976)}]
------------------------------------------
  Seed: s-wave
F_onsite: (-0.028726049524478055+0j)
F_swave: (0.026043198651711404+0j), F_dwave: (-2.42861286636753e-17+0j)
F_px: 7.528428835196221e-18j, F_py: 3.256841682192785e-19j
Free_energy = -19147.711173290976
------------------------------------------
[{'stable': {'F_onsite': np.complex128(-0.0011230829314569563-0.028704086921758125j), 'F_swave': np.complex128(0.0010181933252379914+0.02602328723211081j)}, 'free': np.float64(-19147.711173290976)}, {'stable': {'F_onsite': np.complex128(-0.028726049524478055+0j), 'F_swave': np.complex128(0.026043198651711404+0j)}, 'free': np.float64(-19147.711173290976)}]
------------------------------------------
  Seed: s-wave+px
F_onsite: (-0.028726049524478055+0j)
F_swave: (0.026043198651711404+0j), F_dwave: (-2.42861286636753e-17+0j)
F_px: 7.528428835196221e-18j, F_py: 3.256841682192785e-19j
Free_energy = -19147.711173290976
------------------------------------------
[{'stable': {'F_onsite': np.complex128(-0.0011230829314569563-0.028704086921758125j), 'F_swave': np.complex128(0.0010181933252379914+0.02602328723211081j)}, 'free': np.float64(-19147.711173290976)}, {'stable': {'F_onsite': np.complex128(-0.028726049524478055+0j), 'F_swave': np.complex128(0.026043198651711404+0j)}, 'free': np.float64(-19147.711173290976)}]
------------------------------------------
  Seed: s-wave+py
F_onsite: (-0.028726049524478055+0j)
F_swave: (0.026043198651711404+0j), F_dwave: (-2.42861286636753e-17+0j)
F_px: 7.528428835196221e-18j, F_py: 3.256841682192785e-19j
Free_energy = -19147.711173290976
------------------------------------------
[{'stable': {'F_onsite': np.complex128(-0.0011230829314569563-0.028704086921758125j), 'F_swave': np.complex128(0.0010181933252379914+0.02602328723211081j)}, 'free': np.float64(-19147.711173290976)}, {'stable': {'F_onsite': np.complex128(-0.028726049524478055+0j), 'F_swave': np.complex128(0.026043198651711404+0j)}, 'free': np.float64(-19147.711173290976)}]
------------------------------------------
====================================
mu=3.37, T=0.0430
====================================
  Seed: normal state
F_onsite: 0j
F_swave: 0j, F_dwave: 0j
F_px: 0j, F_py: 0j
Free_energy = -19122.902369510866
------------------------------------------
[{'stable': {}, 'free': np.float64(-19122.902369510866)}]
------------------------------------------
  Seed: px+i*py
F_onsite: (-0.00110242019099238-0.02817598246773783j)
F_swave: (0.0009994859666701311+0.02554515900901469j), F_dwave: (-3.301395615218361e-17+3.5561831257524545e-17j)
F_px: (1.22514845490862e-17-6.938893903907228e-18j), F_py: (-7.589415207398531e-19+1.734723475976807e-18j)
Free_energy = -19146.997545704362
------------------------------------------
[{'stable': {'F_onsite': np.complex128(-0.00110242019099238-0.02817598246773783j), 'F_swave': np.complex128(0.0009994859666701311+0.02554515900901469j)}, 'free': np.float64(-19146.997545704362)}]
------------------------------------------
  Seed: s-wave
F_onsite: (-0.028197540997395146+0j)
F_swave: (0.025564704594291936+0j), F_dwave: (-1.734723475976807e-17+0j)
F_px: 3.506928159869617e-18j, F_py: 7.752469049744984e-19j
Free_energy = -19146.997545704362
------------------------------------------
[{'stable': {'F_onsite': np.complex128(-0.00110242019099238-0.02817598246773783j), 'F_swave': np.complex128(0.0009994859666701311+0.02554515900901469j)}, 'free': np.float64(-19146.997545704362)}, {'stable': {'F_onsite': np.complex128(-0.028197540997395146+0j), 'F_swave': np.complex128(0.025564704594291936+0j)}, 'free': np.float64(-19146.997545704362)}]
------------------------------------------
  Seed: s-wave+px
F_onsite: (-0.028197540997395146+0j)
F_swave: (0.025564704594291936+0j), F_dwave: (-1.734723475976807e-17+0j)
F_px: 3.506928159869617e-18j, F_py: 7.752469049744984e-19j
Free_energy = -19146.997545704362
------------------------------------------
[{'stable': {'F_onsite': np.complex128(-0.00110242019099238-0.02817598246773783j), 'F_swave': np.complex128(0.0009994859666701311+0.02554515900901469j)}, 'free': np.float64(-19146.997545704362)}, {'stable': {'F_onsite': np.complex128(-0.028197540997395146+0j), 'F_swave': np.complex128(0.025564704594291936+0j)}, 'free': np.float64(-19146.997545704362)}]
------------------------------------------
  Seed: s-wave+py
F_onsite: (-0.028197540997395146+0j)
F_swave: (0.025564704594291936+0j), F_dwave: (-1.734723475976807e-17+0j)
F_px: 3.506928159869617e-18j, F_py: 7.752469049744984e-19j
Free_energy = -19146.997545704362
------------------------------------------
[{'stable': {'F_onsite': np.complex128(-0.00110242019099238-0.02817598246773783j), 'F_swave': np.complex128(0.0009994859666701311+0.02554515900901469j)}, 'free': np.float64(-19146.997545704362)}, {'stable': {'F_onsite': np.complex128(-0.028197540997395146+0j), 'F_swave': np.complex128(0.025564704594291936+0j)}, 'free': np.float64(-19146.997545704362)}]
------------------------------------------
====================================
mu=3.37, T=0.0460
====================================
  Seed: normal state
F_onsite: 0j
F_swave: 0j, F_dwave: 0j
F_px: 0j, F_py: 0j
Free_energy = -19123.32996992802
------------------------------------------
[{'stable': {}, 'free': np.float64(-19123.32996992802)}]
------------------------------------------
  Seed: px+i*py
F_onsite: (-0.0010774469605416505-0.027537709231190532j)
F_swave: (0.0009768747888839386+0.024967255815584122j), F_dwave: (-1.9081958235744878e-17+0j)
F_px: (1.1600963245594897e-17+2.0816681711721685e-17j), F_py: (-6.505213034913027e-19-6.938893903907228e-18j)
Free_energy = -19146.163685794563
------------------------------------------
[{'stable': {'F_onsite': np.complex128(-0.0010774469605416505-0.027537709231190532j), 'F_swave': np.complex128(0.0009768747888839386+0.024967255815584122j)}, 'free': np.float64(-19146.163685794563)}]
------------------------------------------
  Seed: s-wave
F_onsite: (-0.027558779393405043+0j)
F_swave: (0.024986359224864398+0j), F_dwave: (-1.9081958235744878e-17+0j)
F_px: 1.7023244657443301e-18j, F_py: 5.789470194483143e-19j
Free_energy = -19146.163685794563
------------------------------------------
[{'stable': {'F_onsite': np.complex128(-0.0010774469605416505-0.027537709231190532j), 'F_swave': np.complex128(0.0009768747888839386+0.024967255815584122j)}, 'free': np.float64(-19146.163685794563)}, {'stable': {'F_onsite': np.complex128(-0.027558779393405043+0j), 'F_swave': np.complex128(0.024986359224864398+0j)}, 'free': np.float64(-19146.163685794563)}]
------------------------------------------
  Seed: s-wave+px
F_onsite: (-0.027558779393405043+0j)
F_swave: (0.024986359224864398+0j), F_dwave: (-1.9081958235744878e-17+0j)
F_px: 1.7023244657443301e-18j, F_py: 5.789470194483143e-19j
Free_energy = -19146.163685794563
------------------------------------------
[{'stable': {'F_onsite': np.complex128(-0.0010774469605416505-0.027537709231190532j), 'F_swave': np.complex128(0.0009768747888839386+0.024967255815584122j)}, 'free': np.float64(-19146.163685794563)}, {'stable': {'F_onsite': np.complex128(-0.027558779393405043+0j), 'F_swave': np.complex128(0.024986359224864398+0j)}, 'free': np.float64(-19146.163685794563)}]
------------------------------------------
  Seed: s-wave+py
F_onsite: (-0.027558779393405043+0j)
F_swave: (0.024986359224864398+0j), F_dwave: (-1.9081958235744878e-17+0j)
F_px: 1.7023244657443301e-18j, F_py: 5.789470194483143e-19j
Free_energy = -19146.163685794563
------------------------------------------
[{'stable': {'F_onsite': np.complex128(-0.0010774469605416505-0.027537709231190532j), 'F_swave': np.complex128(0.0009768747888839386+0.024967255815584122j)}, 'free': np.float64(-19146.163685794563)}, {'stable': {'F_onsite': np.complex128(-0.027558779393405043+0j), 'F_swave': np.complex128(0.024986359224864398+0j)}, 'free': np.float64(-19146.163685794563)}]
------------------------------------------
====================================
mu=3.37, T=0.0490
====================================
  Seed: normal state
F_onsite: 0j
F_swave: 0j, F_dwave: 0j
F_px: 0j, F_py: 0j
Free_energy = -19123.786557532545
------------------------------------------
[{'stable': {}, 'free': np.float64(-19123.786557532545)}]
------------------------------------------
  Seed: px+i*py
F_onsite: (-0.0010476506884162964-0.026776167263918557j)
F_swave: (0.000949893130105214+0.02427765057167342j), F_dwave: (1.6317242695906842e-17-5.377642775528102e-17j)
F_px: (-1.8431436932253575e-18+1.734723475976807e-17j), F_py: (-1.4094628242311558e-18+0j)
Free_energy = -19145.20477236147
------------------------------------------
[{'stable': {'F_onsite': np.complex128(-0.0010476506884162964-0.026776167263918557j), 'F_swave': np.complex128(0.000949893130105214+0.02427765057167342j)}, 'free': np.float64(-19145.20477236147)}]
------------------------------------------
  Seed: s-wave
F_onsite: (-0.026796654741035923+0j)
F_swave: (0.02429622633741485+0j), F_dwave: (6.591949208711867e-17+0j)
F_px: 2.0326673151735072e-18j, F_py: 6.903318520122548e-19j
Free_energy = -19145.204772361474
------------------------------------------
[{'stable': {'F_onsite': np.complex128(-0.0010476506884162964-0.026776167263918557j), 'F_swave': np.complex128(0.000949893130105214+0.02427765057167342j)}, 'free': np.float64(-19145.20477236147)}, {'stable': {'F_onsite': np.complex128(-0.026796654741035923+0j), 'F_swave': np.complex128(0.02429622633741485+0j)}, 'free': np.float64(-19145.204772361474)}]
------------------------------------------
  Seed: s-wave+px
F_onsite: (-0.026796654741035923+0j)
F_swave: (0.02429622633741485+0j), F_dwave: (6.591949208711867e-17+0j)
F_px: 2.0326673151735072e-18j, F_py: 6.903318520122548e-19j
Free_energy = -19145.204772361474
------------------------------------------
[{'stable': {'F_onsite': np.complex128(-0.0010476506884162964-0.026776167263918557j), 'F_swave': np.complex128(0.000949893130105214+0.02427765057167342j)}, 'free': np.float64(-19145.20477236147)}, {'stable': {'F_onsite': np.complex128(-0.026796654741035923+0j), 'F_swave': np.complex128(0.02429622633741485+0j)}, 'free': np.float64(-19145.204772361474)}]
------------------------------------------
  Seed: s-wave+py
F_onsite: (-0.026796654741035923+0j)
F_swave: (0.02429622633741485+0j), F_dwave: (6.591949208711867e-17+0j)
F_px: 2.0326673151735072e-18j, F_py: 6.903318520122548e-19j
Free_energy = -19145.204772361474
------------------------------------------
[{'stable': {'F_onsite': np.complex128(-0.0010476506884162964-0.026776167263918557j), 'F_swave': np.complex128(0.000949893130105214+0.02427765057167342j)}, 'free': np.float64(-19145.20477236147)}, {'stable': {'F_onsite': np.complex128(-0.026796654741035923+0j), 'F_swave': np.complex128(0.02429622633741485+0j)}, 'free': np.float64(-19145.204772361474)}]
------------------------------------------
====================================
mu=3.37, T=0.0520
====================================
  Seed: normal state
F_onsite: 0j
F_swave: 0j, F_dwave: 0j
F_px: 0j, F_py: 0j
Free_energy = -19124.272084552755
------------------------------------------
[{'stable': {}, 'free': np.float64(-19124.272084552755)}]
------------------------------------------
  Seed: px+i*py
F_onsite: (-0.0010125108288729088-0.025878052303302205j)
F_swave: (0.0009180689824956182+0.02346427956084968j), F_dwave: (-1.2332799712022613e-17+4.336808689942018e-18j)
F_px: (-1.1926223897340549e-18-3.9898639947466563e-17j), F_py: (-1.463672932855431e-18-1.734723475976807e-18j)
Free_energy = -19144.121493896822
------------------------------------------
[{'stable': {'F_onsite': np.complex128(-0.0010125108288729088-0.025878052303302205j), 'F_swave': np.complex128(0.0009180689824956182+0.02346427956084968j)}, 'free': np.float64(-19144.121493896822)}]
------------------------------------------
  Seed: s-wave
F_onsite: (-0.025897852598063622+0j)
F_swave: (0.023482232985096083+0j), F_dwave: (-3.8163916471489756e-17+0j)
F_px: 6.511142265543807e-18j, F_py: 7.146840492458159e-19j
Free_energy = -19144.121493896822
------------------------------------------
[{'stable': {'F_onsite': np.complex128(-0.0010125108288729088-0.025878052303302205j), 'F_swave': np.complex128(0.0009180689824956182+0.02346427956084968j)}, 'free': np.float64(-19144.121493896822)}, {'stable': {'F_onsite': np.complex128(-0.025897852598063622+0j), 'F_swave': np.complex128(0.023482232985096083+0j)}, 'free': np.float64(-19144.121493896822)}]
------------------------------------------
  Seed: s-wave+px
F_onsite: (-0.025897852598063622+0j)
F_swave: (0.023482232985096083+0j), F_dwave: (-3.8163916471489756e-17+0j)
F_px: 6.511142265543807e-18j, F_py: 7.146840492458159e-19j
Free_energy = -19144.121493896822
------------------------------------------
[{'stable': {'F_onsite': np.complex128(-0.0010125108288729088-0.025878052303302205j), 'F_swave': np.complex128(0.0009180689824956182+0.02346427956084968j)}, 'free': np.float64(-19144.121493896822)}, {'stable': {'F_onsite': np.complex128(-0.025897852598063622+0j), 'F_swave': np.complex128(0.023482232985096083+0j)}, 'free': np.float64(-19144.121493896822)}]
------------------------------------------
  Seed: s-wave+py
F_onsite: (-0.025897852598063622+0j)
F_swave: (0.023482232985096083+0j), F_dwave: (-3.8163916471489756e-17+0j)
F_px: 6.511142265543807e-18j, F_py: 7.146840492458159e-19j
Free_energy = -19144.121493896822
------------------------------------------
[{'stable': {'F_onsite': np.complex128(-0.0010125108288729088-0.025878052303302205j), 'F_swave': np.complex128(0.0009180689824956182+0.02346427956084968j)}, 'free': np.float64(-19144.121493896822)}, {'stable': {'F_onsite': np.complex128(-0.025897852598063622+0j), 'F_swave': np.complex128(0.023482232985096083+0j)}, 'free': np.float64(-19144.121493896822)}]
------------------------------------------
====================================
mu=3.37, T=0.0550
====================================
  Seed: normal state
F_onsite: 0j
F_swave: 0j, F_dwave: 0j
F_px: 0j, F_py: 0j
Free_energy = -19124.786520057987
------------------------------------------
[{'stable': {}, 'free': np.float64(-19124.786520057987)}]
------------------------------------------
  Seed: px+i*py
F_onsite: (-0.0009713067788756619-0.02482494696306242j)
F_swave: (0.0008807473818709618+0.022510403014083306j), F_dwave: (1.9109063290057016e-17+2.42861286636753e-17j)
F_px: (-2.656295322589486e-18+1.3877787807814457e-17j), F_py: (-2.3310346708438345e-18-3.469446951953614e-18j)
Free_energy = -19142.91211265688
------------------------------------------
[{'stable': {'F_onsite': np.complex128(-0.0009713067788756619-0.02482494696306242j), 'F_swave': np.complex128(0.0008807473818709618+0.022510403014083306j)}, 'free': np.float64(-19142.91211265688)}]
------------------------------------------
  Seed: s-wave
F_onsite: (-0.02484394148635732+0j)
F_swave: (0.02252762659063575+0j), F_dwave: (-2.7755575615628914e-17+0j)
F_px: 8.03834266944331e-19j, F_py: 7.362833894008006e-19j
Free_energy = -19142.91211265688
------------------------------------------
[{'stable': {'F_onsite': np.complex128(-0.0009713067788756619-0.02482494696306242j), 'F_swave': np.complex128(0.0008807473818709618+0.022510403014083306j)}, 'free': np.float64(-19142.91211265688)}, {'stable': {'F_onsite': np.complex128(-0.02484394148635732+0j), 'F_swave': np.complex128(0.02252762659063575+0j)}, 'free': np.float64(-19142.91211265688)}]
------------------------------------------
  Seed: s-wave+px
F_onsite: (-0.02484394148635732+0j)
F_swave: (0.02252762659063575+0j), F_dwave: (-2.7755575615628914e-17+0j)
F_px: 8.03834266944331e-19j, F_py: 7.362833894008006e-19j
Free_energy = -19142.91211265688
------------------------------------------
[{'stable': {'F_onsite': np.complex128(-0.0009713067788756619-0.02482494696306242j), 'F_swave': np.complex128(0.0008807473818709618+0.022510403014083306j)}, 'free': np.float64(-19142.91211265688)}, {'stable': {'F_onsite': np.complex128(-0.02484394148635732+0j), 'F_swave': np.complex128(0.02252762659063575+0j)}, 'free': np.float64(-19142.91211265688)}]
------------------------------------------
  Seed: s-wave+py
F_onsite: (-0.02484394148635732+0j)
F_swave: (0.02252762659063575+0j), F_dwave: (-2.7755575615628914e-17+0j)
F_px: 8.03834266944331e-19j, F_py: 7.362833894008006e-19j
Free_energy = -19142.91211265688
------------------------------------------
[{'stable': {'F_onsite': np.complex128(-0.0009713067788756619-0.02482494696306242j), 'F_swave': np.complex128(0.0008807473818709618+0.022510403014083306j)}, 'free': np.float64(-19142.91211265688)}, {'stable': {'F_onsite': np.complex128(-0.02484394148635732+0j), 'F_swave': np.complex128(0.02252762659063575+0j)}, 'free': np.float64(-19142.91211265688)}]
------------------------------------------
====================================
mu=3.37, T=0.0580
====================================
  Seed: normal state
F_onsite: 0j
F_swave: 0j, F_dwave: 0j
F_px: 0j, F_py: 0j
Free_energy = -19125.329842900148
------------------------------------------
[{'stable': {}, 'free': np.float64(-19125.329842900148)}]
------------------------------------------
  Seed: px+i*py
F_onsite: (-0.000923137691477392-0.023593827129523147j)
F_swave: (0.0008371104018200757+0.021395116125374203j), F_dwave: (-3.0899761915836876e-18+5.204170427930421e-18j)
F_px: (-1.1926223897340549e-18+3.469446951953614e-18j), F_py: (-1.734723475976807e-18-3.469446951953614e-18j)
Free_energy = -19141.577208240004
------------------------------------------
[{'stable': {'F_onsite': np.complex128(-0.000923137691477392-0.023593827129523147j), 'F_swave': np.complex128(0.0008371104018200757+0.021395116125374203j)}, 'free': np.float64(-19141.577208240004)}]
------------------------------------------
  Seed: s-wave
F_onsite: (-0.02361187967560496+0j)
F_swave: (0.02141148635296209+0j), F_dwave: (3.122502256758253e-17+0j)
F_px: 5.8983139282053204e-18j, F_py: 1.3696522757102036e-18j
Free_energy = -19141.577208240004
------------------------------------------
[{'stable': {'F_onsite': np.complex128(-0.000923137691477392-0.023593827129523147j), 'F_swave': np.complex128(0.0008371104018200757+0.021395116125374203j)}, 'free': np.float64(-19141.577208240004)}, {'stable': {'F_onsite': np.complex128(-0.02361187967560496+0j), 'F_swave': np.complex128(0.02141148635296209+0j)}, 'free': np.float64(-19141.577208240004)}]
------------------------------------------
  Seed: s-wave+px
F_onsite: (-0.02361187967560496+0j)
F_swave: (0.02141148635296209+0j), F_dwave: (3.122502256758253e-17+0j)
F_px: 5.8983139282053204e-18j, F_py: 1.3696522757102036e-18j
Free_energy = -19141.577208240004
------------------------------------------
[{'stable': {'F_onsite': np.complex128(-0.000923137691477392-0.023593827129523147j), 'F_swave': np.complex128(0.0008371104018200757+0.021395116125374203j)}, 'free': np.float64(-19141.577208240004)}, {'stable': {'F_onsite': np.complex128(-0.02361187967560496+0j), 'F_swave': np.complex128(0.02141148635296209+0j)}, 'free': np.float64(-19141.577208240004)}]
------------------------------------------
  Seed: s-wave+py
F_onsite: (-0.02361187967560496+0j)
F_swave: (0.02141148635296209+0j), F_dwave: (3.122502256758253e-17+0j)
F_px: 5.8983139282053204e-18j, F_py: 1.3696522757102036e-18j
Free_energy = -19141.577208240004
------------------------------------------
[{'stable': {'F_onsite': np.complex128(-0.000923137691477392-0.023593827129523147j), 'F_swave': np.complex128(0.0008371104018200757+0.021395116125374203j)}, 'free': np.float64(-19141.577208240004)}, {'stable': {'F_onsite': np.complex128(-0.02361187967560496+0j), 'F_swave': np.complex128(0.02141148635296209+0j)}, 'free': np.float64(-19141.577208240004)}]
------------------------------------------
====================================
mu=3.37, T=0.0610
====================================
  Seed: normal state
F_onsite: 0j
F_swave: 0j, F_dwave: 0j
F_px: 0j, F_py: 0j
Free_energy = -19125.902036784908
------------------------------------------
[{'stable': {}, 'free': np.float64(-19125.902036784908)}]
------------------------------------------
  Seed: px+i*py
F_onsite: (-0.0008667688858575868-0.022153136463798767j)
F_swave: (0.0007860370182007671+0.020089767426954144j), F_dwave: (-2.3310346708438345e-18+2.168404344971009e-17j)
F_px: (-3.686287386450715e-18+2.0816681711721685e-17j), F_py: (-2.2768245622195593e-18-1.734723475976807e-18j)
Free_energy = -19140.117855407745
------------------------------------------
[{'stable': {'F_onsite': np.complex128(-0.0008667688858575868-0.022153136463798767j), 'F_swave': np.complex128(0.0007860370182007671+0.020089767426954144j)}, 'free': np.float64(-19140.117855407745)}]
------------------------------------------
  Seed: s-wave
F_onsite: (-0.022170086681950044+0j)
F_swave: (0.020105138881964586+0j), F_dwave: (-1.0408340855860843e-17+0j)
F_px: 2.3181174183982065e-18j, F_py: 1.7154534764267718e-18j
Free_energy = -19140.117855407745
------------------------------------------
[{'stable': {'F_onsite': np.complex128(-0.0008667688858575868-0.022153136463798767j), 'F_swave': np.complex128(0.0007860370182007671+0.020089767426954144j)}, 'free': np.float64(-19140.117855407745)}, {'stable': {'F_onsite': np.complex128(-0.022170086681950044+0j), 'F_swave': np.complex128(0.020105138881964586+0j)}, 'free': np.float64(-19140.117855407745)}]
------------------------------------------
  Seed: s-wave+px
F_onsite: (-0.022170086681950044+0j)
F_swave: (0.020105138881964586+0j), F_dwave: (-1.0408340855860843e-17+0j)
F_px: 2.3181174183982065e-18j, F_py: 1.7154534764267718e-18j
Free_energy = -19140.117855407745
------------------------------------------
[{'stable': {'F_onsite': np.complex128(-0.0008667688858575868-0.022153136463798767j), 'F_swave': np.complex128(0.0007860370182007671+0.020089767426954144j)}, 'free': np.float64(-19140.117855407745)}, {'stable': {'F_onsite': np.complex128(-0.022170086681950044+0j), 'F_swave': np.complex128(0.020105138881964586+0j)}, 'free': np.float64(-19140.117855407745)}]
------------------------------------------
  Seed: s-wave+py
F_onsite: (-0.022170086681950044+0j)
F_swave: (0.020105138881964586+0j), F_dwave: (-1.0408340855860843e-17+0j)
F_px: 2.3181174183982065e-18j, F_py: 1.7154534764267718e-18j
Free_energy = -19140.117855407745
------------------------------------------
[{'stable': {'F_onsite': np.complex128(-0.0008667688858575868-0.022153136463798767j), 'F_swave': np.complex128(0.0007860370182007671+0.020089767426954144j)}, 'free': np.float64(-19140.117855407745)}, {'stable': {'F_onsite': np.complex128(-0.022170086681950044+0j), 'F_swave': np.complex128(0.020105138881964586+0j)}, 'free': np.float64(-19140.117855407745)}]
------------------------------------------
====================================
mu=3.37, T=0.0640
====================================
  Seed: normal state
F_onsite: 0j
F_swave: 0j, F_dwave: 0j
F_px: 0j, F_py: 0j
Free_energy = -19126.503086774374
------------------------------------------
[{'stable': {}, 'free': np.float64(-19126.503086774374)}]
------------------------------------------
  Seed: px+i*py
F_onsite: (-0.000800377923278851-0.020456296535684638j)
F_swave: (0.0007258723750680913+0.01855206161937278j), F_dwave: (-2.439454888092385e-18-2.5153490401663703e-17j)
F_px: (-6.2341624917916505e-18-2.6020852139652106e-17j), F_py: (-2.8189256484623115e-18-1.734723475976807e-18j)
Free_energy = -19138.534477277048
------------------------------------------
[{'stable': {'F_onsite': np.complex128(-0.000800377923278851-0.020456296535684638j), 'F_swave': np.complex128(0.0007258723750680913+0.01855206161937278j)}, 'free': np.float64(-19138.534477277048)}]
------------------------------------------
  Seed: s-wave
F_onsite: (-0.020471948436236714+0j)
F_swave: (0.018566256516430166+0j), F_dwave: (-2.949029909160572e-17+0j)
F_px: -2.5008647767683218e-18j, F_py: 1.8092623753351855e-18j
Free_energy = -19138.534477277048
------------------------------------------
[{'stable': {'F_onsite': np.complex128(-0.000800377923278851-0.020456296535684638j), 'F_swave': np.complex128(0.0007258723750680913+0.01855206161937278j)}, 'free': np.float64(-19138.534477277048)}, {'stable': {'F_onsite': np.complex128(-0.020471948436236714+0j), 'F_swave': np.complex128(0.018566256516430166+0j)}, 'free': np.float64(-19138.534477277048)}]
------------------------------------------
  Seed: s-wave+px
F_onsite: (-0.020471948436236714+0j)
F_swave: (0.018566256516430166+0j), F_dwave: (-2.949029909160572e-17+0j)
F_px: -2.5008647767683218e-18j, F_py: 1.8092623753351855e-18j
Free_energy = -19138.534477277048
------------------------------------------
[{'stable': {'F_onsite': np.complex128(-0.000800377923278851-0.020456296535684638j), 'F_swave': np.complex128(0.0007258723750680913+0.01855206161937278j)}, 'free': np.float64(-19138.534477277048)}, {'stable': {'F_onsite': np.complex128(-0.020471948436236714+0j), 'F_swave': np.complex128(0.018566256516430166+0j)}, 'free': np.float64(-19138.534477277048)}]
------------------------------------------
  Seed: s-wave+py
F_onsite: (-0.020471948436236714+0j)
F_swave: (0.018566256516430166+0j), F_dwave: (-2.949029909160572e-17+0j)
F_px: -2.5008647767683218e-18j, F_py: 1.8092623753351855e-18j
Free_energy = -19138.534477277048
------------------------------------------
[{'stable': {'F_onsite': np.complex128(-0.000800377923278851-0.020456296535684638j), 'F_swave': np.complex128(0.0007258723750680913+0.01855206161937278j)}, 'free': np.float64(-19138.534477277048)}, {'stable': {'F_onsite': np.complex128(-0.020471948436236714+0j), 'F_swave': np.complex128(0.018566256516430166+0j)}, 'free': np.float64(-19138.534477277048)}]
------------------------------------------
====================================
mu=3.37, T=0.0670
====================================
  Seed: normal state
F_onsite: 0j
F_swave: 0j, F_dwave: 0j
F_px: 0j, F_py: 0j
Free_energy = -19127.132976752317
------------------------------------------
[{'stable': {}, 'free': np.float64(-19127.132976752317)}]
------------------------------------------
  Seed: px+i*py
F_onsite: (-0.0007211433012647552-0.018431194547394558j)
F_swave: (0.0006540551344957327+0.016716535267637375j), F_dwave: (1.7401444868392346e-17+7.806255641895632e-18j)
F_px: (8.077306185017008e-18-2.2551405187698492e-17j), F_py: (-1.951563910473908e-18+1.734723475976807e-18j)
Free_energy = -19136.828637840816
------------------------------------------
[{'stable': {'F_onsite': np.complex128(-0.0007211433012647552-0.018431194547394558j), 'F_swave': np.complex128(0.0006540551344957327+0.016716535267637375j)}, 'free': np.float64(-19136.828637840816)}]
------------------------------------------
  Seed: s-wave
F_onsite: (-0.01844529696439906+0j)
F_swave: (0.016729325732770133+0j), F_dwave: (8.673617379884035e-18+0j)
F_px: 1.3247595295057257e-18j, F_py: 1.796133364652744e-18j
Free_energy = -19136.828637840816
------------------------------------------
[{'stable': {'F_onsite': np.complex128(-0.0007211433012647552-0.018431194547394558j), 'F_swave': np.complex128(0.0006540551344957327+0.016716535267637375j)}, 'free': np.float64(-19136.828637840816)}, {'stable': {'F_onsite': np.complex128(-0.01844529696439906+0j), 'F_swave': np.complex128(0.016729325732770133+0j)}, 'free': np.float64(-19136.828637840816)}]
------------------------------------------
  Seed: s-wave+px
F_onsite: (-0.01844529696439906+0j)
F_swave: (0.016729325732770133+0j), F_dwave: (8.673617379884035e-18+0j)
F_px: 1.3247595295057257e-18j, F_py: 1.796133364652744e-18j
Free_energy = -19136.828637840816
------------------------------------------
[{'stable': {'F_onsite': np.complex128(-0.0007211433012647552-0.018431194547394558j), 'F_swave': np.complex128(0.0006540551344957327+0.016716535267637375j)}, 'free': np.float64(-19136.828637840816)}, {'stable': {'F_onsite': np.complex128(-0.01844529696439906+0j), 'F_swave': np.complex128(0.016729325732770133+0j)}, 'free': np.float64(-19136.828637840816)}]
------------------------------------------
  Seed: s-wave+py
F_onsite: (-0.01844529696439906+0j)
F_swave: (0.016729325732770133+0j), F_dwave: (8.673617379884035e-18+0j)
F_px: 1.3247595295057257e-18j, F_py: 1.796133364652744e-18j
Free_energy = -19136.828637840816
------------------------------------------
[{'stable': {'F_onsite': np.complex128(-0.0007211433012647552-0.018431194547394558j), 'F_swave': np.complex128(0.0006540551344957327+0.016716535267637375j)}, 'free': np.float64(-19136.828637840816)}, {'stable': {'F_onsite': np.complex128(-0.01844529696439906+0j), 'F_swave': np.complex128(0.016729325732770133+0j)}, 'free': np.float64(-19136.828637840816)}]
------------------------------------------
====================================
mu=3.37, T=0.0700
====================================
  Seed: normal state
F_onsite: 0j
F_swave: 0j, F_dwave: 0j
F_px: 0j, F_py: 0j
Free_energy = -19127.791687545643
------------------------------------------
[{'stable': {}, 'free': np.float64(-19127.791687545643)}]
------------------------------------------
  Seed: px+i*py
F_onsite: (-0.0006241018824476194-0.015950981160905084j)
F_swave: (0.0005660801896196317+0.014468045513293646j), F_dwave: (-6.0173220572945496e-18-1.3877787807814457e-17j)
F_px: (7.589415207398531e-19-6.245004513516506e-17j), F_py: (-3.144186300207963e-18+1.734723475976807e-18j)
Free_energy = -19135.001122484995
------------------------------------------
[{'stable': {'F_onsite': np.complex128(-0.0006241018824476194-0.015950981160905084j), 'F_swave': np.complex128(0.0005660801896196317+0.014468045513293646j)}, 'free': np.float64(-19135.001122484995)}]
------------------------------------------
  Seed: s-wave
F_onsite: (-0.015963185871098223+0j)
F_swave: (0.014479115572293106+0j), F_dwave: (-2.6020852139652106e-17+0j)
F_px: 5.126878671493466e-18j, F_py: 2.306894231847087e-18j
Free_energy = -19135.001122484995
------------------------------------------
[{'stable': {'F_onsite': np.complex128(-0.0006241018824476194-0.015950981160905084j), 'F_swave': np.complex128(0.0005660801896196317+0.014468045513293646j)}, 'free': np.float64(-19135.001122484995)}, {'stable': {'F_onsite': np.complex128(-0.015963185871098223+0j), 'F_swave': np.complex128(0.014479115572293106+0j)}, 'free': np.float64(-19135.001122484995)}]
------------------------------------------
  Seed: s-wave+px
F_onsite: (-0.015963185871098223+0j)
F_swave: (0.014479115572293106+0j), F_dwave: (-2.6020852139652106e-17+0j)
F_px: 5.126878671493466e-18j, F_py: 2.306894231847087e-18j
Free_energy = -19135.001122484995
------------------------------------------
[{'stable': {'F_onsite': np.complex128(-0.0006241018824476194-0.015950981160905084j), 'F_swave': np.complex128(0.0005660801896196317+0.014468045513293646j)}, 'free': np.float64(-19135.001122484995)}, {'stable': {'F_onsite': np.complex128(-0.015963185871098223+0j), 'F_swave': np.complex128(0.014479115572293106+0j)}, 'free': np.float64(-19135.001122484995)}]
------------------------------------------
  Seed: s-wave+py
F_onsite: (-0.015963185871098223+0j)
F_swave: (0.014479115572293106+0j), F_dwave: (-2.6020852139652106e-17+0j)
F_px: 5.126878671493466e-18j, F_py: 2.306894231847087e-18j
Free_energy = -19135.001122484995
------------------------------------------
[{'stable': {'F_onsite': np.complex128(-0.0006241018824476194-0.015950981160905084j), 'F_swave': np.complex128(0.0005660801896196317+0.014468045513293646j)}, 'free': np.float64(-19135.001122484995)}, {'stable': {'F_onsite': np.complex128(-0.015963185871098223+0j), 'F_swave': np.complex128(0.014479115572293106+0j)}, 'free': np.float64(-19135.001122484995)}]
------------------------------------------
====================================
mu=3.37, T=0.0730
====================================
  Seed: normal state
F_onsite: 0j
F_swave: 0j, F_dwave: 0j
F_px: 0j, F_py: 0j
Free_energy = -19128.4791955064
------------------------------------------
[{'stable': {}, 'free': np.float64(-19128.4791955064)}]
------------------------------------------
  Seed: px+i*py
F_onsite: (-0.0004989646407716839-0.012752686394236525j)
F_swave: (0.0004526100466346414+0.011567941918059804j), F_dwave: (6.640738306473715e-19-3.903127820947816e-18j)
F_px: (2.710505431213761e-19+2.6020852139652106e-18j), F_py: (-2.846030702774449e-18-8.673617379884035e-19j)
Free_energy = -19133.054693004364
------------------------------------------
[{'stable': {'F_onsite': np.complex128(-0.0004989646407716839-0.012752686394236525j), 'F_swave': np.complex128(0.0004526100466346414+0.011567941918059804j)}, 'free': np.float64(-19133.054693004364)}]
------------------------------------------
  Seed: s-wave
F_onsite: (-0.012762443965890487+0j)
F_swave: (0.011576792996073044+0j), F_dwave: (-2.0816681711721685e-17+0j)
F_px: 6.2875255674686714e-18j, F_py: 3.361873767652318e-18j
Free_energy = -19133.054693004364
------------------------------------------
[{'stable': {'F_onsite': np.complex128(-0.0004989646407716839-0.012752686394236525j), 'F_swave': np.complex128(0.0004526100466346414+0.011567941918059804j)}, 'free': np.float64(-19133.054693004364)}, {'stable': {'F_onsite': np.complex128(-0.012762443965890487+0j), 'F_swave': np.complex128(0.011576792996073044+0j)}, 'free': np.float64(-19133.054693004364)}]
------------------------------------------
  Seed: s-wave+px
F_onsite: (-0.012762443965890487+0j)
F_swave: (0.011576792996073044+0j), F_dwave: (-2.0816681711721685e-17+0j)
F_px: 6.2875255674686714e-18j, F_py: 3.361873767652318e-18j
Free_energy = -19133.054693004364
------------------------------------------
[{'stable': {'F_onsite': np.complex128(-0.0004989646407716839-0.012752686394236525j), 'F_swave': np.complex128(0.0004526100466346414+0.011567941918059804j)}, 'free': np.float64(-19133.054693004364)}, {'stable': {'F_onsite': np.complex128(-0.012762443965890487+0j), 'F_swave': np.complex128(0.011576792996073044+0j)}, 'free': np.float64(-19133.054693004364)}]
------------------------------------------
  Seed: s-wave+py
F_onsite: (-0.012762443965890487+0j)
F_swave: (0.011576792996073044+0j), F_dwave: (-2.0816681711721685e-17+0j)
F_px: 6.2875255674686714e-18j, F_py: 3.361873767652318e-18j
Free_energy = -19133.054693004364
------------------------------------------
[{'stable': {'F_onsite': np.complex128(-0.0004989646407716839-0.012752686394236525j), 'F_swave': np.complex128(0.0004526100466346414+0.011567941918059804j)}, 'free': np.float64(-19133.054693004364)}, {'stable': {'F_onsite': np.complex128(-0.012762443965890487+0j), 'F_swave': np.complex128(0.011576792996073044+0j)}, 'free': np.float64(-19133.054693004364)}]
------------------------------------------
====================================
mu=3.37, T=0.0760
====================================
  Seed: normal state
F_onsite: 0j
F_swave: 0j, F_dwave: 0j
F_px: 0j, F_py: 0j
Free_energy = -19129.19547142959
------------------------------------------
[{'stable': {}, 'free': np.float64(-19129.19547142959)}]
------------------------------------------
  Seed: px+i*py
F_onsite: (-0.0003139431172636589-0.008023851377327145j)
F_swave: (0.00028480008542241695+0.007279005119135631j), F_dwave: (3.5236570605778894e-19+4.336808689942018e-18j)
F_px: (-3.2255014631443757e-18+6.5052130349130266e-18j), F_py: (-4.2825985813177425e-18+0j)
Free_energy = -19130.994232206136
------------------------------------------
[{'stable': {'F_onsite': np.complex128(-0.0003139431172636589-0.008023851377327145j), 'F_swave': np.complex128(0.00028480008542241695+0.007279005119135631j)}, 'free': np.float64(-19130.994232206136)}]
------------------------------------------
  Seed: s-wave
F_onsite: (-0.008029990735132619+0j)
F_swave: (0.007284574566373801+0j), F_dwave: (-1.0408340855860843e-17+0j)
F_px: 3.0627652581531432e-18j, F_py: 4.1848721550282776e-18j
Free_energy = -19130.994232206136
------------------------------------------
[{'stable': {'F_onsite': np.complex128(-0.0003139431172636589-0.008023851377327145j), 'F_swave': np.complex128(0.00028480008542241695+0.007279005119135631j)}, 'free': np.float64(-19130.994232206136)}, {'stable': {'F_onsite': np.complex128(-0.008029990735132619+0j), 'F_swave': np.complex128(0.007284574566373801+0j)}, 'free': np.float64(-19130.994232206136)}]
------------------------------------------
  Seed: s-wave+px
F_onsite: (-0.008029990735132619+0j)
F_swave: (0.007284574566373801+0j), F_dwave: (-1.0408340855860843e-17+0j)
F_px: 3.0627652581531432e-18j, F_py: 4.1848721550282776e-18j
Free_energy = -19130.994232206136
------------------------------------------
[{'stable': {'F_onsite': np.complex128(-0.0003139431172636589-0.008023851377327145j), 'F_swave': np.complex128(0.00028480008542241695+0.007279005119135631j)}, 'free': np.float64(-19130.994232206136)}, {'stable': {'F_onsite': np.complex128(-0.008029990735132619+0j), 'F_swave': np.complex128(0.007284574566373801+0j)}, 'free': np.float64(-19130.994232206136)}]
------------------------------------------
  Seed: s-wave+py
F_onsite: (-0.008029990735132619+0j)
F_swave: (0.007284574566373801+0j), F_dwave: (-1.0408340855860843e-17+0j)
F_px: 3.0627652581531432e-18j, F_py: 4.1848721550282776e-18j
Free_energy = -19130.994232206136
------------------------------------------
[{'stable': {'F_onsite': np.complex128(-0.0003139431172636589-0.008023851377327145j), 'F_swave': np.complex128(0.00028480008542241695+0.007279005119135631j)}, 'free': np.float64(-19130.994232206136)}, {'stable': {'F_onsite': np.complex128(-0.008029990735132619+0j), 'F_swave': np.complex128(0.007284574566373801+0j)}, 'free': np.float64(-19130.994232206136)}]
------------------------------------------
====================================
mu=3.37, T=0.0790
====================================
  Seed: normal state
F_onsite: 0j
F_swave: 0j, F_dwave: 0j
F_px: 0j, F_py: 0j
Free_energy = -19129.94047973042
------------------------------------------
[{'stable': {}, 'free': np.float64(-19129.94047973042)}]
------------------------------------------
  Seed: px+i*py
F_onsite: (-7.132938598702163e-15-1.8230634329296503e-13j)
F_swave: (6.473808817272239e-15+1.6546004462341204e-13j), F_dwave: (1.279441916177844e-21-6.509721974268217e-21j)
F_px: (-3.5964409746101855e-20+3.8279535884149374e-21j), F_py: (3.9315184580851474e-20+1.7900952666227174e-20j)
Free_energy = -19129.94047973042
------------------------------------------
[{'stable': {}, 'free': np.float64(-19129.94047973042)}]
------------------------------------------
  Seed: s-wave
F_onsite: (-1.5295198896141257e-13+0j)
F_swave: (1.3881820573259043e-13+0j), F_dwave: (-8.472651891669749e-21+0j)
F_px: 4.3431972916840376e-20j, F_py: -8.501657908770724e-21j
Free_energy = -19129.94047973042
------------------------------------------
[{'stable': {}, 'free': np.float64(-19129.94047973042)}]
------------------------------------------
  Seed: s-wave+px
F_onsite: (-1.5295198896141257e-13+0j)
F_swave: (1.3881820573259043e-13+0j), F_dwave: (-8.472651891669749e-21+0j)
F_px: 4.3431972916840376e-20j, F_py: -8.501657908770724e-21j
Free_energy = -19129.94047973042
------------------------------------------
[{'stable': {}, 'free': np.float64(-19129.94047973042)}]
------------------------------------------
  Seed: s-wave+py
F_onsite: (-1.5295198896141257e-13+0j)
F_swave: (1.3881820573259043e-13+0j), F_dwave: (-8.472651891669749e-21+0j)
F_px: 4.3431972916840376e-20j, F_py: -8.501657908770724e-21j
Free_energy = -19129.94047973042
------------------------------------------
[{'stable': {}, 'free': np.float64(-19129.94047973042)}]
------------------------------------------
====================================
mu=3.37, T=0.0820
====================================
  Seed: normal state
F_onsite: 0j
F_swave: 0j, F_dwave: 0j
F_px: 0j, F_py: 0j
Free_energy = -19130.71417783108
------------------------------------------
[{'stable': {}, 'free': np.float64(-19130.71417783108)}]
------------------------------------------
  Seed: px+i*py
F_onsite: (-1.9822881597337398e-15-5.0664918961605875e-14j)
F_swave: (1.8010662719419647e-15+4.603308323044649e-14j), F_dwave: (1.336532357137656e-21+1.298193094929876e-21j)
F_px: (-1.563747073340325e-20+2.751830934621852e-21j), F_py: (1.6727953673655966e-21-7.699393664344711e-21j)
Free_energy = -19130.714177831076
------------------------------------------
[{'stable': {}, 'free': np.float64(-19130.71417783108)}]
------------------------------------------
  Seed: s-wave
F_onsite: (-4.77393567050532e-14+0j)
F_swave: (4.337497545873063e-14+0j), F_dwave: (1.401403187660826e-21+0j)
F_px: 9.048438489138605e-21j, F_py: 2.056909501236092e-20j
Free_energy = -19130.71417783108
------------------------------------------
[{'stable': {}, 'free': np.float64(-19130.71417783108)}]
------------------------------------------
  Seed: s-wave+px
F_onsite: (-4.77393567050532e-14+0j)
F_swave: (4.337497545873063e-14+0j), F_dwave: (1.401403187660826e-21+0j)
F_px: 9.048438489138605e-21j, F_py: 2.056909501236092e-20j
Free_energy = -19130.71417783108
------------------------------------------
[{'stable': {}, 'free': np.float64(-19130.71417783108)}]
------------------------------------------
  Seed: s-wave+py
F_onsite: (-4.77393567050532e-14+0j)
F_swave: (4.337497545873063e-14+0j), F_dwave: (1.401403187660826e-21+0j)
F_px: 9.048438489138605e-21j, F_py: 2.056909501236092e-20j
Free_energy = -19130.71417783108
------------------------------------------
[{'stable': {}, 'free': np.float64(-19130.71417783108)}]
------------------------------------------
====================================
mu=3.37, T=0.0850
====================================
  Seed: normal state
F_onsite: 0j
F_swave: 0j, F_dwave: 0j
F_px: 0j, F_py: 0j
Free_energy = -19131.51651572393
------------------------------------------
[{'stable': {}, 'free': np.float64(-19131.51651572393)}]
------------------------------------------
  Seed: px+i*py
F_onsite: (-1.1309444790793433e-15-2.8902459524725297e-14j)
F_swave: (1.0286596201870938e-15+2.6288499960486184e-14j), F_dwave: (2.474687864895661e-21+1.0218644433779943e-20j)
F_px: (1.1063296904111457e-20+1.470629381995606e-20j), F_py: (2.5706593035973793e-20-3.761412552592595e-21j)
Free_energy = -19131.51651572393
------------------------------------------
[{'stable': {}, 'free': np.float64(-19131.51651572393)}]
------------------------------------------
  Seed: s-wave
F_onsite: (-2.814111638567062e-14+0j)
F_swave: (2.5596006938046846e-14+0j), F_dwave: (-1.978931332930659e-21+0j)
F_px: 3.325518169798723e-20j, F_py: 7.695864268255989e-21j
Free_energy = -19131.51651572393
------------------------------------------
[{'stable': {}, 'free': np.float64(-19131.51651572393)}]
------------------------------------------
  Seed: s-wave+px
F_onsite: (-2.814111638567062e-14+0j)
F_swave: (2.5596006938046846e-14+0j), F_dwave: (-1.978931332930659e-21+0j)
F_px: 3.325518169798723e-20j, F_py: 7.695864268255989e-21j
Free_energy = -19131.51651572393
------------------------------------------
[{'stable': {}, 'free': np.float64(-19131.51651572393)}]
------------------------------------------
  Seed: s-wave+py
F_onsite: (-2.814111638567062e-14+0j)
F_swave: (2.5596006938046846e-14+0j), F_dwave: (-1.978931332930659e-21+0j)
F_px: 3.325518169798723e-20j, F_py: 7.695864268255989e-21j
Free_energy = -19131.51651572393
------------------------------------------
[{'stable': {}, 'free': np.float64(-19131.51651572393)}]
------------------------------------------
====================================
mu=3.37, T=0.0880
====================================
  Seed: normal state
F_onsite: 0j
F_swave: 0j, F_dwave: 0j
F_px: 0j, F_py: 0j
Free_energy = -19132.347435689815
------------------------------------------
[{'stable': {}, 'free': np.float64(-19132.347435689815)}]
------------------------------------------
  Seed: px+i*py
F_onsite: (-8.174103209110618e-16-2.0889189816027067e-14j)
F_swave: (7.442754562679349e-16+1.902023392942765e-14j), F_dwave: (3.0661246210757682e-21-9.547200275707713e-22j)
F_px: (-4.843316509627821e-20-1.2139657029491702e-20j), F_py: (-2.8362430043145848e-21+1.2344005366449347e-20j)
Free_energy = -19132.347435689815
------------------------------------------
[{'stable': {}, 'free': np.float64(-19132.347435689815)}]
------------------------------------------
  Seed: s-wave
F_onsite: (-2.033772800196109e-14+0j)
F_swave: (1.8517972407259554e-14+0j), F_dwave: (-2.3393888390587144e-21+0j)
F_px: -1.7164773789123712e-20j, F_py: -7.872128201456614e-20j
Free_energy = -19132.347435689815
------------------------------------------
[{'stable': {}, 'free': np.float64(-19132.347435689815)}]
------------------------------------------
  Seed: s-wave+px
F_onsite: (-2.033772800196109e-14+0j)
F_swave: (1.8517972407259554e-14+0j), F_dwave: (-2.3393888390587144e-21+0j)
F_px: -1.7164773789123712e-20j, F_py: -7.872128201456614e-20j
Free_energy = -19132.347435689815
------------------------------------------
[{'stable': {}, 'free': np.float64(-19132.347435689815)}]
------------------------------------------
  Seed: s-wave+py
F_onsite: (-2.033772800196109e-14+0j)
F_swave: (1.8517972407259554e-14+0j), F_dwave: (-2.3393888390587144e-21+0j)
F_px: -1.7164773789123712e-20j, F_py: -7.872128201456614e-20j
Free_energy = -19132.347435689815
------------------------------------------
[{'stable': {}, 'free': np.float64(-19132.347435689815)}]
------------------------------------------
====================================
mu=3.37, T=0.0910
====================================
  Seed: normal state
F_onsite: 0j
F_swave: 0j, F_dwave: 0j
F_px: 0j, F_py: 0j
Free_energy = -19133.2068721489
------------------------------------------
[{'stable': {}, 'free': np.float64(-19133.2068721489)}]
------------------------------------------
  Seed: px+i*py
F_onsite: (-6.072251450232644e-16-1.5518748581271058e-14j)
F_swave: (5.534728244697299e-16+1.414500955407107e-14j), F_dwave: (1.771682752799273e-21-2.994212025235213e-21j)
F_px: (5.115535019484063e-21-5.099885178010452e-21j), F_py: (-1.8016346668209e-20+1.5150630103075864e-20j)
Free_energy = -19133.2068721489
------------------------------------------
[{'stable': {}, 'free': np.float64(-19133.2068721489)}]
------------------------------------------
  Seed: s-wave
F_onsite: (-1.6028911255892025e-14+0j)
F_swave: (1.46101517937086e-14+0j), F_dwave: (1.0470811119097213e-23+0j)
F_px: -1.2347986633780783e-20j, F_py: 3.6196355559621046e-21j
Free_energy = -19133.2068721489
------------------------------------------
[{'stable': {}, 'free': np.float64(-19133.2068721489)}]
------------------------------------------
  Seed: s-wave+px
F_onsite: (-1.6028911255892025e-14+0j)
F_swave: (1.46101517937086e-14+0j), F_dwave: (1.0470811119097213e-23+0j)
F_px: -1.2347986633780783e-20j, F_py: 3.6196355559621046e-21j
Free_energy = -19133.2068721489
------------------------------------------
[{'stable': {}, 'free': np.float64(-19133.2068721489)}]
------------------------------------------
  Seed: s-wave+py
F_onsite: (-1.6028911255892025e-14+0j)
F_swave: (1.46101517937086e-14+0j), F_dwave: (1.0470811119097213e-23+0j)
F_px: -1.2347986633780783e-20j, F_py: 3.6196355559621046e-21j
Free_energy = -19133.2068721489
------------------------------------------
[{'stable': {}, 'free': np.float64(-19133.2068721489)}]
------------------------------------------
====================================
mu=3.37, T=0.0940
====================================
  Seed: normal state
F_onsite: 0j
F_swave: 0j, F_dwave: 0j
F_px: 0j, F_py: 0j
Free_energy = -19134.094751633766
------------------------------------------
[{'stable': {}, 'free': np.float64(-19134.094751633766)}]
------------------------------------------
  Seed: px+i*py
F_onsite: (-4.888721607475117e-16-1.2492065898356124e-14j)
F_swave: (4.46068889700004e-16+1.1398351444220137e-14j), F_dwave: (6.93060734310837e-22+8.764783559444234e-22j)
F_px: (1.9591073682855702e-20-2.360506148824655e-20j), F_py: (2.759283060575012e-21+3.3880322742140077e-21j)
Free_energy = -19134.094751633762
------------------------------------------
[{'stable': {}, 'free': np.float64(-19134.094751633766)}]
------------------------------------------
  Seed: s-wave
F_onsite: (-1.2902037202364849e-14+0j)
F_swave: (1.1772410885023384e-14+0j), F_dwave: (2.2063166179201538e-21+0j)
F_px: -4.353041177198419e-20j, F_py: -1.0417562465581663e-20j
Free_energy = -19134.094751633762
------------------------------------------
[{'stable': {}, 'free': np.float64(-19134.094751633766)}]
------------------------------------------
  Seed: s-wave+px
F_onsite: (-1.2902037202364849e-14+0j)
F_swave: (1.1772410885023384e-14+0j), F_dwave: (2.2063166179201538e-21+0j)
F_px: -4.353041177198419e-20j, F_py: -1.0417562465581663e-20j
Free_energy = -19134.094751633762
------------------------------------------
[{'stable': {}, 'free': np.float64(-19134.094751633766)}]
------------------------------------------
  Seed: s-wave+py
F_onsite: (-1.2902037202364849e-14+0j)
F_swave: (1.1772410885023384e-14+0j), F_dwave: (2.2063166179201538e-21+0j)
F_px: -4.353041177198419e-20j, F_py: -1.0417562465581663e-20j
Free_energy = -19134.094751633762
------------------------------------------
[{'stable': {}, 'free': np.float64(-19134.094751633766)}]
------------------------------------------
====================================
mu=3.37, T=0.0970
====================================
  Seed: normal state
F_onsite: 0j
F_swave: 0j, F_dwave: 0j
F_px: 0j, F_py: 0j
Free_energy = -19135.010992865762
------------------------------------------
[{'stable': {}, 'free': np.float64(-19135.010992865762)}]
------------------------------------------
  Seed: px+i*py
F_onsite: (-4.124651299741711e-16-1.054000959678621e-14j)
F_swave: (3.7674507390000097e-16+9.62716869456126e-15j), F_dwave: (2.3835923190825367e-21-6.884806545611768e-21j)
F_px: (-8.243671212092908e-21+1.5841791799242187e-20j), F_py: (1.8348828200644174e-20+1.9367008192620174e-21j)
Free_energy = -19135.010992865762
------------------------------------------
[{'stable': {}, 'free': np.float64(-19135.010992865762)}]
------------------------------------------
  Seed: s-wave
F_onsite: (-1.0885302195905291e-14+0j)
F_swave: (9.942698207258036e-15+0j), F_dwave: (-3.408299719356521e-21+0j)
F_px: -2.307684318610426e-21j, F_py: -1.5248371470291183e-20j
Free_energy = -19135.010992865762
------------------------------------------
[{'stable': {}, 'free': np.float64(-19135.010992865762)}]
------------------------------------------
  Seed: s-wave+px
F_onsite: (-1.0885302195905291e-14+0j)
F_swave: (9.942698207258036e-15+0j), F_dwave: (-3.408299719356521e-21+0j)
F_px: -2.307684318610426e-21j, F_py: -1.5248371470291183e-20j
Free_energy = -19135.010992865762
------------------------------------------
[{'stable': {}, 'free': np.float64(-19135.010992865762)}]
------------------------------------------
  Seed: s-wave+py
F_onsite: (-1.0885302195905291e-14+0j)
F_swave: (9.942698207258036e-15+0j), F_dwave: (-3.408299719356521e-21+0j)
F_px: -2.307684318610426e-21j, F_py: -1.5248371470291183e-20j
Free_energy = -19135.010992865762
------------------------------------------
[{'stable': {}, 'free': np.float64(-19135.010992865762)}]
------------------------------------------
====================================
mu=3.37, T=0.1000
====================================
  Seed: normal state
F_onsite: 0j
F_swave: 0j, F_dwave: 0j
F_px: 0j, F_py: 0j
Free_energy = -19135.95550692383
------------------------------------------
[{'stable': {}, 'free': np.float64(-19135.95550692383)}]
------------------------------------------
  Seed: px+i*py
F_onsite: (-3.3965095462127876e-16-8.677521740868284e-15j)
F_swave: (3.1055177074976966e-16+7.934201290041336e-15j), F_dwave: (1.1715350506343162e-21+7.10100506155193e-21j)
F_px: (5.560630005605666e-20-9.420593071032305e-21j), F_py: (-2.9820390247128515e-20-4.43960333232734e-21j)
Free_energy = -19135.95550692383
------------------------------------------
[{'stable': {}, 'free': np.float64(-19135.95550692383)}]
------------------------------------------
  Seed: s-wave
F_onsite: (-8.9611727082631e-15+0j)
F_swave: (8.193542892616786e-15+0j), F_dwave: (-3.666218042387438e-21+0j)
F_px: 3.027093798229511e-20j, F_py: -9.9265024766761e-21j
Free_energy = -19135.95550692383
------------------------------------------
[{'stable': {}, 'free': np.float64(-19135.95550692383)}]
------------------------------------------
  Seed: s-wave+px
F_onsite: (-8.9611727082631e-15+0j)
F_swave: (8.193542892616786e-15+0j), F_dwave: (-3.666218042387438e-21+0j)
F_px: 3.027093798229511e-20j, F_py: -9.9265024766761e-21j
Free_energy = -19135.95550692383
------------------------------------------
[{'stable': {}, 'free': np.float64(-19135.95550692383)}]
------------------------------------------
  Seed: s-wave+py
F_onsite: (-8.9611727082631e-15+0j)
F_swave: (8.193542892616786e-15+0j), F_dwave: (-3.666218042387438e-21+0j)
F_px: 3.027093798229511e-20j, F_py: -9.9265024766761e-21j
Free_energy = -19135.95550692383
------------------------------------------
[{'stable': {}, 'free': np.float64(-19135.95550692383)}]
------------------------------------------
