/home/emilssp/D1/venv/bin/python
Python 3.10.12
Running job 18 out of 25
====================================
mu=3.58, T=0.0010
====================================
  Seed: normal state
F_onsite: 0j
F_swave: 0j, F_dwave: 0j
F_px: 0j, F_py: 0j
Free_energy = -20204.746363481518
------------------------------------------
[{'stable': {}, 'free': np.float64(-20204.746363481518)}]
------------------------------------------
  Seed: px+i*py
F_onsite: (0.0007258006840444458+0.02751543930120944j)
F_swave: (-0.0006824601612757593-0.02587238005679101j), F_dwave: (-3.3068166260807885e-18-4.683753385137379e-17j)
F_px: (1.7889335846010823e-18+1.5612511283791264e-17j), F_py: (-5.421010862427522e-19+3.469446951953614e-18j)
Free_energy = -20231.877427230163
------------------------------------------
[{'stable': {'F_onsite': np.complex128(0.0007258006840444458+0.02751543930120944j), 'F_swave': np.complex128(-0.0006824601612757593-0.02587238005679101j)}, 'free': np.float64(-20231.877427230163)}]
------------------------------------------
  Seed: s-wave
F_onsite: (-0.027527903513658386+0j)
F_swave: (0.025884192795121556+0j), F_dwave: (-5.0306980803327406e-17+0j)
F_px: 1.4827311741686527e-18j, F_py: -2.9180285032910647e-19j
Free_energy = -20231.885471767124
------------------------------------------
[{'stable': {'F_onsite': np.complex128(0.0007258006840444458+0.02751543930120944j), 'F_swave': np.complex128(-0.0006824601612757593-0.02587238005679101j)}, 'free': np.float64(-20231.877427230163)}, {'stable': {'F_onsite': np.complex128(-0.027527903513658386+0j), 'F_swave': np.complex128(0.025884192795121556+0j)}, 'free': np.float64(-20231.885471767124)}]
------------------------------------------
  Seed: s-wave+px
F_onsite: (-0.027527847928601572+1.2483862429435063e-18j)
F_swave: (0.025884138745900908-2.118005884609378e-18j), F_dwave: (3.3046482217358175e-16-9.586295380550544e-19j)
F_px: (1.1333271821012403e-10-1.4338150214647169e-18j), F_py: (-1.734723475976807e-18-2.471218623614421e-19j)
Free_energy = -20231.88531720232
------------------------------------------
[{'stable': {'F_onsite': np.complex128(0.0007258006840444458+0.02751543930120944j), 'F_swave': np.complex128(-0.0006824601612757593-0.02587238005679101j)}, 'free': np.float64(-20231.877427230163)}, {'stable': {'F_onsite': np.complex128(-0.027527903513658386+0j), 'F_swave': np.complex128(0.025884192795121556+0j)}, 'free': np.float64(-20231.885471767124)}]
------------------------------------------
  Seed: s-wave+py
F_onsite: (-0.02752784792860142+2.3328383734347443e-19j)
F_swave: (0.025884138745900943+1.7448878713438587e-19j), F_dwave: (-3.365363543395006e-16+4.796324063827476e-19j)
F_px: (-5.204170427930421e-18+8.159044864427048e-19j), F_py: (1.1333273555735879e-10-1.658066994250293e-19j)
Free_energy = -20231.88531720232
------------------------------------------
[{'stable': {'F_onsite': np.complex128(0.0007258006840444458+0.02751543930120944j), 'F_swave': np.complex128(-0.0006824601612757593-0.02587238005679101j)}, 'free': np.float64(-20231.877427230163)}, {'stable': {'F_onsite': np.complex128(-0.027527903513658386+0j), 'F_swave': np.complex128(0.025884192795121556+0j)}, 'free': np.float64(-20231.885471767124)}]
------------------------------------------
====================================
mu=3.58, T=0.0040
====================================
  Seed: normal state
F_onsite: 0j
F_swave: 0j, F_dwave: 0j
F_px: 0j, F_py: 0j
Free_energy = -20204.777471754
------------------------------------------
[{'stable': {}, 'free': np.float64(-20204.777471754)}]
------------------------------------------
  Seed: px+i*py
F_onsite: (0.0007258259810762282+0.02751639832337355j)
F_swave: (-0.0006824847591457912-0.025873312573409867j), F_dwave: (-4.092863201132779e-18+5.204170427930421e-18j)
F_px: (3.7947076036992655e-19-1.214306433183765e-17j), F_py: (-8.131516293641283e-19+0j)
Free_energy = -20231.880094414377
------------------------------------------
[{'stable': {'F_onsite': np.complex128(0.0007258259810762282+0.02751639832337355j), 'F_swave': np.complex128(-0.0006824847591457912-0.025873312573409867j)}, 'free': np.float64(-20231.880094414377)}]
------------------------------------------
  Seed: s-wave
F_onsite: (-0.02752704943918811+0j)
F_swave: (0.025883362320157106+0j), F_dwave: (1.5612511283791264e-17+0j)
F_px: -2.3894799442043813e-18j, F_py: -6.606856988583543e-19j
Free_energy = -20231.88309692053
------------------------------------------
[{'stable': {'F_onsite': np.complex128(0.0007258259810762282+0.02751639832337355j), 'F_swave': np.complex128(-0.0006824847591457912-0.025873312573409867j)}, 'free': np.float64(-20231.880094414377)}, {'stable': {'F_onsite': np.complex128(-0.02752704943918811+0j), 'F_swave': np.complex128(0.025883362320157106+0j)}, 'free': np.float64(-20231.88309692053)}]
------------------------------------------
  Seed: s-wave+px
F_onsite: (-0.027527028693948206+1.302348683590546e-18j)
F_swave: (0.02588334214817214-1.7022185866259233e-18j), F_dwave: (2.0816681711721685e-17-4.0244652906419945e-19j)
F_px: (1.508670965932879e-11-2.0059857773349968e-18j), F_py: (-6.938893903907228e-18-4.273281218897945e-19j)
Free_energy = -20231.883039238088
------------------------------------------
[{'stable': {'F_onsite': np.complex128(0.0007258259810762282+0.02751639832337355j), 'F_swave': np.complex128(-0.0006824847591457912-0.025873312573409867j)}, 'free': np.float64(-20231.880094414377)}, {'stable': {'F_onsite': np.complex128(-0.02752704943918811+0j), 'F_swave': np.complex128(0.025883362320157106+0j)}, 'free': np.float64(-20231.88309692053)}]
------------------------------------------
  Seed: s-wave+py
F_onsite: (-0.027527028693948227-1.648514311572732e-20j)
F_swave: (0.025883342148172183-5.517360860177699e-19j), F_dwave: (5.204170427930421e-18-7.130958624697141e-19j)
F_px: -2.5643922478123943e-19j, F_py: (1.5086772109373925e-11-2.9603801506537797e-19j)
Free_energy = -20231.883039238088
------------------------------------------
[{'stable': {'F_onsite': np.complex128(0.0007258259810762282+0.02751639832337355j), 'F_swave': np.complex128(-0.0006824847591457912-0.025873312573409867j)}, 'free': np.float64(-20231.880094414377)}, {'stable': {'F_onsite': np.complex128(-0.02752704943918811+0j), 'F_swave': np.complex128(0.025883362320157106+0j)}, 'free': np.float64(-20231.88309692053)}]
------------------------------------------
====================================
mu=3.58, T=0.0070
====================================
  Seed: normal state
F_onsite: 0j
F_swave: 0j, F_dwave: 0j
F_px: 0j, F_py: 0j
Free_energy = -20204.83480771182
------------------------------------------
[{'stable': {}, 'free': np.float64(-20204.83480771182)}]
------------------------------------------
  Seed: px+i*py
F_onsite: (0.0007258354223986864+0.027516756248270564j)
F_swave: (-0.0006824939395838292-0.025873660608057805j), F_dwave: (-1.2522535092207576e-17-5.204170427930421e-18j)
F_px: (-4.228388472693467e-18-3.122502256758253e-17j), F_py: 3.469446951953614e-18j
Free_energy = -20231.88108995604
------------------------------------------
[{'stable': {'F_onsite': np.complex128(0.0007258354223986864+0.027516756248270564j), 'F_swave': np.complex128(-0.0006824939395838292-0.025873660608057805j)}, 'free': np.float64(-20231.88108995604)}]
------------------------------------------
  Seed: s-wave
F_onsite: (-0.02752673065425539+0j)
F_swave: (0.02588305234574001+0j), F_dwave: (2.6020852139652106e-17+0j)
F_px: 1.816462155386847e-18j, F_py: -9.64770526922648e-19j
Free_energy = -20231.882210592805
------------------------------------------
[{'stable': {'F_onsite': np.complex128(0.0007258354223986864+0.027516756248270564j), 'F_swave': np.complex128(-0.0006824939395838292-0.025873660608057805j)}, 'free': np.float64(-20231.88108995604)}, {'stable': {'F_onsite': np.complex128(-0.02752673065425539+0j), 'F_swave': np.complex128(0.02588305234574001+0j)}, 'free': np.float64(-20231.882210592805)}]
------------------------------------------
  Seed: s-wave+px
F_onsite: (-0.02752672291157951+1.0808143260643559e-18j)
F_swave: (0.025883044817025934-6.20451633863775e-20j), F_dwave: (5.117434254131581e-17+1.1585293136070693e-18j)
F_px: (2.0083101848200613e-12+2.0290674251476765e-18j), F_py: (-1.734723475976807e-18+4.616329562535937e-20j)
Free_energy = -20231.88218906464
------------------------------------------
[{'stable': {'F_onsite': np.complex128(0.0007258354223986864+0.027516756248270564j), 'F_swave': np.complex128(-0.0006824939395838292-0.025873660608057805j)}, 'free': np.float64(-20231.88108995604)}, {'stable': {'F_onsite': np.complex128(-0.02752673065425539+0j), 'F_swave': np.complex128(0.02588305234574001+0j)}, 'free': np.float64(-20231.882210592805)}]
------------------------------------------
  Seed: s-wave+py
F_onsite: (-0.027526722911579524+1.8568295122740974e-18j)
F_swave: (0.025883044817025906-1.727841333280366e-18j), F_dwave: (-5.637851296924623e-17-2.751798287392408e-19j)
F_px: (1.734723475976807e-18-9.133132753769493e-19j), F_py: (2.008252938945354e-12+8.427977825180288e-20j)
Free_energy = -20231.88218906464
------------------------------------------
[{'stable': {'F_onsite': np.complex128(0.0007258354223986864+0.027516756248270564j), 'F_swave': np.complex128(-0.0006824939395838292-0.025873660608057805j)}, 'free': np.float64(-20231.88108995604)}, {'stable': {'F_onsite': np.complex128(-0.02752673065425539+0j), 'F_swave': np.complex128(0.02588305234574001+0j)}, 'free': np.float64(-20231.882210592805)}]
------------------------------------------
====================================
mu=3.58, T=0.0100
====================================
  Seed: normal state
F_onsite: 0j
F_swave: 0j, F_dwave: 0j
F_px: 0j, F_py: 0j
Free_energy = -20204.922176049145
------------------------------------------
[{'stable': {}, 'free': np.float64(-20204.922176049145)}]
------------------------------------------
  Seed: px+i*py
F_onsite: (0.0007258386384957496+0.027516878171996134j)
F_swave: (-0.0006824970825513273-0.025873779759407987j), F_dwave: (-9.432558900623889e-18-5.204170427930421e-18j)
F_px: (-3.2526065174565133e-19+3.2959746043559335e-17j), F_py: (-1.1926223897340549e-18+0j)
Free_energy = -20231.88145073183
------------------------------------------
[{'stable': {'F_onsite': np.complex128(0.0007258386384957496+0.027516878171996134j), 'F_swave': np.complex128(-0.0006824970825513273-0.025873779759407987j)}, 'free': np.float64(-20231.88145073183)}]
------------------------------------------
  Seed: s-wave
F_onsite: (-0.02752660000501121+0j)
F_swave: (0.02588292590404314+0j), F_dwave: (-5.204170427930421e-17+0j)
F_px: -3.2703942093488536e-18j, F_py: -6.263808644945551e-19j
Free_energy = -20231.881868992816
------------------------------------------
[{'stable': {'F_onsite': np.complex128(0.0007258386384957496+0.027516878171996134j), 'F_swave': np.complex128(-0.0006824970825513273-0.025873779759407987j)}, 'free': np.float64(-20231.88145073183)}, {'stable': {'F_onsite': np.complex128(-0.02752660000501121+0j), 'F_swave': np.complex128(0.02588292590404314+0j)}, 'free': np.float64(-20231.881868992816)}]
------------------------------------------
  Seed: s-wave+px
F_onsite: (-0.02752659711517351+1.6201764608179198e-19j)
F_swave: (0.025882923094066243-1.36351128684261e-18j), F_dwave: (-2.168404344971009e-17-1.3376767819513538e-18j)
F_px: (2.673260918184539e-13-1.475107877643364e-18j), F_py: (5.204170427930421e-18-5.929230630780102e-21j)
Free_energy = -20231.881860957907
------------------------------------------
[{'stable': {'F_onsite': np.complex128(0.0007258386384957496+0.027516878171996134j), 'F_swave': np.complex128(-0.0006824970825513273-0.025873779759407987j)}, 'free': np.float64(-20231.88145073183)}, {'stable': {'F_onsite': np.complex128(-0.02752660000501121+0j), 'F_swave': np.complex128(0.02588292590404314+0j)}, 'free': np.float64(-20231.881868992816)}]
------------------------------------------
  Seed: s-wave+py
F_onsite: (-0.02752659711517345+1.4468285315778646e-18j)
F_swave: (0.025882923094066163-1.2378327732937532e-18j), F_dwave: (-2.3418766925686896e-17+2.6120378510954487e-19j)
F_px: (-3.469446951953614e-18-3.521539478209754e-18j), F_py: (2.6734343905321367e-13-5.058904277476309e-19j)
Free_energy = -20231.881860957903
------------------------------------------
[{'stable': {'F_onsite': np.complex128(0.0007258386384957496+0.027516878171996134j), 'F_swave': np.complex128(-0.0006824970825513273-0.025873779759407987j)}, 'free': np.float64(-20231.88145073183)}, {'stable': {'F_onsite': np.complex128(-0.02752660000501121+0j), 'F_swave': np.complex128(0.02588292590404314+0j)}, 'free': np.float64(-20231.881868992816)}]
------------------------------------------
====================================
mu=3.58, T=0.0130
====================================
  Seed: normal state
F_onsite: 0j
F_swave: 0j, F_dwave: 0j
F_px: 0j, F_py: 0j
Free_energy = -20205.037634101554
------------------------------------------
[{'stable': {}, 'free': np.float64(-20205.037634101554)}]
------------------------------------------
  Seed: px+i*py
F_onsite: (0.0007258316207367512+0.027516612125509283j)
F_swave: (-0.0006824906783058687-0.02587353697150279j), F_dwave: (-1.0842021724855044e-17-1.3877787807814457e-17j)
F_px: (1.734723475976807e-18-4.163336342344337e-17j), F_py: (-2.168404344971009e-19-3.469446951953614e-18j)
Free_energy = -20231.881297171567
------------------------------------------
[{'stable': {'F_onsite': np.complex128(0.0007258316207367512+0.027516612125509283j), 'F_swave': np.complex128(-0.0006824906783058687-0.02587353697150279j)}, 'free': np.float64(-20231.881297171567)}]
------------------------------------------
  Seed: s-wave
F_onsite: (-0.02752623959399972+0j)
F_swave: (0.025882591364358176+0j), F_dwave: (-3.469446951953614e-18+0j)
F_px: -4.489274620447792e-20j, F_py: 6.3527471044072525e-21j
Free_energy = -20231.881453298283
------------------------------------------
[{'stable': {'F_onsite': np.complex128(0.0007258316207367512+0.027516612125509283j), 'F_swave': np.complex128(-0.0006824906783058687-0.02587353697150279j)}, 'free': np.float64(-20231.881297171567)}, {'stable': {'F_onsite': np.complex128(-0.02752623959399972+0j), 'F_swave': np.complex128(0.025882591364358176+0j)}, 'free': np.float64(-20231.881453298283)}]
------------------------------------------
  Seed: s-wave+px
F_onsite: (-0.027526238515146382+2.20044134216659e-18j)
F_swave: (0.025882590315330183-3.068906247020737e-18j), F_dwave: (9.540979117872439e-18-1.3748403525121362e-18j)
F_px: (3.563468964351557e-14-1.8924833624029205e-18j), F_py: (-1.734723475976807e-18-6.212986668110293e-19j)
Free_energy = -20231.881450299126
------------------------------------------
[{'stable': {'F_onsite': np.complex128(0.0007258316207367512+0.027516612125509283j), 'F_swave': np.complex128(-0.0006824906783058687-0.02587353697150279j)}, 'free': np.float64(-20231.881297171567)}, {'stable': {'F_onsite': np.complex128(-0.02752623959399972+0j), 'F_swave': np.complex128(0.025882591364358176+0j)}, 'free': np.float64(-20231.881453298283)}]
------------------------------------------
  Seed: s-wave+py
F_onsite: (-0.027526238515146413+1.2381502700591244e-19j)
F_swave: (0.025882590315330193-1.2670554099740265e-18j), F_dwave: (-1.0408340855860843e-17-6.279690512706569e-19j)
F_px: (-1.734723475976807e-18+2.6374488395130777e-18j), F_py: (3.566938411303511e-14+1.9058241313221758e-20j)
Free_energy = -20231.881450299126
------------------------------------------
[{'stable': {'F_onsite': np.complex128(0.0007258316207367512+0.027516612125509283j), 'F_swave': np.complex128(-0.0006824906783058687-0.02587353697150279j)}, 'free': np.float64(-20231.881297171567)}, {'stable': {'F_onsite': np.complex128(-0.02752623959399972+0j), 'F_swave': np.complex128(0.025882591364358176+0j)}, 'free': np.float64(-20231.881453298283)}]
------------------------------------------
====================================
mu=3.58, T=0.0160
====================================
  Seed: normal state
F_onsite: 0j
F_swave: 0j, F_dwave: 0j
F_px: 0j, F_py: 0j
Free_energy = -20205.17957888626
------------------------------------------
[{'stable': {}, 'free': np.float64(-20205.17957888626)}]
------------------------------------------
  Seed: px+i*py
F_onsite: (0.000725768179564379+0.02751420704134912j)
F_swave: (-0.0006824320955567248-0.025871316072412782j), F_dwave: (-7.047314121155779e-19+1.734723475976807e-17j)
F_px: (-3.957337929572091e-18-1.5612511283791264e-17j), F_py: (3.2526065174565133e-19+0j)
Free_energy = -20231.879017304233
------------------------------------------
[{'stable': {'F_onsite': np.complex128(0.000725768179564379+0.02751420704134912j), 'F_swave': np.complex128(-0.0006824320955567248-0.025871316072412782j)}, 'free': np.float64(-20231.879017304233)}]
------------------------------------------
  Seed: s-wave
F_onsite: (-0.02752379850855294+0j)
F_swave: (0.02588033549893202+0j), F_dwave: (-2.949029909160572e-17+0j)
F_px: -1.4289445820180047e-18j, F_py: 6.3527471044072525e-21j
Free_energy = -20231.87907562387
------------------------------------------
[{'stable': {'F_onsite': np.complex128(0.000725768179564379+0.02751420704134912j), 'F_swave': np.complex128(-0.0006824320955567248-0.025871316072412782j)}, 'free': np.float64(-20231.879017304233)}, {'stable': {'F_onsite': np.complex128(-0.02752379850855294+0j), 'F_swave': np.complex128(0.02588033549893202+0j)}, 'free': np.float64(-20231.87907562387)}]
------------------------------------------
  Seed: s-wave+px
F_onsite: (-0.02752379810521878+3.727099987718766e-18j)
F_swave: (0.025880335106772373-3.095270147504027e-18j), F_dwave: (3.469446951953614e-18+6.056285572868247e-20j)
F_px: (4.666406150377611e-15-6.092284473126555e-19j), F_py: -5.79582294158755e-19j
Free_energy = -20231.87907450332
------------------------------------------
[{'stable': {'F_onsite': np.complex128(0.000725768179564379+0.02751420704134912j), 'F_swave': np.complex128(-0.0006824320955567248-0.025871316072412782j)}, 'free': np.float64(-20231.879017304233)}, {'stable': {'F_onsite': np.complex128(-0.02752379850855294+0j), 'F_swave': np.complex128(0.02588033549893202+0j)}, 'free': np.float64(-20231.87907562387)}]
------------------------------------------
  Seed: s-wave+py
F_onsite: (-0.027523798105218773+4.959937671352182e-19j)
F_swave: (0.025880335106772373-1.2521264542786695e-18j), F_dwave: (1.8214596497756474e-17-7.879523991833129e-19j)
F_px: (-5.204170427930421e-18-2.541098841762901e-21j), F_py: (4.727121472036799e-15-2.278518628114068e-19j)
Free_energy = -20231.879074503315
------------------------------------------
[{'stable': {'F_onsite': np.complex128(0.000725768179564379+0.02751420704134912j), 'F_swave': np.complex128(-0.0006824320955567248-0.025871316072412782j)}, 'free': np.float64(-20231.879017304233)}, {'stable': {'F_onsite': np.complex128(-0.02752379850855294+0j), 'F_swave': np.complex128(0.02588033549893202+0j)}, 'free': np.float64(-20231.87907562387)}]
------------------------------------------
====================================
mu=3.58, T=0.0190
====================================
  Seed: normal state
F_onsite: 0j
F_swave: 0j, F_dwave: 0j
F_px: 0j, F_py: 0j
Free_energy = -20205.34775377229
------------------------------------------
[{'stable': {}, 'free': np.float64(-20205.34775377229)}]
------------------------------------------
  Seed: px+i*py
F_onsite: (0.0007254085308213814+0.027500572591319543j)
F_swave: (-0.0006820939675750786-0.025858497484390543j), F_dwave: (2.0383000842727483e-17-2.42861286636753e-17j)
F_px: (-3.957337929572091e-18-6.938893903907228e-18j), F_py: (4.336808689942018e-19+0j)
Free_energy = -20231.857812999748
------------------------------------------
[{'stable': {'F_onsite': np.complex128(0.0007254085308213814+0.027500572591319543j), 'F_swave': np.complex128(-0.0006820939675750786-0.025858497484390543j)}, 'free': np.float64(-20231.857812999748)}]
------------------------------------------
  Seed: s-wave
F_onsite: (-0.02751014013414623+0j)
F_swave: (0.025867493801401777+0j), F_dwave: (6.418476861114186e-17+0j)
F_px: 1.3459353531870832e-18j, F_py: 3.858235074743338e-19j
Free_energy = -20231.857818023833
------------------------------------------
[{'stable': {'F_onsite': np.complex128(0.0007254085308213814+0.027500572591319543j), 'F_swave': np.complex128(-0.0006820939675750786-0.025858497484390543j)}, 'free': np.float64(-20231.857812999748)}, {'stable': {'F_onsite': np.complex128(-0.02751014013414623+0j), 'F_swave': np.complex128(0.025867493801401777+0j)}, 'free': np.float64(-20231.857818023833)}]
------------------------------------------
  Seed: s-wave+px
F_onsite: (-0.02751014009929684+3.976967559062214e-18j)
F_swave: (0.025867493767524733-3.558597169652129e-18j), F_dwave: (1.0408340855860843e-17+6.2193394152147e-19j)
F_px: (2.42861286636753e-17-1.1286714022163552e-18j), F_py: (3.469446951953614e-18-4.0318768289304696e-19j)
Free_energy = -20231.857817927248
------------------------------------------
[{'stable': {'F_onsite': np.complex128(0.0007254085308213814+0.027500572591319543j), 'F_swave': np.complex128(-0.0006820939675750786-0.025858497484390543j)}, 'free': np.float64(-20231.857812999748)}, {'stable': {'F_onsite': np.complex128(-0.02751014013414623+0j), 'F_swave': np.complex128(0.025867493801401777+0j)}, 'free': np.float64(-20231.857818023833)}]
------------------------------------------
  Seed: s-wave+py
F_onsite: (-0.02751014009929684-1.62352493080727e-18j)
F_swave: (0.025867493767524737+1.5950689187982543e-18j), F_dwave: (9.540979117872439e-18+3.806354306724012e-19j)
F_px: -1.3010426069826053e-18j, F_py: (2.6020852139652106e-17-3.894233975001646e-19j)
Free_energy = -20231.857817927248
------------------------------------------
[{'stable': {'F_onsite': np.complex128(0.0007254085308213814+0.027500572591319543j), 'F_swave': np.complex128(-0.0006820939675750786-0.025858497484390543j)}, 'free': np.float64(-20231.857812999748)}, {'stable': {'F_onsite': np.complex128(-0.02751014013414623+0j), 'F_swave': np.complex128(0.025867493801401777+0j)}, 'free': np.float64(-20231.857818023833)}]
------------------------------------------
====================================
mu=3.58, T=0.0220
====================================
  Seed: normal state
F_onsite: 0j
F_swave: 0j, F_dwave: 0j
F_px: 0j, F_py: 0j
Free_energy = -20205.542471694276
------------------------------------------
[{'stable': {}, 'free': np.float64(-20205.542471694276)}]
------------------------------------------
  Seed: px+i*py
F_onsite: (0.0007245123381786631+0.027466597514133877j)
F_swave: (-0.0006812515342518596-0.025826560447846987j), F_dwave: (-3.6591823321385775e-18+4.336808689942018e-17j)
F_px: (-3.144186300207963e-18-5.204170427930421e-18j), F_py: (8.131516293641283e-19+3.469446951953614e-18j)
Free_energy = -20231.805888184397
------------------------------------------
[{'stable': {'F_onsite': np.complex128(0.0007245123381786631+0.027466597514133877j), 'F_swave': np.complex128(-0.0006812515342518596-0.025826560447846987j)}, 'free': np.float64(-20231.805888184397)}]
------------------------------------------
  Seed: s-wave
F_onsite: (-0.02747615148586857+0j)
F_swave: (0.02583554395156816+0j), F_dwave: (-2.2551405187698492e-17+0j)
F_px: 1.300195574035351e-18j, F_py: -2.2996944517954254e-19j
Free_energy = -20231.805888351802
------------------------------------------
[{'stable': {'F_onsite': np.complex128(0.0007245123381786631+0.027466597514133877j), 'F_swave': np.complex128(-0.0006812515342518596-0.025826560447846987j)}, 'free': np.float64(-20231.805888184397)}, {'stable': {'F_onsite': np.complex128(-0.02747615148586857+0j), 'F_swave': np.complex128(0.02583554395156816+0j)}, 'free': np.float64(-20231.805888351802)}]
------------------------------------------
  Seed: s-wave+px
F_onsite: (-0.0274761514846999+3.8365878694408645e-18j)
F_swave: (0.025835543950432572-3.779355131530281e-18j), F_dwave: (1.3010426069826053e-17-1.7628873214730126e-19j)
F_px: -5.640392395766386e-18j, F_py: (1.734723475976807e-18-1.3361944742936588e-19j)
Free_energy = -20231.80588834861
------------------------------------------
[{'stable': {'F_onsite': np.complex128(0.0007245123381786631+0.027466597514133877j), 'F_swave': np.complex128(-0.0006812515342518596-0.025826560447846987j)}, 'free': np.float64(-20231.805888184397)}, {'stable': {'F_onsite': np.complex128(-0.02747615148586857+0j), 'F_swave': np.complex128(0.02583554395156816+0j)}, 'free': np.float64(-20231.805888351802)}]
------------------------------------------
  Seed: s-wave+py
F_onsite: (-0.0274761514846999-2.5982755775106205e-19j)
F_swave: (0.025835543950432575+1.4399560103323106e-20j), F_dwave: (1.214306433183765e-17-1.334076891925523e-20j)
F_px: -5.382682621564265e-18j, F_py: 2.3907504936252627e-19j
Free_energy = -20231.80588834861
------------------------------------------
[{'stable': {'F_onsite': np.complex128(0.0007245123381786631+0.027466597514133877j), 'F_swave': np.complex128(-0.0006812515342518596-0.025826560447846987j)}, 'free': np.float64(-20231.805888184397)}, {'stable': {'F_onsite': np.complex128(-0.02747615148586857+0j), 'F_swave': np.complex128(0.02583554395156816+0j)}, 'free': np.float64(-20231.805888351802)}]
------------------------------------------
====================================
mu=3.58, T=0.0250
====================================
  Seed: normal state
F_onsite: 0j
F_swave: 0j, F_dwave: 0j
F_px: 0j, F_py: 0j
Free_energy = -20205.764134946177
------------------------------------------
[{'stable': {}, 'free': np.float64(-20205.764134946177)}]
------------------------------------------
  Seed: px+i*py
F_onsite: (0.000722769729638435+0.027400534419171507j)
F_swave: (-0.0006796138395882084-0.0257644746864229j), F_dwave: (4.6349642873755315e-18-2.949029909160572e-17j)
F_px: (-6.1257422745431e-18+1.3877787807814457e-17j), F_py: (-3.7947076036992655e-19+0j)
Free_energy = -20231.70700706379
------------------------------------------
[{'stable': {'F_onsite': np.complex128(0.000722769729638435+0.027400534419171507j), 'F_swave': np.complex128(-0.0006796138395882084-0.0257644746864229j)}, 'free': np.float64(-20231.70700706379)}]
------------------------------------------
  Seed: s-wave
F_onsite: (-0.027410065352195475+0j)
F_swave: (0.025773436536582473+0j), F_dwave: (1.9081958235744878e-17+0j)
F_px: -1.1091896444295063e-18j, F_py: 6.479802046495398e-20j
Free_energy = -20231.707007067474
------------------------------------------
[{'stable': {'F_onsite': np.complex128(0.000722769729638435+0.027400534419171507j), 'F_swave': np.complex128(-0.0006796138395882084-0.0257644746864229j)}, 'free': np.float64(-20231.70700706379)}, {'stable': {'F_onsite': np.complex128(-0.027410065352195475+0j), 'F_swave': np.complex128(0.025773436536582473+0j)}, 'free': np.float64(-20231.707007067474)}]
------------------------------------------
  Seed: s-wave+px
F_onsite: (-0.027410065352169742+4.123314593530762e-18j)
F_swave: (0.025773436536557517-3.797354581659435e-18j), F_dwave: (-8.153200337090993e-17+4.318809239812864e-19j)
F_px: (1.734723475976807e-18-2.9116757561866574e-19j), F_py: -5.395599874009893e-19j
Free_energy = -20231.707007067416
------------------------------------------
[{'stable': {'F_onsite': np.complex128(0.000722769729638435+0.027400534419171507j), 'F_swave': np.complex128(-0.0006796138395882084-0.0257644746864229j)}, 'free': np.float64(-20231.70700706379)}, {'stable': {'F_onsite': np.complex128(-0.027410065352195475+0j), 'F_swave': np.complex128(0.025773436536582473+0j)}, 'free': np.float64(-20231.707007067474)}]
------------------------------------------
  Seed: s-wave+py
F_onsite: (-0.027410065352169742+0j)
F_swave: (0.02577343653655752+0j), F_dwave: (-8.153200337090993e-17+0j)
F_px: 8.343274530454858e-20j, F_py: -5.124549330888517e-20j
Free_energy = -20231.707007067416
------------------------------------------
[{'stable': {'F_onsite': np.complex128(0.000722769729638435+0.027400534419171507j), 'F_swave': np.complex128(-0.0006796138395882084-0.0257644746864229j)}, 'free': np.float64(-20231.70700706379)}, {'stable': {'F_onsite': np.complex128(-0.027410065352195475+0j), 'F_swave': np.complex128(0.025773436536582473+0j)}, 'free': np.float64(-20231.707007067474)}]
------------------------------------------
====================================
mu=3.58, T=0.0280
====================================
  Seed: normal state
F_onsite: 0j
F_swave: 0j, F_dwave: 0j
F_px: 0j, F_py: 0j
Free_energy = -20206.013075404488
------------------------------------------
[{'stable': {}, 'free': np.float64(-20206.013075404488)}]
------------------------------------------
  Seed: px+i*py
F_onsite: (0.0007198492849317457+0.027289819010897515j)
F_swave: (-0.0006768689145032895-0.025660413308111855j), F_dwave: (-2.9002408113987244e-18-1.9949319973733282e-17j)
F_px: (-2.2768245622195593e-18-6.938893903907228e-18j), F_py: (-4.87890977618477e-19+1.734723475976807e-18j)
Free_energy = -20231.54362581542
------------------------------------------
[{'stable': {'F_onsite': np.complex128(0.0007198492849317457+0.027289819010897515j), 'F_swave': np.complex128(-0.0006768689145032895-0.025660413308111855j)}, 'free': np.float64(-20231.54362581542)}]
------------------------------------------
  Seed: s-wave
F_onsite: (-0.027299311431639762+0j)
F_swave: (0.025669338960548647+0j), F_dwave: (2.42861286636753e-17+0j)
F_px: 1.0672615135404184e-19j, F_py: -1.8465318250143747e-19j
Free_energy = -20231.543625815502
------------------------------------------
[{'stable': {'F_onsite': np.complex128(0.0007198492849317457+0.027289819010897515j), 'F_swave': np.complex128(-0.0006768689145032895-0.025660413308111855j)}, 'free': np.float64(-20231.54362581542)}, {'stable': {'F_onsite': np.complex128(-0.027299311431639762+0j), 'F_swave': np.complex128(0.025669338960548647+0j)}, 'free': np.float64(-20231.543625815502)}]
------------------------------------------
  Seed: s-wave+px
F_onsite: (-0.027299311431639373+4.9732169762417305e-18j)
F_swave: (0.025669338960548314-4.749631372610082e-18j), F_dwave: (3.469446951953614e-17-1.2292565647028034e-19j)
F_px: (1.734723475976807e-18+1.4310621643861404e-18j), F_py: (-3.469446951953614e-18-3.5215394782097537e-19j)
Free_energy = -20231.543625815502
------------------------------------------
[{'stable': {'F_onsite': np.complex128(0.0007198492849317457+0.027289819010897515j), 'F_swave': np.complex128(-0.0006768689145032895-0.025660413308111855j)}, 'free': np.float64(-20231.54362581542)}, {'stable': {'F_onsite': np.complex128(-0.027299311431639762+0j), 'F_swave': np.complex128(0.025669338960548647+0j)}, 'free': np.float64(-20231.543625815502)}]
------------------------------------------
  Seed: s-wave+py
F_onsite: (-0.027299311431639373+0j)
F_swave: (0.025669338960548318+0j), F_dwave: (3.9898639947466563e-17+0j)
F_px: 1.1604351377383915e-19j, F_py: -1.1434944787933055e-19j
Free_energy = -20231.543625815502
------------------------------------------
[{'stable': {'F_onsite': np.complex128(0.0007198492849317457+0.027289819010897515j), 'F_swave': np.complex128(-0.0006768689145032895-0.025660413308111855j)}, 'free': np.float64(-20231.54362581542)}, {'stable': {'F_onsite': np.complex128(-0.027299311431639762+0j), 'F_swave': np.complex128(0.025669338960548647+0j)}, 'free': np.float64(-20231.543625815502)}]
------------------------------------------
====================================
mu=3.58, T=0.0310
====================================
  Seed: normal state
F_onsite: 0j
F_swave: 0j, F_dwave: 0j
F_px: 0j, F_py: 0j
Free_energy = -20206.289531729053
------------------------------------------
[{'stable': {}, 'free': np.float64(-20206.289531729053)}]
------------------------------------------
  Seed: px+i*py
F_onsite: (0.000715440420845988+0.02712267693621623j)
F_swave: (-0.0006727243046214421-0.02550328923240372j), F_dwave: (-6.179952383167375e-18-1.6479873021779667e-17j)
F_px: (4.4994390158148434e-18-1.214306433183765e-17j), F_py: (-2.168404344971009e-19-1.734723475976807e-18j)
Free_energy = -20231.300514295675
------------------------------------------
[{'stable': {'F_onsite': np.complex128(0.000715440420845988+0.02712267693621623j), 'F_swave': np.complex128(-0.0006727243046214421-0.02550328923240372j)}, 'free': np.float64(-20231.300514295675)}]
------------------------------------------
  Seed: s-wave
F_onsite: (-0.02713211121866762+0j)
F_swave: (0.025512160231185375+0j), F_dwave: (4.336808689942018e-17+0j)
F_px: 3.3373098121819433e-18j, F_py: 5.548065804515667e-20j
Free_energy = -20231.300514295675
------------------------------------------
[{'stable': {'F_onsite': np.complex128(0.000715440420845988+0.02712267693621623j), 'F_swave': np.complex128(-0.0006727243046214421-0.02550328923240372j)}, 'free': np.float64(-20231.300514295675)}, {'stable': {'F_onsite': np.complex128(-0.02713211121866762+0j), 'F_swave': np.complex128(0.025512160231185375+0j)}, 'free': np.float64(-20231.300514295675)}]
------------------------------------------
  Seed: s-wave+px
F_onsite: (-0.02713211121866762+1.9268995435481487e-18j)
F_swave: (0.02551216023118538-1.4037453518371892e-18j), F_dwave: (4.163336342344337e-17+2.3992208230978057e-19j)
F_px: 3.372885195966624e-18j, F_py: -2.4691010412462855e-19j
Free_energy = -20231.300514295675
------------------------------------------
[{'stable': {'F_onsite': np.complex128(0.000715440420845988+0.02712267693621623j), 'F_swave': np.complex128(-0.0006727243046214421-0.02550328923240372j)}, 'free': np.float64(-20231.300514295675)}, {'stable': {'F_onsite': np.complex128(-0.02713211121866762+0j), 'F_swave': np.complex128(0.025512160231185375+0j)}, 'free': np.float64(-20231.300514295675)}]
------------------------------------------
  Seed: s-wave+py
F_onsite: (-0.02713211121866762+0j)
F_swave: (0.025512160231185375+0j), F_dwave: (4.336808689942018e-17+0j)
F_px: 3.288181901241194e-18j, F_py: 3.0620241043242957e-19j
Free_energy = -20231.300514295675
------------------------------------------
[{'stable': {'F_onsite': np.complex128(0.000715440420845988+0.02712267693621623j), 'F_swave': np.complex128(-0.0006727243046214421-0.02550328923240372j)}, 'free': np.float64(-20231.300514295675)}, {'stable': {'F_onsite': np.complex128(-0.02713211121866762+0j), 'F_swave': np.complex128(0.025512160231185375+0j)}, 'free': np.float64(-20231.300514295675)}]
------------------------------------------
====================================
mu=3.58, T=0.0340
====================================
  Seed: normal state
F_onsite: 0j
F_swave: 0j, F_dwave: 0j
F_px: 0j, F_py: 0j
Free_energy = -20206.593666200682
------------------------------------------
[{'stable': {}, 'free': np.float64(-20206.593666200682)}]
------------------------------------------
  Seed: px+i*py
F_onsite: (0.000709311810898044+0.026890338501255353j)
F_swave: (-0.0006669635432137681-0.025284896105576618j), F_dwave: (1.3769367590565906e-17-3.469446951953614e-17j)
F_px: (4.7704895589362195e-18-1.5612511283791264e-17j), F_py: (-3.2526065174565133e-19+3.469446951953614e-18j)
Free_energy = -20230.970496550886
------------------------------------------
[{'stable': {'F_onsite': np.complex128(0.000709311810898044+0.026890338501255353j), 'F_swave': np.complex128(-0.0006669635432137681-0.025284896105576618j)}, 'free': np.float64(-20230.970496550886)}]
------------------------------------------
  Seed: s-wave
F_onsite: (-0.02689969196770062+0j)
F_swave: (0.02529369113905248+0j), F_dwave: (1.214306433183765e-17+0j)
F_px: 2.117582368135751e-18j, F_py: -5.361718556119721e-19j
Free_energy = -20230.970496550886
------------------------------------------
[{'stable': {'F_onsite': np.complex128(0.000709311810898044+0.026890338501255353j), 'F_swave': np.complex128(-0.0006669635432137681-0.025284896105576618j)}, 'free': np.float64(-20230.970496550886)}, {'stable': {'F_onsite': np.complex128(-0.02689969196770062+0j), 'F_swave': np.complex128(0.02529369113905248+0j)}, 'free': np.float64(-20230.970496550886)}]
------------------------------------------
  Seed: s-wave+px
F_onsite: (-0.026899691967700624+0j)
F_swave: (0.02529369113905248+0j), F_dwave: (1.214306433183765e-17+0j)
F_px: 3.0332249841176495e-18j, F_py: -7.386127300057499e-19j
Free_energy = -20230.970496550886
------------------------------------------
[{'stable': {'F_onsite': np.complex128(0.000709311810898044+0.026890338501255353j), 'F_swave': np.complex128(-0.0006669635432137681-0.025284896105576618j)}, 'free': np.float64(-20230.970496550886)}, {'stable': {'F_onsite': np.complex128(-0.02689969196770062+0j), 'F_swave': np.complex128(0.02529369113905248+0j)}, 'free': np.float64(-20230.970496550886)}]
------------------------------------------
  Seed: s-wave+py
F_onsite: (-0.02689969196770062+0j)
F_swave: (0.02529369113905248+0j), F_dwave: (1.214306433183765e-17+0j)
F_px: 2.117582368135751e-18j, F_py: -5.361718556119721e-19j
Free_energy = -20230.970496550886
------------------------------------------
[{'stable': {'F_onsite': np.complex128(0.000709311810898044+0.026890338501255353j), 'F_swave': np.complex128(-0.0006669635432137681-0.025284896105576618j)}, 'free': np.float64(-20230.970496550886)}, {'stable': {'F_onsite': np.complex128(-0.02689969196770062+0j), 'F_swave': np.complex128(0.02529369113905248+0j)}, 'free': np.float64(-20230.970496550886)}]
------------------------------------------
====================================
mu=3.58, T=0.0370
====================================
  Seed: normal state
F_onsite: 0j
F_swave: 0j, F_dwave: 0j
F_px: 0j, F_py: 0j
Free_energy = -20206.92558566111
------------------------------------------
[{'stable': {}, 'free': np.float64(-20206.92558566111)}]
------------------------------------------
  Seed: px+i*py
F_onsite: (0.0007012026702774832+0.02658291723336002j)
F_swave: (-0.0006593409532788006-0.02499592019899019j), F_dwave: (-1.0923336887791457e-17-2.168404344971009e-17j)
F_px: (1.4094628242311558e-18+1.734723475976807e-17j), F_py: (4.87890977618477e-19-1.734723475976807e-18j)
Free_energy = -20230.543960083927
------------------------------------------
[{'stable': {'F_onsite': np.complex128(0.0007012026702774832+0.02658291723336002j), 'F_swave': np.complex128(-0.0006593409532788006-0.02499592019899019j)}, 'free': np.float64(-20230.543960083927)}]
------------------------------------------
  Seed: s-wave
F_onsite: (-0.02659216376717958+0j)
F_swave: (0.02500461471582721+0j), F_dwave: (-4.85722573273506e-17+0j)
F_px: -1.2485265642528387e-18j, F_py: -2.6215669717520595e-19j
Free_energy = -20230.543960083927
------------------------------------------
[{'stable': {'F_onsite': np.complex128(0.0007012026702774832+0.02658291723336002j), 'F_swave': np.complex128(-0.0006593409532788006-0.02499592019899019j)}, 'free': np.float64(-20230.543960083927)}, {'stable': {'F_onsite': np.complex128(-0.02659216376717958+0j), 'F_swave': np.complex128(0.02500461471582721+0j)}, 'free': np.float64(-20230.543960083927)}]
------------------------------------------
  Seed: s-wave+px
F_onsite: (-0.02659216376717958+0j)
F_swave: (0.025004614715827208+0j), F_dwave: (-4.683753385137379e-17+0j)
F_px: -1.1943164556285635e-18j, F_py: -2.0794658855093073e-19j
Free_energy = -20230.543960083927
------------------------------------------
[{'stable': {'F_onsite': np.complex128(0.0007012026702774832+0.02658291723336002j), 'F_swave': np.complex128(-0.0006593409532788006-0.02499592019899019j)}, 'free': np.float64(-20230.543960083927)}, {'stable': {'F_onsite': np.complex128(-0.02659216376717958+0j), 'F_swave': np.complex128(0.02500461471582721+0j)}, 'free': np.float64(-20230.543960083927)}]
------------------------------------------
  Seed: s-wave+py
F_onsite: (-0.02659216376717958+0j)
F_swave: (0.02500461471582721+0j), F_dwave: (-4.85722573273506e-17+0j)
F_px: -1.2485265642528387e-18j, F_py: -2.6215669717520595e-19j
Free_energy = -20230.543960083927
------------------------------------------
[{'stable': {'F_onsite': np.complex128(0.0007012026702774832+0.02658291723336002j), 'F_swave': np.complex128(-0.0006593409532788006-0.02499592019899019j)}, 'free': np.float64(-20230.543960083927)}, {'stable': {'F_onsite': np.complex128(-0.02659216376717958+0j), 'F_swave': np.complex128(0.02500461471582721+0j)}, 'free': np.float64(-20230.543960083927)}]
------------------------------------------
====================================
mu=3.58, T=0.0400
====================================
  Seed: normal state
F_onsite: 0j
F_swave: 0j, F_dwave: 0j
F_px: 0j, F_py: 0j
Free_energy = -20207.28535716436
------------------------------------------
[{'stable': {}, 'free': np.float64(-20207.28535716436)}]
------------------------------------------
  Seed: px+i*py
F_onsite: (0.000690877348677051+0.026191479520488885j)
F_swave: (-0.0006496349340967863-0.024627960526961003j), F_dwave: (-3.4423418976414766e-18+4.336808689942018e-18j)
F_px: (-2.1141942363467336e-18-1.0408340855860843e-17j), F_py: (-9.215718466126788e-19+1.734723475976807e-18j)
Free_energy = -20230.015091046844
------------------------------------------
[{'stable': {'F_onsite': np.complex128(0.000690877348677051+0.026191479520488885j), 'F_swave': np.complex128(-0.0006496349340967863-0.024627960526961003j)}, 'free': np.float64(-20230.015091046844)}]
------------------------------------------
  Seed: s-wave
F_onsite: (-0.026200589897616686+0j)
F_swave: (0.02463652705364844+0j), F_dwave: (4.336808689942018e-17+0j)
F_px: -1.8655900663275965e-18j, F_py: -3.705769144237564e-19j
Free_energy = -20230.01509104685
------------------------------------------
[{'stable': {'F_onsite': np.complex128(0.000690877348677051+0.026191479520488885j), 'F_swave': np.complex128(-0.0006496349340967863-0.024627960526961003j)}, 'free': np.float64(-20230.015091046844)}, {'stable': {'F_onsite': np.complex128(-0.026200589897616686+0j), 'F_swave': np.complex128(0.02463652705364844+0j)}, 'free': np.float64(-20230.01509104685)}]
------------------------------------------
  Seed: s-wave+px
F_onsite: (-0.026200589897616686+0j)
F_swave: (0.02463652705364844+0j), F_dwave: (4.336808689942018e-17+0j)
F_px: -1.8655900663275965e-18j, F_py: -3.705769144237564e-19j
Free_energy = -20230.01509104685
------------------------------------------
[{'stable': {'F_onsite': np.complex128(0.000690877348677051+0.026191479520488885j), 'F_swave': np.complex128(-0.0006496349340967863-0.024627960526961003j)}, 'free': np.float64(-20230.015091046844)}, {'stable': {'F_onsite': np.complex128(-0.026200589897616686+0j), 'F_swave': np.complex128(0.02463652705364844+0j)}, 'free': np.float64(-20230.01509104685)}]
------------------------------------------
  Seed: s-wave+py
F_onsite: (-0.026200589897616686+0j)
F_swave: (0.02463652705364844+0j), F_dwave: (4.336808689942018e-17+0j)
F_px: -1.8655900663275965e-18j, F_py: -3.705769144237564e-19j
Free_energy = -20230.01509104685
------------------------------------------
[{'stable': {'F_onsite': np.complex128(0.000690877348677051+0.026191479520488885j), 'F_swave': np.complex128(-0.0006496349340967863-0.024627960526961003j)}, 'free': np.float64(-20230.015091046844)}, {'stable': {'F_onsite': np.complex128(-0.026200589897616686+0j), 'F_swave': np.complex128(0.02463652705364844+0j)}, 'free': np.float64(-20230.01509104685)}]
------------------------------------------
====================================
mu=3.58, T=0.0430
====================================
  Seed: normal state
F_onsite: 0j
F_swave: 0j, F_dwave: 0j
F_px: 0j, F_py: 0j
Free_energy = -20207.67301771047
------------------------------------------
[{'stable': {}, 'free': np.float64(-20207.67301771047)}]
------------------------------------------
  Seed: px+i*py
F_onsite: (0.0006780963809304208+0.02570694712753847j)
F_swave: (-0.0006376202793137581-0.024172479412549637j), F_dwave: (-3.0899761915836876e-18+6.938893903907228e-18j)
F_px: (-2.1141942363467336e-18-3.642919299551295e-17j), F_py: (1.0842021724855044e-19+0j)
Free_energy = -20229.37983817409
------------------------------------------
[{'stable': {'F_onsite': np.complex128(0.0006780963809304208+0.02570694712753847j), 'F_swave': np.complex128(-0.0006376202793137581-0.024172479412549637j)}, 'free': np.float64(-20229.37983817409)}]
------------------------------------------
  Seed: s-wave
F_onsite: (-0.02571588896616051+0j)
F_swave: (0.024180887505853243+0j), F_dwave: (8.153200337090993e-17+0j)
F_px: 2.388632911257127e-18j, F_py: -1.7872395187065737e-19j
Free_energy = -20229.37983817409
------------------------------------------
[{'stable': {'F_onsite': np.complex128(0.0006780963809304208+0.02570694712753847j), 'F_swave': np.complex128(-0.0006376202793137581-0.024172479412549637j)}, 'free': np.float64(-20229.37983817409)}, {'stable': {'F_onsite': np.complex128(-0.02571588896616051+0j), 'F_swave': np.complex128(0.024180887505853243+0j)}, 'free': np.float64(-20229.37983817409)}]
------------------------------------------
  Seed: s-wave+px
F_onsite: (-0.02571588896616051+0j)
F_swave: (0.024180887505853243+0j), F_dwave: (8.153200337090993e-17+0j)
F_px: 2.388632911257127e-18j, F_py: -1.7872395187065737e-19j
Free_energy = -20229.37983817409
------------------------------------------
[{'stable': {'F_onsite': np.complex128(0.0006780963809304208+0.02570694712753847j), 'F_swave': np.complex128(-0.0006376202793137581-0.024172479412549637j)}, 'free': np.float64(-20229.37983817409)}, {'stable': {'F_onsite': np.complex128(-0.02571588896616051+0j), 'F_swave': np.complex128(0.024180887505853243+0j)}, 'free': np.float64(-20229.37983817409)}]
------------------------------------------
  Seed: s-wave+py
F_onsite: (-0.02571588896616051+0j)
F_swave: (0.024180887505853243+0j), F_dwave: (8.153200337090993e-17+0j)
F_px: 2.388632911257127e-18j, F_py: -1.7872395187065737e-19j
Free_energy = -20229.37983817409
------------------------------------------
[{'stable': {'F_onsite': np.complex128(0.0006780963809304208+0.02570694712753847j), 'F_swave': np.complex128(-0.0006376202793137581-0.024172479412549637j)}, 'free': np.float64(-20229.37983817409)}, {'stable': {'F_onsite': np.complex128(-0.02571588896616051+0j), 'F_swave': np.complex128(0.024180887505853243+0j)}, 'free': np.float64(-20229.37983817409)}]
------------------------------------------
====================================
mu=3.58, T=0.0460
====================================
  Seed: normal state
F_onsite: 0j
F_swave: 0j, F_dwave: 0j
F_px: 0j, F_py: 0j
Free_energy = -20208.088579603074
------------------------------------------
[{'stable': {}, 'free': np.float64(-20208.088579603074)}]
------------------------------------------
  Seed: px+i*py
F_onsite: (0.0006625806466870871+0.025118738473052783j)
F_swave: (-0.0006230340724900876-0.023619509572048107j), F_dwave: (5.719166459861036e-18+1.5612511283791264e-17j)
F_px: (-3.3068166260807885e-18-1.9081958235744878e-17j), F_py: (-2.710505431213761e-19-6.938893903907228e-18j)
Free_energy = -20228.633827787402
------------------------------------------
[{'stable': {'F_onsite': np.complex128(0.0006625806466870871+0.025118738473052783j), 'F_swave': np.complex128(-0.0006230340724900876-0.023619509572048107j)}, 'free': np.float64(-20228.633827787402)}]
------------------------------------------
  Seed: s-wave
F_onsite: (-0.025127475710683342+0j)
F_swave: (0.0236277253217391+0j), F_dwave: 0j
F_px: 1.9613047893673324e-18j, F_py: -5.675120746603812e-19j
Free_energy = -20228.633827787402
------------------------------------------
[{'stable': {'F_onsite': np.complex128(0.0006625806466870871+0.025118738473052783j), 'F_swave': np.complex128(-0.0006230340724900876-0.023619509572048107j)}, 'free': np.float64(-20228.633827787402)}, {'stable': {'F_onsite': np.complex128(-0.025127475710683342+0j), 'F_swave': np.complex128(0.0236277253217391+0j)}, 'free': np.float64(-20228.633827787402)}]
------------------------------------------
  Seed: s-wave+px
F_onsite: (-0.025127475710683342+0j)
F_swave: (0.0236277253217391+0j), F_dwave: 0j
F_px: 1.9613047893673324e-18j, F_py: -5.675120746603812e-19j
Free_energy = -20228.633827787402
------------------------------------------
[{'stable': {'F_onsite': np.complex128(0.0006625806466870871+0.025118738473052783j), 'F_swave': np.complex128(-0.0006230340724900876-0.023619509572048107j)}, 'free': np.float64(-20228.633827787402)}, {'stable': {'F_onsite': np.complex128(-0.025127475710683342+0j), 'F_swave': np.complex128(0.0236277253217391+0j)}, 'free': np.float64(-20228.633827787402)}]
------------------------------------------
  Seed: s-wave+py
F_onsite: (-0.025127475710683342+0j)
F_swave: (0.0236277253217391+0j), F_dwave: 0j
F_px: 1.9613047893673324e-18j, F_py: -5.675120746603812e-19j
Free_energy = -20228.633827787402
------------------------------------------
[{'stable': {'F_onsite': np.complex128(0.0006625806466870871+0.025118738473052783j), 'F_swave': np.complex128(-0.0006230340724900876-0.023619509572048107j)}, 'free': np.float64(-20228.633827787402)}, {'stable': {'F_onsite': np.complex128(-0.025127475710683342+0j), 'F_swave': np.complex128(0.0236277253217391+0j)}, 'free': np.float64(-20228.633827787402)}]
------------------------------------------
====================================
mu=3.58, T=0.0490
====================================
  Seed: normal state
F_onsite: 0j
F_swave: 0j, F_dwave: 0j
F_px: 0j, F_py: 0j
Free_energy = -20208.53203305677
------------------------------------------
[{'stable': {}, 'free': np.float64(-20208.53203305677)}]
------------------------------------------
  Seed: px+i*py
F_onsite: (0.0006440527837279846+0.024416338627142833j)
F_swave: (-0.0006056158595583701-0.022959177071410347j), F_dwave: (8.077306185017008e-18-2.862293735361732e-17j)
F_px: (2.8189256484623115e-18+4.336808689942018e-17j), F_py: (-7.589415207398531e-19-5.204170427930421e-18j)
Free_energy = -20227.777014960822
------------------------------------------
[{'stable': {'F_onsite': np.complex128(0.0006440527837279846+0.024416338627142833j), 'F_swave': np.complex128(-0.0006056158595583701-0.022959177071410347j)}, 'free': np.float64(-20227.777014960822)}]
------------------------------------------
  Seed: s-wave
F_onsite: (-0.024424831543810508+0j)
F_swave: (0.022967163132736217+0j), F_dwave: (-2.0816681711721685e-17+0j)
F_px: 8.095093876909348e-18j, F_py: -5.0271405419542725e-19j
Free_energy = -20227.777014960822
------------------------------------------
[{'stable': {'F_onsite': np.complex128(0.0006440527837279846+0.024416338627142833j), 'F_swave': np.complex128(-0.0006056158595583701-0.022959177071410347j)}, 'free': np.float64(-20227.777014960822)}, {'stable': {'F_onsite': np.complex128(-0.024424831543810508+0j), 'F_swave': np.complex128(0.022967163132736217+0j)}, 'free': np.float64(-20227.777014960822)}]
------------------------------------------
  Seed: s-wave+px
F_onsite: (-0.024424831543810508+0j)
F_swave: (0.022967163132736217+0j), F_dwave: (-2.0816681711721685e-17+0j)
F_px: 8.095093876909348e-18j, F_py: -5.0271405419542725e-19j
Free_energy = -20227.777014960822
------------------------------------------
[{'stable': {'F_onsite': np.complex128(0.0006440527837279846+0.024416338627142833j), 'F_swave': np.complex128(-0.0006056158595583701-0.022959177071410347j)}, 'free': np.float64(-20227.777014960822)}, {'stable': {'F_onsite': np.complex128(-0.024424831543810508+0j), 'F_swave': np.complex128(0.022967163132736217+0j)}, 'free': np.float64(-20227.777014960822)}]
------------------------------------------
  Seed: s-wave+py
F_onsite: (-0.024424831543810508+0j)
F_swave: (0.022967163132736217+0j), F_dwave: (-2.0816681711721685e-17+0j)
F_px: 8.095093876909348e-18j, F_py: -5.0271405419542725e-19j
Free_energy = -20227.777014960822
------------------------------------------
[{'stable': {'F_onsite': np.complex128(0.0006440527837279846+0.024416338627142833j), 'F_swave': np.complex128(-0.0006056158595583701-0.022959177071410347j)}, 'free': np.float64(-20227.777014960822)}, {'stable': {'F_onsite': np.complex128(-0.024424831543810508+0j), 'F_swave': np.complex128(0.022967163132736217+0j)}, 'free': np.float64(-20227.777014960822)}]
------------------------------------------
====================================
mu=3.58, T=0.0520
====================================
  Seed: normal state
F_onsite: 0j
F_swave: 0j, F_dwave: 0j
F_px: 0j, F_py: 0j
Free_energy = -20209.003347280697
------------------------------------------
[{'stable': {}, 'free': np.float64(-20209.003347280697)}]
------------------------------------------
  Seed: px+i*py
F_onsite: (0.0006221564167281312+0.02358623723657336j)
F_swave: (-0.0005850304174885413-0.022178773450673473j), F_dwave: (-4.174178364069192e-18-1.734723475976807e-18j)
F_px: (-3.2526065174565133e-19+4.85722573273506e-17j), F_py: (-4.336808689942018e-19+0j)
Free_energy = -20226.8083986412
------------------------------------------
[{'stable': {'F_onsite': np.complex128(0.0006221564167281312+0.02358623723657336j), 'F_swave': np.complex128(-0.0005850304174885413-0.022178773450673473j)}, 'free': np.float64(-20226.8083986412)}]
------------------------------------------
  Seed: s-wave
F_onsite: (-0.023594441412900815+0j)
F_swave: (0.02218648805840373+0j), F_dwave: (-4.683753385137379e-17+0j)
F_px: -7.631766854761246e-19j, F_py: -1.0418505251227894e-19j
Free_energy = -20226.808398641202
------------------------------------------
[{'stable': {'F_onsite': np.complex128(0.0006221564167281312+0.02358623723657336j), 'F_swave': np.complex128(-0.0005850304174885413-0.022178773450673473j)}, 'free': np.float64(-20226.8083986412)}, {'stable': {'F_onsite': np.complex128(-0.023594441412900815+0j), 'F_swave': np.complex128(0.02218648805840373+0j)}, 'free': np.float64(-20226.808398641202)}]
------------------------------------------
  Seed: s-wave+px
F_onsite: (-0.023594441412900815+0j)
F_swave: (0.02218648805840373+0j), F_dwave: (-4.683753385137379e-17+0j)
F_px: -7.631766854761246e-19j, F_py: -1.0418505251227894e-19j
Free_energy = -20226.808398641202
------------------------------------------
[{'stable': {'F_onsite': np.complex128(0.0006221564167281312+0.02358623723657336j), 'F_swave': np.complex128(-0.0005850304174885413-0.022178773450673473j)}, 'free': np.float64(-20226.8083986412)}, {'stable': {'F_onsite': np.complex128(-0.023594441412900815+0j), 'F_swave': np.complex128(0.02218648805840373+0j)}, 'free': np.float64(-20226.808398641202)}]
------------------------------------------
  Seed: s-wave+py
F_onsite: (-0.023594441412900815+0j)
F_swave: (0.02218648805840373+0j), F_dwave: (-4.683753385137379e-17+0j)
F_px: -7.631766854761246e-19j, F_py: -1.0418505251227894e-19j
Free_energy = -20226.808398641202
------------------------------------------
[{'stable': {'F_onsite': np.complex128(0.0006221564167281312+0.02358623723657336j), 'F_swave': np.complex128(-0.0005850304174885413-0.022178773450673473j)}, 'free': np.float64(-20226.8083986412)}, {'stable': {'F_onsite': np.complex128(-0.023594441412900815+0j), 'F_swave': np.complex128(0.02218648805840373+0j)}, 'free': np.float64(-20226.808398641202)}]
------------------------------------------
====================================
mu=3.58, T=0.0550
====================================
  Seed: normal state
F_onsite: 0j
F_swave: 0j, F_dwave: 0j
F_px: 0j, F_py: 0j
Free_energy = -20209.502470852593
------------------------------------------
[{'stable': {}, 'free': np.float64(-20209.502470852593)}]
------------------------------------------
  Seed: px+i*py
F_onsite: (0.0005964255053354896+0.022610766496254382j)
F_swave: (-0.0005608391444590404-0.021261671112117967j), F_dwave: (-1.9081958235744878e-17+8.673617379884035e-19j)
F_px: (-4.445228907190568e-18+2.7755575615628914e-17j), F_py: (-1.0842021724855044e-19-5.204170427930421e-18j)
Free_energy = -20225.726378147894
------------------------------------------
[{'stable': {'F_onsite': np.complex128(0.0005964255053354896+0.022610766496254382j), 'F_swave': np.complex128(-0.0005608391444590404-0.021261671112117967j)}, 'free': np.float64(-20225.726378147894)}]
------------------------------------------
  Seed: s-wave
F_onsite: (-0.022618631367338507+0j)
F_swave: (0.021269066717320425+0j), F_dwave: (-4.683753385137379e-17+0j)
F_px: -1.3073953540870126e-18j, F_py: -4.345279019414561e-19j
Free_energy = -20225.72637814789
------------------------------------------
[{'stable': {'F_onsite': np.complex128(0.0005964255053354896+0.022610766496254382j), 'F_swave': np.complex128(-0.0005608391444590404-0.021261671112117967j)}, 'free': np.float64(-20225.726378147894)}, {'stable': {'F_onsite': np.complex128(-0.022618631367338507+0j), 'F_swave': np.complex128(0.021269066717320425+0j)}, 'free': np.float64(-20225.72637814789)}]
------------------------------------------
  Seed: s-wave+px
F_onsite: (-0.022618631367338507+0j)
F_swave: (0.021269066717320425+0j), F_dwave: (-4.683753385137379e-17+0j)
F_px: -1.3073953540870126e-18j, F_py: -4.345279019414561e-19j
Free_energy = -20225.72637814789
------------------------------------------
[{'stable': {'F_onsite': np.complex128(0.0005964255053354896+0.022610766496254382j), 'F_swave': np.complex128(-0.0005608391444590404-0.021261671112117967j)}, 'free': np.float64(-20225.726378147894)}, {'stable': {'F_onsite': np.complex128(-0.022618631367338507+0j), 'F_swave': np.complex128(0.021269066717320425+0j)}, 'free': np.float64(-20225.72637814789)}]
------------------------------------------
  Seed: s-wave+py
F_onsite: (-0.022618631367338507+0j)
F_swave: (0.021269066717320425+0j), F_dwave: (-4.683753385137379e-17+0j)
F_px: -1.3073953540870126e-18j, F_py: -4.345279019414561e-19j
Free_energy = -20225.72637814789
------------------------------------------
[{'stable': {'F_onsite': np.complex128(0.0005964255053354896+0.022610766496254382j), 'F_swave': np.complex128(-0.0005608391444590404-0.021261671112117967j)}, 'free': np.float64(-20225.726378147894)}, {'stable': {'F_onsite': np.complex128(-0.022618631367338507+0j), 'F_swave': np.complex128(0.021269066717320425+0j)}, 'free': np.float64(-20225.72637814789)}]
------------------------------------------
====================================
mu=3.58, T=0.0580
====================================
  Seed: normal state
F_onsite: 0j
F_swave: 0j, F_dwave: 0j
F_px: 0j, F_py: 0j
Free_energy = -20210.029331885635
------------------------------------------
[{'stable': {}, 'free': np.float64(-20210.029331885635)}]
------------------------------------------
  Seed: px+i*py
F_onsite: (0.0005662919710839268+0.021468390289042082j)
F_swave: (-0.0005325080417240742-0.02018762591654534j), F_dwave: (-1.645276796746753e-17+3.209238430557093e-17j)
F_px: (1.463672932855431e-18-6.938893903907228e-18j), F_py: (-2.710505431213761e-19+5.204170427930421e-18j)
Free_energy = -20224.532544378824
------------------------------------------
[{'stable': {'F_onsite': np.complex128(0.0005662919710839268+0.021468390289042082j), 'F_swave': np.complex128(-0.0005325080417240742-0.02018762591654534j)}, 'free': np.float64(-20224.532544378824)}]
------------------------------------------
  Seed: s-wave
F_onsite: (-0.02147585779891345+0j)
F_swave: (0.020194647928618928+0j), F_dwave: (5.204170427930421e-18+0j)
F_px: 7.987520692608052e-19j, F_py: 3.163668057994812e-19j
Free_energy = -20224.532544378828
------------------------------------------
[{'stable': {'F_onsite': np.complex128(0.0005662919710839268+0.021468390289042082j), 'F_swave': np.complex128(-0.0005325080417240742-0.02018762591654534j)}, 'free': np.float64(-20224.532544378824)}, {'stable': {'F_onsite': np.complex128(-0.02147585779891345+0j), 'F_swave': np.complex128(0.020194647928618928+0j)}, 'free': np.float64(-20224.532544378828)}]
------------------------------------------
  Seed: s-wave+px
F_onsite: (-0.02147585779891345+0j)
F_swave: (0.020194647928618928+0j), F_dwave: (5.204170427930421e-18+0j)
F_px: 7.987520692608052e-19j, F_py: 3.163668057994812e-19j
Free_energy = -20224.532544378828
------------------------------------------
[{'stable': {'F_onsite': np.complex128(0.0005662919710839268+0.021468390289042082j), 'F_swave': np.complex128(-0.0005325080417240742-0.02018762591654534j)}, 'free': np.float64(-20224.532544378824)}, {'stable': {'F_onsite': np.complex128(-0.02147585779891345+0j), 'F_swave': np.complex128(0.020194647928618928+0j)}, 'free': np.float64(-20224.532544378828)}]
------------------------------------------
  Seed: s-wave+py
F_onsite: (-0.02147585779891345+0j)
F_swave: (0.020194647928618928+0j), F_dwave: (5.204170427930421e-18+0j)
F_px: 7.987520692608052e-19j, F_py: 3.163668057994812e-19j
Free_energy = -20224.532544378828
------------------------------------------
[{'stable': {'F_onsite': np.complex128(0.0005662919710839268+0.021468390289042082j), 'F_swave': np.complex128(-0.0005325080417240742-0.02018762591654534j)}, 'free': np.float64(-20224.532544378824)}, {'stable': {'F_onsite': np.complex128(-0.02147585779891345+0j), 'F_swave': np.complex128(0.020194647928618928+0j)}, 'free': np.float64(-20224.532544378828)}]
------------------------------------------
====================================
mu=3.58, T=0.0610
====================================
  Seed: normal state
F_onsite: 0j
F_swave: 0j, F_dwave: 0j
F_px: 0j, F_py: 0j
Free_energy = -20210.583838275954
------------------------------------------
[{'stable': {}, 'free': np.float64(-20210.583838275954)}]
------------------------------------------
  Seed: px+i*py
F_onsite: (0.0005309056971821501+0.02012688029457163j)
F_swave: (-0.000499237158823206-0.018926311372373536j), F_dwave: (-8.592302216947623e-18+1.3010426069826053e-17j)
F_px: (-4.7704895589362195e-18-3.469446951953614e-18j), F_py: (-5.421010862427522e-20-1.734723475976807e-18j)
Free_energy = -20223.225191933554
------------------------------------------
[{'stable': {'F_onsite': np.complex128(0.0005309056971821501+0.02012688029457163j), 'F_swave': np.complex128(-0.000499237158823206-0.018926311372373536j)}, 'free': np.float64(-20223.225191933554)}]
------------------------------------------
  Seed: s-wave
F_onsite: (-0.020133881177043955+0j)
F_swave: (0.018932894652028+0j), F_dwave: (-1.734723475976807e-17+0j)
F_px: 4.108533310656984e-18j, F_py: -3.6845933205562065e-20j
Free_energy = -20223.225191933554
------------------------------------------
[{'stable': {'F_onsite': np.complex128(0.0005309056971821501+0.02012688029457163j), 'F_swave': np.complex128(-0.000499237158823206-0.018926311372373536j)}, 'free': np.float64(-20223.225191933554)}, {'stable': {'F_onsite': np.complex128(-0.020133881177043955+0j), 'F_swave': np.complex128(0.018932894652028+0j)}, 'free': np.float64(-20223.225191933554)}]
------------------------------------------
  Seed: s-wave+px
F_onsite: (-0.020133881177043955+0j)
F_swave: (0.018932894652028+0j), F_dwave: (-1.734723475976807e-17+0j)
F_px: 4.108533310656984e-18j, F_py: -3.6845933205562065e-20j
Free_energy = -20223.225191933554
------------------------------------------
[{'stable': {'F_onsite': np.complex128(0.0005309056971821501+0.02012688029457163j), 'F_swave': np.complex128(-0.000499237158823206-0.018926311372373536j)}, 'free': np.float64(-20223.225191933554)}, {'stable': {'F_onsite': np.complex128(-0.020133881177043955+0j), 'F_swave': np.complex128(0.018932894652028+0j)}, 'free': np.float64(-20223.225191933554)}]
------------------------------------------
  Seed: s-wave+py
F_onsite: (-0.020133881177043955+0j)
F_swave: (0.018932894652028+0j), F_dwave: (-1.734723475976807e-17+0j)
F_px: 4.108533310656984e-18j, F_py: -3.6845933205562065e-20j
Free_energy = -20223.225191933554
------------------------------------------
[{'stable': {'F_onsite': np.complex128(0.0005309056971821501+0.02012688029457163j), 'F_swave': np.complex128(-0.000499237158823206-0.018926311372373536j)}, 'free': np.float64(-20223.225191933554)}, {'stable': {'F_onsite': np.complex128(-0.020133881177043955+0j), 'F_swave': np.complex128(0.018932894652028+0j)}, 'free': np.float64(-20223.225191933554)}]
------------------------------------------
====================================
mu=3.58, T=0.0640
====================================
  Seed: normal state
F_onsite: 0j
F_swave: 0j, F_dwave: 0j
F_px: 0j, F_py: 0j
Free_energy = -20211.16587817407
------------------------------------------
[{'stable': {}, 'free': np.float64(-20211.16587817407)}]
------------------------------------------
  Seed: px+i*py
F_onsite: (0.0004891071621838354+0.018542278519029152j)
F_swave: (-0.00045993631954949665-0.017436398395856693j), F_dwave: (1.440633636690114e-17-2.0816681711721685e-17j)
F_px: (-2.0057740190981832e-18+2.0816681711721685e-17j), F_py: (2.439454888092385e-19+0j)
Free_energy = -20221.807039866515
------------------------------------------
[{'stable': {'F_onsite': np.complex128(0.0004891071621838354+0.018542278519029152j), 'F_swave': np.complex128(-0.00045993631954949665-0.017436398395856693j)}, 'free': np.float64(-20221.807039866515)}]
------------------------------------------
  Seed: s-wave
F_onsite: (-0.018548728217679902+0j)
F_swave: (0.017442463427998687+0j), F_dwave: (4.683753385137379e-17+0j)
F_px: 6.140988867593677e-20j, F_py: -2.956144985917508e-19j
Free_energy = -20221.807039866515
------------------------------------------
[{'stable': {'F_onsite': np.complex128(0.0004891071621838354+0.018542278519029152j), 'F_swave': np.complex128(-0.00045993631954949665-0.017436398395856693j)}, 'free': np.float64(-20221.807039866515)}, {'stable': {'F_onsite': np.complex128(-0.018548728217679902+0j), 'F_swave': np.complex128(0.017442463427998687+0j)}, 'free': np.float64(-20221.807039866515)}]
------------------------------------------
  Seed: s-wave+px
F_onsite: (-0.018548728217679902+0j)
F_swave: (0.017442463427998687+0j), F_dwave: (4.683753385137379e-17+0j)
F_px: 6.140988867593677e-20j, F_py: -2.956144985917508e-19j
Free_energy = -20221.807039866515
------------------------------------------
[{'stable': {'F_onsite': np.complex128(0.0004891071621838354+0.018542278519029152j), 'F_swave': np.complex128(-0.00045993631954949665-0.017436398395856693j)}, 'free': np.float64(-20221.807039866515)}, {'stable': {'F_onsite': np.complex128(-0.018548728217679902+0j), 'F_swave': np.complex128(0.017442463427998687+0j)}, 'free': np.float64(-20221.807039866515)}]
------------------------------------------
  Seed: s-wave+py
F_onsite: (-0.018548728217679902+0j)
F_swave: (0.017442463427998687+0j), F_dwave: (4.683753385137379e-17+0j)
F_px: 6.140988867593677e-20j, F_py: -2.956144985917508e-19j
Free_energy = -20221.807039866515
------------------------------------------
[{'stable': {'F_onsite': np.complex128(0.0004891071621838354+0.018542278519029152j), 'F_swave': np.complex128(-0.00045993631954949665-0.017436398395856693j)}, 'free': np.float64(-20221.807039866515)}, {'stable': {'F_onsite': np.complex128(-0.018548728217679902+0j), 'F_swave': np.complex128(0.017442463427998687+0j)}, 'free': np.float64(-20221.807039866515)}]
------------------------------------------
====================================
mu=3.58, T=0.0670
====================================
  Seed: normal state
F_onsite: 0j
F_swave: 0j, F_dwave: 0j
F_px: 0j, F_py: 0j
Free_energy = -20211.775320731696
------------------------------------------
[{'stable': {}, 'free': np.float64(-20211.775320731696)}]
------------------------------------------
  Seed: px+i*py
F_onsite: (0.00043896996787035135+0.016641554315821254j)
F_swave: (-0.0004127934831834417-0.015649191686031887j), F_dwave: (6.0986372202309624e-18+8.673617379884035e-18j)
F_px: (-3.5236570605778894e-19+0j), F_py: (1.6263032587282567e-18-3.469446951953614e-18j)
Free_energy = -20220.27716724145
------------------------------------------
[{'stable': {'F_onsite': np.complex128(0.00043896996787035135+0.016641554315821254j), 'F_swave': np.complex128(-0.0004127934831834417-0.015649191686031887j)}, 'free': np.float64(-20220.27716724145)}]
------------------------------------------
  Seed: s-wave
F_onsite: (-0.016647342871435055+0j)
F_swave: (0.015654635060771135+0j), F_dwave: (3.469446951953614e-18+0j)
F_px: 1.098389974352014e-18j, F_py: -3.8476471629026593e-19j
Free_energy = -20220.27716724145
------------------------------------------
[{'stable': {'F_onsite': np.complex128(0.00043896996787035135+0.016641554315821254j), 'F_swave': np.complex128(-0.0004127934831834417-0.015649191686031887j)}, 'free': np.float64(-20220.27716724145)}, {'stable': {'F_onsite': np.complex128(-0.016647342871435055+0j), 'F_swave': np.complex128(0.015654635060771135+0j)}, 'free': np.float64(-20220.27716724145)}]
------------------------------------------
  Seed: s-wave+px
F_onsite: (-0.016647342871435055+0j)
F_swave: (0.015654635060771135+0j), F_dwave: (3.469446951953614e-18+0j)
F_px: 1.098389974352014e-18j, F_py: -3.8476471629026593e-19j
Free_energy = -20220.27716724145
------------------------------------------
[{'stable': {'F_onsite': np.complex128(0.00043896996787035135+0.016641554315821254j), 'F_swave': np.complex128(-0.0004127934831834417-0.015649191686031887j)}, 'free': np.float64(-20220.27716724145)}, {'stable': {'F_onsite': np.complex128(-0.016647342871435055+0j), 'F_swave': np.complex128(0.015654635060771135+0j)}, 'free': np.float64(-20220.27716724145)}]
------------------------------------------
  Seed: s-wave+py
F_onsite: (-0.016647342871435055+0j)
F_swave: (0.015654635060771135+0j), F_dwave: (3.469446951953614e-18+0j)
F_px: 1.098389974352014e-18j, F_py: -3.8476471629026593e-19j
Free_energy = -20220.27716724145
------------------------------------------
[{'stable': {'F_onsite': np.complex128(0.00043896996787035135+0.016641554315821254j), 'F_swave': np.complex128(-0.0004127934831834417-0.015649191686031887j)}, 'free': np.float64(-20220.27716724145)}, {'stable': {'F_onsite': np.complex128(-0.016647342871435055+0j), 'F_swave': np.complex128(0.015654635060771135+0j)}, 'free': np.float64(-20220.27716724145)}]
------------------------------------------
====================================
mu=3.58, T=0.0700
====================================
  Seed: normal state
F_onsite: 0j
F_swave: 0j, F_dwave: 0j
F_px: 0j, F_py: 0j
Free_energy = -20212.41201712137
------------------------------------------
[{'stable': {}, 'free': np.float64(-20212.41201712137)}]
------------------------------------------
  Seed: px+i*py
F_onsite: (0.0003771479211996863+0.014297851960563098j)
F_swave: (-0.00035466180126415316-0.01344539276369699j), F_dwave: (-2.371692252312041e-18+1.3010426069826053e-17j)
F_px: (1.463672932855431e-17+1.1275702593849246e-17j), F_py: (-8.131516293641283e-20-1.734723475976807e-18j)
Free_energy = -20218.63753471863
------------------------------------------
[{'stable': {'F_onsite': np.complex128(0.0003771479211996863+0.014297851960563098j), 'F_swave': np.complex128(-0.00035466180126415316-0.01344539276369699j)}, 'free': np.float64(-20218.63753471863)}]
------------------------------------------
  Seed: s-wave
F_onsite: (-0.014302825288754881+0j)
F_swave: (0.013450069574665822+0j), F_dwave: (1.8214596497756474e-17+0j)
F_px: -1.4480028233312264e-18j, F_py: -7.602120701607346e-20j
Free_energy = -20218.637534718626
------------------------------------------
[{'stable': {'F_onsite': np.complex128(0.0003771479211996863+0.014297851960563098j), 'F_swave': np.complex128(-0.00035466180126415316-0.01344539276369699j)}, 'free': np.float64(-20218.63753471863)}, {'stable': {'F_onsite': np.complex128(-0.014302825288754881+0j), 'F_swave': np.complex128(0.013450069574665822+0j)}, 'free': np.float64(-20218.637534718626)}]
------------------------------------------
  Seed: s-wave+px
F_onsite: (-0.014302825288754881+0j)
F_swave: (0.013450069574665822+0j), F_dwave: (1.8214596497756474e-17+0j)
F_px: -1.4480028233312264e-18j, F_py: -7.602120701607346e-20j
Free_energy = -20218.637534718626
------------------------------------------
[{'stable': {'F_onsite': np.complex128(0.0003771479211996863+0.014297851960563098j), 'F_swave': np.complex128(-0.00035466180126415316-0.01344539276369699j)}, 'free': np.float64(-20218.63753471863)}, {'stable': {'F_onsite': np.complex128(-0.014302825288754881+0j), 'F_swave': np.complex128(0.013450069574665822+0j)}, 'free': np.float64(-20218.637534718626)}]
------------------------------------------
  Seed: s-wave+py
F_onsite: (-0.014302825288754881+0j)
F_swave: (0.013450069574665822+0j), F_dwave: (1.8214596497756474e-17+0j)
F_px: -1.4480028233312264e-18j, F_py: -7.602120701607346e-20j
Free_energy = -20218.637534718626
------------------------------------------
[{'stable': {'F_onsite': np.complex128(0.0003771479211996863+0.014297851960563098j), 'F_swave': np.complex128(-0.00035466180126415316-0.01344539276369699j)}, 'free': np.float64(-20218.63753471863)}, {'stable': {'F_onsite': np.complex128(-0.014302825288754881+0j), 'F_swave': np.complex128(0.013450069574665822+0j)}, 'free': np.float64(-20218.637534718626)}]
------------------------------------------
====================================
mu=3.58, T=0.0730
====================================
  Seed: normal state
F_onsite: 0j
F_swave: 0j, F_dwave: 0j
F_px: 0j, F_py: 0j
Free_energy = -20213.075801792726
------------------------------------------
[{'stable': {}, 'free': np.float64(-20213.075801792726)}]
------------------------------------------
  Seed: px+i*py
F_onsite: (0.00029638279353496136+0.011236008651836356j)
F_swave: (-0.00027871531124910404-0.010566226234805937j), F_dwave: (5.421010862427522e-20-7.806255641895632e-18j)
F_px: (1.8973538018496328e-19+0j), F_py: (2.168404344971009e-19-3.469446951953614e-18j)
Free_energy = -20216.890113996556
------------------------------------------
[{'stable': {'F_onsite': np.complex128(0.00029638279353496136+0.011236008651836356j), 'F_swave': np.complex128(-0.00027871531124910404-0.010566226234805937j)}, 'free': np.float64(-20216.890113996556)}]
------------------------------------------
  Seed: s-wave
F_onsite: (-0.011239916956296205+0j)
F_swave: (0.010569901563866075+0j), F_dwave: (9.540979117872439e-18+0j)
F_px: 3.491893325055853e-19j, F_py: -5.548065804515667e-20j
Free_energy = -20216.890113996553
------------------------------------------
[{'stable': {'F_onsite': np.complex128(0.00029638279353496136+0.011236008651836356j), 'F_swave': np.complex128(-0.00027871531124910404-0.010566226234805937j)}, 'free': np.float64(-20216.890113996556)}, {'stable': {'F_onsite': np.complex128(-0.011239916956296205+0j), 'F_swave': np.complex128(0.010569901563866075+0j)}, 'free': np.float64(-20216.890113996553)}]
------------------------------------------
  Seed: s-wave+px
F_onsite: (-0.011239916956296205+0j)
F_swave: (0.010569901563866075+0j), F_dwave: (9.540979117872439e-18+0j)
F_px: 3.491893325055853e-19j, F_py: -5.548065804515667e-20j
Free_energy = -20216.890113996553
------------------------------------------
[{'stable': {'F_onsite': np.complex128(0.00029638279353496136+0.011236008651836356j), 'F_swave': np.complex128(-0.00027871531124910404-0.010566226234805937j)}, 'free': np.float64(-20216.890113996556)}, {'stable': {'F_onsite': np.complex128(-0.011239916956296205+0j), 'F_swave': np.complex128(0.010569901563866075+0j)}, 'free': np.float64(-20216.890113996553)}]
------------------------------------------
  Seed: s-wave+py
F_onsite: (-0.011239916956296205+0j)
F_swave: (0.010569901563866075+0j), F_dwave: (9.540979117872439e-18+0j)
F_px: 3.491893325055853e-19j, F_py: -5.548065804515667e-20j
Free_energy = -20216.890113996553
------------------------------------------
[{'stable': {'F_onsite': np.complex128(0.00029638279353496136+0.011236008651836356j), 'F_swave': np.complex128(-0.00027871531124910404-0.010566226234805937j)}, 'free': np.float64(-20216.890113996556)}, {'stable': {'F_onsite': np.complex128(-0.011239916956296205+0j), 'F_swave': np.complex128(0.010569901563866075+0j)}, 'free': np.float64(-20216.890113996553)}]
------------------------------------------
====================================
mu=3.58, T=0.0760
====================================
  Seed: normal state
F_onsite: 0j
F_swave: 0j, F_dwave: 0j
F_px: 0j, F_py: 0j
Free_energy = -20213.76649391651
------------------------------------------
[{'stable': {}, 'free': np.float64(-20213.76649391651)}]
------------------------------------------
  Seed: px+i*py
F_onsite: (0.00017209846212279433+0.0065243322202213384j)
F_swave: (-0.00016184202408592711-0.006135505915074536j), F_dwave: (2.981555974335137e-19-3.2526065174565133e-18j)
F_px: (-2.913793338554793e-18-9.974659986866641e-18j), F_py: (-7.589415207398531e-19+1.3010426069826053e-18j)
Free_energy = -20215.042635772585
------------------------------------------
[{'stable': {'F_onsite': np.complex128(0.00017209846212279433+0.0065243322202213384j), 'F_swave': np.complex128(-0.00016184202408592711-0.006135505915074536j)}, 'free': np.float64(-20215.042635772585)}]
------------------------------------------
  Seed: s-wave
F_onsite: (-0.006526601627224034+0j)
F_swave: (0.006137640073731541+0j), F_dwave: (1.3444106938820255e-17+0j)
F_px: -9.626529445545123e-19j, F_py: -1.15619997300212e-19j
Free_energy = -20215.042635772585
------------------------------------------
[{'stable': {'F_onsite': np.complex128(0.00017209846212279433+0.0065243322202213384j), 'F_swave': np.complex128(-0.00016184202408592711-0.006135505915074536j)}, 'free': np.float64(-20215.042635772585)}, {'stable': {'F_onsite': np.complex128(-0.006526601627224034+0j), 'F_swave': np.complex128(0.006137640073731541+0j)}, 'free': np.float64(-20215.042635772585)}]
------------------------------------------
  Seed: s-wave+px
F_onsite: (-0.006526601627224034+0j)
F_swave: (0.006137640073731541+0j), F_dwave: (1.3444106938820255e-17+0j)
F_px: -9.626529445545123e-19j, F_py: -1.15619997300212e-19j
Free_energy = -20215.042635772585
------------------------------------------
[{'stable': {'F_onsite': np.complex128(0.00017209846212279433+0.0065243322202213384j), 'F_swave': np.complex128(-0.00016184202408592711-0.006135505915074536j)}, 'free': np.float64(-20215.042635772585)}, {'stable': {'F_onsite': np.complex128(-0.006526601627224034+0j), 'F_swave': np.complex128(0.006137640073731541+0j)}, 'free': np.float64(-20215.042635772585)}]
------------------------------------------
  Seed: s-wave+py
F_onsite: (-0.006526601627224034+0j)
F_swave: (0.006137640073731541+0j), F_dwave: (1.3444106938820255e-17+0j)
F_px: -9.626529445545123e-19j, F_py: -1.15619997300212e-19j
Free_energy = -20215.042635772585
------------------------------------------
[{'stable': {'F_onsite': np.complex128(0.00017209846212279433+0.0065243322202213384j), 'F_swave': np.complex128(-0.00016184202408592711-0.006135505915074536j)}, 'free': np.float64(-20215.042635772585)}, {'stable': {'F_onsite': np.complex128(-0.006526601627224034+0j), 'F_swave': np.complex128(0.006137640073731541+0j)}, 'free': np.float64(-20215.042635772585)}]
------------------------------------------
====================================
mu=3.58, T=0.0790
====================================
  Seed: normal state
F_onsite: 0j
F_swave: 0j, F_dwave: 0j
F_px: 0j, F_py: 0j
Free_energy = -20214.483898959254
------------------------------------------
[{'stable': {}, 'free': np.float64(-20214.483898959254)}]
------------------------------------------
  Seed: px+i*py
F_onsite: (3.2270454235363505e-15+1.2235152060018462e-13j)
F_swave: (-3.0359970210486957e-15-1.1510804736058676e-13j), F_dwave: (1.1927750375204127e-21+9.237715816875472e-22j)
F_px: (-8.329729339929245e-22-9.040048377634022e-21j), F_py: (-1.5573069642727868e-20-8.059025348278692e-21j)
Free_energy = -20214.483898959254
------------------------------------------
[{'stable': {}, 'free': np.float64(-20214.483898959254)}]
------------------------------------------
  Seed: s-wave
F_onsite: (-1.0825692135760119e-13+0j)
F_swave: (1.0184787830908767e-13+0j), F_dwave: (1.0936867933091252e-22+0j)
F_px: 4.972024502006781e-21j, F_py: 1.4719470099218973e-20j
Free_energy = -20214.483898959254
------------------------------------------
[{'stable': {}, 'free': np.float64(-20214.483898959254)}]
------------------------------------------
  Seed: s-wave+px
F_onsite: (-1.0825692135760119e-13+0j)
F_swave: (1.0184787830908767e-13+0j), F_dwave: (1.0936867933091252e-22+0j)
F_px: 4.972024502006781e-21j, F_py: 1.4719470099218973e-20j
Free_energy = -20214.483898959254
------------------------------------------
[{'stable': {}, 'free': np.float64(-20214.483898959254)}]
------------------------------------------
  Seed: s-wave+py
F_onsite: (-1.0825692135760119e-13+0j)
F_swave: (1.0184787830908767e-13+0j), F_dwave: (1.0936867933091252e-22+0j)
F_px: 4.972024502006781e-21j, F_py: 1.4719470099218973e-20j
Free_energy = -20214.483898959254
------------------------------------------
[{'stable': {}, 'free': np.float64(-20214.483898959254)}]
------------------------------------------
====================================
mu=3.58, T=0.0820
====================================
  Seed: normal state
F_onsite: 0j
F_swave: 0j, F_dwave: 0j
F_px: 0j, F_py: 0j
Free_energy = -20215.227810337085
------------------------------------------
[{'stable': {}, 'free': np.float64(-20215.227810337085)}]
------------------------------------------
  Seed: px+i*py
F_onsite: (1.1013219130719308e-15+4.1751095998731017e-14j)
F_swave: (-1.0369404317759669e-15-3.9310428775214947e-14j), F_dwave: (-9.129961186005256e-22+3.931504093559152e-21j)
F_px: (9.400092657515109e-21-1.8334901112195613e-22j), F_py: (-1.3872812395098315e-20-1.5615436837592392e-20j)
Free_energy = -20215.227810337085
------------------------------------------
[{'stable': {}, 'free': np.float64(-20215.227810337085)}]
------------------------------------------
  Seed: s-wave
F_onsite: (-4.055442791803424e-14+0j)
F_swave: (3.81837162026936e-14+0j), F_dwave: (-1.1971696236540027e-21+0j)
F_px: -4.872796323061445e-21j, F_py: -1.3048911037497749e-20j
Free_energy = -20215.227810337085
------------------------------------------
[{'stable': {}, 'free': np.float64(-20215.227810337085)}]
------------------------------------------
  Seed: s-wave+px
F_onsite: (-4.055442791803424e-14+0j)
F_swave: (3.81837162026936e-14+0j), F_dwave: (-1.1971696236540027e-21+0j)
F_px: -4.872796323061445e-21j, F_py: -1.3048911037497749e-20j
Free_energy = -20215.227810337085
------------------------------------------
[{'stable': {}, 'free': np.float64(-20215.227810337085)}]
------------------------------------------
  Seed: s-wave+py
F_onsite: (-4.055442791803424e-14+0j)
F_swave: (3.81837162026936e-14+0j), F_dwave: (-1.1971696236540027e-21+0j)
F_px: -4.872796323061445e-21j, F_py: -1.3048911037497749e-20j
Free_energy = -20215.227810337085
------------------------------------------
[{'stable': {}, 'free': np.float64(-20215.227810337085)}]
------------------------------------------
====================================
mu=3.58, T=0.0850
====================================
  Seed: normal state
F_onsite: 0j
F_swave: 0j, F_dwave: 0j
F_px: 0j, F_py: 0j
Free_energy = -20215.99801109874
------------------------------------------
[{'stable': {}, 'free': np.float64(-20215.99801109874)}]
------------------------------------------
  Seed: px+i*py
F_onsite: (6.697647754985462e-16+2.53885746239375e-14j)
F_swave: (-6.311102338421384e-16-2.392333776653788e-14j), F_dwave: (-3.731710338024779e-21-1.3247725356637294e-23j)
F_px: (-5.8286672161830135e-21+1.3178823069221286e-20j), F_py: (-1.1946572170417811e-21+5.4931114305048335e-21j)
Free_energy = -20215.99801109874
------------------------------------------
[{'stable': {}, 'free': np.float64(-20215.99801109874)}]
------------------------------------------
  Seed: s-wave
F_onsite: (-2.4658638580036406e-14+0j)
F_swave: (2.3235524661556636e-14+0j), F_dwave: (-3.643161892692295e-22+0j)
F_px: -2.132155632186172e-20j, F_py: 9.642897047825672e-22j
Free_energy = -20215.99801109874
------------------------------------------
[{'stable': {}, 'free': np.float64(-20215.99801109874)}]
------------------------------------------
  Seed: s-wave+px
F_onsite: (-2.4658638580036406e-14+0j)
F_swave: (2.3235524661556636e-14+0j), F_dwave: (-3.643161892692295e-22+0j)
F_px: -2.132155632186172e-20j, F_py: 9.642897047825672e-22j
Free_energy = -20215.99801109874
------------------------------------------
[{'stable': {}, 'free': np.float64(-20215.99801109874)}]
------------------------------------------
  Seed: s-wave+py
F_onsite: (-2.4658638580036406e-14+0j)
F_swave: (2.3235524661556636e-14+0j), F_dwave: (-3.643161892692295e-22+0j)
F_px: -2.132155632186172e-20j, F_py: 9.642897047825672e-22j
Free_energy = -20215.99801109874
------------------------------------------
[{'stable': {}, 'free': np.float64(-20215.99801109874)}]
------------------------------------------
====================================
mu=3.58, T=0.0880
====================================
  Seed: normal state
F_onsite: 0j
F_swave: 0j, F_dwave: 0j
F_px: 0j, F_py: 0j
Free_energy = -20216.794275597502
------------------------------------------
[{'stable': {}, 'free': np.float64(-20216.794275597502)}]
------------------------------------------
  Seed: px+i*py
F_onsite: (4.62668316362016e-16+1.7539297297308735e-14j)
F_swave: (-4.3630909979136197e-16-1.654006044368281e-14j), F_dwave: (-1.6262531792110864e-23-3.8319862429958445e-21j)
F_px: (-5.4908433467120815e-21+6.033685577573927e-21j), F_py: (-8.392891816037081e-21+9.735692787727177e-21j)
Free_energy = -20216.794275597502
------------------------------------------
[{'stable': {}, 'free': np.float64(-20216.794275597502)}]
------------------------------------------
  Seed: s-wave
F_onsite: (-1.7956248903862e-14+0j)
F_swave: (1.6933256269404005e-14+0j), F_dwave: (7.966056071114479e-22+0j)
F_px: -2.764265703971041e-20j, F_py: 2.852735081196099e-20j
Free_energy = -20216.794275597502
------------------------------------------
[{'stable': {}, 'free': np.float64(-20216.794275597502)}]
------------------------------------------
  Seed: s-wave+px
F_onsite: (-1.7956248903862e-14+0j)
F_swave: (1.6933256269404005e-14+0j), F_dwave: (7.966056071114479e-22+0j)
F_px: -2.764265703971041e-20j, F_py: 2.852735081196099e-20j
Free_energy = -20216.794275597502
------------------------------------------
[{'stable': {}, 'free': np.float64(-20216.794275597502)}]
------------------------------------------
  Seed: s-wave+py
F_onsite: (-1.7956248903862e-14+0j)
F_swave: (1.6933256269404005e-14+0j), F_dwave: (7.966056071114479e-22+0j)
F_px: -2.764265703971041e-20j, F_py: 2.852735081196099e-20j
Free_energy = -20216.794275597502
------------------------------------------
[{'stable': {}, 'free': np.float64(-20216.794275597502)}]
------------------------------------------
====================================
mu=3.58, T=0.0910
====================================
  Seed: normal state
F_onsite: 0j
F_swave: 0j, F_dwave: 0j
F_px: 0j, F_py: 0j
Free_energy = -20217.61637111981
------------------------------------------
[{'stable': {}, 'free': np.float64(-20217.61637111981)}]
------------------------------------------
  Seed: px+i*py
F_onsite: (3.7825274452435896e-16+1.4336860511693376e-14j)
F_swave: (-3.5698108756505237e-16-1.3530681763631014e-14j), F_dwave: (5.940414686764218e-22+5.4879139399669725e-22j)
F_px: (-7.839243531418164e-21+1.080556350427622e-20j), F_py: (2.3718561182833406e-20-1.3771445662438018e-21j)
Free_energy = -20217.61637111981
------------------------------------------
[{'stable': {}, 'free': np.float64(-20217.61637111981)}]
------------------------------------------
  Seed: s-wave
F_onsite: (-1.3726344689282918e-14+0j)
F_swave: (1.2954638591306502e-14+0j), F_dwave: (-1.7473033157568923e-21+0j)
F_px: 4.947935184717574e-21j, F_py: 2.1941355251785598e-20j
Free_energy = -20217.61637111981
------------------------------------------
[{'stable': {}, 'free': np.float64(-20217.61637111981)}]
------------------------------------------
  Seed: s-wave+px
F_onsite: (-1.3726344689282918e-14+0j)
F_swave: (1.2954638591306502e-14+0j), F_dwave: (-1.7473033157568923e-21+0j)
F_px: 4.947935184717574e-21j, F_py: 2.1941355251785598e-20j
Free_energy = -20217.61637111981
------------------------------------------
[{'stable': {}, 'free': np.float64(-20217.61637111981)}]
------------------------------------------
  Seed: s-wave+py
F_onsite: (-1.3726344689282918e-14+0j)
F_swave: (1.2954638591306502e-14+0j), F_dwave: (-1.7473033157568923e-21+0j)
F_px: 4.947935184717574e-21j, F_py: 2.1941355251785598e-20j
Free_energy = -20217.61637111981
------------------------------------------
[{'stable': {}, 'free': np.float64(-20217.61637111981)}]
------------------------------------------
====================================
mu=3.58, T=0.0940
====================================
  Seed: normal state
F_onsite: 0j
F_swave: 0j, F_dwave: 0j
F_px: 0j, F_py: 0j
Free_energy = -20218.464059442114
------------------------------------------
[{'stable': {}, 'free': np.float64(-20218.464059442114)}]
------------------------------------------
  Seed: px+i*py
F_onsite: (2.9662893176520924e-16+1.1239626362108902e-14j)
F_swave: (-2.8016680394380716e-16-1.0615960412380646e-14j), F_dwave: (-7.824987282769683e-22-2.8773746826162497e-21j)
F_px: (-2.1392936101407796e-20+1.2543031980687195e-20j), F_py: (-3.025129910920605e-20-1.9483539467068673e-22j)
Free_energy = -20218.46405944211
------------------------------------------
[{'stable': {}, 'free': np.float64(-20218.464059442114)}]
------------------------------------------
  Seed: s-wave
F_onsite: (-1.1667025068688456e-14+0j)
F_swave: (1.101979310612683e-14+0j), F_dwave: (-1.1962281686507193e-21+0j)
F_px: 3.976625727954322e-21j, F_py: -1.2429331847504596e-20j
Free_energy = -20218.46405944211
------------------------------------------
[{'stable': {}, 'free': np.float64(-20218.464059442114)}]
------------------------------------------
  Seed: s-wave+px
F_onsite: (-1.1667025068688456e-14+0j)
F_swave: (1.101979310612683e-14+0j), F_dwave: (-1.1962281686507193e-21+0j)
F_px: 3.976625727954322e-21j, F_py: -1.2429331847504596e-20j
Free_energy = -20218.46405944211
------------------------------------------
[{'stable': {}, 'free': np.float64(-20218.464059442114)}]
------------------------------------------
  Seed: s-wave+py
F_onsite: (-1.1667025068688456e-14+0j)
F_swave: (1.101979310612683e-14+0j), F_dwave: (-1.1962281686507193e-21+0j)
F_px: 3.976625727954322e-21j, F_py: -1.2429331847504596e-20j
Free_energy = -20218.46405944211
------------------------------------------
[{'stable': {}, 'free': np.float64(-20218.464059442114)}]
------------------------------------------
====================================
mu=3.58, T=0.0970
====================================
  Seed: normal state
F_onsite: 0j
F_swave: 0j, F_dwave: 0j
F_px: 0j, F_py: 0j
Free_energy = -20219.33709830067
------------------------------------------
[{'stable': {}, 'free': np.float64(-20219.33709830067)}]
------------------------------------------
  Seed: px+i*py
F_onsite: (2.453442158752849e-16+9.296198856098797e-15j)
F_swave: (-2.319108945363747e-16-8.787232320460273e-15j), F_dwave: (4.4276767446842994e-21-6.035167703642153e-21j)
F_px: (-2.95926052625886e-21-1.1376815620489965e-21j), F_py: (-6.180572158148832e-21+1.4165622193344908e-20j)
Free_energy = -20219.33709830067
------------------------------------------
[{'stable': {}, 'free': np.float64(-20219.33709830067)}]
------------------------------------------
  Seed: s-wave
F_onsite: (-9.650076800200602e-15+0j)
F_swave: (9.121583290531248e-15+0j), F_dwave: (-1.7756979490994865e-21+0j)
F_px: 2.3524170782881232e-20j, F_py: -3.422194958862022e-21j
Free_energy = -20219.33709830067
------------------------------------------
[{'stable': {}, 'free': np.float64(-20219.33709830067)}]
------------------------------------------
  Seed: s-wave+px
F_onsite: (-9.650076800200602e-15+0j)
F_swave: (9.121583290531248e-15+0j), F_dwave: (-1.7756979490994865e-21+0j)
F_px: 2.3524170782881232e-20j, F_py: -3.422194958862022e-21j
Free_energy = -20219.33709830067
------------------------------------------
[{'stable': {}, 'free': np.float64(-20219.33709830067)}]
------------------------------------------
  Seed: s-wave+py
F_onsite: (-9.650076800200602e-15+0j)
F_swave: (9.121583290531248e-15+0j), F_dwave: (-1.7756979490994865e-21+0j)
F_px: 2.3524170782881232e-20j, F_py: -3.422194958862022e-21j
Free_energy = -20219.33709830067
------------------------------------------
[{'stable': {}, 'free': np.float64(-20219.33709830067)}]
------------------------------------------
====================================
mu=3.58, T=0.1000
====================================
  Seed: normal state
F_onsite: 0j
F_swave: 0j, F_dwave: 0j
F_px: 0j, F_py: 0j
Free_energy = -20220.235242757415
------------------------------------------
[{'stable': {}, 'free': np.float64(-20220.235242757415)}]
------------------------------------------
  Seed: px+i*py
F_onsite: (1.9758375966369705e-16+7.486164886659416e-15j)
F_swave: (-1.8690333559897938e-16-7.0815167501826005e-15j), F_dwave: (5.228743369742733e-23-3.7036534597188826e-21j)
F_px: (-1.1598275238098284e-21-4.801796137598238e-21j), F_py: (1.0752607744150134e-20+3.781452154589728e-21j)
Free_energy = -20220.235242757415
------------------------------------------
[{'stable': {}, 'free': np.float64(-20220.235242757415)}]
------------------------------------------
  Seed: s-wave
F_onsite: (-7.770446207076204e-15+0j)
F_swave: (7.350586619817256e-15+0j), F_dwave: (1.3825748141360528e-21+0j)
F_px: 6.838081417702679e-21j, F_py: -1.0844025184603441e-20j
Free_energy = -20220.235242757415
------------------------------------------
[{'stable': {}, 'free': np.float64(-20220.235242757415)}]
------------------------------------------
  Seed: s-wave+px
F_onsite: (-7.770446207076204e-15+0j)
F_swave: (7.350586619817256e-15+0j), F_dwave: (1.3825748141360528e-21+0j)
F_px: 6.838081417702679e-21j, F_py: -1.0844025184603441e-20j
Free_energy = -20220.235242757415
------------------------------------------
[{'stable': {}, 'free': np.float64(-20220.235242757415)}]
------------------------------------------
  Seed: s-wave+py
F_onsite: (-7.770446207076204e-15+0j)
F_swave: (7.350586619817256e-15+0j), F_dwave: (1.3825748141360528e-21+0j)
F_px: 6.838081417702679e-21j, F_py: -1.0844025184603441e-20j
Free_energy = -20220.235242757415
------------------------------------------
[{'stable': {}, 'free': np.float64(-20220.235242757415)}]
------------------------------------------
