/home/emilssp/D1/venv/bin/python
Python 3.10.12
Running job 3 out of 10
====================================
mu=0.20, T=0.0010
====================================
  Seed: normal state
F_onsite: 0j
F_swave: 0j, F_dwave: 0j
F_px: 0j, F_py: 0j
Free_energy = -9186.193155121491
------------------------------------------
[{'stable': {}, 'free': np.float64(-9186.193155121491)}]
------------------------------------------
  Seed: d-wave
F_onsite: (1.1297091499256397e-16+0j)
F_swave: (-2.0816681711721685e-17+0j), F_dwave: (0.1003744621141827+0j)
F_px: 6.5112886765122286e-18j, F_py: 1.6136334987219044e-17j
Free_energy = -9640.686109800534
------------------------------------------
[{'stable': {'F_dwave': np.complex128(0.1003744621141827+0j)}, 'free': np.float64(-9640.686109800534)}]
------------------------------------------
  Seed: d-wave+px
F_onsite: (-5.196162146118148e-15-2.698932302027092e-19j)
F_swave: (2.095545958979983e-15+1.7518196214510396e-18j), F_dwave: (0.1003751135359517-3.9587239947655157e-17j)
F_px: (1.8352946610372678e-07-1.7098626152942767e-17j), F_py: (6.938893903907228e-17+1.9492178081928342e-17j)
Free_energy = -9640.69705618816
------------------------------------------
[{'stable': {'F_dwave': np.complex128(0.1003744621141827+0j)}, 'free': np.float64(-9640.686109800534)}]
------------------------------------------
  Seed: d-wave+py
F_onsite: (4.88883486527871e-15+4.358927273339487e-20j)
F_swave: (-1.9741153156616065e-15+7.057699695854067e-19j), F_dwave: (0.10037511353595174+2.0225641311717846e-19j)
F_px: (5.551115123125783e-17-1.8268832012599146e-17j), F_py: (1.8352946567351536e-07+1.9491294588511624e-17j)
Free_energy = -9640.69705618814
------------------------------------------
[{'stable': {'F_dwave': np.complex128(0.1003744621141827+0j)}, 'free': np.float64(-9640.686109800534)}]
------------------------------------------
====================================
mu=0.20, T=0.0071
====================================
  Seed: normal state
F_onsite: 0j
F_swave: 0j, F_dwave: 0j
F_px: 0j, F_py: 0j
Free_energy = -9186.423308230327
------------------------------------------
[{'stable': {}, 'free': np.float64(-9186.423308230327)}]
------------------------------------------
  Seed: d-wave
F_onsite: (1.9328710844680876e-16+0j)
F_swave: (1.8041124150158794e-16+0j), F_dwave: (0.10037484682070003+0j)
F_px: -2.0078502424356913e-18j, F_py: 1.7858970045724e-17j
Free_energy = -9640.692694779544
------------------------------------------
[{'stable': {'F_dwave': np.complex128(0.10037484682070003+0j)}, 'free': np.float64(-9640.692694779544)}]
------------------------------------------
  Seed: d-wave+px
F_onsite: (-2.4298387186130996e-15-3.6293016260250945e-19j)
F_swave: (9.332812300755222e-16-6.294931084817308e-18j), F_dwave: (0.1003751071442514-4.6092792333414483e-17j)
F_px: (1.3142373662261564e-07-1.8417867464101308e-17j), F_py: (4.85722573273506e-17+1.9187843128209595e-17j)
Free_energy = -9640.697069241327
------------------------------------------
[{'stable': {'F_dwave': np.complex128(0.10037484682070003+0j)}, 'free': np.float64(-9640.692694779544)}]
------------------------------------------
  Seed: d-wave+py
F_onsite: (3.0413700789448444e-15+2.8548287298632953e-19j)
F_swave: (-1.1171619185290638e-15-4.357565852191034e-18j), F_dwave: (0.10037510780780048-5.201851427083129e-18j)
F_px: (7.632783294297951e-17-1.3188225783071502e-17j), F_py: (1.4689864934191998e-07+1.924623492891767e-17j)
Free_energy = -9640.697080391827
------------------------------------------
[{'stable': {'F_dwave': np.complex128(0.10037484682070003+0j)}, 'free': np.float64(-9640.692694779544)}]
------------------------------------------
====================================
mu=0.20, T=0.0132
====================================
  Seed: normal state
F_onsite: 0j
F_swave: 0j, F_dwave: 0j
F_px: 0j, F_py: 0j
Free_energy = -9186.972012886195
------------------------------------------
[{'stable': {}, 'free': np.float64(-9186.972012886195)}]
------------------------------------------
  Seed: d-wave
F_onsite: (-4.699220496133535e-17+0j)
F_swave: (5.551115123125783e-17+0j), F_dwave: (0.1003745505112642+0j)
F_px: -1.800890100813832e-17j, F_py: 1.696166485625577e-17j
Free_energy = -9640.698612039994
------------------------------------------
[{'stable': {'F_dwave': np.complex128(0.1003745505112642+0j)}, 'free': np.float64(-9640.698612039994)}]
------------------------------------------
  Seed: d-wave+px
F_onsite: (-1.3018877673916217e-15-1.1034504926737385e-19j)
F_swave: (5.620504062164855e-16-2.807585667532699e-18j), F_dwave: (0.10037447336167823-5.448313468149453e-17j)
F_px: (1.04920797411312e-07-1.9622421457068364e-17j), F_py: (8.326672684688674e-17+1.9010865831715113e-17j)
Free_energy = -9640.69731566908
------------------------------------------
[{'stable': {'F_dwave': np.complex128(0.1003745505112642+0j)}, 'free': np.float64(-9640.698612039994)}]
------------------------------------------
  Seed: d-wave+py
F_onsite: (2.102262325797587e-15-1.1746374460627504e-18j)
F_swave: (-1.0547118733938987e-15-2.7200649213743923e-19j), F_dwave: (0.10037447346953757-6.394433698557475e-18j)
F_px: (3.469446951953614e-17-2.2061904927017606e-17j), F_py: (1.1727503611280721e-07+1.9518498257707057e-17j)
Free_energy = -9640.697317481603
------------------------------------------
[{'stable': {'F_dwave': np.complex128(0.1003745505112642+0j)}, 'free': np.float64(-9640.698612039994)}]
------------------------------------------
====================================
mu=0.20, T=0.0193
====================================
  Seed: normal state
F_onsite: 0j
F_swave: 0j, F_dwave: 0j
F_px: 0j, F_py: 0j
Free_energy = -9187.831772931626
------------------------------------------
[{'stable': {}, 'free': np.float64(-9187.831772931626)}]
------------------------------------------
  Seed: d-wave
F_onsite: (-1.0427729583337537e-16+0j)
F_swave: (9.020562075079397e-17+0j), F_dwave: (0.10037027125996956+0j)
F_px: -3.883912474441062e-17j, F_py: 2.0892789181473548e-17j
Free_energy = -9640.68803072972
------------------------------------------
[{'stable': {'F_dwave': np.complex128(0.10037027125996956+0j)}, 'free': np.float64(-9640.68803072972)}]
------------------------------------------
  Seed: d-wave+px
F_onsite: (-7.105200684464777e-16-3.3071676566123245e-19j)
F_swave: (2.914335439641036e-16+2.04884931227295e-18j), F_dwave: (0.10037026620109102-4.4668876595930495e-17j)
F_px: (7.399241715860816e-08-1.7731186549973015e-17j), F_py: (8.326672684688674e-17+1.8451446652404722e-17j)
Free_energy = -9640.687945743004
------------------------------------------
[{'stable': {'F_dwave': np.complex128(0.10037027125996956+0j)}, 'free': np.float64(-9640.68803072972)}]
------------------------------------------
  Seed: d-wave+py
F_onsite: (6.580553114495874e-16-4.0704817419176833e-19j)
F_swave: (-5.273559366969494e-16+5.7660667050526494e-18j), F_dwave: (0.10037026620816172+1.6233297512212817e-18j)
F_px: (-2.0816681711721685e-17-1.9473650565633417e-17j), F_py: (8.270489364192724e-08+1.825910173387583e-17j)
Free_energy = -9640.687945861786
------------------------------------------
[{'stable': {'F_dwave': np.complex128(0.10037027125996956+0j)}, 'free': np.float64(-9640.68803072972)}]
------------------------------------------
====================================
mu=0.20, T=0.0254
====================================
  Seed: normal state
F_onsite: 0j
F_swave: 0j, F_dwave: 0j
F_px: 0j, F_py: 0j
Free_energy = -9188.992952771365
------------------------------------------
[{'stable': {}, 'free': np.float64(-9188.992952771365)}]
------------------------------------------
  Seed: d-wave
F_onsite: (-1.5024782647511085e-16+0j)
F_swave: (1.734723475976807e-16+0j), F_dwave: (0.10035948019377207+0j)
F_px: -8.460120424213298e-18j, F_py: 2.033153365022401e-17j
Free_energy = -9640.657000899006
------------------------------------------
[{'stable': {'F_dwave': np.complex128(0.10035948019377207+0j)}, 'free': np.float64(-9640.657000899006)}]
------------------------------------------
  Seed: d-wave+px
F_onsite: (-7.779643323218581e-17-4.565026062984648e-20j)
F_swave: (-5.204170427930421e-17+4.6390706255723996e-18j), F_dwave: (0.10035948005977689-4.229699099015027e-17j)
F_px: (4.5419842040206326e-08-4.8267677841569196e-17j), F_py: (3.469446951953614e-17+1.8437783892804496e-17j)
Free_energy = -9640.656998649218
------------------------------------------
[{'stable': {'F_dwave': np.complex128(0.10035948019377207+0j)}, 'free': np.float64(-9640.657000899006)}]
------------------------------------------
  Seed: d-wave+py
F_onsite: (3.7951018624603153e-16+2.6816545452729384e-19j)
F_swave: (-1.7694179454963432e-16+2.1262261900832396e-18j), F_dwave: (0.10035948005996345+3.0886820675153484e-19j)
F_px: (1.1102230246251565e-16-3.406797123656683e-17j), F_py: (5.076794713093635e-08+1.8715638365171397e-17j)
Free_energy = -9640.656998652335
------------------------------------------
[{'stable': {'F_dwave': np.complex128(0.10035948019377207+0j)}, 'free': np.float64(-9640.657000899006)}]
------------------------------------------
====================================
mu=0.20, T=0.0315
====================================
  Seed: normal state
F_onsite: 0j
F_swave: 0j, F_dwave: 0j
F_px: 0j, F_py: 0j
Free_energy = -9190.458232860705
------------------------------------------
[{'stable': {}, 'free': np.float64(-9190.458232860705)}]
------------------------------------------
  Seed: d-wave
F_onsite: (-1.5251733481776056e-16+0j)
F_swave: (5.551115123125783e-17+0j), F_dwave: (0.10034029123210395+0j)
F_px: 1.9361990305957355e-18j, F_py: 1.936011260596686e-17j
Free_energy = -9640.604713116996
------------------------------------------
[{'stable': {'F_dwave': np.complex128(0.10034029123210395+0j)}, 'free': np.float64(-9640.604713116996)}]
------------------------------------------
  Seed: d-wave+px
F_onsite: (-6.13373562235029e-17-1.215916335768304e-18j)
F_swave: (1.6306400674181987e-16-4.201329146312977e-19j), F_dwave: (0.10034029122854259-4.2574602729890416e-17j)
F_px: (2.7158681463468337e-08-1.3079160120486632e-17j), F_py: (6.938893903907228e-18+1.8334718534289715e-17j)
Free_energy = -9640.60471305733
------------------------------------------
[{'stable': {'F_dwave': np.complex128(0.10034029123210395+0j)}, 'free': np.float64(-9640.604713116996)}]
------------------------------------------
  Seed: d-wave+py
F_onsite: (1.3606842304171574e-16-2.786988180626371e-19j)
F_swave: (-1.3877787807814457e-16-1.9928333254424972e-18j), F_dwave: (0.10034029122854726+5.40993512082059e-18j)
F_px: (2.0816681711721685e-17-2.699214577534819e-17j), F_py: (3.035656764849293e-08+1.76194777212796e-17j)
Free_energy = -9640.604713057432
------------------------------------------
[{'stable': {'F_dwave': np.complex128(0.10034029123210395+0j)}, 'free': np.float64(-9640.604713116996)}]
------------------------------------------
====================================
mu=0.20, T=0.0376
====================================
  Seed: normal state
F_onsite: 0j
F_swave: 0j, F_dwave: 0j
F_px: 0j, F_py: 0j
Free_energy = -9192.236448086293
------------------------------------------
[{'stable': {}, 'free': np.float64(-9192.236448086293)}]
------------------------------------------
  Seed: d-wave
F_onsite: (6.257720595637161e-18+0j)
F_swave: (-2.636779683484747e-16+0j), F_dwave: (0.10030977494765256+0j)
F_px: -2.2655245305895337e-17j, F_py: 1.9127568974721052e-17j
Free_energy = -9640.512597031386
------------------------------------------
[{'stable': {'F_dwave': np.complex128(0.10030977494765256+0j)}, 'free': np.float64(-9640.512597031386)}]
------------------------------------------
  Seed: d-wave+px
F_onsite: (2.227653607887094e-16-8.332183652765479e-19j)
F_swave: (-2.1163626406917047e-16+2.0745583182483602e-18j), F_dwave: (0.10030977494761446-2.2927248967877527e-17j)
F_px: (1.3784845029340964e-08-2.0322562258850975e-17j), F_py: (-6.938893903907228e-18+1.8577138398539906e-17j)
Free_energy = -9640.512597030736
------------------------------------------
[{'stable': {'F_dwave': np.complex128(0.10030977494765256+0j)}, 'free': np.float64(-9640.512597031386)}]
------------------------------------------
  Seed: d-wave+py
F_onsite: (2.8647318946710387e-16+2.7178167262333283e-19j)
F_swave: (-1.734723475976807e-17+8.936374196492674e-18j), F_dwave: (0.10030977494761414+1.436219738902985e-17j)
F_px: (1.3877787807814457e-17+2.6021664368131953e-18j), F_py: (1.5407985921866985e-08+1.9145996649965157e-17j)
Free_energy = -9640.512597030745
------------------------------------------
[{'stable': {'F_dwave': np.complex128(0.10030977494765256+0j)}, 'free': np.float64(-9640.512597031386)}]
------------------------------------------
====================================
mu=0.20, T=0.0437
====================================
  Seed: normal state
F_onsite: 0j
F_swave: 0j, F_dwave: 0j
F_px: 0j, F_py: 0j
Free_energy = -9194.33601935164
------------------------------------------
[{'stable': {}, 'free': np.float64(-9194.33601935164)}]
------------------------------------------
  Seed: d-wave
F_onsite: (6.91926788582155e-17+0j)
F_swave: (-1.942890293094024e-16+0j), F_dwave: (0.10026599867978843+0j)
F_px: -2.1577747432274574e-17j, F_py: 1.626683761810031e-17j
Free_energy = -9640.38321860781
------------------------------------------
[{'stable': {'F_dwave': np.complex128(0.10026599867978843+0j)}, 'free': np.float64(-9640.38321860781)}]
------------------------------------------
  Seed: d-wave+px
F_onsite: (-1.0513676925417263e-17-7.123997493042716e-19j)
F_swave: (5.551115123125783e-17+4.14540460745721e-18j), F_dwave: (0.10026599867978728-1.4839386097087964e-17j)
F_px: (6.744640172751115e-09-1.5071664959281527e-17j), F_py: 1.8910060249545236e-17j
Free_energy = -9640.383218607798
------------------------------------------
[{'stable': {'F_dwave': np.complex128(0.10026599867978843+0j)}, 'free': np.float64(-9640.38321860781)}]
------------------------------------------
  Seed: d-wave+py
F_onsite: (2.124298472281465e-17-8.018061233473989e-19j)
F_swave: (1.3530843112619095e-16-5.135031155783806e-18j), F_dwave: (0.1002659986797875+1.619423928445898e-17j)
F_px: (2.0816681711721685e-17-3.3819411567753304e-17j), F_py: (7.53880865372869e-09+1.973044397312393e-17j)
Free_energy = -9640.383218607793
------------------------------------------
[{'stable': {'F_dwave': np.complex128(0.10026599867978843+0j)}, 'free': np.float64(-9640.38321860781)}]
------------------------------------------
====================================
mu=0.20, T=0.0498
====================================
  Seed: normal state
F_onsite: 0j
F_swave: 0j, F_dwave: 0j
F_px: 0j, F_py: 0j
Free_energy = -9196.76249578755
------------------------------------------
[{'stable': {}, 'free': np.float64(-9196.76249578755)}]
------------------------------------------
  Seed: d-wave
F_onsite: (-8.091452958725135e-17+0j)
F_swave: (6.245004513516506e-17+0j), F_dwave: (0.10020524102472955+0j)
F_px: -3.5773869081385163e-17j, F_py: 1.8422958330974907e-17j
Free_energy = -9640.197220572047
------------------------------------------
[{'stable': {'F_dwave': np.complex128(0.10020524102472955+0j)}, 'free': np.float64(-9640.197220572047)}]
------------------------------------------
  Seed: d-wave+px
F_onsite: (-3.314640920808703e-17-2.5429722348252894e-19j)
F_swave: (2.983724378680108e-16-7.254897583124419e-18j), F_dwave: (0.10020524102473026-1.3821084990414253e-17j)
F_px: (3.1787344492717473e-09-2.3344088150455806e-17j), F_py: (-8.326672684688674e-17+1.6081019020464976e-17j)
Free_energy = -9640.197220572049
------------------------------------------
[{'stable': {'F_dwave': np.complex128(0.10020524102472955+0j)}, 'free': np.float64(-9640.197220572047)}]
------------------------------------------
  Seed: d-wave+py
F_onsite: (-2.877307824657683e-17-6.184658021530916e-20j)
F_swave: (1.5612511283791264e-16-2.1976212720779986e-18j), F_dwave: (0.10020524102472993+1.6566538595713226e-17j)
F_px: (-6.938893903907228e-18-1.6911156100048686e-17j), F_py: (3.5530244371639874e-09+1.870536213572327e-17j)
Free_energy = -9640.197220572049
------------------------------------------
[{'stable': {'F_dwave': np.complex128(0.10020524102472955+0j)}, 'free': np.float64(-9640.197220572047)}]
------------------------------------------
====================================
mu=0.20, T=0.0559
====================================
  Seed: normal state
F_onsite: 0j
F_swave: 0j, F_dwave: 0j
F_px: 0j, F_py: 0j
Free_energy = -9199.518361378663
------------------------------------------
[{'stable': {}, 'free': np.float64(-9199.518361378663)}]
------------------------------------------
  Seed: d-wave
F_onsite: (1.1805716255236883e-16+0j)
F_swave: (1.1102230246251565e-16+0j), F_dwave: (0.10012255511762291+0j)
F_px: -3.073927398775056e-17j, F_py: 2.063899173561672e-17j
Free_energy = -9639.925710500951
------------------------------------------
[{'stable': {'F_dwave': np.complex128(0.10012255511762291+0j)}, 'free': np.float64(-9639.925710500951)}]
------------------------------------------
  Seed: d-wave+px
F_onsite: (8.865739171169492e-17+1.0223170905742301e-18j)
F_swave: (2.706168622523819e-16-2.83481098584895e-18j), F_dwave: (0.10012255511762283-2.869617861338975e-17j)
F_px: (1.231725527128802e-09-2.1553134761890178e-18j), F_py: 1.8231392722092397e-17j
Free_energy = -9639.925710500951
------------------------------------------
[{'stable': {'F_dwave': np.complex128(0.10012255511762291+0j)}, 'free': np.float64(-9639.925710500951)}]
------------------------------------------
  Seed: d-wave+py
F_onsite: (1.2496107545620696e-16-3.9042768274703844e-20j)
F_swave: (-1.214306433183765e-16+2.0179815050262567e-18j), F_dwave: (0.10012255511762315+2.508779881934204e-17j)
F_px: (4.163336342344337e-17-2.7069393565902125e-17j), F_py: (1.3767578535550662e-09+2.0746506766532542e-17j)
Free_energy = -9639.925710500953
------------------------------------------
[{'stable': {'F_dwave': np.complex128(0.10012255511762291+0j)}, 'free': np.float64(-9639.925710500951)}]
------------------------------------------
====================================
mu=0.20, T=0.0620
====================================
  Seed: normal state
F_onsite: 0j
F_swave: 0j, F_dwave: 0j
F_px: 0j, F_py: 0j
Free_energy = -9202.603598287049
------------------------------------------
[{'stable': {}, 'free': np.float64(-9202.603598287049)}]
------------------------------------------
  Seed: d-wave
F_onsite: (2.5094548669016093e-17+0j)
F_swave: (-1.3877787807814457e-17+0j), F_dwave: (0.10001340064318252+0j)
F_px: -2.0926165425100257e-17j, F_py: 1.7698727221236725e-17j
Free_energy = -9639.558490737729
------------------------------------------
[{'stable': {'F_dwave': np.complex128(0.10001340064318252+0j)}, 'free': np.float64(-9639.558490737729)}]
------------------------------------------
  Seed: d-wave+px
F_onsite: (-2.977218375314877e-17+3.7870160180381657e-19j)
F_swave: (2.0816681711721685e-17+6.7546340349246424e-18j), F_dwave: (0.10001340064318281-5.909138413701189e-18j)
F_px: (4.5598577691485787e-10-6.523404695802942e-18j), F_py: (2.7755575615628914e-17+1.789367906654869e-17j)
Free_energy = -9639.558490737732
------------------------------------------
[{'stable': {'F_dwave': np.complex128(0.10001340064318252+0j)}, 'free': np.float64(-9639.558490737729)}]
------------------------------------------
  Seed: d-wave+py
F_onsite: (5.3509802177596084e-17+1.6278780693185254e-19j)
F_swave: (1.8735013540549517e-16+3.4065663628219175e-18j), F_dwave: (0.10001340064318243+2.5330996123287223e-17j)
F_px: -1.6027869033538476e-17j, F_py: (5.096776195534503e-10+1.8819646683703146e-17j)
Free_energy = -9639.55849073773
------------------------------------------
[{'stable': {'F_dwave': np.complex128(0.10001340064318252+0j)}, 'free': np.float64(-9639.558490737729)}]
------------------------------------------
====================================
mu=0.20, T=0.0681
====================================
  Seed: normal state
F_onsite: 0j
F_swave: 0j, F_dwave: 0j
F_px: 0j, F_py: 0j
Free_energy = -9206.016359548814
------------------------------------------
[{'stable': {}, 'free': np.float64(-9206.016359548814)}]
------------------------------------------
  Seed: d-wave
F_onsite: (1.629022102140045e-16+0j)
F_swave: (-2.220446049250313e-16+0j), F_dwave: (0.09987055077055387+0j)
F_px: -1.165681861645754e-17j, F_py: 2.022257743472895e-17j
Free_energy = -9639.051948051938
------------------------------------------
[{'stable': {'F_dwave': np.complex128(0.09987055077055387+0j)}, 'free': np.float64(-9639.051948051938)}]
------------------------------------------
  Seed: d-wave+px
F_onsite: (1.4761861015542243e-16-1.386161393314441e-18j)
F_swave: (9.020562075079397e-17-2.32384322862073e-18j), F_dwave: (0.09987055077055351+1.385619756664621e-18j)
F_px: (1.3562506673281405e-10-1.4709297797647696e-17j), F_py: (1.3877787807814457e-17+1.706351106852766e-17j)
Free_energy = -9639.051948051934
------------------------------------------
[{'stable': {'F_dwave': np.complex128(0.09987055077055387+0j)}, 'free': np.float64(-9639.051948051938)}]
------------------------------------------
  Seed: d-wave+py
F_onsite: (1.440594819616096e-16+6.806650073294268e-19j)
F_swave: (2.7755575615628914e-17+6.1948436103752915e-18j), F_dwave: (0.09987055077055365+3.0525997460922647e-17j)
F_px: (-6.938893903907228e-17-1.8519226986050113e-17j), F_py: (1.5159466737468819e-10+2.0271293688699587e-17j)
Free_energy = -9639.051948051934
------------------------------------------
[{'stable': {'F_dwave': np.complex128(0.09987055077055387+0j)}, 'free': np.float64(-9639.051948051938)}]
------------------------------------------
====================================
mu=0.20, T=0.0742
====================================
  Seed: normal state
F_onsite: 0j
F_swave: 0j, F_dwave: 0j
F_px: 0j, F_py: 0j
Free_energy = -9209.753544643463
------------------------------------------
[{'stable': {}, 'free': np.float64(-9209.753544643463)}]
------------------------------------------
  Seed: d-wave
F_onsite: (5.0162813148726764e-17+0j)
F_swave: (-4.3021142204224816e-16+0j), F_dwave: (0.09968756220119646+0j)
F_px: -3.259468476946008e-17j, F_py: 1.9496835635054524e-17j
Free_energy = -9638.38421987882
------------------------------------------
[{'stable': {'F_dwave': np.complex128(0.09968756220119646+0j)}, 'free': np.float64(-9638.38421987882)}]
------------------------------------------
  Seed: d-wave+px
F_onsite: (6.3395805522377e-17+2.484999528068184e-19j)
F_swave: (1.214306433183765e-16+1.8812936704186092e-18j), F_dwave: (0.09968756220119641+1.0638873197447227e-17j)
F_px: (3.8246815436959736e-11-1.2267045921836392e-17j), F_py: (6.938893903907228e-18+1.643217899095424e-17j)
Free_energy = -9638.38421987882
------------------------------------------
[{'stable': {'F_dwave': np.complex128(0.09968756220119646+0j)}, 'free': np.float64(-9638.38421987882)}]
------------------------------------------
  Seed: d-wave+py
F_onsite: (4.633240092907802e-17+7.892795229168832e-19j)
F_swave: (7.28583859910259e-17-2.729656674814771e-18j), F_dwave: (0.09968756220119636+4.337179680446748e-18j)
F_px: -6.576239346927287e-19j, F_py: (4.275090698113715e-11+1.878635568640027e-17j)
Free_energy = -9638.38421987882
------------------------------------------
[{'stable': {'F_dwave': np.complex128(0.09968756220119646+0j)}, 'free': np.float64(-9638.38421987882)}]
------------------------------------------
====================================
mu=0.20, T=0.0803
====================================
  Seed: normal state
F_onsite: 0j
F_swave: 0j, F_dwave: 0j
F_px: 0j, F_py: 0j
Free_energy = -9213.811240257279
------------------------------------------
[{'stable': {}, 'free': np.float64(-9213.811240257279)}]
------------------------------------------
  Seed: d-wave
F_onsite: (1.6892738056095095e-16+0j)
F_swave: (1.734723475976807e-16+0j), F_dwave: (0.09945657429399929+0j)
F_px: -3.000138917668386e-17j, F_py: 1.9636625849853536e-17j
Free_energy = -9637.516212403578
------------------------------------------
[{'stable': {'F_dwave': np.complex128(0.09945657429399929+0j)}, 'free': np.float64(-9637.516212403578)}]
------------------------------------------
  Seed: d-wave+px
F_onsite: (2.0610599185679823e-17-3.5273046135095036e-19j)
F_swave: (1.3877787807814457e-16-1.8886200978773194e-18j), F_dwave: (0.09945657429399918+2.2086026757631258e-17j)
F_px: (1.0227395319528654e-11-1.5142457508066324e-17j), F_py: 1.99505037900254e-17j
Free_energy = -9637.51621240358
------------------------------------------
[{'stable': {'F_dwave': np.complex128(0.09945657429399929+0j)}, 'free': np.float64(-9637.516212403578)}]
------------------------------------------
  Seed: d-wave+py
F_onsite: (-1.3203002038346501e-17+3.9908083452028246e-19j)
F_swave: (1.3183898417423734e-16+1.2745106121016944e-18j), F_dwave: (0.09945657429399953+2.0157061835082605e-18j)
F_px: -1.893048850801333e-17j, F_py: (1.1432799151833706e-11+1.838059523935721e-17j)
Free_energy = -9637.516212403583
------------------------------------------
[{'stable': {'F_dwave': np.complex128(0.09945657429399929+0j)}, 'free': np.float64(-9637.516212403578)}]
------------------------------------------
====================================
mu=0.20, T=0.0864
====================================
  Seed: normal state
F_onsite: 0j
F_swave: 0j, F_dwave: 0j
F_px: 0j, F_py: 0j
Free_energy = -9218.185041318866
------------------------------------------
[{'stable': {}, 'free': np.float64(-9218.185041318866)}]
------------------------------------------
  Seed: d-wave
F_onsite: (1.2182450040395995e-16+0j)
F_swave: (-1.8041124150158794e-16+0j), F_dwave: (0.09916987752243961+0j)
F_px: -1.6647793994850382e-17j, F_py: 1.716183876907656e-17j
Free_energy = -9636.414864530589
------------------------------------------
[{'stable': {'F_dwave': np.complex128(0.09916987752243961+0j)}, 'free': np.float64(-9636.414864530589)}]
------------------------------------------
  Seed: d-wave+px
F_onsite: (1.4225681584159512e-16-9.14098095252811e-19j)
F_swave: (6.591949208711867e-17+1.0044252685345456e-17j), F_dwave: (0.09916987752243978+3.62234462938011e-17j)
F_px: (2.593529557781693e-12-2.212066548659228e-17j), F_py: (-6.938893903907228e-18+1.9215783110336406e-17j)
Free_energy = -9636.414864530589
------------------------------------------
[{'stable': {'F_dwave': np.complex128(0.09916987752243961+0j)}, 'free': np.float64(-9636.414864530589)}]
------------------------------------------
  Seed: d-wave+py
F_onsite: (1.1186281049256866e-16+3.9408211425826493e-19j)
F_swave: (-1.0061396160665481e-16-1.7192030150815e-18j), F_dwave: (0.09916987752243979+9.606607420877243e-18j)
F_px: (-6.245004513516506e-17-1.1511957131263585e-17j), F_py: (2.90056173524178e-12+1.7981203591671263e-17j)
Free_energy = -9636.414864530592
------------------------------------------
[{'stable': {'F_dwave': np.complex128(0.09916987752243961+0j)}, 'free': np.float64(-9636.414864530589)}]
------------------------------------------
====================================
mu=0.20, T=0.0925
====================================
  Seed: normal state
F_onsite: 0j
F_swave: 0j, F_dwave: 0j
F_px: 0j, F_py: 0j
Free_energy = -9222.87027833855
------------------------------------------
[{'stable': {}, 'free': np.float64(-9222.87027833855)}]
------------------------------------------
  Seed: d-wave
F_onsite: (-7.383600759594517e-17+0j)
F_swave: (-1.1102230246251565e-16+0j), F_dwave: (0.09881924515318789+0j)
F_px: -1.1199877428638348e-17j, F_py: 1.6934933200885915e-17j
Free_energy = -9635.040815166532
------------------------------------------
[{'stable': {'F_dwave': np.complex128(0.09881924515318789+0j)}, 'free': np.float64(-9635.040815166532)}]
------------------------------------------
  Seed: d-wave+px
F_onsite: (-9.190167285591391e-17+9.219279084192207e-19j)
F_swave: (1.4224732503009818e-16+8.893848891370498e-18j), F_dwave: (0.09881924515318738+4.8464212443304994e-17j)
F_px: (5.098560462712953e-13-1.9547799688479602e-17j), F_py: (-3.469446951953614e-17+1.836056884533894e-17j)
Free_energy = -9635.040815166534
------------------------------------------
[{'stable': {'F_dwave': np.complex128(0.09881924515318789+0j)}, 'free': np.float64(-9635.040815166532)}]
------------------------------------------
  Seed: d-wave+py
F_onsite: (-9.87928663446264e-17+2.1419652251429762e-19j)
F_swave: (-2.3592239273284576e-16+2.7078901313046338e-18j), F_dwave: (0.09881924515318755+1.139819625524462e-17j)
F_px: -1.5090599068113727e-17j, F_py: (5.704881012036367e-13+1.9166666206609043e-17j)
Free_energy = -9635.040815166534
------------------------------------------
[{'stable': {'F_dwave': np.complex128(0.09881924515318789+0j)}, 'free': np.float64(-9635.040815166532)}]
------------------------------------------
====================================
mu=0.20, T=0.0986
====================================
  Seed: normal state
F_onsite: 0j
F_swave: 0j, F_dwave: 0j
F_px: 0j, F_py: 0j
Free_energy = -9227.862175098504
------------------------------------------
[{'stable': {}, 'free': np.float64(-9227.862175098504)}]
------------------------------------------
  Seed: d-wave
F_onsite: (-1.0044243666687887e-16+0j)
F_swave: (-5.551115123125783e-17+0j), F_dwave: (0.09839813895130849+0j)
F_px: -1.038365926125646e-17j, F_py: 2.1687633593055595e-17j
Free_energy = -9633.381568611107
------------------------------------------
[{'stable': {'F_dwave': np.complex128(0.09839813895130849+0j)}, 'free': np.float64(-9633.381568611107)}]
------------------------------------------
  Seed: d-wave+px
F_onsite: (-9.432525813399386e-17+4.969867996516111e-19j)
F_swave: (-1.3877787807814457e-16+2.261889630680559e-18j), F_dwave: (0.09839813895130928+4.7501320443553454e-17j)
F_px: (9.389711230767261e-14-1.1178702018547296e-17j), F_py: (-6.938893903907228e-17+1.736031083089131e-17j)
Free_energy = -9633.381568611107
------------------------------------------
[{'stable': {'F_dwave': np.complex128(0.09839813895130849+0j)}, 'free': np.float64(-9633.381568611107)}]
------------------------------------------
  Seed: d-wave+py
F_onsite: (-3.936844723796616e-17-6.234961500059969e-19j)
F_swave: (-2.498001805406602e-16-3.1868923609574455e-18j), F_dwave: (0.09839813895130894+1.3134898554041808e-17j)
F_px: (-6.938893903907228e-18-2.922579724395281e-17j), F_py: (1.0551282070281331e-13+1.8210827956326803e-17j)
Free_energy = -9633.381568611107
------------------------------------------
[{'stable': {'F_dwave': np.complex128(0.09839813895130849+0j)}, 'free': np.float64(-9633.381568611107)}]
------------------------------------------
====================================
mu=0.20, T=0.1047
====================================
  Seed: normal state
F_onsite: 0j
F_swave: 0j, F_dwave: 0j
F_px: 0j, F_py: 0j
Free_energy = -9233.155955838527
------------------------------------------
[{'stable': {}, 'free': np.float64(-9233.155955838527)}]
------------------------------------------
  Seed: d-wave
F_onsite: (2.6324222283667154e-17+0j)
F_swave: (9.020562075079397e-17+0j), F_dwave: (0.09789841556325789+0j)
F_px: -1.9525134310990576e-17j, F_py: 1.6310406875324704e-17j
Free_energy = -9631.400161467642
------------------------------------------
[{'stable': {'F_dwave': np.complex128(0.09789841556325789+0j)}, 'free': np.float64(-9631.400161467642)}]
------------------------------------------
  Seed: d-wave+px
F_onsite: (1.9554857642195416e-17-5.967424902655891e-19j)
F_swave: (-1.734723475976807e-17+6.973638263285804e-18j), F_dwave: (0.0978984155632579+7.235537208385842e-17j)
F_px: (1.2885525979555723e-14-2.0726403294620737e-17j), F_py: (-3.469446951953614e-17+1.7810726315904982e-17j)
Free_energy = -9631.400161467642
------------------------------------------
[{'stable': {'F_dwave': np.complex128(0.09789841556325789+0j)}, 'free': np.float64(-9631.400161467642)}]
------------------------------------------
  Seed: d-wave+py
F_onsite: (-1.210368385897049e-17+6.755812817681134e-19j)
F_swave: (3.469446951953614e-18+4.2537246190822687e-19j), F_dwave: (0.09789841556325803+2.1227037741803117e-17j)
F_px: (-4.163336342344337e-17-2.593883192506834e-17j), F_py: (1.4759027333610675e-14+2.0245568386439707e-17j)
Free_energy = -9631.400161467644
------------------------------------------
[{'stable': {'F_dwave': np.complex128(0.09789841556325789+0j)}, 'free': np.float64(-9631.400161467642)}]
------------------------------------------
====================================
mu=0.20, T=0.1108
====================================
  Seed: normal state
F_onsite: 0j
F_swave: 0j, F_dwave: 0j
F_px: 0j, F_py: 0j
Free_energy = -9238.7469163426
------------------------------------------
[{'stable': {}, 'free': np.float64(-9238.7469163426)}]
------------------------------------------
  Seed: d-wave
F_onsite: (-8.316968863486692e-17+0j)
F_swave: (1.3877787807814457e-16+0j), F_dwave: (0.09731380019340483+0j)
F_px: -1.3205612570247741e-17j, F_py: 1.9830425995568585e-17j
Free_energy = -9629.088277372437
------------------------------------------
[{'stable': {'F_dwave': np.complex128(0.09731380019340483+0j)}, 'free': np.float64(-9629.088277372437)}]
------------------------------------------
  Seed: d-wave+px
F_onsite: (-5.971529338583614e-17+1.909553705497289e-19j)
F_swave: (1.0408340855860843e-16+3.5415986080641646e-19j), F_dwave: (0.09731380019340491+7.92662969433037e-17j)
F_px: (1.6930901125533637e-15-2.4377452712023604e-17j), F_py: (2.7755575615628914e-17+1.8738666701006796e-17j)
Free_energy = -9629.088277372437
------------------------------------------
[{'stable': {'F_dwave': np.complex128(0.09731380019340483+0j)}, 'free': np.float64(-9629.088277372437)}]
------------------------------------------
  Seed: d-wave+py
F_onsite: (-4.961066678112517e-17-6.9991925340055525e-19j)
F_swave: (3.8163916471489756e-17+1.1440526189116256e-18j), F_dwave: (0.09731380019340505+2.5578877751041295e-17j)
F_px: (-6.938893903907228e-18-3.543731203760418e-17j), F_py: (1.7139067942650854e-15+1.918085346823988e-17j)
Free_energy = -9629.088277372439
------------------------------------------
[{'stable': {'F_dwave': np.complex128(0.09731380019340483+0j)}, 'free': np.float64(-9629.088277372437)}]
------------------------------------------
====================================
mu=0.20, T=0.1169
====================================
  Seed: normal state
F_onsite: 0j
F_swave: 0j, F_dwave: 0j
F_px: 0j, F_py: 0j
Free_energy = -9244.630469490441
------------------------------------------
[{'stable': {}, 'free': np.float64(-9244.630469490441)}]
------------------------------------------
  Seed: d-wave
F_onsite: (-6.77169489407515e-17+0j)
F_swave: (-6.245004513516506e-17+0j), F_dwave: (0.09663710288830195+0j)
F_px: -4.182383582155412e-17j, F_py: 1.8394104616847832e-17j
Free_energy = -9626.424934250159
------------------------------------------
[{'stable': {'F_dwave': np.complex128(0.09663710288830195+0j)}, 'free': np.float64(-9626.424934250159)}]
------------------------------------------
  Seed: d-wave+px
F_onsite: (-7.556571504868746e-17-1.715569369194743e-19j)
F_swave: (-2.7755575615628914e-17+1.6605522584007085e-18j), F_dwave: (0.09663710288830195+8.714513313445749e-17j)
F_px: (8.326672684688674e-17-2.959344355090741e-17j), F_py: (-1.3877787807814457e-17+1.8656308463317954e-17j)
Free_energy = -9626.424934250159
------------------------------------------
[{'stable': {'F_dwave': np.complex128(0.09663710288830195+0j)}, 'free': np.float64(-9626.424934250159)}]
------------------------------------------
  Seed: d-wave+py
F_onsite: (-7.756197318201883e-17+1.9244857688125106e-19j)
F_swave: (-5.204170427930421e-17-3.037373501684756e-18j), F_dwave: (0.09663710288830192+1.0002475382529808e-17j)
F_px: -3.835098957087322e-17j, F_py: (4.85722573273506e-17+1.81615527137959e-17j)
Free_energy = -9626.424934250159
------------------------------------------
[{'stable': {'F_dwave': np.complex128(0.09663710288830195+0j)}, 'free': np.float64(-9626.424934250159)}]
------------------------------------------
====================================
mu=0.20, T=0.1230
====================================
  Seed: normal state
F_onsite: 0j
F_swave: 0j, F_dwave: 0j
F_px: 0j, F_py: 0j
Free_energy = -9250.802172920015
------------------------------------------
[{'stable': {}, 'free': np.float64(-9250.802172920015)}]
------------------------------------------
  Seed: d-wave
F_onsite: (-2.448392409174898e-17+0j)
F_swave: (1.0408340855860843e-16+0j), F_dwave: (0.09586099916101945+0j)
F_px: -5.532587600893575e-18j, F_py: 2.0715505942277874e-17j
Free_energy = -9623.390006189147
------------------------------------------
[{'stable': {'F_dwave': np.complex128(0.09586099916101945+0j)}, 'free': np.float64(-9623.390006189147)}]
------------------------------------------
  Seed: d-wave+px
F_onsite: (-2.0084620252167355e-17-2.9880174020584405e-19j)
F_swave: (1.249000902703301e-16+4.355860727400645e-19j), F_dwave: (0.09586099916101944+1.0226168987722396e-16j)
F_px: (3.469446951953614e-17+1.2648067194788011e-18j), F_py: 2.1000769102684136e-17j
Free_energy = -9623.390006189147
------------------------------------------
[{'stable': {'F_dwave': np.complex128(0.09586099916101945+0j)}, 'free': np.float64(-9623.390006189147)}]
------------------------------------------
  Seed: d-wave+py
F_onsite: (-1.49033197138128e-17-1.0599866298632389e-19j)
F_swave: (9.367506770274758e-17-2.4736141386683748e-18j), F_dwave: (0.09586099916101944+1.7536592118413097e-17j)
F_px: (2.0816681711721685e-17-6.918985320924302e-19j), F_py: (6.938893903907228e-18+1.964710540103397e-17j)
Free_energy = -9623.390006189147
------------------------------------------
[{'stable': {'F_dwave': np.complex128(0.09586099916101945+0j)}, 'free': np.float64(-9623.390006189147)}]
------------------------------------------
====================================
mu=0.20, T=0.1291
====================================
  Seed: normal state
F_onsite: 0j
F_swave: 0j, F_dwave: 0j
F_px: 0j, F_py: 0j
Free_energy = -9257.257744286118
------------------------------------------
[{'stable': {}, 'free': np.float64(-9257.257744286118)}]
------------------------------------------
  Seed: d-wave
F_onsite: (1.219886476950189e-16+0j)
F_swave: (-6.245004513516506e-17+0j), F_dwave: (0.09497969783969304+0j)
F_px: -4.52131600645286e-17j, F_py: 1.8006881033082467e-17j
Free_energy = -9619.987267893532
------------------------------------------
[{'stable': {'F_dwave': np.complex128(0.09497969783969304+0j)}, 'free': np.float64(-9619.987267893532)}]
------------------------------------------
  Seed: d-wave+px
F_onsite: (1.3162392079810462e-16+1.4858892401521497e-19j)
F_swave: (-4.85722573273506e-17+4.191372833091463e-18j), F_dwave: (0.09497969783969303+1.21402275159269e-16j)
F_px: (1.3877787807814457e-17-3.834743604505358e-17j), F_py: (-1.3877787807814457e-17+1.9513822987612327e-17j)
Free_energy = -9619.987267893532
------------------------------------------
[{'stable': {'F_dwave': np.complex128(0.09497969783969304+0j)}, 'free': np.float64(-9619.987267893532)}]
------------------------------------------
  Seed: d-wave+py
F_onsite: (1.27617064236739e-16+1.605086086867738e-19j)
F_swave: (-5.551115123125783e-17+2.9018901645592046e-18j), F_dwave: (0.09497969783969304+2.0229964157599048e-17j)
F_px: -4.317756692918019e-17j, F_py: 1.8740831028323558e-17j
Free_energy = -9619.987267893532
------------------------------------------
[{'stable': {'F_dwave': np.complex128(0.09497969783969304+0j)}, 'free': np.float64(-9619.987267893532)}]
------------------------------------------
====================================
mu=0.20, T=0.1352
====================================
  Seed: normal state
F_onsite: 0j
F_swave: 0j, F_dwave: 0j
F_px: 0j, F_py: 0j
Free_energy = -9263.993068026246
------------------------------------------
[{'stable': {}, 'free': np.float64(-9263.993068026246)}]
------------------------------------------
  Seed: d-wave
F_onsite: (7.281296384922939e-17+0j)
F_swave: (-9.71445146547012e-17+0j), F_dwave: (0.09398534724687853+0j)
F_px: -1.2743946526769645e-17j, F_py: 1.920341978253094e-17j
Free_energy = -9616.19730253114
------------------------------------------
[{'stable': {'F_dwave': np.complex128(0.09398534724687853+0j)}, 'free': np.float64(-9616.19730253114)}]
------------------------------------------
  Seed: d-wave+px
F_onsite: (8.590099931284761e-17+8.792682903577515e-19j)
F_swave: (-8.673617379884035e-17+8.275938306280285e-18j), F_dwave: (0.0939853472468786+1.4694450115775352e-16j)
F_px: (2.0816681711721685e-17+4.771177773205864e-21j), F_py: (-6.938893903907228e-18+1.878178597197796e-17j)
Free_energy = -9616.19730253114
------------------------------------------
[{'stable': {'F_dwave': np.complex128(0.09398534724687853+0j)}, 'free': np.float64(-9616.19730253114)}]
------------------------------------------
  Seed: d-wave+py
F_onsite: (8.578833069597299e-17-5.011835523023115e-19j)
F_swave: (-1.0061396160665481e-16-2.237285742529831e-19j), F_dwave: (0.09398534724687857+1.7398393192317485e-17j)
F_px: (-3.469446951953614e-17-4.423362801288035e-18j), F_py: (6.938893903907228e-18+1.7838947311816543e-17j)
Free_energy = -9616.19730253114
------------------------------------------
[{'stable': {'F_dwave': np.complex128(0.09398534724687853+0j)}, 'free': np.float64(-9616.19730253114)}]
------------------------------------------
====================================
mu=0.20, T=0.1413
====================================
  Seed: normal state
F_onsite: 0j
F_swave: 0j, F_dwave: 0j
F_px: 0j, F_py: 0j
Free_energy = -9271.00419640626
------------------------------------------
[{'stable': {}, 'free': np.float64(-9271.00419640626)}]
------------------------------------------
  Seed: d-wave
F_onsite: (-9.687458907721289e-17+0j)
F_swave: (-7.632783294297951e-17+0j), F_dwave: (0.09287182653201081+0j)
F_px: -2.2565467258111894e-17j, F_py: 1.9362077987102286e-17j
Free_energy = -9612.028500236473
------------------------------------------
[{'stable': {'F_dwave': np.complex128(0.09287182653201081+0j)}, 'free': np.float64(-9612.028500236473)}]
------------------------------------------
  Seed: d-wave+px
F_onsite: (-9.839494704308536e-17-3.249391382356141e-18j)
F_swave: (-5.551115123125783e-17+6.292535386848599e-18j), F_dwave: (0.09287182653201087+1.756040147836967e-16j)
F_px: (-4.163336342344337e-17-9.02541812158345e-18j), F_py: (-1.3877787807814457e-17+2.0330690767970242e-17j)
Free_energy = -9612.028500236473
------------------------------------------
[{'stable': {'F_dwave': np.complex128(0.09287182653201081+0j)}, 'free': np.float64(-9612.028500236473)}]
------------------------------------------
  Seed: d-wave+py
F_onsite: (-9.337724297755909e-17+6.842746381987777e-20j)
F_swave: (-7.979727989493313e-17-1.5181349179762286e-19j), F_dwave: (0.09287182653201084+2.0244275002581675e-17j)
F_px: (-3.469446951953614e-17-8.472811427970969e-18j), F_py: (-6.938893903907228e-18+1.9481279676454852e-17j)
Free_energy = -9612.028500236473
------------------------------------------
[{'stable': {'F_dwave': np.complex128(0.09287182653201081+0j)}, 'free': np.float64(-9612.028500236473)}]
------------------------------------------
====================================
mu=0.20, T=0.1474
====================================
  Seed: normal state
F_onsite: 0j
F_swave: 0j, F_dwave: 0j
F_px: 0j, F_py: 0j
Free_energy = -9278.287346800082
------------------------------------------
[{'stable': {}, 'free': np.float64(-9278.287346800082)}]
------------------------------------------
  Seed: d-wave
F_onsite: (-6.622655637008249e-17+0j)
F_swave: (-3.2612801348363973e-16+0j), F_dwave: (0.09163056761470141+0j)
F_px: -3.4658622731767998e-18j, F_py: 2.206029780986042e-17j
Free_energy = -9607.46604738192
------------------------------------------
[{'stable': {'F_dwave': np.complex128(0.09163056761470141+0j)}, 'free': np.float64(-9607.46604738192)}]
------------------------------------------
  Seed: d-wave+px
F_onsite: (-9.969082534468125e-17+3.945798937763341e-19j)
F_swave: (-3.2612801348363973e-16-1.0708384276899613e-18j), F_dwave: (0.09163056761470142+1.758016133427846e-16j)
F_px: (-6.938893903907228e-18-4.081789436809466e-18j), F_py: (1.3877787807814457e-17+1.9427064075029355e-17j)
Free_energy = -9607.46604738192
------------------------------------------
[{'stable': {'F_dwave': np.complex128(0.09163056761470141+0j)}, 'free': np.float64(-9607.46604738192)}]
------------------------------------------
  Seed: d-wave+py
F_onsite: (-8.408249972851403e-17-4.471740943640666e-19j)
F_swave: (-3.400058012914542e-16+6.018764201711573e-19j), F_dwave: (0.09163056761470141+2.1043530824835525e-17j)
F_px: (6.938893903907228e-18-9.518252611366385e-18j), F_py: (-2.7755575615628914e-17+2.2327453614241737e-17j)
Free_energy = -9607.46604738192
------------------------------------------
[{'stable': {'F_dwave': np.complex128(0.09163056761470141+0j)}, 'free': np.float64(-9607.46604738192)}]
------------------------------------------
====================================
mu=0.20, T=0.1536
====================================
  Seed: normal state
F_onsite: 0j
F_swave: 0j, F_dwave: 0j
F_px: 0j, F_py: 0j
Free_energy = -9285.838896572626
------------------------------------------
[{'stable': {}, 'free': np.float64(-9285.838896572626)}]
------------------------------------------
  Seed: d-wave
F_onsite: (6.298699784927528e-17+0j)
F_swave: (2.0816681711721685e-17+0j), F_dwave: (0.0902540563984979+0j)
F_px: -2.95584265140362e-17j, F_py: 1.7852248376066396e-17j
Free_energy = -9602.516630174241
------------------------------------------
[{'stable': {'F_dwave': np.complex128(0.0902540563984979+0j)}, 'free': np.float64(-9602.516630174241)}]
------------------------------------------
  Seed: d-wave+px
F_onsite: (6.940523118841673e-17-3.4299608733243103e-18j)
F_swave: (3.469446951953614e-17+2.8128640689335168e-18j), F_dwave: (0.09025405639849786+1.7855832136070282e-16j)
F_px: (-8.326672684688674e-17-2.615650810574954e-17j), F_py: 1.9543874914948614e-17j
Free_energy = -9602.516630174241
------------------------------------------
[{'stable': {'F_dwave': np.complex128(0.0902540563984979+0j)}, 'free': np.float64(-9602.516630174241)}]
------------------------------------------
  Seed: d-wave+py
F_onsite: (6.403483054458805e-17-5.757611971768983e-19j)
F_swave: (1.734723475976807e-17+1.0862990753383264e-19j), F_dwave: (0.09025405639849789+2.6725579002274315e-17j)
F_px: (-4.163336342344337e-17-3.91738775296374e-17j), F_py: (6.938893903907228e-18+2.0046565808086853e-17j)
Free_energy = -9602.516630174241
------------------------------------------
[{'stable': {'F_dwave': np.complex128(0.0902540563984979+0j)}, 'free': np.float64(-9602.516630174241)}]
------------------------------------------
====================================
mu=0.20, T=0.1597
====================================
  Seed: normal state
F_onsite: 0j
F_swave: 0j, F_dwave: 0j
F_px: 0j, F_py: 0j
Free_energy = -9293.655376516854
------------------------------------------
[{'stable': {}, 'free': np.float64(-9293.655376516854)}]
------------------------------------------
  Seed: d-wave
F_onsite: (1.4132924719439293e-16+0j)
F_swave: (-4.163336342344337e-17+0j), F_dwave: (0.08873397517337973+0j)
F_px: -2.413376447638487e-17j, F_py: 2.166215790506316e-17j
Free_energy = -9597.186912105482
------------------------------------------
[{'stable': {'F_dwave': np.complex128(0.08873397517337973+0j)}, 'free': np.float64(-9597.186912105482)}]
------------------------------------------
  Seed: d-wave+px
F_onsite: (1.4552382052364523e-16-1.0755610670687739e-19j)
F_swave: (-4.163336342344337e-17+5.888283122507196e-18j), F_dwave: (0.08873397517337964+2.005574548629369e-16j)
F_px: (6.938893903907228e-18-1.9431413920407705e-17j), F_py: 2.1030124088262418e-17j
Free_energy = -9597.186912105482
------------------------------------------
[{'stable': {'F_dwave': np.complex128(0.08873397517337973+0j)}, 'free': np.float64(-9597.186912105482)}]
------------------------------------------
  Seed: d-wave+py
F_onsite: (1.5604611378069137e-16-5.0162982308710715e-20j)
F_swave: (-1.3877787807814457e-17+2.3377699889815476e-18j), F_dwave: (0.08873397517337975+2.3450617928763556e-17j)
F_px: (-1.3877787807814457e-17-3.706829507064796e-17j), F_py: 2.052097870480439e-17j
Free_energy = -9597.186912105482
------------------------------------------
[{'stable': {'F_dwave': np.complex128(0.08873397517337973+0j)}, 'free': np.float64(-9597.186912105482)}]
------------------------------------------
====================================
mu=0.20, T=0.1658
====================================
  Seed: normal state
F_onsite: 0j
F_swave: 0j, F_dwave: 0j
F_px: 0j, F_py: 0j
Free_energy = -9301.733463501552
------------------------------------------
[{'stable': {}, 'free': np.float64(-9301.733463501552)}]
------------------------------------------
  Seed: d-wave
F_onsite: (1.0727404160037081e-16+0j)
F_swave: (-6.938893903907228e-17+0j), F_dwave: (0.08705933993040099+0j)
F_px: -3.5037052632393434e-17j, F_py: 1.9467713442504815e-17j
Free_energy = -9591.467560546234
------------------------------------------
[{'stable': {'F_dwave': np.complex128(0.08705933993040099+0j)}, 'free': np.float64(-9591.467560546234)}]
------------------------------------------
  Seed: d-wave+px
F_onsite: (1.2040604508913117e-16+5.45060665387704e-19j)
F_swave: (-7.28583859910259e-17-3.900746595497393e-18j), F_dwave: (0.08705933993040096+1.718806653631054e-16j)
F_px: (-6.938893903907228e-17-3.87335237706073e-17j), F_py: (3.469446951953614e-17+2.0524622045846816e-17j)
Free_energy = -9591.467560546234
------------------------------------------
[{'stable': {'F_dwave': np.complex128(0.08705933993040099+0j)}, 'free': np.float64(-9591.467560546234)}]
------------------------------------------
  Seed: d-wave+py
F_onsite: (1.214410117503338e-16-3.355957678830396e-19j)
F_swave: (-8.326672684688674e-17-3.810561689933555e-18j), F_dwave: (0.08705933993040099+1.5198424255556912e-17j)
F_px: (-2.7755575615628914e-17-2.8752981371162784e-17j), F_py: (-1.3877787807814457e-17+2.0604983387188662e-17j)
Free_energy = -9591.467560546234
------------------------------------------
[{'stable': {'F_dwave': np.complex128(0.08705933993040099+0j)}, 'free': np.float64(-9591.467560546234)}]
------------------------------------------
====================================
mu=0.20, T=0.1719
====================================
  Seed: normal state
F_onsite: 0j
F_swave: 0j, F_dwave: 0j
F_px: 0j, F_py: 0j
Free_energy = -9310.069972776275
------------------------------------------
[{'stable': {}, 'free': np.float64(-9310.069972776275)}]
------------------------------------------
  Seed: d-wave
F_onsite: (6.15772306225787e-17+0j)
F_swave: (-1.249000902703301e-16+0j), F_dwave: (0.08521959141935373+0j)
F_px: -1.3543404181092958e-17j, F_py: 2.188944066761313e-17j
Free_energy = -9585.368683843095
------------------------------------------
[{'stable': {'F_dwave': np.complex128(0.08521959141935373+0j)}, 'free': np.float64(-9585.368683843095)}]
------------------------------------------
  Seed: d-wave+px
F_onsite: (7.623115207298431e-17+3.6003980147897835e-19j)
F_swave: (-1.1449174941446927e-16-3.952000960259899e-18j), F_dwave: (0.08521959141935376+1.8927886582234016e-16j)
F_px: (7.632783294297951e-17-1.9391096310171258e-17j), F_py: (6.938893903907228e-18+2.0114850394833718e-17j)
Free_energy = -9585.368683843095
------------------------------------------
[{'stable': {'F_dwave': np.complex128(0.08521959141935373+0j)}, 'free': np.float64(-9585.368683843095)}]
------------------------------------------
  Seed: d-wave+py
F_onsite: (5.74466215157339e-17-1.8680319501268878e-19j)
F_swave: (-1.0408340855860843e-16-2.3232763370835465e-18j), F_dwave: (0.08521959141935372+1.5594372246933742e-17j)
F_px: (2.7755575615628914e-17-1.755706773370593e-17j), F_py: 2.078951544604422e-17j
Free_energy = -9585.368683843095
------------------------------------------
[{'stable': {'F_dwave': np.complex128(0.08521959141935373+0j)}, 'free': np.float64(-9585.368683843095)}]
------------------------------------------
====================================
mu=0.20, T=0.1780
====================================
  Seed: normal state
F_onsite: 0j
F_swave: 0j, F_dwave: 0j
F_px: 0j, F_py: 0j
Free_energy = -9318.661850231983
------------------------------------------
[{'stable': {}, 'free': np.float64(-9318.661850231983)}]
------------------------------------------
  Seed: d-wave
F_onsite: (1.0257257431671184e-16+0j)
F_swave: (-6.245004513516506e-17+0j), F_dwave: (0.08320190160915641+0j)
F_px: -1.6918107287791496e-17j, F_py: 2.094063082286417e-17j
Free_energy = -9578.894947348286
------------------------------------------
[{'stable': {'F_dwave': np.complex128(0.08320190160915641+0j)}, 'free': np.float64(-9578.894947348286)}]
------------------------------------------
  Seed: d-wave+px
F_onsite: (8.903847443030734e-17-1.0857027442923856e-18j)
F_swave: (-5.551115123125783e-17+4.644425230473064e-18j), F_dwave: (0.08320190160915644+2.3995261995683965e-16j)
F_px: -9.562868360297218e-18j, F_py: (1.3877787807814457e-17+2.140446966209187e-17j)
Free_energy = -9578.894947348286
------------------------------------------
[{'stable': {'F_dwave': np.complex128(0.08320190160915641+0j)}, 'free': np.float64(-9578.894947348286)}]
------------------------------------------
  Seed: d-wave+py
F_onsite: (1.000326755468593e-16-1.0737123089363711e-18j)
F_swave: (-6.938893903907228e-17-3.7597760883073115e-18j), F_dwave: (0.0832019016091564+1.8675917606919136e-17j)
F_px: (-1.3877787807814457e-17-3.005994816099491e-17j), F_py: 2.1200149021604886e-17j
Free_energy = -9578.894947348286
------------------------------------------
[{'stable': {'F_dwave': np.complex128(0.08320190160915641+0j)}, 'free': np.float64(-9578.894947348286)}]
------------------------------------------
====================================
mu=0.20, T=0.1841
====================================
  Seed: normal state
F_onsite: 0j
F_swave: 0j, F_dwave: 0j
F_px: 0j, F_py: 0j
Free_energy = -9327.506164812938
------------------------------------------
[{'stable': {}, 'free': np.float64(-9327.506164812938)}]
------------------------------------------
  Seed: d-wave
F_onsite: (-5.838201058729867e-17+0j)
F_swave: (-2.220446049250313e-16+0j), F_dwave: (0.08099058340507075+0j)
F_px: -2.182658486722645e-17j, F_py: 1.9181969334886214e-17j
Free_energy = -9572.04614589882
------------------------------------------
[{'stable': {'F_dwave': np.complex128(0.08099058340507075+0j)}, 'free': np.float64(-9572.04614589882)}]
------------------------------------------
  Seed: d-wave+px
F_onsite: (-3.2587713291257485e-17+3.649847566955483e-19j)
F_swave: (-2.255140518769849e-16-5.518732118838159e-18j), F_dwave: (0.08099058340507068+2.475846188357627e-16j)
F_px: (2.0816681711721685e-17-1.8370705745270238e-17j), F_py: (6.938893903907228e-18+2.093163831017063e-17j)
Free_energy = -9572.04614589882
------------------------------------------
[{'stable': {'F_dwave': np.complex128(0.08099058340507075+0j)}, 'free': np.float64(-9572.04614589882)}]
------------------------------------------
  Seed: d-wave+py
F_onsite: (-6.158435099329156e-17+2.40380403076126e-19j)
F_swave: (-2.1510571102112408e-16-4.868317728441028e-19j), F_dwave: (0.0809905834050707+2.0597326234572117e-17j)
F_px: (-1.3877787807814457e-17-2.1932968565806896e-17j), F_py: 2.1002073566510132e-17j
Free_energy = -9572.04614589882
------------------------------------------
[{'stable': {'F_dwave': np.complex128(0.08099058340507075+0j)}, 'free': np.float64(-9572.04614589882)}]
------------------------------------------
====================================
mu=0.20, T=0.1902
====================================
  Seed: normal state
F_onsite: 0j
F_swave: 0j, F_dwave: 0j
F_px: 0j, F_py: 0j
Free_energy = -9336.60010120272
------------------------------------------
[{'stable': {}, 'free': np.float64(-9336.60010120272)}]
------------------------------------------
  Seed: d-wave
F_onsite: (2.537058229906702e-17+0j)
F_swave: (1.3877787807814457e-16+0j), F_dwave: (0.07856911798672368+0j)
F_px: -8.12889413109949e-18j, F_py: 2.105950223489785e-17j
Free_energy = -9564.839516524202
------------------------------------------
[{'stable': {'F_dwave': np.complex128(0.07856911798672368+0j)}, 'free': np.float64(-9564.839516524202)}]
------------------------------------------
  Seed: d-wave+px
F_onsite: (2.0536968933225654e-17+2.187150262942742e-19j)
F_swave: (1.7694179454963432e-16+3.962178176926445e-18j), F_dwave: (0.07856911798672363+2.571205953720856e-16j)
F_px: (3.469446951953614e-17-3.7064973113307944e-17j), F_py: (6.938893903907228e-18+1.9990400244494503e-17j)
Free_energy = -9564.839516524202
------------------------------------------
[{'stable': {'F_dwave': np.complex128(0.07856911798672368+0j)}, 'free': np.float64(-9564.839516524202)}]
------------------------------------------
  Seed: d-wave+py
F_onsite: (3.5998106164919714e-17+1.1235874719569784e-19j)
F_swave: (1.3877787807814457e-16+8.700085091534201e-19j), F_dwave: (0.07856911798672368+2.2708412960152642e-17j)
F_px: -1.9929335703724307e-17j, F_py: 1.8521502838890187e-17j
Free_energy = -9564.839516524202
------------------------------------------
[{'stable': {'F_dwave': np.complex128(0.07856911798672368+0j)}, 'free': np.float64(-9564.839516524202)}]
------------------------------------------
====================================
mu=0.20, T=0.1963
====================================
  Seed: normal state
F_onsite: 0j
F_swave: 0j, F_dwave: 0j
F_px: 0j, F_py: 0j
Free_energy = -9345.940952858
------------------------------------------
[{'stable': {}, 'free': np.float64(-9345.940952858)}]
------------------------------------------
  Seed: d-wave
F_onsite: (4.5459131708613827e-17+0j)
F_swave: (-2.1510571102112408e-16+0j), F_dwave: (0.07591460755434756+0j)
F_px: -2.2856455657535625e-17j, F_py: 2.1271665468213588e-17j
Free_energy = -9557.271208430926
------------------------------------------
[{'stable': {'F_dwave': np.complex128(0.07591460755434756+0j)}, 'free': np.float64(-9557.271208430926)}]
------------------------------------------
  Seed: d-wave+px
F_onsite: (6.021638429366178e-17+9.6410050977298e-19j)
F_swave: (-2.185751579730777e-16-4.6867387582901676e-18j), F_dwave: (0.07591460755434759+2.446129100330297e-16j)
F_px: (6.245004513516506e-17-1.1618112591855579e-17j), F_py: (-6.938893903907228e-18+2.1467074978007116e-17j)
Free_energy = -9557.271208430926
------------------------------------------
[{'stable': {'F_dwave': np.complex128(0.07591460755434756+0j)}, 'free': np.float64(-9557.271208430926)}]
------------------------------------------
  Seed: d-wave+py
F_onsite: (3.3330351265334694e-17+1.4080390658808145e-19j)
F_swave: (-2.1163626406917047e-16+1.943869246253112e-18j), F_dwave: (0.07591460755434756+1.3514065325536621e-17j)
F_px: -2.242645723193191e-17j, F_py: (6.938893903907228e-18+1.961033789268521e-17j)
Free_energy = -9557.271208430926
------------------------------------------
[{'stable': {'F_dwave': np.complex128(0.07591460755434756+0j)}, 'free': np.float64(-9557.271208430926)}]
------------------------------------------
====================================
mu=0.20, T=0.2024
====================================
  Seed: normal state
F_onsite: 0j
F_swave: 0j, F_dwave: 0j
F_px: 0j, F_py: 0j
Free_energy = -9355.52611542759
------------------------------------------
[{'stable': {}, 'free': np.float64(-9355.52611542759)}]
------------------------------------------
  Seed: d-wave
F_onsite: (8.330671101889652e-17+0j)
F_swave: (-9.71445146547012e-17+0j), F_dwave: (0.07300110119865205+0j)
F_px: -2.968702877056441e-17j, F_py: 2.268763638480771e-17j
Free_energy = -9549.353815803208
------------------------------------------
[{'stable': {'F_dwave': np.complex128(0.07300110119865205+0j)}, 'free': np.float64(-9549.353815803208)}]
------------------------------------------
  Seed: d-wave+px
F_onsite: (7.847361580250343e-17+2.18592204085954e-18j)
F_swave: (-1.0408340855860843e-16-6.513695791059911e-18j), F_dwave: (0.07300110119865202+2.1309440647245037e-16j)
F_px: (-6.938893903907228e-18-1.8044273467139982e-17j), F_py: (1.3877787807814457e-17+2.1241302396513517e-17j)
Free_energy = -9549.353815803208
------------------------------------------
[{'stable': {'F_dwave': np.complex128(0.07300110119865205+0j)}, 'free': np.float64(-9549.353815803208)}]
------------------------------------------
  Seed: d-wave+py
F_onsite: (7.865505286542377e-17+1.9504701069512763e-19j)
F_swave: (-8.673617379884035e-17+1.763065047198173e-18j), F_dwave: (0.07300110119865205+1.580837048884611e-17j)
F_px: (-6.938893903907228e-18-2.0297584503578903e-17j), F_py: (6.938893903907228e-18+2.3066853288568997e-17j)
Free_energy = -9549.353815803208
------------------------------------------
[{'stable': {'F_dwave': np.complex128(0.07300110119865205+0j)}, 'free': np.float64(-9549.353815803208)}]
------------------------------------------
====================================
mu=0.20, T=0.2085
====================================
  Seed: normal state
F_onsite: 0j
F_swave: 0j, F_dwave: 0j
F_px: 0j, F_py: 0j
Free_energy = -9365.35308057202
------------------------------------------
[{'stable': {}, 'free': np.float64(-9365.35308057202)}]
------------------------------------------
  Seed: d-wave
F_onsite: (-3.9743282193539304e-17+0j)
F_swave: (1.1796119636642288e-16+0j), F_dwave: (0.06979428453090067+0j)
F_px: -4.708441086827392e-18j, F_py: 2.154873489946989e-17j
Free_energy = -9541.090326296366
------------------------------------------
[{'stable': {'F_dwave': np.complex128(0.06979428453090067+0j)}, 'free': np.float64(-9541.090326296366)}]
------------------------------------------
  Seed: d-wave+px
F_onsite: (-2.5970129424490355e-17+1.0585988834466957e-18j)
F_swave: (1.5265566588595902e-16-1.2847488653150817e-17j), F_dwave: (0.06979428453090063+2.0157556757922611e-16j)
F_px: (6.938893903907228e-18-1.3699281818035207e-17j), F_py: (-1.3877787807814457e-17+2.1441670431245313e-17j)
Free_energy = -9541.090326296366
------------------------------------------
[{'stable': {'F_dwave': np.complex128(0.06979428453090067+0j)}, 'free': np.float64(-9541.090326296366)}]
------------------------------------------
  Seed: d-wave+py
F_onsite: (-2.997415342783494e-17+4.067960952808631e-19j)
F_swave: (1.3530843112619095e-16-3.0845767701352477e-18j), F_dwave: (0.06979428453090067+2.4876991633437746e-17j)
F_px: (-2.0816681711721685e-17-8.907861694469252e-18j), F_py: (-6.938893903907228e-18+1.9927340130496523e-17j)
Free_energy = -9541.090326296366
------------------------------------------
[{'stable': {'F_dwave': np.complex128(0.06979428453090067+0j)}, 'free': np.float64(-9541.090326296366)}]
------------------------------------------
====================================
mu=0.20, T=0.2146
====================================
  Seed: normal state
F_onsite: 0j
F_swave: 0j, F_dwave: 0j
F_px: 0j, F_py: 0j
Free_energy = -9375.419430184102
------------------------------------------
[{'stable': {}, 'free': np.float64(-9375.419430184102)}]
------------------------------------------
  Seed: d-wave
F_onsite: (-7.169558842545806e-17+0j)
F_swave: (-1.3877787807814457e-17+0j), F_dwave: (0.0662513666401647+0j)
F_px: -1.4460748307594878e-17j, F_py: 1.8029559503450812e-17j
Free_energy = -9532.493769347368
------------------------------------------
[{'stable': {'F_dwave': np.complex128(0.0662513666401647+0j)}, 'free': np.float64(-9532.493769347368)}]
------------------------------------------
  Seed: d-wave+px
F_onsite: (-7.718735962620581e-17+4.9732542210893795e-20j)
F_swave: (-2.7755575615628914e-17-2.6784416359245212e-18j), F_dwave: (0.0662513666401646+1.990997047500625e-16j)
F_px: (3.469446951953614e-17-1.2115611448077934e-17j), F_py: (1.3877787807814457e-17+2.2151259047917803e-17j)
Free_energy = -9532.493769347368
------------------------------------------
[{'stable': {'F_dwave': np.complex128(0.0662513666401647+0j)}, 'free': np.float64(-9532.493769347368)}]
------------------------------------------
  Seed: d-wave+py
F_onsite: (-9.118995906228717e-17+9.522451012687831e-20j)
F_swave: (-2.7755575615628914e-17-6.323092679447227e-20j), F_dwave: (0.0662513666401647+2.2646245167240453e-17j)
F_px: (-6.938893903907228e-18-7.231240211898782e-18j), F_py: (1.3877787807814457e-17+2.1958859318979806e-17j)
Free_energy = -9532.493769347368
------------------------------------------
[{'stable': {'F_dwave': np.complex128(0.0662513666401647+0j)}, 'free': np.float64(-9532.493769347368)}]
------------------------------------------
====================================
mu=0.20, T=0.2207
====================================
  Seed: normal state
F_onsite: 0j
F_swave: 0j, F_dwave: 0j
F_px: 0j, F_py: 0j
Free_energy = -9385.722830997835
------------------------------------------
[{'stable': {}, 'free': np.float64(-9385.722830997835)}]
------------------------------------------
  Seed: d-wave
F_onsite: (7.870280744796216e-17+0j)
F_swave: (4.5102810375396984e-17+0j), F_dwave: (0.0623134158517618+0j)
F_px: -1.0881236703334958e-17j, F_py: 2.220950000766705e-17j
Free_energy = -9523.568680084132
------------------------------------------
[{'stable': {'F_dwave': np.complex128(0.0623134158517618+0j)}, 'free': np.float64(-9523.568680084132)}]
------------------------------------------
  Seed: d-wave+px
F_onsite: (7.373642828647973e-17+5.449369816502631e-19j)
F_swave: (2.7755575615628914e-17-1.1771510516985329e-17j), F_dwave: (0.06231341585176181+1.9608071078799838e-16j)
F_px: (-3.122502256758253e-17-2.682123458201708e-17j), F_py: (-1.3877787807814457e-17+2.0882395421007898e-17j)
Free_energy = -9523.568680084132
------------------------------------------
[{'stable': {'F_dwave': np.complex128(0.0623134158517618+0j)}, 'free': np.float64(-9523.568680084132)}]
------------------------------------------
  Seed: d-wave+py
F_onsite: (6.908002347623068e-17-1.5084984966961765e-19j)
F_swave: (4.163336342344337e-17-5.3508899347207895e-18j), F_dwave: (0.06231341585176178+2.864686851591909e-17j)
F_px: (-1.0408340855860843e-17-1.2824331938697548e-17j), F_py: (6.938893903907228e-18+2.2598412207548656e-17j)
Free_energy = -9523.568680084132
------------------------------------------
[{'stable': {'F_dwave': np.complex128(0.0623134158517618+0j)}, 'free': np.float64(-9523.568680084132)}]
------------------------------------------
====================================
mu=0.20, T=0.2268
====================================
  Seed: normal state
F_onsite: 0j
F_swave: 0j, F_dwave: 0j
F_px: 0j, F_py: 0j
Free_energy = -9396.261029570001
------------------------------------------
[{'stable': {}, 'free': np.float64(-9396.261029570001)}]
------------------------------------------
  Seed: d-wave
F_onsite: (3.168087187699315e-17+0j)
F_swave: (4.163336342344337e-17+0j), F_dwave: (0.05789846124734817+0j)
F_px: -1.664779192689885e-17j, F_py: 2.1005890177856452e-17j
Free_energy = -9514.321039777058
------------------------------------------
[{'stable': {'F_dwave': np.complex128(0.05789846124734817+0j)}, 'free': np.float64(-9514.321039777058)}]
------------------------------------------
  Seed: d-wave+px
F_onsite: (2.886258150324128e-17+2.239054585434305e-19j)
F_swave: (5.724587470723463e-17-6.7487075034932706e-18j), F_dwave: (0.057898461247348224+1.8692628206256355e-16j)
F_px: (1.734723475976807e-17-2.1197911471664206e-17j), F_py: (3.469446951953614e-18+2.2538375852279863e-17j)
Free_energy = -9514.321039777058
------------------------------------------
[{'stable': {'F_dwave': np.complex128(0.05789846124734817+0j)}, 'free': np.float64(-9514.321039777058)}]
------------------------------------------
  Seed: d-wave+py
F_onsite: (3.185709443469145e-17+5.852039658380149e-19j)
F_swave: (3.469446951953614e-17-3.955402637131447e-18j), F_dwave: (0.057898461247348175+2.5708880247844696e-17j)
F_px: (6.938893903907228e-18-1.4607408464176296e-17j), F_py: (6.938893903907228e-18+2.3111520199731118e-17j)
Free_energy = -9514.321039777058
------------------------------------------
[{'stable': {'F_dwave': np.complex128(0.05789846124734817+0j)}, 'free': np.float64(-9514.321039777058)}]
------------------------------------------
====================================
mu=0.20, T=0.2329
====================================
  Seed: normal state
F_onsite: 0j
F_swave: 0j, F_dwave: 0j
F_px: 0j, F_py: 0j
Free_energy = -9407.031847613458
------------------------------------------
[{'stable': {}, 'free': np.float64(-9407.031847613458)}]
------------------------------------------
  Seed: d-wave
F_onsite: (7.382516822119828e-17+0j)
F_swave: (-1.0408340855860843e-17+0j), F_dwave: (0.05288712136955456+0j)
F_px: -2.5797655649328148e-17j, F_py: 2.0740822632105672e-17j
Free_energy = -9504.762801840481
------------------------------------------
[{'stable': {'F_dwave': np.complex128(0.05288712136955456+0j)}, 'free': np.float64(-9504.762801840481)}]
------------------------------------------
  Seed: d-wave+px
F_onsite: (6.623245090879443e-17+4.580173457527864e-19j)
F_swave: (-2.2551405187698492e-17-4.895374599482485e-18j), F_dwave: (0.05288712136955471+1.3503626905912146e-16j)
F_px: (2.7755575615628914e-17-1.818054891656318e-17j), F_py: (-1.0408340855860843e-17+2.1308113849542502e-17j)
Free_energy = -9504.762801840483
------------------------------------------
[{'stable': {'F_dwave': np.complex128(0.05288712136955456+0j)}, 'free': np.float64(-9504.762801840481)}]
------------------------------------------
  Seed: d-wave+py
F_onsite: (7.422877280312005e-17+4.849132909504602e-19j)
F_swave: (-1.3877787807814457e-17+1.2728888944489036e-18j), F_dwave: (0.05288712136955457+2.7128269342824065e-17j)
F_px: -2.1092687893892866e-17j, F_py: 2.2721252664415843e-17j
Free_energy = -9504.762801840483
------------------------------------------
[{'stable': {'F_dwave': np.complex128(0.05288712136955456+0j)}, 'free': np.float64(-9504.762801840481)}]
------------------------------------------
====================================
mu=0.20, T=0.2390
====================================
  Seed: normal state
F_onsite: 0j
F_swave: 0j, F_dwave: 0j
F_px: 0j, F_py: 0j
Free_energy = -9418.03317765804
------------------------------------------
[{'stable': {}, 'free': np.float64(-9418.03317765804)}]
------------------------------------------
  Seed: d-wave
F_onsite: (9.583132903632631e-17+0j)
F_swave: (-1.0408340855860843e-17+0j), F_dwave: (0.04708836162694567+0j)
F_px: -1.7461611504607616e-17j, F_py: 2.1714474597265302e-17j
Free_energy = -9494.901659122872
------------------------------------------
[{'stable': {'F_dwave': np.complex128(0.04708836162694567+0j)}, 'free': np.float64(-9494.901659122872)}]
------------------------------------------
  Seed: d-wave+px
F_onsite: (5.527377024778981e-17-4.594306712599354e-19j)
F_swave: (6.938893903907228e-18+3.722735445781639e-18j), F_dwave: (0.04708836162694551+1.206291702384907e-16j)
F_px: (6.938893903907228e-18-1.759533889910692e-17j), F_py: (-6.938893903907228e-18+2.1138002915800053e-17j)
Free_energy = -9494.901659122872
------------------------------------------
[{'stable': {'F_dwave': np.complex128(0.04708836162694567+0j)}, 'free': np.float64(-9494.901659122872)}]
------------------------------------------
  Seed: d-wave+py
F_onsite: (9.611636224052229e-17+4.497533563865201e-19j)
F_swave: (-3.469446951953614e-18-1.272617372412833e-19j), F_dwave: (0.04708836162694567+7.298439537681978e-18j)
F_px: -9.761584051337269e-18j, F_py: (6.938893903907228e-18+2.2186037856772595e-17j)
Free_energy = -9494.901659122872
------------------------------------------
[{'stable': {'F_dwave': np.complex128(0.04708836162694567+0j)}, 'free': np.float64(-9494.901659122872)}]
------------------------------------------
====================================
mu=0.20, T=0.2451
====================================
  Seed: normal state
F_onsite: 0j
F_swave: 0j, F_dwave: 0j
F_px: 0j, F_py: 0j
Free_energy = -9429.262979017574
------------------------------------------
[{'stable': {}, 'free': np.float64(-9429.262979017574)}]
------------------------------------------
  Seed: d-wave
F_onsite: (-3.297296769847038e-17+0j)
F_swave: (6.938893903907228e-18+0j), F_dwave: (0.04016241242030104+0j)
F_px: -2.5019107052938644e-17j, F_py: 2.1213261048701046e-17j
Free_energy = -9484.748040603461
------------------------------------------
[{'stable': {'F_dwave': np.complex128(0.04016241242030104+0j)}, 'free': np.float64(-9484.748040603461)}]
------------------------------------------
  Seed: d-wave+px
F_onsite: (-4.1791017430751077e-17-9.638041200615726e-19j)
F_swave: (1.214306433183765e-17-4.215902905130015e-18j), F_dwave: (0.040162412420301+8.419996411148552e-17j)
F_px: (-3.469446951953614e-18-3.056239609621197e-17j), F_py: (-3.469446951953614e-18+2.1706117177946373e-17j)
Free_energy = -9484.748040603457
------------------------------------------
[{'stable': {'F_dwave': np.complex128(0.04016241242030104+0j)}, 'free': np.float64(-9484.748040603461)}]
------------------------------------------
  Seed: d-wave+py
F_onsite: (-3.305013372345423e-17+8.343062342681192e-19j)
F_swave: (5.204170427930421e-18+1.1688317447388407e-18j), F_dwave: (0.04016241242030108+9.027437579651422e-18j)
F_px: (1.3877787807814457e-17-3.1901925762735443e-17j), F_py: (-3.469446951953614e-18+2.280567761286515e-17j)
Free_energy = -9484.748040603463
------------------------------------------
[{'stable': {'F_dwave': np.complex128(0.04016241242030104+0j)}, 'free': np.float64(-9484.748040603461)}]
------------------------------------------
====================================
mu=0.20, T=0.2512
====================================
  Seed: normal state
F_onsite: 0j
F_swave: 0j, F_dwave: 0j
F_px: 0j, F_py: 0j
Free_energy = -9440.719274039113
------------------------------------------
[{'stable': {}, 'free': np.float64(-9440.719274039113)}]
------------------------------------------
  Seed: d-wave
F_onsite: (4.954944218090644e-17+0j)
F_swave: 0j, F_dwave: (0.03136960761874434+0j)
F_px: -1.2124472620389908e-17j, F_py: 1.8733864917550925e-17j
Free_energy = -9474.308165215145
------------------------------------------
[{'stable': {'F_dwave': np.complex128(0.03136960761874434+0j)}, 'free': np.float64(-9474.308165215145)}]
------------------------------------------
  Seed: d-wave+px
F_onsite: (5.03966174032261e-17+4.658197956548908e-19j)
F_swave: -2.618832416044536e-18j, F_dwave: (0.03136960761874436+4.34990592654918e-17j)
F_px: (6.938893903907228e-18-1.645452469229344e-17j), F_py: (6.938893903907228e-18+1.9135325447324962e-17j)
Free_energy = -9474.308165215147
------------------------------------------
[{'stable': {'F_dwave': np.complex128(0.03136960761874434+0j)}, 'free': np.float64(-9474.308165215145)}]
------------------------------------------
  Seed: d-wave+py
F_onsite: (4.5377831385458615e-17+6.140786860579308e-20j)
F_swave: (-3.469446951953614e-18+2.6228770190471904e-19j), F_dwave: (0.03136960761874433+4.442834943100263e-18j)
F_px: (3.469446951953614e-18-1.2279466208052491e-17j), F_py: 1.8771444146369516e-17j
Free_energy = -9474.308165215147
------------------------------------------
[{'stable': {'F_dwave': np.complex128(0.03136960761874434+0j)}, 'free': np.float64(-9474.308165215145)}]
------------------------------------------
====================================
mu=0.20, T=0.2573
====================================
  Seed: normal state
F_onsite: 0j
F_swave: 0j, F_dwave: 0j
F_px: 0j, F_py: 0j
Free_energy = -9452.400144610989
------------------------------------------
[{'stable': {}, 'free': np.float64(-9452.400144610989)}]
------------------------------------------
  Seed: d-wave
F_onsite: (-3.1362008640104984e-17+0j)
F_swave: (3.469446951953614e-17+0j), F_dwave: (0.018194632038511408+0j)
F_px: -3.8616294103869494e-18j, F_py: 1.1343474328616328e-17j
Free_energy = -9463.613636832617
------------------------------------------
[{'stable': {'F_dwave': np.complex128(0.018194632038511408+0j)}, 'free': np.float64(-9463.613636832617)}]
------------------------------------------
  Seed: d-wave+px
F_onsite: (-3.302993893597936e-17+4.335094272976677e-20j)
F_swave: (3.8163916471489756e-17+8.830481326309177e-19j), F_dwave: (0.018194632038511415+1.6054959181603974e-17j)
F_px: (-5.204170427930421e-18-7.255268878115259e-18j), F_py: (-3.469446951953614e-18+1.1726908111300996e-17j)
Free_energy = -9463.613636832617
------------------------------------------
[{'stable': {'F_dwave': np.complex128(0.018194632038511408+0j)}, 'free': np.float64(-9463.613636832617)}]
------------------------------------------
  Seed: d-wave+py
F_onsite: (-3.1362008640104984e-17+0j)
F_swave: (3.469446951953614e-17+0j), F_dwave: (0.018194632038511408+0j)
F_px: -3.8616294103869494e-18j, F_py: 1.1343474328616328e-17j
Free_energy = -9463.613636832617
------------------------------------------
[{'stable': {'F_dwave': np.complex128(0.018194632038511408+0j)}, 'free': np.float64(-9463.613636832617)}]
------------------------------------------
====================================
mu=0.20, T=0.2634
====================================
  Seed: normal state
F_onsite: 0j
F_swave: 0j, F_dwave: 0j
F_px: 0j, F_py: 0j
Free_energy = -9464.30372891035
------------------------------------------
[{'stable': {}, 'free': np.float64(-9464.30372891035)}]
------------------------------------------
  Seed: d-wave
F_onsite: (1.0002543383631599e-19+0j)
F_swave: (-8.246125079984967e-20+0j), F_dwave: (1.1350653616147608e-13+0j)
F_px: 5.85219126778785e-20j, F_py: -1.3489423394311026e-19j
Free_energy = -9464.30372891035
------------------------------------------
[{'stable': {}, 'free': np.float64(-9464.30372891035)}]
------------------------------------------
  Seed: d-wave+px
F_onsite: (6.24747154955984e-20+0j)
F_swave: (2.5418710356149165e-20+0j), F_dwave: (1.1350758428730344e-13+0j)
F_px: 1.5725608818240443e-19j, F_py: 1.350847771476752e-19j
Free_energy = -9464.30372891035
------------------------------------------
[{'stable': {}, 'free': np.float64(-9464.30372891035)}]
------------------------------------------
  Seed: d-wave+py
F_onsite: (1.0002543383631599e-19+0j)
F_swave: (-8.246125079984967e-20+0j), F_dwave: (1.1350653616147608e-13+0j)
F_px: 5.85219126778785e-20j, F_py: -1.3489423394311026e-19j
Free_energy = -9464.30372891035
------------------------------------------
[{'stable': {}, 'free': np.float64(-9464.30372891035)}]
------------------------------------------
====================================
mu=0.20, T=0.2695
====================================
  Seed: normal state
F_onsite: 0j
F_swave: 0j, F_dwave: 0j
F_px: 0j, F_py: 0j
Free_energy = -9476.428218368303
------------------------------------------
[{'stable': {}, 'free': np.float64(-9476.428218368303)}]
------------------------------------------
  Seed: d-wave
F_onsite: (1.3317839586844006e-19+0j)
F_swave: (-7.515686735039371e-20+0j), F_dwave: (4.0701359363028444e-14+0j)
F_px: 1.3629478626427317e-19j, F_py: -3.0758831356561095e-19j
Free_energy = -9476.428218368303
------------------------------------------
[{'stable': {}, 'free': np.float64(-9476.428218368303)}]
------------------------------------------
  Seed: d-wave+px
F_onsite: (1.9544427929895007e-19+0j)
F_swave: (-4.2667156885550403e-20+0j), F_dwave: (4.070130058923415e-14+0j)
F_px: 1.1590110032136916e-19j, F_py: 2.5476267511648616e-19j
Free_energy = -9476.428218368303
------------------------------------------
[{'stable': {}, 'free': np.float64(-9476.428218368303)}]
------------------------------------------
  Seed: d-wave+py
F_onsite: (1.3317839586844006e-19+0j)
F_swave: (-7.515686735039371e-20+0j), F_dwave: (4.0701359363028444e-14+0j)
F_px: 1.3629478626427317e-19j, F_py: -3.0758831356561095e-19j
Free_energy = -9476.428218368303
------------------------------------------
[{'stable': {}, 'free': np.float64(-9476.428218368303)}]
------------------------------------------
====================================
mu=0.20, T=0.2756
====================================
  Seed: normal state
F_onsite: 0j
F_swave: 0j, F_dwave: 0j
F_px: 0j, F_py: 0j
Free_energy = -9488.771854835217
------------------------------------------
[{'stable': {}, 'free': np.float64(-9488.771854835217)}]
------------------------------------------
  Seed: d-wave
F_onsite: (2.910627050020063e-19+0j)
F_swave: (-5.928030030551833e-20+0j), F_dwave: (2.4971615533798947e-14+0j)
F_px: 2.868192744815017e-20j, F_py: 1.4255675538277892e-19j
Free_energy = -9488.771854835217
------------------------------------------
[{'stable': {}, 'free': np.float64(-9488.771854835217)}]
------------------------------------------
  Seed: d-wave+px
F_onsite: (2.11697788370924e-19+0j)
F_swave: (-1.8252475182699593e-19+0j), F_dwave: (2.4972112325770005e-14+0j)
F_px: 1.2414240188096658e-19j, F_py: -1.0339396410449596e-19j
Free_energy = -9488.771854835217
------------------------------------------
[{'stable': {}, 'free': np.float64(-9488.771854835217)}]
------------------------------------------
  Seed: d-wave+py
F_onsite: (2.910627050020063e-19+0j)
F_swave: (-5.928030030551833e-20+0j), F_dwave: (2.4971615533798947e-14+0j)
F_px: 2.868192744815017e-20j, F_py: 1.4255675538277892e-19j
Free_energy = -9488.771854835217
------------------------------------------
[{'stable': {}, 'free': np.float64(-9488.771854835217)}]
------------------------------------------
====================================
mu=0.20, T=0.2817
====================================
  Seed: normal state
F_onsite: 0j
F_swave: 0j, F_dwave: 0j
F_px: 0j, F_py: 0j
Free_energy = -9501.332927928375
------------------------------------------
[{'stable': {}, 'free': np.float64(-9501.332927928375)}]
------------------------------------------
  Seed: d-wave
F_onsite: (6.826105422034998e-20+0j)
F_swave: (-4.5102022708549495e-20+0j), F_dwave: (1.8264077505828613e-14+0j)
F_px: 1.2094983159148675e-19j, F_py: -2.2770319844829662e-19j
Free_energy = -9501.332927928375
------------------------------------------
[{'stable': {}, 'free': np.float64(-9501.332927928375)}]
------------------------------------------
  Seed: d-wave+px
F_onsite: (-5.604295786225934e-20+0j)
F_swave: (9.527361277015588e-20+0j), F_dwave: (1.8264710677072887e-14+0j)
F_px: 1.229907598212214e-19j, F_py: -2.6690414609251494e-19j
Free_energy = -9501.332927928375
------------------------------------------
[{'stable': {}, 'free': np.float64(-9501.332927928375)}]
------------------------------------------
  Seed: d-wave+py
F_onsite: (6.826105422034998e-20+0j)
F_swave: (-4.5102022708549495e-20+0j), F_dwave: (1.8264077505828613e-14+0j)
F_px: 1.2094983159148675e-19j, F_py: -2.2770319844829662e-19j
Free_energy = -9501.332927928375
------------------------------------------
[{'stable': {}, 'free': np.float64(-9501.332927928375)}]
------------------------------------------
====================================
mu=0.20, T=0.2878
====================================
  Seed: normal state
F_onsite: 0j
F_swave: 0j, F_dwave: 0j
F_px: 0j, F_py: 0j
Free_energy = -9514.10977254687
------------------------------------------
[{'stable': {}, 'free': np.float64(-9514.10977254687)}]
------------------------------------------
  Seed: d-wave
F_onsite: (-1.1879325450660295e-19+0j)
F_swave: (1.4685039063483615e-19+0j), F_dwave: (1.3999973612873368e-14+0j)
F_px: 5.619558385093519e-19j, F_py: 6.241150692803417e-20j
Free_energy = -9514.10977254687
------------------------------------------
[{'stable': {}, 'free': np.float64(-9514.10977254687)}]
------------------------------------------
  Seed: d-wave+px
F_onsite: (3.381510908068346e-19+0j)
F_swave: (-7.126429350779733e-20+0j), F_dwave: (1.4000254813769712e-14+0j)
F_px: 2.0531959287435108e-19j, F_py: 4.8257988858591576e-20j
Free_energy = -9514.10977254687
------------------------------------------
[{'stable': {}, 'free': np.float64(-9514.10977254687)}]
------------------------------------------
  Seed: d-wave+py
F_onsite: (-1.1879325450660295e-19+0j)
F_swave: (1.4685039063483615e-19+0j), F_dwave: (1.3999973612873368e-14+0j)
F_px: 5.619558385093519e-19j, F_py: 6.241150692803417e-20j
Free_energy = -9514.10977254687
------------------------------------------
[{'stable': {}, 'free': np.float64(-9514.10977254687)}]
------------------------------------------
====================================
mu=0.20, T=0.2939
====================================
  Seed: normal state
F_onsite: 0j
F_swave: 0j, F_dwave: 0j
F_px: 0j, F_py: 0j
Free_energy = -9527.10076653772
------------------------------------------
[{'stable': {}, 'free': np.float64(-9527.10076653772)}]
------------------------------------------
  Seed: d-wave
F_onsite: (-2.277064788269307e-19+0j)
F_swave: (1.2250536762972437e-19+0j), F_dwave: (1.0993116940756246e-14+0j)
F_px: 1.644475308556286e-20j, F_py: -1.218170063096407e-20j
Free_energy = -9527.10076653772
------------------------------------------
[{'stable': {}, 'free': np.float64(-9527.10076653772)}]
------------------------------------------
  Seed: d-wave+px
F_onsite: (-5.908592517759976e-20+0j)
F_swave: (7.356970718998534e-20+0j), F_dwave: (1.0993536121577493e-14+0j)
F_px: 3.1609218731932573e-19j, F_py: 4.685290997227657e-20j
Free_energy = -9527.10076653772
------------------------------------------
[{'stable': {}, 'free': np.float64(-9527.10076653772)}]
------------------------------------------
  Seed: d-wave+py
F_onsite: (-2.277064788269307e-19+0j)
F_swave: (1.2250536762972437e-19+0j), F_dwave: (1.0993116940756246e-14+0j)
F_px: 1.644475308556286e-20j, F_py: -1.218170063096407e-20j
Free_energy = -9527.10076653772
------------------------------------------
[{'stable': {}, 'free': np.float64(-9527.10076653772)}]
------------------------------------------
====================================
mu=0.20, T=0.3000
====================================
  Seed: normal state
F_onsite: 0j
F_swave: 0j, F_dwave: 0j
F_px: 0j, F_py: 0j
Free_energy = -9540.304328502903
------------------------------------------
[{'stable': {}, 'free': np.float64(-9540.304328502903)}]
------------------------------------------
  Seed: d-wave
F_onsite: (2.517653019454656e-19+0j)
F_swave: (-5.514376352475562e-20+0j), F_dwave: (9.099572484056365e-15+0j)
F_px: -1.7948725451695264e-19j, F_py: 1.528495482691413e-19j
Free_energy = -9540.304328502903
------------------------------------------
[{'stable': {}, 'free': np.float64(-9540.304328502903)}]
------------------------------------------
  Seed: d-wave+px
F_onsite: (1.0588211801914638e-19+0j)
F_swave: (-3.932361803877598e-20+0j), F_dwave: (9.099958403079213e-15+0j)
F_px: -3.6687257753722526e-20j, F_py: -5.3461423595300663e-20j
Free_energy = -9540.304328502903
------------------------------------------
[{'stable': {}, 'free': np.float64(-9540.304328502903)}]
------------------------------------------
  Seed: d-wave+py
F_onsite: (2.517653019454656e-19+0j)
F_swave: (-5.514376352475562e-20+0j), F_dwave: (9.099572484056365e-15+0j)
F_px: -1.7948725451695264e-19j, F_py: 1.528495482691413e-19j
Free_energy = -9540.304328502903
------------------------------------------
[{'stable': {}, 'free': np.float64(-9540.304328502903)}]
------------------------------------------
