/home/emilssp/D1/venv/bin/python
Python 3.10.12
Running job 3 out of 25
====================================
mu=2.52, T=0.0010
====================================
  Seed: normal state
F_onsite: 0j
F_swave: 0j, F_dwave: 0j
F_px: 0j, F_py: 0j
Free_energy = -15229.520263778559
------------------------------------------
[{'stable': {}, 'free': np.float64(-15229.520263778559)}]
------------------------------------------
  Seed: px+i*py
F_onsite: (-0.001926575437234857+0.02193797240623988j)
F_swave: (0.0014421045564361862-0.016421287926008617j), F_dwave: (-5.063903398168368e-13+5.738025506130118e-12j)
F_px: (8.719932570390616e-09-9.470000780255339e-08j), F_py: (-1.247602485165934e-07+1.4210630335364377e-06j)
Free_energy = -15239.769918917144
------------------------------------------
[{'stable': {'F_onsite': np.complex128(-0.001926575437234857+0.02193797240623988j), 'F_swave': np.complex128(0.0014421045564361862-0.016421287926008617j)}, 'free': np.float64(-15239.769918917144)}]
------------------------------------------
  Seed: s-wave
F_onsite: (-0.022027195734290676+0j)
F_swave: (0.01648828390875435+0j), F_dwave: (-1.9081958235744878e-17+0j)
F_px: 3.834306393983404e-18j, F_py: 3.1896084420044747e-18j
Free_energy = -15239.775422252487
------------------------------------------
[{'stable': {'F_onsite': np.complex128(-0.001926575437234857+0.02193797240623988j), 'F_swave': np.complex128(0.0014421045564361862-0.016421287926008617j)}, 'free': np.float64(-15239.769918917144)}, {'stable': {'F_onsite': np.complex128(-0.022027195734290676+0j), 'F_swave': np.complex128(0.01648828390875435+0j)}, 'free': np.float64(-15239.775422252487)}]
------------------------------------------
  Seed: s-wave+px
F_onsite: (-0.022025787973783885-4.175945809931322e-18j)
F_swave: (0.016487168611486015+2.9193784620507512e-18j), F_dwave: (1.0316063975279732e-11-1.9092652026703964e-19j)
F_px: (1.9046768582938606e-06-5.964700135446376e-19j), F_py: (-6.938893903907228e-18+3.392366953753473e-18j)
Free_energy = -15239.773804952476
------------------------------------------
[{'stable': {'F_onsite': np.complex128(-0.001926575437234857+0.02193797240623988j), 'F_swave': np.complex128(0.0014421045564361862-0.016421287926008617j)}, 'free': np.float64(-15239.769918917144)}, {'stable': {'F_onsite': np.complex128(-0.022027195734290676+0j), 'F_swave': np.complex128(0.01648828390875435+0j)}, 'free': np.float64(-15239.775422252487)}]
------------------------------------------
  Seed: s-wave+py
F_onsite: (-0.022025787973783763-1.0519615802650284e-18j)
F_swave: (0.016487168611485956+2.5490927152026135e-18j), F_dwave: (-1.0316092598217086e-11+1.1217363199607106e-18j)
F_px: (1.3877787807814457e-17-8.300922883092143e-20j), F_py: (1.9046768582210022e-06+3.246253770352106e-18j)
Free_energy = -15239.773804952469
------------------------------------------
[{'stable': {'F_onsite': np.complex128(-0.001926575437234857+0.02193797240623988j), 'F_swave': np.complex128(0.0014421045564361862-0.016421287926008617j)}, 'free': np.float64(-15239.769918917144)}, {'stable': {'F_onsite': np.complex128(-0.022027195734290676+0j), 'F_swave': np.complex128(0.01648828390875435+0j)}, 'free': np.float64(-15239.775422252487)}]
------------------------------------------
====================================
mu=2.52, T=0.0040
====================================
  Seed: normal state
F_onsite: 0j
F_swave: 0j, F_dwave: 0j
F_px: 0j, F_py: 0j
Free_energy = -15229.541387747577
------------------------------------------
[{'stable': {}, 'free': np.float64(-15229.541387747577)}]
------------------------------------------
  Seed: px+i*py
F_onsite: (-0.001926655564616376+0.02193888481914261j)
F_swave: (0.0014421680464472516-0.016422010888673722j), F_dwave: (-1.841847529528151e-13+2.090768530527143e-12j)
F_px: (5.1761874947939615e-09-5.717025115120622e-08j), F_py: (-7.531534575069398e-08+8.577778419331661e-07j)
Free_energy = -15239.770971786016
------------------------------------------
[{'stable': {'F_onsite': np.complex128(-0.001926655564616376+0.02193888481914261j), 'F_swave': np.complex128(0.0014421680464472516-0.016422010888673722j)}, 'free': np.float64(-15239.770971786016)}]
------------------------------------------
  Seed: s-wave
F_onsite: (-0.022026141879394008+0j)
F_swave: (0.016487449104966415+0j), F_dwave: (1.0408340855860843e-17+0j)
F_px: 2.9884381170315784e-18j, F_py: 3.3906728878589643e-18j
Free_energy = -15239.774212295517
------------------------------------------
[{'stable': {'F_onsite': np.complex128(-0.001926655564616376+0.02193888481914261j), 'F_swave': np.complex128(0.0014421680464472516-0.016422010888673722j)}, 'free': np.float64(-15239.770971786016)}, {'stable': {'F_onsite': np.complex128(-0.022026141879394008+0j), 'F_swave': np.complex128(0.016487449104966415+0j)}, 'free': np.float64(-15239.774212295517)}]
------------------------------------------
  Seed: s-wave+px
F_onsite: (-0.022025312973472887-4.4984968377101e-18j)
F_swave: (0.016486792406431777+4.88888888309461e-18j), F_dwave: (3.7582159606586174e-12+1.3545909711168381e-18j)
F_px: (1.149629972914748e-06+2.2424138487373534e-18j), F_py: (-1.3877787807814457e-17+3.6340360415169654e-18j)
Free_energy = -15239.773260039605
------------------------------------------
[{'stable': {'F_onsite': np.complex128(-0.001926655564616376+0.02193888481914261j), 'F_swave': np.complex128(0.0014421680464472516-0.016422010888673722j)}, 'free': np.float64(-15239.770971786016)}, {'stable': {'F_onsite': np.complex128(-0.022026141879394008+0j), 'F_swave': np.complex128(0.016487449104966415+0j)}, 'free': np.float64(-15239.774212295517)}]
------------------------------------------
  Seed: s-wave+py
F_onsite: (-0.022025312973472853-4.577188555328535e-18j)
F_swave: (0.016486792406431725+4.343743772197662e-18j), F_dwave: (-3.758234175255115e-12+1.9197472353926683e-18j)
F_px: (1.734723475976807e-18+1.5348237004247922e-18j), F_py: (1.1496299728245424e-06+2.8987585037410293e-18j)
Free_energy = -15239.77326003961
------------------------------------------
[{'stable': {'F_onsite': np.complex128(-0.001926655564616376+0.02193888481914261j), 'F_swave': np.complex128(0.0014421680464472516-0.016422010888673722j)}, 'free': np.float64(-15239.770971786016)}, {'stable': {'F_onsite': np.complex128(-0.022026141879394008+0j), 'F_swave': np.complex128(0.016487449104966415+0j)}, 'free': np.float64(-15239.774212295517)}]
------------------------------------------
====================================
mu=2.52, T=0.0070
====================================
  Seed: normal state
F_onsite: 0j
F_swave: 0j, F_dwave: 0j
F_px: 0j, F_py: 0j
Free_energy = -15229.606842857487
------------------------------------------
[{'stable': {}, 'free': np.float64(-15229.606842857487)}]
------------------------------------------
  Seed: px+i*py
F_onsite: (-0.0019266014054737767+0.021938268107358355j)
F_swave: (0.0014421352958720322-0.01642163795688953j), F_dwave: (-6.699512906244154e-14+7.614750843765172e-13j)
F_px: (3.0906255218910925e-09-3.450987321428067e-08j), F_py: (-4.5462000796943694e-08+5.177387832674268e-07j)
Free_energy = -15239.7711459123
------------------------------------------
[{'stable': {'F_onsite': np.complex128(-0.0019266014054737767+0.021938268107358355j), 'F_swave': np.complex128(0.0014421352958720322-0.01642163795688953j)}, 'free': np.float64(-15239.7711459123)}]
------------------------------------------
  Seed: s-wave
F_onsite: (-0.022024364092868527+0j)
F_swave: (0.016486156657294658+0j), F_dwave: (-2.949029909160572e-17+0j)
F_px: 9.603130160377223e-18j, F_py: 3.33148646066957e-18j
Free_energy = -15239.77305450099
------------------------------------------
[{'stable': {'F_onsite': np.complex128(-0.0019266014054737767+0.021938268107358355j), 'F_swave': np.complex128(0.0014421352958720322-0.01642163795688953j)}, 'free': np.float64(-15239.7711459123)}, {'stable': {'F_onsite': np.complex128(-0.022024364092868527+0j), 'F_swave': np.complex128(0.016486156657294658+0j)}, 'free': np.float64(-15239.77305450099)}]
------------------------------------------
  Seed: s-wave+px
F_onsite: (-0.022023875677419442-6.877977169972738e-18j)
F_swave: (0.016485769742856118+3.1250751193355377e-18j), F_dwave: (1.3686239641597098e-12-1.6651079556243443e-18j)
F_px: (6.938721180613228e-07+2.8060083960166834e-18j), F_py: (-3.469446951953614e-18+3.3002521207395677e-18j)
Free_energy = -15239.772493661152
------------------------------------------
[{'stable': {'F_onsite': np.complex128(-0.0019266014054737767+0.021938268107358355j), 'F_swave': np.complex128(0.0014421352958720322-0.01642163795688953j)}, 'free': np.float64(-15239.7711459123)}, {'stable': {'F_onsite': np.complex128(-0.022024364092868527+0j), 'F_swave': np.complex128(0.016486156657294658+0j)}, 'free': np.float64(-15239.77305450099)}]
------------------------------------------
  Seed: s-wave+py
F_onsite: (-0.022023875677419303-5.256283153872496e-18j)
F_swave: (0.016485769742856083+3.514604395954109e-18j), F_dwave: (-1.3686230967979718e-12-2.1567576419462622e-19j)
F_px: (5.204170427930421e-18+2.2451137662567264e-18j), F_py: (6.938721179312185e-07+3.0374072092947176e-18j)
Free_energy = -15239.772493661172
------------------------------------------
[{'stable': {'F_onsite': np.complex128(-0.0019266014054737767+0.021938268107358355j), 'F_swave': np.complex128(0.0014421352958720322-0.01642163795688953j)}, 'free': np.float64(-15239.7711459123)}, {'stable': {'F_onsite': np.complex128(-0.022024364092868527+0j), 'F_swave': np.complex128(0.016486156657294658+0j)}, 'free': np.float64(-15239.77305450099)}]
------------------------------------------
====================================
mu=2.52, T=0.0100
====================================
  Seed: normal state
F_onsite: 0j
F_swave: 0j, F_dwave: 0j
F_px: 0j, F_py: 0j
Free_energy = -15229.706977393093
------------------------------------------
[{'stable': {}, 'free': np.float64(-15229.706977393093)}]
------------------------------------------
  Seed: px+i*py
F_onsite: (-0.0019231911336474042+0.021899435239577526j)
F_swave: (0.0014395937627622634-0.016392697442984376j), F_dwave: (-4.345482307321902e-16+4.870236158804886e-15j)
F_px: (2.4296682602040903e-10-2.760659407671784e-09j), F_py: (-3.6366800616922934e-09+4.141152723687036e-08j)
Free_energy = -15239.740813018905
------------------------------------------
[{'stable': {'F_onsite': np.complex128(-0.0019231911336474042+0.021899435239577526j), 'F_swave': np.complex128(0.0014395937627622634-0.016392697442984376j)}, 'free': np.float64(-15239.740813018905)}]
------------------------------------------
  Seed: s-wave
F_onsite: (-0.021983841995882526+0j)
F_swave: (0.01645588488848202+0j), F_dwave: (-4.163336342344337e-17+0j)
F_px: 3.362932558836386e-18j, F_py: 3.257794594258446e-18j
Free_energy = -15239.740952642136
------------------------------------------
[{'stable': {'F_onsite': np.complex128(-0.0019231911336474042+0.021899435239577526j), 'F_swave': np.complex128(0.0014395937627622634-0.016392697442984376j)}, 'free': np.float64(-15239.740813018905)}, {'stable': {'F_onsite': np.complex128(-0.021983841995882526+0j), 'F_swave': np.complex128(0.01645588488848202+0j)}, 'free': np.float64(-15239.740952642136)}]
------------------------------------------
  Seed: s-wave+px
F_onsite: (-0.021983806034669793-8.370098795521177e-18j)
F_swave: (0.016455856427532944+6.6952395826736085e-18j), F_dwave: (8.668413209456105e-15+5.011523371989271e-19j)
F_px: (5.549716012437367e-08+7.053031593549745e-18j), F_py: (-1.0408340855860843e-17+2.7364987547826274e-18j)
Free_energy = -15239.740911615496
------------------------------------------
[{'stable': {'F_onsite': np.complex128(-0.0019231911336474042+0.021899435239577526j), 'F_swave': np.complex128(0.0014395937627622634-0.016392697442984376j)}, 'free': np.float64(-15239.740813018905)}, {'stable': {'F_onsite': np.complex128(-0.021983841995882526+0j), 'F_swave': np.complex128(0.01645588488848202+0j)}, 'free': np.float64(-15239.740952642136)}]
------------------------------------------
  Seed: s-wave+py
F_onsite: (-0.021983806034669786-2.956324298923757e-18j)
F_swave: (0.01645585642753292+1.8891481701731067e-18j), F_dwave: (-8.65453542164829e-15-7.233131973959691e-19j)
F_px: 3.773531780017908e-19j, F_py: (5.5497160058454176e-08+3.3132752523036026e-18j)
Free_energy = -15239.740911615501
------------------------------------------
[{'stable': {'F_onsite': np.complex128(-0.0019231911336474042+0.021899435239577526j), 'F_swave': np.complex128(0.0014395937627622634-0.016392697442984376j)}, 'free': np.float64(-15239.740813018905)}, {'stable': {'F_onsite': np.complex128(-0.021983841995882526+0j), 'F_swave': np.complex128(0.01645588488848202+0j)}, 'free': np.float64(-15239.740952642136)}]
------------------------------------------
====================================
mu=2.52, T=0.0130
====================================
  Seed: normal state
F_onsite: 0j
F_swave: 0j, F_dwave: 0j
F_px: 0j, F_py: 0j
Free_energy = -15229.836874180379
------------------------------------------
[{'stable': {}, 'free': np.float64(-15229.836874180379)}]
------------------------------------------
  Seed: px+i*py
F_onsite: (-0.001908536178816541+0.021732558828469868j)
F_swave: (0.0014286348663904791-0.016267908160633587j), F_dwave: (7.968885967768458e-18+1.734723475976807e-18j)
F_px: (4.240016107312505e-12-4.827761454495594e-11j), F_py: (-6.35970322628368e-11+7.241817145953178e-10j)
Free_energy = -15239.609805407745
------------------------------------------
[{'stable': {'F_onsite': np.complex128(-0.001908536178816541+0.021732558828469868j), 'F_swave': np.complex128(0.0014286348663904791-0.016267908160633587j)}, 'free': np.float64(-15239.609805407745)}]
------------------------------------------
  Seed: s-wave
F_onsite: (-0.021816203182416602+0j)
F_swave: (0.01633052023766052+0j), F_dwave: (1.5612511283791264e-17+0j)
F_px: 2.3787861532452957e-18j, F_py: 2.9849441061241544e-18j
Free_energy = -15239.60980790787
------------------------------------------
[{'stable': {'F_onsite': np.complex128(-0.001908536178816541+0.021732558828469868j), 'F_swave': np.complex128(0.0014286348663904791-0.016267908160633587j)}, 'free': np.float64(-15239.609805407745)}, {'stable': {'F_onsite': np.complex128(-0.021816203182416602+0j), 'F_swave': np.complex128(0.01633052023766052+0j)}, 'free': np.float64(-15239.60980790787)}]
------------------------------------------
  Seed: s-wave+px
F_onsite: (-0.021816202524348117-6.9246626389792175e-18j)
F_swave: (0.016330519718303425+5.4609802296260845e-18j), F_dwave: (3.9898639947466563e-17-2.404514779018145e-19j)
F_px: (9.705000761361937e-10+2.436225574980978e-18j), F_py: (-6.938893903907228e-18+3.0758413292763815e-18j)
Free_energy = -15239.60980717325
------------------------------------------
[{'stable': {'F_onsite': np.complex128(-0.001908536178816541+0.021732558828469868j), 'F_swave': np.complex128(0.0014286348663904791-0.016267908160633587j)}, 'free': np.float64(-15239.609805407745)}, {'stable': {'F_onsite': np.complex128(-0.021816203182416602+0j), 'F_swave': np.complex128(0.01633052023766052+0j)}, 'free': np.float64(-15239.60980790787)}]
------------------------------------------
  Seed: s-wave+py
F_onsite: (-0.021816202524348096-2.227308989536756e-19j)
F_swave: (0.01633051971830346-3.962526006374024e-20j), F_dwave: (6.938893903907228e-18-6.974522227251112e-19j)
F_px: (-3.469446951953614e-18+1.1466179127863057e-18j), F_py: (9.70500048380618e-10+2.8105611981081753e-18j)
Free_energy = -15239.60980717325
------------------------------------------
[{'stable': {'F_onsite': np.complex128(-0.001908536178816541+0.021732558828469868j), 'F_swave': np.complex128(0.0014286348663904791-0.016267908160633587j)}, 'free': np.float64(-15239.609805407745)}, {'stable': {'F_onsite': np.complex128(-0.021816203182416602+0j), 'F_swave': np.complex128(0.01633052023766052+0j)}, 'free': np.float64(-15239.60980790787)}]
------------------------------------------
====================================
mu=2.52, T=0.0160
====================================
  Seed: normal state
F_onsite: 0j
F_swave: 0j, F_dwave: 0j
F_px: 0j, F_py: 0j
Free_energy = -15229.99514103822
------------------------------------------
[{'stable': {}, 'free': np.float64(-15229.99514103822)}]
------------------------------------------
  Seed: px+i*py
F_onsite: (-0.0018749142492997732+0.02134970490656902j)
F_swave: (0.001403494260685975-0.01598163132788576j), F_dwave: (-1.6805133673525319e-18-8.673617379884035e-18j)
F_px: (2.6745532871741418e-14-3.043364171784191e-13j), F_py: (-4.0094175809274324e-13+4.565559735825175e-12j)
Free_energy = -15239.318144468316
------------------------------------------
[{'stable': {'F_onsite': np.complex128(-0.0018749142492997732+0.02134970490656902j), 'F_swave': np.complex128(0.001403494260685975-0.01598163132788576j)}, 'free': np.float64(-15239.318144468316)}]
------------------------------------------
  Seed: s-wave
F_onsite: (-0.02143187355274279+0j)
F_swave: (0.016043139860809054+0j), F_dwave: (1.9081958235744878e-17+0j)
F_px: 2.7231050463041688e-18j, F_py: 3.455153270968698e-18j
Free_energy = -15239.318144491925
------------------------------------------
[{'stable': {'F_onsite': np.complex128(-0.0018749142492997732+0.02134970490656902j), 'F_swave': np.complex128(0.001403494260685975-0.01598163132788576j)}, 'free': np.float64(-15239.318144468316)}, {'stable': {'F_onsite': np.complex128(-0.02143187355274279+0j), 'F_swave': np.complex128(0.016043139860809054+0j)}, 'free': np.float64(-15239.318144491925)}]
------------------------------------------
  Seed: s-wave+px
F_onsite: (-0.021431873546292512-8.615393742636547e-18j)
F_swave: (0.016043139855742655+6.279611103367764e-18j), F_dwave: (-1.214306433183765e-17+4.847410738458751e-19j)
F_px: (6.118446027603142e-12+2.9865852324594596e-18j), F_py: (3.469446951953614e-18+3.422648381617814e-18j)
Free_energy = -15239.318144484954
------------------------------------------
[{'stable': {'F_onsite': np.complex128(-0.0018749142492997732+0.02134970490656902j), 'F_swave': np.complex128(0.001403494260685975-0.01598163132788576j)}, 'free': np.float64(-15239.318144468316)}, {'stable': {'F_onsite': np.complex128(-0.02143187355274279+0j), 'F_swave': np.complex128(0.016043139860809054+0j)}, 'free': np.float64(-15239.318144491925)}]
------------------------------------------
  Seed: s-wave+py
F_onsite: (-0.02143187354629248+7.139967289857054e-18j)
F_swave: (0.016043139855742582-5.491155778372019e-18j), F_dwave: (-3.122502256758253e-17-1.040844673497925e-18j)
F_px: (-1.734723475976807e-18+2.275554012798678e-18j), F_py: (6.118366230323247e-12+3.022531193158564e-18j)
Free_energy = -15239.318144484954
------------------------------------------
[{'stable': {'F_onsite': np.complex128(-0.0018749142492997732+0.02134970490656902j), 'F_swave': np.complex128(0.001403494260685975-0.01598163132788576j)}, 'free': np.float64(-15239.318144468316)}, {'stable': {'F_onsite': np.complex128(-0.02143187355274279+0j), 'F_swave': np.complex128(0.016043139860809054+0j)}, 'free': np.float64(-15239.318144491925)}]
------------------------------------------
====================================
mu=2.52, T=0.0190
====================================
  Seed: normal state
F_onsite: 0j
F_swave: 0j, F_dwave: 0j
F_px: 0j, F_py: 0j
Free_energy = -15230.182638065504
------------------------------------------
[{'stable': {}, 'free': np.float64(-15230.182638065504)}]
------------------------------------------
  Seed: px+i*py
F_onsite: (-0.0018155786198813942+0.020674048311073716j)
F_swave: (0.0013591210026610875-0.015476351705136192j), F_dwave: (-5.583641188300348e-18+9.107298248878237e-18j)
F_px: (4.716279450311944e-17-5.559788740505667e-16j), F_py: (-7.01804066249867e-16+8.023963438130721e-15j)
Free_energy = -15238.824194313438
------------------------------------------
[{'stable': {'F_onsite': np.complex128(-0.0018155786198813942+0.020674048311073716j), 'F_swave': np.complex128(0.0013591210026610875-0.015476351705136192j)}, 'free': np.float64(-15238.824194313438)}]
------------------------------------------
  Seed: s-wave
F_onsite: (-0.020753616535411717+0j)
F_swave: (0.015535915550879648+0j), F_dwave: (8.673617379884035e-19+0j)
F_px: 4.967689416968861e-18j, F_py: 3.4681764025327327e-18j
Free_energy = -15238.824194313556
------------------------------------------
[{'stable': {'F_onsite': np.complex128(-0.0018155786198813942+0.020674048311073716j), 'F_swave': np.complex128(0.0013591210026610875-0.015476351705136192j)}, 'free': np.float64(-15238.824194313438)}, {'stable': {'F_onsite': np.complex128(-0.020753616535411717+0j), 'F_swave': np.complex128(0.015535915550879648+0j)}, 'free': np.float64(-15238.824194313556)}]
------------------------------------------
  Seed: s-wave+px
F_onsite: (-0.020753616535373907-6.448732847835588e-18j)
F_swave: (0.01553591555085022+5.0515059740776345e-18j), F_dwave: (-1.3010426069826053e-18+4.390939389227488e-19j)
F_px: (1.070844801720483e-14+3.1102255729789858e-18j), F_py: (-4.336808689942018e-18+3.4445124195688157e-18j)
Free_energy = -15238.824194313534
------------------------------------------
[{'stable': {'F_onsite': np.complex128(-0.0018155786198813942+0.020674048311073716j), 'F_swave': np.complex128(0.0013591210026610875-0.015476351705136192j)}, 'free': np.float64(-15238.824194313438)}, {'stable': {'F_onsite': np.complex128(-0.020753616535411717+0j), 'F_swave': np.complex128(0.015535915550879648+0j)}, 'free': np.float64(-15238.824194313556)}]
------------------------------------------
  Seed: s-wave+py
F_onsite: (-0.02075361653537386-2.5111140651055265e-18j)
F_swave: (0.015535915550850186+1.7971127464980067e-18j), F_dwave: (1.3877787807814457e-17+1.895500917277514e-19j)
F_px: (-2.6020852139652106e-18+6.358041060327592e-19j), F_py: (1.0725795251964598e-14+3.1243339655066902e-18j)
Free_energy = -15238.824194313534
------------------------------------------
[{'stable': {'F_onsite': np.complex128(-0.0018155786198813942+0.020674048311073716j), 'F_swave': np.complex128(0.0013591210026610875-0.015476351705136192j)}, 'free': np.float64(-15238.824194313438)}, {'stable': {'F_onsite': np.complex128(-0.020753616535411717+0j), 'F_swave': np.complex128(0.015535915550879648+0j)}, 'free': np.float64(-15238.824194313556)}]
------------------------------------------
====================================
mu=2.52, T=0.0220
====================================
  Seed: normal state
F_onsite: 0j
F_swave: 0j, F_dwave: 0j
F_px: 0j, F_py: 0j
Free_energy = -15230.400925289807
------------------------------------------
[{'stable': {}, 'free': np.float64(-15230.400925289807)}]
------------------------------------------
  Seed: px+i*py
F_onsite: (-0.0017241429389535288+0.01963286746428688j)
F_swave: (0.0012907365858845787-0.014697656296036879j), F_dwave: (-1.3444106938820255e-17-3.122502256758253e-17j)
F_px: (-1.5178830414797062e-18+3.642919299551295e-17j), F_py: (1.3010426069826053e-18+6.938893903907228e-18j)
Free_energy = -15238.106243945955
------------------------------------------
[{'stable': {'F_onsite': np.complex128(-0.0017241429389535288+0.01963286746428688j), 'F_swave': np.complex128(0.0012907365858845787-0.014697656296036879j)}, 'free': np.float64(-15238.106243945955)}]
------------------------------------------
  Seed: s-wave
F_onsite: (-0.01970842849504265+0j)
F_swave: (0.01475422317611429+0j), F_dwave: (-2.949029909160572e-17+0j)
F_px: 1.935046768002449e-18j, F_py: 2.789014797512394e-18j
Free_energy = -15238.106243945955
------------------------------------------
[{'stable': {'F_onsite': np.complex128(-0.0017241429389535288+0.01963286746428688j), 'F_swave': np.complex128(0.0012907365858845787-0.014697656296036879j)}, 'free': np.float64(-15238.106243945955)}, {'stable': {'F_onsite': np.complex128(-0.01970842849504265+0j), 'F_swave': np.complex128(0.01475422317611429+0j)}, 'free': np.float64(-15238.106243945955)}]
------------------------------------------
  Seed: s-wave+px
F_onsite: (-0.01970842849504255-2.0155466911688987e-17j)
F_swave: (0.01475422317611421+1.515101067643568e-17j), F_dwave: (-1.8648277366750676e-17-1.2980779916672153e-19j)
F_px: (1.734723475976807e-18-1.2700464950690183e-18j), F_py: (8.673617379884035e-19+3.1195958749579865e-18j)
Free_energy = -15238.106243945955
------------------------------------------
[{'stable': {'F_onsite': np.complex128(-0.0017241429389535288+0.01963286746428688j), 'F_swave': np.complex128(0.0012907365858845787-0.014697656296036879j)}, 'free': np.float64(-15238.106243945955)}, {'stable': {'F_onsite': np.complex128(-0.01970842849504265+0j), 'F_swave': np.complex128(0.01475422317611429+0j)}, 'free': np.float64(-15238.106243945955)}]
------------------------------------------
  Seed: s-wave+py
F_onsite: (-0.019708428495042552+3.075470496528818e-18j)
F_swave: (0.01475422317611421-1.722242974894607e-18j), F_dwave: (-2.0816681711721685e-17+2.34906059075259e-19j)
F_px: (-8.673617379884035e-19-2.1196999505038866e-18j), F_py: (1.734723475976807e-18+3.120231149668427e-18j)
Free_energy = -15238.106243945955
------------------------------------------
[{'stable': {'F_onsite': np.complex128(-0.0017241429389535288+0.01963286746428688j), 'F_swave': np.complex128(0.0012907365858845787-0.014697656296036879j)}, 'free': np.float64(-15238.106243945955)}, {'stable': {'F_onsite': np.complex128(-0.01970842849504265+0j), 'F_swave': np.complex128(0.01475422317611429+0j)}, 'free': np.float64(-15238.106243945955)}]
------------------------------------------
====================================
mu=2.52, T=0.0250
====================================
  Seed: normal state
F_onsite: 0j
F_swave: 0j, F_dwave: 0j
F_px: 0j, F_py: 0j
Free_energy = -15230.651389266448
------------------------------------------
[{'stable': {}, 'free': np.float64(-15230.651389266448)}]
------------------------------------------
  Seed: px+i*py
F_onsite: (-0.0015924364143188683+0.018133121309885036j)
F_swave: (0.001192219435038852-0.01357583853846292j), F_dwave: (1.9569849213363355e-17-1.0842021724855044e-17j)
F_px: (4.336808689942018e-19-6.071532165918825e-18j), F_py: (3.144186300207963e-18-2.6020852139652106e-18j)
Free_energy = -15237.152796067197
------------------------------------------
[{'stable': {'F_onsite': np.complex128(-0.0015924364143188683+0.018133121309885036j), 'F_swave': np.complex128(0.001192219435038852-0.01357583853846292j)}, 'free': np.float64(-15237.152796067197)}]
------------------------------------------
  Seed: s-wave
F_onsite: (-0.018202910266565838+0j)
F_swave: (0.013628087877750751+0j), F_dwave: (6.938893903907228e-18+0j)
F_px: -6.992945193853893e-18j, F_py: 2.5722802421337e-18j
Free_energy = -15237.1527960672
------------------------------------------
[{'stable': {'F_onsite': np.complex128(-0.0015924364143188683+0.018133121309885036j), 'F_swave': np.complex128(0.001192219435038852-0.01357583853846292j)}, 'free': np.float64(-15237.152796067197)}, {'stable': {'F_onsite': np.complex128(-0.018202910266565838+0j), 'F_swave': np.complex128(0.013628087877750751+0j)}, 'free': np.float64(-15237.1527960672)}]
------------------------------------------
  Seed: s-wave+px
F_onsite: (-0.018202910266565838-1.0662775125759085e-17j)
F_swave: (0.013628087877750748+7.681291812396021e-18j), F_dwave: (8.239936510889834e-18-3.170550200691253e-19j)
F_px: (3.469446951953614e-18+3.519871882094847e-18j), F_py: (-2.6020852139652106e-18+2.31083822900774e-18j)
Free_energy = -15237.152796067197
------------------------------------------
[{'stable': {'F_onsite': np.complex128(-0.0015924364143188683+0.018133121309885036j), 'F_swave': np.complex128(0.001192219435038852-0.01357583853846292j)}, 'free': np.float64(-15237.152796067197)}, {'stable': {'F_onsite': np.complex128(-0.018202910266565838+0j), 'F_swave': np.complex128(0.013628087877750751+0j)}, 'free': np.float64(-15237.1527960672)}]
------------------------------------------
  Seed: s-wave+py
F_onsite: (-0.01820291026656584+1.756362171446593e-18j)
F_swave: (0.013628087877750748-1.1758537843563799e-18j), F_dwave: (6.5052130349130266e-18-1.0509825990853748e-19j)
F_px: (-8.673617379884035e-19-6.134027315558431e-18j), F_py: (-2.6020852139652106e-18+2.639089965848383e-18j)
Free_energy = -15237.1527960672
------------------------------------------
[{'stable': {'F_onsite': np.complex128(-0.0015924364143188683+0.018133121309885036j), 'F_swave': np.complex128(0.001192219435038852-0.01357583853846292j)}, 'free': np.float64(-15237.152796067197)}, {'stable': {'F_onsite': np.complex128(-0.018202910266565838+0j), 'F_swave': np.complex128(0.013628087877750751+0j)}, 'free': np.float64(-15237.1527960672)}]
------------------------------------------
====================================
mu=2.52, T=0.0280
====================================
  Seed: normal state
F_onsite: 0j
F_swave: 0j, F_dwave: 0j
F_px: 0j, F_py: 0j
Free_energy = -15230.93497913923
------------------------------------------
[{'stable': {}, 'free': np.float64(-15230.93497913923)}]
------------------------------------------
  Seed: px+i*py
F_onsite: (-0.0014071098969282313+0.016022802686443616j)
F_swave: (0.0010535625282595952-0.011996948173689948j), F_dwave: (-8.131516293641283e-19-1.8214596497756474e-17j)
F_px: (1.8214596497756474e-17-4.0766001685454967e-17j), F_py: (2.927345865710862e-18-1.734723475976807e-18j)
Free_energy = -15235.957758351486
------------------------------------------
[{'stable': {'F_onsite': np.complex128(-0.0014071098969282313+0.016022802686443616j), 'F_swave': np.complex128(0.0010535625282595952-0.011996948173689948j)}, 'free': np.float64(-15235.957758351486)}]
------------------------------------------
  Seed: s-wave
F_onsite: (-0.01608446965836109+0j)
F_swave: (0.012043120836525529+0j), F_dwave: (4.423544863740858e-17+0j)
F_px: -2.7512688918003743e-19j, F_py: 2.7654037541076804e-18j
Free_energy = -15235.957758351486
------------------------------------------
[{'stable': {'F_onsite': np.complex128(-0.0014071098969282313+0.016022802686443616j), 'F_swave': np.complex128(0.0010535625282595952-0.011996948173689948j)}, 'free': np.float64(-15235.957758351486)}, {'stable': {'F_onsite': np.complex128(-0.01608446965836109+0j), 'F_swave': np.complex128(0.012043120836525529+0j)}, 'free': np.float64(-15235.957758351486)}]
------------------------------------------
  Seed: s-wave+px
F_onsite: (-0.016084469658361085-1.1315239772045892e-17j)
F_swave: (0.012043120836525525+7.820986074243976e-18j), F_dwave: (4.380176776841438e-17-9.169793398517844e-19j)
F_px: (-1.734723475976807e-18-4.060464190900302e-20j), F_py: (2.6020852139652106e-18+2.3531369368112514e-18j)
Free_energy = -15235.957758351486
------------------------------------------
[{'stable': {'F_onsite': np.complex128(-0.0014071098969282313+0.016022802686443616j), 'F_swave': np.complex128(0.0010535625282595952-0.011996948173689948j)}, 'free': np.float64(-15235.957758351486)}, {'stable': {'F_onsite': np.complex128(-0.01608446965836109+0j), 'F_swave': np.complex128(0.012043120836525529+0j)}, 'free': np.float64(-15235.957758351486)}]
------------------------------------------
  Seed: s-wave+py
F_onsite: (-0.01608446965836109+1.3756817307243091e-19j)
F_swave: (0.012043120836525525+1.7557404809805544e-19j), F_dwave: (4.5102810375396984e-17+2.2986356606113575e-19j)
F_px: 7.007344753957217e-19j, F_py: (1.734723475976807e-18+2.8333516783452363e-18j)
Free_energy = -15235.957758351486
------------------------------------------
[{'stable': {'F_onsite': np.complex128(-0.0014071098969282313+0.016022802686443616j), 'F_swave': np.complex128(0.0010535625282595952-0.011996948173689948j)}, 'free': np.float64(-15235.957758351486)}, {'stable': {'F_onsite': np.complex128(-0.01608446965836109+0j), 'F_swave': np.complex128(0.012043120836525529+0j)}, 'free': np.float64(-15235.957758351486)}]
------------------------------------------
====================================
mu=2.52, T=0.0310
====================================
  Seed: normal state
F_onsite: 0j
F_swave: 0j, F_dwave: 0j
F_px: 0j, F_py: 0j
Free_energy = -15231.252232045683
------------------------------------------
[{'stable': {}, 'free': np.float64(-15231.252232045683)}]
------------------------------------------
  Seed: px+i*py
F_onsite: (-0.0011407062743829894+0.012989256629867175j)
F_swave: (0.0008541878504380264-0.009726662725210068j), F_dwave: (3.469446951953614e-18-1.9081958235744878e-17j)
F_px: (-8.40256683676266e-18+3.469446951953614e-17j), F_py: (1.5178830414797062e-18-1.734723475976807e-18j)
Free_energy = -15234.519705185658
------------------------------------------
[{'stable': {'F_onsite': np.complex128(-0.0011407062743829894+0.012989256629867175j), 'F_swave': np.complex128(0.0008541878504380264-0.009726662725210068j)}, 'free': np.float64(-15234.519705185658)}]
------------------------------------------
  Seed: s-wave
F_onsite: (-0.013039248390952734+0j)
F_swave: (0.009764097738850498+0j), F_dwave: (1.9081958235744878e-17+0j)
F_px: -4.5103445650107425e-18j, F_py: 9.83722889117463e-19j
Free_energy = -15234.519705185658
------------------------------------------
[{'stable': {'F_onsite': np.complex128(-0.0011407062743829894+0.012989256629867175j), 'F_swave': np.complex128(0.0008541878504380264-0.009726662725210068j)}, 'free': np.float64(-15234.519705185658)}, {'stable': {'F_onsite': np.complex128(-0.013039248390952734+0j), 'F_swave': np.complex128(0.009764097738850498+0j)}, 'free': np.float64(-15234.519705185658)}]
------------------------------------------
  Seed: s-wave+px
F_onsite: (-0.013039248390952735-1.535378059130181e-17j)
F_swave: (0.009764097738850498+1.3011392216781515e-17j), F_dwave: (1.7780915628762273e-17+2.1456535694033504e-18j)
F_px: (8.673617379884035e-19-2.40147075436395e-18j), F_py: (-8.673617379884035e-19+1.3154951066451318e-18j)
Free_energy = -15234.519705185658
------------------------------------------
[{'stable': {'F_onsite': np.complex128(-0.0011407062743829894+0.012989256629867175j), 'F_swave': np.complex128(0.0008541878504380264-0.009726662725210068j)}, 'free': np.float64(-15234.519705185658)}, {'stable': {'F_onsite': np.complex128(-0.013039248390952734+0j), 'F_swave': np.complex128(0.009764097738850498+0j)}, 'free': np.float64(-15234.519705185658)}]
------------------------------------------
  Seed: s-wave+py
F_onsite: (-0.013039248390952734+0j)
F_swave: (0.009764097738850498+0j), F_dwave: (1.9081958235744878e-17+0j)
F_px: -4.5103445650107425e-18j, F_py: 9.83722889117463e-19j
Free_energy = -15234.519705185658
------------------------------------------
[{'stable': {'F_onsite': np.complex128(-0.0011407062743829894+0.012989256629867175j), 'F_swave': np.complex128(0.0008541878504380264-0.009726662725210068j)}, 'free': np.float64(-15234.519705185658)}, {'stable': {'F_onsite': np.complex128(-0.013039248390952734+0j), 'F_swave': np.complex128(0.009764097738850498+0j)}, 'free': np.float64(-15234.519705185658)}]
------------------------------------------
====================================
mu=2.52, T=0.0340
====================================
  Seed: normal state
F_onsite: 0j
F_swave: 0j, F_dwave: 0j
F_px: 0j, F_py: 0j
Free_energy = -15231.603384986056
------------------------------------------
[{'stable': {}, 'free': np.float64(-15231.603384986056)}]
------------------------------------------
  Seed: px+i*py
F_onsite: (-0.0007060606065178996+0.008039933346786526j)
F_swave: (0.0005287869787070296-0.006021313219016666j), F_dwave: (-8.294146619514109e-18+2.3852447794681098e-18j)
F_px: (-3.469446951953614e-18+5.204170427930421e-18j), F_py: (1.734723475976807e-18+1.3010426069826053e-18j)
Free_energy = -15232.843099795777
------------------------------------------
[{'stable': {'F_onsite': np.complex128(-0.0007060606065178996+0.008039933346786526j), 'F_swave': np.complex128(0.0005287869787070296-0.006021313219016666j)}, 'free': np.float64(-15232.843099795777)}]
------------------------------------------
  Seed: s-wave
F_onsite: (-0.008070876643887547+0j)
F_swave: (0.006044487451418571+0j), F_dwave: (-3.469446951953614e-18+0j)
F_px: 2.1832803611071625e-18j, F_py: 2.4157379655692646e-18j
Free_energy = -15232.843099795775
------------------------------------------
[{'stable': {'F_onsite': np.complex128(-0.0007060606065178996+0.008039933346786526j), 'F_swave': np.complex128(0.0005287869787070296-0.006021313219016666j)}, 'free': np.float64(-15232.843099795777)}, {'stable': {'F_onsite': np.complex128(-0.008070876643887547+0j), 'F_swave': np.complex128(0.006044487451418571+0j)}, 'free': np.float64(-15232.843099795775)}]
------------------------------------------
  Seed: s-wave+px
F_onsite: (-0.008070876643887547+0j)
F_swave: (0.006044487451418571+0j), F_dwave: (-3.469446951953614e-18+0j)
F_px: 2.1832803611071625e-18j, F_py: 2.4157379655692646e-18j
Free_energy = -15232.843099795775
------------------------------------------
[{'stable': {'F_onsite': np.complex128(-0.0007060606065178996+0.008039933346786526j), 'F_swave': np.complex128(0.0005287869787070296-0.006021313219016666j)}, 'free': np.float64(-15232.843099795777)}, {'stable': {'F_onsite': np.complex128(-0.008070876643887547+0j), 'F_swave': np.complex128(0.006044487451418571+0j)}, 'free': np.float64(-15232.843099795775)}]
------------------------------------------
  Seed: s-wave+py
F_onsite: (-0.008070876643887547+0j)
F_swave: (0.006044487451418571+0j), F_dwave: (-3.469446951953614e-18+0j)
F_px: 2.1832803611071625e-18j, F_py: 2.4157379655692646e-18j
Free_energy = -15232.843099795775
------------------------------------------
[{'stable': {'F_onsite': np.complex128(-0.0007060606065178996+0.008039933346786526j), 'F_swave': np.complex128(0.0005287869787070296-0.006021313219016666j)}, 'free': np.float64(-15232.843099795777)}, {'stable': {'F_onsite': np.complex128(-0.008070876643887547+0j), 'F_swave': np.complex128(0.006044487451418571+0j)}, 'free': np.float64(-15232.843099795775)}]
------------------------------------------
====================================
mu=2.52, T=0.0370
====================================
  Seed: normal state
F_onsite: 0j
F_swave: 0j, F_dwave: 0j
F_px: 0j, F_py: 0j
Free_energy = -15231.988485864158
------------------------------------------
[{'stable': {}, 'free': np.float64(-15231.988485864158)}]
------------------------------------------
  Seed: px+i*py
F_onsite: (-9.878459027888861e-15+1.1248869109876646e-13j)
F_swave: (7.410812445748962e-15-8.438895447076703e-14j), F_dwave: (9.039872919980344e-21+1.5714241577618902e-20j)
F_px: (1.3212466356016813e-19+1.0220867824041812e-20j), F_py: (-4.315161233399135e-20-4.561687505183912e-20j)
Free_energy = -15231.98848586416
------------------------------------------
[{'stable': {}, 'free': np.float64(-15231.988485864158)}]
------------------------------------------
  Seed: s-wave
F_onsite: (-1.0158132503516553e-13+0j)
F_swave: (7.620615901531091e-14+0j), F_dwave: (3.2344696559618233e-20+0j)
F_px: 4.280814109052796e-20j, F_py: 8.247137859535458e-20j
Free_energy = -15231.988485864158
------------------------------------------
[{'stable': {}, 'free': np.float64(-15231.988485864158)}]
------------------------------------------
  Seed: s-wave+px
F_onsite: (-1.0158132503516553e-13+0j)
F_swave: (7.620615901531091e-14+0j), F_dwave: (3.2344696559618233e-20+0j)
F_px: 4.280814109052796e-20j, F_py: 8.247137859535458e-20j
Free_energy = -15231.988485864158
------------------------------------------
[{'stable': {}, 'free': np.float64(-15231.988485864158)}]
------------------------------------------
  Seed: s-wave+py
F_onsite: (-1.0158132503516553e-13+0j)
F_swave: (7.620615901531091e-14+0j), F_dwave: (3.2344696559618233e-20+0j)
F_px: 4.280814109052796e-20j, F_py: 8.247137859535458e-20j
Free_energy = -15231.988485864158
------------------------------------------
[{'stable': {}, 'free': np.float64(-15231.988485864158)}]
------------------------------------------
====================================
mu=2.52, T=0.0400
====================================
  Seed: normal state
F_onsite: 0j
F_swave: 0j, F_dwave: 0j
F_px: 0j, F_py: 0j
Free_energy = -15232.407477571129
------------------------------------------
[{'stable': {}, 'free': np.float64(-15232.407477571129)}]
------------------------------------------
  Seed: px+i*py
F_onsite: (-3.147622814658751e-15+3.584240933543516e-14j)
F_swave: (2.3696722021680356e-15-2.6983779175033382e-14j), F_dwave: (-1.0430529336411348e-20+2.8765633316810513e-21j)
F_px: (5.209370698369936e-20+1.5961086845505544e-20j), F_py: (-3.4942113230589866e-20-6.451902897318461e-20j)
Free_energy = -15232.40747757113
------------------------------------------
[{'stable': {}, 'free': np.float64(-15232.407477571129)}]
------------------------------------------
  Seed: s-wave
F_onsite: (-3.4149703306375275e-14+0j)
F_swave: (2.5709374013435195e-14+0j), F_dwave: (5.226573363990947e-21+0j)
F_px: -4.923506508323406e-20j, F_py: -9.723681740894042e-20j
Free_energy = -15232.407477571129
------------------------------------------
[{'stable': {}, 'free': np.float64(-15232.407477571129)}]
------------------------------------------
  Seed: s-wave+px
F_onsite: (-3.4149703306375275e-14+0j)
F_swave: (2.5709374013435195e-14+0j), F_dwave: (5.226573363990947e-21+0j)
F_px: -4.923506508323406e-20j, F_py: -9.723681740894042e-20j
Free_energy = -15232.407477571129
------------------------------------------
[{'stable': {}, 'free': np.float64(-15232.407477571129)}]
------------------------------------------
  Seed: s-wave+py
F_onsite: (-3.4149703306375275e-14+0j)
F_swave: (2.5709374013435195e-14+0j), F_dwave: (5.226573363990947e-21+0j)
F_px: -4.923506508323406e-20j, F_py: -9.723681740894042e-20j
Free_energy = -15232.407477571129
------------------------------------------
[{'stable': {}, 'free': np.float64(-15232.407477571129)}]
------------------------------------------
====================================
mu=2.52, T=0.0430
====================================
  Seed: normal state
F_onsite: 0j
F_swave: 0j, F_dwave: 0j
F_px: 0j, F_py: 0j
Free_energy = -15232.860253859913
------------------------------------------
[{'stable': {}, 'free': np.float64(-15232.860253859913)}]
------------------------------------------
  Seed: px+i*py
F_onsite: (-1.836632173704462e-15+2.0915589573625647e-14j)
F_swave: (1.3874286299745196e-15-1.5800039165812888e-14j), F_dwave: (-7.351948427131316e-21+4.4869801260504584e-21j)
F_px: (-6.528449539257912e-21-2.5557912410696554e-20j), F_py: (-7.937389649315398e-20-2.7308890779341964e-20j)
Free_energy = -15232.86025385991
------------------------------------------
[{'stable': {}, 'free': np.float64(-15232.860253859913)}]
------------------------------------------
  Seed: s-wave
F_onsite: (-2.0827306432138197e-14+0j)
F_swave: (1.5733236144419102e-14+0j), F_dwave: (-3.5425152965584475e-21+0j)
F_px: 8.788994057775847e-20j, F_py: -1.5454906173155708e-19j
Free_energy = -15232.860253859913
------------------------------------------
[{'stable': {}, 'free': np.float64(-15232.860253859913)}]
------------------------------------------
  Seed: s-wave+px
F_onsite: (-2.0827306432138197e-14+0j)
F_swave: (1.5733236144419102e-14+0j), F_dwave: (-3.5425152965584475e-21+0j)
F_px: 8.788994057775847e-20j, F_py: -1.5454906173155708e-19j
Free_energy = -15232.860253859913
------------------------------------------
[{'stable': {}, 'free': np.float64(-15232.860253859913)}]
------------------------------------------
  Seed: s-wave+py
F_onsite: (-2.0827306432138197e-14+0j)
F_swave: (1.5733236144419102e-14+0j), F_dwave: (-3.5425152965584475e-21+0j)
F_px: 8.788994057775847e-20j, F_py: -1.5454906173155708e-19j
Free_energy = -15232.860253859913
------------------------------------------
[{'stable': {}, 'free': np.float64(-15232.860253859913)}]
------------------------------------------
====================================
mu=2.52, T=0.0460
====================================
  Seed: normal state
F_onsite: 0j
F_swave: 0j, F_dwave: 0j
F_px: 0j, F_py: 0j
Free_energy = -15233.346693239951
------------------------------------------
[{'stable': {}, 'free': np.float64(-15233.346693239951)}]
------------------------------------------
  Seed: px+i*py
F_onsite: (-1.3479443132829612e-15+1.5350593879603805e-14j)
F_swave: (1.0216423000787995e-15-1.1634620017852561e-14j), F_dwave: (4.067992267355898e-21+3.56687513632379e-21j)
F_px: (-1.552979334631376e-20+1.3316606026897916e-20j), F_py: (-5.10821773375223e-20-2.5348859320710805e-20j)
Free_energy = -15233.346693239944
------------------------------------------
[{'stable': {}, 'free': np.float64(-15233.346693239951)}]
------------------------------------------
  Seed: s-wave
F_onsite: (-1.5281775767301934e-14+0j)
F_swave: (1.1582436508283369e-14+0j), F_dwave: (-3.8808898885972734e-20+0j)
F_px: 7.402493493230615e-20j, F_py: -1.7213157905524877e-20j
Free_energy = -15233.346693239951
------------------------------------------
[{'stable': {}, 'free': np.float64(-15233.346693239951)}]
------------------------------------------
  Seed: s-wave+px
F_onsite: (-1.5281775767301934e-14+0j)
F_swave: (1.1582436508283369e-14+0j), F_dwave: (-3.8808898885972734e-20+0j)
F_px: 7.402493493230615e-20j, F_py: -1.7213157905524877e-20j
Free_energy = -15233.346693239951
------------------------------------------
[{'stable': {}, 'free': np.float64(-15233.346693239951)}]
------------------------------------------
  Seed: s-wave+py
F_onsite: (-1.5281775767301934e-14+0j)
F_swave: (1.1582436508283369e-14+0j), F_dwave: (-3.8808898885972734e-20+0j)
F_px: 7.402493493230615e-20j, F_py: -1.7213157905524877e-20j
Free_energy = -15233.346693239951
------------------------------------------
[{'stable': {}, 'free': np.float64(-15233.346693239951)}]
------------------------------------------
====================================
mu=2.52, T=0.0490
====================================
  Seed: normal state
F_onsite: 0j
F_swave: 0j, F_dwave: 0j
F_px: 0j, F_py: 0j
Free_energy = -15233.86667779389
------------------------------------------
[{'stable': {}, 'free': np.float64(-15233.86667779389)}]
------------------------------------------
  Seed: px+i*py
F_onsite: (-1.0662694735925784e-15+1.2143278720641592e-14j)
F_swave: (8.107664556058464e-16-9.233540679019252e-15j), F_dwave: (-6.20075066775384e-21+4.835381353423746e-22j)
F_px: (1.3181302147446338e-19-6.995111728266062e-21j), F_py: (-5.874299036365432e-20-4.4211071404778047e-20j)
Free_energy = -15233.866677793887
------------------------------------------
[{'stable': {}, 'free': np.float64(-15233.86667779389)}]
------------------------------------------
  Seed: s-wave
F_onsite: (-1.2085981129901264e-14+0j)
F_swave: (9.189921179311102e-15+0j), F_dwave: (3.499514647175892e-21+0j)
F_px: 9.663172884904965e-20j, F_py: -3.649840180091397e-20j
Free_energy = -15233.866677793889
------------------------------------------
[{'stable': {}, 'free': np.float64(-15233.86667779389)}]
------------------------------------------
  Seed: s-wave+px
F_onsite: (-1.2085981129901264e-14+0j)
F_swave: (9.189921179311102e-15+0j), F_dwave: (3.499514647175892e-21+0j)
F_px: 9.663172884904965e-20j, F_py: -3.649840180091397e-20j
Free_energy = -15233.866677793889
------------------------------------------
[{'stable': {}, 'free': np.float64(-15233.86667779389)}]
------------------------------------------
  Seed: s-wave+py
F_onsite: (-1.2085981129901264e-14+0j)
F_swave: (9.189921179311102e-15+0j), F_dwave: (3.499514647175892e-21+0j)
F_px: 9.663172884904965e-20j, F_py: -3.649840180091397e-20j
Free_energy = -15233.866677793889
------------------------------------------
[{'stable': {}, 'free': np.float64(-15233.86667779389)}]
------------------------------------------
====================================
mu=2.52, T=0.0520
====================================
  Seed: normal state
F_onsite: 0j
F_swave: 0j, F_dwave: 0j
F_px: 0j, F_py: 0j
Free_energy = -15234.420102420076
------------------------------------------
[{'stable': {}, 'free': np.float64(-15234.420102420076)}]
------------------------------------------
  Seed: px+i*py
F_onsite: (-8.839237198347162e-16+1.0066504657108897e-14j)
F_swave: (6.742220749672539e-16-7.678375322293393e-15j), F_dwave: (-1.1228156511517176e-20+3.211907444974939e-20j)
F_px: (1.0914327166972531e-19-1.8363032016715818e-20j), F_py: (4.769400668847735e-20-6.607430409051193e-20j)
Free_energy = -15234.420102420076
------------------------------------------
[{'stable': {}, 'free': np.float64(-15234.420102420076)}]
------------------------------------------
  Seed: s-wave
F_onsite: (-1.0017089412911338e-14+0j)
F_swave: (7.640652835681555e-15+0j), F_dwave: (1.0086032372562338e-20+0j)
F_px: 9.466085948422963e-20j, F_py: -1.8237535767657034e-19j
Free_energy = -15234.420102420068
------------------------------------------
[{'stable': {}, 'free': np.float64(-15234.420102420076)}]
------------------------------------------
  Seed: s-wave+px
F_onsite: (-1.0017089412911338e-14+0j)
F_swave: (7.640652835681555e-15+0j), F_dwave: (1.0086032372562338e-20+0j)
F_px: 9.466085948422963e-20j, F_py: -1.8237535767657034e-19j
Free_energy = -15234.420102420068
------------------------------------------
[{'stable': {}, 'free': np.float64(-15234.420102420076)}]
------------------------------------------
  Seed: s-wave+py
F_onsite: (-1.0017089412911338e-14+0j)
F_swave: (7.640652835681555e-15+0j), F_dwave: (1.0086032372562338e-20+0j)
F_px: 9.466085948422963e-20j, F_py: -1.8237535767657034e-19j
Free_energy = -15234.420102420068
------------------------------------------
[{'stable': {}, 'free': np.float64(-15234.420102420076)}]
------------------------------------------
====================================
mu=2.52, T=0.0550
====================================
  Seed: normal state
F_onsite: 0j
F_swave: 0j, F_dwave: 0j
F_px: 0j, F_py: 0j
Free_energy = -15235.006878361457
------------------------------------------
[{'stable': {}, 'free': np.float64(-15235.006878361457)}]
------------------------------------------
  Seed: px+i*py
F_onsite: (-7.117722848290358e-16+8.106292540908761e-15j)
F_swave: (5.445766497734965e-16-6.202149222668919e-15j), F_dwave: (-1.115973272595029e-21-4.772507827993592e-21j)
F_px: (7.563047533261642e-20+2.844599405033831e-20j), F_py: (7.883976521611629e-20-5.737461879906453e-20j)
Free_energy = -15235.006878361459
------------------------------------------
[{'stable': {}, 'free': np.float64(-15235.006878361457)}]
------------------------------------------
  Seed: s-wave
F_onsite: (-8.064747577890702e-15+0j)
F_swave: (6.170301833308082e-15+0j), F_dwave: (1.2836333542989189e-20+0j)
F_px: 6.41755468346636e-20j, F_py: -8.60443516634089e-20j
Free_energy = -15235.006878361457
------------------------------------------
[{'stable': {}, 'free': np.float64(-15235.006878361457)}]
------------------------------------------
  Seed: s-wave+px
F_onsite: (-8.064747577890702e-15+0j)
F_swave: (6.170301833308082e-15+0j), F_dwave: (1.2836333542989189e-20+0j)
F_px: 6.41755468346636e-20j, F_py: -8.60443516634089e-20j
Free_energy = -15235.006878361457
------------------------------------------
[{'stable': {}, 'free': np.float64(-15235.006878361457)}]
------------------------------------------
  Seed: s-wave+py
F_onsite: (-8.064747577890702e-15+0j)
F_swave: (6.170301833308082e-15+0j), F_dwave: (1.2836333542989189e-20+0j)
F_px: 6.41755468346636e-20j, F_py: -8.60443516634089e-20j
Free_energy = -15235.006878361457
------------------------------------------
[{'stable': {}, 'free': np.float64(-15235.006878361457)}]
------------------------------------------
====================================
mu=2.52, T=0.0580
====================================
  Seed: normal state
F_onsite: 0j
F_swave: 0j, F_dwave: 0j
F_px: 0j, F_py: 0j
Free_energy = -15235.62693354429
------------------------------------------
[{'stable': {}, 'free': np.float64(-15235.62693354429)}]
------------------------------------------
  Seed: px+i*py
F_onsite: (-5.573136578778625e-16+6.3480687828451555e-15j)
F_swave: (4.2767510122658224e-16-4.871380622559205e-15j), F_dwave: (-2.1929614439261215e-20-3.622712994947654e-21j)
F_px: (-3.809040929317917e-20+1.1634407243876732e-20j), F_py: (-1.2385488433973953e-19-5.2511056441747776e-20j)
Free_energy = -15235.626933544294
------------------------------------------
[{'stable': {}, 'free': np.float64(-15235.62693354429)}]
------------------------------------------
  Seed: s-wave
F_onsite: (-6.3137785790241854e-15+0j)
F_swave: (4.844924370365541e-15+0j), F_dwave: (4.073029590504209e-20+0j)
F_px: -6.269278435336483e-20j, F_py: -1.2545630907141972e-19j
Free_energy = -15235.62693354429
------------------------------------------
[{'stable': {}, 'free': np.float64(-15235.62693354429)}]
------------------------------------------
  Seed: s-wave+px
F_onsite: (-6.3137785790241854e-15+0j)
F_swave: (4.844924370365541e-15+0j), F_dwave: (4.073029590504209e-20+0j)
F_px: -6.269278435336483e-20j, F_py: -1.2545630907141972e-19j
Free_energy = -15235.62693354429
------------------------------------------
[{'stable': {}, 'free': np.float64(-15235.62693354429)}]
------------------------------------------
  Seed: s-wave+py
F_onsite: (-6.3137785790241854e-15+0j)
F_swave: (4.844924370365541e-15+0j), F_dwave: (4.073029590504209e-20+0j)
F_px: -6.269278435336483e-20j, F_py: -1.2545630907141972e-19j
Free_energy = -15235.62693354429
------------------------------------------
[{'stable': {}, 'free': np.float64(-15235.62693354429)}]
------------------------------------------
====================================
mu=2.52, T=0.0610
====================================
  Seed: normal state
F_onsite: 0j
F_swave: 0j, F_dwave: 0j
F_px: 0j, F_py: 0j
Free_energy = -15236.280211292147
------------------------------------------
[{'stable': {}, 'free': np.float64(-15236.280211292147)}]
------------------------------------------
  Seed: px+i*py
F_onsite: (-4.248255179573542e-16+4.838752771262838e-15j)
F_swave: (3.269694721085152e-16-3.7242406277807156e-15j), F_dwave: (8.225340189607638e-21-1.0508915667181127e-20j)
F_px: (7.745929379330966e-20-1.5555569339414e-21j), F_py: (-2.3240365874039633e-20-1.3172796355315558e-20j)
Free_energy = -15236.280211292145
------------------------------------------
[{'stable': {}, 'free': np.float64(-15236.280211292147)}]
------------------------------------------
  Seed: s-wave
F_onsite: (-4.8098884508558794e-15+0j)
F_swave: (3.701946951058574e-15+0j), F_dwave: (-3.702715758707432e-21+0j)
F_px: -1.4388678782555327e-21j, F_py: -1.0800648787415934e-20j
Free_energy = -15236.280211292147
------------------------------------------
[{'stable': {}, 'free': np.float64(-15236.280211292147)}]
------------------------------------------
  Seed: s-wave+px
F_onsite: (-4.8098884508558794e-15+0j)
F_swave: (3.701946951058574e-15+0j), F_dwave: (-3.702715758707432e-21+0j)
F_px: -1.4388678782555327e-21j, F_py: -1.0800648787415934e-20j
Free_energy = -15236.280211292147
------------------------------------------
[{'stable': {}, 'free': np.float64(-15236.280211292147)}]
------------------------------------------
  Seed: s-wave+py
F_onsite: (-4.8098884508558794e-15+0j)
F_swave: (3.701946951058574e-15+0j), F_dwave: (-3.702715758707432e-21+0j)
F_px: -1.4388678782555327e-21j, F_py: -1.0800648787415934e-20j
Free_energy = -15236.280211292147
------------------------------------------
[{'stable': {}, 'free': np.float64(-15236.280211292147)}]
------------------------------------------
====================================
mu=2.52, T=0.0640
====================================
  Seed: normal state
F_onsite: 0j
F_swave: 0j, F_dwave: 0j
F_px: 0j, F_py: 0j
Free_energy = -15236.966668349089
------------------------------------------
[{'stable': {}, 'free': np.float64(-15236.966668349089)}]
------------------------------------------
  Seed: px+i*py
F_onsite: (-3.1549186991431667e-16+3.59399534290636e-15j)
F_swave: (2.435143446995893e-16-2.7739827840789884e-15j), F_dwave: (8.267617836495097e-21+1.71042186150082e-21j)
F_px: (3.636608138005472e-21-5.125747307148479e-20j), F_py: (4.46915477286437e-20-3.1541530325904705e-20j)
Free_energy = -15236.966668349085
------------------------------------------
[{'stable': {}, 'free': np.float64(-15236.966668349089)}]
------------------------------------------
  Seed: s-wave
F_onsite: (-3.571227599629211e-15+0j)
F_swave: (2.7563991993506544e-15+0j), F_dwave: (-2.1962233102707933e-20+0j)
F_px: -7.076568488959869e-20j, F_py: 1.762515499719726e-20j
Free_energy = -15236.966668349089
------------------------------------------
[{'stable': {}, 'free': np.float64(-15236.966668349089)}]
------------------------------------------
  Seed: s-wave+px
F_onsite: (-3.571227599629211e-15+0j)
F_swave: (2.7563991993506544e-15+0j), F_dwave: (-2.1962233102707933e-20+0j)
F_px: -7.076568488959869e-20j, F_py: 1.762515499719726e-20j
Free_energy = -15236.966668349089
------------------------------------------
[{'stable': {}, 'free': np.float64(-15236.966668349089)}]
------------------------------------------
  Seed: s-wave+py
F_onsite: (-3.571227599629211e-15+0j)
F_swave: (2.7563991993506544e-15+0j), F_dwave: (-2.1962233102707933e-20+0j)
F_px: -7.076568488959869e-20j, F_py: 1.762515499719726e-20j
Free_energy = -15236.966668349089
------------------------------------------
[{'stable': {}, 'free': np.float64(-15236.966668349089)}]
------------------------------------------
====================================
mu=2.52, T=0.0670
====================================
  Seed: normal state
F_onsite: 0j
F_swave: 0j, F_dwave: 0j
F_px: 0j, F_py: 0j
Free_energy = -15237.686272735311
------------------------------------------
[{'stable': {}, 'free': np.float64(-15237.686272735311)}]
------------------------------------------
  Seed: px+i*py
F_onsite: (-2.2852103298996183e-16+2.6032763925782726e-15j)
F_swave: (1.7687413875368196e-16-2.014881675609007e-15j), F_dwave: (2.7632666280950396e-21+9.879831041570234e-25j)
F_px: (4.748486014630633e-20-2.2723813846704887e-20j), F_py: (6.863494448592872e-21-2.2568247147202283e-20j)
Free_energy = -15237.686272735311
------------------------------------------
[{'stable': {}, 'free': np.float64(-15237.686272735311)}]
------------------------------------------
  Seed: s-wave
F_onsite: (-2.584323067881506e-15+0j)
F_swave: (2.0000981196520574e-15+0j), F_dwave: (2.3982856616426014e-21+0j)
F_px: -6.576941783210474e-20j, F_py: -4.564229219131405e-20j
Free_energy = -15237.686272735307
------------------------------------------
[{'stable': {}, 'free': np.float64(-15237.686272735311)}]
------------------------------------------
  Seed: s-wave+px
F_onsite: (-2.584323067881506e-15+0j)
F_swave: (2.0000981196520574e-15+0j), F_dwave: (2.3982856616426014e-21+0j)
F_px: -6.576941783210474e-20j, F_py: -4.564229219131405e-20j
Free_energy = -15237.686272735307
------------------------------------------
[{'stable': {}, 'free': np.float64(-15237.686272735311)}]
------------------------------------------
  Seed: s-wave+py
F_onsite: (-2.584323067881506e-15+0j)
F_swave: (2.0000981196520574e-15+0j), F_dwave: (2.3982856616426014e-21+0j)
F_px: -6.576941783210474e-20j, F_py: -4.564229219131405e-20j
Free_energy = -15237.686272735307
------------------------------------------
[{'stable': {}, 'free': np.float64(-15237.686272735311)}]
------------------------------------------
====================================
mu=2.52, T=0.0700
====================================
  Seed: normal state
F_onsite: 0j
F_swave: 0j, F_dwave: 0j
F_px: 0j, F_py: 0j
Free_energy = -15238.439001713037
------------------------------------------
[{'stable': {}, 'free': np.float64(-15238.439001713037)}]
------------------------------------------
  Seed: px+i*py
F_onsite: (-1.6161921480404916e-16+1.8405833225845385e-15j)
F_swave: (1.253855523296877e-16-1.4280043824916082e-15j), F_dwave: (-3.79729679440472e-21+4.4833239622834744e-20j)
F_px: (1.1530889995777079e-20-3.960203508578125e-20j), F_py: (4.1254218151395246e-21-1.4460018666085748e-20j)
Free_energy = -15238.439001713039
------------------------------------------
[{'stable': {}, 'free': np.float64(-15238.439001713037)}]
------------------------------------------
  Seed: s-wave
F_onsite: (-1.8258400454867363e-15+0j)
F_swave: (1.4164353458353537e-15+0j), F_dwave: (8.31442548658708e-21+0j)
F_px: 3.1209784171255876e-21j, F_py: -1.3555096397753843e-19j
Free_energy = -15238.439001713037
------------------------------------------
[{'stable': {}, 'free': np.float64(-15238.439001713037)}]
------------------------------------------
  Seed: s-wave+px
F_onsite: (-1.8258400454867363e-15+0j)
F_swave: (1.4164353458353537e-15+0j), F_dwave: (8.31442548658708e-21+0j)
F_px: 3.1209784171255876e-21j, F_py: -1.3555096397753843e-19j
Free_energy = -15238.439001713037
------------------------------------------
[{'stable': {}, 'free': np.float64(-15238.439001713037)}]
------------------------------------------
  Seed: s-wave+py
F_onsite: (-1.8258400454867363e-15+0j)
F_swave: (1.4164353458353537e-15+0j), F_dwave: (8.31442548658708e-21+0j)
F_px: 3.1209784171255876e-21j, F_py: -1.3555096397753843e-19j
Free_energy = -15238.439001713037
------------------------------------------
[{'stable': {}, 'free': np.float64(-15238.439001713037)}]
------------------------------------------
====================================
mu=2.52, T=0.0730
====================================
  Seed: normal state
F_onsite: 0j
F_swave: 0j, F_dwave: 0j
F_px: 0j, F_py: 0j
Free_energy = -15239.22483998778
------------------------------------------
[{'stable': {}, 'free': np.float64(-15239.22483998778)}]
------------------------------------------
  Seed: px+i*py
F_onsite: (-1.1154554732547192e-16+1.2707077498453145e-15j)
F_swave: (8.673268801739563e-17-9.880210915053052e-16j), F_dwave: (-6.737356185792387e-21+2.718419099665221e-20j)
F_px: (4.8454250321818816e-20-5.2964486694055875e-20j), F_py: (1.0159260403736829e-21-2.15290057071613e-20j)
Free_energy = -15239.224839987777
------------------------------------------
[{'stable': {}, 'free': np.float64(-15239.22483998778)}]
------------------------------------------
  Seed: s-wave
F_onsite: (-1.2581802718054098e-15+0j)
F_swave: (9.78164430232067e-16+0j), F_dwave: (-2.729272401245343e-20+0j)
F_px: 1.2011138635977358e-20j, F_py: -1.2572224156453268e-19j
Free_energy = -15239.22483998778
------------------------------------------
[{'stable': {}, 'free': np.float64(-15239.22483998778)}]
------------------------------------------
  Seed: s-wave+px
F_onsite: (-1.2581802718054098e-15+0j)
F_swave: (9.78164430232067e-16+0j), F_dwave: (-2.729272401245343e-20+0j)
F_px: 1.2011138635977358e-20j, F_py: -1.2572224156453268e-19j
Free_energy = -15239.22483998778
------------------------------------------
[{'stable': {}, 'free': np.float64(-15239.22483998778)}]
------------------------------------------
  Seed: s-wave+py
F_onsite: (-1.2581802718054098e-15+0j)
F_swave: (9.78164430232067e-16+0j), F_dwave: (-2.729272401245343e-20+0j)
F_px: 1.2011138635977358e-20j, F_py: -1.2572224156453268e-19j
Free_energy = -15239.22483998778
------------------------------------------
[{'stable': {}, 'free': np.float64(-15239.22483998778)}]
------------------------------------------
====================================
mu=2.52, T=0.0760
====================================
  Seed: normal state
F_onsite: 0j
F_swave: 0j, F_dwave: 0j
F_px: 0j, F_py: 0j
Free_energy = -15240.04377818704
------------------------------------------
[{'stable': {}, 'free': np.float64(-15240.04377818704)}]
------------------------------------------
  Seed: px+i*py
F_onsite: (-7.538193707219485e-17+8.582274371913815e-16j)
F_swave: (5.859142087126406e-17-6.67214700215945e-16j), F_dwave: (1.6343131836099507e-22+1.3018450682208928e-20j)
F_px: (4.0974658701646527e-20+1.5971798857847554e-20j), F_py: (1.6306418038494762e-20-9.97268142379311e-20j)
Free_energy = -15240.04377818704
------------------------------------------
[{'stable': {}, 'free': np.float64(-15240.04377818704)}]
------------------------------------------
  Seed: s-wave
F_onsite: (-8.477166936700158e-16+0j)
F_swave: (6.592176281467593e-16+0j), F_dwave: (-9.06566067509529e-21+0j)
F_px: 2.8660827412305566e-20j, F_py: -5.0563020059076685e-21j
Free_energy = -15240.04377818704
------------------------------------------
[{'stable': {}, 'free': np.float64(-15240.04377818704)}]
------------------------------------------
  Seed: s-wave+px
F_onsite: (-8.477166936700158e-16+0j)
F_swave: (6.592176281467593e-16+0j), F_dwave: (-9.06566067509529e-21+0j)
F_px: 2.8660827412305566e-20j, F_py: -5.0563020059076685e-21j
Free_energy = -15240.04377818704
------------------------------------------
[{'stable': {}, 'free': np.float64(-15240.04377818704)}]
------------------------------------------
  Seed: s-wave+py
F_onsite: (-8.477166936700158e-16+0j)
F_swave: (6.592176281467593e-16+0j), F_dwave: (-9.06566067509529e-21+0j)
F_px: 2.8660827412305566e-20j, F_py: -5.0563020059076685e-21j
Free_energy = -15240.04377818704
------------------------------------------
[{'stable': {}, 'free': np.float64(-15240.04377818704)}]
------------------------------------------
====================================
mu=2.52, T=0.0790
====================================
  Seed: normal state
F_onsite: 0j
F_swave: 0j, F_dwave: 0j
F_px: 0j, F_py: 0j
Free_energy = -15240.895811611974
------------------------------------------
[{'stable': {}, 'free': np.float64(-15240.895811611974)}]
------------------------------------------
  Seed: px+i*py
F_onsite: (-6.116798010082504e-17+6.965902215293214e-16j)
F_swave: (4.755093757516791e-17-5.414963584689061e-16j), F_dwave: (8.32326725119392e-22-3.335440608482735e-20j)
F_px: (5.250987760978983e-21+2.3561156532701244e-20j), F_py: (1.3717430036753792e-20-6.668119856402576e-20j)
Free_energy = -15240.895811611976
------------------------------------------
[{'stable': {}, 'free': np.float64(-15240.895811611974)}]
------------------------------------------
  Seed: s-wave
F_onsite: (-6.874695714032397e-16+0j)
F_swave: (5.343111208069359e-16+0j), F_dwave: (9.018990370703569e-22+0j)
F_px: 9.709398104263029e-20j, F_py: -4.153215186678085e-20j
Free_energy = -15240.895811611977
------------------------------------------
[{'stable': {}, 'free': np.float64(-15240.895811611974)}]
------------------------------------------
  Seed: s-wave+px
F_onsite: (-6.874695714032397e-16+0j)
F_swave: (5.343111208069359e-16+0j), F_dwave: (9.018990370703569e-22+0j)
F_px: 9.709398104263029e-20j, F_py: -4.153215186678085e-20j
Free_energy = -15240.895811611977
------------------------------------------
[{'stable': {}, 'free': np.float64(-15240.895811611974)}]
------------------------------------------
  Seed: s-wave+py
F_onsite: (-6.874695714032397e-16+0j)
F_swave: (5.343111208069359e-16+0j), F_dwave: (9.018990370703569e-22+0j)
F_px: 9.709398104263029e-20j, F_py: -4.153215186678085e-20j
Free_energy = -15240.895811611977
------------------------------------------
[{'stable': {}, 'free': np.float64(-15240.895811611974)}]
------------------------------------------
====================================
mu=2.52, T=0.0820
====================================
  Seed: normal state
F_onsite: 0j
F_swave: 0j, F_dwave: 0j
F_px: 0j, F_py: 0j
Free_energy = -15241.780939235869
------------------------------------------
[{'stable': {}, 'free': np.float64(-15241.780939235869)}]
------------------------------------------
  Seed: px+i*py
F_onsite: (-4.917642364918605e-17+5.604085660016938e-16j)
F_swave: (3.80704796926448e-17-4.338188775678429e-16j), F_dwave: (3.30762450433819e-21+1.073618719739271e-20j)
F_px: (-1.408683009378775e-20+1.5655976601879174e-20j), F_py: (-4.6893699542891574e-20-8.183845068631061e-20j)
Free_energy = -15241.78093923587
------------------------------------------
[{'stable': {}, 'free': np.float64(-15241.780939235869)}]
------------------------------------------
  Seed: s-wave
F_onsite: (-5.521380672961327e-16+0j)
F_swave: (4.273348681381208e-16+0j), F_dwave: (-8.532989027217966e-21+0j)
F_px: 1.4583436737608927e-19j, F_py: -7.660313014711577e-21j
Free_energy = -15241.780939235874
------------------------------------------
[{'stable': {}, 'free': np.float64(-15241.780939235869)}]
------------------------------------------
  Seed: s-wave+px
F_onsite: (-5.521380672961327e-16+0j)
F_swave: (4.273348681381208e-16+0j), F_dwave: (-8.532989027217966e-21+0j)
F_px: 1.4583436737608927e-19j, F_py: -7.660313014711577e-21j
Free_energy = -15241.780939235874
------------------------------------------
[{'stable': {}, 'free': np.float64(-15241.780939235869)}]
------------------------------------------
  Seed: s-wave+py
F_onsite: (-5.521380672961327e-16+0j)
F_swave: (4.273348681381208e-16+0j), F_dwave: (-8.532989027217966e-21+0j)
F_px: 1.4583436737608927e-19j, F_py: -7.660313014711577e-21j
Free_energy = -15241.780939235874
------------------------------------------
[{'stable': {}, 'free': np.float64(-15241.780939235869)}]
------------------------------------------
====================================
mu=2.52, T=0.0850
====================================
  Seed: normal state
F_onsite: 0j
F_swave: 0j, F_dwave: 0j
F_px: 0j, F_py: 0j
Free_energy = -15242.6991629115
------------------------------------------
[{'stable': {}, 'free': np.float64(-15242.6991629115)}]
------------------------------------------
  Seed: px+i*py
F_onsite: (-3.916500528517768e-17+4.458275314517698e-16j)
F_swave: (3.005709898907927e-17-3.4220957065223327e-16j), F_dwave: (5.652588670648931e-22+1.5975535804725717e-20j)
F_px: (1.4375335870408293e-20-2.8300548649735174e-20j), F_py: (1.92826595555872e-20-8.500491963561322e-21j)
Free_energy = -15242.6991629115
------------------------------------------
[{'stable': {}, 'free': np.float64(-15242.6991629115)}]
------------------------------------------
  Seed: s-wave
F_onsite: (-4.389031437803616e-16+0j)
F_swave: (3.364507112432146e-16+0j), F_dwave: (-4.836173466827131e-21+0j)
F_px: 1.822759362281675e-19j, F_py: 3.2179542856284866e-21j
Free_energy = -15242.6991629115
------------------------------------------
[{'stable': {}, 'free': np.float64(-15242.6991629115)}]
------------------------------------------
  Seed: s-wave+px
F_onsite: (-4.389031437803616e-16+0j)
F_swave: (3.364507112432146e-16+0j), F_dwave: (-4.836173466827131e-21+0j)
F_px: 1.822759362281675e-19j, F_py: 3.2179542856284866e-21j
Free_energy = -15242.6991629115
------------------------------------------
[{'stable': {}, 'free': np.float64(-15242.6991629115)}]
------------------------------------------
  Seed: s-wave+py
F_onsite: (-4.389031437803616e-16+0j)
F_swave: (3.364507112432146e-16+0j), F_dwave: (-4.836173466827131e-21+0j)
F_px: 1.822759362281675e-19j, F_py: 3.2179542856284866e-21j
Free_energy = -15242.6991629115
------------------------------------------
[{'stable': {}, 'free': np.float64(-15242.6991629115)}]
------------------------------------------
====================================
mu=2.52, T=0.0880
====================================
  Seed: normal state
F_onsite: 0j
F_swave: 0j, F_dwave: 0j
F_px: 0j, F_py: 0j
Free_energy = -15243.650486754686
------------------------------------------
[{'stable': {}, 'free': np.float64(-15243.650486754686)}]
------------------------------------------
  Seed: px+i*py
F_onsite: (-3.100357468888546e-17+3.5252207326080095e-16j)
F_swave: (2.3204621899613076e-17-2.6389495368962796e-16j), F_dwave: (3.95773577041255e-21+1.4916986061854706e-20j)
F_px: (7.352781504135088e-20-2.3767758652216943e-21j), F_py: (9.0927718222387e-21-3.198758925296489e-20j)
Free_energy = -15243.650486754686
------------------------------------------
[{'stable': {}, 'free': np.float64(-15243.650486754686)}]
------------------------------------------
  Seed: s-wave
F_onsite: (-3.460723643176164e-16+0j)
F_swave: (2.5837273386681186e-16+0j), F_dwave: (2.254197286754746e-20+0j)
F_px: 3.0743919879137076e-20j, F_py: -2.2390635932120478e-20j
Free_energy = -15243.650486754686
------------------------------------------
[{'stable': {}, 'free': np.float64(-15243.650486754686)}]
------------------------------------------
  Seed: s-wave+px
F_onsite: (-3.460723643176164e-16+0j)
F_swave: (2.5837273386681186e-16+0j), F_dwave: (2.254197286754746e-20+0j)
F_px: 3.0743919879137076e-20j, F_py: -2.2390635932120478e-20j
Free_energy = -15243.650486754686
------------------------------------------
[{'stable': {}, 'free': np.float64(-15243.650486754686)}]
------------------------------------------
  Seed: s-wave+py
F_onsite: (-3.460723643176164e-16+0j)
F_swave: (2.5837273386681186e-16+0j), F_dwave: (2.254197286754746e-20+0j)
F_px: 3.0743919879137076e-20j, F_py: -2.2390635932120478e-20j
Free_energy = -15243.650486754686
------------------------------------------
[{'stable': {}, 'free': np.float64(-15243.650486754686)}]
------------------------------------------
====================================
mu=2.52, T=0.0910
====================================
  Seed: normal state
F_onsite: 0j
F_swave: 0j, F_dwave: 0j
F_px: 0j, F_py: 0j
Free_energy = -15244.634916665964
------------------------------------------
[{'stable': {}, 'free': np.float64(-15244.634916665964)}]
------------------------------------------
  Seed: px+i*py
F_onsite: (-2.453759504612812e-17+2.790244670349513e-16j)
F_swave: (1.6965317628054044e-17-1.929085160054662e-16j), F_dwave: (-6.541517530690734e-21-5.095255965113179e-21j)
F_px: (3.403555287931437e-20-1.6342760066724105e-20j), F_py: (5.538764372631815e-20-2.3135450263205756e-20j)
Free_energy = -15244.634916665962
------------------------------------------
[{'stable': {}, 'free': np.float64(-15244.634916665964)}]
------------------------------------------
  Seed: s-wave
F_onsite: (-2.73775404230673e-16+0j)
F_swave: (1.8680724081746535e-16+0j), F_dwave: (1.0495776558282941e-20+0j)
F_px: 5.3971932243164215e-20j, F_py: -1.9123842316990166e-20j
Free_energy = -15244.634916665964
------------------------------------------
[{'stable': {}, 'free': np.float64(-15244.634916665964)}]
------------------------------------------
  Seed: s-wave+px
F_onsite: (-2.73775404230673e-16+0j)
F_swave: (1.8680724081746535e-16+0j), F_dwave: (1.0495776558282941e-20+0j)
F_px: 5.3971932243164215e-20j, F_py: -1.9123842316990166e-20j
Free_energy = -15244.634916665964
------------------------------------------
[{'stable': {}, 'free': np.float64(-15244.634916665964)}]
------------------------------------------
  Seed: s-wave+py
F_onsite: (-2.73775404230673e-16+0j)
F_swave: (1.8680724081746535e-16+0j), F_dwave: (1.0495776558282941e-20+0j)
F_px: 5.3971932243164215e-20j, F_py: -1.9123842316990166e-20j
Free_energy = -15244.634916665964
------------------------------------------
[{'stable': {}, 'free': np.float64(-15244.634916665964)}]
------------------------------------------
====================================
mu=2.52, T=0.0940
====================================
  Seed: normal state
F_onsite: 0j
F_swave: 0j, F_dwave: 0j
F_px: 0j, F_py: 0j
Free_energy = -15245.652459963427
------------------------------------------
[{'stable': {}, 'free': np.float64(-15245.652459963427)}]
------------------------------------------
  Seed: px+i*py
F_onsite: (-1.8055424721703603e-17+2.0455887562969648e-16j)
F_swave: (1.1792482915125238e-17-1.336660972147992e-16j), F_dwave: (-1.2655786248762924e-21-1.4966473364786863e-20j)
F_px: (-1.892399393698821e-20-3.310223218490872e-20j), F_py: (1.6292122946783896e-19-4.408136394531394e-20j)
Free_energy = -15245.65245996343
------------------------------------------
[{'stable': {}, 'free': np.float64(-15245.652459963427)}]
------------------------------------------
  Seed: s-wave
F_onsite: (-1.9713110227002228e-16+0j)
F_swave: (1.2871545999214827e-16+0j), F_dwave: (-3.0182382223080826e-20+0j)
F_px: 7.042888017370118e-20j, F_py: -4.256977498496066e-20j
Free_energy = -15245.652459963427
------------------------------------------
[{'stable': {}, 'free': np.float64(-15245.652459963427)}]
------------------------------------------
  Seed: s-wave+px
F_onsite: (-1.9713110227002228e-16+0j)
F_swave: (1.2871545999214827e-16+0j), F_dwave: (-3.0182382223080826e-20+0j)
F_px: 7.042888017370118e-20j, F_py: -4.256977498496066e-20j
Free_energy = -15245.652459963427
------------------------------------------
[{'stable': {}, 'free': np.float64(-15245.652459963427)}]
------------------------------------------
  Seed: s-wave+py
F_onsite: (-1.9713110227002228e-16+0j)
F_swave: (1.2871545999214827e-16+0j), F_dwave: (-3.0182382223080826e-20+0j)
F_px: 7.042888017370118e-20j, F_py: -4.256977498496066e-20j
Free_energy = -15245.652459963427
------------------------------------------
[{'stable': {}, 'free': np.float64(-15245.652459963427)}]
------------------------------------------
====================================
mu=2.52, T=0.0970
====================================
  Seed: normal state
F_onsite: 0j
F_swave: 0j, F_dwave: 0j
F_px: 0j, F_py: 0j
Free_energy = -15246.703125100603
------------------------------------------
[{'stable': {}, 'free': np.float64(-15246.703125100603)}]
------------------------------------------
  Seed: px+i*py
F_onsite: (-1.2155612537652515e-17+1.374680893288039e-16j)
F_swave: (8.02720429161958e-18-9.081083637136063e-17j), F_dwave: (-1.3459828403135827e-21+7.67037839782189e-21j)
F_px: (1.838599388674758e-21-1.2361320040105616e-20j), F_py: (-7.206698544788415e-20-4.739211564921456e-20j)
Free_energy = -15246.703125100603
------------------------------------------
[{'stable': {}, 'free': np.float64(-15246.703125100603)}]
------------------------------------------
  Seed: s-wave
F_onsite: (-1.3146131258464624e-16+0j)
F_swave: (8.675293874214077e-17+0j), F_dwave: (-2.1142221938563235e-20+0j)
F_px: 5.887523183021467e-20j, F_py: 1.1468316418085301e-20j
Free_energy = -15246.703125100603
------------------------------------------
[{'stable': {}, 'free': np.float64(-15246.703125100603)}]
------------------------------------------
  Seed: s-wave+px
F_onsite: (-1.3146131258464624e-16+0j)
F_swave: (8.675293874214077e-17+0j), F_dwave: (-2.1142221938563235e-20+0j)
F_px: 5.887523183021467e-20j, F_py: 1.1468316418085301e-20j
Free_energy = -15246.703125100603
------------------------------------------
[{'stable': {}, 'free': np.float64(-15246.703125100603)}]
------------------------------------------
  Seed: s-wave+py
F_onsite: (-1.3146131258464624e-16+0j)
F_swave: (8.675293874214077e-17+0j), F_dwave: (-2.1142221938563235e-20+0j)
F_px: 5.887523183021467e-20j, F_py: 1.1468316418085301e-20j
Free_energy = -15246.703125100603
------------------------------------------
[{'stable': {}, 'free': np.float64(-15246.703125100603)}]
------------------------------------------
====================================
mu=2.52, T=0.1000
====================================
  Seed: normal state
F_onsite: 0j
F_swave: 0j, F_dwave: 0j
F_px: 0j, F_py: 0j
Free_energy = -15247.786921449228
------------------------------------------
[{'stable': {}, 'free': np.float64(-15247.786921449228)}]
------------------------------------------
  Seed: px+i*py
F_onsite: (-7.973309282646589e-18+8.971504943896831e-17j)
F_swave: (5.342309481056509e-18-6.01311967276472e-17j), F_dwave: (1.9288150502610797e-20+7.029022227650275e-22j)
F_px: (-5.194258033818676e-21+2.81190428468528e-21j), F_py: (-6.722021487987326e-20-3.201123959500998e-20j)
Free_energy = -15247.786921449231
------------------------------------------
[{'stable': {}, 'free': np.float64(-15247.786921449228)}]
------------------------------------------
  Seed: s-wave
F_onsite: (-8.460154298209851e-17+0j)
F_swave: (5.670416120379126e-17+0j), F_dwave: (-1.1061188272983018e-20+0j)
F_px: -1.443467880502713e-20j, F_py: 1.2714718738787995e-20j
Free_energy = -15247.786921449228
------------------------------------------
[{'stable': {}, 'free': np.float64(-15247.786921449228)}]
------------------------------------------
  Seed: s-wave+px
F_onsite: (-8.460154298209851e-17+0j)
F_swave: (5.670416120379126e-17+0j), F_dwave: (-1.1061188272983018e-20+0j)
F_px: -1.443467880502713e-20j, F_py: 1.2714718738787995e-20j
Free_energy = -15247.786921449228
------------------------------------------
[{'stable': {}, 'free': np.float64(-15247.786921449228)}]
------------------------------------------
  Seed: s-wave+py
F_onsite: (-8.460154298209851e-17+0j)
F_swave: (5.670416120379126e-17+0j), F_dwave: (-1.1061188272983018e-20+0j)
F_px: -1.443467880502713e-20j, F_py: 1.2714718738787995e-20j
Free_energy = -15247.786921449228
------------------------------------------
[{'stable': {}, 'free': np.float64(-15247.786921449228)}]
------------------------------------------
