/home/emilssp/D1/venv/bin/python
Python 3.10.12
Running job 4 out of 10
====================================
mu=1.66, T=0.0010
====================================
  Seed: normal state
F_onsite: 0j
F_swave: 0j, F_dwave: 0j
F_px: 0j, F_py: 0j
Free_energy = -12090.36368010641
------------------------------------------
[{'stable': {}, 'free': np.float64(-12090.36368010641)}]
------------------------------------------
  Seed: px
F_onsite: -1.860777860396008e-17j
F_swave: 2.9540274035493724e-19j, F_dwave: -3.206602040508764e-18j
F_px: (0.02720416565013633+0j), F_py: (-5.648154658634584e-19+0j)
Free_energy = -12104.201823472593
------------------------------------------
[{'stable': {'F_px': np.complex128(0.02720416565013633+0j)}, 'free': np.float64(-12104.201823472593)}]
------------------------------------------
  Seed: py
F_onsite: -3.3034284942917713e-19j
F_swave: 7.30830614802851e-19j, F_dwave: 2.6715948551992667e-18j
F_px: (-1.3764649352351904e-18+0j), F_py: (0.02720416565013629+0j)
Free_energy = -12104.201823472626
------------------------------------------
[{'stable': {'F_px': np.complex128(0.02720416565013633+0j)}, 'free': np.float64(-12104.201823472593)}, {'stable': {'F_py': np.complex128(0.02720416565013629+0j)}, 'free': np.float64(-12104.201823472626)}]
------------------------------------------
  Seed: px+py
F_onsite: -3.510051593862617e-18j
F_swave: 3.362403163244352e-18j, F_dwave: 1.6995716086657536e-18j
F_px: (0.01694526842449326+0j), F_py: (0.016945268424492163+0j)
Free_energy = -12101.05541360876
------------------------------------------
[{'stable': {'F_px': np.complex128(0.02720416565013633+0j)}, 'free': np.float64(-12104.201823472593)}, {'stable': {'F_py': np.complex128(0.02720416565013629+0j)}, 'free': np.float64(-12104.201823472626)}]
------------------------------------------
  Seed: px+i*py
F_onsite: (5.8218956744952215e-18-9.192160362281277e-18j)
F_swave: (-9.713178269071278e-18+7.806255641895632e-18j), F_dwave: (-1.1103503442650407e-17-1.1275702593849246e-17j)
F_px: (0.021188760727550753+2.2422259133021813e-17j), F_py: (-1.0482112131610772e-17+0.02118876072755075j)
Free_energy = -12107.131141687505
------------------------------------------
[{'stable': {'F_px': np.complex128(0.021188760727550753+2.2422259133021813e-17j), 'F_py': np.complex128(-1.0482112131610772e-17+0.02118876072755075j)}, 'free': np.float64(-12107.131141687505)}]
------------------------------------------
  Seed: d-wave
F_onsite: (-1.373728621768865e-18+0j)
F_swave: (-7.63229625035328e-19+0j), F_dwave: (7.919705117268505e-18+0j)
F_px: 0.02720092154306769j, F_py: -8.265646098273705e-15j
Free_energy = -12104.197961733185
------------------------------------------
[{'stable': {'F_px': np.complex128(0.021188760727550753+2.2422259133021813e-17j), 'F_py': np.complex128(-1.0482112131610772e-17+0.02118876072755075j)}, 'free': np.float64(-12107.131141687505)}]
------------------------------------------
  Seed: s-wave
F_onsite: (2.042725831422152e-18+0j)
F_swave: (-8.232101456127731e-20+0j), F_dwave: (3.567067499124672e-18+0j)
F_px: -7.436203914368953e-15j, F_py: -0.0272009215430678j
Free_energy = -12104.197961733196
------------------------------------------
[{'stable': {'F_px': np.complex128(0.021188760727550753+2.2422259133021813e-17j), 'F_py': np.complex128(-1.0482112131610772e-17+0.02118876072755075j)}, 'free': np.float64(-12107.131141687505)}]
------------------------------------------
====================================
mu=1.66, T=0.0040
====================================
  Seed: normal state
F_onsite: 0j
F_swave: 0j, F_dwave: 0j
F_px: 0j, F_py: 0j
Free_energy = -12090.38116841474
------------------------------------------
[{'stable': {}, 'free': np.float64(-12090.38116841474)}]
------------------------------------------
  Seed: px
F_onsite: 8.77102616881828e-18j
F_swave: -3.941350182692666e-20j, F_dwave: -6.189084457129961e-18j
F_px: (0.027203367606159767+0j), F_py: (4.661659060103843e-20+0j)
Free_energy = -12104.200951525592
------------------------------------------
[{'stable': {'F_px': np.complex128(0.027203367606159767+0j)}, 'free': np.float64(-12104.200951525592)}]
------------------------------------------
  Seed: py
F_onsite: -1.0565147830221295e-18j
F_swave: 7.904934980250758e-19j, F_dwave: 2.4595189810304712e-18j
F_px: (-1.6132966707764728e-18+0j), F_py: (0.027203367606159733+0j)
Free_energy = -12104.20095152561
------------------------------------------
[{'stable': {'F_px': np.complex128(0.027203367606159767+0j)}, 'free': np.float64(-12104.200951525592)}, {'stable': {'F_py': np.complex128(0.027203367606159733+0j)}, 'free': np.float64(-12104.20095152561)}]
------------------------------------------
  Seed: px+py
F_onsite: -9.73177328924147e-18j
F_swave: 6.490178200099263e-18j, F_dwave: 4.3486142116443745e-18j
F_px: (0.01692636086023643+0j), F_py: (0.01692636086023318+0j)
Free_energy = -12101.036088170342
------------------------------------------
[{'stable': {'F_px': np.complex128(0.027203367606159767+0j)}, 'free': np.float64(-12104.200951525592)}, {'stable': {'F_py': np.complex128(0.027203367606159733+0j)}, 'free': np.float64(-12104.20095152561)}]
------------------------------------------
  Seed: px+i*py
F_onsite: (8.358865230640258e-18-3.577867169202165e-18j)
F_swave: (-4.925198803263237e-18+8.673617379884035e-19j), F_dwave: (-7.217865528574412e-18-6.071532165918825e-18j)
F_px: (0.021188057550633035+2.1838441674126787e-17j), F_py: (-1.1361319095970935e-17+0.021188057550632973j)
Free_energy = -12107.129840705353
------------------------------------------
[{'stable': {'F_px': np.complex128(0.021188057550633035+2.1838441674126787e-17j), 'F_py': np.complex128(-1.1361319095970935e-17+0.021188057550632973j)}, 'free': np.float64(-12107.129840705353)}]
------------------------------------------
  Seed: d-wave
F_onsite: (8.287687993291295e-18+0j)
F_swave: (5.080344798953683e-19+0j), F_dwave: (7.238928855692463e-18+0j)
F_px: 0.027200865881791242j, F_py: -7.374680179170949e-15j
Free_energy = -12104.197973611863
------------------------------------------
[{'stable': {'F_px': np.complex128(0.021188057550633035+2.1838441674126787e-17j), 'F_py': np.complex128(-1.1361319095970935e-17+0.021188057550632973j)}, 'free': np.float64(-12107.129840705353)}]
------------------------------------------
  Seed: s-wave
F_onsite: (-3.4823642043992423e-19+0j)
F_swave: (-2.5305109299222223e-19+0j), F_dwave: (3.673634831801104e-18+0j)
F_px: -6.635340006682185e-15j, F_py: -0.027200865881791325j
Free_energy = -12104.197973611874
------------------------------------------
[{'stable': {'F_px': np.complex128(0.021188057550633035+2.1838441674126787e-17j), 'F_py': np.complex128(-1.1361319095970935e-17+0.021188057550632973j)}, 'free': np.float64(-12107.129840705353)}]
------------------------------------------
====================================
mu=1.66, T=0.0070
====================================
  Seed: normal state
F_onsite: 0j
F_swave: 0j, F_dwave: 0j
F_px: 0j, F_py: 0j
Free_energy = -12090.423171978478
------------------------------------------
[{'stable': {}, 'free': np.float64(-12090.423171978478)}]
------------------------------------------
  Seed: px
F_onsite: -4.42045319348338e-19j
F_swave: 1.5622993316513536e-18j, F_dwave: -7.467336583875505e-18j
F_px: (0.027194614951239305+0j), F_py: (-2.774628472298872e-19+0j)
Free_energy = -12104.193948767246
------------------------------------------
[{'stable': {'F_px': np.complex128(0.027194614951239305+0j)}, 'free': np.float64(-12104.193948767246)}]
------------------------------------------
  Seed: py
F_onsite: -9.059546766476776e-19j
F_swave: 8.300393487500109e-19j, F_dwave: 2.4378137617570798e-18j
F_px: (-2.143539295757665e-18+0j), F_py: (0.027194614951239475+0j)
Free_energy = -12104.19394876725
------------------------------------------
[{'stable': {'F_px': np.complex128(0.027194614951239305+0j)}, 'free': np.float64(-12104.193948767246)}, {'stable': {'F_py': np.complex128(0.027194614951239475+0j)}, 'free': np.float64(-12104.19394876725)}]
------------------------------------------
  Seed: px+py
F_onsite: -4.48503945571152e-18j
F_swave: 3.604125190567048e-18j, F_dwave: 3.2114724799554763e-18j
F_px: (0.01688861163263191+0j), F_py: (0.016888611632619774+0j)
Free_energy = -12101.004684692132
------------------------------------------
[{'stable': {'F_px': np.complex128(0.027194614951239305+0j)}, 'free': np.float64(-12104.193948767246)}, {'stable': {'F_py': np.complex128(0.027194614951239475+0j)}, 'free': np.float64(-12104.19394876725)}]
------------------------------------------
  Seed: px+i*py
F_onsite: (5.0852152384003955e-18+6.483322527182423e-18j)
F_swave: (-6.694531516069263e-18-1.3010426069826053e-17j), F_dwave: (-8.917979767722e-18+6.071532165918825e-18j)
F_px: (0.021187410585731287+1.4911644459497534e-17j), F_py: (-1.2439486158707252e-17+0.02118741058573117j)
Free_energy = -12107.12885178582
------------------------------------------
[{'stable': {'F_px': np.complex128(0.021187410585731287+1.4911644459497534e-17j), 'F_py': np.complex128(-1.2439486158707252e-17+0.02118741058573117j)}, 'free': np.float64(-12107.12885178582)}]
------------------------------------------
  Seed: d-wave
F_onsite: (-2.882982515098418e-18+0j)
F_swave: (-4.291015971231082e-19+0j), F_dwave: (1.0818225392993119e-17+0j)
F_px: 0.027193931385809222j, F_py: -4.206264286439818e-15j
Free_energy = -12104.19313565793
------------------------------------------
[{'stable': {'F_px': np.complex128(0.021187410585731287+1.4911644459497534e-17j), 'F_py': np.complex128(-1.2439486158707252e-17+0.02118741058573117j)}, 'free': np.float64(-12107.12885178582)}]
------------------------------------------
  Seed: s-wave
F_onsite: (4.6872685718684845e-19+0j)
F_swave: (6.903318520122548e-20+0j), F_dwave: (3.961202517393939e-18+0j)
F_px: -3.784020148943672e-15j, F_py: -0.02719393138580925j
Free_energy = -12104.193135658013
------------------------------------------
[{'stable': {'F_px': np.complex128(0.021187410585731287+1.4911644459497534e-17j), 'F_py': np.complex128(-1.2439486158707252e-17+0.02118741058573117j)}, 'free': np.float64(-12107.12885178582)}]
------------------------------------------
====================================
mu=1.66, T=0.0100
====================================
  Seed: normal state
F_onsite: 0j
F_swave: 0j, F_dwave: 0j
F_px: 0j, F_py: 0j
Free_energy = -12090.501356987968
------------------------------------------
[{'stable': {}, 'free': np.float64(-12090.501356987968)}]
------------------------------------------
  Seed: px
F_onsite: -8.721368862285497e-18j
F_swave: -2.5699509015287506e-18j, F_dwave: -3.697192935646614e-18j
F_px: (0.02714525037447473+0j), F_py: (-3.6493223392369454e-19+0j)
Free_energy = -12104.15444154852
------------------------------------------
[{'stable': {'F_px': np.complex128(0.02714525037447473+0j)}, 'free': np.float64(-12104.15444154852)}]
------------------------------------------
  Seed: py
F_onsite: -1.000240031588922e-18j
F_swave: 7.137840767393582e-19j, F_dwave: 2.4865710957834054e-18j
F_px: (-6.663403055257668e-19+0j), F_py: (0.02714525037447481+0j)
Free_energy = -12104.154441548466
------------------------------------------
[{'stable': {'F_px': np.complex128(0.02714525037447473+0j)}, 'free': np.float64(-12104.15444154852)}, {'stable': {'F_py': np.complex128(0.02714525037447481+0j)}, 'free': np.float64(-12104.154441548466)}]
------------------------------------------
  Seed: px+py
F_onsite: -2.818184494633464e-18j
F_swave: 7.533616911998154e-18j, F_dwave: 2.380162581784584e-19j
F_px: (0.016822479636419422+0j), F_py: (0.016822479636357326+0j)
Free_energy = -12100.954532117343
------------------------------------------
[{'stable': {'F_px': np.complex128(0.02714525037447473+0j)}, 'free': np.float64(-12104.15444154852)}, {'stable': {'F_py': np.complex128(0.02714525037447481+0j)}, 'free': np.float64(-12104.154441548466)}]
------------------------------------------
  Seed: px+i*py
F_onsite: (5.1355078196436196e-18-2.5914602444330895e-17j)
F_swave: (-5.0043963838315145e-18+2.168404344971009e-17j), F_dwave: (-7.138667948006135e-18-3.5561831257524545e-17j)
F_px: (0.021176179801977467+1.2223770689843223e-17j), F_py: (-1.0678292903128748e-17+0.021176179801977384j)
Free_energy = -12107.113787910315
------------------------------------------
[{'stable': {'F_px': np.complex128(0.021176179801977467+1.2223770689843223e-17j), 'F_py': np.complex128(-1.0678292903128748e-17+0.021176179801977384j)}, 'free': np.float64(-12107.113787910315)}]
------------------------------------------
  Seed: d-wave
F_onsite: (9.230700361381348e-18+0j)
F_swave: (2.2680101256121942e-18+0j), F_dwave: (-2.38836821346111e-19+0j)
F_px: 0.027145210117595908j, F_py: -1.2776291737175082e-15j
Free_energy = -12104.154393852374
------------------------------------------
[{'stable': {'F_px': np.complex128(0.021176179801977467+1.2223770689843223e-17j), 'F_py': np.complex128(-1.0678292903128748e-17+0.021176179801977384j)}, 'free': np.float64(-12107.113787910315)}]
------------------------------------------
  Seed: s-wave
F_onsite: (1.0138984378633975e-18+0j)
F_swave: (-8.655617929754882e-20+0j), F_dwave: (3.384849536346591e-18+0j)
F_px: -1.1435385245065627e-15j, F_py: -0.02714521011759575j
Free_energy = -12104.154393852361
------------------------------------------
[{'stable': {'F_px': np.complex128(0.021176179801977467+1.2223770689843223e-17j), 'F_py': np.complex128(-1.0678292903128748e-17+0.021176179801977384j)}, 'free': np.float64(-12107.113787910315)}]
------------------------------------------
====================================
mu=1.66, T=0.0130
====================================
  Seed: normal state
F_onsite: 0j
F_swave: 0j, F_dwave: 0j
F_px: 0j, F_py: 0j
Free_energy = -12090.625741718079
------------------------------------------
[{'stable': {}, 'free': np.float64(-12090.625741718079)}]
------------------------------------------
  Seed: px
F_onsite: -5.932724641687526e-18j
F_swave: 1.973401478645308e-18j, F_dwave: -7.290042000103339e-19j
F_px: (0.02700223488559309+0j), F_py: (5.154327832940426e-20+0j)
Free_energy = -12104.041430273845
------------------------------------------
[{'stable': {'F_px': np.complex128(0.02700223488559309+0j)}, 'free': np.float64(-12104.041430273845)}]
------------------------------------------
  Seed: py
F_onsite: -6.133577329305202e-19j
F_swave: 7.736587181983966e-19j, F_dwave: 2.809555346483311e-18j
F_px: (-4.815746264610221e-19+0j), F_py: (0.027002234885593147+0j)
Free_energy = -12104.041430273863
------------------------------------------
[{'stable': {'F_px': np.complex128(0.02700223488559309+0j)}, 'free': np.float64(-12104.041430273845)}, {'stable': {'F_py': np.complex128(0.027002234885593147+0j)}, 'free': np.float64(-12104.041430273863)}]
------------------------------------------
  Seed: px+py
F_onsite: -1.4381719471871562e-17j
F_swave: 5.7392834923583255e-18j, F_dwave: -7.716470149486676e-19j
F_px: (0.016693799921018743+0j), F_py: (0.0166937999206927+0j)
Free_energy = -12100.855032995632
------------------------------------------
[{'stable': {'F_px': np.complex128(0.02700223488559309+0j)}, 'free': np.float64(-12104.041430273845)}, {'stable': {'F_py': np.complex128(0.027002234885593147+0j)}, 'free': np.float64(-12104.041430273863)}]
------------------------------------------
  Seed: px+i*py
F_onsite: (7.038314396091202e-19-1.3782787768823967e-17j)
F_swave: (-1.3383980834455e-18+4.683753385137379e-17j), F_dwave: (-3.9632539253130704e-19-5.724587470723463e-17j)
F_px: (0.02110999736981177+1.0572771126746584e-17j), F_py: (-1.023172125146852e-17+0.02110999736981162j)
Free_energy = -12107.024102759155
------------------------------------------
[{'stable': {'F_px': np.complex128(0.02110999736981177+1.0572771126746584e-17j), 'F_py': np.complex128(-1.023172125146852e-17+0.02110999736981162j)}, 'free': np.float64(-12107.024102759155)}]
------------------------------------------
  Seed: d-wave
F_onsite: (2.941057211544541e-18+0j)
F_swave: (-9.896521197482432e-19+0j), F_dwave: (1.430479829234903e-18+0j)
F_px: 0.02700223396165997j, F_py: -2.7324659845986354e-16j
Free_energy = -12104.041429191646
------------------------------------------
[{'stable': {'F_px': np.complex128(0.02110999736981177+1.0572771126746584e-17j), 'F_py': np.complex128(-1.023172125146852e-17+0.02110999736981162j)}, 'free': np.float64(-12107.024102759155)}]
------------------------------------------
  Seed: s-wave
F_onsite: (1.326665353637048e-19+0j)
F_swave: (7.723881687775151e-20+0j), F_dwave: (3.599519448916353e-18+0j)
F_px: -2.4262425968658715e-16j, F_py: -0.02700223396165988j
Free_energy = -12104.041429191697
------------------------------------------
[{'stable': {'F_px': np.complex128(0.02110999736981177+1.0572771126746584e-17j), 'F_py': np.complex128(-1.023172125146852e-17+0.02110999736981162j)}, 'free': np.float64(-12107.024102759155)}]
------------------------------------------
====================================
mu=1.66, T=0.0160
====================================
  Seed: normal state
F_onsite: 0j
F_swave: 0j, F_dwave: 0j
F_px: 0j, F_py: 0j
Free_energy = -12090.797788878474
------------------------------------------
[{'stable': {}, 'free': np.float64(-12090.797788878474)}]
------------------------------------------
  Seed: px
F_onsite: -1.3484764520288461e-18j
F_swave: -8.054753932796362e-20j, F_dwave: -2.4903033347072447e-18j
F_px: (0.026700568228979666+0j), F_py: (-3.343993431531372e-19+0j)
Free_energy = -12103.805450315713
------------------------------------------
[{'stable': {'F_px': np.complex128(0.026700568228979666+0j)}, 'free': np.float64(-12103.805450315713)}]
------------------------------------------
  Seed: py
F_onsite: -1.4183037306181225e-18j
F_swave: 7.970580033662966e-19j, F_dwave: 3.2012551450292213e-18j
F_px: (-1.4158056451682124e-18+0j), F_py: (0.02670056822897966+0j)
Free_energy = -12103.805450315669
------------------------------------------
[{'stable': {'F_px': np.complex128(0.026700568228979666+0j)}, 'free': np.float64(-12103.805450315713)}, {'stable': {'F_py': np.complex128(0.02670056822897966+0j)}, 'free': np.float64(-12103.805450315669)}]
------------------------------------------
  Seed: px+py
F_onsite: -7.594603284200464e-18j
F_swave: 5.4492805870421344e-18j, F_dwave: 1.3478941168776088e-18j
F_px: (0.016464855832976088+0j), F_py: (0.01646485583115621+0j)
Free_energy = -12100.671374751242
------------------------------------------
[{'stable': {'F_px': np.complex128(0.026700568228979666+0j)}, 'free': np.float64(-12103.805450315713)}, {'stable': {'F_py': np.complex128(0.02670056822897966+0j)}, 'free': np.float64(-12103.805450315669)}]
------------------------------------------
  Seed: px+i*py
F_onsite: (6.76935496555836e-18+3.893032247007729e-17j)
F_swave: (-7.929485700831332e-19-5.204170427930421e-18j), F_dwave: (-2.676498381870481e-18+8.673617379884035e-18j)
F_px: (0.0209285770268946+1.9751405431651394e-17j), F_py: (-2.3160885097917364e-17+0.02092857702689478j)
Free_energy = -12106.78250511679
------------------------------------------
[{'stable': {'F_px': np.complex128(0.0209285770268946+1.9751405431651394e-17j), 'F_py': np.complex128(-2.3160885097917364e-17+0.02092857702689478j)}, 'free': np.float64(-12106.78250511679)}]
------------------------------------------
  Seed: d-wave
F_onsite: (-6.7728754462453855e-18+0j)
F_swave: (-4.873615820264431e-19+0j), F_dwave: (8.669117517351747e-18+0j)
F_px: 0.026700568219407066j, F_py: -4.2992444330925146e-17j
Free_energy = -12103.80545030474
------------------------------------------
[{'stable': {'F_px': np.complex128(0.0209285770268946+1.9751405431651394e-17j), 'F_py': np.complex128(-2.3160885097917364e-17+0.02092857702689478j)}, 'free': np.float64(-12106.78250511679)}]
------------------------------------------
  Seed: s-wave
F_onsite: (8.971667098199142e-19+0j)
F_swave: (-2.6120378510954487e-19+0j), F_dwave: (3.475958517735632e-18+0j)
F_px: -3.500079766142168e-17j, F_py: -0.026700568219407177j
Free_energy = -12103.805450304679
------------------------------------------
[{'stable': {'F_px': np.complex128(0.0209285770268946+1.9751405431651394e-17j), 'F_py': np.complex128(-2.3160885097917364e-17+0.02092857702689478j)}, 'free': np.float64(-12106.78250511679)}]
------------------------------------------
====================================
mu=1.66, T=0.0190
====================================
  Seed: normal state
F_onsite: 0j
F_swave: 0j, F_dwave: 0j
F_px: 0j, F_py: 0j
Free_energy = -12091.015545875158
------------------------------------------
[{'stable': {}, 'free': np.float64(-12091.015545875158)}]
------------------------------------------
  Seed: px
F_onsite: 7.369716036704447e-18j
F_swave: 1.0320302368905599e-18j, F_dwave: -3.2801086184626764e-18j
F_px: (0.026184616717769397+0j), F_py: (-2.233751613362698e-19+0j)
Free_energy = -12103.41075794739
------------------------------------------
[{'stable': {'F_px': np.complex128(0.026184616717769397+0j)}, 'free': np.float64(-12103.41075794739)}]
------------------------------------------
  Seed: py
F_onsite: 1.7141829270058903e-19j
F_swave: 3.408248821514491e-19j, F_dwave: 4.217324104819958e-18j
F_px: (-7.799419821313494e-19+0j), F_py: (0.026184616717769383+0j)
Free_energy = -12103.41075794739
------------------------------------------
[{'stable': {'F_px': np.complex128(0.026184616717769397+0j)}, 'free': np.float64(-12103.41075794739)}, {'stable': {'F_py': np.complex128(0.026184616717769383+0j)}, 'free': np.float64(-12103.41075794739)}]
------------------------------------------
  Seed: px+py
F_onsite: -2.021338249503981e-18j
F_swave: 5.313728845701845e-18j, F_dwave: -4.41436514417499e-19j
F_px: (0.01610519355311625+0j), F_py: (0.016105193543076764+0j)
Free_energy = -12100.38101135643
------------------------------------------
[{'stable': {'F_px': np.complex128(0.026184616717769397+0j)}, 'free': np.float64(-12103.41075794739)}, {'stable': {'F_py': np.complex128(0.026184616717769383+0j)}, 'free': np.float64(-12103.41075794739)}]
------------------------------------------
  Seed: px+i*py
F_onsite: (-8.467682494582834e-19-9.384145673732385e-18j)
F_swave: (2.9666336360846806e-18+3.469446951953614e-17j), F_dwave: (2.2375367918457407e-18-2.7755575615628914e-17j)
F_px: (0.020579744598648884+2.806013689972604e-17j), F_py: (-3.092650962812439e-17+0.02057974459864895j)
Free_energy = -12106.33107598045
------------------------------------------
[{'stable': {'F_px': np.complex128(0.020579744598648884+2.806013689972604e-17j), 'F_py': np.complex128(-3.092650962812439e-17+0.02057974459864895j)}, 'free': np.float64(-12106.33107598045)}]
------------------------------------------
  Seed: d-wave
F_onsite: (7.629119876801076e-19+0j)
F_swave: (-5.398776247562097e-19+0j), F_dwave: (4.862127935917294e-18+0j)
F_px: 0.026184616717699897j, F_py: -6.554969603119316e-18j
Free_energy = -12103.410757947298
------------------------------------------
[{'stable': {'F_px': np.complex128(0.020579744598648884+2.806013689972604e-17j), 'F_py': np.complex128(-3.092650962812439e-17+0.02057974459864895j)}, 'free': np.float64(-12106.33107598045)}]
------------------------------------------
  Seed: s-wave
F_onsite: (7.147899283642227e-19+0j)
F_swave: (-4.404571325722362e-20+0j), F_dwave: (3.502375357778125e-18+0j)
F_px: -9.269485205942734e-19j, F_py: -0.02618461671769987j
Free_energy = -12103.410757947302
------------------------------------------
[{'stable': {'F_px': np.complex128(0.020579744598648884+2.806013689972604e-17j), 'F_py': np.complex128(-3.092650962812439e-17+0.02057974459864895j)}, 'free': np.float64(-12106.33107598045)}]
------------------------------------------
====================================
mu=1.66, T=0.0220
====================================
  Seed: normal state
F_onsite: 0j
F_swave: 0j, F_dwave: 0j
F_px: 0j, F_py: 0j
Free_energy = -12091.276739897583
------------------------------------------
[{'stable': {}, 'free': np.float64(-12091.276739897583)}]
------------------------------------------
  Seed: px
F_onsite: -1.007932149541175e-17j
F_swave: 1.2800785415380614e-18j, F_dwave: -3.216395858961392e-18j
F_px: (0.025403400254067728+0j), F_py: (-1.978814548573855e-19+0j)
Free_energy = -12102.832536568509
------------------------------------------
[{'stable': {'F_px': np.complex128(0.025403400254067728+0j)}, 'free': np.float64(-12102.832536568509)}]
------------------------------------------
  Seed: py
F_onsite: 1.0496326403256883e-18j
F_swave: -1.8677076486957322e-19j, F_dwave: 4.07322262466832e-18j
F_px: (-1.0043660084843364e-18+0j), F_py: (0.025403400254067756+0j)
Free_energy = -12102.832536568534
------------------------------------------
[{'stable': {'F_px': np.complex128(0.025403400254067728+0j)}, 'free': np.float64(-12102.832536568509)}, {'stable': {'F_py': np.complex128(0.025403400254067756+0j)}, 'free': np.float64(-12102.832536568534)}]
------------------------------------------
  Seed: px+py
F_onsite: -6.5576231985243864e-18j
F_swave: 6.8834397156416734e-18j, F_dwave: 3.150989033565599e-18j
F_px: (0.015585877015254247+0j), F_py: (0.01558587696023732+0j)
Free_energy = -12099.968362556498
------------------------------------------
[{'stable': {'F_px': np.complex128(0.025403400254067728+0j)}, 'free': np.float64(-12102.832536568509)}, {'stable': {'F_py': np.complex128(0.025403400254067756+0j)}, 'free': np.float64(-12102.832536568534)}]
------------------------------------------
  Seed: px+i*py
F_onsite: (4.799897484073705e-18-3.822064120917619e-17j)
F_swave: (-1.610553739865247e-18-8.673617379884035e-19j), F_dwave: (-3.593616688065174e-18-9.540979117872439e-18j)
F_px: (0.02001663933951383+2.6189094058800492e-17j), F_py: (-3.106456276363704e-17+0.02001663933951376j)
Free_energy = -12105.627985510164
------------------------------------------
[{'stable': {'F_px': np.complex128(0.02001663933951383+2.6189094058800492e-17j), 'F_py': np.complex128(-3.106456276363704e-17+0.02001663933951376j)}, 'free': np.float64(-12105.627985510164)}]
------------------------------------------
  Seed: d-wave
F_onsite: (3.511057445487482e-18+0j)
F_swave: (-3.031186811088319e-18+0j), F_dwave: (9.079954966549684e-18+0j)
F_px: 0.02540340025406737j, F_py: -3.8271066139317425e-18j
Free_energy = -12102.83253656851
------------------------------------------
[{'stable': {'F_px': np.complex128(0.02001663933951383+2.6189094058800492e-17j), 'F_py': np.complex128(-3.106456276363704e-17+0.02001663933951376j)}, 'free': np.float64(-12105.627985510164)}]
------------------------------------------
  Seed: s-wave
F_onsite: (7.046255329971711e-19+0j)
F_swave: (1.4987189210480777e-19+0j), F_dwave: (4.328020723114254e-18+0j)
F_px: 2.1673025403950882e-18j, F_py: -0.025403400254067305j
Free_energy = -12102.832536568534
------------------------------------------
[{'stable': {'F_px': np.complex128(0.02001663933951383+2.6189094058800492e-17j), 'F_py': np.complex128(-3.106456276363704e-17+0.02001663933951376j)}, 'free': np.float64(-12105.627985510164)}]
------------------------------------------
====================================
mu=1.66, T=0.0250
====================================
  Seed: normal state
F_onsite: 0j
F_swave: 0j, F_dwave: 0j
F_px: 0j, F_py: 0j
Free_energy = -12091.579692033967
------------------------------------------
[{'stable': {}, 'free': np.float64(-12091.579692033967)}]
------------------------------------------
  Seed: px
F_onsite: -1.2955501277152532e-17j
F_swave: -2.1337818732519893e-18j, F_dwave: -3.555103158744705e-18j
F_px: (0.024306232861778368+0j), F_py: (-7.389038975813686e-20+0j)
Free_energy = -12102.057801998695
------------------------------------------
[{'stable': {'F_px': np.complex128(0.024306232861778368+0j)}, 'free': np.float64(-12102.057801998695)}]
------------------------------------------
  Seed: py
F_onsite: 2.112500170452225e-18j
F_swave: -7.699000094949556e-19j, F_dwave: 3.8154069713477925e-18j
F_px: (-9.191399356117729e-19+0j), F_py: (0.024306232861778444+0j)
Free_energy = -12102.057801998693
------------------------------------------
[{'stable': {'F_px': np.complex128(0.024306232861778368+0j)}, 'free': np.float64(-12102.057801998695)}, {'stable': {'F_py': np.complex128(0.024306232861778444+0j)}, 'free': np.float64(-12102.057801998693)}]
------------------------------------------
  Seed: px+py
F_onsite: -1.304330153609136e-17j
F_swave: 7.731954970553669e-18j, F_dwave: -1.6586228596219285e-18j
F_px: (0.014878138037062004+0j), F_py: (0.014878137760920002+0j)
Free_energy = -12099.426889885366
------------------------------------------
[{'stable': {'F_px': np.complex128(0.024306232861778368+0j)}, 'free': np.float64(-12102.057801998695)}, {'stable': {'F_py': np.complex128(0.024306232861778444+0j)}, 'free': np.float64(-12102.057801998693)}]
------------------------------------------
  Seed: px+i*py
F_onsite: (3.191514266135797e-18+1.6640226946606747e-18j)
F_swave: (-4.948028988169701e-18-9.540979117872439e-18j), F_dwave: (-5.460311867691142e-18+9.540979117872439e-18j)
F_px: (0.01919621004485936+1.2734650671045774e-17j), F_py: (-2.102577973568529e-17+0.01919621004485949j)
Free_energy = -12104.652230057673
------------------------------------------
[{'stable': {'F_px': np.complex128(0.01919621004485936+1.2734650671045774e-17j), 'F_py': np.complex128(-2.102577973568529e-17+0.01919621004485949j)}, 'free': np.float64(-12104.652230057673)}]
------------------------------------------
  Seed: d-wave
F_onsite: (1.0659221426925726e-17+0j)
F_swave: (3.847475109335248e-18+0j), F_dwave: (3.775292020361421e-18+0j)
F_px: 0.024306232861778375j, F_py: 8.602678370551488e-23j
Free_energy = -12102.057801998695
------------------------------------------
[{'stable': {'F_px': np.complex128(0.01919621004485936+1.2734650671045774e-17j), 'F_py': np.complex128(-2.102577973568529e-17+0.01919621004485949j)}, 'free': np.float64(-12104.652230057673)}]
------------------------------------------
  Seed: s-wave
F_onsite: (9.518268046974183e-19+0j)
F_swave: (-2.491600353907728e-19+0j), F_dwave: (3.831077080871997e-18+0j)
F_px: 2.353970734868705e-18j, F_py: -0.024306232861778455j
Free_energy = -12102.057801998693
------------------------------------------
[{'stable': {'F_px': np.complex128(0.01919621004485936+1.2734650671045774e-17j), 'F_py': np.complex128(-2.102577973568529e-17+0.01919621004485949j)}, 'free': np.float64(-12104.652230057673)}]
------------------------------------------
====================================
mu=1.66, T=0.0280
====================================
  Seed: normal state
F_onsite: 0j
F_swave: 0j, F_dwave: 0j
F_px: 0j, F_py: 0j
Free_energy = -12091.92335296624
------------------------------------------
[{'stable': {}, 'free': np.float64(-12091.92335296624)}]
------------------------------------------
  Seed: px
F_onsite: 7.158460725703304e-18j
F_swave: -5.70939911118801e-18j, F_dwave: -7.909223084546233e-18j
F_px: (0.022829776616345714+0j), F_py: (-4.647299204669922e-19+0j)
Free_energy = -12101.079903932747
------------------------------------------
[{'stable': {'F_px': np.complex128(0.022829776616345714+0j)}, 'free': np.float64(-12101.079903932747)}]
------------------------------------------
  Seed: py
F_onsite: 1.444191175068582e-19j
F_swave: -2.583185791329599e-19j, F_dwave: 4.37974267245597e-18j
F_px: (-2.257882126192095e-18+0j), F_py: (0.022829776616345658+0j)
Free_energy = -12101.079903932763
------------------------------------------
[{'stable': {'F_px': np.complex128(0.022829776616345714+0j)}, 'free': np.float64(-12101.079903932747)}, {'stable': {'F_py': np.complex128(0.022829776616345658+0j)}, 'free': np.float64(-12101.079903932763)}]
------------------------------------------
  Seed: px+py
F_onsite: -8.471811780200698e-18j
F_swave: 4.4809101700936556e-18j, F_dwave: 2.838883862281991e-18j
F_px: (0.013942996145129508+0j), F_py: (0.01394299485559637+0j)
Free_energy = -12098.751690436811
------------------------------------------
[{'stable': {'F_px': np.complex128(0.022829776616345714+0j)}, 'free': np.float64(-12101.079903932747)}, {'stable': {'F_py': np.complex128(0.022829776616345658+0j)}, 'free': np.float64(-12101.079903932763)}]
------------------------------------------
  Seed: px+i*py
F_onsite: (-9.818435347657426e-19-4.7140295190458e-18j)
F_swave: (-8.820524656673453e-19-1.214306433183765e-17j), F_dwave: (-8.526710103094618e-19+1.0408340855860843e-17j)
F_px: (0.018066929320099144+1.472815594729857e-17j), F_py: (-1.39065339884619e-17+0.018066929320099033j)
Free_energy = -12103.39342597034
------------------------------------------
[{'stable': {'F_px': np.complex128(0.018066929320099144+1.472815594729857e-17j), 'F_py': np.complex128(-1.39065339884619e-17+0.018066929320099033j)}, 'free': np.float64(-12103.39342597034)}]
------------------------------------------
  Seed: d-wave
F_onsite: (-9.20857162563433e-18+0j)
F_swave: (2.489932757792821e-18+0j), F_dwave: (6.280431666535417e-18+0j)
F_px: 0.022829776616345707j, F_py: -4.608620239226943e-19j
Free_energy = -12101.079903932747
------------------------------------------
[{'stable': {'F_px': np.complex128(0.018066929320099144+1.472815594729857e-17j), 'F_py': np.complex128(-1.39065339884619e-17+0.018066929320099033j)}, 'free': np.float64(-12103.39342597034)}]
------------------------------------------
  Seed: s-wave
F_onsite: (3.99428974189606e-19+0j)
F_swave: (-2.5035117547284914e-19+0j), F_dwave: (4.38863651840214e-18+0j)
F_px: 2.967699044713649e-18j, F_py: -0.022829776616345658j
Free_energy = -12101.079903932763
------------------------------------------
[{'stable': {'F_px': np.complex128(0.018066929320099144+1.472815594729857e-17j), 'F_py': np.complex128(-1.39065339884619e-17+0.018066929320099033j)}, 'free': np.float64(-12103.39342597034)}]
------------------------------------------
====================================
mu=1.66, T=0.0310
====================================
  Seed: normal state
F_onsite: 0j
F_swave: 0j, F_dwave: 0j
F_px: 0j, F_py: 0j
Free_energy = -12092.307122963311
------------------------------------------
[{'stable': {}, 'free': np.float64(-12092.307122963311)}]
------------------------------------------
  Seed: px
F_onsite: 1.9159885266892274e-18j
F_swave: 9.758084250165557e-19j, F_dwave: -5.7950023784198975e-18j
F_px: (0.02087807617958386+0j), F_py: (-1.027804998321639e-18+0j)
Free_energy = -12099.894146839877
------------------------------------------
[{'stable': {'F_px': np.complex128(0.02087807617958386+0j)}, 'free': np.float64(-12099.894146839877)}]
------------------------------------------
  Seed: py
F_onsite: 1.9302822076741437e-18j
F_swave: -5.026346448566222e-19j, F_dwave: 5.450365848005804e-18j
F_px: (-1.0658784675562298e-18+0j), F_py: (0.02087807617958376+0j)
Free_energy = -12099.894146839795
------------------------------------------
[{'stable': {'F_px': np.complex128(0.02087807617958386+0j)}, 'free': np.float64(-12099.894146839877)}, {'stable': {'F_py': np.complex128(0.02087807617958376+0j)}, 'free': np.float64(-12099.894146839795)}]
------------------------------------------
  Seed: px+py
F_onsite: -7.101524229780054e-18j
F_swave: 2.8754915674711378e-18j, F_dwave: 6.492772238500229e-19j
F_px: (0.012725183771381864+0j), F_py: (0.01272517841598079+0j)
Free_energy = -12097.943166145193
------------------------------------------
[{'stable': {'F_px': np.complex128(0.02087807617958386+0j)}, 'free': np.float64(-12099.894146839877)}, {'stable': {'F_py': np.complex128(0.02087807617958376+0j)}, 'free': np.float64(-12099.894146839795)}]
------------------------------------------
  Seed: px+i*py
F_onsite: (9.101210199569847e-18+1.2406915094907364e-18j)
F_swave: (-5.548509173323996e-18-3.122502256758253e-17j), F_dwave: (-1.0064002110467268e-17+2.6020852139652106e-17j)
F_px: (0.016551659966940052+3.1083329837374644e-18j), F_py: (-1.2820703924530891e-17+0.01655165996694024j)
Free_energy = -12101.844511929368
------------------------------------------
[{'stable': {'F_px': np.complex128(0.016551659966940052+3.1083329837374644e-18j), 'F_py': np.complex128(-1.2820703924530891e-17+0.01655165996694024j)}, 'free': np.float64(-12101.844511929368)}]
------------------------------------------
  Seed: d-wave
F_onsite: (-4.243238019050019e-18+0j)
F_swave: (-4.93912852477863e-19+0j), F_dwave: (7.773949275891761e-18+0j)
F_px: 0.02087807617958386j, F_py: -8.565521417435606e-19j
Free_energy = -12099.894146839877
------------------------------------------
[{'stable': {'F_px': np.complex128(0.016551659966940052+3.1083329837374644e-18j), 'F_py': np.complex128(-1.2820703924530891e-17+0.01655165996694024j)}, 'free': np.float64(-12101.844511929368)}]
------------------------------------------
  Seed: s-wave
F_onsite: (1.6107919678816623e-18+0j)
F_swave: (-5.67273846643966e-19+0j), F_dwave: (5.012873330748958e-18+0j)
F_px: 2.3072184866472078e-18j, F_py: -0.020878076179583753j
Free_energy = -12099.894146839795
------------------------------------------
[{'stable': {'F_px': np.complex128(0.016551659966940052+3.1083329837374644e-18j), 'F_py': np.complex128(-1.2820703924530891e-17+0.01655165996694024j)}, 'free': np.float64(-12101.844511929368)}]
------------------------------------------
====================================
mu=1.66, T=0.0340
====================================
  Seed: normal state
F_onsite: 0j
F_swave: 0j, F_dwave: 0j
F_px: 0j, F_py: 0j
Free_energy = -12092.730678163129
------------------------------------------
[{'stable': {}, 'free': np.float64(-12092.730678163129)}]
------------------------------------------
  Seed: px
F_onsite: 1.0113811618232761e-17j
F_swave: -3.0347867011141496e-18j, F_dwave: -7.042787788843889e-18j
F_px: (0.018289499628142372+0j), F_py: (-4.448746079155144e-18+0j)
Free_energy = -12098.500479034617
------------------------------------------
[{'stable': {'F_px': np.complex128(0.018289499628142372+0j)}, 'free': np.float64(-12098.500479034617)}]
------------------------------------------
  Seed: py
F_onsite: 2.2703394662171436e-18j
F_swave: -9.249335086220943e-19j, F_dwave: 6.1539061200393055e-18j
F_px: (-1.7280564002396297e-18+0j), F_py: (0.01828949962814235+0j)
Free_energy = -12098.500479034641
------------------------------------------
[{'stable': {'F_px': np.complex128(0.018289499628142372+0j)}, 'free': np.float64(-12098.500479034617)}, {'stable': {'F_py': np.complex128(0.01828949962814235+0j)}, 'free': np.float64(-12098.500479034641)}]
------------------------------------------
  Seed: px+py
F_onsite: -6.786454443181056e-18j
F_swave: 4.857681012944209e-18j, F_dwave: -1.6131477782662133e-18j
F_px: (0.011125626193426748+0j), F_py: (0.011125606071937463+0j)
Free_energy = -12097.000511297543
------------------------------------------
[{'stable': {'F_px': np.complex128(0.018289499628142372+0j)}, 'free': np.float64(-12098.500479034617)}, {'stable': {'F_py': np.complex128(0.01828949962814235+0j)}, 'free': np.float64(-12098.500479034641)}]
------------------------------------------
  Seed: px+i*py
F_onsite: (2.6895943053284205e-19-4.41015644921832e-18j)
F_swave: (7.579753737843912e-19+1.8648277366750676e-17j), F_dwave: (-1.6253371117727947e-18-2.7321894746634712e-17j)
F_px: (0.014522723279074078+4.5418700725163635e-18j), F_py: (-7.554051581850664e-18+0.014522723279074192j)
Free_energy = -12100.006836569724
------------------------------------------
[{'stable': {'F_px': np.complex128(0.014522723279074078+4.5418700725163635e-18j), 'F_py': np.complex128(-7.554051581850664e-18+0.014522723279074192j)}, 'free': np.float64(-12100.006836569724)}]
------------------------------------------
  Seed: d-wave
F_onsite: (-7.270454363198084e-19+0j)
F_swave: (2.870396134897811e-18+0j), F_dwave: (8.794068111961557e-18+0j)
F_px: 0.01828949962814236j, F_py: -4.99840428747418e-19j
Free_energy = -12098.500479034617
------------------------------------------
[{'stable': {'F_px': np.complex128(0.014522723279074078+4.5418700725163635e-18j), 'F_py': np.complex128(-7.554051581850664e-18+0.014522723279074192j)}, 'free': np.float64(-12100.006836569724)}]
------------------------------------------
  Seed: s-wave
F_onsite: (2.4854328952605325e-18+0j)
F_swave: (-7.0804013456579e-19+0j), F_dwave: (5.917583927755356e-18+0j)
F_px: 1.9205810334501218e-18j, F_py: -0.018289499628142355j
Free_energy = -12098.500479034641
------------------------------------------
[{'stable': {'F_px': np.complex128(0.014522723279074078+4.5418700725163635e-18j), 'F_py': np.complex128(-7.554051581850664e-18+0.014522723279074192j)}, 'free': np.float64(-12100.006836569724)}]
------------------------------------------
====================================
mu=1.66, T=0.0370
====================================
  Seed: normal state
F_onsite: 0j
F_swave: 0j, F_dwave: 0j
F_px: 0j, F_py: 0j
Free_energy = -12093.193850124757
------------------------------------------
[{'stable': {}, 'free': np.float64(-12093.193850124757)}]
------------------------------------------
  Seed: px
F_onsite: 7.974629909942026e-18j
F_swave: -4.630490894622845e-19j, F_dwave: -8.784671340202955e-18j
F_px: (0.014720703759153509+0j), F_py: (-1.9760120606585253e-18+0j)
Free_energy = -12096.898885112085
------------------------------------------
[{'stable': {'F_px': np.complex128(0.014720703759153509+0j)}, 'free': np.float64(-12096.898885112085)}]
------------------------------------------
  Seed: py
F_onsite: 2.215626431780436e-18j
F_swave: -1.3753962178837719e-18j, F_dwave: 6.742196971687019e-18j
F_px: (-2.0873638059979636e-18+0j), F_py: (0.014720703759153488+0j)
Free_energy = -12096.898885112087
------------------------------------------
[{'stable': {'F_px': np.complex128(0.014720703759153509+0j)}, 'free': np.float64(-12096.898885112085)}, {'stable': {'F_py': np.complex128(0.014720703759153488+0j)}, 'free': np.float64(-12096.898885112087)}]
------------------------------------------
  Seed: px+py
F_onsite: -3.414363340602483e-18j
F_swave: -3.051700890279634e-19j, F_dwave: 4.341043854678289e-20j
F_px: (0.008940901106405745+0j), F_py: (0.008940837682727916+0j)
Free_energy = -12095.927458837808
------------------------------------------
[{'stable': {'F_px': np.complex128(0.014720703759153509+0j)}, 'free': np.float64(-12096.898885112085)}, {'stable': {'F_py': np.complex128(0.014720703759153488+0j)}, 'free': np.float64(-12096.898885112087)}]
------------------------------------------
  Seed: px+i*py
F_onsite: (2.482071233251117e-19-1.4003042804889686e-18j)
F_swave: (1.0240495983406483e-19-4.336808689942018e-18j), F_dwave: (-3.571851911787679e-18-6.071532165918825e-18j)
F_px: (0.011706497249366836-8.881802196451381e-19j), F_py: (1.1574572875332006e-18+0.01170649724936694j)
Free_energy = -12097.880197420907
------------------------------------------
[{'stable': {'F_px': np.complex128(0.011706497249366836-8.881802196451381e-19j), 'F_py': np.complex128(1.1574572875332006e-18+0.01170649724936694j)}, 'free': np.float64(-12097.880197420907)}]
------------------------------------------
  Seed: d-wave
F_onsite: (-3.356712160629987e-18+0j)
F_swave: (1.1579072737864294e-18+0j), F_dwave: (8.059531728014469e-18+0j)
F_px: 0.014720703759153521j, F_py: -3.733019782337511e-18j
Free_energy = -12096.898885112085
------------------------------------------
[{'stable': {'F_px': np.complex128(0.011706497249366836-8.881802196451381e-19j), 'F_py': np.complex128(1.1574572875332006e-18+0.01170649724936694j)}, 'free': np.float64(-12097.880197420907)}]
------------------------------------------
  Seed: s-wave
F_onsite: (1.985180530568063e-18+0j)
F_swave: (-1.1241980094636684e-18+0j), F_dwave: (6.937888052282364e-18+0j)
F_px: 2.483288843112795e-18j, F_py: -0.01472070375915348j
Free_energy = -12096.898885112087
------------------------------------------
[{'stable': {'F_px': np.complex128(0.011706497249366836-8.881802196451381e-19j), 'F_py': np.complex128(1.1574572875332006e-18+0.01170649724936694j)}, 'free': np.float64(-12097.880197420907)}]
------------------------------------------
====================================
mu=1.66, T=0.0400
====================================
  Seed: normal state
F_onsite: 0j
F_swave: 0j, F_dwave: 0j
F_px: 0j, F_py: 0j
Free_energy = -12093.69655296452
------------------------------------------
[{'stable': {}, 'free': np.float64(-12093.69655296452)}]
------------------------------------------
  Seed: px
F_onsite: 3.4974519787722095e-18j
F_swave: -1.150178098142734e-19j, F_dwave: -6.964827670471991e-18j
F_px: (0.00908047845827744+0j), F_py: (-2.3374585554809213e-18+0j)
Free_energy = -12095.094402696866
------------------------------------------
[{'stable': {'F_px': np.complex128(0.00908047845827744+0j)}, 'free': np.float64(-12095.094402696866)}]
------------------------------------------
  Seed: py
F_onsite: 1.5186506650881554e-18j
F_swave: -8.187632226396881e-19j, F_dwave: 7.74788977787389e-18j
F_px: (-2.440846205882699e-18+0j), F_py: (0.009080478458277306+0j)
Free_energy = -12095.094402696863
------------------------------------------
[{'stable': {'F_px': np.complex128(0.00908047845827744+0j)}, 'free': np.float64(-12095.094402696866)}, {'stable': {'F_py': np.complex128(0.009080478458277306+0j)}, 'free': np.float64(-12095.094402696863)}]
------------------------------------------
  Seed: px+py
F_onsite: 4.593208210053855e-18j
F_swave: -2.3640557208969514e-18j, F_dwave: -3.2281219713249437e-19j
F_px: (0.005521048073311069+0j), F_py: (0.005520917245395367+0j)
Free_energy = -12094.730145501471
------------------------------------------
[{'stable': {'F_px': np.complex128(0.00908047845827744+0j)}, 'free': np.float64(-12095.094402696866)}, {'stable': {'F_py': np.complex128(0.009080478458277306+0j)}, 'free': np.float64(-12095.094402696863)}]
------------------------------------------
  Seed: px+i*py
F_onsite: (8.713189700388572e-19-2.9347971086687396e-18j)
F_swave: (-2.682017330917435e-19+5.854691731421724e-18j), F_dwave: (-6.237011301821283e-18-1.4094628242311558e-17j)
F_px: (0.007237163865534359-5.653898600808152e-18j), F_py: (-1.1354807530188917e-18+0.007237163865534462j)
Free_energy = -12095.472490323235
------------------------------------------
[{'stable': {'F_px': np.complex128(0.007237163865534359-5.653898600808152e-18j), 'F_py': np.complex128(-1.1354807530188917e-18+0.007237163865534462j)}, 'free': np.float64(-12095.472490323235)}]
------------------------------------------
  Seed: d-wave
F_onsite: (-5.529113442320852e-18+0j)
F_swave: (1.0583742850391487e-18+0j), F_dwave: (7.402412831957443e-18+0j)
F_px: 0.009080478458277438j, F_py: -3.013157582457113e-18j
Free_energy = -12095.094402696866
------------------------------------------
[{'stable': {'F_px': np.complex128(0.007237163865534359-5.653898600808152e-18j), 'F_py': np.complex128(-1.1354807530188917e-18+0.007237163865534462j)}, 'free': np.float64(-12095.472490323235)}]
------------------------------------------
  Seed: s-wave
F_onsite: (1.8067345113832235e-18+0j)
F_swave: (-9.111692232292119e-19+0j), F_dwave: (7.689431269623543e-18+0j)
F_px: 1.5530588970285237e-18j, F_py: -0.009080478458277306j
Free_energy = -12095.094402696863
------------------------------------------
[{'stable': {'F_px': np.complex128(0.007237163865534359-5.653898600808152e-18j), 'F_py': np.complex128(-1.1354807530188917e-18+0.007237163865534462j)}, 'free': np.float64(-12095.472490323235)}]
------------------------------------------
====================================
mu=1.66, T=0.0430
====================================
  Seed: normal state
F_onsite: 0j
F_swave: 0j, F_dwave: 0j
F_px: 0j, F_py: 0j
Free_energy = -12094.238742765294
------------------------------------------
[{'stable': {}, 'free': np.float64(-12094.238742765294)}]
------------------------------------------
  Seed: px
F_onsite: 7.349054959779155e-20j
F_swave: -6.161950076240993e-20j, F_dwave: 8.720199751659431e-20j
F_px: (1.1868507294868423e-13+0j), F_py: (-2.7647178767450987e-19+0j)
Free_energy = -12094.23874276529
------------------------------------------
[{'stable': {}, 'free': np.float64(-12094.238742765294)}]
------------------------------------------
  Seed: py
F_onsite: 8.651929261216811e-20j
F_swave: -4.7040880082817144e-20j, F_dwave: -1.7428938178886097e-20j
F_px: (3.418545592071366e-19+0j), F_py: (1.1868459189519417e-13+0j)
Free_energy = -12094.23874276529
------------------------------------------
[{'stable': {}, 'free': np.float64(-12094.238742765294)}]
------------------------------------------
  Seed: px+py
F_onsite: -3.738086458166096e-20j
F_swave: 2.8220634663072614e-20j, F_dwave: 3.0427353994447135e-20j
F_px: (1.188133904156794e-13+0j), F_py: (1.1881307878572867e-13+0j)
Free_energy = -12094.238742765294
------------------------------------------
[{'stable': {}, 'free': np.float64(-12094.238742765294)}]
------------------------------------------
  Seed: px+i*py
F_onsite: (5.436853074636285e-20+6.531181040579276e-21j)
F_swave: (-3.190643482319974e-20-1.3654305491500328e-20j), F_dwave: (-2.5556172935503913e-20+8.721643029719281e-20j)
F_px: (1.1887613205288633e-13+3.392696380338197e-19j), F_py: (-5.6169957102625045e-19+1.188771929185133e-13j)
Free_energy = -12094.23874276529
------------------------------------------
[{'stable': {}, 'free': np.float64(-12094.238742765294)}]
------------------------------------------
  Seed: d-wave
F_onsite: (4.6943243058218737e-20+0j)
F_swave: (-4.4575649360769987e-20+0j), F_dwave: (1.8468471283751772e-20+0j)
F_px: 1.3551382582303172e-13j, F_py: 4.598078162113253e-19j
Free_energy = -12094.23874276529
------------------------------------------
[{'stable': {}, 'free': np.float64(-12094.238742765294)}]
------------------------------------------
  Seed: s-wave
F_onsite: (-8.35690267817557e-20+0j)
F_swave: (5.977901789947861e-20+0j), F_dwave: (3.1235826203707827e-20+0j)
F_px: 4.936066706119113e-21j, F_py: -1.355143395261487e-13j
Free_energy = -12094.23874276529
------------------------------------------
[{'stable': {}, 'free': np.float64(-12094.238742765294)}]
------------------------------------------
====================================
mu=1.66, T=0.0460
====================================
  Seed: normal state
F_onsite: 0j
F_swave: 0j, F_dwave: 0j
F_px: 0j, F_py: 0j
Free_energy = -12094.820396378418
------------------------------------------
[{'stable': {}, 'free': np.float64(-12094.820396378418)}]
------------------------------------------
  Seed: px
F_onsite: -2.591844912576927e-19j
F_swave: 1.7589921147692036e-19j, F_dwave: 9.296399385243329e-20j
F_px: (4.089795313274303e-14+0j), F_py: (-4.431818800358395e-20+0j)
Free_energy = -12094.820396378418
------------------------------------------
[{'stable': {}, 'free': np.float64(-12094.820396378418)}]
------------------------------------------
  Seed: py
F_onsite: -1.424375847300409e-19j
F_swave: 9.364323161346075e-20j, F_dwave: 6.5390880131996904e-21j
F_px: (-1.329836245009131e-19+0j), F_py: (4.089859247270607e-14+0j)
Free_energy = -12094.820396378418
------------------------------------------
[{'stable': {}, 'free': np.float64(-12094.820396378418)}]
------------------------------------------
  Seed: px+py
F_onsite: -1.2155072181671923e-19j
F_swave: 4.956480717438592e-20j, F_dwave: -6.198720612327681e-20j
F_px: (4.001078846951104e-14+0j), F_py: (4.00105093739116e-14+0j)
Free_energy = -12094.820396378418
------------------------------------------
[{'stable': {}, 'free': np.float64(-12094.820396378418)}]
------------------------------------------
  Seed: px+i*py
F_onsite: (4.306800700727251e-20-6.853118484167063e-20j)
F_swave: (-5.292572558164147e-20+6.53066835980633e-20j), F_dwave: (1.6010261304990787e-20-1.5864797948566574e-20j)
F_px: (4.004472288888499e-14+3.997764858888955e-19j), F_py: (-1.924555637192233e-19+4.004488066004906e-14j)
Free_energy = -12094.820396378418
------------------------------------------
[{'stable': {}, 'free': np.float64(-12094.820396378418)}]
------------------------------------------
  Seed: d-wave
F_onsite: (-1.301261712494186e-19+0j)
F_swave: (7.708162061056008e-20+0j), F_dwave: (1.9921111030545808e-20+0j)
F_px: 4.256714756672787e-14j, F_py: 1.5726520651016064e-19j
Free_energy = -12094.820396378418
------------------------------------------
[{'stable': {}, 'free': np.float64(-12094.820396378418)}]
------------------------------------------
  Seed: s-wave
F_onsite: (1.8465846897001383e-19+0j)
F_swave: (-1.2868869495586041e-19+0j), F_dwave: (4.211851982214137e-20+0j)
F_px: -3.656820158995908e-19j, F_py: -4.2567018220391306e-14j
Free_energy = -12094.820396378418
------------------------------------------
[{'stable': {}, 'free': np.float64(-12094.820396378418)}]
------------------------------------------
====================================
mu=1.66, T=0.0490
====================================
  Seed: normal state
F_onsite: 0j
F_swave: 0j, F_dwave: 0j
F_px: 0j, F_py: 0j
Free_energy = -12095.441501024341
------------------------------------------
[{'stable': {}, 'free': np.float64(-12095.441501024341)}]
------------------------------------------
  Seed: px
F_onsite: 2.5679257666874923e-19j
F_swave: -2.0717737817710608e-19j, F_dwave: -3.659179097628244e-20j
F_px: (2.4893230526756023e-14+0j), F_py: (-1.0023407444254544e-19+0j)
Free_energy = -12095.441501024337
------------------------------------------
[{'stable': {}, 'free': np.float64(-12095.441501024341)}]
------------------------------------------
  Seed: py
F_onsite: 2.1586972695688717e-19j
F_swave: -1.9273134075294866e-19j, F_dwave: -7.052708365747251e-21j
F_px: (2.0452631050105953e-19+0j), F_py: (2.4894024291592895e-14+0j)
Free_energy = -12095.441501024341
------------------------------------------
[{'stable': {}, 'free': np.float64(-12095.441501024341)}]
------------------------------------------
  Seed: px+py
F_onsite: -9.621596399055571e-20j
F_swave: 6.078796443647178e-20j, F_dwave: 2.986414355095037e-20j
F_px: (2.4356107027695013e-14+0j), F_py: (2.4356405805239564e-14+0j)
Free_energy = -12095.441501024341
------------------------------------------
[{'stable': {}, 'free': np.float64(-12095.441501024341)}]
------------------------------------------
  Seed: px+i*py
F_onsite: (-2.200465318069222e-19+2.45417063794657e-19j)
F_swave: (1.3054224313991744e-19-1.739437757173001e-19j), F_dwave: (3.606349636588617e-20+3.0669526286659993e-20j)
F_px: (2.43812274096375e-14+2.908378362904592e-19j), F_py: (-1.4079247766003483e-20+2.4381332875277392e-14j)
Free_energy = -12095.441501024341
------------------------------------------
[{'stable': {}, 'free': np.float64(-12095.441501024341)}]
------------------------------------------
  Seed: d-wave
F_onsite: (-1.4378183187308673e-19+0j)
F_swave: (8.381296113616235e-20+0j), F_dwave: (4.075869080509336e-20+0j)
F_px: 2.4939224432327652e-14j, F_py: 2.1545048665363477e-19j
Free_energy = -12095.441501024341
------------------------------------------
[{'stable': {}, 'free': np.float64(-12095.441501024341)}]
------------------------------------------
  Seed: s-wave
F_onsite: (-2.6578293369095027e-19+0j)
F_swave: (2.299013020350523e-19+0j), F_dwave: (3.477911008588069e-20+0j)
F_px: -1.4178706732298808e-19j, F_py: -2.4939173540521544e-14j
Free_energy = -12095.441501024341
------------------------------------------
[{'stable': {}, 'free': np.float64(-12095.441501024341)}]
------------------------------------------
====================================
mu=1.66, T=0.0520
====================================
  Seed: normal state
F_onsite: 0j
F_swave: 0j, F_dwave: 0j
F_px: 0j, F_py: 0j
Free_energy = -12096.10204954155
------------------------------------------
[{'stable': {}, 'free': np.float64(-12096.10204954155)}]
------------------------------------------
  Seed: px
F_onsite: -2.732750222898708e-20j
F_swave: 1.0140235561647424e-20j, F_dwave: 3.2844100660932517e-20j
F_px: (1.8163792106434685e-14+0j), F_py: (8.899911853876079e-20+0j)
Free_energy = -12096.10204954155
------------------------------------------
[{'stable': {}, 'free': np.float64(-12096.10204954155)}]
------------------------------------------
  Seed: py
F_onsite: -8.636715910478523e-20j
F_swave: 5.172151583335863e-20j, F_dwave: -2.071530723672736e-20j
F_px: (4.919163125426063e-19+0j), F_py: (1.816492475152531e-14+0j)
Free_energy = -12096.10204954155
------------------------------------------
[{'stable': {}, 'free': np.float64(-12096.10204954155)}]
------------------------------------------
  Seed: px+py
F_onsite: 2.173474853277387e-19j
F_swave: -1.4136755542650962e-19j, F_dwave: -4.8691538894738483e-20j
F_px: (1.7772810806186637e-14+0j), F_py: (1.7773136269049165e-14+0j)
Free_energy = -12096.10204954155
------------------------------------------
[{'stable': {}, 'free': np.float64(-12096.10204954155)}]
------------------------------------------
  Seed: px+i*py
F_onsite: (-5.0156457054329176e-20-1.7000942506960195e-19j)
F_swave: (3.195355277992857e-20+1.1033781422721503e-19j), F_dwave: (-2.9502907389597286e-20+2.4797412334550626e-21j)
F_px: (1.7793762990281625e-14+4.536609239996799e-19j), F_py: (1.598726626566412e-19+1.779379606946871e-14j)
Free_energy = -12096.102049541552
------------------------------------------
[{'stable': {}, 'free': np.float64(-12096.10204954155)}]
------------------------------------------
  Seed: d-wave
F_onsite: (3.215021719839324e-19+0j)
F_swave: (-2.1320292135500271e-19+0j), F_dwave: (2.4553416453149512e-20+0j)
F_px: 1.8197783133416668e-14j, F_py: 2.228301343018847e-20j
Free_energy = -12096.10204954155
------------------------------------------
[{'stable': {}, 'free': np.float64(-12096.10204954155)}]
------------------------------------------
  Seed: s-wave
F_onsite: (-2.530189644493408e-20+0j)
F_swave: (8.656790414769966e-21+0j), F_dwave: (-1.1243539705293894e-19+0j)
F_px: -2.8602285158018985e-19j, F_py: -1.819791492663524e-14j
Free_energy = -12096.10204954155
------------------------------------------
[{'stable': {}, 'free': np.float64(-12096.10204954155)}]
------------------------------------------
====================================
mu=1.66, T=0.0550
====================================
  Seed: normal state
F_onsite: 0j
F_swave: 0j, F_dwave: 0j
F_px: 0j, F_py: 0j
Free_energy = -12096.802038405862
------------------------------------------
[{'stable': {}, 'free': np.float64(-12096.802038405862)}]
------------------------------------------
  Seed: px
F_onsite: -1.47246205896091e-19j
F_swave: 1.1656108642235063e-19j, F_dwave: 9.637817891907169e-20j
F_px: (1.3934876000096028e-14+0j), F_py: (-1.1763581531635119e-21+0j)
Free_energy = -12096.802038405862
------------------------------------------
[{'stable': {}, 'free': np.float64(-12096.802038405862)}]
------------------------------------------
  Seed: py
F_onsite: 1.3359416769265266e-19j
F_swave: -4.17431054854197e-20j, F_dwave: 2.4322513752586664e-20j
F_px: (2.1938535779444376e-19+0j), F_py: (1.3935856186465553e-14+0j)
Free_energy = -12096.802038405862
------------------------------------------
[{'stable': {}, 'free': np.float64(-12096.802038405862)}]
------------------------------------------
  Seed: px+py
F_onsite: 1.3267594049679738e-19j
F_swave: -1.072877836397612e-19j, F_dwave: -1.0210566955760606e-19j
F_px: (1.3636027018921412e-14+0j), F_py: (1.363638656374156e-14+0j)
Free_energy = -12096.802038405862
------------------------------------------
[{'stable': {}, 'free': np.float64(-12096.802038405862)}]
------------------------------------------
  Seed: px+i*py
F_onsite: (1.6491767885481885e-19+1.1178531046526074e-20j)
F_swave: (-9.882895665214683e-20-2.7500715783768436e-21j), F_dwave: (-5.750673720806954e-20+1.0174759288385791e-19j)
F_px: (1.3653785373048255e-14+4.278255805085767e-19j), F_py: (6.561342989905247e-20+1.3653664245766929e-14j)
Free_energy = -12096.802038405862
------------------------------------------
[{'stable': {}, 'free': np.float64(-12096.802038405862)}]
------------------------------------------
  Seed: d-wave
F_onsite: (-2.1253844320144832e-19+0j)
F_swave: (1.345280163605623e-19+0j), F_dwave: (5.1566144299813934e-21+0j)
F_px: 1.3960932167516837e-14j, F_py: 9.952871754312489e-20j
Free_energy = -12096.802038405858
------------------------------------------
[{'stable': {}, 'free': np.float64(-12096.802038405862)}]
------------------------------------------
  Seed: s-wave
F_onsite: (-7.125798995650722e-21+0j)
F_swave: (1.8091967167511003e-20+0j), F_dwave: (-1.988580578095233e-20+0j)
F_px: -1.2361012753959851e-19j, F_py: -1.3960902863755683e-14j
Free_energy = -12096.802038405858
------------------------------------------
[{'stable': {}, 'free': np.float64(-12096.802038405862)}]
------------------------------------------
====================================
mu=1.66, T=0.0580
====================================
  Seed: normal state
F_onsite: 0j
F_swave: 0j, F_dwave: 0j
F_px: 0j, F_py: 0j
Free_energy = -12097.541467002582
------------------------------------------
[{'stable': {}, 'free': np.float64(-12097.541467002582)}]
------------------------------------------
  Seed: px
F_onsite: -2.1913696366674708e-19j
F_swave: 1.1847458545055895e-19j, F_dwave: 4.4106261452253286e-20j
F_px: (1.1888347214590708e-14+0j), F_py: (-2.639479936022309e-19+0j)
Free_energy = -12097.541467002582
------------------------------------------
[{'stable': {}, 'free': np.float64(-12097.541467002582)}]
------------------------------------------
  Seed: py
F_onsite: -1.697518590077236e-19j
F_swave: 1.0677655023373157e-19j, F_dwave: -2.622477931549766e-20j
F_px: (1.0771421020233019e-19+0j), F_py: (1.1889208196190238e-14+0j)
Free_energy = -12097.541467002582
------------------------------------------
[{'stable': {}, 'free': np.float64(-12097.541467002582)}]
------------------------------------------
  Seed: px+py
F_onsite: 2.9158049244841255e-19j
F_swave: -2.6749650908269703e-19j, F_dwave: -7.485544023288638e-21j
F_px: (1.1633655780896715e-14+0j), F_py: (1.1634063637302835e-14+0j)
Free_energy = -12097.541467002582
------------------------------------------
[{'stable': {}, 'free': np.float64(-12097.541467002582)}]
------------------------------------------
  Seed: px+i*py
F_onsite: (1.2357352288241598e-19-2.5119768355952994e-19j)
F_swave: (-9.214940855300272e-20+1.4837915663798488e-19j), F_dwave: (1.7396100791432534e-20+4.421412987096684e-20j)
F_px: (1.1649771798651483e-14+3.4201743941977665e-19j), F_py: (2.499621461444192e-19+1.164962348139359e-14j)
Free_energy = -12097.541467002582
------------------------------------------
[{'stable': {}, 'free': np.float64(-12097.541467002582)}]
------------------------------------------
  Seed: d-wave
F_onsite: (1.5393780365525854e-20+0j)
F_swave: (-2.7648500471241764e-20+0j), F_dwave: (1.4278903395204322e-20+0j)
F_px: 1.1910578080007294e-14j, F_py: 2.9590718829133663e-20j
Free_energy = -12097.541467002582
------------------------------------------
[{'stable': {}, 'free': np.float64(-12097.541467002582)}]
------------------------------------------
  Seed: s-wave
F_onsite: (-4.188074371146211e-19+0j)
F_swave: (2.7359045497769804e-19+0j), F_dwave: (-1.3116250224302818e-20+0j)
F_px: 3.611534265488607e-20j, F_py: -1.1910469873301304e-14j
Free_energy = -12097.541467002582
------------------------------------------
[{'stable': {}, 'free': np.float64(-12097.541467002582)}]
------------------------------------------
====================================
mu=1.66, T=0.0610
====================================
  Seed: normal state
F_onsite: 0j
F_swave: 0j, F_dwave: 0j
F_px: 0j, F_py: 0j
Free_energy = -12098.320337395811
------------------------------------------
[{'stable': {}, 'free': np.float64(-12098.320337395811)}]
------------------------------------------
  Seed: px
F_onsite: -6.795773875205331e-20j
F_swave: 5.650819501654664e-20j, F_dwave: -4.869450737303284e-20j
F_px: (9.888766425640432e-15+0j), F_py: (-1.200474353600218e-19+0j)
Free_energy = -12098.320337395811
------------------------------------------
[{'stable': {}, 'free': np.float64(-12098.320337395811)}]
------------------------------------------
  Seed: py
F_onsite: -5.310976579838802e-20j
F_swave: 2.4591343709563487e-20j, F_dwave: 2.3601427207725315e-20j
F_px: (9.820747107543153e-20+0j), F_py: (9.889355695746284e-15+0j)
Free_energy = -12098.320337395811
------------------------------------------
[{'stable': {}, 'free': np.float64(-12098.320337395811)}]
------------------------------------------
  Seed: px+py
F_onsite: 2.1241797837676462e-19j
F_swave: -1.4179818626430621e-19j, F_dwave: -1.9137350257044002e-20j
F_px: (9.676782357320348e-15+0j), F_py: (9.67730200066873e-15+0j)
Free_energy = -12098.320337395811
------------------------------------------
[{'stable': {}, 'free': np.float64(-12098.320337395811)}]
------------------------------------------
  Seed: px+i*py
F_onsite: (-1.8324483939649228e-19-8.327835623451808e-21j)
F_swave: (9.226450446369688e-20-1.5069918790367473e-22j), F_dwave: (2.217837764662656e-20+1.2213441467398456e-20j)
F_px: (9.691136036374867e-15+3.234489873017559e-19j), F_py: (8.414952280531001e-20+9.691169910045085e-15j)
Free_energy = -12098.320337395811
------------------------------------------
[{'stable': {}, 'free': np.float64(-12098.320337395811)}]
------------------------------------------
  Seed: d-wave
F_onsite: (-2.1111773847391388e-19+0j)
F_swave: (1.7014725437275967e-19+0j), F_dwave: (-5.760279747291727e-21+0j)
F_px: 9.907375179451519e-15j, F_py: 4.528432861444336e-20j
Free_energy = -12098.320337395811
------------------------------------------
[{'stable': {}, 'free': np.float64(-12098.320337395811)}]
------------------------------------------
  Seed: s-wave
F_onsite: (-1.8384230276780605e-19+0j)
F_swave: (1.0460149246068847e-19+0j), F_dwave: (-2.5946041153176673e-20+0j)
F_px: -1.0208178786884516e-19j, F_py: -9.907342172342744e-15j
Free_energy = -12098.320337395811
------------------------------------------
[{'stable': {}, 'free': np.float64(-12098.320337395811)}]
------------------------------------------
====================================
mu=1.66, T=0.0640
====================================
  Seed: normal state
F_onsite: 0j
F_swave: 0j, F_dwave: 0j
F_px: 0j, F_py: 0j
Free_energy = -12099.138654249964
------------------------------------------
[{'stable': {}, 'free': np.float64(-12099.138654249964)}]
------------------------------------------
  Seed: px
F_onsite: 8.048238809360748e-20j
F_swave: -4.767055068764787e-20j, F_dwave: -3.944683020030036e-20j
F_px: (8.909374470493154e-15+0j), F_py: (-9.033161935761092e-20+0j)
Free_energy = -12099.138654249964
------------------------------------------
[{'stable': {}, 'free': np.float64(-12099.138654249964)}]
------------------------------------------
  Seed: py
F_onsite: -4.12312960790784e-20j
F_swave: 2.4306513326060696e-20j, F_dwave: 2.0784231649874535e-20j
F_px: (8.264646435088021e-20+0j), F_py: (8.909759597051187e-15+0j)
Free_energy = -12099.138654249964
------------------------------------------
[{'stable': {}, 'free': np.float64(-12099.138654249964)}]
------------------------------------------
  Seed: px+py
F_onsite: 1.3440160850813252e-19j
F_swave: -1.08141908791362e-19j, F_dwave: -1.0737660978453358e-20j
F_px: (8.718353191872303e-15+0j), F_py: (8.71911520403387e-15+0j)
Free_energy = -12099.138654249964
------------------------------------------
[{'stable': {}, 'free': np.float64(-12099.138654249964)}]
------------------------------------------
  Seed: px+i*py
F_onsite: (-8.264855393041126e-20-6.560558627765142e-20j)
F_swave: (6.054024878788128e-20+5.222806824733883e-20j), F_dwave: (5.704847155654677e-21+1.8745162442412604e-20j)
F_px: (8.731904657703764e-15+3.310051534344982e-19j), F_py: (5.641780943777992e-20+8.73209572492163e-15j)
Free_energy = -12099.138654249962
------------------------------------------
[{'stable': {}, 'free': np.float64(-12099.138654249964)}]
------------------------------------------
  Seed: d-wave
F_onsite: (-6.112575502041712e-19+0j)
F_swave: (4.1586916732380697e-19+0j), F_dwave: (5.8345139334537815e-21+0j)
F_px: 8.926014643312077e-15j, F_py: -9.240734029307182e-20j
Free_energy = -12099.138654249964
------------------------------------------
[{'stable': {}, 'free': np.float64(-12099.138654249964)}]
------------------------------------------
  Seed: s-wave
F_onsite: (-1.4612167175947832e-19+0j)
F_swave: (8.994064239052997e-20+0j), F_dwave: (-1.0662005637121471e-20+0j)
F_px: -1.7195563600346413e-19j, F_py: -8.92619109504347e-15j
Free_energy = -12099.138654249964
------------------------------------------
[{'stable': {}, 'free': np.float64(-12099.138654249964)}]
------------------------------------------
====================================
mu=1.66, T=0.0670
====================================
  Seed: normal state
F_onsite: 0j
F_swave: 0j, F_dwave: 0j
F_px: 0j, F_py: 0j
Free_energy = -12099.996424763714
------------------------------------------
[{'stable': {}, 'free': np.float64(-12099.996424763714)}]
------------------------------------------
  Seed: px
F_onsite: -8.394431026668693e-20j
F_swave: -2.756736091628815e-21j, F_dwave: -4.845500181667326e-20j
F_px: (7.932613567608485e-15+0j), F_py: (-1.8142665730708463e-19+0j)
Free_energy = -12099.996424763714
------------------------------------------
[{'stable': {}, 'free': np.float64(-12099.996424763714)}]
------------------------------------------
  Seed: py
F_onsite: -7.611838911561847e-20j
F_swave: 3.4435021743618486e-22j, F_dwave: 5.546903350154089e-20j
F_px: (3.152706419014454e-20+0j), F_py: (7.933062710155612e-15+0j)
Free_energy = -12099.996424763714
------------------------------------------
[{'stable': {}, 'free': np.float64(-12099.996424763714)}]
------------------------------------------
  Seed: px+py
F_onsite: 1.0834765348325028e-19j
F_swave: -9.496805999171551e-20j, F_dwave: -2.5040766863269262e-20j
F_px: (7.762921333948523e-15+0j), F_py: (7.763639224432374e-15+0j)
Free_energy = -12099.99642476371
------------------------------------------
[{'stable': {}, 'free': np.float64(-12099.996424763714)}]
------------------------------------------
  Seed: px+i*py
F_onsite: (2.3479618684273777e-20-3.138449929068661e-20j)
F_swave: (-2.0627008644650832e-20+1.885939238122534e-20j), F_dwave: (-1.0655186187158882e-20+2.2054828287831394e-20j)
F_px: (7.775522384457081e-15+4.352709267188242e-19j), F_py: (1.5732430620762224e-19+7.775825218953914e-15j)
Free_energy = -12099.996424763714
------------------------------------------
[{'stable': {}, 'free': np.float64(-12099.996424763714)}]
------------------------------------------
  Seed: d-wave
F_onsite: (-2.1584502734226365e-19+0j)
F_swave: (2.1523638335357792e-19+0j), F_dwave: (5.1980309411880407e-20+0j)
F_px: 7.947596006967932e-15j, F_py: -5.991278896435469e-20j
Free_energy = -12099.996424763714
------------------------------------------
[{'stable': {}, 'free': np.float64(-12099.996424763714)}]
------------------------------------------
  Seed: s-wave
F_onsite: (-1.444438248569545e-19+0j)
F_swave: (7.606090401492729e-20+0j), F_dwave: (-2.701217826847776e-20+0j)
F_px: -2.0541936316711942e-20j, F_py: -7.947583226386129e-15j
Free_energy = -12099.996424763714
------------------------------------------
[{'stable': {}, 'free': np.float64(-12099.996424763714)}]
------------------------------------------
====================================
mu=1.66, T=0.0700
====================================
  Seed: normal state
F_onsite: 0j
F_swave: 0j, F_dwave: 0j
F_px: 0j, F_py: 0j
Free_energy = -12100.893658573546
------------------------------------------
[{'stable': {}, 'free': np.float64(-12100.893658573546)}]
------------------------------------------
  Seed: px
F_onsite: -1.0027982775803883e-19j
F_swave: 4.724020796033721e-20j, F_dwave: -7.33432840464252e-20j
F_px: (6.9829507859635315e-15+0j), F_py: (-1.0071844170796199e-19+0j)
Free_energy = -12100.893658573546
------------------------------------------
[{'stable': {}, 'free': np.float64(-12100.893658573546)}]
------------------------------------------
  Seed: py
F_onsite: 9.774618851230321e-20j
F_swave: -7.003422675901156e-20j, F_dwave: 4.985047127378547e-20j
F_px: (1.0872333991309264e-20+0j), F_py: (6.983396241238075e-15+0j)
Free_energy = -12100.893658573546
------------------------------------------
[{'stable': {}, 'free': np.float64(-12100.893658573546)}]
------------------------------------------
  Seed: px+py
F_onsite: 5.002695868000219e-20j
F_swave: -4.4464165146682944e-20j, F_dwave: -1.8602470678376564e-20j
F_px: (6.833858512781388e-15+0j), F_py: (6.834473379942937e-15+0j)
Free_energy = -12100.893658573546
------------------------------------------
[{'stable': {}, 'free': np.float64(-12100.893658573546)}]
------------------------------------------
  Seed: px+i*py
F_onsite: (7.685141432180419e-20+5.99934760704389e-20j)
F_swave: (-2.1784213701122845e-20-2.3344067150816004e-20j), F_dwave: (-3.4480390666720126e-20+7.329217935389497e-22j)
F_px: (6.84545260911517e-15+3.7554463604981195e-19j), F_py: (3.2790633566748624e-19+6.84571708513113e-15j)
Free_energy = -12100.893658573543
------------------------------------------
[{'stable': {}, 'free': np.float64(-12100.893658573546)}]
------------------------------------------
  Seed: d-wave
F_onsite: (-8.24558604344402e-20+0j)
F_swave: (6.821751284113964e-20+0j), F_dwave: (-1.0070398733589417e-20+0j)
F_px: 6.9960409049441445e-15j, F_py: 4.3929956687847375e-20j
Free_energy = -12100.893658573546
------------------------------------------
[{'stable': {}, 'free': np.float64(-12100.893658573546)}]
------------------------------------------
  Seed: s-wave
F_onsite: (-2.49278167671048e-19+0j)
F_swave: (1.4824065738648596e-19+0j), F_dwave: (1.384136000012249e-20+0j)
F_px: 4.4936867537379794e-20j, F_py: -6.996211246442928e-15j
Free_energy = -12100.893658573546
------------------------------------------
[{'stable': {}, 'free': np.float64(-12100.893658573546)}]
------------------------------------------
====================================
mu=1.66, T=0.0730
====================================
  Seed: normal state
F_onsite: 0j
F_swave: 0j, F_dwave: 0j
F_px: 0j, F_py: 0j
Free_energy = -12101.8303676257
------------------------------------------
[{'stable': {}, 'free': np.float64(-12101.8303676257)}]
------------------------------------------
  Seed: px
F_onsite: -2.5557415337353543e-20j
F_swave: 3.558153411025555e-20j, F_dwave: -3.252636279531372e-20j
F_px: (6.079588672659008e-15+0j), F_py: (-9.888762079402294e-20+0j)
Free_energy = -12101.8303676257
------------------------------------------
[{'stable': {}, 'free': np.float64(-12101.8303676257)}]
------------------------------------------
  Seed: py
F_onsite: 4.8253561038925574e-20j
F_swave: -2.1150462895301324e-20j, F_dwave: 5.389609399131427e-20j
F_px: (3.6929800773932996e-20+0j), F_py: (6.0800181856303094e-15+0j)
Free_energy = -12101.8303676257
------------------------------------------
[{'stable': {}, 'free': np.float64(-12101.8303676257)}]
------------------------------------------
  Seed: px+py
F_onsite: 6.412352203590219e-21j
F_swave: 6.055758469325518e-21j, F_dwave: 4.429554678350843e-20j
F_px: (5.949847530731533e-15+0j), F_py: (5.950427756517067e-15+0j)
Free_energy = -12101.8303676257
------------------------------------------
[{'stable': {}, 'free': np.float64(-12101.8303676257)}]
------------------------------------------
  Seed: px+i*py
F_onsite: (2.173799679288572e-20+9.739349628312433e-20j)
F_swave: (1.4698605499946473e-20-4.371179508377441e-20j), F_dwave: (-3.942114105773944e-20+3.2383606308086084e-20j)
F_px: (5.9603552824042435e-15+3.5164112730227955e-19j), F_py: (3.2668461872459393e-19+5.9606301595357e-15j)
Free_energy = -12101.830367625698
------------------------------------------
[{'stable': {}, 'free': np.float64(-12101.8303676257)}]
------------------------------------------
  Seed: d-wave
F_onsite: (3.7909631549884894e-20+0j)
F_swave: (-1.9162846152363583e-20+0j), F_dwave: (-6.193746198748379e-20+0j)
F_px: 6.090885432613811e-15j, F_py: 7.466028655246292e-20j
Free_energy = -12101.8303676257
------------------------------------------
[{'stable': {}, 'free': np.float64(-12101.8303676257)}]
------------------------------------------
  Seed: s-wave
F_onsite: (-1.9438016670800395e-20+0j)
F_swave: (1.0793236646257636e-20+0j), F_dwave: (5.774259750455583e-20+0j)
F_px: 1.3657974007483471e-21j, F_py: -6.091137583607278e-15j
Free_energy = -12101.8303676257
------------------------------------------
[{'stable': {}, 'free': np.float64(-12101.8303676257)}]
------------------------------------------
====================================
mu=1.66, T=0.0760
====================================
  Seed: normal state
F_onsite: 0j
F_swave: 0j, F_dwave: 0j
F_px: 0j, F_py: 0j
Free_energy = -12102.806566028687
------------------------------------------
[{'stable': {}, 'free': np.float64(-12102.806566028687)}]
------------------------------------------
  Seed: px
F_onsite: -1.9683620055755416e-19j
F_swave: 1.4869576717749925e-19j, F_dwave: -8.870615919585305e-21j
F_px: (5.236599175813619e-15+0j), F_py: (-1.4352636523853487e-19+0j)
Free_energy = -12102.806566028687
------------------------------------------
[{'stable': {}, 'free': np.float64(-12102.806566028687)}]
------------------------------------------
  Seed: py
F_onsite: -3.3224066945673426e-20j
F_swave: -6.756467195613723e-21j, F_dwave: 7.35879625445901e-21j
F_px: (2.0348522737526308e-20+0j), F_py: (5.2370285961375675e-15+0j)
Free_energy = -12102.806566028687
------------------------------------------
[{'stable': {}, 'free': np.float64(-12102.806566028687)}]
------------------------------------------
  Seed: px+py
F_onsite: 6.179313498834042e-20j
F_swave: -6.36347559022249e-20j, F_dwave: 1.7486870239486503e-20j
F_px: (5.124980359644216e-15+0j), F_py: (5.125336703603222e-15+0j)
Free_energy = -12102.806566028687
------------------------------------------
[{'stable': {}, 'free': np.float64(-12102.806566028687)}]
------------------------------------------
  Seed: px+i*py
F_onsite: (-8.933052035417314e-20+1.959293085448973e-19j)
F_swave: (6.628990098704569e-20-1.1823842912472452e-19j), F_dwave: (-5.96842545135676e-20+6.449710780461104e-20j)
F_px: (5.134643434190328e-15+3.9946317663491633e-19j), F_py: (3.1285729758205844e-19+5.134849028706417e-15j)
Free_energy = -12102.806566028688
------------------------------------------
[{'stable': {}, 'free': np.float64(-12102.806566028687)}]
------------------------------------------
  Seed: d-wave
F_onsite: (-2.809137307228099e-20+0j)
F_swave: (6.251294506602434e-21+0j), F_dwave: (-3.918122375304894e-20+0j)
F_px: 5.246549122150745e-15j, F_py: 4.909353207393719e-20j
Free_energy = -12102.806566028687
------------------------------------------
[{'stable': {}, 'free': np.float64(-12102.806566028687)}]
------------------------------------------
  Seed: s-wave
F_onsite: (-1.114187530305253e-19+0j)
F_swave: (8.512149254083027e-20+0j), F_dwave: (4.106910906421346e-20+0j)
F_px: 1.8506170489804922e-20j, F_py: -5.2466872104762446e-15j
Free_energy = -12102.806566028687
------------------------------------------
[{'stable': {}, 'free': np.float64(-12102.806566028687)}]
------------------------------------------
====================================
mu=1.66, T=0.0790
====================================
  Seed: normal state
F_onsite: 0j
F_swave: 0j, F_dwave: 0j
F_px: 0j, F_py: 0j
Free_energy = -12103.822269901224
------------------------------------------
[{'stable': {}, 'free': np.float64(-12103.822269901224)}]
------------------------------------------
  Seed: px
F_onsite: -1.952652689950207e-19j
F_swave: 1.3208424492139182e-19j, F_dwave: -3.4276707040261376e-20j
F_px: (4.463676176245037e-15+0j), F_py: (-1.9723598410819113e-19+0j)
Free_energy = -12103.82226990122
------------------------------------------
[{'stable': {}, 'free': np.float64(-12103.822269901224)}]
------------------------------------------
  Seed: py
F_onsite: 1.2141689888229451e-19j
F_swave: -8.563080000436204e-20j, F_dwave: -5.910590319833913e-20j
F_px: (-1.0656836100753748e-19+0j), F_py: (4.4641518195330845e-15+0j)
Free_energy = -12103.82226990122
------------------------------------------
[{'stable': {}, 'free': np.float64(-12103.822269901224)}]
------------------------------------------
  Seed: px+py
F_onsite: 8.635847589656217e-20j
F_swave: -7.805192422821058e-20j, F_dwave: 2.1815085965017173e-20j
F_px: (4.368702569530113e-15+0j), F_py: (4.368894650418431e-15+0j)
Free_energy = -12103.822269901224
------------------------------------------
[{'stable': {}, 'free': np.float64(-12103.822269901224)}]
------------------------------------------
  Seed: px+i*py
F_onsite: (2.219721722426667e-19+2.4774342641192887e-19j)
F_swave: (-1.9490585318240614e-19-1.71355768662628e-19j), F_dwave: (-6.72004732364664e-20+4.835854606167753e-20j)
F_px: (4.377426648249561e-15+3.108730709689065e-19j), F_py: (2.6461285692808114e-19+4.377545016419342e-15j)
Free_energy = -12103.82226990122
------------------------------------------
[{'stable': {}, 'free': np.float64(-12103.822269901224)}]
------------------------------------------
  Seed: d-wave
F_onsite: (-1.5992897907206326e-20+0j)
F_swave: (4.8465015136264626e-21+0j), F_dwave: (-2.2720278934439454e-21+0j)
F_px: 4.472325652191282e-15j, F_py: 1.5807168599102544e-19j
Free_energy = -12103.82226990122
------------------------------------------
[{'stable': {}, 'free': np.float64(-12103.822269901224)}]
------------------------------------------
  Seed: s-wave
F_onsite: (1.294770224684069e-19+0j)
F_swave: (-1.1148047278849528e-19+0j), F_dwave: (6.276729137059256e-20+0j)
F_px: 2.6933068007811884e-20j, F_py: -4.47233782631659e-15j
Free_energy = -12103.822269901222
------------------------------------------
[{'stable': {}, 'free': np.float64(-12103.822269901224)}]
------------------------------------------
====================================
mu=1.66, T=0.0820
====================================
  Seed: normal state
F_onsite: 0j
F_swave: 0j, F_dwave: 0j
F_px: 0j, F_py: 0j
Free_energy = -12104.877497227044
------------------------------------------
[{'stable': {}, 'free': np.float64(-12104.877497227044)}]
------------------------------------------
  Seed: px
F_onsite: -9.374255589868781e-20j
F_swave: 6.96206669739753e-20j, F_dwave: -3.125696224501187e-20j
F_px: (3.766169276929723e-15+0j), F_py: (-1.5041923043850099e-19+0j)
Free_energy = -12104.877497227044
------------------------------------------
[{'stable': {}, 'free': np.float64(-12104.877497227044)}]
------------------------------------------
  Seed: py
F_onsite: -1.1156456108368298e-19j
F_swave: 6.740706629077446e-20j, F_dwave: -1.836424007571241e-21j
F_px: (-2.6183242492123357e-20+0j), F_py: (3.766617184958264e-15+0j)
Free_energy = -12104.87749722704
------------------------------------------
[{'stable': {}, 'free': np.float64(-12104.877497227044)}]
------------------------------------------
  Seed: px+py
F_onsite: 1.5504739612871415e-19j
F_swave: -1.0305226369478243e-19j, F_dwave: 5.407719760673707e-20j
F_px: (3.686487205118857e-15+0j), F_py: (3.686607859753329e-15+0j)
Free_energy = -12104.877497227044
------------------------------------------
[{'stable': {}, 'free': np.float64(-12104.877497227044)}]
------------------------------------------
  Seed: px+i*py
F_onsite: (2.1084770429149726e-19+1.8671124530431912e-19j)
F_swave: (-1.4258638685893588e-19-1.363314722928267e-19j), F_dwave: (-3.0778433983205524e-20+5.110425640774872e-20j)
F_px: (3.694216765519454e-15+2.7457427038582293e-19j), F_py: (2.952252161635451e-19+3.69431250612496e-15j)
Free_energy = -12104.877497227046
------------------------------------------
[{'stable': {}, 'free': np.float64(-12104.877497227044)}]
------------------------------------------
  Seed: d-wave
F_onsite: (1.2799964881428186e-19+0j)
F_swave: (-1.1247771981355466e-19+0j), F_dwave: (-1.9123794986557025e-20+0j)
F_px: 3.773605158682353e-15j, F_py: 9.50793668546252e-20j
Free_energy = -12104.877497227042
------------------------------------------
[{'stable': {}, 'free': np.float64(-12104.877497227044)}]
------------------------------------------
  Seed: s-wave
F_onsite: (-9.35937117345316e-20+0j)
F_swave: (4.6241138902716285e-20+0j), F_dwave: (8.034875506862562e-20+0j)
F_px: -1.9414536848369473e-20j, F_py: -3.773482596995489e-15j
Free_energy = -12104.87749722704
------------------------------------------
[{'stable': {}, 'free': np.float64(-12104.877497227044)}]
------------------------------------------
====================================
mu=1.66, T=0.0850
====================================
  Seed: normal state
F_onsite: 0j
F_swave: 0j, F_dwave: 0j
F_px: 0j, F_py: 0j
Free_energy = -12105.972267724257
------------------------------------------
[{'stable': {}, 'free': np.float64(-12105.972267724257)}]
------------------------------------------
  Seed: px
F_onsite: -5.861219826698725e-20j
F_swave: 7.617542851876842e-20j, F_dwave: 2.2957033441956904e-20j
F_px: (3.146648640885198e-15+0j), F_py: (-2.6235012323364884e-19+0j)
Free_energy = -12105.972267724257
------------------------------------------
[{'stable': {}, 'free': np.float64(-12105.972267724257)}]
------------------------------------------
  Seed: py
F_onsite: 4.037716650527003e-20j
F_swave: -3.581257432138595e-20j, F_dwave: 1.533569238490364e-20j
F_px: (1.150852083087114e-19+0j), F_py: (3.1469484042951704e-15+0j)
Free_energy = -12105.972267724257
------------------------------------------
[{'stable': {}, 'free': np.float64(-12105.972267724257)}]
------------------------------------------
  Seed: px+py
F_onsite: -5.12656319934065e-20j
F_swave: 1.353625283914802e-20j, F_dwave: 5.551415484689991e-20j
F_px: (3.0801940790020524e-15+0j), F_py: (3.080320314301212e-15+0j)
Free_energy = -12105.972267724255
------------------------------------------
[{'stable': {}, 'free': np.float64(-12105.972267724257)}]
------------------------------------------
  Seed: px+i*py
F_onsite: (8.78509339257569e-20+4.65245218205481e-20j)
F_swave: (-6.730369639069536e-20-4.6025180361209706e-20j), F_dwave: (-1.7623138778528087e-20+3.3372517414406943e-20j)
F_px: (3.087136367570859e-15+1.5325268596598175e-19j), F_py: (2.2325984435368987e-19+3.0870962800866795e-15j)
Free_energy = -12105.972267724257
------------------------------------------
[{'stable': {}, 'free': np.float64(-12105.972267724257)}]
------------------------------------------
  Seed: d-wave
F_onsite: (-9.544314326526275e-20+0j)
F_swave: (5.99893907752522e-20+0j), F_dwave: (-1.2196612070550742e-20+0j)
F_px: 3.1527492346916508e-15j, F_py: 5.580050412570147e-20j
Free_energy = -12105.972267724253
------------------------------------------
[{'stable': {}, 'free': np.float64(-12105.972267724257)}]
------------------------------------------
  Seed: s-wave
F_onsite: (-3.201365999535014e-20+0j)
F_swave: (2.1775354551742545e-20+0j), F_dwave: (7.627485287583024e-20+0j)
F_px: -1.5725826488934773e-19j, F_py: -3.152733314793137e-15j
Free_energy = -12105.972267724253
------------------------------------------
[{'stable': {}, 'free': np.float64(-12105.972267724257)}]
------------------------------------------
====================================
mu=1.66, T=0.0880
====================================
  Seed: normal state
F_onsite: 0j
F_swave: 0j, F_dwave: 0j
F_px: 0j, F_py: 0j
Free_energy = -12107.10660273383
------------------------------------------
[{'stable': {}, 'free': np.float64(-12107.10660273383)}]
------------------------------------------
  Seed: px
F_onsite: 1.9810685748949087e-19j
F_swave: -1.2336025009813914e-19j, F_dwave: 4.364017023779628e-20j
F_px: (2.603788458923809e-15+0j), F_py: (-2.409828633573273e-19+0j)
Free_energy = -12107.10660273383
------------------------------------------
[{'stable': {}, 'free': np.float64(-12107.10660273383)}]
------------------------------------------
  Seed: py
F_onsite: 6.171949803817921e-20j
F_swave: -8.770770641397176e-20j, F_dwave: -2.839002354224566e-20j
F_px: (1.1518235948132223e-19+0j), F_py: (2.6039855666498627e-15+0j)
Free_energy = -12107.10660273383
------------------------------------------
[{'stable': {}, 'free': np.float64(-12107.10660273383)}]
------------------------------------------
  Seed: px+py
F_onsite: 1.7639899410337277e-19j
F_swave: -1.1506086553027192e-19j, F_dwave: 4.795692304828601e-20j
F_px: (2.549001364986512e-15+0j), F_py: (2.5490465925204533e-15+0j)
Free_energy = -12107.10660273383
------------------------------------------
[{'stable': {}, 'free': np.float64(-12107.10660273383)}]
------------------------------------------
  Seed: px+i*py
F_onsite: (-1.451537509105421e-20+1.4478111855852576e-19j)
F_swave: (-1.0309710357912172e-20-1.0440301738925313e-19j), F_dwave: (3.561043960239378e-21+3.061335101023747e-20j)
F_px: (2.5551251611714153e-15+1.7261238312934228e-19j), F_py: (7.714275462312439e-20+2.555223125960021e-15j)
Free_energy = -12107.10660273383
------------------------------------------
[{'stable': {}, 'free': np.float64(-12107.10660273383)}]
------------------------------------------
  Seed: d-wave
F_onsite: (-4.254678003658783e-20+0j)
F_swave: (1.8548037367841154e-20+0j), F_dwave: (-1.4590852970169687e-20+0j)
F_px: 2.6088476198931455e-15j, F_py: 3.282303244227103e-20j
Free_energy = -12107.10660273383
------------------------------------------
[{'stable': {}, 'free': np.float64(-12107.10660273383)}]
------------------------------------------
  Seed: s-wave
F_onsite: (-2.1495086890379758e-19+0j)
F_swave: (1.509260707695669e-19+0j), F_dwave: (7.593801144003658e-20+0j)
F_px: -1.2795104643862468e-19j, F_py: -2.6088020852423843e-15j
Free_energy = -12107.10660273383
------------------------------------------
[{'stable': {}, 'free': np.float64(-12107.10660273383)}]
------------------------------------------
====================================
mu=1.66, T=0.0910
====================================
  Seed: normal state
F_onsite: 0j
F_swave: 0j, F_dwave: 0j
F_px: 0j, F_py: 0j
Free_energy = -12108.280525128665
------------------------------------------
[{'stable': {}, 'free': np.float64(-12108.280525128665)}]
------------------------------------------
  Seed: px
F_onsite: 1.335829378763626e-19j
F_swave: -1.0619239295674336e-19j, F_dwave: 7.479687459760438e-21j
F_px: (2.1343943682590123e-15+0j), F_py: (-2.1643436284358319e-19+0j)
Free_energy = -12108.280525128665
------------------------------------------
[{'stable': {}, 'free': np.float64(-12108.280525128665)}]
------------------------------------------
  Seed: py
F_onsite: 9.471652965492193e-20j
F_swave: -4.6955459951944423e-20j, F_dwave: -1.4327810615220816e-20j
F_px: (3.2376591100627455e-20+0j), F_py: (2.134346789734001e-15+0j)
Free_energy = -12108.28052512866
------------------------------------------
[{'stable': {}, 'free': np.float64(-12108.280525128665)}]
------------------------------------------
  Seed: px+py
F_onsite: 3.308361501877074e-20j
F_swave: -2.865185492533625e-20j, F_dwave: 2.4527905530581168e-20j
F_px: (2.0895123378716674e-15+0j), F_py: (2.0895674479163752e-15+0j)
Free_energy = -12108.280525128665
------------------------------------------
[{'stable': {}, 'free': np.float64(-12108.280525128665)}]
------------------------------------------
  Seed: px+i*py
F_onsite: (-2.6751518640705697e-19-2.177138776766267e-20j)
F_swave: (1.7867717677000251e-19+2.0840172433155997e-21j), F_dwave: (1.4808895961190753e-20+3.61984548600091e-20j)
F_px: (2.0951912709709448e-15+6.856645388099941e-20j), F_py: (5.913074742600343e-20+2.0953555902647443e-15j)
Free_energy = -12108.280525128665
------------------------------------------
[{'stable': {}, 'free': np.float64(-12108.280525128665)}]
------------------------------------------
  Seed: d-wave
F_onsite: (1.254299827569895e-19+0j)
F_swave: (-9.176697836306427e-20+0j), F_dwave: (-1.5733631489108854e-20+0j)
F_px: 2.13848286605338e-15j, F_py: 1.1420688753451062e-19j
Free_energy = -12108.280525128665
------------------------------------------
[{'stable': {}, 'free': np.float64(-12108.280525128665)}]
------------------------------------------
  Seed: s-wave
F_onsite: (-2.235856957514187e-19+0j)
F_swave: (1.507152468441462e-19+0j), F_dwave: (4.678256684505745e-20+0j)
F_px: -7.807072851959925e-20j, F_py: -2.138443618040645e-15j
Free_energy = -12108.280525128665
------------------------------------------
[{'stable': {}, 'free': np.float64(-12108.280525128665)}]
------------------------------------------
====================================
mu=1.66, T=0.0940
====================================
  Seed: normal state
F_onsite: 0j
F_swave: 0j, F_dwave: 0j
F_px: 0j, F_py: 0j
Free_energy = -12109.494059243323
------------------------------------------
[{'stable': {}, 'free': np.float64(-12109.494059243323)}]
------------------------------------------
  Seed: px
F_onsite: -5.126959588055412e-20j
F_swave: 4.268340593388605e-20j, F_dwave: 1.4626552153771576e-20j
F_px: (1.7334646548557484e-15+0j), F_py: (-2.632545638765503e-19+0j)
Free_energy = -12109.49405924332
------------------------------------------
[{'stable': {}, 'free': np.float64(-12109.494059243323)}]
------------------------------------------
  Seed: py
F_onsite: 1.2316127739711576e-19j
F_swave: -7.46969280088839e-20j, F_dwave: -2.7199488313496005e-20j
F_px: (-6.798469760390458e-21+0j), F_py: (1.7332155857320507e-15+0j)
Free_energy = -12109.49405924332
------------------------------------------
[{'stable': {}, 'free': np.float64(-12109.494059243323)}]
------------------------------------------
  Seed: px+py
F_onsite: 1.441678615277666e-19j
F_swave: -1.0105387462258047e-19j, F_dwave: 2.5028130097021184e-20j
F_px: (1.697282646820142e-15+0j), F_py: (1.6971053457296683e-15+0j)
Free_energy = -12109.494059243323
------------------------------------------
[{'stable': {}, 'free': np.float64(-12109.494059243323)}]
------------------------------------------
  Seed: px+i*py
F_onsite: (-2.5945490864187307e-19+1.0878873309568082e-19j)
F_swave: (1.7820462670260224e-19-7.988441949142416e-20j), F_dwave: (1.3587062759661654e-20+1.945784529190981e-20j)
F_px: (1.7023320102571066e-15+1.0374681379568357e-19j), F_py: (3.65394081871197e-20+1.7026358377328977e-15j)
Free_energy = -12109.494059243321
------------------------------------------
[{'stable': {}, 'free': np.float64(-12109.494059243323)}]
------------------------------------------
  Seed: d-wave
F_onsite: (1.3752604750253708e-19+0j)
F_swave: (-1.148513020094638e-19+0j), F_dwave: (-1.8297966836571686e-20+0j)
F_px: 1.7365710896573767e-15j, F_py: 1.2732645790909046e-19j
Free_energy = -12109.49405924332
------------------------------------------
[{'stable': {}, 'free': np.float64(-12109.494059243323)}]
------------------------------------------
  Seed: s-wave
F_onsite: (-1.4428079645148426e-19+0j)
F_swave: (1.3482043257868362e-19+0j), F_dwave: (1.7174520919613528e-22+0j)
F_px: -1.1574709777010794e-19j, F_py: -1.736479001154292e-15j
Free_energy = -12109.494059243323
------------------------------------------
[{'stable': {}, 'free': np.float64(-12109.494059243323)}]
------------------------------------------
====================================
mu=1.66, T=0.0970
====================================
  Seed: normal state
F_onsite: 0j
F_swave: 0j, F_dwave: 0j
F_px: 0j, F_py: 0j
Free_energy = -12110.747230823246
------------------------------------------
[{'stable': {}, 'free': np.float64(-12110.747230823246)}]
------------------------------------------
  Seed: px
F_onsite: 9.765135786214399e-21j
F_swave: 1.2212716255462875e-20j, F_dwave: 2.9842000986171547e-20j
F_px: (1.3948395589758295e-15+0j), F_py: (-3.0698613320282146e-19+0j)
Free_energy = -12110.747230823246
------------------------------------------
[{'stable': {}, 'free': np.float64(-12110.747230823246)}]
------------------------------------------
  Seed: py
F_onsite: 2.0576431457913393e-19j
F_swave: -1.2959560195984139e-19j, F_dwave: -1.089833265517686e-19j
F_px: (-4.629445333989554e-20+0j), F_py: (1.394569281775011e-15+0j)
Free_energy = -12110.747230823246
------------------------------------------
[{'stable': {}, 'free': np.float64(-12110.747230823246)}]
------------------------------------------
  Seed: px+py
F_onsite: 2.742631857422627e-20j
F_swave: -2.4327341540382068e-20j, F_dwave: -4.228041500742144e-20j
F_px: (1.3661120695150973e-15+0j), F_py: (1.365996498937707e-15+0j)
Free_energy = -12110.747230823246
------------------------------------------
[{'stable': {}, 'free': np.float64(-12110.747230823246)}]
------------------------------------------
  Seed: px+i*py
F_onsite: (-3.1260165658998056e-20+1.2487408273335467e-19j)
F_swave: (-1.0346546960933467e-20-1.1931996347846574e-19j), F_dwave: (1.7831727161153197e-20+8.758987977790127e-21j)
F_px: (1.3707335451501958e-15+1.253850018574899e-19j), F_py: (7.36905005181908e-20+1.3711322787125615e-15j)
Free_energy = -12110.747230823245
------------------------------------------
[{'stable': {}, 'free': np.float64(-12110.747230823246)}]
------------------------------------------
  Seed: d-wave
F_onsite: (-4.201458094440624e-20+0j)
F_swave: (9.326516005008934e-21+0j), F_dwave: (3.345466988978387e-20+0j)
F_px: 1.3973339547881607e-15j, F_py: 1.590260374156961e-19j
Free_energy = -12110.747230823246
------------------------------------------
[{'stable': {}, 'free': np.float64(-12110.747230823246)}]
------------------------------------------
  Seed: s-wave
F_onsite: (9.106040345556607e-21+0j)
F_swave: (5.485121603152423e-22+0j), F_dwave: (3.4251750473588057e-20+0j)
F_px: -1.2559777439490921e-19j, F_py: -1.3972633879419433e-15j
Free_energy = -12110.747230823246
------------------------------------------
[{'stable': {}, 'free': np.float64(-12110.747230823246)}]
------------------------------------------
====================================
mu=1.66, T=0.1000
====================================
  Seed: normal state
F_onsite: 0j
F_swave: 0j, F_dwave: 0j
F_px: 0j, F_py: 0j
Free_energy = -12112.040066990805
------------------------------------------
[{'stable': {}, 'free': np.float64(-12112.040066990805)}]
------------------------------------------
  Seed: px
F_onsite: 5.773675802300795e-21j
F_swave: -1.1348362634735267e-20j, F_dwave: 2.5236835887150995e-20j
F_px: (1.1122662070971123e-15+0j), F_py: (-2.439869652177599e-19+0j)
Free_energy = -12112.040066990805
------------------------------------------
[{'stable': {}, 'free': np.float64(-12112.040066990805)}]
------------------------------------------
  Seed: py
F_onsite: 1.030617754910371e-19j
F_swave: -7.185650365668767e-20j, F_dwave: -2.980323142142925e-20j
F_px: (1.910663392165263e-20+0j), F_py: (1.1119695208902673e-15+0j)
Free_energy = -12112.040066990805
------------------------------------------
[{'stable': {}, 'free': np.float64(-12112.040066990805)}]
------------------------------------------
  Seed: px+py
F_onsite: 1.8956320639408082e-19j
F_swave: -1.0600256146997902e-19j, F_dwave: -5.2800247437040415e-20j
F_px: (1.089723272152091e-15+0j), F_py: (1.089513028035842e-15+0j)
Free_energy = -12112.040066990805
------------------------------------------
[{'stable': {}, 'free': np.float64(-12112.040066990805)}]
------------------------------------------
  Seed: px+i*py
F_onsite: (-8.347842811553657e-20+1.0144925669908336e-20j)
F_swave: (4.894185314321387e-20-1.493745991321728e-20j), F_dwave: (3.482581413721164e-20-1.933850302990539e-20j)
F_px: (1.0941236293364669e-15+1.5316480878809308e-19j), F_py: (4.4323697280302516e-20+1.0944412120821838e-15j)
Free_energy = -12112.040066990805
------------------------------------------
[{'stable': {}, 'free': np.float64(-12112.040066990805)}]
------------------------------------------
  Seed: d-wave
F_onsite: (-9.894980085030002e-20+0j)
F_swave: (5.279558531150425e-20+0j), F_dwave: (-9.069338083997267e-21+0j)
F_px: 1.1142269780109883e-15j, F_py: 1.1647692684214853e-19j
Free_energy = -12112.040066990805
------------------------------------------
[{'stable': {}, 'free': np.float64(-12112.040066990805)}]
------------------------------------------
  Seed: s-wave
F_onsite: (9.415194937728675e-20+0j)
F_swave: (-4.019358742744858e-20+0j), F_dwave: (-1.375315115453798e-21+0j)
F_px: -4.1925948401019864e-20j, F_py: -1.114240621156704e-15j
Free_energy = -12112.040066990805
------------------------------------------
[{'stable': {}, 'free': np.float64(-12112.040066990805)}]
------------------------------------------
