/home/emilssp/D1/venv/bin/python
Python 3.10.12
Running job 25 out of 30
====================================
mu=1.20, T=0.0010
====================================
  Seed: normal state
F_onsite: 0j
F_swave: 0j, F_dwave: 0j
F_px: 0j, F_py: 0j
Free_energy = -10812.594816511311
------------------------------------------
[{'stable': {}, 'free': np.float64(-10812.594816511311)}]
------------------------------------------
  Seed: px
F_onsite: 1.992856766652555e-18j
F_swave: -4.065228751228608e-18j, F_dwave: 5.053610321555969e-19j
F_px: (0.04101500079458789+0j), F_py: (1.3321909201289021e-19+0j)
Free_energy = -10844.82507755862
------------------------------------------
[{'stable': {'F_px': np.complex128(0.04101500079458789+0j)}, 'free': np.float64(-10844.82507755862)}]
------------------------------------------
  Seed: py
F_onsite: -5.706831542566645e-18j
F_swave: 2.6784240583365045e-18j, F_dwave: 2.1986328332761467e-18j
F_px: (-9.44911574776475e-19+0j), F_py: (0.04101500079458799+0j)
Free_energy = -10844.825077558631
------------------------------------------
[{'stable': {'F_px': np.complex128(0.04101500079458789+0j)}, 'free': np.float64(-10844.82507755862)}, {'stable': {'F_py': np.complex128(0.04101500079458799+0j)}, 'free': np.float64(-10844.825077558631)}]
------------------------------------------
  Seed: px+py
F_onsite: 5.309414271626768e-18j
F_swave: 2.505999914011051e-18j, F_dwave: 1.2718729098615354e-18j
F_px: (0.02478302150387654+0j), F_py: (0.024783021503935316+0j)
Free_energy = -10836.035261550953
------------------------------------------
[{'stable': {'F_px': np.complex128(0.04101500079458789+0j)}, 'free': np.float64(-10844.82507755862)}, {'stable': {'F_py': np.complex128(0.04101500079458799+0j)}, 'free': np.float64(-10844.825077558631)}]
------------------------------------------
  Seed: px+i*py
F_onsite: (2.760798012456985e-19-9.59105994087885e-18j)
F_swave: (1.0970142075572158e-17-1.214306433183765e-17j), F_dwave: (2.025488049201037e-17+1.5612511283791264e-17j)
F_px: (0.0313655313037321-9.798649187405157e-18j), F_py: (5.885939306241527e-18+0.03136553130373205j)
Free_energy = -10850.217065943123
------------------------------------------
[{'stable': {'F_px': np.complex128(0.0313655313037321-9.798649187405157e-18j), 'F_py': np.complex128(5.885939306241527e-18+0.03136553130373205j)}, 'free': np.float64(-10850.217065943123)}]
------------------------------------------
  Seed: d-wave
F_onsite: (-4.335005105334407e-17+0j)
F_swave: (3.2959746043559335e-17+0j), F_dwave: (0.02844676477751547+0j)
F_px: 1.0172013286902911e-17j, F_py: -3.224575186294439e-17j
Free_energy = -10842.642981789955
------------------------------------------
[{'stable': {'F_px': np.complex128(0.0313655313037321-9.798649187405157e-18j), 'F_py': np.complex128(5.885939306241527e-18+0.03136553130373205j)}, 'free': np.float64(-10850.217065943123)}]
------------------------------------------
  Seed: d-wave+px
F_onsite: (-0.0017108687192101363-1.1462685116955633e-17j)
F_swave: (0.0006970154458881567+6.5491396341620426e-18j), F_dwave: (0.018118242098381903+1.4854747668243686e-17j)
F_px: (0.03640680647674478+1.2595009348757022e-17j), F_py: (-6.938893903907228e-18-3.868322707749545e-17j)
Free_energy = -10850.178769447266
------------------------------------------
[{'stable': {'F_px': np.complex128(0.0313655313037321-9.798649187405157e-18j), 'F_py': np.complex128(5.885939306241527e-18+0.03136553130373205j)}, 'free': np.float64(-10850.217065943123)}, {'stable': {'F_dwave': np.complex128(0.018118242098381903+1.4854747668243686e-17j), 'F_px': np.complex128(0.03640680647674478+1.2595009348757022e-17j)}, 'free': np.float64(-10850.178769447266)}]
------------------------------------------
  Seed: d-wave+py
F_onsite: (0.0017108687192101324-2.9882792983539682e-18j)
F_swave: (-0.0006970154458880613+2.0006124120758523e-18j), F_dwave: (0.018118242098381854+4.6551342594320245e-18j)
F_px: (1.734723475976807e-18+1.2332455604887791e-17j), F_py: (0.03640680647674465-3.0391806845280313e-18j)
Free_energy = -10850.178769447286
------------------------------------------
[{'stable': {'F_px': np.complex128(0.0313655313037321-9.798649187405157e-18j), 'F_py': np.complex128(5.885939306241527e-18+0.03136553130373205j)}, 'free': np.float64(-10850.217065943123)}, {'stable': {'F_dwave': np.complex128(0.018118242098381903+1.4854747668243686e-17j), 'F_px': np.complex128(0.03640680647674478+1.2595009348757022e-17j)}, 'free': np.float64(-10850.178769447266)}, {'stable': {'F_dwave': np.complex128(0.018118242098381854+4.6551342594320245e-18j), 'F_py': np.complex128(0.03640680647674465-3.0391806845280313e-18j)}, 'free': np.float64(-10850.178769447286)}]
------------------------------------------
====================================
mu=1.20, T=0.0040
====================================
  Seed: normal state
F_onsite: 0j
F_swave: 0j, F_dwave: 0j
F_px: 0j, F_py: 0j
Free_energy = -10812.616166693828
------------------------------------------
[{'stable': {}, 'free': np.float64(-10812.616166693828)}]
------------------------------------------
  Seed: px
F_onsite: -5.248533778542865e-18j
F_swave: 1.7197415807222467e-19j, F_dwave: -1.9499492539182045e-18j
F_px: (0.04101430337483556+0j), F_py: (3.9698051957644904e-20+0j)
Free_energy = -10844.823783772545
------------------------------------------
[{'stable': {'F_px': np.complex128(0.04101430337483556+0j)}, 'free': np.float64(-10844.823783772545)}]
------------------------------------------
  Seed: py
F_onsite: -3.793119416923164e-18j
F_swave: 2.7202463101071855e-18j, F_dwave: 1.8970891040536158e-18j
F_px: (-9.450042190050809e-20+0j), F_py: (0.0410143033748355+0j)
Free_energy = -10844.823783772646
------------------------------------------
[{'stable': {'F_px': np.complex128(0.04101430337483556+0j)}, 'free': np.float64(-10844.823783772545)}, {'stable': {'F_py': np.complex128(0.0410143033748355+0j)}, 'free': np.float64(-10844.823783772646)}]
------------------------------------------
  Seed: px+py
F_onsite: 8.357038815847741e-19j
F_swave: 1.6930071033245328e-19j, F_dwave: -4.3471319039866795e-18j
F_px: (0.024775377553479704+0j), F_py: (0.024775377553651105+0j)
Free_energy = -10836.023903989762
------------------------------------------
[{'stable': {'F_px': np.complex128(0.04101430337483556+0j)}, 'free': np.float64(-10844.823783772545)}, {'stable': {'F_py': np.complex128(0.0410143033748355+0j)}, 'free': np.float64(-10844.823783772646)}]
------------------------------------------
  Seed: px+i*py
F_onsite: (-1.2211568121446841e-18+9.293645497274183e-18j)
F_swave: (8.48243277926588e-18-6.938893903907228e-18j), F_dwave: (2.2742589788316648e-17+1.734723475976807e-17j)
F_px: (0.031364822580468826-1.0298266277387186e-17j), F_py: (5.673334036480698e-18+0.0313648225804688j)
Free_energy = -10850.215041407417
------------------------------------------
[{'stable': {'F_px': np.complex128(0.031364822580468826-1.0298266277387186e-17j), 'F_py': np.complex128(5.673334036480698e-18+0.0313648225804688j)}, 'free': np.float64(-10850.215041407417)}]
------------------------------------------
  Seed: d-wave
F_onsite: (1.6069373062271652e-18+0j)
F_swave: (3.642919299551295e-17+0j), F_dwave: (0.028445934380030288+0j)
F_px: 1.0550775980668492e-17j, F_py: -3.249645707171941e-17j
Free_energy = -10842.641376094061
------------------------------------------
[{'stable': {'F_px': np.complex128(0.031364822580468826-1.0298266277387186e-17j), 'F_py': np.complex128(5.673334036480698e-18+0.0313648225804688j)}, 'free': np.float64(-10850.215041407417)}]
------------------------------------------
  Seed: d-wave+px
F_onsite: (-0.001710896722773759-1.578636479621521e-17j)
F_swave: (0.000697027040093362-4.641078806463523e-19j), F_dwave: (0.01811722246567653+8.533340782884843e-18j)
F_px: (0.03640750513110688+1.5054237162211875e-17j), F_py: (-1.0408340855860843e-17-3.079658271494946e-17j)
Free_energy = -10850.178354137252
------------------------------------------
[{'stable': {'F_px': np.complex128(0.031364822580468826-1.0298266277387186e-17j), 'F_py': np.complex128(5.673334036480698e-18+0.0313648225804688j)}, 'free': np.float64(-10850.215041407417)}, {'stable': {'F_dwave': np.complex128(0.01811722246567653+8.533340782884843e-18j), 'F_px': np.complex128(0.03640750513110688+1.5054237162211875e-17j)}, 'free': np.float64(-10850.178354137252)}]
------------------------------------------
  Seed: d-wave+py
F_onsite: (0.0017108967227737798-3.1682208600863036e-18j)
F_swave: (-0.000697027040093369+2.068242698958188e-18j), F_dwave: (0.0181172224656766+5.310023076557607e-18j)
F_px: (-6.938893903907228e-18+1.086597687539458e-17j), F_py: (0.03640750513110699-1.979754225749715e-18j)
Free_energy = -10850.178354137273
------------------------------------------
[{'stable': {'F_px': np.complex128(0.031364822580468826-1.0298266277387186e-17j), 'F_py': np.complex128(5.673334036480698e-18+0.0313648225804688j)}, 'free': np.float64(-10850.215041407417)}, {'stable': {'F_dwave': np.complex128(0.01811722246567653+8.533340782884843e-18j), 'F_px': np.complex128(0.03640750513110688+1.5054237162211875e-17j)}, 'free': np.float64(-10850.178354137252)}, {'stable': {'F_dwave': np.complex128(0.0181172224656766+5.310023076557607e-18j), 'F_py': np.complex128(0.03640750513110699-1.979754225749715e-18j)}, 'free': np.float64(-10850.178354137273)}]
------------------------------------------
====================================
mu=1.20, T=0.0070
====================================
  Seed: normal state
F_onsite: 0j
F_swave: 0j, F_dwave: 0j
F_px: 0j, F_py: 0j
Free_energy = -10812.704357613233
------------------------------------------
[{'stable': {}, 'free': np.float64(-10812.704357613233)}]
------------------------------------------
  Seed: px
F_onsite: -7.306876779930018e-18j
F_swave: 7.47162468817098e-19j, F_dwave: 4.8014856708498066e-18j
F_px: (0.041012151444326496+0j), F_py: (-4.9730098426688024e-21+0j)
Free_energy = -10844.821332480928
------------------------------------------
[{'stable': {'F_px': np.complex128(0.041012151444326496+0j)}, 'free': np.float64(-10844.821332480928)}]
------------------------------------------
  Seed: py
F_onsite: -4.886850710065279e-18j
F_swave: 2.4439547506246734e-18j, F_dwave: 1.23513285577438e-18j
F_px: (2.730093068119017e-19+0j), F_py: (0.041012151444326676+0j)
Free_energy = -10844.821332480858
------------------------------------------
[{'stable': {'F_px': np.complex128(0.041012151444326496+0j)}, 'free': np.float64(-10844.821332480928)}, {'stable': {'F_py': np.complex128(0.041012151444326676+0j)}, 'free': np.float64(-10844.821332480858)}]
------------------------------------------
  Seed: px+py
F_onsite: -8.365826782675504e-18j
F_swave: -2.759686281713714e-18j, F_dwave: 2.02912036470688e-18j
F_px: (0.024742751280714667+0j), F_py: (0.0247427512819707+0j)
Free_energy = -10835.983570235594
------------------------------------------
[{'stable': {'F_px': np.complex128(0.041012151444326496+0j)}, 'free': np.float64(-10844.821332480928)}, {'stable': {'F_py': np.complex128(0.041012151444326676+0j)}, 'free': np.float64(-10844.821332480858)}]
------------------------------------------
  Seed: px+i*py
F_onsite: (2.6549188940501976e-19-4.133414903482579e-18j)
F_swave: (-5.388353771843929e-18-3.469446951953614e-17j), F_dwave: (1.2327247675751157e-17+4.85722573273506e-17j)
F_px: (0.03136429492732705-4.411281414851392e-18j), F_py: (6.095500551348161e-18+0.031364294927327036j)
Free_energy = -10850.213541570345
------------------------------------------
[{'stable': {'F_px': np.complex128(0.03136429492732705-4.411281414851392e-18j), 'F_py': np.complex128(6.095500551348161e-18+0.031364294927327036j)}, 'free': np.float64(-10850.213541570345)}]
------------------------------------------
  Seed: d-wave
F_onsite: (-4.1869116515465884e-17+0j)
F_swave: (5.204170427930421e-18+0j), F_dwave: (0.028426911594990074+0j)
F_px: 1.569763726780971e-17j, F_py: -3.7051527292450895e-17j
Free_energy = -10842.608828105162
------------------------------------------
[{'stable': {'F_px': np.complex128(0.03136429492732705-4.411281414851392e-18j), 'F_py': np.complex128(6.095500551348161e-18+0.031364294927327036j)}, 'free': np.float64(-10850.213541570345)}]
------------------------------------------
  Seed: d-wave+px
F_onsite: (-0.0017109018829985034-1.1092849356360724e-17j)
F_swave: (0.0006970300900419881+1.5009423825346202e-18j), F_dwave: (0.018116315397370613+9.523535533114921e-18j)
F_px: (0.03640810376429374+1.1829794490251567e-17j), F_py: (-8.673617379884035e-18-3.478661082232965e-17j)
Free_energy = -10850.177973870732
------------------------------------------
[{'stable': {'F_px': np.complex128(0.03136429492732705-4.411281414851392e-18j), 'F_py': np.complex128(6.095500551348161e-18+0.031364294927327036j)}, 'free': np.float64(-10850.213541570345)}, {'stable': {'F_dwave': np.complex128(0.018116315397370613+9.523535533114921e-18j), 'F_px': np.complex128(0.03640810376429374+1.1829794490251567e-17j)}, 'free': np.float64(-10850.177973870732)}]
------------------------------------------
  Seed: d-wave+py
F_onsite: (0.0017109018829985405-3.2652590721061244e-18j)
F_swave: (-0.0006970300900420636+2.1707072157963565e-18j), F_dwave: (0.018116315397370696+5.39991444808497e-18j)
F_px: (-5.204170427930421e-18+9.804565183146137e-18j), F_py: (0.03640810376429377-2.841583779801364e-18j)
Free_energy = -10850.177973870772
------------------------------------------
[{'stable': {'F_px': np.complex128(0.03136429492732705-4.411281414851392e-18j), 'F_py': np.complex128(6.095500551348161e-18+0.031364294927327036j)}, 'free': np.float64(-10850.213541570345)}, {'stable': {'F_dwave': np.complex128(0.018116315397370613+9.523535533114921e-18j), 'F_px': np.complex128(0.03640810376429374+1.1829794490251567e-17j)}, 'free': np.float64(-10850.177973870732)}, {'stable': {'F_dwave': np.complex128(0.018116315397370696+5.39991444808497e-18j), 'F_py': np.complex128(0.03640810376429377-2.841583779801364e-18j)}, 'free': np.float64(-10850.177973870772)}]
------------------------------------------
====================================
mu=1.20, T=0.0100
====================================
  Seed: normal state
F_onsite: 0j
F_swave: 0j, F_dwave: 0j
F_px: 0j, F_py: 0j
Free_energy = -10812.846638179117
------------------------------------------
[{'stable': {}, 'free': np.float64(-10812.846638179117)}]
------------------------------------------
  Seed: px
F_onsite: 3.21449003483007e-19j
F_swave: 6.766469759581775e-19j, F_dwave: -6.6505321249263425e-19j
F_px: (0.040994068088367926+0j), F_py: (8.235939574169977e-19+0j)
Free_energy = -10844.79852609949
------------------------------------------
[{'stable': {'F_px': np.complex128(0.040994068088367926+0j)}, 'free': np.float64(-10844.79852609949)}]
------------------------------------------
  Seed: py
F_onsite: -4.255387647887198e-18j
F_swave: 2.7537041115237304e-18j, F_dwave: 2.3815919498830756e-18j
F_px: (4.3962995195968315e-20+0j), F_py: (0.04099406808836754+0j)
Free_energy = -10844.798526099474
------------------------------------------
[{'stable': {'F_px': np.complex128(0.040994068088367926+0j)}, 'free': np.float64(-10844.79852609949)}, {'stable': {'F_py': np.complex128(0.04099406808836754+0j)}, 'free': np.float64(-10844.798526099474)}]
------------------------------------------
  Seed: px+py
F_onsite: -4.861069144733226e-18j
F_swave: -3.198131711036221e-18j, F_dwave: 2.00587989821659e-19j
F_px: (0.02468295156365796+0j), F_py: (0.02468295157632592+0j)
Free_energy = -10835.916912542643
------------------------------------------
[{'stable': {'F_px': np.complex128(0.040994068088367926+0j)}, 'free': np.float64(-10844.79852609949)}, {'stable': {'F_py': np.complex128(0.04099406808836754+0j)}, 'free': np.float64(-10844.798526099474)}]
------------------------------------------
  Seed: px+i*py
F_onsite: (7.039479066393677e-18+7.409950101699026e-18j)
F_swave: (-7.29535580835838e-18-5.204170427930421e-18j), F_dwave: (7.29535580835838e-18+3.2959746043559335e-17j)
F_px: (0.0313637136246067-4.5851746319447396e-18j), F_py: (5.4877808814728026e-18+0.03136371362460669j)
Free_energy = -10850.212470165292
------------------------------------------
[{'stable': {'F_px': np.complex128(0.0313637136246067-4.5851746319447396e-18j), 'F_py': np.complex128(5.4877808814728026e-18+0.03136371362460669j)}, 'free': np.float64(-10850.212470165292)}]
------------------------------------------
  Seed: d-wave
F_onsite: (2.5557885768251077e-17+0j)
F_swave: (-6.938893903907228e-18+0j), F_dwave: (0.028362067961357575+0j)
F_px: 3.172139338725059e-17j, F_py: -4.127977679880145e-17j
Free_energy = -10842.502110122525
------------------------------------------
[{'stable': {'F_px': np.complex128(0.0313637136246067-4.5851746319447396e-18j), 'F_py': np.complex128(5.4877808814728026e-18+0.03136371362460669j)}, 'free': np.float64(-10850.212470165292)}]
------------------------------------------
  Seed: d-wave+px
F_onsite: (-0.0017101760145066328+5.6026994296135696e-18j)
F_swave: (0.0006967645807670481+2.295287233491743e-18j), F_dwave: (0.018114826473999833+6.649327749954465e-18j)
F_px: (0.03640805516091045+1.4529791418963454e-17j), F_py: -3.356455403767851e-17j
Free_energy = -10850.176851541797
------------------------------------------
[{'stable': {'F_px': np.complex128(0.0313637136246067-4.5851746319447396e-18j), 'F_py': np.complex128(5.4877808814728026e-18+0.03136371362460669j)}, 'free': np.float64(-10850.212470165292)}, {'stable': {'F_dwave': np.complex128(0.018114826473999833+6.649327749954465e-18j), 'F_px': np.complex128(0.03640805516091045+1.4529791418963454e-17j)}, 'free': np.float64(-10850.176851541797)}]
------------------------------------------
  Seed: d-wave+py
F_onsite: (0.0017101760145067095-3.2366717101362918e-18j)
F_swave: (-0.0006967645807671018+3.4741321029431145e-18j), F_dwave: (0.01811482647399991+7.338428757215241e-18j)
F_px: (-6.938893903907228e-18+1.5510311464749112e-17j), F_py: (0.036408055160910446-2.6083585517308128e-18j)
Free_energy = -10850.176851541799
------------------------------------------
[{'stable': {'F_px': np.complex128(0.0313637136246067-4.5851746319447396e-18j), 'F_py': np.complex128(5.4877808814728026e-18+0.03136371362460669j)}, 'free': np.float64(-10850.212470165292)}, {'stable': {'F_dwave': np.complex128(0.018114826473999833+6.649327749954465e-18j), 'F_px': np.complex128(0.03640805516091045+1.4529791418963454e-17j)}, 'free': np.float64(-10850.176851541797)}, {'stable': {'F_dwave': np.complex128(0.01811482647399991+7.338428757215241e-18j), 'F_py': np.complex128(0.036408055160910446-2.6083585517308128e-18j)}, 'free': np.float64(-10850.176851541799)}]
------------------------------------------
====================================
mu=1.20, T=0.0130
====================================
  Seed: normal state
F_onsite: 0j
F_swave: 0j, F_dwave: 0j
F_px: 0j, F_py: 0j
Free_energy = -10813.033082573365
------------------------------------------
[{'stable': {}, 'free': np.float64(-10813.033082573365)}]
------------------------------------------
  Seed: px
F_onsite: 2.8989173224186395e-18j
F_swave: -1.0219981904215168e-18j, F_dwave: 1.4395854334178868e-18j
F_px: (0.04094590248084561+0j), F_py: (6.979750008722448e-20+0j)
Free_energy = -10844.740030146977
------------------------------------------
[{'stable': {'F_px': np.complex128(0.04094590248084561+0j)}, 'free': np.float64(-10844.740030146977)}]
------------------------------------------
  Seed: py
F_onsite: -3.737638758878007e-18j
F_swave: 2.4517898053867757e-18j, F_dwave: 1.5415999640028266e-18j
F_px: (1.0973278744454959e-18+0j), F_py: (0.04094590248084522+0j)
Free_energy = -10844.740030146946
------------------------------------------
[{'stable': {'F_px': np.complex128(0.04094590248084561+0j)}, 'free': np.float64(-10844.740030146977)}, {'stable': {'F_py': np.complex128(0.04094590248084522+0j)}, 'free': np.float64(-10844.740030146946)}]
------------------------------------------
  Seed: px+py
F_onsite: 8.214260824676188e-18j
F_swave: 3.387814151661981e-18j, F_dwave: -1.5677521062493031e-18j
F_px: (0.024594661575924708+0j), F_py: (0.024594661705606712+0j)
Free_energy = -10835.824275163342
------------------------------------------
[{'stable': {'F_px': np.complex128(0.04094590248084561+0j)}, 'free': np.float64(-10844.740030146977)}, {'stable': {'F_py': np.complex128(0.04094590248084522+0j)}, 'free': np.float64(-10844.740030146946)}]
------------------------------------------
  Seed: px+i*py
F_onsite: (5.640815912240013e-18+1.2954416016188863e-17j)
F_swave: (6.327481699777433e-18+2.2551405187698492e-17j), F_dwave: (7.550306108037024e-18+4.336808689942018e-17j)
F_px: (0.03135713598723613-2.153634207953262e-18j), F_py: (5.504840654426096e-18+0.03135713598723614j)
Free_energy = -10850.200055934649
------------------------------------------
[{'stable': {'F_px': np.complex128(0.03135713598723613-2.153634207953262e-18j), 'F_py': np.complex128(5.504840654426096e-18+0.03135713598723614j)}, 'free': np.float64(-10850.200055934649)}]
------------------------------------------
  Seed: d-wave
F_onsite: (-3.0868196703661853e-18+0j)
F_swave: (-4.683753385137379e-17+0j), F_dwave: (0.02824939130348581+0j)
F_px: 2.0445595254040596e-17j, F_py: -4.4527539346590856e-17j
Free_energy = -10842.324467295442
------------------------------------------
[{'stable': {'F_px': np.complex128(0.03135713598723613-2.153634207953262e-18j), 'F_py': np.complex128(5.504840654426096e-18+0.03135713598723614j)}, 'free': np.float64(-10850.200055934649)}]
------------------------------------------
  Seed: d-wave+px
F_onsite: (-0.0017042041360277103+1.491222679464877e-17j)
F_swave: (0.000694296524872037+4.3407526871026706e-18j), F_dwave: (0.018089317650522255+1.1858196563764188e-17j)
F_px: (0.036404472318376575+5.2782249303220887e-17j), F_py: (3.469446951953614e-18-2.4016004562839983e-17j)
Free_energy = -10850.141762505977
------------------------------------------
[{'stable': {'F_px': np.complex128(0.03135713598723613-2.153634207953262e-18j), 'F_py': np.complex128(5.504840654426096e-18+0.03135713598723614j)}, 'free': np.float64(-10850.200055934649)}, {'stable': {'F_dwave': np.complex128(0.018089317650522255+1.1858196563764188e-17j), 'F_px': np.complex128(0.036404472318376575+5.2782249303220887e-17j)}, 'free': np.float64(-10850.141762505977)}]
------------------------------------------
  Seed: d-wave+py
F_onsite: (0.0017042041360276026-3.3553092623110972e-18j)
F_swave: (-0.0006942965248718531+1.2195686253685823e-18j), F_dwave: (0.018089317650522074+4.472810417535536e-18j)
F_px: (1.734723475976807e-18+2.72125216173205e-17j), F_py: (0.036404472318376395-2.725434386909118e-18j)
Free_energy = -10850.14176250599
------------------------------------------
[{'stable': {'F_px': np.complex128(0.03135713598723613-2.153634207953262e-18j), 'F_py': np.complex128(5.504840654426096e-18+0.03135713598723614j)}, 'free': np.float64(-10850.200055934649)}, {'stable': {'F_dwave': np.complex128(0.018089317650522255+1.1858196563764188e-17j), 'F_px': np.complex128(0.036404472318376575+5.2782249303220887e-17j)}, 'free': np.float64(-10850.141762505977)}, {'stable': {'F_dwave': np.complex128(0.018089317650522074+4.472810417535536e-18j), 'F_py': np.complex128(0.036404472318376395-2.725434386909118e-18j)}, 'free': np.float64(-10850.14176250599)}]
------------------------------------------
====================================
mu=1.20, T=0.0160
====================================
  Seed: normal state
F_onsite: 0j
F_swave: 0j, F_dwave: 0j
F_px: 0j, F_py: 0j
Free_energy = -10813.26082321498
------------------------------------------
[{'stable': {}, 'free': np.float64(-10813.26082321498)}]
------------------------------------------
  Seed: px
F_onsite: -2.3193985557309286e-17j
F_swave: -2.89502626481719e-18j, F_dwave: 1.151303063775806e-18j
F_px: (0.04084999852490059+0j), F_py: (-2.384827880439383e-19+0j)
Free_energy = -10844.626400533922
------------------------------------------
[{'stable': {'F_px': np.complex128(0.04084999852490059+0j)}, 'free': np.float64(-10844.626400533922)}]
------------------------------------------
  Seed: py
F_onsite: -4.521832449357879e-18j
F_swave: 1.9806806680357746e-18j, F_dwave: 1.4477910650944129e-18j
F_px: (-1.1910441291253037e-18+0j), F_py: (0.040849998524900684+0j)
Free_energy = -10844.626400533914
------------------------------------------
[{'stable': {'F_px': np.complex128(0.04084999852490059+0j)}, 'free': np.float64(-10844.626400533922)}, {'stable': {'F_py': np.complex128(0.040849998524900684+0j)}, 'free': np.float64(-10844.626400533914)}]
------------------------------------------
  Seed: px+py
F_onsite: -6.876319344928817e-19j
F_swave: 1.8769191319971228e-18j, F_dwave: 7.236837743103929e-20j
F_px: (0.024471152791199012+0j), F_py: (0.02447115433136455+0j)
Free_energy = -10835.695888297754
------------------------------------------
[{'stable': {'F_px': np.complex128(0.04084999852490059+0j)}, 'free': np.float64(-10844.626400533922)}, {'stable': {'F_py': np.complex128(0.040849998524900684+0j)}, 'free': np.float64(-10844.626400533914)}]
------------------------------------------
  Seed: px+i*py
F_onsite: (3.007602237463207e-18+9.385177995136851e-18j)
F_swave: (1.352997490384816e-17-1.3877787807814457e-17j), F_dwave: (1.7695047663734368e-17+1.214306433183765e-16j)
F_px: (0.031324291311077945-1.2001728943654389e-17j), F_py: (4.09037504185022e-18+0.031324291311077876j)
Free_energy = -10850.133599009063
------------------------------------------
[{'stable': {'F_px': np.complex128(0.031324291311077945-1.2001728943654389e-17j), 'F_py': np.complex128(4.09037504185022e-18+0.031324291311077876j)}, 'free': np.float64(-10850.133599009063)}]
------------------------------------------
  Seed: d-wave
F_onsite: (3.766729046660272e-18+0j)
F_swave: (-1.0408340855860843e-17+0j), F_dwave: (0.02808310708201038+0j)
F_px: 3.4021024973319463e-17j, F_py: -5.022705778536192e-17j
Free_energy = -10842.067576321462
------------------------------------------
[{'stable': {'F_px': np.complex128(0.031324291311077945-1.2001728943654389e-17j), 'F_py': np.complex128(4.09037504185022e-18+0.031324291311077876j)}, 'free': np.float64(-10850.133599009063)}]
------------------------------------------
  Seed: d-wave+px
F_onsite: (-0.001686307513520788-1.420543073972426e-17j)
F_swave: (0.0006869961562147786+3.870993508511356e-18j), F_dwave: (0.018012589244247864+2.804380504571179e-17j)
F_px: (0.03638606520478303+4.196410331956657e-17j), F_py: (-1.734723475976807e-18-3.599807969514011e-17j)
Free_energy = -10850.030378158634
------------------------------------------
[{'stable': {'F_px': np.complex128(0.031324291311077945-1.2001728943654389e-17j), 'F_py': np.complex128(4.09037504185022e-18+0.031324291311077876j)}, 'free': np.float64(-10850.133599009063)}]
------------------------------------------
  Seed: d-wave+py
F_onsite: (0.0016863075135206246-1.0234804980792118e-18j)
F_swave: (-0.000686996156214658+1.8004744085074222e-19j), F_dwave: (0.01801258924424756+2.0289615460292697e-18j)
F_px: 3.085772790582938e-17j, F_py: (0.036386065204782804-3.1250221797763343e-18j)
Free_energy = -10850.030378158646
------------------------------------------
[{'stable': {'F_px': np.complex128(0.031324291311077945-1.2001728943654389e-17j), 'F_py': np.complex128(4.09037504185022e-18+0.031324291311077876j)}, 'free': np.float64(-10850.133599009063)}]
------------------------------------------
====================================
mu=1.20, T=0.0190
====================================
  Seed: normal state
F_onsite: 0j
F_swave: 0j, F_dwave: 0j
F_px: 0j, F_py: 0j
Free_energy = -10813.52965088423
------------------------------------------
[{'stable': {}, 'free': np.float64(-10813.52965088423)}]
------------------------------------------
  Seed: px
F_onsite: -3.3970256349633715e-18j
F_swave: 9.513768184441895e-19j, F_dwave: -5.478185586367187e-19j
F_px: (0.04068184620295714+0j), F_py: (-1.240373872135516e-19+0j)
Free_energy = -10844.429508396099
------------------------------------------
[{'stable': {'F_px': np.complex128(0.04068184620295714+0j)}, 'free': np.float64(-10844.429508396099)}]
------------------------------------------
  Seed: py
F_onsite: -4.935660983650808e-18j
F_swave: 2.5364931001122058e-18j, F_dwave: 1.4238094447752755e-18j
F_px: (-1.4459447979671945e-18+0j), F_py: (0.04068184620295745+0j)
Free_energy = -10844.429508396137
------------------------------------------
[{'stable': {'F_px': np.complex128(0.04068184620295714+0j)}, 'free': np.float64(-10844.429508396099)}, {'stable': {'F_py': np.complex128(0.04068184620295745+0j)}, 'free': np.float64(-10844.429508396137)}]
------------------------------------------
  Seed: px+py
F_onsite: 5.437792702694998e-18j
F_swave: 2.142463960961346e-19j, F_dwave: -1.3141186781058436e-18j
F_px: (0.024302507846567626+0j), F_py: (0.024302524863622454+0j)
Free_energy = -10835.519753448629
------------------------------------------
[{'stable': {'F_px': np.complex128(0.04068184620295714+0j)}, 'free': np.float64(-10844.429508396099)}, {'stable': {'F_py': np.complex128(0.04068184620295745+0j)}, 'free': np.float64(-10844.429508396137)}]
------------------------------------------
  Seed: px+i*py
F_onsite: (2.7072231785431507e-18-2.6518007540131177e-17j)
F_swave: (9.799178582997191e-19+9.540979117872439e-18j), F_dwave: (4.759233946905088e-17-1.6479873021779667e-17j)
F_px: (0.0312414621571222-3.201903654629463e-18j), F_py: (5.370519757837285e-18+0.03124146215712212j)
Free_energy = -10849.969113216443
------------------------------------------
[{'stable': {'F_px': np.complex128(0.0312414621571222-3.201903654629463e-18j), 'F_py': np.complex128(5.370519757837285e-18+0.03124146215712212j)}, 'free': np.float64(-10849.969113216443)}]
------------------------------------------
  Seed: d-wave
F_onsite: (4.7055214701373246e-17+0j)
F_swave: (1.0408340855860843e-17+0j), F_dwave: (0.027848412362759208+0j)
F_px: 5.3437218770456193e-17j, F_py: -5.245691834112317e-17j
Free_energy = -10841.707662218465
------------------------------------------
[{'stable': {'F_px': np.complex128(0.0312414621571222-3.201903654629463e-18j), 'F_py': np.complex128(5.370519757837285e-18+0.03124146215712212j)}, 'free': np.float64(-10849.969113216443)}]
------------------------------------------
  Seed: d-wave+px
F_onsite: (-0.0016499041600768782-2.2579833730990715e-17j)
F_swave: (0.0006721496710600195+8.757658930119423e-19j), F_dwave: (0.017853732133747614+1.4741139374193203e-17j)
F_px: (0.03632933819848286+3.883053140097889e-17j), F_py: (-2.949029909160572e-17-2.2429035396599848e-17j)
Free_energy = -10849.781992126122
------------------------------------------
[{'stable': {'F_px': np.complex128(0.0312414621571222-3.201903654629463e-18j), 'F_py': np.complex128(5.370519757837285e-18+0.03124146215712212j)}, 'free': np.float64(-10849.969113216443)}]
------------------------------------------
  Seed: d-wave+py
F_onsite: (0.001649904160076852-2.711299524601812e-18j)
F_swave: (-0.0006721496710599996+1.85113756666507e-18j), F_dwave: (0.01785373213374764+4.2785751748182846e-18j)
F_px: (8.673617379884035e-18+2.3305793906346853e-17j), F_py: (0.036329338198482615-3.155091849403862e-18j)
Free_energy = -10849.781992126165
------------------------------------------
[{'stable': {'F_px': np.complex128(0.0312414621571222-3.201903654629463e-18j), 'F_py': np.complex128(5.370519757837285e-18+0.03124146215712212j)}, 'free': np.float64(-10849.969113216443)}]
------------------------------------------
====================================
mu=1.20, T=0.0220
====================================
  Seed: normal state
F_onsite: 0j
F_swave: 0j, F_dwave: 0j
F_px: 0j, F_py: 0j
Free_energy = -10813.840149627256
------------------------------------------
[{'stable': {}, 'free': np.float64(-10813.840149627256)}]
------------------------------------------
  Seed: px
F_onsite: -1.1431821353940054e-17j
F_swave: 5.9541122236056974e-18j, F_dwave: 1.0565677225813329e-18j
F_px: (0.04041433842943263+0j), F_py: (8.251622918583983e-20+0j)
Free_energy = -10844.11937892176
------------------------------------------
[{'stable': {'F_px': np.complex128(0.04041433842943263+0j)}, 'free': np.float64(-10844.11937892176)}]
------------------------------------------
  Seed: py
F_onsite: -6.053797413585688e-18j
F_swave: 2.5833975495664126e-18j, F_dwave: 2.155116515610957e-18j
F_px: (1.0943930376321577e-19+0j), F_py: (0.04041433842943266+0j)
Free_energy = -10844.119378921814
------------------------------------------
[{'stable': {'F_px': np.complex128(0.04041433842943263+0j)}, 'free': np.float64(-10844.11937892176)}, {'stable': {'F_py': np.complex128(0.04041433842943266+0j)}, 'free': np.float64(-10844.119378921814)}]
------------------------------------------
  Seed: px+py
F_onsite: 1.8188444355509998e-18j
F_swave: -6.918141596699498e-19j, F_dwave: -1.9497639654609926e-18j
F_px: (0.024073817476548562+0j), F_py: (0.024073989226221896+0j)
Free_energy = -10835.276506464668
------------------------------------------
[{'stable': {'F_px': np.complex128(0.04041433842943263+0j)}, 'free': np.float64(-10844.11937892176)}, {'stable': {'F_py': np.complex128(0.04041433842943266+0j)}, 'free': np.float64(-10844.119378921814)}]
------------------------------------------
  Seed: px+i*py
F_onsite: (5.21211136181093e-18+6.02996931798824e-17j)
F_swave: (-6.126423871367844e-18-2.862293735361732e-17j), F_dwave: (9.222534434374225e-19+1.7954387976359953e-16j)
F_px: (0.031080775251514287-1.7578170351903075e-17j), F_py: (7.464491082568323e-18+0.031080775251514474j)
Free_energy = -10849.654406332158
------------------------------------------
[{'stable': {'F_px': np.complex128(0.031080775251514287-1.7578170351903075e-17j), 'F_py': np.complex128(7.464491082568323e-18+0.031080775251514474j)}, 'free': np.float64(-10849.654406332158)}]
------------------------------------------
  Seed: d-wave
F_onsite: (8.348820280153659e-17+0j)
F_swave: (-4.683753385137379e-17+0j), F_dwave: (0.02752516781272263+0j)
F_px: 4.1562327633979154e-17j, F_py: -5.590414970336545e-17j
Free_energy = -10841.214009294401
------------------------------------------
[{'stable': {'F_px': np.complex128(0.031080775251514287-1.7578170351903075e-17j), 'F_py': np.complex128(7.464491082568323e-18+0.031080775251514474j)}, 'free': np.float64(-10849.654406332158)}]
------------------------------------------
  Seed: d-wave+px
F_onsite: (-0.0015912898935197333-6.187416861015054e-18j)
F_swave: (0.0006482479465651043+3.872409641720047e-18j), F_dwave: (0.017585938667842544+1.483171895999021e-17j)
F_px: (0.0362096518807503+5.61830071771081e-17j), F_py: (-1.9081958235744878e-17-3.180050204590302e-17j)
Free_energy = -10849.344172677293
------------------------------------------
[{'stable': {'F_px': np.complex128(0.031080775251514287-1.7578170351903075e-17j), 'F_py': np.complex128(7.464491082568323e-18+0.031080775251514474j)}, 'free': np.float64(-10849.654406332158)}]
------------------------------------------
  Seed: d-wave+py
F_onsite: (0.0015912898935198335-2.8199844396463794e-18j)
F_swave: (-0.0006482479465650705+1.2398180067638804e-18j), F_dwave: (0.01758593866784258+2.482071233251117e-18j)
F_px: (-6.938893903907228e-18+2.7285287041445565e-17j), F_py: (0.036209651880750454-2.319043860684266e-18j)
Free_energy = -10849.344172677325
------------------------------------------
[{'stable': {'F_px': np.complex128(0.031080775251514287-1.7578170351903075e-17j), 'F_py': np.complex128(7.464491082568323e-18+0.031080775251514474j)}, 'free': np.float64(-10849.654406332158)}]
------------------------------------------
====================================
mu=1.20, T=0.0250
====================================
  Seed: normal state
F_onsite: 0j
F_swave: 0j, F_dwave: 0j
F_px: 0j, F_py: 0j
Free_energy = -10814.192985843009
------------------------------------------
[{'stable': {}, 'free': np.float64(-10814.192985843009)}]
------------------------------------------
  Seed: px
F_onsite: 8.247453928296716e-19j
F_swave: -2.8303870630298463e-18j, F_dwave: 2.6193699800451187e-18j
F_px: (0.0400209687470941+0j), F_py: (2.357762530796648e-19+0j)
Free_energy = -10843.668913526277
------------------------------------------
[{'stable': {'F_px': np.complex128(0.0400209687470941+0j)}, 'free': np.float64(-10843.668913526277)}]
------------------------------------------
  Seed: py
F_onsite: -4.796218184709069e-18j
F_swave: 2.1121825330970047e-18j, F_dwave: 1.4839487840303308e-18j
F_px: (9.967195509018962e-20+0j), F_py: (0.04002096874709389+0j)
Free_energy = -10843.668913526219
------------------------------------------
[{'stable': {'F_px': np.complex128(0.0400209687470941+0j)}, 'free': np.float64(-10843.668913526277)}, {'stable': {'F_py': np.complex128(0.04002096874709389+0j)}, 'free': np.float64(-10843.668913526219)}]
------------------------------------------
  Seed: px+py
F_onsite: 6.791616050203387e-18j
F_swave: -1.0291450309139749e-19j, F_dwave: 2.1030239893548176e-18j
F_px: (0.023769555083823314+0j), F_py: (0.02377133373602384+0j)
Free_energy = -10834.948893166638
------------------------------------------
[{'stable': {'F_px': np.complex128(0.0400209687470941+0j)}, 'free': np.float64(-10843.668913526277)}, {'stable': {'F_py': np.complex128(0.04002096874709389+0j)}, 'free': np.float64(-10843.668913526219)}]
------------------------------------------
  Seed: px+i*py
F_onsite: (-1.490301531134738e-18-1.061967557620079e-19j)
F_swave: (-2.8019386674029226e-18+4.2500725161431774e-17j), F_dwave: (-1.8014743044318763e-17+9.627715291671279e-17j)
F_px: (0.030819106870030335-1.2470045519257411e-17j), F_py: (1.0117054166233969e-17+0.03081910687003031j)
Free_energy = -10849.151776740604
------------------------------------------
[{'stable': {'F_px': np.complex128(0.030819106870030335-1.2470045519257411e-17j), 'F_py': np.complex128(1.0117054166233969e-17+0.03081910687003031j)}, 'free': np.float64(-10849.151776740604)}]
------------------------------------------
  Seed: d-wave
F_onsite: (3.8057673393613445e-17+0j)
F_swave: (2.6020852139652106e-17+0j), F_dwave: (0.027092650689437513+0j)
F_px: 4.044171793401274e-17j, F_py: -5.751397552429165e-17j
Free_energy = -10840.55916348239
------------------------------------------
[{'stable': {'F_px': np.complex128(0.030819106870030335-1.2470045519257411e-17j), 'F_py': np.complex128(1.0117054166233969e-17+0.03081910687003031j)}, 'free': np.float64(-10849.151776740604)}]
------------------------------------------
  Seed: d-wave+px
F_onsite: (-0.001509352646199479+1.4436617794765481e-19j)
F_swave: (0.000614839463087386-2.1103561183044876e-18j), F_dwave: (0.01718682587144261-4.018112543537587e-18j)
F_px: (0.036004214925383075+5.065339080897481e-17j), F_py: (8.673617379884035e-18-4.035098201107996e-17j)
Free_energy = -10848.677557469593
------------------------------------------
[{'stable': {'F_px': np.complex128(0.030819106870030335-1.2470045519257411e-17j), 'F_py': np.complex128(1.0117054166233969e-17+0.03081910687003031j)}, 'free': np.float64(-10849.151776740604)}]
------------------------------------------
  Seed: d-wave+py
F_onsite: (0.0015093526461995486-1.8446260008830526e-18j)
F_swave: (-0.0006148394630874267+2.1509607602134906e-18j), F_dwave: (0.017186825871442706+5.8272161001951626e-18j)
F_px: (1.0408340855860843e-17+3.787801638201183e-17j), F_py: (0.03600421492538293-2.365154216750422e-18j)
Free_energy = -10848.677557469591
------------------------------------------
[{'stable': {'F_px': np.complex128(0.030819106870030335-1.2470045519257411e-17j), 'F_py': np.complex128(1.0117054166233969e-17+0.03081910687003031j)}, 'free': np.float64(-10849.151776740604)}]
------------------------------------------
====================================
mu=1.20, T=0.0280
====================================
  Seed: normal state
F_onsite: 0j
F_swave: 0j, F_dwave: 0j
F_px: 0j, F_py: 0j
Free_energy = -10814.58870150963
------------------------------------------
[{'stable': {}, 'free': np.float64(-10814.58870150963)}]
------------------------------------------
  Seed: px
F_onsite: -9.749878618489031e-18j
F_swave: 3.952652778582591e-18j, F_dwave: -7.505691294518364e-18j
F_px: (0.03947713490510862+0j), F_py: (-6.596930821232906e-20+0j)
Free_energy = -10843.056415094898
------------------------------------------
[{'stable': {'F_px': np.complex128(0.03947713490510862+0j)}, 'free': np.float64(-10843.056415094898)}]
------------------------------------------
  Seed: py
F_onsite: -4.8902917814134996e-18j
F_swave: 2.2776186556076102e-18j, F_dwave: 2.0772424240227648e-18j
F_px: (-7.561489589918741e-19+0j), F_py: (0.03947713490510876+0j)
Free_energy = -10843.056415094898
------------------------------------------
[{'stable': {'F_px': np.complex128(0.03947713490510862+0j)}, 'free': np.float64(-10843.056415094898)}, {'stable': {'F_py': np.complex128(0.03947713490510876+0j)}, 'free': np.float64(-10843.056415094898)}]
------------------------------------------
  Seed: px+py
F_onsite: -4.371113524305817e-18j
F_swave: 2.0866127260017655e-18j, F_dwave: 2.3540104395381074e-18j
F_px: (6.7958171880379804e-15+0j), F_py: (0.03947402620783348+0j)
Free_energy = -10843.051055514976
------------------------------------------
[{'stable': {'F_px': np.complex128(0.03947713490510862+0j)}, 'free': np.float64(-10843.056415094898)}, {'stable': {'F_py': np.complex128(0.03947713490510876+0j)}, 'free': np.float64(-10843.056415094898)}]
------------------------------------------
  Seed: px+i*py
F_onsite: (3.0004553969707488e-18-7.170292717185263e-18j)
F_swave: (3.696537808601472e-18-3.9898639947466563e-17j), F_dwave: (-1.06354317125087e-17+1.3010426069826053e-16j)
F_px: (0.03043529384779522-2.3376825559908007e-17j), F_py: (1.1353007585176002e-17+0.030435293847795145j)
Free_energy = -10848.430430403067
------------------------------------------
[{'stable': {'F_px': np.complex128(0.03043529384779522-2.3376825559908007e-17j), 'F_py': np.complex128(1.1353007585176002e-17+0.030435293847795145j)}, 'free': np.float64(-10848.430430403067)}]
------------------------------------------
  Seed: d-wave
F_onsite: (9.998949318373648e-18+0j)
F_swave: (1.5612511283791264e-17+0j), F_dwave: (0.02653009138982271+0j)
F_px: 5.363484876240736e-17j, F_py: -6.116769929156799e-17j
Free_energy = -10839.720561818476
------------------------------------------
[{'stable': {'F_px': np.complex128(0.03043529384779522-2.3376825559908007e-17j), 'F_py': np.complex128(1.1353007585176002e-17+0.030435293847795145j)}, 'free': np.float64(-10848.430430403067)}]
------------------------------------------
  Seed: d-wave+px
F_onsite: (-0.0014047799621078885+5.509208168060376e-18j)
F_swave: (0.0005722069418384219+1.3310725719407304e-18j), F_dwave: (0.016635109735964253-5.038244614497184e-18j)
F_px: (0.0356934361520308+2.9182587903735994e-17j), F_py: -3.8002291997241795e-17j
Free_energy = -10847.755006832242
------------------------------------------
[{'stable': {'F_px': np.complex128(0.03043529384779522-2.3376825559908007e-17j), 'F_py': np.complex128(1.1353007585176002e-17+0.030435293847795145j)}, 'free': np.float64(-10848.430430403067)}]
------------------------------------------
  Seed: d-wave+py
F_onsite: (0.0014047799621077959-3.405813601791135e-18j)
F_swave: (-0.0005722069418383994+2.4098881442772896e-18j), F_dwave: (0.016635109735964326+4.326459006117754e-18j)
F_px: (-1.5612511283791264e-17+3.253104149313025e-17j), F_py: (0.03569343615203055-2.50504700194539e-18j)
Free_energy = -10847.755006832263
------------------------------------------
[{'stable': {'F_px': np.complex128(0.03043529384779522-2.3376825559908007e-17j), 'F_py': np.complex128(1.1353007585176002e-17+0.030435293847795145j)}, 'free': np.float64(-10848.430430403067)}]
------------------------------------------
====================================
mu=1.20, T=0.0310
====================================
  Seed: normal state
F_onsite: 0j
F_swave: 0j, F_dwave: 0j
F_px: 0j, F_py: 0j
Free_energy = -10815.027695053737
------------------------------------------
[{'stable': {}, 'free': np.float64(-10815.027695053737)}]
------------------------------------------
  Seed: px
F_onsite: -3.9900545771597885e-19j
F_swave: -1.2072072382945899e-18j, F_dwave: 2.3928416062137968e-18j
F_px: (0.038759567006633494+0j), F_py: (9.841464055910902e-20+0j)
Free_energy = -10842.265723372226
------------------------------------------
[{'stable': {'F_px': np.complex128(0.038759567006633494+0j)}, 'free': np.float64(-10842.265723372226)}]
------------------------------------------
  Seed: py
F_onsite: -4.771071894087457e-18j
F_swave: 2.142093384046922e-18j, F_dwave: 2.0658074792348317e-18j
F_px: (4.4138357485829557e-20+0j), F_py: (0.03875956700663391+0j)
Free_energy = -10842.265723372275
------------------------------------------
[{'stable': {'F_px': np.complex128(0.038759567006633494+0j)}, 'free': np.float64(-10842.265723372226)}, {'stable': {'F_py': np.complex128(0.03875956700663391+0j)}, 'free': np.float64(-10842.265723372275)}]
------------------------------------------
  Seed: px+py
F_onsite: -5.285909107340461e-18j
F_swave: 2.6748241683106737e-18j, F_dwave: 2.494829667019135e-18j
F_px: (4.936743663810966e-16+0j), F_py: (0.038759552194031904+0j)
Free_energy = -10842.26569870683
------------------------------------------
[{'stable': {'F_px': np.complex128(0.038759567006633494+0j)}, 'free': np.float64(-10842.265723372226)}, {'stable': {'F_py': np.complex128(0.03875956700663391+0j)}, 'free': np.float64(-10842.265723372275)}]
------------------------------------------
  Seed: px+i*py
F_onsite: (-5.15048971489818e-19+5.1792147197219415e-17j)
F_swave: (4.866058698188146e-18-6.418476861114186e-17j), F_dwave: (3.807558681695889e-18+1.1449174941446927e-16j)
F_px: (0.029910986478746696-2.706384086529777e-17j), F_py: (1.816883024882514e-17+0.029910986478746508j)
Free_energy = -10847.470631413134
------------------------------------------
[{'stable': {'F_px': np.complex128(0.029910986478746696-2.706384086529777e-17j), 'F_py': np.complex128(1.816883024882514e-17+0.029910986478746508j)}, 'free': np.float64(-10847.470631413134)}]
------------------------------------------
  Seed: d-wave
F_onsite: (-6.963345031942051e-17+0j)
F_swave: (5.724587470723463e-17+0j), F_dwave: (0.025818479509032394+0j)
F_px: 4.3242903453467934e-17j, F_py: -6.868704816518021e-17j
Free_energy = -10838.685898016447
------------------------------------------
[{'stable': {'F_px': np.complex128(0.029910986478746696-2.706384086529777e-17j), 'F_py': np.complex128(1.816883024882514e-17+0.029910986478746508j)}, 'free': np.float64(-10847.470631413134)}]
------------------------------------------
  Seed: d-wave+px
F_onsite: (-0.0012793100295597677-6.79431596772276e-18j)
F_swave: (0.0005210618417905511+3.913424565212876e-19j), F_dwave: (0.01590727872832428-7.420021852837472e-18j)
F_px: (0.03526015203741254+3.473999754045106e-18j), F_py: (1.5612511283791264e-17-5.256450889621733e-17j)
Free_energy = -10846.55913293058
------------------------------------------
[{'stable': {'F_px': np.complex128(0.029910986478746696-2.706384086529777e-17j), 'F_py': np.complex128(1.816883024882514e-17+0.029910986478746508j)}, 'free': np.float64(-10847.470631413134)}]
------------------------------------------
  Seed: d-wave+py
F_onsite: (0.0012793100295597389-1.6300619674316976e-18j)
F_swave: (-0.0005210618417905207+2.676968220458411e-18j), F_dwave: (0.015907278728324033+6.671416781032081e-18j)
F_px: (1.5612511283791264e-17+5.593371479281932e-17j), F_py: (0.03526015203741269-4.451634593854179e-18j)
Free_energy = -10846.559132930568
------------------------------------------
[{'stable': {'F_px': np.complex128(0.029910986478746696-2.706384086529777e-17j), 'F_py': np.complex128(1.816883024882514e-17+0.029910986478746508j)}, 'free': np.float64(-10847.470631413134)}]
------------------------------------------
====================================
mu=1.20, T=0.0340
====================================
  Seed: normal state
F_onsite: 0j
F_swave: 0j, F_dwave: 0j
F_px: 0j, F_py: 0j
Free_energy = -10815.510253267437
------------------------------------------
[{'stable': {}, 'free': np.float64(-10815.510253267437)}]
------------------------------------------
  Seed: px
F_onsite: -1.775682812932473e-17j
F_swave: 1.496336640883925e-19j, F_dwave: -5.985081865739683e-19j
F_px: (0.03784400112675261+0j), F_py: (-3.416719150987034e-19+0j)
Free_energy = -10841.284048260333
------------------------------------------
[{'stable': {'F_px': np.complex128(0.03784400112675261+0j)}, 'free': np.float64(-10841.284048260333)}]
------------------------------------------
  Seed: py
F_onsite: -5.364471413198298e-18j
F_swave: 2.50504700194539e-18j, F_dwave: 2.3733863182065496e-18j
F_px: (-2.9196828645161707e-19+0j), F_py: (0.03784400112675288+0j)
Free_energy = -10841.28404826033
------------------------------------------
[{'stable': {'F_px': np.complex128(0.03784400112675261+0j)}, 'free': np.float64(-10841.284048260333)}, {'stable': {'F_py': np.complex128(0.03784400112675288+0j)}, 'free': np.float64(-10841.28404826033)}]
------------------------------------------
  Seed: px+py
F_onsite: -4.467675280292807e-18j
F_swave: 2.2639073097739312e-18j, F_dwave: 2.010591518985692e-18j
F_px: (3.042636645127278e-17+0j), F_py: (0.037844001073040055+0j)
Free_energy = -10841.284048174559
------------------------------------------
[{'stable': {'F_px': np.complex128(0.03784400112675261+0j)}, 'free': np.float64(-10841.284048260333)}, {'stable': {'F_py': np.complex128(0.03784400112675288+0j)}, 'free': np.float64(-10841.28404826033)}]
------------------------------------------
  Seed: px+i*py
F_onsite: (3.4462064854633243e-18-6.92893597282107e-17j)
F_swave: (5.673334036480698e-19-1.9081958235744878e-17j), F_dwave: (-1.791456816341614e-17+1.7694179454963432e-16j)
F_px: (0.02922833535492404-5.928979167873886e-18j), F_py: (1.0292734093450431e-17+0.029228335354923807j)
Free_energy = -10846.259710611517
------------------------------------------
[{'stable': {'F_px': np.complex128(0.02922833535492404-5.928979167873886e-18j), 'F_py': np.complex128(1.0292734093450431e-17+0.029228335354923807j)}, 'free': np.float64(-10846.259710611517)}]
------------------------------------------
  Seed: d-wave
F_onsite: (-1.163608996661533e-16+0j)
F_swave: (-8.673617379884035e-18+0j), F_dwave: (0.02493647017020498+0j)
F_px: 4.232734810504066e-17j, F_py: -7.885385145499496e-17j
Free_energy = -10837.446337625717
------------------------------------------
[{'stable': {'F_px': np.complex128(0.02922833535492404-5.928979167873886e-18j), 'F_py': np.complex128(1.0292734093450431e-17+0.029228335354923807j)}, 'free': np.float64(-10846.259710611517)}]
------------------------------------------
  Seed: d-wave+px
F_onsite: (-0.0011351702272455139+1.4057041155277148e-18j)
F_swave: (0.00046231524649533893+3.558822162778744e-18j), F_dwave: (0.014972790871292743+1.966320812601854e-18j)
F_px: (0.03468858728652959+1.1712242199040431e-17j), F_py: -6.304288878890426e-17j
Free_energy = -10845.079579657104
------------------------------------------
[{'stable': {'F_px': np.complex128(0.02922833535492404-5.928979167873886e-18j), 'F_py': np.complex128(1.0292734093450431e-17+0.029228335354923807j)}, 'free': np.float64(-10846.259710611517)}]
------------------------------------------
  Seed: d-wave+py
F_onsite: (0.0011351702272455663-3.195272974839238e-18j)
F_swave: (-0.00046231524649538967+1.3878899538557728e-18j), F_dwave: (0.014972790871292802+5.0487928216684606e-18j)
F_px: (-8.673617379884035e-19+8.725617261911569e-17j), F_py: (0.03468858728652961-3.760376299555865e-18j)
Free_energy = -10845.07957965707
------------------------------------------
[{'stable': {'F_px': np.complex128(0.02922833535492404-5.928979167873886e-18j), 'F_py': np.complex128(1.0292734093450431e-17+0.029228335354923807j)}, 'free': np.float64(-10846.259710611517)}]
------------------------------------------
====================================
mu=1.20, T=0.0370
====================================
  Seed: normal state
F_onsite: 0j
F_swave: 0j, F_dwave: 0j
F_px: 0j, F_py: 0j
Free_energy = -10816.036586216163
------------------------------------------
[{'stable': {}, 'free': np.float64(-10816.036586216163)}]
------------------------------------------
  Seed: px
F_onsite: 1.1020428039370481e-18j
F_swave: 4.201574585956948e-18j, F_dwave: -5.972296962192063e-18j
F_px: (0.03670560193782149+0j), F_py: (-6.5497153518683795e-19+0j)
Free_energy = -10840.104939072324
------------------------------------------
[{'stable': {'F_px': np.complex128(0.03670560193782149+0j)}, 'free': np.float64(-10840.104939072324)}]
------------------------------------------
  Seed: py
F_onsite: -5.148213313852434e-18j
F_swave: 2.6109790599113808e-18j, F_dwave: 1.7669107279724705e-18j
F_px: (-7.0510529775245185e-19+0j), F_py: (0.03670560193782172+0j)
Free_energy = -10840.104939072313
------------------------------------------
[{'stable': {'F_px': np.complex128(0.03670560193782149+0j)}, 'free': np.float64(-10840.104939072324)}, {'stable': {'F_py': np.complex128(0.03670560193782172+0j)}, 'free': np.float64(-10840.104939072313)}]
------------------------------------------
  Seed: px+py
F_onsite: -5.786505579167753e-18j
F_swave: 2.721675678205677e-18j, F_dwave: 2.234949370889675e-18j
F_px: (1.480067652596232e-18+0j), F_py: (0.03670560193764848+0j)
Free_energy = -10840.10493907204
------------------------------------------
[{'stable': {'F_px': np.complex128(0.03670560193782149+0j)}, 'free': np.float64(-10840.104939072324)}, {'stable': {'F_py': np.complex128(0.03670560193782172+0j)}, 'free': np.float64(-10840.104939072313)}]
------------------------------------------
  Seed: px+i*py
F_onsite: (-1.40157482990985e-19-4.19535683472851e-17j)
F_swave: (7.886677449770487e-18+3.469446951953614e-18j), F_dwave: (7.725833834020776e-18+6.765421556309548e-17j)
F_px: (0.028367214733444494-2.4703993839357487e-17j), F_py: (1.607246340904015e-17+0.028367214733444314j)
Free_energy = -10844.787948117446
------------------------------------------
[{'stable': {'F_px': np.complex128(0.028367214733444494-2.4703993839357487e-17j), 'F_py': np.complex128(1.607246340904015e-17+0.028367214733444314j)}, 'free': np.float64(-10844.787948117446)}]
------------------------------------------
  Seed: d-wave
F_onsite: (6.520505950077907e-18+0j)
F_swave: (-6.765421556309548e-17+0j), F_dwave: (0.023857016575169115+0j)
F_px: 4.510483324558498e-17j, F_py: -8.85729515100715e-17j
Free_energy = -10835.993714972108
------------------------------------------
[{'stable': {'F_px': np.complex128(0.028367214733444494-2.4703993839357487e-17j), 'F_py': np.complex128(1.607246340904015e-17+0.028367214733444314j)}, 'free': np.float64(-10844.787948117446)}]
------------------------------------------
  Seed: d-wave+px
F_onsite: (-0.0009746526222224552+5.143819330438552e-18j)
F_swave: (0.0003969049458896622-5.197195641005374e-18j), F_dwave: (0.01378864121693785-7.863681828741513e-18j)
F_px: (0.03396209437943039+1.114377721231439e-19j), F_py: (-1.474514954580286e-17-7.224632527729586e-17j)
Free_energy = -10843.311627908459
------------------------------------------
[{'stable': {'F_px': np.complex128(0.028367214733444494-2.4703993839357487e-17j), 'F_py': np.complex128(1.607246340904015e-17+0.028367214733444314j)}, 'free': np.float64(-10844.787948117446)}]
------------------------------------------
  Seed: d-wave+py
F_onsite: (0.0009746526222225282-4.041035372672657e-18j)
F_swave: (-0.0003969049458896999+1.79263935374532e-18j), F_dwave: (0.013788641216937951+7.345337369691284e-18j)
F_px: (8.673617379884035e-19+1.2271265415382548e-16j), F_py: (0.033962094379430464-4.759081083927888e-18j)
Free_energy = -10843.311627908455
------------------------------------------
[{'stable': {'F_px': np.complex128(0.028367214733444494-2.4703993839357487e-17j), 'F_py': np.complex128(1.607246340904015e-17+0.028367214733444314j)}, 'free': np.float64(-10844.787948117446)}]
------------------------------------------
====================================
mu=1.20, T=0.0400
====================================
  Seed: normal state
F_onsite: 0j
F_swave: 0j, F_dwave: 0j
F_px: 0j, F_py: 0j
Free_energy = -10816.60685316671
------------------------------------------
[{'stable': {}, 'free': np.float64(-10816.60685316671)}]
------------------------------------------
  Seed: px
F_onsite: -1.983137063582812e-17j
F_swave: 3.74735316799183e-18j, F_dwave: 1.8652459591927744e-18j
F_px: (0.03531402570219396+0j), F_py: (-9.287583917745395e-20+0j)
Free_energy = -10838.723346154216
------------------------------------------
[{'stable': {'F_px': np.complex128(0.03531402570219396+0j)}, 'free': np.float64(-10838.723346154216)}]
------------------------------------------
  Seed: py
F_onsite: -3.4569532159816133e-18j
F_swave: 2.1897389873299766e-18j, F_dwave: 1.6842191364967694e-18j
F_px: (1.011645197874803e-18+0j), F_py: (0.03531402570219385+0j)
Free_energy = -10838.72334615422
------------------------------------------
[{'stable': {'F_px': np.complex128(0.03531402570219396+0j)}, 'free': np.float64(-10838.723346154216)}, {'stable': {'F_py': np.complex128(0.03531402570219385+0j)}, 'free': np.float64(-10838.72334615422)}]
------------------------------------------
  Seed: px+py
F_onsite: -4.9055913140232804e-18j
F_swave: 2.2035562122820623e-18j, F_dwave: 1.9329821251935168e-18j
F_px: (-6.316913640271455e-19+0j), F_py: (0.035314025702193275+0j)
Free_energy = -10838.723346154222
------------------------------------------
[{'stable': {'F_px': np.complex128(0.03531402570219396+0j)}, 'free': np.float64(-10838.723346154216)}, {'stable': {'F_py': np.complex128(0.03531402570219385+0j)}, 'free': np.float64(-10838.72334615422)}]
------------------------------------------
  Seed: px+i*py
F_onsite: (2.3580338460375654e-18-1.1517318742053535e-17j)
F_swave: (-6.2420703384476574e-18-2.5153490401663703e-17j), F_dwave: (-1.4574611373274028e-17+1.1362438767648086e-16j)
F_px: (0.027304793644681326-2.4069526457194614e-17j), F_py: (1.76846318054611e-17+0.027304793644681597j)
Free_energy = -10843.051483249837
------------------------------------------
[{'stable': {'F_px': np.complex128(0.027304793644681326-2.4069526457194614e-17j), 'F_py': np.complex128(1.76846318054611e-17+0.027304793644681597j)}, 'free': np.float64(-10843.051483249837)}]
------------------------------------------
  Seed: d-wave
F_onsite: (-1.4644339390189798e-18+0j)
F_swave: (1.734723475976807e-18+0j), F_dwave: (0.0225482471461729+0j)
F_px: 7.22340321326224e-17j, F_py: -1.0315205860997476e-16j
Free_energy = -10834.328126526161
------------------------------------------
[{'stable': {'F_px': np.complex128(0.027304793644681326-2.4069526457194614e-17j), 'F_py': np.complex128(1.76846318054611e-17+0.027304793644681597j)}, 'free': np.float64(-10843.051483249837)}]
------------------------------------------
  Seed: d-wave+px
F_onsite: (-0.000799464172910263-9.009783580825586e-19j)
F_swave: (0.0003255300203439675-1.7670827815398815e-18j), F_dwave: (0.012281161992902957-1.806399668671262e-17j)
F_px: (0.033063714532178295-2.5634313948128527e-17j), F_py: (1.474514954580286e-17-1.7105491556621694e-16j)
Free_energy = -10841.25326974719
------------------------------------------
[{'stable': {'F_px': np.complex128(0.027304793644681326-2.4069526457194614e-17j), 'F_py': np.complex128(1.76846318054611e-17+0.027304793644681597j)}, 'free': np.float64(-10843.051483249837)}]
------------------------------------------
  Seed: d-wave+py
F_onsite: (0.0007994641729102905-4.200806962348499e-18j)
F_swave: (-0.00032553002034382307+1.7885894774662603e-18j), F_dwave: (0.012281161992903088+7.737195986914805e-18j)
F_px: (2.2551405187698492e-17+2.837139503806239e-16j), F_py: (0.03306371453217827-5.514184486625495e-18j)
Free_energy = -10841.253269747189
------------------------------------------
[{'stable': {'F_px': np.complex128(0.027304793644681326-2.4069526457194614e-17j), 'F_py': np.complex128(1.76846318054611e-17+0.027304793644681597j)}, 'free': np.float64(-10843.051483249837)}]
------------------------------------------
====================================
mu=1.20, T=0.0430
====================================
  Seed: normal state
F_onsite: 0j
F_swave: 0j, F_dwave: 0j
F_px: 0j, F_py: 0j
Free_energy = -10817.221179520402
------------------------------------------
[{'stable': {}, 'free': np.float64(-10817.221179520402)}]
------------------------------------------
  Seed: px
F_onsite: -2.8068977806113005e-17j
F_swave: 4.0648052347549805e-18j, F_dwave: 1.5159242777891806e-18j
F_px: (0.033628909145828986+0j), F_py: (-1.3671972036521463e-19+0j)
Free_energy = -10837.13399089707
------------------------------------------
[{'stable': {'F_px': np.complex128(0.033628909145828986+0j)}, 'free': np.float64(-10837.13399089707)}]
------------------------------------------
  Seed: py
F_onsite: -5.1771712527366905e-18j
F_swave: 2.2035562122820623e-18j, F_dwave: 2.5772036211396156e-18j
F_px: (3.9570004398821695e-19+0j), F_py: (0.0336289091458288+0j)
Free_energy = -10837.13399089716
------------------------------------------
[{'stable': {'F_px': np.complex128(0.033628909145828986+0j)}, 'free': np.float64(-10837.13399089707)}, {'stable': {'F_py': np.complex128(0.0336289091458288+0j)}, 'free': np.float64(-10837.13399089716)}]
------------------------------------------
  Seed: px+py
F_onsite: -5.1771712527366905e-18j
F_swave: 2.2035562122820623e-18j, F_dwave: 2.5772036211396156e-18j
F_px: (3.9570004398821695e-19+0j), F_py: (0.0336289091458288+0j)
Free_energy = -10837.13399089716
------------------------------------------
[{'stable': {'F_px': np.complex128(0.033628909145828986+0j)}, 'free': np.float64(-10837.13399089707)}, {'stable': {'F_py': np.complex128(0.0336289091458288+0j)}, 'free': np.float64(-10837.13399089716)}]
------------------------------------------
  Seed: px+i*py
F_onsite: (6.28188750441351e-18+7.414344085112908e-18j)
F_swave: (-3.91972437275808e-18+2.6020852139652106e-18j), F_dwave: (-6.488616483102763e-18-1.9949319973733282e-17j)
F_px: (0.02601269908304757-1.5595372101499165e-17j), F_py: (2.219663073169695e-17+0.026012699083047326j)
Free_energy = -10841.050791414573
------------------------------------------
[{'stable': {'F_px': np.complex128(0.02601269908304757-1.5595372101499165e-17j), 'F_py': np.complex128(2.219663073169695e-17+0.026012699083047326j)}, 'free': np.float64(-10841.050791414573)}]
------------------------------------------
  Seed: d-wave
F_onsite: (-1.5616147569764047e-17+0j)
F_swave: (3.469446951953614e-18+0j), F_dwave: (0.020963377951843973+0j)
F_px: 7.970478641999383e-17j, F_py: -1.346882772773477e-16j
Free_energy = -10832.44877833607
------------------------------------------
[{'stable': {'F_px': np.complex128(0.02601269908304757-1.5595372101499165e-17j), 'F_py': np.complex128(2.219663073169695e-17+0.026012699083047326j)}, 'free': np.float64(-10841.050791414573)}]
------------------------------------------
  Seed: d-wave+px
F_onsite: (-0.0006095779004625143-1.981686519660639e-18j)
F_swave: (0.0002481839968647209-1.7149637855041404e-18j), F_dwave: (0.01031472069176689-5.357284868036437e-18j)
F_px: (0.03197142437759189+1.8701005167717256e-17j), F_py: (2.2551405187698492e-17-9.3973628287809e-16j)
Free_energy = -10838.906548869933
------------------------------------------
[{'stable': {'F_px': np.complex128(0.02601269908304757-1.5595372101499165e-17j), 'F_py': np.complex128(2.219663073169695e-17+0.026012699083047326j)}, 'free': np.float64(-10841.050791414573)}]
------------------------------------------
  Seed: d-wave+py
F_onsite: (0.0006095779004625486-2.892776333551046e-18j)
F_swave: (-0.0002481839968647998+2.4396666463291986e-18j), F_dwave: (0.010314720691766904+8.193587926807262e-18j)
F_px: (-2.0816681711721685e-17+1.1736169026915793e-15j), F_py: (0.03197142437759195-5.292394203342877e-18j)
Free_energy = -10838.906548869893
------------------------------------------
[{'stable': {'F_px': np.complex128(0.02601269908304757-1.5595372101499165e-17j), 'F_py': np.complex128(2.219663073169695e-17+0.026012699083047326j)}, 'free': np.float64(-10841.050791414573)}]
------------------------------------------
====================================
mu=1.20, T=0.0460
====================================
  Seed: normal state
F_onsite: 0j
F_swave: 0j, F_dwave: 0j
F_px: 0j, F_py: 0j
Free_energy = -10817.879667409004
------------------------------------------
[{'stable': {}, 'free': np.float64(-10817.879667409004)}]
------------------------------------------
  Seed: px
F_onsite: -2.21459411037597e-17j
F_swave: 3.582525850412063e-18j, F_dwave: 3.717998182413548e-18j
F_px: (0.031598431405626765+0j), F_py: (-2.455270581404399e-19+0j)
Free_energy = -10835.336976197737
------------------------------------------
[{'stable': {'F_px': np.complex128(0.031598431405626765+0j)}, 'free': np.float64(-10835.336976197737)}]
------------------------------------------
  Seed: py
F_onsite: -4.674192500745246e-18j
F_swave: 2.270842392029576e-18j, F_dwave: 2.3505164286306834e-18j
F_px: (-1.2856338865319675e-18+0j), F_py: (0.031598431405626924+0j)
Free_energy = -10835.336976197717
------------------------------------------
[{'stable': {'F_px': np.complex128(0.031598431405626765+0j)}, 'free': np.float64(-10835.336976197737)}, {'stable': {'F_py': np.complex128(0.031598431405626924+0j)}, 'free': np.float64(-10835.336976197717)}]
------------------------------------------
  Seed: px+py
F_onsite: -4.674192500745246e-18j
F_swave: 2.270842392029576e-18j, F_dwave: 2.3505164286306834e-18j
F_px: (-1.2856338865319675e-18+0j), F_py: (0.031598431405626924+0j)
Free_energy = -10835.336976197717
------------------------------------------
[{'stable': {'F_px': np.complex128(0.031598431405626765+0j)}, 'free': np.float64(-10835.336976197737)}, {'stable': {'F_py': np.complex128(0.031598431405626924+0j)}, 'free': np.float64(-10835.336976197717)}]
------------------------------------------
  Seed: px+i*py
F_onsite: (-5.233604822847508e-19+4.155289529345421e-17j)
F_swave: (-3.874156647173759e-18-2.5153490401663703e-17j), F_dwave: (-2.2146695492478348e-17+8.239936510889834e-17j)
F_px: (0.02444920624354248+1.3583457093533388e-17j), F_py: (2.9380661264495492e-18+0.024449206243542316j)
Free_energy = -10838.782882766913
------------------------------------------
[{'stable': {'F_px': np.complex128(0.02444920624354248+1.3583457093533388e-17j), 'F_py': np.complex128(2.9380661264495492e-18+0.024449206243542316j)}, 'free': np.float64(-10838.782882766913)}]
------------------------------------------
  Seed: d-wave
F_onsite: (-4.010077972811737e-17+0j)
F_swave: (2.949029909160572e-17+0j), F_dwave: (0.01903052009381844+0j)
F_px: 1.2895394115223305e-16j, F_py: -1.828026578756063e-16j
Free_energy = -10830.356134234393
------------------------------------------
[{'stable': {'F_px': np.complex128(0.02444920624354248+1.3583457093533388e-17j), 'F_py': np.complex128(2.9380661264495492e-18+0.024449206243542316j)}, 'free': np.float64(-10838.782882766913)}]
------------------------------------------
  Seed: d-wave+px
