/home/emilssp/D1/venv/bin/python
Python 3.10.12
Running job 8 out of 10
====================================
mu=2.01, T=0.0010
====================================
  Seed: normal state
F_onsite: 0j
F_swave: 0j, F_dwave: 0j
F_px: 0j, F_py: 0j
Free_energy = -13263.236405963395
------------------------------------------
[{'stable': {}, 'free': np.float64(-13263.236405963395)}]
------------------------------------------
  Seed: px
F_onsite: -1.411680991761778e-17j
F_swave: 8.43004246798922e-18j, F_dwave: -2.996670218487706e-18j
F_px: (0.017208024787343852+0j), F_py: (6.42259423533123e-19+0j)
Free_energy = -13268.723378118357
------------------------------------------
[{'stable': {'F_px': np.complex128(0.017208024787343852+0j)}, 'free': np.float64(-13268.723378118357)}]
------------------------------------------
  Seed: py
F_onsite: -1.177696081016658e-17j
F_swave: 7.41235885164278e-18j, F_dwave: 4.461507821645612e-18j
F_px: (-2.8472880173055297e-19+0j), F_py: (0.01720802478734396+0j)
Free_energy = -13268.7233781184
------------------------------------------
[{'stable': {'F_px': np.complex128(0.017208024787343852+0j)}, 'free': np.float64(-13268.723378118357)}, {'stable': {'F_py': np.complex128(0.01720802478734396+0j)}, 'free': np.float64(-13268.7233781184)}]
------------------------------------------
  Seed: px+py
F_onsite: -4.627722155676507e-17j
F_swave: 2.4971934183375664e-17j, F_dwave: 3.7176805450583276e-19j
F_px: (0.010665717084336317+0j), F_py: (0.010665717084337474+0j)
Free_energy = -13267.45344622864
------------------------------------------
[{'stable': {'F_px': np.complex128(0.017208024787343852+0j)}, 'free': np.float64(-13268.723378118357)}, {'stable': {'F_py': np.complex128(0.01720802478734396+0j)}, 'free': np.float64(-13268.7233781184)}]
------------------------------------------
  Seed: px+i*py
F_onsite: (1.2969080274088203e-17+6.894107036821157e-18j)
F_swave: (-1.1468627582476214e-17+2.6020852139652106e-18j), F_dwave: (-8.480692391257068e-18-8.673617379884035e-19j)
F_px: (0.013304395110228066-1.7009480372050419e-19j), F_py: (4.759795767977134e-18+0.013304395110227922j)
Free_energy = -13269.790139426352
------------------------------------------
[{'stable': {'F_px': np.complex128(0.013304395110228066-1.7009480372050419e-19j), 'F_py': np.complex128(4.759795767977134e-18+0.013304395110227922j)}, 'free': np.float64(-13269.790139426352)}]
------------------------------------------
  Seed: d-wave
F_onsite: (-1.0931621928806788e-17+0j)
F_swave: (7.035085082979795e-18+0j), F_dwave: (4.077510728963795e-18+0j)
F_px: 6.763826103578945e-15j, F_py: -0.017204624400989223j
Free_energy = -13268.720915177973
------------------------------------------
[{'stable': {'F_px': np.complex128(0.013304395110228066-1.7009480372050419e-19j), 'F_py': np.complex128(4.759795767977134e-18+0.013304395110227922j)}, 'free': np.float64(-13269.790139426352)}]
------------------------------------------
  Seed: s-wave
F_onsite: (-0.008839427017974123+0j)
F_swave: (0.005578557528492721+0j), F_dwave: (-6.938893903907228e-18+0j)
F_px: -2.646394566227267e-16j, F_py: -2.765882857118471e-16j
Free_energy = -13264.371339249943
------------------------------------------
[{'stable': {'F_px': np.complex128(0.013304395110228066-1.7009480372050419e-19j), 'F_py': np.complex128(4.759795767977134e-18+0.013304395110227922j)}, 'free': np.float64(-13269.790139426352)}]
------------------------------------------
====================================
mu=2.01, T=0.0040
====================================
  Seed: normal state
F_onsite: 0j
F_swave: 0j, F_dwave: 0j
F_px: 0j, F_py: 0j
Free_energy = -13263.26945564882
------------------------------------------
[{'stable': {}, 'free': np.float64(-13263.26945564882)}]
------------------------------------------
  Seed: px
F_onsite: -1.126905867916922e-17j
F_swave: 6.014701549113982e-18j, F_dwave: -2.1166294560700898e-18j
F_px: (0.01719143829974805+0j), F_py: (8.972924412730223e-20+0j)
Free_energy = -13268.714205894143
------------------------------------------
[{'stable': {'F_px': np.complex128(0.01719143829974805+0j)}, 'free': np.float64(-13268.714205894143)}]
------------------------------------------
  Seed: py
F_onsite: -1.0240998909218915e-17j
F_swave: 6.926638395951643e-18j, F_dwave: 4.018324301774401e-18j
F_px: (7.234356201266269e-19+0j), F_py: (0.017191438299748167+0j)
Free_energy = -13268.714205894154
------------------------------------------
[{'stable': {'F_px': np.complex128(0.01719143829974805+0j)}, 'free': np.float64(-13268.714205894143)}, {'stable': {'F_py': np.complex128(0.017191438299748167+0j)}, 'free': np.float64(-13268.714205894154)}]
------------------------------------------
  Seed: px+py
F_onsite: -4.0067940657799016e-17j
F_swave: 3.013639994190354e-17j, F_dwave: -2.4625630056846664e-18j
F_px: (0.010652239361449118+0j), F_py: (0.0106522393614511+0j)
Free_energy = -13267.445430496515
------------------------------------------
[{'stable': {'F_px': np.complex128(0.01719143829974805+0j)}, 'free': np.float64(-13268.714205894143)}, {'stable': {'F_py': np.complex128(0.017191438299748167+0j)}, 'free': np.float64(-13268.714205894154)}]
------------------------------------------
  Seed: px+i*py
F_onsite: (1.6861646652974942e-17-2.0585547596239668e-19j)
F_swave: (-1.0284402730320797e-17+1.3010426069826053e-18j), F_dwave: (-6.19547029145887e-18+4.336808689942018e-19j)
F_px: (0.01330361515608993-1.26710834953323e-18j), F_py: (4.522533898517324e-18+0.013303615156089792j)
Free_energy = -13269.789308374648
------------------------------------------
[{'stable': {'F_px': np.complex128(0.01330361515608993-1.26710834953323e-18j), 'F_py': np.complex128(4.522533898517324e-18+0.013303615156089792j)}, 'free': np.float64(-13269.789308374648)}]
------------------------------------------
  Seed: d-wave
F_onsite: (-1.1629762365801544e-17+0j)
F_swave: (7.207879804219672e-18+0j), F_dwave: (4.293901177207667e-18+0j)
F_px: 2.860545270761419e-15j, F_py: -0.017191557514994946j
Free_energy = -13268.714292063076
------------------------------------------
[{'stable': {'F_px': np.complex128(0.01330361515608993-1.26710834953323e-18j), 'F_py': np.complex128(4.522533898517324e-18+0.013303615156089792j)}, 'free': np.float64(-13269.789308374648)}]
------------------------------------------
  Seed: s-wave
F_onsite: (-0.00866507832350712+0j)
F_swave: (0.005468545780704688+0j), F_dwave: (2.168404344971009e-18+0j)
F_px: -5.869893325846978e-16j, F_py: -5.688109202756569e-16j
Free_energy = -13264.331988451251
------------------------------------------
[{'stable': {'F_px': np.complex128(0.01330361515608993-1.26710834953323e-18j), 'F_py': np.complex128(4.522533898517324e-18+0.013303615156089792j)}, 'free': np.float64(-13269.789308374648)}]
------------------------------------------
====================================
mu=2.01, T=0.0070
====================================
  Seed: normal state
F_onsite: 0j
F_swave: 0j, F_dwave: 0j
F_px: 0j, F_py: 0j
Free_energy = -13263.333070169081
------------------------------------------
[{'stable': {}, 'free': np.float64(-13263.333070169081)}]
------------------------------------------
  Seed: px
F_onsite: -8.025213658760869e-18j
F_swave: 4.252224509224795e-18j, F_dwave: -1.9131694951616466e-18j
F_px: (0.01707677670941354+0j), F_py: (3.2179641934027925e-19+0j)
Free_energy = -13268.65317356617
------------------------------------------
[{'stable': {'F_px': np.complex128(0.01707677670941354+0j)}, 'free': np.float64(-13268.65317356617)}]
------------------------------------------
  Seed: py
F_onsite: -1.0813487302444415e-17j
F_swave: 7.434672875847011e-18j, F_dwave: 3.950482256655252e-18j
F_px: (1.02142578143763e-18+0j), F_py: (0.0170767767094138+0j)
Free_energy = -13268.653173566128
------------------------------------------
[{'stable': {'F_px': np.complex128(0.01707677670941354+0j)}, 'free': np.float64(-13268.65317356617)}, {'stable': {'F_py': np.complex128(0.0170767767094138+0j)}, 'free': np.float64(-13268.653173566128)}]
------------------------------------------
  Seed: px+py
F_onsite: -4.093011431898549e-17j
F_swave: 2.6409057927290593e-17j, F_dwave: -1.41030985717841e-18j
F_px: (0.010553308475999217+0j), F_py: (0.010553308476007453+0j)
Free_energy = -13267.389371986954
------------------------------------------
[{'stable': {'F_px': np.complex128(0.01707677670941354+0j)}, 'free': np.float64(-13268.65317356617)}, {'stable': {'F_py': np.complex128(0.0170767767094138+0j)}, 'free': np.float64(-13268.653173566128)}]
------------------------------------------
  Seed: px+i*py
F_onsite: (1.3591173034287283e-17-3.122555196317456e-17j)
F_swave: (-9.313312543518244e-18+1.9949319973733282e-17j), F_dwave: (-4.564475264296213e-18-5.204170427930421e-18j)
F_px: (0.013283282338925038-8.10758761288135e-18j), F_py: (3.913451034992478e-18+0.013283282338924961j)
Free_energy = -13269.771715578414
------------------------------------------
[{'stable': {'F_px': np.complex128(0.013283282338925038-8.10758761288135e-18j), 'F_py': np.complex128(3.913451034992478e-18+0.013283282338924961j)}, 'free': np.float64(-13269.771715578414)}]
------------------------------------------
  Seed: d-wave
F_onsite: (-1.1744879437289323e-17+0j)
F_swave: (7.322043963641791e-18+0j), F_dwave: (4.077404849845388e-18+0j)
F_px: 5.570814032367039e-16j, F_py: -0.01707678057638992j
Free_energy = -13268.653176325628
------------------------------------------
[{'stable': {'F_px': np.complex128(0.013283282338925038-8.10758761288135e-18j), 'F_py': np.complex128(3.913451034992478e-18+0.013283282338924961j)}, 'free': np.float64(-13269.771715578414)}]
------------------------------------------
  Seed: s-wave
F_onsite: (-0.006964965758372845+0j)
F_swave: (0.004395659971212332+0j), F_dwave: (-6.938893903907228e-18+0j)
F_px: -1.054929830853095e-13j, F_py: -1.0144702318219552e-13j
Free_energy = -13263.999359135163
------------------------------------------
[{'stable': {'F_px': np.complex128(0.013283282338925038-8.10758761288135e-18j), 'F_py': np.complex128(3.913451034992478e-18+0.013283282338924961j)}, 'free': np.float64(-13269.771715578414)}]
------------------------------------------
====================================
mu=2.01, T=0.0100
====================================
  Seed: normal state
F_onsite: 0j
F_swave: 0j, F_dwave: 0j
F_px: 0j, F_py: 0j
Free_energy = -13263.426768626869
------------------------------------------
[{'stable': {}, 'free': np.float64(-13263.426768626869)}]
------------------------------------------
  Seed: px
F_onsite: -1.6621433403089542e-18j
F_swave: 6.531272532930897e-18j, F_dwave: -3.795859039111939e-18j
F_px: (0.01676942693805995+0j), F_py: (8.76212570542721e-19+0j)
Free_energy = -13268.49475075286
------------------------------------------
[{'stable': {'F_px': np.complex128(0.01676942693805995+0j)}, 'free': np.float64(-13268.49475075286)}]
------------------------------------------
  Seed: py
F_onsite: -1.3317263754968924e-17j
F_swave: 8.19432908063611e-18j, F_dwave: 4.264413842731377e-18j
F_px: (2.205031902494857e-19+0j), F_py: (0.01676942693805979+0j)
Free_energy = -13268.494750752889
------------------------------------------
[{'stable': {'F_px': np.complex128(0.01676942693805995+0j)}, 'free': np.float64(-13268.49475075286)}, {'stable': {'F_py': np.complex128(0.01676942693805979+0j)}, 'free': np.float64(-13268.494750752889)}]
------------------------------------------
  Seed: px+py
F_onsite: -3.922191356216958e-17j
F_swave: 2.2838893463952522e-17j, F_dwave: 1.5309326428233428e-18j
F_px: (0.010334596439725187+0j), F_py: (0.010334596439765593+0j)
Free_energy = -13267.270745045154
------------------------------------------
[{'stable': {'F_px': np.complex128(0.01676942693805995+0j)}, 'free': np.float64(-13268.49475075286)}, {'stable': {'F_py': np.complex128(0.01676942693805979+0j)}, 'free': np.float64(-13268.494750752889)}]
------------------------------------------
  Seed: px+i*py
F_onsite: (1.5416476096061097e-17-3.4736768227339654e-17j)
F_swave: (-9.684749725779056e-18+1.6479873021779667e-17j), F_dwave: (-5.060399820023805e-18-5.204170427930421e-18j)
F_px: (0.013134275932064423-1.422601099336458e-17j), F_py: (9.166590555186038e-18+0.01313427593206442j)
Free_energy = -13269.64543210608
------------------------------------------
[{'stable': {'F_px': np.complex128(0.013134275932064423-1.422601099336458e-17j), 'F_py': np.complex128(9.166590555186038e-18+0.01313427593206442j)}, 'free': np.float64(-13269.64543210608)}]
------------------------------------------
  Seed: d-wave
F_onsite: (-1.2651019402394213e-17+0j)
F_swave: (7.833572454444583e-18+0j), F_dwave: (3.9473588226622515e-18+0j)
F_px: 8.343944215878781e-17j, F_py: -0.016769426985245868j
Free_energy = -13268.494750785472
------------------------------------------
[{'stable': {'F_px': np.complex128(0.013134275932064423-1.422601099336458e-17j), 'F_py': np.complex128(9.166590555186038e-18+0.01313427593206442j)}, 'free': np.float64(-13269.64543210608)}]
------------------------------------------
  Seed: s-wave
F_onsite: (-1.5157204604862476e-17+0j)
F_swave: (5.8681780841287885e-18+0j), F_dwave: (-2.954940610945631e-18+0j)
F_px: -0.01676557370838131j, F_py: -1.1426709563042934e-14j
Free_energy = -13268.492090492182
------------------------------------------
[{'stable': {'F_px': np.complex128(0.013134275932064423-1.422601099336458e-17j), 'F_py': np.complex128(9.166590555186038e-18+0.01313427593206442j)}, 'free': np.float64(-13269.64543210608)}]
------------------------------------------
====================================
mu=2.01, T=0.0130
====================================
  Seed: normal state
F_onsite: 0j
F_swave: 0j, F_dwave: 0j
F_px: 0j, F_py: 0j
Free_energy = -13263.551451523836
------------------------------------------
[{'stable': {}, 'free': np.float64(-13263.551451523836)}]
------------------------------------------
  Seed: px
F_onsite: -1.663135957044018e-17j
F_swave: 7.84663529067802e-18j, F_dwave: -7.560258745167262e-18j
F_px: (0.01613013501203+0j), F_py: (-3.29545447318676e-19+0j)
Free_energy = -13268.17975890752
------------------------------------------
[{'stable': {'F_px': np.complex128(0.01613013501203+0j)}, 'free': np.float64(-13268.17975890752)}]
------------------------------------------
  Seed: py
F_onsite: -1.298917083680589e-17j
F_swave: 8.44859778349001e-18j, F_dwave: 3.905510101111969e-18j
F_px: (8.112722750124078e-19+0j), F_py: (0.016130135012030034+0j)
Free_energy = -13268.179758907505
------------------------------------------
[{'stable': {'F_px': np.complex128(0.01613013501203+0j)}, 'free': np.float64(-13268.17975890752)}, {'stable': {'F_py': np.complex128(0.016130135012030034+0j)}, 'free': np.float64(-13268.179758907505)}]
------------------------------------------
  Seed: px+py
F_onsite: -3.776027880234348e-17j
F_swave: 2.804631967477395e-17j, F_dwave: -1.9746455582865877e-20j
F_px: (0.009928686150307014+0j), F_py: (0.009928686150493951+0j)
Free_energy = -13267.0554499053
------------------------------------------
[{'stable': {'F_px': np.complex128(0.01613013501203+0j)}, 'free': np.float64(-13268.17975890752)}, {'stable': {'F_py': np.complex128(0.016130135012030034+0j)}, 'free': np.float64(-13268.179758907505)}]
------------------------------------------
  Seed: px+i*py
F_onsite: (1.1382190517186873e-17-1.4987453908276794e-17j)
F_swave: (-4.2147433013087925e-18+6.071532165918825e-18j), F_dwave: (-1.2206538863322519e-19-5.204170427930421e-18j)
F_px: (0.012716438250225493-1.0613852224688417e-18j), F_py: (6.216321860340107e-18+0.012716438250225552j)
Free_energy = -13269.30512190495
------------------------------------------
[{'stable': {'F_px': np.complex128(0.012716438250225493-1.0613852224688417e-18j), 'F_py': np.complex128(6.216321860340107e-18+0.012716438250225552j)}, 'free': np.float64(-13269.30512190495)}]
------------------------------------------
  Seed: d-wave
F_onsite: (-1.3560759257524933e-17+0j)
F_swave: (8.653341528709136e-18+0j), F_dwave: (3.932456336746496e-18+0j)
F_px: 8.727741461724605e-18j, F_py: -0.016130135012368547j
Free_energy = -13268.17975890774
------------------------------------------
[{'stable': {'F_px': np.complex128(0.012716438250225493-1.0613852224688417e-18j), 'F_py': np.complex128(6.216321860340107e-18+0.012716438250225552j)}, 'free': np.float64(-13269.30512190495)}]
------------------------------------------
  Seed: s-wave
F_onsite: (-2.5879450577019842e-17+0j)
F_swave: (1.4135921098490205e-17+0j), F_dwave: (-5.1750801401481564e-18+0j)
F_px: -0.016130107353470584j, F_py: -1.6464497123855736e-15j
Free_energy = -13268.179740995023
------------------------------------------
[{'stable': {'F_px': np.complex128(0.012716438250225493-1.0613852224688417e-18j), 'F_py': np.complex128(6.216321860340107e-18+0.012716438250225552j)}, 'free': np.float64(-13269.30512190495)}]
------------------------------------------
====================================
mu=2.01, T=0.0160
====================================
  Seed: normal state
F_onsite: 0j
F_swave: 0j, F_dwave: 0j
F_px: 0j, F_py: 0j
Free_energy = -13263.70991572517
------------------------------------------
[{'stable': {}, 'free': np.float64(-13263.70991572517)}]
------------------------------------------
  Seed: px
F_onsite: -1.0666844723451014e-17j
F_swave: 1.0134325697424076e-17j, F_dwave: -4.61294143074692e-18j
F_px: (0.015018731767891072+0j), F_py: (9.137367918505765e-20+0j)
Free_energy = -13267.670586078002
------------------------------------------
[{'stable': {'F_px': np.complex128(0.015018731767891072+0j)}, 'free': np.float64(-13267.670586078002)}]
------------------------------------------
  Seed: py
F_onsite: -1.497911592770226e-17j
F_swave: 9.225671103257026e-18j, F_dwave: 4.547164028436703e-18j
F_px: (1.9381668932729991e-19+0j), F_py: (0.015018731767891145+0j)
Free_energy = -13267.670586078062
------------------------------------------
[{'stable': {'F_px': np.complex128(0.015018731767891072+0j)}, 'free': np.float64(-13267.670586078002)}, {'stable': {'F_py': np.complex128(0.015018731767891145+0j)}, 'free': np.float64(-13267.670586078062)}]
------------------------------------------
  Seed: px+py
F_onsite: -4.3753036904167655e-17j
F_swave: 2.6376685386837718e-17j, F_dwave: 1.4807194709189238e-18j
F_px: (0.009243904404389944+0j), F_py: (0.009243904405171038+0j)
Free_energy = -13266.709369460506
------------------------------------------
[{'stable': {'F_px': np.complex128(0.015018731767891072+0j)}, 'free': np.float64(-13267.670586078002)}, {'stable': {'F_py': np.complex128(0.015018731767891145+0j)}, 'free': np.float64(-13267.670586078062)}]
------------------------------------------
  Seed: px+i*py
F_onsite: (2.0240169911996727e-17+7.579621388945903e-19j)
F_swave: (-1.2789403410151884e-17-4.7704895589362195e-18j), F_dwave: (-6.292554825592994e-18-2.168404344971009e-18j)
F_px: (0.011911212218396947+1.3371937084736228e-17j), F_py: (-3.916574468985478e-18+0.01191121221839692j)
Free_energy = -13268.692773528133
------------------------------------------
[{'stable': {'F_px': np.complex128(0.011911212218396947+1.3371937084736228e-17j), 'F_py': np.complex128(-3.916574468985478e-18+0.01191121221839692j)}, 'free': np.float64(-13268.692773528133)}]
------------------------------------------
  Seed: d-wave
F_onsite: (-1.4918923648888e-17+0j)
F_swave: (9.424829724980193e-18+0j), F_dwave: (4.103768750328678e-18+0j)
F_px: 6.33148856266464e-19j, F_py: -0.015018731767892762j
Free_energy = -13267.670586078062
------------------------------------------
[{'stable': {'F_px': np.complex128(0.011911212218396947+1.3371937084736228e-17j), 'F_py': np.complex128(-3.916574468985478e-18+0.01191121221839692j)}, 'free': np.float64(-13268.692773528133)}]
------------------------------------------
  Seed: s-wave
F_onsite: (-8.673511500765629e-18+0j)
F_swave: (8.727628965161298e-18+0j), F_dwave: (-4.018125778427388e-18+0j)
F_px: -0.015018731634497438j, F_py: -2.244485042816737e-16j
Free_energy = -13267.670586000273
------------------------------------------
[{'stable': {'F_px': np.complex128(0.011911212218396947+1.3371937084736228e-17j), 'F_py': np.complex128(-3.916574468985478e-18+0.01191121221839692j)}, 'free': np.float64(-13268.692773528133)}]
------------------------------------------
====================================
mu=2.01, T=0.0190
====================================
  Seed: normal state
F_onsite: 0j
F_swave: 0j, F_dwave: 0j
F_px: 0j, F_py: 0j
Free_energy = -13263.904522714567
------------------------------------------
[{'stable': {}, 'free': np.float64(-13263.904522714567)}]
------------------------------------------
  Seed: px
F_onsite: -2.282028520889253e-17j
F_swave: 1.0434744461013535e-17j, F_dwave: -7.40922218275998e-18j
F_px: (0.013257932147057902+0j), F_py: (-5.750030222876614e-19+0j)
Free_energy = -13266.952187309374
------------------------------------------
[{'stable': {'F_px': np.complex128(0.013257932147057902+0j)}, 'free': np.float64(-13266.952187309374)}]
------------------------------------------
  Seed: py
F_onsite: -1.856238293194317e-17j
F_swave: 1.1239280177117311e-17j, F_dwave: 4.465742986381883e-18j
F_px: (-8.904119529378062e-19+0j), F_py: (0.013257932147057725+0j)
Free_energy = -13266.952187309415
------------------------------------------
[{'stable': {'F_px': np.complex128(0.013257932147057902+0j)}, 'free': np.float64(-13266.952187309374)}, {'stable': {'F_py': np.complex128(0.013257932147057725+0j)}, 'free': np.float64(-13266.952187309415)}]
------------------------------------------
  Seed: px+py
F_onsite: -5.1553945650583744e-17j
F_swave: 3.005749352891088e-17j, F_dwave: 1.1059073917588959e-18j
F_px: (0.008163986866304084+0j), F_py: (0.008163986869059404+0j)
Free_energy = -13266.215413750175
------------------------------------------
[{'stable': {'F_px': np.complex128(0.013257932147057902+0j)}, 'free': np.float64(-13266.952187309374)}, {'stable': {'F_py': np.complex128(0.013257932147057725+0j)}, 'free': np.float64(-13266.952187309415)}]
------------------------------------------
  Seed: px+i*py
F_onsite: (1.6893410388496978e-17-3.860125017006899e-17j)
F_swave: (-1.052747471640318e-17+1.8648277366750676e-17j), F_dwave: (-4.2176748293996805e-18-3.903127820947816e-18j)
F_px: (0.010569305474436942+7.843128044880796e-18j), F_py: (-6.4413811614035346e-18+0.010569305474437025j)
Free_energy = -13267.77854932836
------------------------------------------
[{'stable': {'F_px': np.complex128(0.010569305474436942+7.843128044880796e-18j), 'F_py': np.complex128(-6.4413811614035346e-18+0.010569305474437025j)}, 'free': np.float64(-13267.77854932836)}]
------------------------------------------
  Seed: d-wave
F_onsite: (-1.8272935891998614e-17+0j)
F_swave: (1.1538653384412503e-17+0j), F_dwave: (4.415794512273481e-18+0j)
F_px: 1.6980529050611063e-19j, F_py: -0.01325793214705774j
Free_energy = -13266.95218730941
------------------------------------------
[{'stable': {'F_px': np.complex128(0.010569305474436942+7.843128044880796e-18j), 'F_py': np.complex128(-6.4413811614035346e-18+0.010569305474437025j)}, 'free': np.float64(-13267.77854932836)}]
------------------------------------------
  Seed: s-wave
F_onsite: (-1.407689348997842e-17+0j)
F_swave: (9.341833731039073e-18+0j), F_dwave: (-4.79093746367853e-18+0j)
F_px: -0.01325793214647474j, F_py: -2.5812912168546076e-17j
Free_energy = -13266.952187309116
------------------------------------------
[{'stable': {'F_px': np.complex128(0.010569305474436942+7.843128044880796e-18j), 'F_py': np.complex128(-6.4413811614035346e-18+0.010569305474437025j)}, 'free': np.float64(-13267.77854932836)}]
------------------------------------------
====================================
mu=2.01, T=0.0220
====================================
  Seed: normal state
F_onsite: 0j
F_swave: 0j, F_dwave: 0j
F_px: 0j, F_py: 0j
Free_energy = -13264.136705802586
------------------------------------------
[{'stable': {}, 'free': np.float64(-13264.136705802586)}]
------------------------------------------
  Seed: px
F_onsite: -1.9294364982158695e-17j
F_swave: 1.760897455791455e-17j, F_dwave: -4.405358801665512e-18j
F_px: (0.010482150924019678+0j), F_py: (-5.321021269982112e-19+0j)
Free_energy = -13266.018759189681
------------------------------------------
[{'stable': {'F_px': np.complex128(0.010482150924019678+0j)}, 'free': np.float64(-13266.018759189681)}]
------------------------------------------
  Seed: py
F_onsite: -2.22832133807741e-17j
F_swave: 1.449164846655741e-17j, F_dwave: 4.801631254637616e-18j
F_px: (-1.1083972054026805e-18+0j), F_py: (0.010482150924019584+0j)
Free_energy = -13266.01875918965
------------------------------------------
[{'stable': {'F_px': np.complex128(0.010482150924019678+0j)}, 'free': np.float64(-13266.018759189681)}, {'stable': {'F_py': np.complex128(0.010482150924019584+0j)}, 'free': np.float64(-13266.01875918965)}]
------------------------------------------
  Seed: px+py
F_onsite: -5.532681568611161e-17j
F_swave: 3.5036141434634845e-17j, F_dwave: 3.8476471629026593e-19j
F_px: (0.00646117769378186+0j), F_py: (0.006461177701394402+0j)
Free_energy = -13265.566899628708
------------------------------------------
[{'stable': {'F_px': np.complex128(0.010482150924019678+0j)}, 'free': np.float64(-13266.018759189681)}, {'stable': {'F_py': np.complex128(0.010482150924019584+0j)}, 'free': np.float64(-13266.01875918965)}]
------------------------------------------
  Seed: px+i*py
F_onsite: (2.5852689629842526e-17-7.014173957094454e-18j)
F_swave: (-1.4469397308079733e-17+1.9081958235744878e-17j), F_dwave: (-4.612560927665145e-18-1.5612511283791264e-17j)
F_px: (0.008394957196681836+1.4168028941147063e-17j), F_py: (-1.3372314279095553e-17+0.00839495719668197j)
Free_energy = -13266.551140854193
------------------------------------------
[{'stable': {'F_px': np.complex128(0.008394957196681836+1.4168028941147063e-17j), 'F_py': np.complex128(-1.3372314279095553e-17+0.00839495719668197j)}, 'free': np.float64(-13266.551140854193)}]
------------------------------------------
  Seed: d-wave
F_onsite: (-2.2366937293654267e-17+0j)
F_swave: (1.4485785410375633e-17+0j), F_dwave: (4.8372066384222965e-18+0j)
F_px: 7.931090431219685e-19j, F_py: -0.010482150924019584j
Free_energy = -13266.01875918965
------------------------------------------
[{'stable': {'F_px': np.complex128(0.008394957196681836+1.4168028941147063e-17j), 'F_py': np.complex128(-1.3372314279095553e-17+0.00839495719668197j)}, 'free': np.float64(-13266.551140854193)}]
------------------------------------------
  Seed: s-wave
F_onsite: (-2.5272564705201936e-17+0j)
F_swave: (1.4638244723436507e-17+0j), F_dwave: (-5.38026725417561e-18+0j)
F_px: -0.010482150924017273j, F_py: 6.424877253821877e-20j
Free_energy = -13266.018759189681
------------------------------------------
[{'stable': {'F_px': np.complex128(0.008394957196681836+1.4168028941147063e-17j), 'F_py': np.complex128(-1.3372314279095553e-17+0.00839495719668197j)}, 'free': np.float64(-13266.551140854193)}]
------------------------------------------
====================================
mu=2.01, T=0.0250
====================================
  Seed: normal state
F_onsite: 0j
F_swave: 0j, F_dwave: 0j
F_px: 0j, F_py: 0j
Free_energy = -13264.40715157062
------------------------------------------
[{'stable': {}, 'free': np.float64(-13264.40715157062)}]
------------------------------------------
  Seed: px
F_onsite: -4.636066091951452e-17j
F_swave: 2.4359896630702778e-17j, F_dwave: -6.921506567431364e-18j
F_px: (0.005254918694134933+0j), F_py: (-1.7196803693569177e-18+0j)
Free_energy = -13264.874715059865
------------------------------------------
[{'stable': {'F_px': np.complex128(0.005254918694134933+0j)}, 'free': np.float64(-13264.874715059865)}]
------------------------------------------
  Seed: py
F_onsite: -4.271081580213044e-17j
F_swave: 2.6754740013998953e-17j, F_dwave: 6.3965810594276626e-18j
F_px: (-2.3952793074789905e-18+0j), F_py: (0.005254918694134892+0j)
Free_energy = -13264.874715059863
------------------------------------------
[{'stable': {'F_px': np.complex128(0.005254918694134933+0j)}, 'free': np.float64(-13264.874715059865)}, {'stable': {'F_py': np.complex128(0.005254918694134892+0j)}, 'free': np.float64(-13264.874715059863)}]
------------------------------------------
  Seed: px+py
F_onsite: -8.891176468897322e-17j
F_swave: 5.774784099015631e-17j, F_dwave: 6.048013766742717e-19j
F_px: (0.0032648988429038735+0j), F_py: (0.003264898853607196+0j)
Free_energy = -13264.768189033251
------------------------------------------
[{'stable': {'F_px': np.complex128(0.005254918694134933+0j)}, 'free': np.float64(-13264.874715059865)}, {'stable': {'F_py': np.complex128(0.005254918694134892+0j)}, 'free': np.float64(-13264.874715059863)}]
------------------------------------------
  Seed: px+i*py
F_onsite: (3.713175388570119e-17-4.1468708159431015e-17j)
F_swave: (-2.3838579284531033e-17+3.2742905609062234e-17j), F_dwave: (-6.519081545063091e-18-1.7997756063259374e-17j)
F_px: (0.004237097609230543-3.190409152837426e-18j), F_py: (-5.955743423773652e-18+0.0042370976092303125j)
Free_energy = -13265.015152817106
------------------------------------------
[{'stable': {'F_px': np.complex128(0.004237097609230543-3.190409152837426e-18j), 'F_py': np.complex128(-5.955743423773652e-18+0.0042370976092303125j)}, 'free': np.float64(-13265.015152817106)}]
------------------------------------------
  Seed: d-wave
F_onsite: (-4.2092852327549227e-17+0j)
F_swave: (2.6446492813092293e-17+0j), F_dwave: (6.366173900110213e-18+0j)
F_px: 4.2528035356535825e-18j, F_py: -0.005254918694134915j
Free_energy = -13264.874715059863
------------------------------------------
[{'stable': {'F_px': np.complex128(0.004237097609230543-3.190409152837426e-18j), 'F_py': np.complex128(-5.955743423773652e-18+0.0042370976092303125j)}, 'free': np.float64(-13265.015152817106)}]
------------------------------------------
  Seed: s-wave
F_onsite: (-4.644912292294339e-17+0j)
F_swave: (2.4379643086285644e-17+0j), F_dwave: (-7.060367031221866e-18+0j)
F_px: -0.0052549186941349335j, F_py: 1.940210029386005e-18j
Free_energy = -13264.874715059865
------------------------------------------
[{'stable': {'F_px': np.complex128(0.004237097609230543-3.190409152837426e-18j), 'F_py': np.complex128(-5.955743423773652e-18+0.0042370976092303125j)}, 'free': np.float64(-13265.015152817106)}]
------------------------------------------
====================================
mu=2.01, T=0.0280
====================================
  Seed: normal state
F_onsite: 0j
F_swave: 0j, F_dwave: 0j
F_px: 0j, F_py: 0j
Free_energy = -13264.716066188254
------------------------------------------
[{'stable': {}, 'free': np.float64(-13264.716066188254)}]
------------------------------------------
  Seed: px
F_onsite: 7.472654527572346e-20j
F_swave: -3.8273122058396565e-20j, F_dwave: -9.02464313610194e-22j
F_px: (5.937073546793817e-14+0j), F_py: (7.021518473291264e-20+0j)
Free_energy = -13264.716066188254
------------------------------------------
[{'stable': {}, 'free': np.float64(-13264.716066188254)}]
------------------------------------------
  Seed: py
F_onsite: -1.2442947659280273e-19j
F_swave: 9.099133166526239e-20j, F_dwave: 5.157731006169294e-20j
F_px: (1.329884560721359e-19+0j), F_py: (5.937048346642768e-14+0j)
Free_energy = -13264.716066188254
------------------------------------------
[{'stable': {}, 'free': np.float64(-13264.716066188254)}]
------------------------------------------
  Seed: px+py
F_onsite: -4.609880958327417e-19j
F_swave: 2.9402229607938486e-19j, F_dwave: -2.6758612759692245e-21j
F_px: (5.902104551410996e-14+0j), F_py: (5.902091782733093e-14+0j)
Free_energy = -13264.716066188254
------------------------------------------
[{'stable': {}, 'free': np.float64(-13264.716066188254)}]
------------------------------------------
  Seed: px+i*py
F_onsite: (-5.178967800210401e-19-8.370301361001494e-20j)
F_swave: (3.489551663596304e-19+6.059919027385739e-20j), F_dwave: (4.163251614441009e-20+7.529261556994965e-21j)
F_px: (5.874719514444486e-14+4.928270761285973e-19j), F_py: (-2.933555783349108e-20+5.874679028911309e-14j)
Free_energy = -13264.716066188254
------------------------------------------
[{'stable': {}, 'free': np.float64(-13264.716066188254)}]
------------------------------------------
  Seed: d-wave
F_onsite: (2.6243326690662193e-19+0j)
F_swave: (-1.6085769412244618e-19+0j), F_dwave: (-7.752936885974599e-20+0j)
F_px: -3.1796014940662906e-19j, F_py: -6.322365794932501e-14j
Free_energy = -13264.716066188254
------------------------------------------
[{'stable': {}, 'free': np.float64(-13264.716066188254)}]
------------------------------------------
  Seed: s-wave
F_onsite: (2.257912670509373e-20+0j)
F_swave: (3.535603623992238e-21+0j), F_dwave: (5.247717319059688e-20+0j)
F_px: -6.322328817370612e-14j, F_py: -6.872789125468031e-19j
Free_energy = -13264.716066188254
------------------------------------------
[{'stable': {}, 'free': np.float64(-13264.716066188254)}]
------------------------------------------
====================================
mu=2.01, T=0.0310
====================================
  Seed: normal state
F_onsite: 0j
F_swave: 0j, F_dwave: 0j
F_px: 0j, F_py: 0j
Free_energy = -13265.063382305116
------------------------------------------
[{'stable': {}, 'free': np.float64(-13265.063382305116)}]
------------------------------------------
  Seed: px
F_onsite: -2.8573520452677605e-19j
F_swave: 2.0862683700789438e-19j, F_dwave: -9.3514023217802e-21j
F_px: (2.5745363078210206e-14+0j), F_py: (-4.730572337188097e-20+0j)
Free_energy = -13265.063382305116
------------------------------------------
[{'stable': {}, 'free': np.float64(-13265.063382305116)}]
------------------------------------------
  Seed: py
F_onsite: -2.8370092101642726e-20j
F_swave: -2.6962357943815543e-21j, F_dwave: 4.583870923548993e-20j
F_px: (-2.3291348988357773e-19+0j), F_py: (2.5744735831449138e-14+0j)
Free_energy = -13265.063382305116
------------------------------------------
[{'stable': {}, 'free': np.float64(-13265.063382305116)}]
------------------------------------------
  Seed: px+py
F_onsite: 7.408255423215136e-20j
F_swave: -8.099946943693762e-20j, F_dwave: 1.0256443006247905e-20j
F_px: (2.559661579423561e-14+0j), F_py: (2.5596557604085496e-14+0j)
Free_energy = -13265.063382305116
------------------------------------------
[{'stable': {}, 'free': np.float64(-13265.063382305116)}]
------------------------------------------
  Seed: px+i*py
F_onsite: (-3.432653789934866e-20+6.571492804733418e-20j)
F_swave: (1.4201756232957895e-20-5.561958064415066e-20j), F_dwave: (-2.9930924817303462e-21+1.7724867670913944e-20j)
F_px: (2.5484505962043025e-14+2.5658904721821745e-19j), F_py: (-4.48316148679309e-20+2.5484534064217683e-14j)
Free_energy = -13265.063382305114
------------------------------------------
[{'stable': {}, 'free': np.float64(-13265.063382305116)}]
------------------------------------------
  Seed: d-wave
F_onsite: (-1.1570758668602638e-19+0j)
F_swave: (5.951473219074768e-20+0j), F_dwave: (-4.110038114365795e-20+0j)
F_px: -6.692854188576576e-20j, F_py: -2.6438087312130724e-14j
Free_energy = -13265.063382305116
------------------------------------------
[{'stable': {}, 'free': np.float64(-13265.063382305116)}]
------------------------------------------
  Seed: s-wave
F_onsite: (2.7434656278429596e-19+0j)
F_swave: (-2.0752211862102823e-19+0j), F_dwave: (-1.058827143437517e-20+0j)
F_px: -2.6437936467316513e-14j, F_py: -3.6808073396065137e-19j
Free_energy = -13265.063382305116
------------------------------------------
[{'stable': {}, 'free': np.float64(-13265.063382305116)}]
------------------------------------------
====================================
mu=2.01, T=0.0340
====================================
  Seed: normal state
F_onsite: 0j
F_swave: 0j, F_dwave: 0j
F_px: 0j, F_py: 0j
Free_energy = -13265.448895873958
------------------------------------------
[{'stable': {}, 'free': np.float64(-13265.448895873958)}]
------------------------------------------
  Seed: px
F_onsite: 2.948509872926944e-19j
F_swave: -2.0798147838149377e-19j, F_dwave: 1.828263369166227e-20j
F_px: (1.6508685313348818e-14+0j), F_py: (-6.672425550416845e-20+0j)
Free_energy = -13265.448895873958
------------------------------------------
[{'stable': {}, 'free': np.float64(-13265.448895873958)}]
------------------------------------------
  Seed: py
F_onsite: 3.4464342441701947e-19j
F_swave: -2.0510317091964133e-19j, F_dwave: 1.167600151910856e-20j
F_px: (-1.4653320433806158e-19+0j), F_py: (1.6508238593150234e-14+0j)
Free_energy = -13265.448895873958
------------------------------------------
[{'stable': {}, 'free': np.float64(-13265.448895873958)}]
------------------------------------------
  Seed: px+py
F_onsite: -1.632904736976576e-19j
F_swave: 8.965617158041663e-20j, F_dwave: 8.640670021520509e-21j
F_px: (1.641468931397405e-14+0j), F_py: (1.6414532970892895e-14+0j)
Free_energy = -13265.448895873958
------------------------------------------
[{'stable': {}, 'free': np.float64(-13265.448895873958)}]
------------------------------------------
  Seed: px+i*py
F_onsite: (1.8299493615647662e-19-1.274434055675866e-19j)
F_swave: (-1.0272626787102624e-19+7.39100037629703e-20j), F_dwave: (-7.149592526880798e-21-6.47923458358419e-20j)
F_px: (1.634602784020297e-14-5.962545955150468e-20j), F_py: (-5.941173897366527e-20+1.6346007152077395e-14j)
Free_energy = -13265.448895873958
------------------------------------------
[{'stable': {}, 'free': np.float64(-13265.448895873958)}]
------------------------------------------
  Seed: d-wave
F_onsite: (3.9729343228398354e-19+0j)
F_swave: (-2.837790482902542e-19+0j), F_dwave: (-8.226471185795836e-22+0j)
F_px: -5.344371661301543e-20j, F_py: -1.695314438429237e-14j
Free_energy = -13265.448895873958
------------------------------------------
[{'stable': {}, 'free': np.float64(-13265.448895873958)}]
------------------------------------------
  Seed: s-wave
F_onsite: (-3.3074723883660284e-20+0j)
F_swave: (3.457029810378941e-20+0j), F_dwave: (1.9753406565356708e-20+0j)
F_px: -1.6952912469538258e-14j, F_py: -6.913172485103731e-20j
Free_energy = -13265.448895873958
------------------------------------------
[{'stable': {}, 'free': np.float64(-13265.448895873958)}]
------------------------------------------
====================================
mu=2.01, T=0.0370
====================================
  Seed: normal state
F_onsite: 0j
F_swave: 0j, F_dwave: 0j
F_px: 0j, F_py: 0j
Free_energy = -13265.872349839661
------------------------------------------
[{'stable': {}, 'free': np.float64(-13265.872349839661)}]
------------------------------------------
  Seed: px
F_onsite: 1.5945447685122992e-19j
F_swave: -1.4367512062721021e-19j, F_dwave: -1.3248905199490087e-20j
F_px: (1.2300729420121006e-14+0j), F_py: (-7.497201018533094e-20+0j)
Free_energy = -13265.872349839661
------------------------------------------
[{'stable': {}, 'free': np.float64(-13265.872349839661)}]
------------------------------------------
  Seed: py
F_onsite: -1.0470192419629513e-19j
F_swave: 9.139645767255189e-20j, F_dwave: -2.2170330014175192e-20j
F_px: (2.4117694510390274e-20+0j), F_py: (1.2300183603725724e-14+0j)
Free_energy = -13265.872349839661
------------------------------------------
[{'stable': {}, 'free': np.float64(-13265.872349839661)}]
------------------------------------------
  Seed: px+py
F_onsite: -1.864512383354995e-19j
F_swave: 1.4723605409024113e-19j, F_dwave: 2.600891326068504e-20j
F_px: (1.2231344636544925e-14+0j), F_py: (1.22312470193197e-14+0j)
Free_energy = -13265.872349839661
------------------------------------------
[{'stable': {}, 'free': np.float64(-13265.872349839661)}]
------------------------------------------
  Seed: px+i*py
F_onsite: (3.873750294668283e-19+2.6092249644903228e-20j)
F_swave: (-2.606945085448069e-19-2.4183086043568085e-20j), F_dwave: (-6.838404448304995e-20-4.0718465536329055e-20j)
F_px: (1.2181700773933702e-14-7.268831241419663e-21j), F_py: (6.569250012721923e-20+1.2181590812423343e-14j)
Free_energy = -13265.872349839661
------------------------------------------
[{'stable': {}, 'free': np.float64(-13265.872349839661)}]
------------------------------------------
  Seed: d-wave
F_onsite: (2.741994846188025e-19+0j)
F_swave: (-1.6798728730908282e-19+0j), F_dwave: (-3.970362998863161e-20+0j)
F_px: -6.397826626220231e-20j, F_py: -1.2631634408295901e-14j
Free_energy = -13265.872349839661
------------------------------------------
[{'stable': {}, 'free': np.float64(-13265.872349839661)}]
------------------------------------------
  Seed: s-wave
F_onsite: (2.081391508630671e-19+0j)
F_swave: (-1.5304284267116035e-19+0j), F_dwave: (4.702476775449298e-21+0j)
F_px: -1.2631742622969797e-14j, F_py: -2.1688831762107777e-19j
Free_energy = -13265.872349839661
------------------------------------------
[{'stable': {}, 'free': np.float64(-13265.872349839661)}]
------------------------------------------
====================================
mu=2.01, T=0.0400
====================================
  Seed: normal state
F_onsite: 0j
F_swave: 0j, F_dwave: 0j
F_px: 0j, F_py: 0j
Free_energy = -13266.333482086475
------------------------------------------
[{'stable': {}, 'free': np.float64(-13266.333482086475)}]
------------------------------------------
  Seed: px
F_onsite: 6.924569429067783e-19j
F_swave: -5.029311718162864e-19j, F_dwave: -2.4348019787106808e-20j
F_px: (1.0263497876766103e-14+0j), F_py: (-3.140842938998626e-20+0j)
Free_energy = -13266.333482086475
------------------------------------------
[{'stable': {}, 'free': np.float64(-13266.333482086475)}]
------------------------------------------
  Seed: py
F_onsite: 5.680740214321454e-21j
F_swave: -3.2029379078910116e-20j, F_dwave: -1.948182979653914e-20j
F_px: (-1.8255804128637484e-20+0j), F_py: (1.0263191509016082e-14+0j)
Free_energy = -13266.333482086475
------------------------------------------
[{'stable': {}, 'free': np.float64(-13266.333482086475)}]
------------------------------------------
  Seed: px+py
F_onsite: -1.0142033318493264e-19j
F_swave: 9.265282731954305e-20j, F_dwave: 2.6730801407410425e-20j
F_px: (1.0205936162522766e-14+0j), F_py: (1.0205724039969293e-14+0j)
Free_energy = -13266.333482086475
------------------------------------------
[{'stable': {}, 'free': np.float64(-13266.333482086475)}]
------------------------------------------
  Seed: px+i*py
F_onsite: (6.939972636602856e-20-1.8673737194588036e-19j)
F_swave: (-4.096666421382632e-20+1.4193594902539078e-19j), F_dwave: (1.0114053259389403e-20-7.882897328649465e-20j)
F_px: (1.0165631524834247e-14-4.603757691898765e-20j), F_py: (1.712282554478161e-19+1.0165386572980793e-14j)
Free_energy = -13266.333482086477
------------------------------------------
[{'stable': {}, 'free': np.float64(-13266.333482086475)}]
------------------------------------------
  Seed: d-wave
F_onsite: (1.937032138489182e-19+0j)
F_swave: (-1.2339405238518832e-19+0j), F_dwave: (-3.823008806191542e-20+0j)
F_px: -4.5966126614852744e-20j, F_py: -1.0539768258044404e-14j
Free_energy = -13266.333482086475
------------------------------------------
[{'stable': {}, 'free': np.float64(-13266.333482086475)}]
------------------------------------------
  Seed: s-wave
F_onsite: (4.909398787891004e-20+0j)
F_swave: (-3.340380170710497e-20+0j), F_dwave: (1.5899148542233327e-20+0j)
F_px: -1.0539532207198186e-14j, F_py: -3.2931038155063667e-19j
Free_energy = -13266.333482086475
------------------------------------------
[{'stable': {}, 'free': np.float64(-13266.333482086475)}]
------------------------------------------
====================================
mu=2.01, T=0.0430
====================================
  Seed: normal state
F_onsite: 0j
F_swave: 0j, F_dwave: 0j
F_px: 0j, F_py: 0j
Free_energy = -13266.832050627936
------------------------------------------
[{'stable': {}, 'free': np.float64(-13266.832050627936)}]
------------------------------------------
  Seed: px
F_onsite: 7.904641416469164e-19j
F_swave: -5.35352706720792e-19j, F_dwave: -1.5285343847864597e-20j
F_px: (8.292881258363146e-15+0j), F_py: (5.722589519962934e-20+0j)
Free_energy = -13266.832050627936
------------------------------------------
[{'stable': {}, 'free': np.float64(-13266.832050627936)}]
------------------------------------------
  Seed: py
F_onsite: 2.245940366550502e-19j
F_swave: -1.8771801021845407e-19j, F_dwave: 3.47982524572551e-21j
F_px: (-7.602362721804919e-20+0j), F_py: (8.29242570228841e-15+0j)
Free_energy = -13266.832050627936
------------------------------------------
[{'stable': {}, 'free': np.float64(-13266.832050627936)}]
------------------------------------------
  Seed: px+py
F_onsite: 2.1461800906633685e-20j
F_swave: -1.2530284543241168e-20j, F_dwave: -1.4994163130811397e-20j
F_px: (8.246986967715646e-15+0j), F_py: (8.246799094352359e-15+0j)
Free_energy = -13266.832050627936
------------------------------------------
[{'stable': {}, 'free': np.float64(-13266.832050627936)}]
------------------------------------------
  Seed: px+i*py
F_onsite: (1.2056506965373672e-19-3.581752241826392e-20j)
F_swave: (-9.956969319303234e-20+4.182092824509785e-20j), F_dwave: (3.248306819676286e-21-1.4164169434990462e-20j)
F_px: (8.215073220974526e-15+1.144199398821716e-20j), F_py: (6.864115820314042e-20+8.214883201752518e-15j)
Free_energy = -13266.832050627936
------------------------------------------
[{'stable': {}, 'free': np.float64(-13266.832050627936)}]
------------------------------------------
  Seed: d-wave
F_onsite: (2.716713706971964e-19+0j)
F_swave: (-2.1425393008895247e-19+0j), F_dwave: (1.4327807538016655e-20+0j)
F_px: 2.0938869889390153e-20j, F_py: -8.516144027121725e-15j
Free_energy = -13266.832050627936
------------------------------------------
[{'stable': {}, 'free': np.float64(-13266.832050627936)}]
------------------------------------------
  Seed: s-wave
F_onsite: (-4.292748458019151e-21+0j)
F_swave: (-1.1620778787462082e-20+0j), F_dwave: (5.787418786086682e-20+0j)
F_px: -8.515860220359334e-15j, F_py: -1.0491899544922118e-19j
Free_energy = -13266.832050627936
------------------------------------------
[{'stable': {}, 'free': np.float64(-13266.832050627936)}]
------------------------------------------
====================================
mu=2.01, T=0.0460
====================================
  Seed: normal state
F_onsite: 0j
F_swave: 0j, F_dwave: 0j
F_px: 0j, F_py: 0j
Free_energy = -13267.367844890849
------------------------------------------
[{'stable': {}, 'free': np.float64(-13267.367844890849)}]
------------------------------------------
  Seed: px
F_onsite: 5.215611735037042e-19j
F_swave: -3.5560067475728767e-19j, F_dwave: 5.648997824272875e-20j
F_px: (7.341540648513375e-15+0j), F_py: (-1.5734921356970748e-20+0j)
Free_energy = -13267.367844890849
------------------------------------------
[{'stable': {}, 'free': np.float64(-13267.367844890849)}]
------------------------------------------
  Seed: py
F_onsite: 1.1603002751728218e-19j
F_swave: -7.561869265298937e-20j, F_dwave: -2.910235787319419e-21j
F_px: (-1.320752656951133e-19+0j), F_py: (7.340883568299431e-15+0j)
Free_energy = -13267.367844890849
------------------------------------------
[{'stable': {}, 'free': np.float64(-13267.367844890849)}]
------------------------------------------
  Seed: px+py
F_onsite: 2.94860261682159e-20j
F_swave: -4.563501406743913e-20j, F_dwave: 1.3763683112006123e-20j
F_px: (7.300996413955699e-15+0j), F_py: (7.300906755428911e-15+0j)
Free_energy = -13267.367844890849
------------------------------------------
[{'stable': {}, 'free': np.float64(-13267.367844890849)}]
------------------------------------------
  Seed: px+i*py
F_onsite: (1.5866440290097992e-19-9.362873397649998e-20j)
F_swave: (-1.370067931376224e-19+7.15918526624455e-20j), F_dwave: (5.2130618087787086e-20-3.0162093319023494e-22j)
F_px: (7.2734881872699e-15-1.068115247099973e-20j), F_py: (-2.2394666125292198e-20+7.273157313841315e-15j)
Free_energy = -13267.367844890849
------------------------------------------
[{'stable': {}, 'free': np.float64(-13267.367844890849)}]
------------------------------------------
  Seed: d-wave
F_onsite: (1.8167162824185947e-19+0j)
F_swave: (-9.203934540203042e-20+0j), F_dwave: (-3.951919116877103e-20+0j)
F_px: 1.352950132425355e-19j, F_py: -7.539107008927433e-15j
Free_energy = -13267.367844890849
------------------------------------------
[{'stable': {}, 'free': np.float64(-13267.367844890849)}]
------------------------------------------
  Seed: s-wave
F_onsite: (5.923096860381114e-20+0j)
F_swave: (-5.849542898672469e-20+0j), F_dwave: (6.2902983260504e-21+0j)
F_px: -7.538986490455092e-15j, F_py: -7.622753559229164e-20j
Free_energy = -13267.367844890849
------------------------------------------
[{'stable': {}, 'free': np.float64(-13267.367844890849)}]
------------------------------------------
====================================
mu=2.01, T=0.0490
====================================
  Seed: normal state
F_onsite: 0j
F_swave: 0j, F_dwave: 0j
F_px: 0j, F_py: 0j
Free_energy = -13267.94068889166
------------------------------------------
[{'stable': {}, 'free': np.float64(-13267.94068889166)}]
------------------------------------------
  Seed: px
F_onsite: 2.1886476648664607e-19j
F_swave: -1.506409213130891e-19j, F_dwave: 3.286272271976782e-20j
F_px: (6.4057400357359605e-15+0j), F_py: (-7.171316806090871e-20+0j)
Free_energy = -13267.94068889166
------------------------------------------
[{'stable': {}, 'free': np.float64(-13267.94068889166)}]
------------------------------------------
  Seed: py
F_onsite: 8.571008057766453e-20j
F_swave: -6.725038841140746e-20j, F_dwave: 1.713476305174614e-20j
F_px: (-1.0836456727812234e-19+0j), F_py: (6.4051930304886714e-15+0j)
Free_energy = -13267.94068889166
------------------------------------------
[{'stable': {}, 'free': np.float64(-13267.94068889166)}]
------------------------------------------
  Seed: px+py
F_onsite: 2.949606146599991e-20j
F_swave: -6.403673097191083e-21j, F_dwave: -1.684098414639657e-20j
F_px: (6.3704425043683344e-15+0j), F_py: (6.370613305339678e-15+0j)
Free_energy = -13267.94068889166
------------------------------------------
[{'stable': {}, 'free': np.float64(-13267.94068889166)}]
------------------------------------------
  Seed: px+i*py
F_onsite: (1.7176539600294693e-19-3.0236148495808145e-20j)
F_swave: (-1.142209137052185e-19+2.9920932828155616e-20j), F_dwave: (1.6947865957834915e-20+3.043279251361088e-20j)
F_px: (6.346970596438237e-15-4.2776306440510217e-20j), F_py: (-2.4420456533327795e-20+6.346669720579374e-15j)
Free_energy = -13267.94068889166
------------------------------------------
[{'stable': {}, 'free': np.float64(-13267.94068889166)}]
------------------------------------------
  Seed: d-wave
F_onsite: (1.8213880049670393e-20+0j)
F_swave: (3.917661835793644e-21+0j), F_dwave: (-1.7991166124391234e-20+0j)
F_px: 1.0676078158880624e-19j, F_py: -6.5780523165494625e-15j
Free_energy = -13267.94068889166
------------------------------------------
[{'stable': {}, 'free': np.float64(-13267.94068889166)}]
------------------------------------------
  Seed: s-wave
F_onsite: (1.1546224750715387e-19+0j)
F_swave: (-4.0618078176405643e-20+0j), F_dwave: (-4.510734748445292e-21+0j)
F_px: -6.577891607260102e-15j, F_py: -6.020013303112487e-20j
Free_energy = -13267.94068889166
------------------------------------------
[{'stable': {}, 'free': np.float64(-13267.94068889166)}]
------------------------------------------
====================================
mu=2.01, T=0.0520
====================================
  Seed: normal state
F_onsite: 0j
F_swave: 0j, F_dwave: 0j
F_px: 0j, F_py: 0j
Free_energy = -13268.550439987504
------------------------------------------
[{'stable': {}, 'free': np.float64(-13268.550439987504)}]
------------------------------------------
  Seed: px
F_onsite: 4.165332402046961e-20j
F_swave: -2.1333481767295372e-20j, F_dwave: 1.9376101702245263e-20j
F_px: (5.512170541370507e-15+0j), F_py: (-7.044475158404713e-20+0j)
Free_energy = -13268.550439987504
------------------------------------------
[{'stable': {}, 'free': np.float64(-13268.550439987504)}]
------------------------------------------
  Seed: py
F_onsite: 7.762497380101049e-20j
F_swave: -2.6345401319094827e-20j, F_dwave: 3.9888314133823886e-20j
F_px: (-9.314199850650849e-20+0j), F_py: (5.511695670389792e-15+0j)
Free_energy = -13268.550439987504
------------------------------------------
[{'stable': {}, 'free': np.float64(-13268.550439987504)}]
------------------------------------------
  Seed: px+py
F_onsite: -9.937065725934854e-20j
F_swave: 7.832965133103403e-20j, F_dwave: 1.4661913133809168e-20j
F_px: (5.482059227166535e-15+0j), F_py: (5.482163703943339e-15+0j)
Free_energy = -13268.550439987504
------------------------------------------
[{'stable': {}, 'free': np.float64(-13268.550439987504)}]
------------------------------------------
  Seed: px+i*py
F_onsite: (2.3024767918599656e-19+5.0455360304229057e-20j)
F_swave: (-1.4640501430142468e-19-4.265819757649635e-20j), F_dwave: (-6.454738638078447e-21+5.2094521066459874e-20j)
F_px: (5.462112265378084e-15-1.1119357809009708e-20j), F_py: (-4.1575557499786674e-20+5.461878921695035e-15j)
Free_energy = -13268.550439987503
------------------------------------------
[{'stable': {}, 'free': np.float64(-13268.550439987504)}]
------------------------------------------
  Seed: d-wave
F_onsite: (-5.881763748264949e-20+0j)
F_swave: (2.411977160231787e-20+0j), F_dwave: (-1.1862563600184197e-20+0j)
F_px: 2.330419250464644e-19j, F_py: -5.660358551745868e-15j
Free_energy = -13268.550439987504
------------------------------------------
[{'stable': {}, 'free': np.float64(-13268.550439987504)}]
------------------------------------------
  Seed: s-wave
F_onsite: (4.572098222541168e-20+0j)
F_swave: (-2.574108727250561e-20+0j), F_dwave: (1.2446891585448985e-20+0j)
F_px: -5.660311599240865e-15j, F_py: -3.615486716626228e-20j
Free_energy = -13268.550439987504
------------------------------------------
[{'stable': {}, 'free': np.float64(-13268.550439987504)}]
------------------------------------------
====================================
mu=2.01, T=0.0550
====================================
  Seed: normal state
F_onsite: 0j
F_swave: 0j, F_dwave: 0j
F_px: 0j, F_py: 0j
Free_energy = -13269.196985473642
------------------------------------------
[{'stable': {}, 'free': np.float64(-13269.196985473642)}]
------------------------------------------
  Seed: px
F_onsite: -1.2547716994754152e-19j
F_swave: 1.1479908280396755e-19j, F_dwave: -8.667559269987508e-21j
F_px: (4.680356274530279e-15+0j), F_py: (-2.06347330863043e-19+0j)
Free_energy = -13269.19698547364
------------------------------------------
[{'stable': {}, 'free': np.float64(-13269.196985473642)}]
------------------------------------------
  Seed: py
F_onsite: 7.07533101863108e-20j
F_swave: -5.596385858547661e-20j, F_dwave: 6.048480258878511e-21j
F_px: (-6.024267030371854e-20+0j), F_py: (4.6801730905054704e-15+0j)
Free_energy = -13269.196985473642
------------------------------------------
[{'stable': {}, 'free': np.float64(-13269.196985473642)}]
------------------------------------------
  Seed: px+py
F_onsite: -4.969808464295455e-20j
F_swave: 3.1082876924514017e-20j, F_dwave: -1.6682002808591367e-21j
F_px: (4.655105217683301e-15+0j), F_py: (4.65523664507217e-15+0j)
Free_energy = -13269.196985473642
------------------------------------------
[{'stable': {}, 'free': np.float64(-13269.196985473642)}]
------------------------------------------
  Seed: px+i*py
F_onsite: (3.9333440114557446e-19+6.873286964841974e-20j)
F_swave: (-2.902848454987208e-19-7.789829509367275e-20j), F_dwave: (-2.8738123530512954e-20+8.074785268635613e-22j)
F_px: (4.638574912696488e-15-9.289342429410695e-21j), F_py: (-7.435141988876207e-20+4.6385733406076826e-15j)
Free_energy = -13269.196985473642
------------------------------------------
[{'stable': {}, 'free': np.float64(-13269.196985473642)}]
------------------------------------------
  Seed: d-wave
F_onsite: (-3.2082721185592125e-20+0j)
F_swave: (7.267116343887383e-21+0j), F_dwave: (-2.303842405190729e-20+0j)
F_px: 3.0548007407498884e-19j, F_py: -4.806428552873884e-15j
Free_energy = -13269.19698547364
------------------------------------------
[{'stable': {}, 'free': np.float64(-13269.196985473642)}]
------------------------------------------
  Seed: s-wave
F_onsite: (1.0074787958083954e-19+0j)
F_swave: (-9.314041693137787e-20+0j), F_dwave: (1.4917466984640331e-21+0j)
F_px: -4.8063079949485436e-15j, F_py: -1.7016794655988933e-20j
Free_energy = -13269.19698547364
------------------------------------------
[{'stable': {}, 'free': np.float64(-13269.196985473642)}]
------------------------------------------
====================================
mu=2.01, T=0.0580
====================================
  Seed: normal state
F_onsite: 0j
F_swave: 0j, F_dwave: 0j
F_px: 0j, F_py: 0j
Free_energy = -13269.88023837174
------------------------------------------
[{'stable': {}, 'free': np.float64(-13269.88023837174)}]
------------------------------------------
  Seed: px
F_onsite: -1.3198383947163464e-19j
F_swave: 5.622855740312846e-20j, F_dwave: 3.2974282337328024e-21j
F_px: (3.923446394583737e-15+0j), F_py: (-2.421136351959956e-19+0j)
Free_energy = -13269.88023837174
------------------------------------------
[{'stable': {}, 'free': np.float64(-13269.88023837174)}]
------------------------------------------
  Seed: py
F_onsite: -1.2112802319603832e-19j
F_swave: 8.848453693686128e-20j, F_dwave: 3.4901022551556394e-20j
F_px: (5.579566694785787e-21+0j), F_py: (3.923304782130697e-15+0j)
Free_energy = -13269.88023837174
------------------------------------------
[{'stable': {}, 'free': np.float64(-13269.88023837174)}]
------------------------------------------
  Seed: px+py
F_onsite: -3.702677617029536e-20j
F_swave: 2.950105881218634e-20j, F_dwave: -1.6362915647748264e-20j
F_px: (3.902803990687064e-15+0j), F_py: (3.902746956232223e-15+0j)
Free_energy = -13269.88023837174
------------------------------------------
[{'stable': {}, 'free': np.float64(-13269.88023837174)}]
------------------------------------------
  Seed: px+i*py
F_onsite: (5.140963009634618e-19+2.6370681177910684e-19j)
F_swave: (-3.4371582618540433e-19-2.253184933782824e-19j), F_dwave: (-5.799556178089932e-20+8.480012684145467e-21j)
F_px: (3.8893223909607216e-15+6.673469699036504e-20j), F_py: (-6.078253629933007e-20+3.889322398133787e-15j)
Free_energy = -13269.88023837174
------------------------------------------
[{'stable': {}, 'free': np.float64(-13269.88023837174)}]
------------------------------------------
  Seed: d-wave
F_onsite: (-8.883566883531642e-21+0j)
F_swave: (-1.714919492226356e-20+0j), F_dwave: (-3.055428284271727e-20+0j)
F_px: 1.8067221266836714e-19j, F_py: -4.029327461929354e-15j
Free_energy = -13269.88023837174
------------------------------------------
[{'stable': {}, 'free': np.float64(-13269.88023837174)}]
------------------------------------------
  Seed: s-wave
F_onsite: (3.201192692914222e-19+0j)
F_swave: (-2.3662766723369536e-19+0j), F_dwave: (3.5956672099331135e-20+0j)
F_px: -4.029226697439032e-15j, F_py: -1.6049726819813133e-19j
Free_energy = -13269.88023837174
------------------------------------------
[{'stable': {}, 'free': np.float64(-13269.88023837174)}]
------------------------------------------
====================================
mu=2.01, T=0.0610
====================================
  Seed: normal state
F_onsite: 0j
F_swave: 0j, F_dwave: 0j
F_px: 0j, F_py: 0j
Free_energy = -13270.600133167469
------------------------------------------
[{'stable': {}, 'free': np.float64(-13270.600133167469)}]
------------------------------------------
  Seed: px
F_onsite: -2.408655528252002e-19j
F_swave: 1.5696883825258116e-19j, F_dwave: -3.085603257644322e-20j
F_px: (3.2489563142720712e-15+0j), F_py: (-1.3083289201049918e-19+0j)
Free_energy = -13270.600133167469
------------------------------------------
[{'stable': {}, 'free': np.float64(-13270.600133167469)}]
------------------------------------------
  Seed: py
F_onsite: -1.5769021240435653e-19j
F_swave: 1.0611368767036819e-19j, F_dwave: 4.885368281882497e-20j
F_px: (-2.0881235550354492e-20+0j), F_py: (3.2487395898621096e-15+0j)
Free_energy = -13270.600133167469
------------------------------------------
[{'stable': {}, 'free': np.float64(-13270.600133167469)}]
------------------------------------------
  Seed: px+py
F_onsite: 5.5088864705048554e-21j
F_swave: 6.022050041809164e-21j, F_dwave: 9.557295873783452e-21j
F_px: (3.232092973984715e-15+0j), F_py: (3.2320804895195993e-15+0j)
Free_energy = -13270.600133167469
------------------------------------------
[{'stable': {}, 'free': np.float64(-13270.600133167469)}]
------------------------------------------
  Seed: px+i*py
F_onsite: (4.377345788467669e-19+1.4937866764428385e-19j)
F_swave: (-3.0142332574904165e-19-9.058282838934588e-20j), F_dwave: (-4.254181142183734e-20+7.53479351006132e-21j)
F_px: (3.221389753518214e-15+9.633059138869234e-20j), F_py: (-4.1622513265016935e-20+3.2214500516932334e-15j)
Free_energy = -13270.600133167469
------------------------------------------
[{'stable': {}, 'free': np.float64(-13270.600133167469)}]
------------------------------------------
  Seed: d-wave
F_onsite: (-5.935818240022699e-20+0j)
F_swave: (5.3537463584040295e-20+0j), F_dwave: (-4.611080470320721e-20+0j)
F_px: 7.998111642052019e-20j, F_py: -3.336721709146263e-15j
Free_energy = -13270.600133167469
------------------------------------------
[{'stable': {}, 'free': np.float64(-13270.600133167469)}]
------------------------------------------
  Seed: s-wave
F_onsite: (2.456351323709327e-19+0j)
F_swave: (-1.5948915800347693e-19+0j), F_dwave: (2.72279187413234e-20+0j)
F_px: -3.336528373674702e-15j, F_py: -1.1178566808394983e-19j
Free_energy = -13270.600133167469
------------------------------------------
[{'stable': {}, 'free': np.float64(-13270.600133167469)}]
------------------------------------------
====================================
mu=2.01, T=0.0640
====================================
  Seed: normal state
F_onsite: 0j
F_swave: 0j, F_dwave: 0j
F_px: 0j, F_py: 0j
Free_energy = -13271.356621883166
------------------------------------------
[{'stable': {}, 'free': np.float64(-13271.356621883166)}]
------------------------------------------
  Seed: px
F_onsite: -2.400974496886215e-19j
F_swave: 1.8033817388860226e-19j, F_dwave: -6.277757327929352e-20j
F_px: (2.658731191943731e-15+0j), F_py: (-2.204435782148679e-19+0j)
Free_energy = -13271.356621883166
------------------------------------------
[{'stable': {}, 'free': np.float64(-13271.356621883166)}]
------------------------------------------
  Seed: py
F_onsite: -1.0935113362182753e-19j
F_swave: 8.256989706743881e-20j, F_dwave: 5.700820412201383e-20j
F_px: (-3.393964475139606e-21+0j), F_py: (2.658458947446977e-15+0j)
Free_energy = -13271.356621883166
------------------------------------------
[{'stable': {}, 'free': np.float64(-13271.356621883166)}]
------------------------------------------
  Seed: px+py
F_onsite: -8.847310251259353e-20j
F_swave: 5.72765870115734e-20j, F_dwave: 2.526850082844996e-20j
F_px: (2.644977808018948e-15+0j), F_py: (2.6449247690873967e-15+0j)
Free_energy = -13271.356621883166
------------------------------------------
[{'stable': {}, 'free': np.float64(-13271.356621883166)}]
------------------------------------------
  Seed: px+i*py
F_onsite: (2.3691135536425814e-19+7.591411817385555e-20j)
F_swave: (-1.2358464741963349e-19-6.264626200691837e-20j), F_dwave: (-3.314382537896727e-20-2.2373196888613297e-20j)
F_px: (2.6366986994930534e-15+3.978875389154683e-20j), F_py: (-1.0721796071645415e-19+2.6368099140188325e-15j)
Free_energy = -13271.356621883166
------------------------------------------
[{'stable': {}, 'free': np.float64(-13271.356621883166)}]
------------------------------------------
  Seed: d-wave
F_onsite: (8.173502943617491e-21+0j)
F_swave: (2.2624647351584306e-20+0j), F_dwave: (-1.8947437280610726e-20+0j)
F_px: 1.50259702571763e-19j, F_py: -2.7304252855983882e-15j
Free_energy = -13271.356621883166
------------------------------------------
[{'stable': {}, 'free': np.float64(-13271.356621883166)}]
------------------------------------------
  Seed: s-wave
F_onsite: (3.197072425000372e-19+0j)
F_swave: (-2.39831262418313e-19+0j), F_dwave: (4.8114287394106035e-20+0j)
F_px: -2.730277856652954e-15j, F_py: -8.115236219728049e-20j
Free_energy = -13271.356621883166
------------------------------------------
[{'stable': {}, 'free': np.float64(-13271.356621883166)}]
------------------------------------------
====================================
mu=2.01, T=0.0670
====================================
  Seed: normal state
F_onsite: 0j
F_swave: 0j, F_dwave: 0j
F_px: 0j, F_py: 0j
Free_energy = -13272.149670656767
------------------------------------------
[{'stable': {}, 'free': np.float64(-13272.149670656767)}]
------------------------------------------
  Seed: px
F_onsite: -3.504199332104009e-20j
F_swave: 4.137299988044642e-21j, F_dwave: -4.7383122368201313e-20j
F_px: (2.1506963710375176e-15+0j), F_py: (-1.3789643079521926e-19+0j)
Free_energy = -13272.149670656767
------------------------------------------
[{'stable': {}, 'free': np.float64(-13272.149670656767)}]
------------------------------------------
  Seed: py
F_onsite: -2.291382934636527e-19j
F_swave: 1.7033649227148134e-19j, F_dwave: -2.420941125434506e-20j
F_px: (-6.815454196165888e-20+0j), F_py: (2.150484627068655e-15+0j)
Free_energy = -13272.149670656767
------------------------------------------
[{'stable': {}, 'free': np.float64(-13272.149670656767)}]
------------------------------------------
  Seed: px+py
F_onsite: -2.0806397573561772e-19j
F_swave: 1.5436747469451113e-19j, F_dwave: 1.0902204093087846e-20j
F_px: (2.13976458832185e-15+0j), F_py: (2.1396622434070935e-15+0j)
Free_energy = -13272.149670656767
------------------------------------------
[{'stable': {}, 'free': np.float64(-13272.149670656767)}]
------------------------------------------
  Seed: px+i*py
F_onsite: (2.7509236106402807e-19+9.288507271966982e-21j)
F_swave: (-2.1732544684457256e-19+3.500084381552912e-21j), F_dwave: (-2.9249911448930613e-20-1.188243137258254e-20j)
F_px: (2.1334611423057824e-15+9.884691985382395e-20j), F_py: (-8.34500004651494e-20+2.1335296292348e-15j)
Free_energy = -13272.149670656767
------------------------------------------
[{'stable': {}, 'free': np.float64(-13272.149670656767)}]
------------------------------------------
  Seed: d-wave
F_onsite: (-1.1138608628305447e-19+0j)
F_swave: (5.762500893813204e-20+0j), F_dwave: (8.135562524852512e-21+0j)
F_px: 9.13887070323066e-20j, F_py: -2.2087946800797078e-15j
Free_energy = -13272.149670656767
------------------------------------------
[{'stable': {}, 'free': np.float64(-13272.149670656767)}]
------------------------------------------
  Seed: s-wave
F_onsite: (2.0517785186424894e-19+0j)
F_swave: (-1.4127845875565887e-19+0j), F_dwave: (1.6636421599967702e-20+0j)
F_px: -2.2087106502305768e-15j, F_py: -1.2281382819767643e-19j
Free_energy = -13272.149670656767
------------------------------------------
[{'stable': {}, 'free': np.float64(-13272.149670656767)}]
------------------------------------------
====================================
mu=2.01, T=0.0700
====================================
  Seed: normal state
F_onsite: 0j
F_swave: 0j, F_dwave: 0j
F_px: 0j, F_py: 0j
Free_energy = -13272.979256867939
------------------------------------------
[{'stable': {}, 'free': np.float64(-13272.979256867939)}]
------------------------------------------
  Seed: px
F_onsite: -1.3611814460406298e-19j
F_swave: 1.0247232935099018e-19j, F_dwave: -4.536294630194563e-20j
F_px: (1.7203245906306646e-15+0j), F_py: (-7.693461087565903e-20+0j)
Free_energy = -13272.979256867939
------------------------------------------
[{'stable': {}, 'free': np.float64(-13272.979256867939)}]
------------------------------------------
  Seed: py
F_onsite: -7.090591912466235e-20j
F_swave: 4.4021561451796845e-20j, F_dwave: -5.984130473692522e-20j
F_px: (-1.3017155321714592e-19+0j), F_py: (1.7202563778843144e-15+0j)
Free_energy = -13272.979256867939
------------------------------------------
[{'stable': {}, 'free': np.float64(-13272.979256867939)}]
------------------------------------------
  Seed: px+py
F_onsite: -1.3368331981508403e-19j
F_swave: 8.062617677787791e-20j, F_dwave: 5.885533454190547e-20j
F_px: (1.7118050269305178e-15+0j), F_py: (1.711789644405674e-15+0j)
Free_energy = -13272.979256867939
------------------------------------------
[{'stable': {}, 'free': np.float64(-13272.979256867939)}]
------------------------------------------
  Seed: px+i*py
F_onsite: (3.981137987023637e-19-1.2890512777732136e-19j)
F_swave: (-2.815529114647193e-19+1.0009998763941084e-19j), F_dwave: (-1.3605272845796713e-20-9.50202143133436e-21j)
F_px: (1.707463825021322e-15+6.81336346335083e-20j), F_py: (-1.2859516399462127e-19+1.7074465476152141e-15j)
Free_energy = -13272.979256867939
------------------------------------------
[{'stable': {}, 'free': np.float64(-13272.979256867939)}]
------------------------------------------
  Seed: d-wave
F_onsite: (-1.4149136576490156e-19+0j)
F_swave: (8.19766541539741e-20+0j), F_dwave: (-3.975372289369002e-20+0j)
F_px: 2.6532997357560112e-20j, F_py: -1.767122624477004e-15j
Free_energy = -13272.979256867939
------------------------------------------
[{'stable': {}, 'free': np.float64(-13272.979256867939)}]
------------------------------------------
  Seed: s-wave
F_onsite: (1.435850568868397e-19+0j)
F_swave: (-1.0450079050156617e-19+0j), F_dwave: (4.669742874212244e-20+0j)
F_px: -1.7667161744373425e-15j, F_py: -3.1242624587832103e-20j
Free_energy = -13272.979256867939
------------------------------------------
[{'stable': {}, 'free': np.float64(-13272.979256867939)}]
------------------------------------------
====================================
mu=2.01, T=0.0730
====================================
  Seed: normal state
F_onsite: 0j
F_swave: 0j, F_dwave: 0j
F_px: 0j, F_py: 0j
Free_energy = -13273.84536678612
------------------------------------------
[{'stable': {}, 'free': np.float64(-13273.84536678612)}]
------------------------------------------
  Seed: px
F_onsite: -1.3226441859513057e-19j
F_swave: 8.824134203244836e-20j, F_dwave: -3.8425050168441534e-20j
F_px: (1.361155848519793e-15+0j), F_py: (-7.885011349430513e-20+0j)
Free_energy = -13273.84536678612
------------------------------------------
[{'stable': {}, 'free': np.float64(-13273.84536678612)}]
------------------------------------------
  Seed: py
F_onsite: -1.770838828991212e-20j
F_swave: 1.3246286652979122e-20j, F_dwave: 3.3348621771435364e-21j
F_px: (-2.119875275158045e-19+0j), F_py: (1.3611745856700487e-15+0j)
Free_energy = -13273.845366786118
------------------------------------------
[{'stable': {}, 'free': np.float64(-13273.84536678612)}]
------------------------------------------
  Seed: px+py
F_onsite: -1.480178763822495e-19j
F_swave: 9.86025958211209e-20j, F_dwave: -1.6861941656714104e-20j
F_px: (1.3546239661064798e-15+0j), F_py: (1.3546697958563494e-15+0j)
Free_energy = -13273.84536678612
------------------------------------------
[{'stable': {}, 'free': np.float64(-13273.84536678612)}]
------------------------------------------
  Seed: px+i*py
F_onsite: (2.529978111418859e-19+4.0961124503251206e-20j)
F_swave: (-1.689590272740959e-19-4.2637905546996764e-20j), F_dwave: (-4.111581953123494e-21+1.0245116822144653e-20j)
F_px: (1.3518979493178397e-15+6.522853798294057e-20j), F_py: (-8.379601169878447e-20+1.3519803592488757e-15j)
Free_energy = -13273.845366786118
------------------------------------------
[{'stable': {}, 'free': np.float64(-13273.84536678612)}]
------------------------------------------
  Seed: d-wave
F_onsite: (-8.444216446548622e-20+0j)
F_swave: (7.996770848296511e-20+0j), F_dwave: (-3.14775363545002e-20+0j)
F_px: 1.2560499377126195e-19j, F_py: -1.3981115200434371e-15j
Free_energy = -13273.84536678612
------------------------------------------
[{'stable': {}, 'free': np.float64(-13273.84536678612)}]
------------------------------------------
  Seed: s-wave
F_onsite: (-3.402929416709655e-20+0j)
F_swave: (-9.930997590855286e-23+0j), F_dwave: (2.4540639873600166e-20+0j)
F_px: -1.398040010484429e-15j, F_py: -1.5612070556695982e-19j
Free_energy = -13273.845366786118
------------------------------------------
[{'stable': {}, 'free': np.float64(-13273.84536678612)}]
------------------------------------------
====================================
mu=2.01, T=0.0760
====================================
  Seed: normal state
F_onsite: 0j
F_swave: 0j, F_dwave: 0j
F_px: 0j, F_py: 0j
Free_energy = -13274.747993683397
------------------------------------------
[{'stable': {}, 'free': np.float64(-13274.747993683397)}]
------------------------------------------
  Seed: px
F_onsite: -3.4176914557796046e-20j
F_swave: 1.362234070199161e-20j, F_dwave: 1.3240694547628868e-20j
F_px: (1.0653901849436638e-15+0j), F_py: (-3.0003828956260915e-21+0j)
Free_energy = -13274.747993683397
------------------------------------------
[{'stable': {}, 'free': np.float64(-13274.747993683397)}]
------------------------------------------
  Seed: py
F_onsite: -1.882850805122774e-22j
F_swave: -2.8341312471364185e-20j, F_dwave: -5.1482129392684556e-21j
F_px: (-2.2650760948757564e-19+0j), F_py: (1.0655048057216547e-15+0j)
Free_energy = -13274.747993683397
------------------------------------------
[{'stable': {}, 'free': np.float64(-13274.747993683397)}]
------------------------------------------
  Seed: px+py
F_onsite: -8.174565537893847e-20j
F_swave: 7.568515847980905e-20j, F_dwave: -8.06582410637907e-21j
F_px: (1.0607374518187693e-15+0j), F_py: (1.0606783472261842e-15+0j)
Free_energy = -13274.747993683397
------------------------------------------
[{'stable': {}, 'free': np.float64(-13274.747993683397)}]
------------------------------------------
  Seed: px+i*py
F_onsite: (1.0555312987237432e-19+7.142097500909024e-20j)
F_swave: (-1.0367062284156837e-19-4.053034238367795e-20j), F_dwave: (2.1744160062173978e-20+2.795022634134827e-20j)
F_px: (1.0593437239690027e-15-1.9720204391756087e-21j), F_py: (-1.147224020541601e-19+1.059403568091409e-15j)
Free_energy = -13274.747993683395
------------------------------------------
[{'stable': {}, 'free': np.float64(-13274.747993683397)}]
------------------------------------------
  Seed: d-wave
F_onsite: (-8.091140910143689e-20+0j)
F_swave: (5.472755140679457e-20+0j), F_dwave: (-3.708148729186627e-20+0j)
F_px: 1.8701655591560329e-19j, F_py: -1.094406321355558e-15j
Free_energy = -13274.747993683397
------------------------------------------
[{'stable': {}, 'free': np.float64(-13274.747993683397)}]
------------------------------------------
  Seed: s-wave
F_onsite: (-1.3770666266998816e-19+0j)
F_swave: (1.0886118798574397e-19+0j), F_dwave: (-9.837476564224852e-22+0j)
F_px: -1.0943418967374168e-15j, F_py: -1.7490971980901726e-19j
Free_energy = -13274.747993683397
------------------------------------------
[{'stable': {}, 'free': np.float64(-13274.747993683397)}]
------------------------------------------
====================================
mu=2.01, T=0.0790
====================================
  Seed: normal state
F_onsite: 0j
F_swave: 0j, F_dwave: 0j
F_px: 0j, F_py: 0j
Free_energy = -13275.687136342294
------------------------------------------
[{'stable': {}, 'free': np.float64(-13275.687136342294)}]
------------------------------------------
  Seed: px
F_onsite: -6.314252096828847e-20j
F_swave: 3.988871784306862e-20j, F_dwave: 6.998290959780987e-21j
F_px: (8.246659867167018e-16+0j), F_py: (1.3363008708363397e-20+0j)
Free_energy = -13275.687136342294
------------------------------------------
[{'stable': {}, 'free': np.float64(-13275.687136342294)}]
------------------------------------------
  Seed: py
F_onsite: 4.8733462130003854e-20j
F_swave: -3.573849080451928e-20j, F_dwave: 1.3693571410718612e-20j
F_px: (-1.4808710913187028e-19+0j), F_py: (8.249123443948905e-16+0j)
Free_energy = -13275.687136342294
------------------------------------------
[{'stable': {}, 'free': np.float64(-13275.687136342294)}]
------------------------------------------
  Seed: px+py
F_onsite: 5.297574560168664e-20j
F_swave: -3.657225291545911e-20j, F_dwave: -1.870138169050135e-20j
F_px: (8.219024442685817e-16+0j), F_py: (8.217817073389559e-16+0j)
Free_energy = -13275.687136342294
------------------------------------------
[{'stable': {}, 'free': np.float64(-13275.687136342294)}]
------------------------------------------
  Seed: px+i*py
F_onsite: (7.551679130823938e-20-3.462492554683004e-20j)
F_swave: (-6.350759485950059e-20+5.527190068127631e-21j), F_dwave: (2.898248383162127e-20+8.399542051173626e-21j)
F_px: (8.216191134524944e-16-4.6055017649969334e-20j), F_py: (-1.1283602673625516e-19+8.217525879521706e-16j)
Free_energy = -13275.687136342296
------------------------------------------
[{'stable': {}, 'free': np.float64(-13275.687136342294)}]
------------------------------------------
  Seed: d-wave
F_onsite: (-1.6554869736702808e-20+0j)
F_swave: (3.094936805935214e-20+0j), F_dwave: (-2.883969226183588e-20+0j)
F_px: 1.101310068544771e-19j, F_py: -8.472422782852525e-16j
Free_energy = -13275.687136342294
------------------------------------------
[{'stable': {}, 'free': np.float64(-13275.687136342294)}]
------------------------------------------
  Seed: s-wave
F_onsite: (-1.5899724477905598e-19+0j)
F_swave: (1.1066120706377642e-19+0j), F_dwave: (4.577033600735717e-20+0j)
F_px: -8.471487348064032e-16j, F_py: -1.5803959685573183e-19j
Free_energy = -13275.687136342294
------------------------------------------
[{'stable': {}, 'free': np.float64(-13275.687136342294)}]
------------------------------------------
====================================
mu=2.01, T=0.0820
====================================
  Seed: normal state
F_onsite: 0j
F_swave: 0j, F_dwave: 0j
F_px: 0j, F_py: 0j
Free_energy = -13276.662797891942
------------------------------------------
[{'stable': {}, 'free': np.float64(-13276.662797891942)}]
------------------------------------------
  Seed: px
F_onsite: -1.0105450933652112e-19j
F_swave: 6.050865621713003e-20j, F_dwave: 4.377957472427767e-20j
F_px: (6.313362263796593e-16+0j), F_py: (4.145747086448617e-20+0j)
Free_energy = -13276.662797891942
------------------------------------------
[{'stable': {}, 'free': np.float64(-13276.662797891942)}]
------------------------------------------
  Seed: py
F_onsite: -2.1718571748533277e-20j
F_swave: 1.550082579419181e-20j, F_dwave: -1.8210896793422003e-21j
F_px: (-1.0432890212803607e-19+0j), F_py: (6.314336389125111e-16+0j)
Free_energy = -13276.662797891942
------------------------------------------
[{'stable': {}, 'free': np.float64(-13276.662797891942)}]
------------------------------------------
  Seed: px+py
F_onsite: 7.036463880130437e-20j
F_swave: -6.376191359889947e-20j, F_dwave: -4.969574119226951e-20j
F_px: (6.30064896690075e-16+0j), F_py: (6.299438838442543e-16+0j)
Free_energy = -13276.662797891942
------------------------------------------
[{'stable': {}, 'free': np.float64(-13276.662797891942)}]
------------------------------------------
  Seed: px+i*py
F_onsite: (-1.0804570001805875e-19-1.9494899921157871e-19j)
F_swave: (9.29216347912413e-20+1.7525759797494756e-19j), F_dwave: (3.7716546590666715e-20-2.2210809309062245e-20j)
F_px: (6.30848046703227e-16-7.51248164126637e-20j), F_py: (-3.0303245069782074e-20+6.310226345214999e-16j)
Free_energy = -13276.662797891942
------------------------------------------
[{'stable': {}, 'free': np.float64(-13276.662797891942)}]
------------------------------------------
  Seed: d-wave
F_onsite: (-9.75202154511004e-20+0j)
F_swave: (5.916680002185538e-20+0j), F_dwave: (-1.9099294805135202e-20+0j)
F_px: 1.2802812886678267e-19j, F_py: -6.485890358330701e-16j
Free_energy = -13276.662797891942
------------------------------------------
[{'stable': {}, 'free': np.float64(-13276.662797891942)}]
------------------------------------------
  Seed: s-wave
F_onsite: (-5.099255926577565e-20+0j)
F_swave: (5.903379798072371e-20+0j), F_dwave: (-7.800456087930115e-21+0j)
F_px: -6.484744902709308e-16j, F_py: -1.7634342768103722e-19j
Free_energy = -13276.662797891942
------------------------------------------
[{'stable': {}, 'free': np.float64(-13276.662797891942)}]
------------------------------------------
====================================
mu=2.01, T=0.0850
====================================
  Seed: normal state
F_onsite: 0j
F_swave: 0j, F_dwave: 0j
F_px: 0j, F_py: 0j
Free_energy = -13277.674984908326
------------------------------------------
[{'stable': {}, 'free': np.float64(-13277.674984908326)}]
------------------------------------------
  Seed: px
F_onsite: -6.103264844300058e-20j
F_swave: 5.911068186260475e-20j, F_dwave: 2.0476364021032254e-20j
F_px: (4.767932593074918e-16+0j), F_py: (-5.418921511469041e-22+0j)
Free_energy = -13277.674984908326
------------------------------------------
[{'stable': {}, 'free': np.float64(-13277.674984908326)}]
------------------------------------------
  Seed: py
F_onsite: 1.935357793299424e-19j
F_swave: -1.485105915816015e-19j, F_dwave: 9.673787299033402e-21j
F_px: (-7.946513199786777e-20+0j), F_py: (4.769011203345814e-16+0j)
Free_energy = -13277.674984908326
------------------------------------------
[{'stable': {}, 'free': np.float64(-13277.674984908326)}]
------------------------------------------
  Seed: px+py
F_onsite: 1.0846115306340238e-19j
F_swave: -8.384942305052502e-20j, F_dwave: -1.572793325329702e-20j
F_px: (4.775048850109831e-16+0j), F_py: (4.775073470748102e-16+0j)
Free_energy = -13277.674984908326
------------------------------------------
[{'stable': {}, 'free': np.float64(-13277.674984908326)}]
------------------------------------------
  Seed: px+i*py
F_onsite: (-6.895483886847428e-20-8.061361798587735e-20j)
F_swave: (3.982854288911473e-20+4.0129457619545384e-20j), F_dwave: (2.934442116631994e-20+1.2720986012803289e-20j)
F_px: (4.792341919358932e-16-7.829506693501022e-20j), F_py: (-8.861781208492399e-20+4.793389180243884e-16j)
Free_energy = -13277.674984908326
------------------------------------------
[{'stable': {}, 'free': np.float64(-13277.674984908326)}]
------------------------------------------
  Seed: d-wave
F_onsite: (-7.035034599525994e-20+0j)
F_swave: (3.903686699918712e-20+0j), F_dwave: (-4.0477444924284366e-20+0j)
F_px: 1.2995813025940093e-19j, F_py: -4.900627017776717e-16j
Free_energy = -13277.674984908326
------------------------------------------
[{'stable': {}, 'free': np.float64(-13277.674984908326)}]
------------------------------------------
  Seed: s-wave
F_onsite: (1.2369314522194469e-19+0j)
F_swave: (-8.615501448388521e-20+0j), F_dwave: (2.4156572040936026e-20+0j)
F_px: -4.899030358302034e-16j, F_py: -1.222200842108337e-19j
Free_energy = -13277.674984908326
------------------------------------------
[{'stable': {}, 'free': np.float64(-13277.674984908326)}]
------------------------------------------
====================================
mu=2.01, T=0.0880
====================================
  Seed: normal state
F_onsite: 0j
F_swave: 0j, F_dwave: 0j
F_px: 0j, F_py: 0j
Free_energy = -13278.72370672603
------------------------------------------
[{'stable': {}, 'free': np.float64(-13278.72370672603)}]
------------------------------------------
  Seed: px
F_onsite: 3.0842829613957215e-22j
F_swave: -1.8260968282843847e-20j, F_dwave: 1.7311119038450273e-20j
F_px: (3.5358387707337536e-16+0j), F_py: (-1.0806443854628982e-19+0j)
Free_energy = -13278.72370672603
------------------------------------------
[{'stable': {}, 'free': np.float64(-13278.72370672603)}]
------------------------------------------
  Seed: py
F_onsite: 1.634404561162893e-19j
F_swave: -9.538877674604378e-20j, F_dwave: -1.3168940582360625e-20j
F_px: (-7.541160405213888e-21+0j), F_py: (3.5365474840593725e-16+0j)
Free_energy = -13278.72370672603
------------------------------------------
[{'stable': {}, 'free': np.float64(-13278.72370672603)}]
------------------------------------------
  Seed: px+py
F_onsite: 3.1500173630032665e-19j
F_swave: -2.321358044361181e-19j, F_dwave: 3.763920725587193e-20j
F_px: (3.5695114669752977e-16+0j), F_py: (3.5725771446002316e-16+0j)
Free_energy = -13278.72370672603
------------------------------------------
[{'stable': {}, 'free': np.float64(-13278.72370672603)}]
------------------------------------------
  Seed: px+i*py
F_onsite: (7.425665774510667e-20+2.1355085104636174e-20j)
F_swave: (-3.5778529675231067e-20-2.0736997187110614e-20j), F_dwave: (4.589378886532071e-20-9.286252701963955e-21j)
F_px: (3.596366826285008e-16-5.441770689500918e-20j), F_py: (-6.9697038818764e-20+3.597912989442932e-16j)
Free_energy = -13278.72370672603
------------------------------------------
[{'stable': {}, 'free': np.float64(-13278.72370672603)}]
------------------------------------------
  Seed: d-wave
F_onsite: (2.2563015877829506e-20+0j)
F_swave: (6.921409970552087e-21+0j), F_dwave: (-2.932836842275111e-20+0j)
F_px: 9.04064592290689e-20j, F_py: -3.6381673473955926e-16j
Free_energy = -13278.72370672603
------------------------------------------
[{'stable': {}, 'free': np.float64(-13278.72370672603)}]
------------------------------------------
  Seed: s-wave
F_onsite: (-1.6874058834241612e-20+0j)
F_swave: (-2.8615545468014014e-20+0j), F_dwave: (2.709538916364956e-20+0j)
F_px: -3.637728552331784e-16j, F_py: -1.4826269298938532e-19j
Free_energy = -13278.72370672603
------------------------------------------
[{'stable': {}, 'free': np.float64(-13278.72370672603)}]
------------------------------------------
====================================
mu=2.01, T=0.0910
====================================
  Seed: normal state
F_onsite: 0j
F_swave: 0j, F_dwave: 0j
F_px: 0j, F_py: 0j
Free_energy = -13279.808974915151
------------------------------------------
[{'stable': {}, 'free': np.float64(-13279.808974915151)}]
------------------------------------------
  Seed: px
F_onsite: -5.2174377295732896e-20j
F_swave: 4.444899361250525e-20j, F_dwave: 1.772153848060916e-20j
F_px: (2.546687665106996e-16+0j), F_py: (-1.0608693067986871e-19+0j)
Free_energy = -13279.808974915151
------------------------------------------
[{'stable': {}, 'free': np.float64(-13279.808974915151)}]
------------------------------------------
  Seed: py
F_onsite: 8.581832445195224e-20j
F_swave: -3.262560769984766e-20j, F_dwave: -1.3604535320854966e-20j
F_px: (9.655456597772626e-20+0j), F_py: (2.5471981762512755e-16+0j)
Free_energy = -13279.808974915151
------------------------------------------
[{'stable': {}, 'free': np.float64(-13279.808974915151)}]
------------------------------------------
  Seed: px+py
F_onsite: 2.7481688010953313e-19j
F_swave: -1.8132351040135852e-19j, F_dwave: 1.956860948221639e-20j
F_px: (2.621562139789211e-16+0j), F_py: (2.6247807680529914e-16+0j)
Free_energy = -13279.808974915151
------------------------------------------
[{'stable': {}, 'free': np.float64(-13279.808974915151)}]
------------------------------------------
  Seed: px+i*py
F_onsite: (-2.4740294269545286e-21+4.130437883645127e-20j)
F_swave: (-1.666848198283856e-20-4.6200683181032905e-20j), F_dwave: (5.1124770381563976e-20+1.6294870117170225e-20j)
F_px: (2.652099817583007e-16-8.72718748585707e-20j), F_py: (-1.1891815041249393e-19+2.6536270462695393e-16j)
Free_energy = -13279.808974915151
------------------------------------------
[{'stable': {}, 'free': np.float64(-13279.808974915151)}]
------------------------------------------
  Seed: d-wave
F_onsite: (-9.189939164704774e-20+0j)
F_swave: (5.610286149963973e-20+0j), F_dwave: (-2.365535143864042e-20+0j)
F_px: 3.5469501511176994e-20j, F_py: -2.62525418933063e-16j
Free_energy = -13279.808974915151
------------------------------------------
[{'stable': {}, 'free': np.float64(-13279.808974915151)}]
------------------------------------------
  Seed: s-wave
F_onsite: (8.603160077807189e-20+0j)
F_swave: (-5.091366658726248e-20+0j), F_dwave: (1.5451991730731857e-21+0j)
F_px: -2.6251123339943468e-16j, F_py: -1.1315048902833273e-19j
Free_energy = -13279.808974915151
------------------------------------------
[{'stable': {}, 'free': np.float64(-13279.808974915151)}]
------------------------------------------
====================================
mu=2.01, T=0.0940
====================================
  Seed: normal state
F_onsite: 0j
F_swave: 0j, F_dwave: 0j
F_px: 0j, F_py: 0j
Free_energy = -13280.930802888131
------------------------------------------
[{'stable': {}, 'free': np.float64(-13280.930802888131)}]
------------------------------------------
  Seed: px
F_onsite: -3.1463140644789295e-21j
F_swave: -5.431220089141627e-20j, F_dwave: 2.253890085124156e-20j
F_px: (1.7018254284528954e-16+0j), F_py: (-3.434076220483653e-20+0j)
Free_energy = -13280.930802888131
------------------------------------------
[{'stable': {}, 'free': np.float64(-13280.930802888131)}]
------------------------------------------
  Seed: py
F_onsite: -5.023833857434112e-20j
F_swave: 2.760621861392596e-20j, F_dwave: -2.232699973441834e-20j
F_px: (-1.219253822528677e-20+0j), F_py: (1.701760685017172e-16+0j)
Free_energy = -13280.930802888131
------------------------------------------
[{'stable': {}, 'free': np.float64(-13280.930802888131)}]
------------------------------------------
  Seed: px+py
F_onsite: 3.418695432022413e-19j
F_swave: -2.1570743881414594e-19j, F_dwave: 2.723018893030387e-20j
F_px: (1.8792171503597057e-16+0j), F_py: (1.8797451384532292e-16+0j)
Free_energy = -13280.930802888131
------------------------------------------
[{'stable': {}, 'free': np.float64(-13280.930802888131)}]
------------------------------------------
  Seed: px+i*py
F_onsite: (4.3676996085691933e-20+3.1511510334744976e-20j)
F_swave: (-3.6136912675979795e-20-1.0357798390571983e-20j), F_dwave: (5.285417745268089e-20-2.6873517642289493e-20j)
F_px: (1.8836375798254654e-16-1.0411282376122609e-19j), F_py: (5.1705555283048435e-21+1.8856418727144287e-16j)
Free_energy = -13280.930802888131
------------------------------------------
[{'stable': {}, 'free': np.float64(-13280.930802888131)}]
------------------------------------------
  Seed: d-wave
F_onsite: (-4.498764972303662e-20+0j)
F_swave: (4.0114175142896104e-20+0j), F_dwave: (-4.971300898511036e-21+0j)
F_px: -8.423441445230918e-21j, F_py: -1.7770298542214907e-16j
Free_energy = -13280.930802888131
------------------------------------------
[{'stable': {}, 'free': np.float64(-13280.930802888131)}]
------------------------------------------
  Seed: s-wave
F_onsite: (7.708723701879691e-20+0j)
F_swave: (-4.684884514548556e-20+0j), F_dwave: (4.2447198023942624e-20+0j)
F_px: -1.7750226053700886e-16j, F_py: 3.6019841837173294e-21j
Free_energy = -13280.930802888131
------------------------------------------
[{'stable': {}, 'free': np.float64(-13280.930802888131)}]
------------------------------------------
====================================
mu=2.01, T=0.0970
====================================
  Seed: normal state
F_onsite: 0j
F_swave: 0j, F_dwave: 0j
F_px: 0j, F_py: 0j
Free_energy = -13282.089205605575
------------------------------------------
[{'stable': {}, 'free': np.float64(-13282.089205605575)}]
------------------------------------------
  Seed: px
F_onsite: 1.0712112508680571e-19j
F_swave: -5.508035840942318e-20j, F_dwave: -1.36396325694593e-20j
F_px: (1.0118511952674415e-16+0j), F_py: (-5.752296316993209e-20+0j)
Free_energy = -13282.089205605575
------------------------------------------
[{'stable': {}, 'free': np.float64(-13282.089205605575)}]
------------------------------------------
  Seed: py
F_onsite: 5.355388164488604e-20j
F_swave: -3.489237901366104e-20j, F_dwave: 4.872941557662606e-21j
F_px: (5.833271217974765e-20+0j), F_py: (1.0133219516169347e-16+0j)
Free_energy = -13282.089205605575
------------------------------------------
[{'stable': {}, 'free': np.float64(-13282.089205605575)}]
------------------------------------------
  Seed: px+py
F_onsite: 1.7987587218112923e-19j
F_swave: -9.668079515693847e-20j, F_dwave: 1.4003952901526546e-20j
F_px: (1.287568306793191e-16+0j), F_py: (1.2881271889898653e-16+0j)
Free_energy = -13282.089205605575
------------------------------------------
[{'stable': {}, 'free': np.float64(-13282.089205605575)}]
------------------------------------------
  Seed: px+i*py
F_onsite: (4.434092305952226e-20+4.667118895131781e-20j)
F_swave: (-4.2916533541289993e-20-3.545749309202004e-20j), F_dwave: (3.4730262061378834e-20+3.0327773570564957e-21j)
F_px: (1.243071471621403e-16+2.4229385577882574e-21j), F_py: (-1.61633174281545e-20+1.2432778482878535e-16j)
Free_energy = -13282.089205605576
------------------------------------------
[{'stable': {}, 'free': np.float64(-13282.089205605575)}]
------------------------------------------
  Seed: d-wave
F_onsite: (1.2745419444330086e-19+0j)
F_swave: (-9.742389575690928e-20+0j), F_dwave: (-7.305679017617679e-21+0j)
F_px: -6.444605138276244e-20j, F_py: -1.068941600288468e-16j
Free_energy = -13282.089205605575
------------------------------------------
[{'stable': {}, 'free': np.float64(-13282.089205605575)}]
------------------------------------------
  Seed: s-wave
F_onsite: (3.923701846250888e-20+0j)
F_swave: (-7.09125057335585e-21+0j), F_dwave: (-5.272180310855585e-21+0j)
F_px: -1.0678025164508878e-16j, F_py: 3.296140161960454e-20j
Free_energy = -13282.089205605575
------------------------------------------
[{'stable': {}, 'free': np.float64(-13282.089205605575)}]
------------------------------------------
====================================
mu=2.01, T=0.1000
====================================
  Seed: normal state
F_onsite: 0j
F_swave: 0j, F_dwave: 0j
F_px: 0j, F_py: 0j
Free_energy = -13283.284199358872
------------------------------------------
[{'stable': {}, 'free': np.float64(-13283.284199358872)}]
------------------------------------------
  Seed: px
F_onsite: 3.8961146237632585e-20j
F_swave: -2.3141106269651005e-20j, F_dwave: 3.3357608695222646e-21j
F_px: (5.135625113636418e-17+0j), F_py: (-1.8642710858627705e-20+0j)
Free_energy = -13283.284199358872
------------------------------------------
[{'stable': {}, 'free': np.float64(-13283.284199358872)}]
------------------------------------------
  Seed: py
F_onsite: -3.538255774156784e-21j
F_swave: 3.68245769726036e-21j, F_dwave: 3.1898689370956043e-22j
F_px: (1.1542585986354843e-19+0j), F_py: (5.1444585978532154e-17+0j)
Free_energy = -13283.284199358872
------------------------------------------
[{'stable': {}, 'free': np.float64(-13283.284199358872)}]
------------------------------------------
  Seed: px+py
F_onsite: 1.8388142144139696e-19j
F_swave: -1.1913834609322046e-19j, F_dwave: -7.652167213996239e-21j
F_px: (8.179036672939108e-17+0j), F_py: (8.187779158560614e-17+0j)
Free_energy = -13283.284199358872
------------------------------------------
[{'stable': {}, 'free': np.float64(-13283.284199358872)}]
------------------------------------------
  Seed: px+i*py
F_onsite: (4.9706749317925894e-21-9.111722453017985e-21j)
F_swave: (-8.321728227660862e-21+7.845764479811233e-21j), F_dwave: (-2.26136953250791e-20-3.8782189606835113e-20j)
F_px: (7.388354688045964e-17-5.874447711239102e-20j), F_py: (8.036719685424798e-20+7.389769330179189e-17j)
Free_energy = -13283.284199358872
------------------------------------------
[{'stable': {}, 'free': np.float64(-13283.284199358872)}]
------------------------------------------
  Seed: d-wave
F_onsite: (-1.1179244019724292e-19+0j)
F_swave: (7.502472875393695e-20+0j), F_dwave: (3.6447089553013085e-20+0j)
F_px: -4.447337818172038e-20j, F_py: -5.5158137907735555e-17j
Free_energy = -13283.284199358872
------------------------------------------
[{'stable': {}, 'free': np.float64(-13283.284199358872)}]
------------------------------------------
  Seed: s-wave
F_onsite: (-3.5069495560808814e-20+0j)
F_swave: (2.2843394150391316e-20+0j), F_dwave: (-1.627592272178895e-21+0j)
F_px: -5.508029099329203e-17j, F_py: 3.3943076753533753e-20j
Free_energy = -13283.284199358872
------------------------------------------
[{'stable': {}, 'free': np.float64(-13283.284199358872)}]
------------------------------------------
