/home/emilssp/D1/venv/bin/python
Python 3.10.12
Running job 9 out of 10
====================================
mu=2.10, T=0.0010
====================================
  Seed: normal state
F_onsite: 0j
F_swave: 0j, F_dwave: 0j
F_px: 0j, F_py: 0j
Free_energy = -13580.125145654276
------------------------------------------
[{'stable': {}, 'free': np.float64(-13580.125145654276)}]
------------------------------------------
  Seed: px
F_onsite: 3.901989620424943e-18j
F_swave: -3.960474598454892e-18j, F_dwave: -4.124825460001828e-18j
F_px: (0.016016984382445767+0j), F_py: (-3.977987666383865e-18+0j)
Free_energy = -13584.909329959743
------------------------------------------
[{'stable': {'F_px': np.complex128(0.016016984382445767+0j)}, 'free': np.float64(-13584.909329959743)}]
------------------------------------------
  Seed: py
F_onsite: 8.372100120441106e-18j
F_swave: -5.776976458511142e-18j, F_dwave: 5.6025406109359594e-18j
F_px: (-4.555786559141956e-18+0j), F_py: (0.016016984382445806+0j)
Free_energy = -13584.909329959717
------------------------------------------
[{'stable': {'F_px': np.complex128(0.016016984382445767+0j)}, 'free': np.float64(-13584.909329959743)}, {'stable': {'F_py': np.complex128(0.016016984382445806+0j)}, 'free': np.float64(-13584.909329959717)}]
------------------------------------------
  Seed: px+py
F_onsite: -4.702303406682248e-18j
F_swave: 3.052494983667685e-18j, F_dwave: -1.120306951862219e-18j
F_px: (0.010672366483469649+0j), F_py: (0.01067236648346992+0j)
Free_energy = -13584.39679020827
------------------------------------------
[{'stable': {'F_px': np.complex128(0.016016984382445767+0j)}, 'free': np.float64(-13584.909329959743)}, {'stable': {'F_py': np.complex128(0.016016984382445806+0j)}, 'free': np.float64(-13584.909329959717)}]
------------------------------------------
  Seed: px+i*py
F_onsite: (2.609920268727313e-18-4.455816819031247e-18j)
F_swave: (-4.15744946336092e-18+2.5153490401663703e-17j), F_dwave: (-2.7814444405463087e-18-1.6479873021779667e-17j)
F_px: (0.012828008757012701-1.4123744999873424e-18j), F_py: (3.2838408573865156e-19+0.01282800875701267j)
Free_energy = -13586.283694660096
------------------------------------------
[{'stable': {'F_px': np.complex128(0.012828008757012701-1.4123744999873424e-18j), 'F_py': np.complex128(3.2838408573865156e-19+0.01282800875701267j)}, 'free': np.float64(-13586.283694660096)}]
------------------------------------------
  Seed: d-wave
F_onsite: (3.498362539190508e-17+0j)
F_swave: (-2.2796859453945027e-17+0j), F_dwave: (8.221831181642273e-18+0j)
F_px: -0.004223891676351441j, F_py: 0.015243579739120834j
Free_energy = -13584.796538498918
------------------------------------------
[{'stable': {'F_px': np.complex128(0.012828008757012701-1.4123744999873424e-18j), 'F_py': np.complex128(3.2838408573865156e-19+0.01282800875701267j)}, 'free': np.float64(-13586.283694660096)}]
------------------------------------------
  Seed: s-wave
F_onsite: (-0.013646792208370517+0j)
F_swave: (0.008914190553148935+0j), F_dwave: (3.2959746043559335e-17+0j)
F_px: -1.468678368178112e-17j, F_py: -2.0815781739215227e-17j
Free_energy = -13583.07165703868
------------------------------------------
[{'stable': {'F_px': np.complex128(0.012828008757012701-1.4123744999873424e-18j), 'F_py': np.complex128(3.2838408573865156e-19+0.01282800875701267j)}, 'free': np.float64(-13586.283694660096)}]
------------------------------------------
====================================
mu=2.10, T=0.0040
====================================
  Seed: normal state
F_onsite: 0j
F_swave: 0j, F_dwave: 0j
F_px: 0j, F_py: 0j
Free_energy = -13580.155489365214
------------------------------------------
[{'stable': {}, 'free': np.float64(-13580.155489365214)}]
------------------------------------------
  Seed: px
F_onsite: 1.6844520705572644e-17j
F_swave: -8.151249514334348e-18j, F_dwave: -6.677094548756645e-18j
F_px: (0.015957224827405428+0j), F_py: (-6.7950571215516075e-18+0j)
Free_energy = -13584.881224307965
------------------------------------------
[{'stable': {'F_px': np.complex128(0.015957224827405428+0j)}, 'free': np.float64(-13584.881224307965)}]
------------------------------------------
  Seed: py
F_onsite: 1.2519702825790195e-17j
F_swave: -8.12476649984285e-18j, F_dwave: 6.0695469324486976e-18j
F_px: (-7.115017199932019e-18+0j), F_py: (0.015957224827405518+0j)
Free_energy = -13584.881224307917
------------------------------------------
[{'stable': {'F_px': np.complex128(0.015957224827405428+0j)}, 'free': np.float64(-13584.881224307965)}, {'stable': {'F_py': np.complex128(0.015957224827405518+0j)}, 'free': np.float64(-13584.881224307917)}]
------------------------------------------
  Seed: px+py
F_onsite: -7.284853923301407e-18j
F_swave: 4.851407675178607e-18j, F_dwave: -5.974229256102987e-20j
F_px: (0.010665423072710043+0j), F_py: (0.010665423072710296+0j)
Free_energy = -13584.392781622175
------------------------------------------
[{'stable': {'F_px': np.complex128(0.015957224827405428+0j)}, 'free': np.float64(-13584.881224307965)}, {'stable': {'F_py': np.complex128(0.015957224827405518+0j)}, 'free': np.float64(-13584.881224307917)}]
------------------------------------------
  Seed: px+i*py
F_onsite: (5.7867967467433714e-18-2.762245909401198e-17j)
F_swave: (-4.71729853682661e-18+2.3852447794681098e-17j), F_dwave: (-3.0889571050690223e-18-1.0842021724855044e-17j)
F_px: (0.012827305658051853-2.09557274639694e-18j), F_py: (3.382308437504828e-19+0.012827305658051789j)
Free_energy = -13586.283009206161
------------------------------------------
[{'stable': {'F_px': np.complex128(0.012827305658051853-2.09557274639694e-18j), 'F_py': np.complex128(3.382308437504828e-19+0.012827305658051789j)}, 'free': np.float64(-13586.283009206161)}]
------------------------------------------
  Seed: d-wave
F_onsite: (-1.3804069471623731e-17+0j)
F_swave: (8.830053777330064e-18+0j), F_dwave: (-6.717235969522619e-18+0j)
F_px: -3.53888122578421e-14j, F_py: 0.01595369930502179j
Free_energy = -13584.878810029642
------------------------------------------
[{'stable': {'F_px': np.complex128(0.012827305658051853-2.09557274639694e-18j), 'F_py': np.complex128(3.382308437504828e-19+0.012827305658051789j)}, 'free': np.float64(-13586.283009206161)}]
------------------------------------------
  Seed: s-wave
F_onsite: (-0.013636504476075248+0j)
F_swave: (0.008907457131829116+0j), F_dwave: (5.377642775528102e-17+0j)
F_px: -1.1585107847613481e-17j, F_py: -2.0111765011148895e-17j
Free_energy = -13583.067691756682
------------------------------------------
[{'stable': {'F_px': np.complex128(0.012827305658051853-2.09557274639694e-18j), 'F_py': np.complex128(3.382308437504828e-19+0.012827305658051789j)}, 'free': np.float64(-13586.283009206161)}]
------------------------------------------
====================================
mu=2.10, T=0.0070
====================================
  Seed: normal state
F_onsite: 0j
F_swave: 0j, F_dwave: 0j
F_px: 0j, F_py: 0j
Free_energy = -13580.2246280591
------------------------------------------
[{'stable': {}, 'free': np.float64(-13580.2246280591)}]
------------------------------------------
  Seed: px
F_onsite: 9.959307514697657e-18j
F_swave: -9.598378834938719e-18j, F_dwave: -7.029380845475629e-18j
F_px: (0.015823909926049196+0j), F_py: (-8.31756906573916e-18+0j)
Free_energy = -13584.827305194436
------------------------------------------
[{'stable': {'F_px': np.complex128(0.015823909926049196+0j)}, 'free': np.float64(-13584.827305194436)}]
------------------------------------------
  Seed: py
F_onsite: 1.1843135259170822e-17j
F_swave: -7.629516923495102e-18j, F_dwave: 6.151867947009975e-18j
F_px: (-8.939870275452604e-18+0j), F_py: (0.01582390992604925+0j)
Free_energy = -13584.827305194398
------------------------------------------
[{'stable': {'F_px': np.complex128(0.015823909926049196+0j)}, 'free': np.float64(-13584.827305194436)}, {'stable': {'F_py': np.complex128(0.01582390992604925+0j)}, 'free': np.float64(-13584.827305194398)}]
------------------------------------------
  Seed: px+py
F_onsite: -3.899527930921985e-18j
F_swave: 3.706563237625615e-18j, F_dwave: -1.3458294740686765e-18j
F_px: (0.010569491947735106+0j), F_py: (0.010569491947735618+0j)
Free_energy = -13584.336686728368
------------------------------------------
[{'stable': {'F_px': np.complex128(0.015823909926049196+0j)}, 'free': np.float64(-13584.827305194436)}, {'stable': {'F_py': np.complex128(0.01582390992604925+0j)}, 'free': np.float64(-13584.827305194398)}]
------------------------------------------
  Seed: px+i*py
F_onsite: (2.693220665133853e-18+1.1650223505433655e-17j)
F_swave: (-1.9660759671405383e-18-1.3010426069826053e-18j), F_dwave: (-1.5033709848130759e-18-2.168404344971009e-18j)
F_px: (0.012791154499980747-6.8027333576361e-19j), F_py: (-2.7212256919524483e-19+0.012791154499980806j)
Free_energy = -13586.253290319039
------------------------------------------
[{'stable': {'F_px': np.complex128(0.012791154499980747-6.8027333576361e-19j), 'F_py': np.complex128(-2.7212256919524483e-19+0.012791154499980806j)}, 'free': np.float64(-13586.253290319039)}]
------------------------------------------
  Seed: d-wave
F_onsite: (-1.4197489805843752e-17+0j)
F_swave: (9.157193783427436e-18+0j), F_dwave: (-6.760328770714181e-18+0j)
F_px: -2.2452716756974073e-14j, F_py: 0.015823828147122607j
Free_energy = -13584.82724997774
------------------------------------------
[{'stable': {'F_px': np.complex128(0.012791154499980747-6.8027333576361e-19j), 'F_py': np.complex128(-2.7212256919524483e-19+0.012791154499980806j)}, 'free': np.float64(-13586.253290319039)}]
------------------------------------------
  Seed: s-wave
F_onsite: (-0.01332968003570179+0j)
F_swave: (0.008707092521114186+0j), F_dwave: (1.734723475976807e-18+0j)
F_px: -2.445664698386943e-17j, F_py: -2.648031457397836e-17j
Free_energy = -13582.955564742304
------------------------------------------
[{'stable': {'F_px': np.complex128(0.012791154499980747-6.8027333576361e-19j), 'F_py': np.complex128(-2.7212256919524483e-19+0.012791154499980806j)}, 'free': np.float64(-13586.253290319039)}]
------------------------------------------
====================================
mu=2.10, T=0.0100
====================================
  Seed: normal state
F_onsite: 0j
F_swave: 0j, F_dwave: 0j
F_px: 0j, F_py: 0j
Free_energy = -13580.344910661135
------------------------------------------
[{'stable': {}, 'free': np.float64(-13580.344910661135)}]
------------------------------------------
  Seed: px
F_onsite: 6.4429561132898355e-18j
F_swave: -5.360540650927446e-18j, F_dwave: -3.1393290956510515e-18j
F_px: (0.015458065452887351+0j), F_py: (-7.957987036017459e-18+0j)
Free_energy = -13584.67352532866
------------------------------------------
[{'stable': {'F_px': np.complex128(0.015458065452887351+0j)}, 'free': np.float64(-13584.67352532866)}]
------------------------------------------
  Seed: py
F_onsite: 1.0841386450144604e-17j
F_swave: -7.305765049186747e-18j, F_dwave: 6.263888054284356e-18j
F_px: (-8.40584908943327e-18+0j), F_py: (0.015458065452887219+0j)
Free_energy = -13584.673525328639
------------------------------------------
[{'stable': {'F_px': np.complex128(0.015458065452887351+0j)}, 'free': np.float64(-13584.67352532866)}, {'stable': {'F_py': np.complex128(0.015458065452887219+0j)}, 'free': np.float64(-13584.673525328639)}]
------------------------------------------
  Seed: px+py
F_onsite: -8.061477256815193e-18j
F_swave: 1.575534221452202e-18j, F_dwave: 8.404684419130795e-19j
F_px: (0.010253992864758945+0j), F_py: (0.010253992864759653+0j)
Free_energy = -13584.1551260124
------------------------------------------
[{'stable': {'F_px': np.complex128(0.015458065452887351+0j)}, 'free': np.float64(-13584.67352532866)}, {'stable': {'F_py': np.complex128(0.015458065452887219+0j)}, 'free': np.float64(-13584.673525328639)}]
------------------------------------------
  Seed: px+i*py
F_onsite: (4.8118882942332734e-18-8.380332221897234e-18j)
F_swave: (-3.506994334318621e-18+2.0816681711721685e-17j), F_dwave: (-8.298143556233965e-19-1.5612511283791264e-17j)
F_px: (0.01255529137531513-4.231789839372285e-18j), F_py: (8.518504471418092e-19+0.012555291375315135j)
Free_energy = -13586.06364847565
------------------------------------------
[{'stable': {'F_px': np.complex128(0.01255529137531513-4.231789839372285e-18j), 'F_py': np.complex128(8.518504471418092e-19+0.012555291375315135j)}, 'free': np.float64(-13586.06364847565)}]
------------------------------------------
  Seed: d-wave
F_onsite: (-1.3602607979075216e-17+0j)
F_swave: (8.860546963431219e-18+0j), F_dwave: (-6.582345972672371e-18+0j)
F_px: -1.0804221463450612e-14j, F_py: 0.01545806459025685j
Free_energy = -13584.673524770735
------------------------------------------
[{'stable': {'F_px': np.complex128(0.01255529137531513-4.231789839372285e-18j), 'F_py': np.complex128(8.518504471418092e-19+0.012555291375315135j)}, 'free': np.float64(-13586.06364847565)}]
------------------------------------------
  Seed: s-wave
F_onsite: (-0.012097129686185941+0j)
F_swave: (0.007902136185347599+0j), F_dwave: (1.8214596497756474e-17+0j)
F_px: -8.051884608687538e-17j, F_py: -5.1833784160532884e-17j
Free_energy = -13582.543214240937
------------------------------------------
[{'stable': {'F_px': np.complex128(0.01255529137531513-4.231789839372285e-18j), 'F_py': np.complex128(8.518504471418092e-19+0.012555291375315135j)}, 'free': np.float64(-13586.06364847565)}]
------------------------------------------
====================================
mu=2.10, T=0.0130
====================================
  Seed: normal state
F_onsite: 0j
F_swave: 0j, F_dwave: 0j
F_px: 0j, F_py: 0j
Free_energy = -13580.5112794588
------------------------------------------
[{'stable': {}, 'free': np.float64(-13580.5112794588)}]
------------------------------------------
  Seed: px
F_onsite: 2.044925470107053e-17j
F_swave: -1.1761939210242617e-17j, F_dwave: -8.417694315805029e-18j
F_px: (0.014651360285875971+0j), F_py: (-7.76668497575232e-18+0j)
Free_energy = -13584.336041527724
------------------------------------------
[{'stable': {'F_px': np.complex128(0.014651360285875971+0j)}, 'free': np.float64(-13584.336041527724)}]
------------------------------------------
  Seed: py
F_onsite: 1.080607576415594e-17j
F_swave: -7.387212561021169e-18j, F_dwave: 6.345467915016786e-18j
F_px: (-6.31402181684997e-18+0j), F_py: (0.014651360285875941+0j)
Free_energy = -13584.336041527733
------------------------------------------
[{'stable': {'F_px': np.complex128(0.014651360285875971+0j)}, 'free': np.float64(-13584.336041527724)}, {'stable': {'F_py': np.complex128(0.014651360285875941+0j)}, 'free': np.float64(-13584.336041527733)}]
------------------------------------------
  Seed: px+py
F_onsite: -1.060657303529795e-17j
F_swave: 5.033731517075095e-18j, F_dwave: 1.0240098936712457e-18j
F_px: (0.00963294151280631+0j), F_py: (0.00963294151280758+0j)
Free_energy = -13583.817803074577
------------------------------------------
[{'stable': {'F_px': np.complex128(0.014651360285875971+0j)}, 'free': np.float64(-13584.336041527724)}, {'stable': {'F_py': np.complex128(0.014651360285875941+0j)}, 'free': np.float64(-13584.336041527733)}]
------------------------------------------
  Seed: px+i*py
F_onsite: (8.538965611050203e-18+1.0625260699696749e-17j)
F_swave: (-5.322609456758214e-18-1.6046192152785466e-17j), F_dwave: (-2.483646185137418e-18+7.37257477290143e-18j)
F_px: (0.011947461483052691-1.2748057614414034e-17j), F_py: (2.5736302008933865e-18+0.01194746148305268j)
Free_energy = -13585.601482001903
------------------------------------------
[{'stable': {'F_px': np.complex128(0.011947461483052691-1.2748057614414034e-17j), 'F_py': np.complex128(2.5736302008933865e-18+0.01194746148305268j)}, 'free': np.float64(-13585.601482001903)}]
------------------------------------------
  Seed: d-wave
F_onsite: (-1.3007276166053451e-17+0j)
F_swave: (8.786484520105671e-18+0j), F_dwave: (-6.550926344285157e-18+0j)
F_px: -4.065625945160782e-15j, F_py: 0.014651360280854243j
Free_energy = -13584.336041524693
------------------------------------------
[{'stable': {'F_px': np.complex128(0.011947461483052691-1.2748057614414034e-17j), 'F_py': np.complex128(2.5736302008933865e-18+0.01194746148305268j)}, 'free': np.float64(-13585.601482001903)}]
------------------------------------------
  Seed: s-wave
F_onsite: (-0.009189394811406413+0j)
F_swave: (0.006002988765370526+0j), F_dwave: (-1.7780915628762273e-17+0j)
F_px: -4.15236753037519e-16j, F_py: -5.004781254426923e-16j
Free_energy = -13581.751173695766
------------------------------------------
[{'stable': {'F_px': np.complex128(0.011947461483052691-1.2748057614414034e-17j), 'F_py': np.complex128(2.5736302008933865e-18+0.01194746148305268j)}, 'free': np.float64(-13585.601482001903)}]
------------------------------------------
====================================
mu=2.10, T=0.0160
====================================
  Seed: normal state
F_onsite: 0j
F_swave: 0j, F_dwave: 0j
F_px: 0j, F_py: 0j
Free_energy = -13580.716667389142
------------------------------------------
[{'stable': {}, 'free': np.float64(-13580.716667389142)}]
------------------------------------------
  Seed: px
F_onsite: 1.1290393321528188e-17j
F_swave: -1.2344168482361542e-17j, F_dwave: -5.052829463057719e-18j
F_px: (0.013220802782653685+0j), F_py: (-6.634987746855246e-18+0j)
Free_energy = -13583.779752154236
------------------------------------------
[{'stable': {'F_px': np.complex128(0.013220802782653685+0j)}, 'free': np.float64(-13583.779752154236)}]
------------------------------------------
  Seed: py
F_onsite: 1.2377718928006693e-17j
F_swave: -8.207537500657357e-18j, F_dwave: 6.884233809029724e-18j
F_px: (-5.9770118916836155e-18+0j), F_py: (0.013220802782653654+0j)
Free_energy = -13583.779752154167
------------------------------------------
[{'stable': {'F_px': np.complex128(0.013220802782653685+0j)}, 'free': np.float64(-13583.779752154236)}, {'stable': {'F_py': np.complex128(0.013220802782653654+0j)}, 'free': np.float64(-13583.779752154167)}]
------------------------------------------
  Seed: px+py
F_onsite: -1.730573014535261e-17j
F_swave: 9.282448780502666e-18j, F_dwave: -3.688563787496461e-19j
F_px: (0.008618510917138188+0j), F_py: (0.008618510917140432+0j)
Free_energy = -13583.319920462258
------------------------------------------
[{'stable': {'F_px': np.complex128(0.013220802782653685+0j)}, 'free': np.float64(-13583.779752154236)}, {'stable': {'F_py': np.complex128(0.013220802782653654+0j)}, 'free': np.float64(-13583.779752154167)}]
------------------------------------------
  Seed: px+i*py
F_onsite: (9.406909684189844e-18-2.8192697555971336e-18j)
F_swave: (-7.104644355050604e-18-3.469446951953614e-18j), F_dwave: (-2.436334762821835e-18+1.3010426069826053e-17j)
F_px: (0.0108147174071237-1.5540877442744172e-17j), F_py: (8.339151862281894e-18+0.010814717407123722j)
Free_energy = -13584.817207238988
------------------------------------------
[{'stable': {'F_px': np.complex128(0.0108147174071237-1.5540877442744172e-17j), 'F_py': np.complex128(8.339151862281894e-18+0.010814717407123722j)}, 'free': np.float64(-13584.817207238988)}]
------------------------------------------
  Seed: d-wave
F_onsite: (-1.510002988092281e-17+0j)
F_swave: (9.82441751784741e-18+0j), F_dwave: (-7.277839431706957e-18+0j)
F_px: -1.274860357016193e-15j, F_py: 0.013220802782632683j
Free_energy = -13583.779752154156
------------------------------------------
[{'stable': {'F_px': np.complex128(0.0108147174071237-1.5540877442744172e-17j), 'F_py': np.complex128(8.339151862281894e-18+0.010814717407123722j)}, 'free': np.float64(-13584.817207238988)}]
------------------------------------------
  Seed: s-wave
F_onsite: (1.4704836071469476e-17+0j)
F_swave: (-9.708903399665604e-18+0j), F_dwave: (7.33951401817891e-18+0j)
F_px: -3.6738332345451834e-14j, F_py: -0.013214053494992528j
Free_energy = -13583.77630808732
------------------------------------------
[{'stable': {'F_px': np.complex128(0.0108147174071237-1.5540877442744172e-17j), 'F_py': np.complex128(8.339151862281894e-18+0.010814717407123722j)}, 'free': np.float64(-13584.817207238988)}]
------------------------------------------
====================================
mu=2.10, T=0.0190
====================================
  Seed: normal state
F_onsite: 0j
F_swave: 0j, F_dwave: 0j
F_px: 0j, F_py: 0j
Free_energy = -13580.956494269547
------------------------------------------
[{'stable': {}, 'free': np.float64(-13580.956494269547)}]
------------------------------------------
  Seed: px
F_onsite: 4.728005562675496e-18j
F_swave: -5.078041928128336e-18j, F_dwave: -5.791111320818448e-18j
F_px: (0.010869624104528387+0j), F_py: (-6.733804397192056e-18+0j)
Free_energy = -13582.994450018114
------------------------------------------
[{'stable': {'F_px': np.complex128(0.010869624104528387+0j)}, 'free': np.float64(-13582.994450018114)}]
------------------------------------------
  Seed: py
F_onsite: 1.4716006318461392e-17j
F_swave: -9.395818846536733e-18j, F_dwave: 8.695137310700215e-18j
F_px: (-4.5965285130326425e-18+0j), F_py: (0.010869624104528346+0j)
Free_energy = -13582.99445001817
------------------------------------------
[{'stable': {'F_px': np.complex128(0.010869624104528387+0j)}, 'free': np.float64(-13582.994450018114)}, {'stable': {'F_py': np.complex128(0.010869624104528346+0j)}, 'free': np.float64(-13582.99445001817)}]
------------------------------------------
  Seed: px+py
F_onsite: -2.910892250710447e-17j
F_swave: 1.9112001435592804e-17j, F_dwave: 1.050797310628163e-18j
F_px: (0.007034166533131152+0j), F_py: (0.007034166533135147+0j)
Free_energy = -13582.663502413463
------------------------------------------
[{'stable': {'F_px': np.complex128(0.010869624104528387+0j)}, 'free': np.float64(-13582.994450018114)}, {'stable': {'F_py': np.complex128(0.010869624104528346+0j)}, 'free': np.float64(-13582.99445001817)}]
------------------------------------------
  Seed: px+i*py
F_onsite: (1.458773376651157e-17-1.0087778589994492e-17j)
F_swave: (-1.097890688134277e-17+1.1275702593849246e-17j), F_dwave: (-2.898880926471687e-18+0j)
F_px: (0.008914387201881941-7.625930268359072e-18j), F_py: (-9.510525636440687e-19+0.008914387201881941j)
Free_energy = -13583.698259580307
------------------------------------------
[{'stable': {'F_px': np.complex128(0.008914387201881941-7.625930268359072e-18j), 'F_py': np.complex128(-9.510525636440687e-19+0.008914387201881941j)}, 'free': np.float64(-13583.698259580307)}]
------------------------------------------
  Seed: d-wave
F_onsite: (-1.806305700953676e-17+0j)
F_swave: (1.2033691202523438e-17+0j), F_dwave: (-8.997898649784424e-18+0j)
F_px: -3.4180488107344885e-16j, F_py: 0.010869624104528228j
Free_energy = -13582.99445001817
------------------------------------------
[{'stable': {'F_px': np.complex128(0.008914387201881941-7.625930268359072e-18j), 'F_py': np.complex128(-9.510525636440687e-19+0.008914387201881941j)}, 'free': np.float64(-13583.698259580307)}]
------------------------------------------
  Seed: s-wave
F_onsite: (1.876125038609072e-17+0j)
F_swave: (-1.2216438560893553e-17+0j), F_dwave: (8.679070154481985e-18+0j)
F_px: -9.762388079164476e-15j, F_py: -0.010869599665620842j
Free_energy = -13582.994440279832
------------------------------------------
[{'stable': {'F_px': np.complex128(0.008914387201881941-7.625930268359072e-18j), 'F_py': np.complex128(-9.510525636440687e-19+0.008914387201881941j)}, 'free': np.float64(-13583.698259580307)}]
------------------------------------------
====================================
mu=2.10, T=0.0220
====================================
  Seed: normal state
F_onsite: 0j
F_swave: 0j, F_dwave: 0j
F_px: 0j, F_py: 0j
Free_energy = -13581.22847062882
------------------------------------------
[{'stable': {}, 'free': np.float64(-13581.22847062882)}]
------------------------------------------
  Seed: px
F_onsite: 2.7317368414322822e-17j
F_swave: -1.8204948263091656e-17j, F_dwave: -1.5435679921162128e-17j
F_px: (0.006657297546548002+0j), F_py: (-7.96120145987784e-18+0j)
Free_energy = -13581.98172494115
------------------------------------------
[{'stable': {'F_px': np.complex128(0.006657297546548002+0j)}, 'free': np.float64(-13581.98172494115)}]
------------------------------------------
  Seed: py
F_onsite: 2.7540177784120105e-17j
F_swave: -1.8060357092017387e-17j, F_dwave: 1.4352470365411687e-17j
F_px: (-4.053960069743798e-18+0j), F_py: (0.006657297546547831+0j)
Free_energy = -13581.98172494112
------------------------------------------
[{'stable': {'F_px': np.complex128(0.006657297546548002+0j)}, 'free': np.float64(-13581.98172494115)}, {'stable': {'F_py': np.complex128(0.006657297546547831+0j)}, 'free': np.float64(-13581.98172494112)}]
------------------------------------------
  Seed: px+py
F_onsite: -4.3807961696841176e-17j
F_swave: 2.8206726539160235e-17j, F_dwave: 1.6297443300764772e-19j
F_px: (0.004289496820972496+0j), F_py: (0.004289496820977431+0j)
Free_energy = -13581.85398819961
------------------------------------------
[{'stable': {'F_px': np.complex128(0.006657297546548002+0j)}, 'free': np.float64(-13581.98172494115)}, {'stable': {'F_py': np.complex128(0.006657297546547831+0j)}, 'free': np.float64(-13581.98172494112)}]
------------------------------------------
  Seed: px+i*py
F_onsite: (3.453794047786151e-17-2.5753414721446362e-17j)
F_swave: (-2.2334293437960474e-17+2.7755575615628914e-17j), F_dwave: (-2.385516094709027e-18-5.637851296924623e-18j)
F_px: (0.005474982851962356-1.799972475311725e-17j), F_py: (6.0149662469099986e-18+0.005474982851962238j)
Free_energy = -13582.247447453674
------------------------------------------
[{'stable': {'F_px': np.complex128(0.005474982851962356-1.799972475311725e-17j), 'F_py': np.complex128(6.0149662469099986e-18+0.005474982851962238j)}, 'free': np.float64(-13582.247447453674)}]
------------------------------------------
  Seed: d-wave
F_onsite: (-3.000896118801117e-17+0j)
F_swave: (1.9652024644136823e-17+0j), F_dwave: (-1.47036581662772e-17+0j)
F_px: -6.107997265170367e-17j, F_py: 0.0066572975465478j
Free_energy = -13581.98172494112
------------------------------------------
[{'stable': {'F_px': np.complex128(0.005474982851962356-1.799972475311725e-17j), 'F_py': np.complex128(6.0149662469099986e-18+0.005474982851962238j)}, 'free': np.float64(-13582.247447453674)}]
------------------------------------------
  Seed: s-wave
F_onsite: (3.13447189109414e-17+0j)
F_swave: (-2.0552116264602725e-17+0j), F_dwave: (1.473874385913925e-17+0j)
F_px: -2.0127261280395566e-15j, F_py: -0.006657297447941608j
Free_energy = -13581.981724918363
------------------------------------------
[{'stable': {'F_px': np.complex128(0.005474982851962356-1.799972475311725e-17j), 'F_py': np.complex128(6.0149662469099986e-18+0.005474982851962238j)}, 'free': np.float64(-13582.247447453674)}]
------------------------------------------
====================================
mu=2.10, T=0.0250
====================================
  Seed: normal state
F_onsite: 0j
F_swave: 0j, F_dwave: 0j
F_px: 0j, F_py: 0j
Free_energy = -13581.53178000307
------------------------------------------
[{'stable': {}, 'free': np.float64(-13581.53178000307)}]
------------------------------------------
  Seed: px
F_onsite: 1.5552722688130416e-19j
F_swave: -1.3528453573277996e-19j, F_dwave: 5.967191130459067e-21j
F_px: (6.832704311480208e-14+0j), F_py: (-5.135423410337928e-19+0j)
Free_energy = -13581.531780003068
------------------------------------------
[{'stable': {}, 'free': np.float64(-13581.53178000307)}]
------------------------------------------
  Seed: py
F_onsite: 1.1651221582576482e-19j
F_swave: -8.846682975015255e-20j, F_dwave: 3.291552677393862e-20j
F_px: (4.2607597918653186e-19+0j), F_py: (6.832771841851274e-14+0j)
Free_energy = -13581.53178000307
------------------------------------------
[{'stable': {}, 'free': np.float64(-13581.53178000307)}]
------------------------------------------
  Seed: px+py
F_onsite: -2.312846737416506e-19j
F_swave: 1.3515231023578387e-19j, F_dwave: 5.3064574778192815e-20j
F_px: (6.830039448984647e-14+0j), F_py: (6.830040712918955e-14+0j)
Free_energy = -13581.53178000307
------------------------------------------
[{'stable': {}, 'free': np.float64(-13581.53178000307)}]
------------------------------------------
  Seed: px+i*py
F_onsite: (4.616453011641655e-19-4.435244907804231e-20j)
F_swave: (-3.305698497629906e-19+6.548470291818145e-21j), F_dwave: (4.044430391535007e-21-2.7626403131663285e-20j)
F_px: (6.869919729393261e-14+5.673510059221292e-19j), F_py: (5.75546050509931e-19+6.869916906085048e-14j)
Free_energy = -13581.531780003073
------------------------------------------
[{'stable': {}, 'free': np.float64(-13581.53178000307)}]
------------------------------------------
  Seed: d-wave
F_onsite: (-3.061430353721677e-19+0j)
F_swave: (2.0557084485790046e-19+0j), F_dwave: (4.7776097019180105e-20+0j)
F_px: -1.3526337803295793e-19j, F_py: 7.405511490358719e-14j
Free_energy = -13581.53178000307
------------------------------------------
[{'stable': {}, 'free': np.float64(-13581.53178000307)}]
------------------------------------------
  Seed: s-wave
F_onsite: (4.1614816694201433e-19+0j)
F_swave: (-2.6959626436253685e-19+0j), F_dwave: (-9.314961967170734e-21+0j)
F_px: 1.4830388644001763e-19j, F_py: -7.405445818189214e-14j
Free_energy = -13581.53178000307
------------------------------------------
[{'stable': {}, 'free': np.float64(-13581.53178000307)}]
------------------------------------------
====================================
mu=2.10, T=0.0280
====================================
  Seed: normal state
F_onsite: 0j
F_swave: 0j, F_dwave: 0j
F_px: 0j, F_py: 0j
Free_energy = -13581.866429835456
------------------------------------------
[{'stable': {}, 'free': np.float64(-13581.866429835456)}]
------------------------------------------
  Seed: px
F_onsite: -2.0149628768673688e-19j
F_swave: 1.6862226369850792e-19j, F_dwave: -1.1349169347920982e-20j
F_px: (2.438534300642482e-14+0j), F_py: (-2.6452981121076305e-19+0j)
Free_energy = -13581.866429835456
------------------------------------------
[{'stable': {}, 'free': np.float64(-13581.866429835456)}]
------------------------------------------
  Seed: py
F_onsite: 2.9680334532877326e-19j
F_swave: -2.175433654515973e-19j, F_dwave: 5.3626508960281323e-20j
F_px: (3.8397697345396344e-19+0j), F_py: (2.4385577405474507e-14+0j)
Free_energy = -13581.866429835456
------------------------------------------
[{'stable': {}, 'free': np.float64(-13581.866429835456)}]
------------------------------------------
  Seed: px+py
F_onsite: 1.0289830746993148e-19j
F_swave: -4.903594158154742e-20j, F_dwave: 2.447659220818885e-20j
F_px: (2.437856538006744e-14+0j), F_py: (2.4378917015336644e-14+0j)
Free_energy = -13581.866429835456
------------------------------------------
[{'stable': {}, 'free': np.float64(-13581.866429835456)}]
------------------------------------------
  Seed: px+i*py
F_onsite: (1.8946982884342267e-19-6.185095727114644e-20j)
F_swave: (-1.124178419697269e-19+4.8088053720816203e-20j), F_dwave: (-3.633055453641703e-20-2.7269405200278626e-21j)
F_px: (2.4528605120335874e-14+1.109714557888115e-19j), F_py: (-1.86198628149952e-19+2.4528342100841768e-14j)
Free_energy = -13581.866429835456
------------------------------------------
[{'stable': {}, 'free': np.float64(-13581.866429835456)}]
------------------------------------------
  Seed: d-wave
F_onsite: (1.2686123985302245e-19+0j)
F_swave: (-1.0960261690377666e-19+0j), F_dwave: (-1.1402643165574096e-20+0j)
F_px: -3.3705254409554293e-19j, F_py: 2.5440387680090706e-14j
Free_energy = -13581.866429835456
------------------------------------------
[{'stable': {}, 'free': np.float64(-13581.866429835456)}]
------------------------------------------
  Seed: s-wave
F_onsite: (4.773208442159271e-20+0j)
F_swave: (-1.693475405939277e-20+0j), F_dwave: (1.2143250461248272e-20+0j)
F_px: 6.119368474054634e-22j, F_py: -2.5440070203403304e-14j
Free_energy = -13581.866429835456
------------------------------------------
[{'stable': {}, 'free': np.float64(-13581.866429835456)}]
------------------------------------------
====================================
mu=2.10, T=0.0310
====================================
  Seed: normal state
F_onsite: 0j
F_swave: 0j, F_dwave: 0j
F_px: 0j, F_py: 0j
Free_energy = -13582.232832568036
------------------------------------------
[{'stable': {}, 'free': np.float64(-13582.232832568036)}]
------------------------------------------
  Seed: px
F_onsite: -2.5575553017069216e-19j
F_swave: 2.0461257980644154e-19j, F_dwave: 4.5240828610280724e-20j
F_px: (1.5028441832495904e-14+0j), F_py: (-1.623460539259141e-19+0j)
Free_energy = -13582.232832568036
------------------------------------------
[{'stable': {}, 'free': np.float64(-13582.232832568036)}]
------------------------------------------
  Seed: py
F_onsite: 3.87696912060056e-19j
F_swave: -2.7905501436932074e-19j, F_dwave: -2.723773925953855e-20j
F_px: (2.9437020823162003e-19+0j), F_py: (1.502872438758808e-14+0j)
Free_energy = -13582.232832568036
------------------------------------------
[{'stable': {}, 'free': np.float64(-13582.232832568036)}]
------------------------------------------
  Seed: px+py
F_onsite: -2.821026093134935e-20j
F_swave: 7.45302141430396e-21j, F_dwave: -2.6038436231666856e-20j
F_px: (1.5025947486998393e-14+0j), F_py: (1.5025969708500784e-14+0j)
Free_energy = -13582.232832568036
------------------------------------------
[{'stable': {}, 'free': np.float64(-13582.232832568036)}]
------------------------------------------
  Seed: px+i*py
F_onsite: (6.907735746002526e-20+3.273971194344943e-19j)
F_swave: (-2.7961229762600673e-20-2.1627282410124697e-19j), F_dwave: (4.126460600914983e-20-2.7061611728676454e-20j)
F_px: (1.512103541481107e-14+1.3107308351978105e-19j), F_py: (-1.3377498388089617e-19+1.512119219394699e-14j)
Free_energy = -13582.232832568036
------------------------------------------
[{'stable': {}, 'free': np.float64(-13582.232832568036)}]
------------------------------------------
  Seed: d-wave
F_onsite: (-6.025779738707899e-20+0j)
F_swave: (1.655684566064668e-20+0j), F_dwave: (-2.6643785204250097e-20+0j)
F_px: -1.3018678596413986e-19j, F_py: 1.5678789918547037e-14j
Free_energy = -13582.232832568036
------------------------------------------
[{'stable': {}, 'free': np.float64(-13582.232832568036)}]
------------------------------------------
  Seed: s-wave
F_onsite: (-2.3357955581475966e-19+0j)
F_swave: (1.7764950861446675e-19+0j), F_dwave: (-8.1441472661219e-21+0j)
F_px: 8.283383052144145e-20j, F_py: -1.5678508047041038e-14j
Free_energy = -13582.232832568036
------------------------------------------
[{'stable': {}, 'free': np.float64(-13582.232832568036)}]
------------------------------------------
====================================
mu=2.10, T=0.0340
====================================
  Seed: normal state
F_onsite: 0j
F_swave: 0j, F_dwave: 0j
F_px: 0j, F_py: 0j
Free_energy = -13582.631558607574
------------------------------------------
[{'stable': {}, 'free': np.float64(-13582.631558607574)}]
------------------------------------------
  Seed: px
F_onsite: 2.4228568684328298e-20j
F_swave: -2.674769225797959e-20j, F_dwave: 7.66459768202563e-22j
F_px: (1.0873561349743648e-14+0j), F_py: (1.114240882961559e-19+0j)
Free_energy = -13582.63155860757
------------------------------------------
[{'stable': {}, 'free': np.float64(-13582.631558607574)}]
------------------------------------------
  Seed: py
F_onsite: 3.428118185323799e-20j
F_swave: -1.7154545288315693e-21j, F_dwave: -1.7286625496098587e-20j
F_px: (3.6991190965146e-19+0j), F_py: (1.0873982743058866e-14+0j)
Free_energy = -13582.63155860757
------------------------------------------
[{'stable': {}, 'free': np.float64(-13582.631558607574)}]
------------------------------------------
  Seed: px+py
F_onsite: 6.127583374933885e-20j
F_swave: -5.269986735280531e-20j, F_dwave: -3.7365027196660676e-20j
F_px: (1.0872323548274394e-14+0j), F_py: (1.087225311641437e-14+0j)
Free_energy = -13582.631558607574
------------------------------------------
[{'stable': {}, 'free': np.float64(-13582.631558607574)}]
------------------------------------------
  Seed: px+i*py
F_onsite: (-3.547874451296846e-20+7.9480174835392e-20j)
F_swave: (3.622184595177667e-20-4.719464816624454e-20j), F_dwave: (6.662383658608321e-20-4.004315732376175e-20j)
F_px: (1.0942701067419271e-14+1.296737449917883e-19j), F_py: (-3.1336056234651525e-20+1.0943087845295047e-14j)
Free_energy = -13582.631558607576
------------------------------------------
[{'stable': {}, 'free': np.float64(-13582.631558607574)}]
------------------------------------------
  Seed: d-wave
F_onsite: (-7.469865709442893e-20+0j)
F_swave: (4.0980211248489137e-20+0j), F_dwave: (-3.656144371866217e-20+0j)
F_px: -1.2640922017204138e-20j, F_py: 1.1344237542194652e-14j
Free_energy = -13582.63155860757
------------------------------------------
[{'stable': {}, 'free': np.float64(-13582.631558607574)}]
------------------------------------------
  Seed: s-wave
F_onsite: (-2.9217069511298116e-19+0j)
F_swave: (2.06095752846285e-19+0j), F_dwave: (-2.0441108398840855e-21+0j)
F_px: 5.944489660432765e-20j, F_py: -1.1344105178165478e-14j
Free_energy = -13582.63155860757
------------------------------------------
[{'stable': {}, 'free': np.float64(-13582.631558607574)}]
------------------------------------------
====================================
mu=2.10, T=0.0370
====================================
  Seed: normal state
F_onsite: 0j
F_swave: 0j, F_dwave: 0j
F_px: 0j, F_py: 0j
Free_energy = -13583.063201067578
------------------------------------------
[{'stable': {}, 'free': np.float64(-13583.063201067578)}]
------------------------------------------
  Seed: px
F_onsite: -6.01007617751881e-20j
F_swave: 7.120299262327239e-20j, F_dwave: -3.496455888191254e-20j
F_px: (8.907352406982303e-15+0j), F_py: (1.2860080393420675e-19+0j)
Free_energy = -13583.063201067578
------------------------------------------
[{'stable': {}, 'free': np.float64(-13583.063201067578)}]
------------------------------------------
  Seed: py
F_onsite: 1.4071932456274723e-19j
F_swave: -8.132783116704984e-20j, F_dwave: 2.973069611463403e-20j
F_px: (3.868023197329689e-19+0j), F_py: (8.907628165546652e-15+0j)
Free_energy = -13583.063201067578
------------------------------------------
[{'stable': {}, 'free': np.float64(-13583.063201067578)}]
------------------------------------------
  Seed: px+py
F_onsite: 9.670771327401179e-20j
F_swave: -1.0372280064980641e-19j, F_dwave: -5.454305190634472e-20j
F_px: (8.90692578867179e-15+0j), F_py: (8.906705399788857e-15+0j)
Free_energy = -13583.063201067578
------------------------------------------
[{'stable': {}, 'free': np.float64(-13583.063201067578)}]
------------------------------------------
  Seed: px+i*py
F_onsite: (-2.156470441293374e-20-3.107978468186351e-20j)
F_swave: (2.752277142010379e-20+2.8461722341317235e-20j), F_dwave: (2.2431920403375457e-21-2.7210908731703886e-20j)
F_px: (8.965339202891925e-15+1.9212237749526387e-19j), F_py: (9.16295912508106e-20+8.96572780136562e-15j)
Free_energy = -13583.063201067578
------------------------------------------
[{'stable': {}, 'free': np.float64(-13583.063201067578)}]
------------------------------------------
  Seed: d-wave
F_onsite: (-2.2732373778172753e-20+0j)
F_swave: (1.49074999075722e-20+0j), F_dwave: (8.128876325802028e-21+0j)
F_px: -1.0039656915497826e-19j, F_py: 9.293172170219112e-15j
Free_energy = -13583.063201067578
------------------------------------------
[{'stable': {}, 'free': np.float64(-13583.063201067578)}]
------------------------------------------
  Seed: s-wave
F_onsite: (2.203306836002102e-20+0j)
F_swave: (5.394975419651585e-20+0j), F_dwave: (-2.1811911003352033e-20+0j)
F_px: 3.8337091916857114e-21j, F_py: -9.293004259471033e-15j
Free_energy = -13583.063201067578
------------------------------------------
[{'stable': {}, 'free': np.float64(-13583.063201067578)}]
------------------------------------------
====================================
mu=2.10, T=0.0400
====================================
  Seed: normal state
F_onsite: 0j
F_swave: 0j, F_dwave: 0j
F_px: 0j, F_py: 0j
Free_energy = -13583.528308531788
------------------------------------------
[{'stable': {}, 'free': np.float64(-13583.528308531788)}]
------------------------------------------
  Seed: px
F_onsite: -2.6342409178034732e-21j
F_swave: -7.430174486056143e-21j, F_dwave: -1.383349281239925e-20j
F_px: (7.92195264582856e-15+0j), F_py: (1.6535615098730435e-19+0j)
Free_energy = -13583.528308531788
------------------------------------------
[{'stable': {}, 'free': np.float64(-13583.528308531788)}]
------------------------------------------
  Seed: py
F_onsite: 5.700200328575978e-20j
F_swave: -5.3042067750694516e-20j, F_dwave: 8.640623087271837e-21j
F_px: (3.8608808250369136e-19+0j), F_py: (7.922209248249053e-15+0j)
Free_energy = -13583.528308531784
------------------------------------------
[{'stable': {}, 'free': np.float64(-13583.528308531788)}]
------------------------------------------
  Seed: px+py
F_onsite: 1.0027813065923389e-19j
F_swave: -7.785975385669683e-20j, F_dwave: -4.71951315718357e-20j
F_px: (7.922061736541234e-15+0j), F_py: (7.921714435265563e-15+0j)
Free_energy = -13583.528308531788
------------------------------------------
[{'stable': {}, 'free': np.float64(-13583.528308531788)}]
------------------------------------------
  Seed: px+i*py
F_onsite: (-2.4095190526211787e-19-1.3156084265346383e-21j)
F_swave: (2.091889947414932e-19+7.892600420177829e-22j), F_dwave: (-5.913726746032464e-21-2.5872157654558135e-20j)
F_px: (7.974209832133481e-15+2.2080927545374806e-19j), F_py: (1.801119388269836e-19+7.97451150389763e-15j)
Free_energy = -13583.528308531788
------------------------------------------
[{'stable': {}, 'free': np.float64(-13583.528308531788)}]
------------------------------------------
  Seed: d-wave
F_onsite: (3.8231947438117857e-20+0j)
F_swave: (-2.6646585418713105e-20+0j), F_dwave: (-8.300739883415394e-22+0j)
F_px: -1.276502535047629e-19j, F_py: 7.350749100819979e-15j
Free_energy = -13583.528308531788
------------------------------------------
[{'stable': {}, 'free': np.float64(-13583.528308531788)}]
------------------------------------------
  Seed: s-wave
F_onsite: (-2.6753384042900827e-19+0j)
F_swave: (1.9042046313132736e-19+0j), F_dwave: (1.1953216436267022e-20+0j)
F_px: -6.25646448746424e-20j, F_py: -7.350526680350412e-15j
Free_energy = -13583.528308531788
------------------------------------------
[{'stable': {}, 'free': np.float64(-13583.528308531788)}]
------------------------------------------
====================================
mu=2.10, T=0.0430
====================================
  Seed: normal state
F_onsite: 0j
F_swave: 0j, F_dwave: 0j
F_px: 0j, F_py: 0j
Free_energy = -13584.027357150086
------------------------------------------
[{'stable': {}, 'free': np.float64(-13584.027357150086)}]
------------------------------------------
  Seed: px
F_onsite: -7.237642368416779e-20j
F_swave: 4.449751315077383e-20j, F_dwave: -2.0906111031761035e-21j
F_px: (6.9310332951864855e-15+0j), F_py: (2.538047320474486e-19+0j)
Free_energy = -13584.027357150086
------------------------------------------
[{'stable': {}, 'free': np.float64(-13584.027357150086)}]
------------------------------------------
  Seed: py
F_onsite: 9.205442659249093e-20j
F_swave: -4.792996611747226e-20j, F_dwave: 2.3626101078025395e-20j
F_px: (3.4007289783845596e-19+0j), F_py: (6.9313019153282956e-15+0j)
Free_energy = -13584.027357150084
------------------------------------------
[{'stable': {}, 'free': np.float64(-13584.027357150086)}]
------------------------------------------
  Seed: px+py
F_onsite: 9.468735429924572e-20j
F_swave: -9.959594808093226e-20j, F_dwave: -7.654849246813935e-20j
F_px: (6.93125456640719e-15+0j), F_py: (6.93108566953415e-15+0j)
Free_energy = -13584.027357150086
------------------------------------------
[{'stable': {}, 'free': np.float64(-13584.027357150086)}]
------------------------------------------
  Seed: px+i*py
F_onsite: (2.7615936691639075e-20+2.606863992621202e-20j)
F_swave: (8.202053251961479e-21-1.8546689914608253e-21j), F_dwave: (-2.5362277439591364e-20-1.7099399261789814e-20j)
F_px: (6.105191773302304e-15+1.2466024410082051e-19j), F_py: (5.3093840276729124e-20+6.1053282634377395e-15j)
Free_energy = -13584.027357150084
------------------------------------------
[{'stable': {}, 'free': np.float64(-13584.027357150086)}]
------------------------------------------
  Seed: d-wave
F_onsite: (5.828028785769456e-20+0j)
F_swave: (-4.664996541815098e-20+0j), F_dwave: (-1.8360217995494148e-20+0j)
F_px: -6.184697637621782e-20j, F_py: 6.4311622173879646e-15j
Free_energy = -13584.027357150086
------------------------------------------
[{'stable': {}, 'free': np.float64(-13584.027357150086)}]
------------------------------------------
  Seed: s-wave
F_onsite: (-1.3871961696977162e-19+0j)
F_swave: (9.229576494207985e-20+0j), F_dwave: (-2.941552532463216e-20+0j)
F_px: 6.402831695709351e-20j, F_py: -6.431097109912582e-15j
Free_energy = -13584.027357150086
------------------------------------------
[{'stable': {}, 'free': np.float64(-13584.027357150086)}]
------------------------------------------
====================================
mu=2.10, T=0.0460
====================================
  Seed: normal state
F_onsite: 0j
F_swave: 0j, F_dwave: 0j
F_px: 0j, F_py: 0j
Free_energy = -13584.560744252401
------------------------------------------
[{'stable': {}, 'free': np.float64(-13584.560744252401)}]
------------------------------------------
  Seed: px
F_onsite: -1.3011282767229674e-19j
F_swave: 9.504318102665065e-20j, F_dwave: -5.565694240173979e-20j
F_px: (5.9710411722081004e-15+0j), F_py: (1.6475330074690762e-19+0j)
Free_energy = -13584.560744252401
------------------------------------------
[{'stable': {}, 'free': np.float64(-13584.560744252401)}]
------------------------------------------
  Seed: py
F_onsite: -1.8967897523790854e-19j
F_swave: 1.455359845058466e-19j, F_dwave: 1.8456075032464646e-20j
F_px: (3.1067980637087514e-19+0j), F_py: (5.971407916003957e-15+0j)
Free_energy = -13584.560744252401
------------------------------------------
[{'stable': {}, 'free': np.float64(-13584.560744252401)}]
------------------------------------------
  Seed: px+py
F_onsite: -2.3207962521697616e-19j
F_swave: 1.7283178578461014e-19j, F_dwave: -6.380640217105364e-20j
F_px: (5.971506449234204e-15+0j), F_py: (5.9712983008646556e-15+0j)
Free_energy = -13584.560744252401
------------------------------------------
[{'stable': {}, 'free': np.float64(-13584.560744252401)}]
------------------------------------------
  Seed: px+i*py
F_onsite: (-7.623578838982062e-20+4.66472420683617e-21j)
F_swave: (5.004141612211475e-20+2.1214701587652135e-20j), F_dwave: (-1.8855475110543854e-20+1.5722051825764738e-20j)
F_px: (5.26004460798863e-15+1.3135889899600026e-19j), F_py: (9.581062640109743e-21+5.2602020928405944e-15j)
Free_energy = -13584.560744252405
------------------------------------------
[{'stable': {}, 'free': np.float64(-13584.560744252401)}]
------------------------------------------
  Seed: d-wave
F_onsite: (2.502743828436735e-20+0j)
F_swave: (-2.870847988603602e-20+0j), F_dwave: (-3.802955967426328e-21+0j)
F_px: -8.840667289284223e-20j, F_py: 5.5403479191449306e-15j
Free_energy = -13584.560744252401
------------------------------------------
[{'stable': {}, 'free': np.float64(-13584.560744252401)}]
------------------------------------------
  Seed: s-wave
F_onsite: (-1.4224394152090642e-19+0j)
F_swave: (1.1725801007733976e-19+0j), F_dwave: (-3.372439587592095e-20+0j)
F_px: 2.610513084457442e-19j, F_py: -5.54032926143057e-15j
Free_energy = -13584.5607442524
------------------------------------------
[{'stable': {}, 'free': np.float64(-13584.560744252401)}]
------------------------------------------
====================================
mu=2.10, T=0.0490
====================================
  Seed: normal state
F_onsite: 0j
F_swave: 0j, F_dwave: 0j
F_px: 0j, F_py: 0j
Free_energy = -13585.128792839769
------------------------------------------
[{'stable': {}, 'free': np.float64(-13585.128792839769)}]
------------------------------------------
  Seed: px
F_onsite: -6.910009608014148e-20j
F_swave: 3.899315256809031e-20j, F_dwave: -4.259752161329234e-20j
F_px: (5.069331642213611e-15+0j), F_py: (5.12444554063592e-20+0j)
Free_energy = -13585.128792839769
------------------------------------------
[{'stable': {}, 'free': np.float64(-13585.128792839769)}]
------------------------------------------
  Seed: py
F_onsite: -3.5820906766414855e-19j
F_swave: 2.806545006459387e-19j, F_dwave: -1.7110937854342553e-22j
F_px: (2.5653973827122395e-19+0j), F_py: (5.069710043728666e-15+0j)
Free_energy = -13585.128792839769
------------------------------------------
[{'stable': {}, 'free': np.float64(-13585.128792839769)}]
------------------------------------------
  Seed: px+py
F_onsite: -3.20675731085584e-19j
F_swave: 2.0451170568465776e-19j, F_dwave: -3.413582315386925e-20j
F_px: (5.069806753434515e-15+0j), F_py: (5.069613609220054e-15+0j)
Free_energy = -13585.128792839769
------------------------------------------
[{'stable': {}, 'free': np.float64(-13585.128792839769)}]
------------------------------------------
  Seed: px+i*py
F_onsite: (-5.458685950926798e-20-4.517668196563594e-20j)
F_swave: (3.101075979463237e-20+4.958029130833395e-20j), F_dwave: (4.346653662932673e-21+2.665623813566314e-20j)
F_px: (4.466283252889933e-15+1.004537880963818e-19j), F_py: (2.508613946991637e-20+4.466253390673676e-15j)
Free_energy = -13585.128792839769
------------------------------------------
[{'stable': {}, 'free': np.float64(-13585.128792839769)}]
------------------------------------------
  Seed: d-wave
F_onsite: (-1.1719089560701887e-19+0j)
F_swave: (8.305492682437347e-20+0j), F_dwave: (4.4328565891509305e-20+0j)
F_px: 7.477022797846449e-20j, F_py: 4.703470775320793e-15j
Free_energy = -13585.128792839769
------------------------------------------
[{'stable': {}, 'free': np.float64(-13585.128792839769)}]
------------------------------------------
  Seed: s-wave
F_onsite: (-1.5311308327175205e-19+0j)
F_swave: (1.1993244901772285e-19+0j), F_dwave: (3.3580731232540825e-20+0j)
F_px: 1.1239749299146047e-19j, F_py: -4.703524712077998e-15j
Free_energy = -13585.128792839769
------------------------------------------
[{'stable': {}, 'free': np.float64(-13585.128792839769)}]
------------------------------------------
====================================
mu=2.10, T=0.0520
====================================
  Seed: normal state
F_onsite: 0j
F_swave: 0j, F_dwave: 0j
F_px: 0j, F_py: 0j
Free_energy = -13585.731760828705
------------------------------------------
[{'stable': {}, 'free': np.float64(-13585.731760828705)}]
------------------------------------------
  Seed: px
F_onsite: -6.684019283761724e-20j
F_swave: 2.829453752985702e-20j, F_dwave: -4.4218793302031927e-20j
F_px: (4.244090632885725e-15+0j), F_py: (2.9904170702015145e-20+0j)
Free_energy = -13585.731760828705
------------------------------------------
[{'stable': {}, 'free': np.float64(-13585.731760828705)}]
------------------------------------------
  Seed: py
F_onsite: -3.587934243720157e-19j
F_swave: 2.325117681575624e-19j, F_dwave: 3.786124149047176e-21j
F_px: (7.543910277197623e-20+0j), F_py: (4.244479360824615e-15+0j)
Free_energy = -13585.731760828705
------------------------------------------
[{'stable': {}, 'free': np.float64(-13585.731760828705)}]
------------------------------------------
  Seed: px+py
F_onsite: -4.893203258801115e-19j
F_swave: 3.83358806431686e-19j, F_dwave: -1.060579366754982e-21j
F_px: (4.244719484392249e-15+0j), F_py: (4.244628091713626e-15+0j)
Free_energy = -13585.731760828705
------------------------------------------
[{'stable': {}, 'free': np.float64(-13585.731760828705)}]
------------------------------------------
  Seed: px+i*py
F_onsite: (-1.1216908471309469e-19+4.4628057340503577e-20j)
F_swave: (1.132360107398105e-19-5.515338740238231e-20j), F_dwave: (-3.737740812668758e-20-7.71529092913232e-21j)
F_px: (3.739758396545993e-15+1.914716250761007e-20j), F_py: (-7.671343882904757e-20+3.73986956959468e-15j)
Free_energy = -13585.731760828705
------------------------------------------
[{'stable': {}, 'free': np.float64(-13585.731760828705)}]
------------------------------------------
  Seed: d-wave
F_onsite: (-1.2345236654491973e-19+0j)
F_swave: (9.048302425989188e-20+0j), F_dwave: (1.5985883010048565e-20+0j)
F_px: 1.7003226660142188e-19j, F_py: 3.9375942134031296e-15j
Free_energy = -13585.731760828705
------------------------------------------
[{'stable': {}, 'free': np.float64(-13585.731760828705)}]
------------------------------------------
  Seed: s-wave
F_onsite: (8.828134803366108e-20+0j)
F_swave: (-7.666402944228771e-20+0j), F_dwave: (7.853875101796827e-20+0j)
F_px: -1.423067533081751e-19j, F_py: -3.937505119199755e-15j
Free_energy = -13585.731760828705
------------------------------------------
[{'stable': {}, 'free': np.float64(-13585.731760828705)}]
------------------------------------------
====================================
mu=2.10, T=0.0550
====================================
  Seed: normal state
F_onsite: 0j
F_swave: 0j, F_dwave: 0j
F_px: 0j, F_py: 0j
Free_energy = -13586.369851680398
------------------------------------------
[{'stable': {}, 'free': np.float64(-13586.369851680398)}]
------------------------------------------
  Seed: px
F_onsite: 4.765452389279455e-20j
F_swave: -8.789670498972529e-21j, F_dwave: -6.233897240922411e-20j
F_px: (3.505970367151759e-15+0j), F_py: (6.922875308192736e-20+0j)
Free_energy = -13586.369851680398
------------------------------------------
[{'stable': {}, 'free': np.float64(-13586.369851680398)}]
------------------------------------------
  Seed: py
F_onsite: -2.1502210087544343e-19j
F_swave: 1.5515832504279295e-19j, F_dwave: 1.0602036182796386e-21j
F_px: (7.0590205672185e-20+0j), F_py: (3.5062458886169017e-15+0j)
Free_energy = -13586.369851680398
------------------------------------------
[{'stable': {}, 'free': np.float64(-13586.369851680398)}]
------------------------------------------
  Seed: px+py
F_onsite: -4.239678864122562e-19j
F_swave: 2.9815064773443907e-19j, F_dwave: -2.9080124405625523e-20j
F_px: (3.507037309183462e-15+0j), F_py: (3.506859243936361e-15+0j)
Free_energy = -13586.369851680398
------------------------------------------
[{'stable': {}, 'free': np.float64(-13586.369851680398)}]
------------------------------------------
  Seed: px+i*py
F_onsite: (-1.2250957924111797e-19+8.719680915217986e-20j)
F_swave: (5.575982810898405e-20-8.142491084898823e-20j), F_dwave: (5.441324210734092e-21-2.6914683872754273e-20j)
F_px: (3.0900656897872333e-15+4.620803223411094e-20j), F_py: (-7.001601461612343e-20+3.090375734303956e-15j)
Free_energy = -13586.369851680398
------------------------------------------
[{'stable': {}, 'free': np.float64(-13586.369851680398)}]
------------------------------------------
  Seed: d-wave
F_onsite: (-2.94015801546898e-19+0j)
F_swave: (2.1910621166860683e-19+0j), F_dwave: (3.1950787841313336e-20+0j)
F_px: 9.621704658243845e-20j, F_py: 3.252855375066257e-15j
Free_energy = -13586.369851680398
------------------------------------------
[{'stable': {}, 'free': np.float64(-13586.369851680398)}]
------------------------------------------
  Seed: s-wave
F_onsite: (-3.372775397053704e-20+0j)
F_swave: (3.7874849692654195e-20+0j), F_dwave: (2.391424556370642e-20+0j)
F_px: -1.550239121349572e-19j, F_py: -3.2530269871695928e-15j
Free_energy = -13586.369851680398
------------------------------------------
[{'stable': {}, 'free': np.float64(-13586.369851680398)}]
------------------------------------------
====================================
mu=2.10, T=0.0580
====================================
  Seed: normal state
F_onsite: 0j
F_swave: 0j, F_dwave: 0j
F_px: 0j, F_py: 0j
Free_energy = -13587.043224679037
------------------------------------------
[{'stable': {}, 'free': np.float64(-13587.043224679037)}]
------------------------------------------
  Seed: px
F_onsite: -7.333931037143205e-20j
F_swave: 6.164197455567004e-20j, F_dwave: -2.1381583499192922e-20j
F_px: (2.8596785516737946e-15+0j), F_py: (-3.762384343912725e-21+0j)
Free_energy = -13587.043224679033
------------------------------------------
[{'stable': {}, 'free': np.float64(-13587.043224679037)}]
------------------------------------------
  Seed: py
F_onsite: -1.8088854487769797e-19j
F_swave: 1.6156739481435367e-19j, F_dwave: -4.4109096456216764e-20j
F_px: (6.190431359222556e-20+0j), F_py: (2.8599573427384542e-15+0j)
Free_energy = -13587.043224679037
------------------------------------------
[{'stable': {}, 'free': np.float64(-13587.043224679037)}]
------------------------------------------
  Seed: px+py
F_onsite: -4.137949815983186e-19j
F_swave: 3.2289288995329886e-19j, F_dwave: -1.494162262669828e-20j
F_px: (2.8606954281862658e-15+0j), F_py: (2.860559454809258e-15+0j)
Free_energy = -13587.043224679037
------------------------------------------
[{'stable': {}, 'free': np.float64(-13587.043224679037)}]
------------------------------------------
  Seed: px+i*py
F_onsite: (1.9771468672648042e-20+1.2623630841259557e-19j)
F_swave: (-3.081476605030446e-20-1.0097019644072715e-19j), F_dwave: (-4.801215059649169e-21-3.279077957720856e-20j)
F_px: (2.521051842201149e-15-2.2993658910519055e-20j), F_py: (-1.0110164911936892e-20+2.5212721509046085e-15j)
Free_energy = -13587.043224679035
------------------------------------------
[{'stable': {}, 'free': np.float64(-13587.043224679037)}]
------------------------------------------
  Seed: d-wave
F_onsite: (-4.421515515172303e-19+0j)
F_swave: (3.099000729617377e-19+0j), F_dwave: (3.985084509493675e-20+0j)
F_px: 8.942578995663998e-20j, F_py: 2.6530795885657315e-15j
Free_energy = -13587.043224679037
------------------------------------------
[{'stable': {}, 'free': np.float64(-13587.043224679037)}]
------------------------------------------
  Seed: s-wave
F_onsite: (-3.8543616312611466e-20+0j)
F_swave: (4.289992538051217e-20+0j), F_dwave: (-1.533987735019319e-20+0j)
F_px: -2.9186576689219073e-19j, F_py: -2.6532362878268105e-15j
Free_energy = -13587.043224679037
------------------------------------------
[{'stable': {}, 'free': np.float64(-13587.043224679037)}]
------------------------------------------
====================================
mu=2.10, T=0.0610
====================================
  Seed: normal state
F_onsite: 0j
F_swave: 0j, F_dwave: 0j
F_px: 0j, F_py: 0j
Free_energy = -13587.752004069662
------------------------------------------
[{'stable': {}, 'free': np.float64(-13587.752004069662)}]
------------------------------------------
  Seed: px
F_onsite: -6.934640656548367e-20j
F_swave: 5.2148266399059805e-20j, F_dwave: -2.4741271696126126e-20j
F_px: (2.3040218679967082e-15+0j), F_py: (1.190905535225655e-20+0j)
Free_energy = -13587.752004069662
------------------------------------------
[{'stable': {}, 'free': np.float64(-13587.752004069662)}]
------------------------------------------
  Seed: py
F_onsite: -1.7472117626715576e-19j
F_swave: 1.2303337941488343e-19j, F_dwave: -2.9426628518667824e-20j
F_px: (7.563037351987312e-20+0j), F_py: (2.3042703478803317e-15+0j)
Free_energy = -13587.752004069662
------------------------------------------
[{'stable': {}, 'free': np.float64(-13587.752004069662)}]
------------------------------------------
  Seed: px+py
F_onsite: -3.9101261263620376e-19j
F_swave: 2.888712179137803e-19j, F_dwave: 1.1157267180464922e-20j
F_px: (2.304893649029196e-15+0j), F_py: (2.304880415629818e-15+0j)
Free_energy = -13587.752004069662
------------------------------------------
[{'stable': {}, 'free': np.float64(-13587.752004069662)}]
------------------------------------------
  Seed: px+i*py
F_onsite: (9.105473974419602e-20-3.6156208555202476e-20j)
F_swave: (-5.3530124137067886e-20+9.395295797087713e-21j), F_dwave: (-3.4904162723654385e-20-4.597052139604413e-20j)
F_px: (2.031748115816334e-15-2.3773095321961016e-20j), F_py: (-5.060814232474869e-20+2.032130020613395e-15j)
Free_energy = -13587.752004069662
------------------------------------------
[{'stable': {}, 'free': np.float64(-13587.752004069662)}]
------------------------------------------
  Seed: d-wave
F_onsite: (-4.498017687735592e-19+0j)
F_swave: (3.203337840071341e-19+0j), F_dwave: (-2.9117963016163204e-21+0j)
F_px: 9.531788739971974e-20j, F_py: 2.137452213672165e-15j
Free_energy = -13587.752004069662
------------------------------------------
[{'stable': {}, 'free': np.float64(-13587.752004069662)}]
------------------------------------------
  Seed: s-wave
F_onsite: (1.960223464923684e-21+0j)
F_swave: (5.017859198971068e-21+0j), F_dwave: (-1.1785521433867259e-20+0j)
F_px: -2.2437806523892767e-19j, F_py: -2.1376844913207007e-15j
Free_energy = -13587.752004069662
------------------------------------------
[{'stable': {}, 'free': np.float64(-13587.752004069662)}]
------------------------------------------
====================================
mu=2.10, T=0.0640
====================================
  Seed: normal state
F_onsite: 0j
F_swave: 0j, F_dwave: 0j
F_px: 0j, F_py: 0j
Free_energy = -13588.496286784475
------------------------------------------
[{'stable': {}, 'free': np.float64(-13588.496286784475)}]
------------------------------------------
  Seed: px
F_onsite: 7.615285223706986e-20j
F_swave: -4.282528839809487e-20j, F_dwave: -2.2791756769901727e-21j
F_px: (1.8343934422355505e-15+0j), F_py: (2.6477105202229392e-20+0j)
Free_energy = -13588.496286784472
------------------------------------------
[{'stable': {}, 'free': np.float64(-13588.496286784475)}]
------------------------------------------
  Seed: py
F_onsite: -1.4169601163532153e-19j
F_swave: 8.722017062085775e-20j, F_dwave: -6.054759906963612e-20j
F_px: (8.101413776526247e-20+0j), F_py: (1.83458747485459e-15+0j)
Free_energy = -13588.496286784472
------------------------------------------
[{'stable': {}, 'free': np.float64(-13588.496286784475)}]
------------------------------------------
  Seed: px+py
F_onsite: -5.052636659014134e-19j
F_swave: 3.2141476860723614e-19j, F_dwave: 6.76900329275766e-22j
F_px: (1.8353384055961456e-15+0j), F_py: (1.8354138593934256e-15+0j)
Free_energy = -13588.496286784472
------------------------------------------
[{'stable': {}, 'free': np.float64(-13588.496286784475)}]
------------------------------------------
  Seed: px+i*py
F_onsite: (1.3221941557317704e-19-4.50695317144847e-21j)
F_swave: (-1.1364155125915638e-19+2.0651160456723484e-20j), F_dwave: (-4.3781567852546344e-20-1.0829091298326592e-20j)
F_px: (1.6183164521522477e-15+1.69787848471015e-20j), F_py: (-1.0280175727976012e-19+1.6186020833727558e-15j)
Free_energy = -13588.49628678447
------------------------------------------
[{'stable': {}, 'free': np.float64(-13588.496286784475)}]
------------------------------------------
  Seed: d-wave
F_onsite: (-1.3931234051054673e-19+0j)
F_swave: (1.17582340319141e-19+0j), F_dwave: (4.642563212584383e-22+0j)
F_px: 1.2550280074937346e-19j, F_py: 1.701630532919817e-15j
Free_energy = -13588.496286784472
------------------------------------------
[{'stable': {}, 'free': np.float64(-13588.496286784475)}]
------------------------------------------
  Seed: s-wave
F_onsite: (8.632840699461278e-20+0j)
F_swave: (-8.301164096696534e-20+0j), F_dwave: (-8.287298178763357e-21+0j)
F_px: -2.4997512590354997e-19j, F_py: -1.7017619221268932e-15j
Free_energy = -13588.496286784472
------------------------------------------
[{'stable': {}, 'free': np.float64(-13588.496286784475)}]
------------------------------------------
====================================
mu=2.10, T=0.0670
====================================
  Seed: normal state
F_onsite: 0j
F_swave: 0j, F_dwave: 0j
F_px: 0j, F_py: 0j
Free_energy = -13589.276148766223
------------------------------------------
[{'stable': {}, 'free': np.float64(-13589.276148766223)}]
------------------------------------------
  Seed: px
F_onsite: 2.388939366366716e-19j
F_swave: -1.6250222040163758e-19j, F_dwave: 6.03777773201654e-20j
F_px: (1.4436351900011101e-15+0j), F_py: (1.0336526031314707e-19+0j)
Free_energy = -13589.276148766223
------------------------------------------
[{'stable': {}, 'free': np.float64(-13589.276148766223)}]
------------------------------------------
  Seed: py
F_onsite: 5.30834160240586e-20j
F_swave: -3.80934156611929e-20j, F_dwave: -2.3232454714656928e-20j
F_px: (6.031359522362293e-20+0j), F_py: (1.443866951802517e-15+0j)
Free_energy = -13589.276148766223
------------------------------------------
[{'stable': {}, 'free': np.float64(-13589.276148766223)}]
------------------------------------------
  Seed: px+py
F_onsite: -4.598760068707188e-20j
F_swave: 4.1624803767223755e-20j, F_dwave: 2.4814302694356262e-20j
F_px: (1.4448553664904894e-15+0j), F_py: (1.4447943129974529e-15+0j)
Free_energy = -13589.276148766223
------------------------------------------
[{'stable': {}, 'free': np.float64(-13589.276148766223)}]
------------------------------------------
  Seed: px+i*py
F_onsite: (1.959144825235288e-19-1.0979563941604083e-19j)
F_swave: (-1.533418634376825e-19+7.102177060898385e-20j), F_dwave: (-2.0885901509426043e-20-2.0197200280890022e-20j)
F_px: (1.2744226528136505e-15-2.3305871127129497e-21j), F_py: (-9.3660940395982e-20+1.2747506461485219e-15j)
Free_energy = -13589.276148766226
------------------------------------------
[{'stable': {}, 'free': np.float64(-13589.276148766223)}]
------------------------------------------
  Seed: d-wave
F_onsite: (3.6182584781111917e-20+0j)
F_swave: (-1.922130497875307e-20+0j), F_dwave: (1.8290628941842167e-20+0j)
F_px: 4.97682078245332e-20j, F_py: 1.339019426487755e-15j
Free_energy = -13589.276148766223
------------------------------------------
[{'stable': {}, 'free': np.float64(-13589.276148766223)}]
------------------------------------------
  Seed: s-wave
F_onsite: (-2.695051260428963e-20+0j)
F_swave: (4.461860019395289e-21+0j), F_dwave: (-2.844250665016804e-20+0j)
F_px: -1.990109619403215e-19j, F_py: -1.339151775412899e-15j
Free_energy = -13589.276148766223
------------------------------------------
[{'stable': {}, 'free': np.float64(-13589.276148766223)}]
------------------------------------------
====================================
mu=2.10, T=0.0700
====================================
  Seed: normal state
F_onsite: 0j
F_swave: 0j, F_dwave: 0j
F_px: 0j, F_py: 0j
Free_energy = -13590.091650022907
------------------------------------------
[{'stable': {}, 'free': np.float64(-13590.091650022907)}]
------------------------------------------
  Seed: px
F_onsite: 8.470230908101588e-20j
F_swave: -7.639604553085927e-20j, F_dwave: 2.693100046801178e-20j
F_px: (1.1234485271004895e-15+0j), F_py: (9.236786010619618e-20+0j)
Free_energy = -13590.091650022907
------------------------------------------
[{'stable': {}, 'free': np.float64(-13590.091650022907)}]
------------------------------------------
  Seed: py
F_onsite: 2.28914359353079e-20j
F_swave: -2.4156364147920564e-20j, F_dwave: -5.729391296012123e-21j
F_px: (-9.241881285097921e-20+0j), F_py: (1.123555512452859e-15+0j)
Free_energy = -13590.091650022907
------------------------------------------
[{'stable': {}, 'free': np.float64(-13590.091650022907)}]
------------------------------------------
  Seed: px+py
F_onsite: 4.7691517544589315e-20j
F_swave: -3.444120931697161e-20j, F_dwave: 5.1389891369465846e-20j
F_px: (1.1246623662992072e-15+0j), F_py: (1.124842696275336e-15+0j)
Free_energy = -13590.091650022907
------------------------------------------
[{'stable': {}, 'free': np.float64(-13590.091650022907)}]
------------------------------------------
  Seed: px+i*py
F_onsite: (2.108553304948554e-19-6.5683240525232e-20j)
F_swave: (-1.4234435020166986e-19+2.162261238699377e-20j), F_dwave: (-5.262793552738243e-21-1.9315160091011445e-20j)
F_px: (9.925442337024275e-16-4.3222838643838876e-20j), F_py: (-1.1296541198842496e-19+9.92725316152837e-16j)
Free_energy = -13590.091650022907
------------------------------------------
[{'stable': {}, 'free': np.float64(-13590.091650022907)}]
------------------------------------------
  Seed: d-wave
F_onsite: (4.7037340365673623e-20+0j)
F_swave: (-3.681074757411526e-20+0j), F_dwave: (2.2658190163413065e-20+0j)
F_px: -4.985699860082733e-21j, F_py: 1.0417459025224133e-15j
Free_energy = -13590.091650022907
------------------------------------------
[{'stable': {}, 'free': np.float64(-13590.091650022907)}]
------------------------------------------
  Seed: s-wave
F_onsite: (-1.3451975285850878e-20+0j)
F_swave: (2.3549259134280413e-20+0j), F_dwave: (-3.6613515205467245e-20+0j)
F_px: -2.310737067880043e-19j, F_py: -1.0418594033069302e-15j
Free_energy = -13590.091650022907
------------------------------------------
[{'stable': {}, 'free': np.float64(-13590.091650022907)}]
------------------------------------------
====================================
mu=2.10, T=0.0730
====================================
  Seed: normal state
F_onsite: 0j
F_swave: 0j, F_dwave: 0j
F_px: 0j, F_py: 0j
Free_energy = -13590.942838599673
------------------------------------------
[{'stable': {}, 'free': np.float64(-13590.942838599673)}]
------------------------------------------
  Seed: px
F_onsite: 1.0754153744336207e-19j
F_swave: -5.63207991905546e-20j, F_dwave: -3.364839687723143e-20j
F_px: (8.642360655841836e-16+0j), F_py: (1.4751021986732104e-19+0j)
Free_energy = -13590.942838599673
------------------------------------------
[{'stable': {}, 'free': np.float64(-13590.942838599673)}]
------------------------------------------
  Seed: py
F_onsite: -1.1414078446692321e-19j
F_swave: 8.37778911779721e-20j, F_dwave: -3.395781719913307e-20j
F_px: (-4.416199769176782e-20+0j), F_py: (8.642530396866422e-16+0j)
Free_energy = -13590.942838599673
------------------------------------------
[{'stable': {}, 'free': np.float64(-13590.942838599673)}]
------------------------------------------
  Seed: px+py
F_onsite: -2.6806396522955626e-19j
F_swave: 1.7170789488388765e-19j, F_dwave: 7.117493787339218e-20j
F_px: (8.659765642784395e-16+0j), F_py: (8.659886318870485e-16+0j)
Free_energy = -13590.942838599673
------------------------------------------
[{'stable': {}, 'free': np.float64(-13590.942838599673)}]
------------------------------------------
  Seed: px+i*py
F_onsite: (-1.4564236204296472e-19-1.593601381799554e-20j)
F_swave: (1.156727399142176e-19+2.845640390903488e-21j), F_dwave: (2.7384026240362164e-20-6.748350933922429e-21j)
F_px: (7.647544653482346e-16-6.492872450951565e-20j), F_py: (-9.922548013352589e-20+7.649260309302281e-16j)
Free_energy = -13590.942838599673
------------------------------------------
[{'stable': {}, 'free': np.float64(-13590.942838599673)}]
------------------------------------------
  Seed: d-wave
F_onsite: (-5.9454188430107556e-21+0j)
F_swave: (1.608452870012427e-20+0j), F_dwave: (-1.4551338189753468e-20+0j)
F_px: 2.4059590762569256e-20j, F_py: 8.011467910691969e-16j
Free_energy = -13590.942838599673
------------------------------------------
[{'stable': {}, 'free': np.float64(-13590.942838599673)}]
------------------------------------------
  Seed: s-wave
F_onsite: (-1.8125119990111233e-19+0j)
F_swave: (1.296223865617349e-19+0j), F_dwave: (-2.0553911459671943e-20+0j)
F_px: -1.2915248576578512e-19j, F_py: -8.011629920734571e-16j
Free_energy = -13590.942838599673
------------------------------------------
[{'stable': {}, 'free': np.float64(-13590.942838599673)}]
------------------------------------------
====================================
mu=2.10, T=0.0760
====================================
  Seed: normal state
F_onsite: 0j
F_swave: 0j, F_dwave: 0j
F_px: 0j, F_py: 0j
Free_energy = -13591.829753659496
------------------------------------------
[{'stable': {}, 'free': np.float64(-13591.829753659496)}]
------------------------------------------
  Seed: px
F_onsite: -5.1155945618821155e-20j
F_swave: 5.578955081727542e-20j, F_dwave: 4.394191791016626e-20j
F_px: (6.567754616022241e-16+0j), F_py: (3.717709393772316e-20+0j)
Free_energy = -13591.829753659496
------------------------------------------
[{'stable': {}, 'free': np.float64(-13591.829753659496)}]
------------------------------------------
  Seed: py
F_onsite: -1.2099246662171805e-19j
F_swave: 9.388380827882917e-20j, F_dwave: -4.889815963541893e-20j
F_px: (-6.500561179243427e-20+0j), F_py: (6.570126481138691e-16+0j)
Free_energy = -13591.829753659496
------------------------------------------
[{'stable': {}, 'free': np.float64(-13591.829753659496)}]
------------------------------------------
  Seed: px+py
F_onsite: -1.9977138717758948e-19j
F_swave: 1.1531426123170043e-19j, F_dwave: 3.818783067774858e-20j
F_px: (6.592539985444178e-16+0j), F_py: (6.594581113476613e-16+0j)
Free_energy = -13591.829753659496
------------------------------------------
[{'stable': {}, 'free': np.float64(-13591.829753659496)}]
------------------------------------------
  Seed: px+i*py
F_onsite: (2.593991482994743e-21+9.794950422737854e-20j)
F_swave: (1.097501368108638e-19-6.504224007927969e-20j), F_dwave: (-4.1114455474134045e-21+4.6453489137669676e-20j)
F_px: (5.830526920478533e-16-2.3028110223514667e-20j), F_py: (-6.30987439348023e-20+5.8312051536534545e-16j)
Free_energy = -13591.829753659496
------------------------------------------
[{'stable': {}, 'free': np.float64(-13591.829753659496)}]
------------------------------------------
  Seed: d-wave
F_onsite: (2.7214564845186794e-20+0j)
F_swave: (-3.018462803115608e-20+0j), F_dwave: (-4.6189320099806936e-20+0j)
F_px: 1.0258102995206627e-19j, F_py: 6.086127141411768e-16j
Free_energy = -13591.829753659496
------------------------------------------
[{'stable': {}, 'free': np.float64(-13591.829753659496)}]
------------------------------------------
  Seed: s-wave
F_onsite: (-3.151863716137435e-20+0j)
F_swave: (1.883530223340817e-20+0j), F_dwave: (-2.5490434918894796e-20+0j)
F_px: -8.2070728055521e-20j, F_py: -6.085352964792893e-16j
Free_energy = -13591.829753659496
------------------------------------------
[{'stable': {}, 'free': np.float64(-13591.829753659496)}]
------------------------------------------
====================================
mu=2.10, T=0.0790
====================================
  Seed: normal state
F_onsite: 0j
F_swave: 0j, F_dwave: 0j
F_px: 0j, F_py: 0j
Free_energy = -13592.752427846419
------------------------------------------
[{'stable': {}, 'free': np.float64(-13592.752427846419)}]
------------------------------------------
  Seed: px
F_onsite: -1.661623677380939e-19j
F_swave: 1.1181742246160405e-19j, F_dwave: 2.913540462853953e-20j
F_px: (4.925178532356116e-16+0j), F_py: (-1.47038321684737e-20+0j)
Free_energy = -13592.752427846419
------------------------------------------
[{'stable': {}, 'free': np.float64(-13592.752427846419)}]
------------------------------------------
  Seed: py
F_onsite: -1.1303265894314703e-20j
F_swave: 8.591326441885637e-21j, F_dwave: -3.433175074152514e-20j
F_px: (2.7080268288509972e-20+0j), F_py: (4.925893924218399e-16+0j)
Free_energy = -13592.752427846419
------------------------------------------
[{'stable': {}, 'free': np.float64(-13592.752427846419)}]
------------------------------------------
  Seed: px+py
F_onsite: -1.0382215816282559e-19j
F_swave: 6.642317288104347e-20j, F_dwave: 1.6007002430196696e-20j
F_px: (4.959144971615852e-16+0j), F_py: (4.961035256170678e-16+0j)
Free_energy = -13592.752427846419
------------------------------------------
[{'stable': {}, 'free': np.float64(-13592.752427846419)}]
------------------------------------------
  Seed: px+i*py
F_onsite: (-1.6359704018882286e-19+6.440438145160982e-20j)
F_swave: (1.0068950606628311e-19-4.42824185698476e-20j), F_dwave: (8.373170448036919e-21+5.478784717366288e-20j)
F_px: (4.393676723140192e-16-8.141063444807805e-20j), F_py: (-5.931578195955255e-20+4.396652565419055e-16j)
Free_energy = -13592.752427846419
------------------------------------------
[{'stable': {}, 'free': np.float64(-13592.752427846419)}]
------------------------------------------
  Seed: d-wave
F_onsite: (1.9777756785608036e-19+0j)
F_swave: (-1.1184675972203979e-19+0j), F_dwave: (-3.062986607793192e-20+0j)
F_px: -2.3388042865016596e-20j, F_py: 4.556019287954546e-16j
Free_energy = -13592.752427846419
------------------------------------------
[{'stable': {}, 'free': np.float64(-13592.752427846419)}]
------------------------------------------
  Seed: s-wave
F_onsite: (-1.753912297419102e-19+0j)
F_swave: (1.252679664037449e-19+0j), F_dwave: (-1.2194075586104655e-20+0j)
F_px: -1.5302788683479317e-20j, F_py: -4.553009412271674e-16j
Free_energy = -13592.752427846419
------------------------------------------
[{'stable': {}, 'free': np.float64(-13592.752427846419)}]
------------------------------------------
====================================
mu=2.10, T=0.0820
====================================
  Seed: normal state
F_onsite: 0j
F_swave: 0j, F_dwave: 0j
F_px: 0j, F_py: 0j
Free_energy = -13593.710889084752
------------------------------------------
[{'stable': {}, 'free': np.float64(-13593.710889084752)}]
------------------------------------------
  Seed: px
F_onsite: 2.201367172980751e-20j
F_swave: -1.9770704528754922e-20j, F_dwave: 2.955820770581568e-20j
F_px: (3.624819330888221e-16+0j), F_py: (-4.0455397975466134e-20+0j)
Free_energy = -13593.710889084752
------------------------------------------
[{'stable': {}, 'free': np.float64(-13593.710889084752)}]
------------------------------------------
  Seed: py
F_onsite: -3.942672753641546e-20j
F_swave: 1.6334309920464404e-20j, F_dwave: 3.081456463962157e-20j
F_px: (-1.0070372681982201e-19+0j), F_py: (3.625370248264058e-16+0j)
Free_energy = -13593.710889084752
------------------------------------------
[{'stable': {}, 'free': np.float64(-13593.710889084752)}]
------------------------------------------
  Seed: px+py
F_onsite: 2.015387554072467e-20j
F_swave: -4.278330481609649e-21j, F_dwave: 4.922248471086728e-20j
F_px: (3.681147650477104e-16+0j), F_py: (3.68203334013055e-16+0j)
Free_energy = -13593.710889084752
------------------------------------------
[{'stable': {}, 'free': np.float64(-13593.710889084752)}]
------------------------------------------
  Seed: px+i*py
F_onsite: (-8.228411207342327e-20+8.794245387958982e-20j)
F_swave: (5.602210274870515e-20-4.9529782900382485e-20j), F_dwave: (3.526016544181435e-20+2.170546558081239e-20j)
F_px: (3.2649091723123513e-16-6.123229294464034e-20j), F_py: (-7.412136108034485e-20+3.265857979234277e-16j)
Free_energy = -13593.710889084752
------------------------------------------
[{'stable': {}, 'free': np.float64(-13593.710889084752)}]
------------------------------------------
  Seed: d-wave
F_onsite: (2.0524526596863396e-19+0j)
F_swave: (-1.422707101053204e-19+0j), F_dwave: (1.6861660521172053e-20+0j)
F_px: 1.8613401775008046e-20j, F_py: 3.3418603890895674e-16j
Free_energy = -13593.710889084752
------------------------------------------
[{'stable': {}, 'free': np.float64(-13593.710889084752)}]
------------------------------------------
  Seed: s-wave
F_onsite: (-1.6738637560938249e-19+0j)
F_swave: (1.1224832830816067e-19+0j), F_dwave: (-4.762352209209763e-22+0j)
F_px: 2.610082632125954e-20j, F_py: -3.340089665868704e-16j
Free_energy = -13593.710889084752
------------------------------------------
[{'stable': {}, 'free': np.float64(-13593.710889084752)}]
------------------------------------------
====================================
mu=2.10, T=0.0850
====================================
  Seed: normal state
F_onsite: 0j
F_swave: 0j, F_dwave: 0j
F_px: 0j, F_py: 0j
Free_energy = -13594.705161939504
------------------------------------------
[{'stable': {}, 'free': np.float64(-13594.705161939504)}]
------------------------------------------
  Seed: px
F_onsite: -4.607179712131427e-20j
F_swave: -7.340091318561028e-21j, F_dwave: 4.9596539278827964e-20j
F_px: (2.591202996641963e-16+0j), F_py: (-9.907893780447609e-20+0j)
Free_energy = -13594.705161939504
------------------------------------------
[{'stable': {}, 'free': np.float64(-13594.705161939504)}]
------------------------------------------
  Seed: py
F_onsite: -1.6629024035667945e-19j
F_swave: 1.0907071309503344e-19j, F_dwave: -1.0906600808796113e-20j
F_px: (-1.6164797527150935e-19+0j), F_py: (2.5918702039758247e-16+0j)
Free_energy = -13594.7051619395
------------------------------------------
[{'stable': {}, 'free': np.float64(-13594.705161939504)}]
------------------------------------------
  Seed: px+py
F_onsite: -9.850698104710074e-20j
F_swave: 1.1640799265832863e-19j, F_dwave: 5.039870942515344e-20j
F_px: (2.684857826404144e-16+0j), F_py: (2.6860094743857046e-16+0j)
Free_energy = -13594.705161939504
------------------------------------------
[{'stable': {}, 'free': np.float64(-13594.705161939504)}]
------------------------------------------
  Seed: px+i*py
F_onsite: (-8.526200003979052e-20+5.3931973266135053e-20j)
F_swave: (1.2553583952314095e-19-6.78861045050388e-21j), F_dwave: (3.691972894470843e-20+1.685265267186053e-20j)
F_px: (2.371058575915059e-16-4.674733911411189e-20j), F_py: (-1.2566156280300068e-19+2.370945178295112e-16j)
Free_energy = -13594.705161939504
------------------------------------------
[{'stable': {}, 'free': np.float64(-13594.705161939504)}]
------------------------------------------
  Seed: d-wave
F_onsite: (1.1914819968899691e-19+0j)
F_swave: (-1.1708246362991657e-19+0j), F_dwave: (-2.1271189567124314e-20+0j)
F_px: 1.0333861859816183e-19j, F_py: 2.365710934848503e-16j
Free_energy = -13594.705161939504
------------------------------------------
[{'stable': {}, 'free': np.float64(-13594.705161939504)}]
------------------------------------------
  Seed: s-wave
F_onsite: (-4.7181669072574385e-20+0j)
F_swave: (4.3106365205860674e-20+0j), F_dwave: (3.947236751849187e-20+0j)
F_px: 1.051420277417752e-20j, F_py: -2.36434939498341e-16j
Free_energy = -13594.705161939504
------------------------------------------
[{'stable': {}, 'free': np.float64(-13594.705161939504)}]
------------------------------------------
====================================
mu=2.10, T=0.0880
====================================
  Seed: normal state
F_onsite: 0j
F_swave: 0j, F_dwave: 0j
F_px: 0j, F_py: 0j
Free_energy = -13595.735268639184
------------------------------------------
[{'stable': {}, 'free': np.float64(-13595.735268639184)}]
------------------------------------------
  Seed: px
F_onsite: 2.7365460898282654e-20j
F_swave: -1.6003482083364238e-20j, F_dwave: 3.2005506270935386e-20j
F_px: (1.7151175310762463e-16+0j), F_py: (-1.5679251924365536e-19+0j)
Free_energy = -13595.735268639184
------------------------------------------
[{'stable': {}, 'free': np.float64(-13595.735268639184)}]
------------------------------------------
  Seed: py
F_onsite: -3.172136989285244e-20j
F_swave: 1.8640381060514676e-20j, F_dwave: 6.066729386258335e-21j
F_px: (-1.5942615855072642e-19+0j), F_py: (1.7151452013453584e-16+0j)
Free_energy = -13595.735268639184
------------------------------------------
[{'stable': {}, 'free': np.float64(-13595.735268639184)}]
------------------------------------------
  Seed: px+py
F_onsite: -1.7731233177992078e-19j
F_swave: 1.3286486328475784e-19j, F_dwave: 8.382977808504182e-20j
F_px: (1.9085029155323136e-16+0j), F_py: (1.9082171074268631e-16+0j)
Free_energy = -13595.735268639184
------------------------------------------
[{'stable': {}, 'free': np.float64(-13595.735268639184)}]
------------------------------------------
  Seed: px+i*py
F_onsite: (-2.1369639988948835e-19-4.407244396792075e-20j)
F_swave: (1.355594291920739e-19+3.355529457640068e-20j), F_dwave: (2.1593739647373463e-20+5.824578420787368e-21j)
F_px: (1.6256876396303028e-16-8.928819496659249e-20j), F_py: (-1.2634854129258126e-19+1.625808470893573e-16j)
Free_energy = -13595.735268639184
------------------------------------------
[{'stable': {}, 'free': np.float64(-13595.735268639184)}]
------------------------------------------
  Seed: d-wave
F_onsite: (6.307488972103047e-20+0j)
F_swave: (-5.542133093621331e-20+0j), F_dwave: (-4.368543055841546e-21+0j)
F_px: 4.3715865201147296e-20j, F_py: 1.5264689013620003e-16j
Free_energy = -13595.735268639184
------------------------------------------
[{'stable': {}, 'free': np.float64(-13595.735268639184)}]
------------------------------------------
  Seed: s-wave
F_onsite: (-7.415547739641478e-20+0j)
F_swave: (1.9947636879078352e-20+0j), F_dwave: (4.8977894181041814e-20+0j)
F_px: 5.189552906955692e-20j, F_py: -1.5247409801028537e-16j
Free_energy = -13595.735268639184
------------------------------------------
[{'stable': {}, 'free': np.float64(-13595.735268639184)}]
------------------------------------------
====================================
mu=2.10, T=0.0910
====================================
  Seed: normal state
F_onsite: 0j
F_swave: 0j, F_dwave: 0j
F_px: 0j, F_py: 0j
Free_energy = -13596.801229842647
------------------------------------------
[{'stable': {}, 'free': np.float64(-13596.801229842647)}]
------------------------------------------
  Seed: px
F_onsite: 5.59524615284817e-20j
F_swave: -2.462965918030042e-20j, F_dwave: -3.3604628663671497e-21j
F_px: (1.0098486497820559e-16+0j), F_py: (-1.0204006108351517e-19+0j)
Free_energy = -13596.801229842647
------------------------------------------
[{'stable': {}, 'free': np.float64(-13596.801229842647)}]
------------------------------------------
  Seed: py
F_onsite: -5.849600313008529e-21j
F_swave: -4.969027557211867e-21j, F_dwave: -2.1441556721375338e-20j
F_px: (-1.7853739511357892e-19+0j), F_py: (1.0093607152099324e-16+0j)
Free_energy = -13596.801229842647
------------------------------------------
[{'stable': {}, 'free': np.float64(-13596.801229842647)}]
------------------------------------------
  Seed: px+py
F_onsite: -2.7880451130450743e-19j
F_swave: 1.750285748728857e-19j, F_dwave: 4.267962048708043e-20j
F_px: (1.2953644195040552e-16+0j), F_py: (1.2975592885914212e-16+0j)
Free_energy = -13596.801229842647
------------------------------------------
[{'stable': {}, 'free': np.float64(-13596.801229842647)}]
------------------------------------------
  Seed: px+i*py
F_onsite: (-1.1701577614626642e-19-6.707468456864679e-20j)
F_swave: (7.92143985125297e-20+3.339719452192736e-20j), F_dwave: (1.0933584657727309e-20-2.562649029497501e-20j)
F_px: (1.0277202612656662e-16-4.129218407201217e-20j), F_py: (-8.803111733812126e-20+1.0264245731874315e-16j)
Free_energy = -13596.801229842647
------------------------------------------
[{'stable': {}, 'free': np.float64(-13596.801229842647)}]
------------------------------------------
  Seed: d-wave
F_onsite: (1.3925733821886236e-19+0j)
F_swave: (-8.981587882830996e-20+0j), F_dwave: (-8.318400660349513e-21+0j)
F_px: 9.899081170105541e-21j, F_py: 8.744200438979497e-17j
Free_energy = -13596.801229842647
------------------------------------------
[{'stable': {}, 'free': np.float64(-13596.801229842647)}]
------------------------------------------
  Seed: s-wave
F_onsite: (-2.0331696606732498e-19+0j)
F_swave: (1.4094348317337662e-19+0j), F_dwave: (2.0391343182174564e-20+0j)
F_px: 4.231852637432564e-20j, F_py: -8.734677393424653e-17j
Free_energy = -13596.801229842647
------------------------------------------
[{'stable': {}, 'free': np.float64(-13596.801229842647)}]
------------------------------------------
====================================
mu=2.10, T=0.0940
====================================
  Seed: normal state
F_onsite: 0j
F_swave: 0j, F_dwave: 0j
F_px: 0j, F_py: 0j
Free_energy = -13597.903065210961
------------------------------------------
[{'stable': {}, 'free': np.float64(-13597.903065210961)}]
------------------------------------------
  Seed: px
F_onsite: 3.6609116241478663e-20j
F_swave: -1.5437299938717796e-20j, F_dwave: 3.712316156754684e-20j
F_px: (5.061873575929507e-17+0j), F_py: (-9.64104186655221e-21+0j)
Free_energy = -13597.903065210961
------------------------------------------
[{'stable': {}, 'free': np.float64(-13597.903065210961)}]
------------------------------------------
  Seed: py
F_onsite: 1.0113342936895e-19j
F_swave: -6.48330261964051e-20j, F_dwave: 4.051677044924991e-20j
F_px: (3.331919507281456e-20+0j), F_py: (5.054795286660517e-17+0j)
Free_energy = -13597.903065210958
------------------------------------------
[{'stable': {}, 'free': np.float64(-13597.903065210961)}]
------------------------------------------
  Seed: px+py
F_onsite: -1.2956446649720333e-19j
F_swave: 1.2325265802988637e-19j, F_dwave: 2.803086217529388e-20j
F_px: (8.114544274155307e-17+0j), F_py: (8.12666586272976e-17+0j)
Free_energy = -13597.903065210961
------------------------------------------
[{'stable': {}, 'free': np.float64(-13597.903065210961)}]
------------------------------------------
  Seed: px+i*py
F_onsite: (-1.4389803399195976e-19-9.691918725919045e-21j)
F_swave: (1.0350133517420026e-19+3.683870875454819e-21j), F_dwave: (1.3763601127255623e-20+7.6633477064845875e-22j)
F_px: (5.720525119815342e-17+3.9733281332597646e-21j), F_py: (-1.0407493790174285e-19+5.70937714432524e-17j)
Free_energy = -13597.903065210961
------------------------------------------
[{'stable': {}, 'free': np.float64(-13597.903065210961)}]
------------------------------------------
  Seed: d-wave
F_onsite: (6.581229854501715e-21+0j)
F_swave: (-9.384660164639386e-23+0j), F_dwave: (-1.3490457274605099e-20+0j)
F_px: -2.954746962554088e-20j, F_py: 4.1601890125557406e-17j
Free_energy = -13597.903065210961
------------------------------------------
[{'stable': {}, 'free': np.float64(-13597.903065210961)}]
------------------------------------------
  Seed: s-wave
F_onsite: (-1.1168022888968095e-19+0j)
F_swave: (5.0918694535230246e-20+0j), F_dwave: (3.2226457148301742e-21+0j)
F_px: -2.9118781348449486e-22j, F_py: -4.160158354869046e-17j
Free_energy = -13597.903065210961
------------------------------------------
[{'stable': {}, 'free': np.float64(-13597.903065210961)}]
------------------------------------------
====================================
mu=2.10, T=0.0970
====================================
  Seed: normal state
F_onsite: 0j
F_swave: 0j, F_dwave: 0j
F_px: 0j, F_py: 0j
Free_energy = -13599.04079383415
------------------------------------------
[{'stable': {}, 'free': np.float64(-13599.04079383415)}]
------------------------------------------
  Seed: px
F_onsite: 3.816065073312879e-21j
F_swave: 9.896581915356792e-21j, F_dwave: 9.593199901995174e-21j
F_px: (1.8927714353872504e-17+0j), F_py: (-6.387690510327235e-20+0j)
Free_energy = -13599.04079383415
------------------------------------------
[{'stable': {}, 'free': np.float64(-13599.04079383415)}]
------------------------------------------
  Seed: py
F_onsite: 5.844279468488722e-20j
F_swave: -3.191428996859879e-20j, F_dwave: 2.8690342512093696e-20j
F_px: (4.7630038761571695e-20+0j), F_py: (1.8883683093690376e-17+0j)
Free_energy = -13599.04079383415
------------------------------------------
[{'stable': {}, 'free': np.float64(-13599.04079383415)}]
------------------------------------------
  Seed: px+py
F_onsite: -5.612107846851812e-20j
F_swave: 3.5073039035837387e-20j, F_dwave: -5.0882889145323254e-21j
F_px: (4.455539908458946e-17+0j), F_py: (4.452464179199018e-17+0j)
Free_energy = -13599.04079383415
------------------------------------------
[{'stable': {}, 'free': np.float64(-13599.04079383415)}]
------------------------------------------
  Seed: px+i*py
F_onsite: (-8.850467128392497e-20+1.3174766361070343e-19j)
F_swave: (4.2396561048732244e-20-8.594177947215667e-20j), F_dwave: (-4.4239923780887944e-21+2.2647685769912386e-21j)
F_px: (2.546582251424115e-17+1.0802361157412246e-20j), F_py: (-4.355946713404729e-20+2.5427112319274568e-17j)
Free_energy = -13599.04079383415
------------------------------------------
[{'stable': {}, 'free': np.float64(-13599.04079383415)}]
------------------------------------------
  Seed: d-wave
F_onsite: (-4.01400819340571e-20+0j)
F_swave: (2.1928104665687634e-20+0j), F_dwave: (-3.527570731072955e-21+0j)
F_px: -1.4420973566356874e-19j, F_py: 1.412702306974965e-17j
Free_energy = -13599.04079383415
------------------------------------------
[{'stable': {}, 'free': np.float64(-13599.04079383415)}]
------------------------------------------
  Seed: s-wave
F_onsite: (-1.750255367516376e-19+0j)
F_swave: (1.0220572670547279e-19+0j), F_dwave: (3.401701880747176e-21+0j)
F_px: 2.0114121281279312e-20j, F_py: -1.4118198123468987e-17j
Free_energy = -13599.04079383415
------------------------------------------
[{'stable': {}, 'free': np.float64(-13599.04079383415)}]
------------------------------------------
====================================
mu=2.10, T=0.1000
====================================
  Seed: normal state
F_onsite: 0j
F_swave: 0j, F_dwave: 0j
F_px: 0j, F_py: 0j
Free_energy = -13600.214434549223
------------------------------------------
[{'stable': {}, 'free': np.float64(-13600.214434549223)}]
------------------------------------------
  Seed: px
F_onsite: 1.81084465935406e-20j
F_swave: -1.1015462400443395e-20j, F_dwave: 5.785986812419533e-21j
F_px: (3.705999530549203e-18+0j), F_py: (6.293172817933517e-21+0j)
Free_energy = -13600.214434549223
------------------------------------------
[{'stable': {}, 'free': np.float64(-13600.214434549223)}]
------------------------------------------
  Seed: py
F_onsite: 2.965031376953299e-20j
F_swave: -1.6732260969326373e-20j, F_dwave: -7.710885844822404e-21j
F_px: (5.337566082130107e-20+0j), F_py: (3.686268685073224e-18+0j)
Free_energy = -13600.214434549223
------------------------------------------
[{'stable': {}, 'free': np.float64(-13600.214434549223)}]
------------------------------------------
  Seed: px+py
F_onsite: -5.0573378657892375e-20j
F_swave: 3.556795065467932e-20j, F_dwave: 1.92189532769411e-21j
F_px: (1.9073984442963077e-17+0j), F_py: (1.906008735874242e-17+0j)
Free_energy = -13600.214434549223
------------------------------------------
[{'stable': {}, 'free': np.float64(-13600.214434549223)}]
------------------------------------------
  Seed: px+i*py
F_onsite: (-8.048443591780362e-21+2.906040549438246e-20j)
F_swave: (3.2203478375879165e-21-1.3600944067337423e-20j), F_dwave: (1.204777959444694e-20-8.339866213315727e-21j)
F_px: (7.270011433890518e-18-9.947072817729094e-20j), F_py: (-3.2272328049238133e-20+7.291288815143321e-18j)
Free_energy = -13600.214434549225
------------------------------------------
[{'stable': {}, 'free': np.float64(-13600.214434549223)}]
------------------------------------------
  Seed: d-wave
F_onsite: (-2.8292106893601106e-21+0j)
F_swave: (6.34829034218518e-22+0j), F_dwave: (-1.1116296573562873e-21+0j)
F_px: -3.3189667882397736e-20j, F_py: 2.2194246927643767e-18j
Free_energy = -13600.214434549223
------------------------------------------
[{'stable': {}, 'free': np.float64(-13600.214434549223)}]
------------------------------------------
  Seed: s-wave
F_onsite: (-8.14395319356194e-20+0j)
F_swave: (4.155775866143786e-20+0j), F_dwave: (2.6690680478071873e-20+0j)
F_px: 1.2030718138670992e-20j, F_py: -2.180563406227686e-18j
Free_energy = -13600.214434549223
------------------------------------------
[{'stable': {}, 'free': np.float64(-13600.214434549223)}]
------------------------------------------
