/home/emilssp/D1/venv/bin/python
Python 3.10.12
Running job 14 out of 25
====================================
mu=3.30, T=0.0010
====================================
  Seed: normal state
F_onsite: 0j
F_swave: 0j, F_dwave: 0j
F_px: 0j, F_py: 0j
Free_energy = -18767.944516234686
------------------------------------------
[{'stable': {}, 'free': np.float64(-18767.944516234686)}]
------------------------------------------
  Seed: px+i*py
F_onsite: (-0.028212267687289086+0.011710956861354592j)
F_swave: (0.02524545725784729-0.010479429167795028j), F_dwave: (-6.765421556309548e-17-1.3010426069826053e-18j)
F_px: (-1.1449174941446927e-16-1.3877787807814457e-17j), F_py: (6.938893903907228e-18+6.071532165918825e-18j)
Free_energy = -18797.60049278344
------------------------------------------
[{'stable': {'F_onsite': np.complex128(-0.028212267687289086+0.011710956861354592j), 'F_swave': np.complex128(0.02524545725784729-0.010479429167795028j)}, 'free': np.float64(-18797.60049278344)}]
------------------------------------------
  Seed: s-wave
F_onsite: (-0.03054895543472233+0j)
F_swave: (0.027336528097148163+0j), F_dwave: (3.642919299551295e-17+0j)
F_px: 2.2039797287556895e-18j, F_py: -5.581947122405839e-19j
Free_energy = -18797.607488513517
------------------------------------------
[{'stable': {'F_onsite': np.complex128(-0.028212267687289086+0.011710956861354592j), 'F_swave': np.complex128(0.02524545725784729-0.010479429167795028j)}, 'free': np.float64(-18797.60049278344)}, {'stable': {'F_onsite': np.complex128(-0.03054895543472233+0j), 'F_swave': np.complex128(0.027336528097148163+0j)}, 'free': np.float64(-18797.607488513517)}]
------------------------------------------
  Seed: s-wave+px
F_onsite: (-0.030549507371206805+4.553183954847518e-18j)
F_swave: (0.027337045132658187-4.536496707257219e-18j), F_dwave: (5.793976409762536e-16-2.9953202597280196e-19j)
F_px: (9.407181821713406e-10+8.867376166568457e-19j), F_py: -6.103931176151302e-19j
Free_energy = -18797.608961948932
------------------------------------------
[{'stable': {'F_onsite': np.complex128(-0.028212267687289086+0.011710956861354592j), 'F_swave': np.complex128(0.02524545725784729-0.010479429167795028j)}, 'free': np.float64(-18797.60049278344)}, {'stable': {'F_onsite': np.complex128(-0.03054895543472233+0j), 'F_swave': np.complex128(0.027336528097148163+0j)}, 'free': np.float64(-18797.607488513517)}]
------------------------------------------
  Seed: s-wave+py
F_onsite: (-0.030549507371206815+1.3818242133065902e-18j)
F_swave: (0.027337045132658187-2.6885355141443527e-18j), F_dwave: (-6.210310043996969e-16-1.1576293411006116e-18j)
F_px: (-3.469446951953614e-18+1.3213713977167085e-19j), F_py: (9.407180937004433e-10-5.229369658111237e-19j)
Free_energy = -18797.608961948932
------------------------------------------
[{'stable': {'F_onsite': np.complex128(-0.028212267687289086+0.011710956861354592j), 'F_swave': np.complex128(0.02524545725784729-0.010479429167795028j)}, 'free': np.float64(-18797.60049278344)}, {'stable': {'F_onsite': np.complex128(-0.03054895543472233+0j), 'F_swave': np.complex128(0.027336528097148163+0j)}, 'free': np.float64(-18797.607488513517)}]
------------------------------------------
====================================
mu=3.30, T=0.0040
====================================
  Seed: normal state
F_onsite: 0j
F_swave: 0j, F_dwave: 0j
F_px: 0j, F_py: 0j
Free_energy = -18767.95094493297
------------------------------------------
[{'stable': {}, 'free': np.float64(-18767.95094493297)}]
------------------------------------------
  Seed: px+i*py
F_onsite: (-0.028213010537970984+0.011711265219845501j)
F_swave: (0.025246153129032403-0.010479718025022733j), F_dwave: (1.9081958235744878e-17+4.2500725161431774e-17j)
F_px: (-2.6020852139652106e-17-2.862293735361732e-17j), F_py: (6.938893903907228e-18+1.734723475976807e-18j)
Free_energy = -18797.602639591532
------------------------------------------
[{'stable': {'F_onsite': np.complex128(-0.028213010537970984+0.011711265219845501j), 'F_swave': np.complex128(0.025246153129032403-0.010479718025022733j)}, 'free': np.float64(-18797.602639591532)}]
------------------------------------------
  Seed: s-wave
F_onsite: (-0.030548237567070872+0j)
F_swave: (0.027335855624462686+0j), F_dwave: (-3.642919299551295e-17+0j)
F_px: 8.80067232197218e-19j, F_py: -3.902704304474189e-19j
Free_energy = -18797.605572192635
------------------------------------------
[{'stable': {'F_onsite': np.complex128(-0.028213010537970984+0.011711265219845501j), 'F_swave': np.complex128(0.025246153129032403-0.010479718025022733j)}, 'free': np.float64(-18797.602639591532)}, {'stable': {'F_onsite': np.complex128(-0.030548237567070872+0j), 'F_swave': np.complex128(0.027335855624462686+0j)}, 'free': np.float64(-18797.605572192635)}]
------------------------------------------
  Seed: s-wave+px
F_onsite: (-0.030548468927277667+4.63156158731668e-18j)
F_swave: (0.027336072354220184-3.554150246679044e-18j), F_dwave: (3.8163916471489756e-17+4.839734502374259e-19j)
F_px: (1.8529701731329062e-10+3.2105725074490186e-18j), F_py: (3.469446951953614e-18-5.119255374968178e-19j)
Free_energy = -18797.60618979015
------------------------------------------
[{'stable': {'F_onsite': np.complex128(-0.028213010537970984+0.011711265219845501j), 'F_swave': np.complex128(0.025246153129032403-0.010479718025022733j)}, 'free': np.float64(-18797.602639591532)}, {'stable': {'F_onsite': np.complex128(-0.030548237567070872+0j), 'F_swave': np.complex128(0.027335855624462686+0j)}, 'free': np.float64(-18797.605572192635)}]
------------------------------------------
  Seed: s-wave+py
F_onsite: (-0.03054846892727766+1.4917321821214322e-18j)
F_swave: (0.02733607235422019-1.4422324113780565e-18j), F_dwave: (-8.673617379884035e-19+2.829619439421397e-19j)
F_px: (-1.734723475976807e-18-2.1505107739602618e-18j), F_py: (1.852970051702263e-10-9.683704169484789e-19j)
Free_energy = -18797.60618979015
------------------------------------------
[{'stable': {'F_onsite': np.complex128(-0.028213010537970984+0.011711265219845501j), 'F_swave': np.complex128(0.025246153129032403-0.010479718025022733j)}, 'free': np.float64(-18797.602639591532)}, {'stable': {'F_onsite': np.complex128(-0.030548237567070872+0j), 'F_swave': np.complex128(0.027335855624462686+0j)}, 'free': np.float64(-18797.605572192635)}]
------------------------------------------
====================================
mu=3.30, T=0.0070
====================================
  Seed: normal state
F_onsite: 0j
F_swave: 0j, F_dwave: 0j
F_px: 0j, F_py: 0j
Free_energy = -18767.99031106625
------------------------------------------
[{'stable': {}, 'free': np.float64(-18767.99031106625)}]
------------------------------------------
  Seed: px+i*py
F_onsite: (-0.02821332190717504+0.011711394469693782j)
F_swave: (0.025246444810022726-0.01047983910226237j), F_dwave: (3.642919299551295e-17+1.474514954580286e-17j)
F_px: (1.5612511283791264e-17-3.469446951953614e-18j), F_py: (6.938893903907228e-18-3.469446951953614e-18j)
Free_energy = -18797.603539545176
------------------------------------------
[{'stable': {'F_onsite': np.complex128(-0.02821332190717504+0.011711394469693782j), 'F_swave': np.complex128(0.025246444810022726-0.01047983910226237j)}, 'free': np.float64(-18797.603539545176)}]
------------------------------------------
  Seed: s-wave
F_onsite: (-0.03054793660356927+0j)
F_swave: (0.027335573696246642+0j), F_dwave: (5.377642775528102e-17+0j)
F_px: 3.395331569068863e-18j, F_py: -1.0431210745436709e-18j
Free_energy = -18797.604768884372
------------------------------------------
[{'stable': {'F_onsite': np.complex128(-0.02821332190717504+0.011711394469693782j), 'F_swave': np.complex128(0.025246444810022726-0.01047983910226237j)}, 'free': np.float64(-18797.603539545176)}, {'stable': {'F_onsite': np.complex128(-0.03054793660356927+0j), 'F_swave': np.complex128(0.027335573696246642+0j)}, 'free': np.float64(-18797.604768884372)}]
------------------------------------------
  Seed: s-wave+px
F_onsite: (-0.030548033587293126+2.2888965827019736e-18j)
F_swave: (0.02733566454692055-1.3621877978625251e-18j), F_dwave: 1.0013517623321932e-18j
F_px: (3.6499088473807006e-11-4.3389262723101535e-19j), F_py: -1.0493679425296713e-18j
Free_energy = -18797.60502776833
------------------------------------------
[{'stable': {'F_onsite': np.complex128(-0.02821332190717504+0.011711394469693782j), 'F_swave': np.complex128(0.025246444810022726-0.01047983910226237j)}, 'free': np.float64(-18797.603539545176)}, {'stable': {'F_onsite': np.complex128(-0.03054793660356927+0j), 'F_swave': np.complex128(0.027335573696246642+0j)}, 'free': np.float64(-18797.604768884372)}]
------------------------------------------
  Seed: s-wave+py
F_onsite: (-0.030548033587293084+2.724632489590711e-18j)
F_swave: (0.027335664546920536-2.057495968439899e-18j), F_dwave: (3.469446951953614e-17+1.6278914455043585e-19j)
F_px: (3.469446951953614e-18-2.5019235679523896e-19j), F_py: (3.6499105821041766e-11-4.544331762019321e-19j)
Free_energy = -18797.60502776833
------------------------------------------
[{'stable': {'F_onsite': np.complex128(-0.02821332190717504+0.011711394469693782j), 'F_swave': np.complex128(0.025246444810022726-0.01047983910226237j)}, 'free': np.float64(-18797.603539545176)}, {'stable': {'F_onsite': np.complex128(-0.03054793660356927+0j), 'F_swave': np.complex128(0.027335573696246642+0j)}, 'free': np.float64(-18797.604768884372)}]
------------------------------------------
====================================
mu=3.30, T=0.0100
====================================
  Seed: normal state
F_onsite: 0j
F_swave: 0j, F_dwave: 0j
F_px: 0j, F_py: 0j
Free_energy = -18768.067889106893
------------------------------------------
[{'stable': {}, 'free': np.float64(-18768.067889106893)}]
------------------------------------------
  Seed: px+i*py
F_onsite: (-0.02821343685444249+0.01171144218448599j)
F_swave: (0.025246553605442434-0.01047988426341286j), F_dwave: (-6.938893903907228e-18-2.0383000842727483e-17j)
F_px: (-5.551115123125783e-17-2.7755575615628914e-17j), F_py: 8.673617379884035e-19j
Free_energy = -18797.603901700462
------------------------------------------
[{'stable': {'F_onsite': np.complex128(-0.02821343685444249+0.01171144218448599j), 'F_swave': np.complex128(0.025246553605442434-0.01047988426341286j)}, 'free': np.float64(-18797.603901700462)}]
------------------------------------------
  Seed: s-wave
F_onsite: (-0.030547793576604518+0j)
F_swave: (0.027335440923711984+0j), F_dwave: (5.377642775528102e-17+0j)
F_px: 3.311475307290687e-18j, F_py: -3.085317510373789e-19j
Free_energy = -18797.60441703875
------------------------------------------
[{'stable': {'F_onsite': np.complex128(-0.02821343685444249+0.01171144218448599j), 'F_swave': np.complex128(0.025246553605442434-0.01047988426341286j)}, 'free': np.float64(-18797.603901700462)}, {'stable': {'F_onsite': np.complex128(-0.030547793576604518+0j), 'F_swave': np.complex128(0.027335440923711984+0j)}, 'free': np.float64(-18797.60441703875)}]
------------------------------------------
  Seed: s-wave+px
F_onsite: (-0.030547834232132816+3.0466642806762263e-18j)
F_swave: (0.027335479008213138-1.6173035336636797e-18j), F_dwave: (-3.0357660829594124e-17+9.901815153402771e-19j)
F_px: (7.189490322523362e-12-3.400731404107609e-18j), F_py: (8.673617379884035e-18-1.0197217893757708e-18j)
Free_energy = -18797.604525560993
------------------------------------------
[{'stable': {'F_onsite': np.complex128(-0.02821343685444249+0.01171144218448599j), 'F_swave': np.complex128(0.025246553605442434-0.01047988426341286j)}, 'free': np.float64(-18797.603901700462)}, {'stable': {'F_onsite': np.complex128(-0.030547793576604518+0j), 'F_swave': np.complex128(0.027335440923711984+0j)}, 'free': np.float64(-18797.60441703875)}]
------------------------------------------
  Seed: s-wave+py
F_onsite: (-0.030547834232132778+2.328630598292947e-18j)
F_swave: (0.02733547900821304-1.6101037536120182e-18j), F_dwave: (1.3877787807814457e-17-7.602120701607346e-20j)
F_px: (-6.938893903907228e-18+3.501951841304498e-18j), F_py: (7.189547568398069e-12-6.33898281901437e-19j)
Free_energy = -18797.604525560993
------------------------------------------
[{'stable': {'F_onsite': np.complex128(-0.02821343685444249+0.01171144218448599j), 'F_swave': np.complex128(0.025246553605442434-0.01047988426341286j)}, 'free': np.float64(-18797.603901700462)}, {'stable': {'F_onsite': np.complex128(-0.030547793576604518+0j), 'F_swave': np.complex128(0.027335440923711984+0j)}, 'free': np.float64(-18797.60441703875)}]
------------------------------------------
====================================
mu=3.30, T=0.0130
====================================
  Seed: normal state
F_onsite: 0j
F_swave: 0j, F_dwave: 0j
F_px: 0j, F_py: 0j
Free_energy = -18768.179662874347
------------------------------------------
[{'stable': {}, 'free': np.float64(-18768.179662874347)}]
------------------------------------------
  Seed: px+i*py
F_onsite: (-0.028213098799825278+0.011711301857480644j)
F_swave: (0.025246264760867887-0.010479764363573906j), F_dwave: (1.5612511283791264e-17+5.637851296924623e-18j)
F_px: (2.2551405187698492e-17-1.6479873021779667e-17j), F_py: -2.6020852139652106e-18j
Free_energy = -18797.603678264702
------------------------------------------
[{'stable': {'F_onsite': np.complex128(-0.028213098799825278+0.011711301857480644j), 'F_swave': np.complex128(0.025246264760867887-0.010479764363573906j)}, 'free': np.float64(-18797.603678264702)}]
------------------------------------------
  Seed: s-wave
F_onsite: (-0.030547315445167842+0j)
F_swave: (0.02733502316200824+0j), F_dwave: (-5.377642775528102e-17+0j)
F_px: 7.74929267619278e-18j, F_py: -5.535360310306853e-19j
Free_energy = -18797.603894319218
------------------------------------------
[{'stable': {'F_onsite': np.complex128(-0.028213098799825278+0.011711301857480644j), 'F_swave': np.complex128(0.025246264760867887-0.010479764363573906j)}, 'free': np.float64(-18797.603678264702)}, {'stable': {'F_onsite': np.complex128(-0.030547315445167842+0j), 'F_swave': np.complex128(0.02733502316200824+0j)}, 'free': np.float64(-18797.603894319218)}]
------------------------------------------
  Seed: s-wave+px
F_onsite: (-0.030547332492506067+1.506924474039229e-18j)
F_swave: (0.027335039131007634-3.681946342596037e-19j), F_dwave: (-2.168404344971009e-17+1.3359297764976418e-18j)
F_px: (1.4161987554883737e-12-2.678106420981284e-18j), F_py: (1.734723475976807e-18-1.0112514599032278e-18j)
Free_energy = -18797.603939816385
------------------------------------------
[{'stable': {'F_onsite': np.complex128(-0.028213098799825278+0.011711301857480644j), 'F_swave': np.complex128(0.025246264760867887-0.010479764363573906j)}, 'free': np.float64(-18797.603678264702)}, {'stable': {'F_onsite': np.complex128(-0.030547315445167842+0j), 'F_swave': np.complex128(0.02733502316200824+0j)}, 'free': np.float64(-18797.603894319218)}]
------------------------------------------
  Seed: s-wave+py
F_onsite: (-0.030547332492506015+2.593126591552515e-18j)
F_swave: (0.027335039131007564-2.097571214756868e-18j), F_dwave: (2.862293735361732e-17-5.081138892341734e-19j)
F_px: (-6.938893903907228e-18-2.3788920323637025e-18j), F_py: (1.4161120193145749e-12-4.616329562535937e-19j)
Free_energy = -18797.60393981638
------------------------------------------
[{'stable': {'F_onsite': np.complex128(-0.028213098799825278+0.011711301857480644j), 'F_swave': np.complex128(0.025246264760867887-0.010479764363573906j)}, 'free': np.float64(-18797.603678264702)}, {'stable': {'F_onsite': np.complex128(-0.030547315445167842+0j), 'F_swave': np.complex128(0.02733502316200824+0j)}, 'free': np.float64(-18797.603894319218)}]
------------------------------------------
====================================
mu=3.30, T=0.0160
====================================
  Seed: normal state
F_onsite: 0j
F_swave: 0j, F_dwave: 0j
F_px: 0j, F_py: 0j
Free_energy = -18768.32252356096
------------------------------------------
[{'stable': {}, 'free': np.float64(-18768.32252356096)}]
------------------------------------------
  Seed: px+i*py
F_onsite: (-0.028209568236463946+0.01170983631505494j)
F_swave: (0.02524315437430462-0.010478473237200511j), F_dwave: (-1.3877787807814457e-17+1.0842021724855044e-17j)
F_px: (-7.806255641895632e-17-3.469446951953614e-17j), F_py: (3.469446951953614e-18-8.673617379884035e-19j)
Free_energy = -18797.598869860736
------------------------------------------
[{'stable': {'F_onsite': np.complex128(-0.028209568236463946+0.01170983631505494j), 'F_swave': np.complex128(0.02524315437430462-0.010478473237200511j)}, 'free': np.float64(-18797.598869860736)}]
------------------------------------------
  Seed: s-wave
F_onsite: (-0.03054343386521546+0j)
F_swave: (0.027331600246361765+0j), F_dwave: (-5.377642775528102e-17+0j)
F_px: -1.9651164376299768e-18j, F_py: -4.614211980167801e-19j
Free_energy = -18797.59892859682
------------------------------------------
[{'stable': {'F_onsite': np.complex128(-0.028209568236463946+0.01170983631505494j), 'F_swave': np.complex128(0.02524315437430462-0.010478473237200511j)}, 'free': np.float64(-18797.598869860736)}, {'stable': {'F_onsite': np.complex128(-0.03054343386521546+0j), 'F_swave': np.complex128(0.027331600246361765+0j)}, 'free': np.float64(-18797.59892859682)}]
------------------------------------------
  Seed: s-wave+px
F_onsite: (-0.030543438504055765+2.5527462286545314e-18j)
F_swave: (0.02733160459134024-1.262290849645721e-18j), F_dwave: (7.28583859910259e-17+6.910730058411023e-19j)
F_px: (1.2381241865089265e-13-1.785651331930472e-18j), F_py: (-3.469446951953614e-18-1.4468381530287518e-18j)
Free_energy = -18797.59894096567
------------------------------------------
[{'stable': {'F_onsite': np.complex128(-0.028209568236463946+0.01170983631505494j), 'F_swave': np.complex128(0.02524315437430462-0.010478473237200511j)}, 'free': np.float64(-18797.598869860736)}, {'stable': {'F_onsite': np.complex128(-0.03054343386521546+0j), 'F_swave': np.complex128(0.027331600246361765+0j)}, 'free': np.float64(-18797.59892859682)}]
------------------------------------------
  Seed: s-wave+py
F_onsite: (-0.03054343850405575+4.442649838294058e-18j)
F_swave: (0.027331604591340205-3.602642882909353e-18j), F_dwave: (-3.0357660829594124e-17-3.7004751883172246e-19j)
F_px: (1.734723475976807e-18-1.2971250796015542e-18j), F_py: (1.2380547975698875e-13-8.602678370551488e-19j)
Free_energy = -18797.59894096567
------------------------------------------
[{'stable': {'F_onsite': np.complex128(-0.028209568236463946+0.01170983631505494j), 'F_swave': np.complex128(0.02524315437430462-0.010478473237200511j)}, 'free': np.float64(-18797.598869860736)}, {'stable': {'F_onsite': np.complex128(-0.03054343386521546+0j), 'F_swave': np.complex128(0.027331600246361765+0j)}, 'free': np.float64(-18797.59892859682)}]
------------------------------------------
====================================
mu=3.30, T=0.0190
====================================
  Seed: normal state
F_onsite: 0j
F_swave: 0j, F_dwave: 0j
F_px: 0j, F_py: 0j
Free_energy = -18768.494851464267
------------------------------------------
[{'stable': {}, 'free': np.float64(-18768.494851464267)}]
------------------------------------------
  Seed: px+i*py
F_onsite: (-0.028193203676440563+0.011703043360351209j)
F_swave: (0.025228535659728362-0.010472404985698335j), F_dwave: (4.336808689942018e-18-4.336808689942018e-19j)
F_px: (7.28583859910259e-17-2.42861286636753e-17j), F_py: (5.204170427930421e-18-2.6020852139652106e-18j)
Free_energy = -18797.571327694142
------------------------------------------
[{'stable': {'F_onsite': np.complex128(-0.028193203676440563+0.011703043360351209j), 'F_swave': np.complex128(0.025228535659728362-0.010472404985698335j)}, 'free': np.float64(-18797.571327694142)}]
------------------------------------------
  Seed: s-wave
F_onsite: (-0.03052569505073138+0j)
F_swave: (0.027315753005520523+0j), F_dwave: (-5.204170427930421e-18+0j)
F_px: -7.633884437129382e-19j, F_py: 2.0074680849926918e-19j
Free_energy = -18797.571332086707
------------------------------------------
[{'stable': {'F_onsite': np.complex128(-0.028193203676440563+0.011703043360351209j), 'F_swave': np.complex128(0.025228535659728362-0.010472404985698335j)}, 'free': np.float64(-18797.571327694142)}, {'stable': {'F_onsite': np.complex128(-0.03052569505073138+0j), 'F_swave': np.complex128(0.027315753005520523+0j)}, 'free': np.float64(-18797.571332086707)}]
------------------------------------------
  Seed: s-wave+px
F_onsite: (-0.0305256953987422-5.691785554826068e-18j)
F_swave: (0.027315753331386+3.7413445280222446e-18j), F_dwave: (7.806255641895632e-18-5.972641069326885e-19j)
F_px: (9.280770596475918e-16-4.0573936964665054e-18j), F_py: (-1.734723475976807e-18-1.481566503866178e-18j)
Free_energy = -18797.571333011845
------------------------------------------
[{'stable': {'F_onsite': np.complex128(-0.028193203676440563+0.011703043360351209j), 'F_swave': np.complex128(0.025228535659728362-0.010472404985698335j)}, 'free': np.float64(-18797.571327694142)}, {'stable': {'F_onsite': np.complex128(-0.03052569505073138+0j), 'F_swave': np.complex128(0.027315753005520523+0j)}, 'free': np.float64(-18797.571332086707)}]
------------------------------------------
  Seed: s-wave+py
F_onsite: (-0.03052569539874222-3.6069786302349266e-19j)
F_swave: (0.027315753331386024+1.0630263488041469e-19j), F_dwave: (1.8214596497756474e-17+1.427250516123496e-19j)
F_px: -2.24251972785576e-19j, F_py: (1.0495077029659683e-15-3.051436192483617e-19j)
Free_energy = -18797.571333011845
------------------------------------------
[{'stable': {'F_onsite': np.complex128(-0.028193203676440563+0.011703043360351209j), 'F_swave': np.complex128(0.025228535659728362-0.010472404985698335j)}, 'free': np.float64(-18797.571327694142)}, {'stable': {'F_onsite': np.complex128(-0.03052569505073138+0j), 'F_swave': np.complex128(0.027315753005520523+0j)}, 'free': np.float64(-18797.571332086707)}]
------------------------------------------
====================================
mu=3.30, T=0.0220
====================================
  Seed: normal state
F_onsite: 0j
F_swave: 0j, F_dwave: 0j
F_px: 0j, F_py: 0j
Free_energy = -18768.69598099506
------------------------------------------
[{'stable': {}, 'free': np.float64(-18768.69598099506)}]
------------------------------------------
  Seed: px+i*py
F_onsite: (-0.02815322981899649+0.011686450149011273j)
F_swave: (0.025192827367680286-0.010457582417289342j), F_dwave: (1.8214596497756474e-17-2.42861286636753e-17j)
F_px: (-6.938893903907228e-18+2.2551405187698492e-17j), F_py: (1.734723475976807e-18+1.734723475976807e-18j)
Free_energy = -18797.50485180401
------------------------------------------
[{'stable': {'F_onsite': np.complex128(-0.02815322981899649+0.011686450149011273j), 'F_swave': np.complex128(0.025192827367680286-0.010457582417289342j)}, 'free': np.float64(-18797.50485180401)}]
------------------------------------------
  Seed: s-wave
F_onsite: (-0.030482412464107884+0j)
F_swave: (0.02727708898618108+0j), F_dwave: (7.45931094670027e-17+0j)
F_px: -6.215104250478429e-19j, F_py: -3.951408698941311e-19j
Free_energy = -18797.504851947226
------------------------------------------
[{'stable': {'F_onsite': np.complex128(-0.02815322981899649+0.011686450149011273j), 'F_swave': np.complex128(0.025192827367680286-0.010457582417289342j)}, 'free': np.float64(-18797.50485180401)}, {'stable': {'F_onsite': np.complex128(-0.030482412464107884+0j), 'F_swave': np.complex128(0.02727708898618108+0j)}, 'free': np.float64(-18797.504851947226)}]
------------------------------------------
  Seed: s-wave+px
F_onsite: (-0.030482412475525158-6.719798904487905e-18j)
F_swave: (0.027277088996865262+7.742781110410763e-18j), F_dwave: (7.806255641895632e-18+1.8438319074950017e-18j)
F_px: (3.469446951953614e-18-4.2761399550949285e-18j), F_py: (-1.734723475976807e-18+2.329340604949326e-20j)
Free_energy = -18797.504851977417
------------------------------------------
[{'stable': {'F_onsite': np.complex128(-0.02815322981899649+0.011686450149011273j), 'F_swave': np.complex128(0.025192827367680286-0.010457582417289342j)}, 'free': np.float64(-18797.50485180401)}, {'stable': {'F_onsite': np.complex128(-0.030482412464107884+0j), 'F_swave': np.complex128(0.02727708898618108+0j)}, 'free': np.float64(-18797.504851947226)}]
------------------------------------------
  Seed: s-wave+py
F_onsite: (-0.030482412475525175-1.2443004962137493e-19j)
F_swave: (0.02727708899686527-5.229369658111237e-19j), F_dwave: (5.204170427930421e-18-8.175985523372134e-19j)
F_px: -5.962159036604613e-18j, F_py: (3.469446951953614e-18-4.776207031330186e-19j)
Free_energy = -18797.504851977417
------------------------------------------
[{'stable': {'F_onsite': np.complex128(-0.02815322981899649+0.011686450149011273j), 'F_swave': np.complex128(0.025192827367680286-0.010457582417289342j)}, 'free': np.float64(-18797.50485180401)}, {'stable': {'F_onsite': np.complex128(-0.030482412464107884+0j), 'F_swave': np.complex128(0.02727708898618108+0j)}, 'free': np.float64(-18797.504851947226)}]
------------------------------------------
====================================
mu=3.30, T=0.0250
====================================
  Seed: normal state
F_onsite: 0j
F_swave: 0j, F_dwave: 0j
F_px: 0j, F_py: 0j
Free_energy = -18768.925736340214
------------------------------------------
[{'stable': {}, 'free': np.float64(-18768.925736340214)}]
------------------------------------------
  Seed: px+i*py
F_onsite: (-0.02807678043992082+0.011654715891051192j)
F_swave: (0.025124553250420883-0.010429241723416952j), F_dwave: (-2.6020852139652106e-18+1.7780915628762273e-17j)
F_px: (8.153200337090993e-17+1.214306433183765e-17j), F_py: (-1.734723475976807e-18-6.071532165918825e-18j)
Free_energy = -18797.379921968026
------------------------------------------
[{'stable': {'F_onsite': np.complex128(-0.02807678043992082+0.011654715891051192j), 'F_swave': np.complex128(0.025124553250420883-0.010429241723416952j)}, 'free': np.float64(-18797.379921968026)}]
------------------------------------------
  Seed: s-wave
F_onsite: (-0.030399638196006475+0j)
F_swave: (0.02720316634183984+0j), F_dwave: (4.163336342344337e-17+0j)
F_px: -3.7544735387046863e-19j, F_py: -5.569241628197025e-20j
Free_energy = -18797.379921971162
------------------------------------------
[{'stable': {'F_onsite': np.complex128(-0.02807678043992082+0.011654715891051192j), 'F_swave': np.complex128(0.025124553250420883-0.010429241723416952j)}, 'free': np.float64(-18797.379921968026)}, {'stable': {'F_onsite': np.complex128(-0.030399638196006475+0j), 'F_swave': np.complex128(0.02720316634183984+0j)}, 'free': np.float64(-18797.379921971162)}]
------------------------------------------
  Seed: s-wave+px
F_onsite: (-0.03039963819626757-1.2366723331243848e-17j)
F_swave: (0.027203166342083984+1.1950364336337296e-17j), F_dwave: (2.6020852139652106e-17+1.2045867301140219e-18j)
F_px: (-6.938893903907228e-18+2.84073674685411e-19j), F_py: -9.462416812014603e-19j
Free_energy = -18797.379921971857
------------------------------------------
[{'stable': {'F_onsite': np.complex128(-0.02807678043992082+0.011654715891051192j), 'F_swave': np.complex128(0.025124553250420883-0.010429241723416952j)}, 'free': np.float64(-18797.379921968026)}, {'stable': {'F_onsite': np.complex128(-0.030399638196006475+0j), 'F_swave': np.complex128(0.02720316634183984+0j)}, 'free': np.float64(-18797.379921971162)}]
------------------------------------------
  Seed: s-wave+py
F_onsite: (-0.030399638196267564+0j)
F_swave: (0.027203166342083987+0j), F_dwave: (2.0816681711721685e-17+0j)
F_px: -2.5487221382881897e-18j, F_py: -5.349013061910907e-19j
Free_energy = -18797.379921971857
------------------------------------------
[{'stable': {'F_onsite': np.complex128(-0.02807678043992082+0.011654715891051192j), 'F_swave': np.complex128(0.025124553250420883-0.010429241723416952j)}, 'free': np.float64(-18797.379921968026)}, {'stable': {'F_onsite': np.complex128(-0.030399638196006475+0j), 'F_swave': np.complex128(0.02720316634183984+0j)}, 'free': np.float64(-18797.379921971162)}]
------------------------------------------
====================================
mu=3.30, T=0.0280
====================================
  Seed: normal state
F_onsite: 0j
F_swave: 0j, F_dwave: 0j
F_px: 0j, F_py: 0j
Free_energy = -18769.18415260515
------------------------------------------
[{'stable': {}, 'free': np.float64(-18769.18415260515)}]
------------------------------------------
  Seed: px+i*py
F_onsite: (-0.027949833659332672+0.011602020081992629j)
F_swave: (0.0250111396368568-0.010382163553357651j), F_dwave: (-2.2551405187698492e-17+8.673617379884035e-19j)
F_px: (6.418476861114186e-17-1.6479873021779667e-17j), F_py: (-6.938893903907228e-18-1.734723475976807e-18j)
Free_energy = -18797.174507062766
------------------------------------------
[{'stable': {'F_onsite': np.complex128(-0.027949833659332672+0.011602020081992629j), 'F_swave': np.complex128(0.0250111396368568-0.010382163553357651j)}, 'free': np.float64(-18797.174507062766)}]
------------------------------------------
  Seed: s-wave
F_onsite: (-0.03026218880993478+0j)
F_swave: (0.02708036975345263+0j), F_dwave: (1.5612511283791264e-17+0j)
F_px: -3.907151227447274e-18j, F_py: -8.036225087075174e-19j
Free_energy = -18797.174507062817
------------------------------------------
[{'stable': {'F_onsite': np.complex128(-0.027949833659332672+0.011602020081992629j), 'F_swave': np.complex128(0.0250111396368568-0.010382163553357651j)}, 'free': np.float64(-18797.174507062766)}, {'stable': {'F_onsite': np.complex128(-0.03026218880993478+0j), 'F_swave': np.complex128(0.02708036975345263+0j)}, 'free': np.float64(-18797.174507062817)}]
------------------------------------------
  Seed: s-wave+px
F_onsite: (-0.030262188809937647-1.0681545236535226e-17j)
F_swave: (0.027080369753455295+9.519803294191082e-18j), F_dwave: (-3.469446951953614e-17-7.125664668776802e-20j)
F_px: (-3.469446951953614e-18+3.933938644404191e-18j), F_py: -1.1336477207814742e-18j
Free_energy = -18797.174507062824
------------------------------------------
[{'stable': {'F_onsite': np.complex128(-0.027949833659332672+0.011602020081992629j), 'F_swave': np.complex128(0.0250111396368568-0.010382163553357651j)}, 'free': np.float64(-18797.174507062766)}, {'stable': {'F_onsite': np.complex128(-0.03026218880993478+0j), 'F_swave': np.complex128(0.02708036975345263+0j)}, 'free': np.float64(-18797.174507062817)}]
------------------------------------------
  Seed: s-wave+py
F_onsite: (-0.030262188809937647+0j)
F_swave: (0.027080369753455298+0j), F_dwave: (-3.2959746043559335e-17+0j)
F_px: 2.8369250985914654e-18j, F_py: -8.946785505373547e-19j
Free_energy = -18797.174507062824
------------------------------------------
[{'stable': {'F_onsite': np.complex128(-0.027949833659332672+0.011602020081992629j), 'F_swave': np.complex128(0.0250111396368568-0.010382163553357651j)}, 'free': np.float64(-18797.174507062766)}, {'stable': {'F_onsite': np.complex128(-0.03026218880993478+0j), 'F_swave': np.complex128(0.02708036975345263+0j)}, 'free': np.float64(-18797.174507062817)}]
------------------------------------------
====================================
mu=3.30, T=0.0310
====================================
  Seed: normal state
F_onsite: 0j
F_swave: 0j, F_dwave: 0j
F_px: 0j, F_py: 0j
Free_energy = -18769.471333454716
------------------------------------------
[{'stable': {}, 'free': np.float64(-18769.471333454716)}]
------------------------------------------
  Seed: px+i*py
F_onsite: (-0.027762015971378746+0.011524056663177544j)
F_swave: (0.024843371551931188-0.010312522756416028j), F_dwave: (1.734723475976807e-17-1.474514954580286e-17j)
F_px: (1.9081958235744878e-17-1.0408340855860843e-17j), F_py: 3.469446951953614e-18j
Free_energy = -18796.876870138676
------------------------------------------
[{'stable': {'F_onsite': np.complex128(-0.027762015971378746+0.011524056663177544j), 'F_swave': np.complex128(0.024843371551931188-0.010312522756416028j)}, 'free': np.float64(-18796.876870138676)}]
------------------------------------------
  Seed: s-wave
F_onsite: (-0.030058832525086985+0j)
F_swave: (0.02689872182221516+0j), F_dwave: (6.938893903907228e-18+0j)
F_px: 1.5043305143236374e-18j, F_py: -1.0238510749936355e-18j
Free_energy = -18796.876870138676
------------------------------------------
[{'stable': {'F_onsite': np.complex128(-0.027762015971378746+0.011524056663177544j), 'F_swave': np.complex128(0.024843371551931188-0.010312522756416028j)}, 'free': np.float64(-18796.876870138676)}, {'stable': {'F_onsite': np.complex128(-0.030058832525086985+0j), 'F_swave': np.complex128(0.02689872182221516+0j)}, 'free': np.float64(-18796.876870138676)}]
------------------------------------------
  Seed: s-wave+px
F_onsite: (-0.030058832525086992-1.5194935974744168e-17j)
F_swave: (0.02689872182221516+1.404084165016091e-17j), F_dwave: (4.336808689942018e-18+9.920873394715993e-20j)
F_px: (1.734723475976807e-18+5.552830364843973e-18j), F_py: (-5.204170427930421e-18-1.249902992792127e-18j)
Free_energy = -18796.876870138676
------------------------------------------
[{'stable': {'F_onsite': np.complex128(-0.027762015971378746+0.011524056663177544j), 'F_swave': np.complex128(0.024843371551931188-0.010312522756416028j)}, 'free': np.float64(-18796.876870138676)}, {'stable': {'F_onsite': np.complex128(-0.030058832525086985+0j), 'F_swave': np.complex128(0.02689872182221516+0j)}, 'free': np.float64(-18796.876870138676)}]
------------------------------------------
  Seed: s-wave+py
F_onsite: (-0.030058832525086995+0j)
F_swave: (0.026898721822215164+0j), F_dwave: (1.734723475976807e-18+0j)
F_px: 4.401818468643785e-18j, F_py: -7.4920064184642865e-19j
Free_energy = -18796.876870138676
------------------------------------------
[{'stable': {'F_onsite': np.complex128(-0.027762015971378746+0.011524056663177544j), 'F_swave': np.complex128(0.024843371551931188-0.010312522756416028j)}, 'free': np.float64(-18796.876870138676)}, {'stable': {'F_onsite': np.complex128(-0.030058832525086985+0j), 'F_swave': np.complex128(0.02689872182221516+0j)}, 'free': np.float64(-18796.876870138676)}]
------------------------------------------
====================================
mu=3.30, T=0.0340
====================================
  Seed: normal state
F_onsite: 0j
F_swave: 0j, F_dwave: 0j
F_px: 0j, F_py: 0j
Free_energy = -18769.787387844917
------------------------------------------
[{'stable': {}, 'free': np.float64(-18769.787387844917)}]
------------------------------------------
  Seed: px+i*py
F_onsite: (-0.02750229718242362+0.011416246983812203j)
F_swave: (0.024611366951218506-0.010216217280348138j), F_dwave: (-1.9949319973733282e-17-1.5178830414797062e-17j)
F_px: (5.204170427930421e-18+5.637851296924623e-17j), F_py: (-5.204170427930421e-18+2.6020852139652106e-18j)
Free_energy = -18796.47355137407
------------------------------------------
[{'stable': {'F_onsite': np.complex128(-0.02750229718242362+0.011416246983812203j), 'F_swave': np.complex128(0.024611366951218506-0.010216217280348138j)}, 'free': np.float64(-18796.47355137407)}]
------------------------------------------
  Seed: s-wave
F_onsite: (-0.029777626592892754+0j)
F_swave: (0.026647522937917+0j), F_dwave: (8.673617379884035e-18+0j)
F_px: 5.054669112740037e-19j, F_py: -9.327950331637982e-19j
Free_energy = -18796.47355137407
------------------------------------------
[{'stable': {'F_onsite': np.complex128(-0.02750229718242362+0.011416246983812203j), 'F_swave': np.complex128(0.024611366951218506-0.010216217280348138j)}, 'free': np.float64(-18796.47355137407)}, {'stable': {'F_onsite': np.complex128(-0.029777626592892754+0j), 'F_swave': np.complex128(0.026647522937917+0j)}, 'free': np.float64(-18796.47355137407)}]
------------------------------------------
  Seed: s-wave+px
F_onsite: (-0.02977762659289275-8.158056661128972e-18j)
F_swave: (0.026647522937917+8.652865072676305e-18j), F_dwave: (8.673617379884035e-18+1.6932188615613464e-18j)
F_px: (-3.469446951953614e-18-6.835555884342204e-19j), F_py: -1.3154421670859284e-18j
Free_energy = -18796.47355137407
------------------------------------------
[{'stable': {'F_onsite': np.complex128(-0.02750229718242362+0.011416246983812203j), 'F_swave': np.complex128(0.024611366951218506-0.010216217280348138j)}, 'free': np.float64(-18796.47355137407)}, {'stable': {'F_onsite': np.complex128(-0.029777626592892754+0j), 'F_swave': np.complex128(0.026647522937917+0j)}, 'free': np.float64(-18796.47355137407)}]
------------------------------------------
  Seed: s-wave+py
F_onsite: (-0.029777626592892754+0j)
F_swave: (0.026647522937917+0j), F_dwave: (8.673617379884035e-18+0j)
F_px: 5.054669112740037e-19j, F_py: -9.327950331637982e-19j
Free_energy = -18796.47355137407
------------------------------------------
[{'stable': {'F_onsite': np.complex128(-0.02750229718242362+0.011416246983812203j), 'F_swave': np.complex128(0.024611366951218506-0.010216217280348138j)}, 'free': np.float64(-18796.47355137407)}, {'stable': {'F_onsite': np.complex128(-0.029777626592892754+0j), 'F_swave': np.complex128(0.026647522937917+0j)}, 'free': np.float64(-18796.47355137407)}]
------------------------------------------
====================================
mu=3.30, T=0.0370
====================================
  Seed: normal state
F_onsite: 0j
F_swave: 0j, F_dwave: 0j
F_px: 0j, F_py: 0j
Free_energy = -18770.132406991816
------------------------------------------
[{'stable': {}, 'free': np.float64(-18770.132406991816)}]
------------------------------------------
  Seed: px+i*py
F_onsite: (-0.02716039807015044+0.01127432412248317j)
F_swave: (0.02430591112669759-0.010089422085305295j), F_dwave: (1.3010426069826053e-17-1.0842021724855044e-17j)
F_px: (4.85722573273506e-17-1.9081958235744878e-17j), F_py: (-1.734723475976807e-18+2.6020852139652106e-18j)
Free_energy = -18795.95412665836
------------------------------------------
[{'stable': {'F_onsite': np.complex128(-0.02716039807015044+0.01127432412248317j), 'F_swave': np.complex128(0.02430591112669759-0.010089422085305295j)}, 'free': np.float64(-18795.95412665836)}]
------------------------------------------
  Seed: s-wave
F_onsite: (-0.029407441366903122+0j)
F_swave: (0.026316796038164933+0j), F_dwave: (1.5612511283791264e-17+0j)
F_px: -5.037728453794951e-18j, F_py: -5.319366908757006e-19j
Free_energy = -18795.95412665836
------------------------------------------
[{'stable': {'F_onsite': np.complex128(-0.02716039807015044+0.01127432412248317j), 'F_swave': np.complex128(0.02430591112669759-0.010089422085305295j)}, 'free': np.float64(-18795.95412665836)}, {'stable': {'F_onsite': np.complex128(-0.029407441366903122+0j), 'F_swave': np.complex128(0.026316796038164933+0j)}, 'free': np.float64(-18795.95412665836)}]
------------------------------------------
  Seed: s-wave+px
F_onsite: (-0.029407441366903122-6.076587371916715e-18j)
F_swave: (0.02631679603816493+7.39253298672111e-18j), F_dwave: (1.3877787807814457e-17+1.6138624623154591e-18j)
F_px: (-3.469446951953614e-18-4.887909501249347e-18j), F_py: -8.677852544620307e-19j
Free_energy = -18795.95412665836
------------------------------------------
[{'stable': {'F_onsite': np.complex128(-0.02716039807015044+0.01127432412248317j), 'F_swave': np.complex128(0.02430591112669759-0.010089422085305295j)}, 'free': np.float64(-18795.95412665836)}, {'stable': {'F_onsite': np.complex128(-0.029407441366903122+0j), 'F_swave': np.complex128(0.026316796038164933+0j)}, 'free': np.float64(-18795.95412665836)}]
------------------------------------------
  Seed: s-wave+py
F_onsite: (-0.029407441366903122+0j)
F_swave: (0.026316796038164933+0j), F_dwave: (1.5612511283791264e-17+0j)
F_px: -5.037728453794951e-18j, F_py: -5.319366908757006e-19j
Free_energy = -18795.95412665836
------------------------------------------
[{'stable': {'F_onsite': np.complex128(-0.02716039807015044+0.01127432412248317j), 'F_swave': np.complex128(0.02430591112669759-0.010089422085305295j)}, 'free': np.float64(-18795.95412665836)}, {'stable': {'F_onsite': np.complex128(-0.029407441366903122+0j), 'F_swave': np.complex128(0.026316796038164933+0j)}, 'free': np.float64(-18795.95412665836)}]
------------------------------------------
====================================
mu=3.30, T=0.0400
====================================
  Seed: normal state
F_onsite: 0j
F_swave: 0j, F_dwave: 0j
F_px: 0j, F_py: 0j
Free_energy = -18770.50645963614
------------------------------------------
[{'stable': {}, 'free': np.float64(-18770.50645963614)}]
------------------------------------------
  Seed: px+i*py
F_onsite: (-0.026728246197724306+0.011094937197914552j)
F_swave: (0.023919821248943977-0.009929155567452438j), F_dwave: (2.168404344971009e-17-1.3877787807814457e-17j)
F_px: (-1.734723475976807e-18+7.806255641895632e-18j), F_py: (-1.734723475976807e-18-1.734723475976807e-18j)
Free_energy = -18795.31557297888
------------------------------------------
[{'stable': {'F_onsite': np.complex128(-0.026728246197724306+0.011094937197914552j), 'F_swave': np.complex128(0.023919821248943977-0.009929155567452438j)}, 'free': np.float64(-18795.31557297888)}]
------------------------------------------
  Seed: s-wave
F_onsite: (-0.02893953655869155+0j)
F_swave: (0.02589876404124532+0j), F_dwave: (1.0234868508263162e-16+0j)
F_px: 2.0400788534619824e-18j, F_py: -3.2758999235060066e-19j
Free_energy = -18795.31557297888
------------------------------------------
[{'stable': {'F_onsite': np.complex128(-0.026728246197724306+0.011094937197914552j), 'F_swave': np.complex128(0.023919821248943977-0.009929155567452438j)}, 'free': np.float64(-18795.31557297888)}, {'stable': {'F_onsite': np.complex128(-0.02893953655869155+0j), 'F_swave': np.complex128(0.02589876404124532+0j)}, 'free': np.float64(-18795.31557297888)}]
------------------------------------------
  Seed: s-wave+px
F_onsite: (-0.028939536558691546-7.032709683668574e-18j)
F_swave: (0.025898764041245314+6.794580665518777e-18j), F_dwave: (1.0581813203458523e-16+9.142661874426104e-19j)
F_px: (-6.938893903907228e-18+2.824643120856278e-18j), F_py: -6.369687763352339e-19j
Free_energy = -18795.31557297888
------------------------------------------
[{'stable': {'F_onsite': np.complex128(-0.026728246197724306+0.011094937197914552j), 'F_swave': np.complex128(0.023919821248943977-0.009929155567452438j)}, 'free': np.float64(-18795.31557297888)}, {'stable': {'F_onsite': np.complex128(-0.02893953655869155+0j), 'F_swave': np.complex128(0.02589876404124532+0j)}, 'free': np.float64(-18795.31557297888)}]
------------------------------------------
  Seed: s-wave+py
F_onsite: (-0.02893953655869155+0j)
F_swave: (0.02589876404124532+0j), F_dwave: (1.0234868508263162e-16+0j)
F_px: 2.0400788534619824e-18j, F_py: -3.2758999235060066e-19j
Free_energy = -18795.31557297888
------------------------------------------
[{'stable': {'F_onsite': np.complex128(-0.026728246197724306+0.011094937197914552j), 'F_swave': np.complex128(0.023919821248943977-0.009929155567452438j)}, 'free': np.float64(-18795.31557297888)}, {'stable': {'F_onsite': np.complex128(-0.02893953655869155+0j), 'F_swave': np.complex128(0.02589876404124532+0j)}, 'free': np.float64(-18795.31557297888)}]
------------------------------------------
====================================
mu=3.30, T=0.0430
====================================
  Seed: normal state
F_onsite: 0j
F_swave: 0j, F_dwave: 0j
F_px: 0j, F_py: 0j
Free_energy = -18770.90959447655
------------------------------------------
[{'stable': {}, 'free': np.float64(-18770.90959447655)}]
------------------------------------------
  Seed: px+i*py
F_onsite: (-0.026195053728534895+0.010873608162096343j)
F_swave: (0.02344339856264047-0.009731391758143925j), F_dwave: (-1.6479873021779667e-17+4.206704429243757e-17j)
F_px: (4.683753385137379e-17-4.5102810375396984e-17j), F_py: (-5.204170427930421e-18-6.071532165918825e-18j)
Free_energy = -18794.550583942735
------------------------------------------
[{'stable': {'F_onsite': np.complex128(-0.026195053728534895+0.010873608162096343j), 'F_swave': np.complex128(0.02344339856264047-0.009731391758143925j)}, 'free': np.float64(-18794.550583942735)}]
------------------------------------------
  Seed: s-wave
F_onsite: (-0.02836223182867739+0j)
F_swave: (0.025382925791115653+0j), F_dwave: (3.2959746043559335e-17+0j)
F_px: 7.55976905424463e-18j, F_py: -7.140487745353752e-19j
Free_energy = -18794.550583942735
------------------------------------------
[{'stable': {'F_onsite': np.complex128(-0.026195053728534895+0.010873608162096343j), 'F_swave': np.complex128(0.02344339856264047-0.009731391758143925j)}, 'free': np.float64(-18794.550583942735)}, {'stable': {'F_onsite': np.complex128(-0.02836223182867739+0j), 'F_swave': np.complex128(0.025382925791115653+0j)}, 'free': np.float64(-18794.550583942735)}]
------------------------------------------
  Seed: s-wave+px
F_onsite: (-0.02836223182867739-4.37149268579094e-18j)
F_swave: (0.02538292579111565+3.503592967639803e-18j), F_dwave: (2.949029909160572e-17-4.654975440754414e-19j)
F_px: 1.0474409425746678e-17j, F_py: -7.183898183900535e-19j
Free_energy = -18794.550583942735
------------------------------------------
[{'stable': {'F_onsite': np.complex128(-0.026195053728534895+0.010873608162096343j), 'F_swave': np.complex128(0.02344339856264047-0.009731391758143925j)}, 'free': np.float64(-18794.550583942735)}, {'stable': {'F_onsite': np.complex128(-0.02836223182867739+0j), 'F_swave': np.complex128(0.025382925791115653+0j)}, 'free': np.float64(-18794.550583942735)}]
------------------------------------------
  Seed: s-wave+py
F_onsite: (-0.02836223182867739+0j)
F_swave: (0.025382925791115653+0j), F_dwave: (3.2959746043559335e-17+0j)
F_px: 7.55976905424463e-18j, F_py: -7.140487745353752e-19j
Free_energy = -18794.550583942735
------------------------------------------
[{'stable': {'F_onsite': np.complex128(-0.026195053728534895+0.010873608162096343j), 'F_swave': np.complex128(0.02344339856264047-0.009731391758143925j)}, 'free': np.float64(-18794.550583942735)}, {'stable': {'F_onsite': np.complex128(-0.02836223182867739+0j), 'F_swave': np.complex128(0.025382925791115653+0j)}, 'free': np.float64(-18794.550583942735)}]
------------------------------------------
====================================
mu=3.30, T=0.0460
====================================
  Seed: normal state
F_onsite: 0j
F_swave: 0j, F_dwave: 0j
F_px: 0j, F_py: 0j
Free_energy = -18771.341844611918
------------------------------------------
[{'stable': {}, 'free': np.float64(-18771.341844611918)}]
------------------------------------------
  Seed: px+i*py
F_onsite: (-0.025551600411046867+0.01060650967405818j)
F_swave: (0.022868414814301553-0.009492715096366301j), F_dwave: (-3.469446951953614e-17-1.474514954580286e-17j)
F_px: (4.336808689942018e-17-2.5153490401663703e-17j), F_py: -3.469446951953614e-18j
Free_energy = -18793.659385268576
------------------------------------------
[{'stable': {'F_onsite': np.complex128(-0.025551600411046867+0.01060650967405818j), 'F_swave': np.complex128(0.022868414814301553-0.009492715096366301j)}, 'free': np.float64(-18793.659385268576)}]
------------------------------------------
  Seed: s-wave
F_onsite: (-0.027665544112337657+0j)
F_swave: (0.024760372291622475+0j), F_dwave: (-2.7755575615628914e-17+0j)
F_px: 4.044582323139284e-18j, F_py: -3.091670257478196e-19j
Free_energy = -18793.659385268573
------------------------------------------
[{'stable': {'F_onsite': np.complex128(-0.025551600411046867+0.01060650967405818j), 'F_swave': np.complex128(0.022868414814301553-0.009492715096366301j)}, 'free': np.float64(-18793.659385268576)}, {'stable': {'F_onsite': np.complex128(-0.027665544112337657+0j), 'F_swave': np.complex128(0.024760372291622475+0j)}, 'free': np.float64(-18793.659385268573)}]
------------------------------------------
  Seed: s-wave+px
F_onsite: (-0.027665544112337657-1.0168180829303895e-17j)
F_swave: (0.024760372291622472+8.398490490703998e-18j), F_dwave: (-2.949029909160572e-17-3.587713927213996e-19j)
F_px: (3.469446951953614e-18+2.517276040121374e-18j), F_py: -3.3690735477039796e-19j
Free_energy = -18793.659385268573
------------------------------------------
[{'stable': {'F_onsite': np.complex128(-0.025551600411046867+0.01060650967405818j), 'F_swave': np.complex128(0.022868414814301553-0.009492715096366301j)}, 'free': np.float64(-18793.659385268576)}, {'stable': {'F_onsite': np.complex128(-0.027665544112337657+0j), 'F_swave': np.complex128(0.024760372291622475+0j)}, 'free': np.float64(-18793.659385268573)}]
------------------------------------------
  Seed: s-wave+py
F_onsite: (-0.027665544112337657+0j)
F_swave: (0.024760372291622475+0j), F_dwave: (-2.7755575615628914e-17+0j)
F_px: 4.044582323139284e-18j, F_py: -3.091670257478196e-19j
Free_energy = -18793.659385268573
------------------------------------------
[{'stable': {'F_onsite': np.complex128(-0.025551600411046867+0.01060650967405818j), 'F_swave': np.complex128(0.022868414814301553-0.009492715096366301j)}, 'free': np.float64(-18793.659385268576)}, {'stable': {'F_onsite': np.complex128(-0.027665544112337657+0j), 'F_swave': np.complex128(0.024760372291622475+0j)}, 'free': np.float64(-18793.659385268573)}]
------------------------------------------
====================================
mu=3.30, T=0.0490
====================================
  Seed: normal state
F_onsite: 0j
F_swave: 0j, F_dwave: 0j
F_px: 0j, F_py: 0j
Free_energy = -18771.803231848222
------------------------------------------
[{'stable': {}, 'free': np.float64(-18771.803231848222)}]
------------------------------------------
  Seed: px+i*py
F_onsite: (-0.024783728211379065+0.010287764711582409j)
F_swave: (0.02218213061110831-0.009207837440046454j), F_dwave: (1.9081958235744878e-17+1.431146867680866e-17j)
F_px: (2.42861286636753e-17-1.214306433183765e-17j), F_py: (-3.469446951953614e-18-8.673617379884035e-19j)
Free_energy = -18792.635907953587
------------------------------------------
[{'stable': {'F_onsite': np.complex128(-0.024783728211379065+0.010287764711582409j), 'F_swave': np.complex128(0.02218213061110831-0.009207837440046454j)}, 'free': np.float64(-18792.635907953587)}]
------------------------------------------
  Seed: s-wave
F_onsite: (-0.02683414404851377+0j)
F_swave: (0.024017310190164703+0j), F_dwave: (5.204170427930421e-17+0j)
F_px: 3.0501656430627355e-18j, F_py: -2.5135702709771363e-19j
Free_energy = -18792.635907953587
------------------------------------------
[{'stable': {'F_onsite': np.complex128(-0.024783728211379065+0.010287764711582409j), 'F_swave': np.complex128(0.02218213061110831-0.009207837440046454j)}, 'free': np.float64(-18792.635907953587)}, {'stable': {'F_onsite': np.complex128(-0.02683414404851377+0j), 'F_swave': np.complex128(0.024017310190164703+0j)}, 'free': np.float64(-18792.635907953587)}]
------------------------------------------
  Seed: s-wave+px
F_onsite: (-0.026834144048513774-1.4252504138015294e-17j)
F_swave: (0.02401731019016471+1.3999919370896686e-17j), F_dwave: (5.898059818321144e-17+1.4714550480583299e-18j)
F_px: (-6.938893903907228e-18+1.3682758471709154e-18j), F_py: -2.4352197233561135e-20j
Free_energy = -18792.635907953587
------------------------------------------
[{'stable': {'F_onsite': np.complex128(-0.024783728211379065+0.010287764711582409j), 'F_swave': np.complex128(0.02218213061110831-0.009207837440046454j)}, 'free': np.float64(-18792.635907953587)}, {'stable': {'F_onsite': np.complex128(-0.02683414404851377+0j), 'F_swave': np.complex128(0.024017310190164703+0j)}, 'free': np.float64(-18792.635907953587)}]
------------------------------------------
  Seed: s-wave+py
F_onsite: (-0.02683414404851377+0j)
F_swave: (0.024017310190164703+0j), F_dwave: (5.204170427930421e-17+0j)
F_px: 3.0501656430627355e-18j, F_py: -2.5135702709771363e-19j
Free_energy = -18792.635907953587
------------------------------------------
[{'stable': {'F_onsite': np.complex128(-0.024783728211379065+0.010287764711582409j), 'F_swave': np.complex128(0.02218213061110831-0.009207837440046454j)}, 'free': np.float64(-18792.635907953587)}, {'stable': {'F_onsite': np.complex128(-0.02683414404851377+0j), 'F_swave': np.complex128(0.024017310190164703+0j)}, 'free': np.float64(-18792.635907953587)}]
------------------------------------------
====================================
mu=3.30, T=0.0520
====================================
  Seed: normal state
F_onsite: 0j
F_swave: 0j, F_dwave: 0j
F_px: 0j, F_py: 0j
Free_energy = -18772.293770139426
------------------------------------------
[{'stable': {}, 'free': np.float64(-18772.293770139426)}]
------------------------------------------
  Seed: px+i*py
F_onsite: (-0.023878658442922612+0.009912068821680995j)
F_swave: (0.021373133716703397-0.008872021551853402j), F_dwave: (-1.734723475976807e-17+1.951563910473908e-17j)
F_px: (1.734723475976807e-18-3.209238430557093e-17j), F_py: (3.469446951953614e-18-2.6020852139652106e-18j)
Free_energy = -18791.48390867485
------------------------------------------
[{'stable': {'F_onsite': np.complex128(-0.023878658442922612+0.009912068821680995j), 'F_swave': np.complex128(0.021373133716703397-0.008872021551853402j)}, 'free': np.float64(-18791.48390867485)}]
------------------------------------------
  Seed: s-wave
F_onsite: (-0.02585419573994731+0j)
F_swave: (0.023141383089362682+0j), F_dwave: (-5.204170427930421e-18+0j)
F_px: 1.625667984017816e-18j, F_py: -5.543830639779396e-19j
Free_energy = -18791.48390867485
------------------------------------------
[{'stable': {'F_onsite': np.complex128(-0.023878658442922612+0.009912068821680995j), 'F_swave': np.complex128(0.021373133716703397-0.008872021551853402j)}, 'free': np.float64(-18791.48390867485)}, {'stable': {'F_onsite': np.complex128(-0.02585419573994731+0j), 'F_swave': np.complex128(0.023141383089362682+0j)}, 'free': np.float64(-18791.48390867485)}]
------------------------------------------
  Seed: s-wave+px
F_onsite: (-0.02585419573994731-1.2854300794949806e-17j)
F_swave: (0.023141383089362665+1.0010447128888135e-17j), F_dwave: (-2.6020852139652106e-18-1.749652431672164e-18j)
F_px: (1.734723475976807e-18-1.0633439861593673e-18j), F_py: (5.204170427930421e-18-5.648650967002115e-19j)
Free_energy = -18791.48390867485
------------------------------------------
[{'stable': {'F_onsite': np.complex128(-0.023878658442922612+0.009912068821680995j), 'F_swave': np.complex128(0.021373133716703397-0.008872021551853402j)}, 'free': np.float64(-18791.48390867485)}, {'stable': {'F_onsite': np.complex128(-0.02585419573994731+0j), 'F_swave': np.complex128(0.023141383089362682+0j)}, 'free': np.float64(-18791.48390867485)}]
------------------------------------------
  Seed: s-wave+py
F_onsite: (-0.02585419573994731+0j)
F_swave: (0.023141383089362682+0j), F_dwave: (-5.204170427930421e-18+0j)
F_px: 1.625667984017816e-18j, F_py: -5.543830639779396e-19j
Free_energy = -18791.48390867485
------------------------------------------
[{'stable': {'F_onsite': np.complex128(-0.023878658442922612+0.009912068821680995j), 'F_swave': np.complex128(0.021373133716703397-0.008872021551853402j)}, 'free': np.float64(-18791.48390867485)}, {'stable': {'F_onsite': np.complex128(-0.02585419573994731+0j), 'F_swave': np.complex128(0.023141383089362682+0j)}, 'free': np.float64(-18791.48390867485)}]
------------------------------------------
====================================
mu=3.30, T=0.0550
====================================
  Seed: normal state
F_onsite: 0j
F_swave: 0j, F_dwave: 0j
F_px: 0j, F_py: 0j
Free_energy = -18772.81346804128
------------------------------------------
[{'stable': {}, 'free': np.float64(-18772.81346804128)}]
------------------------------------------
  Seed: px+i*py
F_onsite: (-0.02281611979997671+0.009471007353351364j)
F_swave: (0.02042321937334893-0.00847771060810664j), F_dwave: (-4.7704895589362195e-17+3.3393426912553537e-17j)
F_px: (1.3877787807814457e-17+0j), F_py: (-1.734723475976807e-18+6.071532165918825e-18j)
Free_energy = -18790.200593029604
------------------------------------------
[{'stable': {'F_onsite': np.complex128(-0.02281611979997671+0.009471007353351364j), 'F_swave': np.complex128(0.02042321937334893-0.00847771060810664j)}, 'free': np.float64(-18790.200593029604)}]
------------------------------------------
  Seed: s-wave
F_onsite: (-0.02470375078837505+0j)
F_swave: (0.022112880109265185+0j), F_dwave: (-1.214306433183765e-17+0j)
F_px: -1.1339653581366946e-18j, F_py: -6.791086654611353e-19j
Free_energy = -18790.2005930296
------------------------------------------
[{'stable': {'F_onsite': np.complex128(-0.02281611979997671+0.009471007353351364j), 'F_swave': np.complex128(0.02042321937334893-0.00847771060810664j)}, 'free': np.float64(-18790.200593029604)}, {'stable': {'F_onsite': np.complex128(-0.02470375078837505+0j), 'F_swave': np.complex128(0.022112880109265185+0j)}, 'free': np.float64(-18790.2005930296)}]
------------------------------------------
  Seed: s-wave+px
F_onsite: (-0.02470375078837505-1.6150077655095366e-17j)
F_swave: (0.022112880109265196+1.3298734909247736e-17j), F_dwave: (-6.071532165918825e-18-1.5543054582116411e-18j)
F_px: -9.849934385383445e-19j, F_py: (-1.734723475976807e-18-6.345335566118777e-19j)
Free_energy = -18790.2005930296
------------------------------------------
[{'stable': {'F_onsite': np.complex128(-0.02281611979997671+0.009471007353351364j), 'F_swave': np.complex128(0.02042321937334893-0.00847771060810664j)}, 'free': np.float64(-18790.200593029604)}, {'stable': {'F_onsite': np.complex128(-0.02470375078837505+0j), 'F_swave': np.complex128(0.022112880109265185+0j)}, 'free': np.float64(-18790.2005930296)}]
------------------------------------------
  Seed: s-wave+py
F_onsite: (-0.02470375078837505+0j)
F_swave: (0.022112880109265185+0j), F_dwave: (-1.214306433183765e-17+0j)
F_px: -1.1339653581366946e-18j, F_py: -6.791086654611353e-19j
Free_energy = -18790.2005930296
------------------------------------------
[{'stable': {'F_onsite': np.complex128(-0.02281611979997671+0.009471007353351364j), 'F_swave': np.complex128(0.02042321937334893-0.00847771060810664j)}, 'free': np.float64(-18790.200593029604)}, {'stable': {'F_onsite': np.complex128(-0.02470375078837505+0j), 'F_swave': np.complex128(0.022112880109265185+0j)}, 'free': np.float64(-18790.2005930296)}]
------------------------------------------
====================================
mu=3.30, T=0.0580
====================================
  Seed: normal state
F_onsite: 0j
F_swave: 0j, F_dwave: 0j
F_px: 0j, F_py: 0j
Free_energy = -18773.362330295153
------------------------------------------
[{'stable': {}, 'free': np.float64(-18773.362330295153)}]
------------------------------------------
  Seed: px+i*py
F_onsite: (-0.021569951770985963+0.008953721036942171j)
F_swave: (0.01930892248997347-0.008015164212453761j), F_dwave: (1.214306433183765e-17-1.7780915628762273e-17j)
F_px: (3.642919299551295e-17+6.938893903907228e-18j), F_py: -2.6020852139652106e-18j
Free_energy = -18788.78529970504
------------------------------------------
[{'stable': {'F_onsite': np.complex128(-0.021569951770985963+0.008953721036942171j), 'F_swave': np.complex128(0.01930892248997347-0.008015164212453761j)}, 'free': np.float64(-18788.78529970504)}]
------------------------------------------
  Seed: s-wave
F_onsite: (-0.023354484361895796+0j)
F_swave: (0.02090639483690113+0j), F_dwave: (2.7755575615628914e-17+0j)
F_px: 9.120427259560679e-19j, F_py: -4.072110893925049e-19j
Free_energy = -18788.78529970504
------------------------------------------
[{'stable': {'F_onsite': np.complex128(-0.021569951770985963+0.008953721036942171j), 'F_swave': np.complex128(0.01930892248997347-0.008015164212453761j)}, 'free': np.float64(-18788.78529970504)}, {'stable': {'F_onsite': np.complex128(-0.023354484361895796+0j), 'F_swave': np.complex128(0.02090639483690113+0j)}, 'free': np.float64(-18788.78529970504)}]
------------------------------------------
  Seed: s-wave+px
F_onsite: (-0.023354484361895803-1.9692289795424202e-17j)
F_swave: (0.020906394836901127+1.7930364004393453e-17j), F_dwave: (2.949029909160572e-17+5.347424875134805e-19j)
F_px: (-1.734723475976807e-18-2.006409293808624e-18j), F_py: -6.050991616947908e-19j
Free_energy = -18788.78529970504
------------------------------------------
[{'stable': {'F_onsite': np.complex128(-0.021569951770985963+0.008953721036942171j), 'F_swave': np.complex128(0.01930892248997347-0.008015164212453761j)}, 'free': np.float64(-18788.78529970504)}, {'stable': {'F_onsite': np.complex128(-0.023354484361895796+0j), 'F_swave': np.complex128(0.02090639483690113+0j)}, 'free': np.float64(-18788.78529970504)}]
------------------------------------------
  Seed: s-wave+py
F_onsite: (-0.023354484361895796+0j)
F_swave: (0.02090639483690113+0j), F_dwave: (2.7755575615628914e-17+0j)
F_px: 9.120427259560679e-19j, F_py: -4.072110893925049e-19j
Free_energy = -18788.78529970504
------------------------------------------
[{'stable': {'F_onsite': np.complex128(-0.021569951770985963+0.008953721036942171j), 'F_swave': np.complex128(0.01930892248997347-0.008015164212453761j)}, 'free': np.float64(-18788.78529970504)}, {'stable': {'F_onsite': np.complex128(-0.023354484361895796+0j), 'F_swave': np.complex128(0.02090639483690113+0j)}, 'free': np.float64(-18788.78529970504)}]
------------------------------------------
====================================
mu=3.30, T=0.0610
====================================
  Seed: normal state
F_onsite: 0j
F_swave: 0j, F_dwave: 0j
F_px: 0j, F_py: 0j
Free_energy = -18773.940358719774
------------------------------------------
[{'stable': {}, 'free': np.float64(-18773.940358719774)}]
------------------------------------------
  Seed: px+i*py
F_onsite: (-0.02010533644871308+0.008345756904184891j)
F_swave: (0.017999042797703712-0.007471431084023027j), F_dwave: (2.6020852139652106e-18-1.214306433183765e-17j)
F_px: (3.9898639947466563e-17+9.107298248878237e-18j), F_py: (-5.204170427930421e-18+1.734723475976807e-18j)
Free_energy = -18787.240863875213
------------------------------------------
[{'stable': {'F_onsite': np.complex128(-0.02010533644871308+0.008345756904184891j), 'F_swave': np.complex128(0.017999042797703712-0.007471431084023027j)}, 'free': np.float64(-18787.240863875213)}]
------------------------------------------
  Seed: s-wave
F_onsite: (-0.02176869798632195+0j)
F_swave: (0.019488145732133543+0j), F_dwave: (2.42861286636753e-17+0j)
F_px: -8.988501878025822e-18j, F_py: -3.714239473710107e-19j
Free_energy = -18787.240863875213
------------------------------------------
[{'stable': {'F_onsite': np.complex128(-0.02010533644871308+0.008345756904184891j), 'F_swave': np.complex128(0.017999042797703712-0.007471431084023027j)}, 'free': np.float64(-18787.240863875213)}, {'stable': {'F_onsite': np.complex128(-0.02176869798632195+0j), 'F_swave': np.complex128(0.019488145732133543+0j)}, 'free': np.float64(-18787.240863875213)}]
------------------------------------------
  Seed: s-wave+px
F_onsite: (-0.021768697986321965-2.1806606108258756e-17j)
F_swave: (0.019488145732133543+1.97702254449482e-17j), F_dwave: (3.122502256758253e-17-1.5453057331470642e-19j)
F_px: -6.6353384714349685e-18j, F_py: -3.5151867311053464e-20j
Free_energy = -18787.24086387521
------------------------------------------
[{'stable': {'F_onsite': np.complex128(-0.02010533644871308+0.008345756904184891j), 'F_swave': np.complex128(0.017999042797703712-0.007471431084023027j)}, 'free': np.float64(-18787.240863875213)}, {'stable': {'F_onsite': np.complex128(-0.02176869798632195+0j), 'F_swave': np.complex128(0.019488145732133543+0j)}, 'free': np.float64(-18787.240863875213)}]
------------------------------------------
  Seed: s-wave+py
F_onsite: (-0.02176869798632195+0j)
F_swave: (0.019488145732133543+0j), F_dwave: (2.42861286636753e-17+0j)
F_px: -8.988501878025822e-18j, F_py: -3.714239473710107e-19j
Free_energy = -18787.240863875213
------------------------------------------
[{'stable': {'F_onsite': np.complex128(-0.02010533644871308+0.008345756904184891j), 'F_swave': np.complex128(0.017999042797703712-0.007471431084023027j)}, 'free': np.float64(-18787.240863875213)}, {'stable': {'F_onsite': np.complex128(-0.02176869798632195+0j), 'F_swave': np.complex128(0.019488145732133543+0j)}, 'free': np.float64(-18787.240863875213)}]
------------------------------------------
====================================
mu=3.30, T=0.0640
====================================
  Seed: normal state
F_onsite: 0j
F_swave: 0j, F_dwave: 0j
F_px: 0j, F_py: 0j
Free_energy = -18774.547552586744
------------------------------------------
[{'stable': {}, 'free': np.float64(-18774.547552586744)}]
------------------------------------------
  Seed: px+i*py
F_onsite: (-0.018368150834563265+0.007624648412908287j)
F_swave: (0.016445058216403796-0.006826369630738544j), F_dwave: (-5.204170427930421e-18-1.7997756063259374e-17j)
F_px: (5.377642775528102e-17+2.905661822261152e-17j), F_py: (6.938893903907228e-18-3.903127820947816e-18j)
Free_energy = -18785.56810301431
------------------------------------------
[{'stable': {'F_onsite': np.complex128(-0.018368150834563265+0.007624648412908287j), 'F_swave': np.complex128(0.016445058216403796-0.006826369630738544j)}, 'free': np.float64(-18785.56810301431)}]
------------------------------------------
  Seed: s-wave
F_onsite: (-0.01988779094071864+0j)
F_swave: (0.01780559636957937+0j), F_dwave: (-3.2959746043559335e-17+0j)
F_px: 1.7254061135570098e-18j, F_py: 8.893845946170154e-21j
Free_energy = -18785.56810301431
------------------------------------------
[{'stable': {'F_onsite': np.complex128(-0.018368150834563265+0.007624648412908287j), 'F_swave': np.complex128(0.016445058216403796-0.006826369630738544j)}, 'free': np.float64(-18785.56810301431)}, {'stable': {'F_onsite': np.complex128(-0.01988779094071864+0j), 'F_swave': np.complex128(0.01780559636957937+0j)}, 'free': np.float64(-18785.56810301431)}]
------------------------------------------
  Seed: s-wave+px
F_onsite: (-0.01988779094071864-1.2503660400351335e-17j)
F_swave: (0.017805596369579377+1.0599293845907484e-17j), F_dwave: (-3.122502256758253e-17-1.1096661004623368e-18j)
F_px: (-5.204170427930421e-18-2.191697751020502e-20j), F_py: -1.3912516158651883e-19j
Free_energy = -18785.56810301431
------------------------------------------
[{'stable': {'F_onsite': np.complex128(-0.018368150834563265+0.007624648412908287j), 'F_swave': np.complex128(0.016445058216403796-0.006826369630738544j)}, 'free': np.float64(-18785.56810301431)}, {'stable': {'F_onsite': np.complex128(-0.01988779094071864+0j), 'F_swave': np.complex128(0.01780559636957937+0j)}, 'free': np.float64(-18785.56810301431)}]
------------------------------------------
  Seed: s-wave+py
F_onsite: (-0.01988779094071864+0j)
F_swave: (0.01780559636957937+0j), F_dwave: (-3.2959746043559335e-17+0j)
F_px: 1.7254061135570098e-18j, F_py: 8.893845946170154e-21j
Free_energy = -18785.56810301431
------------------------------------------
[{'stable': {'F_onsite': np.complex128(-0.018368150834563265+0.007624648412908287j), 'F_swave': np.complex128(0.016445058216403796-0.006826369630738544j)}, 'free': np.float64(-18785.56810301431)}, {'stable': {'F_onsite': np.complex128(-0.01988779094071864+0j), 'F_swave': np.complex128(0.01780559636957937+0j)}, 'free': np.float64(-18785.56810301431)}]
------------------------------------------
====================================
mu=3.30, T=0.0670
====================================
  Seed: normal state
F_onsite: 0j
F_swave: 0j, F_dwave: 0j
F_px: 0j, F_py: 0j
Free_energy = -18775.183908631214
------------------------------------------
[{'stable': {}, 'free': np.float64(-18775.183908631214)}]
------------------------------------------
  Seed: px+i*py
F_onsite: (-0.01626888564268938+0.006753240117230603j)
F_swave: (0.014566736499430424-0.006046675320339787j), F_dwave: (-9.540979117872439e-18+1.8865117801247777e-17j)
F_px: (2.42861286636753e-17-6.028164079019405e-17j), F_py: (-5.204170427930421e-18+2.168404344971009e-18j)
Free_energy = -18783.76740079148
------------------------------------------
[{'stable': {'F_onsite': np.complex128(-0.01626888564268938+0.006753240117230603j), 'F_swave': np.complex128(0.014566736499430424-0.006046675320339787j)}, 'free': np.float64(-18783.76740079148)}]
------------------------------------------
  Seed: s-wave
F_onsite: (-0.017614848626538736+0j)
F_swave: (0.015771876701060266+0j), F_dwave: (-5.204170427930421e-18+0j)
F_px: -3.2360893749850544e-18j, F_py: 2.702035101741218e-19j
Free_energy = -18783.76740079148
------------------------------------------
[{'stable': {'F_onsite': np.complex128(-0.01626888564268938+0.006753240117230603j), 'F_swave': np.complex128(0.014566736499430424-0.006046675320339787j)}, 'free': np.float64(-18783.76740079148)}, {'stable': {'F_onsite': np.complex128(-0.017614848626538736+0j), 'F_swave': np.complex128(0.015771876701060266+0j)}, 'free': np.float64(-18783.76740079148)}]
------------------------------------------
  Seed: s-wave+px
F_onsite: (-0.017614848626538736-1.2435152283605082e-17j)
F_swave: (0.015771876701060266+1.1161670783325136e-17j), F_dwave: (-5.204170427930421e-18+1.164670302474663e-19j)
F_px: (1.734723475976807e-18+1.8078859467958973e-18j), F_py: 3.001673006832427e-19j
Free_energy = -18783.76740079148
------------------------------------------
[{'stable': {'F_onsite': np.complex128(-0.01626888564268938+0.006753240117230603j), 'F_swave': np.complex128(0.014566736499430424-0.006046675320339787j)}, 'free': np.float64(-18783.76740079148)}, {'stable': {'F_onsite': np.complex128(-0.017614848626538736+0j), 'F_swave': np.complex128(0.015771876701060266+0j)}, 'free': np.float64(-18783.76740079148)}]
------------------------------------------
  Seed: s-wave+py
F_onsite: (-0.017614848626538736+0j)
F_swave: (0.015771876701060266+0j), F_dwave: (-5.204170427930421e-18+0j)
F_px: -3.2360893749850544e-18j, F_py: 2.702035101741218e-19j
Free_energy = -18783.76740079148
------------------------------------------
[{'stable': {'F_onsite': np.complex128(-0.01626888564268938+0.006753240117230603j), 'F_swave': np.complex128(0.014566736499430424-0.006046675320339787j)}, 'free': np.float64(-18783.76740079148)}, {'stable': {'F_onsite': np.complex128(-0.017614848626538736+0j), 'F_swave': np.complex128(0.015771876701060266+0j)}, 'free': np.float64(-18783.76740079148)}]
------------------------------------------
====================================
mu=3.30, T=0.0700
====================================
  Seed: normal state
F_onsite: 0j
F_swave: 0j, F_dwave: 0j
F_px: 0j, F_py: 0j
Free_energy = -18775.849420817765
------------------------------------------
[{'stable': {}, 'free': np.float64(-18775.849420817765)}]
------------------------------------------
  Seed: px+i*py
F_onsite: (-0.013640021175442933+0.005661994326161537j)
F_swave: (0.012213963425988322-0.005070035502759764j), F_dwave: (4.336808689942018e-19+8.023096076392733e-18j)
F_px: (1.9949319973733282e-17-4.336808689942018e-19j), F_py: (8.673617379884035e-19+4.336808689942018e-19j)
Free_energy = -18781.840503460488
------------------------------------------
[{'stable': {'F_onsite': np.complex128(-0.013640021175442933+0.005661994326161537j), 'F_swave': np.complex128(0.012213963425988322-0.005070035502759764j)}, 'free': np.float64(-18781.840503460488)}]
------------------------------------------
  Seed: s-wave
F_onsite: (-0.01476849204949569+0j)
F_swave: (0.013224453204977022+0j), F_dwave: (-2.5153490401663703e-17+0j)
F_px: -1.019615910257364e-19j, F_py: -1.8634724839594607e-19j
Free_energy = -18781.840503460484
------------------------------------------
[{'stable': {'F_onsite': np.complex128(-0.013640021175442933+0.005661994326161537j), 'F_swave': np.complex128(0.012213963425988322-0.005070035502759764j)}, 'free': np.float64(-18781.840503460488)}, {'stable': {'F_onsite': np.complex128(-0.01476849204949569+0j), 'F_swave': np.complex128(0.013224453204977022+0j)}, 'free': np.float64(-18781.840503460484)}]
------------------------------------------
  Seed: s-wave+px
F_onsite: (-0.014768492049495693-1.3237537024281858e-17j)
F_swave: (0.013224453204977026+1.1513162986656069e-17j), F_dwave: (-2.8189256484623115e-17-5.279926937150478e-19j)
F_px: (-2.6020852139652106e-18+3.9461147430209717e-19j), F_py: (-8.673617379884035e-19-2.337281538829835e-19j)
Free_energy = -18781.840503460484
------------------------------------------
[{'stable': {'F_onsite': np.complex128(-0.013640021175442933+0.005661994326161537j), 'F_swave': np.complex128(0.012213963425988322-0.005070035502759764j)}, 'free': np.float64(-18781.840503460488)}, {'stable': {'F_onsite': np.complex128(-0.01476849204949569+0j), 'F_swave': np.complex128(0.013224453204977022+0j)}, 'free': np.float64(-18781.840503460484)}]
------------------------------------------
  Seed: s-wave+py
F_onsite: (-0.01476849204949569+0j)
F_swave: (0.013224453204977022+0j), F_dwave: (-2.5153490401663703e-17+0j)
F_px: -1.019615910257364e-19j, F_py: -1.8634724839594607e-19j
Free_energy = -18781.840503460484
------------------------------------------
[{'stable': {'F_onsite': np.complex128(-0.013640021175442933+0.005661994326161537j), 'F_swave': np.complex128(0.012213963425988322-0.005070035502759764j)}, 'free': np.float64(-18781.840503460488)}, {'stable': {'F_onsite': np.complex128(-0.01476849204949569+0j), 'F_swave': np.complex128(0.013224453204977022+0j)}, 'free': np.float64(-18781.840503460484)}]
------------------------------------------
====================================
mu=3.30, T=0.0730
====================================
  Seed: normal state
F_onsite: 0j
F_swave: 0j, F_dwave: 0j
F_px: 0j, F_py: 0j
Free_energy = -18776.544079954445
------------------------------------------
[{'stable': {}, 'free': np.float64(-18776.544079954445)}]
------------------------------------------
  Seed: px+i*py
F_onsite: (-0.010076523062903004+0.004182780633237565j)
F_swave: (0.009023860496537299-0.003745818739889801j), F_dwave: (2.0816681711721685e-17-8.890457814381136e-18j)
F_px: (2.168404344971009e-17+1.734723475976807e-17j), F_py: -2.168404344971009e-18j
Free_energy = -18779.791076096946
------------------------------------------
[{'stable': {'F_onsite': np.complex128(-0.010076523062903004+0.004182780633237565j), 'F_swave': np.complex128(0.009023860496537299-0.003745818739889801j)}, 'free': np.float64(-18779.791076096946)}]
------------------------------------------
  Seed: s-wave
F_onsite: (-0.010910177398328573+0j)
F_swave: (0.009770425594265351+0j), F_dwave: (-1.734723475976807e-17+0j)
F_px: -8.411037166235202e-19j, F_py: -1.0530737116739089e-18j
Free_energy = -18779.791076096946
------------------------------------------
[{'stable': {'F_onsite': np.complex128(-0.010076523062903004+0.004182780633237565j), 'F_swave': np.complex128(0.009023860496537299-0.003745818739889801j)}, 'free': np.float64(-18779.791076096946)}, {'stable': {'F_onsite': np.complex128(-0.010910177398328573+0j), 'F_swave': np.complex128(0.009770425594265351+0j)}, 'free': np.float64(-18779.791076096946)}]
------------------------------------------
  Seed: s-wave+px
F_onsite: (-0.010910177398328573-1.1073837685550163e-17j)
F_swave: (0.009770425594265348+1.0261460048851027e-17j), F_dwave: (-1.2576745200831851e-17+6.286307957606993e-19j)
F_px: 3.6316537613528127e-19j, F_py: (8.673617379884035e-19-7.713823171526506e-19j)
Free_energy = -18779.79107609695
------------------------------------------
[{'stable': {'F_onsite': np.complex128(-0.010076523062903004+0.004182780633237565j), 'F_swave': np.complex128(0.009023860496537299-0.003745818739889801j)}, 'free': np.float64(-18779.791076096946)}, {'stable': {'F_onsite': np.complex128(-0.010910177398328573+0j), 'F_swave': np.complex128(0.009770425594265351+0j)}, 'free': np.float64(-18779.791076096946)}]
------------------------------------------
  Seed: s-wave+py
F_onsite: (-0.010910177398328573+0j)
F_swave: (0.009770425594265351+0j), F_dwave: (-1.734723475976807e-17+0j)
F_px: -8.411037166235202e-19j, F_py: -1.0530737116739089e-18j
Free_energy = -18779.791076096946
------------------------------------------
[{'stable': {'F_onsite': np.complex128(-0.010076523062903004+0.004182780633237565j), 'F_swave': np.complex128(0.009023860496537299-0.003745818739889801j)}, 'free': np.float64(-18779.791076096946)}, {'stable': {'F_onsite': np.complex128(-0.010910177398328573+0j), 'F_swave': np.complex128(0.009770425594265351+0j)}, 'free': np.float64(-18779.791076096946)}]
------------------------------------------
====================================
mu=3.30, T=0.0760
====================================
  Seed: normal state
F_onsite: 0j
F_swave: 0j, F_dwave: 0j
F_px: 0j, F_py: 0j
Free_energy = -18777.267873226643
------------------------------------------
[{'stable': {}, 'free': np.float64(-18777.267873226643)}]
------------------------------------------
  Seed: px+i*py
F_onsite: (-0.0034691983221065326+0.0014400697010250576j)
F_swave: (0.003107124009362021-0.001289772082125522j), F_dwave: (-7.047314121155779e-18-1.4094628242311558e-18j)
F_px: (1.0842021724855044e-18-2.3852447794681098e-18j), F_py: (-6.505213034913027e-19-4.336808689942018e-18j)
Free_energy = -18777.65022309678
------------------------------------------
[{'stable': {'F_onsite': np.complex128(-0.0034691983221065326+0.0014400697010250576j), 'F_swave': np.complex128(0.003107124009362021-0.001289772082125522j)}, 'free': np.float64(-18777.65022309678)}]
------------------------------------------
  Seed: s-wave
F_onsite: (-0.0037562132183779173+0j)
F_swave: (0.003364183650365117+0j), F_dwave: (-5.421010862427522e-18+0j)
F_px: -2.9583155078448473e-18j, F_py: -2.7399662959104497e-18j
Free_energy = -18777.65022309678
------------------------------------------
[{'stable': {'F_onsite': np.complex128(-0.0034691983221065326+0.0014400697010250576j), 'F_swave': np.complex128(0.003107124009362021-0.001289772082125522j)}, 'free': np.float64(-18777.65022309678)}, {'stable': {'F_onsite': np.complex128(-0.0037562132183779173+0j), 'F_swave': np.complex128(0.003364183650365117+0j)}, 'free': np.float64(-18777.65022309678)}]
------------------------------------------
  Seed: s-wave+px
F_onsite: (-0.0037562132183779173+0j)
F_swave: (0.003364183650365117+0j), F_dwave: (-5.421010862427522e-18+0j)
F_px: -2.9583155078448473e-18j, F_py: -2.7399662959104497e-18j
Free_energy = -18777.65022309678
------------------------------------------
[{'stable': {'F_onsite': np.complex128(-0.0034691983221065326+0.0014400697010250576j), 'F_swave': np.complex128(0.003107124009362021-0.001289772082125522j)}, 'free': np.float64(-18777.65022309678)}, {'stable': {'F_onsite': np.complex128(-0.0037562132183779173+0j), 'F_swave': np.complex128(0.003364183650365117+0j)}, 'free': np.float64(-18777.65022309678)}]
------------------------------------------
  Seed: s-wave+py
F_onsite: (-0.0037562132183779173+0j)
F_swave: (0.003364183650365117+0j), F_dwave: (-5.421010862427522e-18+0j)
F_px: -2.9583155078448473e-18j, F_py: -2.7399662959104497e-18j
Free_energy = -18777.65022309678
------------------------------------------
[{'stable': {'F_onsite': np.complex128(-0.0034691983221065326+0.0014400697010250576j), 'F_swave': np.complex128(0.003107124009362021-0.001289772082125522j)}, 'free': np.float64(-18777.65022309678)}, {'stable': {'F_onsite': np.complex128(-0.0037562132183779173+0j), 'F_swave': np.complex128(0.003364183650365117+0j)}, 'free': np.float64(-18777.65022309678)}]
------------------------------------------
====================================
mu=3.30, T=0.0790
====================================
  Seed: normal state
F_onsite: 0j
F_swave: 0j, F_dwave: 0j
F_px: 0j, F_py: 0j
Free_energy = -18778.020783702395
------------------------------------------
[{'stable': {}, 'free': np.float64(-18778.020783702395)}]
------------------------------------------
  Seed: px+i*py
F_onsite: (-6.884643470900281e-14+2.8578768234023455e-14j)
F_swave: (6.172625021606774e-14-2.562312135364041e-14j), F_dwave: (1.2784908394380997e-21-1.2912762568055368e-21j)
F_px: (-2.5781675520144008e-20+1.112243393207997e-20j), F_py: (1.384556960793458e-20+8.014651568950325e-21j)
Free_energy = -18778.020783702395
------------------------------------------
[{'stable': {}, 'free': np.float64(-18778.020783702395)}]
------------------------------------------
  Seed: s-wave
F_onsite: (-7.359633104072179e-14+0j)
F_swave: (6.598488929825782e-14+0j), F_dwave: (2.2710356682525002e-21+0j)
F_px: -1.2470240767056422e-20j, F_py: -1.0655352329593868e-20j
Free_energy = -18778.020783702395
------------------------------------------
[{'stable': {}, 'free': np.float64(-18778.020783702395)}]
------------------------------------------
  Seed: s-wave+px
F_onsite: (-7.359633104072179e-14+0j)
F_swave: (6.598488929825782e-14+0j), F_dwave: (2.2710356682525002e-21+0j)
F_px: -1.2470240767056422e-20j, F_py: -1.0655352329593868e-20j
Free_energy = -18778.020783702395
------------------------------------------
[{'stable': {}, 'free': np.float64(-18778.020783702395)}]
------------------------------------------
  Seed: s-wave+py
F_onsite: (-7.359633104072179e-14+0j)
F_swave: (6.598488929825782e-14+0j), F_dwave: (2.2710356682525002e-21+0j)
F_px: -1.2470240767056422e-20j, F_py: -1.0655352329593868e-20j
Free_energy = -18778.020783702395
------------------------------------------
[{'stable': {}, 'free': np.float64(-18778.020783702395)}]
------------------------------------------
====================================
mu=3.30, T=0.0820
====================================
  Seed: normal state
F_onsite: 0j
F_swave: 0j, F_dwave: 0j
F_px: 0j, F_py: 0j
Free_energy = -18778.802789848014
------------------------------------------
[{'stable': {}, 'free': np.float64(-18778.802789848014)}]
------------------------------------------
  Seed: px+i*py
F_onsite: (-3.331147994601251e-14+1.382807258841658e-14j)
F_swave: (2.99018211184949e-14-1.2412675594558222e-14j), F_dwave: (-5.404071941248347e-21+1.2173320146120461e-21j)
F_px: (-4.399976137743157e-21-4.5336709062144435e-20j), F_py: (-2.1139138089924327e-20-3.2883679667327083e-20j)
Free_energy = -18778.802789848014
------------------------------------------
[{'stable': {}, 'free': np.float64(-18778.802789848014)}]
------------------------------------------
  Seed: s-wave
F_onsite: (-3.653610275380126e-14+0j)
F_swave: (3.2796365216080924e-14+0j), F_dwave: (1.370628984427714e-20+0j)
F_px: 9.940800753348488e-21j, F_py: -2.465263283285778e-20j
Free_energy = -18778.802789848014
------------------------------------------
[{'stable': {}, 'free': np.float64(-18778.802789848014)}]
------------------------------------------
  Seed: s-wave+px
F_onsite: (-3.653610275380126e-14+0j)
F_swave: (3.2796365216080924e-14+0j), F_dwave: (1.370628984427714e-20+0j)
F_px: 9.940800753348488e-21j, F_py: -2.465263283285778e-20j
Free_energy = -18778.802789848014
------------------------------------------
[{'stable': {}, 'free': np.float64(-18778.802789848014)}]
------------------------------------------
  Seed: s-wave+py
F_onsite: (-3.653610275380126e-14+0j)
F_swave: (3.2796365216080924e-14+0j), F_dwave: (1.370628984427714e-20+0j)
F_px: 9.940800753348488e-21j, F_py: -2.465263283285778e-20j
Free_energy = -18778.802789848014
------------------------------------------
[{'stable': {}, 'free': np.float64(-18778.802789848014)}]
------------------------------------------
====================================
mu=3.30, T=0.0850
====================================
  Seed: normal state
F_onsite: 0j
F_swave: 0j, F_dwave: 0j
F_px: 0j, F_py: 0j
Free_energy = -18779.61386508154
------------------------------------------
[{'stable': {}, 'free': np.float64(-18779.61386508154)}]
------------------------------------------
  Seed: px+i*py
F_onsite: (-2.2501298520930668e-14+9.340686213711154e-15j)
F_swave: (2.0221944261095947e-14-8.39448100372459e-15j), F_dwave: (-2.9936617016682344e-21-7.756915524064473e-22j)
F_px: (-9.719071073513334e-22+9.11762732405845e-22j), F_py: (-2.859290097718903e-20-6.667893092369609e-20j)
Free_energy = -18779.61386508154
------------------------------------------
[{'stable': {}, 'free': np.float64(-18779.61386508154)}]
------------------------------------------
  Seed: s-wave
F_onsite: (-2.3730373452788785e-14+0j)
F_swave: (2.1326511750959713e-14+0j), F_dwave: (5.364133521315532e-21+0j)
F_px: 8.061470553588002e-21j, F_py: 1.6119148941204477e-20j
Free_energy = -18779.61386508154
------------------------------------------
[{'stable': {}, 'free': np.float64(-18779.61386508154)}]
------------------------------------------
  Seed: s-wave+px
F_onsite: (-2.3730373452788785e-14+0j)
F_swave: (2.1326511750959713e-14+0j), F_dwave: (5.364133521315532e-21+0j)
F_px: 8.061470553588002e-21j, F_py: 1.6119148941204477e-20j
Free_energy = -18779.61386508154
------------------------------------------
[{'stable': {}, 'free': np.float64(-18779.61386508154)}]
------------------------------------------
  Seed: s-wave+py
F_onsite: (-2.3730373452788785e-14+0j)
F_swave: (2.1326511750959713e-14+0j), F_dwave: (5.364133521315532e-21+0j)
F_px: 8.061470553588002e-21j, F_py: 1.6119148941204477e-20j
Free_energy = -18779.61386508154
------------------------------------------
[{'stable': {}, 'free': np.float64(-18779.61386508154)}]
------------------------------------------
====================================
mu=3.30, T=0.0880
====================================
  Seed: normal state
F_onsite: 0j
F_swave: 0j, F_dwave: 0j
F_px: 0j, F_py: 0j
Free_energy = -18780.453977381956
------------------------------------------
[{'stable': {}, 'free': np.float64(-18780.453977381956)}]
------------------------------------------
  Seed: px+i*py
F_onsite: (-1.644643219744352e-14+6.827111268579976e-15j)
F_swave: (1.4797534157132882e-14-6.142633552024692e-15j), F_dwave: (-4.438994883122282e-21-1.967397408285045e-21j)
F_px: (-1.835552451583325e-20-1.5482415245152298e-20j), F_py: (1.3116671623084776e-20-4.986570524056012e-20j)
Free_energy = -18780.453977381956
------------------------------------------
[{'stable': {}, 'free': np.float64(-18780.453977381956)}]
------------------------------------------
  Seed: s-wave
F_onsite: (-1.8269710847865633e-14+0j)
F_swave: (1.6438012915531502e-14+0j), F_dwave: (-3.601157722150023e-21+0j)
F_px: 1.3979466751448092e-20j, F_py: -1.4275370201405217e-20j
Free_energy = -18780.453977381956
------------------------------------------
[{'stable': {}, 'free': np.float64(-18780.453977381956)}]
------------------------------------------
  Seed: s-wave+px
F_onsite: (-1.8269710847865633e-14+0j)
F_swave: (1.6438012915531502e-14+0j), F_dwave: (-3.601157722150023e-21+0j)
F_px: 1.3979466751448092e-20j, F_py: -1.4275370201405217e-20j
Free_energy = -18780.453977381956
------------------------------------------
[{'stable': {}, 'free': np.float64(-18780.453977381956)}]
------------------------------------------
  Seed: s-wave+py
F_onsite: (-1.8269710847865633e-14+0j)
F_swave: (1.6438012915531502e-14+0j), F_dwave: (-3.601157722150023e-21+0j)
F_px: 1.3979466751448092e-20j, F_py: -1.4275370201405217e-20j
Free_energy = -18780.453977381956
------------------------------------------
[{'stable': {}, 'free': np.float64(-18780.453977381956)}]
------------------------------------------
====================================
mu=3.30, T=0.0910
====================================
  Seed: normal state
F_onsite: 0j
F_swave: 0j, F_dwave: 0j
F_px: 0j, F_py: 0j
Free_energy = -18781.323088965713
------------------------------------------
[{'stable': {}, 'free': np.float64(-18781.323088965713)}]
------------------------------------------
  Seed: px+i*py
F_onsite: (-1.3528554873925082e-14+5.6158209973922e-15j)
F_swave: (1.2186283025853383e-14-5.058636262024822e-15j), F_dwave: (1.5043049548958312e-21-2.3007937652338043e-22j)
F_px: (7.297371357166182e-21-5.817989322509029e-20j), F_py: (4.3978028922135895e-21+3.2402813285541556e-20j)
Free_energy = -18781.323088965713
------------------------------------------
[{'stable': {}, 'free': np.float64(-18781.323088965713)}]
------------------------------------------
  Seed: s-wave
F_onsite: (-1.408496742960798e-14+0j)
F_swave: (1.2687469858305513e-14+0j), F_dwave: (7.610641124820221e-22+0j)
F_px: -1.078448628909194e-20j, F_py: 1.2769663929958689e-21j
Free_energy = -18781.323088965713
------------------------------------------
[{'stable': {}, 'free': np.float64(-18781.323088965713)}]
------------------------------------------
  Seed: s-wave+px
F_onsite: (-1.408496742960798e-14+0j)
F_swave: (1.2687469858305513e-14+0j), F_dwave: (7.610641124820221e-22+0j)
F_px: -1.078448628909194e-20j, F_py: 1.2769663929958689e-21j
Free_energy = -18781.323088965713
------------------------------------------
[{'stable': {}, 'free': np.float64(-18781.323088965713)}]
------------------------------------------
  Seed: s-wave+py
F_onsite: (-1.408496742960798e-14+0j)
F_swave: (1.2687469858305513e-14+0j), F_dwave: (7.610641124820221e-22+0j)
F_px: -1.078448628909194e-20j, F_py: 1.2769663929958689e-21j
Free_energy = -18781.323088965713
------------------------------------------
[{'stable': {}, 'free': np.float64(-18781.323088965713)}]
------------------------------------------
====================================
mu=3.30, T=0.0940
====================================
  Seed: normal state
F_onsite: 0j
F_swave: 0j, F_dwave: 0j
F_px: 0j, F_py: 0j
Free_energy = -18782.221156036954
------------------------------------------
[{'stable': {}, 'free': np.float64(-18782.221156036954)}]
------------------------------------------
  Seed: px+i*py
F_onsite: (-1.0721753388906425e-14+4.4506380007360684e-15j)
F_swave: (9.669285390190509e-15-4.013753889223833e-15j), F_dwave: (7.324063204662573e-21-3.501695349215951e-21j)
F_px: (-3.537444660928375e-20-8.791715338590517e-21j), F_py: (-2.157418126262563e-20-2.948078154877347e-20j)
Free_energy = -18782.221156036954
------------------------------------------
[{'stable': {}, 'free': np.float64(-18782.221156036954)}]
------------------------------------------
  Seed: s-wave
F_onsite: (-1.2057163025046492e-14+0j)
F_swave: (1.0873456817516792e-14+0j), F_dwave: (-1.7772303595283935e-21+0j)
F_px: 9.117461418250102e-21j, F_py: -3.049097146626484e-20j
Free_energy = -18782.221156036954
------------------------------------------
[{'stable': {}, 'free': np.float64(-18782.221156036954)}]
------------------------------------------
  Seed: s-wave+px
F_onsite: (-1.2057163025046492e-14+0j)
F_swave: (1.0873456817516792e-14+0j), F_dwave: (-1.7772303595283935e-21+0j)
F_px: 9.117461418250102e-21j, F_py: -3.049097146626484e-20j
Free_energy = -18782.221156036954
------------------------------------------
[{'stable': {}, 'free': np.float64(-18782.221156036954)}]
------------------------------------------
  Seed: s-wave+py
F_onsite: (-1.2057163025046492e-14+0j)
F_swave: (1.0873456817516792e-14+0j), F_dwave: (-1.7772303595283935e-21+0j)
F_px: 9.117461418250102e-21j, F_py: -3.049097146626484e-20j
Free_energy = -18782.221156036954
------------------------------------------
[{'stable': {}, 'free': np.float64(-18782.221156036954)}]
------------------------------------------
====================================
mu=3.30, T=0.0970
====================================
  Seed: normal state
F_onsite: 0j
F_swave: 0j, F_dwave: 0j
F_px: 0j, F_py: 0j
Free_energy = -18783.14812861376
------------------------------------------
[{'stable': {}, 'free': np.float64(-18783.14812861376)}]
------------------------------------------
  Seed: px+i*py
F_onsite: (-8.958159147899556e-15+3.718523704169192e-15j)
F_swave: (8.087835305069752e-15-3.3572553377268457e-15j), F_dwave: (-2.4586465927116388e-21+2.8420877185924513e-21j)
F_px: (1.1994732497474027e-21+1.2925013405941773e-20j), F_py: (4.620833605841696e-21-1.7147797132613962e-20j)
Free_energy = -18783.14812861376
------------------------------------------
[{'stable': {}, 'free': np.float64(-18783.14812861376)}]
------------------------------------------
  Seed: s-wave
F_onsite: (-1.007309024437146e-14+0j)
F_swave: (9.094596326575555e-15+0j), F_dwave: (-3.819646623547722e-21+0j)
F_px: 8.48304350169043e-21j, F_py: -3.271310100642798e-20j
Free_energy = -18783.14812861376
------------------------------------------
[{'stable': {}, 'free': np.float64(-18783.14812861376)}]
------------------------------------------
  Seed: s-wave+px
F_onsite: (-1.007309024437146e-14+0j)
F_swave: (9.094596326575555e-15+0j), F_dwave: (-3.819646623547722e-21+0j)
F_px: 8.48304350169043e-21j, F_py: -3.271310100642798e-20j
Free_energy = -18783.14812861376
------------------------------------------
[{'stable': {}, 'free': np.float64(-18783.14812861376)}]
------------------------------------------
  Seed: s-wave+py
F_onsite: (-1.007309024437146e-14+0j)
F_swave: (9.094596326575555e-15+0j), F_dwave: (-3.819646623547722e-21+0j)
F_px: 8.48304350169043e-21j, F_py: -3.271310100642798e-20j
Free_energy = -18783.14812861376
------------------------------------------
[{'stable': {}, 'free': np.float64(-18783.14812861376)}]
------------------------------------------
====================================
mu=3.30, T=0.1000
====================================
  Seed: normal state
F_onsite: 0j
F_swave: 0j, F_dwave: 0j
F_px: 0j, F_py: 0j
Free_energy = -18784.103950428784
------------------------------------------
[{'stable': {}, 'free': np.float64(-18784.103950428784)}]
------------------------------------------
  Seed: px+i*py
F_onsite: (-7.307926014770343e-15+3.0335762659990574e-15j)
F_swave: (6.605395929555783e-15-2.7419448088535816e-15j), F_dwave: (-5.5173917546686516e-21+6.566296668026172e-21j)
F_px: (-2.2256281934801642e-20+2.941908165647987e-21j), F_py: (-1.9798228421523614e-20-1.1622770465179713e-20j)
Free_energy = -18784.10395042878
------------------------------------------
[{'stable': {}, 'free': np.float64(-18784.103950428784)}]
------------------------------------------
  Seed: s-wave
F_onsite: (-8.216548552907304e-15+0j)
F_swave: (7.426804524953763e-15+0j), F_dwave: (3.819208927229904e-21+0j)
F_px: 1.7899589738220107e-20j, F_py: 1.710505959208982e-20j
Free_energy = -18784.103950428784
------------------------------------------
[{'stable': {}, 'free': np.float64(-18784.103950428784)}]
------------------------------------------
  Seed: s-wave+px
F_onsite: (-8.216548552907304e-15+0j)
F_swave: (7.426804524953763e-15+0j), F_dwave: (3.819208927229904e-21+0j)
F_px: 1.7899589738220107e-20j, F_py: 1.710505959208982e-20j
Free_energy = -18784.103950428784
------------------------------------------
[{'stable': {}, 'free': np.float64(-18784.103950428784)}]
------------------------------------------
  Seed: s-wave+py
F_onsite: (-8.216548552907304e-15+0j)
F_swave: (7.426804524953763e-15+0j), F_dwave: (3.819208927229904e-21+0j)
F_px: 1.7899589738220107e-20j, F_py: 1.710505959208982e-20j
Free_energy = -18784.103950428784
------------------------------------------
[{'stable': {}, 'free': np.float64(-18784.103950428784)}]
------------------------------------------
