/home/emilssp/D1/venv/bin/python
Python 3.10.12
Running job 0 out of 10
====================================
mu=0.00, T=0.0010
====================================
  Seed: normal state
F_onsite: 0j
F_swave: 0j, F_dwave: 0j
F_px: 0j, F_py: 0j
Free_energy = -9120.242099408859
------------------------------------------
[{'stable': {}, 'free': np.float64(-9120.242099408859)}]
------------------------------------------
  Seed: d-wave
F_onsite: (-6.051806358866801e-17+0j)
F_swave: (3.469446951953614e-17+0j), F_dwave: (0.10294680830210046+0j)
F_px: -1.352777026771557e-17j, F_py: 1.9028995715284468e-17j
Free_energy = -9612.94736769331
------------------------------------------
[{'stable': {'F_dwave': np.complex128(0.10294680830210046+0j)}, 'free': np.float64(-9612.94736769331)}]
------------------------------------------
  Seed: d-wave+px
F_onsite: (-3.5307881942606987e-15+5.961179124846771e-19j)
F_swave: (1.9988524724290357e-13+3.360644801828676e-18j), F_dwave: (0.10294729540724976+7.158156157801762e-17j)
F_px: (2.1075535716341687e-06-2.893274300803447e-17j), F_py: (4.85722573273506e-17+1.9040297238957205e-17j)
Free_energy = -9612.956295916123
------------------------------------------
[{'stable': {'F_dwave': np.complex128(0.10294680830210046+0j)}, 'free': np.float64(-9612.94736769331)}]
------------------------------------------
  Seed: d-wave+py
F_onsite: (4.396667088958055e-15-5.291299248856404e-19j)
F_swave: (-2.5792909474908754e-13-2.2979619042309746e-18j), F_dwave: (0.10294729540519978-8.330693816441447e-17j)
F_px: (4.85722573273506e-17-3.9986582214898874e-17j), F_py: (2.393912341393245e-06+1.887423773407305e-17j)
Free_energy = -9612.956295922408
------------------------------------------
[{'stable': {'F_dwave': np.complex128(0.10294680830210046+0j)}, 'free': np.float64(-9612.94736769331)}]
------------------------------------------
====================================
mu=0.00, T=0.0071
====================================
  Seed: normal state
F_onsite: 0j
F_swave: 0j, F_dwave: 0j
F_px: 0j, F_py: 0j
Free_energy = -9120.407577876562
------------------------------------------
[{'stable': {}, 'free': np.float64(-9120.407577876562)}]
------------------------------------------
  Seed: d-wave
F_onsite: (-5.80690186783984e-17+0j)
F_swave: (-1.8735013540549517e-16+0j), F_dwave: (0.10294711058990545+0j)
F_px: -8.379256059920302e-18j, F_py: 1.8867481883438454e-17j
Free_energy = -9612.952912269937
------------------------------------------
[{'stable': {'F_dwave': np.complex128(0.10294711058990545+0j)}, 'free': np.float64(-9612.952912269937)}]
------------------------------------------
  Seed: d-wave+px
F_onsite: (-1.9850711254613443e-15-5.862584656514962e-19j)
F_swave: (1.2026143969556813e-13+5.810800717094919e-18j), F_dwave: (0.10294729518808365+8.047191888995433e-17j)
F_px: (1.6334992250510716e-06-2.290057966649597e-17j), F_py: (4.85722573273506e-17+1.9457137547553963e-17j)
Free_energy = -9612.95629584814
------------------------------------------
[{'stable': {'F_dwave': np.complex128(0.10294711058990545+0j)}, 'free': np.float64(-9612.952912269937)}]
------------------------------------------
  Seed: d-wave+py
F_onsite: (2.5143945539674605e-15+7.230526597368219e-19j)
F_swave: (-1.5500448147243162e-13+7.817014849593356e-19j), F_dwave: (0.10294729518685244-7.877695033460228e-17j)
F_px: (4.163336342344337e-17-3.846742424494936e-17j), F_py: (1.855447000979893e-06+1.9721326759164563e-17j)
Free_energy = -9612.956295851933
------------------------------------------
[{'stable': {'F_dwave': np.complex128(0.10294711058990545+0j)}, 'free': np.float64(-9612.952912269937)}]
------------------------------------------
====================================
mu=0.00, T=0.0132
====================================
  Seed: normal state
F_onsite: 0j
F_swave: 0j, F_dwave: 0j
F_px: 0j, F_py: 0j
Free_energy = -9120.937645068358
------------------------------------------
[{'stable': {}, 'free': np.float64(-9120.937645068358)}]
------------------------------------------
  Seed: d-wave
F_onsite: (7.834134348188687e-17+0j)
F_swave: (-2.7755575615628914e-17+0j), F_dwave: (0.1029471308945828+0j)
F_px: -1.2130707480772027e-17j, F_py: 1.788607056402777e-17j
Free_energy = -9612.955651696258
------------------------------------------
[{'stable': {'F_dwave': np.complex128(0.1029471308945828+0j)}, 'free': np.float64(-9612.955651696258)}]
------------------------------------------
  Seed: d-wave+px
F_onsite: (-8.316534227343684e-16+5.597500024314654e-20j)
F_swave: (7.240388844031997e-14-2.5484099793889404e-18j), F_dwave: (0.10294716511998026+7.737478758607206e-17j)
F_px: (1.2656654297255043e-06-3.1825745255596794e-17j), F_py: (3.469446951953614e-17+2.0046490395710617e-17j)
Free_energy = -9612.956279062828
------------------------------------------
[{'stable': {'F_dwave': np.complex128(0.1029471308945828+0j)}, 'free': np.float64(-9612.955651696258)}]
------------------------------------------
  Seed: d-wave+py
F_onsite: (1.6245368936294718e-15-1.6473471212525178e-19j)
F_swave: (-9.310607840262719e-14-1.5687297464916356e-18j), F_dwave: (0.1029471651192411-8.029261818640157e-17j)
F_px: (2.7755575615628914e-17-2.9312190639658985e-17j), F_py: (1.4376346743338875e-06+2.1322972830927916e-17j)
Free_energy = -9612.956279065163
------------------------------------------
[{'stable': {'F_dwave': np.complex128(0.1029471308945828+0j)}, 'free': np.float64(-9612.955651696258)}]
------------------------------------------
====================================
mu=0.00, T=0.0193
====================================
  Seed: normal state
F_onsite: 0j
F_swave: 0j, F_dwave: 0j
F_px: 0j, F_py: 0j
Free_energy = -9121.919417707139
------------------------------------------
[{'stable': {}, 'free': np.float64(-9121.919417707139)}]
------------------------------------------
  Seed: d-wave
F_onsite: (7.682951467577047e-17+0j)
F_swave: (1.457167719820518e-16+0j), F_dwave: (0.10294552744941224+0j)
F_px: -2.2875701346849907e-17j, F_py: 1.6746536198932062e-17j
Free_energy = -9612.955645308803
------------------------------------------
[{'stable': {'F_dwave': np.complex128(0.10294552744941224+0j)}, 'free': np.float64(-9612.955645308803)}]
------------------------------------------
  Seed: d-wave+px
F_onsite: (-8.733374897573612e-16+1.5304786176022792e-19j)
F_swave: (4.3395842475035806e-14-1.9724655682108503e-18j), F_dwave: (0.10294553236768231+7.11001550760161e-17j)
F_px: (9.78176889980531e-07-3.167667322291052e-17j), F_py: (2.7755575615628914e-17+2.0590549856287396e-17j)
Free_energy = -9612.95573547963
------------------------------------------
[{'stable': {'F_dwave': np.complex128(0.10294552744941224+0j)}, 'free': np.float64(-9612.955645308803)}]
------------------------------------------
  Seed: d-wave+py
F_onsite: (1.1092951906160242e-15-9.768518923566586e-19j)
F_swave: (-5.5518090125161734e-14-5.593465983212887e-18j), F_dwave: (0.10294553236724044-8.009232818839558e-17j)
F_px: (1.3877787807814457e-17-1.908997112302957e-17j), F_py: (1.1110843208261834e-06+2.0623740190791576e-17j)
Free_energy = -9612.955735480993
------------------------------------------
[{'stable': {'F_dwave': np.complex128(0.10294552744941224+0j)}, 'free': np.float64(-9612.955645308803)}]
------------------------------------------
====================================
mu=0.00, T=0.0254
====================================
  Seed: normal state
F_onsite: 0j
F_swave: 0j, F_dwave: 0j
F_px: 0j, F_py: 0j
Free_energy = -9123.380502281581
------------------------------------------
[{'stable': {}, 'free': np.float64(-9123.380502281581)}]
------------------------------------------
  Seed: d-wave
F_onsite: (-1.297465216269436e-16+0j)
F_swave: (-2.7755575615628914e-17+0j), F_dwave: (0.10293878865077591+0j)
F_px: -9.840505353580953e-18j, F_py: 1.9946850012424198e-17j
Free_energy = -9612.938928363646
------------------------------------------
[{'stable': {'F_dwave': np.complex128(0.10293878865077591+0j)}, 'free': np.float64(-9612.938928363646)}]
------------------------------------------
  Seed: d-wave+px
F_onsite: (-3.9200660734310844e-16-1.7966151892816203e-18j)
F_swave: (2.006381172314775e-14+3.0932766288991804e-18j), F_dwave: (0.10293878891840064+7.523918488149669e-17j)
F_px: (6.584434277048801e-07-2.6904525281956713e-17j), F_py: (2.0816681711721685e-17+1.878721742365302e-17j)
Free_energy = -9612.938933281475
------------------------------------------
[{'stable': {'F_dwave': np.complex128(0.10293878865077591+0j)}, 'free': np.float64(-9612.938928363646)}]
------------------------------------------
  Seed: d-wave+py
F_onsite: (4.539923144041501e-16+9.010226316323758e-19j)
F_swave: (-2.570860191397628e-14+2.5111881907418914e-18j), F_dwave: (0.10293878891820013-8.421262193941154e-17j)
F_px: (5.551115123125783e-17-1.0945174173639005e-17j), F_py: (7.479078433514363e-07+1.9728339782594204e-17j)
Free_energy = -9612.938933282101
------------------------------------------
[{'stable': {'F_dwave': np.complex128(0.10293878865077591+0j)}, 'free': np.float64(-9612.938928363646)}]
------------------------------------------
====================================
mu=0.00, T=0.0315
====================================
  Seed: normal state
F_onsite: 0j
F_swave: 0j, F_dwave: 0j
F_px: 0j, F_py: 0j
Free_energy = -9125.296500461487
------------------------------------------
[{'stable': {}, 'free': np.float64(-9125.296500461487)}]
------------------------------------------
  Seed: d-wave
F_onsite: (-1.204355119542507e-16+0j)
F_swave: (-6.245004513516506e-17+0j), F_dwave: (0.1029238083749343+0j)
F_px: 5.5768591344580256e-18j, F_py: 2.049855135685624e-17j
Free_energy = -9612.896093130817
------------------------------------------
[{'stable': {'F_dwave': np.complex128(0.1029238083749343+0j)}, 'free': np.float64(-9612.896093130817)}]
------------------------------------------
  Seed: d-wave+px
F_onsite: (-7.874799881829944e-18+2.557612060781005e-19j)
F_swave: (6.813993813636898e-15+1.272546582029439e-18j), F_dwave: (0.10292380838026581+8.037934455811015e-17j)
F_px: (3.811069130693623e-07-3.067261226777127e-17j), F_py: (6.938893903907228e-17+2.0853507854186805e-17j)
Free_energy = -9612.896093233365
------------------------------------------
[{'stable': {'F_dwave': np.complex128(0.1029238083749343+0j)}, 'free': np.float64(-9612.896093130817)}]
------------------------------------------
  Seed: d-wave+py
F_onsite: (-2.23932969131555e-16-7.234860094815395e-19j)
F_swave: (-8.56259507742152e-15+3.0298456697993123e-19j), F_dwave: (0.10292380838019845-8.535656330253078e-17j)
F_px: (2.7755575615628914e-17-1.323234303876793e-17j), F_py: (4.328888973254008e-07+2.16946556363533e-17j)
Free_energy = -9612.896093233525
------------------------------------------
[{'stable': {'F_dwave': np.complex128(0.1029238083749343+0j)}, 'free': np.float64(-9612.896093130817)}]
------------------------------------------
====================================
mu=0.00, T=0.0376
====================================
  Seed: normal state
F_onsite: 0j
F_swave: 0j, F_dwave: 0j
F_px: 0j, F_py: 0j
Free_energy = -9127.629131220752
------------------------------------------
[{'stable': {}, 'free': np.float64(-9127.629131220752)}]
------------------------------------------
  Seed: d-wave
F_onsite: (-1.1733324055004203e-16+0j)
F_swave: (-6.938893903907228e-18+0j), F_dwave: (0.10289859762862166+0j)
F_px: -3.6305737943450635e-17j, F_py: 2.1565616001410872e-17j
Free_energy = -9612.828084037186
------------------------------------------
[{'stable': {'F_dwave': np.complex128(0.10289859762862166+0j)}, 'free': np.float64(-9612.828084037186)}]
------------------------------------------
  Seed: d-wave+px
F_onsite: (-2.745076604083599e-16-3.788499298162564e-19j)
F_swave: (2.3765711620882257e-15-4.7895466554040085e-18j), F_dwave: (0.10289859762866312+7.851180772221091e-17j)
F_px: (2.1542443948141532e-07-1.925136215038929e-17j), F_py: (4.85722573273506e-17+2.0112000950888084e-17j)
Free_energy = -9612.828084039575
------------------------------------------
[{'stable': {'F_dwave': np.complex128(0.10289859762862166+0j)}, 'free': np.float64(-9612.828084037186)}]
------------------------------------------
  Seed: d-wave+py
F_onsite: (-1.1220551035852969e-16+6.508103136522524e-19j)
F_swave: (-2.6749435999562365e-15+5.952861516926969e-18j), F_dwave: (0.10289859762864127-7.117961321847733e-17j)
F_px: (-1.3877787807814457e-17-2.3739080149503376e-17j), F_py: (2.446947170095526e-07+1.9667457827101023e-17j)
Free_energy = -9612.828084039678
------------------------------------------
[{'stable': {'F_dwave': np.complex128(0.10289859762862166+0j)}, 'free': np.float64(-9612.828084037186)}]
------------------------------------------
====================================
mu=0.00, T=0.0437
====================================
  Seed: normal state
F_onsite: 0j
F_swave: 0j, F_dwave: 0j
F_px: 0j, F_py: 0j
Free_energy = -9130.345108574273
------------------------------------------
[{'stable': {}, 'free': np.float64(-9130.345108574273)}]
------------------------------------------
  Seed: d-wave
F_onsite: (1.4632974654915193e-16+0j)
F_swave: (1.3877787807814457e-17+0j), F_dwave: (0.10286003990283643+0j)
F_px: -5.199150532533041e-18j, F_py: 2.147265469889012e-17j
Free_energy = -9612.71262787998
------------------------------------------
[{'stable': {'F_dwave': np.complex128(0.10286003990283643+0j)}, 'free': np.float64(-9612.71262787998)}]
------------------------------------------
  Seed: d-wave+px
F_onsite: (1.073486773127482e-16-8.170274380444661e-20j)
F_swave: (8.500145032286355e-16-2.7732027171580825e-19j), F_dwave: (0.10286003990282072+6.677507994306315e-17j)
F_px: (1.0214790771567728e-07-6.76300655817343e-18j), F_py: (3.469446951953614e-17+2.097074182904174e-17j)
Free_energy = -9612.712627880039
------------------------------------------
[{'stable': {'F_dwave': np.complex128(0.10286003990283643+0j)}, 'free': np.float64(-9612.71262787998)}]
------------------------------------------
  Seed: d-wave+py
F_onsite: (3.506262745138992e-16-4.312159507403569e-19j)
F_swave: (-6.938893903907228e-16-7.764744659542509e-18j), F_dwave: (0.10286003990281539-7.958339497676468e-17j)
F_px: (-6.938893903907228e-18-3.4717967449021315e-17j), F_py: (1.1602700857038517e-07+2.067160229426163e-17j)
Free_energy = -9612.712627880042
------------------------------------------
[{'stable': {'F_dwave': np.complex128(0.10286003990283643+0j)}, 'free': np.float64(-9612.71262787998)}]
------------------------------------------
====================================
mu=0.00, T=0.0498
====================================
  Seed: normal state
F_onsite: 0j
F_swave: 0j, F_dwave: 0j
F_px: 0j, F_py: 0j
Free_energy = -9133.419692972371
------------------------------------------
[{'stable': {}, 'free': np.float64(-9133.419692972371)}]
------------------------------------------
  Seed: d-wave
F_onsite: (-2.5991223191854947e-16+0j)
F_swave: (-6.938893903907228e-17+0j), F_dwave: (0.10280607267680483+0j)
F_px: -1.565260141935926e-17j, F_py: 2.006668532212598e-17j
Free_energy = -9612.552223615881
------------------------------------------
[{'stable': {'F_dwave': np.complex128(0.10280607267680483+0j)}, 'free': np.float64(-9612.552223615881)}]
------------------------------------------
  Seed: d-wave+px
F_onsite: (3.0439482576336747e-17-9.483560695033452e-19j)
F_swave: (2.8449465006019636e-16+3.1637652754204792e-18j), F_dwave: (0.10280607267680084+7.107173501132516e-17j)
F_px: (4.6761126908101414e-08-2.8167289430702274e-17j), F_py: (2.7755575615628914e-17+2.1703834191439303e-17j)
Free_energy = -9612.552223615887
------------------------------------------
[{'stable': {'F_dwave': np.complex128(0.10280607267680483+0j)}, 'free': np.float64(-9612.552223615881)}]
------------------------------------------
  Seed: d-wave+py
F_onsite: (2.3228807430727084e-16+4.802760547822775e-19j)
F_swave: (-6.591949208711867e-17+1.3084704531843148e-18j), F_dwave: (0.10280607267679961-8.313664194221481e-17j)
F_px: (-3.469446951953614e-17-3.322826390073127e-17j), F_py: (5.3114682520283285e-08+2.0921815399310367e-17j)
Free_energy = -9612.552223615887
------------------------------------------
[{'stable': {'F_dwave': np.complex128(0.10280607267680483+0j)}, 'free': np.float64(-9612.552223615881)}]
------------------------------------------
====================================
mu=0.00, T=0.0559
====================================
  Seed: normal state
F_onsite: 0j
F_swave: 0j, F_dwave: 0j
F_px: 0j, F_py: 0j
Free_energy = -9136.835136912085
------------------------------------------
[{'stable': {}, 'free': np.float64(-9136.835136912085)}]
------------------------------------------
  Seed: d-wave
F_onsite: (-2.5667348233071445e-17+0j)
F_swave: (9.71445146547012e-17+0j), F_dwave: (0.10273263168203173+0j)
F_px: -3.4855495115020615e-17j, F_py: 2.1333403242410085e-17j
Free_energy = -9612.323811701088
------------------------------------------
[{'stable': {'F_dwave': np.complex128(0.10273263168203173+0j)}, 'free': np.float64(-9612.323811701088)}]
------------------------------------------
  Seed: d-wave+px
F_onsite: (-1.227307244053582e-16+1.8460741501314886e-19j)
F_swave: (9.71445146547012e-17+4.651878437729059e-18j), F_dwave: (0.10273263168203135+7.249898966335171e-17j)
F_px: (2.0642501631640275e-08-2.2622787202193424e-17j), F_py: (-1.3877787807814457e-17+1.9582619591305893e-17j)
Free_energy = -9612.323811701095
------------------------------------------
[{'stable': {'F_dwave': np.complex128(0.10273263168203173+0j)}, 'free': np.float64(-9612.323811701088)}]
------------------------------------------
  Seed: d-wave+py
F_onsite: (-9.151865416793614e-17-6.959572282150634e-20j)
F_swave: (-8.326672684688674e-17-1.9139714456548007e-18j), F_dwave: (0.1027326316820312-9.643631735581902e-17j)
F_px: (-3.469446951953614e-17-2.8421628889482124e-17j), F_py: (2.3447252306407762e-08+1.9967587430380903e-17j)
Free_energy = -9612.323811701097
------------------------------------------
[{'stable': {'F_dwave': np.complex128(0.10273263168203173+0j)}, 'free': np.float64(-9612.323811701088)}]
------------------------------------------
====================================
mu=0.00, T=0.0620
====================================
  Seed: normal state
F_onsite: 0j
F_swave: 0j, F_dwave: 0j
F_px: 0j, F_py: 0j
Free_energy = -9140.578461132875
------------------------------------------
[{'stable': {}, 'free': np.float64(-9140.578461132875)}]
------------------------------------------
  Seed: d-wave
F_onsite: (-1.2788492849733586e-16+0j)
F_swave: (-3.469446951953614e-17+0j), F_dwave: (0.10263440075608023+0j)
F_px: -3.243719454391366e-17j, F_py: 2.0277843025814842e-17j
Free_energy = -9611.995211825657
------------------------------------------
[{'stable': {'F_dwave': np.complex128(0.10263440075608023+0j)}, 'free': np.float64(-9611.995211825657)}]
------------------------------------------
  Seed: d-wave+px
F_onsite: (-1.3648339482383487e-16+1.217185733843539e-18j)
F_swave: (-7.632783294297951e-17-4.7584533886971544e-18j), F_dwave: (0.10263440075607974+7.219173507918012e-17j)
F_px: (7.402791664390396e-09-1.2208537399862117e-17j), F_py: (5.551115123125783e-17+1.9234042767808595e-17j)
Free_energy = -9611.995211825657
------------------------------------------
[{'stable': {'F_dwave': np.complex128(0.10263440075608023+0j)}, 'free': np.float64(-9611.995211825657)}]
------------------------------------------
  Seed: d-wave+py
F_onsite: (-1.1059141479869094e-16+1.5220304632622174e-19j)
F_swave: (5.204170427930421e-17+8.202846279597761e-18j), F_dwave: (0.10263440075607977-9.627951575813255e-17j)
F_px: (-1.3877787807814457e-17-6.804300600944029e-18j), F_py: (8.408627787115375e-09+1.9347076503465883e-17j)
Free_energy = -9611.995211825657
------------------------------------------
[{'stable': {'F_dwave': np.complex128(0.10263440075608023+0j)}, 'free': np.float64(-9611.995211825657)}]
------------------------------------------
====================================
mu=0.00, T=0.0681
====================================
  Seed: normal state
F_onsite: 0j
F_swave: 0j, F_dwave: 0j
F_px: 0j, F_py: 0j
Free_energy = -9144.639740207473
------------------------------------------
[{'stable': {}, 'free': np.float64(-9144.639740207473)}]
------------------------------------------
  Seed: d-wave
F_onsite: (1.1788379873086752e-16+0j)
F_swave: (3.469446951953614e-17+0j), F_dwave: (0.10250639584783142+0j)
F_px: -1.9003934424465814e-17j, F_py: 1.7582484925978152e-17j
Free_energy = -9611.553481340166
------------------------------------------
[{'stable': {'F_dwave': np.complex128(0.10250639584783142+0j)}, 'free': np.float64(-9611.553481340166)}]
------------------------------------------
  Seed: d-wave+px
F_onsite: (1.4446464010744023e-16+1.7165754012250907e-18j)
F_swave: (1.2836953722228372e-16-5.364573365228279e-19j), F_dwave: (0.10250639584783118+7.076973695315118e-17j)
F_px: (2.5388124033631776e-09-1.8069402057516504e-17j), F_py: (4.85722573273506e-17+2.089283510854461e-17j)
Free_energy = -9611.553481340166
------------------------------------------
[{'stable': {'F_dwave': np.complex128(0.10250639584783142+0j)}, 'free': np.float64(-9611.553481340166)}]
------------------------------------------
  Seed: d-wave+py
F_onsite: (1.3138729667244196e-16-1.5497980654403434e-18j)
F_swave: (2.7755575615628914e-16-5.609408074298839e-18j), F_dwave: (0.10250639584783117-8.706363185588325e-17j)
F_px: (-2.0816681711721685e-17-2.1260501206109734e-17j), F_py: (2.8837673776704875e-09+1.9826929630493538e-17j)
Free_energy = -9611.553481340166
------------------------------------------
[{'stable': {'F_dwave': np.complex128(0.10250639584783142+0j)}, 'free': np.float64(-9611.553481340166)}]
------------------------------------------
====================================
mu=0.00, T=0.0742
====================================
  Seed: normal state
F_onsite: 0j
F_swave: 0j, F_dwave: 0j
F_px: 0j, F_py: 0j
Free_energy = -9149.010983806194
------------------------------------------
[{'stable': {}, 'free': np.float64(-9149.010983806194)}]
------------------------------------------
  Seed: d-wave
F_onsite: (3.7289116725433276e-17+0j)
F_swave: (3.0531133177191805e-16+0j), F_dwave: (0.10234158928730978+0j)
F_px: -2.1425221944764697e-17j, F_py: 1.9744316493801815e-17j
Free_energy = -9610.959784719658
------------------------------------------
[{'stable': {'F_dwave': np.complex128(0.10234158928730978+0j)}, 'free': np.float64(-9610.959784719658)}]
------------------------------------------
  Seed: d-wave+px
F_onsite: (9.782405942555191e-17-3.606890614146202e-19j)
F_swave: (-6.938893903907228e-17+2.9809542589927056e-18j), F_dwave: (0.10234158928730978+1.0025196379595415e-16j)
F_px: (8.325627617877807e-10-1.450911743017405e-17j), F_py: 2.0039518493007768e-17j
Free_energy = -9610.959784719662
------------------------------------------
[{'stable': {'F_dwave': np.complex128(0.10234158928730978+0j)}, 'free': np.float64(-9610.959784719658)}]
------------------------------------------
  Seed: d-wave+py
F_onsite: (9.695437934911782e-18-1.8209833898271322e-19j)
F_swave: (-1.3877787807814457e-17+5.863627257744561e-18j), F_dwave: (0.10234158928730974-9.135155106969609e-17j)
F_px: (-2.7755575615628914e-17-1.1879818537748632e-17j), F_py: (9.456849886513297e-10+1.9857977013868274e-17j)
Free_energy = -9610.959784719656
------------------------------------------
[{'stable': {'F_dwave': np.complex128(0.10234158928730978+0j)}, 'free': np.float64(-9610.959784719658)}]
------------------------------------------
====================================
mu=0.00, T=0.0803
====================================
  Seed: normal state
F_onsite: 0j
F_swave: 0j, F_dwave: 0j
F_px: 0j, F_py: 0j
Free_energy = -9153.685453517644
------------------------------------------
[{'stable': {}, 'free': np.float64(-9153.685453517644)}]
------------------------------------------
  Seed: d-wave
F_onsite: (1.1013986618504408e-16+0j)
F_swave: (-7.632783294297951e-17+0j), F_dwave: (0.1021323148267471+0j)
F_px: -2.381830508771736e-17j, F_py: 2.1163420935252888e-17j
Free_energy = -9610.171999009755
------------------------------------------
[{'stable': {'F_dwave': np.complex128(0.1021323148267471+0j)}, 'free': np.float64(-9610.171999009755)}]
------------------------------------------
  Seed: d-wave+px
F_onsite: (8.751774267717204e-17+1.2300451594670626e-18j)
F_swave: (2.2898349882893854e-16-1.1318747724784518e-18j), F_dwave: (0.10213231482674748+1.1968134636757258e-16j)
F_px: (2.1522463672374315e-10-2.4571487545262326e-17j), F_py: (1.3877787807814457e-17+1.969614379464855e-17j)
Free_energy = -9610.171999009755
------------------------------------------
[{'stable': {'F_dwave': np.complex128(0.1021323148267471+0j)}, 'free': np.float64(-9610.171999009755)}]
------------------------------------------
  Seed: d-wave+py
F_onsite: (1.3666227966562022e-16+7.043909593207208e-19j)
F_swave: (2.42861286636753e-17-2.94145431725897e-18j), F_dwave: (0.10213231482674716-1.0736439192056888e-16j)
F_px: (2.7755575615628914e-17-2.838524753632302e-17j), F_py: (2.444686605929114e-10+1.835646984879569e-17j)
Free_energy = -9610.171999009755
------------------------------------------
[{'stable': {'F_dwave': np.complex128(0.1021323148267471+0j)}, 'free': np.float64(-9610.171999009755)}]
------------------------------------------
====================================
mu=0.00, T=0.0864
====================================
  Seed: normal state
F_onsite: 0j
F_swave: 0j, F_dwave: 0j
F_px: 0j, F_py: 0j
Free_energy = -9158.657255508031
------------------------------------------
[{'stable': {}, 'free': np.float64(-9158.657255508031)}]
------------------------------------------
  Seed: d-wave
F_onsite: (6.817351293421137e-17+0j)
F_swave: (2.0816681711721685e-17+0j), F_dwave: (0.10187193802287148+0j)
F_px: -2.245097470798659e-17j, F_py: 1.994430064177631e-17j
Free_energy = -9609.170847289995
------------------------------------------
[{'stable': {'F_dwave': np.complex128(0.10187193802287148+0j)}, 'free': np.float64(-9609.170847289995)}]
------------------------------------------
  Seed: d-wave+px
F_onsite: (6.882600495842426e-17-1.5636031327954365e-19j)
F_swave: (-3.122502256758253e-17-1.1270829424618397e-20j), F_dwave: (0.10187193802287095+1.0869973874152982e-16j)
F_px: (5.281962367487125e-11-4.871106827843696e-17j), F_py: (3.469446951953614e-17+1.906259175152087e-17j)
Free_energy = -9609.170847289995
------------------------------------------
[{'stable': {'F_dwave': np.complex128(0.10187193802287148+0j)}, 'free': np.float64(-9609.170847289995)}]
------------------------------------------
  Seed: d-wave+py
F_onsite: (-3.151113111604239e-18+3.562490143598173e-19j)
F_swave: (2.220446049250313e-16-2.082766149166538e-18j), F_dwave: (0.10187193802287109-1.0595582513973627e-16j)
F_px: (4.85722573273506e-17-2.4799697081516176e-17j), F_py: (5.999666041756058e-11+2.0525164552646687e-17j)
Free_energy = -9609.170847289995
------------------------------------------
[{'stable': {'F_dwave': np.complex128(0.10187193802287148+0j)}, 'free': np.float64(-9609.170847289995)}]
------------------------------------------
====================================
mu=0.00, T=0.0925
====================================
  Seed: normal state
F_onsite: 0j
F_swave: 0j, F_dwave: 0j
F_px: 0j, F_py: 0j
Free_energy = -9163.921097279463
------------------------------------------
[{'stable': {}, 'free': np.float64(-9163.921097279463)}]
------------------------------------------
  Seed: d-wave
F_onsite: (-1.5849688449956348e-16+0j)
F_swave: (1.6653345369377348e-16+0j), F_dwave: (0.10155264128560502+0j)
F_px: -1.365587179307873e-17j, F_py: 2.0610793148534786e-17j
Free_energy = -9607.918454692017
------------------------------------------
[{'stable': {'F_dwave': np.complex128(0.10155264128560502+0j)}, 'free': np.float64(-9607.918454692017)}]
------------------------------------------
  Seed: d-wave+px
F_onsite: (-1.586479923478547e-16-3.38395560402056e-19j)
F_swave: (1.3877787807814457e-17-2.621242380940679e-18j), F_dwave: (0.10155264128560472+9.77913357725174e-17j)
F_px: (1.2310069630316889e-11-3.0852218941889817e-17j), F_py: (4.163336342344337e-17+1.8600005115213575e-17j)
Free_energy = -9607.918454692017
------------------------------------------
[{'stable': {'F_dwave': np.complex128(0.10155264128560502+0j)}, 'free': np.float64(-9607.918454692017)}]
------------------------------------------
  Seed: d-wave+py
F_onsite: (-1.7553028238872112e-16-6.031010592965578e-19j)
F_swave: (-2.5326962749261384e-16-5.2955920458153425e-18j), F_dwave: (0.1015526412856047-1.052748358791525e-16j)
F_px: (-2.0816681711721685e-17-3.348230066561232e-17j), F_py: (1.3982363877840243e-11+2.0789360535994506e-17j)
Free_energy = -9607.918454692011
------------------------------------------
[{'stable': {'F_dwave': np.complex128(0.10155264128560502+0j)}, 'free': np.float64(-9607.918454692017)}]
------------------------------------------
====================================
mu=0.00, T=0.0986
====================================
  Seed: normal state
F_onsite: 0j
F_swave: 0j, F_dwave: 0j
F_px: 0j, F_py: 0j
Free_energy = -9169.472139349045
------------------------------------------
[{'stable': {}, 'free': np.float64(-9169.472139349045)}]
------------------------------------------
  Seed: d-wave
F_onsite: (-9.817475659471195e-17+0j)
F_swave: (-1.1796119636642288e-16+0j), F_dwave: (0.1011666276033653+0j)
F_px: -1.2556668481899407e-17j, F_py: 2.1427168519031205e-17j
Free_energy = -9606.378498772052
------------------------------------------
[{'stable': {'F_dwave': np.complex128(0.1011666276033653+0j)}, 'free': np.float64(-9606.378498772052)}]
------------------------------------------
  Seed: d-wave+px
F_onsite: (-1.6496531298727194e-16+9.165672969823226e-19j)
F_swave: (-2.7755575615628914e-17-2.6884409730325483e-18j), F_dwave: (0.1011666276033652+9.11604200290226e-17j)
F_px: (2.1972978991868786e-12-1.8311131593153725e-17j), F_py: 2.131374052287923e-17j
Free_energy = -9606.378498772056
------------------------------------------
[{'stable': {'F_dwave': np.complex128(0.1011666276033653+0j)}, 'free': np.float64(-9606.378498772052)}]
------------------------------------------
  Seed: d-wave+py
F_onsite: (-1.12428064776442e-16-1.0819595867913533e-18j)
F_swave: (1.6653345369377348e-16-1.000809905313688e-18j), F_dwave: (0.10116662760336542-1.0158161299685582e-16j)
F_px: (-5.551115123125783e-17-1.3320125818120874e-17j), F_py: (2.496516882111166e-12+2.0471906610322472e-17j)
Free_energy = -9606.378498772057
------------------------------------------
[{'stable': {'F_dwave': np.complex128(0.1011666276033653+0j)}, 'free': np.float64(-9606.378498772052)}]
------------------------------------------
====================================
mu=0.00, T=0.1047
====================================
  Seed: normal state
F_onsite: 0j
F_swave: 0j, F_dwave: 0j
F_px: 0j, F_py: 0j
Free_energy = -9175.305901399262
------------------------------------------
[{'stable': {}, 'free': np.float64(-9175.305901399262)}]
------------------------------------------
  Seed: d-wave
F_onsite: (-4.619591962871846e-17+0j)
F_swave: (1.942890293094024e-16+0j), F_dwave: (0.10070756351520539+0j)
F_px: -2.835853486107903e-17j, F_py: 1.9394625889845022e-17j
Free_energy = -9604.539098250949
------------------------------------------
[{'stable': {'F_dwave': np.complex128(0.10070756351520539+0j)}, 'free': np.float64(-9604.539098250949)}]
------------------------------------------
  Seed: d-wave+px
F_onsite: (-5.936755654211283e-17-8.210812574509574e-19j)
F_swave: (-1.3877787807814457e-17+4.679390535011113e-18j), F_dwave: (0.10070756351520543+1.2450629646406352e-16j)
F_px: (3.709255125272648e-13-3.233663922811181e-17j), F_py: (2.7755575615628914e-17+2.0286614380847806e-17j)
Free_energy = -9604.539098250945
------------------------------------------
[{'stable': {'F_dwave': np.complex128(0.10070756351520539+0j)}, 'free': np.float64(-9604.539098250949)}]
------------------------------------------
  Seed: d-wave+py
F_onsite: (-4.6082203868792874e-17+1.3562729350630448e-18j)
F_swave: (4.163336342344337e-17-2.6454187782920367e-18j), F_dwave: (0.10070756351520514-1.1804228033237809e-16j)
F_px: (-6.245004513516506e-17-4.652787360769572e-17j), F_py: (4.2062187066704837e-13+2.021912003805365e-17j)
Free_energy = -9604.539098250945
------------------------------------------
[{'stable': {'F_dwave': np.complex128(0.10070756351520539+0j)}, 'free': np.float64(-9604.539098250949)}]
------------------------------------------
====================================
mu=0.00, T=0.1108
====================================
  Seed: normal state
F_onsite: 0j
F_swave: 0j, F_dwave: 0j
F_px: 0j, F_py: 0j
Free_energy = -9181.418199913183
------------------------------------------
[{'stable': {}, 'free': np.float64(-9181.418199913183)}]
------------------------------------------
  Seed: d-wave
F_onsite: (8.770926907144774e-17+0j)
F_swave: (-1.249000902703301e-16+0j), F_dwave: (0.10016822204756758+0j)
F_px: -1.847634125898663e-17j, F_py: 2.2321900618023204e-17j
Free_energy = -9602.373240567355
------------------------------------------
[{'stable': {'F_dwave': np.complex128(0.10016822204756758+0j)}, 'free': np.float64(-9602.373240567355)}]
------------------------------------------
  Seed: d-wave+px
F_onsite: (1.3297540101309608e-16+4.755457470308838e-19j)
F_swave: (1.5612511283791264e-16+6.4524436671817054e-18j), F_dwave: (0.1001682220475675+1.3358469922619375e-16j)
F_px: (5.859202012459264e-14-1.6756269155922116e-17j), F_py: (6.938893903907228e-18+1.8778579470020956e-17j)
Free_energy = -9602.373240567355
------------------------------------------
[{'stable': {'F_dwave': np.complex128(0.10016822204756758+0j)}, 'free': np.float64(-9602.373240567355)}]
------------------------------------------
  Seed: d-wave+py
F_onsite: (9.679501535199279e-17-2.39586244204253e-19j)
F_swave: (6.938893903907228e-18+1.3241145997032766e-18j), F_dwave: (0.10016822204756755-1.3260879091911823e-16j)
F_px: (-4.85722573273506e-17-1.662604546697994e-17j), F_py: (6.715461520201416e-14+2.2379038000450197e-17j)
Free_energy = -9602.373240567355
------------------------------------------
[{'stable': {'F_dwave': np.complex128(0.10016822204756758+0j)}, 'free': np.float64(-9602.373240567355)}]
------------------------------------------
====================================
mu=0.00, T=0.1169
====================================
  Seed: normal state
F_onsite: 0j
F_swave: 0j, F_dwave: 0j
F_px: 0j, F_py: 0j
Free_energy = -9187.805104393026
------------------------------------------
[{'stable': {}, 'free': np.float64(-9187.805104393026)}]
------------------------------------------
  Seed: d-wave
F_onsite: (2.1861186881957046e-17+0j)
F_swave: (-2.914335439641036e-16+0j), F_dwave: (0.09954141862657812+0j)
F_px: -1.8319699011953177e-17j, F_py: 1.894007348124978e-17j
Free_energy = -9599.85574491842
------------------------------------------
[{'stable': {'F_dwave': np.complex128(0.09954141862657812+0j)}, 'free': np.float64(-9599.85574491842)}]
------------------------------------------
  Seed: d-wave+px
F_onsite: (3.2488524181493794e-17-1.0430402616438983e-18j)
F_swave: (-3.0184188481996443e-16+3.700182753809274e-18j), F_dwave: (0.09954141862657823+1.2933523233033605e-16j)
F_px: (6.147859998861804e-15-1.4363121379496602e-17j), F_py: (6.938893903907228e-18+1.8826734316356097e-17j)
Free_energy = -9599.855744918423
------------------------------------------
[{'stable': {'F_dwave': np.complex128(0.09954141862657812+0j)}, 'free': np.float64(-9599.85574491842)}]
------------------------------------------
  Seed: d-wave+py
F_onsite: (3.028449628753795e-17+6.129161053231016e-19j)
F_swave: (-1.2836953722228372e-16-2.880682507647323e-18j), F_dwave: (0.0995414186265782-1.3159129941546905e-16j)
F_px: (4.163336342344337e-17-2.841867525478987e-17j), F_py: (7.181755190543981e-15+1.9160358186927482e-17j)
Free_energy = -9599.85574491842
------------------------------------------
[{'stable': {'F_dwave': np.complex128(0.09954141862657812+0j)}, 'free': np.float64(-9599.85574491842)}]
------------------------------------------
====================================
mu=0.00, T=0.1230
====================================
  Seed: normal state
F_onsite: 0j
F_swave: 0j, F_dwave: 0j
F_px: 0j, F_py: 0j
Free_energy = -9194.46290492641
------------------------------------------
[{'stable': {}, 'free': np.float64(-9194.46290492641)}]
------------------------------------------
  Seed: d-wave
F_onsite: (-1.4760157910837022e-16+0j)
F_swave: (1.249000902703301e-16+0j), F_dwave: (0.09882148374537732+0j)
F_px: -1.545069490364119e-17j, F_py: 1.9790368947225092e-17j
Free_energy = -9596.986002827929
------------------------------------------
[{'stable': {'F_dwave': np.complex128(0.09882148374537732+0j)}, 'free': np.float64(-9596.986002827929)}]
------------------------------------------
  Seed: d-wave+px
F_onsite: (-1.556018979394157e-16-8.34863586148669e-20j)
F_swave: (1.1102230246251565e-16-1.101667987721985e-17j), F_dwave: (0.09882148374537737+1.3615027537625786e-16j)
F_px: (6.938893903907228e-16-2.5183588609022364e-17j), F_py: (-1.3877787807814457e-17+2.0009376594927082e-17j)
Free_energy = -9596.986002827929
------------------------------------------
[{'stable': {'F_dwave': np.complex128(0.09882148374537732+0j)}, 'free': np.float64(-9596.986002827929)}]
------------------------------------------
  Seed: d-wave+py
F_onsite: (-1.6769645640013324e-16+1.0619005358729992e-18j)
F_swave: (7.632783294297951e-17-4.731653222381702e-18j), F_dwave: (0.09882148374537732-1.4135843157396987e-16j)
F_px: (-2.0816681711721685e-17-1.8698553817971956e-17j), F_py: (8.326672684688674e-16+1.8990086593831063e-17j)
Free_energy = -9596.986002827929
------------------------------------------
[{'stable': {'F_dwave': np.complex128(0.09882148374537732+0j)}, 'free': np.float64(-9596.986002827929)}]
------------------------------------------
====================================
mu=0.00, T=0.1291
====================================
  Seed: normal state
F_onsite: 0j
F_swave: 0j, F_dwave: 0j
F_px: 0j, F_py: 0j
Free_energy = -9201.388086995059
------------------------------------------
[{'stable': {}, 'free': np.float64(-9201.388086995059)}]
------------------------------------------
  Seed: d-wave
F_onsite: (-2.1271877217576146e-16+0j)
F_swave: (-2.1510571102112408e-16+0j), F_dwave: (0.09800112641819993+0j)
F_px: -3.2394428479064057e-17j, F_py: 1.9910563253312722e-17j
Free_energy = -9593.741079132738
------------------------------------------
[{'stable': {'F_dwave': np.complex128(0.09800112641819993+0j)}, 'free': np.float64(-9593.741079132738)}]
------------------------------------------
  Seed: d-wave+px
F_onsite: (-2.065407256167254e-16+2.0186501723416488e-19j)
F_swave: (-1.942890293094024e-16+1.2048081870435176e-17j), F_dwave: (0.09800112641819994+1.5626898622301036e-16j)
F_px: (1.0408340855860843e-16-4.4544544112033415e-17j), F_py: 1.9698182149497895e-17j
Free_energy = -9593.741079132738
------------------------------------------
[{'stable': {'F_dwave': np.complex128(0.09800112641819993+0j)}, 'free': np.float64(-9593.741079132738)}]
------------------------------------------
  Seed: d-wave+py
F_onsite: (-2.083702638432355e-16-1.1697907958009922e-18j)
F_swave: (-1.734723475976807e-16-1.2554909907407136e-17j), F_dwave: (0.09800112641819994-1.7785282377254486e-16j)
F_px: (-9.020562075079397e-17-4.487536589903726e-17j), F_py: (4.163336342344337e-17+2.000944773245976e-17j)
Free_energy = -9593.741079132738
------------------------------------------
[{'stable': {'F_dwave': np.complex128(0.09800112641819993+0j)}, 'free': np.float64(-9593.741079132738)}]
------------------------------------------
====================================
mu=0.00, T=0.1352
====================================
  Seed: normal state
F_onsite: 0j
F_swave: 0j, F_dwave: 0j
F_px: 0j, F_py: 0j
Free_energy = -9208.577311152174
------------------------------------------
[{'stable': {}, 'free': np.float64(-9208.577311152174)}]
------------------------------------------
  Seed: d-wave
F_onsite: (-1.0412398673073783e-16+0j)
F_swave: (-5.551115123125783e-17+0j), F_dwave: (0.09707462553477948+0j)
F_px: -3.7715763250498327e-17j, F_py: 2.1763724103756097e-17j
Free_energy = -9590.124441451107
------------------------------------------
[{'stable': {'F_dwave': np.complex128(0.09707462553477948+0j)}, 'free': np.float64(-9590.124441451107)}]
------------------------------------------
  Seed: d-wave+px
F_onsite: (-8.502937594034335e-17-5.311735442062222e-19j)
F_swave: (-5.898059818321144e-17-4.7345682068603386e-18j), F_dwave: (0.09707462553477947+1.297928025890111e-16j)
F_px: (2.7755575615628914e-17-3.005327614855778e-17j), F_py: (2.0816681711721685e-17+2.200367596456793e-17j)
Free_energy = -9590.124441451107
------------------------------------------
[{'stable': {'F_dwave': np.complex128(0.09707462553477948+0j)}, 'free': np.float64(-9590.124441451107)}]
------------------------------------------
  Seed: d-wave+py
F_onsite: (-8.702489291984586e-17+1.284470636453759e-18j)
F_swave: (-5.551115123125783e-17+3.459127873812015e-18j), F_dwave: (0.09707462553477947-1.6050089083369264e-16j)
F_px: (-4.163336342344337e-17-2.2790510842743683e-17j), F_py: (1.3877787807814457e-17+2.110360088771428e-17j)
Free_energy = -9590.124441451107
------------------------------------------
[{'stable': {'F_dwave': np.complex128(0.09707462553477948+0j)}, 'free': np.float64(-9590.124441451107)}]
------------------------------------------
====================================
mu=0.00, T=0.1413
====================================
  Seed: normal state
F_onsite: 0j
F_swave: 0j, F_dwave: 0j
F_px: 0j, F_py: 0j
Free_energy = -9216.02739614733
------------------------------------------
[{'stable': {}, 'free': np.float64(-9216.02739614733)}]
------------------------------------------
  Seed: d-wave
F_onsite: (-1.0392061941405799e-17+0j)
F_swave: (2.0816681711721685e-16+0j), F_dwave: (0.096035038704256+0j)
F_px: -2.5221204233787906e-17j, F_py: 1.9970952401112768e-17j
Free_energy = -9586.126453837385
------------------------------------------
[{'stable': {'F_dwave': np.complex128(0.096035038704256+0j)}, 'free': np.float64(-9586.126453837385)}]
------------------------------------------
  Seed: d-wave+px
F_onsite: (-3.106628329931115e-17+2.9366960113977576e-19j)
F_swave: (2.0122792321330962e-16+7.210650652476572e-18j), F_dwave: (0.09603503870425598+1.3680734588224905e-16j)
F_px: (-4.85722573273506e-17-2.4272469843810517e-17j), F_py: 2.1073953907379765e-17j
Free_energy = -9586.126453837385
------------------------------------------
[{'stable': {'F_dwave': np.complex128(0.096035038704256+0j)}, 'free': np.float64(-9586.126453837385)}]
------------------------------------------
  Seed: d-wave+py
F_onsite: (-2.1992336972731052e-17-1.9240291856982948e-19j)
F_swave: (1.700029006457271e-16-4.967754971032406e-18j), F_dwave: (0.09603503870425595-1.5372044110137326e-16j)
F_px: (-1.3877787807814457e-17-2.4174708675935325e-17j), F_py: (6.938893903907228e-18+2.0543861829270058e-17j)
Free_energy = -9586.126453837383
------------------------------------------
[{'stable': {'F_dwave': np.complex128(0.096035038704256+0j)}, 'free': np.float64(-9586.126453837385)}]
------------------------------------------
====================================
mu=0.00, T=0.1474
====================================
  Seed: normal state
F_onsite: 0j
F_swave: 0j, F_dwave: 0j
F_px: 0j, F_py: 0j
Free_energy = -9223.735304615027
------------------------------------------
[{'stable': {}, 'free': np.float64(-9223.735304615027)}]
------------------------------------------
  Seed: d-wave
F_onsite: (-2.0565149890000299e-16+0j)
F_swave: (2.636779683484747e-16+0j), F_dwave: (0.09487476760308544+0j)
F_px: -8.444619389898868e-18j, F_py: 2.1732295031226905e-17j
Free_energy = -9581.735635683712
------------------------------------------
[{'stable': {'F_dwave': np.complex128(0.09487476760308544+0j)}, 'free': np.float64(-9581.735635683712)}]
------------------------------------------
  Seed: d-wave+px
F_onsite: (-1.9653411686186819e-16+3.5398233963041226e-19j)
F_swave: (2.3245294578089215e-16+1.9448553125033048e-18j), F_dwave: (0.09487476760308546+1.3196210194340488e-16j)
F_px: (-9.020562075079397e-17-2.0895094430800582e-17j), F_py: (-6.938893903907228e-18+2.1567215222213317e-17j)
Free_energy = -9581.735635683712
------------------------------------------
[{'stable': {'F_dwave': np.complex128(0.09487476760308544+0j)}, 'free': np.float64(-9581.735635683712)}]
------------------------------------------
  Seed: d-wave+py
F_onsite: (-2.4019219542254547e-16+1.339038483393487e-18j)
F_swave: (2.2898349882893854e-16-4.115966818502409e-18j), F_dwave: (0.09487476760308547-1.4711724355981965e-16j)
F_px: (7.632783294297951e-17-1.6103994842922646e-17j), F_py: (1.3877787807814457e-17+2.1797712405423007e-17j)
Free_energy = -9581.735635683712
------------------------------------------
[{'stable': {'F_dwave': np.complex128(0.09487476760308544+0j)}, 'free': np.float64(-9581.735635683712)}]
------------------------------------------
====================================
mu=0.00, T=0.1536
====================================
  Seed: normal state
F_onsite: 0j
F_swave: 0j, F_dwave: 0j
F_px: 0j, F_py: 0j
Free_energy = -9231.698130747329
------------------------------------------
[{'stable': {}, 'free': np.float64(-9231.698130747329)}]
------------------------------------------
  Seed: d-wave
F_onsite: (2.1616407312098053e-16+0j)
F_swave: (-2.914335439641036e-16+0j), F_dwave: (0.09358708811082106+0j)
F_px: -3.464304712796127e-17j, F_py: 2.2550690385264145e-17j
Free_energy = -9576.959314911757
------------------------------------------
[{'stable': {'F_dwave': np.complex128(0.09358708811082106+0j)}, 'free': np.float64(-9576.959314911757)}]
------------------------------------------
  Seed: d-wave+px
F_onsite: (2.4278527325838234e-16+1.4955871314322022e-18j)
F_swave: (-3.365363543395006e-16-7.059666399530726e-18j), F_dwave: (0.09358708811082098+1.4129277039053572e-16j)
F_px: (-6.938893903907228e-18-2.8922653818391726e-17j), F_py: (2.0816681711721685e-17+2.1384100751038146e-17j)
Free_energy = -9576.959314911757
------------------------------------------
[{'stable': {'F_dwave': np.complex128(0.09358708811082106+0j)}, 'free': np.float64(-9576.959314911757)}]
------------------------------------------
  Seed: d-wave+py
F_onsite: (2.394935027521949e-16+2.227878033595587e-18j)
F_swave: (-3.2612801348363973e-16+6.448749368926328e-18j), F_dwave: (0.093587088110821-1.7279274800052602e-16j)
F_px: (6.245004513516506e-17-2.5367306985323354e-17j), F_py: (-4.163336342344337e-17+2.0111515708302473e-17j)
Free_energy = -9576.959314911757
------------------------------------------
[{'stable': {'F_dwave': np.complex128(0.09358708811082106+0j)}, 'free': np.float64(-9576.959314911757)}]
------------------------------------------
====================================
mu=0.00, T=0.1597
====================================
  Seed: normal state
F_onsite: 0j
F_swave: 0j, F_dwave: 0j
F_px: 0j, F_py: 0j
Free_energy = -9239.913089553353
------------------------------------------
[{'stable': {}, 'free': np.float64(-9239.913089553353)}]
------------------------------------------
  Seed: d-wave
F_onsite: (-3.848347592592826e-17+0j)
F_swave: (-1.1102230246251565e-16+0j), F_dwave: (0.0921645248019725+0j)
F_px: -2.783745185227581e-17j, F_py: 2.1971834228813143e-17j
Free_energy = -9571.803190732748
------------------------------------------
[{'stable': {'F_dwave': np.complex128(0.0921645248019725+0j)}, 'free': np.float64(-9571.803190732748)}]
------------------------------------------
  Seed: d-wave+px
F_onsite: (-2.716034752181306e-17-9.752149481781541e-21j)
F_swave: (-1.2836953722228372e-16-5.781653985953982e-18j), F_dwave: (0.09216452480197247+1.3052069112917025e-16j)
F_px: (-3.469446951953614e-17-1.405765707993241e-17j), F_py: (6.938893903907228e-18+2.2063180354013634e-17j)
Free_energy = -9571.803190732748
------------------------------------------
[{'stable': {'F_dwave': np.complex128(0.0921645248019725+0j)}, 'free': np.float64(-9571.803190732748)}]
------------------------------------------
  Seed: d-wave+py
F_onsite: (-4.0966046735896033e-17-7.454624239785966e-19j)
F_swave: (-1.3183898417423734e-16+9.981675970264417e-18j), F_dwave: (0.09216452480197249-1.6528219867427014e-16j)
F_px: (3.469446951953614e-17-1.8753224566044838e-17j), F_py: (-1.3877787807814457e-17+2.1914383985546946e-17j)
Free_energy = -9571.803190732748
------------------------------------------
[{'stable': {'F_dwave': np.complex128(0.0921645248019725+0j)}, 'free': np.float64(-9571.803190732748)}]
------------------------------------------
====================================
mu=0.00, T=0.1658
====================================
  Seed: normal state
F_onsite: 0j
F_swave: 0j, F_dwave: 0j
F_px: 0j, F_py: 0j
Free_energy = -9248.37750741926
------------------------------------------
[{'stable': {}, 'free': np.float64(-9248.37750741926)}]
------------------------------------------
  Seed: d-wave
F_onsite: (-8.044670270257096e-17+0j)
F_swave: (-4.85722573273506e-17+0j), F_dwave: (0.09059730535671107+0j)
F_px: -1.4467372369940203e-17j, F_py: 2.1116533029410933e-17j
Free_energy = -9566.257081340564
------------------------------------------
[{'stable': {'F_dwave': np.complex128(0.09059730535671107+0j)}, 'free': np.float64(-9566.257081340564)}]
------------------------------------------
  Seed: d-wave+px
F_onsite: (-9.40216497619624e-17+3.331099513745727e-19j)
F_swave: 7.122045753596882e-20j, F_dwave: (0.09059730535671102+1.1562008270661024e-16j)
F_px: (2.7755575615628914e-17-1.6223884196841963e-17j), F_py: (2.7755575615628914e-17+1.9652728574838106e-17j)
Free_energy = -9566.257081340564
------------------------------------------
[{'stable': {'F_dwave': np.complex128(0.09059730535671107+0j)}, 'free': np.float64(-9566.257081340564)}]
------------------------------------------
  Seed: d-wave+py
F_onsite: (-8.041852562218495e-17-1.252574118924725e-18j)
F_swave: (-1.3877787807814457e-17-2.8113708011327116e-18j), F_dwave: (0.09059730535671104-1.579796408111134e-16j)
F_px: (-6.938893903907228e-18-1.468781972549834e-17j), F_py: 2.0171864645734548e-17j
Free_energy = -9566.257081340564
------------------------------------------
[{'stable': {'F_dwave': np.complex128(0.09059730535671107+0j)}, 'free': np.float64(-9566.257081340564)}]
------------------------------------------
====================================
mu=0.00, T=0.1719
====================================
  Seed: normal state
F_onsite: 0j
F_swave: 0j, F_dwave: 0j
F_px: 0j, F_py: 0j
Free_energy = -9257.088813751416
------------------------------------------
[{'stable': {}, 'free': np.float64(-9257.088813751416)}]
------------------------------------------
  Seed: d-wave
F_onsite: (-1.5229600259535686e-17+0j)
F_swave: (2.8449465006019636e-16+0j), F_dwave: (0.0888762543665478+0j)
F_px: -2.7394552100809736e-17j, F_py: 1.997242780061536e-17j
Free_energy = -9560.330755534118
------------------------------------------
[{'stable': {'F_dwave': np.complex128(0.0888762543665478+0j)}, 'free': np.float64(-9560.330755534118)}]
------------------------------------------
  Seed: d-wave+px
F_onsite: (-2.3330638673203408e-17+6.732691808406792e-19j)
F_swave: (2.8796409701215e-16+5.569912176049309e-18j), F_dwave: (0.08887625436654778+1.1499384597833742e-16j)
F_px: (2.0816681711721685e-17-1.9032655480499646e-17j), F_py: (-6.938893903907228e-18+1.9600159074563757e-17j)
Free_energy = -9560.330755534118
------------------------------------------
[{'stable': {'F_dwave': np.complex128(0.0888762543665478+0j)}, 'free': np.float64(-9560.330755534118)}]
------------------------------------------
  Seed: d-wave+py
F_onsite: (-2.3085034357706838e-17+8.986966444899182e-19j)
F_swave: (2.8449465006019636e-16-4.65224424034571e-18j), F_dwave: (0.08887625436654775-1.4484369194448881e-16j)
F_px: (-1.3877787807814457e-17-2.1562696662744137e-17j), F_py: (-1.3877787807814457e-17+1.952861365093201e-17j)
Free_energy = -9560.330755534116
------------------------------------------
[{'stable': {'F_dwave': np.complex128(0.0888762543665478+0j)}, 'free': np.float64(-9560.330755534118)}]
------------------------------------------
====================================
mu=0.00, T=0.1780
====================================
  Seed: normal state
F_onsite: 0j
F_swave: 0j, F_dwave: 0j
F_px: 0j, F_py: 0j
Free_energy = -9266.044533538661
------------------------------------------
[{'stable': {}, 'free': np.float64(-9266.044533538661)}]
------------------------------------------
  Seed: d-wave
F_onsite: (-8.777357740099006e-17+0j)
F_swave: (-1.1102230246251565e-16+0j), F_dwave: (0.08699032203909397+0j)
F_px: -2.6090434572780067e-18j, F_py: 1.616768678679603e-17j
Free_energy = -9554.028267620799
------------------------------------------
[{'stable': {'F_dwave': np.complex128(0.08699032203909397+0j)}, 'free': np.float64(-9554.028267620799)}]
------------------------------------------
  Seed: d-wave+px
F_onsite: (-8.316222415701924e-17+2.6868117046608853e-19j)
F_swave: (-8.673617379884035e-17+2.725030102384733e-18j), F_dwave: (0.0869903220390939+1.3350902067874643e-16j)
F_px: (1.1796119636642288e-16-2.091558562961312e-17j), F_py: (2.0816681711721685e-17+1.7455300116533836e-17j)
Free_energy = -9554.028267620799
------------------------------------------
[{'stable': {'F_dwave': np.complex128(0.08699032203909397+0j)}, 'free': np.float64(-9554.028267620799)}]
------------------------------------------
  Seed: d-wave+py
F_onsite: (-8.579940829872888e-17-1.9095612915418712e-18j)
F_swave: (-1.0061396160665481e-16-3.1492775968786273e-18j), F_dwave: (0.08699032203909392-1.6245731360308469e-16j)
F_px: (-1.0408340855860843e-16-1.5707300391726182e-17j), F_py: (6.938893903907228e-18+1.996745673584349e-17j)
Free_energy = -9554.028267620799
------------------------------------------
[{'stable': {'F_dwave': np.complex128(0.08699032203909397+0j)}, 'free': np.float64(-9554.028267620799)}]
------------------------------------------
====================================
mu=0.00, T=0.1841
====================================
  Seed: normal state
F_onsite: 0j
F_swave: 0j, F_dwave: 0j
F_px: 0j, F_py: 0j
Free_energy = -9275.242280695282
------------------------------------------
[{'stable': {}, 'free': np.float64(-9275.242280695282)}]
------------------------------------------
  Seed: d-wave
F_onsite: (-6.188132104652598e-17+0j)
F_swave: (2.220446049250313e-16+0j), F_dwave: (0.08492679661245114+0j)
F_px: -2.89156919431712e-17j, F_py: 1.8937886879755566e-17j
Free_energy = -9547.354646317597
------------------------------------------
[{'stable': {'F_dwave': np.complex128(0.08492679661245114+0j)}, 'free': np.float64(-9547.354646317597)}]
------------------------------------------
  Seed: d-wave+px
F_onsite: (-7.325635037196532e-17-5.391038742360016e-19j)
F_swave: (2.220446049250313e-16-1.6779446291714804e-18j), F_dwave: (0.0849267966124511+8.521180131866002e-17j)
F_px: (2.7755575615628914e-17-3.5594570329646366e-17j), F_py: 1.88130677841356e-17j
Free_energy = -9547.354646317597
------------------------------------------
[{'stable': {'F_dwave': np.complex128(0.08492679661245114+0j)}, 'free': np.float64(-9547.354646317597)}]
------------------------------------------
  Seed: d-wave+py
F_onsite: (-6.555122029030852e-17-7.124455914680708e-19j)
F_swave: (2.2898349882893854e-16-1.7317935302990546e-19j), F_dwave: (0.08492679661245106-1.2152615807050315e-16j)
F_px: -3.8179688460341886e-17j, F_py: (1.3877787807814457e-17+2.0342946553403553e-17j)
Free_energy = -9547.354646317597
------------------------------------------
[{'stable': {'F_dwave': np.complex128(0.08492679661245114+0j)}, 'free': np.float64(-9547.354646317597)}]
------------------------------------------
====================================
mu=0.00, T=0.1902
====================================
  Seed: normal state
F_onsite: 0j
F_swave: 0j, F_dwave: 0j
F_px: 0j, F_py: 0j
Free_energy = -9284.679752081369
------------------------------------------
[{'stable': {}, 'free': np.float64(-9284.679752081369)}]
------------------------------------------
  Seed: d-wave
F_onsite: (1.2002937950837697e-16+0j)
F_swave: (-9.71445146547012e-17+0j), F_dwave: (0.08267083012592304+0j)
F_px: -1.9172323581763234e-17j, F_py: 1.8894105518634085e-17j
Free_energy = -9540.315779053139
------------------------------------------
[{'stable': {'F_dwave': np.complex128(0.08267083012592304+0j)}, 'free': np.float64(-9540.315779053139)}]
------------------------------------------
  Seed: d-wave+px
F_onsite: (1.2226346199398469e-16+7.111744687828587e-20j)
F_swave: (-1.0408340855860843e-16-1.8576059122600815e-18j), F_dwave: (0.08267083012592305+7.462702325173192e-17j)
F_px: (2.0816681711721685e-17-1.5480890718312132e-17j), F_py: (-1.3877787807814457e-17+1.8320777537086844e-17j)
Free_energy = -9540.315779053139
------------------------------------------
[{'stable': {'F_dwave': np.complex128(0.08267083012592304+0j)}, 'free': np.float64(-9540.315779053139)}]
------------------------------------------
  Seed: d-wave+py
F_onsite: (1.2747595716759984e-16-2.87034071939982e-19j)
F_swave: (-9.71445146547012e-17+4.764145497228244e-18j), F_dwave: (0.08267083012592305-8.700373488054768e-17j)
F_px: (-4.163336342344337e-17-1.2311953933405664e-17j), F_py: (1.3877787807814457e-17+1.9334703271910456e-17j)
Free_energy = -9540.315779053139
------------------------------------------
[{'stable': {'F_dwave': np.complex128(0.08267083012592304+0j)}, 'free': np.float64(-9540.315779053139)}]
------------------------------------------
====================================
mu=0.00, T=0.1963
====================================
  Seed: normal state
F_onsite: 0j
F_swave: 0j, F_dwave: 0j
F_px: 0j, F_py: 0j
Free_energy = -9294.354722106456
------------------------------------------
[{'stable': {}, 'free': np.float64(-9294.354722106456)}]
------------------------------------------
  Seed: d-wave
F_onsite: (-2.6723426264730146e-18+0j)
F_swave: (1.942890293094024e-16+0j), F_dwave: (0.08020407815489627+0j)
F_px: -3.203695079682069e-17j, F_py: 1.8056704262432353e-17j
Free_energy = -9532.912548816588
------------------------------------------
[{'stable': {'F_dwave': np.complex128(0.08020407815489627+0j)}, 'free': np.float64(-9532.912548816588)}]
------------------------------------------
  Seed: d-wave+px
F_onsite: (7.525384810542026e-18+4.1543437381637165e-19j)
F_swave: (1.97758476261356e-16+8.246912124995493e-19j), F_dwave: (0.0802040781548963+8.318908560664098e-17j)
F_px: (6.938893903907228e-18-3.6973757425619884e-17j), F_py: (2.0816681711721685e-17+1.9482178821780697e-17j)
Free_energy = -9532.912548816588
------------------------------------------
[{'stable': {'F_dwave': np.complex128(0.08020407815489627+0j)}, 'free': np.float64(-9532.912548816588)}]
------------------------------------------
  Seed: d-wave+py
F_onsite: (3.176089002072908e-18+9.88519977709984e-19j)
F_swave: (1.9081958235744878e-16-5.529588657582764e-19j), F_dwave: (0.08020407815489629-9.904614270557104e-17j)
F_px: (1.3877787807814457e-17-3.887922628286897e-17j), F_py: (-6.938893903907228e-18+1.9120730672597076e-17j)
Free_energy = -9532.912548816588
------------------------------------------
[{'stable': {'F_dwave': np.complex128(0.08020407815489627+0j)}, 'free': np.float64(-9532.912548816588)}]
------------------------------------------
====================================
mu=0.00, T=0.2024
====================================
  Seed: normal state
F_onsite: 0j
F_swave: 0j, F_dwave: 0j
F_px: 0j, F_py: 0j
Free_energy = -9304.265037843918
------------------------------------------
[{'stable': {}, 'free': np.float64(-9304.265037843918)}]
------------------------------------------
  Seed: d-wave
F_onsite: (-4.540007923521384e-17+0j)
F_swave: (-8.326672684688674e-17+0j), F_dwave: (0.07750653231025557+0j)
F_px: -3.6208548357378717e-17j, F_py: 2.0954316293844383e-17j
Free_energy = -9525.162811817907
------------------------------------------
[{'stable': {'F_dwave': np.complex128(0.07750653231025557+0j)}, 'free': np.float64(-9525.162811817907)}]
------------------------------------------
  Seed: d-wave+px
F_onsite: (-4.068279393327703e-17+6.792298781989932e-19j)
F_swave: (-9.367506770274758e-17+6.70995864128853e-18j), F_dwave: (0.07750653231025556+9.021166682068627e-17j)
F_px: (-1.3877787807814457e-17-3.761955345986198e-17j), F_py: (6.938893903907228e-18+2.2180428745038873e-17j)
Free_energy = -9525.162811817907
------------------------------------------
[{'stable': {'F_dwave': np.complex128(0.07750653231025557+0j)}, 'free': np.float64(-9525.162811817907)}]
------------------------------------------
  Seed: d-wave+py
F_onsite: (-4.839228929572849e-17+8.353443268713961e-19j)
F_swave: (-1.0061396160665481e-16-9.233393661444136e-18j), F_dwave: (0.07750653231025553-1.260696053696525e-16j)
F_px: -3.757469504166214e-17j, F_py: (-3.469446951953614e-17+2.0730303376246615e-17j)
Free_energy = -9525.162811817905
------------------------------------------
[{'stable': {'F_dwave': np.complex128(0.07750653231025557+0j)}, 'free': np.float64(-9525.162811817907)}]
------------------------------------------
====================================
mu=0.00, T=0.2085
====================================
  Seed: normal state
F_onsite: 0j
F_swave: 0j, F_dwave: 0j
F_px: 0j, F_py: 0j
Free_energy = -9314.408614591697
------------------------------------------
[{'stable': {}, 'free': np.float64(-9314.408614591697)}]
------------------------------------------
  Seed: d-wave
F_onsite: (-6.898308587069758e-17+0j)
F_swave: (-6.938893903907228e-18+0j), F_dwave: (0.0745505163853713+0j)
F_px: -6.6213101156265454e-18j, F_py: 2.109347143373309e-17j
Free_energy = -9517.063244540219
------------------------------------------
[{'stable': {'F_dwave': np.complex128(0.0745505163853713+0j)}, 'free': np.float64(-9517.063244540219)}]
------------------------------------------
  Seed: d-wave+px
F_onsite: (-8.52876516942171e-17-7.807900737473963e-19j)
F_swave: (2.0816681711721685e-17+2.216455662406908e-19j), F_dwave: (0.0745505163853713+1.0728701661889005e-16j)
F_px: (-3.469446951953614e-17-2.050748645293966e-17j), F_py: (-1.3877787807814457e-17+2.2723830268097938e-17j)
Free_energy = -9517.063244540219
------------------------------------------
[{'stable': {'F_dwave': np.complex128(0.0745505163853713+0j)}, 'free': np.float64(-9517.063244540219)}]
------------------------------------------
  Seed: d-wave+py
F_onsite: (-9.043507418303744e-17-4.570226573747422e-19j)
F_swave: (2.7755575615628914e-17-6.233885137777517e-18j), F_dwave: (0.07455051638537132-1.4453397525722395e-16j)
F_px: (4.163336342344337e-17-2.3333337325673405e-17j), F_py: (1.3877787807814457e-17+2.2424235308215442e-17j)
Free_energy = -9517.063244540219
------------------------------------------
[{'stable': {'F_dwave': np.complex128(0.0745505163853713+0j)}, 'free': np.float64(-9517.063244540219)}]
------------------------------------------
====================================
mu=0.00, T=0.2146
====================================
  Seed: normal state
F_onsite: 0j
F_swave: 0j, F_dwave: 0j
F_px: 0j, F_py: 0j
Free_energy = -9324.783431825883
------------------------------------------
[{'stable': {}, 'free': np.float64(-9324.783431825883)}]
------------------------------------------
  Seed: d-wave
F_onsite: (4.170372009762468e-17+0j)
F_swave: (-6.938893903907228e-18+0j), F_dwave: (0.07130282492686116+0j)
F_px: -1.6331150083545696e-17j, F_py: 2.049899141694212e-17j
Free_energy = -9508.621969197435
------------------------------------------
[{'stable': {'F_dwave': np.complex128(0.07130282492686116+0j)}, 'free': np.float64(-9508.621969197435)}]
------------------------------------------
  Seed: d-wave+px
F_onsite: (6.836685482186706e-17-2.331529622055594e-19j)
F_swave: (-6.938893903907228e-18+7.06941142403952e-18j), F_dwave: (0.07130282492686114+1.2370719821971636e-16j)
F_px: (-2.0816681711721685e-17-7.074199145424977e-18j), F_py: (2.7755575615628914e-17+1.7755957935320323e-17j)
Free_energy = -9508.621969197435
------------------------------------------
[{'stable': {'F_dwave': np.complex128(0.07130282492686116+0j)}, 'free': np.float64(-9508.621969197435)}]
------------------------------------------
  Seed: d-wave+py
F_onsite: (5.809120697114953e-17+8.997732803858942e-19j)
F_swave: -7.226679138001165e-18j, F_dwave: (0.07130282492686116-1.610467820615021e-16j)
F_px: (1.3877787807814457e-17-3.2608047045075264e-18j), F_py: (-1.3877787807814457e-17+1.7632340755857948e-17j)
Free_energy = -9508.621969197437
------------------------------------------
[{'stable': {'F_dwave': np.complex128(0.07130282492686116+0j)}, 'free': np.float64(-9508.621969197435)}]
------------------------------------------
====================================
mu=0.00, T=0.2207
====================================
  Seed: normal state
F_onsite: 0j
F_swave: 0j, F_dwave: 0j
F_px: 0j, F_py: 0j
Free_energy = -9335.387529501242
------------------------------------------
[{'stable': {}, 'free': np.float64(-9335.387529501242)}]
------------------------------------------
  Seed: d-wave
F_onsite: (-3.186067447238258e-17+0j)
F_swave: (-3.469446951953614e-17+0j), F_dwave: (0.06772146655677731+0j)
F_px: -1.665309043231256e-17j, F_py: 1.7626024404700493e-17j
Free_energy = -9499.852778484712
------------------------------------------
[{'stable': {'F_dwave': np.complex128(0.06772146655677731+0j)}, 'free': np.float64(-9499.852778484712)}]
------------------------------------------
  Seed: d-wave+px
F_onsite: (-3.089323049772016e-17+3.313300410506766e-19j)
F_swave: (-4.163336342344337e-17+2.3819131027558993e-18j), F_dwave: (0.06772146655677737+9.237953763416218e-17j)
F_px: -2.404088822361711e-17j, F_py: 1.988970341262536e-17j
Free_energy = -9499.852778484712
------------------------------------------
[{'stable': {'F_dwave': np.complex128(0.06772146655677731+0j)}, 'free': np.float64(-9499.852778484712)}]
------------------------------------------
  Seed: d-wave+py
F_onsite: (-2.033835294198432e-17+2.05450827336549e-19j)
F_swave: (-2.7755575615628914e-17-3.902472693902674e-19j), F_dwave: (0.06772146655677738-1.223220098377412e-16j)
F_px: (2.0816681711721685e-17-2.1545072970898117e-17j), F_py: (1.3877787807814457e-17+1.9036082798972687e-17j)
Free_energy = -9499.852778484712
------------------------------------------
[{'stable': {'F_dwave': np.complex128(0.06772146655677731+0j)}, 'free': np.float64(-9499.852778484712)}]
------------------------------------------
====================================
mu=0.00, T=0.2268
====================================
  Seed: normal state
F_onsite: 0j
F_swave: 0j, F_dwave: 0j
F_px: 0j, F_py: 0j
Free_energy = -9346.219004656796
------------------------------------------
[{'stable': {}, 'free': np.float64(-9346.219004656796)}]
------------------------------------------
  Seed: d-wave
F_onsite: (1.542931261567894e-16+0j)
F_swave: 0j, F_dwave: (0.06374860856588707+0j)
F_px: -2.020089868523516e-17j, F_py: 1.7699612046354436e-17j
Free_energy = -9490.759713037341
------------------------------------------
[{'stable': {'F_dwave': np.complex128(0.06374860856588707+0j)}, 'free': np.float64(-9490.759713037341)}]
------------------------------------------
  Seed: d-wave+px
F_onsite: (1.522761289511401e-16+5.117435869708919e-19j)
F_swave: (2.0816681711721685e-17+7.606248332863985e-19j), F_dwave: (0.06374860856588707+8.738523181982805e-17j)
F_px: (1.3877787807814457e-17-1.9337099614145022e-17j), F_py: 1.915451190163313e-17j
Free_energy = -9490.759713037341
------------------------------------------
[{'stable': {'F_dwave': np.complex128(0.06374860856588707+0j)}, 'free': np.float64(-9490.759713037341)}]
------------------------------------------
  Seed: d-wave+py
F_onsite: (1.491828241847715e-16-2.727126054277878e-19j)
F_swave: (6.938893903907228e-18-1.9328605296434715e-18j), F_dwave: (0.0637486085658871-1.1181595992638375e-16j)
F_px: (2.0816681711721685e-17-2.9962595233135735e-17j), F_py: 1.9790764339557892e-17j
Free_energy = -9490.759713037341
------------------------------------------
[{'stable': {'F_dwave': np.complex128(0.06374860856588707+0j)}, 'free': np.float64(-9490.759713037341)}]
------------------------------------------
====================================
mu=0.00, T=0.2329
====================================
  Seed: normal state
F_onsite: 0j
F_swave: 0j, F_dwave: 0j
F_px: 0j, F_py: 0j
Free_energy = -9357.276008296061
------------------------------------------
[{'stable': {}, 'free': np.float64(-9357.276008296061)}]
------------------------------------------
  Seed: d-wave
F_onsite: (-5.438975901843194e-17+0j)
F_swave: (-5.898059818321144e-17+0j), F_dwave: (0.059304284171472176+0j)
F_px: -3.714450404766308e-18j, F_py: 1.682448060087232e-17j
Free_energy = -9481.348752695692
------------------------------------------
[{'stable': {'F_dwave': np.complex128(0.059304284171472176+0j)}, 'free': np.float64(-9481.348752695692)}]
------------------------------------------
  Seed: d-wave+px
F_onsite: (-8.246170143986033e-17-2.8061592656924304e-19j)
F_swave: (-6.071532165918825e-17-5.7731303788555e-18j), F_dwave: (0.059304284171472224+6.65030941688617e-17j)
F_px: (1.3877787807814457e-17-8.432911337148708e-18j), F_py: (1.0408340855860843e-17+1.8639509252257614e-17j)
Free_energy = -9481.348752695692
------------------------------------------
[{'stable': {'F_dwave': np.complex128(0.059304284171472176+0j)}, 'free': np.float64(-9481.348752695692)}]
------------------------------------------
  Seed: d-wave+py
F_onsite: (-8.362360565036662e-17+5.725026691057825e-21j)
F_swave: (-6.245004513516506e-17+3.929194246603317e-18j), F_dwave: (0.05930428417147223-7.18409903369302e-17j)
F_px: (-3.469446951953614e-18-5.273934220407684e-18j), F_py: 1.785142822648905e-17j
Free_energy = -9481.348752695692
------------------------------------------
[{'stable': {'F_dwave': np.complex128(0.059304284171472176+0j)}, 'free': np.float64(-9481.348752695692)}]
------------------------------------------
====================================
mu=0.00, T=0.2390
====================================
  Seed: normal state
F_onsite: 0j
F_swave: 0j, F_dwave: 0j
F_px: 0j, F_py: 0j
Free_energy = -9368.556742506895
------------------------------------------
[{'stable': {}, 'free': np.float64(-9368.556742506895)}]
------------------------------------------
  Seed: d-wave
F_onsite: (-5.0258481549652197e-17+0j)
F_swave: (-2.0816681711721685e-17+0j), F_dwave: (0.054273584170107365+0j)
F_px: -1.5952562752069976e-18j, F_py: 1.806050763888887e-17j
Free_energy = -9471.635257477834
------------------------------------------
[{'stable': {'F_dwave': np.complex128(0.054273584170107365+0j)}, 'free': np.float64(-9471.635257477834)}]
------------------------------------------
  Seed: d-wave+px
F_onsite: (-5.208128321725365e-17+1.24084707345733e-18j)
F_swave: (-3.469446951953614e-18-1.1133951340613025e-18j), F_dwave: (0.05427358417010737+7.085846458495426e-17j)
F_px: (-2.7755575615628914e-17-5.621699147898453e-18j), F_py: (2.0816681711721685e-17+1.8838061964182086e-17j)
Free_energy = -9471.635257477834
------------------------------------------
[{'stable': {'F_dwave': np.complex128(0.054273584170107365+0j)}, 'free': np.float64(-9471.635257477834)}]
------------------------------------------
  Seed: d-wave+py
F_onsite: (-5.0792707876463444e-17-7.398054709079972e-19j)
F_swave: (-5.204170427930421e-18+1.465390883590127e-18j), F_dwave: (0.05427358417010737-6.775505435983725e-17j)
F_px: (3.122502256758253e-17-1.7703673089571765e-18j), F_py: (-1.734723475976807e-17+1.8298514384490285e-17j)
Free_energy = -9471.635257477834
------------------------------------------
[{'stable': {'F_dwave': np.complex128(0.054273584170107365+0j)}, 'free': np.float64(-9471.635257477834)}]
------------------------------------------
====================================
mu=0.00, T=0.2451
====================================
  Seed: normal state
F_onsite: 0j
F_swave: 0j, F_dwave: 0j
F_px: 0j, F_py: 0j
Free_energy = -9380.059457799116
------------------------------------------
[{'stable': {}, 'free': np.float64(-9380.059457799116)}]
------------------------------------------
  Seed: d-wave
F_onsite: (7.631270546393714e-17+0j)
F_swave: (-2.7755575615628914e-17+0j), F_dwave: (0.04847219331420625+0j)
F_px: -1.3952010310588534e-17j, F_py: 1.752245725610579e-17j
Free_energy = -9461.622318050568
------------------------------------------
[{'stable': {'F_dwave': np.complex128(0.04847219331420625+0j)}, 'free': np.float64(-9461.622318050568)}]
------------------------------------------
  Seed: d-wave+px
F_onsite: (7.387104696669292e-17+2.990519486295598e-19j)
F_swave: (-4.336808689942018e-17+8.832993163636771e-18j), F_dwave: (0.04847219331420628+9.223592646531864e-17j)
F_px: (-3.469446951953614e-18-1.6273239582451165e-17j), F_py: (-3.469446951953614e-18+1.7881559934662518e-17j)
Free_energy = -9461.622318050568
------------------------------------------
[{'stable': {'F_dwave': np.complex128(0.04847219331420625+0j)}, 'free': np.float64(-9461.622318050568)}]
------------------------------------------
  Seed: d-wave+py
F_onsite: (7.694432072734793e-17+4.462881257452151e-19j)
F_swave: (-4.683753385137379e-17-7.381185723078107e-18j), F_dwave: (0.048472193314206276-8.077243153854331e-17j)
F_px: (-1.0408340855860843e-17-1.601446936270375e-17j), F_py: (3.469446951953614e-18+1.7997180345553037e-17j)
Free_energy = -9461.622318050568
------------------------------------------
[{'stable': {'F_dwave': np.complex128(0.04847219331420625+0j)}, 'free': np.float64(-9461.622318050568)}]
------------------------------------------
====================================
mu=0.00, T=0.2512
====================================
  Seed: normal state
F_onsite: 0j
F_swave: 0j, F_dwave: 0j
F_px: 0j, F_py: 0j
Free_energy = -9391.782450633322
------------------------------------------
[{'stable': {}, 'free': np.float64(-9391.782450633322)}]
------------------------------------------
  Seed: d-wave
F_onsite: (-4.900141848147781e-18+0j)
F_swave: (1.734723475976807e-17+0j), F_dwave: (0.04157726794250837+0j)
F_px: -1.7533984431532024e-17j, F_py: 1.523602581825204e-17j
Free_energy = -9451.31617100334
------------------------------------------
[{'stable': {'F_dwave': np.complex128(0.04157726794250837+0j)}, 'free': np.float64(-9451.31617100334)}]
------------------------------------------
  Seed: d-wave+px
F_onsite: (-1.7984997629491356e-17+1.1359311320680293e-19j)
F_swave: (2.42861286636753e-17-2.032717979986026e-18j), F_dwave: (0.041577267942508433+5.823802677358917e-17j)
F_px: (2.7755575615628914e-17-2.085335393699861e-17j), F_py: (-6.938893903907228e-18+1.7493526200591443e-17j)
Free_energy = -9451.31617100334
------------------------------------------
[{'stable': {'F_dwave': np.complex128(0.04157726794250837+0j)}, 'free': np.float64(-9451.31617100334)}]
------------------------------------------
  Seed: d-wave+py
F_onsite: (-1.2233786192700016e-17-3.47179719314976e-21j)
F_swave: (3.8163916471489756e-17+3.6975823309199735e-18j), F_dwave: (0.04157726794250844-4.613467703732141e-17j)
F_px: (-2.0816681711721685e-17-2.2930917307099046e-17j), F_py: (6.938893903907228e-18+1.7420097791205417e-17j)
Free_energy = -9451.31617100334
------------------------------------------
[{'stable': {'F_dwave': np.complex128(0.04157726794250837+0j)}, 'free': np.float64(-9451.31617100334)}]
------------------------------------------
====================================
mu=0.00, T=0.2573
====================================
  Seed: normal state
F_onsite: 0j
F_swave: 0j, F_dwave: 0j
F_px: 0j, F_py: 0j
Free_energy = -9403.724061122934
------------------------------------------
[{'stable': {}, 'free': np.float64(-9403.724061122934)}]
------------------------------------------
  Seed: d-wave
F_onsite: (1.755795736645473e-17+0j)
F_swave: (-1.0408340855860843e-17+0j), F_dwave: (0.0329112930006736+0j)
F_px: -2.245752845997985e-17j, F_py: 1.3327045165712363e-17j
Free_energy = -9440.733862375917
------------------------------------------
[{'stable': {'F_dwave': np.complex128(0.0329112930006736+0j)}, 'free': np.float64(-9440.733862375917)}]
------------------------------------------
  Seed: d-wave+px
F_onsite: (1.3558787258944607e-17+8.850856934616e-20j)
F_swave: (-1.0408340855860843e-17+2.7082861056302813e-18j), F_dwave: (0.0329112930006736+9.585294492009355e-18j)
F_px: (-1.3877787807814457e-17-2.5553680382016858e-17j), F_py: 1.5139192747024134e-17j
Free_energy = -9440.733862375917
------------------------------------------
[{'stable': {'F_dwave': np.complex128(0.0329112930006736+0j)}, 'free': np.float64(-9440.733862375917)}]
------------------------------------------
  Seed: d-wave+py
F_onsite: (9.510962387804115e-18-1.2579062028984456e-19j)
F_swave: (-1.214306433183765e-17-1.2915409900813618e-18j), F_dwave: (0.03291129300067362-1.593810177380617e-17j)
F_px: (1.3877787807814457e-17-2.751718878053603e-17j), F_py: (1.0408340855860843e-17+1.4190747870261138e-17j)
Free_energy = -9440.733862375917
------------------------------------------
[{'stable': {'F_dwave': np.complex128(0.0329112930006736+0j)}, 'free': np.float64(-9440.733862375917)}]
------------------------------------------
====================================
mu=0.00, T=0.2634
====================================
  Seed: normal state
F_onsite: 0j
F_swave: 0j, F_dwave: 0j
F_px: 0j, F_py: 0j
Free_energy = -9415.882670890289
------------------------------------------
[{'stable': {}, 'free': np.float64(-9415.882670890289)}]
------------------------------------------
  Seed: d-wave
F_onsite: (-3.5658376469899285e-17+0j)
F_swave: (1.734723475976807e-18+0j), F_dwave: (0.020330900725135187+0j)
F_px: -2.14680043464314e-17j, F_py: 1.0889628037059002e-17j
Free_energy = -9429.896368988277
------------------------------------------
[{'stable': {'F_dwave': np.complex128(0.020330900725135187+0j)}, 'free': np.float64(-9429.896368988277)}]
------------------------------------------
  Seed: d-wave+px
F_onsite: (-3.491754689585189e-17+0j)
F_swave: (-1.734723475976807e-18+0j), F_dwave: (0.02033090072513518+0j)
F_px: -1.7356291146704608e-17j, F_py: 1.069719232576436e-17j
Free_energy = -9429.896368988275
------------------------------------------
[{'stable': {'F_dwave': np.complex128(0.020330900725135187+0j)}, 'free': np.float64(-9429.896368988277)}]
------------------------------------------
  Seed: d-wave+py
F_onsite: (-3.5658376469899285e-17+0j)
F_swave: (1.734723475976807e-18+0j), F_dwave: (0.020330900725135187+0j)
F_px: -2.14680043464314e-17j, F_py: 1.0889628037059002e-17j
Free_energy = -9429.896368988277
------------------------------------------
[{'stable': {'F_dwave': np.complex128(0.020330900725135187+0j)}, 'free': np.float64(-9429.896368988277)}]
------------------------------------------
====================================
mu=0.00, T=0.2695
====================================
  Seed: normal state
F_onsite: 0j
F_swave: 0j, F_dwave: 0j
F_px: 0j, F_py: 0j
Free_energy = -9428.256701061016
------------------------------------------
[{'stable': {}, 'free': np.float64(-9428.256701061016)}]
------------------------------------------
  Seed: d-wave
F_onsite: (1.06766268067877e-20+0j)
F_swave: (3.049401583136581e-20+0j), F_dwave: (1.365787064742603e-13+0j)
F_px: -1.4226242396510289e-19j, F_py: 3.001463693995854e-20j
Free_energy = -9428.256701061016
------------------------------------------
[{'stable': {}, 'free': np.float64(-9428.256701061016)}]
------------------------------------------
  Seed: d-wave+px
F_onsite: (1.264260970037275e-19+0j)
F_swave: (-4.302728371854193e-20+0j), F_dwave: (1.365788461338652e-13+0j)
F_px: -1.3269426275171444e-19j, F_py: 1.9727264169512135e-19j
Free_energy = -9428.256701061016
------------------------------------------
[{'stable': {}, 'free': np.float64(-9428.256701061016)}]
------------------------------------------
  Seed: d-wave+py
F_onsite: (1.06766268067877e-20+0j)
F_swave: (3.049401583136581e-20+0j), F_dwave: (1.365787064742603e-13+0j)
F_px: -1.4226242396510289e-19j, F_py: 3.001463693995854e-20j
Free_energy = -9428.256701061016
------------------------------------------
[{'stable': {}, 'free': np.float64(-9428.256701061016)}]
------------------------------------------
====================================
mu=0.00, T=0.2756
====================================
  Seed: normal state
F_onsite: 0j
F_swave: 0j, F_dwave: 0j
F_px: 0j, F_py: 0j
Free_energy = -9440.84461038369
------------------------------------------
[{'stable': {}, 'free': np.float64(-9440.84461038369)}]
------------------------------------------
  Seed: d-wave
F_onsite: (4.224344763389076e-20+0j)
F_swave: (2.7110498342218737e-20+0j), F_dwave: (4.360150308633248e-14+0j)
F_px: -1.4386876614092182e-19j, F_py: 9.16415097617144e-21j
Free_energy = -9440.84461038369
------------------------------------------
[{'stable': {}, 'free': np.float64(-9440.84461038369)}]
------------------------------------------
  Seed: d-wave+px
F_onsite: (-9.832014254032301e-20+0j)
F_swave: (8.644200952239631e-20+0j), F_dwave: (4.36017094515198e-14+0j)
F_px: 4.846021200422224e-21j, F_py: -1.1149949035750572e-19j
Free_energy = -9440.84461038369
------------------------------------------
[{'stable': {}, 'free': np.float64(-9440.84461038369)}]
------------------------------------------
  Seed: d-wave+py
F_onsite: (4.224344763389076e-20+0j)
F_swave: (2.7110498342218737e-20+0j), F_dwave: (4.360150308633248e-14+0j)
F_px: -1.4386876614092182e-19j, F_py: 9.16415097617144e-21j
Free_energy = -9440.84461038369
------------------------------------------
[{'stable': {}, 'free': np.float64(-9440.84461038369)}]
------------------------------------------
====================================
mu=0.00, T=0.2817
====================================
  Seed: normal state
F_onsite: 0j
F_swave: 0j, F_dwave: 0j
F_px: 0j, F_py: 0j
Free_energy = -9453.644893460592
------------------------------------------
[{'stable': {}, 'free': np.float64(-9453.644893460592)}]
------------------------------------------
  Seed: d-wave
F_onsite: (-1.315364194034448e-19+0j)
F_swave: (8.937761182742421e-21+0j), F_dwave: (2.6126666090704428e-14+0j)
F_px: 1.1841724693859086e-19j, F_py: -1.9882322553586523e-20j
Free_energy = -9453.644893460592
------------------------------------------
[{'stable': {}, 'free': np.float64(-9453.644893460592)}]
------------------------------------------
  Seed: d-wave+px
F_onsite: (-6.684621649257285e-20+0j)
F_swave: (-5.3583602893234655e-20+0j), F_dwave: (2.6126821053991716e-14+0j)
F_px: -1.7440836417795196e-19j, F_py: 1.0193536497430123e-20j
Free_energy = -9453.644893460592
------------------------------------------
[{'stable': {}, 'free': np.float64(-9453.644893460592)}]
------------------------------------------
  Seed: d-wave+py
F_onsite: (-1.315364194034448e-19+0j)
F_swave: (8.937761182742421e-21+0j), F_dwave: (2.6126666090704428e-14+0j)
F_px: 1.1841724693859086e-19j, F_py: -1.9882322553586523e-20j
Free_energy = -9453.644893460592
------------------------------------------
[{'stable': {}, 'free': np.float64(-9453.644893460592)}]
------------------------------------------
====================================
mu=0.00, T=0.2878
====================================
  Seed: normal state
F_onsite: 0j
F_swave: 0j, F_dwave: 0j
F_px: 0j, F_py: 0j
Free_energy = -9466.656079079545
------------------------------------------
[{'stable': {}, 'free': np.float64(-9466.656079079545)}]
------------------------------------------
  Seed: d-wave
F_onsite: (-5.048421894573395e-20+0j)
F_swave: (1.456569284050012e-20+0j), F_dwave: (1.823502480204175e-14+0j)
F_px: -1.3766180966932619e-21j, F_py: -8.972503319237574e-20j
Free_energy = -9466.656079079545
------------------------------------------
[{'stable': {}, 'free': np.float64(-9466.656079079545)}]
------------------------------------------
  Seed: d-wave+px
F_onsite: (1.412117588039948e-19+0j)
F_swave: (-5.1211465211559114e-20+0j), F_dwave: (1.8235230255204076e-14+0j)
F_px: -2.1642329310496517e-19j, F_py: 6.640806148685094e-21j
Free_energy = -9466.656079079545
------------------------------------------
[{'stable': {}, 'free': np.float64(-9466.656079079545)}]
------------------------------------------
  Seed: d-wave+py
F_onsite: (-5.048421894573395e-20+0j)
F_swave: (1.456569284050012e-20+0j), F_dwave: (1.823502480204175e-14+0j)
F_px: -1.3766180966932619e-21j, F_py: -8.972503319237574e-20j
Free_energy = -9466.656079079545
------------------------------------------
[{'stable': {}, 'free': np.float64(-9466.656079079545)}]
------------------------------------------
====================================
mu=0.00, T=0.2939
====================================
  Seed: normal state
F_onsite: 0j
F_swave: 0j, F_dwave: 0j
F_px: 0j, F_py: 0j
Free_energy = -9479.87672863737
------------------------------------------
[{'stable': {}, 'free': np.float64(-9479.87672863737)}]
------------------------------------------
  Seed: d-wave
F_onsite: (-1.9655163788993592e-19+0j)
F_swave: (1.2444075521803797e-19+0j), F_dwave: (1.400815390699258e-14+0j)
F_px: 8.608857493909016e-22j, F_py: -1.4605599185107775e-19j
Free_energy = -9479.87672863737
------------------------------------------
[{'stable': {}, 'free': np.float64(-9479.87672863737)}]
------------------------------------------
  Seed: d-wave+px
F_onsite: (5.672306129096021e-20+0j)
F_swave: (3.920062707425316e-20+0j), F_dwave: (1.4007953969349654e-14+0j)
F_px: 4.465254326201345e-20j, F_py: -8.882148336029351e-20j
Free_energy = -9479.87672863737
------------------------------------------
[{'stable': {}, 'free': np.float64(-9479.87672863737)}]
------------------------------------------
  Seed: d-wave+py
F_onsite: (-1.9655163788993592e-19+0j)
F_swave: (1.2444075521803797e-19+0j), F_dwave: (1.400815390699258e-14+0j)
F_px: 8.608857493909016e-22j, F_py: -1.4605599185107775e-19j
Free_energy = -9479.87672863737
------------------------------------------
[{'stable': {}, 'free': np.float64(-9479.87672863737)}]
------------------------------------------
====================================
mu=0.00, T=0.3000
====================================
  Seed: normal state
F_onsite: 0j
F_swave: 0j, F_dwave: 0j
F_px: 0j, F_py: 0j
Free_energy = -9493.305434645765
------------------------------------------
[{'stable': {}, 'free': np.float64(-9493.305434645765)}]
------------------------------------------
  Seed: d-wave
F_onsite: (-1.7282217424706395e-19+0j)
F_swave: (8.503914952242484e-20+0j), F_dwave: (1.1010309325023794e-14+0j)
F_px: -5.1258197160227234e-20j, F_py: 1.2338036619668068e-19j
Free_energy = -9493.305434645765
------------------------------------------
[{'stable': {}, 'free': np.float64(-9493.305434645765)}]
------------------------------------------
  Seed: d-wave+px
F_onsite: (7.607428947558721e-20+0j)
F_swave: (-9.008746715415067e-20+0j), F_dwave: (1.1010305001980504e-14+0j)
F_px: 9.5998629433512e-20j, F_py: -4.4925768861550836e-20j
Free_energy = -9493.305434645765
------------------------------------------
[{'stable': {}, 'free': np.float64(-9493.305434645765)}]
------------------------------------------
  Seed: d-wave+py
F_onsite: (-1.7282217424706395e-19+0j)
F_swave: (8.503914952242484e-20+0j), F_dwave: (1.1010309325023794e-14+0j)
F_px: -5.1258197160227234e-20j, F_py: 1.2338036619668068e-19j
Free_energy = -9493.305434645765
------------------------------------------
[{'stable': {}, 'free': np.float64(-9493.305434645765)}]
------------------------------------------
