/home/emilssp/D1/venv/bin/python
Python 3.10.12
Running job 4 out of 25
====================================
mu=2.59, T=0.0010
====================================
  Seed: normal state
F_onsite: 0j
F_swave: 0j, F_dwave: 0j
F_px: 0j, F_py: 0j
Free_energy = -15524.60001172717
------------------------------------------
[{'stable': {}, 'free': np.float64(-15524.60001172717)}]
------------------------------------------
  Seed: px+i*py
F_onsite: (-0.012098146841692987+0.020664674608302642j)
F_swave: (0.00923427131158414-0.015772929060593778j), F_dwave: (-3.6099682271251154e-13+5.91261414828459e-13j)
F_px: (1.7280325822176257e-07-2.94592067361793e-07j), F_py: (-2.8509860868809744e-07+4.873089153901999e-07j)
Free_energy = -15537.428144492653
------------------------------------------
[{'stable': {'F_onsite': np.complex128(-0.012098146841692987+0.020664674608302642j), 'F_swave': np.complex128(0.00923427131158414-0.015772929060593778j)}, 'free': np.float64(-15537.428144492653)}]
------------------------------------------
  Seed: s-wave
F_onsite: (-0.02395099295292754+0j)
F_swave: (0.018281564079284725+0j), F_dwave: (-4.683753385137379e-17+0j)
F_px: -2.2937652211646453e-18j, F_py: 2.1949800036911125e-18j
Free_energy = -15537.435312394087
------------------------------------------
[{'stable': {'F_onsite': np.complex128(-0.012098146841692987+0.020664674608302642j), 'F_swave': np.complex128(0.00923427131158414-0.015772929060593778j)}, 'free': np.float64(-15537.428144492653)}, {'stable': {'F_onsite': np.complex128(-0.02395099295292754+0j), 'F_swave': np.complex128(0.018281564079284725+0j)}, 'free': np.float64(-15537.435312394087)}]
------------------------------------------
  Seed: s-wave+px
F_onsite: (-0.023950006562400886-2.890537061928811e-17j)
F_swave: (0.018280764226348896+2.479326317106421e-17j), F_dwave: (3.4255142125627636e-12+2.351336991798336e-18j)
F_px: (9.99753585006688e-07+5.5317074807218185e-18j), F_py: (-1.734723475976807e-18+2.46730109623337e-18j)
Free_energy = -15537.43399006041
------------------------------------------
[{'stable': {'F_onsite': np.complex128(-0.012098146841692987+0.020664674608302642j), 'F_swave': np.complex128(0.00923427131158414-0.015772929060593778j)}, 'free': np.float64(-15537.428144492653)}, {'stable': {'F_onsite': np.complex128(-0.02395099295292754+0j), 'F_swave': np.complex128(0.018281564079284725+0j)}, 'free': np.float64(-15537.435312394087)}]
------------------------------------------
  Seed: s-wave+py
F_onsite: (-0.023950006562400816-8.775370427691355e-18j)
F_swave: (0.01828076422634885+4.906782454105357e-18j), F_dwave: (-3.425541968138379e-12-2.3676423760329813e-18j)
F_px: (-1.734723475976807e-18+2.6696890310679445e-18j), F_py: (9.99753584999749e-07+3.2678531105070907e-18j)
Free_energy = -15537.433990060395
------------------------------------------
[{'stable': {'F_onsite': np.complex128(-0.012098146841692987+0.020664674608302642j), 'F_swave': np.complex128(0.00923427131158414-0.015772929060593778j)}, 'free': np.float64(-15537.428144492653)}, {'stable': {'F_onsite': np.complex128(-0.02395099295292754+0j), 'F_swave': np.complex128(0.018281564079284725+0j)}, 'free': np.float64(-15537.435312394087)}]
------------------------------------------
====================================
mu=2.59, T=0.0040
====================================
  Seed: normal state
F_onsite: 0j
F_swave: 0j, F_dwave: 0j
F_px: 0j, F_py: 0j
Free_energy = -15524.667244899225
------------------------------------------
[{'stable': {}, 'free': np.float64(-15524.667244899225)}]
------------------------------------------
  Seed: px+i*py
F_onsite: (-0.012098788587393786+0.020665770765115835j)
F_swave: (0.009234791694319752-0.015773817919031662j), F_dwave: (-1.0459645302662857e-13+1.737126067991035e-13j)
F_px: (9.344842639806561e-08-1.594245368843894e-07j), F_py: (-1.5428806890687569e-07+2.636511370075062e-07j)
Free_energy = -15537.42984696432
------------------------------------------
[{'stable': {'F_onsite': np.complex128(-0.012098788587393786+0.020665770765115835j), 'F_swave': np.complex128(0.009234791694319752-0.015773817919031662j)}, 'free': np.float64(-15537.42984696432)}]
------------------------------------------
  Seed: s-wave
F_onsite: (-0.023949894176668953+0j)
F_swave: (0.018280673108757084+0j), F_dwave: (-5.204170427930421e-18+0j)
F_px: 6.759322919089317e-18j, F_py: 2.847089493958517e-18j
Free_energy = -15537.433839503128
------------------------------------------
[{'stable': {'F_onsite': np.complex128(-0.012098788587393786+0.020665770765115835j), 'F_swave': np.complex128(0.009234791694319752-0.015773817919031662j)}, 'free': np.float64(-15537.42984696432)}, {'stable': {'F_onsite': np.complex128(-0.023949894176668953+0j), 'F_swave': np.complex128(0.018280673108757084+0j)}, 'free': np.float64(-15537.433839503128)}]
------------------------------------------
  Seed: s-wave+px
F_onsite: (-0.023949344783143953-2.766065849180131e-17j)
F_swave: (0.018280227613287257+2.1400208003041093e-17j), F_dwave: (1.0027543032031794e-12-8.848582623051252e-19j)
F_px: (5.408990474617403e-07-6.023463046162143e-18j), F_py: (1.734723475976807e-18+2.8233196318761932e-18j)
Free_energy = -15537.43310303418
------------------------------------------
[{'stable': {'F_onsite': np.complex128(-0.012098788587393786+0.020665770765115835j), 'F_swave': np.complex128(0.009234791694319752-0.015773817919031662j)}, 'free': np.float64(-15537.42984696432)}, {'stable': {'F_onsite': np.complex128(-0.023949894176668953+0j), 'F_swave': np.complex128(0.018280673108757084+0j)}, 'free': np.float64(-15537.433839503128)}]
------------------------------------------
  Seed: s-wave+py
F_onsite: (-0.023949344783143915-4.22647818146372e-18j)
F_swave: (0.018280227613287205+3.52148653865055e-18j), F_dwave: (-1.0026953226049962e-12-9.275540168026623e-19j)
F_px: (1.0408340855860843e-17-3.3560504161399447e-18j), F_py: (5.408990475293945e-07+3.051859708957244e-18j)
Free_energy = -15537.433103034142
------------------------------------------
[{'stable': {'F_onsite': np.complex128(-0.012098788587393786+0.020665770765115835j), 'F_swave': np.complex128(0.009234791694319752-0.015773817919031662j)}, 'free': np.float64(-15537.42984696432)}, {'stable': {'F_onsite': np.complex128(-0.023949894176668953+0j), 'F_swave': np.complex128(0.018280673108757084+0j)}, 'free': np.float64(-15537.433839503128)}]
------------------------------------------
====================================
mu=2.59, T=0.0070
====================================
  Seed: normal state
F_onsite: 0j
F_swave: 0j, F_dwave: 0j
F_px: 0j, F_py: 0j
Free_energy = -15524.759797985213
------------------------------------------
[{'stable': {}, 'free': np.float64(-15524.759797985213)}]
------------------------------------------
  Seed: px+i*py
F_onsite: (-0.01209895333112843+0.02066605216157394j)
F_swave: (0.009234944880406382-0.015774079574033546j), F_dwave: (-3.040059523562455e-14+5.0958369468556697e-14j)
F_px: (5.054349990190471e-08-8.626709347217543e-08j), F_py: (-8.348804736522247e-08+1.426433474897154e-07j)
Free_energy = -15537.430623714958
------------------------------------------
[{'stable': {'F_onsite': np.complex128(-0.01209895333112843+0.02066605216157394j), 'F_swave': np.complex128(0.009234944880406382-0.015774079574033546j)}, 'free': np.float64(-15537.430623714958)}]
------------------------------------------
  Seed: s-wave
F_onsite: (-0.023948901152649922+0j)
F_swave: (0.01827990663636255+0j), F_dwave: (-4.683753385137379e-17+0j)
F_px: 8.093611569251653e-18j, F_py: 1.891742208574073e-18j
Free_energy = -15537.432847771397
------------------------------------------
[{'stable': {'F_onsite': np.complex128(-0.01209895333112843+0.02066605216157394j), 'F_swave': np.complex128(0.009234944880406382-0.015774079574033546j)}, 'free': np.float64(-15537.430623714958)}, {'stable': {'F_onsite': np.complex128(-0.023948901152649922+0j), 'F_swave': np.complex128(0.01827990663636255+0j)}, 'free': np.float64(-15537.432847771397)}]
------------------------------------------
  Seed: s-wave+px
F_onsite: (-0.02394859507213872-3.000058984717791e-17j)
F_swave: (0.018279658447511535+2.4096393283490336e-17j), F_dwave: (2.93497864900516e-13+1.3456177158318629e-18j)
F_px: (2.926435328717836e-07-1.5500702934753696e-19j), F_py: 3.1008817407795868e-18j
Free_energy = -15537.432437542222
------------------------------------------
[{'stable': {'F_onsite': np.complex128(-0.01209895333112843+0.02066605216157394j), 'F_swave': np.complex128(0.009234944880406382-0.015774079574033546j)}, 'free': np.float64(-15537.430623714958)}, {'stable': {'F_onsite': np.complex128(-0.023948901152649922+0j), 'F_swave': np.complex128(0.01827990663636255+0j)}, 'free': np.float64(-15537.432847771397)}]
------------------------------------------
  Seed: s-wave+py
F_onsite: (-0.023948595072138593-4.183123625268105e-18j)
F_swave: (0.0182796584475115+1.5584876833887092e-18j), F_dwave: (-2.9342587387626295e-13-1.884330670285598e-18j)
F_px: (6.938893903907228e-18-1.3925751048452732e-18j), F_py: (2.9264353280412936e-07+3.0085022099696646e-18j)
Free_energy = -15537.43243754221
------------------------------------------
[{'stable': {'F_onsite': np.complex128(-0.01209895333112843+0.02066605216157394j), 'F_swave': np.complex128(0.009234944880406382-0.015774079574033546j)}, 'free': np.float64(-15537.430623714958)}, {'stable': {'F_onsite': np.complex128(-0.023948901152649922+0j), 'F_swave': np.complex128(0.01827990663636255+0j)}, 'free': np.float64(-15537.432847771397)}]
------------------------------------------
====================================
mu=2.59, T=0.0100
====================================
  Seed: normal state
F_onsite: 0j
F_swave: 0j, F_dwave: 0j
F_px: 0j, F_py: 0j
Free_energy = -15524.877878952964
------------------------------------------
[{'stable': {}, 'free': np.float64(-15524.877878952964)}]
------------------------------------------
  Seed: px+i*py
F_onsite: (-0.01209088373645105+0.0206522686003053j)
F_swave: (0.009228859053554337-0.015763684458710018j), F_dwave: (-4.119968255444917e-16+6.895525817007808e-16j)
F_px: (5.882421955788475e-09-1.0046182006076543e-08j), F_py: (-9.722608945370026e-09+1.660793491793655e-08j)
Free_energy = -15537.417352797025
------------------------------------------
[{'stable': {'F_onsite': np.complex128(-0.01209088373645105+0.0206522686003053j), 'F_swave': np.complex128(0.009228859053554337-0.015763684458710018j)}, 'free': np.float64(-15537.417352797025)}]
------------------------------------------
  Seed: s-wave
F_onsite: (-0.023931486770591034+0j)
F_swave: (0.01826669141800094+0j), F_dwave: (-3.122502256758253e-17+0j)
F_px: -2.821678505540888e-19j, F_py: 2.742480924972611e-18j
Free_energy = -15537.417642855897
------------------------------------------
[{'stable': {'F_onsite': np.complex128(-0.01209088373645105+0.0206522686003053j), 'F_swave': np.complex128(0.009228859053554337-0.015763684458710018j)}, 'free': np.float64(-15537.417352797025)}, {'stable': {'F_onsite': np.complex128(-0.023931486770591034+0j), 'F_swave': np.complex128(0.01826669141800094+0j)}, 'free': np.float64(-15537.417642855897)}]
------------------------------------------
  Seed: s-wave+px
F_onsite: (-0.023931446728402778-3.2242380232257486e-17j)
F_swave: (0.01826665896511299+2.2021665488529732e-17j), F_dwave: (3.963843142607004e-15-2.2276701814992082e-18j)
F_px: (3.4072852952288235e-08+1.281243211840536e-18j), F_py: 3.043759956399125e-18j
Free_energy = -15537.417589357743
------------------------------------------
[{'stable': {'F_onsite': np.complex128(-0.01209088373645105+0.0206522686003053j), 'F_swave': np.complex128(0.009228859053554337-0.015763684458710018j)}, 'free': np.float64(-15537.417352797025)}, {'stable': {'F_onsite': np.complex128(-0.023931486770591034+0j), 'F_swave': np.complex128(0.01826669141800094+0j)}, 'free': np.float64(-15537.417642855897)}]
------------------------------------------
  Seed: s-wave+py
F_onsite: (-0.023931446728402722-3.5788969138461264e-18j)
F_swave: (0.01826665896511294+7.638648997457687e-19j), F_dwave: (-3.962975780869016e-15-3.0563595714895326e-18j)
F_px: (-8.673617379884035e-18+8.27762947704265e-19j), F_py: (3.407285299565632e-08+2.6409428504205017e-18j)
Free_energy = -15537.417589357741
------------------------------------------
[{'stable': {'F_onsite': np.complex128(-0.01209088373645105+0.0206522686003053j), 'F_swave': np.complex128(0.009228859053554337-0.015763684458710018j)}, 'free': np.float64(-15537.417352797025)}, {'stable': {'F_onsite': np.complex128(-0.023931486770591034+0j), 'F_swave': np.complex128(0.01826669141800094+0j)}, 'free': np.float64(-15537.417642855897)}]
------------------------------------------
====================================
mu=2.59, T=0.0130
====================================
  Seed: normal state
F_onsite: 0j
F_swave: 0j, F_dwave: 0j
F_px: 0j, F_py: 0j
Free_energy = -15525.022709628807
------------------------------------------
[{'stable': {}, 'free': np.float64(-15525.022709628807)}]
------------------------------------------
  Seed: px+i*py
F_onsite: (-0.012043565176650695+0.020571444433265175j)
F_swave: (0.009192806883272741-0.015702104253283337j), F_dwave: (1.0842021724855044e-17-2.5153490401663703e-17j)
F_px: (1.470763953334564e-10-2.5121658572824224e-10j), F_py: (-2.431256090548728e-10+4.1528089821107894e-10j)
Free_energy = -15537.334396017748
------------------------------------------
[{'stable': {'F_onsite': np.complex128(-0.012043565176650695+0.020571444433265175j), 'F_swave': np.complex128(0.009192806883272741-0.015702104253283337j)}, 'free': np.float64(-15537.334396017748)}]
------------------------------------------
  Seed: s-wave
F_onsite: (-0.023837620131400568+0j)
F_swave: (0.018195163906672633+0j), F_dwave: (-2.7755575615628914e-17+0j)
F_px: 4.920732027955451e-18j, F_py: 2.4720656565616755e-18j
Free_energy = -15537.334405567346
------------------------------------------
[{'stable': {'F_onsite': np.complex128(-0.012043565176650695+0.020571444433265175j), 'F_swave': np.complex128(0.009192806883272741-0.015702104253283337j)}, 'free': np.float64(-15537.334396017748)}, {'stable': {'F_onsite': np.complex128(-0.023837620131400568+0j), 'F_swave': np.complex128(0.018195163906672633+0j)}, 'free': np.float64(-15537.334405567346)}]
------------------------------------------
  Seed: s-wave+px
F_onsite: (-0.023837618795591344-3.386247545387001e-17j)
F_swave: (0.01819516282602655+2.5440105175190877e-17j), F_dwave: (-3.9898639947466563e-17-3.985819412423517e-19j)
F_px: (8.519962201025688e-10+2.2287025029036744e-18j), F_py: (-6.938893903907228e-18+2.9925144630902397e-18j)
Free_energy = -15537.3344038061
------------------------------------------
[{'stable': {'F_onsite': np.complex128(-0.012043565176650695+0.020571444433265175j), 'F_swave': np.complex128(0.009192806883272741-0.015702104253283337j)}, 'free': np.float64(-15537.334396017748)}, {'stable': {'F_onsite': np.complex128(-0.023837620131400568+0j), 'F_swave': np.complex128(0.018195163906672633+0j)}, 'free': np.float64(-15537.334405567346)}]
------------------------------------------
  Seed: s-wave+py
F_onsite: (-0.023837618795591337+3.2548057826290286e-18j)
F_swave: (0.01819516282602655-2.7083613790660236e-18j), F_dwave: (1.3010426069826053e-17+9.997635755560914e-20j)
F_px: (-3.469446951953614e-18+3.2203663259016465e-18j), F_py: (8.519962738789966e-10+2.870488779126417e-18j)
Free_energy = -15537.3344038061
------------------------------------------
[{'stable': {'F_onsite': np.complex128(-0.012043565176650695+0.020571444433265175j), 'F_swave': np.complex128(0.009192806883272741-0.015702104253283337j)}, 'free': np.float64(-15537.334396017748)}, {'stable': {'F_onsite': np.complex128(-0.023837620131400568+0j), 'F_swave': np.complex128(0.018195163906672633+0j)}, 'free': np.float64(-15537.334405567346)}]
------------------------------------------
====================================
mu=2.59, T=0.0160
====================================
  Seed: normal state
F_onsite: 0j
F_swave: 0j, F_dwave: 0j
F_px: 0j, F_py: 0j
Free_energy = -15525.196082304421
------------------------------------------
[{'stable': {}, 'free': np.float64(-15525.196082304421)}]
------------------------------------------
  Seed: px+i*py
F_onsite: (-0.011919880902842114+0.02036018106327456j)
F_swave: (0.009098526567835078-0.01554106537138028j), F_dwave: (7.806255641895632e-18-9.107298248878237e-18j)
F_px: (1.0708951087012863e-12-1.8291470768594387e-12j), F_py: (-1.770261021105668e-12+3.023826848636002e-12j)
Free_energy = -15537.121579611767
------------------------------------------
[{'stable': {'F_onsite': np.complex128(-0.011919880902842114+0.02036018106327456j), 'F_swave': np.complex128(0.009098526567835078-0.01554106537138028j)}, 'free': np.float64(-15537.121579611767)}]
------------------------------------------
  Seed: s-wave
F_onsite: (-0.023592806918338743+0j)
F_swave: (0.01800855078636045+0j), F_dwave: (3.469446951953614e-18+0j)
F_px: 5.876079313339895e-18j, F_py: 2.5647098851676146e-18j
Free_energy = -15537.121579737135
------------------------------------------
[{'stable': {'F_onsite': np.complex128(-0.011919880902842114+0.02036018106327456j), 'F_swave': np.complex128(0.009098526567835078-0.01554106537138028j)}, 'free': np.float64(-15537.121579611767)}, {'stable': {'F_onsite': np.complex128(-0.023592806918338743+0j), 'F_swave': np.complex128(0.01800855078636045+0j)}, 'free': np.float64(-15537.121579737135)}]
------------------------------------------
  Seed: s-wave+px
F_onsite: (-0.02359280690028553-3.0124346856138795e-17j)
F_swave: (0.018008550771808227+2.2618214911413175e-17j), F_dwave: (-6.852157730108388e-17-5.434245752228371e-19j)
F_px: (6.203808300409008e-12+7.291630186879441e-18j), F_py: (2.2551405187698492e-17+2.8087083135360565e-18j)
Free_energy = -15537.121579714016
------------------------------------------
[{'stable': {'F_onsite': np.complex128(-0.011919880902842114+0.02036018106327456j), 'F_swave': np.complex128(0.009098526567835078-0.01554106537138028j)}, 'free': np.float64(-15537.121579611767)}, {'stable': {'F_onsite': np.complex128(-0.023592806918338743+0j), 'F_swave': np.complex128(0.01800855078636045+0j)}, 'free': np.float64(-15537.121579737135)}]
------------------------------------------
  Seed: s-wave+py
F_onsite: (-0.023592806900285493+1.8978915669532443e-18j)
F_swave: (0.018008550771808136-3.184949760794576e-18j), F_dwave: (1.734723475976807e-18-2.0381200897714568e-18j)
F_px: (-1.734723475976807e-18+8.341633404119553e-18j), F_py: (6.203780544833393e-12+2.775038753882698e-18j)
Free_energy = -15537.121579714018
------------------------------------------
[{'stable': {'F_onsite': np.complex128(-0.011919880902842114+0.02036018106327456j), 'F_swave': np.complex128(0.009098526567835078-0.01554106537138028j)}, 'free': np.float64(-15537.121579611767)}, {'stable': {'F_onsite': np.complex128(-0.023592806918338743+0j), 'F_swave': np.complex128(0.01800855078636045+0j)}, 'free': np.float64(-15537.121579737135)}]
------------------------------------------
====================================
mu=2.59, T=0.0190
====================================
  Seed: normal state
F_onsite: 0j
F_swave: 0j, F_dwave: 0j
F_px: 0j, F_py: 0j
Free_energy = -15525.399314189972
------------------------------------------
[{'stable': {}, 'free': np.float64(-15525.399314189972)}]
------------------------------------------
  Seed: px+i*py
F_onsite: (-0.01168733800950801+0.01996297781503321j)
F_swave: (0.008921255713080722-0.015238271515513938j), F_dwave: (-2.168404344971009e-17+1.1709383462843448e-17j)
F_px: (2.2256502196782435e-15-3.832004158432767e-15j), F_py: (-3.7539416020138106e-15+6.349955283813102e-15j)
Free_energy = -15536.733485435292
------------------------------------------
[{'stable': {'F_onsite': np.complex128(-0.01168733800950801+0.01996297781503321j), 'F_swave': np.complex128(0.008921255713080722-0.015238271515513938j)}, 'free': np.float64(-15536.733485435292)}]
------------------------------------------
  Seed: s-wave
F_onsite: (-0.023132538836537854+0j)
F_swave: (0.01765768167960463+0j), F_dwave: (-2.0816681711721685e-17+0j)
F_px: 3.330957065077536e-19j, F_py: 2.6354371362633487e-18j
Free_energy = -15536.733485436176
------------------------------------------
[{'stable': {'F_onsite': np.complex128(-0.01168733800950801+0.01996297781503321j), 'F_swave': np.complex128(0.008921255713080722-0.015238271515513938j)}, 'free': np.float64(-15536.733485435292)}, {'stable': {'F_onsite': np.complex128(-0.023132538836537854+0j), 'F_swave': np.complex128(0.01765768167960463+0j)}, 'free': np.float64(-15536.733485436176)}]
------------------------------------------
  Seed: s-wave+px
F_onsite: (-0.023132538836410425-3.0443158598516507e-17j)
F_swave: (0.017657681679502484+2.3197850145131134e-17j), F_dwave: (-5.637851296924623e-17+4.172166660819463e-19j)
F_px: (1.3152673394856151e-14+5.531866299399429e-18j), F_py: (-8.673617379884035e-18+3.3639913500204538e-18j)
Free_energy = -15536.733485436012
------------------------------------------
[{'stable': {'F_onsite': np.complex128(-0.01168733800950801+0.01996297781503321j), 'F_swave': np.complex128(0.008921255713080722-0.015238271515513938j)}, 'free': np.float64(-15536.733485435292)}, {'stable': {'F_onsite': np.complex128(-0.023132538836537854+0j), 'F_swave': np.complex128(0.01765768167960463+0j)}, 'free': np.float64(-15536.733485436176)}]
------------------------------------------
  Seed: s-wave+py
F_onsite: (-0.023132538836410418-7.597960186333328e-18j)
F_swave: (0.01765768167950244+5.402243788689919e-18j), F_dwave: (6.158268339717665e-17-3.908262958190545e-19j)
F_px: (3.469446951953614e-18+1.222744998920786e-18j), F_py: (1.318563314089971e-14+3.1164459711853845e-18j)
Free_energy = -15536.733485436012
------------------------------------------
[{'stable': {'F_onsite': np.complex128(-0.01168733800950801+0.01996297781503321j), 'F_swave': np.complex128(0.008921255713080722-0.015238271515513938j)}, 'free': np.float64(-15536.733485435292)}, {'stable': {'F_onsite': np.complex128(-0.023132538836537854+0j), 'F_swave': np.complex128(0.01765768167960463+0j)}, 'free': np.float64(-15536.733485436176)}]
------------------------------------------
====================================
mu=2.59, T=0.0220
====================================
  Seed: normal state
F_onsite: 0j
F_swave: 0j, F_dwave: 0j
F_px: 0j, F_py: 0j
Free_energy = -15525.633114933195
------------------------------------------
[{'stable': {}, 'free': np.float64(-15525.633114933195)}]
------------------------------------------
  Seed: px+i*py
F_onsite: (-0.011318457152120941+0.019332897606314105j)
F_swave: (0.008640038460206313-0.014757928277749695j), F_dwave: (-2.1250362580715887e-17+2.168404344971009e-18j)
F_px: (-6.938893903907228e-17+3.9898639947466563e-17j), F_py: (-6.071532165918825e-18+2.6020852139652106e-18j)
Free_energy = -15536.143022918013
------------------------------------------
[{'stable': {'F_onsite': np.complex128(-0.011318457152120941+0.019332897606314105j), 'F_swave': np.complex128(0.008640038460206313-0.014757928277749695j)}, 'free': np.float64(-15536.143022918013)}]
------------------------------------------
  Seed: s-wave
F_onsite: (-0.022402419560413195+0j)
F_swave: (0.017101073406226446+0j), F_dwave: (-4.163336342344337e-17+0j)
F_px: 3.604654586159082e-18j, F_py: 3.434718601116188e-18j
Free_energy = -15536.143022918028
------------------------------------------
[{'stable': {'F_onsite': np.complex128(-0.011318457152120941+0.019332897606314105j), 'F_swave': np.complex128(0.008640038460206313-0.014757928277749695j)}, 'free': np.float64(-15536.143022918013)}, {'stable': {'F_onsite': np.complex128(-0.022402419560413195+0j), 'F_swave': np.complex128(0.017101073406226446+0j)}, 'free': np.float64(-15536.143022918028)}]
------------------------------------------
  Seed: s-wave+px
F_onsite: (-0.02240241956041238-2.1380694295579715e-17j)
F_swave: (0.01710107340622582+1.732177083179124e-17j), F_dwave: (-2.42861286636753e-17+5.450657015581423e-19j)
F_px: (1.734723475976807e-18+3.861040871381118e-18j), F_py: (-6.938893903907228e-18+2.9800207271182388e-18j)
Free_energy = -15536.143022918022
------------------------------------------
[{'stable': {'F_onsite': np.complex128(-0.011318457152120941+0.019332897606314105j), 'F_swave': np.complex128(0.008640038460206313-0.014757928277749695j)}, 'free': np.float64(-15536.143022918013)}, {'stable': {'F_onsite': np.complex128(-0.022402419560413195+0j), 'F_swave': np.complex128(0.017101073406226446+0j)}, 'free': np.float64(-15536.143022918028)}]
------------------------------------------
  Seed: s-wave+py
F_onsite: (-0.02240241956041238-4.960024290455344e-18j)
F_swave: (0.01710107340622583+3.791690048824672e-18j), F_dwave: (-2.42861286636753e-17+2.8904999325053e-20j)
F_px: (-1.734723475976807e-18+6.447455975822124e-18j), F_py: (3.469446951953614e-18+3.4081958819552876e-18j)
Free_energy = -15536.143022918022
------------------------------------------
[{'stable': {'F_onsite': np.complex128(-0.011318457152120941+0.019332897606314105j), 'F_swave': np.complex128(0.008640038460206313-0.014757928277749695j)}, 'free': np.float64(-15536.143022918013)}, {'stable': {'F_onsite': np.complex128(-0.022402419560413195+0j), 'F_swave': np.complex128(0.017101073406226446+0j)}, 'free': np.float64(-15536.143022918028)}]
------------------------------------------
====================================
mu=2.59, T=0.0250
====================================
  Seed: normal state
F_onsite: 0j
F_swave: 0j, F_dwave: 0j
F_px: 0j, F_py: 0j
Free_energy = -15525.897814709857
------------------------------------------
[{'stable': {}, 'free': np.float64(-15525.897814709857)}]
------------------------------------------
  Seed: px+i*py
F_onsite: (-0.010784783349525132+0.018421336883674057j)
F_swave: (0.008233133259567881-0.014062899222668297j), F_dwave: (-7.806255641895632e-18+2.5587171270657905e-17j)
F_px: (1.3010426069826053e-17-2.168404344971009e-17j), F_py: (1.0408340855860843e-17-2.6020852139652106e-18j)
Free_energy = -15535.3346315305
------------------------------------------
[{'stable': {'F_onsite': np.complex128(-0.010784783349525132+0.018421336883674057j), 'F_swave': np.complex128(0.008233133259567881-0.014062899222668297j)}, 'free': np.float64(-15535.3346315305)}]
------------------------------------------
  Seed: s-wave
F_onsite: (-0.021346128559483493+0j)
F_swave: (0.016295693229093536+0j), F_dwave: (-1.214306433183765e-17+0j)
F_px: 7.824572729380006e-18j, F_py: 3.1397393772348778e-18j
Free_energy = -15535.334631530499
------------------------------------------
[{'stable': {'F_onsite': np.complex128(-0.010784783349525132+0.018421336883674057j), 'F_swave': np.complex128(0.008233133259567881-0.014062899222668297j)}, 'free': np.float64(-15535.3346315305)}, {'stable': {'F_onsite': np.complex128(-0.021346128559483493+0j), 'F_swave': np.complex128(0.016295693229093536+0j)}, 'free': np.float64(-15535.334631530499)}]
------------------------------------------
  Seed: s-wave+px
F_onsite: (-0.021346128559483476-1.6156964265148125e-17j)
F_swave: (0.016295693229093522+1.277825963293957e-17j), F_dwave: (-1.1275702593849246e-17+1.5603140981812263e-18j)
F_px: (5.204170427930421e-18+5.591899759536077e-18j), F_py: (1.734723475976807e-18+3.8811579038784075e-18j)
Free_energy = -15535.334631530497
------------------------------------------
[{'stable': {'F_onsite': np.complex128(-0.010784783349525132+0.018421336883674057j), 'F_swave': np.complex128(0.008233133259567881-0.014062899222668297j)}, 'free': np.float64(-15535.3346315305)}, {'stable': {'F_onsite': np.complex128(-0.021346128559483493+0j), 'F_swave': np.complex128(0.016295693229093536+0j)}, 'free': np.float64(-15535.334631530499)}]
------------------------------------------
  Seed: s-wave+py
F_onsite: (-0.02134612855948349-7.822847580845712e-18j)
F_swave: (0.01629569322909353+5.6758883702122615e-18j), F_dwave: (-1.214306433183765e-17+7.283689252998932e-19j)
F_px: (5.204170427930421e-18+7.337264086912767e-18j), F_py: (3.469446951953614e-18+3.543456455719959e-18j)
Free_energy = -15535.334631530499
------------------------------------------
[{'stable': {'F_onsite': np.complex128(-0.010784783349525132+0.018421336883674057j), 'F_swave': np.complex128(0.008233133259567881-0.014062899222668297j)}, 'free': np.float64(-15535.3346315305)}, {'stable': {'F_onsite': np.complex128(-0.021346128559483493+0j), 'F_swave': np.complex128(0.016295693229093536+0j)}, 'free': np.float64(-15535.334631530499)}]
------------------------------------------
====================================
mu=2.59, T=0.0280
====================================
  Seed: normal state
F_onsite: 0j
F_swave: 0j, F_dwave: 0j
F_px: 0j, F_py: 0j
Free_energy = -15526.193582100606
------------------------------------------
[{'stable': {}, 'free': np.float64(-15526.193582100606)}]
------------------------------------------
  Seed: px+i*py
F_onsite: (-0.010050068379443474+0.01716638056802883j)
F_swave: (0.007672831038005801-0.01310585487179388j), F_dwave: (6.938893903907228e-18+9.974659986866641e-18j)
F_px: (8.239936510889834e-18+1.1275702593849246e-17j), F_py: (2.6020852139652106e-18-8.673617379884035e-19j)
Free_energy = -15534.300766219712
------------------------------------------
[{'stable': {'F_onsite': np.complex128(-0.010050068379443474+0.01716638056802883j), 'F_swave': np.complex128(0.007672831038005801-0.01310585487179388j)}, 'free': np.float64(-15534.300766219712)}]
------------------------------------------
  Seed: s-wave
F_onsite: (-0.019891920375817548+0j)
F_swave: (0.01518669707534537+0j), F_dwave: (1.474514954580286e-17+0j)
F_px: 8.661229523030441e-18j, F_py: 3.805295515539944e-18j
Free_energy = -15534.300766219716
------------------------------------------
[{'stable': {'F_onsite': np.complex128(-0.010050068379443474+0.01716638056802883j), 'F_swave': np.complex128(0.007672831038005801-0.01310585487179388j)}, 'free': np.float64(-15534.300766219712)}, {'stable': {'F_onsite': np.complex128(-0.019891920375817548+0j), 'F_swave': np.complex128(0.01518669707534537+0j)}, 'free': np.float64(-15534.300766219716)}]
------------------------------------------
  Seed: s-wave+px
F_onsite: (-0.01989192037581754-7.237140940270218e-18j)
F_swave: (0.015186697075345368+5.832695344572714e-18j), F_dwave: (1.1709383462843448e-17+8.483564362343852e-20j)
F_px: (-5.204170427930421e-18+6.186252190712579e-18j), F_py: (-8.673617379884035e-19+4.1500379250724445e-18j)
Free_energy = -15534.300766219716
------------------------------------------
[{'stable': {'F_onsite': np.complex128(-0.010050068379443474+0.01716638056802883j), 'F_swave': np.complex128(0.007672831038005801-0.01310585487179388j)}, 'free': np.float64(-15534.300766219712)}, {'stable': {'F_onsite': np.complex128(-0.019891920375817548+0j), 'F_swave': np.complex128(0.01518669707534537+0j)}, 'free': np.float64(-15534.300766219716)}]
------------------------------------------
  Seed: s-wave+py
F_onsite: (-0.019891920375817548-5.697443523210746e-20j)
F_swave: (0.01518669707534537+2.7396221887756277e-20j), F_dwave: (1.474514954580286e-17-2.6813886736518945e-20j)
F_px: 7.40735606329806e-18j, F_py: 4.015359686459011e-18j
Free_energy = -15534.300766219714
------------------------------------------
[{'stable': {'F_onsite': np.complex128(-0.010050068379443474+0.01716638056802883j), 'F_swave': np.complex128(0.007672831038005801-0.01310585487179388j)}, 'free': np.float64(-15534.300766219712)}, {'stable': {'F_onsite': np.complex128(-0.019891920375817548+0j), 'F_swave': np.complex128(0.01518669707534537+0j)}, 'free': np.float64(-15534.300766219716)}]
------------------------------------------
====================================
mu=2.59, T=0.0310
====================================
  Seed: normal state
F_onsite: 0j
F_swave: 0j, F_dwave: 0j
F_px: 0j, F_py: 0j
Free_energy = -15526.520545945445
------------------------------------------
[{'stable': {}, 'free': np.float64(-15526.520545945445)}]
------------------------------------------
  Seed: px+i*py
F_onsite: (-0.009058131133267484+0.015472066497262004j)
F_swave: (0.0069161759961951855-0.0118134230279465j), F_dwave: (-1.1926223897340549e-17+1.9081958235744878e-17j)
F_px: (-1.6046192152785466e-17+8.847089727481716e-17j), F_py: (3.903127820947816e-18+6.938893903907228e-18j)
Free_energy = -15533.03844156988
------------------------------------------
[{'stable': {'F_onsite': np.complex128(-0.009058131133267484+0.015472066497262004j), 'F_swave': np.complex128(0.0069161759961951855-0.0118134230279465j)}, 'free': np.float64(-15533.03844156988)}]
------------------------------------------
  Seed: s-wave
F_onsite: (-0.017928596747184743+0j)
F_swave: (0.013689063300590042+0j), F_dwave: (2.3418766925686896e-17+0j)
F_px: 4.2011245997037195e-18j, F_py: 4.289163086658963e-18j
Free_energy = -15533.03844156988
------------------------------------------
[{'stable': {'F_onsite': np.complex128(-0.009058131133267484+0.015472066497262004j), 'F_swave': np.complex128(0.0069161759961951855-0.0118134230279465j)}, 'free': np.float64(-15533.03844156988)}, {'stable': {'F_onsite': np.complex128(-0.017928596747184743+0j), 'F_swave': np.complex128(0.013689063300590042+0j)}, 'free': np.float64(-15533.03844156988)}]
------------------------------------------
  Seed: s-wave+px
F_onsite: (-0.01792859674718473+0j)
F_swave: (0.013689063300590033+0j), F_dwave: (2.7755575615628914e-17+0j)
F_px: 5.243081003944916e-18j, F_py: 4.4460759401378225e-18j
Free_energy = -15533.03844156988
------------------------------------------
[{'stable': {'F_onsite': np.complex128(-0.009058131133267484+0.015472066497262004j), 'F_swave': np.complex128(0.0069161759961951855-0.0118134230279465j)}, 'free': np.float64(-15533.03844156988)}, {'stable': {'F_onsite': np.complex128(-0.017928596747184743+0j), 'F_swave': np.complex128(0.013689063300590042+0j)}, 'free': np.float64(-15533.03844156988)}]
------------------------------------------
  Seed: s-wave+py
F_onsite: (-0.017928596747184743+0j)
F_swave: (0.013689063300590042+0j), F_dwave: (2.3418766925686896e-17+0j)
F_px: 4.2011245997037195e-18j, F_py: 4.289163086658963e-18j
Free_energy = -15533.03844156988
------------------------------------------
[{'stable': {'F_onsite': np.complex128(-0.009058131133267484+0.015472066497262004j), 'F_swave': np.complex128(0.0069161759961951855-0.0118134230279465j)}, 'free': np.float64(-15533.03844156988)}, {'stable': {'F_onsite': np.complex128(-0.017928596747184743+0j), 'F_swave': np.complex128(0.013689063300590042+0j)}, 'free': np.float64(-15533.03844156988)}]
------------------------------------------
====================================
mu=2.59, T=0.0340
====================================
  Seed: normal state
F_onsite: 0j
F_swave: 0j, F_dwave: 0j
F_px: 0j, F_py: 0j
Free_energy = -15526.878842466926
------------------------------------------
[{'stable': {}, 'free': np.float64(-15526.878842466926)}]
------------------------------------------
  Seed: px+i*py
F_onsite: (-0.0077046146794827455+0.01316014406315379j)
F_swave: (0.005883387884637929-0.010049332168087963j), F_dwave: (2.7972416050126014e-17+4.7704895589362195e-18j)
F_px: (3.5561831257524545e-17+5.637851296924623e-17j), F_py: (7.37257477290143e-18+2.6020852139652106e-18j)
Free_energy = -15531.547656786819
------------------------------------------
[{'stable': {'F_onsite': np.complex128(-0.0077046146794827455+0.01316014406315379j), 'F_swave': np.complex128(0.005883387884637929-0.010049332168087963j)}, 'free': np.float64(-15531.547656786819)}]
------------------------------------------
  Seed: s-wave
F_onsite: (-0.015249605867767926+0j)
F_swave: (0.011644884285628224+0j), F_dwave: (-1.0408340855860843e-17+0j)
F_px: 2.6440133448542985e-18j, F_py: 5.203746911456794e-18j
Free_energy = -15531.547656786819
------------------------------------------
[{'stable': {'F_onsite': np.complex128(-0.0077046146794827455+0.01316014406315379j), 'F_swave': np.complex128(0.005883387884637929-0.010049332168087963j)}, 'free': np.float64(-15531.547656786819)}, {'stable': {'F_onsite': np.complex128(-0.015249605867767926+0j), 'F_swave': np.complex128(0.011644884285628224+0j)}, 'free': np.float64(-15531.547656786819)}]
------------------------------------------
  Seed: s-wave+px
F_onsite: (-0.015249605867767926+0j)
F_swave: (0.011644884285628224+0j), F_dwave: (-1.0408340855860843e-17+0j)
F_px: 2.6440133448542985e-18j, F_py: 5.203746911456794e-18j
Free_energy = -15531.547656786819
------------------------------------------
[{'stable': {'F_onsite': np.complex128(-0.0077046146794827455+0.01316014406315379j), 'F_swave': np.complex128(0.005883387884637929-0.010049332168087963j)}, 'free': np.float64(-15531.547656786819)}, {'stable': {'F_onsite': np.complex128(-0.015249605867767926+0j), 'F_swave': np.complex128(0.011644884285628224+0j)}, 'free': np.float64(-15531.547656786819)}]
------------------------------------------
  Seed: s-wave+py
F_onsite: (-0.015249605867767926+0j)
F_swave: (0.011644884285628224+0j), F_dwave: (-1.0408340855860843e-17+0j)
F_px: 2.6440133448542985e-18j, F_py: 5.203746911456794e-18j
Free_energy = -15531.547656786819
------------------------------------------
[{'stable': {'F_onsite': np.complex128(-0.0077046146794827455+0.01316014406315379j), 'F_swave': np.complex128(0.005883387884637929-0.010049332168087963j)}, 'free': np.float64(-15531.547656786819)}, {'stable': {'F_onsite': np.complex128(-0.015249605867767926+0j), 'F_swave': np.complex128(0.011644884285628224+0j)}, 'free': np.float64(-15531.547656786819)}]
------------------------------------------
====================================
mu=2.59, T=0.0370
====================================
  Seed: normal state
F_onsite: 0j
F_swave: 0j, F_dwave: 0j
F_px: 0j, F_py: 0j
Free_energy = -15527.268623004575
------------------------------------------
[{'stable': {}, 'free': np.float64(-15527.268623004575)}]
------------------------------------------
  Seed: px+i*py
F_onsite: (-0.005735245354374221+0.009796291993952128j)
F_swave: (0.004380129470998203-0.007481637596635205j), F_dwave: (-8.673617379884035e-19+1.0842021724855044e-17j)
F_px: (7.37257477290143e-18+4.7704895589362195e-18j), F_py: (7.806255641895632e-18+3.469446951953614e-18j)
Free_energy = -15529.831141222068
------------------------------------------
[{'stable': {'F_onsite': np.complex128(-0.005735245354374221+0.009796291993952128j), 'F_swave': np.complex128(0.004380129470998203-0.007481637596635205j)}, 'free': np.float64(-15529.831141222068)}]
------------------------------------------
  Seed: s-wave
F_onsite: (-0.011351668428281381+0j)
F_swave: (0.00866951182651549+0j), F_dwave: (-1.1275702593849246e-17+0j)
F_px: 1.026820984264946e-17j, F_py: 6.8949540697684115e-18j
Free_energy = -15529.831141222066
------------------------------------------
[{'stable': {'F_onsite': np.complex128(-0.005735245354374221+0.009796291993952128j), 'F_swave': np.complex128(0.004380129470998203-0.007481637596635205j)}, 'free': np.float64(-15529.831141222068)}, {'stable': {'F_onsite': np.complex128(-0.011351668428281381+0j), 'F_swave': np.complex128(0.00866951182651549+0j)}, 'free': np.float64(-15529.831141222066)}]
------------------------------------------
  Seed: s-wave+px
F_onsite: (-0.011351668428281381+0j)
F_swave: (0.00866951182651549+0j), F_dwave: (-1.1275702593849246e-17+0j)
F_px: 1.026820984264946e-17j, F_py: 6.8949540697684115e-18j
Free_energy = -15529.831141222066
------------------------------------------
[{'stable': {'F_onsite': np.complex128(-0.005735245354374221+0.009796291993952128j), 'F_swave': np.complex128(0.004380129470998203-0.007481637596635205j)}, 'free': np.float64(-15529.831141222068)}, {'stable': {'F_onsite': np.complex128(-0.011351668428281381+0j), 'F_swave': np.complex128(0.00866951182651549+0j)}, 'free': np.float64(-15529.831141222066)}]
------------------------------------------
  Seed: s-wave+py
F_onsite: (-0.011351668428281381+0j)
F_swave: (0.00866951182651549+0j), F_dwave: (-1.1275702593849246e-17+0j)
F_px: 1.026820984264946e-17j, F_py: 6.8949540697684115e-18j
Free_energy = -15529.831141222066
------------------------------------------
[{'stable': {'F_onsite': np.complex128(-0.005735245354374221+0.009796291993952128j), 'F_swave': np.complex128(0.004380129470998203-0.007481637596635205j)}, 'free': np.float64(-15529.831141222068)}, {'stable': {'F_onsite': np.complex128(-0.011351668428281381+0j), 'F_swave': np.complex128(0.00866951182651549+0j)}, 'free': np.float64(-15529.831141222066)}]
------------------------------------------
====================================
mu=2.59, T=0.0400
====================================
  Seed: normal state
F_onsite: 0j
F_swave: 0j, F_dwave: 0j
F_px: 0j, F_py: 0j
Free_energy = -15527.690046524493
------------------------------------------
[{'stable': {}, 'free': np.float64(-15527.690046524493)}]
------------------------------------------
  Seed: px+i*py
F_onsite: (-0.001701817110304228+0.0029068498909341164j)
F_swave: (0.001299953406855524-0.0022204321463555558j), F_dwave: 2.0599841277224584e-18j
F_px: (1.1275702593849246e-17+6.071532165918825e-18j), F_py: (5.854691731421724e-18+7.15573433840433e-18j)
Free_energy = -15527.913690816224
------------------------------------------
[{'stable': {'F_onsite': np.complex128(-0.001701817110304228+0.0029068498909341164j), 'F_swave': np.complex128(0.001299953406855524-0.0022204321463555558j)}, 'free': np.float64(-15527.913690816224)}]
------------------------------------------
  Seed: s-wave
F_onsite: (-0.0033683761318100214+0j)
F_swave: (0.0025729744997889476+0j), F_dwave: (4.119968255444917e-18+0j)
F_px: 8.541083193418339e-18j, F_py: 7.505069254697724e-18j
Free_energy = -15527.913690816224
------------------------------------------
[{'stable': {'F_onsite': np.complex128(-0.001701817110304228+0.0029068498909341164j), 'F_swave': np.complex128(0.001299953406855524-0.0022204321463555558j)}, 'free': np.float64(-15527.913690816224)}, {'stable': {'F_onsite': np.complex128(-0.0033683761318100214+0j), 'F_swave': np.complex128(0.0025729744997889476+0j)}, 'free': np.float64(-15527.913690816224)}]
------------------------------------------
  Seed: s-wave+px
F_onsite: (-0.0033683761318100214+0j)
F_swave: (0.0025729744997889476+0j), F_dwave: (4.119968255444917e-18+0j)
F_px: 8.541083193418339e-18j, F_py: 7.505069254697724e-18j
Free_energy = -15527.913690816224
------------------------------------------
[{'stable': {'F_onsite': np.complex128(-0.001701817110304228+0.0029068498909341164j), 'F_swave': np.complex128(0.001299953406855524-0.0022204321463555558j)}, 'free': np.float64(-15527.913690816224)}, {'stable': {'F_onsite': np.complex128(-0.0033683761318100214+0j), 'F_swave': np.complex128(0.0025729744997889476+0j)}, 'free': np.float64(-15527.913690816224)}]
------------------------------------------
  Seed: s-wave+py
F_onsite: (-0.0033683761318100214+0j)
F_swave: (0.0025729744997889476+0j), F_dwave: (4.119968255444917e-18+0j)
F_px: 8.541083193418339e-18j, F_py: 7.505069254697724e-18j
Free_energy = -15527.913690816224
------------------------------------------
[{'stable': {'F_onsite': np.complex128(-0.001701817110304228+0.0029068498909341164j), 'F_swave': np.complex128(0.001299953406855524-0.0022204321463555558j)}, 'free': np.float64(-15527.913690816224)}, {'stable': {'F_onsite': np.complex128(-0.0033683761318100214+0j), 'F_swave': np.complex128(0.0025729744997889476+0j)}, 'free': np.float64(-15527.913690816224)}]
------------------------------------------
====================================
mu=2.59, T=0.0430
====================================
  Seed: normal state
F_onsite: 0j
F_swave: 0j, F_dwave: 0j
F_px: 0j, F_py: 0j
Free_energy = -15528.143269281003
------------------------------------------
[{'stable': {}, 'free': np.float64(-15528.143269281003)}]
------------------------------------------
  Seed: px+i*py
F_onsite: (-2.8515514215605506e-14+4.870782282099535e-14j)
F_swave: (2.1847024785298986e-14-3.7317252898806534e-14j), F_dwave: (-7.312168548913358e-21+1.6598697745428976e-20j)
F_px: (-1.3528251816322617e-19-2.3269072902808797e-20j), F_py: (6.165458313034255e-20-1.6560704071153645e-20j)
Free_energy = -15528.143269281003
------------------------------------------
[{'stable': {}, 'free': np.float64(-15528.143269281003)}]
------------------------------------------
  Seed: s-wave
F_onsite: (-5.5444395571283146e-14+0j)
F_swave: (4.247856708522212e-14+0j), F_dwave: (-4.83337584733276e-20+0j)
F_px: -3.863957517992483e-20j, F_py: 8.426077232827007e-20j
Free_energy = -15528.143269281003
------------------------------------------
[{'stable': {}, 'free': np.float64(-15528.143269281003)}]
------------------------------------------
  Seed: s-wave+px
F_onsite: (-5.5444395571283146e-14+0j)
F_swave: (4.247856708522212e-14+0j), F_dwave: (-4.83337584733276e-20+0j)
F_px: -3.863957517992483e-20j, F_py: 8.426077232827007e-20j
Free_energy = -15528.143269281003
------------------------------------------
[{'stable': {}, 'free': np.float64(-15528.143269281003)}]
------------------------------------------
  Seed: s-wave+py
F_onsite: (-5.5444395571283146e-14+0j)
F_swave: (4.247856708522212e-14+0j), F_dwave: (-4.83337584733276e-20+0j)
F_px: -3.863957517992483e-20j, F_py: 8.426077232827007e-20j
Free_energy = -15528.143269281003
------------------------------------------
[{'stable': {}, 'free': np.float64(-15528.143269281003)}]
------------------------------------------
====================================
mu=2.59, T=0.0460
====================================
  Seed: normal state
F_onsite: 0j
F_swave: 0j, F_dwave: 0j
F_px: 0j, F_py: 0j
Free_energy = -15528.628436587882
------------------------------------------
[{'stable': {}, 'free': np.float64(-15528.628436587882)}]
------------------------------------------
  Seed: px+i*py
F_onsite: (-1.4400756131459394e-14+2.4598185027822836e-14j)
F_swave: (1.1068049826263887e-14-1.890551542266496e-14j), F_dwave: (1.071398539751786e-21-1.403122122120848e-20j)
F_px: (7.571967041290285e-20+5.591483314506268e-20j), F_py: (-4.2200742662346036e-20+4.092203010881736e-20j)
Free_energy = -15528.628436587882
------------------------------------------
[{'stable': {}, 'free': np.float64(-15528.628436587882)}]
------------------------------------------
  Seed: s-wave
F_onsite: (-2.7986316502886164e-14+0j)
F_swave: (2.1509524472685018e-14+0j), F_dwave: (1.1817533532743874e-20+0j)
F_px: -1.4509368977965703e-20j, F_py: -1.0788379134770221e-19j
Free_energy = -15528.628436587882
------------------------------------------
[{'stable': {}, 'free': np.float64(-15528.628436587882)}]
------------------------------------------
  Seed: s-wave+px
F_onsite: (-2.7986316502886164e-14+0j)
F_swave: (2.1509524472685018e-14+0j), F_dwave: (1.1817533532743874e-20+0j)
F_px: -1.4509368977965703e-20j, F_py: -1.0788379134770221e-19j
Free_energy = -15528.628436587882
------------------------------------------
[{'stable': {}, 'free': np.float64(-15528.628436587882)}]
------------------------------------------
  Seed: s-wave+py
F_onsite: (-2.7986316502886164e-14+0j)
F_swave: (2.1509524472685018e-14+0j), F_dwave: (1.1817533532743874e-20+0j)
F_px: -1.4509368977965703e-20j, F_py: -1.0788379134770221e-19j
Free_energy = -15528.628436587882
------------------------------------------
[{'stable': {}, 'free': np.float64(-15528.628436587882)}]
------------------------------------------
====================================
mu=2.59, T=0.0490
====================================
  Seed: normal state
F_onsite: 0j
F_swave: 0j, F_dwave: 0j
F_px: 0j, F_py: 0j
Free_energy = -15529.145677902845
------------------------------------------
[{'stable': {}, 'free': np.float64(-15529.145677902845)}]
------------------------------------------
  Seed: px+i*py
F_onsite: (-9.596540612881822e-15+1.639231778611464e-14j)
F_swave: (7.39826929490218e-15-1.2637338741538192e-14j), F_dwave: (5.751184910248463e-21-1.2780130383390501e-20j)
F_px: (-1.977978180697873e-20+1.3018203290424714e-20j), F_py: (5.971121109899853e-21-2.3127217810429537e-20j)
Free_energy = -15529.145677902845
------------------------------------------
[{'stable': {}, 'free': np.float64(-15529.145677902845)}]
------------------------------------------
  Seed: s-wave
F_onsite: (-1.8644188608272756e-14+0j)
F_swave: (1.437330079955521e-14+0j), F_dwave: (6.53782341325589e-21+0j)
F_px: -5.349518076225435e-20j, F_py: 9.586439160401123e-21j
Free_energy = -15529.145677902845
------------------------------------------
[{'stable': {}, 'free': np.float64(-15529.145677902845)}]
------------------------------------------
  Seed: s-wave+px
F_onsite: (-1.8644188608272756e-14+0j)
F_swave: (1.437330079955521e-14+0j), F_dwave: (6.53782341325589e-21+0j)
F_px: -5.349518076225435e-20j, F_py: 9.586439160401123e-21j
Free_energy = -15529.145677902845
------------------------------------------
[{'stable': {}, 'free': np.float64(-15529.145677902845)}]
------------------------------------------
  Seed: s-wave+py
F_onsite: (-1.8644188608272756e-14+0j)
F_swave: (1.437330079955521e-14+0j), F_dwave: (6.53782341325589e-21+0j)
F_px: -5.349518076225435e-20j, F_py: 9.586439160401123e-21j
Free_energy = -15529.145677902845
------------------------------------------
[{'stable': {}, 'free': np.float64(-15529.145677902845)}]
------------------------------------------
====================================
mu=2.59, T=0.0520
====================================
  Seed: normal state
F_onsite: 0j
F_swave: 0j, F_dwave: 0j
F_px: 0j, F_py: 0j
Free_energy = -15529.695104851282
------------------------------------------
[{'stable': {}, 'free': np.float64(-15529.695104851282)}]
------------------------------------------
  Seed: px+i*py
F_onsite: (-7.349662908528583e-15+1.2554588103348481e-14j)
F_swave: (5.68291746592891e-15-9.707488638966346e-15j), F_dwave: (-4.9664731351182296e-21-4.04551370312663e-21j)
F_px: (-9.64788690885964e-20-5.571710165583775e-20j), F_py: (3.4393490381853165e-20+8.803767929578325e-20j)
Free_energy = -15529.69510485128
------------------------------------------
[{'stable': {}, 'free': np.float64(-15529.695104851282)}]
------------------------------------------
  Seed: s-wave
F_onsite: (-1.4276031500845872e-14+0j)
F_swave: (1.1038391591318387e-14+0j), F_dwave: (-8.42516166921479e-21+0j)
F_px: -2.8906022004132735e-20j, F_py: -4.192553889733601e-21j
Free_energy = -15529.695104851282
------------------------------------------
[{'stable': {}, 'free': np.float64(-15529.695104851282)}]
------------------------------------------
  Seed: s-wave+px
F_onsite: (-1.4276031500845872e-14+0j)
F_swave: (1.1038391591318387e-14+0j), F_dwave: (-8.42516166921479e-21+0j)
F_px: -2.8906022004132735e-20j, F_py: -4.192553889733601e-21j
Free_energy = -15529.695104851282
------------------------------------------
[{'stable': {}, 'free': np.float64(-15529.695104851282)}]
------------------------------------------
  Seed: s-wave+py
F_onsite: (-1.4276031500845872e-14+0j)
F_swave: (1.1038391591318387e-14+0j), F_dwave: (-8.42516166921479e-21+0j)
F_px: -2.8906022004132735e-20j, F_py: -4.192553889733601e-21j
Free_energy = -15529.695104851282
------------------------------------------
[{'stable': {}, 'free': np.float64(-15529.695104851282)}]
------------------------------------------
====================================
mu=2.59, T=0.0550
====================================
  Seed: normal state
F_onsite: 0j
F_swave: 0j, F_dwave: 0j
F_px: 0j, F_py: 0j
Free_energy = -15530.276811357366
------------------------------------------
[{'stable': {}, 'free': np.float64(-15530.276811357366)}]
------------------------------------------
  Seed: px+i*py
F_onsite: (-5.749532501065153e-15+9.821540933012514e-15j)
F_swave: (4.458566694117131e-15-7.616266031670686e-15j), F_dwave: (-1.7368351415039784e-20+1.3945117322799606e-20j)
F_px: (-3.82437019292001e-20-4.547811375675644e-20j), F_py: (-5.84341470229759e-20+5.150783725992351e-20j)
Free_energy = -15530.276811357366
------------------------------------------
[{'stable': {}, 'free': np.float64(-15530.276811357366)}]
------------------------------------------
  Seed: s-wave
F_onsite: (-1.116476352973614e-14+0j)
F_swave: (8.657792869653549e-15+0j), F_dwave: (-3.744752115879042e-20+0j)
F_px: 8.547597131116908e-20j, F_py: 5.217461668656832e-20j
Free_energy = -15530.276811357366
------------------------------------------
[{'stable': {}, 'free': np.float64(-15530.276811357366)}]
------------------------------------------
  Seed: s-wave+px
F_onsite: (-1.116476352973614e-14+0j)
F_swave: (8.657792869653549e-15+0j), F_dwave: (-3.744752115879042e-20+0j)
F_px: 8.547597131116908e-20j, F_py: 5.217461668656832e-20j
Free_energy = -15530.276811357366
------------------------------------------
[{'stable': {}, 'free': np.float64(-15530.276811357366)}]
------------------------------------------
  Seed: s-wave+py
F_onsite: (-1.116476352973614e-14+0j)
F_swave: (8.657792869653549e-15+0j), F_dwave: (-3.744752115879042e-20+0j)
F_px: 8.547597131116908e-20j, F_py: 5.217461668656832e-20j
Free_energy = -15530.276811357366
------------------------------------------
[{'stable': {}, 'free': np.float64(-15530.276811357366)}]
------------------------------------------
====================================
mu=2.59, T=0.0580
====================================
  Seed: normal state
F_onsite: 0j
F_swave: 0j, F_dwave: 0j
F_px: 0j, F_py: 0j
Free_energy = -15530.89087505886
------------------------------------------
[{'stable': {}, 'free': np.float64(-15530.89087505886)}]
------------------------------------------
  Seed: px+i*py
F_onsite: (-4.7394837632456234e-15+8.095948557660162e-15j)
F_swave: (3.685691886442736e-15-6.295867181138806e-15j), F_dwave: (-1.1710741288314986e-20-2.1073421828688777e-21j)
F_px: (-1.1785354645483728e-19-7.132010614614363e-20j), F_py: (9.036384674481779e-21+6.085091473479524e-20j)
Free_energy = -15530.89087505886
------------------------------------------
[{'stable': {}, 'free': np.float64(-15530.89087505886)}]
------------------------------------------
  Seed: s-wave
F_onsite: (-9.200725707554488e-15+0j)
F_swave: (7.155023972781813e-15+0j), F_dwave: (1.1153075971765832e-20+0j)
F_px: 4.9600782616225105e-20j, F_py: 7.145303383386832e-20j
Free_energy = -15530.89087505886
------------------------------------------
[{'stable': {}, 'free': np.float64(-15530.89087505886)}]
------------------------------------------
  Seed: s-wave+px
F_onsite: (-9.200725707554488e-15+0j)
F_swave: (7.155023972781813e-15+0j), F_dwave: (1.1153075971765832e-20+0j)
F_px: 4.9600782616225105e-20j, F_py: 7.145303383386832e-20j
Free_energy = -15530.89087505886
------------------------------------------
[{'stable': {}, 'free': np.float64(-15530.89087505886)}]
------------------------------------------
  Seed: s-wave+py
F_onsite: (-9.200725707554488e-15+0j)
F_swave: (7.155023972781813e-15+0j), F_dwave: (1.1153075971765832e-20+0j)
F_px: 4.9600782616225105e-20j, F_py: 7.145303383386832e-20j
Free_energy = -15530.89087505886
------------------------------------------
[{'stable': {}, 'free': np.float64(-15530.89087505886)}]
------------------------------------------
====================================
mu=2.59, T=0.0610
====================================
  Seed: normal state
F_onsite: 0j
F_swave: 0j, F_dwave: 0j
F_px: 0j, F_py: 0j
Free_energy = -15531.537359363625
------------------------------------------
[{'stable': {}, 'free': np.float64(-15531.537359363625)}]
------------------------------------------
  Seed: px+i*py
F_onsite: (-3.800584448599084e-15+6.492099027376666e-15j)
F_swave: (2.963741405360399e-15-5.062620164592961e-15j), F_dwave: (-2.942396487311613e-21+6.111172587781878e-21j)
F_px: (1.2741176219687104e-20+1.1949120266083461e-20j), F_py: (1.073312052299773e-19+1.4750544718815652e-19j)
Free_energy = -15531.537359363623
------------------------------------------
[{'stable': {}, 'free': np.float64(-15531.537359363625)}]
------------------------------------------
  Seed: s-wave
F_onsite: (-7.377141213014764e-15+0j)
F_swave: (5.75262079881921e-15+0j), F_dwave: (-1.0289681183562405e-20+0j)
F_px: -2.3057696967802174e-20j, F_py: 1.5187501944108158e-20j
Free_energy = -15531.537359363625
------------------------------------------
[{'stable': {}, 'free': np.float64(-15531.537359363625)}]
------------------------------------------
  Seed: s-wave+px
F_onsite: (-7.377141213014764e-15+0j)
F_swave: (5.75262079881921e-15+0j), F_dwave: (-1.0289681183562405e-20+0j)
F_px: -2.3057696967802174e-20j, F_py: 1.5187501944108158e-20j
Free_energy = -15531.537359363625
------------------------------------------
[{'stable': {}, 'free': np.float64(-15531.537359363625)}]
------------------------------------------
  Seed: s-wave+py
F_onsite: (-7.377141213014764e-15+0j)
F_swave: (5.75262079881921e-15+0j), F_dwave: (-1.0289681183562405e-20+0j)
F_px: -2.3057696967802174e-20j, F_py: 1.5187501944108158e-20j
Free_energy = -15531.537359363625
------------------------------------------
[{'stable': {}, 'free': np.float64(-15531.537359363625)}]
------------------------------------------
====================================
mu=2.59, T=0.0640
====================================
  Seed: normal state
F_onsite: 0j
F_swave: 0j, F_dwave: 0j
F_px: 0j, F_py: 0j
Free_energy = -15532.216315710095
------------------------------------------
[{'stable': {}, 'free': np.float64(-15532.216315710095)}]
------------------------------------------
  Seed: px+i*py
F_onsite: (-2.9681562295592366e-15+5.070122358986402e-15j)
F_swave: (2.32080071287045e-15-3.96435694607885e-15j), F_dwave: (1.5863714798663318e-20-2.552680342609709e-20j)
F_px: (3.509838329405557e-20-1.9456885869070994e-20j), F_py: (7.213608000681452e-20+3.3038357818360734e-20j)
Free_energy = -15532.216315710095
------------------------------------------
[{'stable': {}, 'free': np.float64(-15532.216315710095)}]
------------------------------------------
  Seed: s-wave
F_onsite: (-5.759383602222263e-15+0j)
F_swave: (4.503164683056425e-15+0j), F_dwave: (1.8710859886966986e-20+0j)
F_px: 7.405994674998284e-21j, F_py: -8.04160935391465e-20j
Free_energy = -15532.216315710095
------------------------------------------
[{'stable': {}, 'free': np.float64(-15532.216315710095)}]
------------------------------------------
  Seed: s-wave+px
F_onsite: (-5.759383602222263e-15+0j)
F_swave: (4.503164683056425e-15+0j), F_dwave: (1.8710859886966986e-20+0j)
F_px: 7.405994674998284e-21j, F_py: -8.04160935391465e-20j
Free_energy = -15532.216315710095
------------------------------------------
[{'stable': {}, 'free': np.float64(-15532.216315710095)}]
------------------------------------------
  Seed: s-wave+py
F_onsite: (-5.759383602222263e-15+0j)
F_swave: (4.503164683056425e-15+0j), F_dwave: (1.8710859886966986e-20+0j)
F_px: 7.405994674998284e-21j, F_py: -8.04160935391465e-20j
Free_energy = -15532.216315710095
------------------------------------------
[{'stable': {}, 'free': np.float64(-15532.216315710095)}]
------------------------------------------
====================================
mu=2.59, T=0.0670
====================================
  Seed: normal state
F_onsite: 0j
F_swave: 0j, F_dwave: 0j
F_px: 0j, F_py: 0j
Free_energy = -15532.927785759539
------------------------------------------
[{'stable': {}, 'free': np.float64(-15532.927785759539)}]
------------------------------------------
  Seed: px+i*py
F_onsite: (-2.258995555875229e-15+3.858846326011898e-15j)
F_swave: (1.7710552776290664e-15-3.025357231499617e-15j), F_dwave: (1.1920615066292214e-20-6.7602522579621795e-21j)
F_px: (8.691050700517514e-21-4.325740698787772e-20j), F_py: (5.810334454954631e-20+5.2756109818004665e-20j)
Free_energy = -15532.927785759539
------------------------------------------
[{'stable': {}, 'free': np.float64(-15532.927785759539)}]
------------------------------------------
  Seed: s-wave
F_onsite: (-4.381826138209952e-15+0j)
F_swave: (3.435305495428718e-15+0j), F_dwave: (3.3591869687777805e-21+0j)
F_px: 4.595373055592499e-20j, F_py: -2.7486632473844153e-20j
Free_energy = -15532.927785759539
------------------------------------------
[{'stable': {}, 'free': np.float64(-15532.927785759539)}]
------------------------------------------
  Seed: s-wave+px
F_onsite: (-4.381826138209952e-15+0j)
F_swave: (3.435305495428718e-15+0j), F_dwave: (3.3591869687777805e-21+0j)
F_px: 4.595373055592499e-20j, F_py: -2.7486632473844153e-20j
Free_energy = -15532.927785759539
------------------------------------------
[{'stable': {}, 'free': np.float64(-15532.927785759539)}]
------------------------------------------
  Seed: s-wave+py
F_onsite: (-4.381826138209952e-15+0j)
F_swave: (3.435305495428718e-15+0j), F_dwave: (3.3591869687777805e-21+0j)
F_px: 4.595373055592499e-20j, F_py: -2.7486632473844153e-20j
Free_energy = -15532.927785759539
------------------------------------------
[{'stable': {}, 'free': np.float64(-15532.927785759539)}]
------------------------------------------
====================================
mu=2.59, T=0.0700
====================================
  Seed: normal state
F_onsite: 0j
F_swave: 0j, F_dwave: 0j
F_px: 0j, F_py: 0j
Free_energy = -15533.671803375424
------------------------------------------
[{'stable': {}, 'free': np.float64(-15533.671803375424)}]
------------------------------------------
  Seed: px+i*py
F_onsite: (-1.6772507213598334e-15+2.865220330466383e-15j)
F_swave: (1.318350992289915e-15-2.2521046110839556e-15j), F_dwave: (-8.222080558957633e-21+1.6020426538545927e-20j)
F_px: (2.250758712326812e-20-3.59501331919025e-20j), F_py: (2.041578360430352e-20-4.430362142248709e-20j)
Free_energy = -15533.671803375424
------------------------------------------
[{'stable': {}, 'free': np.float64(-15533.671803375424)}]
------------------------------------------
  Seed: s-wave
F_onsite: (-3.252231152019272e-15+0j)
F_swave: (2.556306187493481e-15+0j), F_dwave: (1.640742829037855e-20+0j)
F_px: -2.6348355479755845e-20j, F_py: -1.0458619975689669e-20j
Free_energy = -15533.671803375424
------------------------------------------
[{'stable': {}, 'free': np.float64(-15533.671803375424)}]
------------------------------------------
  Seed: s-wave+px
F_onsite: (-3.252231152019272e-15+0j)
F_swave: (2.556306187493481e-15+0j), F_dwave: (1.640742829037855e-20+0j)
F_px: -2.6348355479755845e-20j, F_py: -1.0458619975689669e-20j
Free_energy = -15533.671803375424
------------------------------------------
[{'stable': {}, 'free': np.float64(-15533.671803375424)}]
------------------------------------------
  Seed: s-wave+py
F_onsite: (-3.252231152019272e-15+0j)
F_swave: (2.556306187493481e-15+0j), F_dwave: (1.640742829037855e-20+0j)
F_px: -2.6348355479755845e-20j, F_py: -1.0458619975689669e-20j
Free_energy = -15533.671803375424
------------------------------------------
[{'stable': {}, 'free': np.float64(-15533.671803375424)}]
------------------------------------------
====================================
mu=2.59, T=0.0730
====================================
  Seed: normal state
F_onsite: 0j
F_swave: 0j, F_dwave: 0j
F_px: 0j, F_py: 0j
Free_energy = -15534.448396327683
------------------------------------------
[{'stable': {}, 'free': np.float64(-15534.448396327683)}]
------------------------------------------
  Seed: px+i*py
F_onsite: (-1.2156970737763286e-15+2.076690133176143e-15j)
F_swave: (9.578881688566885e-16-1.6363118593745043e-15j), F_dwave: (4.058248784660212e-21-6.075100013157004e-21j)
F_px: (-7.260645054593835e-21+2.194851571293833e-20j), F_py: (-6.345998242892526e-20+4.9301191088260455e-21j)
Free_energy = -15534.448396327683
------------------------------------------
[{'stable': {}, 'free': np.float64(-15534.448396327683)}]
------------------------------------------
  Seed: s-wave
F_onsite: (-2.355347420028422e-15+0j)
F_swave: (1.8557975869548403e-15+0j), F_dwave: (1.3245514910596803e-20+0j)
F_px: 1.2747892306492205e-19j, F_py: -1.0570017363249824e-19j
Free_energy = -15534.448396327683
------------------------------------------
[{'stable': {}, 'free': np.float64(-15534.448396327683)}]
------------------------------------------
  Seed: s-wave+px
F_onsite: (-2.355347420028422e-15+0j)
F_swave: (1.8557975869548403e-15+0j), F_dwave: (1.3245514910596803e-20+0j)
F_px: 1.2747892306492205e-19j, F_py: -1.0570017363249824e-19j
Free_energy = -15534.448396327683
------------------------------------------
[{'stable': {}, 'free': np.float64(-15534.448396327683)}]
------------------------------------------
  Seed: s-wave+py
F_onsite: (-2.355347420028422e-15+0j)
F_swave: (1.8557975869548403e-15+0j), F_dwave: (1.3245514910596803e-20+0j)
F_px: 1.2747892306492205e-19j, F_py: -1.0570017363249824e-19j
Free_energy = -15534.448396327683
------------------------------------------
[{'stable': {}, 'free': np.float64(-15534.448396327683)}]
------------------------------------------
====================================
mu=2.59, T=0.0760
====================================
  Seed: normal state
F_onsite: 0j
F_swave: 0j, F_dwave: 0j
F_px: 0j, F_py: 0j
Free_energy = -15535.257587711372
------------------------------------------
[{'stable': {}, 'free': np.float64(-15535.257587711372)}]
------------------------------------------
  Seed: px+i*py
F_onsite: (-8.610454325125897e-16+1.4710489141615972e-15j)
F_swave: (6.796610285352653e-16-1.1611514207234479e-15j), F_dwave: (-2.5797800996795516e-20-3.3677435570920583e-21j)
F_px: (-5.459811334451236e-20-1.7199589847411067e-21j), F_py: (3.516115128360306e-21+3.32593034814043e-20j)
Free_energy = -15535.257587711372
------------------------------------------
[{'stable': {}, 'free': np.float64(-15535.257587711372)}]
------------------------------------------
  Seed: s-wave
F_onsite: (-1.6671022971411407e-15+0j)
F_swave: (1.3160211786938485e-15+0j), F_dwave: (1.5462153546269833e-21+0j)
F_px: 5.110688773618527e-20j, F_py: -1.2725327478486765e-19j
Free_energy = -15535.257587711372
------------------------------------------
[{'stable': {}, 'free': np.float64(-15535.257587711372)}]
------------------------------------------
  Seed: s-wave+px
F_onsite: (-1.6671022971411407e-15+0j)
F_swave: (1.3160211786938485e-15+0j), F_dwave: (1.5462153546269833e-21+0j)
F_px: 5.110688773618527e-20j, F_py: -1.2725327478486765e-19j
Free_energy = -15535.257587711372
------------------------------------------
[{'stable': {}, 'free': np.float64(-15535.257587711372)}]
------------------------------------------
  Seed: s-wave+py
F_onsite: (-1.6671022971411407e-15+0j)
F_swave: (1.3160211786938485e-15+0j), F_dwave: (1.5462153546269833e-21+0j)
F_px: 5.110688773618527e-20j, F_py: -1.2725327478486765e-19j
Free_energy = -15535.257587711372
------------------------------------------
[{'stable': {}, 'free': np.float64(-15535.257587711372)}]
------------------------------------------
====================================
mu=2.59, T=0.0790
====================================
  Seed: normal state
F_onsite: 0j
F_swave: 0j, F_dwave: 0j
F_px: 0j, F_py: 0j
Free_energy = -15536.099397096628
------------------------------------------
[{'stable': {}, 'free': np.float64(-15536.099397096628)}]
------------------------------------------
  Seed: px+i*py
F_onsite: (-5.957663355419456e-16+1.017784653482972e-15j)
F_swave: (4.71273799275804e-16-8.050906227855939e-16j), F_dwave: (1.3765030448563402e-20-3.047669423282967e-20j)
F_px: (-7.541344791422686e-21+6.772766580903094e-20j), F_py: (-9.992540120406134e-21+2.7596836130073295e-20j)
Free_energy = -15536.099397096628
------------------------------------------
[{'stable': {}, 'free': np.float64(-15536.099397096628)}]
------------------------------------------
  Seed: s-wave
F_onsite: (-1.1519985332955367e-15+0j)
F_swave: (9.107994175892419e-16+0j), F_dwave: (4.672858720441986e-21+0j)
F_px: -7.85340181242548e-20j, F_py: -1.7408359964597724e-19j
Free_energy = -15536.099397096628
------------------------------------------
[{'stable': {}, 'free': np.float64(-15536.099397096628)}]
------------------------------------------
  Seed: s-wave+px
F_onsite: (-1.1519985332955367e-15+0j)
F_swave: (9.107994175892419e-16+0j), F_dwave: (4.672858720441986e-21+0j)
F_px: -7.85340181242548e-20j, F_py: -1.7408359964597724e-19j
Free_energy = -15536.099397096628
------------------------------------------
[{'stable': {}, 'free': np.float64(-15536.099397096628)}]
------------------------------------------
  Seed: s-wave+py
F_onsite: (-1.1519985332955367e-15+0j)
F_swave: (9.107994175892419e-16+0j), F_dwave: (4.672858720441986e-21+0j)
F_px: -7.85340181242548e-20j, F_py: -1.7408359964597724e-19j
Free_energy = -15536.099397096628
------------------------------------------
[{'stable': {}, 'free': np.float64(-15536.099397096628)}]
------------------------------------------
====================================
mu=2.59, T=0.0820
====================================
  Seed: normal state
F_onsite: 0j
F_swave: 0j, F_dwave: 0j
F_px: 0j, F_py: 0j
Free_energy = -15536.973841443409
------------------------------------------
[{'stable': {}, 'free': np.float64(-15536.973841443409)}]
------------------------------------------
  Seed: px+i*py
F_onsite: (-4.897763278497595e-16+8.368579660509946e-16j)
F_swave: (3.8787707657129993e-16-6.627526309803276e-16j), F_dwave: (-6.119871806424925e-21-2.3761845531323338e-21j)
F_px: (-5.1430005578833916e-20+1.054957404940074e-20j), F_py: (1.1505445455067425e-19+1.0868528088704594e-19j)
Free_energy = -15536.973841443409
------------------------------------------
[{'stable': {}, 'free': np.float64(-15536.973841443409)}]
------------------------------------------
  Seed: s-wave
F_onsite: (-9.462620199677584e-16+0j)
F_swave: (7.490145563070262e-16+0j), F_dwave: (-2.651276180080616e-20+0j)
F_px: -6.657493127709177e-20j, F_py: -8.864177381354744e-20j
Free_energy = -15536.973841443409
------------------------------------------
[{'stable': {}, 'free': np.float64(-15536.973841443409)}]
------------------------------------------
  Seed: s-wave+px
F_onsite: (-9.462620199677584e-16+0j)
F_swave: (7.490145563070262e-16+0j), F_dwave: (-2.651276180080616e-20+0j)
F_px: -6.657493127709177e-20j, F_py: -8.864177381354744e-20j
Free_energy = -15536.973841443409
------------------------------------------
[{'stable': {}, 'free': np.float64(-15536.973841443409)}]
------------------------------------------
  Seed: s-wave+py
F_onsite: (-9.462620199677584e-16+0j)
F_swave: (7.490145563070262e-16+0j), F_dwave: (-2.651276180080616e-20+0j)
F_px: -6.657493127709177e-20j, F_py: -8.864177381354744e-20j
Free_energy = -15536.973841443409
------------------------------------------
[{'stable': {}, 'free': np.float64(-15536.973841443409)}]
------------------------------------------
====================================
mu=2.59, T=0.0850
====================================
  Seed: normal state
F_onsite: 0j
F_swave: 0j, F_dwave: 0j
F_px: 0j, F_py: 0j
Free_energy = -15537.880935814996
------------------------------------------
[{'stable': {}, 'free': np.float64(-15537.880935814996)}]
------------------------------------------
  Seed: px+i*py
F_onsite: (-3.9835308019333057e-16+6.806352309944672e-16j)
F_swave: (3.156133390452164e-16-5.392809710451928e-16j), F_dwave: (-9.142730157200541e-21-2.6453159708568442e-21j)
F_px: (-9.17543344955889e-21-5.739247873040793e-20j), F_py: (1.2576028541523808e-19+8.1735122672778e-20j)
Free_energy = -15537.880935814996
------------------------------------------
[{'stable': {}, 'free': np.float64(-15537.880935814996)}]
------------------------------------------
  Seed: s-wave
F_onsite: (-7.681911801330989e-16+0j)
F_swave: (6.087822966261525e-16+0j), F_dwave: (-2.9909657861400244e-20+0j)
F_px: 2.584655949168653e-20j, F_py: -1.6939052309561025e-19j
Free_energy = -15537.880935814996
------------------------------------------
[{'stable': {}, 'free': np.float64(-15537.880935814996)}]
------------------------------------------
  Seed: s-wave+px
F_onsite: (-7.681911801330989e-16+0j)
F_swave: (6.087822966261525e-16+0j), F_dwave: (-2.9909657861400244e-20+0j)
F_px: 2.584655949168653e-20j, F_py: -1.6939052309561025e-19j
Free_energy = -15537.880935814996
------------------------------------------
[{'stable': {}, 'free': np.float64(-15537.880935814996)}]
------------------------------------------
  Seed: s-wave+py
F_onsite: (-7.681911801330989e-16+0j)
F_swave: (6.087822966261525e-16+0j), F_dwave: (-2.9909657861400244e-20+0j)
F_px: 2.584655949168653e-20j, F_py: -1.6939052309561025e-19j
Free_energy = -15537.880935814996
------------------------------------------
[{'stable': {}, 'free': np.float64(-15537.880935814996)}]
------------------------------------------
====================================
mu=2.59, T=0.0880
====================================
  Seed: normal state
F_onsite: 0j
F_swave: 0j, F_dwave: 0j
F_px: 0j, F_py: 0j
Free_energy = -15538.82069392761
------------------------------------------
[{'stable': {}, 'free': np.float64(-15538.82069392761)}]
------------------------------------------
  Seed: px+i*py
F_onsite: (-3.208223999849447e-16+5.48236175307301e-16j)
F_swave: (2.537265043501952e-16-4.3358075955704104e-16j), F_dwave: (-1.5256213838100348e-20+3.1780517411917765e-20j)
F_px: (-3.244891626404721e-20-1.0869445810166873e-20j), F_py: (2.800081585016655e-20+5.533273520691265e-20j)
Free_energy = -15538.82069392761
------------------------------------------
[{'stable': {}, 'free': np.float64(-15538.82069392761)}]
------------------------------------------
  Seed: s-wave
F_onsite: (-6.176186656364661e-16+0j)
F_swave: (4.882462246691369e-16+0j), F_dwave: (-2.1933411070640562e-20+0j)
F_px: 1.0580595010284892e-19j, F_py: -1.2894920436807954e-19j
Free_energy = -15538.82069392761
------------------------------------------
[{'stable': {}, 'free': np.float64(-15538.82069392761)}]
------------------------------------------
  Seed: s-wave+px
F_onsite: (-6.176186656364661e-16+0j)
F_swave: (4.882462246691369e-16+0j), F_dwave: (-2.1933411070640562e-20+0j)
F_px: 1.0580595010284892e-19j, F_py: -1.2894920436807954e-19j
Free_energy = -15538.82069392761
------------------------------------------
[{'stable': {}, 'free': np.float64(-15538.82069392761)}]
------------------------------------------
  Seed: s-wave+py
F_onsite: (-6.176186656364661e-16+0j)
F_swave: (4.882462246691369e-16+0j), F_dwave: (-2.1933411070640562e-20+0j)
F_px: 1.0580595010284892e-19j, F_py: -1.2894920436807954e-19j
Free_energy = -15538.82069392761
------------------------------------------
[{'stable': {}, 'free': np.float64(-15538.82069392761)}]
------------------------------------------
====================================
mu=2.59, T=0.0910
====================================
  Seed: normal state
F_onsite: 0j
F_swave: 0j, F_dwave: 0j
F_px: 0j, F_py: 0j
Free_energy = -15539.793128565812
------------------------------------------
[{'stable': {}, 'free': np.float64(-15539.793128565812)}]
------------------------------------------
  Seed: px+i*py
F_onsite: (-2.559889465813749e-16+4.3746203791095437e-16j)
F_swave: (2.013423993250982e-16-3.4407274614966127e-16j), F_dwave: (-2.1290278835250173e-21-1.1776593321448639e-20j)
F_px: (1.2086988286323352e-20+6.031379150050564e-20j), F_py: (-6.1761625635913935e-21-6.725902087505876e-20j)
Free_energy = -15539.793128565812
------------------------------------------
[{'stable': {}, 'free': np.float64(-15539.793128565812)}]
------------------------------------------
  Seed: s-wave
F_onsite: (-4.920178477593826e-16+0j)
F_swave: (3.8657976405207255e-16+0j), F_dwave: (-1.1600393606149202e-20+0j)
F_px: 9.441081123132179e-20j, F_py: -3.8378928839425373e-20j
Free_energy = -15539.793128565812
------------------------------------------
[{'stable': {}, 'free': np.float64(-15539.793128565812)}]
------------------------------------------
  Seed: s-wave+px
F_onsite: (-4.920178477593826e-16+0j)
F_swave: (3.8657976405207255e-16+0j), F_dwave: (-1.1600393606149202e-20+0j)
F_px: 9.441081123132179e-20j, F_py: -3.8378928839425373e-20j
Free_energy = -15539.793128565812
------------------------------------------
[{'stable': {}, 'free': np.float64(-15539.793128565812)}]
------------------------------------------
  Seed: s-wave+py
F_onsite: (-4.920178477593826e-16+0j)
F_swave: (3.8657976405207255e-16+0j), F_dwave: (-1.1600393606149202e-20+0j)
F_px: 9.441081123132179e-20j, F_py: -3.8378928839425373e-20j
Free_energy = -15539.793128565812
------------------------------------------
[{'stable': {}, 'free': np.float64(-15539.793128565812)}]
------------------------------------------
====================================
mu=2.59, T=0.0940
====================================
  Seed: normal state
F_onsite: 0j
F_swave: 0j, F_dwave: 0j
F_px: 0j, F_py: 0j
Free_energy = -15540.798251892902
------------------------------------------
[{'stable': {}, 'free': np.float64(-15540.798251892902)}]
------------------------------------------
  Seed: px+i*py
F_onsite: (-2.0260823482167666e-16+3.462404811019034e-16j)
F_swave: (1.5705069087005422e-16-2.6837771562772645e-16j), F_dwave: (7.33092548867344e-21-5.121406703954855e-21j)
F_px: (2.1867760029984117e-21+1.5645527763247996e-20j), F_py: (6.448664067768191e-20-4.814901429508532e-20j)
Free_energy = -15540.798251892902
------------------------------------------
[{'stable': {}, 'free': np.float64(-15540.798251892902)}]
------------------------------------------
  Seed: s-wave
F_onsite: (-3.890561731796976e-16+0j)
F_swave: (3.004795661680112e-16+0j), F_dwave: (-6.299258292614167e-21+0j)
F_px: 3.1684056787853286e-19j, F_py: 1.9462414769431282e-20j
Free_energy = -15540.798251892902
------------------------------------------
[{'stable': {}, 'free': np.float64(-15540.798251892902)}]
------------------------------------------
  Seed: s-wave+px
F_onsite: (-3.890561731796976e-16+0j)
F_swave: (3.004795661680112e-16+0j), F_dwave: (-6.299258292614167e-21+0j)
F_px: 3.1684056787853286e-19j, F_py: 1.9462414769431282e-20j
Free_energy = -15540.798251892902
------------------------------------------
[{'stable': {}, 'free': np.float64(-15540.798251892902)}]
------------------------------------------
  Seed: s-wave+py
F_onsite: (-3.890561731796976e-16+0j)
F_swave: (3.004795661680112e-16+0j), F_dwave: (-6.299258292614167e-21+0j)
F_px: 3.1684056787853286e-19j, F_py: 1.9462414769431282e-20j
Free_energy = -15540.798251892902
------------------------------------------
[{'stable': {}, 'free': np.float64(-15540.798251892902)}]
------------------------------------------
====================================
mu=2.59, T=0.0970
====================================
  Seed: normal state
F_onsite: 0j
F_swave: 0j, F_dwave: 0j
F_px: 0j, F_py: 0j
Free_energy = -15541.836075677378
------------------------------------------
[{'stable': {}, 'free': np.float64(-15541.836075677378)}]
------------------------------------------
  Seed: px+i*py
F_onsite: (-1.5965635135171287e-16+2.7271269221470885e-16j)
F_swave: (1.1892843684303403e-16-2.0314696013588964e-16j), F_dwave: (1.1726856321483488e-20-1.142270559340558e-20j)
F_px: (-6.833935732794772e-20-2.4451271944000777e-20j), F_py: (-3.1144552693939795e-20-6.110871345212854e-20j)
Free_energy = -15541.836075677378
------------------------------------------
[{'stable': {}, 'free': np.float64(-15541.836075677378)}]
------------------------------------------
  Seed: s-wave
F_onsite: (-3.0593869831727063e-16+0j)
F_swave: (2.254610916048154e-16+0j), F_dwave: (-3.5287276940267615e-22+0j)
F_px: 1.5491048121401155e-19j, F_py: 6.825558421599211e-20j
Free_energy = -15541.836075677378
------------------------------------------
[{'stable': {}, 'free': np.float64(-15541.836075677378)}]
------------------------------------------
  Seed: s-wave+px
F_onsite: (-3.0593869831727063e-16+0j)
F_swave: (2.254610916048154e-16+0j), F_dwave: (-3.5287276940267615e-22+0j)
F_px: 1.5491048121401155e-19j, F_py: 6.825558421599211e-20j
Free_energy = -15541.836075677378
------------------------------------------
[{'stable': {}, 'free': np.float64(-15541.836075677378)}]
------------------------------------------
  Seed: s-wave+py
F_onsite: (-3.0593869831727063e-16+0j)
F_swave: (2.254610916048154e-16+0j), F_dwave: (-3.5287276940267615e-22+0j)
F_px: 1.5491048121401155e-19j, F_py: 6.825558421599211e-20j
Free_energy = -15541.836075677378
------------------------------------------
[{'stable': {}, 'free': np.float64(-15541.836075677378)}]
------------------------------------------
====================================
mu=2.59, T=0.1000
====================================
  Seed: normal state
F_onsite: 0j
F_swave: 0j, F_dwave: 0j
F_px: 0j, F_py: 0j
Free_energy = -15542.906611453214
------------------------------------------
[{'stable': {}, 'free': np.float64(-15542.906611453214)}]
------------------------------------------
  Seed: px+i*py
F_onsite: (-1.2559798950015808e-16+2.1434818934796544e-16j)
F_swave: (8.321374895429677e-17-1.4199286275422472e-16j), F_dwave: (3.2794004647332292e-21+7.248683591693671e-21j)
F_px: (-7.55411394554064e-20-7.972586510066917e-20j), F_py: (-1.451407984049387e-20-1.2562448168590683e-20j)
Free_energy = -15542.906611453214
------------------------------------------
[{'stable': {}, 'free': np.float64(-15542.906611453214)}]
------------------------------------------
  Seed: s-wave
F_onsite: (-2.371595985802352e-16+0j)
F_swave: (1.569811642142751e-16+0j), F_dwave: (-2.8504229304362927e-21+0j)
F_px: 7.607456444201517e-20j, F_py: -5.418349273477856e-20j
Free_energy = -15542.906611453214
------------------------------------------
[{'stable': {}, 'free': np.float64(-15542.906611453214)}]
------------------------------------------
  Seed: s-wave+px
F_onsite: (-2.371595985802352e-16+0j)
F_swave: (1.569811642142751e-16+0j), F_dwave: (-2.8504229304362927e-21+0j)
F_px: 7.607456444201517e-20j, F_py: -5.418349273477856e-20j
Free_energy = -15542.906611453214
------------------------------------------
[{'stable': {}, 'free': np.float64(-15542.906611453214)}]
------------------------------------------
  Seed: s-wave+py
F_onsite: (-2.371595985802352e-16+0j)
F_swave: (1.569811642142751e-16+0j), F_dwave: (-2.8504229304362927e-21+0j)
F_px: 7.607456444201517e-20j, F_py: -5.418349273477856e-20j
Free_energy = -15542.906611453214
------------------------------------------
[{'stable': {}, 'free': np.float64(-15542.906611453214)}]
------------------------------------------
