/home/emilssp/D1/venv/bin/python
Python 3.10.12
Running job 5 out of 10
====================================
mu=0.33, T=0.0010
====================================
  Seed: normal state
F_onsite: 0j
F_swave: 0j, F_dwave: 0j
F_px: 0j, F_py: 0j
Free_energy = -9289.92074688106
------------------------------------------
[{'stable': {}, 'free': np.float64(-9289.92074688106)}]
------------------------------------------
  Seed: d-wave
F_onsite: (4.6016269234561743e-17+0j)
F_swave: (6.245004513516506e-17+0j), F_dwave: (0.09582854248460007+0j)
F_px: 1.1849215036673087e-17j, F_py: 1.3399740279485361e-17j
Free_energy = -9690.673442482814
------------------------------------------
[{'stable': {'F_dwave': np.complex128(0.09582854248460007+0j)}, 'free': np.float64(-9690.673442482814)}]
------------------------------------------
  Seed: d-wave+px
F_onsite: (-3.453403148534008e-15-9.917793234426322e-19j)
F_swave: (8.673617379884035e-16+1.920609584055465e-18j), F_dwave: (0.0958280213239936+5.2980575781247826e-17j)
F_px: (1.2316025167768974e-07-1.7386813899918335e-17j), F_py: (-4.163336342344337e-17+1.6593086548477135e-17j)
Free_energy = -9690.665836827795
------------------------------------------
[{'stable': {'F_dwave': np.complex128(0.09582854248460007+0j)}, 'free': np.float64(-9690.673442482814)}]
------------------------------------------
  Seed: d-wave+py
F_onsite: (3.3962826425698114e-15-2.826587582157804e-19j)
F_swave: (-1.0859368959614812e-15+1.0504222708057431e-18j), F_dwave: (0.09582802132399357-9.289180376327622e-19j)
F_px: (6.938893903907228e-18-1.4880648497530628e-18j), F_py: (1.2316025212871784e-07+1.3288358740649202e-17j)
Free_energy = -9690.665836827791
------------------------------------------
[{'stable': {'F_dwave': np.complex128(0.09582854248460007+0j)}, 'free': np.float64(-9690.673442482814)}]
------------------------------------------
====================================
mu=0.33, T=0.0071
====================================
  Seed: normal state
F_onsite: 0j
F_swave: 0j, F_dwave: 0j
F_px: 0j, F_py: 0j
Free_energy = -9290.01740806203
------------------------------------------
[{'stable': {}, 'free': np.float64(-9290.01740806203)}]
------------------------------------------
  Seed: d-wave
F_onsite: (-2.399816260789946e-16+0j)
F_swave: (3.469446951953614e-17+0j), F_dwave: (0.09582825212023593+0j)
F_px: -2.179483602095544e-18j, F_py: 1.1956468929257938e-17j
Free_energy = -9690.669208836809
------------------------------------------
[{'stable': {'F_dwave': np.complex128(0.09582825212023593+0j)}, 'free': np.float64(-9690.669208836809)}]
------------------------------------------
  Seed: d-wave+px
F_onsite: (-2.253234568601665e-15+5.539254603323486e-19j)
F_swave: (6.036837696399289e-16-3.6169335032654183e-19j), F_dwave: (0.09582802106122408+5.067235330413213e-17j)
F_px: (9.873983931180108e-08-9.486891453839735e-18j), F_py: (-8.326672684688674e-17+1.4413981561851748e-17j)
Free_energy = -9690.665836850103
------------------------------------------
[{'stable': {'F_dwave': np.complex128(0.09582825212023593+0j)}, 'free': np.float64(-9690.669208836809)}]
------------------------------------------
  Seed: d-wave+py
F_onsite: (2.3674093629880107e-15+7.639083375321667e-19j)
F_swave: (-6.418476861114186e-16-4.284319979160024e-18j), F_dwave: (0.0958280210612242-8.063364055792427e-18j)
F_px: (6.938893903907228e-17-1.4241198696598053e-17j), F_py: (9.873983947833453e-08+1.5156004525787275e-17j)
Free_energy = -9690.665836850108
------------------------------------------
[{'stable': {'F_dwave': np.complex128(0.09582825212023593+0j)}, 'free': np.float64(-9690.669208836809)}]
------------------------------------------
====================================
mu=0.33, T=0.0132
====================================
  Seed: normal state
F_onsite: 0j
F_swave: 0j, F_dwave: 0j
F_px: 0j, F_py: 0j
Free_energy = -9290.36467349646
------------------------------------------
[{'stable': {}, 'free': np.float64(-9290.36467349646)}]
------------------------------------------
  Seed: d-wave
F_onsite: (-1.5595861792421797e-17+0j)
F_swave: (-3.7470027081099033e-16+0j), F_dwave: (0.09582801162559815+0j)
F_px: 7.707391842263907e-18j, F_py: 1.0746273914590806e-17j
Free_energy = -9690.668035654584
------------------------------------------
[{'stable': {'F_dwave': np.complex128(0.09582801162559815+0j)}, 'free': np.float64(-9690.668035654584)}]
------------------------------------------
  Seed: d-wave+px
F_onsite: (-1.6555198169682336e-15-2.1922963422094807e-19j)
F_swave: (2.3245294578089215e-16-8.43853578378307e-18j), F_dwave: (0.09582785965089066+4.106715829415082e-17j)
F_px: (7.913391713437745e-08-2.6085856513306143e-18j), F_py: (-9.020562075079397e-17+1.324818627708327e-17j)
Free_energy = -9690.665817815492
------------------------------------------
[{'stable': {'F_dwave': np.complex128(0.09582801162559815+0j)}, 'free': np.float64(-9690.668035654584)}]
------------------------------------------
  Seed: d-wave+py
F_onsite: (1.3253601699701017e-15-6.83313942441275e-20j)
F_swave: (-1.249000902703301e-16+8.738518530646862e-19j), F_dwave: (0.09582785965089045-1.0436963993392168e-17j)
F_px: (9.71445146547012e-17-9.902966726089864e-18j), F_py: (7.913391712743856e-08+1.532088572642913e-17j)
Free_energy = -9690.6658178155
------------------------------------------
[{'stable': {'F_dwave': np.complex128(0.09582801162559815+0j)}, 'free': np.float64(-9690.668035654584)}]
------------------------------------------
====================================
mu=0.33, T=0.0193
====================================
  Seed: normal state
F_onsite: 0j
F_swave: 0j, F_dwave: 0j
F_px: 0j, F_py: 0j
Free_energy = -9290.988885104545
------------------------------------------
[{'stable': {}, 'free': np.float64(-9290.988885104545)}]
------------------------------------------
  Seed: d-wave
F_onsite: (-9.024282402602415e-17+0j)
F_swave: (1.1102230246251565e-16+0j), F_dwave: (0.09582585418569423+0j)
F_px: 1.633533727180644e-17j, F_py: 9.482432928477161e-18j
Free_energy = -9690.665497970533
------------------------------------------
[{'stable': {'F_dwave': np.complex128(0.09582585418569423+0j)}, 'free': np.float64(-9690.665497970533)}]
------------------------------------------
  Seed: d-wave+px
F_onsite: (-1.1965271796878133e-15+9.312717096867673e-19j)
F_swave: (1.8041124150158794e-16-6.425284395411134e-19j), F_dwave: (0.09582582432876074+4.307088049173957e-17j)
F_px: (6.324893937759146e-08-7.49755175398713e-18j), F_py: (-8.326672684688674e-17+1.1470044626169229e-17j)
Free_energy = -9690.665062300966
------------------------------------------
[{'stable': {'F_dwave': np.complex128(0.09582585418569423+0j)}, 'free': np.float64(-9690.665497970533)}]
------------------------------------------
  Seed: d-wave+py
F_onsite: (9.543073654107721e-16-5.965336508655094e-19j)
F_swave: (-1.8388068845354155e-16-1.2632843255449738e-18j), F_dwave: (0.09582582432876081-9.39422921219456e-18j)
F_px: (1.249000902703301e-16-1.7717176687485037e-17j), F_py: (6.324893966208611e-08+1.4735251628179707e-17j)
Free_energy = -9690.665062300972
------------------------------------------
[{'stable': {'F_dwave': np.complex128(0.09582585418569423+0j)}, 'free': np.float64(-9690.665497970533)}]
------------------------------------------
====================================
mu=0.33, T=0.0254
====================================
  Seed: normal state
F_onsite: 0j
F_swave: 0j, F_dwave: 0j
F_px: 0j, F_py: 0j
Free_energy = -9291.905035456659
------------------------------------------
[{'stable': {}, 'free': np.float64(-9291.905035456659)}]
------------------------------------------
  Seed: d-wave
F_onsite: (-1.2134459006489138e-16+0j)
F_swave: (2.7755575615628914e-17+0j), F_dwave: (0.09581664811273946+0j)
F_px: 4.037042571855863e-18j, F_py: 1.372419691167561e-17j
Free_energy = -9690.636047211154
------------------------------------------
[{'stable': {'F_dwave': np.complex128(0.09581664811273946+0j)}, 'free': np.float64(-9690.636047211154)}]
------------------------------------------
  Seed: d-wave+px
F_onsite: (-5.81423808689192e-16-1.116111014439839e-18j)
F_swave: (1.457167719820518e-16+2.600232190755521e-18j), F_dwave: (0.09581664695888492+4.943089830693601e-17j)
F_px: (3.9874163720865496e-08-4.2851056029335e-18j), F_py: (-2.7755575615628914e-17+1.2529625433648965e-17j)
Free_energy = -9690.636030381751
------------------------------------------
[{'stable': {'F_dwave': np.complex128(0.09581664811273946+0j)}, 'free': np.float64(-9690.636047211154)}]
------------------------------------------
  Seed: d-wave+py
F_onsite: (2.511982903256672e-16+2.043304702552626e-19j)
F_swave: (-8.673617379884035e-17-1.3755177911437634e-18j), F_dwave: (0.09581664695888506-1.281572284967725e-17j)
F_px: (9.71445146547012e-17+1.8639886237347917e-18j), F_py: (3.9874164213526964e-08+1.2648945226081334e-17j)
Free_energy = -9690.636030381753
------------------------------------------
[{'stable': {'F_dwave': np.complex128(0.09581664811273946+0j)}, 'free': np.float64(-9690.636047211154)}]
------------------------------------------
====================================
mu=0.33, T=0.0315
====================================
  Seed: normal state
F_onsite: 0j
F_swave: 0j, F_dwave: 0j
F_px: 0j, F_py: 0j
Free_energy = -9293.118378844214
------------------------------------------
[{'stable': {}, 'free': np.float64(-9293.118378844214)}]
------------------------------------------
  Seed: d-wave
F_onsite: (-1.7778156224717795e-17+0j)
F_swave: (2.706168622523819e-16+0j), F_dwave: (0.09579740341418584+0j)
F_px: -1.7815119446618432e-17j, F_py: 1.303192624878044e-17j
Free_energy = -9690.582486043619
------------------------------------------
[{'stable': {'F_dwave': np.complex128(0.09579740341418584+0j)}, 'free': np.float64(-9690.582486043619)}]
------------------------------------------
  Seed: d-wave+px
F_onsite: (-1.0645487789015032e-16-2.4338985799561116e-18j)
F_swave: (-2.0816681711721685e-17+7.4570328384636e-19j), F_dwave: (0.09579740336946732+5.770592154466366e-17j)
F_px: (2.4634512763022087e-08-3.0447710393127994e-17j), F_py: (-9.71445146547012e-17+1.3795244908339506e-17j)
Free_energy = -9690.582485391962
------------------------------------------
[{'stable': {'F_dwave': np.complex128(0.09579740341418584+0j)}, 'free': np.float64(-9690.582486043619)}]
------------------------------------------
  Seed: d-wave+py
F_onsite: (2.599462604217294e-16+3.1239564663062687e-20j)
F_swave: (-2.393918396847994e-16-1.1246735526771465e-18j), F_dwave: (0.09579740336946738-1.216579608225122e-17j)
F_px: (5.551115123125783e-17+7.969395586390406e-18j), F_py: (2.4634512728327618e-08+1.3458724949969908e-17j)
Free_energy = -9690.582485391964
------------------------------------------
[{'stable': {'F_dwave': np.complex128(0.09579740341418584+0j)}, 'free': np.float64(-9690.582486043619)}]
------------------------------------------
====================================
mu=0.33, T=0.0376
====================================
  Seed: normal state
F_onsite: 0j
F_swave: 0j, F_dwave: 0j
F_px: 0j, F_py: 0j
Free_energy = -9294.627086408522
------------------------------------------
[{'stable': {}, 'free': np.float64(-9294.627086408522)}]
------------------------------------------
  Seed: d-wave
F_onsite: (-2.4350450228107423e-17+0j)
F_swave: (1.3183898417423734e-16+0j), F_dwave: (0.0957636362903033+0j)
F_px: -2.306978852423751e-17j, F_py: 1.5948885934247178e-17j
Free_energy = -9690.476645646046
------------------------------------------
[{'stable': {'F_dwave': np.complex128(0.0957636362903033+0j)}, 'free': np.float64(-9690.476645646046)}]
------------------------------------------
  Seed: d-wave+px
F_onsite: (-3.2804513973999733e-16-4.958395520523043e-19j)
F_swave: (-6.591949208711867e-17+3.496414164264203e-18j), F_dwave: (0.09576363628952866+5.1027696446804805e-17j)
F_px: (1.3077306883213513e-08-1.7422717760631852e-17j), F_py: (-1.5959455978986625e-16+1.370131722109622e-17j)
Free_energy = -9690.476645634753
------------------------------------------
[{'stable': {'F_dwave': np.complex128(0.0957636362903033+0j)}, 'free': np.float64(-9690.476645646046)}]
------------------------------------------
  Seed: d-wave+py
F_onsite: (-6.924719798593404e-17+1.146844867109483e-18j)
F_swave: (-1.4224732503009818e-16-1.2690653251663842e-18j), F_dwave: (0.09576363628952896-1.1601027765682677e-17j)
F_px: -1.5225976700744657e-18j, F_py: (1.307730696648024e-08+1.5122302846993206e-17j)
Free_energy = -9690.476645634753
------------------------------------------
[{'stable': {'F_dwave': np.complex128(0.0957636362903033+0j)}, 'free': np.float64(-9690.476645646046)}]
------------------------------------------
====================================
mu=0.33, T=0.0437
====================================
  Seed: normal state
F_onsite: 0j
F_swave: 0j, F_dwave: 0j
F_px: 0j, F_py: 0j
Free_energy = -9296.428129619571
------------------------------------------
[{'stable': {}, 'free': np.float64(-9296.428129619571)}]
------------------------------------------
  Seed: d-wave
F_onsite: (1.5712731163319209e-16+0j)
F_swave: (-4.163336342344337e-17+0j), F_dwave: (0.09571255198914128+0j)
F_px: -2.5095770565700365e-17j, F_py: 1.4195595562241005e-17j
Free_energy = -9690.313751017658
------------------------------------------
[{'stable': {'F_dwave': np.complex128(0.09571255198914128+0j)}, 'free': np.float64(-9690.313751017658)}]
------------------------------------------
  Seed: d-wave+px
F_onsite: (4.48529204426827e-17-6.16813171221806e-19j)
F_swave: (4.163336342344337e-17+4.92487659860848e-18j), F_dwave: (0.09571255198913549+5.967523013363805e-17j)
F_px: (5.8649951770184394e-09-2.0198137063650024e-17j), F_py: (-8.326672684688674e-17+1.394178147424383e-17j)
Free_energy = -9690.313751017582
------------------------------------------
[{'stable': {'F_dwave': np.complex128(0.09571255198914128+0j)}, 'free': np.float64(-9690.313751017658)}]
------------------------------------------
  Seed: d-wave+py
F_onsite: (1.217627401910798e-16+1.1797227725895074e-18j)
F_swave: (4.163336342344337e-17+1.0856818197318847e-19j), F_dwave: (0.0957125519891353-1.8676685850913044e-17j)
F_px: (-4.163336342344337e-17-1.4536145181208784e-17j), F_py: (5.8649951700795455e-09+1.5102763111296682e-17j)
Free_energy = -9690.313751017582
------------------------------------------
[{'stable': {'F_dwave': np.complex128(0.09571255198914128+0j)}, 'free': np.float64(-9690.313751017658)}]
------------------------------------------
====================================
mu=0.33, T=0.0498
====================================
  Seed: normal state
F_onsite: 0j
F_swave: 0j, F_dwave: 0j
F_px: 0j, F_py: 0j
Free_energy = -9298.519831784988
------------------------------------------
[{'stable': {}, 'free': np.float64(-9298.519831784988)}]
------------------------------------------
  Seed: d-wave
F_onsite: (-8.885261542324227e-17+0j)
F_swave: (1.1796119636642288e-16+0j), F_dwave: (0.0956404077813704+0j)
F_px: -2.3220737907003966e-17j, F_py: 1.424788776470128e-17j
Free_energy = -9690.081575619415
------------------------------------------
[{'stable': {'F_dwave': np.complex128(0.0956404077813704+0j)}, 'free': np.float64(-9690.081575619415)}]
------------------------------------------
  Seed: d-wave+px
F_onsite: (-5.06094374100497e-17-4.018364694437798e-19j)
F_swave: (-8.326672684688674e-17+6.774910853900725e-19j), F_dwave: (0.09564040778137056+6.1299872000106e-17j)
F_px: (2.5158540598035906e-09-2.031141878795335e-17j), F_py: (-1.3877787807814457e-17+1.480655727904259e-17j)
Free_energy = -9690.081575619422
------------------------------------------
[{'stable': {'F_dwave': np.complex128(0.0956404077813704+0j)}, 'free': np.float64(-9690.081575619415)}]
------------------------------------------
  Seed: d-wave+py
F_onsite: (-5.12851322746932e-17-9.751840083516975e-20j)
F_swave: (-6.938893903907228e-17+4.750780809879104e-18j), F_dwave: (0.09564040778137062-8.526442923756763e-18j)
F_px: (-1.3877787807814457e-17-2.776330160771083e-17j), F_py: (2.5158544414427553e-09+1.262534193665867e-17j)
Free_energy = -9690.081575619417
------------------------------------------
[{'stable': {'F_dwave': np.complex128(0.0956404077813704+0j)}, 'free': np.float64(-9690.081575619415)}]
------------------------------------------
====================================
mu=0.33, T=0.0559
====================================
  Seed: normal state
F_onsite: 0j
F_swave: 0j, F_dwave: 0j
F_px: 0j, F_py: 0j
Free_energy = -9300.902139135756
------------------------------------------
[{'stable': {}, 'free': np.float64(-9300.902139135756)}]
------------------------------------------
  Seed: d-wave
F_onsite: (-1.092681766380908e-17+0j)
F_swave: (2.7755575615628914e-17+0j), F_dwave: (0.09554164672250369+0j)
F_px: -1.4813948638890733e-17j, F_py: 1.5259953671831363e-17j
Free_energy = -9689.751877834078
------------------------------------------
[{'stable': {'F_dwave': np.complex128(0.09554164672250369+0j)}, 'free': np.float64(-9689.751877834078)}]
------------------------------------------
  Seed: d-wave+px
F_onsite: (4.214235609076482e-17-1.4185262697325672e-18j)
F_swave: (-1.3530843112619095e-16-3.47153189466616e-18j), F_dwave: (0.09554164672250395+5.737147856773321e-17j)
F_px: (1.030799320900222e-09-2.93686374294764e-17j), F_py: (-3.469446951953614e-17+1.3344693415306512e-17j)
Free_energy = -9689.751877834078
------------------------------------------
[{'stable': {'F_dwave': np.complex128(0.09554164672250369+0j)}, 'free': np.float64(-9689.751877834078)}]
------------------------------------------
  Seed: d-wave+py
F_onsite: (2.006547229854442e-17+6.8068180430526235e-19j)
F_swave: (2.42861286636753e-16-4.1572403611927415e-18j), F_dwave: (0.09554164672250395-1.4114892099367575e-17j)
F_px: (-3.469446951953614e-17-4.62202328808121e-18j), F_py: (1.030800264589793e-09+1.2708112821244778e-17j)
Free_energy = -9689.751877834076
------------------------------------------
[{'stable': {'F_dwave': np.complex128(0.09554164672250369+0j)}, 'free': np.float64(-9689.751877834078)}]
------------------------------------------
====================================
mu=0.33, T=0.0620
====================================
  Seed: normal state
F_onsite: 0j
F_swave: 0j, F_dwave: 0j
F_px: 0j, F_py: 0j
Free_energy = -9303.576064620993
------------------------------------------
[{'stable': {}, 'free': np.float64(-9303.576064620993)}]
------------------------------------------
  Seed: d-wave
F_onsite: (-1.0150454134510885e-16+0j)
F_swave: (-6.938893903907228e-18+0j), F_dwave: (0.09540929489118692+0j)
F_px: -2.3739813694188598e-17j, F_py: 1.28338571486547e-17j
Free_energy = -9689.286951719332
------------------------------------------
[{'stable': {'F_dwave': np.complex128(0.09540929489118692+0j)}, 'free': np.float64(-9689.286951719332)}]
------------------------------------------
  Seed: d-wave+px
F_onsite: (-3.391626426330166e-17+1.6019004531003253e-18j)
F_swave: (-1.1102230246251565e-16-8.024948812662157e-18j), F_dwave: (0.09540929489118712+3.4291220004892307e-17j)
F_px: (3.4476219101797767e-10+7.227917306403576e-18j), F_py: (-1.3877787807814457e-17+1.3755396802635611e-17j)
Free_energy = -9689.286951719332
------------------------------------------
[{'stable': {'F_dwave': np.complex128(0.09540929489118692+0j)}, 'free': np.float64(-9689.286951719332)}]
------------------------------------------
  Seed: d-wave+py
F_onsite: (4.742814603611657e-18-9.596831831831043e-19j)
F_swave: (2.2898349882893854e-16-3.6407626386482765e-18j), F_dwave: (0.09540929489118735-2.2977240662172935e-17j)
F_px: (-2.7755575615628914e-17-9.59587954639507e-18j), F_py: (3.447628016406412e-10+1.506667585299596e-17j)
Free_energy = -9689.286951719332
------------------------------------------
[{'stable': {'F_dwave': np.complex128(0.09540929489118692+0j)}, 'free': np.float64(-9689.286951719332)}]
------------------------------------------
====================================
mu=0.33, T=0.0681
====================================
  Seed: normal state
F_onsite: 0j
F_swave: 0j, F_dwave: 0j
F_px: 0j, F_py: 0j
Free_energy = -9306.543037677533
------------------------------------------
[{'stable': {}, 'free': np.float64(-9306.543037677533)}]
------------------------------------------
  Seed: d-wave
F_onsite: (6.621092436053335e-17+0j)
F_swave: (-6.938893903907228e-18+0j), F_dwave: (0.09523709452559431+0j)
F_px: -6.7591806440239576e-18j, F_py: 1.339332135793195e-17j
Free_energy = -9688.668578560997
------------------------------------------
[{'stable': {'F_dwave': np.complex128(0.09523709452559431+0j)}, 'free': np.float64(-9688.668578560997)}]
------------------------------------------
  Seed: d-wave+px
F_onsite: (8.605785640064581e-17+2.207359992629251e-19j)
F_swave: (1.3877787807814457e-17+3.744642405165449e-18j), F_dwave: (0.09523709452559394+3.013927294696609e-17j)
F_px: (1.0917729914572405e-10-1.5224815344585043e-17j), F_py: 1.428781307406624e-17j
Free_energy = -9688.668578560993
------------------------------------------
[{'stable': {'F_dwave': np.complex128(0.09523709452559431+0j)}, 'free': np.float64(-9688.668578560997)}]
------------------------------------------
  Seed: d-wave+py
F_onsite: (8.529212481661163e-17+6.393412102198812e-19j)
F_swave: (-1.2836953722228372e-16-2.4173777412787055e-18j), F_dwave: (0.09523709452559405-3.019368550804529e-17j)
F_px: (2.7755575615628914e-17-1.1894145715967372e-17j), F_py: (1.0917745180138994e-10+1.51170781905659e-17j)
Free_energy = -9688.668578560995
------------------------------------------
[{'stable': {'F_dwave': np.complex128(0.09523709452559431+0j)}, 'free': np.float64(-9688.668578560997)}]
------------------------------------------
====================================
mu=0.33, T=0.0742
====================================
  Seed: normal state
F_onsite: 0j
F_swave: 0j, F_dwave: 0j
F_px: 0j, F_py: 0j
Free_energy = -9309.804409891956
------------------------------------------
[{'stable': {}, 'free': np.float64(-9309.804409891956)}]
------------------------------------------
  Seed: d-wave
F_onsite: (6.82766978343277e-17+0j)
F_swave: (1.6653345369377348e-16+0j), F_dwave: (0.09501623935087145+0j)
F_px: -2.2863657880943934e-17j, F_py: 1.6033875149651752e-17j
Free_energy = -9687.848875506676
------------------------------------------
[{'stable': {'F_dwave': np.complex128(0.09501623935087145+0j)}, 'free': np.float64(-9687.848875506676)}]
------------------------------------------
  Seed: d-wave+px
F_onsite: (2.2196216352386185e-17+6.130283068147595e-20j)
F_swave: (6.591949208711867e-17-3.734062622508505e-18j), F_dwave: (0.09501623935087213+1.1449748632560763e-17j)
F_px: (2.7562320481511193e-11-2.717114940622586e-17j), F_py: (-2.0816681711721685e-17+1.4491040020794065e-17j)
Free_energy = -9687.848875506672
------------------------------------------
[{'stable': {'F_dwave': np.complex128(0.09501623935087145+0j)}, 'free': np.float64(-9687.848875506676)}]
------------------------------------------
  Seed: d-wave+py
F_onsite: (2.2148105039941324e-17+9.403090955303359e-19j)
F_swave: (-1.0408340855860843e-16-4.232792524906261e-18j), F_dwave: (0.09501623935087211-3.50178855585158e-17j)
F_px: (1.3877787807814457e-17-1.5446016402900866e-17j), F_py: (2.7561966597922094e-11+1.233366573731968e-17j)
Free_energy = -9687.848875506672
------------------------------------------
[{'stable': {'F_dwave': np.complex128(0.09501623935087145+0j)}, 'free': np.float64(-9687.848875506676)}]
------------------------------------------
====================================
mu=0.33, T=0.0803
====================================
  Seed: normal state
F_onsite: 0j
F_swave: 0j, F_dwave: 0j
F_px: 0j, F_py: 0j
Free_energy = -9313.361152117865
------------------------------------------
[{'stable': {}, 'free': np.float64(-9313.361152117865)}]
------------------------------------------
  Seed: d-wave
F_onsite: (-1.4288160712380384e-16+0j)
F_swave: (-1.3877787807814457e-16+0j), F_dwave: (0.09473945998362056+0j)
F_px: -1.3775544975380452e-17j, F_py: 1.7235257665885542e-17j
Free_energy = -9686.805918600137
------------------------------------------
[{'stable': {'F_dwave': np.complex128(0.09473945998362056+0j)}, 'free': np.float64(-9686.805918600137)}]
------------------------------------------
  Seed: d-wave+px
F_onsite: (-1.3423850078047819e-16+9.546369602566406e-19j)
F_swave: (-5.551115123125783e-17+1.4869079712883505e-18j), F_dwave: (0.09473945998362064-8.237134643359963e-18j)
F_px: (6.538117269805355e-12-2.0283477892749352e-17j), F_py: 1.406073647206193e-17j
Free_energy = -9686.805918600136
------------------------------------------
[{'stable': {'F_dwave': np.complex128(0.09473945998362056+0j)}, 'free': np.float64(-9686.805918600137)}]
------------------------------------------
  Seed: d-wave+py
F_onsite: (-1.0781862340459178e-16+5.576857323682409e-19j)
F_swave: (3.469446951953614e-18+3.68793745629736e-18j), F_dwave: (0.09473945998362052-4.00594719826877e-17j)
F_px: (-2.0816681711721685e-17-1.8426821903174864e-17j), F_py: (6.538068697548027e-12+1.5304835853129155e-17j)
Free_energy = -9686.805918600137
------------------------------------------
[{'stable': {'F_dwave': np.complex128(0.09473945998362056+0j)}, 'free': np.float64(-9686.805918600137)}]
------------------------------------------
====================================
mu=0.33, T=0.0864
====================================
  Seed: normal state
F_onsite: 0j
F_swave: 0j, F_dwave: 0j
F_px: 0j, F_py: 0j
Free_energy = -9317.213706439345
------------------------------------------
[{'stable': {}, 'free': np.float64(-9317.213706439345)}]
------------------------------------------
  Seed: d-wave
F_onsite: (3.482079654268524e-17+0j)
F_swave: (6.245004513516506e-17+0j), F_dwave: (0.09439825167595478+0j)
F_px: -7.500884547978818e-18j, F_py: 1.5621449797490512e-17j
Free_energy = -9685.502660378832
------------------------------------------
[{'stable': {'F_dwave': np.complex128(0.09439825167595478+0j)}, 'free': np.float64(-9685.502660378832)}]
------------------------------------------
  Seed: d-wave+px
F_onsite: (1.1433165850389825e-18-8.08815905854848e-19j)
F_swave: (-1.5612511283791264e-16+6.173829377105847e-18j), F_dwave: (0.09439825167595513-8.345840858305304e-19j)
F_px: (1.4572856810168844e-12-6.293388552482138e-18j), F_py: (-6.938893903907228e-18+1.2676183548567305e-17j)
Free_energy = -9685.502660378832
------------------------------------------
[{'stable': {'F_dwave': np.complex128(0.09439825167595478+0j)}, 'free': np.float64(-9685.502660378832)}]
------------------------------------------
  Seed: d-wave+py
F_onsite: (3.181660438519522e-17+7.445463698867342e-20j)
F_swave: (-2.185751579730777e-16+2.2016496820114642e-18j), F_dwave: (0.0943982516759552-4.227172289718346e-17j)
F_px: (-3.469446951953614e-17+1.3539251487852261e-17j), F_py: (1.4577436480145423e-12+1.3772361324227358e-17j)
Free_energy = -9685.502660378832
------------------------------------------
[{'stable': {'F_dwave': np.complex128(0.09439825167595478+0j)}, 'free': np.float64(-9685.502660378832)}]
------------------------------------------
====================================
mu=0.33, T=0.0925
====================================
  Seed: normal state
F_onsite: 0j
F_swave: 0j, F_dwave: 0j
F_px: 0j, F_py: 0j
Free_energy = -9321.361943756845
------------------------------------------
[{'stable': {}, 'free': np.float64(-9321.361943756845)}]
------------------------------------------
  Seed: d-wave
F_onsite: (-1.1553668366891566e-16+0j)
F_swave: (-1.8041124150158794e-16+0j), F_dwave: (0.09398404728068542+0j)
F_px: -1.9713971373030307e-17j, F_py: 1.4697148254856408e-17j
Free_energy = -9683.90282319357
------------------------------------------
[{'stable': {'F_dwave': np.complex128(0.09398404728068542+0j)}, 'free': np.float64(-9683.90282319357)}]
------------------------------------------
  Seed: d-wave+px
F_onsite: (-3.14696369500944e-17+4.2616382032345844e-19j)
F_swave: (-1.1796119636642288e-16+2.196878125110755e-18j), F_dwave: (0.09398404728068499-5.164639259661359e-18j)
F_px: (2.51687559682523e-13+1.0054344357986815e-18j), F_py: (-1.3877787807814457e-17+1.3386508821960196e-17j)
Free_energy = -9683.902823193568
------------------------------------------
[{'stable': {'F_dwave': np.complex128(0.09398404728068542+0j)}, 'free': np.float64(-9683.90282319357)}]
------------------------------------------
  Seed: d-wave+py
F_onsite: (-9.87162843252553e-18+5.919167718394811e-19j)
F_swave: (-1.8735013540549517e-16+5.708748916357783e-18j), F_dwave: (0.09398404728068512-2.3075095301457345e-17j)
F_px: (-2.0816681711721685e-17-9.925478508898533e-18j), F_py: (2.5138224835075107e-13+1.3372917094049644e-17j)
Free_energy = -9683.902823193566
------------------------------------------
[{'stable': {'F_dwave': np.complex128(0.09398404728068542+0j)}, 'free': np.float64(-9683.90282319357)}]
------------------------------------------
====================================
mu=0.33, T=0.0986
====================================
  Seed: normal state
F_onsite: 0j
F_swave: 0j, F_dwave: 0j
F_px: 0j, F_py: 0j
Free_energy = -9325.805185399844
------------------------------------------
[{'stable': {}, 'free': np.float64(-9325.805185399844)}]
------------------------------------------
  Seed: d-wave
F_onsite: (-2.0844189106683769e-16+0j)
F_swave: (1.0408340855860843e-16+0j), F_dwave: (0.09349006722972467+0j)
F_px: -8.06657268938852e-18j, F_py: 1.4452994316532806e-17j
Free_energy = -9681.99492914712
------------------------------------------
[{'stable': {'F_dwave': np.complex128(0.09349006722972467+0j)}, 'free': np.float64(-9681.99492914712)}]
------------------------------------------
  Seed: d-wave+px
F_onsite: (-1.9992339808784942e-16-9.27701345220196e-20j)
F_swave: (7.28583859910259e-17-1.5569936961636007e-18j), F_dwave: (0.09349006722972499-5.1680743339501385e-18j)
F_px: (4.018313459752676e-14-5.0830258169101034e-18j), F_py: (-6.938893903907228e-18+1.3115391028064835e-17j)
Free_energy = -9681.99492914713
------------------------------------------
[{'stable': {'F_dwave': np.complex128(0.09349006722972467+0j)}, 'free': np.float64(-9681.99492914712)}]
------------------------------------------
  Seed: d-wave+py
F_onsite: (-1.6292208487377243e-16+1.021832349617372e-18j)
F_swave: (5.204170427930421e-17-6.005276978172431e-18j), F_dwave: (0.09349006722972486-2.1701236605537156e-17j)
F_px: (6.938893903907228e-18+8.010284577474387e-19j), F_py: (4.0044356719448615e-14+1.3381099338232058e-17j)
Free_energy = -9681.994929147128
------------------------------------------
[{'stable': {'F_dwave': np.complex128(0.09349006722972467+0j)}, 'free': np.float64(-9681.99492914712)}]
------------------------------------------
====================================
mu=0.33, T=0.1047
====================================
  Seed: normal state
F_onsite: 0j
F_swave: 0j, F_dwave: 0j
F_px: 0j, F_py: 0j
Free_energy = -9330.542258945634
------------------------------------------
[{'stable': {}, 'free': np.float64(-9330.542258945634)}]
------------------------------------------
  Seed: d-wave
F_onsite: (-2.1358474425032078e-16+0j)
F_swave: (-6.245004513516506e-17+0j), F_dwave: (0.09290781223069372+0j)
F_px: -1.1159272786729345e-17j, F_py: 1.4325416596297528e-17j
Free_energy = -9679.745688358422
------------------------------------------
[{'stable': {'F_dwave': np.complex128(0.09290781223069372+0j)}, 'free': np.float64(-9679.745688358422)}]
------------------------------------------
  Seed: d-wave+px
F_onsite: (-2.2025906928107657e-16+7.680293278377984e-19j)
F_swave: (-2.3592239273284576e-16+3.079981895636184e-20j), F_dwave: (0.09290781223069351-9.863656277769934e-18j)
F_px: (4.0870085094013575e-15-1.0375573681468936e-17j), F_py: (-2.7755575615628914e-17+1.5508371381409213e-17j)
Free_energy = -9679.745688358422
------------------------------------------
[{'stable': {'F_dwave': np.complex128(0.09290781223069372+0j)}, 'free': np.float64(-9679.745688358422)}]
------------------------------------------
  Seed: d-wave+py
F_onsite: (-2.0363177328075826e-16-6.015737785340075e-19j)
F_swave: (-1.0408340855860843e-17-5.565986202909425e-19j), F_dwave: (0.09290781223069353-3.017343157715662e-17j)
F_px: (-6.938893903907228e-18-1.9283405148403616e-17j), F_py: (4.128641872824801e-15+1.377732889460048e-17j)
Free_energy = -9679.745688358422
------------------------------------------
[{'stable': {'F_dwave': np.complex128(0.09290781223069372+0j)}, 'free': np.float64(-9679.745688358422)}]
------------------------------------------
====================================
mu=0.33, T=0.1108
====================================
  Seed: normal state
F_onsite: 0j
F_swave: 0j, F_dwave: 0j
F_px: 0j, F_py: 0j
Free_energy = -9335.571568791229
------------------------------------------
[{'stable': {}, 'free': np.float64(-9335.571568791229)}]
------------------------------------------
  Seed: d-wave
F_onsite: (5.5117223119733445e-17+0j)
F_swave: (5.759281940243e-16+0j), F_dwave: (0.09223081395159774+0j)
F_px: -1.2396713635494852e-17j, F_py: 1.2379502997505865e-17j
Free_energy = -9677.1497069215
------------------------------------------
[{'stable': {'F_dwave': np.complex128(0.09223081395159774+0j)}, 'free': np.float64(-9677.1497069215)}]
------------------------------------------
  Seed: d-wave+px
F_onsite: (4.5734588719663324e-17-5.907233168115716e-19j)
F_swave: (5.447031714567174e-16+2.5603629483175823e-18j), F_dwave: (0.09223081395159771-5.958775454308965e-19j)
F_px: (4.163336342344337e-16-1.0978172524972783e-17j), F_py: (-6.938893903907228e-18+1.2682034773038235e-17j)
Free_energy = -9677.1497069215
------------------------------------------
[{'stable': {'F_dwave': np.complex128(0.09223081395159774+0j)}, 'free': np.float64(-9677.1497069215)}]
------------------------------------------
  Seed: d-wave+py
F_onsite: (4.192513000703702e-17-1.2019602646851408e-19j)
F_swave: (5.447031714567174e-16-4.049359083937285e-18j), F_dwave: (0.09223081395159773-4.124465843230521e-17j)
F_px: (2.0816681711721685e-17-1.9360006914490538e-18j), F_py: (4.649058915617843e-16+1.43488818717141e-17j)
Free_energy = -9677.1497069215
------------------------------------------
[{'stable': {'F_dwave': np.complex128(0.09223081395159774+0j)}, 'free': np.float64(-9677.1497069215)}]
------------------------------------------
====================================
mu=0.33, T=0.1169
====================================
  Seed: normal state
F_onsite: 0j
F_swave: 0j, F_dwave: 0j
F_px: 0j, F_py: 0j
Free_energy = -9340.891169694922
------------------------------------------
[{'stable': {}, 'free': np.float64(-9340.891169694922)}]
------------------------------------------
  Seed: d-wave
F_onsite: (-7.215916029306747e-17+0j)
F_swave: 0j, F_dwave: (0.09145089616414515+0j)
F_px: -2.885383654980537e-17j, F_py: 1.698587098300693e-17j
Free_energy = -9674.182520275415
------------------------------------------
[{'stable': {'F_dwave': np.complex128(0.09145089616414515+0j)}, 'free': np.float64(-9674.182520275415)}]
------------------------------------------
  Seed: d-wave+px
F_onsite: (-6.867489026453691e-17+1.1587214508411467e-19j)
F_swave: (1.0408340855860843e-17-2.106734101197271e-18j), F_dwave: (0.09145089616414513-1.3222053818897998e-17j)
F_px: (6.938893903907228e-18-1.5870017985153003e-17j), F_py: (2.0816681711721685e-17+1.5577591854232338e-17j)
Free_energy = -9674.182520275415
------------------------------------------
[{'stable': {'F_dwave': np.complex128(0.09145089616414515+0j)}, 'free': np.float64(-9674.182520275415)}]
------------------------------------------
  Seed: d-wave+py
F_onsite: (-6.172182179365297e-17+7.510337057109335e-19j)
F_swave: (6.938893903907228e-18-1.1384459887197412e-18j), F_dwave: (0.09145089616414515-3.7013374207082346e-17j)
F_px: (-2.0816681711721685e-17-1.796658748418807e-17j), F_py: (1.3877787807814457e-17+1.4748725447590927e-17j)
Free_energy = -9674.182520275415
------------------------------------------
[{'stable': {'F_dwave': np.complex128(0.09145089616414515+0j)}, 'free': np.float64(-9674.182520275415)}]
------------------------------------------
====================================
mu=0.33, T=0.1230
====================================
  Seed: normal state
F_onsite: 0j
F_swave: 0j, F_dwave: 0j
F_px: 0j, F_py: 0j
Free_energy = -9346.498836696795
------------------------------------------
[{'stable': {}, 'free': np.float64(-9346.498836696795)}]
------------------------------------------
  Seed: d-wave
F_onsite: (9.011126191868391e-18+0j)
F_swave: (2.0816681711721685e-16+0j), F_dwave: (0.09056166327527138+0j)
F_px: -4.166531051762133e-17j, F_py: 1.7907789693736326e-17j
Free_energy = -9670.844968473979
------------------------------------------
[{'stable': {'F_dwave': np.complex128(0.09056166327527138+0j)}, 'free': np.float64(-9670.844968473979)}]
------------------------------------------
  Seed: d-wave+px
F_onsite: (1.0567428046083491e-17+4.8096485193472825e-19j)
F_swave: (2.0122792321330962e-16+1.544118690277273e-18j), F_dwave: (0.09056166327527138-9.176166204752107e-18j)
F_px: -3.3236434988401717e-17j, F_py: 1.663297926500402e-17j
Free_energy = -9670.844968473979
------------------------------------------
[{'stable': {'F_dwave': np.complex128(0.09056166327527138+0j)}, 'free': np.float64(-9670.844968473979)}]
------------------------------------------
  Seed: d-wave+py
F_onsite: (1.7512561420029198e-17-9.199638178786695e-19j)
F_swave: (1.8735013540549517e-16-3.657614473234063e-18j), F_dwave: (0.09056166327527135-3.6644232864611675e-17j)
F_px: (-4.163336342344337e-17-3.773082947608347e-17j), F_py: (1.3877787807814457e-17+1.5573922109536642e-17j)
Free_energy = -9670.844968473979
------------------------------------------
[{'stable': {'F_dwave': np.complex128(0.09056166327527138+0j)}, 'free': np.float64(-9670.844968473979)}]
------------------------------------------
====================================
mu=0.33, T=0.1291
====================================
  Seed: normal state
F_onsite: 0j
F_swave: 0j, F_dwave: 0j
F_px: 0j, F_py: 0j
Free_energy = -9352.392128139585
------------------------------------------
[{'stable': {}, 'free': np.float64(-9352.392128139585)}]
------------------------------------------
  Seed: d-wave
F_onsite: (-5.1049034604681376e-17+0j)
F_swave: (-4.163336342344337e-17+0j), F_dwave: (0.08955473172731448+0j)
F_px: -2.374514923434317e-17j, F_py: 1.5592968314639086e-17j
Free_energy = -9667.119084316928
------------------------------------------
[{'stable': {'F_dwave': np.complex128(0.08955473172731448+0j)}, 'free': np.float64(-9667.119084316928)}]
------------------------------------------
  Seed: d-wave+px
F_onsite: (-5.6278113095217e-17+2.1619248231129956e-19j)
F_swave: (-4.85722573273506e-17+8.34813835245667e-19j), F_dwave: (0.08955473172731446-4.1911885061857325e-18j)
F_px: (-1.3877787807814457e-17-2.278866292125524e-17j), F_py: (-1.3877787807814457e-17+1.3375623001545765e-17j)
Free_energy = -9667.119084316928
------------------------------------------
[{'stable': {'F_dwave': np.complex128(0.08955473172731448+0j)}, 'free': np.float64(-9667.119084316928)}]
------------------------------------------
  Seed: d-wave+py
F_onsite: (-4.3283661537380565e-17+7.401052670445394e-19j)
F_swave: (-4.85722573273506e-17+1.623662277827528e-18j), F_dwave: (0.08955473172731448-3.0607459241622635e-17j)
F_px: (-4.85722573273506e-17-2.4683284959131916e-17j), F_py: 1.4217313189223585e-17j
Free_energy = -9667.119084316928
------------------------------------------
[{'stable': {'F_dwave': np.complex128(0.08955473172731448+0j)}, 'free': np.float64(-9667.119084316928)}]
------------------------------------------
====================================
mu=0.33, T=0.1352
====================================
  Seed: normal state
F_onsite: 0j
F_swave: 0j, F_dwave: 0j
F_px: 0j, F_py: 0j
Free_energy = -9358.568440521834
------------------------------------------
[{'stable': {}, 'free': np.float64(-9358.568440521834)}]
------------------------------------------
  Seed: d-wave
F_onsite: (1.918945191673525e-17+0j)
F_swave: (1.734723475976807e-16+0j), F_dwave: (0.08842335497763516+0j)
F_px: -2.1008669370750752e-17j, F_py: 1.3749325138287625e-17j
Free_energy = -9663.011610150843
------------------------------------------
[{'stable': {'F_dwave': np.complex128(0.08842335497763516+0j)}, 'free': np.float64(-9663.011610150843)}]
------------------------------------------
  Seed: d-wave+px
F_onsite: (1.745733571404921e-17-4.350658592277047e-19j)
F_swave: (1.6653345369377348e-16+8.508454950980773e-19j), F_dwave: (0.08842335497763515-5.599853514716081e-18j)
F_px: -1.6058113345809702e-17j, F_py: 1.304909855178801e-17j
Free_energy = -9663.011610150843
------------------------------------------
[{'stable': {'F_dwave': np.complex128(0.08842335497763516+0j)}, 'free': np.float64(-9663.011610150843)}]
------------------------------------------
  Seed: d-wave+py
F_onsite: (2.438597257836078e-17-7.042268996625532e-20j)
F_swave: (1.6306400674181987e-16+2.502396958258183e-18j), F_dwave: (0.08842335497763515-1.588276111607969e-17j)
F_px: -2.2384714098234766e-17j, F_py: (-6.938893903907228e-18+1.3455444410259785e-17j)
Free_energy = -9663.011610150843
------------------------------------------
[{'stable': {'F_dwave': np.complex128(0.08842335497763516+0j)}, 'free': np.float64(-9663.011610150843)}]
------------------------------------------
====================================
mu=0.33, T=0.1413
====================================
  Seed: normal state
F_onsite: 0j
F_swave: 0j, F_dwave: 0j
F_px: 0j, F_py: 0j
Free_energy = -9365.02505507613
------------------------------------------
[{'stable': {}, 'free': np.float64(-9365.02505507613)}]
------------------------------------------
  Seed: d-wave
F_onsite: (-4.4010183512267845e-17+0j)
F_swave: (-3.2612801348363973e-16+0j), F_dwave: (0.08715820871654603+0j)
F_px: -1.089264952270447e-17j, F_py: 1.5010924949699868e-17j
Free_energy = -9658.508472827767
------------------------------------------
[{'stable': {'F_dwave': np.complex128(0.08715820871654603+0j)}, 'free': np.float64(-9658.508472827767)}]
------------------------------------------
  Seed: d-wave+px
F_onsite: (-4.631154183933374e-17+2.2407091352487327e-19j)
F_swave: (-3.191891195797325e-16+1.3004502241663116e-18j), F_dwave: (0.08715820871654603+9.781791246521319e-19j)
F_px: -1.1446967857706292e-17j, F_py: 1.5069199205561953e-17j
Free_energy = -9658.508472827767
------------------------------------------
[{'stable': {'F_dwave': np.complex128(0.08715820871654603+0j)}, 'free': np.float64(-9658.508472827767)}]
------------------------------------------
  Seed: d-wave+py
F_onsite: (-4.3134126451680284e-17+1.4779694110529706e-19j)
F_swave: (-3.2612801348363973e-16+6.001775094506193e-19j), F_dwave: (0.08715820871654603-1.3112131648452204e-17j)
F_px: -1.5425782086410436e-17j, F_py: 1.3883605160604424e-17j
Free_energy = -9658.508472827767
------------------------------------------
[{'stable': {'F_dwave': np.complex128(0.08715820871654603+0j)}, 'free': np.float64(-9658.508472827767)}]
------------------------------------------
====================================
mu=0.33, T=0.1474
====================================
  Seed: normal state
F_onsite: 0j
F_swave: 0j, F_dwave: 0j
F_px: 0j, F_py: 0j
Free_energy = -9371.759176580905
------------------------------------------
[{'stable': {}, 'free': np.float64(-9371.759176580905)}]
------------------------------------------
  Seed: d-wave
F_onsite: (6.720319698846216e-17+0j)
F_swave: (-1.6653345369377348e-16+0j), F_dwave: (0.08575095224733528+0j)
F_px: -2.135440287662097e-17j, F_py: 1.6513572359935078e-17j
Free_energy = -9653.615603743323
------------------------------------------
[{'stable': {'F_dwave': np.complex128(0.08575095224733528+0j)}, 'free': np.float64(-9653.615603743323)}]
------------------------------------------
  Seed: d-wave+px
F_onsite: (6.720319698846216e-17+0j)
F_swave: (-1.6653345369377348e-16+0j), F_dwave: (0.08575095224733528+0j)
F_px: -2.135440287662097e-17j, F_py: 1.6513572359935078e-17j
Free_energy = -9653.615603743323
------------------------------------------
[{'stable': {'F_dwave': np.complex128(0.08575095224733528+0j)}, 'free': np.float64(-9653.615603743323)}]
------------------------------------------
  Seed: d-wave+py
F_onsite: (7.062720856372946e-17-2.135136912708568e-19j)
F_swave: (-1.4224732503009818e-16+2.4981201914958708e-18j), F_dwave: (0.08575095224733532-8.51083154405605e-18j)
F_px: -1.7553102643439656e-17j, F_py: (6.938893903907228e-18+1.312378290097032e-17j)
Free_energy = -9653.615603743323
------------------------------------------
[{'stable': {'F_dwave': np.complex128(0.08575095224733528+0j)}, 'free': np.float64(-9653.615603743323)}]
------------------------------------------
====================================
mu=0.33, T=0.1536
====================================
  Seed: normal state
F_onsite: 0j
F_swave: 0j, F_dwave: 0j
F_px: 0j, F_py: 0j
Free_energy = -9378.767965208863
------------------------------------------
[{'stable': {}, 'free': np.float64(-9378.767965208863)}]
------------------------------------------
  Seed: d-wave
F_onsite: (9.407481431429241e-17+0j)
F_swave: (-2.7755575615628914e-17+0j), F_dwave: (0.08419172371384648+0j)
F_px: -2.7037887246398305e-18j, F_py: 1.1534345427782327e-17j
Free_energy = -9648.334034192507
------------------------------------------
[{'stable': {'F_dwave': np.complex128(0.08419172371384648+0j)}, 'free': np.float64(-9648.334034192507)}]
------------------------------------------
  Seed: d-wave+px
F_onsite: (9.407481431429241e-17+0j)
F_swave: (-2.7755575615628914e-17+0j), F_dwave: (0.08419172371384648+0j)
F_px: -2.7037887246398305e-18j, F_py: 1.1534345427782327e-17j
Free_energy = -9648.334034192507
------------------------------------------
[{'stable': {'F_dwave': np.complex128(0.08419172371384648+0j)}, 'free': np.float64(-9648.334034192507)}]
------------------------------------------
  Seed: d-wave+py
F_onsite: (9.191225979061338e-17-3.539554538756749e-20j)
F_swave: (-2.42861286636753e-17+2.473327106995819e-18j), F_dwave: (0.08419172371384646-1.399241022529593e-17j)
F_px: (-2.7755575615628914e-17-1.9596006318693507e-17j), F_py: (-6.938893903907228e-18+1.4520182061787426e-17j)
Free_energy = -9648.334034192507
------------------------------------------
[{'stable': {'F_dwave': np.complex128(0.08419172371384648+0j)}, 'free': np.float64(-9648.334034192507)}]
------------------------------------------
====================================
mu=0.33, T=0.1597
====================================
  Seed: normal state
F_onsite: 0j
F_swave: 0j, F_dwave: 0j
F_px: 0j, F_py: 0j
Free_energy = -9386.048562312197
------------------------------------------
[{'stable': {}, 'free': np.float64(-9386.048562312197)}]
------------------------------------------
  Seed: d-wave
F_onsite: (-5.615719914199644e-17+0j)
F_swave: (1.3183898417423734e-16+0j), F_dwave: (0.0824694455622946+0j)
F_px: -1.8377947297942834e-17j, F_py: 1.3855113132863153e-17j
Free_energy = -9642.666268017361
------------------------------------------
[{'stable': {'F_dwave': np.complex128(0.0824694455622946+0j)}, 'free': np.float64(-9642.666268017361)}]
------------------------------------------
  Seed: d-wave+px
F_onsite: (-5.615719914199644e-17+0j)
F_swave: (1.3183898417423734e-16+0j), F_dwave: (0.0824694455622946+0j)
F_px: -1.8377947297942834e-17j, F_py: 1.3855113132863153e-17j
Free_energy = -9642.666268017361
------------------------------------------
[{'stable': {'F_dwave': np.complex128(0.0824694455622946+0j)}, 'free': np.float64(-9642.666268017361)}]
------------------------------------------
  Seed: d-wave+py
F_onsite: (-5.39087369486201e-17+4.090481705699124e-20j)
F_swave: (1.3183898417423734e-16+1.2021271085625954e-19j), F_dwave: (0.08246944556229457-1.2758879411572912e-17j)
F_px: (-1.3877787807814457e-17-1.50346218147561e-17j), F_py: (1.3877787807814457e-17+1.2411639123385655e-17j)
Free_energy = -9642.666268017361
------------------------------------------
[{'stable': {'F_dwave': np.complex128(0.0824694455622946+0j)}, 'free': np.float64(-9642.666268017361)}]
------------------------------------------
====================================
mu=0.33, T=0.1658
====================================
  Seed: normal state
F_onsite: 0j
F_swave: 0j, F_dwave: 0j
F_px: 0j, F_py: 0j
Free_energy = -9393.598111035144
------------------------------------------
[{'stable': {}, 'free': np.float64(-9393.598111035144)}]
------------------------------------------
  Seed: d-wave
F_onsite: (-1.709357617593504e-16+0j)
F_swave: (-4.163336342344337e-17+0j), F_dwave: (0.08057145352768773+0j)
F_px: -1.3606584370243637e-17j, F_py: 1.6595396932164945e-17j
Free_energy = -9636.616068571813
------------------------------------------
[{'stable': {'F_dwave': np.complex128(0.08057145352768773+0j)}, 'free': np.float64(-9636.616068571813)}]
------------------------------------------
  Seed: d-wave+px
F_onsite: (-1.709357617593504e-16+0j)
F_swave: (-4.163336342344337e-17+0j), F_dwave: (0.08057145352768773+0j)
F_px: -1.3606584370243637e-17j, F_py: 1.6595396932164945e-17j
Free_energy = -9636.616068571813
------------------------------------------
[{'stable': {'F_dwave': np.complex128(0.08057145352768773+0j)}, 'free': np.float64(-9636.616068571813)}]
------------------------------------------
  Seed: d-wave+py
F_onsite: (-1.7185534251018274e-16+4.130080942759538e-19j)
F_swave: (-3.469446951953614e-17+5.211599331939226e-19j), F_dwave: (0.08057145352768771-1.5355745322668066e-17j)
F_px: (-1.3877787807814457e-17-1.2067063346047261e-17j), F_py: 1.632578296684047e-17j
Free_energy = -9636.616068571813
------------------------------------------
[{'stable': {'F_dwave': np.complex128(0.08057145352768773+0j)}, 'free': np.float64(-9636.616068571813)}]
------------------------------------------
====================================
mu=0.33, T=0.1719
====================================
  Seed: normal state
F_onsite: 0j
F_swave: 0j, F_dwave: 0j
F_px: 0j, F_py: 0j
Free_energy = -9401.413772580867
------------------------------------------
[{'stable': {}, 'free': np.float64(-9401.413772580867)}]
------------------------------------------
  Seed: d-wave
F_onsite: (1.0948048650154925e-16+0j)
F_swave: (-3.0531133177191805e-16+0j), F_dwave: (0.07848302004590392+0j)
F_px: -1.6025703983260455e-17j, F_py: 2.0488873076622055e-17j
Free_energy = -9630.188307202226
------------------------------------------
[{'stable': {'F_dwave': np.complex128(0.07848302004590392+0j)}, 'free': np.float64(-9630.188307202226)}]
------------------------------------------
  Seed: d-wave+px
F_onsite: (1.0948048650154925e-16+0j)
F_swave: (-3.0531133177191805e-16+0j), F_dwave: (0.07848302004590392+0j)
F_px: -1.6025703983260455e-17j, F_py: 2.0488873076622055e-17j
Free_energy = -9630.188307202226
------------------------------------------
[{'stable': {'F_dwave': np.complex128(0.07848302004590392+0j)}, 'free': np.float64(-9630.188307202226)}]
------------------------------------------
  Seed: d-wave+py
F_onsite: (1.3017206831402946e-16-1.3431087827580078e-19j)
F_swave: (-2.8449465006019636e-16+1.3196232471955982e-18j), F_dwave: (0.07848302004590392-1.4378560469112222e-17j)
F_px: -1.1617719092038424e-17j, F_py: (2.7755575615628914e-17+1.8726997188149858e-17j)
Free_energy = -9630.188307202226
------------------------------------------
[{'stable': {'F_dwave': np.complex128(0.07848302004590392+0j)}, 'free': np.float64(-9630.188307202226)}]
------------------------------------------
====================================
mu=0.33, T=0.1780
====================================
  Seed: normal state
F_onsite: 0j
F_swave: 0j, F_dwave: 0j
F_px: 0j, F_py: 0j
Free_energy = -9409.492738865893
------------------------------------------
[{'stable': {}, 'free': np.float64(-9409.492738865893)}]
------------------------------------------
  Seed: d-wave
F_onsite: (-9.434382136014432e-18+0j)
F_swave: (-5.551115123125783e-17+0j), F_dwave: (0.07618598636923153+0j)
F_px: -2.6041558767725815e-17j, F_py: 1.4879669149939015e-17j
Free_energy = -9623.383456034971
------------------------------------------
[{'stable': {'F_dwave': np.complex128(0.07618598636923153+0j)}, 'free': np.float64(-9623.383456034971)}]
------------------------------------------
  Seed: d-wave+px
F_onsite: (-9.434382136014432e-18+0j)
F_swave: (-5.551115123125783e-17+0j), F_dwave: (0.07618598636923153+0j)
F_px: -2.6041558767725815e-17j, F_py: 1.4879669149939015e-17j
Free_energy = -9623.383456034971
------------------------------------------
[{'stable': {'F_dwave': np.complex128(0.07618598636923153+0j)}, 'free': np.float64(-9623.383456034971)}]
------------------------------------------
  Seed: d-wave+py
F_onsite: (-2.737035980604363e-17+2.1207839159285675e-19j)
F_swave: (-3.469446951953614e-17-7.993520439944805e-19j), F_dwave: (0.07618598636923152-1.5085655549828173e-17j)
F_px: -2.0031236513290285e-17j, F_py: (1.3877787807814457e-17+1.4927609029004543e-17j)
Free_energy = -9623.383456034973
------------------------------------------
[{'stable': {'F_dwave': np.complex128(0.07618598636923153+0j)}, 'free': np.float64(-9623.383456034971)}]
------------------------------------------
====================================
mu=0.33, T=0.1841
====================================
  Seed: normal state
F_onsite: 0j
F_swave: 0j, F_dwave: 0j
F_px: 0j, F_py: 0j
Free_energy = -9417.832242203594
------------------------------------------
[{'stable': {}, 'free': np.float64(-9417.832242203594)}]
------------------------------------------
  Seed: d-wave
F_onsite: (1.977843181373349e-16+0j)
F_swave: (-5.551115123125783e-17+0j), F_dwave: (0.0736606193062506+0j)
F_px: -9.565028875932833e-18j, F_py: 1.521858027020227e-17j
Free_energy = -9616.218013871936
------------------------------------------
[{'stable': {'F_dwave': np.complex128(0.0736606193062506+0j)}, 'free': np.float64(-9616.218013871936)}]
------------------------------------------
  Seed: d-wave+px
F_onsite: (1.977843181373349e-16+0j)
F_swave: (-5.551115123125783e-17+0j), F_dwave: (0.0736606193062506+0j)
F_px: -9.565028875932833e-18j, F_py: 1.521858027020227e-17j
Free_energy = -9616.218013871936
------------------------------------------
[{'stable': {'F_dwave': np.complex128(0.0736606193062506+0j)}, 'free': np.float64(-9616.218013871936)}]
------------------------------------------
  Seed: d-wave+py
F_onsite: (1.9156691101603112e-16-5.409959349802919e-19j)
F_swave: (-6.938893903907228e-17+2.4363616436990942e-18j), F_dwave: (0.07366061930625058-1.1459474828998315e-17j)
F_px: (6.938893903907228e-18-1.290108302794492e-17j), F_py: 1.6706904012492395e-17j
Free_energy = -9616.218013871936
------------------------------------------
[{'stable': {'F_dwave': np.complex128(0.0736606193062506+0j)}, 'free': np.float64(-9616.218013871936)}]
------------------------------------------
====================================
mu=0.33, T=0.1902
====================================
  Seed: normal state
F_onsite: 0j
F_swave: 0j, F_dwave: 0j
F_px: 0j, F_py: 0j
Free_energy = -9426.429562557654
------------------------------------------
[{'stable': {}, 'free': np.float64(-9426.429562557654)}]
------------------------------------------
  Seed: d-wave
F_onsite: (1.8518666016203937e-16+0j)
F_swave: (-3.469446951953614e-17+0j), F_dwave: (0.07087877321934956+0j)
F_px: -1.484001424447666e-17j, F_py: 1.1858652850158549e-17j
Free_energy = -9608.68384897397
------------------------------------------
[{'stable': {'F_dwave': np.complex128(0.07087877321934956+0j)}, 'free': np.float64(-9608.68384897397)}]
------------------------------------------
  Seed: d-wave+px
F_onsite: (1.8518666016203937e-16+0j)
F_swave: (-3.469446951953614e-17+0j), F_dwave: (0.07087877321934956+0j)
F_px: -1.484001424447666e-17j, F_py: 1.1858652850158549e-17j
Free_energy = -9608.68384897397
------------------------------------------
[{'stable': {'F_dwave': np.complex128(0.07087877321934956+0j)}, 'free': np.float64(-9608.68384897397)}]
------------------------------------------
  Seed: d-wave+py
F_onsite: (1.8253493666964132e-16-9.906006897366464e-21j)
F_swave: (-2.7755575615628914e-17+2.4194281214630314e-19j), F_dwave: (0.07087877321934954-1.4107586440197504e-17j)
F_px: -1.5023468432866573e-17j, F_py: 1.3146732291985157e-17j
Free_energy = -9608.68384897397
------------------------------------------
[{'stable': {'F_dwave': np.complex128(0.07087877321934956+0j)}, 'free': np.float64(-9608.68384897397)}]
------------------------------------------
====================================
mu=0.33, T=0.1963
====================================
  Seed: normal state
F_onsite: 0j
F_swave: 0j, F_dwave: 0j
F_px: 0j, F_py: 0j
Free_energy = -9435.28203282681
------------------------------------------
[{'stable': {}, 'free': np.float64(-9435.28203282681)}]
------------------------------------------
  Seed: d-wave
F_onsite: (1.4543584159369409e-16+0j)
F_swave: (-2.0816681711721685e-17+0j), F_dwave: (0.06780992479563369+0j)
F_px: -1.411365422358089e-17j, F_py: 1.628747908310596e-17j
Free_energy = -9600.803393855353
------------------------------------------
[{'stable': {'F_dwave': np.complex128(0.06780992479563369+0j)}, 'free': np.float64(-9600.803393855353)}]
------------------------------------------
  Seed: d-wave+px
F_onsite: (1.4543584159369409e-16+0j)
F_swave: (-2.0816681711721685e-17+0j), F_dwave: (0.06780992479563369+0j)
F_px: -1.411365422358089e-17j, F_py: 1.628747908310596e-17j
Free_energy = -9600.803393855353
------------------------------------------
[{'stable': {'F_dwave': np.complex128(0.06780992479563369+0j)}, 'free': np.float64(-9600.803393855353)}]
------------------------------------------
  Seed: d-wave+py
F_onsite: (1.5940770961565787e-16-4.2249483496459937e-19j)
F_swave: (-1.0408340855860843e-17+5.240811633934376e-19j), F_dwave: (0.06780992479563372-1.1529802345063032e-17j)
F_px: -2.4110219193838854e-17j, F_py: (6.938893903907228e-18+1.6367119205301952e-17j)
Free_energy = -9600.803393855354
------------------------------------------
[{'stable': {'F_dwave': np.complex128(0.06780992479563369+0j)}, 'free': np.float64(-9600.803393855353)}]
------------------------------------------
====================================
mu=0.33, T=0.2024
====================================
  Seed: normal state
F_onsite: 0j
F_swave: 0j, F_dwave: 0j
F_px: 0j, F_py: 0j
Free_energy = -9444.387042539533
------------------------------------------
[{'stable': {}, 'free': np.float64(-9444.387042539533)}]
------------------------------------------
  Seed: d-wave
F_onsite: (-1.276252136373289e-16+0j)
F_swave: (9.020562075079397e-17+0j), F_dwave: (0.06440947163224606+0j)
F_px: -1.0108889066407458e-17j, F_py: 1.3150208012818939e-17j
Free_energy = -9592.570930857979
------------------------------------------
[{'stable': {'F_dwave': np.complex128(0.06440947163224606+0j)}, 'free': np.float64(-9592.570930857979)}]
------------------------------------------
  Seed: d-wave+px
F_onsite: (-1.276252136373289e-16+0j)
F_swave: (9.020562075079397e-17+0j), F_dwave: (0.06440947163224606+0j)
F_px: -1.0108889066407458e-17j, F_py: 1.3150208012818939e-17j
Free_energy = -9592.570930857979
------------------------------------------
[{'stable': {'F_dwave': np.complex128(0.06440947163224606+0j)}, 'free': np.float64(-9592.570930857979)}]
------------------------------------------
  Seed: d-wave+py
F_onsite: (-1.239076588237237e-16-2.470079919107e-19j)
F_swave: (7.632783294297951e-17+1.206594090665535e-18j), F_dwave: (0.06440947163224606-1.737303059396569e-17j)
F_px: (-6.938893903907228e-18-1.2679115005489883e-17j), F_py: (-1.3877787807814457e-17+1.488600186050839e-17j)
Free_energy = -9592.570930857979
------------------------------------------
[{'stable': {'F_dwave': np.complex128(0.06440947163224606+0j)}, 'free': np.float64(-9592.570930857979)}]
------------------------------------------
====================================
mu=0.33, T=0.2085
====================================
  Seed: normal state
F_onsite: 0j
F_swave: 0j, F_dwave: 0j
F_px: 0j, F_py: 0j
Free_energy = -9453.742040275241
------------------------------------------
[{'stable': {}, 'free': np.float64(-9453.742040275241)}]
------------------------------------------
  Seed: d-wave
F_onsite: (-9.853200094441804e-17+0j)
F_swave: (-6.938893903907228e-18+0j), F_dwave: (0.06062232663046763+0j)
F_px: -1.2821359878756645e-17j, F_py: 1.402694832459247e-17j
Free_energy = -9584.004277759417
------------------------------------------
[{'stable': {'F_dwave': np.complex128(0.06062232663046763+0j)}, 'free': np.float64(-9584.004277759417)}]
------------------------------------------
  Seed: d-wave+px
F_onsite: (-9.853200094441804e-17+0j)
F_swave: (-6.938893903907228e-18+0j), F_dwave: (0.06062232663046763+0j)
F_px: -1.2821359878756645e-17j, F_py: 1.402694832459247e-17j
Free_energy = -9584.004277759417
------------------------------------------
[{'stable': {'F_dwave': np.complex128(0.06062232663046763+0j)}, 'free': np.float64(-9584.004277759417)}]
------------------------------------------
  Seed: d-wave+py
F_onsite: (-1.0441236174460851e-16+4.405211060175852e-19j)
F_swave: (-5.204170427930421e-18+1.3661429619614474e-18j), F_dwave: (0.06062232663046761-1.1909328319738847e-17j)
F_px: (3.469446951953614e-18-1.2155570475518839e-17j), F_py: (-1.0408340855860843e-17+1.2658786628346086e-17j)
Free_energy = -9584.004277759417
------------------------------------------
[{'stable': {'F_dwave': np.complex128(0.06062232663046763+0j)}, 'free': np.float64(-9584.004277759417)}]
------------------------------------------
====================================
mu=0.33, T=0.2146
====================================
  Seed: normal state
F_onsite: 0j
F_swave: 0j, F_dwave: 0j
F_px: 0j, F_py: 0j
Free_energy = -9463.344535071396
------------------------------------------
[{'stable': {}, 'free': np.float64(-9463.344535071396)}]
------------------------------------------
  Seed: d-wave
F_onsite: (-5.795836176477351e-17+0j)
F_swave: (-1.3877787807814457e-17+0j), F_dwave: (0.056368156862635084+0j)
F_px: -2.7575086460331068e-17j, F_py: 1.6471305912175456e-17j
Free_energy = -9575.10515273503
------------------------------------------
[{'stable': {'F_dwave': np.complex128(0.056368156862635084+0j)}, 'free': np.float64(-9575.10515273503)}]
------------------------------------------
  Seed: d-wave+px
F_onsite: (-5.795836176477351e-17+0j)
F_swave: (-1.3877787807814457e-17+0j), F_dwave: (0.056368156862635084+0j)
F_px: -2.7575086460331068e-17j, F_py: 1.6471305912175456e-17j
Free_energy = -9575.10515273503
------------------------------------------
[{'stable': {'F_dwave': np.complex128(0.056368156862635084+0j)}, 'free': np.float64(-9575.10515273503)}]
------------------------------------------
  Seed: d-wave+py
F_onsite: (-6.41369443368465e-17-4.575192998694808e-19j)
F_swave: (-1.734723475976807e-17+1.9155435035196738e-20j), F_dwave: (0.05636815686263512-1.2911074233632922e-17j)
F_px: (6.938893903907228e-18-1.6680645886468232e-17j), F_py: (-6.938893903907228e-18+1.5366338611182726e-17j)
Free_energy = -9575.10515273503
------------------------------------------
[{'stable': {'F_dwave': np.complex128(0.056368156862635084+0j)}, 'free': np.float64(-9575.10515273503)}]
------------------------------------------
====================================
mu=0.33, T=0.2207
====================================
  Seed: normal state
F_onsite: 0j
F_swave: 0j, F_dwave: 0j
F_px: 0j, F_py: 0j
Free_energy = -9473.192097028284
------------------------------------------
[{'stable': {}, 'free': np.float64(-9473.192097028284)}]
------------------------------------------
  Seed: d-wave
F_onsite: (-3.777134978766189e-17+0j)
F_swave: (-3.8163916471489756e-17+0j), F_dwave: (0.05153116899866932+0j)
F_px: -2.1731518653786957e-17j, F_py: 1.4489849348725106e-17j
Free_energy = -9565.8851938868
------------------------------------------
[{'stable': {'F_dwave': np.complex128(0.05153116899866932+0j)}, 'free': np.float64(-9565.8851938868)}]
------------------------------------------
  Seed: d-wave+px
F_onsite: (-3.777134978766189e-17+0j)
F_swave: (-3.8163916471489756e-17+0j), F_dwave: (0.05153116899866932+0j)
F_px: -2.1731518653786957e-17j, F_py: 1.4489849348725106e-17j
Free_energy = -9565.8851938868
------------------------------------------
[{'stable': {'F_dwave': np.complex128(0.05153116899866932+0j)}, 'free': np.float64(-9565.8851938868)}]
------------------------------------------
  Seed: d-wave+py
F_onsite: (-3.825900915470885e-17+8.654399046748825e-20j)
F_swave: (-3.642919299551295e-17+1.8650604639404094e-18j), F_dwave: (0.05153116899866934-1.0623660725596918e-17j)
F_px: (-6.938893903907228e-18-1.3033351794093267e-17j), F_py: (1.0408340855860843e-17+1.4171750840313245e-17j)
Free_energy = -9565.8851938868
------------------------------------------
[{'stable': {'F_dwave': np.complex128(0.05153116899866932+0j)}, 'free': np.float64(-9565.8851938868)}]
------------------------------------------
====================================
mu=0.33, T=0.2268
====================================
  Seed: normal state
F_onsite: 0j
F_swave: 0j, F_dwave: 0j
F_px: 0j, F_py: 0j
Free_energy = -9483.28235728266
------------------------------------------
[{'stable': {}, 'free': np.float64(-9483.28235728266)}]
------------------------------------------
  Seed: d-wave
F_onsite: (6.974889495443086e-17+0j)
F_swave: (-2.0816681711721685e-17+0j), F_dwave: (0.04592643622701156+0j)
F_px: -1.7915021044801513e-17j, F_py: 1.474629601813186e-17j
Free_energy = -9556.352201360829
------------------------------------------
[{'stable': {'F_dwave': np.complex128(0.04592643622701156+0j)}, 'free': np.float64(-9556.352201360829)}]
------------------------------------------
  Seed: d-wave+px
F_onsite: (6.974889495443086e-17+0j)
F_swave: (-2.0816681711721685e-17+0j), F_dwave: (0.04592643622701156+0j)
F_px: -1.7915021044801513e-17j, F_py: 1.474629601813186e-17j
Free_energy = -9556.352201360829
------------------------------------------
[{'stable': {'F_dwave': np.complex128(0.04592643622701156+0j)}, 'free': np.float64(-9556.352201360829)}]
------------------------------------------
  Seed: d-wave+py
F_onsite: (7.34278105072625e-17+5.452953714086294e-19j)
F_swave: (-2.0816681711721685e-17-1.059396266685958e-18j), F_dwave: (0.04592643622701154-1.6473751885246775e-17j)
F_px: (-3.469446951953614e-18-1.0389769823928415e-17j), F_py: (-6.938893903907228e-18+1.395846976399196e-17j)
Free_energy = -9556.352201360829
------------------------------------------
[{'stable': {'F_dwave': np.complex128(0.04592643622701156+0j)}, 'free': np.float64(-9556.352201360829)}]
------------------------------------------
====================================
mu=0.33, T=0.2329
====================================
  Seed: normal state
F_onsite: 0j
F_swave: 0j, F_dwave: 0j
F_px: 0j, F_py: 0j
Free_energy = -9493.613007492035
------------------------------------------
[{'stable': {}, 'free': np.float64(-9493.613007492035)}]
------------------------------------------
  Seed: d-wave
F_onsite: (-1.062747754373839e-17+0j)
F_swave: (-1.734723475976807e-17+0j), F_dwave: (0.03922499784847354+0j)
F_px: -2.814753804401931e-17j, F_py: 1.340533202042622e-17j
Free_energy = -9546.513920421086
------------------------------------------
[{'stable': {'F_dwave': np.complex128(0.03922499784847354+0j)}, 'free': np.float64(-9546.513920421086)}]
------------------------------------------
  Seed: d-wave+px
F_onsite: (-1.062747754373839e-17+0j)
F_swave: (-1.734723475976807e-17+0j), F_dwave: (0.03922499784847354+0j)
F_px: -2.814753804401931e-17j, F_py: 1.340533202042622e-17j
Free_energy = -9546.513920421086
------------------------------------------
[{'stable': {'F_dwave': np.complex128(0.03922499784847354+0j)}, 'free': np.float64(-9546.513920421086)}]
------------------------------------------
  Seed: d-wave+py
F_onsite: (-4.008027557509341e-18-3.6500321780392914e-19j)
F_swave: (-1.3877787807814457e-17+2.2344167699727673e-18j), F_dwave: (0.039224997848473546-7.85001463367303e-18j)
F_px: (-6.938893903907228e-18-2.6399964524021644e-17j), F_py: 1.477690625028969e-17j
Free_energy = -9546.513920421088
------------------------------------------
[{'stable': {'F_dwave': np.complex128(0.03922499784847354+0j)}, 'free': np.float64(-9546.513920421086)}]
------------------------------------------
====================================
mu=0.33, T=0.2390
====================================
  Seed: normal state
F_onsite: 0j
F_swave: 0j, F_dwave: 0j
F_px: 0j, F_py: 0j
Free_energy = -9504.181798941372
------------------------------------------
[{'stable': {}, 'free': np.float64(-9504.181798941372)}]
------------------------------------------
  Seed: d-wave
F_onsite: (2.9061680567960343e-17+0j)
F_swave: (6.938893903907228e-18+0j), F_dwave: (0.030718696650220607+0j)
F_px: -7.723501184693377e-19j, F_py: 1.271373210053492e-17j
Free_energy = -9536.384317038866
------------------------------------------
[{'stable': {'F_dwave': np.complex128(0.030718696650220607+0j)}, 'free': np.float64(-9536.384317038866)}]
------------------------------------------
  Seed: d-wave+px
F_onsite: (2.9061680567960343e-17+0j)
F_swave: (6.938893903907228e-18+0j), F_dwave: (0.030718696650220607+0j)
F_px: -7.723501184693377e-19j, F_py: 1.271373210053492e-17j
Free_energy = -9536.384317038866
------------------------------------------
[{'stable': {'F_dwave': np.complex128(0.030718696650220607+0j)}, 'free': np.float64(-9536.384317038866)}]
------------------------------------------
  Seed: d-wave+py
F_onsite: (2.319433959061146e-17+4.45005106296983e-19j)
F_swave: (1.0408340855860843e-17-1.6535248421091877e-18j), F_dwave: (0.030718696650220607-2.2551723962427055e-17j)
F_px: (-1.214306433183765e-17-6.358289007716205e-18j), F_py: (-3.469446951953614e-18+1.227361535278475e-17j)
Free_energy = -9536.384317038866
------------------------------------------
[{'stable': {'F_dwave': np.complex128(0.030718696650220607+0j)}, 'free': np.float64(-9536.384317038866)}]
------------------------------------------
====================================
mu=0.33, T=0.2451
====================================
  Seed: normal state
F_onsite: 0j
F_swave: 0j, F_dwave: 0j
F_px: 0j, F_py: 0j
Free_energy = -9514.98654136292
------------------------------------------
[{'stable': {}, 'free': np.float64(-9514.98654136292)}]
------------------------------------------
  Seed: d-wave
F_onsite: (1.4053446228334993e-17+0j)
F_swave: (-1.734723475976807e-18+0j), F_dwave: (0.01801967261284258+0j)
F_px: -2.2931182211690217e-17j, F_py: 1.0685412033070686e-17j
Free_energy = -9525.98555656077
------------------------------------------
[{'stable': {'F_dwave': np.complex128(0.01801967261284258+0j)}, 'free': np.float64(-9525.98555656077)}]
------------------------------------------
  Seed: d-wave+px
F_onsite: (1.4053446228334993e-17+0j)
F_swave: (-1.734723475976807e-18+0j), F_dwave: (0.01801967261284258+0j)
F_px: -2.2931182211690217e-17j, F_py: 1.0685412033070686e-17j
Free_energy = -9525.98555656077
------------------------------------------
[{'stable': {'F_dwave': np.complex128(0.01801967261284258+0j)}, 'free': np.float64(-9525.98555656077)}]
------------------------------------------
  Seed: d-wave+py
F_onsite: (2.887407435067209e-17+3.3800540050411716e-19j)
F_swave: (-3.122502256758253e-17-5.643135223280035e-19j), F_dwave: (0.01801967261284267-3.149475990978269e-17j)
F_px: (-1.734723475976807e-18-1.0807208071016948e-17j), F_py: 1.0441836500790412e-17j
Free_energy = -9525.985556560769
------------------------------------------
[{'stable': {'F_dwave': np.complex128(0.01801967261284258+0j)}, 'free': np.float64(-9525.98555656077)}]
------------------------------------------
====================================
mu=0.33, T=0.2512
====================================
  Seed: normal state
F_onsite: 0j
F_swave: 0j, F_dwave: 0j
F_px: 0j, F_py: 0j
Free_energy = -9526.025101542818
------------------------------------------
[{'stable': {}, 'free': np.float64(-9526.025101542818)}]
------------------------------------------
  Seed: d-wave
F_onsite: (8.398005485718083e-20+0j)
F_swave: (-4.6911601431256683e-20+0j), F_dwave: (1.194553606937289e-13+0j)
F_px: 1.9237421050185086e-19j, F_py: -2.5562084355354416e-19j
Free_energy = -9526.025101542818
------------------------------------------
[{'stable': {}, 'free': np.float64(-9526.025101542818)}]
------------------------------------------
  Seed: d-wave+px
F_onsite: (8.398005485718083e-20+0j)
F_swave: (-4.6911601431256683e-20+0j), F_dwave: (1.194553606937289e-13+0j)
F_px: 1.9237421050185086e-19j, F_py: -2.5562084355354416e-19j
Free_energy = -9526.025101542818
------------------------------------------
[{'stable': {}, 'free': np.float64(-9526.025101542818)}]
------------------------------------------
  Seed: d-wave+py
F_onsite: (-8.133188472199555e-20+0j)
F_swave: (6.066996558369738e-20+0j), F_dwave: (1.1945502964111774e-13+0j)
F_px: 1.1563188793544482e-19j, F_py: -1.8030228435049675e-20j
Free_energy = -9526.025101542818
------------------------------------------
[{'stable': {}, 'free': np.float64(-9526.025101542818)}]
------------------------------------------
====================================
mu=0.33, T=0.2573
====================================
  Seed: normal state
F_onsite: 0j
F_swave: 0j, F_dwave: 0j
F_px: 0j, F_py: 0j
Free_energy = -9537.295401772375
------------------------------------------
[{'stable': {}, 'free': np.float64(-9537.295401772375)}]
------------------------------------------
  Seed: d-wave
F_onsite: (-5.190718562415662e-20+0j)
F_swave: (-3.686190528808729e-20+0j), F_dwave: (4.262498573824878e-14+0j)
F_px: 1.3000212011720072e-19j, F_py: -1.4566396446760518e-19j
Free_energy = -9537.295401772375
------------------------------------------
[{'stable': {}, 'free': np.float64(-9537.295401772375)}]
------------------------------------------
  Seed: d-wave+px
F_onsite: (-5.190718562415662e-20+0j)
F_swave: (-3.686190528808729e-20+0j), F_dwave: (4.262498573824878e-14+0j)
F_px: 1.3000212011720072e-19j, F_py: -1.4566396446760518e-19j
Free_energy = -9537.295401772375
------------------------------------------
[{'stable': {}, 'free': np.float64(-9537.295401772375)}]
------------------------------------------
  Seed: d-wave+py
F_onsite: (5.527901769270181e-20+0j)
F_swave: (-6.156189814918225e-20+0j), F_dwave: (4.262512621856708e-14+0j)
F_px: -8.52721706243478e-20j, F_py: 1.804138771287634e-20j
Free_energy = -9537.295401772375
------------------------------------------
[{'stable': {}, 'free': np.float64(-9537.295401772375)}]
------------------------------------------
====================================
mu=0.33, T=0.2634
====================================
  Seed: normal state
F_onsite: 0j
F_swave: 0j, F_dwave: 0j
F_px: 0j, F_py: 0j
Free_energy = -9548.795418190652
------------------------------------------
[{'stable': {}, 'free': np.float64(-9548.795418190652)}]
------------------------------------------
  Seed: d-wave
F_onsite: (-2.3314863057849517e-19+0j)
F_swave: (1.0070056331375315e-19+0j), F_dwave: (2.5631650755491218e-14+0j)
F_px: 2.1292147804139372e-19j, F_py: 3.1130180942808225e-20j
Free_energy = -9548.795418190652
------------------------------------------
[{'stable': {}, 'free': np.float64(-9548.795418190652)}]
------------------------------------------
  Seed: d-wave+px
F_onsite: (-2.3314863057849517e-19+0j)
F_swave: (1.0070056331375315e-19+0j), F_dwave: (2.5631650755491218e-14+0j)
F_px: 2.1292147804139372e-19j, F_py: 3.1130180942808225e-20j
Free_energy = -9548.795418190652
------------------------------------------
[{'stable': {}, 'free': np.float64(-9548.795418190652)}]
------------------------------------------
  Seed: d-wave+py
F_onsite: (-4.6643375927156594e-20+0j)
F_swave: (-5.825159921882676e-20+0j), F_dwave: (2.563134892163759e-14+0j)
F_px: -2.178966654415326e-19j, F_py: -1.374779628899347e-20j
Free_energy = -9548.795418190652
------------------------------------------
[{'stable': {}, 'free': np.float64(-9548.795418190652)}]
------------------------------------------
====================================
mu=0.33, T=0.2695
====================================
  Seed: normal state
F_onsite: 0j
F_swave: 0j, F_dwave: 0j
F_px: 0j, F_py: 0j
Free_energy = -9560.523179054468
------------------------------------------
[{'stable': {}, 'free': np.float64(-9560.523179054468)}]
------------------------------------------
  Seed: d-wave
F_onsite: (2.7020238684832753e-19+0j)
F_swave: (-8.916355585020845e-20+0j), F_dwave: (1.7995108257792012e-14+0j)
F_px: 8.062215072077364e-20j, F_py: 2.1056343838212325e-20j
Free_energy = -9560.523179054468
------------------------------------------
[{'stable': {}, 'free': np.float64(-9560.523179054468)}]
------------------------------------------
  Seed: d-wave+px
F_onsite: (2.7020238684832753e-19+0j)
F_swave: (-8.916355585020845e-20+0j), F_dwave: (1.7995108257792012e-14+0j)
F_px: 8.062215072077364e-20j, F_py: 2.1056343838212325e-20j
Free_energy = -9560.523179054468
------------------------------------------
[{'stable': {}, 'free': np.float64(-9560.523179054468)}]
------------------------------------------
  Seed: d-wave+py
F_onsite: (3.036893369030373e-20+0j)
F_swave: (-7.702141596936999e-20+0j), F_dwave: (1.799497882350723e-14+0j)
F_px: -6.886343073227534e-20j, F_py: 4.0150592067260807e-20j
Free_energy = -9560.523179054468
------------------------------------------
[{'stable': {}, 'free': np.float64(-9560.523179054468)}]
------------------------------------------
====================================
mu=0.33, T=0.2756
====================================
  Seed: normal state
F_onsite: 0j
F_swave: 0j, F_dwave: 0j
F_px: 0j, F_py: 0j
Free_energy = -9572.476762966166
------------------------------------------
[{'stable': {}, 'free': np.float64(-9572.476762966166)}]
------------------------------------------
  Seed: d-wave
F_onsite: (-9.577247480558812e-20+0j)
F_swave: (3.6422071337865034e-20+0j), F_dwave: (1.3900946543854068e-14+0j)
F_px: 3.330322603192933e-19j, F_py: 1.753680775380379e-19j
Free_energy = -9572.476762966166
------------------------------------------
[{'stable': {}, 'free': np.float64(-9572.476762966166)}]
------------------------------------------
  Seed: d-wave+px
F_onsite: (-9.577247480558812e-20+0j)
F_swave: (3.6422071337865034e-20+0j), F_dwave: (1.3900946543854068e-14+0j)
F_px: 3.330322603192933e-19j, F_py: 1.753680775380379e-19j
Free_energy = -9572.476762966166
------------------------------------------
[{'stable': {}, 'free': np.float64(-9572.476762966166)}]
------------------------------------------
  Seed: d-wave+py
F_onsite: (-8.799020882993515e-20+0j)
F_swave: (9.493410783249994e-20+0j), F_dwave: (1.390092658506538e-14+0j)
F_px: -5.067048664600414e-20j, F_py: -2.1856270954524576e-20j
Free_energy = -9572.476762966166
------------------------------------------
[{'stable': {}, 'free': np.float64(-9572.476762966166)}]
------------------------------------------
====================================
mu=0.33, T=0.2817
====================================
  Seed: normal state
F_onsite: 0j
F_swave: 0j, F_dwave: 0j
F_px: 0j, F_py: 0j
Free_energy = -9584.654297080004
------------------------------------------
[{'stable': {}, 'free': np.float64(-9584.654297080004)}]
------------------------------------------
  Seed: d-wave
F_onsite: (8.195723315692869e-20+0j)
F_swave: (-6.298016552481108e-20+0j), F_dwave: (1.1885270544664206e-14+0j)
F_px: 1.1598768109032075e-19j, F_py: 1.10092012522889e-19j
Free_energy = -9584.654297080004
------------------------------------------
[{'stable': {}, 'free': np.float64(-9584.654297080004)}]
------------------------------------------
  Seed: d-wave+px
F_onsite: (8.195723315692869e-20+0j)
F_swave: (-6.298016552481108e-20+0j), F_dwave: (1.1885270544664206e-14+0j)
F_px: 1.1598768109032075e-19j, F_py: 1.10092012522889e-19j
Free_energy = -9584.654297080004
------------------------------------------
[{'stable': {}, 'free': np.float64(-9584.654297080004)}]
------------------------------------------
  Seed: d-wave+py
F_onsite: (5.1309316063704246e-20+0j)
F_swave: (-4.238516826981067e-20+0j), F_dwave: (1.1884823237294518e-14+0j)
F_px: -8.007478409432072e-20j, F_py: -1.0015361950695927e-20j
Free_energy = -9584.654297080004
------------------------------------------
[{'stable': {}, 'free': np.float64(-9584.654297080004)}]
------------------------------------------
====================================
mu=0.33, T=0.2878
====================================
  Seed: normal state
F_onsite: 0j
F_swave: 0j, F_dwave: 0j
F_px: 0j, F_py: 0j
Free_energy = -9597.053955307367
------------------------------------------
[{'stable': {}, 'free': np.float64(-9597.053955307367)}]
------------------------------------------
  Seed: d-wave
F_onsite: (-1.2291977076216731e-20+0j)
F_swave: (3.977312982845794e-22+0j), F_dwave: (9.888616736098814e-15+0j)
F_px: 4.894560621883349e-20j, F_py: -4.149572641712082e-20j
Free_energy = -9597.053955307367
------------------------------------------
[{'stable': {}, 'free': np.float64(-9597.053955307367)}]
------------------------------------------
  Seed: d-wave+px
F_onsite: (-1.2291977076216731e-20+0j)
F_swave: (3.977312982845794e-22+0j), F_dwave: (9.888616736098814e-15+0j)
F_px: 4.894560621883349e-20j, F_py: -4.149572641712082e-20j
Free_energy = -9597.053955307367
------------------------------------------
[{'stable': {}, 'free': np.float64(-9597.053955307367)}]
------------------------------------------
  Seed: d-wave+py
F_onsite: (9.633273935929872e-20+0j)
F_swave: (-4.425553556863349e-20+0j), F_dwave: (9.888074010279778e-15+0j)
F_px: -9.552245901631319e-20j, F_py: -2.148435141634539e-19j
Free_energy = -9597.053955307367
------------------------------------------
[{'stable': {}, 'free': np.float64(-9597.053955307367)}]
------------------------------------------
====================================
mu=0.33, T=0.2939
====================================
  Seed: normal state
F_onsite: 0j
F_swave: 0j, F_dwave: 0j
F_px: 0j, F_py: 0j
Free_energy = -9609.673956531484
------------------------------------------
[{'stable': {}, 'free': np.float64(-9609.673956531484)}]
------------------------------------------
  Seed: d-wave
F_onsite: (-1.4050490941585297e-19+0j)
F_swave: (-9.68010303926864e-21+0j), F_dwave: (8.899565343995588e-15+0j)
F_px: -1.7236696499635757e-19j, F_py: 1.3199779048422342e-19j
Free_energy = -9609.673956531484
------------------------------------------
[{'stable': {}, 'free': np.float64(-9609.673956531484)}]
------------------------------------------
  Seed: d-wave+px
F_onsite: (-1.4050490941585297e-19+0j)
F_swave: (-9.68010303926864e-21+0j), F_dwave: (8.899565343995588e-15+0j)
F_px: -1.7236696499635757e-19j, F_py: 1.3199779048422342e-19j
Free_energy = -9609.673956531484
------------------------------------------
[{'stable': {}, 'free': np.float64(-9609.673956531484)}]
------------------------------------------
  Seed: d-wave+py
F_onsite: (9.079166152129145e-20+0j)
F_swave: (-1.1726394627686598e-19+0j), F_dwave: (8.899051830382778e-15+0j)
F_px: -5.679247483589822e-20j, F_py: -1.2012100264981796e-19j
Free_energy = -9609.673956531484
------------------------------------------
[{'stable': {}, 'free': np.float64(-9609.673956531484)}]
------------------------------------------
====================================
mu=0.33, T=0.3000
====================================
  Seed: normal state
F_onsite: 0j
F_swave: 0j, F_dwave: 0j
F_px: 0j, F_py: 0j
Free_energy = -9622.512562844719
------------------------------------------
[{'stable': {}, 'free': np.float64(-9622.512562844719)}]
------------------------------------------
  Seed: d-wave
F_onsite: (-8.907074758636825e-21+0j)
F_swave: (1.4863058041985554e-19+0j), F_dwave: (7.019469038410752e-15+0j)
F_px: 2.499719561481944e-19j, F_py: -1.2747015798515166e-19j
Free_energy = -9622.512562844717
------------------------------------------
[{'stable': {}, 'free': np.float64(-9622.512562844719)}]
------------------------------------------
  Seed: d-wave+px
F_onsite: (-8.907074758636825e-21+0j)
F_swave: (1.4863058041985554e-19+0j), F_dwave: (7.019469038410752e-15+0j)
F_px: 2.499719561481944e-19j, F_py: -1.2747015798515166e-19j
Free_energy = -9622.512562844717
------------------------------------------
[{'stable': {}, 'free': np.float64(-9622.512562844719)}]
------------------------------------------
  Seed: d-wave+py
F_onsite: (5.140061948731052e-20+0j)
F_swave: (3.9651533261176506e-20+0j), F_dwave: (7.0191825038172626e-15+0j)
F_px: -8.088851279359153e-20j, F_py: -9.381455496648598e-20j
Free_energy = -9622.512562844719
------------------------------------------
[{'stable': {}, 'free': np.float64(-9622.512562844719)}]
------------------------------------------
