/home/emilssp/D1/venv/bin/python
Python 3.10.12
Running job 10 out of 25
====================================
mu=3.01, T=0.0010
====================================
  Seed: normal state
F_onsite: 0j
F_swave: 0j, F_dwave: 0j
F_px: 0j, F_py: 0j
Free_energy = -17409.059438056243
------------------------------------------
[{'stable': {}, 'free': np.float64(-17409.059438056243)}]
------------------------------------------
  Seed: px+i*py
F_onsite: (0.020420663735707834+0.02185086493035577j)
F_swave: (-0.017267378277688088-0.018476732947096085j), F_dwave: (1.3877787807814457e-17-1.3877787807814457e-17j)
F_px: (8.61671671514852e-12+9.189938740550296e-12j), F_py: (9.189784350160934e-12+9.861753774709214e-12j)
Free_energy = -17434.068919500158
------------------------------------------
[{'stable': {'F_onsite': np.complex128(0.020420663735707834+0.02185086493035577j), 'F_swave': np.complex128(-0.017267378277688088-0.018476732947096085j)}, 'free': np.float64(-17434.068919500158)}]
------------------------------------------
  Seed: s-wave
F_onsite: (-0.02991108160810105+0j)
F_swave: (0.025292483201871056+0j), F_dwave: (-3.9898639947466563e-17+0j)
F_px: -2.7062702664774896e-18j, F_py: -4.026159356536503e-18j
Free_energy = -17434.07664354519
------------------------------------------
[{'stable': {'F_onsite': np.complex128(0.020420663735707834+0.02185086493035577j), 'F_swave': np.complex128(-0.017267378277688088-0.018476732947096085j)}, 'free': np.float64(-17434.068919500158)}, {'stable': {'F_onsite': np.complex128(-0.02991108160810105+0j), 'F_swave': np.complex128(0.025292483201871056+0j)}, 'free': np.float64(-17434.07664354519)}]
------------------------------------------
  Seed: s-wave+px
F_onsite: (-0.029910926298308733-3.2644089884002468e-18j)
F_swave: (0.02529234461668138+2.378574395008482e-18j), F_dwave: (5.559788740505667e-16-8.141045414297894e-19j)
F_px: (4.900070000798951e-09-4.2910689107902855e-18j), F_py: (5.204170427930421e-18-3.1433392672607086e-18j)
Free_energy = -17434.07630015759
------------------------------------------
[{'stable': {'F_onsite': np.complex128(0.020420663735707834+0.02185086493035577j), 'F_swave': np.complex128(-0.017267378277688088-0.018476732947096085j)}, 'free': np.float64(-17434.068919500158)}, {'stable': {'F_onsite': np.complex128(-0.02991108160810105+0j), 'F_swave': np.complex128(0.025292483201871056+0j)}, 'free': np.float64(-17434.07664354519)}]
------------------------------------------
  Seed: s-wave+py
F_onsite: (-0.029910926298308715-1.1250572414291674e-17j)
F_swave: (0.025292344616681322+8.979978608994075e-18j), F_dwave: (-5.082739784612045e-16-2.839148560078008e-19j)
F_px: (8.673617379884035e-18-1.103895688509167e-18j), F_py: (4.90006999559478e-09-3.3257689882756035e-18j)
Free_energy = -17434.07630015759
------------------------------------------
[{'stable': {'F_onsite': np.complex128(0.020420663735707834+0.02185086493035577j), 'F_swave': np.complex128(-0.017267378277688088-0.018476732947096085j)}, 'free': np.float64(-17434.068919500158)}, {'stable': {'F_onsite': np.complex128(-0.02991108160810105+0j), 'F_swave': np.complex128(0.025292483201871056+0j)}, 'free': np.float64(-17434.07664354519)}]
------------------------------------------
====================================
mu=3.01, T=0.0040
====================================
  Seed: normal state
F_onsite: 0j
F_swave: 0j, F_dwave: 0j
F_px: 0j, F_py: 0j
Free_energy = -17409.083374243553
------------------------------------------
[{'stable': {}, 'free': np.float64(-17409.083374243553)}]
------------------------------------------
  Seed: px+i*py
F_onsite: (0.02042128856617161+0.021851533522045382j)
F_swave: (-0.017267935816556786-0.018477329534291848j), F_dwave: (1.5612511283791264e-17+2.42861286636753e-17j)
F_px: (2.5171358053466264e-12+2.687787492572369e-12j), F_py: (2.6877458592089454e-12+2.881261201848062e-12j)
Free_energy = -17434.0709424247
------------------------------------------
[{'stable': {'F_onsite': np.complex128(0.02042128856617161+0.021851533522045382j), 'F_swave': np.complex128(-0.017267935816556786-0.018477329534291848j)}, 'free': np.float64(-17434.0709424247)}]
------------------------------------------
  Seed: s-wave
F_onsite: (-0.029910161248335367+0j)
F_swave: (0.025291661952677506+0j), F_dwave: (-3.469446951953614e-18+0j)
F_px: 3.9372208970748016e-18j, F_py: -3.626359805432473e-18j
Free_energy = -17434.07460869175
------------------------------------------
[{'stable': {'F_onsite': np.complex128(0.02042128856617161+0.021851533522045382j), 'F_swave': np.complex128(-0.017267935816556786-0.018477329534291848j)}, 'free': np.float64(-17434.0709424247)}, {'stable': {'F_onsite': np.complex128(-0.029910161248335367+0j), 'F_swave': np.complex128(0.025291661952677506+0j)}, 'free': np.float64(-17434.07460869175)}]
------------------------------------------
  Seed: s-wave+px
F_onsite: (-0.029910087532576655-3.569055714299695e-18j)
F_swave: (0.02529159617525869+4.987541751670134e-18j), F_dwave: (4.0766001685454967e-17+2.0722661054576458e-18j)
F_px: (1.432269008255771e-09+1.933564460344754e-18j), F_py: (5.204170427930421e-18-3.496763764502565e-18j)
Free_energy = -17434.074445716225
------------------------------------------
[{'stable': {'F_onsite': np.complex128(0.02042128856617161+0.021851533522045382j), 'F_swave': np.complex128(-0.017267935816556786-0.018477329534291848j)}, 'free': np.float64(-17434.0709424247)}, {'stable': {'F_onsite': np.complex128(-0.029910161248335367+0j), 'F_swave': np.complex128(0.025291661952677506+0j)}, 'free': np.float64(-17434.07460869175)}]
------------------------------------------
  Seed: s-wave+py
F_onsite: (-0.029910087532576634-1.105765097582908e-17j)
F_swave: (0.025291596175258696+1.0493679425296713e-17j), F_dwave: (-3.209238430557093e-17+9.426417911756295e-19j)
F_px: (1.734723475976807e-18-1.4750019985249573e-18j), F_py: (1.4322689787654719e-09-3.5286333791430084e-18j)
Free_energy = -17434.074445716225
------------------------------------------
[{'stable': {'F_onsite': np.complex128(0.02042128856617161+0.021851533522045382j), 'F_swave': np.complex128(-0.017267935816556786-0.018477329534291848j)}, 'free': np.float64(-17434.0709424247)}, {'stable': {'F_onsite': np.complex128(-0.029910161248335367+0j), 'F_swave': np.complex128(0.025291661952677506+0j)}, 'free': np.float64(-17434.07460869175)}]
------------------------------------------
====================================
mu=3.01, T=0.0070
====================================
  Seed: normal state
F_onsite: 0j
F_swave: 0j, F_dwave: 0j
F_px: 0j, F_py: 0j
Free_energy = -17409.153291084374
------------------------------------------
[{'stable': {}, 'free': np.float64(-17409.153291084374)}]
------------------------------------------
  Seed: px+i*py
F_onsite: (0.020421584574104465+0.021851850261473692j)
F_swave: (-0.01726819999715796-0.018477612217298996j), F_dwave: (6.071532165918825e-18-2.862293735361732e-17j)
F_px: (7.354516301516512e-13+7.859268791321483e-13j), F_py: (7.858869804922008e-13+8.41894262637588e-13j)
Free_energy = -17434.07190204054
------------------------------------------
[{'stable': {'F_onsite': np.complex128(0.020421584574104465+0.021851850261473692j), 'F_swave': np.complex128(-0.01726819999715796-0.018477612217298996j)}, 'free': np.float64(-17434.07190204054)}]
------------------------------------------
  Seed: s-wave
F_onsite: (-0.02990972355677725+0j)
F_swave: (0.025291271470061983+0j), F_dwave: (1.3877787807814457e-17+0j)
F_px: -3.595654861094505e-19j, F_py: -3.60603101469837e-18j
Free_energy = -17434.07364225847
------------------------------------------
[{'stable': {'F_onsite': np.complex128(0.020421584574104465+0.021851850261473692j), 'F_swave': np.complex128(-0.01726819999715796-0.018477612217298996j)}, 'free': np.float64(-17434.07190204054)}, {'stable': {'F_onsite': np.complex128(-0.02990972355677725+0j), 'F_swave': np.complex128(0.025291271470061983+0j)}, 'free': np.float64(-17434.07364225847)}]
------------------------------------------
  Seed: s-wave+px
F_onsite: (-0.0299096885677705-5.536039346366036e-18j)
F_swave: (0.025291240249021792+3.1220575644609443e-18j), F_dwave: (-1.1275702593849246e-17-1.3721933745519665e-18j)
F_px: (4.186501284531019e-10-4.7993945582612725e-18j), F_py: (-5.204170427930421e-18-3.605078102632709e-18j)
Free_energy = -17434.073564904502
------------------------------------------
[{'stable': {'F_onsite': np.complex128(0.020421584574104465+0.021851850261473692j), 'F_swave': np.complex128(-0.01726819999715796-0.018477612217298996j)}, 'free': np.float64(-17434.07190204054)}, {'stable': {'F_onsite': np.complex128(-0.02990972355677725+0j), 'F_swave': np.complex128(0.025291271470061983+0j)}, 'free': np.float64(-17434.07364225847)}]
------------------------------------------
  Seed: s-wave+py
F_onsite: (-0.029909688567770515-1.3074441675158776e-17j)
F_swave: (0.025291240249021858+1.2379333584562396e-17j), F_dwave: (3.469446951953614e-17+1.6842720760559728e-18j)
F_px: (5.204170427930421e-18-5.818057556452975e-19j), F_py: (4.1865014580033666e-10-3.2803468464790916e-18j)
Free_energy = -17434.0735649045
------------------------------------------
[{'stable': {'F_onsite': np.complex128(0.020421584574104465+0.021851850261473692j), 'F_swave': np.complex128(-0.01726819999715796-0.018477612217298996j)}, 'free': np.float64(-17434.07190204054)}, {'stable': {'F_onsite': np.complex128(-0.02990972355677725+0j), 'F_swave': np.complex128(0.025291271470061983+0j)}, 'free': np.float64(-17434.07364225847)}]
------------------------------------------
====================================
mu=3.01, T=0.0100
====================================
  Seed: normal state
F_onsite: 0j
F_swave: 0j, F_dwave: 0j
F_px: 0j, F_py: 0j
Free_energy = -17409.25615739066
------------------------------------------
[{'stable': {}, 'free': np.float64(-17409.25615739066)}]
------------------------------------------
  Seed: px+i*py
F_onsite: (0.020421634644308715+0.02185190383844273j)
F_swave: (-0.0172682525802895-0.018477668483193117j), F_dwave: (-1.6479873021779667e-17-3.8163916471489756e-17j)
F_px: (2.1497387203694984e-13+2.2978147162788787e-13j), F_py: (2.2978320635136384e-13+2.4605664727950227e-13j)
Free_energy = -17434.072259086926
------------------------------------------
[{'stable': {'F_onsite': np.complex128(0.020421634644308715+0.02185190383844273j), 'F_swave': np.complex128(-0.0172682525802895-0.018477668483193117j)}, 'free': np.float64(-17434.072259086926)}]
------------------------------------------
  Seed: s-wave
F_onsite: (-0.02990938339196175+0j)
F_swave: (0.02529097951310339+0j), F_dwave: (-2.2551405187698492e-17+0j)
F_px: -7.421279167368552e-18j, F_py: -3.35192113052208e-18j
Free_energy = -17434.073085122513
------------------------------------------
[{'stable': {'F_onsite': np.complex128(0.020421634644308715+0.02185190383844273j), 'F_swave': np.complex128(-0.0172682525802895-0.018477668483193117j)}, 'free': np.float64(-17434.072259086926)}, {'stable': {'F_onsite': np.complex128(-0.02990938339196175+0j), 'F_swave': np.complex128(0.02529097951310339+0j)}, 'free': np.float64(-17434.073085122513)}]
------------------------------------------
  Seed: s-wave+px
F_onsite: (-0.029909366782881017-4.4826555981529344e-18j)
F_swave: (0.02529096469277721+5.647909813173268e-18j), F_dwave: (-5.724587470723463e-17+2.1192764340302594e-18j)
F_px: (1.2237113405921818e-10-1.7056067184149405e-18j), F_py: (3.469446951953614e-18-3.602960520264573e-18j)
Free_energy = -17434.073048405484
------------------------------------------
[{'stable': {'F_onsite': np.complex128(0.020421634644308715+0.02185190383844273j), 'F_swave': np.complex128(-0.0172682525802895-0.018477668483193117j)}, 'free': np.float64(-17434.072259086926)}, {'stable': {'F_onsite': np.complex128(-0.02990938339196175+0j), 'F_swave': np.complex128(0.02529097951310339+0j)}, 'free': np.float64(-17434.073085122513)}]
------------------------------------------
  Seed: s-wave+py
F_onsite: (-0.029909366782881076-1.296300826810831e-17j)
F_swave: (0.025290964692777227+1.2624337864555702e-17j), F_dwave: (-1.9081958235744878e-17+1.177322857124274e-18j)
F_px: (5.204170427930421e-18-3.0731414117570084e-18j), F_py: (1.2237113405921818e-10-3.570667389150503e-18j)
Free_energy = -17434.073048405484
------------------------------------------
[{'stable': {'F_onsite': np.complex128(0.020421634644308715+0.02185190383844273j), 'F_swave': np.complex128(-0.0172682525802895-0.018477668483193117j)}, 'free': np.float64(-17434.072259086926)}, {'stable': {'F_onsite': np.complex128(-0.02990938339196175+0j), 'F_swave': np.complex128(0.02529097951310339+0j)}, 'free': np.float64(-17434.073085122513)}]
------------------------------------------
====================================
mu=3.01, T=0.0130
====================================
  Seed: normal state
F_onsite: 0j
F_swave: 0j, F_dwave: 0j
F_px: 0j, F_py: 0j
Free_energy = -17409.386708921218
------------------------------------------
[{'stable': {}, 'free': np.float64(-17409.386708921218)}]
------------------------------------------
  Seed: px+i*py
F_onsite: (0.020420320414326086+0.021850497563788356j)
F_swave: (-0.017267197316305945-0.018476539311728893j), F_dwave: (-2.168404344971009e-17-4.336808689942018e-18j)
F_px: (6.284209264073581e-14+6.719971801238955e-14j), F_py: (6.717716660720185e-14+7.189214501490682e-14j)
Free_energy = -17434.070945625273
------------------------------------------
[{'stable': {'F_onsite': np.complex128(0.020420320414326086+0.021850497563788356j), 'F_swave': np.complex128(-0.017267197316305945-0.018476539311728893j)}, 'free': np.float64(-17434.070945625273)}]
------------------------------------------
  Seed: s-wave
F_onsite: (-0.02990726249030229+0j)
F_swave: (0.025289258994353962+0j), F_dwave: (2.7755575615628914e-17+0j)
F_px: -2.771915319889698e-19j, F_py: -3.762732109940416e-18j
Free_energy = -17434.071337887613
------------------------------------------
[{'stable': {'F_onsite': np.complex128(0.020420320414326086+0.021850497563788356j), 'F_swave': np.complex128(-0.017267197316305945-0.018476539311728893j)}, 'free': np.float64(-17434.070945625273)}, {'stable': {'F_onsite': np.complex128(-0.02990726249030229+0j), 'F_swave': np.complex128(0.025289258994353962+0j)}, 'free': np.float64(-17434.071337887613)}]
------------------------------------------
  Seed: s-wave+px
F_onsite: (-0.029907254598360723-8.91241470631669e-18j)
F_swave: (0.025289251952942883+8.385361480021556e-18j), F_dwave: (-8.847089727481716e-17+1.3863282368592727e-18j)
F_px: (3.576763711599096e-11+5.489832289391934e-19j), F_py: (3.469446951953614e-18-3.3836848660441163e-18j)
Free_energy = -17434.07132045184
------------------------------------------
[{'stable': {'F_onsite': np.complex128(0.020420320414326086+0.021850497563788356j), 'F_swave': np.complex128(-0.017267197316305945-0.018476539311728893j)}, 'free': np.float64(-17434.070945625273)}, {'stable': {'F_onsite': np.complex128(-0.02990726249030229+0j), 'F_swave': np.complex128(0.025289258994353962+0j)}, 'free': np.float64(-17434.071337887613)}]
------------------------------------------
  Seed: s-wave+py
F_onsite: (-0.0299072545983607-1.7164824313601266e-17j)
F_swave: (0.025289251952942883+1.3636065780491761e-17j), F_dwave: (2.0816681711721685e-17-3.4463653041409345e-19j)
F_px: (-5.204170427930421e-18-4.217165286142348e-18j), F_py: (3.576764925905529e-11-3.8042367243558764e-18j)
Free_energy = -17434.07132045184
------------------------------------------
[{'stable': {'F_onsite': np.complex128(0.020420320414326086+0.021850497563788356j), 'F_swave': np.complex128(-0.017267197316305945-0.018476539311728893j)}, 'free': np.float64(-17434.070945625273)}, {'stable': {'F_onsite': np.complex128(-0.02990726249030229+0j), 'F_swave': np.complex128(0.025289258994353962+0j)}, 'free': np.float64(-17434.071337887613)}]
------------------------------------------
====================================
mu=3.01, T=0.0160
====================================
  Seed: normal state
F_onsite: 0j
F_swave: 0j, F_dwave: 0j
F_px: 0j, F_py: 0j
Free_energy = -17409.5439672909
------------------------------------------
[{'stable': {}, 'free': np.float64(-17409.5439672909)}]
------------------------------------------
  Seed: px+i*py
F_onsite: (0.020408279216049652+0.0218376130365987j)
F_swave: (-0.017257048799988853-0.01846568002418782j), F_dwave: (-3.469446951953614e-18+3.642919299551295e-17j)
F_px: (1.5421691701433815e-15+1.6948248360293405e-15j), F_py: (1.7069679003611782e-15+1.8318679906315083e-15j)
Free_energy = -17434.047147256828
------------------------------------------
[{'stable': {'F_onsite': np.complex128(0.020408279216049652+0.0218376130365987j), 'F_swave': np.complex128(-0.017257048799988853-0.01846568002418782j)}, 'free': np.float64(-17434.047147256828)}]
------------------------------------------
  Seed: s-wave
F_onsite: (-0.029889468972252965+0j)
F_swave: (0.025274254502866206+0j), F_dwave: (-2.6020852139652106e-17+0j)
F_px: -5.958876783934003e-18j, F_py: -3.922186062261038e-18j
Free_energy = -17434.047189698485
------------------------------------------
[{'stable': {'F_onsite': np.complex128(0.020408279216049652+0.0218376130365987j), 'F_swave': np.complex128(-0.017257048799988853-0.01846568002418782j)}, 'free': np.float64(-17434.047147256828)}, {'stable': {'F_onsite': np.complex128(-0.029889468972252965+0j), 'F_swave': np.complex128(0.025274254502866206+0j)}, 'free': np.float64(-17434.047189698485)}]
------------------------------------------
  Seed: s-wave+px
F_onsite: (-0.029889468115866364-4.728034588108211e-18j)
F_swave: (0.025274253739048146+5.3968704234307746e-18j), F_dwave: (1.3877787807814457e-17+1.3811930996165435e-18j)
F_px: (8.92909010619114e-13-5.9356892570029164e-18j), F_py: (-3.469446951953614e-18-3.52990392856389e-18j)
Free_energy = -17434.04718781192
------------------------------------------
[{'stable': {'F_onsite': np.complex128(0.020408279216049652+0.0218376130365987j), 'F_swave': np.complex128(-0.017257048799988853-0.01846568002418782j)}, 'free': np.float64(-17434.047147256828)}, {'stable': {'F_onsite': np.complex128(-0.029889468972252965+0j), 'F_swave': np.complex128(0.025274254502866206+0j)}, 'free': np.float64(-17434.047189698485)}]
------------------------------------------
  Seed: s-wave+py
F_onsite: (-0.029889468115866454-1.530883052461314e-17j)
F_swave: (0.025274253739048187+1.1377558305756576e-17j), F_dwave: (4.9439619065339e-17-1.3466765070159308e-18j)
F_px: (3.469446951953614e-18-7.11581791076497e-18j), F_py: (8.928534994678827e-13-3.729168429405464e-18j)
Free_energy = -17434.04718781192
------------------------------------------
[{'stable': {'F_onsite': np.complex128(0.020408279216049652+0.0218376130365987j), 'F_swave': np.complex128(-0.017257048799988853-0.01846568002418782j)}, 'free': np.float64(-17434.047147256828)}, {'stable': {'F_onsite': np.complex128(-0.029889468972252965+0j), 'F_swave': np.complex128(0.025274254502866206+0j)}, 'free': np.float64(-17434.047189698485)}]
------------------------------------------
====================================
mu=3.01, T=0.0190
====================================
  Seed: normal state
F_onsite: 0j
F_swave: 0j, F_dwave: 0j
F_px: 0j, F_py: 0j
Free_energy = -17409.72831838583
------------------------------------------
[{'stable': {}, 'free': np.float64(-17409.72831838583)}]
------------------------------------------
  Seed: px+i*py
F_onsite: (0.020372628759097827+0.021799465730044806j)
F_swave: (-0.017226956078083153-0.018433479699543197j), F_dwave: (-1.734723475976807e-18-3.469446951953614e-18j)
F_px: (2.7755575615628914e-17+6.938893903907228e-18j), F_py: (1.734723475976807e-17+0j)
Free_energy = -17433.97637951503
------------------------------------------
[{'stable': {'F_onsite': np.complex128(0.020372628759097827+0.021799465730044806j), 'F_swave': np.complex128(-0.017226956078083153-0.018433479699543197j)}, 'free': np.float64(-17433.97637951503)}]
------------------------------------------
  Seed: s-wave
F_onsite: (-0.02983723766535722+0j)
F_swave: (0.02523016491865524+0j), F_dwave: (1.3877787807814457e-17+0j)
F_px: 3.063294653745177e-18j, F_py: -3.4455182711936802e-18j
Free_energy = -17433.976381084532
------------------------------------------
[{'stable': {'F_onsite': np.complex128(0.020372628759097827+0.021799465730044806j), 'F_swave': np.complex128(-0.017226956078083153-0.018433479699543197j)}, 'free': np.float64(-17433.97637951503)}, {'stable': {'F_onsite': np.complex128(-0.02983723766535722+0j), 'F_swave': np.complex128(0.02523016491865524+0j)}, 'free': np.float64(-17433.976381084532)}]
------------------------------------------
  Seed: s-wave+px
F_onsite: (-0.02983723763345675-6.4391591330705814e-18j)
F_swave: (0.025230164890227044+5.070921557415479e-18j), F_dwave: (-2.7755575615628914e-17+4.240988087783875e-19j)
F_px: (3.505876144949127e-15-2.9384631731435747e-18j), F_py: -2.9224754262641497e-18j
Free_energy = -17433.97638101483
------------------------------------------
[{'stable': {'F_onsite': np.complex128(0.020372628759097827+0.021799465730044806j), 'F_swave': np.complex128(-0.017226956078083153-0.018433479699543197j)}, 'free': np.float64(-17433.97637951503)}, {'stable': {'F_onsite': np.complex128(-0.02983723766535722+0j), 'F_swave': np.complex128(0.02523016491865524+0j)}, 'free': np.float64(-17433.976381084532)}]
------------------------------------------
  Seed: s-wave+py
F_onsite: (-0.029837237633456744-7.97163166024135e-18j)
F_swave: (0.025230164890227093+7.071083983238103e-18j), F_dwave: (-2.6020852139652106e-17+6.880554509665088e-19j)
F_px: (-6.938893903907228e-18-5.352930589291958e-18j), F_py: (3.570060913560269e-15-3.423707172801882e-18j)
Free_energy = -17433.97638101483
------------------------------------------
[{'stable': {'F_onsite': np.complex128(0.020372628759097827+0.021799465730044806j), 'F_swave': np.complex128(-0.017226956078083153-0.018433479699543197j)}, 'free': np.float64(-17433.97637951503)}, {'stable': {'F_onsite': np.complex128(-0.02983723766535722+0j), 'F_swave': np.complex128(0.02523016491865524+0j)}, 'free': np.float64(-17433.976381084532)}]
------------------------------------------
====================================
mu=3.01, T=0.0220
====================================
  Seed: normal state
F_onsite: 0j
F_swave: 0j, F_dwave: 0j
F_px: 0j, F_py: 0j
Free_energy = -17409.940497388478
------------------------------------------
[{'stable': {}, 'free': np.float64(-17409.940497388478)}]
------------------------------------------
  Seed: px+i*py
F_onsite: (0.020298433200106738+0.021720073739709793j)
F_swave: (-0.017164343503811075-0.018366481930956358j), F_dwave: (1.474514954580286e-17+0j)
F_px: (-7.979727989493313e-17-7.112366251504909e-17j), F_py: (-5.204170427930421e-18-6.938893903907228e-18j)
Free_energy = -17433.83162885114
------------------------------------------
[{'stable': {'F_onsite': np.complex128(0.020298433200106738+0.021720073739709793j), 'F_swave': np.complex128(-0.017164343503811075-0.018366481930956358j)}, 'free': np.float64(-17433.83162885114)}]
------------------------------------------
  Seed: s-wave
F_onsite: (-0.029728572022102127+0j)
F_swave: (0.025138463498507464+0j), F_dwave: (-4.163336342344337e-17+0j)
F_px: -3.0652004778764994e-18j, F_py: -3.602219366435726e-18j
Free_energy = -17433.831628881515
------------------------------------------
[{'stable': {'F_onsite': np.complex128(0.020298433200106738+0.021720073739709793j), 'F_swave': np.complex128(-0.017164343503811075-0.018366481930956358j)}, 'free': np.float64(-17433.83162885114)}, {'stable': {'F_onsite': np.complex128(-0.029728572022102127+0j), 'F_swave': np.complex128(0.025138463498507464+0j)}, 'free': np.float64(-17433.831628881515)}]
------------------------------------------
  Seed: s-wave+px
F_onsite: (-0.029728572021477453-9.484867340239325e-18j)
F_swave: (0.025138463497951517+8.155974369993251e-18j), F_dwave: (-1.9949319973733282e-17+2.837560373301906e-20j)
F_px: (3.469446951953614e-18-3.923562490800326e-18j), F_py: (-5.204170427930421e-18-3.800954471685266e-18j)
Free_energy = -17433.831628880118
------------------------------------------
[{'stable': {'F_onsite': np.complex128(0.020298433200106738+0.021720073739709793j), 'F_swave': np.complex128(-0.017164343503811075-0.018366481930956358j)}, 'free': np.float64(-17433.83162885114)}, {'stable': {'F_onsite': np.complex128(-0.029728572022102127+0j), 'F_swave': np.complex128(0.025138463498507464+0j)}, 'free': np.float64(-17433.831628881515)}]
------------------------------------------
  Seed: s-wave+py
F_onsite: (-0.02972857202147746-1.201862605273308e-17j)
F_swave: (0.025138463497951527+1.0737677853665155e-17j), F_dwave: (-1.9949319973733282e-17+9.41635939550765e-19j)
F_px: (-3.469446951953614e-18-4.2751870430292674e-18j), F_py: (5.204170427930421e-18-3.1248104215395207e-18j)
Free_energy = -17433.831628880118
------------------------------------------
[{'stable': {'F_onsite': np.complex128(0.020298433200106738+0.021720073739709793j), 'F_swave': np.complex128(-0.017164343503811075-0.018366481930956358j)}, 'free': np.float64(-17433.83162885114)}, {'stable': {'F_onsite': np.complex128(-0.029728572022102127+0j), 'F_swave': np.complex128(0.025138463498507464+0j)}, 'free': np.float64(-17433.831628881515)}]
------------------------------------------
====================================
mu=3.01, T=0.0250
====================================
  Seed: normal state
F_onsite: 0j
F_swave: 0j, F_dwave: 0j
F_px: 0j, F_py: 0j
Free_energy = -17410.181231507795
------------------------------------------
[{'stable': {}, 'free': np.float64(-17410.181231507795)}]
------------------------------------------
  Seed: px+i*py
F_onsite: (0.02017055939387806+0.02158324404092015j)
F_swave: (-0.017056426396001925-0.01825100663706113j), F_dwave: (-3.2959746043559335e-17+4.597017211338539e-17j)
F_px: (-8.673617379884035e-18+1.5612511283791264e-17j), F_py: (3.469446951953614e-18+8.673617379884035e-18j)
Free_energy = -17433.58627934643
------------------------------------------
[{'stable': {'F_onsite': np.complex128(0.02017055939387806+0.02158324404092015j), 'F_swave': np.complex128(-0.017056426396001925-0.01825100663706113j)}, 'free': np.float64(-17433.58627934643)}]
------------------------------------------
  Seed: s-wave
F_onsite: (-0.02954129126495914+0j)
F_swave: (0.0249804108187842+0j), F_dwave: 0j
F_px: -9.312703738587405e-18j, F_py: -4.559366596833085e-18j
Free_energy = -17433.586279346775
------------------------------------------
[{'stable': {'F_onsite': np.complex128(0.02017055939387806+0.02158324404092015j), 'F_swave': np.complex128(-0.017056426396001925-0.01825100663706113j)}, 'free': np.float64(-17433.58627934643)}, {'stable': {'F_onsite': np.complex128(-0.02954129126495914+0j), 'F_swave': np.complex128(0.0249804108187842+0j)}, 'free': np.float64(-17433.586279346775)}]
------------------------------------------
  Seed: s-wave+px
F_onsite: (-0.029541291264952366-1.136092823276681e-17j)
F_swave: (0.024980410818778265+1.0971141309752122e-17j), F_dwave: (3.0357660829594124e-17+1.51825361839413e-18j)
F_px: -2.600497027189109e-18j, F_py: (1.734723475976807e-18-2.9127345473707253e-18j)
Free_energy = -17433.586279346768
------------------------------------------
[{'stable': {'F_onsite': np.complex128(0.02017055939387806+0.02158324404092015j), 'F_swave': np.complex128(-0.017056426396001925-0.01825100663706113j)}, 'free': np.float64(-17433.58627934643)}, {'stable': {'F_onsite': np.complex128(-0.02954129126495914+0j), 'F_swave': np.complex128(0.0249804108187842+0j)}, 'free': np.float64(-17433.586279346775)}]
------------------------------------------
  Seed: s-wave+py
F_onsite: (-0.02954129126495236-1.333444166756828e-17j)
F_swave: (0.02498041081877827+1.2797873739624427e-17j), F_dwave: (2.7755575615628914e-17+1.4934779046869417e-18j)
F_px: (-1.734723475976807e-18+1.9820570965750628e-19j), F_py: (3.469446951953614e-18-2.451419228472352e-18j)
Free_energy = -17433.586279346768
------------------------------------------
[{'stable': {'F_onsite': np.complex128(0.02017055939387806+0.02158324404092015j), 'F_swave': np.complex128(-0.017056426396001925-0.01825100663706113j)}, 'free': np.float64(-17433.58627934643)}, {'stable': {'F_onsite': np.complex128(-0.02954129126495914+0j), 'F_swave': np.complex128(0.0249804108187842+0j)}, 'free': np.float64(-17433.586279346775)}]
------------------------------------------
====================================
mu=3.01, T=0.0280
====================================
  Seed: normal state
F_onsite: 0j
F_swave: 0j, F_dwave: 0j
F_px: 0j, F_py: 0j
Free_energy = -17410.451120898386
------------------------------------------
[{'stable': {}, 'free': np.float64(-17410.451120898386)}]
------------------------------------------
  Seed: px+i*py
F_onsite: (0.019975982359246913+0.021375039422436484j)
F_swave: (-0.016892215421935454-0.018075294825689404j), F_dwave: (3.9898639947466563e-17-6.071532165918825e-18j)
F_px: (3.469446951953614e-18+4.5102810375396984e-17j), F_py: (-1.734723475976807e-17+8.673617379884035e-18j)
Free_energy = -17433.22062221654
------------------------------------------
[{'stable': {'F_onsite': np.complex128(0.019975982359246913+0.021375039422436484j), 'F_swave': np.complex128(-0.016892215421935454-0.018075294825689404j)}, 'free': np.float64(-17433.22062221654)}]
------------------------------------------
  Seed: s-wave
F_onsite: (-0.02925631865986775+0j)
F_swave: (0.024739911578191262+0j), F_dwave: (2.42861286636753e-17+0j)
F_px: 1.4145450219146816e-19j, F_py: -3.6481709038242716e-18j
Free_energy = -17433.220622216537
------------------------------------------
[{'stable': {'F_onsite': np.complex128(0.019975982359246913+0.021375039422436484j), 'F_swave': np.complex128(-0.016892215421935454-0.018075294825689404j)}, 'free': np.float64(-17433.22062221654)}, {'stable': {'F_onsite': np.complex128(-0.02925631865986775+0j), 'F_swave': np.complex128(0.024739911578191262+0j)}, 'free': np.float64(-17433.220622216537)}]
------------------------------------------
  Seed: s-wave+px
F_onsite: (-0.02925631865986772-8.595711646180483e-18j)
F_swave: (0.024739911578191238+8.213572610406544e-18j), F_dwave: (2.688821387764051e-17+9.547120106740033e-19j)
F_px: -3.466482336638224e-19j, F_py: (1.734723475976807e-18-3.552667939021349e-18j)
Free_energy = -17433.220622216537
------------------------------------------
[{'stable': {'F_onsite': np.complex128(0.019975982359246913+0.021375039422436484j), 'F_swave': np.complex128(-0.016892215421935454-0.018075294825689404j)}, 'free': np.float64(-17433.22062221654)}, {'stable': {'F_onsite': np.complex128(-0.02925631865986775+0j), 'F_swave': np.complex128(0.024739911578191262+0j)}, 'free': np.float64(-17433.220622216537)}]
------------------------------------------
  Seed: s-wave+py
F_onsite: (-0.02925631865986772-1.0917470629007114e-17j)
F_swave: (0.02473991157819124+9.909967845520094e-18j), F_dwave: (2.2551405187698492e-17+1.2631378825929754e-18j)
F_px: (-1.734723475976807e-18+4.217165286142348e-19j), F_py: (3.469446951953614e-18-3.485646457069853e-18j)
Free_energy = -17433.220622216537
------------------------------------------
[{'stable': {'F_onsite': np.complex128(0.019975982359246913+0.021375039422436484j), 'F_swave': np.complex128(-0.016892215421935454-0.018075294825689404j)}, 'free': np.float64(-17433.22062221654)}, {'stable': {'F_onsite': np.complex128(-0.02925631865986775+0j), 'F_swave': np.complex128(0.024739911578191262+0j)}, 'free': np.float64(-17433.220622216537)}]
------------------------------------------
====================================
mu=3.01, T=0.0310
====================================
  Seed: normal state
F_onsite: 0j
F_swave: 0j, F_dwave: 0j
F_px: 0j, F_py: 0j
Free_energy = -17410.750616103265
------------------------------------------
[{'stable': {}, 'free': np.float64(-17410.750616103265)}]
------------------------------------------
  Seed: px+i*py
F_onsite: (0.019703582445116646+0.021083561446610794j)
F_swave: (-0.016662339510396758-0.017829319104293535j), F_dwave: (-2.2551405187698492e-17-1.9949319973733282e-17j)
F_px: (-1.214306433183765e-17+1.734723475976807e-18j), F_py: (1.0408340855860843e-17+1.734723475976807e-18j)
Free_energy = -17432.721676351874
------------------------------------------
[{'stable': {'F_onsite': np.complex128(0.019703582445116646+0.021083561446610794j), 'F_swave': np.complex128(-0.016662339510396758-0.017829319104293535j)}, 'free': np.float64(-17432.721676351874)}]
------------------------------------------
  Seed: s-wave
F_onsite: (-0.028857368633410097+0j)
F_swave: (0.024403241130687033+0j), F_dwave: (-1.734723475976807e-17+0j)
F_px: -9.500109778167419e-18j, F_py: -3.6098426629610145e-18j
Free_energy = -17432.72167635187
------------------------------------------
[{'stable': {'F_onsite': np.complex128(0.019703582445116646+0.021083561446610794j), 'F_swave': np.complex128(-0.016662339510396758-0.017829319104293535j)}, 'free': np.float64(-17432.721676351874)}, {'stable': {'F_onsite': np.complex128(-0.028857368633410097+0j), 'F_swave': np.complex128(0.024403241130687033+0j)}, 'free': np.float64(-17432.72167635187)}]
------------------------------------------
  Seed: s-wave+px
F_onsite: (-0.028857368633410093-7.488523226846216e-18j)
F_swave: (0.024403241130687026+6.348459000111778e-18j), F_dwave: (-2.168404344971009e-17+1.232962333847041e-19j)
F_px: (1.734723475976807e-18-6.043580078659433e-18j), F_py: (-1.734723475976807e-18-4.246070285467401e-18j)
Free_energy = -17432.72167635187
------------------------------------------
[{'stable': {'F_onsite': np.complex128(0.019703582445116646+0.021083561446610794j), 'F_swave': np.complex128(-0.016662339510396758-0.017829319104293535j)}, 'free': np.float64(-17432.721676351874)}, {'stable': {'F_onsite': np.complex128(-0.028857368633410097+0j), 'F_swave': np.complex128(0.024403241130687033+0j)}, 'free': np.float64(-17432.72167635187)}]
------------------------------------------
  Seed: s-wave+py
F_onsite: (-0.028857368633410093-1.4294634681718054e-17j)
F_swave: (0.024403241130687026+1.3121016809001943e-17j), F_dwave: (-2.42861286636753e-17+1.9634753112946716e-18j)
F_px: (1.734723475976807e-18-7.189509777176094e-18j), F_py: (-3.469446951953614e-18-3.686287386450715e-18j)
Free_energy = -17432.72167635187
------------------------------------------
[{'stable': {'F_onsite': np.complex128(0.019703582445116646+0.021083561446610794j), 'F_swave': np.complex128(-0.016662339510396758-0.017829319104293535j)}, 'free': np.float64(-17432.721676351874)}, {'stable': {'F_onsite': np.complex128(-0.028857368633410097+0j), 'F_swave': np.complex128(0.024403241130687033+0j)}, 'free': np.float64(-17432.72167635187)}]
------------------------------------------
====================================
mu=3.01, T=0.0340
====================================
  Seed: normal state
F_onsite: 0j
F_swave: 0j, F_dwave: 0j
F_px: 0j, F_py: 0j
Free_energy = -17411.080034352395
------------------------------------------
[{'stable': {}, 'free': np.float64(-17411.080034352395)}]
------------------------------------------
  Seed: px+i*py
F_onsite: (0.019341485955710436+0.020696104820118518j)
F_swave: (-0.016356723735415878-0.017502298929723235j), F_dwave: (1.6479873021779667e-17+1.9081958235744878e-17j)
F_px: (3.469446951953614e-17-3.469446951953614e-17j), F_py: (-5.204170427930421e-18+0j)
Free_energy = -17432.076581895257
------------------------------------------
[{'stable': {'F_onsite': np.complex128(0.019341485955710436+0.020696104820118518j), 'F_swave': np.complex128(-0.016356723735415878-0.017502298929723235j)}, 'free': np.float64(-17432.076581895257)}]
------------------------------------------
  Seed: s-wave
F_onsite: (-0.0283270512708305+0j)
F_swave: (0.02395564399430944+0j), F_dwave: (-3.122502256758253e-17+0j)
F_px: -4.8636631831341925e-18j, F_py: -3.3078754172648564e-18j
Free_energy = -17432.076581895257
------------------------------------------
[{'stable': {'F_onsite': np.complex128(0.019341485955710436+0.020696104820118518j), 'F_swave': np.complex128(-0.016356723735415878-0.017502298929723235j)}, 'free': np.float64(-17432.076581895257)}, {'stable': {'F_onsite': np.complex128(-0.0283270512708305+0j), 'F_swave': np.complex128(0.02395564399430944+0j)}, 'free': np.float64(-17432.076581895257)}]
------------------------------------------
  Seed: s-wave+px
F_onsite: (-0.0283270512708305-8.150419923480257e-18j)
F_swave: (0.02395564399430944+8.350527250065723e-18j), F_dwave: (-3.122502256758253e-17+1.5074539483166376e-18j)
F_px: (-6.938893903907228e-18-3.294534648345601e-18j), F_py: -3.0797059170982292e-18j
Free_energy = -17432.076581895257
------------------------------------------
[{'stable': {'F_onsite': np.complex128(0.019341485955710436+0.020696104820118518j), 'F_swave': np.complex128(-0.016356723735415878-0.017502298929723235j)}, 'free': np.float64(-17432.076581895257)}, {'stable': {'F_onsite': np.complex128(-0.0283270512708305+0j), 'F_swave': np.complex128(0.02395564399430944+0j)}, 'free': np.float64(-17432.076581895257)}]
------------------------------------------
  Seed: s-wave+py
F_onsite: (-0.028327051270830503-9.748048311264951e-18j)
F_swave: (0.02395564399430944+9.767825129058981e-18j), F_dwave: (-3.122502256758253e-17+1.7020597679483131e-18j)
F_px: -4.152790782151021e-18j, F_py: -3.199349320897899e-18j
Free_energy = -17432.076581895257
------------------------------------------
[{'stable': {'F_onsite': np.complex128(0.019341485955710436+0.020696104820118518j), 'F_swave': np.complex128(-0.016356723735415878-0.017502298929723235j)}, 'free': np.float64(-17432.076581895257)}, {'stable': {'F_onsite': np.complex128(-0.0283270512708305+0j), 'F_swave': np.complex128(0.02395564399430944+0j)}, 'free': np.float64(-17432.076581895257)}]
------------------------------------------
====================================
mu=3.01, T=0.0370
====================================
  Seed: normal state
F_onsite: 0j
F_swave: 0j, F_dwave: 0j
F_px: 0j, F_py: 0j
Free_energy = -17411.4395880173
------------------------------------------
[{'stable': {}, 'free': np.float64(-17411.4395880173)}]
------------------------------------------
  Seed: px+i*py
F_onsite: (0.018879110033308277+0.020201345494063862j)
F_swave: (-0.015966432572135876-0.017084672960130623j), F_dwave: (-3.209238430557093e-17+1.5612511283791264e-17j)
F_px: (-1.9081958235744878e-17-1.9081958235744878e-17j), F_py: (-1.214306433183765e-17-1.0408340855860843e-17j)
Free_energy = -17431.28029385286
------------------------------------------
[{'stable': {'F_onsite': np.complex128(0.018879110033308277+0.020201345494063862j), 'F_swave': np.complex128(-0.015966432572135876-0.017084672960130623j)}, 'free': np.float64(-17431.28029385286)}]
------------------------------------------
  Seed: s-wave
F_onsite: (-0.02764986718630461+0j)
F_swave: (0.023384033425292074+0j), F_dwave: (2.2551405187698492e-17+0j)
F_px: -1.0070798226380004e-17j, F_py: -3.8057190320135714e-18j
Free_energy = -17431.280293852862
------------------------------------------
[{'stable': {'F_onsite': np.complex128(0.018879110033308277+0.020201345494063862j), 'F_swave': np.complex128(-0.015966432572135876-0.017084672960130623j)}, 'free': np.float64(-17431.28029385286)}, {'stable': {'F_onsite': np.complex128(-0.02764986718630461+0j), 'F_swave': np.complex128(0.023384033425292074+0j)}, 'free': np.float64(-17431.280293852862)}]
------------------------------------------
  Seed: s-wave+px
F_onsite: (-0.02764986718630461-6.9326344167444425e-18j)
F_swave: (0.023384033425292074+6.571546302594879e-18j), F_dwave: (2.0816681711721685e-17+8.734497872967938e-19j)
F_px: (3.469446951953614e-18-7.558286746586936e-18j), F_py: -3.998313148395518e-18j
Free_energy = -17431.280293852855
------------------------------------------
[{'stable': {'F_onsite': np.complex128(0.018879110033308277+0.020201345494063862j), 'F_swave': np.complex128(-0.015966432572135876-0.017084672960130623j)}, 'free': np.float64(-17431.28029385286)}, {'stable': {'F_onsite': np.complex128(-0.02764986718630461+0j), 'F_swave': np.complex128(0.023384033425292074+0j)}, 'free': np.float64(-17431.280293852862)}]
------------------------------------------
  Seed: s-wave+py
F_onsite: (-0.02764986718630461-8.886416281090789e-18j)
F_swave: (0.023384033425292078+7.50656479724522e-18j), F_dwave: (2.168404344971009e-17-3.0456128409712437e-19j)
F_px: (6.938893903907228e-18-1.0213417398873947e-17j), F_py: (-1.734723475976807e-18-3.1609152009162353e-18j)
Free_energy = -17431.280293852855
------------------------------------------
[{'stable': {'F_onsite': np.complex128(0.018879110033308277+0.020201345494063862j), 'F_swave': np.complex128(-0.015966432572135876-0.017084672960130623j)}, 'free': np.float64(-17431.28029385286)}, {'stable': {'F_onsite': np.complex128(-0.02764986718630461+0j), 'F_swave': np.complex128(0.023384033425292074+0j)}, 'free': np.float64(-17431.280293852862)}]
------------------------------------------
====================================
mu=3.01, T=0.0400
====================================
  Seed: normal state
F_onsite: 0j
F_swave: 0j, F_dwave: 0j
F_px: 0j, F_py: 0j
Free_energy = -17411.82941305825
------------------------------------------
[{'stable': {}, 'free': np.float64(-17411.82941305825)}]
------------------------------------------
  Seed: px+i*py
F_onsite: (0.018303582796999257+0.019585510080137432j)
F_swave: (-0.015480549036492387-0.016564759619083567j), F_dwave: (1.1275702593849246e-17+8.673617379884035e-19j)
F_px: (-5.724587470723463e-17+1.214306433183765e-17j), F_py: (3.469446951953614e-18+5.204170427930421e-18j)
Free_energy = -17430.327354782574
------------------------------------------
[{'stable': {'F_onsite': np.complex128(0.018303582796999257+0.019585510080137432j), 'F_swave': np.complex128(-0.015480549036492387-0.016564759619083567j)}, 'free': np.float64(-17430.327354782574)}]
------------------------------------------
  Seed: s-wave
F_onsite: (-0.026806964548522872+0j)
F_swave: (0.02267242068481576+0j), F_dwave: (3.2959746043559335e-17+0j)
F_px: -1.226630762566315e-17j, F_py: -3.495493215081684e-18j
Free_energy = -17430.327354782574
------------------------------------------
[{'stable': {'F_onsite': np.complex128(0.018303582796999257+0.019585510080137432j), 'F_swave': np.complex128(-0.015480549036492387-0.016564759619083567j)}, 'free': np.float64(-17430.327354782574)}, {'stable': {'F_onsite': np.complex128(-0.026806964548522872+0j), 'F_swave': np.complex128(0.02267242068481576+0j)}, 'free': np.float64(-17430.327354782574)}]
------------------------------------------
  Seed: s-wave+px
F_onsite: (-0.026806964548522872-2.2071275479706417e-18j)
F_swave: (0.02267242068481576+2.1741218173649754e-18j), F_dwave: (3.8163916471489756e-17+3.789413647778926e-19j)
F_px: (-3.469446951953614e-18-1.2169004715847313e-17j), F_py: -3.65547656299434e-18j
Free_energy = -17430.327354782574
------------------------------------------
[{'stable': {'F_onsite': np.complex128(0.018303582796999257+0.019585510080137432j), 'F_swave': np.complex128(-0.015480549036492387-0.016564759619083567j)}, 'free': np.float64(-17430.327354782574)}, {'stable': {'F_onsite': np.complex128(-0.026806964548522872+0j), 'F_swave': np.complex128(0.02267242068481576+0j)}, 'free': np.float64(-17430.327354782574)}]
------------------------------------------
  Seed: s-wave+py
F_onsite: (-0.026806964548522882-6.956880021728134e-18j)
F_swave: (0.022672420684815765+6.828038466935322e-18j), F_dwave: (4.0766001685454967e-17+1.2935251895757234e-18j)
F_px: (1.734723475976807e-18-4.991988674643219e-18j), F_py: (-1.734723475976807e-18-3.608148597066506e-18j)
Free_energy = -17430.327354782574
------------------------------------------
[{'stable': {'F_onsite': np.complex128(0.018303582796999257+0.019585510080137432j), 'F_swave': np.complex128(-0.015480549036492387-0.016564759619083567j)}, 'free': np.float64(-17430.327354782574)}, {'stable': {'F_onsite': np.complex128(-0.026806964548522872+0j), 'F_swave': np.complex128(0.02267242068481576+0j)}, 'free': np.float64(-17430.327354782574)}]
------------------------------------------
====================================
mu=3.01, T=0.0430
====================================
  Seed: normal state
F_onsite: 0j
F_swave: 0j, F_dwave: 0j
F_px: 0j, F_py: 0j
Free_energy = -17412.24959276438
------------------------------------------
[{'stable': {}, 'free': np.float64(-17412.24959276438)}]
------------------------------------------
  Seed: px+i*py
F_onsite: (0.01760064059325162+0.018833335941885j)
F_swave: (-0.014887001843616483-0.01592964218562536j), F_dwave: (2.1250362580715887e-17-1.3010426069826053e-17j)
F_px: (2.0816681711721685e-17+5.898059818321144e-17j), F_py: (2.6020852139652106e-18-8.673617379884035e-18j)
Free_energy = -17429.21704666702
------------------------------------------
[{'stable': {'F_onsite': np.complex128(0.01760064059325162+0.018833335941885j), 'F_swave': np.complex128(-0.014887001843616483-0.01592964218562536j)}, 'free': np.float64(-17429.21704666702)}]
------------------------------------------
  Seed: s-wave
F_onsite: (-0.02577745317118671+0j)
F_swave: (0.02180312647429024+0j), F_dwave: (4.336808689942018e-17+0j)
F_px: -8.205843434762848e-18j, F_py: -3.2648884951917007e-18j
Free_energy = -17429.217046667018
------------------------------------------
[{'stable': {'F_onsite': np.complex128(0.01760064059325162+0.018833335941885j), 'F_swave': np.complex128(-0.014887001843616483-0.01592964218562536j)}, 'free': np.float64(-17429.21704666702)}, {'stable': {'F_onsite': np.complex128(-0.02577745317118671+0j), 'F_swave': np.complex128(0.02180312647429024+0j)}, 'free': np.float64(-17429.217046667018)}]
------------------------------------------
  Seed: s-wave+px
F_onsite: (-0.025777453171186702-2.0645040549043697e-18j)
F_swave: (0.021803126474290238+9.432770658860702e-19j), F_dwave: (3.9898639947466563e-17-6.38874600466556e-19j)
F_px: -8.597490293749555e-18j, F_py: -3.9900545771597885e-18j
Free_energy = -17429.21704666702
------------------------------------------
[{'stable': {'F_onsite': np.complex128(0.01760064059325162+0.018833335941885j), 'F_swave': np.complex128(-0.014887001843616483-0.01592964218562536j)}, 'free': np.float64(-17429.21704666702)}, {'stable': {'F_onsite': np.complex128(-0.02577745317118671+0j), 'F_swave': np.complex128(0.02180312647429024+0j)}, 'free': np.float64(-17429.217046667018)}]
------------------------------------------
  Seed: s-wave+py
F_onsite: (-0.025777453171186702-7.752832687218777e-18j)
F_swave: (0.021803126474290245+6.380328614752221e-18j), F_dwave: (4.2500725161431774e-17-2.0641134133403231e-19j)
F_px: (-3.469446951953614e-18-3.772367109715433e-18j), F_py: (1.734723475976807e-18-3.568549806782367e-18j)
Free_energy = -17429.21704666702
------------------------------------------
[{'stable': {'F_onsite': np.complex128(0.01760064059325162+0.018833335941885j), 'F_swave': np.complex128(-0.014887001843616483-0.01592964218562536j)}, 'free': np.float64(-17429.21704666702)}, {'stable': {'F_onsite': np.complex128(-0.02577745317118671+0j), 'F_swave': np.complex128(0.02180312647429024+0j)}, 'free': np.float64(-17429.217046667018)}]
------------------------------------------
====================================
mu=3.01, T=0.0460
====================================
  Seed: normal state
F_onsite: 0j
F_swave: 0j, F_dwave: 0j
F_px: 0j, F_py: 0j
Free_energy = -17412.70017576023
------------------------------------------
[{'stable': {}, 'free': np.float64(-17412.70017576023)}]
------------------------------------------
  Seed: px+i*py
F_onsite: (0.016750660305886223+0.017923825619739864j)
F_swave: (-0.014169144889787169-0.015161508713547774j), F_dwave: 7.806255641895632e-18j
F_px: (7.806255641895632e-18+4.0766001685454967e-17j), F_py: (-5.204170427930421e-18+0j)
Free_energy = -17427.947295681362
------------------------------------------
[{'stable': {'F_onsite': np.complex128(0.016750660305886223+0.017923825619739864j), 'F_swave': np.complex128(-0.014169144889787169-0.015161508713547774j)}, 'free': np.float64(-17427.947295681362)}]
------------------------------------------
  Seed: s-wave
F_onsite: (-0.024532593534521238+0j)
F_swave: (0.02075177133111216+0j), F_dwave: (-7.28583859910259e-17+0j)
F_px: 1.558328864711099e-18j, F_py: -2.77382114402102e-18j
Free_energy = -17427.947295681362
------------------------------------------
[{'stable': {'F_onsite': np.complex128(0.016750660305886223+0.017923825619739864j), 'F_swave': np.complex128(-0.014169144889787169-0.015161508713547774j)}, 'free': np.float64(-17427.947295681362)}, {'stable': {'F_onsite': np.complex128(-0.024532593534521238+0j), 'F_swave': np.complex128(0.02075177133111216+0j)}, 'free': np.float64(-17427.947295681362)}]
------------------------------------------
  Seed: s-wave+px
F_onsite: (-0.024532593534521235+2.768571454940166e-18j)
F_swave: (0.020751771331112154-2.5155819742268652e-18j), F_dwave: (-7.112366251504909e-17-1.6273620499123245e-19j)
F_px: (-3.469446951953614e-18+1.2999838157985374e-18j), F_py: -3.183996848728915e-18j
Free_energy = -17427.94729568136
------------------------------------------
[{'stable': {'F_onsite': np.complex128(0.016750660305886223+0.017923825619739864j), 'F_swave': np.complex128(-0.014169144889787169-0.015161508713547774j)}, 'free': np.float64(-17427.947295681362)}, {'stable': {'F_onsite': np.complex128(-0.024532593534521238+0j), 'F_swave': np.complex128(0.02075177133111216+0j)}, 'free': np.float64(-17427.947295681362)}]
------------------------------------------
  Seed: s-wave+py
F_onsite: (-0.02453259353452123-3.747109366411457e-18j)
F_swave: (0.020751771331112154+4.366137205740698e-18j), F_dwave: (-7.025630077706069e-17+6.301395731979961e-19j)
F_px: (5.204170427930421e-18+8.118281403840435e-19j), F_py: (1.734723475976807e-18-3.248953687871479e-18j)
Free_energy = -17427.947295681362
------------------------------------------
[{'stable': {'F_onsite': np.complex128(0.016750660305886223+0.017923825619739864j), 'F_swave': np.complex128(-0.014169144889787169-0.015161508713547774j)}, 'free': np.float64(-17427.947295681362)}, {'stable': {'F_onsite': np.complex128(-0.024532593534521238+0j), 'F_swave': np.complex128(0.02075177133111216+0j)}, 'free': np.float64(-17427.947295681362)}]
------------------------------------------
====================================
mu=3.01, T=0.0490
====================================
  Seed: normal state
F_onsite: 0j
F_swave: 0j, F_dwave: 0j
F_px: 0j, F_py: 0j
Free_energy = -17413.1811888376
------------------------------------------
[{'stable': {}, 'free': np.float64(-17413.1811888376)}]
------------------------------------------
  Seed: px+i*py
F_onsite: (0.01572747347023791+0.016828977889341686j)
F_swave: (-0.01330479765310267-0.014236625224639018j), F_dwave: (8.673617379884035e-19-2.8189256484623115e-17j)
F_px: (-1.6479873021779667e-17-3.9898639947466563e-17j), F_py: (-6.938893903907228e-18+4.336808689942018e-18j)
Free_energy = -17426.518548778167
------------------------------------------
[{'stable': {'F_onsite': np.complex128(0.01572747347023791+0.016828977889341686j), 'F_swave': np.complex128(-0.01330479765310267-0.014236625224639018j)}, 'free': np.float64(-17426.518548778167)}]
------------------------------------------
  Seed: s-wave
F_onsite: (-0.02303405996686194+0j)
F_swave: (0.019485870223750347+0j), F_dwave: 0j
F_px: -1.2970192004831474e-18j, F_py: -2.7582569136152223e-18j
Free_energy = -17426.518548778164
------------------------------------------
[{'stable': {'F_onsite': np.complex128(0.01572747347023791+0.016828977889341686j), 'F_swave': np.complex128(-0.01330479765310267-0.014236625224639018j)}, 'free': np.float64(-17426.518548778167)}, {'stable': {'F_onsite': np.complex128(-0.02303405996686194+0j), 'F_swave': np.complex128(0.019485870223750347+0j)}, 'free': np.float64(-17426.518548778164)}]
------------------------------------------
  Seed: s-wave+px
F_onsite: (-0.02303405996686194+0j)
F_swave: (0.019485870223750347+0j), F_dwave: 0j
F_px: -1.2970192004831474e-18j, F_py: -2.7582569136152223e-18j
Free_energy = -17426.518548778164
------------------------------------------
[{'stable': {'F_onsite': np.complex128(0.01572747347023791+0.016828977889341686j), 'F_swave': np.complex128(-0.01330479765310267-0.014236625224639018j)}, 'free': np.float64(-17426.518548778167)}, {'stable': {'F_onsite': np.complex128(-0.02303405996686194+0j), 'F_swave': np.complex128(0.019485870223750347+0j)}, 'free': np.float64(-17426.518548778164)}]
------------------------------------------
  Seed: s-wave+py
F_onsite: (-0.023034059966861947-3.2005108683342605e-18j)
F_swave: (0.019485870223750354+2.139128768731532e-18j), F_dwave: (1.734723475976807e-18-4.2367529230476035e-19j)
F_px: (-3.469446951953614e-18-3.516986676118262e-18j), F_py: -3.066788664652601e-18j
Free_energy = -17426.518548778164
------------------------------------------
[{'stable': {'F_onsite': np.complex128(0.01572747347023791+0.016828977889341686j), 'F_swave': np.complex128(-0.01330479765310267-0.014236625224639018j)}, 'free': np.float64(-17426.518548778167)}, {'stable': {'F_onsite': np.complex128(-0.02303405996686194+0j), 'F_swave': np.complex128(0.019485870223750347+0j)}, 'free': np.float64(-17426.518548778164)}]
------------------------------------------
====================================
mu=3.01, T=0.0520
====================================
  Seed: normal state
F_onsite: 0j
F_swave: 0j, F_dwave: 0j
F_px: 0j, F_py: 0j
Free_energy = -17413.692645682204
------------------------------------------
[{'stable': {}, 'free': np.float64(-17413.692645682204)}]
------------------------------------------
  Seed: px+i*py
F_onsite: (0.014491462698675451+0.015506400681694264j)
F_swave: (-0.012260367479690271-0.013119046337694312j), F_dwave: (1.474514954580286e-17+2.1250362580715887e-17j)
F_px: (-2.862293735361732e-17+5.984795992119984e-17j), F_py: (-1.734723475976807e-18+6.071532165918825e-18j)
Free_energy = -17424.930059068003
------------------------------------------
[{'stable': {'F_onsite': np.complex128(0.014491462698675451+0.015506400681694264j), 'F_swave': np.complex128(-0.012260367479690271-0.013119046337694312j)}, 'free': np.float64(-17424.930059068003)}]
------------------------------------------
  Seed: s-wave
F_onsite: (-0.02122382984403028+0j)
F_swave: (0.017956224200750655+0j), F_dwave: (-1.3877787807814457e-17+0j)
F_px: -3.404754810607067e-18j, F_py: -2.210120717623283e-18j
Free_energy = -17424.930059068003
------------------------------------------
[{'stable': {'F_onsite': np.complex128(0.014491462698675451+0.015506400681694264j), 'F_swave': np.complex128(-0.012260367479690271-0.013119046337694312j)}, 'free': np.float64(-17424.930059068003)}, {'stable': {'F_onsite': np.complex128(-0.02122382984403028+0j), 'F_swave': np.complex128(0.017956224200750655+0j)}, 'free': np.float64(-17424.930059068003)}]
------------------------------------------
  Seed: s-wave+px
F_onsite: (-0.02122382984403028+0j)
F_swave: (0.017956224200750655+0j), F_dwave: (-1.3877787807814457e-17+0j)
F_px: -3.404754810607067e-18j, F_py: -2.210120717623283e-18j
Free_energy = -17424.930059068003
------------------------------------------
[{'stable': {'F_onsite': np.complex128(0.014491462698675451+0.015506400681694264j), 'F_swave': np.complex128(-0.012260367479690271-0.013119046337694312j)}, 'free': np.float64(-17424.930059068003)}, {'stable': {'F_onsite': np.complex128(-0.02122382984403028+0j), 'F_swave': np.complex128(0.017956224200750655+0j)}, 'free': np.float64(-17424.930059068003)}]
------------------------------------------
  Seed: s-wave+py
F_onsite: (-0.02122382984403028+0j)
F_swave: (0.017956224200750655+0j), F_dwave: (-1.3877787807814457e-17+0j)
F_px: -3.404754810607067e-18j, F_py: -2.210120717623283e-18j
Free_energy = -17424.930059068003
------------------------------------------
[{'stable': {'F_onsite': np.complex128(0.014491462698675451+0.015506400681694264j), 'F_swave': np.complex128(-0.012260367479690271-0.013119046337694312j)}, 'free': np.float64(-17424.930059068003)}, {'stable': {'F_onsite': np.complex128(-0.02122382984403028+0j), 'F_swave': np.complex128(0.017956224200750655+0j)}, 'free': np.float64(-17424.930059068003)}]
------------------------------------------
====================================
mu=3.01, T=0.0550
====================================
  Seed: normal state
F_onsite: 0j
F_swave: 0j, F_dwave: 0j
F_px: 0j, F_py: 0j
Free_energy = -17414.234552578466
------------------------------------------
[{'stable': {}, 'free': np.float64(-17414.234552578466)}]
------------------------------------------
  Seed: px+i*py
F_onsite: (0.012980720452243289+0.013889850642057444j)
F_swave: (-0.01098339798415769-0.011752641781593928j), F_dwave: (-1.9081958235744878e-17+1.214306433183765e-17j)
F_px: (-1.3877787807814457e-17-1.8214596497756474e-17j), F_py: (-5.204170427930421e-18+1.734723475976807e-18j)
Free_energy = -17423.18404071361
------------------------------------------
[{'stable': {'F_onsite': np.complex128(0.012980720452243289+0.013889850642057444j), 'F_swave': np.complex128(-0.01098339798415769-0.011752641781593928j)}, 'free': np.float64(-17423.18404071361)}]
------------------------------------------
  Seed: s-wave
F_onsite: (-0.01901123494983842+0j)
F_swave: (0.016086006966456054+0j), F_dwave: (-1.0408340855860843e-17+0j)
F_px: -7.309788455686205e-18j, F_py: -2.0688779736686286e-18j
Free_energy = -17423.18404071361
------------------------------------------
[{'stable': {'F_onsite': np.complex128(0.012980720452243289+0.013889850642057444j), 'F_swave': np.complex128(-0.01098339798415769-0.011752641781593928j)}, 'free': np.float64(-17423.18404071361)}, {'stable': {'F_onsite': np.complex128(-0.01901123494983842+0j), 'F_swave': np.complex128(0.016086006966456054+0j)}, 'free': np.float64(-17423.18404071361)}]
------------------------------------------
  Seed: s-wave+px
F_onsite: (-0.01901123494983842+0j)
F_swave: (0.016086006966456054+0j), F_dwave: (-1.0408340855860843e-17+0j)
F_px: -7.309788455686205e-18j, F_py: -2.0688779736686286e-18j
Free_energy = -17423.18404071361
------------------------------------------
[{'stable': {'F_onsite': np.complex128(0.012980720452243289+0.013889850642057444j), 'F_swave': np.complex128(-0.01098339798415769-0.011752641781593928j)}, 'free': np.float64(-17423.18404071361)}, {'stable': {'F_onsite': np.complex128(-0.01901123494983842+0j), 'F_swave': np.complex128(0.016086006966456054+0j)}, 'free': np.float64(-17423.18404071361)}]
------------------------------------------
  Seed: s-wave+py
F_onsite: (-0.01901123494983842+0j)
F_swave: (0.016086006966456054+0j), F_dwave: (-1.0408340855860843e-17+0j)
F_px: -7.309788455686205e-18j, F_py: -2.0688779736686286e-18j
Free_energy = -17423.18404071361
------------------------------------------
[{'stable': {'F_onsite': np.complex128(0.012980720452243289+0.013889850642057444j), 'F_swave': np.complex128(-0.01098339798415769-0.011752641781593928j)}, 'free': np.float64(-17423.18404071361)}, {'stable': {'F_onsite': np.complex128(-0.01901123494983842+0j), 'F_swave': np.complex128(0.016086006966456054+0j)}, 'free': np.float64(-17423.18404071361)}]
------------------------------------------
====================================
mu=3.01, T=0.0580
====================================
  Seed: normal state
F_onsite: 0j
F_swave: 0j, F_dwave: 0j
F_px: 0j, F_py: 0j
Free_energy = -17414.806911998337
------------------------------------------
[{'stable': {}, 'free': np.float64(-17414.806911998337)}]
------------------------------------------
  Seed: px+i*py
F_onsite: (0.011082319129495448+0.011858491063160122j)
F_swave: (-0.009378214409996519-0.010035036030802958j), F_dwave: (-4.7704895589362195e-18+1.2576745200831851e-17j)
F_px: (1.734723475976807e-17-3.469446951953614e-18j), F_py: (-4.336808689942018e-18-2.6020852139652106e-18j)
Free_energy = -17421.282707831982
------------------------------------------
[{'stable': {'F_onsite': np.complex128(0.011082319129495448+0.011858491063160122j), 'F_swave': np.complex128(-0.009378214409996519-0.010035036030802958j)}, 'free': np.float64(-17421.282707831982)}]
------------------------------------------
  Seed: s-wave
F_onsite: (-0.016230884374642842+0j)
F_swave: (0.01373509569167158+0j), F_dwave: (3.642919299551295e-17+0j)
F_px: -3.9676082040575496e-18j, F_py: -1.981421821864622e-18j
Free_energy = -17421.282707831982
------------------------------------------
[{'stable': {'F_onsite': np.complex128(0.011082319129495448+0.011858491063160122j), 'F_swave': np.complex128(-0.009378214409996519-0.010035036030802958j)}, 'free': np.float64(-17421.282707831982)}, {'stable': {'F_onsite': np.complex128(-0.016230884374642842+0j), 'F_swave': np.complex128(0.01373509569167158+0j)}, 'free': np.float64(-17421.282707831982)}]
------------------------------------------
  Seed: s-wave+px
F_onsite: (-0.016230884374642842+0j)
F_swave: (0.01373509569167158+0j), F_dwave: (3.642919299551295e-17+0j)
F_px: -3.9676082040575496e-18j, F_py: -1.981421821864622e-18j
Free_energy = -17421.282707831982
------------------------------------------
[{'stable': {'F_onsite': np.complex128(0.011082319129495448+0.011858491063160122j), 'F_swave': np.complex128(-0.009378214409996519-0.010035036030802958j)}, 'free': np.float64(-17421.282707831982)}, {'stable': {'F_onsite': np.complex128(-0.016230884374642842+0j), 'F_swave': np.complex128(0.01373509569167158+0j)}, 'free': np.float64(-17421.282707831982)}]
------------------------------------------
  Seed: s-wave+py
F_onsite: (-0.016230884374642842+0j)
F_swave: (0.01373509569167158+0j), F_dwave: (3.642919299551295e-17+0j)
F_px: -3.9676082040575496e-18j, F_py: -1.981421821864622e-18j
Free_energy = -17421.282707831982
------------------------------------------
[{'stable': {'F_onsite': np.complex128(0.011082319129495448+0.011858491063160122j), 'F_swave': np.complex128(-0.009378214409996519-0.010035036030802958j)}, 'free': np.float64(-17421.282707831982)}, {'stable': {'F_onsite': np.complex128(-0.016230884374642842+0j), 'F_swave': np.complex128(0.01373509569167158+0j)}, 'free': np.float64(-17421.282707831982)}]
------------------------------------------
====================================
mu=3.01, T=0.0610
====================================
  Seed: normal state
F_onsite: 0j
F_swave: 0j, F_dwave: 0j
F_px: 0j, F_py: 0j
Free_energy = -17415.4097247664
------------------------------------------
[{'stable': {}, 'free': np.float64(-17415.4097247664)}]
------------------------------------------
  Seed: px+i*py
F_onsite: (0.008539771070662772+0.009137870669448529j)
F_swave: (-0.007227568285805059-0.007733765191573075j), F_dwave: (1.734723475976807e-18+0j)
F_px: (4.336808689942018e-18+1.6046192152785466e-17j), F_py: (1.734723475976807e-18-8.673617379884035e-19j)
Free_energy = -17419.227650888533
------------------------------------------
[{'stable': {'F_onsite': np.complex128(0.008539771070662772+0.009137870669448529j), 'F_swave': np.complex128(-0.007227568285805059-0.007733765191573075j)}, 'free': np.float64(-17419.227650888533)}]
------------------------------------------
  Seed: s-wave
F_onsite: (-0.012507132777375269+0j)
F_swave: (0.010585313758428+0j), F_dwave: (1.3010426069826053e-17+0j)
F_px: -4.279845724239166e-18j, F_py: -1.1648820607114765e-18j
Free_energy = -17419.22765088853
------------------------------------------
[{'stable': {'F_onsite': np.complex128(0.008539771070662772+0.009137870669448529j), 'F_swave': np.complex128(-0.007227568285805059-0.007733765191573075j)}, 'free': np.float64(-17419.227650888533)}, {'stable': {'F_onsite': np.complex128(-0.012507132777375269+0j), 'F_swave': np.complex128(0.010585313758428+0j)}, 'free': np.float64(-17419.22765088853)}]
------------------------------------------
  Seed: s-wave+px
F_onsite: (-0.012507132777375269+0j)
F_swave: (0.010585313758428+0j), F_dwave: (1.3010426069826053e-17+0j)
F_px: -4.279845724239166e-18j, F_py: -1.1648820607114765e-18j
Free_energy = -17419.22765088853
------------------------------------------
[{'stable': {'F_onsite': np.complex128(0.008539771070662772+0.009137870669448529j), 'F_swave': np.complex128(-0.007227568285805059-0.007733765191573075j)}, 'free': np.float64(-17419.227650888533)}, {'stable': {'F_onsite': np.complex128(-0.012507132777375269+0j), 'F_swave': np.complex128(0.010585313758428+0j)}, 'free': np.float64(-17419.22765088853)}]
------------------------------------------
  Seed: s-wave+py
F_onsite: (-0.012507132777375269+0j)
F_swave: (0.010585313758428+0j), F_dwave: (1.3010426069826053e-17+0j)
F_px: -4.279845724239166e-18j, F_py: -1.1648820607114765e-18j
Free_energy = -17419.22765088853
------------------------------------------
[{'stable': {'F_onsite': np.complex128(0.008539771070662772+0.009137870669448529j), 'F_swave': np.complex128(-0.007227568285805059-0.007733765191573075j)}, 'free': np.float64(-17419.227650888533)}, {'stable': {'F_onsite': np.complex128(-0.012507132777375269+0j), 'F_swave': np.complex128(0.010585313758428+0j)}, 'free': np.float64(-17419.22765088853)}]
------------------------------------------
====================================
mu=3.01, T=0.0640
====================================
  Seed: normal state
F_onsite: 0j
F_swave: 0j, F_dwave: 0j
F_px: 0j, F_py: 0j
Free_energy = -17416.042991292972
------------------------------------------
[{'stable': {}, 'free': np.float64(-17416.042991292972)}]
------------------------------------------
  Seed: px+i*py
F_onsite: (0.004360695434448538+0.004666105283048312j)
F_swave: (-0.00369118360846063-0.003949702884562403j), F_dwave: (3.686287386450715e-18+5.854691731421724e-18j)
F_px: (7.37257477290143e-18+1.5612511283791264e-17j), F_py: (8.673617379884035e-19+4.336808689942018e-19j)
Free_energy = -17417.03168228541
------------------------------------------
[{'stable': {'F_onsite': np.complex128(0.004360695434448538+0.004666105283048312j), 'F_swave': np.complex128(-0.00369118360846063-0.003949702884562403j)}, 'free': np.float64(-17417.03168228541)}]
------------------------------------------
  Seed: s-wave
F_onsite: (-0.006386564270757152+0j)
F_swave: (0.005406014179382912+0j), F_dwave: (7.806255641895632e-18+0j)
F_px: 9.904991526954975e-19j, F_py: -2.048231545579305e-19j
Free_energy = -17417.03168228541
------------------------------------------
[{'stable': {'F_onsite': np.complex128(0.004360695434448538+0.004666105283048312j), 'F_swave': np.complex128(-0.00369118360846063-0.003949702884562403j)}, 'free': np.float64(-17417.03168228541)}, {'stable': {'F_onsite': np.complex128(-0.006386564270757152+0j), 'F_swave': np.complex128(0.005406014179382912+0j)}, 'free': np.float64(-17417.03168228541)}]
------------------------------------------
  Seed: s-wave+px
F_onsite: (-0.006386564270757152+0j)
F_swave: (0.005406014179382912+0j), F_dwave: (7.806255641895632e-18+0j)
F_px: 9.904991526954975e-19j, F_py: -2.048231545579305e-19j
Free_energy = -17417.03168228541
------------------------------------------
[{'stable': {'F_onsite': np.complex128(0.004360695434448538+0.004666105283048312j), 'F_swave': np.complex128(-0.00369118360846063-0.003949702884562403j)}, 'free': np.float64(-17417.03168228541)}, {'stable': {'F_onsite': np.complex128(-0.006386564270757152+0j), 'F_swave': np.complex128(0.005406014179382912+0j)}, 'free': np.float64(-17417.03168228541)}]
------------------------------------------
  Seed: s-wave+py
F_onsite: (-0.006386564270757152+0j)
F_swave: (0.005406014179382912+0j), F_dwave: (7.806255641895632e-18+0j)
F_px: 9.904991526954975e-19j, F_py: -2.048231545579305e-19j
Free_energy = -17417.03168228541
------------------------------------------
[{'stable': {'F_onsite': np.complex128(0.004360695434448538+0.004666105283048312j), 'F_swave': np.complex128(-0.00369118360846063-0.003949702884562403j)}, 'free': np.float64(-17417.03168228541)}, {'stable': {'F_onsite': np.complex128(-0.006386564270757152+0j), 'F_swave': np.complex128(0.005406014179382912+0j)}, 'free': np.float64(-17417.03168228541)}]
------------------------------------------
====================================
mu=3.01, T=0.0670
====================================
  Seed: normal state
F_onsite: 0j
F_swave: 0j, F_dwave: 0j
F_px: 0j, F_py: 0j
Free_energy = -17416.706712215822
------------------------------------------
[{'stable': {}, 'free': np.float64(-17416.706712215822)}]
------------------------------------------
  Seed: px+i*py
F_onsite: (7.594953534892758e-14+8.126883580478828e-14j)
F_swave: (-6.436682091704863e-14-6.887488351211941e-14j), F_dwave: (-1.1184143748638189e-20+6.79784981953902e-21j)
F_px: (-1.6611783944415522e-20+2.7798665987027914e-20j), F_py: (-2.250174634151117e-20-2.272374175882043e-21j)
Free_energy = -17416.706712215826
------------------------------------------
[{'stable': {}, 'free': np.float64(-17416.706712215822)}]
------------------------------------------
  Seed: s-wave
F_onsite: (-9.349077624933195e-14+0j)
F_swave: (7.923278913397335e-14+0j), F_dwave: (-1.3254112510951379e-21+0j)
F_px: 7.769590778204347e-20j, F_py: 1.6069355894745274e-20j
Free_energy = -17416.706712215822
------------------------------------------
[{'stable': {}, 'free': np.float64(-17416.706712215822)}]
------------------------------------------
  Seed: s-wave+px
F_onsite: (-9.349077624933195e-14+0j)
F_swave: (7.923278913397335e-14+0j), F_dwave: (-1.3254112510951379e-21+0j)
F_px: 7.769590778204347e-20j, F_py: 1.6069355894745274e-20j
Free_energy = -17416.706712215822
------------------------------------------
[{'stable': {}, 'free': np.float64(-17416.706712215822)}]
------------------------------------------
  Seed: s-wave+py
F_onsite: (-9.349077624933195e-14+0j)
F_swave: (7.923278913397335e-14+0j), F_dwave: (-1.3254112510951379e-21+0j)
F_px: 7.769590778204347e-20j, F_py: 1.6069355894745274e-20j
Free_energy = -17416.706712215822
------------------------------------------
[{'stable': {}, 'free': np.float64(-17416.706712215822)}]
------------------------------------------
====================================
mu=3.01, T=0.0700
====================================
  Seed: normal state
F_onsite: 0j
F_swave: 0j, F_dwave: 0j
F_px: 0j, F_py: 0j
Free_energy = -17417.4008886747
------------------------------------------
[{'stable': {}, 'free': np.float64(-17417.4008886747)}]
------------------------------------------
  Seed: px+i*py
F_onsite: (2.8964576416332084e-14+3.0993261862871244e-14j)
F_swave: (-2.458974023989206e-14-2.631199724020384e-14j), F_dwave: (1.3517625512830492e-20+1.1261230837132768e-21j)
F_px: (2.9310955584535974e-20+5.45134643722477e-20j), F_py: (-4.636352046803629e-20+1.4693052570358594e-20j)
Free_energy = -17417.4008886747
------------------------------------------
[{'stable': {}, 'free': np.float64(-17417.4008886747)}]
------------------------------------------
  Seed: s-wave
F_onsite: (-4.008051279089644e-14+0j)
F_swave: (3.402655354694187e-14+0j), F_dwave: (-5.610162912966393e-21+0j)
F_px: -1.4833886903849177e-20j, F_py: -4.380881423448032e-20j
Free_energy = -17417.4008886747
------------------------------------------
[{'stable': {}, 'free': np.float64(-17417.4008886747)}]
------------------------------------------
  Seed: s-wave+px
F_onsite: (-4.008051279089644e-14+0j)
F_swave: (3.402655354694187e-14+0j), F_dwave: (-5.610162912966393e-21+0j)
F_px: -1.4833886903849177e-20j, F_py: -4.380881423448032e-20j
Free_energy = -17417.4008886747
------------------------------------------
[{'stable': {}, 'free': np.float64(-17417.4008886747)}]
------------------------------------------
  Seed: s-wave+py
F_onsite: (-4.008051279089644e-14+0j)
F_swave: (3.402655354694187e-14+0j), F_dwave: (-5.610162912966393e-21+0j)
F_px: -1.4833886903849177e-20j, F_py: -4.380881423448032e-20j
Free_energy = -17417.4008886747
------------------------------------------
[{'stable': {}, 'free': np.float64(-17417.4008886747)}]
------------------------------------------
====================================
mu=3.01, T=0.0730
====================================
  Seed: normal state
F_onsite: 0j
F_swave: 0j, F_dwave: 0j
F_px: 0j, F_py: 0j
Free_energy = -17418.12552236265
------------------------------------------
[{'stable': {}, 'free': np.float64(-17418.12552236265)}]
------------------------------------------
  Seed: px+i*py
F_onsite: (1.789345261445985e-14+1.9147083480837332e-14j)
F_swave: (-1.5216616407557477e-14-1.6282710624098135e-14j), F_dwave: (3.2936589106243394e-21+9.009746740106233e-21j)
F_px: (-6.90925137480557e-20-9.015675298810538e-21j), F_py: (9.389082306952038e-21+1.3337363448221475e-19j)
Free_energy = -17418.12552236265
------------------------------------------
[{'stable': {}, 'free': np.float64(-17418.12552236265)}]
------------------------------------------
  Seed: s-wave
F_onsite: (-2.5687409694438116e-14+0j)
F_swave: (2.1844613907932297e-14+0j), F_dwave: (-1.4438046206663582e-21+0j)
F_px: 2.471157854201093e-21j, F_py: -1.2553144734998939e-20j
Free_energy = -17418.12552236265
------------------------------------------
[{'stable': {}, 'free': np.float64(-17418.12552236265)}]
------------------------------------------
  Seed: s-wave+px
F_onsite: (-2.5687409694438116e-14+0j)
F_swave: (2.1844613907932297e-14+0j), F_dwave: (-1.4438046206663582e-21+0j)
F_px: 2.471157854201093e-21j, F_py: -1.2553144734998939e-20j
Free_energy = -17418.12552236265
------------------------------------------
[{'stable': {}, 'free': np.float64(-17418.12552236265)}]
------------------------------------------
  Seed: s-wave+py
F_onsite: (-2.5687409694438116e-14+0j)
F_swave: (2.1844613907932297e-14+0j), F_dwave: (-1.4438046206663582e-21+0j)
F_px: 2.471157854201093e-21j, F_py: -1.2553144734998939e-20j
Free_energy = -17418.12552236265
------------------------------------------
[{'stable': {}, 'free': np.float64(-17418.12552236265)}]
------------------------------------------
====================================
mu=3.01, T=0.0760
====================================
  Seed: normal state
F_onsite: 0j
F_swave: 0j, F_dwave: 0j
F_px: 0j, F_py: 0j
Free_energy = -17418.880615445534
------------------------------------------
[{'stable': {}, 'free': np.float64(-17418.880615445534)}]
------------------------------------------
  Seed: px+i*py
F_onsite: (1.3233862472103415e-14+1.4160821922530985e-14j)
F_swave: (-1.127297913246128e-14-1.2062578699472884e-14j), F_dwave: (-1.4450785497361738e-20-1.074610113034887e-20j)
F_px: (-2.5057423743010226e-20-1.0291488358583335e-20j), F_py: (2.2377362165799336e-20+1.9411187768593172e-20j)
Free_energy = -17418.880615445534
------------------------------------------
[{'stable': {}, 'free': np.float64(-17418.880615445534)}]
------------------------------------------
  Seed: s-wave
F_onsite: (-1.8995258846849562e-14+0j)
F_swave: (1.618054854798571e-14+0j), F_dwave: (-1.7356571597914062e-20+0j)
F_px: 1.1924941046171538e-20j, F_py: -1.1496477473827319e-20j
Free_energy = -17418.880615445534
------------------------------------------
[{'stable': {}, 'free': np.float64(-17418.880615445534)}]
------------------------------------------
  Seed: s-wave+px
F_onsite: (-1.8995258846849562e-14+0j)
F_swave: (1.618054854798571e-14+0j), F_dwave: (-1.7356571597914062e-20+0j)
F_px: 1.1924941046171538e-20j, F_py: -1.1496477473827319e-20j
Free_energy = -17418.880615445534
------------------------------------------
[{'stable': {}, 'free': np.float64(-17418.880615445534)}]
------------------------------------------
  Seed: s-wave+py
F_onsite: (-1.8995258846849562e-14+0j)
F_swave: (1.618054854798571e-14+0j), F_dwave: (-1.7356571597914062e-20+0j)
F_px: 1.1924941046171538e-20j, F_py: -1.1496477473827319e-20j
Free_energy = -17418.880615445534
------------------------------------------
[{'stable': {}, 'free': np.float64(-17418.880615445534)}]
------------------------------------------
====================================
mu=3.01, T=0.0790
====================================
  Seed: normal state
F_onsite: 0j
F_swave: 0j, F_dwave: 0j
F_px: 0j, F_py: 0j
Free_energy = -17419.666170403936
------------------------------------------
[{'stable': {}, 'free': np.float64(-17419.666170403936)}]
------------------------------------------
  Seed: px+i*py
F_onsite: (1.0279956702072315e-14+1.099964637395706e-14j)
F_swave: (-8.771187013310953e-15-9.385255192112935e-15j), F_dwave: (-3.8828277887564795e-21+1.2388553958537603e-20j)
F_px: (-3.154931938564106e-20+6.497694582810938e-20j), F_py: (-2.6375363009318472e-20-6.046351531502486e-20j)
Free_energy = -17419.666170403936
------------------------------------------
[{'stable': {}, 'free': np.float64(-17419.666170403936)}]
------------------------------------------
  Seed: s-wave
F_onsite: (-1.4753512041e-14+0j)
F_swave: (1.2588157386558468e-14+0j), F_dwave: (-3.55597529570721e-21+0j)
F_px: -2.1081413227845163e-21j, F_py: -4.021319880409337e-20j
Free_energy = -17419.666170403936
------------------------------------------
[{'stable': {}, 'free': np.float64(-17419.666170403936)}]
------------------------------------------
  Seed: s-wave+px
F_onsite: (-1.4753512041e-14+0j)
F_swave: (1.2588157386558468e-14+0j), F_dwave: (-3.55597529570721e-21+0j)
F_px: -2.1081413227845163e-21j, F_py: -4.021319880409337e-20j
Free_energy = -17419.666170403936
------------------------------------------
[{'stable': {}, 'free': np.float64(-17419.666170403936)}]
------------------------------------------
  Seed: s-wave+py
F_onsite: (-1.4753512041e-14+0j)
F_swave: (1.2588157386558468e-14+0j), F_dwave: (-3.55597529570721e-21+0j)
F_px: -2.1081413227845163e-21j, F_py: -4.021319880409337e-20j
Free_energy = -17419.666170403936
------------------------------------------
[{'stable': {}, 'free': np.float64(-17419.666170403936)}]
------------------------------------------
====================================
mu=3.01, T=0.0820
====================================
  Seed: normal state
F_onsite: 0j
F_swave: 0j, F_dwave: 0j
F_px: 0j, F_py: 0j
Free_energy = -17420.482189831357
------------------------------------------
[{'stable': {}, 'free': np.float64(-17420.482189831357)}]
------------------------------------------
  Seed: px+i*py
F_onsite: (8.19134701909018e-15+8.76472109575071e-15j)
F_swave: (-7.000645216495433e-15-7.490667942674369e-15j), F_dwave: (1.5598831312973692e-20+1.2030566278085043e-20j)
F_px: (-5.220910221955825e-20-6.877949355627055e-21j), F_py: (-8.332859374340371e-21-5.626009720198909e-20j)
Free_energy = -17420.48218983136
------------------------------------------
[{'stable': {}, 'free': np.float64(-17420.482189831357)}]
------------------------------------------
  Seed: s-wave
F_onsite: (-1.1755359087885685e-14+0j)
F_swave: (1.0046601515223869e-14+0j), F_dwave: (-5.2585624775469214e-21+0j)
F_px: 2.137910710771708e-20j, F_py: 2.4859404093426644e-20j
Free_energy = -17420.482189831357
------------------------------------------
[{'stable': {}, 'free': np.float64(-17420.482189831357)}]
------------------------------------------
  Seed: s-wave+px
F_onsite: (-1.1755359087885685e-14+0j)
F_swave: (1.0046601515223869e-14+0j), F_dwave: (-5.2585624775469214e-21+0j)
F_px: 2.137910710771708e-20j, F_py: 2.4859404093426644e-20j
Free_energy = -17420.482189831357
------------------------------------------
[{'stable': {}, 'free': np.float64(-17420.482189831357)}]
------------------------------------------
  Seed: s-wave+py
F_onsite: (-1.1755359087885685e-14+0j)
F_swave: (1.0046601515223869e-14+0j), F_dwave: (-5.2585624775469214e-21+0j)
F_px: 2.137910710771708e-20j, F_py: 2.4859404093426644e-20j
Free_energy = -17420.482189831357
------------------------------------------
[{'stable': {}, 'free': np.float64(-17420.482189831357)}]
------------------------------------------
====================================
mu=3.01, T=0.0850
====================================
  Seed: normal state
F_onsite: 0j
F_swave: 0j, F_dwave: 0j
F_px: 0j, F_py: 0j
Free_energy = -17421.32867620908
------------------------------------------
[{'stable': {}, 'free': np.float64(-17421.32867620908)}]
------------------------------------------
  Seed: px+i*py
F_onsite: (6.8681411955460726e-15+7.34903402985277e-15j)
F_swave: (-5.8792492375309525e-15-6.29088717134853e-15j), F_dwave: (4.973038079353259e-21+9.904042915484445e-21j)
F_px: (-1.9667219977264526e-20-2.176019885135043e-20j), F_py: (-2.4677214385310853e-20-4.52240584429799e-21j)
Free_energy = -17421.32867620908
------------------------------------------
[{'stable': {}, 'free': np.float64(-17421.32867620908)}]
------------------------------------------
  Seed: s-wave
F_onsite: (-9.855544828904652e-15+0j)
F_swave: (8.436461741940337e-15+0j), F_dwave: (-4.797095514256974e-21+0j)
F_px: -4.4495090345755573e-20j, F_py: -2.5693372451904593e-20j
Free_energy = -17421.32867620908
------------------------------------------
[{'stable': {}, 'free': np.float64(-17421.32867620908)}]
------------------------------------------
  Seed: s-wave+px
F_onsite: (-9.855544828904652e-15+0j)
F_swave: (8.436461741940337e-15+0j), F_dwave: (-4.797095514256974e-21+0j)
F_px: -4.4495090345755573e-20j, F_py: -2.5693372451904593e-20j
Free_energy = -17421.32867620908
------------------------------------------
[{'stable': {}, 'free': np.float64(-17421.32867620908)}]
------------------------------------------
  Seed: s-wave+py
F_onsite: (-9.855544828904652e-15+0j)
F_swave: (8.436461741940337e-15+0j), F_dwave: (-4.797095514256974e-21+0j)
F_px: -4.4495090345755573e-20j, F_py: -2.5693372451904593e-20j
Free_energy = -17421.32867620908
------------------------------------------
[{'stable': {}, 'free': np.float64(-17421.32867620908)}]
------------------------------------------
====================================
mu=3.01, T=0.0880
====================================
  Seed: normal state
F_onsite: 0j
F_swave: 0j, F_dwave: 0j
F_px: 0j, F_py: 0j
Free_energy = -17422.20563166581
------------------------------------------
[{'stable': {}, 'free': np.float64(-17422.20563166581)}]
------------------------------------------
  Seed: px+i*py
F_onsite: (5.624001386065404e-15+6.017803722512099e-15j)
F_swave: (-4.82194064674306e-15-5.159581526885708e-15j), F_dwave: (5.736660346463549e-21-2.6321999921739118e-21j)
F_px: (7.232313748638129e-21-2.9359277947171996e-20j), F_py: (-8.719812161182176e-21+3.811454606206248e-20j)
Free_energy = -17422.20563166581
------------------------------------------
[{'stable': {}, 'free': np.float64(-17422.20563166581)}]
------------------------------------------
  Seed: s-wave
F_onsite: (-8.068828636607267e-15+0j)
F_swave: (6.918075996849423e-15+0j), F_dwave: (-1.1386470721822932e-21+0j)
F_px: -3.181382789859279e-20j, F_py: -9.93560478155998e-22j
Free_energy = -17422.20563166581
------------------------------------------
[{'stable': {}, 'free': np.float64(-17422.20563166581)}]
------------------------------------------
  Seed: s-wave+px
F_onsite: (-8.068828636607267e-15+0j)
F_swave: (6.918075996849423e-15+0j), F_dwave: (-1.1386470721822932e-21+0j)
F_px: -3.181382789859279e-20j, F_py: -9.93560478155998e-22j
Free_energy = -17422.20563166581
------------------------------------------
[{'stable': {}, 'free': np.float64(-17422.20563166581)}]
------------------------------------------
  Seed: s-wave+py
F_onsite: (-8.068828636607267e-15+0j)
F_swave: (6.918075996849423e-15+0j), F_dwave: (-1.1386470721822932e-21+0j)
F_px: -3.181382789859279e-20j, F_py: -9.93560478155998e-22j
Free_energy = -17422.20563166581
------------------------------------------
[{'stable': {}, 'free': np.float64(-17422.20563166581)}]
------------------------------------------
====================================
mu=3.01, T=0.0910
====================================
  Seed: normal state
F_onsite: 0j
F_swave: 0j, F_dwave: 0j
F_px: 0j, F_py: 0j
Free_energy = -17423.11305773498
------------------------------------------
[{'stable': {}, 'free': np.float64(-17423.11305773498)}]
------------------------------------------
  Seed: px+i*py
F_onsite: (4.500109989201385e-15+4.815157415227753e-15j)
F_swave: (-3.864357541492932e-15-4.1349076241389895e-15j), F_dwave: (-8.912271119081202e-21-4.307992752905879e-21j)
F_px: (-3.4567875337345e-21+3.657034959526984e-20j), F_py: (3.1824934616633806e-20-2.179000139709387e-20j)
Free_energy = -17423.11305773498
------------------------------------------
[{'stable': {}, 'free': np.float64(-17423.11305773498)}]
------------------------------------------
  Seed: s-wave
F_onsite: (-6.455768313375965e-15+0j)
F_swave: (5.543580576094495e-15+0j), F_dwave: (9.046808053366797e-21+0j)
F_px: -1.5612948095385798e-20j, F_py: -1.0978807749077659e-20j
Free_energy = -17423.11305773498
------------------------------------------
[{'stable': {}, 'free': np.float64(-17423.11305773498)}]
------------------------------------------
  Seed: s-wave+px
F_onsite: (-6.455768313375965e-15+0j)
F_swave: (5.543580576094495e-15+0j), F_dwave: (9.046808053366797e-21+0j)
F_px: -1.5612948095385798e-20j, F_py: -1.0978807749077659e-20j
Free_energy = -17423.11305773498
------------------------------------------
[{'stable': {}, 'free': np.float64(-17423.11305773498)}]
------------------------------------------
  Seed: s-wave+py
F_onsite: (-6.455768313375965e-15+0j)
F_swave: (5.543580576094495e-15+0j), F_dwave: (9.046808053366797e-21+0j)
F_px: -1.5612948095385798e-20j, F_py: -1.0978807749077659e-20j
Free_energy = -17423.11305773498
------------------------------------------
[{'stable': {}, 'free': np.float64(-17423.11305773498)}]
------------------------------------------
====================================
mu=3.01, T=0.0940
====================================
  Seed: normal state
F_onsite: 0j
F_swave: 0j, F_dwave: 0j
F_px: 0j, F_py: 0j
Free_energy = -17424.050955108938
------------------------------------------
[{'stable': {}, 'free': np.float64(-17424.050955108938)}]
------------------------------------------
  Seed: px+i*py
F_onsite: (3.519705282439767e-15+3.766196097585458e-15j)
F_swave: (-3.0273803696131077e-15-3.2393800167506166e-15j), F_dwave: (-6.540239954335465e-21-9.157306335464231e-21j)
F_px: (2.839574896073039e-20-6.572247687533158e-20j), F_py: (-1.0862605882899305e-20+1.2478868339116437e-20j)
Free_energy = -17424.050955108938
------------------------------------------
[{'stable': {}, 'free': np.float64(-17424.050955108938)}]
------------------------------------------
  Seed: s-wave
F_onsite: (-5.0480399942968006e-15+0j)
F_swave: (4.34191130999761e-15+0j), F_dwave: (1.2547857686602452e-20+0j)
F_px: -4.1829559003752246e-20j, F_py: 4.9456900240339375e-20j
Free_energy = -17424.050955108938
------------------------------------------
[{'stable': {}, 'free': np.float64(-17424.050955108938)}]
------------------------------------------
  Seed: s-wave+px
F_onsite: (-5.0480399942968006e-15+0j)
F_swave: (4.34191130999761e-15+0j), F_dwave: (1.2547857686602452e-20+0j)
F_px: -4.1829559003752246e-20j, F_py: 4.9456900240339375e-20j
Free_energy = -17424.050955108938
------------------------------------------
[{'stable': {}, 'free': np.float64(-17424.050955108938)}]
------------------------------------------
  Seed: s-wave+py
F_onsite: (-5.0480399942968006e-15+0j)
F_swave: (4.34191130999761e-15+0j), F_dwave: (1.2547857686602452e-20+0j)
F_px: -4.1829559003752246e-20j, F_py: 4.9456900240339375e-20j
Free_energy = -17424.050955108938
------------------------------------------
[{'stable': {}, 'free': np.float64(-17424.050955108938)}]
------------------------------------------
====================================
mu=3.01, T=0.0970
====================================
  Seed: normal state
F_onsite: 0j
F_swave: 0j, F_dwave: 0j
F_px: 0j, F_py: 0j
Free_energy = -17425.019323396908
------------------------------------------
[{'stable': {}, 'free': np.float64(-17425.019323396908)}]
------------------------------------------
  Seed: px+i*py
F_onsite: (2.6927121833535912e-15+2.8812413010283118e-15j)
F_swave: (-2.319503025721811e-15-2.4818828403504348e-15j), F_dwave: (-1.882556877222592e-21-9.140246500426795e-23j)
F_px: (-3.114946342382576e-20-3.312889160640086e-20j), F_py: (4.759502370498418e-21-2.862545208649515e-20j)
Free_energy = -17425.019323396908
------------------------------------------
[{'stable': {}, 'free': np.float64(-17425.019323396908)}]
------------------------------------------
  Seed: s-wave
F_onsite: (-3.860896610058733e-15+0j)
F_swave: (3.3258849242999714e-15+0j), F_dwave: (-4.599949424115885e-21+0j)
F_px: -2.1121884616386288e-20j, F_py: -4.7026001490838526e-21j
Free_energy = -17425.019323396908
------------------------------------------
[{'stable': {}, 'free': np.float64(-17425.019323396908)}]
------------------------------------------
  Seed: s-wave+px
F_onsite: (-3.860896610058733e-15+0j)
F_swave: (3.3258849242999714e-15+0j), F_dwave: (-4.599949424115885e-21+0j)
F_px: -2.1121884616386288e-20j, F_py: -4.7026001490838526e-21j
Free_energy = -17425.019323396908
------------------------------------------
[{'stable': {}, 'free': np.float64(-17425.019323396908)}]
------------------------------------------
  Seed: s-wave+py
F_onsite: (-3.860896610058733e-15+0j)
F_swave: (3.3258849242999714e-15+0j), F_dwave: (-4.599949424115885e-21+0j)
F_px: -2.1121884616386288e-20j, F_py: -4.7026001490838526e-21j
Free_energy = -17425.019323396908
------------------------------------------
[{'stable': {}, 'free': np.float64(-17425.019323396908)}]
------------------------------------------
====================================
mu=3.01, T=0.1000
====================================
  Seed: normal state
F_onsite: 0j
F_swave: 0j, F_dwave: 0j
F_px: 0j, F_py: 0j
Free_energy = -17426.018160888667
------------------------------------------
[{'stable': {}, 'free': np.float64(-17426.018160888667)}]
------------------------------------------
  Seed: px+i*py
F_onsite: (2.0155627791677204e-15+2.1565198406835707e-15j)
F_swave: (-1.7388796584083505e-15-1.8605057809121097e-15j), F_dwave: (2.6459697728931473e-20+6.4148643139804764e-21j)
F_px: (-3.9373805424293366e-20-9.056761983572587e-20j), F_py: (4.172184987634041e-20-5.3834366237994456e-20j)
Free_energy = -17426.018160888667
------------------------------------------
[{'stable': {}, 'free': np.float64(-17426.018160888667)}]
------------------------------------------
  Seed: s-wave
F_onsite: (-2.889713034169353e-15+0j)
F_swave: (2.4928950470901904e-15+0j), F_dwave: (-1.0075385107063808e-20+0j)
F_px: -4.940515992511979e-20j, F_py: 1.0201549499109033e-20j
Free_energy = -17426.018160888667
------------------------------------------
[{'stable': {}, 'free': np.float64(-17426.018160888667)}]
------------------------------------------
  Seed: s-wave+px
F_onsite: (-2.889713034169353e-15+0j)
F_swave: (2.4928950470901904e-15+0j), F_dwave: (-1.0075385107063808e-20+0j)
F_px: -4.940515992511979e-20j, F_py: 1.0201549499109033e-20j
Free_energy = -17426.018160888667
------------------------------------------
[{'stable': {}, 'free': np.float64(-17426.018160888667)}]
------------------------------------------
  Seed: s-wave+py
F_onsite: (-2.889713034169353e-15+0j)
F_swave: (2.4928950470901904e-15+0j), F_dwave: (-1.0075385107063808e-20+0j)
F_px: -4.940515992511979e-20j, F_py: 1.0201549499109033e-20j
Free_energy = -17426.018160888667
------------------------------------------
[{'stable': {}, 'free': np.float64(-17426.018160888667)}]
------------------------------------------
