/home/emilssp/D1/venv/bin/python
Python 3.10.12
Running job 23 out of 25
====================================
mu=3.93, T=0.0010
====================================
  Seed: normal state
F_onsite: 0j
F_swave: 0j, F_dwave: 0j
F_px: 0j, F_py: 0j
Free_energy = -22106.10314136294
------------------------------------------
[{'stable': {}, 'free': np.float64(-22106.10314136294)}]
------------------------------------------
  Seed: px+i*py
F_onsite: (0.0071461657040443926-0.012443948119774947j)
F_swave: (-0.007092729770799765+0.012350897663269286j), F_dwave: (-1.214306433183765e-17+6.071532165918825e-18j)
F_px: (4.119968255444917e-17-8.673617379884035e-18j), F_py: (-1.734723475976807e-18-1.734723475976807e-18j)
Free_energy = -22114.375426244856
------------------------------------------
[{'stable': {'F_onsite': np.complex128(0.0071461657040443926-0.012443948119774947j), 'F_swave': np.complex128(-0.007092729770799765+0.012350897663269286j)}, 'free': np.float64(-22114.375426244856)}]
------------------------------------------
  Seed: s-wave
F_onsite: (-0.014352671323584925+0j)
F_swave: (0.014245378774962637+0j), F_dwave: (5.204170427930421e-18+0j)
F_px: 2.541098841762901e-21j, F_py: -5.878408653944844e-19j
Free_energy = -22114.37969001072
------------------------------------------
[{'stable': {'F_onsite': np.complex128(0.0071461657040443926-0.012443948119774947j), 'F_swave': np.complex128(-0.007092729770799765+0.012350897663269286j)}, 'free': np.float64(-22114.375426244856)}, {'stable': {'F_onsite': np.complex128(-0.014352671323584925+0j), 'F_swave': np.complex128(0.014245378774962637+0j)}, 'free': np.float64(-22114.37969001072)}]
------------------------------------------
  Seed: s-wave+px
F_onsite: (-0.014352653382056152-3.53272332575118e-19j)
F_swave: (0.014245360770240098-1.1773757966834775e-19j), F_dwave: (-1.0408340855860843e-17-3.798942768435537e-19j)
F_px: (2.6677098030614133e-13+2.7570922433127476e-19j), F_py: -9.601118457127494e-19j
Free_energy = -22114.37966243762
------------------------------------------
[{'stable': {'F_onsite': np.complex128(0.0071461657040443926-0.012443948119774947j), 'F_swave': np.complex128(-0.007092729770799765+0.012350897663269286j)}, 'free': np.float64(-22114.375426244856)}, {'stable': {'F_onsite': np.complex128(-0.014352671323584925+0j), 'F_swave': np.complex128(0.014245378774962637+0j)}, 'free': np.float64(-22114.37969001072)}]
------------------------------------------
  Seed: s-wave+py
F_onsite: (-0.01435265338205616-1.697364368411571e-18j)
F_swave: (0.014245360770240108+1.7654284203147755e-18j), F_dwave: (6.071532165918825e-18+7.30565917006834e-20j)
F_px: (1.734723475976807e-18-9.575707468709865e-19j), F_py: (2.6677618447656926e-13-9.800171199732255e-19j)
Free_energy = -22114.37966243762
------------------------------------------
[{'stable': {'F_onsite': np.complex128(0.0071461657040443926-0.012443948119774947j), 'F_swave': np.complex128(-0.007092729770799765+0.012350897663269286j)}, 'free': np.float64(-22114.375426244856)}, {'stable': {'F_onsite': np.complex128(-0.014352671323584925+0j), 'F_swave': np.complex128(0.014245378774962637+0j)}, 'free': np.float64(-22114.37969001072)}]
------------------------------------------
====================================
mu=3.93, T=0.0040
====================================
  Seed: normal state
F_onsite: 0j
F_swave: 0j, F_dwave: 0j
F_px: 0j, F_py: 0j
Free_energy = -22106.141670408993
------------------------------------------
[{'stable': {}, 'free': np.float64(-22106.141670408993)}]
------------------------------------------
  Seed: px+i*py
F_onsite: (0.007146591965564184-0.01244469038863058j)
F_swave: (-0.007093157531389783+0.012351642542524863j), F_dwave: (3.2526065174565133e-18-5.204170427930421e-18j)
F_px: (1.3010426069826053e-18-2.862293735361732e-17j), F_py: (-4.336808689942018e-19-5.204170427930421e-18j)
Free_energy = -22114.376741342377
------------------------------------------
[{'stable': {'F_onsite': np.complex128(0.007146591965564184-0.01244469038863058j), 'F_swave': np.complex128(-0.007093157531389783+0.012351642542524863j)}, 'free': np.float64(-22114.376741342377)}]
------------------------------------------
  Seed: s-wave
F_onsite: (-0.014351846274544645+0j)
F_swave: (0.014244550820771595+0j), F_dwave: (-1.9949319973733282e-17+0j)
F_px: -7.420008617947671e-19j, F_py: -7.081195439045951e-19j
Free_energy = -22114.378422110603
------------------------------------------
[{'stable': {'F_onsite': np.complex128(0.007146591965564184-0.01244469038863058j), 'F_swave': np.complex128(-0.007093157531389783+0.012351642542524863j)}, 'free': np.float64(-22114.376741342377)}, {'stable': {'F_onsite': np.complex128(-0.014351846274544645+0j), 'F_swave': np.complex128(0.014244550820771595+0j)}, 'free': np.float64(-22114.378422110603)}]
------------------------------------------
  Seed: s-wave+px
F_onsite: (-0.014351839202514953+2.1118679665902482e-19j)
F_swave: (0.014244543723846346-4.63962296858543e-19j), F_dwave: (-5.0306980803327406e-17-3.347897724022622e-19j)
F_px: (2.156955170029562e-14+3.9302328752599536e-19j), F_py: (1.734723475976807e-18-7.847760256311093e-19j)
Free_energy = -22114.378411243277
------------------------------------------
[{'stable': {'F_onsite': np.complex128(0.007146591965564184-0.01244469038863058j), 'F_swave': np.complex128(-0.007093157531389783+0.012351642542524863j)}, 'free': np.float64(-22114.376741342377)}, {'stable': {'F_onsite': np.complex128(-0.014351846274544645+0j), 'F_swave': np.complex128(0.014244550820771595+0j)}, 'free': np.float64(-22114.378422110603)}]
------------------------------------------
  Seed: s-wave+py
F_onsite: (-0.014351839202514953-1.447626673730697e-18j)
F_swave: (0.014244543723846348+1.9437288557118057e-18j), F_dwave: (4.5102810375396984e-17+4.69468011015696e-19j)
F_px: -1.328147661294743e-18j, F_py: (2.1538326677728037e-14-9.736643728688182e-19j)
Free_energy = -22114.378411243277
------------------------------------------
[{'stable': {'F_onsite': np.complex128(0.007146591965564184-0.01244469038863058j), 'F_swave': np.complex128(-0.007093157531389783+0.012351642542524863j)}, 'free': np.float64(-22114.376741342377)}, {'stable': {'F_onsite': np.complex128(-0.014351846274544645+0j), 'F_swave': np.complex128(0.014244550820771595+0j)}, 'free': np.float64(-22114.378422110603)}]
------------------------------------------
====================================
mu=3.93, T=0.0070
====================================
  Seed: normal state
F_onsite: 0j
F_swave: 0j, F_dwave: 0j
F_px: 0j, F_py: 0j
Free_energy = -22106.19926830533
------------------------------------------
[{'stable': {}, 'free': np.float64(-22106.19926830533)}]
------------------------------------------
  Seed: px+i*py
F_onsite: (0.007146736014475773-0.012444941227647811j)
F_swave: (-0.007093302406428282+0.012351894820115068j), F_dwave: (-4.336808689942018e-18-3.903127820947816e-18j)
F_px: (-5.637851296924623e-18+6.071532165918825e-18j), F_py: (8.673617379884035e-19+4.336808689942018e-18j)
Free_energy = -22114.37723408483
------------------------------------------
[{'stable': {'F_onsite': np.complex128(0.007146736014475773-0.012444941227647811j), 'F_swave': np.complex128(-0.007093302406428282+0.012351894820115068j)}, 'free': np.float64(-22114.37723408483)}]
------------------------------------------
  Seed: s-wave
F_onsite: (-0.014351472917692116+0j)
F_swave: (0.01424417679071498+0j), F_dwave: (3.469446951953614e-17+0j)
F_px: -1.0147454708106518e-18j, F_py: -8.258571235729428e-19j
Free_energy = -22114.377896661936
------------------------------------------
[{'stable': {'F_onsite': np.complex128(0.007146736014475773-0.012444941227647811j), 'F_swave': np.complex128(-0.007093302406428282+0.012351894820115068j)}, 'free': np.float64(-22114.37723408483)}, {'stable': {'F_onsite': np.complex128(-0.014351472917692116+0j), 'F_swave': np.complex128(0.01424417679071498+0j)}, 'free': np.float64(-22114.377896661936)}]
------------------------------------------
  Seed: s-wave+px
F_onsite: (-0.014351470129777555+4.5753039492873504e-20j)
F_swave: (0.014244173992990786-8.830318475126081e-20j), F_dwave: (-2.992397996059992e-17-1.8846483076408183e-20j)
F_px: (1.730386667286865e-15-1.6224916104656123e-18j), F_py: (2.6020852139652106e-18-5.734413052911613e-19j)
Free_energy = -22114.377892378245
------------------------------------------
[{'stable': {'F_onsite': np.complex128(0.007146736014475773-0.012444941227647811j), 'F_swave': np.complex128(-0.007093302406428282+0.012351894820115068j)}, 'free': np.float64(-22114.37723408483)}, {'stable': {'F_onsite': np.complex128(-0.014351472917692116+0j), 'F_swave': np.complex128(0.01424417679071498+0j)}, 'free': np.float64(-22114.377896661936)}]
------------------------------------------
  Seed: s-wave+py
F_onsite: (-0.014351470129777562-2.1919731165150304e-18j)
F_swave: (0.014244173992990787+2.501711809715576e-18j), F_dwave: (-6.5052130349130266e-18+3.7862372742267225e-19j)
F_px: (1.734723475976807e-18-4.65444604516238e-19j), F_py: (1.7373255611907723e-15-8.677852544620307e-19j)
Free_energy = -22114.377892378245
------------------------------------------
[{'stable': {'F_onsite': np.complex128(0.007146736014475773-0.012444941227647811j), 'F_swave': np.complex128(-0.007093302406428282+0.012351894820115068j)}, 'free': np.float64(-22114.37723408483)}, {'stable': {'F_onsite': np.complex128(-0.014351472917692116+0j), 'F_swave': np.complex128(0.01424417679071498+0j)}, 'free': np.float64(-22114.377896661936)}]
------------------------------------------
====================================
mu=3.93, T=0.0100
====================================
  Seed: normal state
F_onsite: 0j
F_swave: 0j, F_dwave: 0j
F_px: 0j, F_py: 0j
Free_energy = -22106.27896290852
------------------------------------------
[{'stable': {}, 'free': np.float64(-22106.27896290852)}]
------------------------------------------
  Seed: px+i*py
F_onsite: (0.00714578259920609-0.012443281001640903j)
F_swave: (-0.007092359226313596+0.012350252417055767j), F_dwave: (6.938893903907228e-18+1.3010426069826053e-17j)
F_px: (-6.5052130349130266e-18-4.336808689942018e-17j), F_py: (-1.734723475976807e-18-1.734723475976807e-18j)
Free_energy = -22114.37637450669
------------------------------------------
[{'stable': {'F_onsite': np.complex128(0.00714578259920609-0.012443281001640903j), 'F_swave': np.complex128(-0.007092359226313596+0.012350252417055767j)}, 'free': np.float64(-22114.37637450669)}]
------------------------------------------
  Seed: s-wave
F_onsite: (-0.014349297563709267+0j)
F_swave: (0.014242021067453052+0j), F_dwave: (8.673617379884035e-18+0j)
F_px: -8.478799802015546e-19j, F_py: -7.547063560035816e-19j
Free_energy = -22114.376635957047
------------------------------------------
[{'stable': {'F_onsite': np.complex128(0.00714578259920609-0.012443281001640903j), 'F_swave': np.complex128(-0.007092359226313596+0.012350252417055767j)}, 'free': np.float64(-22114.37637450669)}, {'stable': {'F_onsite': np.complex128(-0.014349297563709267+0j), 'F_swave': np.complex128(0.014242021067453052+0j)}, 'free': np.float64(-22114.376635957047)}]
------------------------------------------
  Seed: s-wave+px
F_onsite: (-0.014349296462206876-5.0411137014824135e-20j)
F_swave: (0.014242019962103183+7.538593230563273e-20j), F_dwave: (1.3444106938820255e-17+5.632769099241097e-20j)
F_px: (1.5005358067199381e-16-4.785736151986797e-20j), F_py: (-8.673617379884035e-19-7.890111903673808e-19j)
Free_energy = -22114.376634266846
------------------------------------------
[{'stable': {'F_onsite': np.complex128(0.00714578259920609-0.012443281001640903j), 'F_swave': np.complex128(-0.007092359226313596+0.012350252417055767j)}, 'free': np.float64(-22114.37637450669)}, {'stable': {'F_onsite': np.complex128(-0.014349297563709267+0j), 'F_swave': np.complex128(0.014242021067453052+0j)}, 'free': np.float64(-22114.376635957047)}]
------------------------------------------
  Seed: s-wave+py
F_onsite: (-0.014349296462206881-2.5025127434255276e-18j)
F_swave: (0.014242019962103185+1.842508418514917e-18j), F_dwave: (5.637851296924623e-18-5.791587776851279e-19j)
F_px: (-8.673617379884035e-19+2.837560373301906e-20j), F_py: (1.3617579286417936e-16-6.988021814847978e-19j)
Free_energy = -22114.376634266846
------------------------------------------
[{'stable': {'F_onsite': np.complex128(0.00714578259920609-0.012443281001640903j), 'F_swave': np.complex128(-0.007092359226313596+0.012350252417055767j)}, 'free': np.float64(-22114.37637450669)}, {'stable': {'F_onsite': np.complex128(-0.014349297563709267+0j), 'F_swave': np.complex128(0.014242021067453052+0j)}, 'free': np.float64(-22114.376635957047)}]
------------------------------------------
====================================
mu=3.93, T=0.0130
====================================
  Seed: normal state
F_onsite: 0j
F_swave: 0j, F_dwave: 0j
F_px: 0j, F_py: 0j
Free_energy = -22106.3823668701
------------------------------------------
[{'stable': {}, 'free': np.float64(-22106.3823668701)}]
------------------------------------------
  Seed: px+i*py
F_onsite: (0.007134262827415108-0.012423221091409859j)
F_swave: (-0.0070808958448850875+0.012330290701965282j), F_dwave: (6.7220534694101275e-18+1.1709383462843448e-17j)
F_px: (1.6479873021779667e-17+2.6020852139652106e-18j), F_py: (3.0357660829594124e-18+8.673617379884035e-19j)
Free_energy = -22114.35586546014
------------------------------------------
[{'stable': {'F_onsite': np.complex128(0.007134262827415108-0.012423221091409859j), 'F_swave': np.complex128(-0.0070808958448850875+0.012330290701965282j)}, 'free': np.float64(-22114.35586546014)}]
------------------------------------------
  Seed: s-wave
F_onsite: (-0.014326005738713486+0j)
F_swave: (0.01421884191872272+0j), F_dwave: (2.6020852139652106e-18+0j)
F_px: 7.453889935837843e-20j, F_py: -7.309894334804612e-19j
Free_energy = -22114.355882040283
------------------------------------------
[{'stable': {'F_onsite': np.complex128(0.007134262827415108-0.012423221091409859j), 'F_swave': np.complex128(-0.0070808958448850875+0.012330290701965282j)}, 'free': np.float64(-22114.35586546014)}, {'stable': {'F_onsite': np.complex128(-0.014326005738713486+0j), 'F_swave': np.complex128(0.01421884191872272+0j)}, 'free': np.float64(-22114.355882040283)}]
------------------------------------------
  Seed: s-wave+px
F_onsite: (-0.014326005668302406-6.916032513425531e-19j)
F_swave: (0.014218841848076598+7.479300924255472e-19j), F_dwave: (-6.938893903907228e-18-2.541098841762901e-21j)
F_px: -1.3611819462376606e-18j, F_py: -9.16489648929153e-19j
Free_energy = -22114.355881932956
------------------------------------------
[{'stable': {'F_onsite': np.complex128(0.007134262827415108-0.012423221091409859j), 'F_swave': np.complex128(-0.0070808958448850875+0.012330290701965282j)}, 'free': np.float64(-22114.35586546014)}, {'stable': {'F_onsite': np.complex128(-0.014326005738713486+0j), 'F_swave': np.complex128(0.01421884191872272+0j)}, 'free': np.float64(-22114.355882040283)}]
------------------------------------------
  Seed: s-wave+py
F_onsite: (-0.014326005668302404-1.4899865743779683e-18j)
F_swave: (0.014218841848076598+1.703383256928398e-18j), F_dwave: (-7.806255641895632e-18+2.346281263894412e-19j)
F_px: (1.734723475976807e-18-1.6805133673525319e-18j), F_py: -1.0249098661777034e-18j
Free_energy = -22114.355881932956
------------------------------------------
[{'stable': {'F_onsite': np.complex128(0.007134262827415108-0.012423221091409859j), 'F_swave': np.complex128(-0.0070808958448850875+0.012330290701965282j)}, 'free': np.float64(-22114.35586546014)}, {'stable': {'F_onsite': np.complex128(-0.014326005738713486+0j), 'F_swave': np.complex128(0.01421884191872272+0j)}, 'free': np.float64(-22114.355882040283)}]
------------------------------------------
====================================
mu=3.93, T=0.0160
====================================
  Seed: normal state
F_onsite: 0j
F_swave: 0j, F_dwave: 0j
F_px: 0j, F_py: 0j
Free_energy = -22106.509918536787
------------------------------------------
[{'stable': {}, 'free': np.float64(-22106.509918536787)}]
------------------------------------------
  Seed: px+i*py
F_onsite: (0.007097427521549033-0.012359078073439562j)
F_swave: (-0.007044241533918283+0.012266462858765537j), F_dwave: (-5.854691731421724e-18-1.3444106938820255e-17j)
F_px: (-1.1709383462843448e-17+1.474514954580286e-17j), F_py: (-3.0357660829594124e-18-2.6020852139652106e-18j)
Free_energy = -22114.29096668311
------------------------------------------
[{'stable': {'F_onsite': np.complex128(0.007097427521549033-0.012359078073439562j), 'F_swave': np.complex128(-0.007044241533918283+0.012266462858765537j)}, 'free': np.float64(-22114.29096668311)}]
------------------------------------------
  Seed: s-wave
F_onsite: (-0.01425202771448091+0j)
F_swave: (0.014145227306509467+0j), F_dwave: (-1.8214596497756474e-17+0j)
F_px: 9.918755812347857e-19j, F_py: -6.615327318056086e-19j
Free_energy = -22114.290966982597
------------------------------------------
[{'stable': {'F_onsite': np.complex128(0.007097427521549033-0.012359078073439562j), 'F_swave': np.complex128(-0.007044241533918283+0.012266462858765537j)}, 'free': np.float64(-22114.29096668311)}, {'stable': {'F_onsite': np.complex128(-0.01425202771448091+0j), 'F_swave': np.complex128(0.014145227306509467+0j)}, 'free': np.float64(-22114.290966982597)}]
------------------------------------------
  Seed: s-wave+px
F_onsite: (-0.01425202771318242-3.613699725854614e-19j)
F_swave: (0.014145227305207142+2.0540548970916783e-19j), F_dwave: (-5.204170427930421e-18-7.242131699024268e-20j)
F_px: -1.2841019480375193e-18j, F_py: (-1.734723475976807e-18-6.2595734802092795e-19j)
Free_energy = -22114.29096698076
------------------------------------------
[{'stable': {'F_onsite': np.complex128(0.007097427521549033-0.012359078073439562j), 'F_swave': np.complex128(-0.007044241533918283+0.012266462858765537j)}, 'free': np.float64(-22114.29096668311)}, {'stable': {'F_onsite': np.complex128(-0.01425202771448091+0j), 'F_swave': np.complex128(0.014145227306509467+0j)}, 'free': np.float64(-22114.290966982597)}]
------------------------------------------
  Seed: s-wave+py
F_onsite: (-0.01425202771318242-1.8082892841448602e-18j)
F_swave: (0.014145227305207139+1.7042302898756523e-18j), F_dwave: (-4.336808689942018e-18-3.8116482626443515e-21j)
F_px: (1.734723475976807e-18-1.390404582917934e-18j), F_py: (1.734723475976807e-18-7.779997620530749e-19j)
Free_energy = -22114.29096698076
------------------------------------------
[{'stable': {'F_onsite': np.complex128(0.007097427521549033-0.012359078073439562j), 'F_swave': np.complex128(-0.007044241533918283+0.012266462858765537j)}, 'free': np.float64(-22114.29096668311)}, {'stable': {'F_onsite': np.complex128(-0.01425202771448091+0j), 'F_swave': np.complex128(0.014145227306509467+0j)}, 'free': np.float64(-22114.290966982597)}]
------------------------------------------
====================================
mu=3.93, T=0.0190
====================================
  Seed: normal state
F_onsite: 0j
F_swave: 0j, F_dwave: 0j
F_px: 0j, F_py: 0j
Free_energy = -22106.660909575432
------------------------------------------
[{'stable': {}, 'free': np.float64(-22106.660909575432)}]
------------------------------------------
  Seed: px+i*py
F_onsite: (0.007020129693591386-0.012224475798497792j)
F_swave: (-0.006967341333277934+0.012132552990620906j), F_dwave: (-1.1058862159352145e-17+1.7780915628762273e-17j)
F_px: (-6.5052130349130266e-18-2.7755575615628914e-17j), F_py: (-2.168404344971009e-18+8.673617379884035e-19j)
Free_energy = -22114.158869043687
------------------------------------------
[{'stable': {'F_onsite': np.complex128(0.007020129693591386-0.012224475798497792j), 'F_swave': np.complex128(-0.006967341333277934+0.012132552990620906j)}, 'free': np.float64(-22114.158869043687)}]
------------------------------------------
  Seed: s-wave
F_onsite: (-0.014096809196381281+0j)
F_swave: (0.01399080724549557+0j), F_dwave: (8.673617379884035e-18+0j)
F_px: -1.3527116167651176e-18j, F_py: -6.988021814847978e-19j
Free_energy = -22114.15886904653
------------------------------------------
[{'stable': {'F_onsite': np.complex128(0.007020129693591386-0.012224475798497792j), 'F_swave': np.complex128(-0.006967341333277934+0.012132552990620906j)}, 'free': np.float64(-22114.158869043687)}, {'stable': {'F_onsite': np.complex128(-0.014096809196381281+0j), 'F_swave': np.complex128(0.01399080724549557+0j)}, 'free': np.float64(-22114.15886904653)}]
------------------------------------------
  Seed: s-wave+px
F_onsite: (-0.014096809196368455-9.754562020147701e-19j)
F_swave: (0.01399080724548261+1.2811373327221293e-18j), F_dwave: (2.168404344971009e-18+3.4135427774348304e-19j)
F_px: -1.3573702979750163e-18j, F_py: (-8.673617379884035e-19-1.0532854699107225e-18j)
Free_energy = -22114.158869046518
------------------------------------------
[{'stable': {'F_onsite': np.complex128(0.007020129693591386-0.012224475798497792j), 'F_swave': np.complex128(-0.006967341333277934+0.012132552990620906j)}, 'free': np.float64(-22114.158869043687)}, {'stable': {'F_onsite': np.complex128(-0.014096809196381281+0j), 'F_swave': np.complex128(0.01399080724549557+0j)}, 'free': np.float64(-22114.15886904653)}]
------------------------------------------
  Seed: s-wave+py
F_onsite: (-0.01409680919636846-2.8114873313497583e-18j)
F_swave: (0.013990807245482611+3.1742559698354905e-18j), F_dwave: (2.168404344971009e-18+4.0064658405128406e-19j)
F_px: (-8.673617379884035e-19-8.77102616881828e-19j), F_py: (-8.673617379884035e-19-9.203012971917973e-19j)
Free_energy = -22114.158869046518
------------------------------------------
[{'stable': {'F_onsite': np.complex128(0.007020129693591386-0.012224475798497792j), 'F_swave': np.complex128(-0.006967341333277934+0.012132552990620906j)}, 'free': np.float64(-22114.158869043687)}, {'stable': {'F_onsite': np.complex128(-0.014096809196381281+0j), 'F_swave': np.complex128(0.01399080724549557+0j)}, 'free': np.float64(-22114.15886904653)}]
------------------------------------------
====================================
mu=3.93, T=0.0220
====================================
  Seed: normal state
F_onsite: 0j
F_swave: 0j, F_dwave: 0j
F_px: 0j, F_py: 0j
Free_energy = -22106.834087680414
------------------------------------------
[{'stable': {}, 'free': np.float64(-22106.834087680414)}]
------------------------------------------
  Seed: px+i*py
F_onsite: (0.0068887781362470145-0.011995747270117705j)
F_swave: (-0.006836696859644959+0.011905055739737852j), F_dwave: (-6.5052130349130266e-18-4.7704895589362195e-18j)
F_px: (2.168404344971009e-17+1.734723475976807e-18j), F_py: (2.6020852139652106e-18-8.673617379884035e-19j)
Free_energy = -22113.94199751079
------------------------------------------
[{'stable': {'F_onsite': np.complex128(0.0068887781362470145-0.011995747270117705j), 'F_swave': np.complex128(-0.006836696859644959+0.011905055739737852j)}, 'free': np.float64(-22113.94199751079)}]
------------------------------------------
  Seed: s-wave
F_onsite: (-0.01383304799309745+0j)
F_swave: (0.01372846590545752+0j), F_dwave: (2.6020852139652106e-18+0j)
F_px: -9.003960229313213e-19j, F_py: -1.0232158002831948e-18j
Free_energy = -22113.94199751081
------------------------------------------
[{'stable': {'F_onsite': np.complex128(0.0068887781362470145-0.011995747270117705j), 'F_swave': np.complex128(-0.006836696859644959+0.011905055739737852j)}, 'free': np.float64(-22113.94199751079)}, {'stable': {'F_onsite': np.complex128(-0.01383304799309745+0j), 'F_swave': np.complex128(0.01372846590545752+0j)}, 'free': np.float64(-22113.94199751081)}]
------------------------------------------
  Seed: s-wave+px
F_onsite: (-0.013833047993097368-7.325112745872085e-19j)
F_swave: (0.013728465905457465+7.775762455794477e-19j), F_dwave: (-4.336808689942018e-18+5.929230630780102e-21j)
F_px: -3.2271955290388843e-19j, F_py: -8.283982224147057e-19j
Free_energy = -22113.94199751081
------------------------------------------
[{'stable': {'F_onsite': np.complex128(0.0068887781362470145-0.011995747270117705j), 'F_swave': np.complex128(-0.006836696859644959+0.011905055739737852j)}, 'free': np.float64(-22113.94199751079)}, {'stable': {'F_onsite': np.complex128(-0.01383304799309745+0j), 'F_swave': np.complex128(0.01372846590545752+0j)}, 'free': np.float64(-22113.94199751081)}]
------------------------------------------
  Seed: s-wave+py
F_onsite: (-0.013833047993097368-2.1339495533930277e-18j)
F_swave: (0.013728465905457465+1.9795159977333e-18j), F_dwave: (-4.336808689942018e-18-1.3383120566617945e-19j)
F_px: -6.2511031507367365e-19j, F_py: -8.478799802015546e-19j
Free_energy = -22113.94199751081
------------------------------------------
[{'stable': {'F_onsite': np.complex128(0.0068887781362470145-0.011995747270117705j), 'F_swave': np.complex128(-0.006836696859644959+0.011905055739737852j)}, 'free': np.float64(-22113.94199751079)}, {'stable': {'F_onsite': np.complex128(-0.01383304799309745+0j), 'F_swave': np.complex128(0.01372846590545752+0j)}, 'free': np.float64(-22113.94199751081)}]
------------------------------------------
====================================
mu=3.93, T=0.0250
====================================
  Seed: normal state
F_onsite: 0j
F_swave: 0j, F_dwave: 0j
F_px: 0j, F_py: 0j
Free_energy = -22107.02810911282
------------------------------------------
[{'stable': {}, 'free': np.float64(-22107.02810911282)}]
------------------------------------------
  Seed: px+i*py
F_onsite: (0.006691469645630912-0.01165216489006914j)
F_swave: (-0.006640505848048139+0.011563419277474578j), F_dwave: (2.168404344971009e-18+1.3877787807814457e-17j)
F_px: (-9.107298248878237e-18-3.469446951953614e-18j), F_py: (-8.673617379884035e-19+1.734723475976807e-18j)
Free_energy = -22113.630125738437
------------------------------------------
[{'stable': {'F_onsite': np.complex128(0.006691469645630912-0.01165216489006914j), 'F_swave': np.complex128(-0.006640505848048139+0.011563419277474578j)}, 'free': np.float64(-22113.630125738437)}]
------------------------------------------
  Seed: s-wave
F_onsite: (-0.01343684161712733+0j)
F_swave: (0.01333450348924313+0j), F_dwave: (-3.469446951953614e-17+0j)
F_px: -2.837560373301906e-19j, F_py: -5.937700960252645e-19j
Free_energy = -22113.63012573844
------------------------------------------
[{'stable': {'F_onsite': np.complex128(0.006691469645630912-0.01165216489006914j), 'F_swave': np.complex128(-0.006640505848048139+0.011563419277474578j)}, 'free': np.float64(-22113.630125738437)}, {'stable': {'F_onsite': np.complex128(-0.01343684161712733+0j), 'F_swave': np.complex128(0.01333450348924313+0j)}, 'free': np.float64(-22113.63012573844)}]
------------------------------------------
  Seed: s-wave+px
F_onsite: (-0.013436841617127323+0j)
F_swave: (0.013334503489243126+0j), F_dwave: (-3.469446951953614e-17+0j)
F_px: -5.116079001415974e-19j, F_py: -1.009663273127126e-18j
Free_energy = -22113.630125738437
------------------------------------------
[{'stable': {'F_onsite': np.complex128(0.006691469645630912-0.01165216489006914j), 'F_swave': np.complex128(-0.006640505848048139+0.011563419277474578j)}, 'free': np.float64(-22113.630125738437)}, {'stable': {'F_onsite': np.complex128(-0.01343684161712733+0j), 'F_swave': np.complex128(0.01333450348924313+0j)}, 'free': np.float64(-22113.63012573844)}]
------------------------------------------
  Seed: s-wave+py
F_onsite: (-0.013436841617127323-7.545025712978979e-19j)
F_swave: (0.013334503489243126+8.203514094157899e-19j), F_dwave: (-3.469446951953614e-17+9.020900888258299e-20j)
F_px: -3.9048218868423246e-19j, F_py: -1.1231656880592022e-18j
Free_energy = -22113.630125738437
------------------------------------------
[{'stable': {'F_onsite': np.complex128(0.006691469645630912-0.01165216489006914j), 'F_swave': np.complex128(-0.006640505848048139+0.011563419277474578j)}, 'free': np.float64(-22113.630125738437)}, {'stable': {'F_onsite': np.complex128(-0.01343684161712733+0j), 'F_swave': np.complex128(0.01333450348924313+0j)}, 'free': np.float64(-22113.63012573844)}]
------------------------------------------
====================================
mu=3.93, T=0.0280
====================================
  Seed: normal state
F_onsite: 0j
F_swave: 0j, F_dwave: 0j
F_px: 0j, F_py: 0j
Free_energy = -22107.24174983502
------------------------------------------
[{'stable': {}, 'free': np.float64(-22107.24174983502)}]
------------------------------------------
  Seed: px+i*py
F_onsite: (0.006415406778003511-0.01117144387899519j)
F_swave: (-0.006366090584398613+0.011085567315240501j), F_dwave: (3.686287386450715e-18-6.5052130349130266e-18j)
F_px: (5.204170427930421e-18+0j), F_py: (4.336808689942018e-19+8.673617379884035e-19j)
Free_energy = -22113.216654428696
------------------------------------------
[{'stable': {'F_onsite': np.complex128(0.006415406778003511-0.01117144387899519j), 'F_swave': np.complex128(-0.006366090584398613+0.011085567315240501j)}, 'free': np.float64(-22113.216654428696)}]
------------------------------------------
  Seed: s-wave
F_onsite: (-0.012882492090771585+0j)
F_swave: (0.012783462442917988+0j), F_dwave: (-7.806255641895632e-18+0j)
F_px: -1.4077687583366472e-18j, F_py: -8.690558038829121e-19j
Free_energy = -22113.216654428703
------------------------------------------
[{'stable': {'F_onsite': np.complex128(0.006415406778003511-0.01117144387899519j), 'F_swave': np.complex128(-0.006366090584398613+0.011085567315240501j)}, 'free': np.float64(-22113.216654428696)}, {'stable': {'F_onsite': np.complex128(-0.012882492090771585+0j), 'F_swave': np.complex128(0.012783462442917988+0j)}, 'free': np.float64(-22113.216654428703)}]
------------------------------------------
  Seed: s-wave+px
F_onsite: (-0.012882492090771585+0j)
F_swave: (0.012783462442917988+0j), F_dwave: (-7.806255641895632e-18+0j)
F_px: -1.4077687583366472e-18j, F_py: -8.690558038829121e-19j
Free_energy = -22113.216654428703
------------------------------------------
[{'stable': {'F_onsite': np.complex128(0.006415406778003511-0.01117144387899519j), 'F_swave': np.complex128(-0.006366090584398613+0.011085567315240501j)}, 'free': np.float64(-22113.216654428696)}, {'stable': {'F_onsite': np.complex128(-0.012882492090771585+0j), 'F_swave': np.complex128(0.012783462442917988+0j)}, 'free': np.float64(-22113.216654428703)}]
------------------------------------------
  Seed: s-wave+py
F_onsite: (-0.012882492090771585-1.2496449120028477e-18j)
F_swave: (0.012783462442917988+1.4141215054410544e-18j), F_dwave: (-7.806255641895632e-18+2.270048298641525e-19j)
F_px: -2.2230379700689112e-18j, F_py: -8.779496498290823e-19j
Free_energy = -22113.216654428703
------------------------------------------
[{'stable': {'F_onsite': np.complex128(0.006415406778003511-0.01117144387899519j), 'F_swave': np.complex128(-0.006366090584398613+0.011085567315240501j)}, 'free': np.float64(-22113.216654428696)}, {'stable': {'F_onsite': np.complex128(-0.012882492090771585+0j), 'F_swave': np.complex128(0.012783462442917988+0j)}, 'free': np.float64(-22113.216654428703)}]
------------------------------------------
====================================
mu=3.93, T=0.0310
====================================
  Seed: normal state
F_onsite: 0j
F_swave: 0j, F_dwave: 0j
F_px: 0j, F_py: 0j
Free_energy = -22107.473971642514
------------------------------------------
[{'stable': {}, 'free': np.float64(-22107.473971642514)}]
------------------------------------------
  Seed: px+i*py
F_onsite: (0.006045132871697345-0.010526668838644117j)
F_swave: (-0.005998151054567661+0.010444857232371964j), F_dwave: (-1.1926223897340549e-17+1.7780915628762273e-17j)
F_px: (-1.5612511283791264e-17+8.673617379884035e-18j), F_py: (-1.3010426069826053e-18+8.673617379884035e-19j)
Free_energy = -22112.698989992306
------------------------------------------
[{'stable': {'F_onsite': np.complex128(0.006045132871697345-0.010526668838644117j), 'F_swave': np.complex128(-0.005998151054567661+0.010444857232371964j)}, 'free': np.float64(-22112.698989992306)}]
------------------------------------------
  Seed: s-wave
F_onsite: (-0.012138961581410479+0j)
F_swave: (0.012044619490795303+0j), F_dwave: (-1.214306433183765e-17+0j)
F_px: -1.0892843701690302e-18j, F_py: -7.335305323222241e-19j
Free_energy = -22112.6989899923
------------------------------------------
[{'stable': {'F_onsite': np.complex128(0.006045132871697345-0.010526668838644117j), 'F_swave': np.complex128(-0.005998151054567661+0.010444857232371964j)}, 'free': np.float64(-22112.698989992306)}, {'stable': {'F_onsite': np.complex128(-0.012138961581410479+0j), 'F_swave': np.complex128(0.012044619490795303+0j)}, 'free': np.float64(-22112.6989899923)}]
------------------------------------------
  Seed: s-wave+px
F_onsite: (-0.012138961581410479+0j)
F_swave: (0.012044619490795303+0j), F_dwave: (-1.214306433183765e-17+0j)
F_px: -1.0892843701690302e-18j, F_py: -7.335305323222241e-19j
Free_energy = -22112.6989899923
------------------------------------------
[{'stable': {'F_onsite': np.complex128(0.006045132871697345-0.010526668838644117j), 'F_swave': np.complex128(-0.005998151054567661+0.010444857232371964j)}, 'free': np.float64(-22112.698989992306)}, {'stable': {'F_onsite': np.complex128(-0.012138961581410479+0j), 'F_swave': np.complex128(0.012044619490795303+0j)}, 'free': np.float64(-22112.6989899923)}]
------------------------------------------
  Seed: s-wave+py
F_onsite: (-0.01213896158141048-1.5971976959660251e-18j)
F_swave: (0.012044619490795303+1.2699141461710098e-18j), F_dwave: (-1.1275702593849246e-17-2.0434669852509996e-19j)
F_px: -1.7575933655526732e-18j, F_py: -8.94043275826914e-19j
Free_energy = -22112.6989899923
------------------------------------------
[{'stable': {'F_onsite': np.complex128(0.006045132871697345-0.010526668838644117j), 'F_swave': np.complex128(-0.005998151054567661+0.010444857232371964j)}, 'free': np.float64(-22112.698989992306)}, {'stable': {'F_onsite': np.complex128(-0.012138961581410479+0j), 'F_swave': np.complex128(0.012044619490795303+0j)}, 'free': np.float64(-22112.6989899923)}]
------------------------------------------
====================================
mu=3.93, T=0.0340
====================================
  Seed: normal state
F_onsite: 0j
F_swave: 0j, F_dwave: 0j
F_px: 0j, F_py: 0j
Free_energy = -22107.72392263777
------------------------------------------
[{'stable': {}, 'free': np.float64(-22107.72392263777)}]
------------------------------------------
  Seed: px+i*py
F_onsite: (0.005558336888370425-0.009678988528347778j)
F_swave: (-0.005514599286981313+0.009602826224657883j), F_dwave: (-1.951563910473908e-18-6.5052130349130266e-18j)
F_px: (3.0357660829594124e-17+1.734723475976807e-18j), F_py: (1.3010426069826053e-18-8.673617379884035e-19j)
Free_energy = -22112.07651359006
------------------------------------------
[{'stable': {'F_onsite': np.complex128(0.005558336888370425-0.009678988528347778j), 'F_swave': np.complex128(-0.005514599286981313+0.009602826224657883j)}, 'free': np.float64(-22112.07651359006)}]
------------------------------------------
  Seed: s-wave
F_onsite: (-0.011161448288484052+0j)
F_swave: (0.011073620762738316+0j), F_dwave: (8.673617379884035e-18+0j)
F_px: -7.123547086408666e-19j, F_py: -6.810144895924575e-19j
Free_energy = -22112.07651359006
------------------------------------------
[{'stable': {'F_onsite': np.complex128(0.005558336888370425-0.009678988528347778j), 'F_swave': np.complex128(-0.005514599286981313+0.009602826224657883j)}, 'free': np.float64(-22112.07651359006)}, {'stable': {'F_onsite': np.complex128(-0.011161448288484052+0j), 'F_swave': np.complex128(0.011073620762738316+0j)}, 'free': np.float64(-22112.07651359006)}]
------------------------------------------
  Seed: s-wave+px
F_onsite: (-0.011161448288484052+0j)
F_swave: (0.011073620762738316+0j), F_dwave: (8.673617379884035e-18+0j)
F_px: -7.123547086408666e-19j, F_py: -6.810144895924575e-19j
Free_energy = -22112.07651359006
------------------------------------------
[{'stable': {'F_onsite': np.complex128(0.005558336888370425-0.009678988528347778j), 'F_swave': np.complex128(-0.005514599286981313+0.009602826224657883j)}, 'free': np.float64(-22112.07651359006)}, {'stable': {'F_onsite': np.complex128(-0.011161448288484052+0j), 'F_swave': np.complex128(0.011073620762738316+0j)}, 'free': np.float64(-22112.07651359006)}]
------------------------------------------
  Seed: s-wave+py
F_onsite: (-0.011161448288484052+0j)
F_swave: (0.011073620762738316+0j), F_dwave: (8.673617379884035e-18+0j)
F_px: -7.123547086408666e-19j, F_py: -6.810144895924575e-19j
Free_energy = -22112.07651359006
------------------------------------------
[{'stable': {'F_onsite': np.complex128(0.005558336888370425-0.009678988528347778j), 'F_swave': np.complex128(-0.005514599286981313+0.009602826224657883j)}, 'free': np.float64(-22112.07651359006)}, {'stable': {'F_onsite': np.complex128(-0.011161448288484052+0j), 'F_swave': np.complex128(0.011073620762738316+0j)}, 'free': np.float64(-22112.07651359006)}]
------------------------------------------
====================================
mu=3.93, T=0.0370
====================================
  Seed: normal state
F_onsite: 0j
F_swave: 0j, F_dwave: 0j
F_px: 0j, F_py: 0j
Free_energy = -22107.990914060938
------------------------------------------
[{'stable': {}, 'free': np.float64(-22107.990914060938)}]
------------------------------------------
  Seed: px+i*py
F_onsite: (0.004916252359359091-0.008560897107236827j)
F_swave: (-0.004877032726565255+0.00849260215075589j), F_dwave: (-6.288372600415926e-18-9.974659986866641e-18j)
F_px: (-1.9949319973733282e-17-1.734723475976807e-18j), F_py: (1.3010426069826053e-18-8.673617379884035e-19j)
Free_energy = -22111.34745057353
------------------------------------------
[{'stable': {'F_onsite': np.complex128(0.004916252359359091-0.008560897107236827j), 'F_swave': np.complex128(-0.004877032726565255+0.00849260215075589j)}, 'free': np.float64(-22111.34745057353)}]
------------------------------------------
  Seed: s-wave
F_onsite: (-0.009872106996057053+0j)
F_swave: (0.009793351801452427+0j), F_dwave: (2.6020852139652106e-18+0j)
F_px: 6.979551485375435e-19j, F_py: -8.072223987333482e-19j
Free_energy = -22111.347450573525
------------------------------------------
[{'stable': {'F_onsite': np.complex128(0.004916252359359091-0.008560897107236827j), 'F_swave': np.complex128(-0.004877032726565255+0.00849260215075589j)}, 'free': np.float64(-22111.34745057353)}, {'stable': {'F_onsite': np.complex128(-0.009872106996057053+0j), 'F_swave': np.complex128(0.009793351801452427+0j)}, 'free': np.float64(-22111.347450573525)}]
------------------------------------------
  Seed: s-wave+px
F_onsite: (-0.009872106996057053+0j)
F_swave: (0.009793351801452427+0j), F_dwave: (2.6020852139652106e-18+0j)
F_px: 6.979551485375435e-19j, F_py: -8.072223987333482e-19j
Free_energy = -22111.347450573525
------------------------------------------
[{'stable': {'F_onsite': np.complex128(0.004916252359359091-0.008560897107236827j), 'F_swave': np.complex128(-0.004877032726565255+0.00849260215075589j)}, 'free': np.float64(-22111.34745057353)}, {'stable': {'F_onsite': np.complex128(-0.009872106996057053+0j), 'F_swave': np.complex128(0.009793351801452427+0j)}, 'free': np.float64(-22111.347450573525)}]
------------------------------------------
  Seed: s-wave+py
F_onsite: (-0.009872106996057053+0j)
F_swave: (0.009793351801452427+0j), F_dwave: (2.6020852139652106e-18+0j)
F_px: 6.979551485375435e-19j, F_py: -8.072223987333482e-19j
Free_energy = -22111.347450573525
------------------------------------------
[{'stable': {'F_onsite': np.complex128(0.004916252359359091-0.008560897107236827j), 'F_swave': np.complex128(-0.004877032726565255+0.00849260215075589j)}, 'free': np.float64(-22111.34745057353)}, {'stable': {'F_onsite': np.complex128(-0.009872106996057053+0j), 'F_swave': np.complex128(0.009793351801452427+0j)}, 'free': np.float64(-22111.347450573525)}]
------------------------------------------
====================================
mu=3.93, T=0.0400
====================================
  Seed: normal state
F_onsite: 0j
F_swave: 0j, F_dwave: 0j
F_px: 0j, F_py: 0j
Free_energy = -22108.274392089017
------------------------------------------
[{'stable': {}, 'free': np.float64(-22108.274392089017)}]
------------------------------------------
  Seed: px+i*py
F_onsite: (0.004044035025428876-0.007042064812814132j)
F_swave: (-0.004011294843664977+0.006985052823423594j), F_dwave: (2.168404344971009e-19+4.336808689942018e-18j)
F_px: (-2.168404344971009e-18+2.0816681711721685e-17j), F_py: (1.3010426069826053e-18+2.6020852139652106e-18j)
Free_energy = -22110.514315992747
------------------------------------------
[{'stable': {'F_onsite': np.complex128(0.004044035025428876-0.007042064812814132j), 'F_swave': np.complex128(-0.004011294843664977+0.006985052823423594j)}, 'free': np.float64(-22110.514315992747)}]
------------------------------------------
  Seed: s-wave
F_onsite: (-0.008120646286766344+0j)
F_swave: (0.008054902188656997+0j), F_dwave: (-1.734723475976807e-17+0j)
F_px: -9.452887691357992e-19j, F_py: -1.0079692072326174e-18j
Free_energy = -22110.514315992747
------------------------------------------
[{'stable': {'F_onsite': np.complex128(0.004044035025428876-0.007042064812814132j), 'F_swave': np.complex128(-0.004011294843664977+0.006985052823423594j)}, 'free': np.float64(-22110.514315992747)}, {'stable': {'F_onsite': np.complex128(-0.008120646286766344+0j), 'F_swave': np.complex128(0.008054902188656997+0j)}, 'free': np.float64(-22110.514315992747)}]
------------------------------------------
  Seed: s-wave+px
F_onsite: (-0.008120646286766344+0j)
F_swave: (0.008054902188656997+0j), F_dwave: (-1.734723475976807e-17+0j)
F_px: -9.452887691357992e-19j, F_py: -1.0079692072326174e-18j
Free_energy = -22110.514315992747
------------------------------------------
[{'stable': {'F_onsite': np.complex128(0.004044035025428876-0.007042064812814132j), 'F_swave': np.complex128(-0.004011294843664977+0.006985052823423594j)}, 'free': np.float64(-22110.514315992747)}, {'stable': {'F_onsite': np.complex128(-0.008120646286766344+0j), 'F_swave': np.complex128(0.008054902188656997+0j)}, 'free': np.float64(-22110.514315992747)}]
------------------------------------------
  Seed: s-wave+py
F_onsite: (-0.008120646286766344+0j)
F_swave: (0.008054902188656997+0j), F_dwave: (-1.734723475976807e-17+0j)
F_px: -9.452887691357992e-19j, F_py: -1.0079692072326174e-18j
Free_energy = -22110.514315992747
------------------------------------------
[{'stable': {'F_onsite': np.complex128(0.004044035025428876-0.007042064812814132j), 'F_swave': np.complex128(-0.004011294843664977+0.006985052823423594j)}, 'free': np.float64(-22110.514315992747)}, {'stable': {'F_onsite': np.complex128(-0.008120646286766344+0j), 'F_swave': np.complex128(0.008054902188656997+0j)}, 'free': np.float64(-22110.514315992747)}]
------------------------------------------
====================================
mu=3.93, T=0.0430
====================================
  Seed: normal state
F_onsite: 0j
F_swave: 0j, F_dwave: 0j
F_px: 0j, F_py: 0j
Free_energy = -22108.573911696854
------------------------------------------
[{'stable': {}, 'free': np.float64(-22108.573911696854)}]
------------------------------------------
  Seed: px+i*py
F_onsite: (0.002727039477119828-0.00474871968818901j)
F_swave: (-0.002704616523764594+0.004709673564743213j), F_dwave: (-7.914675859144182e-18-1.5178830414797062e-18j)
F_px: (8.673617379884035e-19-8.673617379884035e-19j), F_py: (1.0842021724855044e-18-2.168404344971009e-18j)
Free_energy = -22109.578970563296
------------------------------------------
[{'stable': {'F_onsite': np.complex128(0.002727039477119828-0.00474871968818901j), 'F_swave': np.complex128(-0.002704616523764594+0.004709673564743213j)}, 'free': np.float64(-22109.578970563296)}]
------------------------------------------
  Seed: s-wave
F_onsite: (-0.0054760462915103055+0j)
F_swave: (0.00543101975940621+0j), F_dwave: (-9.974659986866641e-18+0j)
F_px: -8.195043764685356e-19j, F_py: -6.856731708023561e-19j
Free_energy = -22109.5789705633
------------------------------------------
[{'stable': {'F_onsite': np.complex128(0.002727039477119828-0.00474871968818901j), 'F_swave': np.complex128(-0.002704616523764594+0.004709673564743213j)}, 'free': np.float64(-22109.578970563296)}, {'stable': {'F_onsite': np.complex128(-0.0054760462915103055+0j), 'F_swave': np.complex128(0.00543101975940621+0j)}, 'free': np.float64(-22109.5789705633)}]
------------------------------------------
  Seed: s-wave+px
F_onsite: (-0.0054760462915103055+0j)
F_swave: (0.00543101975940621+0j), F_dwave: (-9.974659986866641e-18+0j)
F_px: -8.195043764685356e-19j, F_py: -6.856731708023561e-19j
Free_energy = -22109.5789705633
------------------------------------------
[{'stable': {'F_onsite': np.complex128(0.002727039477119828-0.00474871968818901j), 'F_swave': np.complex128(-0.002704616523764594+0.004709673564743213j)}, 'free': np.float64(-22109.578970563296)}, {'stable': {'F_onsite': np.complex128(-0.0054760462915103055+0j), 'F_swave': np.complex128(0.00543101975940621+0j)}, 'free': np.float64(-22109.5789705633)}]
------------------------------------------
  Seed: s-wave+py
F_onsite: (-0.0054760462915103055+0j)
F_swave: (0.00543101975940621+0j), F_dwave: (-9.974659986866641e-18+0j)
F_px: -8.195043764685356e-19j, F_py: -6.856731708023561e-19j
Free_energy = -22109.5789705633
------------------------------------------
[{'stable': {'F_onsite': np.complex128(0.002727039477119828-0.00474871968818901j), 'F_swave': np.complex128(-0.002704616523764594+0.004709673564743213j)}, 'free': np.float64(-22109.578970563296)}, {'stable': {'F_onsite': np.complex128(-0.0054760462915103055+0j), 'F_swave': np.complex128(0.00543101975940621+0j)}, 'free': np.float64(-22109.5789705633)}]
------------------------------------------
====================================
mu=3.93, T=0.0460
====================================
  Seed: normal state
F_onsite: 0j
F_swave: 0j, F_dwave: 0j
F_px: 0j, F_py: 0j
Free_energy = -22108.88911465609
------------------------------------------
[{'stable': {}, 'free': np.float64(-22108.88911465609)}]
------------------------------------------
  Seed: px+i*py
F_onsite: (7.226427499265639e-14-1.258373186534479e-13j)
F_swave: (-7.167002485513712e-14+1.2480252167037372e-13j), F_dwave: (2.5102474447036808e-22-4.750886402700956e-24j)
F_px: (8.485136454842874e-22-8.393855150689216e-22j), F_py: (-2.3545543475959554e-21+2.3837936158874916e-21j)
Free_energy = -22108.88911465609
------------------------------------------
[{'stable': {}, 'free': np.float64(-22108.88911465609)}]
------------------------------------------
  Seed: s-wave
F_onsite: (-1.3341032107061274e-13+0j)
F_swave: (1.3231324881470766e-13+0j), F_dwave: (1.3883101224289617e-22+0j)
F_px: -5.009956589142411e-22j, F_py: -4.447801192529811e-22j
Free_energy = -22108.88911465609
------------------------------------------
[{'stable': {}, 'free': np.float64(-22108.88911465609)}]
------------------------------------------
  Seed: s-wave+px
F_onsite: (-1.3341032107061274e-13+0j)
F_swave: (1.3231324881470766e-13+0j), F_dwave: (1.3883101224289617e-22+0j)
F_px: -5.009956589142411e-22j, F_py: -4.447801192529811e-22j
Free_energy = -22108.88911465609
------------------------------------------
[{'stable': {}, 'free': np.float64(-22108.88911465609)}]
------------------------------------------
  Seed: s-wave+py
F_onsite: (-1.3341032107061274e-13+0j)
F_swave: (1.3231324881470766e-13+0j), F_dwave: (1.3883101224289617e-22+0j)
F_px: -5.009956589142411e-22j, F_py: -4.447801192529811e-22j
Free_energy = -22108.88911465609
------------------------------------------
[{'stable': {}, 'free': np.float64(-22108.88911465609)}]
------------------------------------------
====================================
mu=3.93, T=0.0490
====================================
  Seed: normal state
F_onsite: 0j
F_swave: 0j, F_dwave: 0j
F_px: 0j, F_py: 0j
Free_energy = -22109.219711776936
------------------------------------------
[{'stable': {}, 'free': np.float64(-22109.219711776936)}]
------------------------------------------
  Seed: px+i*py
F_onsite: (1.5646421180025498e-14-2.7245866311537378e-14j)
F_swave: (-1.5524121979789228e-14+2.7032900433997782e-14j), F_dwave: (-1.575106137006928e-22-2.852448852506351e-23j)
F_px: (-7.740987365314448e-22+2.492559581820988e-21j), F_py: (3.2298218446493535e-21+1.595339436305159e-21j)
Free_energy = -22109.219711776936
------------------------------------------
[{'stable': {}, 'free': np.float64(-22109.219711776936)}]
------------------------------------------
  Seed: s-wave
F_onsite: (-3.070726965145816e-14+0j)
F_swave: (3.0467248187690354e-14+0j), F_dwave: (1.1800097595746707e-22+0j)
F_px: 9.689926685762996e-22j, F_py: 1.056591609251727e-21j
Free_energy = -22109.219711776936
------------------------------------------
[{'stable': {}, 'free': np.float64(-22109.219711776936)}]
------------------------------------------
  Seed: s-wave+px
F_onsite: (-3.070726965145816e-14+0j)
F_swave: (3.0467248187690354e-14+0j), F_dwave: (1.1800097595746707e-22+0j)
F_px: 9.689926685762996e-22j, F_py: 1.056591609251727e-21j
Free_energy = -22109.219711776936
------------------------------------------
[{'stable': {}, 'free': np.float64(-22109.219711776936)}]
------------------------------------------
  Seed: s-wave+py
F_onsite: (-3.070726965145816e-14+0j)
F_swave: (3.0467248187690354e-14+0j), F_dwave: (1.1800097595746707e-22+0j)
F_px: 9.689926685762996e-22j, F_py: 1.056591609251727e-21j
Free_energy = -22109.219711776936
------------------------------------------
[{'stable': {}, 'free': np.float64(-22109.219711776936)}]
------------------------------------------
====================================
mu=3.93, T=0.0520
====================================
  Seed: normal state
F_onsite: 0j
F_swave: 0j, F_dwave: 0j
F_px: 0j, F_py: 0j
Free_energy = -22109.56546884335
------------------------------------------
[{'stable': {}, 'free': np.float64(-22109.56546884335)}]
------------------------------------------
  Seed: px+i*py
F_onsite: (8.691502542961549e-15-1.51348982554867e-14j)
F_swave: (-8.627089102280099e-15+1.5022732120778456e-14j), F_dwave: (-1.638371160496493e-22-5.386328219124956e-22j)
F_px: (7.245640564005832e-22+1.688850157618002e-21j), F_py: (7.607147938291376e-22-5.778015878098655e-21j)
Free_energy = -22109.56546884335
------------------------------------------
[{'stable': {}, 'free': np.float64(-22109.56546884335)}]
------------------------------------------
  Seed: s-wave
F_onsite: (-1.705759581956758e-14+0j)
F_swave: (1.6931024363282234e-14+0j), F_dwave: (1.0149673102102067e-22+0j)
F_px: 1.5657481799293908e-21j, F_py: -1.6909515044603084e-21j
Free_energy = -22109.56546884335
------------------------------------------
[{'stable': {}, 'free': np.float64(-22109.56546884335)}]
------------------------------------------
  Seed: s-wave+px
F_onsite: (-1.705759581956758e-14+0j)
F_swave: (1.6931024363282234e-14+0j), F_dwave: (1.0149673102102067e-22+0j)
F_px: 1.5657481799293908e-21j, F_py: -1.6909515044603084e-21j
Free_energy = -22109.56546884335
------------------------------------------
[{'stable': {}, 'free': np.float64(-22109.56546884335)}]
------------------------------------------
  Seed: s-wave+py
F_onsite: (-1.705759581956758e-14+0j)
F_swave: (1.6931024363282234e-14+0j), F_dwave: (1.0149673102102067e-22+0j)
F_px: 1.5657481799293908e-21j, F_py: -1.6909515044603084e-21j
Free_energy = -22109.56546884335
------------------------------------------
[{'stable': {}, 'free': np.float64(-22109.56546884335)}]
------------------------------------------
====================================
mu=3.93, T=0.0550
====================================
  Seed: normal state
F_onsite: 0j
F_swave: 0j, F_dwave: 0j
F_px: 0j, F_py: 0j
Free_energy = -22109.92619556
------------------------------------------
[{'stable': {}, 'free': np.float64(-22109.92619556)}]
------------------------------------------
  Seed: px+i*py
F_onsite: (5.969549868618158e-15-1.039520047796251e-14j)
F_swave: (-5.9278419022733766e-15+1.0322571486371293e-14j), F_dwave: (6.853599791958294e-22-5.858081082171234e-26j)
F_px: (-8.173835592500402e-22+3.781805176550132e-21j), F_py: (-1.3505506033695441e-21+5.15347693033382e-21j)
Free_energy = -22109.92619556
------------------------------------------
[{'stable': {}, 'free': np.float64(-22109.92619556)}]
------------------------------------------
  Seed: s-wave
F_onsite: (-1.2628381791184909e-14+0j)
F_swave: (1.2540233783480061e-14+0j), F_dwave: (-8.018997977967927e-23+0j)
F_px: 5.617467475661736e-22j, F_py: 1.3104641768437053e-21j
Free_energy = -22109.92619556
------------------------------------------
[{'stable': {}, 'free': np.float64(-22109.92619556)}]
------------------------------------------
  Seed: s-wave+px
F_onsite: (-1.2628381791184909e-14+0j)
F_swave: (1.2540233783480061e-14+0j), F_dwave: (-8.018997977967927e-23+0j)
F_px: 5.617467475661736e-22j, F_py: 1.3104641768437053e-21j
Free_energy = -22109.92619556
------------------------------------------
[{'stable': {}, 'free': np.float64(-22109.92619556)}]
------------------------------------------
  Seed: s-wave+py
F_onsite: (-1.2628381791184909e-14+0j)
F_swave: (1.2540233783480061e-14+0j), F_dwave: (-8.018997977967927e-23+0j)
F_px: 5.617467475661736e-22j, F_py: 1.3104641768437053e-21j
Free_energy = -22109.92619556
------------------------------------------
[{'stable': {}, 'free': np.float64(-22109.92619556)}]
------------------------------------------
====================================
mu=3.93, T=0.0580
====================================
  Seed: normal state
F_onsite: 0j
F_swave: 0j, F_dwave: 0j
F_px: 0j, F_py: 0j
Free_energy = -22110.30173688357
------------------------------------------
[{'stable': {}, 'free': np.float64(-22110.30173688357)}]
------------------------------------------
  Seed: px+i*py
F_onsite: (4.9283209156469884e-15-8.5820573967429e-15j)
F_swave: (-4.895916649182079e-15+8.525629851183688e-15j), F_dwave: (-2.9686239128687927e-22+2.3131503345417665e-22j)
F_px: (9.603872516455334e-22-2.4282422249836065e-21j), F_py: (-2.9824508412012877e-21-9.943457114863205e-22j)
Free_energy = -22110.30173688357
------------------------------------------
[{'stable': {}, 'free': np.float64(-22110.30173688357)}]
------------------------------------------
  Seed: s-wave
F_onsite: (-9.47493248242197e-15+0j)
F_swave: (9.412626959867842e-15+0j), F_dwave: (-9.954380172050656e-24+0j)
F_px: -1.5754485909660226e-21j, F_py: 7.143398272938175e-22j
Free_energy = -22110.30173688357
------------------------------------------
[{'stable': {}, 'free': np.float64(-22110.30173688357)}]
------------------------------------------
  Seed: s-wave+px
F_onsite: (-9.47493248242197e-15+0j)
F_swave: (9.412626959867842e-15+0j), F_dwave: (-9.954380172050656e-24+0j)
F_px: -1.5754485909660226e-21j, F_py: 7.143398272938175e-22j
Free_energy = -22110.30173688357
------------------------------------------
[{'stable': {}, 'free': np.float64(-22110.30173688357)}]
------------------------------------------
  Seed: s-wave+py
F_onsite: (-9.47493248242197e-15+0j)
F_swave: (9.412626959867842e-15+0j), F_dwave: (-9.954380172050656e-24+0j)
F_px: -1.5754485909660226e-21j, F_py: 7.143398272938175e-22j
Free_energy = -22110.30173688357
------------------------------------------
[{'stable': {}, 'free': np.float64(-22110.30173688357)}]
------------------------------------------
====================================
mu=3.93, T=0.0610
====================================
  Seed: normal state
F_onsite: 0j
F_swave: 0j, F_dwave: 0j
F_px: 0j, F_py: 0j
Free_energy = -22110.69196621401
------------------------------------------
[{'stable': {}, 'free': np.float64(-22110.69196621401)}]
------------------------------------------
  Seed: px+i*py
F_onsite: (3.912036197223937e-15-6.812258670550358e-15j)
F_swave: (-3.887997804781786e-15+6.7703996753684215e-15j), F_dwave: (1.0329244783730282e-22-3.878515494817585e-22j)
F_px: (-2.4844207303124237e-21+1.4629501060198384e-22j), F_py: (9.650316907354056e-22-2.307731260864238e-21j)
Free_energy = -22110.69196621401
------------------------------------------
[{'stable': {}, 'free': np.float64(-22110.69196621401)}]
------------------------------------------
  Seed: s-wave
F_onsite: (-7.521099154744579e-15+0j)
F_swave: (7.474727578061584e-15+0j), F_dwave: (1.7165810828379884e-22+0j)
F_px: 1.4660556448338403e-21j, F_py: 1.0387955675173038e-22j
Free_energy = -22110.69196621401
------------------------------------------
[{'stable': {}, 'free': np.float64(-22110.69196621401)}]
------------------------------------------
  Seed: s-wave+px
F_onsite: (-7.521099154744579e-15+0j)
F_swave: (7.474727578061584e-15+0j), F_dwave: (1.7165810828379884e-22+0j)
F_px: 1.4660556448338403e-21j, F_py: 1.0387955675173038e-22j
Free_energy = -22110.69196621401
------------------------------------------
[{'stable': {}, 'free': np.float64(-22110.69196621401)}]
------------------------------------------
  Seed: s-wave+py
F_onsite: (-7.521099154744579e-15+0j)
F_swave: (7.474727578061584e-15+0j), F_dwave: (1.7165810828379884e-22+0j)
F_px: 1.4660556448338403e-21j, F_py: 1.0387955675173038e-22j
Free_energy = -22110.69196621401
------------------------------------------
[{'stable': {}, 'free': np.float64(-22110.69196621401)}]
------------------------------------------
====================================
mu=3.93, T=0.0640
====================================
  Seed: normal state
F_onsite: 0j
F_swave: 0j, F_dwave: 0j
F_px: 0j, F_py: 0j
Free_energy = -22111.096780032116
------------------------------------------
[{'stable': {}, 'free': np.float64(-22111.096780032116)}]
------------------------------------------
  Seed: px+i*py
F_onsite: (2.9907809011021553e-15-5.208070588281192e-15j)
F_swave: (-2.9737586478719734e-15+5.178427220644505e-15j), F_dwave: (-6.620418989853376e-22-9.730989199846631e-23j)
F_px: (3.542330460926328e-21-9.78072194165155e-22j), F_py: (-4.657865039220538e-21-2.4332460454360702e-21j)
Free_energy = -22111.096780032116
------------------------------------------
[{'stable': {}, 'free': np.float64(-22111.096780032116)}]
------------------------------------------
  Seed: s-wave
F_onsite: (-5.749773397266162e-15+0j)
F_swave: (5.717115009771895e-15+0j), F_dwave: (-3.8033087462207434e-22+0j)
F_px: -2.183138574980991e-21j, F_py: -7.926841917468138e-21j
Free_energy = -22111.096780032112
------------------------------------------
[{'stable': {}, 'free': np.float64(-22111.096780032116)}]
------------------------------------------
  Seed: s-wave+px
F_onsite: (-5.749773397266162e-15+0j)
F_swave: (5.717115009771895e-15+0j), F_dwave: (-3.8033087462207434e-22+0j)
F_px: -2.183138574980991e-21j, F_py: -7.926841917468138e-21j
Free_energy = -22111.096780032112
------------------------------------------
[{'stable': {}, 'free': np.float64(-22111.096780032116)}]
------------------------------------------
  Seed: s-wave+py
F_onsite: (-5.749773397266162e-15+0j)
F_swave: (5.717115009771895e-15+0j), F_dwave: (-3.8033087462207434e-22+0j)
F_px: -2.183138574980991e-21j, F_py: -7.926841917468138e-21j
Free_energy = -22111.096780032112
------------------------------------------
[{'stable': {}, 'free': np.float64(-22111.096780032116)}]
------------------------------------------
====================================
mu=3.93, T=0.0670
====================================
  Seed: normal state
F_onsite: 0j
F_swave: 0j, F_dwave: 0j
F_px: 0j, F_py: 0j
Free_energy = -22111.516093658123
------------------------------------------
[{'stable': {}, 'free': np.float64(-22111.516093658123)}]
------------------------------------------
  Seed: px+i*py
F_onsite: (2.2058492829066415e-15-3.8412455361048706e-15j)
F_swave: (-2.19416260007125e-15+3.820894027497521e-15j), F_dwave: (3.9013592648160267e-22-2.713670227332879e-22j)
F_px: (4.862274768292056e-21-1.935641924169191e-21j), F_py: (2.1418380887140112e-21-1.1950541389143456e-21j)
Free_energy = -22111.516093658123
------------------------------------------
[{'stable': {}, 'free': np.float64(-22111.516093658123)}]
------------------------------------------
  Seed: s-wave
F_onsite: (-4.240666836699898e-15+0j)
F_swave: (4.2183479658769246e-15+0j), F_dwave: (3.617898180440485e-23+0j)
F_px: 1.1791773450348712e-21j, F_py: 1.6592158443019063e-23j
Free_energy = -22111.516093658123
------------------------------------------
[{'stable': {}, 'free': np.float64(-22111.516093658123)}]
------------------------------------------
  Seed: s-wave+px
F_onsite: (-4.240666836699898e-15+0j)
F_swave: (4.2183479658769246e-15+0j), F_dwave: (3.617898180440485e-23+0j)
F_px: 1.1791773450348712e-21j, F_py: 1.6592158443019063e-23j
Free_energy = -22111.516093658123
------------------------------------------
[{'stable': {}, 'free': np.float64(-22111.516093658123)}]
------------------------------------------
  Seed: s-wave+py
F_onsite: (-4.240666836699898e-15+0j)
F_swave: (4.2183479658769246e-15+0j), F_dwave: (3.617898180440485e-23+0j)
F_px: 1.1791773450348712e-21j, F_py: 1.6592158443019063e-23j
Free_energy = -22111.516093658123
------------------------------------------
[{'stable': {}, 'free': np.float64(-22111.516093658123)}]
------------------------------------------
====================================
mu=3.93, T=0.0700
====================================
  Seed: normal state
F_onsite: 0j
F_swave: 0j, F_dwave: 0j
F_px: 0j, F_py: 0j
Free_energy = -22111.949837879536
------------------------------------------
[{'stable': {}, 'free': np.float64(-22111.949837879536)}]
------------------------------------------
  Seed: px+i*py
F_onsite: (1.5716197471476964e-15-2.736915921814524e-15j)
F_swave: (-1.5639262550016225e-15+2.72351727030077e-15j), F_dwave: (-4.69817887135283e-22+9.722847346722323e-23j)
F_px: (-3.772086297883738e-21+4.020050557568865e-21j), F_py: (-2.652994630890017e-21-9.145969375482977e-21j)
Free_energy = -22111.949837879536
------------------------------------------
[{'stable': {}, 'free': np.float64(-22111.949837879536)}]
------------------------------------------
  Seed: s-wave
F_onsite: (-3.0214165036793194e-15+0j)
F_swave: (3.006770353387822e-15+0j), F_dwave: (4.0740092727997694e-23+0j)
F_px: 1.1429592564883958e-21j, F_py: -5.282338645198252e-22j
Free_energy = -22111.949837879536
------------------------------------------
[{'stable': {}, 'free': np.float64(-22111.949837879536)}]
------------------------------------------
  Seed: s-wave+px
F_onsite: (-3.0214165036793194e-15+0j)
F_swave: (3.006770353387822e-15+0j), F_dwave: (4.0740092727997694e-23+0j)
F_px: 1.1429592564883958e-21j, F_py: -5.282338645198252e-22j
Free_energy = -22111.949837879536
------------------------------------------
[{'stable': {}, 'free': np.float64(-22111.949837879536)}]
------------------------------------------
  Seed: s-wave+py
F_onsite: (-3.0214165036793194e-15+0j)
F_swave: (3.006770353387822e-15+0j), F_dwave: (4.0740092727997694e-23+0j)
F_px: 1.1429592564883958e-21j, F_py: -5.282338645198252e-22j
Free_energy = -22111.949837879536
------------------------------------------
[{'stable': {}, 'free': np.float64(-22111.949837879536)}]
------------------------------------------
====================================
mu=3.93, T=0.0730
====================================
  Seed: normal state
F_onsite: 0j
F_swave: 0j, F_dwave: 0j
F_px: 0j, F_py: 0j
Free_energy = -22112.397956258967
------------------------------------------
[{'stable': {}, 'free': np.float64(-22112.397956258967)}]
------------------------------------------
  Seed: px+i*py
F_onsite: (1.0832255839349118e-15-1.886366060178966e-15j)
F_swave: (-1.0782523208989402e-15+1.8777063663497593e-15j), F_dwave: (2.2524419530396834e-23+2.245147126493366e-22j)
F_px: (2.9993331007893374e-21-5.4758591310572866e-21j), F_py: (-5.800777344759741e-21-3.562187280301847e-21j)
Free_energy = -22112.397956258963
------------------------------------------
[{'stable': {}, 'free': np.float64(-22112.397956258967)}]
------------------------------------------
  Seed: s-wave
F_onsite: (-2.0830114177066212e-15+0j)
F_swave: (2.0729558531881163e-15+0j), F_dwave: (1.0388680660608686e-22+0j)
F_px: 7.700479577240992e-22j, F_py: -7.083382125454664e-22j
Free_energy = -22112.397956258967
------------------------------------------
[{'stable': {}, 'free': np.float64(-22112.397956258967)}]
------------------------------------------
  Seed: s-wave+px
F_onsite: (-2.0830114177066212e-15+0j)
F_swave: (2.0729558531881163e-15+0j), F_dwave: (1.0388680660608686e-22+0j)
F_px: 7.700479577240992e-22j, F_py: -7.083382125454664e-22j
Free_energy = -22112.397956258967
------------------------------------------
[{'stable': {}, 'free': np.float64(-22112.397956258967)}]
------------------------------------------
  Seed: s-wave+py
F_onsite: (-2.0830114177066212e-15+0j)
F_swave: (2.0729558531881163e-15+0j), F_dwave: (1.0388680660608686e-22+0j)
F_px: 7.700479577240992e-22j, F_py: -7.083382125454664e-22j
Free_energy = -22112.397956258967
------------------------------------------
[{'stable': {}, 'free': np.float64(-22112.397956258967)}]
------------------------------------------
====================================
mu=3.93, T=0.0760
====================================
  Seed: normal state
F_onsite: 0j
F_swave: 0j, F_dwave: 0j
F_px: 0j, F_py: 0j
Free_energy = -22112.86040297073
------------------------------------------
[{'stable': {}, 'free': np.float64(-22112.86040297073)}]
------------------------------------------
  Seed: px+i*py
F_onsite: (7.230812271963521e-16-1.2592017192712997e-15j)
F_swave: (-7.197726442022311e-16+1.2534410149833376e-15j), F_dwave: (-1.0728183683156868e-21+3.201476447764336e-22j)
F_px: (-4.377979635960663e-21+1.0740222078977256e-21j), F_py: (1.1830750154399702e-21-1.8858582821497435e-20j)
Free_energy = -22112.860402970728
------------------------------------------
[{'stable': {}, 'free': np.float64(-22112.86040297073)}]
------------------------------------------
  Seed: s-wave
F_onsite: (-1.3902126711149424e-15+0j)
F_swave: (1.3836588698654183e-15+0j), F_dwave: (2.085224269032879e-22+0j)
F_px: 2.8866250730412597e-21j, F_py: 6.4755104233535174e-21j
Free_energy = -22112.86040297073
------------------------------------------
[{'stable': {}, 'free': np.float64(-22112.86040297073)}]
------------------------------------------
  Seed: s-wave+px
F_onsite: (-1.3902126711149424e-15+0j)
F_swave: (1.3836588698654183e-15+0j), F_dwave: (2.085224269032879e-22+0j)
F_px: 2.8866250730412597e-21j, F_py: 6.4755104233535174e-21j
Free_energy = -22112.86040297073
------------------------------------------
[{'stable': {}, 'free': np.float64(-22112.86040297073)}]
------------------------------------------
  Seed: s-wave+py
F_onsite: (-1.3902126711149424e-15+0j)
F_swave: (1.3836588698654183e-15+0j), F_dwave: (2.085224269032879e-22+0j)
F_px: 2.8866250730412597e-21j, F_py: 6.4755104233535174e-21j
Free_energy = -22112.86040297073
------------------------------------------
[{'stable': {}, 'free': np.float64(-22112.86040297073)}]
------------------------------------------
====================================
mu=3.93, T=0.0790
====================================
  Seed: normal state
F_onsite: 0j
F_swave: 0j, F_dwave: 0j
F_px: 0j, F_py: 0j
Free_energy = -22113.33714105396
------------------------------------------
[{'stable': {}, 'free': np.float64(-22113.33714105396)}]
------------------------------------------
  Seed: px+i*py
F_onsite: (4.680961735658965e-16-8.152152297730611e-16j)
F_swave: (-4.653482294797442e-16+8.104290648254394e-16j), F_dwave: (5.002617310160825e-22+2.684851943094365e-22j)
F_px: (9.150177658210125e-22+4.411804617035717e-21j), F_py: (2.6927218301107117e-21-3.8652737910827565e-21j)
Free_energy = -22113.33714105396
------------------------------------------
[{'stable': {}, 'free': np.float64(-22113.33714105396)}]
------------------------------------------
  Seed: s-wave
F_onsite: (-9.002404281187436e-16+0j)
F_swave: (8.943578080812191e-16+0j), F_dwave: (4.945910265116585e-22+0j)
F_px: -1.766485596810658e-21j, F_py: -3.843570736393237e-21j
Free_energy = -22113.33714105396
------------------------------------------
[{'stable': {}, 'free': np.float64(-22113.33714105396)}]
------------------------------------------
  Seed: s-wave+px
F_onsite: (-9.002404281187436e-16+0j)
F_swave: (8.943578080812191e-16+0j), F_dwave: (4.945910265116585e-22+0j)
F_px: -1.766485596810658e-21j, F_py: -3.843570736393237e-21j
Free_energy = -22113.33714105396
------------------------------------------
[{'stable': {}, 'free': np.float64(-22113.33714105396)}]
------------------------------------------
  Seed: s-wave+py
F_onsite: (-9.002404281187436e-16+0j)
F_swave: (8.943578080812191e-16+0j), F_dwave: (4.945910265116585e-22+0j)
F_px: -1.766485596810658e-21j, F_py: -3.843570736393237e-21j
Free_energy = -22113.33714105396
------------------------------------------
[{'stable': {}, 'free': np.float64(-22113.33714105396)}]
------------------------------------------
====================================
mu=3.93, T=0.0820
====================================
  Seed: normal state
F_onsite: 0j
F_swave: 0j, F_dwave: 0j
F_px: 0j, F_py: 0j
Free_energy = -22113.828140995374
------------------------------------------
[{'stable': {}, 'free': np.float64(-22113.828140995374)}]
------------------------------------------
  Seed: px+i*py
F_onsite: (3.7132702912350715e-16-6.466722651821462e-16j)
F_swave: (-3.682524853717399e-16+6.413192218029755e-16j), F_dwave: (-9.095249153324817e-23-4.805020040737845e-22j)
F_px: (-4.109313201893632e-21-5.490338555185824e-21j), F_py: (1.0880987119758504e-21+7.968307948524142e-22j)
Free_energy = -22113.828140995374
------------------------------------------
[{'stable': {}, 'free': np.float64(-22113.828140995374)}]
------------------------------------------
  Seed: s-wave
F_onsite: (-7.136539992555881e-16+0j)
F_swave: (7.075066715084602e-16+0j), F_dwave: (9.900648417722818e-22+0j)
F_px: -1.8953499275264886e-22j, F_py: 1.795787408658899e-21j
Free_energy = -22113.828140995374
------------------------------------------
[{'stable': {}, 'free': np.float64(-22113.828140995374)}]
------------------------------------------
  Seed: s-wave+px
F_onsite: (-7.136539992555881e-16+0j)
F_swave: (7.075066715084602e-16+0j), F_dwave: (9.900648417722818e-22+0j)
F_px: -1.8953499275264886e-22j, F_py: 1.795787408658899e-21j
Free_energy = -22113.828140995374
------------------------------------------
[{'stable': {}, 'free': np.float64(-22113.828140995374)}]
------------------------------------------
  Seed: s-wave+py
F_onsite: (-7.136539992555881e-16+0j)
F_swave: (7.075066715084602e-16+0j), F_dwave: (9.900648417722818e-22+0j)
F_px: -1.8953499275264886e-22j, F_py: 1.795787408658899e-21j
Free_energy = -22113.828140995374
------------------------------------------
[{'stable': {}, 'free': np.float64(-22113.828140995374)}]
------------------------------------------
====================================
mu=3.93, T=0.0850
====================================
  Seed: normal state
F_onsite: 0j
F_swave: 0j, F_dwave: 0j
F_px: 0j, F_py: 0j
Free_energy = -22114.333379570588
------------------------------------------
[{'stable': {}, 'free': np.float64(-22114.333379570588)}]
------------------------------------------
  Seed: px+i*py
F_onsite: (2.902686945327767e-16-5.055162870578863e-16j)
F_swave: (-2.867158891592514e-16+4.993289375190768e-16j), F_dwave: (1.0461292919397447e-22-1.9887773513230716e-23j)
F_px: (1.1135066688986421e-22-6.498924907140622e-22j), F_py: (4.341068286957771e-21+1.1926050118150163e-21j)
Free_energy = -22114.333379570588
------------------------------------------
[{'stable': {}, 'free': np.float64(-22114.333379570588)}]
------------------------------------------
  Seed: s-wave
F_onsite: (-5.579775323497938e-16+0j)
F_swave: (5.50571100837649e-16+0j), F_dwave: (4.5866844826588523e-23+0j)
F_px: -1.3435790290622125e-21j, F_py: -2.1923800577309855e-21j
Free_energy = -22114.333379570588
------------------------------------------
[{'stable': {}, 'free': np.float64(-22114.333379570588)}]
------------------------------------------
  Seed: s-wave+px
F_onsite: (-5.579775323497938e-16+0j)
F_swave: (5.50571100837649e-16+0j), F_dwave: (4.5866844826588523e-23+0j)
F_px: -1.3435790290622125e-21j, F_py: -2.1923800577309855e-21j
Free_energy = -22114.333379570588
------------------------------------------
[{'stable': {}, 'free': np.float64(-22114.333379570588)}]
------------------------------------------
  Seed: s-wave+py
F_onsite: (-5.579775323497938e-16+0j)
F_swave: (5.50571100837649e-16+0j), F_dwave: (4.5866844826588523e-23+0j)
F_px: -1.3435790290622125e-21j, F_py: -2.1923800577309855e-21j
Free_energy = -22114.333379570588
------------------------------------------
[{'stable': {}, 'free': np.float64(-22114.333379570588)}]
------------------------------------------
====================================
mu=3.93, T=0.0880
====================================
  Seed: normal state
F_onsite: 0j
F_swave: 0j, F_dwave: 0j
F_px: 0j, F_py: 0j
Free_energy = -22114.85283889518
------------------------------------------
[{'stable': {}, 'free': np.float64(-22114.85283889518)}]
------------------------------------------
  Seed: px+i*py
F_onsite: (2.240119134868754e-16-3.9016996827546155e-16j)
F_swave: (-2.191551573300264e-16+3.8171042684442436e-16j), F_dwave: (-5.900597811413539e-22+2.578266742926098e-22j)
F_px: (-8.82014588881943e-21-2.030310827767031e-21j), F_py: (2.1410428269421015e-22+4.350983592236084e-21j)
Free_energy = -22114.85283889518
------------------------------------------
[{'stable': {}, 'free': np.float64(-22114.85283889518)}]
------------------------------------------
  Seed: s-wave
F_onsite: (-4.3101550681781505e-16+0j)
F_swave: (4.202949640485352e-16+0j), F_dwave: (-7.0755313512731e-22+0j)
F_px: -8.54826561015806e-22j, F_py: -3.1693879001221436e-21j
Free_energy = -22114.85283889518
------------------------------------------
[{'stable': {}, 'free': np.float64(-22114.85283889518)}]
------------------------------------------
  Seed: s-wave+px
F_onsite: (-4.3101550681781505e-16+0j)
F_swave: (4.202949640485352e-16+0j), F_dwave: (-7.0755313512731e-22+0j)
F_px: -8.54826561015806e-22j, F_py: -3.1693879001221436e-21j
Free_energy = -22114.85283889518
------------------------------------------
[{'stable': {}, 'free': np.float64(-22114.85283889518)}]
------------------------------------------
  Seed: s-wave+py
F_onsite: (-4.3101550681781505e-16+0j)
F_swave: (4.202949640485352e-16+0j), F_dwave: (-7.0755313512731e-22+0j)
F_px: -8.54826561015806e-22j, F_py: -3.1693879001221436e-21j
Free_energy = -22114.85283889518
------------------------------------------
[{'stable': {}, 'free': np.float64(-22114.85283889518)}]
------------------------------------------
====================================
mu=3.93, T=0.0910
====================================
  Seed: normal state
F_onsite: 0j
F_swave: 0j, F_dwave: 0j
F_px: 0j, F_py: 0j
Free_energy = -22115.386505641072
------------------------------------------
[{'stable': {}, 'free': np.float64(-22115.386505641072)}]
------------------------------------------
  Seed: px+i*py
F_onsite: (1.7110144744906966e-16-2.9797817259728218e-16j)
F_swave: (-1.6350771319287207e-16+2.8475289948526783e-16j), F_dwave: (-3.5037786749068195e-22+9.978987228596351e-23j)
F_px: (3.0716929655529287e-21-1.2720316994956536e-21j), F_py: (7.110689230387799e-22-3.2442702443082993e-22j)
Free_energy = -22115.386505641072
------------------------------------------
[{'stable': {}, 'free': np.float64(-22115.386505641072)}]
------------------------------------------
  Seed: s-wave
F_onsite: (-3.296505679898326e-16+0j)
F_swave: (3.124700559890936e-16+0j), F_dwave: (-2.263229603731868e-22+0j)
F_px: 6.411998832547429e-22j, F_py: 2.367229622899373e-21j
Free_energy = -22115.386505641072
------------------------------------------
[{'stable': {}, 'free': np.float64(-22115.386505641072)}]
------------------------------------------
  Seed: s-wave+px
F_onsite: (-3.296505679898326e-16+0j)
F_swave: (3.124700559890936e-16+0j), F_dwave: (-2.263229603731868e-22+0j)
F_px: 6.411998832547429e-22j, F_py: 2.367229622899373e-21j
Free_energy = -22115.386505641072
------------------------------------------
[{'stable': {}, 'free': np.float64(-22115.386505641072)}]
------------------------------------------
  Seed: s-wave+py
F_onsite: (-3.296505679898326e-16+0j)
F_swave: (3.124700559890936e-16+0j), F_dwave: (-2.263229603731868e-22+0j)
F_px: 6.411998832547429e-22j, F_py: 2.367229622899373e-21j
Free_energy = -22115.386505641072
------------------------------------------
[{'stable': {}, 'free': np.float64(-22115.386505641072)}]
------------------------------------------
====================================
mu=3.93, T=0.0940
====================================
  Seed: normal state
F_onsite: 0j
F_swave: 0j, F_dwave: 0j
F_px: 0j, F_py: 0j
Free_energy = -22115.93437038736
------------------------------------------
[{'stable': {}, 'free': np.float64(-22115.93437038736)}]
------------------------------------------
  Seed: px+i*py
F_onsite: (1.302974721092723e-16-2.2689512691818426e-16j)
F_swave: (-1.1603399117948018e-16+2.0205672782816828e-16j), F_dwave: (-4.343965420306238e-22-5.0377542534001375e-22j)
F_px: (7.497078748652386e-21-5.324844997697188e-21j), F_py: (5.161624164290689e-21+3.479077641065663e-21j)
Free_energy = -22115.934370387364
------------------------------------------
[{'stable': {}, 'free': np.float64(-22115.93437038736)}]
------------------------------------------
  Seed: s-wave
F_onsite: (-2.515827935734485e-16+0j)
F_swave: (2.190060970227057e-16+0j), F_dwave: (-5.760461477859351e-23+0j)
F_px: 8.025760787568225e-22j, F_py: 4.42557235929866e-22j
Free_energy = -22115.93437038736
------------------------------------------
[{'stable': {}, 'free': np.float64(-22115.93437038736)}]
------------------------------------------
  Seed: s-wave+px
F_onsite: (-2.515827935734485e-16+0j)
F_swave: (2.190060970227057e-16+0j), F_dwave: (-5.760461477859351e-23+0j)
F_px: 8.025760787568225e-22j, F_py: 4.42557235929866e-22j
Free_energy = -22115.93437038736
------------------------------------------
[{'stable': {}, 'free': np.float64(-22115.93437038736)}]
------------------------------------------
  Seed: s-wave+py
F_onsite: (-2.515827935734485e-16+0j)
F_swave: (2.190060970227057e-16+0j), F_dwave: (-5.760461477859351e-23+0j)
F_px: 8.025760787568225e-22j, F_py: 4.42557235929866e-22j
Free_energy = -22115.93437038736
------------------------------------------
[{'stable': {}, 'free': np.float64(-22115.93437038736)}]
------------------------------------------
====================================
mu=3.93, T=0.0970
====================================
  Seed: normal state
F_onsite: 0j
F_swave: 0j, F_dwave: 0j
F_px: 0j, F_py: 0j
Free_energy = -22116.49642707866
------------------------------------------
[{'stable': {}, 'free': np.float64(-22116.49642707866)}]
------------------------------------------
  Seed: px+i*py
F_onsite: (9.227794294774837e-17-1.6067403505118748e-16j)
F_swave: (-7.81817096298611e-17+1.361272042720419e-16j), F_dwave: (7.70236123109596e-22+1.0368508795776298e-23j)
F_px: (-4.3968084761706175e-23-5.307654816719518e-21j), F_py: (-1.1265957795646255e-21-3.3710930930977688e-21j)
Free_energy = -22116.49642707866
------------------------------------------
[{'stable': {}, 'free': np.float64(-22116.49642707866)}]
------------------------------------------
  Seed: s-wave
F_onsite: (-1.7331272487707509e-16+0j)
F_swave: (1.472194895620157e-16+0j), F_dwave: (-8.338614898574483e-23+0j)
F_px: -2.555970509587868e-21j, F_py: 7.110128999619171e-23j
Free_energy = -22116.49642707866
------------------------------------------
[{'stable': {}, 'free': np.float64(-22116.49642707866)}]
------------------------------------------
  Seed: s-wave+px
F_onsite: (-1.7331272487707509e-16+0j)
F_swave: (1.472194895620157e-16+0j), F_dwave: (-8.338614898574483e-23+0j)
F_px: -2.555970509587868e-21j, F_py: 7.110128999619171e-23j
Free_energy = -22116.49642707866
------------------------------------------
[{'stable': {}, 'free': np.float64(-22116.49642707866)}]
------------------------------------------
  Seed: s-wave+py
F_onsite: (-1.7331272487707509e-16+0j)
F_swave: (1.472194895620157e-16+0j), F_dwave: (-8.338614898574483e-23+0j)
F_px: -2.555970509587868e-21j, F_py: 7.110128999619171e-23j
Free_energy = -22116.49642707866
------------------------------------------
[{'stable': {}, 'free': np.float64(-22116.49642707866)}]
------------------------------------------
====================================
mu=3.93, T=0.1000
====================================
  Seed: normal state
F_onsite: 0j
F_swave: 0j, F_dwave: 0j
F_px: 0j, F_py: 0j
Free_energy = -22117.07267257375
------------------------------------------
[{'stable': {}, 'free': np.float64(-22117.07267257375)}]
------------------------------------------
  Seed: px+i*py
F_onsite: (5.94125009273331e-17-1.0350467575332435e-16j)
F_swave: (-5.1084636164978026e-17+8.90018697969288e-17j), F_dwave: (6.140351850274731e-22-2.3289951898267195e-22j)
F_px: (-6.673810970286141e-21+9.540342083955933e-21j), F_py: (-1.1417327193066606e-20-2.002788914781431e-21j)
Free_energy = -22117.07267257375
------------------------------------------
[{'stable': {}, 'free': np.float64(-22117.07267257375)}]
------------------------------------------
  Seed: s-wave
F_onsite: (-1.1091066117812341e-16+0j)
F_swave: (9.574034680176651e-17+0j), F_dwave: (4.0951690704217803e-22+0j)
F_px: 8.457774708407677e-21j, F_py: 9.166964966760382e-22j
Free_energy = -22117.07267257375
------------------------------------------
[{'stable': {}, 'free': np.float64(-22117.07267257375)}]
------------------------------------------
  Seed: s-wave+px
F_onsite: (-1.1091066117812341e-16+0j)
F_swave: (9.574034680176651e-17+0j), F_dwave: (4.0951690704217803e-22+0j)
F_px: 8.457774708407677e-21j, F_py: 9.166964966760382e-22j
Free_energy = -22117.07267257375
------------------------------------------
[{'stable': {}, 'free': np.float64(-22117.07267257375)}]
------------------------------------------
  Seed: s-wave+py
F_onsite: (-1.1091066117812341e-16+0j)
F_swave: (9.574034680176651e-17+0j), F_dwave: (4.0951690704217803e-22+0j)
F_px: 8.457774708407677e-21j, F_py: 9.166964966760382e-22j
Free_energy = -22117.07267257375
------------------------------------------
[{'stable': {}, 'free': np.float64(-22117.07267257375)}]
------------------------------------------
