/home/emilssp/D1/venv/bin/python
Python 3.10.12
Running job 21 out of 25
====================================
mu=3.79, T=0.0010
====================================
  Seed: normal state
F_onsite: 0j
F_swave: 0j, F_dwave: 0j
F_px: 0j, F_py: 0j
Free_energy = -21331.949061658088
------------------------------------------
[{'stable': {}, 'free': np.float64(-21331.949061658088)}]
------------------------------------------
  Seed: px+i*py
F_onsite: (-0.0059463903228713375-0.02087924411002908j)
F_swave: (0.005780999477459475+0.020298516030064967j), F_dwave: (2.6020852139652106e-18+3.209238430557093e-17j)
F_px: (1.1275702593849246e-17-3.2959746043559335e-17j), F_py: (1.734723475976807e-18+5.204170427930421e-18j)
Free_energy = -21350.062880386693
------------------------------------------
[{'stable': {'F_onsite': np.complex128(-0.0059463903228713375-0.02087924411002908j), 'F_swave': np.complex128(0.005780999477459475+0.020298516030064967j)}, 'free': np.float64(-21350.062880386693)}]
------------------------------------------
  Seed: s-wave
F_onsite: (-0.021712223686335894+0j)
F_swave: (0.021108384334403426+0j), F_dwave: (4.85722573273506e-17+0j)
F_px: -1.0579441511206211e-18j, F_py: -4.717973516206453e-19j
Free_energy = -21350.06933273653
------------------------------------------
[{'stable': {'F_onsite': np.complex128(-0.0059463903228713375-0.02087924411002908j), 'F_swave': np.complex128(0.005780999477459475+0.020298516030064967j)}, 'free': np.float64(-21350.062880386693)}, {'stable': {'F_onsite': np.complex128(-0.021712223686335894+0j), 'F_swave': np.complex128(0.021108384334403426+0j)}, 'free': np.float64(-21350.06933273653)}]
------------------------------------------
  Seed: s-wave+px
F_onsite: (-0.021712189894083148-5.5879926434655226e-18j)
F_swave: (0.021108350775519293+4.491815719289555e-18j), F_dwave: (1.9255430583342559e-16-8.720204191983022e-19j)
F_px: (2.0756462520976626e-11-9.084428359302371e-19j), F_py: -5.560771298724482e-19j
Free_energy = -21350.069252671597
------------------------------------------
[{'stable': {'F_onsite': np.complex128(-0.0059463903228713375-0.02087924411002908j), 'F_swave': np.complex128(0.005780999477459475+0.020298516030064967j)}, 'free': np.float64(-21350.062880386693)}, {'stable': {'F_onsite': np.complex128(-0.021712223686335894+0j), 'F_swave': np.complex128(0.021108384334403426+0j)}, 'free': np.float64(-21350.06933273653)}]
------------------------------------------
  Seed: s-wave+py
F_onsite: (-0.021712189894083155-1.8447926054821132e-18j)
F_swave: (0.021108350775519313+1.6862308397464984e-18j), F_dwave: (-2.0296264668928643e-16-1.7999450129153882e-20j)
F_px: (-3.469446951953614e-18-8.931962428796597e-19j), F_py: (2.075650415434005e-11-6.2765141391543655e-19j)
Free_energy = -21350.0692526716
------------------------------------------
[{'stable': {'F_onsite': np.complex128(-0.0059463903228713375-0.02087924411002908j), 'F_swave': np.complex128(0.005780999477459475+0.020298516030064967j)}, 'free': np.float64(-21350.062880386693)}, {'stable': {'F_onsite': np.complex128(-0.021712223686335894+0j), 'F_swave': np.complex128(0.021108384334403426+0j)}, 'free': np.float64(-21350.06933273653)}]
------------------------------------------
====================================
mu=3.79, T=0.0040
====================================
  Seed: normal state
F_onsite: 0j
F_swave: 0j, F_dwave: 0j
F_px: 0j, F_py: 0j
Free_energy = -21331.95576848579
------------------------------------------
[{'stable': {}, 'free': np.float64(-21331.95576848579)}]
------------------------------------------
  Seed: px+i*py
F_onsite: (-0.005946622020869866-0.02088005765888943j)
F_swave: (0.005781229573799463+0.02029932395510705j), F_dwave: (-2.190088388420719e-17-9.540979117872439e-18j)
F_px: (1.1709383462843448e-17-3.469446951953614e-18j), F_py: (4.336808689942018e-19-1.734723475976807e-18j)
Free_energy = -21350.0648841611
------------------------------------------
[{'stable': {'F_onsite': np.complex128(-0.005946622020869866-0.02088005765888943j), 'F_swave': np.complex128(0.005781229573799463+0.02029932395510705j)}, 'free': np.float64(-21350.0648841611)}]
------------------------------------------
  Seed: s-wave
F_onsite: (-0.021711317262885617+0j)
F_swave: (0.02110748417186003+0j), F_dwave: (6.071532165918825e-17+0j)
F_px: -1.7076184216646695e-18j, F_py: -7.411538288475128e-19j
Free_energy = -21350.06718521411
------------------------------------------
[{'stable': {'F_onsite': np.complex128(-0.005946622020869866-0.02088005765888943j), 'F_swave': np.complex128(0.005781229573799463+0.02029932395510705j)}, 'free': np.float64(-21350.0648841611)}, {'stable': {'F_onsite': np.complex128(-0.021711317262885617+0j), 'F_swave': np.complex128(0.02110748417186003+0j)}, 'free': np.float64(-21350.06718521411)}]
------------------------------------------
  Seed: s-wave+px
F_onsite: (-0.02171130521244229-4.067360817493763e-18j)
F_swave: (0.021107472204668624+4.8452402165314115e-18j), F_dwave: (-1.9081958235744878e-17+7.184956975084603e-19j)
F_px: (2.0528041072553904e-12-2.591497302124532e-18j), F_py: -6.318865786517081e-19j
Free_energy = -21350.067156665027
------------------------------------------
[{'stable': {'F_onsite': np.complex128(-0.005946622020869866-0.02088005765888943j), 'F_swave': np.complex128(0.005781229573799463+0.02029932395510705j)}, 'free': np.float64(-21350.0648841611)}, {'stable': {'F_onsite': np.complex128(-0.021711317262885617+0j), 'F_swave': np.complex128(0.02110748417186003+0j)}, 'free': np.float64(-21350.06718521411)}]
------------------------------------------
  Seed: s-wave+py
F_onsite: (-0.021711305212442297-8.157757125451729e-19j)
F_swave: (0.02110747220466861+3.5236570605778894e-19j), F_dwave: (-1.0408340855860843e-17-3.2017845406212553e-19j)
F_px: (-3.469446951953614e-18-3.0281427864341237e-18j), F_py: (2.0527954336380105e-12-2.244637310223896e-19j)
Free_energy = -21350.067156665027
------------------------------------------
[{'stable': {'F_onsite': np.complex128(-0.005946622020869866-0.02088005765888943j), 'F_swave': np.complex128(0.005781229573799463+0.02029932395510705j)}, 'free': np.float64(-21350.0648841611)}, {'stable': {'F_onsite': np.complex128(-0.021711317262885617+0j), 'F_swave': np.complex128(0.02110748417186003+0j)}, 'free': np.float64(-21350.06718521411)}]
------------------------------------------
====================================
mu=3.79, T=0.0070
====================================
  Seed: normal state
F_onsite: 0j
F_swave: 0j, F_dwave: 0j
F_px: 0j, F_py: 0j
Free_energy = -21331.988314467668
------------------------------------------
[{'stable': {}, 'free': np.float64(-21331.988314467668)}]
------------------------------------------
  Seed: px+i*py
F_onsite: (-0.005946704563838672-0.02088034748762604j)
F_swave: (0.005781311548972868+0.02029961179017389j), F_dwave: (1.951563910473908e-18+8.673617379884035e-19j)
F_px: (-2.3852447794681098e-17-3.469446951953614e-18j), F_py: (1.3010426069826053e-18-1.734723475976807e-18j)
Free_energy = -21350.065598558274
------------------------------------------
[{'stable': {'F_onsite': np.complex128(-0.005946704563838672-0.02088034748762604j), 'F_swave': np.complex128(0.005781311548972868+0.02029961179017389j)}, 'free': np.float64(-21350.065598558274)}]
------------------------------------------
  Seed: s-wave
F_onsite: (-0.021710993697710262+0j)
F_swave: (0.021107162851927708+0j), F_dwave: (-1.734723475976807e-18+0j)
F_px: -9.81711185867734e-19j, F_py: -3.9132922163148676e-19j
Free_energy = -21350.066419168234
------------------------------------------
[{'stable': {'F_onsite': np.complex128(-0.005946704563838672-0.02088034748762604j), 'F_swave': np.complex128(0.005781311548972868+0.02029961179017389j)}, 'free': np.float64(-21350.065598558274)}, {'stable': {'F_onsite': np.complex128(-0.021710993697710262+0j), 'F_swave': np.complex128(0.021107162851927708+0j)}, 'free': np.float64(-21350.066419168234)}]
------------------------------------------
  Seed: s-wave+px
F_onsite: (-0.021710989400316443-4.7372609660680225e-18j)
F_swave: (0.021107158584226935+4.481651323922503e-18j), F_dwave: (-3.0357660829594124e-17-1.6305384234645282e-19j)
F_px: (2.030164231170417e-13+1.5712461171567271e-19j), F_py: (5.204170427930421e-18-3.97681968735894e-19j)
Free_energy = -21350.066408987368
------------------------------------------
[{'stable': {'F_onsite': np.complex128(-0.005946704563838672-0.02088034748762604j), 'F_swave': np.complex128(0.005781311548972868+0.02029961179017389j)}, 'free': np.float64(-21350.065598558274)}, {'stable': {'F_onsite': np.complex128(-0.021710993697710262+0j), 'F_swave': np.complex128(0.021107162851927708+0j)}, 'free': np.float64(-21350.066419168234)}]
------------------------------------------
  Seed: s-wave+py
F_onsite: (-0.02171098940031649+3.7284751495798526e-19j)
F_swave: (0.02110715858422695+6.649208635946258e-19j), F_dwave: (3.2959746043559335e-17+8.127281128905012e-19j)
F_px: -8.228925082575528e-19j, F_py: (2.0305632175698918e-13-4.307162536788117e-19j)
Free_energy = -21350.066408987368
------------------------------------------
[{'stable': {'F_onsite': np.complex128(-0.005946704563838672-0.02088034748762604j), 'F_swave': np.complex128(0.005781311548972868+0.02029961179017389j)}, 'free': np.float64(-21350.065598558274)}, {'stable': {'F_onsite': np.complex128(-0.021710993697710262+0j), 'F_swave': np.complex128(0.021107162851927708+0j)}, 'free': np.float64(-21350.066419168234)}]
------------------------------------------
====================================
mu=3.79, T=0.0100
====================================
  Seed: normal state
F_onsite: 0j
F_swave: 0j, F_dwave: 0j
F_px: 0j, F_py: 0j
Free_energy = -21332.05069146608
------------------------------------------
[{'stable': {}, 'free': np.float64(-21332.05069146608)}]
------------------------------------------
  Seed: px+i*py
F_onsite: (-0.005946715605166956-0.020880386256454914j)
F_swave: (0.005781323063112458+0.020299652219159893j), F_dwave: (6.7220534694101275e-18+1.9081958235744878e-17j)
F_px: (1.3010426069826053e-18+2.7755575615628914e-17j), F_py: (2.168404344971009e-18+0j)
Free_energy = -21350.065800509525
------------------------------------------
[{'stable': {'F_onsite': np.complex128(-0.005946715605166956-0.020880386256454914j), 'F_swave': np.complex128(0.005781323063112458+0.020299652219159893j)}, 'free': np.float64(-21350.065800509525)}]
------------------------------------------
  Seed: s-wave
F_onsite: (-0.021710811156505506+0j)
F_swave: (0.02110698357658462+0j), F_dwave: (-6.938893903907228e-18+0j)
F_px: -1.0130514049161432e-18j, F_py: -4.819617469876969e-19j
Free_energy = -21350.066093168625
------------------------------------------
[{'stable': {'F_onsite': np.complex128(-0.005946715605166956-0.020880386256454914j), 'F_swave': np.complex128(0.005781323063112458+0.020299652219159893j)}, 'free': np.float64(-21350.065800509525)}, {'stable': {'F_onsite': np.complex128(-0.021710811156505506+0j), 'F_swave': np.complex128(0.02110698357658462+0j)}, 'free': np.float64(-21350.066093168625)}]
------------------------------------------
  Seed: s-wave+px
F_onsite: (-0.021710809623844345-4.7376022379967304e-18j)
F_swave: (0.02110698205451701+4.169096166385666e-18j), F_dwave: (3.5561831257524545e-17-5.30242624981192e-19j)
F_px: (2.0084628404859473e-14-1.3374650237145402e-18j), F_py: (5.204170427930421e-18-5.64123942871364e-19j)
Free_energy = -21350.06608953805
------------------------------------------
[{'stable': {'F_onsite': np.complex128(-0.005946715605166956-0.020880386256454914j), 'F_swave': np.complex128(0.005781323063112458+0.020299652219159893j)}, 'free': np.float64(-21350.065800509525)}, {'stable': {'F_onsite': np.complex128(-0.021710811156505506+0j), 'F_swave': np.complex128(0.02110698357658462+0j)}, 'free': np.float64(-21350.066093168625)}]
------------------------------------------
  Seed: s-wave+py
F_onsite: (-0.02171080962384436-3.157756771104597e-19j)
F_swave: (0.02110698205451704+3.491893325055853e-19j), F_dwave: (-2.7755575615628914e-17-1.164670302474663e-20j)
F_px: (-1.734723475976807e-18-1.3666876603948136e-18j), F_py: (2.0070750617051658e-14-5.310896579284463e-19j)
Free_energy = -21350.06608953805
------------------------------------------
[{'stable': {'F_onsite': np.complex128(-0.005946715605166956-0.020880386256454914j), 'F_swave': np.complex128(0.005781323063112458+0.020299652219159893j)}, 'free': np.float64(-21350.065800509525)}, {'stable': {'F_onsite': np.complex128(-0.021710811156505506+0j), 'F_swave': np.complex128(0.02110698357658462+0j)}, 'free': np.float64(-21350.066093168625)}]
------------------------------------------
====================================
mu=3.79, T=0.0130
====================================
  Seed: normal state
F_onsite: 0j
F_swave: 0j, F_dwave: 0j
F_px: 0j, F_py: 0j
Free_energy = -21332.14458360723
------------------------------------------
[{'stable': {}, 'free': np.float64(-21332.14458360723)}]
------------------------------------------
  Seed: px+i*py
F_onsite: (-0.00594640138183323-0.02087928294077391j)
F_swave: (0.005781020513941728+0.02029858989434627j), F_dwave: (6.071532165918825e-18-2.3418766925686896e-17j)
F_px: (-1.2576745200831851e-17-2.0816681711721685e-17j), F_py: (8.673617379884035e-19-1.734723475976807e-18j)
Free_energy = -21350.064954055102
------------------------------------------
[{'stable': {'F_onsite': np.complex128(-0.00594640138183323-0.02087928294077391j), 'F_swave': np.complex128(0.005781020513941728+0.02029858989434627j)}, 'free': np.float64(-21350.064954055102)}]
------------------------------------------
  Seed: s-wave
F_onsite: (-0.021709584531207065+0j)
F_swave: (0.021105800120124765+0j), F_dwave: (-2.42861286636753e-17+0j)
F_px: 3.3542504711270293e-19j, F_py: -2.786738396466648e-19j
Free_energy = -21350.06505847616
------------------------------------------
[{'stable': {'F_onsite': np.complex128(-0.00594640138183323-0.02087928294077391j), 'F_swave': np.complex128(0.005781020513941728+0.02029858989434627j)}, 'free': np.float64(-21350.064954055102)}, {'stable': {'F_onsite': np.complex128(-0.021709584531207065+0j), 'F_swave': np.complex128(0.021105800120124765+0j)}, 'free': np.float64(-21350.06505847616)}]
------------------------------------------
  Seed: s-wave+px
F_onsite: (-0.021709583984040222-4.2890160661909034e-18j)
F_swave: (0.02110579957675319+4.061099465610743e-18j), F_dwave: (-1.214306433183765e-17+5.590417451878382e-20j)
F_px: (2.067790383364354e-15-9.457122856094263e-19j), F_py: (3.469446951953614e-18-4.501980114656606e-19j)
Free_energy = -21350.06505718075
------------------------------------------
[{'stable': {'F_onsite': np.complex128(-0.00594640138183323-0.02087928294077391j), 'F_swave': np.complex128(0.005781020513941728+0.02029858989434627j)}, 'free': np.float64(-21350.064954055102)}, {'stable': {'F_onsite': np.complex128(-0.021709584531207065+0j), 'F_swave': np.complex128(0.021105800120124765+0j)}, 'free': np.float64(-21350.06505847616)}]
------------------------------------------
  Seed: s-wave+py
F_onsite: (-0.02170958398404023+3.802553447999132e-19j)
F_swave: (0.02110579957675319+1.353558649712372e-18j), F_dwave: (5.0306980803327406e-17+1.562352271210557e-18j)
F_px: -1.3268771118738615e-18j, F_py: (2.0122792321330962e-15-2.9942614685439517e-19j)
Free_energy = -21350.06505718075
------------------------------------------
[{'stable': {'F_onsite': np.complex128(-0.00594640138183323-0.02087928294077391j), 'F_swave': np.complex128(0.005781020513941728+0.02029858989434627j)}, 'free': np.float64(-21350.064954055102)}, {'stable': {'F_onsite': np.complex128(-0.021709584531207065+0j), 'F_swave': np.complex128(0.021105800120124765+0j)}, 'free': np.float64(-21350.06505847616)}]
------------------------------------------
====================================
mu=3.79, T=0.0160
====================================
  Seed: normal state
F_onsite: 0j
F_swave: 0j, F_dwave: 0j
F_px: 0j, F_py: 0j
Free_energy = -21332.269568544758
------------------------------------------
[{'stable': {}, 'free': np.float64(-21332.269568544758)}]
------------------------------------------
  Seed: px+i*py
F_onsite: (-0.005943866141703483-0.02087038108693077j)
F_swave: (0.00577855576443591+0.020289935550482655j), F_dwave: (4.553649124439119e-18+3.469446951953614e-18j)
F_px: (-1.214306433183765e-17+0j), F_py: (4.336808689942018e-19+3.469446951953614e-18j)
Free_energy = -21350.053639352624
------------------------------------------
[{'stable': {'F_onsite': np.complex128(-0.005943866141703483-0.02087038108693077j), 'F_swave': np.complex128(0.00577855576443591+0.020289935550482655j)}, 'free': np.float64(-21350.053639352624)}]
------------------------------------------
  Seed: s-wave
F_onsite: (-0.021700290264519233+0j)
F_swave: (0.02109676347150443+0j), F_dwave: (3.2959746043559335e-17+0j)
F_px: 1.1350241493207625e-19j, F_py: -1.3552527156068805e-19j
Free_energy = -21350.05365274189
------------------------------------------
[{'stable': {'F_onsite': np.complex128(-0.005943866141703483-0.02087038108693077j), 'F_swave': np.complex128(0.00577855576443591+0.020289935550482655j)}, 'free': np.float64(-21350.053639352624)}, {'stable': {'F_onsite': np.complex128(-0.021700290264519233+0j), 'F_swave': np.complex128(0.02109676347150443+0j)}, 'free': np.float64(-21350.05365274189)}]
------------------------------------------
  Seed: s-wave+px
F_onsite: (-0.02170029019416077-3.7043939084740266e-18j)
F_swave: (0.021096763401641894+3.840235624614184e-18j), F_dwave: (4.683753385137379e-17+4.563390003332543e-19j)
F_px: (3.469446951953614e-18-1.2557263443045003e-18j), F_py: -8.893845946170154e-19j
Free_energy = -21350.053652575752
------------------------------------------
[{'stable': {'F_onsite': np.complex128(-0.005943866141703483-0.02087038108693077j), 'F_swave': np.complex128(0.00577855576443591+0.020289935550482655j)}, 'free': np.float64(-21350.053639352624)}, {'stable': {'F_onsite': np.complex128(-0.021700290264519233+0j), 'F_swave': np.complex128(0.02109676347150443+0j)}, 'free': np.float64(-21350.05365274189)}]
------------------------------------------
  Seed: s-wave+py
F_onsite: (-0.021700290194160785-3.808202122134374e-18j)
F_swave: (0.02109676340164189+3.252183000982886e-18j), F_dwave: (4.9439619065339e-17-3.2356658585114273e-19j)
F_px: (-3.469446951953614e-18+4.332573525205746e-19j), F_py: (1.5612511283791264e-17-6.060520737604519e-19j)
Free_energy = -21350.053652575752
------------------------------------------
[{'stable': {'F_onsite': np.complex128(-0.005943866141703483-0.02087038108693077j), 'F_swave': np.complex128(0.00577855576443591+0.020289935550482655j)}, 'free': np.float64(-21350.053639352624)}, {'stable': {'F_onsite': np.complex128(-0.021700290264519233+0j), 'F_swave': np.complex128(0.02109676347150443+0j)}, 'free': np.float64(-21350.05365274189)}]
------------------------------------------
====================================
mu=3.79, T=0.0190
====================================
  Seed: normal state
F_onsite: 0j
F_swave: 0j, F_dwave: 0j
F_px: 0j, F_py: 0j
Free_energy = -21332.424483568033
------------------------------------------
[{'stable': {}, 'free': np.float64(-21332.424483568033)}]
------------------------------------------
  Seed: px+i*py
F_onsite: (-0.0059355288952132506-0.020841106956706826j)
F_swave: (0.0057704385857381005+0.020261434132594874j), F_dwave: (6.071532165918825e-18+5.204170427930421e-18j)
F_px: (8.673617379884035e-18-8.673617379884035e-18j), F_py: (6.071532165918825e-18-3.469446951953614e-18j)
Free_energy = -21350.01469292551
------------------------------------------
[{'stable': {'F_onsite': np.complex128(-0.0059355288952132506-0.020841106956706826j), 'F_swave': np.complex128(0.0057704385857381005+0.020261434132594874j)}, 'free': np.float64(-21350.01469292551)}]
------------------------------------------
  Seed: s-wave
F_onsite: (-0.021669846657763343+0j)
F_swave: (0.021067123341728354+0j), F_dwave: (-6.591949208711867e-17+0j)
F_px: 2.3022355506371883e-18j, F_py: -3.5490680489955184e-19j
Free_energy = -21350.014693559253
------------------------------------------
[{'stable': {'F_onsite': np.complex128(-0.0059355288952132506-0.020841106956706826j), 'F_swave': np.complex128(0.0057704385857381005+0.020261434132594874j)}, 'free': np.float64(-21350.01469292551)}, {'stable': {'F_onsite': np.complex128(-0.021669846657763343+0j), 'F_swave': np.complex128(0.021067123341728354+0j)}, 'free': np.float64(-21350.014693559253)}]
------------------------------------------
  Seed: s-wave+px
F_onsite: (-0.021669846654407493-3.940642888149574e-18j)
F_swave: (0.021067123338397+3.665535079242985e-18j), F_dwave: (1.3877787807814457e-17-2.39710324072967e-19j)
F_px: 4.341043854678289e-19j, F_py: (3.469446951953614e-18-7.542828395299545e-19j)
Free_energy = -21350.0146935515
------------------------------------------
[{'stable': {'F_onsite': np.complex128(-0.0059355288952132506-0.020841106956706826j), 'F_swave': np.complex128(0.0057704385857381005+0.020261434132594874j)}, 'free': np.float64(-21350.01469292551)}, {'stable': {'F_onsite': np.complex128(-0.021669846657763343+0j), 'F_swave': np.complex128(0.021067123341728354+0j)}, 'free': np.float64(-21350.014693559253)}]
------------------------------------------
  Seed: s-wave+py
F_onsite: (-0.021669846654407493-1.9647774264009758e-18j)
F_swave: (0.021067123338397+1.8490729238561376e-18j), F_dwave: (1.5612511283791264e-17-1.24090326772755e-19j)
F_px: 3.366955965335844e-19j, F_py: -6.018169090241804e-19j
Free_energy = -21350.014693551497
------------------------------------------
[{'stable': {'F_onsite': np.complex128(-0.0059355288952132506-0.020841106956706826j), 'F_swave': np.complex128(0.0057704385857381005+0.020261434132594874j)}, 'free': np.float64(-21350.01469292551)}, {'stable': {'F_onsite': np.complex128(-0.021669846657763343+0j), 'F_swave': np.complex128(0.021067123341728354+0j)}, 'free': np.float64(-21350.014693559253)}]
------------------------------------------
====================================
mu=3.79, T=0.0220
====================================
  Seed: normal state
F_onsite: 0j
F_swave: 0j, F_dwave: 0j
F_px: 0j, F_py: 0j
Free_energy = -21332.608300295848
------------------------------------------
[{'stable': {}, 'free': np.float64(-21332.608300295848)}]
------------------------------------------
  Seed: px+i*py
F_onsite: (-0.005917183900936144-0.020776693153893543j)
F_swave: (0.005752574923250437+0.020198710404496376j), F_dwave: (-7.589415207398531e-18+2.0816681711721685e-17j)
F_px: (2.6020852139652106e-18+8.673617379884035e-18j), F_py: (2.168404344971009e-18+3.469446951953614e-18j)
Free_energy = -21349.92987136235
------------------------------------------
[{'stable': {'F_onsite': np.complex128(-0.005917183900936144-0.020776693153893543j), 'F_swave': np.complex128(0.005752574923250437+0.020198710404496376j)}, 'free': np.float64(-21349.92987136235)}]
------------------------------------------
  Seed: s-wave
F_onsite: (-0.021602871196862602+0j)
F_swave: (0.02100190516272763+0j), F_dwave: (4.85722573273506e-17+0j)
F_px: -1.6407028188315798e-18j, F_py: -5.022905377218001e-19j
Free_energy = -21349.929871374123
------------------------------------------
[{'stable': {'F_onsite': np.complex128(-0.005917183900936144-0.020776693153893543j), 'F_swave': np.complex128(0.005752574923250437+0.020198710404496376j)}, 'free': np.float64(-21349.92987136235)}, {'stable': {'F_onsite': np.complex128(-0.021602871196862602+0j), 'F_swave': np.complex128(0.02100190516272763+0j)}, 'free': np.float64(-21349.929871374123)}]
------------------------------------------
  Seed: s-wave+px
F_onsite: (-0.02160287119679932-6.086094993401131e-18j)
F_swave: (0.02100190516266493+7.182204118006026e-18j), F_dwave: (-1.734723475976807e-17+1.4723550205647876e-18j)
F_px: (1.734723475976807e-18+1.0498973381217053e-18j), F_py: -2.193815333388638e-19j
Free_energy = -21349.929871373937
------------------------------------------
[{'stable': {'F_onsite': np.complex128(-0.005917183900936144-0.020776693153893543j), 'F_swave': np.complex128(0.005752574923250437+0.020198710404496376j)}, 'free': np.float64(-21349.92987136235)}, {'stable': {'F_onsite': np.complex128(-0.021602871196862602+0j), 'F_swave': np.complex128(0.02100190516272763+0j)}, 'free': np.float64(-21349.929871374123)}]
------------------------------------------
  Seed: s-wave+py
F_onsite: (-0.021602871196799316-2.870979253640546e-18j)
F_swave: (0.021001905162664924+4.007312873460095e-18j), F_dwave: (-1.9081958235744878e-17+1.3323828260310144e-18j)
F_px: -5.675120746603812e-20j, F_py: -4.743384504624082e-20j
Free_energy = -21349.929871373937
------------------------------------------
[{'stable': {'F_onsite': np.complex128(-0.005917183900936144-0.020776693153893543j), 'F_swave': np.complex128(0.005752574923250437+0.020198710404496376j)}, 'free': np.float64(-21349.92987136235)}, {'stable': {'F_onsite': np.complex128(-0.021602871196862602+0j), 'F_swave': np.complex128(0.02100190516272763+0j)}, 'free': np.float64(-21349.929871374123)}]
------------------------------------------
====================================
mu=3.79, T=0.0250
====================================
  Seed: normal state
F_onsite: 0j
F_swave: 0j, F_dwave: 0j
F_px: 0j, F_py: 0j
Free_energy = -21332.820282819957
------------------------------------------
[{'stable': {}, 'free': np.float64(-21332.820282819957)}]
------------------------------------------
  Seed: px+i*py
F_onsite: (-0.005884818759454702-0.02066305115379671j)
F_swave: (0.005721063187978621+0.02008806492423883j), F_dwave: (2.6020852139652106e-17-1.8214596497756474e-17j)
F_px: (-1.951563910473908e-17+2.2551405187698492e-17j), F_py: (-1.734723475976807e-18-1.734723475976807e-18j)
Free_energy = -21349.783929253732
------------------------------------------
[{'stable': {'F_onsite': np.complex128(-0.005884818759454702-0.02066305115379671j), 'F_swave': np.complex128(0.005721063187978621+0.02008806492423883j)}, 'free': np.float64(-21349.783929253732)}]
------------------------------------------
  Seed: s-wave
F_onsite: (-0.021484710256806244+0j)
F_swave: (0.020886859898128537+0j), F_dwave: (3.642919299551295e-17+0j)
F_px: 4.336808689942018e-19j, F_py: -5.454892180317694e-19j
Free_energy = -21349.783929253983
------------------------------------------
[{'stable': {'F_onsite': np.complex128(-0.005884818759454702-0.02066305115379671j), 'F_swave': np.complex128(0.005721063187978621+0.02008806492423883j)}, 'free': np.float64(-21349.783929253732)}, {'stable': {'F_onsite': np.complex128(-0.021484710256806244+0j), 'F_swave': np.complex128(0.020886859898128537+0j)}, 'free': np.float64(-21349.783929253983)}]
------------------------------------------
  Seed: s-wave+px
F_onsite: (-0.021484710256805498-1.1075523461984401e-17j)
F_swave: (0.020886859898127712+1.0931383700790373e-17j), F_dwave: (5.637851296924623e-17+4.188577924172515e-19j)
F_px: -1.2307388723604984e-18j, F_py: (-1.734723475976807e-18-7.589415207398531e-19j)
Free_energy = -21349.78392925398
------------------------------------------
[{'stable': {'F_onsite': np.complex128(-0.005884818759454702-0.02066305115379671j), 'F_swave': np.complex128(0.005721063187978621+0.02008806492423883j)}, 'free': np.float64(-21349.783929253732)}, {'stable': {'F_onsite': np.complex128(-0.021484710256806244+0j), 'F_swave': np.complex128(0.020886859898128537+0j)}, 'free': np.float64(-21349.783929253983)}]
------------------------------------------
  Seed: s-wave+py
F_onsite: (-0.021484710256805494-7.261350255365352e-18j)
F_swave: (0.02088685989812771+6.6748313826007e-18j), F_dwave: (5.811323644522304e-17-2.6046263128069735e-20j)
F_px: -9.321597584533575e-19j, F_py: (-1.734723475976807e-18-7.013432803265607e-19j)
Free_energy = -21349.783929253983
------------------------------------------
[{'stable': {'F_onsite': np.complex128(-0.005884818759454702-0.02066305115379671j), 'F_swave': np.complex128(0.005721063187978621+0.02008806492423883j)}, 'free': np.float64(-21349.783929253732)}, {'stable': {'F_onsite': np.complex128(-0.021484710256806244+0j), 'F_swave': np.complex128(0.020886859898128537+0j)}, 'free': np.float64(-21349.783929253983)}]
------------------------------------------
====================================
mu=3.79, T=0.0280
====================================
  Seed: normal state
F_onsite: 0j
F_swave: 0j, F_dwave: 0j
F_px: 0j, F_py: 0j
Free_energy = -21333.059910189935
------------------------------------------
[{'stable': {}, 'free': np.float64(-21333.059910189935)}]
------------------------------------------
  Seed: px+i*py
F_onsite: (-0.005834202308795352-0.02048532430239351j)
F_swave: (0.005671779242577559+0.019915016827686254j), F_dwave: (5.854691731421724e-18-1.8214596497756474e-17j)
F_px: (-1.3010426069826053e-17-1.734723475976807e-18j), F_py: (1.3010426069826053e-18+1.734723475976807e-18j)
Free_energy = -21349.56002095252
------------------------------------------
[{'stable': {'F_onsite': np.complex128(-0.005834202308795352-0.02048532430239351j), 'F_swave': np.complex128(0.005671779242577559+0.019915016827686254j)}, 'free': np.float64(-21349.56002095252)}]
------------------------------------------
  Seed: s-wave
F_onsite: (-0.021299916158384505+0j)
F_swave: (0.020706930603630748+0j), F_dwave: (3.642919299551295e-17+0j)
F_px: 5.166900978251232e-20j, F_py: -3.5490680489955184e-19j
Free_energy = -21349.56002095252
------------------------------------------
[{'stable': {'F_onsite': np.complex128(-0.005834202308795352-0.02048532430239351j), 'F_swave': np.complex128(0.005671779242577559+0.019915016827686254j)}, 'free': np.float64(-21349.56002095252)}, {'stable': {'F_onsite': np.complex128(-0.021299916158384505+0j), 'F_swave': np.complex128(0.020706930603630748+0j)}, 'free': np.float64(-21349.56002095252)}]
------------------------------------------
  Seed: s-wave+px
F_onsite: (-0.021299916158384502-1.2632211692625633e-17j)
F_swave: (0.02070693060363074+1.063026348804147e-17j), F_dwave: (3.642919299551295e-17-1.7245590806097555e-18j)
F_px: (-3.469446951953614e-18-2.710505431213761e-20j), F_py: (3.469446951953614e-18-2.871441691192078e-19j)
Free_energy = -21349.56002095252
------------------------------------------
[{'stable': {'F_onsite': np.complex128(-0.005834202308795352-0.02048532430239351j), 'F_swave': np.complex128(0.005671779242577559+0.019915016827686254j)}, 'free': np.float64(-21349.56002095252)}, {'stable': {'F_onsite': np.complex128(-0.021299916158384505+0j), 'F_swave': np.complex128(0.020706930603630748+0j)}, 'free': np.float64(-21349.56002095252)}]
------------------------------------------
  Seed: s-wave+py
F_onsite: (-0.021299916158384502-5.643697365507574e-18j)
F_swave: (0.020706930603630738+5.043234167952104e-18j), F_dwave: (3.642919299551295e-17-3.688828485292478e-19j)
F_px: (-1.734723475976807e-18-9.075958029829828e-19j), F_py: -2.1048768739269363e-19j
Free_energy = -21349.56002095252
------------------------------------------
[{'stable': {'F_onsite': np.complex128(-0.005834202308795352-0.02048532430239351j), 'F_swave': np.complex128(0.005671779242577559+0.019915016827686254j)}, 'free': np.float64(-21349.56002095252)}, {'stable': {'F_onsite': np.complex128(-0.021299916158384505+0j), 'F_swave': np.complex128(0.020706930603630748+0j)}, 'free': np.float64(-21349.56002095252)}]
------------------------------------------
====================================
mu=3.79, T=0.0310
====================================
  Seed: normal state
F_onsite: 0j
F_swave: 0j, F_dwave: 0j
F_px: 0j, F_py: 0j
Free_energy = -21333.326772586417
------------------------------------------
[{'stable': {}, 'free': np.float64(-21333.326772586417)}]
------------------------------------------
  Seed: px+i*py
F_onsite: (-0.0057621741445879945-0.020232415639889693j)
F_swave: (0.005601655188942744+0.019668793967374535j), F_dwave: (-2.168404344971009e-18-1.734723475976807e-17j)
F_px: (-2.7321894746634712e-17+8.673617379884035e-18j), F_py: (-1.734723475976807e-18+0j)
Free_energy = -21349.250532175396
------------------------------------------
[{'stable': {'F_onsite': np.complex128(-0.0057621741445879945-0.020232415639889693j), 'F_swave': np.complex128(0.005601655188942744+0.019668793967374535j)}, 'free': np.float64(-21349.250532175396)}]
------------------------------------------
  Seed: s-wave
F_onsite: (-0.021036950670137732+0j)
F_swave: (0.020450916776194584+0j), F_dwave: (-2.7755575615628914e-17+0j)
F_px: -1.928694020898042e-18j, F_py: -4.997494388800372e-19j
Free_energy = -21349.250532175396
------------------------------------------
[{'stable': {'F_onsite': np.complex128(-0.0057621741445879945-0.020232415639889693j), 'F_swave': np.complex128(0.005601655188942744+0.019668793967374535j)}, 'free': np.float64(-21349.250532175396)}, {'stable': {'F_onsite': np.complex128(-0.021036950670137732+0j), 'F_swave': np.complex128(0.020450916776194584+0j)}, 'free': np.float64(-21349.250532175396)}]
------------------------------------------
  Seed: s-wave+px
F_onsite: (-0.021036950670137736-1.015751421031331e-17j)
F_swave: (0.020450916776194584+9.306774507956625e-18j), F_dwave: (-2.7755575615628914e-17-9.071722865093557e-19j)
F_px: -1.8655900663275965e-18j, F_py: -6.687325118572701e-19j
Free_energy = -21349.250532175396
------------------------------------------
[{'stable': {'F_onsite': np.complex128(-0.0057621741445879945-0.020232415639889693j), 'F_swave': np.complex128(0.005601655188942744+0.019668793967374535j)}, 'free': np.float64(-21349.250532175396)}, {'stable': {'F_onsite': np.complex128(-0.021036950670137732+0j), 'F_swave': np.complex128(0.020450916776194584+0j)}, 'free': np.float64(-21349.250532175396)}]
------------------------------------------
  Seed: s-wave+py
F_onsite: (-0.021036950670137732-5.045919068913313e-18j)
F_swave: (0.020450916776194584+4.466616489108739e-18j), F_dwave: (-2.688821387764051e-17-6.803792148820167e-19j)
F_px: -1.0909784360635388e-18j, F_py: (1.734723475976807e-18-5.416775697691251e-19j)
Free_energy = -21349.250532175396
------------------------------------------
[{'stable': {'F_onsite': np.complex128(-0.0057621741445879945-0.020232415639889693j), 'F_swave': np.complex128(0.005601655188942744+0.019668793967374535j)}, 'free': np.float64(-21349.250532175396)}, {'stable': {'F_onsite': np.complex128(-0.021036950670137732+0j), 'F_swave': np.complex128(0.020450916776194584+0j)}, 'free': np.float64(-21349.250532175396)}]
------------------------------------------
====================================
mu=3.79, T=0.0340
====================================
  Seed: normal state
F_onsite: 0j
F_swave: 0j, F_dwave: 0j
F_px: 0j, F_py: 0j
Free_energy = -21333.62049576427
------------------------------------------
[{'stable': {}, 'free': np.float64(-21333.62049576427)}]
------------------------------------------
  Seed: px+i*py
F_onsite: (-0.005665279823908813-0.019892195764555323j)
F_swave: (0.005507329933935331+0.01933759471570989j), F_dwave: (-8.673617379884035e-18+8.673617379884035e-19j)
F_px: (4.336808689942018e-18-6.938893903907228e-18j), F_py: (6.071532165918825e-18-1.734723475976807e-18j)
Free_energy = -21348.846733748123
------------------------------------------
[{'stable': {'F_onsite': np.complex128(-0.005665279823908813-0.019892195764555323j), 'F_swave': np.complex128(0.005507329933935331+0.01933759471570989j)}, 'free': np.float64(-21348.846733748123)}]
------------------------------------------
  Seed: s-wave
F_onsite: (-0.02068320206879441+0j)
F_swave: (0.02010654750051015+0j), F_dwave: (8.673617379884035e-18+0j)
F_px: -3.6507120026660345e-19j, F_py: -1.2197274440461925e-19j
Free_energy = -21348.846733748123
------------------------------------------
[{'stable': {'F_onsite': np.complex128(-0.005665279823908813-0.019892195764555323j), 'F_swave': np.complex128(0.005507329933935331+0.01933759471570989j)}, 'free': np.float64(-21348.846733748123)}, {'stable': {'F_onsite': np.complex128(-0.02068320206879441+0j), 'F_swave': np.complex128(0.02010654750051015+0j)}, 'free': np.float64(-21348.846733748123)}]
------------------------------------------
  Seed: s-wave+px
F_onsite: (-0.02068320206879441-1.6925072375448146e-17j)
F_swave: (0.020106547500510153+1.5782764906189378e-17j), F_dwave: (4.336808689942018e-18-4.404571325722362e-19j)
F_px: (3.469446951953614e-18-8.648206391466406e-19j), F_py: (1.734723475976807e-18-4.70950318673391e-19j)
Free_energy = -21348.846733748123
------------------------------------------
[{'stable': {'F_onsite': np.complex128(-0.005665279823908813-0.019892195764555323j), 'F_swave': np.complex128(0.005507329933935331+0.01933759471570989j)}, 'free': np.float64(-21348.846733748123)}, {'stable': {'F_onsite': np.complex128(-0.02068320206879441+0j), 'F_swave': np.complex128(0.02010654750051015+0j)}, 'free': np.float64(-21348.846733748123)}]
------------------------------------------
  Seed: s-wave+py
F_onsite: (-0.020683202068794412-1.048513091807269e-17j)
F_swave: (0.020106547500510157+9.470675383250332e-18j), F_dwave: (6.938893903907228e-18-2.1302878623445654e-19j)
F_px: (1.734723475976807e-18-2.8841471854008927e-19j), F_py: -4.205518583117601e-19j
Free_energy = -21348.846733748123
------------------------------------------
[{'stable': {'F_onsite': np.complex128(-0.005665279823908813-0.019892195764555323j), 'F_swave': np.complex128(0.005507329933935331+0.01933759471570989j)}, 'free': np.float64(-21348.846733748123)}, {'stable': {'F_onsite': np.complex128(-0.02068320206879441+0j), 'F_swave': np.complex128(0.02010654750051015+0j)}, 'free': np.float64(-21348.846733748123)}]
------------------------------------------
====================================
mu=3.79, T=0.0370
====================================
  Seed: normal state
F_onsite: 0j
F_swave: 0j, F_dwave: 0j
F_px: 0j, F_py: 0j
Free_energy = -21333.940697487946
------------------------------------------
[{'stable': {}, 'free': np.float64(-21333.940697487946)}]
------------------------------------------
  Seed: px+i*py
F_onsite: (-0.005539998425564892-0.01945230185304958j)
F_swave: (0.005385380274760848+0.018909399362766765j), F_dwave: (-5.204170427930421e-18-5.204170427930421e-18j)
F_px: (8.673617379884035e-18-6.938893903907228e-18j), F_py: (1.734723475976807e-18+0j)
Free_energy = -21348.342190005882
------------------------------------------
[{'stable': {'F_onsite': np.complex128(-0.005539998425564892-0.01945230185304958j), 'F_swave': np.complex128(0.005385380274760848+0.018909399362766765j)}, 'free': np.float64(-21348.342190005882)}]
------------------------------------------
  Seed: s-wave
F_onsite: (-0.020225815927606108+0j)
F_swave: (0.019661325107031436+0j), F_dwave: (-1.0408340855860843e-17+0j)
F_px: 1.965963470577231e-18j, F_py: -5.158430648778689e-19j
Free_energy = -21348.342190005882
------------------------------------------
[{'stable': {'F_onsite': np.complex128(-0.005539998425564892-0.01945230185304958j), 'F_swave': np.complex128(0.005385380274760848+0.018909399362766765j)}, 'free': np.float64(-21348.342190005882)}, {'stable': {'F_onsite': np.complex128(-0.020225815927606108+0j), 'F_swave': np.complex128(0.019661325107031436+0j)}, 'free': np.float64(-21348.342190005882)}]
------------------------------------------
  Seed: s-wave+px
F_onsite: (-0.020225815927606108-1.3217837932804722e-17j)
F_swave: (0.01966132510703144+1.192749444676143e-17j), F_dwave: (-7.806255641895632e-18-5.44218668610888e-19j)
F_px: (-1.734723475976807e-18+8.483034966751818e-19j), F_py: (-1.734723475976807e-18-5.916525136571288e-19j)
Free_energy = -21348.342190005882
------------------------------------------
[{'stable': {'F_onsite': np.complex128(-0.005539998425564892-0.01945230185304958j), 'F_swave': np.complex128(0.005385380274760848+0.018909399362766765j)}, 'free': np.float64(-21348.342190005882)}, {'stable': {'F_onsite': np.complex128(-0.020225815927606108+0j), 'F_swave': np.complex128(0.019661325107031436+0j)}, 'free': np.float64(-21348.342190005882)}]
------------------------------------------
  Seed: s-wave+py
F_onsite: (-0.020225815927606115-8.40901596959828e-18j)
F_swave: (0.01966132510703144+7.118253130488326e-18j), F_dwave: (-1.0408340855860843e-17-8.834553639862353e-19j)
F_px: 1.2724552450127727e-18j, F_py: -5.080080101157666e-19j
Free_energy = -21348.342190005882
------------------------------------------
[{'stable': {'F_onsite': np.complex128(-0.005539998425564892-0.01945230185304958j), 'F_swave': np.complex128(0.005385380274760848+0.018909399362766765j)}, 'free': np.float64(-21348.342190005882)}, {'stable': {'F_onsite': np.complex128(-0.020225815927606108+0j), 'F_swave': np.complex128(0.019661325107031436+0j)}, 'free': np.float64(-21348.342190005882)}]
------------------------------------------
====================================
mu=3.79, T=0.0400
====================================
  Seed: normal state
F_onsite: 0j
F_swave: 0j, F_dwave: 0j
F_px: 0j, F_py: 0j
Free_energy = -21334.286967714324
------------------------------------------
[{'stable': {}, 'free': np.float64(-21334.286967714324)}]
------------------------------------------
  Seed: px+i*py
F_onsite: (-0.005382883055230196-0.01890063100863112j)
F_swave: (0.005232463161201627+0.018372469634100067j), F_dwave: (-1.0842021724855044e-17+7.806255641895632e-18j)
F_px: (-9.107298248878237e-18-2.0816681711721685e-17j), F_py: 1.734723475976807e-18j
Free_energy = -21347.735043320525
------------------------------------------
[{'stable': {'F_onsite': np.complex128(-0.005382883055230196-0.01890063100863112j), 'F_swave': np.complex128(0.005232463161201627+0.018372469634100067j)}, 'free': np.float64(-21347.735043320525)}]
------------------------------------------
  Seed: s-wave
F_onsite: (-0.01965220808231774+0j)
F_swave: (0.01910304455287863+0j), F_dwave: (1.5612511283791264e-17+0j)
F_px: -1.5670109524204556e-18j, F_py: -2.956144985917508e-19j
Free_energy = -21347.735043320525
------------------------------------------
[{'stable': {'F_onsite': np.complex128(-0.005382883055230196-0.01890063100863112j), 'F_swave': np.complex128(0.005232463161201627+0.018372469634100067j)}, 'free': np.float64(-21347.735043320525)}, {'stable': {'F_onsite': np.complex128(-0.01965220808231774+0j), 'F_swave': np.complex128(0.01910304455287863+0j)}, 'free': np.float64(-21347.735043320525)}]
------------------------------------------
  Seed: s-wave+px
F_onsite: (-0.019652208082317733-7.489832766474202e-18j)
F_swave: (0.019103044552878628+6.901836212464853e-18j), F_dwave: (1.734723475976807e-17-3.536362554786704e-19j)
F_px: -5.554418551620074e-19j, F_py: -3.4961284897921246e-19j
Free_energy = -21347.735043320525
------------------------------------------
[{'stable': {'F_onsite': np.complex128(-0.005382883055230196-0.01890063100863112j), 'F_swave': np.complex128(0.005232463161201627+0.018372469634100067j)}, 'free': np.float64(-21347.735043320525)}, {'stable': {'F_onsite': np.complex128(-0.01965220808231774+0j), 'F_swave': np.complex128(0.01910304455287863+0j)}, 'free': np.float64(-21347.735043320525)}]
------------------------------------------
  Seed: s-wave+py
F_onsite: (-0.019652208082317744-5.71143587056644e-18j)
F_swave: (0.01910304455287863+5.5772884411959406e-18j), F_dwave: (1.5612511283791264e-17+4.6798570335800094e-20j)
F_px: -2.021232370385574e-18j, F_py: -5.503596574784816e-19j
Free_energy = -21347.735043320525
------------------------------------------
[{'stable': {'F_onsite': np.complex128(-0.005382883055230196-0.01890063100863112j), 'F_swave': np.complex128(0.005232463161201627+0.018372469634100067j)}, 'free': np.float64(-21347.735043320525)}, {'stable': {'F_onsite': np.complex128(-0.01965220808231774+0j), 'F_swave': np.complex128(0.01910304455287863+0j)}, 'free': np.float64(-21347.735043320525)}]
------------------------------------------
====================================
mu=3.79, T=0.0430
====================================
  Seed: normal state
F_onsite: 0j
F_swave: 0j, F_dwave: 0j
F_px: 0j, F_py: 0j
Free_energy = -21334.65886379216
------------------------------------------
[{'stable': {}, 'free': np.float64(-21334.65886379216)}]
------------------------------------------
  Seed: px+i*py
F_onsite: (-0.005189646457584774-0.018222129619694914j)
F_swave: (0.005044417698042335+0.01771219559961861j), F_dwave: (6.938893903907228e-18+2.168404344971009e-17j)
F_px: (3.0357660829594124e-18+1.214306433183765e-17j), F_py: (8.673617379884035e-19+1.734723475976807e-18j)
Free_energy = -21347.023288883523
------------------------------------------
[{'stable': {'F_onsite': np.complex128(-0.005189646457584774-0.018222129619694914j), 'F_swave': np.complex128(0.005044417698042335+0.01771219559961861j)}, 'free': np.float64(-21347.023288883523)}]
------------------------------------------
  Seed: s-wave
F_onsite: (-0.018946726319648916+0j)
F_swave: (0.018416514949128444+0j), F_dwave: (-6.938893903907228e-18+0j)
F_px: -1.305701288192504e-18j, F_py: -1.486542822431297e-19j
Free_energy = -21347.023288883523
------------------------------------------
[{'stable': {'F_onsite': np.complex128(-0.005189646457584774-0.018222129619694914j), 'F_swave': np.complex128(0.005044417698042335+0.01771219559961861j)}, 'free': np.float64(-21347.023288883523)}, {'stable': {'F_onsite': np.complex128(-0.018946726319648916+0j), 'F_swave': np.complex128(0.018416514949128444+0j)}, 'free': np.float64(-21347.023288883523)}]
------------------------------------------
  Seed: s-wave+px
F_onsite: (-0.018946726319648916-8.873533090311005e-18j)
F_swave: (0.018416514949128444+8.572820459160774e-18j), F_dwave: (-6.071532165918825e-18+2.879912020664621e-20j)
F_px: (-3.469446951953614e-18-1.3433942543453203e-18j), F_py: (1.734723475976807e-18-3.7947076036992655e-19j)
Free_energy = -21347.023288883523
------------------------------------------
[{'stable': {'F_onsite': np.complex128(-0.005189646457584774-0.018222129619694914j), 'F_swave': np.complex128(0.005044417698042335+0.01771219559961861j)}, 'free': np.float64(-21347.023288883523)}, {'stable': {'F_onsite': np.complex128(-0.018946726319648916+0j), 'F_swave': np.complex128(0.018416514949128444+0j)}, 'free': np.float64(-21347.023288883523)}]
------------------------------------------
  Seed: s-wave+py
F_onsite: (-0.018946726319648916-4.045701543334279e-18j)
F_swave: (0.018416514949128444+4.1062039700520345e-18j), F_dwave: (-6.071532165918825e-18+1.2260801911505997e-19j)
F_px: (-1.734723475976807e-18-1.5602346888424212e-18j), F_py: (1.734723475976807e-18-5.806410853428229e-19j)
Free_energy = -21347.023288883523
------------------------------------------
[{'stable': {'F_onsite': np.complex128(-0.005189646457584774-0.018222129619694914j), 'F_swave': np.complex128(0.005044417698042335+0.01771219559961861j)}, 'free': np.float64(-21347.023288883523)}, {'stable': {'F_onsite': np.complex128(-0.018946726319648916+0j), 'F_swave': np.complex128(0.018416514949128444+0j)}, 'free': np.float64(-21347.023288883523)}]
------------------------------------------
====================================
mu=3.79, T=0.0460
====================================
  Seed: normal state
F_onsite: 0j
F_swave: 0j, F_dwave: 0j
F_px: 0j, F_py: 0j
Free_energy = -21335.055914065473
------------------------------------------
[{'stable': {}, 'free': np.float64(-21335.055914065473)}]
------------------------------------------
  Seed: px+i*py
F_onsite: (-0.004954694864605229-0.017397156586055586j)
F_swave: (0.004815813734846156+0.016909510660869168j), F_dwave: (-5.854691731421724e-18-1.3010426069826053e-17j)
F_px: (2.168404344971009e-18-1.734723475976807e-18j), F_py: (3.0357660829594124e-18+5.204170427930421e-18j)
Free_energy = -21346.204905562092
------------------------------------------
[{'stable': {'F_onsite': np.complex128(-0.004954694864605229-0.017397156586055586j), 'F_swave': np.complex128(0.004815813734846156+0.016909510660869168j)}, 'free': np.float64(-21346.204905562092)}]
------------------------------------------
  Seed: s-wave
F_onsite: (-0.018088948517840764+0j)
F_swave: (0.017581911520616493+0j), F_dwave: (-1.3877787807814457e-17+0j)
F_px: -2.7367634525786444e-18j, F_py: -5.802175688691957e-20j
Free_energy = -21346.20490556209
------------------------------------------
[{'stable': {'F_onsite': np.complex128(-0.004954694864605229-0.017397156586055586j), 'F_swave': np.complex128(0.004815813734846156+0.016909510660869168j)}, 'free': np.float64(-21346.204905562092)}, {'stable': {'F_onsite': np.complex128(-0.018088948517840764+0j), 'F_swave': np.complex128(0.017581911520616493+0j)}, 'free': np.float64(-21346.20490556209)}]
------------------------------------------
  Seed: s-wave+px
F_onsite: (-0.018088948517840767-5.3232791762037214e-18j)
F_swave: (0.017581911520616493+5.617416627072113e-18j), F_dwave: (-1.3010426069826053e-17+6.384510839929289e-20j)
F_px: (3.469446951953614e-18-1.484636998299975e-18j), F_py: (1.734723475976807e-18-3.3203691532368573e-19j)
Free_energy = -21346.20490556209
------------------------------------------
[{'stable': {'F_onsite': np.complex128(-0.004954694864605229-0.017397156586055586j), 'F_swave': np.complex128(0.004815813734846156+0.016909510660869168j)}, 'free': np.float64(-21346.204905562092)}, {'stable': {'F_onsite': np.complex128(-0.018088948517840764+0j), 'F_swave': np.complex128(0.017581911520616493+0j)}, 'free': np.float64(-21346.20490556209)}]
------------------------------------------
  Seed: s-wave+py
F_onsite: (-0.018088948517840764+0j)
F_swave: (0.017581911520616493+0j), F_dwave: (-1.3877787807814457e-17+0j)
F_px: -2.7367634525786444e-18j, F_py: -5.802175688691957e-20j
Free_energy = -21346.20490556209
------------------------------------------
[{'stable': {'F_onsite': np.complex128(-0.004954694864605229-0.017397156586055586j), 'F_swave': np.complex128(0.004815813734846156+0.016909510660869168j)}, 'free': np.float64(-21346.204905562092)}, {'stable': {'F_onsite': np.complex128(-0.018088948517840764+0j), 'F_swave': np.complex128(0.017581911520616493+0j)}, 'free': np.float64(-21346.20490556209)}]
------------------------------------------
====================================
mu=3.79, T=0.0490
====================================
  Seed: normal state
F_onsite: 0j
F_swave: 0j, F_dwave: 0j
F_px: 0j, F_py: 0j
Free_energy = -21335.477625471627
------------------------------------------
[{'stable': {}, 'free': np.float64(-21335.477625471627)}]
------------------------------------------
  Seed: px+i*py
F_onsite: (-0.004670951731675991-0.0164008644129393j)
F_swave: (0.004539786643026994+0.0159403114125615j), F_dwave: (1.0625181290357943e-17-2.6020852139652106e-18j)
F_px: (2.6020852139652106e-18+1.9081958235744878e-17j), F_py: (-4.336808689942018e-19+5.204170427930421e-18j)
Free_energy = -21345.28093670192
------------------------------------------
[{'stable': {'F_onsite': np.complex128(-0.004670951731675991-0.0164008644129393j), 'F_swave': np.complex128(0.004539786643026994+0.0159403114125615j)}, 'free': np.float64(-21345.28093670192)}]
------------------------------------------
  Seed: s-wave
F_onsite: (-0.01705303913005747+0j)
F_swave: (0.016574172398453223+0j), F_dwave: (8.673617379884035e-18+0j)
F_px: -1.700418641613008e-18j, F_py: -2.862971361719535e-19j
Free_energy = -21345.28093670193
------------------------------------------
[{'stable': {'F_onsite': np.complex128(-0.004670951731675991-0.0164008644129393j), 'F_swave': np.complex128(0.004539786643026994+0.0159403114125615j)}, 'free': np.float64(-21345.28093670192)}, {'stable': {'F_onsite': np.complex128(-0.01705303913005747+0j), 'F_swave': np.complex128(0.016574172398453223+0j)}, 'free': np.float64(-21345.28093670193)}]
------------------------------------------
  Seed: s-wave+px
F_onsite: (-0.017053039130057467-1.4286475659653289e-18j)
F_swave: (0.016574172398453223+1.728794245346027e-18j), F_dwave: (6.938893903907228e-18+3.4643647542700884e-19j)
F_px: -2.3843977465208555e-19j, F_py: -3.739650462127736e-19j
Free_energy = -21345.28093670193
------------------------------------------
[{'stable': {'F_onsite': np.complex128(-0.004670951731675991-0.0164008644129393j), 'F_swave': np.complex128(0.004539786643026994+0.0159403114125615j)}, 'free': np.float64(-21345.28093670192)}, {'stable': {'F_onsite': np.complex128(-0.01705303913005747+0j), 'F_swave': np.complex128(0.016574172398453223+0j)}, 'free': np.float64(-21345.28093670193)}]
------------------------------------------
  Seed: s-wave+py
F_onsite: (-0.01705303913005747+0j)
F_swave: (0.016574172398453223+0j), F_dwave: (8.673617379884035e-18+0j)
F_px: -1.700418641613008e-18j, F_py: -2.862971361719535e-19j
Free_energy = -21345.28093670193
------------------------------------------
[{'stable': {'F_onsite': np.complex128(-0.004670951731675991-0.0164008644129393j), 'F_swave': np.complex128(0.004539786643026994+0.0159403114125615j)}, 'free': np.float64(-21345.28093670192)}, {'stable': {'F_onsite': np.complex128(-0.01705303913005747+0j), 'F_swave': np.complex128(0.016574172398453223+0j)}, 'free': np.float64(-21345.28093670193)}]
------------------------------------------
====================================
mu=3.79, T=0.0520
====================================
  Seed: normal state
F_onsite: 0j
F_swave: 0j, F_dwave: 0j
F_px: 0j, F_py: 0j
Free_energy = -21335.923492419013
------------------------------------------
[{'stable': {}, 'free': np.float64(-21335.923492419013)}]
------------------------------------------
  Seed: px+i*py
F_onsite: (-0.004327292808027678-0.01519419311020883j)
F_swave: (0.004205534300639171+0.014766668938366409j), F_dwave: (3.0357660829594124e-18-1.1709383462843448e-17j)
F_px: (-1.3010426069826053e-18+6.852157730108388e-17j), F_py: (1.734723475976807e-18+2.6020852139652106e-18j)
Free_energy = -21344.24881835402
------------------------------------------
[{'stable': {'F_onsite': np.complex128(-0.004327292808027678-0.01519419311020883j), 'F_swave': np.complex128(0.004205534300639171+0.014766668938366409j)}, 'free': np.float64(-21344.24881835402)}]
------------------------------------------
  Seed: s-wave
F_onsite: (-0.015798384959125528+0j)
F_swave: (0.015353860436032454+0j), F_dwave: (1.214306433183765e-17+0j)
F_px: 1.0007694271809559e-18j, F_py: -4.069993311556913e-19j
Free_energy = -21344.24881835402
------------------------------------------
[{'stable': {'F_onsite': np.complex128(-0.004327292808027678-0.01519419311020883j), 'F_swave': np.complex128(0.004205534300639171+0.014766668938366409j)}, 'free': np.float64(-21344.24881835402)}, {'stable': {'F_onsite': np.complex128(-0.015798384959125528+0j), 'F_swave': np.complex128(0.015353860436032454+0j)}, 'free': np.float64(-21344.24881835402)}]
------------------------------------------
  Seed: s-wave+px
F_onsite: (-0.015798384959125528+0j)
F_swave: (0.015353860436032454+0j), F_dwave: (1.214306433183765e-17+0j)
F_px: 1.0007694271809559e-18j, F_py: -3.256841682192785e-19j
Free_energy = -21344.24881835402
------------------------------------------
[{'stable': {'F_onsite': np.complex128(-0.004327292808027678-0.01519419311020883j), 'F_swave': np.complex128(0.004205534300639171+0.014766668938366409j)}, 'free': np.float64(-21344.24881835402)}, {'stable': {'F_onsite': np.complex128(-0.015798384959125528+0j), 'F_swave': np.complex128(0.015353860436032454+0j)}, 'free': np.float64(-21344.24881835402)}]
------------------------------------------
  Seed: s-wave+py
F_onsite: (-0.015798384959125528+0j)
F_swave: (0.015353860436032454+0j), F_dwave: (1.214306433183765e-17+0j)
F_px: 1.0007694271809559e-18j, F_py: -4.069993311556913e-19j
Free_energy = -21344.24881835402
------------------------------------------
[{'stable': {'F_onsite': np.complex128(-0.004327292808027678-0.01519419311020883j), 'F_swave': np.complex128(0.004205534300639171+0.014766668938366409j)}, 'free': np.float64(-21344.24881835402)}, {'stable': {'F_onsite': np.complex128(-0.015798384959125528+0j), 'F_swave': np.complex128(0.015353860436032454+0j)}, 'free': np.float64(-21344.24881835402)}]
------------------------------------------
====================================
mu=3.79, T=0.0550
====================================
  Seed: normal state
F_onsite: 0j
F_swave: 0j, F_dwave: 0j
F_px: 0j, F_py: 0j
Free_energy = -21336.393005411857
------------------------------------------
[{'stable': {}, 'free': np.float64(-21336.393005411857)}]
------------------------------------------
  Seed: px+i*py
F_onsite: (-0.003907853315334546-0.013721437525423019j)
F_swave: (0.0037976606723926203+0.013334523958335984j), F_dwave: (-8.023096076392733e-18-1.0408340855860843e-17j)
F_px: (2.168404344971009e-19-3.2959746043559335e-17j), F_py: (-4.336808689942018e-19-1.734723475976807e-18j)
Free_energy = -21343.11234995987
------------------------------------------
[{'stable': {'F_onsite': np.complex128(-0.003907853315334546-0.013721437525423019j), 'F_swave': np.complex128(0.0037976606723926203+0.013334523958335984j)}, 'free': np.float64(-21343.11234995987)}]
------------------------------------------
  Seed: s-wave
F_onsite: (-0.014267065756428644+0j)
F_swave: (0.013864766704783541+0j), F_dwave: (-2.6020852139652106e-18+0j)
F_px: -7.750351467376848e-19j, F_py: -4.273281218897945e-19j
Free_energy = -21343.11234995987
------------------------------------------
[{'stable': {'F_onsite': np.complex128(-0.003907853315334546-0.013721437525423019j), 'F_swave': np.complex128(0.0037976606723926203+0.013334523958335984j)}, 'free': np.float64(-21343.11234995987)}, {'stable': {'F_onsite': np.complex128(-0.014267065756428644+0j), 'F_swave': np.complex128(0.013864766704783541+0j)}, 'free': np.float64(-21343.11234995987)}]
------------------------------------------
  Seed: s-wave+px
F_onsite: (-0.014267065756428644+0j)
F_swave: (0.013864766704783541+0j), F_dwave: (-2.6020852139652106e-18+0j)
F_px: -7.750351467376848e-19j, F_py: -4.273281218897945e-19j
Free_energy = -21343.11234995987
------------------------------------------
[{'stable': {'F_onsite': np.complex128(-0.003907853315334546-0.013721437525423019j), 'F_swave': np.complex128(0.0037976606723926203+0.013334523958335984j)}, 'free': np.float64(-21343.11234995987)}, {'stable': {'F_onsite': np.complex128(-0.014267065756428644+0j), 'F_swave': np.complex128(0.013864766704783541+0j)}, 'free': np.float64(-21343.11234995987)}]
------------------------------------------
  Seed: s-wave+py
F_onsite: (-0.014267065756428644+0j)
F_swave: (0.013864766704783541+0j), F_dwave: (-2.6020852139652106e-18+0j)
F_px: -7.750351467376848e-19j, F_py: -4.273281218897945e-19j
Free_energy = -21343.11234995987
------------------------------------------
[{'stable': {'F_onsite': np.complex128(-0.003907853315334546-0.013721437525423019j), 'F_swave': np.complex128(0.0037976606723926203+0.013334523958335984j)}, 'free': np.float64(-21343.11234995987)}, {'stable': {'F_onsite': np.complex128(-0.014267065756428644+0j), 'F_swave': np.complex128(0.013864766704783541+0j)}, 'free': np.float64(-21343.11234995987)}]
------------------------------------------
====================================
mu=3.79, T=0.0580
====================================
  Seed: normal state
F_onsite: 0j
F_swave: 0j, F_dwave: 0j
F_px: 0j, F_py: 0j
Free_energy = -21336.885658645588
------------------------------------------
[{'stable': {}, 'free': np.float64(-21336.885658645588)}]
------------------------------------------
  Seed: px+i*py
F_onsite: (-0.0033828150083513343-0.011877898439793541j)
F_swave: (0.003287207143301911+0.01154219562769803j), F_dwave: (3.144186300207963e-18-2.6020852139652106e-18j)
F_px: (-9.324138683375338e-18-4.336808689942018e-18j), F_py: (2.168404344971009e-19-3.469446951953614e-18j)
Free_energy = -21341.869309424274
------------------------------------------
[{'stable': {'F_onsite': np.complex128(-0.0033828150083513343-0.011877898439793541j), 'F_swave': np.complex128(0.003287207143301911+0.01154219562769803j)}, 'free': np.float64(-21341.869309424274)}]
------------------------------------------
  Seed: s-wave
F_onsite: (-0.012350218974851314+0j)
F_swave: (0.012001167056208531+0j), F_dwave: (-2.688821387764051e-17+0j)
F_px: -1.212527663994531e-18j, F_py: -4.785736151986797e-19j
Free_energy = -21341.869309424274
------------------------------------------
[{'stable': {'F_onsite': np.complex128(-0.0033828150083513343-0.011877898439793541j), 'F_swave': np.complex128(0.003287207143301911+0.01154219562769803j)}, 'free': np.float64(-21341.869309424274)}, {'stable': {'F_onsite': np.complex128(-0.012350218974851314+0j), 'F_swave': np.complex128(0.012001167056208531+0j)}, 'free': np.float64(-21341.869309424274)}]
------------------------------------------
  Seed: s-wave+px
F_onsite: (-0.012350218974851314+0j)
F_swave: (0.012001167056208531+0j), F_dwave: (-2.688821387764051e-17+0j)
F_px: -1.212527663994531e-18j, F_py: -4.785736151986797e-19j
Free_energy = -21341.869309424274
------------------------------------------
[{'stable': {'F_onsite': np.complex128(-0.0033828150083513343-0.011877898439793541j), 'F_swave': np.complex128(0.003287207143301911+0.01154219562769803j)}, 'free': np.float64(-21341.869309424274)}, {'stable': {'F_onsite': np.complex128(-0.012350218974851314+0j), 'F_swave': np.complex128(0.012001167056208531+0j)}, 'free': np.float64(-21341.869309424274)}]
------------------------------------------
  Seed: s-wave+py
F_onsite: (-0.012350218974851314+0j)
F_swave: (0.012001167056208531+0j), F_dwave: (-2.688821387764051e-17+0j)
F_px: -1.212527663994531e-18j, F_py: -4.785736151986797e-19j
Free_energy = -21341.869309424274
------------------------------------------
[{'stable': {'F_onsite': np.complex128(-0.0033828150083513343-0.011877898439793541j), 'F_swave': np.complex128(0.003287207143301911+0.01154219562769803j)}, 'free': np.float64(-21341.869309424274)}, {'stable': {'F_onsite': np.complex128(-0.012350218974851314+0j), 'F_swave': np.complex128(0.012001167056208531+0j)}, 'free': np.float64(-21341.869309424274)}]
------------------------------------------
====================================
mu=3.79, T=0.0610
====================================
  Seed: normal state
F_onsite: 0j
F_swave: 0j, F_dwave: 0j
F_px: 0j, F_py: 0j
Free_energy = -21337.400956266072
------------------------------------------
[{'stable': {}, 'free': np.float64(-21337.400956266072)}]
------------------------------------------
  Seed: px+i*py
F_onsite: (-0.002691319374010461-0.009449886592860033j)
F_swave: (0.0026150710358900293+0.009182159858125307j), F_dwave: (6.5052130349130266e-18-1.734723475976807e-18j)
F_px: (-1.496198998029996e-17-8.673617379884035e-18j), F_py: (-4.336808689942018e-19+0j)
Free_energy = -21340.52375871925
------------------------------------------
[{'stable': {'F_onsite': np.complex128(-0.002691319374010461-0.009449886592860033j), 'F_swave': np.complex128(0.0026150710358900293+0.009182159858125307j)}, 'free': np.float64(-21340.52375871925)}]
------------------------------------------
  Seed: s-wave
F_onsite: (-0.009825658074187008+0j)
F_swave: (0.00954728527817805+0j), F_dwave: (-8.673617379884035e-18+0j)
F_px: -1.5670109524204556e-20j, F_py: -1.0206747014414319e-19j
Free_energy = -21340.52375871925
------------------------------------------
[{'stable': {'F_onsite': np.complex128(-0.002691319374010461-0.009449886592860033j), 'F_swave': np.complex128(0.0026150710358900293+0.009182159858125307j)}, 'free': np.float64(-21340.52375871925)}, {'stable': {'F_onsite': np.complex128(-0.009825658074187008+0j), 'F_swave': np.complex128(0.00954728527817805+0j)}, 'free': np.float64(-21340.52375871925)}]
------------------------------------------
  Seed: s-wave+px
F_onsite: (-0.009825658074187008+0j)
F_swave: (0.00954728527817805+0j), F_dwave: (-8.673617379884035e-18+0j)
F_px: -1.5670109524204556e-20j, F_py: -1.0206747014414319e-19j
Free_energy = -21340.52375871925
------------------------------------------
[{'stable': {'F_onsite': np.complex128(-0.002691319374010461-0.009449886592860033j), 'F_swave': np.complex128(0.0026150710358900293+0.009182159858125307j)}, 'free': np.float64(-21340.52375871925)}, {'stable': {'F_onsite': np.complex128(-0.009825658074187008+0j), 'F_swave': np.complex128(0.00954728527817805+0j)}, 'free': np.float64(-21340.52375871925)}]
------------------------------------------
  Seed: s-wave+py
F_onsite: (-0.009825658074187008+0j)
F_swave: (0.00954728527817805+0j), F_dwave: (-8.673617379884035e-18+0j)
F_px: -1.5670109524204556e-20j, F_py: -1.0206747014414319e-19j
Free_energy = -21340.52375871925
------------------------------------------
[{'stable': {'F_onsite': np.complex128(-0.002691319374010461-0.009449886592860033j), 'F_swave': np.complex128(0.0026150710358900293+0.009182159858125307j)}, 'free': np.float64(-21340.52375871925)}, {'stable': {'F_onsite': np.complex128(-0.009825658074187008+0j), 'F_swave': np.complex128(0.00954728527817805+0j)}, 'free': np.float64(-21340.52375871925)}]
------------------------------------------
====================================
mu=3.79, T=0.0640
====================================
  Seed: normal state
F_onsite: 0j
F_swave: 0j, F_dwave: 0j
F_px: 0j, F_py: 0j
Free_energy = -21337.938417251164
------------------------------------------
[{'stable': {}, 'free': np.float64(-21337.938417251164)}]
------------------------------------------
  Seed: px+i*py
F_onsite: (-0.001634314683903788-0.005738482236288169j)
F_swave: (0.0015878967932742767+0.00557549756543692j), F_dwave: (3.7947076036992655e-19+4.7704895589362195e-18j)
F_px: (3.7947076036992655e-18+3.469446951953614e-18j), F_py: (-3.2526065174565133e-19+8.673617379884035e-19j)
Free_energy = -21339.078675981338
------------------------------------------
[{'stable': {'F_onsite': np.complex128(-0.001634314683903788-0.005738482236288169j), 'F_swave': np.complex128(0.0015878967932742767+0.00557549756543692j)}, 'free': np.float64(-21339.078675981338)}]
------------------------------------------
  Seed: s-wave
F_onsite: (-0.005966671003350014+0j)
F_swave: (0.0057972053032718665+0j), F_dwave: (7.37257477290143e-18+0j)
F_px: -5.569241628197025e-19j, F_py: -8.576208590949791e-20j
Free_energy = -21339.078675981338
------------------------------------------
[{'stable': {'F_onsite': np.complex128(-0.001634314683903788-0.005738482236288169j), 'F_swave': np.complex128(0.0015878967932742767+0.00557549756543692j)}, 'free': np.float64(-21339.078675981338)}, {'stable': {'F_onsite': np.complex128(-0.005966671003350014+0j), 'F_swave': np.complex128(0.0057972053032718665+0j)}, 'free': np.float64(-21339.078675981338)}]
------------------------------------------
  Seed: s-wave+px
F_onsite: (-0.005966671003350014+0j)
F_swave: (0.0057972053032718665+0j), F_dwave: (7.37257477290143e-18+0j)
F_px: -5.569241628197025e-19j, F_py: -8.576208590949791e-20j
Free_energy = -21339.078675981338
------------------------------------------
[{'stable': {'F_onsite': np.complex128(-0.001634314683903788-0.005738482236288169j), 'F_swave': np.complex128(0.0015878967932742767+0.00557549756543692j)}, 'free': np.float64(-21339.078675981338)}, {'stable': {'F_onsite': np.complex128(-0.005966671003350014+0j), 'F_swave': np.complex128(0.0057972053032718665+0j)}, 'free': np.float64(-21339.078675981338)}]
------------------------------------------
  Seed: s-wave+py
F_onsite: (-0.005966671003350014+0j)
F_swave: (0.0057972053032718665+0j), F_dwave: (7.37257477290143e-18+0j)
F_px: -5.569241628197025e-19j, F_py: -8.576208590949791e-20j
Free_energy = -21339.078675981338
------------------------------------------
[{'stable': {'F_onsite': np.complex128(-0.001634314683903788-0.005738482236288169j), 'F_swave': np.complex128(0.0015878967932742767+0.00557549756543692j)}, 'free': np.float64(-21339.078675981338)}, {'stable': {'F_onsite': np.complex128(-0.005966671003350014+0j), 'F_swave': np.complex128(0.0057972053032718665+0j)}, 'free': np.float64(-21339.078675981338)}]
------------------------------------------
====================================
mu=3.79, T=0.0670
====================================
  Seed: normal state
F_onsite: 0j
F_swave: 0j, F_dwave: 0j
F_px: 0j, F_py: 0j
Free_energy = -21338.49757901697
------------------------------------------
[{'stable': {}, 'free': np.float64(-21338.49757901697)}]
------------------------------------------
  Seed: px+i*py
F_onsite: (-2.987708490217251e-14-1.0490607625416668e-13j)
F_swave: (2.903447624642262e-14+1.0194746108968616e-13j), F_dwave: (2.3940050037870196e-22-1.0107759533812481e-21j)
F_px: (-2.5975915772115386e-20+1.3725569746795703e-20j), F_py: (-8.095107751420193e-21+5.8205520027928665e-21j)
Free_energy = -21338.497579016963
------------------------------------------
[{'stable': {}, 'free': np.float64(-21338.49757901697)}]
------------------------------------------
  Seed: s-wave
F_onsite: (-1.0073333015002733e-13+0j)
F_swave: (9.7892253833919e-14+0j), F_dwave: (4.662331528053486e-22+0j)
F_px: -3.248317644286491e-20j, F_py: 3.0676418481077802e-21j
Free_energy = -21338.49757901697
------------------------------------------
[{'stable': {}, 'free': np.float64(-21338.49757901697)}]
------------------------------------------
  Seed: s-wave+px
F_onsite: (-1.0073333015002733e-13+0j)
F_swave: (9.7892253833919e-14+0j), F_dwave: (4.662331528053486e-22+0j)
F_px: -3.248317644286491e-20j, F_py: 3.0676418481077802e-21j
Free_energy = -21338.49757901697
------------------------------------------
[{'stable': {}, 'free': np.float64(-21338.49757901697)}]
------------------------------------------
  Seed: s-wave+py
F_onsite: (-1.0073333015002733e-13+0j)
F_swave: (9.7892253833919e-14+0j), F_dwave: (4.662331528053486e-22+0j)
F_px: -3.248317644286491e-20j, F_py: 3.0676418481077802e-21j
Free_energy = -21338.49757901697
------------------------------------------
[{'stable': {}, 'free': np.float64(-21338.49757901697)}]
------------------------------------------
====================================
mu=3.79, T=0.0700
====================================
  Seed: normal state
F_onsite: 0j
F_swave: 0j, F_dwave: 0j
F_px: 0j, F_py: 0j
Free_energy = -21339.077999912235
------------------------------------------
[{'stable': {}, 'free': np.float64(-21339.077999912235)}]
------------------------------------------
  Seed: px+i*py
F_onsite: (-9.665965439596796e-15-3.394047188978737e-14j)
F_swave: (9.398545971133143e-15+3.300146945673757e-14j), F_dwave: (5.337521264756882e-22+2.9292929765752876e-23j)
F_px: (1.5167148425235164e-20-1.6589622762150517e-20j), F_py: (-1.2996026381428703e-20+1.5145709832459594e-20j)
Free_energy = -21339.077999912228
------------------------------------------
[{'stable': {}, 'free': np.float64(-21339.077999912235)}]
------------------------------------------
  Seed: s-wave
F_onsite: (-3.443133589897982e-14+0j)
F_swave: (3.347875234138975e-14+0j), F_dwave: (-1.637247698716296e-21+0j)
F_px: 7.083816433263604e-21j, F_py: -5.271299158038387e-21j
Free_energy = -21339.077999912235
------------------------------------------
[{'stable': {}, 'free': np.float64(-21339.077999912235)}]
------------------------------------------
  Seed: s-wave+px
F_onsite: (-3.443133589897982e-14+0j)
F_swave: (3.347875234138975e-14+0j), F_dwave: (-1.637247698716296e-21+0j)
F_px: 7.083816433263604e-21j, F_py: -5.271299158038387e-21j
Free_energy = -21339.077999912235
------------------------------------------
[{'stable': {}, 'free': np.float64(-21339.077999912235)}]
------------------------------------------
  Seed: s-wave+py
F_onsite: (-3.443133589897982e-14+0j)
F_swave: (3.347875234138975e-14+0j), F_dwave: (-1.637247698716296e-21+0j)
F_px: 7.083816433263604e-21j, F_py: -5.271299158038387e-21j
Free_energy = -21339.077999912235
------------------------------------------
[{'stable': {}, 'free': np.float64(-21339.077999912235)}]
------------------------------------------
====================================
mu=3.79, T=0.0730
====================================
  Seed: normal state
F_onsite: 0j
F_swave: 0j, F_dwave: 0j
F_px: 0j, F_py: 0j
Free_energy = -21339.679260788726
------------------------------------------
[{'stable': {}, 'free': np.float64(-21339.679260788726)}]
------------------------------------------
  Seed: px+i*py
F_onsite: (-5.588470810395031e-15-1.9622981329256054e-14j)
F_swave: (5.4367727941188854e-15+1.9090321342368892e-14j), F_dwave: (1.341778342505235e-21-2.849163641266558e-24j)
F_px: (8.120299856795484e-21-4.4185813748611406e-21j), F_py: (9.513856498256427e-21-4.2056419324379674e-21j)
Free_energy = -21339.679260788726
------------------------------------------
[{'stable': {}, 'free': np.float64(-21339.679260788726)}]
------------------------------------------
  Seed: s-wave
F_onsite: (-2.083510759925858e-14+0j)
F_swave: (2.026954348121827e-14+0j), F_dwave: (-7.462903514814529e-22+0j)
F_px: 2.351459315772884e-21j, F_py: 3.180446624505191e-21j
Free_energy = -21339.679260788726
------------------------------------------
[{'stable': {}, 'free': np.float64(-21339.679260788726)}]
------------------------------------------
  Seed: s-wave+px
F_onsite: (-2.083510759925858e-14+0j)
F_swave: (2.026954348121827e-14+0j), F_dwave: (-7.462903514814529e-22+0j)
F_px: 2.351459315772884e-21j, F_py: 3.180446624505191e-21j
Free_energy = -21339.679260788726
------------------------------------------
[{'stable': {}, 'free': np.float64(-21339.679260788726)}]
------------------------------------------
  Seed: s-wave+py
F_onsite: (-2.083510759925858e-14+0j)
F_swave: (2.026954348121827e-14+0j), F_dwave: (-7.462903514814529e-22+0j)
F_px: 2.351459315772884e-21j, F_py: 3.180446624505191e-21j
Free_energy = -21339.679260788726
------------------------------------------
[{'stable': {}, 'free': np.float64(-21339.679260788726)}]
------------------------------------------
====================================
mu=3.79, T=0.0760
====================================
  Seed: normal state
F_onsite: 0j
F_swave: 0j, F_dwave: 0j
F_px: 0j, F_py: 0j
Free_energy = -21340.300965823575
------------------------------------------
[{'stable': {}, 'free': np.float64(-21340.300965823575)}]
------------------------------------------
  Seed: px+i*py
F_onsite: (-4.0725194936678816e-15-1.4299895364791777e-14j)
F_swave: (3.964199633552021e-15+1.3919550043261775e-14j), F_dwave: (-9.596039218385493e-22-1.3975270900207385e-21j)
F_px: (-4.1728233860715555e-22+3.535536030348652e-21j), F_py: (1.0754120511239922e-20-1.5580193159253932e-21j)
Free_energy = -21340.300965823586
------------------------------------------
[{'stable': {}, 'free': np.float64(-21340.300965823575)}]
------------------------------------------
  Seed: s-wave
F_onsite: (-1.4252803709611373e-14+0j)
F_swave: (1.3873860628610568e-14+0j), F_dwave: (2.8131763826388363e-22+0j)
F_px: -1.0608321013518287e-21j, F_py: -4.885441325738069e-21j
Free_energy = -21340.300965823575
------------------------------------------
[{'stable': {}, 'free': np.float64(-21340.300965823575)}]
------------------------------------------
  Seed: s-wave+px
F_onsite: (-1.4252803709611373e-14+0j)
F_swave: (1.3873860628610568e-14+0j), F_dwave: (2.8131763826388363e-22+0j)
F_px: -1.0608321013518287e-21j, F_py: -4.885441325738069e-21j
Free_energy = -21340.300965823575
------------------------------------------
[{'stable': {}, 'free': np.float64(-21340.300965823575)}]
------------------------------------------
  Seed: s-wave+py
F_onsite: (-1.4252803709611373e-14+0j)
F_swave: (1.3873860628610568e-14+0j), F_dwave: (2.8131763826388363e-22+0j)
F_px: -1.0608321013518287e-21j, F_py: -4.885441325738069e-21j
Free_energy = -21340.300965823575
------------------------------------------
[{'stable': {}, 'free': np.float64(-21340.300965823575)}]
------------------------------------------
====================================
mu=3.79, T=0.0790
====================================
  Seed: normal state
F_onsite: 0j
F_swave: 0j, F_dwave: 0j
F_px: 0j, F_py: 0j
Free_energy = -21340.942742759067
------------------------------------------
[{'stable': {}, 'free': np.float64(-21340.942742759067)}]
------------------------------------------
  Seed: px+i*py
F_onsite: (-3.199521198687491e-15-1.1234482494314193e-14j)
F_swave: (3.11616992701189e-15+1.0941809050743525e-14j), F_dwave: (-1.4304920010478595e-22+4.2161948600329936e-22j)
F_px: (-6.190174520555759e-21-5.596332807102172e-21j), F_py: (1.4997939535805078e-20-4.388716857782709e-21j)
Free_energy = -21340.942742759067
------------------------------------------
[{'stable': {}, 'free': np.float64(-21340.942742759067)}]
------------------------------------------
  Seed: s-wave
F_onsite: (-1.119773614575893e-14+0j)
F_swave: (1.0905867746322023e-14+0j), F_dwave: (1.749692099385011e-22+0j)
F_px: -1.803459839111044e-21j, F_py: 3.178257490699924e-21j
Free_energy = -21340.942742759067
------------------------------------------
[{'stable': {}, 'free': np.float64(-21340.942742759067)}]
------------------------------------------
  Seed: s-wave+px
F_onsite: (-1.119773614575893e-14+0j)
F_swave: (1.0905867746322023e-14+0j), F_dwave: (1.749692099385011e-22+0j)
F_px: -1.803459839111044e-21j, F_py: 3.178257490699924e-21j
Free_energy = -21340.942742759067
------------------------------------------
[{'stable': {}, 'free': np.float64(-21340.942742759067)}]
------------------------------------------
  Seed: s-wave+py
F_onsite: (-1.119773614575893e-14+0j)
F_swave: (1.0905867746322023e-14+0j), F_dwave: (1.749692099385011e-22+0j)
F_px: -1.803459839111044e-21j, F_py: 3.178257490699924e-21j
Free_energy = -21340.942742759067
------------------------------------------
[{'stable': {}, 'free': np.float64(-21340.942742759067)}]
------------------------------------------
====================================
mu=3.79, T=0.0820
====================================
  Seed: normal state
F_onsite: 0j
F_swave: 0j, F_dwave: 0j
F_px: 0j, F_py: 0j
Free_energy = -21341.604242693935
------------------------------------------
[{'stable': {}, 'free': np.float64(-21341.604242693935)}]
------------------------------------------
  Seed: px+i*py
F_onsite: (-2.634872954541595e-15-9.251710813474345e-15j)
F_swave: (2.567671531531842e-15+9.015750403423453e-15j), F_dwave: (-9.456670745149894e-22-5.815704361811279e-22j)
F_px: (-2.623370811445417e-21+3.724705471010634e-21j), F_py: (1.0632709991872605e-20+7.512568188178518e-21j)
Free_energy = -21341.60424269394
------------------------------------------
[{'stable': {}, 'free': np.float64(-21341.604242693935)}]
------------------------------------------
  Seed: s-wave
F_onsite: (-9.22147712774847e-15+0j)
F_swave: (8.986132812795405e-15+0j), F_dwave: (-5.383563198543284e-22+0j)
F_px: -2.8660622521138507e-21j, F_py: 3.641167169365763e-21j
Free_energy = -21341.604242693935
------------------------------------------
[{'stable': {}, 'free': np.float64(-21341.604242693935)}]
------------------------------------------
  Seed: s-wave+px
F_onsite: (-9.22147712774847e-15+0j)
F_swave: (8.986132812795405e-15+0j), F_dwave: (-5.383563198543284e-22+0j)
F_px: -2.8660622521138507e-21j, F_py: 3.641167169365763e-21j
Free_energy = -21341.604242693935
------------------------------------------
[{'stable': {}, 'free': np.float64(-21341.604242693935)}]
------------------------------------------
  Seed: s-wave+py
F_onsite: (-9.22147712774847e-15+0j)
F_swave: (8.986132812795405e-15+0j), F_dwave: (-5.383563198543284e-22+0j)
F_px: -2.8660622521138507e-21j, F_py: 3.641167169365763e-21j
Free_energy = -21341.604242693935
------------------------------------------
[{'stable': {}, 'free': np.float64(-21341.604242693935)}]
------------------------------------------
====================================
mu=3.79, T=0.0850
====================================
  Seed: normal state
F_onsite: 0j
F_swave: 0j, F_dwave: 0j
F_px: 0j, F_py: 0j
Free_energy = -21342.285139547905
------------------------------------------
[{'stable': {}, 'free': np.float64(-21342.285139547905)}]
------------------------------------------
  Seed: px+i*py
F_onsite: (-2.101079481319683e-15-7.377514736387445e-15j)
F_swave: (2.0485639934912944e-15+7.193118673855476e-15j), F_dwave: (-2.705835843593218e-22+2.8592838549892434e-22j)
F_px: (3.1295803824300937e-21-3.560701541250675e-21j), F_py: (8.035688070842249e-21-1.5722058461071027e-20j)
Free_energy = -21342.285139547905
------------------------------------------
[{'stable': {}, 'free': np.float64(-21342.285139547905)}]
------------------------------------------
  Seed: s-wave
F_onsite: (-7.352986466829355e-15+0j)
F_swave: (7.169196941983768e-15+0j), F_dwave: (-1.4277032091288847e-22+0j)
F_px: -7.091404651965552e-22j, F_py: 7.331424238333669e-21j
Free_energy = -21342.285139547905
------------------------------------------
[{'stable': {}, 'free': np.float64(-21342.285139547905)}]
------------------------------------------
  Seed: s-wave+px
F_onsite: (-7.352986466829355e-15+0j)
F_swave: (7.169196941983768e-15+0j), F_dwave: (-1.4277032091288847e-22+0j)
F_px: -7.091404651965552e-22j, F_py: 7.331424238333669e-21j
Free_energy = -21342.285139547905
------------------------------------------
[{'stable': {}, 'free': np.float64(-21342.285139547905)}]
------------------------------------------
  Seed: s-wave+py
F_onsite: (-7.352986466829355e-15+0j)
F_swave: (7.169196941983768e-15+0j), F_dwave: (-1.4277032091288847e-22+0j)
F_px: -7.091404651965552e-22j, F_py: 7.331424238333669e-21j
Free_energy = -21342.285139547905
------------------------------------------
[{'stable': {}, 'free': np.float64(-21342.285139547905)}]
------------------------------------------
====================================
mu=3.79, T=0.0880
====================================
  Seed: normal state
F_onsite: 0j
F_swave: 0j, F_dwave: 0j
F_px: 0j, F_py: 0j
Free_energy = -21342.985129288954
------------------------------------------
[{'stable': {}, 'free': np.float64(-21342.985129288954)}]
------------------------------------------
  Seed: px+i*py
F_onsite: (-1.623572792842626e-15-5.700885792381855e-15j)
F_swave: (1.5839420287399019e-15+5.561732979869244e-15j), F_dwave: (-1.0812359849024882e-21-5.552270989524092e-22j)
F_px: (-2.4996209161889822e-21+7.095250613915739e-21j), F_py: (2.7382669198437227e-20-8.151377893592774e-21j)
Free_energy = -21342.985129288954
------------------------------------------
[{'stable': {}, 'free': np.float64(-21342.985129288954)}]
------------------------------------------
  Seed: s-wave
F_onsite: (-5.681511637599785e-15+0j)
F_swave: (5.5429002026796826e-15+0j), F_dwave: (-5.69072533370095e-22+0j)
F_px: -3.6272068425424126e-21j, F_py: 9.14365806652011e-21j
Free_energy = -21342.985129288954
------------------------------------------
[{'stable': {}, 'free': np.float64(-21342.985129288954)}]
------------------------------------------
  Seed: s-wave+px
F_onsite: (-5.681511637599785e-15+0j)
F_swave: (5.5429002026796826e-15+0j), F_dwave: (-5.69072533370095e-22+0j)
F_px: -3.6272068425424126e-21j, F_py: 9.14365806652011e-21j
Free_energy = -21342.985129288954
------------------------------------------
[{'stable': {}, 'free': np.float64(-21342.985129288954)}]
------------------------------------------
  Seed: s-wave+py
F_onsite: (-5.681511637599785e-15+0j)
F_swave: (5.5429002026796826e-15+0j), F_dwave: (-5.69072533370095e-22+0j)
F_px: -3.6272068425424126e-21j, F_py: 9.14365806652011e-21j
Free_energy = -21342.985129288954
------------------------------------------
[{'stable': {}, 'free': np.float64(-21342.985129288954)}]
------------------------------------------
====================================
mu=3.79, T=0.0910
====================================
  Seed: normal state
F_onsite: 0j
F_swave: 0j, F_dwave: 0j
F_px: 0j, F_py: 0j
Free_energy = -21343.70392900123
------------------------------------------
[{'stable': {}, 'free': np.float64(-21343.70392900123)}]
------------------------------------------
  Seed: px+i*py
F_onsite: (-1.2168555895195762e-15-4.272930253100982e-15j)
F_swave: (1.187767944697194e-15+4.170788325432652e-15j), F_dwave: (-1.3340499466655327e-22+7.116417943458414e-22j)
F_px: (8.959014739909632e-21-9.960633401448862e-21j), F_py: (-9.904960643425244e-21+1.471651302586159e-20j)
Free_energy = -21343.703929001225
------------------------------------------
[{'stable': {}, 'free': np.float64(-21343.70392900123)}]
------------------------------------------
  Seed: s-wave
F_onsite: (-4.2581831704487636e-15+0j)
F_swave: (4.1565426131859534e-15+0j), F_dwave: (-1.18666490808206e-21+0j)
F_px: 5.1705465196700525e-21j, F_py: 1.9192134205196577e-20j
Free_energy = -21343.70392900123
------------------------------------------
[{'stable': {}, 'free': np.float64(-21343.70392900123)}]
------------------------------------------
  Seed: s-wave+px
F_onsite: (-4.2581831704487636e-15+0j)
F_swave: (4.1565426131859534e-15+0j), F_dwave: (-1.18666490808206e-21+0j)
F_px: 5.1705465196700525e-21j, F_py: 1.9192134205196577e-20j
Free_energy = -21343.70392900123
------------------------------------------
[{'stable': {}, 'free': np.float64(-21343.70392900123)}]
------------------------------------------
  Seed: s-wave+py
F_onsite: (-4.2581831704487636e-15+0j)
F_swave: (4.1565426131859534e-15+0j), F_dwave: (-1.18666490808206e-21+0j)
F_px: 5.1705465196700525e-21j, F_py: 1.9192134205196577e-20j
Free_energy = -21343.70392900123
------------------------------------------
[{'stable': {}, 'free': np.float64(-21343.70392900123)}]
------------------------------------------
====================================
mu=3.79, T=0.0940
====================================
  Seed: normal state
F_onsite: 0j
F_swave: 0j, F_dwave: 0j
F_px: 0j, F_py: 0j
Free_energy = -21344.4412758531
------------------------------------------
[{'stable': {}, 'free': np.float64(-21344.4412758531)}]
------------------------------------------
  Seed: px+i*py
F_onsite: (-8.851252346351332e-16-3.1081963567071827e-15j)
F_swave: (8.645095287605434e-16+3.0358005668596643e-15j), F_dwave: (-9.218373624667236e-22-1.5787154158564598e-21j)
F_px: (1.4881448476203629e-21+4.897854875493425e-21j), F_py: (-1.5006448723686233e-21+2.041856261799575e-20j)
Free_energy = -21344.441275853096
------------------------------------------
[{'stable': {}, 'free': np.float64(-21344.4412758531)}]
------------------------------------------
  Seed: s-wave
F_onsite: (-3.09778304943248e-15+0j)
F_swave: (3.0253162046554274e-15+0j), F_dwave: (-6.5209060335803395e-22+0j)
F_px: 7.020769362922007e-21j, F_py: 9.248924355511285e-21j
Free_energy = -21344.441275853096
------------------------------------------
[{'stable': {}, 'free': np.float64(-21344.4412758531)}]
------------------------------------------
  Seed: s-wave+px
F_onsite: (-3.09778304943248e-15+0j)
F_swave: (3.0253162046554274e-15+0j), F_dwave: (-6.5209060335803395e-22+0j)
F_px: 7.020769362922007e-21j, F_py: 9.248924355511285e-21j
Free_energy = -21344.441275853096
------------------------------------------
[{'stable': {}, 'free': np.float64(-21344.4412758531)}]
------------------------------------------
  Seed: s-wave+py
F_onsite: (-3.09778304943248e-15+0j)
F_swave: (3.0253162046554274e-15+0j), F_dwave: (-6.5209060335803395e-22+0j)
F_px: 7.020769362922007e-21j, F_py: 9.248924355511285e-21j
Free_energy = -21344.441275853096
------------------------------------------
[{'stable': {}, 'free': np.float64(-21344.4412758531)}]
------------------------------------------
====================================
mu=3.79, T=0.0970
====================================
  Seed: normal state
F_onsite: 0j
F_swave: 0j, F_dwave: 0j
F_px: 0j, F_py: 0j
Free_energy = -21345.19692600733
------------------------------------------
[{'stable': {}, 'free': np.float64(-21345.19692600733)}]
------------------------------------------
  Seed: px+i*py
F_onsite: (-6.255886006677728e-16-2.1966218101339843e-15j)
F_swave: (6.112515399024062e-16+2.146278713574742e-15j), F_dwave: (-5.111689467672214e-22-2.2865538967150263e-21j)
F_px: (-1.0022408442998877e-20+2.557170375035817e-20j), F_py: (3.391704225400054e-21+4.0817127776127216e-22j)
Free_energy = -21345.196926007327
------------------------------------------
[{'stable': {}, 'free': np.float64(-21345.19692600733)}]
------------------------------------------
  Seed: s-wave
F_onsite: (-2.1895082650991384e-15+0j)
F_swave: (2.1388297672091814e-15+0j), F_dwave: (2.643687879685958e-22+0j)
F_px: -1.6273309880261392e-21j, F_py: 4.389195504203303e-22j
Free_energy = -21345.196926007327
------------------------------------------
[{'stable': {}, 'free': np.float64(-21345.19692600733)}]
------------------------------------------
  Seed: s-wave+px
F_onsite: (-2.1895082650991384e-15+0j)
F_swave: (2.1388297672091814e-15+0j), F_dwave: (2.643687879685958e-22+0j)
F_px: -1.6273309880261392e-21j, F_py: 4.389195504203303e-22j
Free_energy = -21345.196926007327
------------------------------------------
[{'stable': {}, 'free': np.float64(-21345.19692600733)}]
------------------------------------------
  Seed: s-wave+py
F_onsite: (-2.1895082650991384e-15+0j)
F_swave: (2.1388297672091814e-15+0j), F_dwave: (2.643687879685958e-22+0j)
F_px: -1.6273309880261392e-21j, F_py: 4.389195504203303e-22j
Free_energy = -21345.196926007327
------------------------------------------
[{'stable': {}, 'free': np.float64(-21345.19692600733)}]
------------------------------------------
====================================
mu=3.79, T=0.1000
====================================
  Seed: normal state
F_onsite: 0j
F_swave: 0j, F_dwave: 0j
F_px: 0j, F_py: 0j
Free_energy = -21345.970653513534
------------------------------------------
[{'stable': {}, 'free': np.float64(-21345.970653513534)}]
------------------------------------------
  Seed: px+i*py
F_onsite: (-4.2969834443748263e-16-1.5088268510629065e-15j)
F_swave: (4.1997043852925204e-16+1.4746644590770343e-15j), F_dwave: (-1.5730353365290381e-21-4.0824573666578655e-23j)
F_px: (1.065316713883434e-20+7.957727492345929e-21j), F_py: (6.197602124521161e-22+1.6844774880125113e-22j)
Free_energy = -21345.970653513526
------------------------------------------
[{'stable': {}, 'free': np.float64(-21345.970653513534)}]
------------------------------------------
  Seed: s-wave
F_onsite: (-1.5035202182288777e-15+0j)
F_swave: (1.469362587227648e-15+0j), F_dwave: (-3.3932910854738295e-22+0j)
F_px: 2.008863521341176e-22j, F_py: 7.006837913560614e-21j
Free_energy = -21345.970653513534
------------------------------------------
[{'stable': {}, 'free': np.float64(-21345.970653513534)}]
------------------------------------------
  Seed: s-wave+px
F_onsite: (-1.5035202182288777e-15+0j)
F_swave: (1.469362587227648e-15+0j), F_dwave: (-3.3932910854738295e-22+0j)
F_px: 2.008863521341176e-22j, F_py: 7.006837913560614e-21j
Free_energy = -21345.970653513534
------------------------------------------
[{'stable': {}, 'free': np.float64(-21345.970653513534)}]
------------------------------------------
  Seed: s-wave+py
F_onsite: (-1.5035202182288777e-15+0j)
F_swave: (1.469362587227648e-15+0j), F_dwave: (-3.3932910854738295e-22+0j)
F_px: 2.008863521341176e-22j, F_py: 7.006837913560614e-21j
Free_energy = -21345.970653513534
------------------------------------------
[{'stable': {}, 'free': np.float64(-21345.970653513534)}]
------------------------------------------
