/home/emilssp/D1/venv/bin/python
Python 3.10.12
Running job 1 out of 50
====================================
mu=-3.84, T=0.0010
====================================
  Seed: normal state
  Seed uu: [0.+0.j 0.+0.j 0.+0.j 0.+0.j], Seed dd: [0.+0.j 0.+0.j 0.+0.j 0.+0.j]
F_onsite: 0j
F_swave: 0j, F_dwave: 0j
F_px: 0j, F_py: 0j
Free_energy = -21683.022791567324
------------------------------------------
[{'stable': {}, 'free': np.float64(-21683.022791567324)}]
------------------------------------------
  Seed: uu:px
  Seed uu: [ 0.1+0.j -0.1+0.j  0. +0.j  0. +0.j], Seed dd: [0.+0.j 0.+0.j 0.+0.j 0.+0.j]
F_onsite: (2.417810547972505e-38-1.7100504879556866e-53j)
F_swave: (2.012079276531766e-38-1.4355669829596754e-53j), F_dwave: (5.602945404300519e-40-1.305060893599705e-54j)
F_px: (6.525304467998525e-54+1.2524911673970057e-38j), F_py: (-1.1745548042397344e-53-1.4211533829354217e-38j)
Free_energy = -21683.022791567324
------------------------------------------
[{'stable': {}, 'free': np.float64(-21683.022791567324)}]
------------------------------------------
  Seed: uu:px+py
  Seed uu: [ 0.1+0.j -0.1+0.j  0.1+0.j -0.1+0.j], Seed dd: [0.+0.j 0.+0.j 0.+0.j 0.+0.j]
F_onsite: (-1.5261700323732576e-156+2.5262676184260346e-142j)
F_swave: 0j, F_dwave: 0j
F_px: (2.7770217597514385e-66+8.304156334738239e-65j), F_py: (-2.7770217597514385e-66-8.304156334738239e-65j)
Free_energy = -21683.022791567324
------------------------------------------
[{'stable': {}, 'free': np.float64(-21683.022791567324)}]
------------------------------------------
  Seed: uu:px+ipy
  Seed uu: [ 0.1+0.j  -0.1+0.j   0. +0.1j -0. -0.1j], Seed dd: [0.+0.j 0.+0.j 0.+0.j 0.+0.j]
F_onsite: (1.9651596990803157e-23-1.5036180689929877e-23j)
F_swave: (1.6353874826544622e-23-1.2512968665090447e-23j), F_dwave: (-3.131839111150514e-25+4.9366255961034405e-25j)
F_px: (-2.346110648452663e-24-3.618622622937325e-24j), F_py: (-3.1925215227238785e-24-1.5134772020132675e-24j)
Free_energy = -21683.02279156732
------------------------------------------
[{'stable': {}, 'free': np.float64(-21683.022791567324)}]
------------------------------------------
  Seed: dd:px
  Seed uu: [0.+0.j 0.+0.j 0.+0.j 0.+0.j], Seed dd: [ 0.1+0.j -0.1+0.j  0. +0.j  0. +0.j]
F_onsite: (-7.527722925794676e-151+3.420192406865987e-57j)
F_swave: 2.833599845502513e-57j, F_dwave: -4.4061083579406816e-58j
F_px: (-6.570620784646776e-62+0j), F_py: (4.471131047993887e-62+0j)
Free_energy = -21683.022791567324
------------------------------------------
[{'stable': {}, 'free': np.float64(-21683.022791567324)}]
------------------------------------------
  Seed: dd:px+py
  Seed uu: [0.+0.j 0.+0.j 0.+0.j 0.+0.j], Seed dd: [ 0.1+0.j -0.1+0.j  0.1+0.j -0.1+0.j]
F_onsite: (-1.347970530765566e-150+4.8832690603625485e-50j)
F_swave: 4.063810740367685e-50j, F_dwave: 1.1316314428224507e-51j
F_px: (-2.5296651377776127e-50+0j), F_py: (-2.8703136082998917e-50+0j)
Free_energy = -21683.022791567324
------------------------------------------
[{'stable': {}, 'free': np.float64(-21683.022791567324)}]
------------------------------------------
  Seed: dd:px+ipy
  Seed uu: [0.+0.j 0.+0.j 0.+0.j 0.+0.j], Seed dd: [ 0.1+0.j  -0.1+0.j   0. +0.1j -0. -0.1j]
F_onsite: (3.2204699628729267e-62-2.067779640500561e-43j)
F_swave: -1.7346717778686537e-43j, F_dwave: -2.8792412588594524e-44j
F_px: (4.2992416693485185e-44+0j), F_py: (1.4773836413779058e-43+0j)
Free_energy = -21683.022791567324
------------------------------------------
[{'stable': {}, 'free': np.float64(-21683.022791567324)}]
------------------------------------------
  Seed: uu+dd:px
  Seed uu: [ 0.1+0.j -0.1+0.j  0. +0.j  0. +0.j], Seed dd: [ 0.1+0.j -0.1+0.j  0. +0.j  0. +0.j]
F_onsite: (-5.970814575797589e-161+1.0322203548914539e-50j)
F_swave: 8.590041038564035e-51j, F_dwave: -1.3221203042710261e-52j
F_px: (1.1958483512582669e-51+0j), F_py: (-1.3568829658102652e-51+0j)
Free_energy = -21683.022791567324
------------------------------------------
[{'stable': {}, 'free': np.float64(-21683.022791567324)}]
------------------------------------------
  Seed: uu+dd:px+py
  Seed uu: [ 0.1+0.j -0.1+0.j  0.1+0.j -0.1+0.j], Seed dd: [ 0.1+0.j -0.1+0.j  0.1+0.j -0.1+0.j]
F_onsite: (-6.739854350673641e-151+4.826296254946066e-50j)
F_swave: 4.016398507783153e-50j, F_dwave: 1.1184281764404943e-51j
F_px: (2.500151815298052e-50+0j), F_py: (2.836825761792101e-50+0j)
Free_energy = -21683.022791567324
------------------------------------------
[{'stable': {}, 'free': np.float64(-21683.022791567324)}]
------------------------------------------
  Seed: uu+dd:px+ipy
  Seed uu: [ 0.1+0.j  -0.1+0.j   0. +0.1j -0. -0.1j], Seed dd: [ 0.1+0.j  -0.1+0.j   0. +0.1j -0. -0.1j]
F_onsite: (-3.220785944523275e-62-2.408716679221474e-64j)
F_swave: (-2.6354943102741494e-62-1.970988816603049e-64j), F_dwave: (-5.824339936919089e-63-4.356155107996962e-65j)
F_px: (-1.008654581864871e-65+1.3499948986925785e-63j), F_py: (1.859568525026777e-64-2.481414356405463e-62j)
Free_energy = -21683.022791567324
------------------------------------------
[{'stable': {}, 'free': np.float64(-21683.022791567324)}]
------------------------------------------
====================================
mu=-3.84, T=0.0051
====================================
  Seed: normal state
  Seed uu: [0.+0.j 0.+0.j 0.+0.j 0.+0.j], Seed dd: [0.+0.j 0.+0.j 0.+0.j 0.+0.j]
F_onsite: 0j
F_swave: 0j, F_dwave: 0j
F_px: 0j, F_py: 0j
Free_energy = -21683.03226296459
------------------------------------------
[{'stable': {}, 'free': np.float64(-21683.03226296459)}]
------------------------------------------
  Seed: uu:px
  Seed uu: [0.+0.j 0.+0.j 0.+0.j 0.+0.j], Seed dd: [0.+0.j 0.+0.j 0.+0.j 0.+0.j]
F_onsite: 0j
F_swave: 0j, F_dwave: 0j
F_px: 0j, F_py: 0j
Free_energy = -21683.03226296459
------------------------------------------
[{'stable': {}, 'free': np.float64(-21683.03226296459)}]
------------------------------------------
  Seed: uu:px+py
  Seed uu: [ 1.64833433e-18+6.09677198e-33j -1.64833433e-18-6.15996656e-33j
  1.64833433e-18+6.75580113e-33j -1.64833433e-18-6.45186531e-33j], Seed dd: [0.+0.j 0.+0.j 0.+0.j 0.+0.j]
F_onsite: (-1.8331694004628398e-35+3.0247038714910756e-43j)
F_swave: (-1.5255463932583302e-35+2.3170039445033113e-43j), F_dwave: (4.24803793497048e-37+3.0702915536977476e-44j)
F_px: (-6.946689745788714e-44-3.591738155228429e-36j), F_py: (2.0043375007175985e-43-9.49635098177415e-36j)
Free_energy = -21683.032262964585
------------------------------------------
[{'stable': {}, 'free': np.float64(-21683.03226296459)}]
------------------------------------------
  Seed: uu:px+ipy
  Seed uu: [0.+0.j 0.+0.j 0.+0.j 0.+0.j], Seed dd: [0.+0.j 0.+0.j 0.+0.j 0.+0.j]
F_onsite: 0j
F_swave: 0j, F_dwave: 0j
F_px: 0j, F_py: 0j
Free_energy = -21683.03226296459
------------------------------------------
[{'stable': {}, 'free': np.float64(-21683.03226296459)}]
------------------------------------------
  Seed: dd:px
  Seed uu: [0.+0.j 0.+0.j 0.+0.j 0.+0.j], Seed dd: [ 5.39240596e-17-1.10195934e-29j -5.39240596e-17+1.05466707e-29j
  2.48920427e-31-5.83562792e-30j -2.49445544e-31+5.39172815e-30j]
F_onsite: (-1.4748524371299228e-59+6.056914530080554e-48j)
F_swave: (-1.3336031129396858e-59+5.0404810471635795e-48j), F_dwave: (1.3573344358498887e-60-1.4057002809953237e-49j)
F_px: (-2.961375296332156e-51+5.183820343765189e-61j), F_py: (2.0151363879700432e-51+2.8988069214255514e-61j)
Free_energy = -21683.03226296459
------------------------------------------
[{'stable': {}, 'free': np.float64(-21683.03226296459)}]
------------------------------------------
  Seed: dd:px+py
  Seed uu: [0.+0.j 0.+0.j 0.+0.j 0.+0.j], Seed dd: [ 1.00794341e-16-4.06557567e-29j -1.00794341e-16+3.93481571e-29j
  1.00794341e-16-4.07339103e-29j -1.00794341e-16+3.94025902e-29j]
F_onsite: (-4.295759757327575e-58+4.39631690395858e-50j)
F_swave: (-3.8690803541943506e-58+3.6329114559949544e-50j), F_dwave: (7.044366457571777e-60-3.049212966200714e-51j)
F_px: (2.872644046716524e-50-1.271438337145004e-58j), F_py: (1.9547571543453476e-50-1.3532203861683608e-58j)
Free_energy = -21683.03226296459
------------------------------------------
[{'stable': {}, 'free': np.float64(-21683.03226296459)}]
------------------------------------------
  Seed: dd:px+ipy
  Seed uu: [0.+0.j 0.+0.j 0.+0.j 0.+0.j], Seed dd: [ 1.12525248e-16-2.13028495e-29j -1.12525248e-16+2.05749071e-29j
  2.29433777e-29+1.12525248e-16j -2.21931114e-29-1.12525248e-16j]
F_onsite: (3.0998090138816717e-37-1.0145906483835382e-37j)
F_swave: (2.5615627299109996e-37-8.384107089480794e-38j), F_dwave: (2.1471401692309896e-38-7.035998835647602e-39j)
F_px: (-1.3340967442427274e-39-1.3796167464178485e-37j), F_py: (1.9635521545841954e-39+2.029569634800436e-37j)
Free_energy = -21683.03226296459
------------------------------------------
[{'stable': {}, 'free': np.float64(-21683.03226296459)}]
------------------------------------------
  Seed: uu+dd:px
  Seed uu: [0.+0.j 0.+0.j 0.+0.j 0.+0.j], Seed dd: [ 5.39240596e-17-1.10136911e-29j -5.39240596e-17+1.05592224e-29j
  2.53744279e-31-5.87659004e-30j -2.53596825e-31+5.43560023e-30j]
F_onsite: (-2.229945498924893e-58+6.89613380960294e-48j)
F_swave: (-2.0082138243236415e-58+5.738452877655574e-48j), F_dwave: (2.0414711007963907e-59-1.0955225036359359e-49j)
F_px: (3.753021204941076e-49+0j), F_py: (-4.158856844758881e-49+0j)
Free_energy = -21683.03226296459
------------------------------------------
[{'stable': {}, 'free': np.float64(-21683.03226296459)}]
------------------------------------------
  Seed: uu+dd:px+py
  Seed uu: [0.+0.j 0.+0.j 0.+0.j 0.+0.j], Seed dd: [ 1.00794341e-16-4.02248855e-29j -1.00794341e-16+3.88664459e-29j
  1.00794341e-16-4.03393731e-29j -1.00794341e-16+3.90194595e-29j]
F_onsite: (-5.19462172495864e-58+1.519282287548422e-47j)
F_swave: (-4.6785832137304806e-58+1.2642816665668342e-47j), F_dwave: (1.3090209871594628e-60+3.500572542505317e-49j)
F_px: (7.816123544009784e-48+1.2502062001876463e-58j), F_py: (7.812089667157759e-48-1.1635336963860295e-58j)
Free_energy = -21683.03226296459
------------------------------------------
[{'stable': {}, 'free': np.float64(-21683.03226296459)}]
------------------------------------------
  Seed: uu+dd:px+ipy
  Seed uu: [0.+0.j 0.+0.j 0.+0.j 0.+0.j], Seed dd: [ 1.12525248e-16-2.14079241e-29j -1.12525248e-16+2.06604823e-29j
  2.31385376e-29+1.12525248e-16j -2.23820576e-29-1.12525248e-16j]
F_onsite: (-2.916436065866166e-40-1.2649079780537422e-38j)
F_swave: (-2.471095486076048e-40-1.0668101255083724e-38j), F_dwave: (4.3067517551261073e-41+3.278675253024983e-39j)
F_px: (4.6580988771980844e-39-1.8316436600162048e-40j), F_py: (8.26782607593778e-39+1.8026212772805396e-41j)
Free_energy = -21683.03226296459
------------------------------------------
[{'stable': {}, 'free': np.float64(-21683.03226296459)}]
------------------------------------------
====================================
mu=-3.84, T=0.0093
====================================
  Seed: normal state
  Seed uu: [0.+0.j 0.+0.j 0.+0.j 0.+0.j], Seed dd: [0.+0.j 0.+0.j 0.+0.j 0.+0.j]
F_onsite: 0j
F_swave: 0j, F_dwave: 0j
F_px: 0j, F_py: 0j
Free_energy = -21683.068500174013
------------------------------------------
[{'stable': {}, 'free': np.float64(-21683.068500174013)}]
------------------------------------------
  Seed: uu:px
  Seed uu: [0.+0.j 0.+0.j 0.+0.j 0.+0.j], Seed dd: [0.+0.j 0.+0.j 0.+0.j 0.+0.j]
F_onsite: 0j
F_swave: 0j, F_dwave: 0j
F_px: 0j, F_py: 0j
Free_energy = -21683.068500174013
------------------------------------------
[{'stable': {}, 'free': np.float64(-21683.068500174013)}]
------------------------------------------
  Seed: uu:px+py
  Seed uu: [0.+0.j 0.+0.j 0.+0.j 0.+0.j], Seed dd: [0.+0.j 0.+0.j 0.+0.j 0.+0.j]
F_onsite: 0j
F_swave: 0j, F_dwave: 0j
F_px: 0j, F_py: 0j
Free_energy = -21683.068500174013
------------------------------------------
[{'stable': {}, 'free': np.float64(-21683.068500174013)}]
------------------------------------------
  Seed: uu:px+ipy
  Seed uu: [0.+0.j 0.+0.j 0.+0.j 0.+0.j], Seed dd: [0.+0.j 0.+0.j 0.+0.j 0.+0.j]
F_onsite: 0j
F_swave: 0j, F_dwave: 0j
F_px: 0j, F_py: 0j
Free_energy = -21683.068500174013
------------------------------------------
[{'stable': {}, 'free': np.float64(-21683.068500174013)}]
------------------------------------------
  Seed: dd:px
  Seed uu: [0.+0.j 0.+0.j 0.+0.j 0.+0.j], Seed dd: [ 1.82885139e-17-3.84717898e-30j -1.82885139e-17+3.63849995e-30j
  6.78243313e-32-1.68312735e-30j -6.81038169e-32+1.46169657e-30j]
F_onsite: 5.373759625701821e-49j
F_swave: 4.452113737784684e-49j, F_dwave: -6.9229112695029445e-50j
F_px: (-5.051642040744213e-63+0j), F_py: (1.9560869556265185e-63+0j)
Free_energy = -21683.068500174013
------------------------------------------
[{'stable': {}, 'free': np.float64(-21683.068500174013)}]
------------------------------------------
  Seed: dd:px+py
  Seed uu: [0.+0.j 0.+0.j 0.+0.j 0.+0.j], Seed dd: [ 4.67200951e-17-1.92413872e-29j -4.67200951e-17+1.84836605e-29j
  4.67200951e-17-1.93564807e-29j -4.67200951e-17+1.85819755e-29j]
F_onsite: (-3.795904150630433e-48-1.843204200680359e-61j)
F_swave: (-3.42000611353296e-48-1.6613445327981344e-61j), F_dwave: (-3.375246536221352e-50+3.2436859419515473e-62j)
F_px: (1.5800624728944305e-61-1.0261512604110049e-48j), F_py: (1.9446922743316068e-62-4.394137134396585e-49j)
Free_energy = -21683.068500174013
------------------------------------------
[{'stable': {}, 'free': np.float64(-21683.068500174013)}]
------------------------------------------
  Seed: dd:px+ipy
  Seed uu: [0.+0.j 0.+0.j 0.+0.j 0.+0.j], Seed dd: [ 5.02176239e-17-9.72004354e-30j -5.02176239e-17+9.29696865e-30j
  1.04518021e-29+5.02176239e-17j -1.00307498e-29-5.02176239e-17j]
F_onsite: (1.0725876202191465e-40-1.180346740306931e-38j)
F_swave: (8.695985628802869e-41-9.982434258998993e-39j), F_dwave: (-4.974905869367675e-42+1.7244363364491108e-39j)
F_px: (-8.448862058383426e-39+6.298392216417604e-41j), F_py: (1.5940271675635905e-39+5.458935486454185e-41j)
Free_energy = -21683.068500174013
------------------------------------------
[{'stable': {}, 'free': np.float64(-21683.068500174013)}]
------------------------------------------
  Seed: uu+dd:px
  Seed uu: [0.+0.j 0.+0.j 0.+0.j 0.+0.j], Seed dd: [ 1.82885139e-17-3.84169459e-30j -1.82885139e-17+3.63593004e-30j
  7.00666103e-32-1.69643433e-30j -6.95745954e-32+1.48599037e-30j]
F_onsite: 3.4294801030797215e-50j
F_swave: 2.833962570661503e-50j, F_dwave: -1.1675779952058525e-51j
F_px: (-2.0586148459376556e-50+0j), F_py: (1.7071456145327399e-50+0j)
Free_energy = -21683.068500174013
------------------------------------------
[{'stable': {}, 'free': np.float64(-21683.068500174013)}]
------------------------------------------
  Seed: uu+dd:px+py
  Seed uu: [0.+0.j 0.+0.j 0.+0.j 0.+0.j], Seed dd: [ 4.67200951e-17-1.90224992e-29j -4.67200951e-17+1.82546923e-29j
  4.67200951e-17-1.91368991e-29j -4.67200951e-17+1.83942469e-29j]
F_onsite: (-1.0571166459612307e-48+2.6282812558021167e-48j)
F_swave: (-9.528394869574575e-49+2.1803076202697803e-48j), F_dwave: (-5.301271659012591e-50+1.784170522127268e-50j)
F_px: (-5.465834562279292e-49+3.4786343856818724e-50j), F_py: (-1.3843523209883588e-48+4.933766254259285e-49j)
Free_energy = -21683.068500174013
------------------------------------------
[{'stable': {}, 'free': np.float64(-21683.068500174013)}]
------------------------------------------
  Seed: uu+dd:px+ipy
  Seed uu: [0.+0.j 0.+0.j 0.+0.j 0.+0.j], Seed dd: [ 5.02176239e-17-9.77516727e-30j -5.02176239e-17+9.33904871e-30j
  1.05412977e-29+5.02176239e-17j -1.01193222e-29-5.02176239e-17j]
F_onsite: (5.51824805178328e-36-5.32473632501395e-37j)
F_swave: (4.5717091442528165e-36-4.4044997378638355e-37j), F_dwave: (-7.085810919228074e-37+4.3396409424275814e-39j)
F_px: (2.987186514447913e-39+3.939206633523996e-36j), F_py: (2.7167746073592037e-37+1.5867470057397213e-36j)
Free_energy = -21683.068500174013
------------------------------------------
[{'stable': {}, 'free': np.float64(-21683.068500174013)}]
------------------------------------------
====================================
mu=-3.84, T=0.0134
====================================
  Seed: normal state
  Seed uu: [0.+0.j 0.+0.j 0.+0.j 0.+0.j], Seed dd: [0.+0.j 0.+0.j 0.+0.j 0.+0.j]
F_onsite: 0j
F_swave: 0j, F_dwave: 0j
F_px: 0j, F_py: 0j
Free_energy = -21683.13407144093
------------------------------------------
[{'stable': {}, 'free': np.float64(-21683.13407144093)}]
------------------------------------------
  Seed: uu:px
  Seed uu: [0.+0.j 0.+0.j 0.+0.j 0.+0.j], Seed dd: [0.+0.j 0.+0.j 0.+0.j 0.+0.j]
F_onsite: 0j
F_swave: 0j, F_dwave: 0j
F_px: 0j, F_py: 0j
Free_energy = -21683.13407144093
------------------------------------------
[{'stable': {}, 'free': np.float64(-21683.13407144093)}]
------------------------------------------
  Seed: uu:px+py
  Seed uu: [0.+0.j 0.+0.j 0.+0.j 0.+0.j], Seed dd: [0.+0.j 0.+0.j 0.+0.j 0.+0.j]
F_onsite: 0j
F_swave: 0j, F_dwave: 0j
F_px: 0j, F_py: 0j
Free_energy = -21683.13407144093
------------------------------------------
[{'stable': {}, 'free': np.float64(-21683.13407144093)}]
------------------------------------------
  Seed: uu:px+ipy
  Seed uu: [0.+0.j 0.+0.j 0.+0.j 0.+0.j], Seed dd: [0.+0.j 0.+0.j 0.+0.j 0.+0.j]
F_onsite: 0j
F_swave: 0j, F_dwave: 0j
F_px: 0j, F_py: 0j
Free_energy = -21683.13407144093
------------------------------------------
[{'stable': {}, 'free': np.float64(-21683.13407144093)}]
------------------------------------------
  Seed: dd:px
  Seed uu: [0.+0.j 0.+0.j 0.+0.j 0.+0.j], Seed dd: [ 3.91540204e-18-8.60442305e-31j -3.91540204e-18+7.89041461e-31j
  1.01498765e-32-2.93081399e-31j -1.01933228e-32+2.19237032e-31j]
F_onsite: 5.788113403946066e-49j
F_swave: 4.816813724326615e-49j, F_dwave: 1.3413161516482387e-50j
F_px: (2.998399076558706e-49+0j), F_py: (1.3148872026565174e-49+0j)
Free_energy = -21683.13407144093
------------------------------------------
[{'stable': {}, 'free': np.float64(-21683.13407144093)}]
------------------------------------------
  Seed: dd:px+py
  Seed uu: [0.+0.j 0.+0.j 0.+0.j 0.+0.j], Seed dd: [ 1.55235661e-17-6.57510828e-30j -1.55235661e-17+6.22623359e-30j
  1.55235661e-17-6.61329435e-30j -1.55235661e-17+6.24864660e-30j]
F_onsite: 6.208876313931147e-48j
F_swave: 5.1619677435579905e-48j, F_dwave: 2.3943832372224948e-49j
F_px: (-2.851542651657733e-48+0j), F_py: (-3.4676869578410004e-48+0j)
Free_energy = -21683.13407144093
------------------------------------------
[{'stable': {}, 'free': np.float64(-21683.13407144093)}]
------------------------------------------
  Seed: dd:px+ipy
  Seed uu: [0.+0.j 0.+0.j 0.+0.j 0.+0.j], Seed dd: [ 1.58825810e-17-3.17237469e-30j -1.58825810e-17+2.97466801e-30j
  3.40117724e-30+1.58825810e-17j -3.20951206e-30-1.58825810e-17j]
F_onsite: (2.0615847732343654e-37-1.3486102271122505e-37j)
F_swave: (1.7431302725449632e-37-1.1372959869348294e-37j), F_dwave: (3.1205046760195153e-38-1.0783502419082566e-38j)
F_px: (-5.411094660165951e-38+3.0459602780108325e-38j), F_py: (-8.646541290637643e-38-1.486928443027653e-37j)
Free_energy = -21683.13407144093
------------------------------------------
[{'stable': {}, 'free': np.float64(-21683.13407144093)}]
------------------------------------------
  Seed: uu+dd:px
  Seed uu: [0.+0.j 0.+0.j 0.+0.j 0.+0.j], Seed dd: [ 3.91540204e-18-8.58356884e-31j -3.91540204e-18+7.87217846e-31j
  1.04887950e-32-2.95220986e-31j -1.04972586e-32+2.22968521e-31j]
F_onsite: 1.2821312626947728e-48j
F_swave: 1.0668199914699613e-48j, F_dwave: -1.2356326673010817e-50j
F_px: (1.9027645422678807e-49+0j), F_py: (2.2391348620413134e-49+0j)
Free_energy = -21683.13407144093
------------------------------------------
[{'stable': {}, 'free': np.float64(-21683.13407144093)}]
------------------------------------------
  Seed: uu+dd:px+py
  Seed uu: [0.+0.j 0.+0.j 0.+0.j 0.+0.j], Seed dd: [ 1.55235661e-17-6.50489459e-30j -1.55235661e-17+6.16069329e-30j
  1.55235661e-17-6.52664857e-30j -1.55235661e-17+6.18420017e-30j]
F_onsite: 1.0044741584713429e-47j
F_swave: 8.356890216977936e-48j, F_dwave: 2.6474496469415874e-50j
F_px: (5.3960894334781143e-48+0j), F_py: (5.236040424930625e-48+0j)
Free_energy = -21683.13407144093
------------------------------------------
[{'stable': {}, 'free': np.float64(-21683.13407144093)}]
------------------------------------------
  Seed: uu+dd:px+ipy
  Seed uu: [0.+0.j 0.+0.j 0.+0.j 0.+0.j], Seed dd: [ 1.58825810e-17-3.17866838e-30j -1.58825810e-17+2.99450810e-30j
  3.42950044e-30+1.58825810e-17j -3.24038125e-30-1.58825810e-17j]
F_onsite: (-2.5910221246962196e-38-1.2245803032388215e-36j)
F_swave: (-2.1109573205338759e-38-1.0192724655917437e-36j), F_dwave: (2.981141254248843e-39-4.884545450545386e-39j)
F_px: (3.5664915732596543e-37-1.8512145204195878e-38j), F_py: (-2.8956336248255944e-38+9.538188606498974e-39j)
Free_energy = -21683.13407144093
------------------------------------------
[{'stable': {}, 'free': np.float64(-21683.13407144093)}]
------------------------------------------
====================================
mu=-3.84, T=0.0175
====================================
  Seed: normal state
  Seed uu: [0.+0.j 0.+0.j 0.+0.j 0.+0.j], Seed dd: [0.+0.j 0.+0.j 0.+0.j 0.+0.j]
F_onsite: 0j
F_swave: 0j, F_dwave: 0j
F_px: 0j, F_py: 0j
Free_energy = -21683.228916172826
------------------------------------------
[{'stable': {}, 'free': np.float64(-21683.228916172826)}]
------------------------------------------
  Seed: uu:px
  Seed uu: [0.+0.j 0.+0.j 0.+0.j 0.+0.j], Seed dd: [0.+0.j 0.+0.j 0.+0.j 0.+0.j]
F_onsite: 0j
F_swave: 0j, F_dwave: 0j
F_px: 0j, F_py: 0j
Free_energy = -21683.228916172826
------------------------------------------
[{'stable': {}, 'free': np.float64(-21683.228916172826)}]
------------------------------------------
  Seed: uu:px+py
  Seed uu: [0.+0.j 0.+0.j 0.+0.j 0.+0.j], Seed dd: [0.+0.j 0.+0.j 0.+0.j 0.+0.j]
F_onsite: 0j
F_swave: 0j, F_dwave: 0j
F_px: 0j, F_py: 0j
Free_energy = -21683.228916172826
------------------------------------------
[{'stable': {}, 'free': np.float64(-21683.228916172826)}]
------------------------------------------
  Seed: uu:px+ipy
  Seed uu: [0.+0.j 0.+0.j 0.+0.j 0.+0.j], Seed dd: [0.+0.j 0.+0.j 0.+0.j 0.+0.j]
F_onsite: 0j
F_swave: 0j, F_dwave: 0j
F_px: 0j, F_py: 0j
Free_energy = -21683.228916172826
------------------------------------------
[{'stable': {}, 'free': np.float64(-21683.228916172826)}]
------------------------------------------
  Seed: dd:px
  Seed uu: [0.+0.j 0.+0.j 0.+0.j 0.+0.j], Seed dd: [ 2.73458999e-19-6.84427354e-32j -2.73458999e-19+5.16690893e-32j
  3.03183503e-34-1.85551313e-32j -3.04688136e-34+1.09537266e-33j]
F_onsite: 0j
F_swave: 0j, F_dwave: 0j
F_px: 0j, F_py: 0j
Free_energy = -21683.228916172826
------------------------------------------
[{'stable': {}, 'free': np.float64(-21683.228916172826)}]
------------------------------------------
  Seed: dd:px+py
  Seed uu: [0.+0.j 0.+0.j 0.+0.j 0.+0.j], Seed dd: [ 3.1728467e-18-1.40800224e-30j -3.1728467e-18+1.28260916e-30j
  3.1728467e-18-1.41312401e-30j -3.1728467e-18+1.28865778e-30j]
F_onsite: -2.2754972128752375e-51j
F_swave: -1.8803648766301325e-51j, F_dwave: 1.5782473733422498e-52j
F_px: (-1.4868567632147385e-51+0j), F_py: (-1.0117661109815837e-51+0j)
Free_energy = -21683.228916172826
------------------------------------------
[{'stable': {}, 'free': np.float64(-21683.228916172826)}]
------------------------------------------
  Seed: dd:px+ipy
  Seed uu: [0.+0.j 0.+0.j 0.+0.j 0.+0.j], Seed dd: [ 3.05415781e-18-6.40346128e-31j -3.05415781e-18+5.78275512e-31j
  6.84499576e-31+3.05415781e-18j -6.23236008e-31-3.05415781e-18j]
F_onsite: 3.1027802131317986e-38j
F_swave: 2.5891054763924995e-38j, F_dwave: -2.1126380165431716e-38j
F_px: (1.2234947705776876e-37+0j), F_py: (9.042358714947745e-38+0j)
Free_energy = -21683.228916172826
------------------------------------------
[{'stable': {}, 'free': np.float64(-21683.228916172826)}]
------------------------------------------
  Seed: uu+dd:px
  Seed uu: [0.+0.j 0.+0.j 0.+0.j 0.+0.j], Seed dd: [ 2.73458999e-19-6.83073184e-32j -2.73458999e-19+5.15788113e-32j
  2.74595480e-34-1.86153166e-32j -2.78357062e-34+1.15555797e-33j]
F_onsite: 0j
F_swave: 0j, F_dwave: 0j
F_px: 0j, F_py: 0j
Free_energy = -21683.228916172826
------------------------------------------
[{'stable': {}, 'free': np.float64(-21683.228916172826)}]
------------------------------------------
  Seed: uu+dd:px+py
  Seed uu: [0.+0.j 0.+0.j 0.+0.j 0.+0.j], Seed dd: [ 3.1728467e-18-1.38961864e-30j -3.1728467e-18+1.26942256e-30j
  3.1728467e-18-1.39514064e-30j -3.1728467e-18+1.27216701e-30j]
F_onsite: 2.183979650618503e-48j
F_swave: 1.817487395388163e-48j, F_dwave: 6.330904493943905e-54j
F_px: (-1.207526209663762e-48+0j), F_py: (-1.2075452672183385e-48+0j)
Free_energy = -21683.228916172826
------------------------------------------
[{'stable': {}, 'free': np.float64(-21683.228916172826)}]
------------------------------------------
  Seed: uu+dd:px+ipy
  Seed uu: [0.+0.j 0.+0.j 0.+0.j 0.+0.j], Seed dd: [ 3.05415781e-18-6.43093587e-31j -3.05415781e-18+5.79780145e-31j
  6.90515098e-31+3.05415781e-18j -6.28049140e-31-3.05415781e-18j]
F_onsite: 0j
F_swave: 0j, F_dwave: 0j
F_px: 0j, F_py: 0j
Free_energy = -21683.228916172826
------------------------------------------
[{'stable': {}, 'free': np.float64(-21683.228916172826)}]
------------------------------------------
====================================
mu=-3.84, T=0.0216
====================================
  Seed: normal state
  Seed uu: [0.+0.j 0.+0.j 0.+0.j 0.+0.j], Seed dd: [0.+0.j 0.+0.j 0.+0.j 0.+0.j]
F_onsite: 0j
F_swave: 0j, F_dwave: 0j
F_px: 0j, F_py: 0j
Free_energy = -21683.352962470562
------------------------------------------
[{'stable': {}, 'free': np.float64(-21683.352962470562)}]
------------------------------------------
  Seed: uu:px
  Seed uu: [0.+0.j 0.+0.j 0.+0.j 0.+0.j], Seed dd: [0.+0.j 0.+0.j 0.+0.j 0.+0.j]
F_onsite: 0j
F_swave: 0j, F_dwave: 0j
F_px: 0j, F_py: 0j
Free_energy = -21683.352962470562
------------------------------------------
[{'stable': {}, 'free': np.float64(-21683.352962470562)}]
------------------------------------------
  Seed: uu:px+py
  Seed uu: [0.+0.j 0.+0.j 0.+0.j 0.+0.j], Seed dd: [0.+0.j 0.+0.j 0.+0.j 0.+0.j]
F_onsite: 0j
F_swave: 0j, F_dwave: 0j
F_px: 0j, F_py: 0j
Free_energy = -21683.352962470562
------------------------------------------
[{'stable': {}, 'free': np.float64(-21683.352962470562)}]
------------------------------------------
  Seed: uu:px+ipy
  Seed uu: [0.+0.j 0.+0.j 0.+0.j 0.+0.j], Seed dd: [0.+0.j 0.+0.j 0.+0.j 0.+0.j]
F_onsite: 0j
F_swave: 0j, F_dwave: 0j
F_px: 0j, F_py: 0j
Free_energy = -21683.352962470562
------------------------------------------
[{'stable': {}, 'free': np.float64(-21683.352962470562)}]
------------------------------------------
  Seed: dd:px
  Seed uu: [0.+0.j 0.+0.j 0.+0.j 0.+0.j], Seed dd: [0.+0.j 0.+0.j 0.+0.j 0.+0.j]
F_onsite: 0j
F_swave: 0j, F_dwave: 0j
F_px: 0j, F_py: 0j
Free_energy = -21683.352962470562
------------------------------------------
[{'stable': {}, 'free': np.float64(-21683.352962470562)}]
------------------------------------------
  Seed: dd:px+py
  Seed uu: [0.+0.j 0.+0.j 0.+0.j 0.+0.j], Seed dd: [ 2.33853009e-19-1.18935202e-31j -2.33853009e-19+8.89207874e-32j
  2.33853009e-19-1.18920156e-31j -2.33853009e-19+8.89839820e-32j]
F_onsite: 0j
F_swave: 0j, F_dwave: 0j
F_px: 0j, F_py: 0j
Free_energy = -21683.352962470562
------------------------------------------
[{'stable': {}, 'free': np.float64(-21683.352962470562)}]
------------------------------------------
  Seed: dd:px+ipy
  Seed uu: [0.+0.j 0.+0.j 0.+0.j 0.+0.j], Seed dd: [ 1.98218907e-19-4.84190825e-32j -1.98218907e-19+3.48803969e-32j
  5.11214030e-32+1.98218907e-19j -3.76368841e-32-1.98218907e-19j]
F_onsite: 0j
F_swave: 0j, F_dwave: 0j
F_px: 0j, F_py: 0j
Free_energy = -21683.352962470562
------------------------------------------
[{'stable': {}, 'free': np.float64(-21683.352962470562)}]
------------------------------------------
  Seed: uu+dd:px
  Seed uu: [0.+0.j 0.+0.j 0.+0.j 0.+0.j], Seed dd: [0.+0.j 0.+0.j 0.+0.j 0.+0.j]
F_onsite: 0j
F_swave: 0j, F_dwave: 0j
F_px: 0j, F_py: 0j
Free_energy = -21683.352962470562
------------------------------------------
[{'stable': {}, 'free': np.float64(-21683.352962470562)}]
------------------------------------------
  Seed: uu+dd:px+py
  Seed uu: [0.+0.j 0.+0.j 0.+0.j 0.+0.j], Seed dd: [ 2.33853009e-19-1.17815755e-31j -2.33853009e-19+8.74281917e-32j
  2.33853009e-19-1.17866913e-31j -2.33853009e-19+8.75575901e-32j]
F_onsite: 0j
F_swave: 0j, F_dwave: 0j
F_px: 0j, F_py: 0j
Free_energy = -21683.352962470562
------------------------------------------
[{'stable': {}, 'free': np.float64(-21683.352962470562)}]
------------------------------------------
  Seed: uu+dd:px+ipy
  Seed uu: [0.+0.j 0.+0.j 0.+0.j 0.+0.j], Seed dd: [ 1.98218907e-19-4.85213975e-32j -1.98218907e-19+3.50910454e-32j
  5.15517279e-32+1.98218907e-19j -3.79829496e-32-1.98218907e-19j]
F_onsite: 0j
F_swave: 0j, F_dwave: 0j
F_px: 0j, F_py: 0j
Free_energy = -21683.352962470562
------------------------------------------
[{'stable': {}, 'free': np.float64(-21683.352962470562)}]
------------------------------------------
====================================
mu=-3.84, T=0.0258
====================================
  Seed: normal state
  Seed uu: [0.+0.j 0.+0.j 0.+0.j 0.+0.j], Seed dd: [0.+0.j 0.+0.j 0.+0.j 0.+0.j]
F_onsite: 0j
F_swave: 0j, F_dwave: 0j
F_px: 0j, F_py: 0j
Free_energy = -21683.506035240905
------------------------------------------
[{'stable': {}, 'free': np.float64(-21683.506035240905)}]
------------------------------------------
  Seed: uu:px
  Seed uu: [0.+0.j 0.+0.j 0.+0.j 0.+0.j], Seed dd: [0.+0.j 0.+0.j 0.+0.j 0.+0.j]
F_onsite: 0j
F_swave: 0j, F_dwave: 0j
F_px: 0j, F_py: 0j
Free_energy = -21683.506035240905
------------------------------------------
[{'stable': {}, 'free': np.float64(-21683.506035240905)}]
------------------------------------------
  Seed: uu:px+py
  Seed uu: [0.+0.j 0.+0.j 0.+0.j 0.+0.j], Seed dd: [0.+0.j 0.+0.j 0.+0.j 0.+0.j]
F_onsite: 0j
F_swave: 0j, F_dwave: 0j
F_px: 0j, F_py: 0j
Free_energy = -21683.506035240905
------------------------------------------
[{'stable': {}, 'free': np.float64(-21683.506035240905)}]
------------------------------------------
  Seed: uu:px+ipy
  Seed uu: [0.+0.j 0.+0.j 0.+0.j 0.+0.j], Seed dd: [0.+0.j 0.+0.j 0.+0.j 0.+0.j]
F_onsite: 0j
F_swave: 0j, F_dwave: 0j
F_px: 0j, F_py: 0j
Free_energy = -21683.506035240905
------------------------------------------
[{'stable': {}, 'free': np.float64(-21683.506035240905)}]
------------------------------------------
  Seed: dd:px
  Seed uu: [0.+0.j 0.+0.j 0.+0.j 0.+0.j], Seed dd: [0.+0.j 0.+0.j 0.+0.j 0.+0.j]
F_onsite: 0j
F_swave: 0j, F_dwave: 0j
F_px: 0j, F_py: 0j
Free_energy = -21683.506035240905
------------------------------------------
[{'stable': {}, 'free': np.float64(-21683.506035240905)}]
------------------------------------------
  Seed: dd:px+py
  Seed uu: [0.+0.j 0.+0.j 0.+0.j 0.+0.j], Seed dd: [0.+0.j 0.+0.j 0.+0.j 0.+0.j]
F_onsite: 0j
F_swave: 0j, F_dwave: 0j
F_px: 0j, F_py: 0j
Free_energy = -21683.506035240905
------------------------------------------
[{'stable': {}, 'free': np.float64(-21683.506035240905)}]
------------------------------------------
  Seed: dd:px+ipy
  Seed uu: [0.+0.j 0.+0.j 0.+0.j 0.+0.j], Seed dd: [0.+0.j 0.+0.j 0.+0.j 0.+0.j]
F_onsite: 0j
F_swave: 0j, F_dwave: 0j
F_px: 0j, F_py: 0j
Free_energy = -21683.506035240905
------------------------------------------
[{'stable': {}, 'free': np.float64(-21683.506035240905)}]
------------------------------------------
  Seed: uu+dd:px
  Seed uu: [0.+0.j 0.+0.j 0.+0.j 0.+0.j], Seed dd: [0.+0.j 0.+0.j 0.+0.j 0.+0.j]
F_onsite: 0j
F_swave: 0j, F_dwave: 0j
F_px: 0j, F_py: 0j
Free_energy = -21683.506035240905
------------------------------------------
[{'stable': {}, 'free': np.float64(-21683.506035240905)}]
------------------------------------------
  Seed: uu+dd:px+py
  Seed uu: [0.+0.j 0.+0.j 0.+0.j 0.+0.j], Seed dd: [0.+0.j 0.+0.j 0.+0.j 0.+0.j]
F_onsite: 0j
F_swave: 0j, F_dwave: 0j
F_px: 0j, F_py: 0j
Free_energy = -21683.506035240905
------------------------------------------
[{'stable': {}, 'free': np.float64(-21683.506035240905)}]
------------------------------------------
  Seed: uu+dd:px+ipy
  Seed uu: [0.+0.j 0.+0.j 0.+0.j 0.+0.j], Seed dd: [0.+0.j 0.+0.j 0.+0.j 0.+0.j]
F_onsite: 0j
F_swave: 0j, F_dwave: 0j
F_px: 0j, F_py: 0j
Free_energy = -21683.506035240905
------------------------------------------
[{'stable': {}, 'free': np.float64(-21683.506035240905)}]
------------------------------------------
====================================
mu=-3.84, T=0.0299
====================================
  Seed: normal state
  Seed uu: [0.+0.j 0.+0.j 0.+0.j 0.+0.j], Seed dd: [0.+0.j 0.+0.j 0.+0.j 0.+0.j]
F_onsite: 0j
F_swave: 0j, F_dwave: 0j
F_px: 0j, F_py: 0j
Free_energy = -21683.687821415846
------------------------------------------
[{'stable': {}, 'free': np.float64(-21683.687821415846)}]
------------------------------------------
  Seed: uu:px
  Seed uu: [0.+0.j 0.+0.j 0.+0.j 0.+0.j], Seed dd: [0.+0.j 0.+0.j 0.+0.j 0.+0.j]
F_onsite: 0j
F_swave: 0j, F_dwave: 0j
F_px: 0j, F_py: 0j
Free_energy = -21683.687821415846
------------------------------------------
[{'stable': {}, 'free': np.float64(-21683.687821415846)}]
------------------------------------------
  Seed: uu:px+py
  Seed uu: [0.+0.j 0.+0.j 0.+0.j 0.+0.j], Seed dd: [0.+0.j 0.+0.j 0.+0.j 0.+0.j]
F_onsite: 0j
F_swave: 0j, F_dwave: 0j
F_px: 0j, F_py: 0j
Free_energy = -21683.687821415846
------------------------------------------
[{'stable': {}, 'free': np.float64(-21683.687821415846)}]
------------------------------------------
  Seed: uu:px+ipy
  Seed uu: [0.+0.j 0.+0.j 0.+0.j 0.+0.j], Seed dd: [0.+0.j 0.+0.j 0.+0.j 0.+0.j]
F_onsite: 0j
F_swave: 0j, F_dwave: 0j
F_px: 0j, F_py: 0j
Free_energy = -21683.687821415846
------------------------------------------
[{'stable': {}, 'free': np.float64(-21683.687821415846)}]
------------------------------------------
  Seed: dd:px
  Seed uu: [0.+0.j 0.+0.j 0.+0.j 0.+0.j], Seed dd: [0.+0.j 0.+0.j 0.+0.j 0.+0.j]
F_onsite: 0j
F_swave: 0j, F_dwave: 0j
F_px: 0j, F_py: 0j
Free_energy = -21683.687821415846
------------------------------------------
[{'stable': {}, 'free': np.float64(-21683.687821415846)}]
------------------------------------------
  Seed: dd:px+py
  Seed uu: [0.+0.j 0.+0.j 0.+0.j 0.+0.j], Seed dd: [0.+0.j 0.+0.j 0.+0.j 0.+0.j]
F_onsite: 0j
F_swave: 0j, F_dwave: 0j
F_px: 0j, F_py: 0j
Free_energy = -21683.687821415846
------------------------------------------
[{'stable': {}, 'free': np.float64(-21683.687821415846)}]
------------------------------------------
  Seed: dd:px+ipy
  Seed uu: [0.+0.j 0.+0.j 0.+0.j 0.+0.j], Seed dd: [0.+0.j 0.+0.j 0.+0.j 0.+0.j]
F_onsite: 0j
F_swave: 0j, F_dwave: 0j
F_px: 0j, F_py: 0j
Free_energy = -21683.687821415846
------------------------------------------
[{'stable': {}, 'free': np.float64(-21683.687821415846)}]
------------------------------------------
  Seed: uu+dd:px
  Seed uu: [0.+0.j 0.+0.j 0.+0.j 0.+0.j], Seed dd: [0.+0.j 0.+0.j 0.+0.j 0.+0.j]
F_onsite: 0j
F_swave: 0j, F_dwave: 0j
F_px: 0j, F_py: 0j
Free_energy = -21683.687821415846
------------------------------------------
[{'stable': {}, 'free': np.float64(-21683.687821415846)}]
------------------------------------------
  Seed: uu+dd:px+py
  Seed uu: [0.+0.j 0.+0.j 0.+0.j 0.+0.j], Seed dd: [0.+0.j 0.+0.j 0.+0.j 0.+0.j]
F_onsite: 0j
F_swave: 0j, F_dwave: 0j
F_px: 0j, F_py: 0j
Free_energy = -21683.687821415846
------------------------------------------
[{'stable': {}, 'free': np.float64(-21683.687821415846)}]
------------------------------------------
  Seed: uu+dd:px+ipy
  Seed uu: [0.+0.j 0.+0.j 0.+0.j 0.+0.j], Seed dd: [0.+0.j 0.+0.j 0.+0.j 0.+0.j]
F_onsite: 0j
F_swave: 0j, F_dwave: 0j
F_px: 0j, F_py: 0j
Free_energy = -21683.687821415846
------------------------------------------
[{'stable': {}, 'free': np.float64(-21683.687821415846)}]
------------------------------------------
====================================
mu=-3.84, T=0.0340
====================================
  Seed: normal state
  Seed uu: [0.+0.j 0.+0.j 0.+0.j 0.+0.j], Seed dd: [0.+0.j 0.+0.j 0.+0.j 0.+0.j]
F_onsite: 0j
F_swave: 0j, F_dwave: 0j
F_px: 0j, F_py: 0j
Free_energy = -21683.8979869091
------------------------------------------
[{'stable': {}, 'free': np.float64(-21683.8979869091)}]
------------------------------------------
  Seed: uu:px
  Seed uu: [0.+0.j 0.+0.j 0.+0.j 0.+0.j], Seed dd: [0.+0.j 0.+0.j 0.+0.j 0.+0.j]
F_onsite: 0j
F_swave: 0j, F_dwave: 0j
F_px: 0j, F_py: 0j
Free_energy = -21683.8979869091
------------------------------------------
[{'stable': {}, 'free': np.float64(-21683.8979869091)}]
------------------------------------------
  Seed: uu:px+py
  Seed uu: [0.+0.j 0.+0.j 0.+0.j 0.+0.j], Seed dd: [0.+0.j 0.+0.j 0.+0.j 0.+0.j]
F_onsite: 0j
F_swave: 0j, F_dwave: 0j
F_px: 0j, F_py: 0j
Free_energy = -21683.8979869091
------------------------------------------
[{'stable': {}, 'free': np.float64(-21683.8979869091)}]
------------------------------------------
  Seed: uu:px+ipy
  Seed uu: [0.+0.j 0.+0.j 0.+0.j 0.+0.j], Seed dd: [0.+0.j 0.+0.j 0.+0.j 0.+0.j]
F_onsite: 0j
F_swave: 0j, F_dwave: 0j
F_px: 0j, F_py: 0j
Free_energy = -21683.8979869091
------------------------------------------
[{'stable': {}, 'free': np.float64(-21683.8979869091)}]
------------------------------------------
  Seed: dd:px
  Seed uu: [0.+0.j 0.+0.j 0.+0.j 0.+0.j], Seed dd: [0.+0.j 0.+0.j 0.+0.j 0.+0.j]
F_onsite: 0j
F_swave: 0j, F_dwave: 0j
F_px: 0j, F_py: 0j
Free_energy = -21683.8979869091
------------------------------------------
[{'stable': {}, 'free': np.float64(-21683.8979869091)}]
------------------------------------------
  Seed: dd:px+py
  Seed uu: [0.+0.j 0.+0.j 0.+0.j 0.+0.j], Seed dd: [0.+0.j 0.+0.j 0.+0.j 0.+0.j]
F_onsite: 0j
F_swave: 0j, F_dwave: 0j
F_px: 0j, F_py: 0j
Free_energy = -21683.8979869091
------------------------------------------
[{'stable': {}, 'free': np.float64(-21683.8979869091)}]
------------------------------------------
  Seed: dd:px+ipy
  Seed uu: [0.+0.j 0.+0.j 0.+0.j 0.+0.j], Seed dd: [0.+0.j 0.+0.j 0.+0.j 0.+0.j]
F_onsite: 0j
F_swave: 0j, F_dwave: 0j
F_px: 0j, F_py: 0j
Free_energy = -21683.8979869091
------------------------------------------
[{'stable': {}, 'free': np.float64(-21683.8979869091)}]
------------------------------------------
  Seed: uu+dd:px
  Seed uu: [0.+0.j 0.+0.j 0.+0.j 0.+0.j], Seed dd: [0.+0.j 0.+0.j 0.+0.j 0.+0.j]
F_onsite: 0j
F_swave: 0j, F_dwave: 0j
F_px: 0j, F_py: 0j
Free_energy = -21683.8979869091
------------------------------------------
[{'stable': {}, 'free': np.float64(-21683.8979869091)}]
------------------------------------------
  Seed: uu+dd:px+py
  Seed uu: [0.+0.j 0.+0.j 0.+0.j 0.+0.j], Seed dd: [0.+0.j 0.+0.j 0.+0.j 0.+0.j]
F_onsite: 0j
F_swave: 0j, F_dwave: 0j
F_px: 0j, F_py: 0j
Free_energy = -21683.8979869091
------------------------------------------
[{'stable': {}, 'free': np.float64(-21683.8979869091)}]
------------------------------------------
  Seed: uu+dd:px+ipy
  Seed uu: [0.+0.j 0.+0.j 0.+0.j 0.+0.j], Seed dd: [0.+0.j 0.+0.j 0.+0.j 0.+0.j]
F_onsite: 0j
F_swave: 0j, F_dwave: 0j
F_px: 0j, F_py: 0j
Free_energy = -21683.8979869091
------------------------------------------
[{'stable': {}, 'free': np.float64(-21683.8979869091)}]
------------------------------------------
====================================
mu=-3.84, T=0.0381
====================================
  Seed: normal state
  Seed uu: [0.+0.j 0.+0.j 0.+0.j 0.+0.j], Seed dd: [0.+0.j 0.+0.j 0.+0.j 0.+0.j]
F_onsite: 0j
F_swave: 0j, F_dwave: 0j
F_px: 0j, F_py: 0j
Free_energy = -21684.136265585625
------------------------------------------
[{'stable': {}, 'free': np.float64(-21684.136265585625)}]
------------------------------------------
  Seed: uu:px
  Seed uu: [0.+0.j 0.+0.j 0.+0.j 0.+0.j], Seed dd: [0.+0.j 0.+0.j 0.+0.j 0.+0.j]
F_onsite: 0j
F_swave: 0j, F_dwave: 0j
F_px: 0j, F_py: 0j
Free_energy = -21684.136265585625
------------------------------------------
[{'stable': {}, 'free': np.float64(-21684.136265585625)}]
------------------------------------------
  Seed: uu:px+py
  Seed uu: [0.+0.j 0.+0.j 0.+0.j 0.+0.j], Seed dd: [0.+0.j 0.+0.j 0.+0.j 0.+0.j]
F_onsite: 0j
F_swave: 0j, F_dwave: 0j
F_px: 0j, F_py: 0j
Free_energy = -21684.136265585625
------------------------------------------
[{'stable': {}, 'free': np.float64(-21684.136265585625)}]
------------------------------------------
  Seed: uu:px+ipy
  Seed uu: [0.+0.j 0.+0.j 0.+0.j 0.+0.j], Seed dd: [0.+0.j 0.+0.j 0.+0.j 0.+0.j]
F_onsite: 0j
F_swave: 0j, F_dwave: 0j
F_px: 0j, F_py: 0j
Free_energy = -21684.136265585625
------------------------------------------
[{'stable': {}, 'free': np.float64(-21684.136265585625)}]
------------------------------------------
  Seed: dd:px
  Seed uu: [0.+0.j 0.+0.j 0.+0.j 0.+0.j], Seed dd: [0.+0.j 0.+0.j 0.+0.j 0.+0.j]
F_onsite: 0j
F_swave: 0j, F_dwave: 0j
F_px: 0j, F_py: 0j
Free_energy = -21684.136265585625
------------------------------------------
[{'stable': {}, 'free': np.float64(-21684.136265585625)}]
------------------------------------------
  Seed: dd:px+py
  Seed uu: [0.+0.j 0.+0.j 0.+0.j 0.+0.j], Seed dd: [0.+0.j 0.+0.j 0.+0.j 0.+0.j]
F_onsite: 0j
F_swave: 0j, F_dwave: 0j
F_px: 0j, F_py: 0j
Free_energy = -21684.136265585625
------------------------------------------
[{'stable': {}, 'free': np.float64(-21684.136265585625)}]
------------------------------------------
  Seed: dd:px+ipy
  Seed uu: [0.+0.j 0.+0.j 0.+0.j 0.+0.j], Seed dd: [0.+0.j 0.+0.j 0.+0.j 0.+0.j]
F_onsite: 0j
F_swave: 0j, F_dwave: 0j
F_px: 0j, F_py: 0j
Free_energy = -21684.136265585625
------------------------------------------
[{'stable': {}, 'free': np.float64(-21684.136265585625)}]
------------------------------------------
  Seed: uu+dd:px
  Seed uu: [0.+0.j 0.+0.j 0.+0.j 0.+0.j], Seed dd: [0.+0.j 0.+0.j 0.+0.j 0.+0.j]
F_onsite: 0j
F_swave: 0j, F_dwave: 0j
F_px: 0j, F_py: 0j
Free_energy = -21684.136265585625
------------------------------------------
[{'stable': {}, 'free': np.float64(-21684.136265585625)}]
------------------------------------------
  Seed: uu+dd:px+py
  Seed uu: [0.+0.j 0.+0.j 0.+0.j 0.+0.j], Seed dd: [0.+0.j 0.+0.j 0.+0.j 0.+0.j]
F_onsite: 0j
F_swave: 0j, F_dwave: 0j
F_px: 0j, F_py: 0j
Free_energy = -21684.136265585625
------------------------------------------
[{'stable': {}, 'free': np.float64(-21684.136265585625)}]
------------------------------------------
  Seed: uu+dd:px+ipy
  Seed uu: [0.+0.j 0.+0.j 0.+0.j 0.+0.j], Seed dd: [0.+0.j 0.+0.j 0.+0.j 0.+0.j]
F_onsite: 0j
F_swave: 0j, F_dwave: 0j
F_px: 0j, F_py: 0j
Free_energy = -21684.136265585625
------------------------------------------
[{'stable': {}, 'free': np.float64(-21684.136265585625)}]
------------------------------------------
====================================
mu=-3.84, T=0.0423
====================================
  Seed: normal state
  Seed uu: [0.+0.j 0.+0.j 0.+0.j 0.+0.j], Seed dd: [0.+0.j 0.+0.j 0.+0.j 0.+0.j]
F_onsite: 0j
F_swave: 0j, F_dwave: 0j
F_px: 0j, F_py: 0j
Free_energy = -21684.40249653432
------------------------------------------
[{'stable': {}, 'free': np.float64(-21684.40249653432)}]
------------------------------------------
  Seed: uu:px
  Seed uu: [0.+0.j 0.+0.j 0.+0.j 0.+0.j], Seed dd: [0.+0.j 0.+0.j 0.+0.j 0.+0.j]
F_onsite: 0j
F_swave: 0j, F_dwave: 0j
F_px: 0j, F_py: 0j
Free_energy = -21684.40249653432
------------------------------------------
[{'stable': {}, 'free': np.float64(-21684.40249653432)}]
------------------------------------------
  Seed: uu:px+py
  Seed uu: [0.+0.j 0.+0.j 0.+0.j 0.+0.j], Seed dd: [0.+0.j 0.+0.j 0.+0.j 0.+0.j]
F_onsite: 0j
F_swave: 0j, F_dwave: 0j
F_px: 0j, F_py: 0j
Free_energy = -21684.40249653432
------------------------------------------
[{'stable': {}, 'free': np.float64(-21684.40249653432)}]
------------------------------------------
  Seed: uu:px+ipy
  Seed uu: [0.+0.j 0.+0.j 0.+0.j 0.+0.j], Seed dd: [0.+0.j 0.+0.j 0.+0.j 0.+0.j]
F_onsite: 0j
F_swave: 0j, F_dwave: 0j
F_px: 0j, F_py: 0j
Free_energy = -21684.40249653432
------------------------------------------
[{'stable': {}, 'free': np.float64(-21684.40249653432)}]
------------------------------------------
  Seed: dd:px
  Seed uu: [0.+0.j 0.+0.j 0.+0.j 0.+0.j], Seed dd: [0.+0.j 0.+0.j 0.+0.j 0.+0.j]
F_onsite: 0j
F_swave: 0j, F_dwave: 0j
F_px: 0j, F_py: 0j
Free_energy = -21684.40249653432
------------------------------------------
[{'stable': {}, 'free': np.float64(-21684.40249653432)}]
------------------------------------------
  Seed: dd:px+py
  Seed uu: [0.+0.j 0.+0.j 0.+0.j 0.+0.j], Seed dd: [0.+0.j 0.+0.j 0.+0.j 0.+0.j]
F_onsite: 0j
F_swave: 0j, F_dwave: 0j
F_px: 0j, F_py: 0j
Free_energy = -21684.40249653432
------------------------------------------
[{'stable': {}, 'free': np.float64(-21684.40249653432)}]
------------------------------------------
  Seed: dd:px+ipy
  Seed uu: [0.+0.j 0.+0.j 0.+0.j 0.+0.j], Seed dd: [0.+0.j 0.+0.j 0.+0.j 0.+0.j]
F_onsite: 0j
F_swave: 0j, F_dwave: 0j
F_px: 0j, F_py: 0j
Free_energy = -21684.40249653432
------------------------------------------
[{'stable': {}, 'free': np.float64(-21684.40249653432)}]
------------------------------------------
  Seed: uu+dd:px
  Seed uu: [0.+0.j 0.+0.j 0.+0.j 0.+0.j], Seed dd: [0.+0.j 0.+0.j 0.+0.j 0.+0.j]
F_onsite: 0j
F_swave: 0j, F_dwave: 0j
F_px: 0j, F_py: 0j
Free_energy = -21684.40249653432
------------------------------------------
[{'stable': {}, 'free': np.float64(-21684.40249653432)}]
------------------------------------------
  Seed: uu+dd:px+py
  Seed uu: [0.+0.j 0.+0.j 0.+0.j 0.+0.j], Seed dd: [0.+0.j 0.+0.j 0.+0.j 0.+0.j]
F_onsite: 0j
F_swave: 0j, F_dwave: 0j
F_px: 0j, F_py: 0j
Free_energy = -21684.40249653432
------------------------------------------
[{'stable': {}, 'free': np.float64(-21684.40249653432)}]
------------------------------------------
  Seed: uu+dd:px+ipy
  Seed uu: [0.+0.j 0.+0.j 0.+0.j 0.+0.j], Seed dd: [0.+0.j 0.+0.j 0.+0.j 0.+0.j]
F_onsite: 0j
F_swave: 0j, F_dwave: 0j
F_px: 0j, F_py: 0j
Free_energy = -21684.40249653432
------------------------------------------
[{'stable': {}, 'free': np.float64(-21684.40249653432)}]
------------------------------------------
====================================
mu=-3.84, T=0.0464
====================================
  Seed: normal state
  Seed uu: [0.+0.j 0.+0.j 0.+0.j 0.+0.j], Seed dd: [0.+0.j 0.+0.j 0.+0.j 0.+0.j]
F_onsite: 0j
F_swave: 0j, F_dwave: 0j
F_px: 0j, F_py: 0j
Free_energy = -21684.696630028648
------------------------------------------
[{'stable': {}, 'free': np.float64(-21684.696630028648)}]
------------------------------------------
  Seed: uu:px
  Seed uu: [0.+0.j 0.+0.j 0.+0.j 0.+0.j], Seed dd: [0.+0.j 0.+0.j 0.+0.j 0.+0.j]
F_onsite: 0j
F_swave: 0j, F_dwave: 0j
F_px: 0j, F_py: 0j
Free_energy = -21684.696630028648
------------------------------------------
[{'stable': {}, 'free': np.float64(-21684.696630028648)}]
------------------------------------------
  Seed: uu:px+py
  Seed uu: [0.+0.j 0.+0.j 0.+0.j 0.+0.j], Seed dd: [0.+0.j 0.+0.j 0.+0.j 0.+0.j]
F_onsite: 0j
F_swave: 0j, F_dwave: 0j
F_px: 0j, F_py: 0j
Free_energy = -21684.696630028648
------------------------------------------
[{'stable': {}, 'free': np.float64(-21684.696630028648)}]
------------------------------------------
  Seed: uu:px+ipy
  Seed uu: [0.+0.j 0.+0.j 0.+0.j 0.+0.j], Seed dd: [0.+0.j 0.+0.j 0.+0.j 0.+0.j]
F_onsite: 0j
F_swave: 0j, F_dwave: 0j
F_px: 0j, F_py: 0j
Free_energy = -21684.696630028648
------------------------------------------
[{'stable': {}, 'free': np.float64(-21684.696630028648)}]
------------------------------------------
  Seed: dd:px
  Seed uu: [0.+0.j 0.+0.j 0.+0.j 0.+0.j], Seed dd: [0.+0.j 0.+0.j 0.+0.j 0.+0.j]
F_onsite: 0j
F_swave: 0j, F_dwave: 0j
F_px: 0j, F_py: 0j
Free_energy = -21684.696630028648
------------------------------------------
[{'stable': {}, 'free': np.float64(-21684.696630028648)}]
------------------------------------------
  Seed: dd:px+py
  Seed uu: [0.+0.j 0.+0.j 0.+0.j 0.+0.j], Seed dd: [0.+0.j 0.+0.j 0.+0.j 0.+0.j]
F_onsite: 0j
F_swave: 0j, F_dwave: 0j
F_px: 0j, F_py: 0j
Free_energy = -21684.696630028648
------------------------------------------
[{'stable': {}, 'free': np.float64(-21684.696630028648)}]
------------------------------------------
  Seed: dd:px+ipy
  Seed uu: [0.+0.j 0.+0.j 0.+0.j 0.+0.j], Seed dd: [0.+0.j 0.+0.j 0.+0.j 0.+0.j]
F_onsite: 0j
F_swave: 0j, F_dwave: 0j
F_px: 0j, F_py: 0j
Free_energy = -21684.696630028648
------------------------------------------
[{'stable': {}, 'free': np.float64(-21684.696630028648)}]
------------------------------------------
  Seed: uu+dd:px
  Seed uu: [0.+0.j 0.+0.j 0.+0.j 0.+0.j], Seed dd: [0.+0.j 0.+0.j 0.+0.j 0.+0.j]
F_onsite: 0j
F_swave: 0j, F_dwave: 0j
F_px: 0j, F_py: 0j
Free_energy = -21684.696630028648
------------------------------------------
[{'stable': {}, 'free': np.float64(-21684.696630028648)}]
------------------------------------------
  Seed: uu+dd:px+py
  Seed uu: [0.+0.j 0.+0.j 0.+0.j 0.+0.j], Seed dd: [0.+0.j 0.+0.j 0.+0.j 0.+0.j]
F_onsite: 0j
F_swave: 0j, F_dwave: 0j
F_px: 0j, F_py: 0j
Free_energy = -21684.696630028648
------------------------------------------
[{'stable': {}, 'free': np.float64(-21684.696630028648)}]
------------------------------------------
  Seed: uu+dd:px+ipy
  Seed uu: [0.+0.j 0.+0.j 0.+0.j 0.+0.j], Seed dd: [0.+0.j 0.+0.j 0.+0.j 0.+0.j]
F_onsite: 0j
F_swave: 0j, F_dwave: 0j
F_px: 0j, F_py: 0j
Free_energy = -21684.696630028648
------------------------------------------
[{'stable': {}, 'free': np.float64(-21684.696630028648)}]
------------------------------------------
====================================
mu=-3.84, T=0.0505
====================================
  Seed: normal state
  Seed uu: [0.+0.j 0.+0.j 0.+0.j 0.+0.j], Seed dd: [0.+0.j 0.+0.j 0.+0.j 0.+0.j]
F_onsite: 0j
F_swave: 0j, F_dwave: 0j
F_px: 0j, F_py: 0j
Free_energy = -21685.018719400883
------------------------------------------
[{'stable': {}, 'free': np.float64(-21685.018719400883)}]
------------------------------------------
  Seed: uu:px
  Seed uu: [0.+0.j 0.+0.j 0.+0.j 0.+0.j], Seed dd: [0.+0.j 0.+0.j 0.+0.j 0.+0.j]
F_onsite: 0j
F_swave: 0j, F_dwave: 0j
F_px: 0j, F_py: 0j
Free_energy = -21685.018719400883
------------------------------------------
[{'stable': {}, 'free': np.float64(-21685.018719400883)}]
------------------------------------------
  Seed: uu:px+py
  Seed uu: [0.+0.j 0.+0.j 0.+0.j 0.+0.j], Seed dd: [0.+0.j 0.+0.j 0.+0.j 0.+0.j]
F_onsite: 0j
F_swave: 0j, F_dwave: 0j
F_px: 0j, F_py: 0j
Free_energy = -21685.018719400883
------------------------------------------
[{'stable': {}, 'free': np.float64(-21685.018719400883)}]
------------------------------------------
  Seed: uu:px+ipy
  Seed uu: [0.+0.j 0.+0.j 0.+0.j 0.+0.j], Seed dd: [0.+0.j 0.+0.j 0.+0.j 0.+0.j]
F_onsite: 0j
F_swave: 0j, F_dwave: 0j
F_px: 0j, F_py: 0j
Free_energy = -21685.018719400883
------------------------------------------
[{'stable': {}, 'free': np.float64(-21685.018719400883)}]
------------------------------------------
  Seed: dd:px
  Seed uu: [0.+0.j 0.+0.j 0.+0.j 0.+0.j], Seed dd: [0.+0.j 0.+0.j 0.+0.j 0.+0.j]
F_onsite: 0j
F_swave: 0j, F_dwave: 0j
F_px: 0j, F_py: 0j
Free_energy = -21685.018719400883
------------------------------------------
[{'stable': {}, 'free': np.float64(-21685.018719400883)}]
------------------------------------------
  Seed: dd:px+py
  Seed uu: [0.+0.j 0.+0.j 0.+0.j 0.+0.j], Seed dd: [0.+0.j 0.+0.j 0.+0.j 0.+0.j]
F_onsite: 0j
F_swave: 0j, F_dwave: 0j
F_px: 0j, F_py: 0j
Free_energy = -21685.018719400883
------------------------------------------
[{'stable': {}, 'free': np.float64(-21685.018719400883)}]
------------------------------------------
  Seed: dd:px+ipy
  Seed uu: [0.+0.j 0.+0.j 0.+0.j 0.+0.j], Seed dd: [0.+0.j 0.+0.j 0.+0.j 0.+0.j]
F_onsite: 0j
F_swave: 0j, F_dwave: 0j
F_px: 0j, F_py: 0j
Free_energy = -21685.018719400883
------------------------------------------
[{'stable': {}, 'free': np.float64(-21685.018719400883)}]
------------------------------------------
  Seed: uu+dd:px
  Seed uu: [0.+0.j 0.+0.j 0.+0.j 0.+0.j], Seed dd: [0.+0.j 0.+0.j 0.+0.j 0.+0.j]
F_onsite: 0j
F_swave: 0j, F_dwave: 0j
F_px: 0j, F_py: 0j
Free_energy = -21685.018719400883
------------------------------------------
[{'stable': {}, 'free': np.float64(-21685.018719400883)}]
------------------------------------------
  Seed: uu+dd:px+py
  Seed uu: [0.+0.j 0.+0.j 0.+0.j 0.+0.j], Seed dd: [0.+0.j 0.+0.j 0.+0.j 0.+0.j]
F_onsite: 0j
F_swave: 0j, F_dwave: 0j
F_px: 0j, F_py: 0j
Free_energy = -21685.018719400883
------------------------------------------
[{'stable': {}, 'free': np.float64(-21685.018719400883)}]
------------------------------------------
  Seed: uu+dd:px+ipy
  Seed uu: [0.+0.j 0.+0.j 0.+0.j 0.+0.j], Seed dd: [0.+0.j 0.+0.j 0.+0.j 0.+0.j]
F_onsite: 0j
F_swave: 0j, F_dwave: 0j
F_px: 0j, F_py: 0j
Free_energy = -21685.018719400883
------------------------------------------
[{'stable': {}, 'free': np.float64(-21685.018719400883)}]
------------------------------------------
====================================
mu=-3.84, T=0.0546
====================================
  Seed: normal state
  Seed uu: [0.+0.j 0.+0.j 0.+0.j 0.+0.j], Seed dd: [0.+0.j 0.+0.j 0.+0.j 0.+0.j]
F_onsite: 0j
F_swave: 0j, F_dwave: 0j
F_px: 0j, F_py: 0j
Free_energy = -21685.368907628195
------------------------------------------
[{'stable': {}, 'free': np.float64(-21685.368907628195)}]
------------------------------------------
  Seed: uu:px
  Seed uu: [0.+0.j 0.+0.j 0.+0.j 0.+0.j], Seed dd: [0.+0.j 0.+0.j 0.+0.j 0.+0.j]
F_onsite: 0j
F_swave: 0j, F_dwave: 0j
F_px: 0j, F_py: 0j
Free_energy = -21685.368907628195
------------------------------------------
[{'stable': {}, 'free': np.float64(-21685.368907628195)}]
------------------------------------------
  Seed: uu:px+py
  Seed uu: [0.+0.j 0.+0.j 0.+0.j 0.+0.j], Seed dd: [0.+0.j 0.+0.j 0.+0.j 0.+0.j]
F_onsite: 0j
F_swave: 0j, F_dwave: 0j
F_px: 0j, F_py: 0j
Free_energy = -21685.368907628195
------------------------------------------
[{'stable': {}, 'free': np.float64(-21685.368907628195)}]
------------------------------------------
  Seed: uu:px+ipy
  Seed uu: [0.+0.j 0.+0.j 0.+0.j 0.+0.j], Seed dd: [0.+0.j 0.+0.j 0.+0.j 0.+0.j]
F_onsite: 0j
F_swave: 0j, F_dwave: 0j
F_px: 0j, F_py: 0j
Free_energy = -21685.368907628195
------------------------------------------
[{'stable': {}, 'free': np.float64(-21685.368907628195)}]
------------------------------------------
  Seed: dd:px
  Seed uu: [0.+0.j 0.+0.j 0.+0.j 0.+0.j], Seed dd: [0.+0.j 0.+0.j 0.+0.j 0.+0.j]
F_onsite: 0j
F_swave: 0j, F_dwave: 0j
F_px: 0j, F_py: 0j
Free_energy = -21685.368907628195
------------------------------------------
[{'stable': {}, 'free': np.float64(-21685.368907628195)}]
------------------------------------------
  Seed: dd:px+py
  Seed uu: [0.+0.j 0.+0.j 0.+0.j 0.+0.j], Seed dd: [0.+0.j 0.+0.j 0.+0.j 0.+0.j]
F_onsite: 0j
F_swave: 0j, F_dwave: 0j
F_px: 0j, F_py: 0j
Free_energy = -21685.368907628195
------------------------------------------
[{'stable': {}, 'free': np.float64(-21685.368907628195)}]
------------------------------------------
  Seed: dd:px+ipy
  Seed uu: [0.+0.j 0.+0.j 0.+0.j 0.+0.j], Seed dd: [0.+0.j 0.+0.j 0.+0.j 0.+0.j]
F_onsite: 0j
F_swave: 0j, F_dwave: 0j
F_px: 0j, F_py: 0j
Free_energy = -21685.368907628195
------------------------------------------
[{'stable': {}, 'free': np.float64(-21685.368907628195)}]
------------------------------------------
  Seed: uu+dd:px
  Seed uu: [0.+0.j 0.+0.j 0.+0.j 0.+0.j], Seed dd: [0.+0.j 0.+0.j 0.+0.j 0.+0.j]
F_onsite: 0j
F_swave: 0j, F_dwave: 0j
F_px: 0j, F_py: 0j
Free_energy = -21685.368907628195
------------------------------------------
[{'stable': {}, 'free': np.float64(-21685.368907628195)}]
------------------------------------------
  Seed: uu+dd:px+py
  Seed uu: [0.+0.j 0.+0.j 0.+0.j 0.+0.j], Seed dd: [0.+0.j 0.+0.j 0.+0.j 0.+0.j]
F_onsite: 0j
F_swave: 0j, F_dwave: 0j
F_px: 0j, F_py: 0j
Free_energy = -21685.368907628195
------------------------------------------
[{'stable': {}, 'free': np.float64(-21685.368907628195)}]
------------------------------------------
  Seed: uu+dd:px+ipy
  Seed uu: [0.+0.j 0.+0.j 0.+0.j 0.+0.j], Seed dd: [0.+0.j 0.+0.j 0.+0.j 0.+0.j]
F_onsite: 0j
F_swave: 0j, F_dwave: 0j
F_px: 0j, F_py: 0j
Free_energy = -21685.368907628195
------------------------------------------
[{'stable': {}, 'free': np.float64(-21685.368907628195)}]
------------------------------------------
====================================
mu=-3.84, T=0.0588
====================================
  Seed: normal state
  Seed uu: [0.+0.j 0.+0.j 0.+0.j 0.+0.j], Seed dd: [0.+0.j 0.+0.j 0.+0.j 0.+0.j]
F_onsite: 0j
F_swave: 0j, F_dwave: 0j
F_px: 0j, F_py: 0j
Free_energy = -21685.74741237543
------------------------------------------
[{'stable': {}, 'free': np.float64(-21685.74741237543)}]
------------------------------------------
  Seed: uu:px
  Seed uu: [0.+0.j 0.+0.j 0.+0.j 0.+0.j], Seed dd: [0.+0.j 0.+0.j 0.+0.j 0.+0.j]
F_onsite: 0j
F_swave: 0j, F_dwave: 0j
F_px: 0j, F_py: 0j
Free_energy = -21685.74741237543
------------------------------------------
[{'stable': {}, 'free': np.float64(-21685.74741237543)}]
------------------------------------------
  Seed: uu:px+py
  Seed uu: [0.+0.j 0.+0.j 0.+0.j 0.+0.j], Seed dd: [0.+0.j 0.+0.j 0.+0.j 0.+0.j]
F_onsite: 0j
F_swave: 0j, F_dwave: 0j
F_px: 0j, F_py: 0j
Free_energy = -21685.74741237543
------------------------------------------
[{'stable': {}, 'free': np.float64(-21685.74741237543)}]
------------------------------------------
  Seed: uu:px+ipy
  Seed uu: [0.+0.j 0.+0.j 0.+0.j 0.+0.j], Seed dd: [0.+0.j 0.+0.j 0.+0.j 0.+0.j]
F_onsite: 0j
F_swave: 0j, F_dwave: 0j
F_px: 0j, F_py: 0j
Free_energy = -21685.74741237543
------------------------------------------
[{'stable': {}, 'free': np.float64(-21685.74741237543)}]
------------------------------------------
  Seed: dd:px
  Seed uu: [0.+0.j 0.+0.j 0.+0.j 0.+0.j], Seed dd: [0.+0.j 0.+0.j 0.+0.j 0.+0.j]
F_onsite: 0j
F_swave: 0j, F_dwave: 0j
F_px: 0j, F_py: 0j
Free_energy = -21685.74741237543
------------------------------------------
[{'stable': {}, 'free': np.float64(-21685.74741237543)}]
------------------------------------------
  Seed: dd:px+py
  Seed uu: [0.+0.j 0.+0.j 0.+0.j 0.+0.j], Seed dd: [0.+0.j 0.+0.j 0.+0.j 0.+0.j]
F_onsite: 0j
F_swave: 0j, F_dwave: 0j
F_px: 0j, F_py: 0j
Free_energy = -21685.74741237543
------------------------------------------
[{'stable': {}, 'free': np.float64(-21685.74741237543)}]
------------------------------------------
  Seed: dd:px+ipy
  Seed uu: [0.+0.j 0.+0.j 0.+0.j 0.+0.j], Seed dd: [0.+0.j 0.+0.j 0.+0.j 0.+0.j]
F_onsite: 0j
F_swave: 0j, F_dwave: 0j
F_px: 0j, F_py: 0j
Free_energy = -21685.74741237543
------------------------------------------
[{'stable': {}, 'free': np.float64(-21685.74741237543)}]
------------------------------------------
  Seed: uu+dd:px
  Seed uu: [0.+0.j 0.+0.j 0.+0.j 0.+0.j], Seed dd: [0.+0.j 0.+0.j 0.+0.j 0.+0.j]
F_onsite: 0j
F_swave: 0j, F_dwave: 0j
F_px: 0j, F_py: 0j
Free_energy = -21685.74741237543
------------------------------------------
[{'stable': {}, 'free': np.float64(-21685.74741237543)}]
------------------------------------------
  Seed: uu+dd:px+py
  Seed uu: [0.+0.j 0.+0.j 0.+0.j 0.+0.j], Seed dd: [0.+0.j 0.+0.j 0.+0.j 0.+0.j]
F_onsite: 0j
F_swave: 0j, F_dwave: 0j
F_px: 0j, F_py: 0j
Free_energy = -21685.74741237543
------------------------------------------
[{'stable': {}, 'free': np.float64(-21685.74741237543)}]
------------------------------------------
  Seed: uu+dd:px+ipy
  Seed uu: [0.+0.j 0.+0.j 0.+0.j 0.+0.j], Seed dd: [0.+0.j 0.+0.j 0.+0.j 0.+0.j]
F_onsite: 0j
F_swave: 0j, F_dwave: 0j
F_px: 0j, F_py: 0j
Free_energy = -21685.74741237543
------------------------------------------
[{'stable': {}, 'free': np.float64(-21685.74741237543)}]
------------------------------------------
====================================
mu=-3.84, T=0.0629
====================================
  Seed: normal state
  Seed uu: [0.+0.j 0.+0.j 0.+0.j 0.+0.j], Seed dd: [0.+0.j 0.+0.j 0.+0.j 0.+0.j]
F_onsite: 0j
F_swave: 0j, F_dwave: 0j
F_px: 0j, F_py: 0j
Free_energy = -21686.154511014418
------------------------------------------
[{'stable': {}, 'free': np.float64(-21686.154511014418)}]
------------------------------------------
  Seed: uu:px
  Seed uu: [0.+0.j 0.+0.j 0.+0.j 0.+0.j], Seed dd: [0.+0.j 0.+0.j 0.+0.j 0.+0.j]
F_onsite: 0j
F_swave: 0j, F_dwave: 0j
F_px: 0j, F_py: 0j
Free_energy = -21686.154511014418
------------------------------------------
[{'stable': {}, 'free': np.float64(-21686.154511014418)}]
------------------------------------------
  Seed: uu:px+py
  Seed uu: [0.+0.j 0.+0.j 0.+0.j 0.+0.j], Seed dd: [0.+0.j 0.+0.j 0.+0.j 0.+0.j]
F_onsite: 0j
F_swave: 0j, F_dwave: 0j
F_px: 0j, F_py: 0j
Free_energy = -21686.154511014418
------------------------------------------
[{'stable': {}, 'free': np.float64(-21686.154511014418)}]
------------------------------------------
  Seed: uu:px+ipy
  Seed uu: [0.+0.j 0.+0.j 0.+0.j 0.+0.j], Seed dd: [0.+0.j 0.+0.j 0.+0.j 0.+0.j]
F_onsite: 0j
F_swave: 0j, F_dwave: 0j
F_px: 0j, F_py: 0j
Free_energy = -21686.154511014418
------------------------------------------
[{'stable': {}, 'free': np.float64(-21686.154511014418)}]
------------------------------------------
  Seed: dd:px
  Seed uu: [0.+0.j 0.+0.j 0.+0.j 0.+0.j], Seed dd: [0.+0.j 0.+0.j 0.+0.j 0.+0.j]
F_onsite: 0j
F_swave: 0j, F_dwave: 0j
F_px: 0j, F_py: 0j
Free_energy = -21686.154511014418
------------------------------------------
[{'stable': {}, 'free': np.float64(-21686.154511014418)}]
------------------------------------------
  Seed: dd:px+py
  Seed uu: [0.+0.j 0.+0.j 0.+0.j 0.+0.j], Seed dd: [0.+0.j 0.+0.j 0.+0.j 0.+0.j]
F_onsite: 0j
F_swave: 0j, F_dwave: 0j
F_px: 0j, F_py: 0j
Free_energy = -21686.154511014418
------------------------------------------
[{'stable': {}, 'free': np.float64(-21686.154511014418)}]
------------------------------------------
  Seed: dd:px+ipy
  Seed uu: [0.+0.j 0.+0.j 0.+0.j 0.+0.j], Seed dd: [0.+0.j 0.+0.j 0.+0.j 0.+0.j]
F_onsite: 0j
F_swave: 0j, F_dwave: 0j
F_px: 0j, F_py: 0j
Free_energy = -21686.154511014418
------------------------------------------
[{'stable': {}, 'free': np.float64(-21686.154511014418)}]
------------------------------------------
  Seed: uu+dd:px
  Seed uu: [0.+0.j 0.+0.j 0.+0.j 0.+0.j], Seed dd: [0.+0.j 0.+0.j 0.+0.j 0.+0.j]
F_onsite: 0j
F_swave: 0j, F_dwave: 0j
F_px: 0j, F_py: 0j
Free_energy = -21686.154511014418
------------------------------------------
[{'stable': {}, 'free': np.float64(-21686.154511014418)}]
------------------------------------------
  Seed: uu+dd:px+py
  Seed uu: [0.+0.j 0.+0.j 0.+0.j 0.+0.j], Seed dd: [0.+0.j 0.+0.j 0.+0.j 0.+0.j]
F_onsite: 0j
F_swave: 0j, F_dwave: 0j
F_px: 0j, F_py: 0j
Free_energy = -21686.154511014418
------------------------------------------
[{'stable': {}, 'free': np.float64(-21686.154511014418)}]
------------------------------------------
  Seed: uu+dd:px+ipy
  Seed uu: [0.+0.j 0.+0.j 0.+0.j 0.+0.j], Seed dd: [0.+0.j 0.+0.j 0.+0.j 0.+0.j]
F_onsite: 0j
F_swave: 0j, F_dwave: 0j
F_px: 0j, F_py: 0j
Free_energy = -21686.154511014418
------------------------------------------
[{'stable': {}, 'free': np.float64(-21686.154511014418)}]
------------------------------------------
====================================
mu=-3.84, T=0.0670
====================================
  Seed: normal state
  Seed uu: [0.+0.j 0.+0.j 0.+0.j 0.+0.j], Seed dd: [0.+0.j 0.+0.j 0.+0.j 0.+0.j]
F_onsite: 0j
F_swave: 0j, F_dwave: 0j
F_px: 0j, F_py: 0j
Free_energy = -21686.59052629994
------------------------------------------
[{'stable': {}, 'free': np.float64(-21686.59052629994)}]
------------------------------------------
  Seed: uu:px
  Seed uu: [0.+0.j 0.+0.j 0.+0.j 0.+0.j], Seed dd: [0.+0.j 0.+0.j 0.+0.j 0.+0.j]
F_onsite: 0j
F_swave: 0j, F_dwave: 0j
F_px: 0j, F_py: 0j
Free_energy = -21686.59052629994
------------------------------------------
[{'stable': {}, 'free': np.float64(-21686.59052629994)}]
------------------------------------------
  Seed: uu:px+py
  Seed uu: [0.+0.j 0.+0.j 0.+0.j 0.+0.j], Seed dd: [0.+0.j 0.+0.j 0.+0.j 0.+0.j]
F_onsite: 0j
F_swave: 0j, F_dwave: 0j
F_px: 0j, F_py: 0j
Free_energy = -21686.59052629994
------------------------------------------
[{'stable': {}, 'free': np.float64(-21686.59052629994)}]
------------------------------------------
  Seed: uu:px+ipy
  Seed uu: [0.+0.j 0.+0.j 0.+0.j 0.+0.j], Seed dd: [0.+0.j 0.+0.j 0.+0.j 0.+0.j]
F_onsite: 0j
F_swave: 0j, F_dwave: 0j
F_px: 0j, F_py: 0j
Free_energy = -21686.59052629994
------------------------------------------
[{'stable': {}, 'free': np.float64(-21686.59052629994)}]
------------------------------------------
  Seed: dd:px
  Seed uu: [0.+0.j 0.+0.j 0.+0.j 0.+0.j], Seed dd: [0.+0.j 0.+0.j 0.+0.j 0.+0.j]
F_onsite: 0j
F_swave: 0j, F_dwave: 0j
F_px: 0j, F_py: 0j
Free_energy = -21686.59052629994
------------------------------------------
[{'stable': {}, 'free': np.float64(-21686.59052629994)}]
------------------------------------------
  Seed: dd:px+py
  Seed uu: [0.+0.j 0.+0.j 0.+0.j 0.+0.j], Seed dd: [0.+0.j 0.+0.j 0.+0.j 0.+0.j]
F_onsite: 0j
F_swave: 0j, F_dwave: 0j
F_px: 0j, F_py: 0j
Free_energy = -21686.59052629994
------------------------------------------
[{'stable': {}, 'free': np.float64(-21686.59052629994)}]
------------------------------------------
  Seed: dd:px+ipy
  Seed uu: [0.+0.j 0.+0.j 0.+0.j 0.+0.j], Seed dd: [0.+0.j 0.+0.j 0.+0.j 0.+0.j]
F_onsite: 0j
F_swave: 0j, F_dwave: 0j
F_px: 0j, F_py: 0j
Free_energy = -21686.59052629994
------------------------------------------
[{'stable': {}, 'free': np.float64(-21686.59052629994)}]
------------------------------------------
  Seed: uu+dd:px
  Seed uu: [0.+0.j 0.+0.j 0.+0.j 0.+0.j], Seed dd: [0.+0.j 0.+0.j 0.+0.j 0.+0.j]
F_onsite: 0j
F_swave: 0j, F_dwave: 0j
F_px: 0j, F_py: 0j
Free_energy = -21686.59052629994
------------------------------------------
[{'stable': {}, 'free': np.float64(-21686.59052629994)}]
------------------------------------------
  Seed: uu+dd:px+py
  Seed uu: [0.+0.j 0.+0.j 0.+0.j 0.+0.j], Seed dd: [0.+0.j 0.+0.j 0.+0.j 0.+0.j]
F_onsite: 0j
F_swave: 0j, F_dwave: 0j
F_px: 0j, F_py: 0j
Free_energy = -21686.59052629994
------------------------------------------
[{'stable': {}, 'free': np.float64(-21686.59052629994)}]
------------------------------------------
  Seed: uu+dd:px+ipy
  Seed uu: [0.+0.j 0.+0.j 0.+0.j 0.+0.j], Seed dd: [0.+0.j 0.+0.j 0.+0.j 0.+0.j]
F_onsite: 0j
F_swave: 0j, F_dwave: 0j
F_px: 0j, F_py: 0j
Free_energy = -21686.59052629994
------------------------------------------
[{'stable': {}, 'free': np.float64(-21686.59052629994)}]
------------------------------------------
====================================
mu=-3.84, T=0.0711
====================================
  Seed: normal state
  Seed uu: [0.+0.j 0.+0.j 0.+0.j 0.+0.j], Seed dd: [0.+0.j 0.+0.j 0.+0.j 0.+0.j]
F_onsite: 0j
F_swave: 0j, F_dwave: 0j
F_px: 0j, F_py: 0j
Free_energy = -21687.055813085863
------------------------------------------
[{'stable': {}, 'free': np.float64(-21687.055813085863)}]
------------------------------------------
  Seed: uu:px
  Seed uu: [0.+0.j 0.+0.j 0.+0.j 0.+0.j], Seed dd: [0.+0.j 0.+0.j 0.+0.j 0.+0.j]
F_onsite: 0j
F_swave: 0j, F_dwave: 0j
F_px: 0j, F_py: 0j
Free_energy = -21687.055813085863
------------------------------------------
[{'stable': {}, 'free': np.float64(-21687.055813085863)}]
------------------------------------------
  Seed: uu:px+py
  Seed uu: [0.+0.j 0.+0.j 0.+0.j 0.+0.j], Seed dd: [0.+0.j 0.+0.j 0.+0.j 0.+0.j]
F_onsite: 0j
F_swave: 0j, F_dwave: 0j
F_px: 0j, F_py: 0j
Free_energy = -21687.055813085863
------------------------------------------
[{'stable': {}, 'free': np.float64(-21687.055813085863)}]
------------------------------------------
  Seed: uu:px+ipy
  Seed uu: [0.+0.j 0.+0.j 0.+0.j 0.+0.j], Seed dd: [0.+0.j 0.+0.j 0.+0.j 0.+0.j]
F_onsite: 0j
F_swave: 0j, F_dwave: 0j
F_px: 0j, F_py: 0j
Free_energy = -21687.055813085863
------------------------------------------
[{'stable': {}, 'free': np.float64(-21687.055813085863)}]
------------------------------------------
  Seed: dd:px
  Seed uu: [0.+0.j 0.+0.j 0.+0.j 0.+0.j], Seed dd: [0.+0.j 0.+0.j 0.+0.j 0.+0.j]
F_onsite: 0j
F_swave: 0j, F_dwave: 0j
F_px: 0j, F_py: 0j
Free_energy = -21687.055813085863
------------------------------------------
[{'stable': {}, 'free': np.float64(-21687.055813085863)}]
------------------------------------------
  Seed: dd:px+py
  Seed uu: [0.+0.j 0.+0.j 0.+0.j 0.+0.j], Seed dd: [0.+0.j 0.+0.j 0.+0.j 0.+0.j]
F_onsite: 0j
F_swave: 0j, F_dwave: 0j
F_px: 0j, F_py: 0j
Free_energy = -21687.055813085863
------------------------------------------
[{'stable': {}, 'free': np.float64(-21687.055813085863)}]
------------------------------------------
  Seed: dd:px+ipy
  Seed uu: [0.+0.j 0.+0.j 0.+0.j 0.+0.j], Seed dd: [0.+0.j 0.+0.j 0.+0.j 0.+0.j]
F_onsite: 0j
F_swave: 0j, F_dwave: 0j
F_px: 0j, F_py: 0j
Free_energy = -21687.055813085863
------------------------------------------
[{'stable': {}, 'free': np.float64(-21687.055813085863)}]
------------------------------------------
  Seed: uu+dd:px
  Seed uu: [0.+0.j 0.+0.j 0.+0.j 0.+0.j], Seed dd: [0.+0.j 0.+0.j 0.+0.j 0.+0.j]
F_onsite: 0j
F_swave: 0j, F_dwave: 0j
F_px: 0j, F_py: 0j
Free_energy = -21687.055813085863
------------------------------------------
[{'stable': {}, 'free': np.float64(-21687.055813085863)}]
------------------------------------------
  Seed: uu+dd:px+py
  Seed uu: [0.+0.j 0.+0.j 0.+0.j 0.+0.j], Seed dd: [0.+0.j 0.+0.j 0.+0.j 0.+0.j]
F_onsite: 0j
F_swave: 0j, F_dwave: 0j
F_px: 0j, F_py: 0j
Free_energy = -21687.055813085863
------------------------------------------
[{'stable': {}, 'free': np.float64(-21687.055813085863)}]
------------------------------------------
  Seed: uu+dd:px+ipy
  Seed uu: [0.+0.j 0.+0.j 0.+0.j 0.+0.j], Seed dd: [0.+0.j 0.+0.j 0.+0.j 0.+0.j]
F_onsite: 0j
F_swave: 0j, F_dwave: 0j
F_px: 0j, F_py: 0j
Free_energy = -21687.055813085863
------------------------------------------
[{'stable': {}, 'free': np.float64(-21687.055813085863)}]
------------------------------------------
====================================
mu=-3.84, T=0.0753
====================================
  Seed: normal state
  Seed uu: [0.+0.j 0.+0.j 0.+0.j 0.+0.j], Seed dd: [0.+0.j 0.+0.j 0.+0.j 0.+0.j]
F_onsite: 0j
F_swave: 0j, F_dwave: 0j
F_px: 0j, F_py: 0j
Free_energy = -21687.55074633081
------------------------------------------
[{'stable': {}, 'free': np.float64(-21687.55074633081)}]
------------------------------------------
  Seed: uu:px
  Seed uu: [0.+0.j 0.+0.j 0.+0.j 0.+0.j], Seed dd: [0.+0.j 0.+0.j 0.+0.j 0.+0.j]
F_onsite: 0j
F_swave: 0j, F_dwave: 0j
F_px: 0j, F_py: 0j
Free_energy = -21687.55074633081
------------------------------------------
[{'stable': {}, 'free': np.float64(-21687.55074633081)}]
------------------------------------------
  Seed: uu:px+py
  Seed uu: [0.+0.j 0.+0.j 0.+0.j 0.+0.j], Seed dd: [0.+0.j 0.+0.j 0.+0.j 0.+0.j]
F_onsite: 0j
F_swave: 0j, F_dwave: 0j
F_px: 0j, F_py: 0j
Free_energy = -21687.55074633081
------------------------------------------
[{'stable': {}, 'free': np.float64(-21687.55074633081)}]
------------------------------------------
  Seed: uu:px+ipy
  Seed uu: [0.+0.j 0.+0.j 0.+0.j 0.+0.j], Seed dd: [0.+0.j 0.+0.j 0.+0.j 0.+0.j]
F_onsite: 0j
F_swave: 0j, F_dwave: 0j
F_px: 0j, F_py: 0j
Free_energy = -21687.55074633081
------------------------------------------
[{'stable': {}, 'free': np.float64(-21687.55074633081)}]
------------------------------------------
  Seed: dd:px
  Seed uu: [0.+0.j 0.+0.j 0.+0.j 0.+0.j], Seed dd: [0.+0.j 0.+0.j 0.+0.j 0.+0.j]
F_onsite: 0j
F_swave: 0j, F_dwave: 0j
F_px: 0j, F_py: 0j
Free_energy = -21687.55074633081
------------------------------------------
[{'stable': {}, 'free': np.float64(-21687.55074633081)}]
------------------------------------------
  Seed: dd:px+py
  Seed uu: [0.+0.j 0.+0.j 0.+0.j 0.+0.j], Seed dd: [0.+0.j 0.+0.j 0.+0.j 0.+0.j]
F_onsite: 0j
F_swave: 0j, F_dwave: 0j
F_px: 0j, F_py: 0j
Free_energy = -21687.55074633081
------------------------------------------
[{'stable': {}, 'free': np.float64(-21687.55074633081)}]
------------------------------------------
  Seed: dd:px+ipy
  Seed uu: [0.+0.j 0.+0.j 0.+0.j 0.+0.j], Seed dd: [0.+0.j 0.+0.j 0.+0.j 0.+0.j]
F_onsite: 0j
F_swave: 0j, F_dwave: 0j
F_px: 0j, F_py: 0j
Free_energy = -21687.55074633081
------------------------------------------
[{'stable': {}, 'free': np.float64(-21687.55074633081)}]
------------------------------------------
  Seed: uu+dd:px
  Seed uu: [0.+0.j 0.+0.j 0.+0.j 0.+0.j], Seed dd: [0.+0.j 0.+0.j 0.+0.j 0.+0.j]
F_onsite: 0j
F_swave: 0j, F_dwave: 0j
F_px: 0j, F_py: 0j
Free_energy = -21687.55074633081
------------------------------------------
[{'stable': {}, 'free': np.float64(-21687.55074633081)}]
------------------------------------------
  Seed: uu+dd:px+py
  Seed uu: [0.+0.j 0.+0.j 0.+0.j 0.+0.j], Seed dd: [0.+0.j 0.+0.j 0.+0.j 0.+0.j]
F_onsite: 0j
F_swave: 0j, F_dwave: 0j
F_px: 0j, F_py: 0j
Free_energy = -21687.55074633081
------------------------------------------
[{'stable': {}, 'free': np.float64(-21687.55074633081)}]
------------------------------------------
  Seed: uu+dd:px+ipy
  Seed uu: [0.+0.j 0.+0.j 0.+0.j 0.+0.j], Seed dd: [0.+0.j 0.+0.j 0.+0.j 0.+0.j]
F_onsite: 0j
F_swave: 0j, F_dwave: 0j
F_px: 0j, F_py: 0j
Free_energy = -21687.55074633081
------------------------------------------
[{'stable': {}, 'free': np.float64(-21687.55074633081)}]
------------------------------------------
====================================
mu=-3.84, T=0.0794
====================================
  Seed: normal state
  Seed uu: [0.+0.j 0.+0.j 0.+0.j 0.+0.j], Seed dd: [0.+0.j 0.+0.j 0.+0.j 0.+0.j]
F_onsite: 0j
F_swave: 0j, F_dwave: 0j
F_px: 0j, F_py: 0j
Free_energy = -21688.07571055359
------------------------------------------
[{'stable': {}, 'free': np.float64(-21688.07571055359)}]
------------------------------------------
  Seed: uu:px
  Seed uu: [0.+0.j 0.+0.j 0.+0.j 0.+0.j], Seed dd: [0.+0.j 0.+0.j 0.+0.j 0.+0.j]
F_onsite: 0j
F_swave: 0j, F_dwave: 0j
F_px: 0j, F_py: 0j
Free_energy = -21688.07571055359
------------------------------------------
[{'stable': {}, 'free': np.float64(-21688.07571055359)}]
------------------------------------------
  Seed: uu:px+py
  Seed uu: [0.+0.j 0.+0.j 0.+0.j 0.+0.j], Seed dd: [0.+0.j 0.+0.j 0.+0.j 0.+0.j]
F_onsite: 0j
F_swave: 0j, F_dwave: 0j
F_px: 0j, F_py: 0j
Free_energy = -21688.07571055359
------------------------------------------
[{'stable': {}, 'free': np.float64(-21688.07571055359)}]
------------------------------------------
  Seed: uu:px+ipy
  Seed uu: [0.+0.j 0.+0.j 0.+0.j 0.+0.j], Seed dd: [0.+0.j 0.+0.j 0.+0.j 0.+0.j]
F_onsite: 0j
F_swave: 0j, F_dwave: 0j
F_px: 0j, F_py: 0j
Free_energy = -21688.07571055359
------------------------------------------
[{'stable': {}, 'free': np.float64(-21688.07571055359)}]
------------------------------------------
  Seed: dd:px
  Seed uu: [0.+0.j 0.+0.j 0.+0.j 0.+0.j], Seed dd: [0.+0.j 0.+0.j 0.+0.j 0.+0.j]
F_onsite: 0j
F_swave: 0j, F_dwave: 0j
F_px: 0j, F_py: 0j
Free_energy = -21688.07571055359
------------------------------------------
[{'stable': {}, 'free': np.float64(-21688.07571055359)}]
------------------------------------------
  Seed: dd:px+py
  Seed uu: [0.+0.j 0.+0.j 0.+0.j 0.+0.j], Seed dd: [0.+0.j 0.+0.j 0.+0.j 0.+0.j]
F_onsite: 0j
F_swave: 0j, F_dwave: 0j
F_px: 0j, F_py: 0j
Free_energy = -21688.07571055359
------------------------------------------
[{'stable': {}, 'free': np.float64(-21688.07571055359)}]
------------------------------------------
  Seed: dd:px+ipy
  Seed uu: [0.+0.j 0.+0.j 0.+0.j 0.+0.j], Seed dd: [0.+0.j 0.+0.j 0.+0.j 0.+0.j]
F_onsite: 0j
F_swave: 0j, F_dwave: 0j
F_px: 0j, F_py: 0j
Free_energy = -21688.07571055359
------------------------------------------
[{'stable': {}, 'free': np.float64(-21688.07571055359)}]
------------------------------------------
  Seed: uu+dd:px
  Seed uu: [0.+0.j 0.+0.j 0.+0.j 0.+0.j], Seed dd: [0.+0.j 0.+0.j 0.+0.j 0.+0.j]
F_onsite: 0j
F_swave: 0j, F_dwave: 0j
F_px: 0j, F_py: 0j
Free_energy = -21688.07571055359
------------------------------------------
[{'stable': {}, 'free': np.float64(-21688.07571055359)}]
------------------------------------------
  Seed: uu+dd:px+py
  Seed uu: [0.+0.j 0.+0.j 0.+0.j 0.+0.j], Seed dd: [0.+0.j 0.+0.j 0.+0.j 0.+0.j]
F_onsite: 0j
F_swave: 0j, F_dwave: 0j
F_px: 0j, F_py: 0j
Free_energy = -21688.07571055359
------------------------------------------
[{'stable': {}, 'free': np.float64(-21688.07571055359)}]
------------------------------------------
  Seed: uu+dd:px+ipy
  Seed uu: [0.+0.j 0.+0.j 0.+0.j 0.+0.j], Seed dd: [0.+0.j 0.+0.j 0.+0.j 0.+0.j]
F_onsite: 0j
F_swave: 0j, F_dwave: 0j
F_px: 0j, F_py: 0j
Free_energy = -21688.07571055359
------------------------------------------
[{'stable': {}, 'free': np.float64(-21688.07571055359)}]
------------------------------------------
====================================
mu=-3.84, T=0.0835
====================================
  Seed: normal state
  Seed uu: [0.+0.j 0.+0.j 0.+0.j 0.+0.j], Seed dd: [0.+0.j 0.+0.j 0.+0.j 0.+0.j]
F_onsite: 0j
F_swave: 0j, F_dwave: 0j
F_px: 0j, F_py: 0j
Free_energy = -21688.631090815143
------------------------------------------
[{'stable': {}, 'free': np.float64(-21688.631090815143)}]
------------------------------------------
  Seed: uu:px
  Seed uu: [0.+0.j 0.+0.j 0.+0.j 0.+0.j], Seed dd: [0.+0.j 0.+0.j 0.+0.j 0.+0.j]
F_onsite: 0j
F_swave: 0j, F_dwave: 0j
F_px: 0j, F_py: 0j
Free_energy = -21688.631090815143
------------------------------------------
[{'stable': {}, 'free': np.float64(-21688.631090815143)}]
------------------------------------------
  Seed: uu:px+py
  Seed uu: [0.+0.j 0.+0.j 0.+0.j 0.+0.j], Seed dd: [0.+0.j 0.+0.j 0.+0.j 0.+0.j]
F_onsite: 0j
F_swave: 0j, F_dwave: 0j
F_px: 0j, F_py: 0j
Free_energy = -21688.631090815143
------------------------------------------
[{'stable': {}, 'free': np.float64(-21688.631090815143)}]
------------------------------------------
  Seed: uu:px+ipy
  Seed uu: [0.+0.j 0.+0.j 0.+0.j 0.+0.j], Seed dd: [0.+0.j 0.+0.j 0.+0.j 0.+0.j]
F_onsite: 0j
F_swave: 0j, F_dwave: 0j
F_px: 0j, F_py: 0j
Free_energy = -21688.631090815143
------------------------------------------
[{'stable': {}, 'free': np.float64(-21688.631090815143)}]
------------------------------------------
  Seed: dd:px
  Seed uu: [0.+0.j 0.+0.j 0.+0.j 0.+0.j], Seed dd: [0.+0.j 0.+0.j 0.+0.j 0.+0.j]
F_onsite: 0j
F_swave: 0j, F_dwave: 0j
F_px: 0j, F_py: 0j
Free_energy = -21688.631090815143
------------------------------------------
[{'stable': {}, 'free': np.float64(-21688.631090815143)}]
------------------------------------------
  Seed: dd:px+py
  Seed uu: [0.+0.j 0.+0.j 0.+0.j 0.+0.j], Seed dd: [0.+0.j 0.+0.j 0.+0.j 0.+0.j]
F_onsite: 0j
F_swave: 0j, F_dwave: 0j
F_px: 0j, F_py: 0j
Free_energy = -21688.631090815143
------------------------------------------
[{'stable': {}, 'free': np.float64(-21688.631090815143)}]
------------------------------------------
  Seed: dd:px+ipy
  Seed uu: [0.+0.j 0.+0.j 0.+0.j 0.+0.j], Seed dd: [0.+0.j 0.+0.j 0.+0.j 0.+0.j]
F_onsite: 0j
F_swave: 0j, F_dwave: 0j
F_px: 0j, F_py: 0j
Free_energy = -21688.631090815143
------------------------------------------
[{'stable': {}, 'free': np.float64(-21688.631090815143)}]
------------------------------------------
  Seed: uu+dd:px
  Seed uu: [0.+0.j 0.+0.j 0.+0.j 0.+0.j], Seed dd: [0.+0.j 0.+0.j 0.+0.j 0.+0.j]
F_onsite: 0j
F_swave: 0j, F_dwave: 0j
F_px: 0j, F_py: 0j
Free_energy = -21688.631090815143
------------------------------------------
[{'stable': {}, 'free': np.float64(-21688.631090815143)}]
------------------------------------------
  Seed: uu+dd:px+py
  Seed uu: [0.+0.j 0.+0.j 0.+0.j 0.+0.j], Seed dd: [0.+0.j 0.+0.j 0.+0.j 0.+0.j]
F_onsite: 0j
F_swave: 0j, F_dwave: 0j
F_px: 0j, F_py: 0j
Free_energy = -21688.631090815143
------------------------------------------
[{'stable': {}, 'free': np.float64(-21688.631090815143)}]
------------------------------------------
  Seed: uu+dd:px+ipy
  Seed uu: [0.+0.j 0.+0.j 0.+0.j 0.+0.j], Seed dd: [0.+0.j 0.+0.j 0.+0.j 0.+0.j]
F_onsite: 0j
F_swave: 0j, F_dwave: 0j
F_px: 0j, F_py: 0j
Free_energy = -21688.631090815143
------------------------------------------
[{'stable': {}, 'free': np.float64(-21688.631090815143)}]
------------------------------------------
====================================
mu=-3.84, T=0.0876
====================================
  Seed: normal state
  Seed uu: [0.+0.j 0.+0.j 0.+0.j 0.+0.j], Seed dd: [0.+0.j 0.+0.j 0.+0.j 0.+0.j]
F_onsite: 0j
F_swave: 0j, F_dwave: 0j
F_px: 0j, F_py: 0j
Free_energy = -21689.2172652254
------------------------------------------
[{'stable': {}, 'free': np.float64(-21689.2172652254)}]
------------------------------------------
  Seed: uu:px
  Seed uu: [0.+0.j 0.+0.j 0.+0.j 0.+0.j], Seed dd: [0.+0.j 0.+0.j 0.+0.j 0.+0.j]
F_onsite: 0j
F_swave: 0j, F_dwave: 0j
F_px: 0j, F_py: 0j
Free_energy = -21689.2172652254
------------------------------------------
[{'stable': {}, 'free': np.float64(-21689.2172652254)}]
------------------------------------------
  Seed: uu:px+py
  Seed uu: [0.+0.j 0.+0.j 0.+0.j 0.+0.j], Seed dd: [0.+0.j 0.+0.j 0.+0.j 0.+0.j]
F_onsite: 0j
F_swave: 0j, F_dwave: 0j
F_px: 0j, F_py: 0j
Free_energy = -21689.2172652254
------------------------------------------
[{'stable': {}, 'free': np.float64(-21689.2172652254)}]
------------------------------------------
  Seed: uu:px+ipy
  Seed uu: [0.+0.j 0.+0.j 0.+0.j 0.+0.j], Seed dd: [0.+0.j 0.+0.j 0.+0.j 0.+0.j]
F_onsite: 0j
F_swave: 0j, F_dwave: 0j
F_px: 0j, F_py: 0j
Free_energy = -21689.2172652254
------------------------------------------
[{'stable': {}, 'free': np.float64(-21689.2172652254)}]
------------------------------------------
  Seed: dd:px
  Seed uu: [0.+0.j 0.+0.j 0.+0.j 0.+0.j], Seed dd: [0.+0.j 0.+0.j 0.+0.j 0.+0.j]
F_onsite: 0j
F_swave: 0j, F_dwave: 0j
F_px: 0j, F_py: 0j
Free_energy = -21689.2172652254
------------------------------------------
[{'stable': {}, 'free': np.float64(-21689.2172652254)}]
------------------------------------------
  Seed: dd:px+py
  Seed uu: [0.+0.j 0.+0.j 0.+0.j 0.+0.j], Seed dd: [0.+0.j 0.+0.j 0.+0.j 0.+0.j]
F_onsite: 0j
F_swave: 0j, F_dwave: 0j
F_px: 0j, F_py: 0j
Free_energy = -21689.2172652254
------------------------------------------
[{'stable': {}, 'free': np.float64(-21689.2172652254)}]
------------------------------------------
  Seed: dd:px+ipy
  Seed uu: [0.+0.j 0.+0.j 0.+0.j 0.+0.j], Seed dd: [0.+0.j 0.+0.j 0.+0.j 0.+0.j]
F_onsite: 0j
F_swave: 0j, F_dwave: 0j
F_px: 0j, F_py: 0j
Free_energy = -21689.2172652254
------------------------------------------
[{'stable': {}, 'free': np.float64(-21689.2172652254)}]
------------------------------------------
  Seed: uu+dd:px
  Seed uu: [0.+0.j 0.+0.j 0.+0.j 0.+0.j], Seed dd: [0.+0.j 0.+0.j 0.+0.j 0.+0.j]
F_onsite: 0j
F_swave: 0j, F_dwave: 0j
F_px: 0j, F_py: 0j
Free_energy = -21689.2172652254
------------------------------------------
[{'stable': {}, 'free': np.float64(-21689.2172652254)}]
------------------------------------------
  Seed: uu+dd:px+py
  Seed uu: [0.+0.j 0.+0.j 0.+0.j 0.+0.j], Seed dd: [0.+0.j 0.+0.j 0.+0.j 0.+0.j]
F_onsite: 0j
F_swave: 0j, F_dwave: 0j
F_px: 0j, F_py: 0j
Free_energy = -21689.2172652254
------------------------------------------
[{'stable': {}, 'free': np.float64(-21689.2172652254)}]
------------------------------------------
  Seed: uu+dd:px+ipy
  Seed uu: [0.+0.j 0.+0.j 0.+0.j 0.+0.j], Seed dd: [0.+0.j 0.+0.j 0.+0.j 0.+0.j]
F_onsite: 0j
F_swave: 0j, F_dwave: 0j
F_px: 0j, F_py: 0j
Free_energy = -21689.2172652254
------------------------------------------
[{'stable': {}, 'free': np.float64(-21689.2172652254)}]
------------------------------------------
====================================
mu=-3.84, T=0.0917
====================================
  Seed: normal state
  Seed uu: [0.+0.j 0.+0.j 0.+0.j 0.+0.j], Seed dd: [0.+0.j 0.+0.j 0.+0.j 0.+0.j]
F_onsite: 0j
F_swave: 0j, F_dwave: 0j
F_px: 0j, F_py: 0j
Free_energy = -21689.8345989152
------------------------------------------
[{'stable': {}, 'free': np.float64(-21689.8345989152)}]
------------------------------------------
  Seed: uu:px
  Seed uu: [0.+0.j 0.+0.j 0.+0.j 0.+0.j], Seed dd: [0.+0.j 0.+0.j 0.+0.j 0.+0.j]
F_onsite: 0j
F_swave: 0j, F_dwave: 0j
F_px: 0j, F_py: 0j
Free_energy = -21689.8345989152
------------------------------------------
[{'stable': {}, 'free': np.float64(-21689.8345989152)}]
------------------------------------------
  Seed: uu:px+py
  Seed uu: [0.+0.j 0.+0.j 0.+0.j 0.+0.j], Seed dd: [0.+0.j 0.+0.j 0.+0.j 0.+0.j]
F_onsite: 0j
F_swave: 0j, F_dwave: 0j
F_px: 0j, F_py: 0j
Free_energy = -21689.8345989152
------------------------------------------
[{'stable': {}, 'free': np.float64(-21689.8345989152)}]
------------------------------------------
  Seed: uu:px+ipy
  Seed uu: [0.+0.j 0.+0.j 0.+0.j 0.+0.j], Seed dd: [0.+0.j 0.+0.j 0.+0.j 0.+0.j]
F_onsite: 0j
F_swave: 0j, F_dwave: 0j
F_px: 0j, F_py: 0j
Free_energy = -21689.8345989152
------------------------------------------
[{'stable': {}, 'free': np.float64(-21689.8345989152)}]
------------------------------------------
  Seed: dd:px
  Seed uu: [0.+0.j 0.+0.j 0.+0.j 0.+0.j], Seed dd: [0.+0.j 0.+0.j 0.+0.j 0.+0.j]
F_onsite: 0j
F_swave: 0j, F_dwave: 0j
F_px: 0j, F_py: 0j
Free_energy = -21689.8345989152
------------------------------------------
[{'stable': {}, 'free': np.float64(-21689.8345989152)}]
------------------------------------------
  Seed: dd:px+py
  Seed uu: [0.+0.j 0.+0.j 0.+0.j 0.+0.j], Seed dd: [0.+0.j 0.+0.j 0.+0.j 0.+0.j]
F_onsite: 0j
F_swave: 0j, F_dwave: 0j
F_px: 0j, F_py: 0j
Free_energy = -21689.8345989152
------------------------------------------
[{'stable': {}, 'free': np.float64(-21689.8345989152)}]
------------------------------------------
  Seed: dd:px+ipy
  Seed uu: [0.+0.j 0.+0.j 0.+0.j 0.+0.j], Seed dd: [0.+0.j 0.+0.j 0.+0.j 0.+0.j]
F_onsite: 0j
F_swave: 0j, F_dwave: 0j
F_px: 0j, F_py: 0j
Free_energy = -21689.8345989152
------------------------------------------
[{'stable': {}, 'free': np.float64(-21689.8345989152)}]
------------------------------------------
  Seed: uu+dd:px
  Seed uu: [0.+0.j 0.+0.j 0.+0.j 0.+0.j], Seed dd: [0.+0.j 0.+0.j 0.+0.j 0.+0.j]
F_onsite: 0j
F_swave: 0j, F_dwave: 0j
F_px: 0j, F_py: 0j
Free_energy = -21689.8345989152
------------------------------------------
[{'stable': {}, 'free': np.float64(-21689.8345989152)}]
------------------------------------------
  Seed: uu+dd:px+py
  Seed uu: [0.+0.j 0.+0.j 0.+0.j 0.+0.j], Seed dd: [0.+0.j 0.+0.j 0.+0.j 0.+0.j]
F_onsite: 0j
F_swave: 0j, F_dwave: 0j
F_px: 0j, F_py: 0j
Free_energy = -21689.8345989152
------------------------------------------
[{'stable': {}, 'free': np.float64(-21689.8345989152)}]
------------------------------------------
  Seed: uu+dd:px+ipy
  Seed uu: [0.+0.j 0.+0.j 0.+0.j 0.+0.j], Seed dd: [0.+0.j 0.+0.j 0.+0.j 0.+0.j]
F_onsite: 0j
F_swave: 0j, F_dwave: 0j
F_px: 0j, F_py: 0j
Free_energy = -21689.8345989152
------------------------------------------
[{'stable': {}, 'free': np.float64(-21689.8345989152)}]
------------------------------------------
====================================
mu=-3.84, T=0.0959
====================================
  Seed: normal state
  Seed uu: [0.+0.j 0.+0.j 0.+0.j 0.+0.j], Seed dd: [0.+0.j 0.+0.j 0.+0.j 0.+0.j]
F_onsite: 0j
F_swave: 0j, F_dwave: 0j
F_px: 0j, F_py: 0j
Free_energy = -21690.483439367377
------------------------------------------
[{'stable': {}, 'free': np.float64(-21690.483439367377)}]
------------------------------------------
  Seed: uu:px
  Seed uu: [0.+0.j 0.+0.j 0.+0.j 0.+0.j], Seed dd: [0.+0.j 0.+0.j 0.+0.j 0.+0.j]
F_onsite: 0j
F_swave: 0j, F_dwave: 0j
F_px: 0j, F_py: 0j
Free_energy = -21690.483439367377
------------------------------------------
[{'stable': {}, 'free': np.float64(-21690.483439367377)}]
------------------------------------------
  Seed: uu:px+py
  Seed uu: [0.+0.j 0.+0.j 0.+0.j 0.+0.j], Seed dd: [0.+0.j 0.+0.j 0.+0.j 0.+0.j]
F_onsite: 0j
F_swave: 0j, F_dwave: 0j
F_px: 0j, F_py: 0j
Free_energy = -21690.483439367377
------------------------------------------
[{'stable': {}, 'free': np.float64(-21690.483439367377)}]
------------------------------------------
  Seed: uu:px+ipy
  Seed uu: [0.+0.j 0.+0.j 0.+0.j 0.+0.j], Seed dd: [0.+0.j 0.+0.j 0.+0.j 0.+0.j]
F_onsite: 0j
F_swave: 0j, F_dwave: 0j
F_px: 0j, F_py: 0j
Free_energy = -21690.483439367377
------------------------------------------
[{'stable': {}, 'free': np.float64(-21690.483439367377)}]
------------------------------------------
  Seed: dd:px
  Seed uu: [0.+0.j 0.+0.j 0.+0.j 0.+0.j], Seed dd: [0.+0.j 0.+0.j 0.+0.j 0.+0.j]
F_onsite: 0j
F_swave: 0j, F_dwave: 0j
F_px: 0j, F_py: 0j
Free_energy = -21690.483439367377
------------------------------------------
[{'stable': {}, 'free': np.float64(-21690.483439367377)}]
------------------------------------------
  Seed: dd:px+py
  Seed uu: [0.+0.j 0.+0.j 0.+0.j 0.+0.j], Seed dd: [0.+0.j 0.+0.j 0.+0.j 0.+0.j]
F_onsite: 0j
F_swave: 0j, F_dwave: 0j
F_px: 0j, F_py: 0j
Free_energy = -21690.483439367377
------------------------------------------
[{'stable': {}, 'free': np.float64(-21690.483439367377)}]
------------------------------------------
  Seed: dd:px+ipy
  Seed uu: [0.+0.j 0.+0.j 0.+0.j 0.+0.j], Seed dd: [0.+0.j 0.+0.j 0.+0.j 0.+0.j]
F_onsite: 0j
F_swave: 0j, F_dwave: 0j
F_px: 0j, F_py: 0j
Free_energy = -21690.483439367377
------------------------------------------
[{'stable': {}, 'free': np.float64(-21690.483439367377)}]
------------------------------------------
  Seed: uu+dd:px
  Seed uu: [0.+0.j 0.+0.j 0.+0.j 0.+0.j], Seed dd: [0.+0.j 0.+0.j 0.+0.j 0.+0.j]
F_onsite: 0j
F_swave: 0j, F_dwave: 0j
F_px: 0j, F_py: 0j
Free_energy = -21690.483439367377
------------------------------------------
[{'stable': {}, 'free': np.float64(-21690.483439367377)}]
------------------------------------------
  Seed: uu+dd:px+py
  Seed uu: [0.+0.j 0.+0.j 0.+0.j 0.+0.j], Seed dd: [0.+0.j 0.+0.j 0.+0.j 0.+0.j]
F_onsite: 0j
F_swave: 0j, F_dwave: 0j
F_px: 0j, F_py: 0j
Free_energy = -21690.483439367377
------------------------------------------
[{'stable': {}, 'free': np.float64(-21690.483439367377)}]
------------------------------------------
  Seed: uu+dd:px+ipy
  Seed uu: [0.+0.j 0.+0.j 0.+0.j 0.+0.j], Seed dd: [0.+0.j 0.+0.j 0.+0.j 0.+0.j]
F_onsite: 0j
F_swave: 0j, F_dwave: 0j
F_px: 0j, F_py: 0j
Free_energy = -21690.483439367377
------------------------------------------
[{'stable': {}, 'free': np.float64(-21690.483439367377)}]
------------------------------------------
====================================
mu=-3.84, T=0.1000
====================================
  Seed: normal state
  Seed uu: [0.+0.j 0.+0.j 0.+0.j 0.+0.j], Seed dd: [0.+0.j 0.+0.j 0.+0.j 0.+0.j]
F_onsite: 0j
F_swave: 0j, F_dwave: 0j
F_px: 0j, F_py: 0j
Free_energy = -21691.16411296651
------------------------------------------
[{'stable': {}, 'free': np.float64(-21691.16411296651)}]
------------------------------------------
  Seed: uu:px
  Seed uu: [0.+0.j 0.+0.j 0.+0.j 0.+0.j], Seed dd: [0.+0.j 0.+0.j 0.+0.j 0.+0.j]
F_onsite: 0j
F_swave: 0j, F_dwave: 0j
F_px: 0j, F_py: 0j
Free_energy = -21691.16411296651
------------------------------------------
[{'stable': {}, 'free': np.float64(-21691.16411296651)}]
------------------------------------------
  Seed: uu:px+py
  Seed uu: [0.+0.j 0.+0.j 0.+0.j 0.+0.j], Seed dd: [0.+0.j 0.+0.j 0.+0.j 0.+0.j]
F_onsite: 0j
F_swave: 0j, F_dwave: 0j
F_px: 0j, F_py: 0j
Free_energy = -21691.16411296651
------------------------------------------
[{'stable': {}, 'free': np.float64(-21691.16411296651)}]
------------------------------------------
  Seed: uu:px+ipy
  Seed uu: [0.+0.j 0.+0.j 0.+0.j 0.+0.j], Seed dd: [0.+0.j 0.+0.j 0.+0.j 0.+0.j]
F_onsite: 0j
F_swave: 0j, F_dwave: 0j
F_px: 0j, F_py: 0j
Free_energy = -21691.16411296651
------------------------------------------
[{'stable': {}, 'free': np.float64(-21691.16411296651)}]
------------------------------------------
  Seed: dd:px
  Seed uu: [0.+0.j 0.+0.j 0.+0.j 0.+0.j], Seed dd: [0.+0.j 0.+0.j 0.+0.j 0.+0.j]
F_onsite: 0j
F_swave: 0j, F_dwave: 0j
F_px: 0j, F_py: 0j
Free_energy = -21691.16411296651
------------------------------------------
[{'stable': {}, 'free': np.float64(-21691.16411296651)}]
------------------------------------------
  Seed: dd:px+py
  Seed uu: [0.+0.j 0.+0.j 0.+0.j 0.+0.j], Seed dd: [0.+0.j 0.+0.j 0.+0.j 0.+0.j]
F_onsite: 0j
F_swave: 0j, F_dwave: 0j
F_px: 0j, F_py: 0j
Free_energy = -21691.16411296651
------------------------------------------
[{'stable': {}, 'free': np.float64(-21691.16411296651)}]
------------------------------------------
  Seed: dd:px+ipy
  Seed uu: [0.+0.j 0.+0.j 0.+0.j 0.+0.j], Seed dd: [0.+0.j 0.+0.j 0.+0.j 0.+0.j]
F_onsite: 0j
F_swave: 0j, F_dwave: 0j
F_px: 0j, F_py: 0j
Free_energy = -21691.16411296651
------------------------------------------
[{'stable': {}, 'free': np.float64(-21691.16411296651)}]
------------------------------------------
  Seed: uu+dd:px
  Seed uu: [0.+0.j 0.+0.j 0.+0.j 0.+0.j], Seed dd: [0.+0.j 0.+0.j 0.+0.j 0.+0.j]
F_onsite: 0j
F_swave: 0j, F_dwave: 0j
F_px: 0j, F_py: 0j
Free_energy = -21691.16411296651
------------------------------------------
[{'stable': {}, 'free': np.float64(-21691.16411296651)}]
------------------------------------------
  Seed: uu+dd:px+py
  Seed uu: [0.+0.j 0.+0.j 0.+0.j 0.+0.j], Seed dd: [0.+0.j 0.+0.j 0.+0.j 0.+0.j]
F_onsite: 0j
F_swave: 0j, F_dwave: 0j
F_px: 0j, F_py: 0j
Free_energy = -21691.16411296651
------------------------------------------
[{'stable': {}, 'free': np.float64(-21691.16411296651)}]
------------------------------------------
  Seed: uu+dd:px+ipy
  Seed uu: [0.+0.j 0.+0.j 0.+0.j 0.+0.j], Seed dd: [0.+0.j 0.+0.j 0.+0.j 0.+0.j]
F_onsite: 0j
F_swave: 0j, F_dwave: 0j
F_px: 0j, F_py: 0j
Free_energy = -21691.16411296651
------------------------------------------
[{'stable': {}, 'free': np.float64(-21691.16411296651)}]
------------------------------------------
