/home/emilssp/D1/venv/bin/python
Python 3.10.12
Running job 0 out of 50
====================================
mu=-4.00, T=0.0010
====================================
  Seed: normal state
  Seed uu: [0.+0.j 0.+0.j 0.+0.j 0.+0.j], Seed dd: [0.+0.j 0.+0.j 0.+0.j 0.+0.j]
F_onsite: 0j
F_swave: 0j, F_dwave: 0j
F_px: 0j, F_py: 0j
Free_energy = -22557.064944918104
------------------------------------------
[{'stable': {}, 'free': np.float64(-22557.064944918104)}]
------------------------------------------
  Seed: uu:px
  Seed uu: [ 0.1+0.j -0.1+0.j  0. +0.j  0. +0.j], Seed dd: [0.+0.j 0.+0.j 0.+0.j 0.+0.j]
F_onsite: (4.60374124889469e-79-4.822483276318867e-94j)
F_swave: (3.910385983349674e-79-4.204145366513594e-94j), F_dwave: (-6.893170022888414e-80+6.086179261099858e-95j)
F_px: (3.2959001537033076e-94+3.2892473464338576e-79j), F_py: -1.927846743975453e-80j
Free_energy = -22557.064944918104
------------------------------------------
[{'stable': {}, 'free': np.float64(-22557.064944918104)}]
------------------------------------------
  Seed: uu:px+py
  Seed uu: [ 0.1+0.j -0.1+0.j  0.1+0.j -0.1+0.j], Seed dd: [0.+0.j 0.+0.j 0.+0.j 0.+0.j]
F_onsite: (2.0228935491441743e-35-1.3256738731069467e-49j)
F_swave: (1.769131422056065e-35-1.1626526488901051e-49j), F_dwave: (7.134330217326367e-36-1.202744119541488e-50j)
F_px: (2.6727647100921956e-50-8.147287468704416e-36j), F_py: (7.751017659267367e-50+2.897136440003583e-35j)
Free_energy = -22557.064944918104
------------------------------------------
[{'stable': {}, 'free': np.float64(-22557.064944918104)}]
------------------------------------------
  Seed: uu:px+ipy
  Seed uu: [ 0.1+0.j  -0.1+0.j   0. +0.1j -0. -0.1j], Seed dd: [0.+0.j 0.+0.j 0.+0.j 0.+0.j]
F_onsite: (-2.8194207216254657e-21-6.3559754372435415e-21j)
F_swave: (-2.4657381465939333e-21-5.558649326160218e-21j), F_dwave: (-3.3145060052160825e-22+6.2660156244505085e-22j)
F_px: (-3.793224579935682e-21+3.591750809737695e-22j), F_py: (-3.351753338367759e-22+1.5255613820451902e-21j)
Free_energy = -22557.064944918104
------------------------------------------
[{'stable': {}, 'free': np.float64(-22557.064944918104)}]
------------------------------------------
  Seed: dd:px
  Seed uu: [0.+0.j 0.+0.j 0.+0.j 0.+0.j], Seed dd: [ 0.1+0.j -0.1+0.j  0. +0.j  0. +0.j]
F_onsite: (-3.199319118104436e-154+1.2237828218210797e-166j)
F_swave: (-3.018711132310107e-154+1.1547461949640568e-166j), F_dwave: (-4.405938553941923e-156+1.6809255858714533e-168j)
F_px: (3.312168642111238e-170-3.949347615821154e-161j), F_py: 1.8515045522261518e-162j
Free_energy = -22557.064944918104
------------------------------------------
[{'stable': {}, 'free': np.float64(-22557.064944918104)}]
------------------------------------------
  Seed: dd:px+py
  Seed uu: [0.+0.j 0.+0.j 0.+0.j 0.+0.j], Seed dd: [ 0.1+0.j -0.1+0.j  0.1+0.j -0.1+0.j]
F_onsite: (-7.122473861555203e-154-1.419030188559233e-44j)
F_swave: -1.2410197741191438e-44j, F_dwave: -4.220524149199859e-46j
F_px: (3.6770299643905867e-45+0j), F_py: (6.473321269081523e-45+0j)
Free_energy = -22557.064944918104
------------------------------------------
[{'stable': {}, 'free': np.float64(-22557.064944918104)}]
------------------------------------------
  Seed: dd:px+ipy
  Seed uu: [0.+0.j 0.+0.j 0.+0.j 0.+0.j], Seed dd: [ 0.1+0.j  -0.1+0.j   0. +0.1j -0. -0.1j]
F_onsite: (-6.98253631649357e-47+1.2955298396427488e-47j)
F_swave: (-6.057848306254656e-47+1.12396454369224e-47j), F_dwave: (7.72102838760195e-48-1.4325486063336662e-48j)
F_px: (-8.465258903457272e-48-4.562533097306075e-47j), F_py: (-4.4913978285293414e-49+1.4517509317585865e-47j)
Free_energy = -22557.064944918104
------------------------------------------
[{'stable': {}, 'free': np.float64(-22557.064944918104)}]
------------------------------------------
  Seed: uu+dd:px
  Seed uu: [ 0.1+0.j -0.1+0.j  0. +0.j  0. +0.j], Seed dd: [ 0.1+0.j -0.1+0.j  0. +0.j  0. +0.j]
F_onsite: (-4.798977288239975e-154-2.4519620927450808e-45j)
F_swave: -2.1443754100635828e-45j, F_dwave: 2.882522291329556e-46j
F_px: (1.6021625513108824e-45+0j), F_py: (3.0731233760490576e-46+0j)
Free_energy = -22557.064944918104
------------------------------------------
[{'stable': {}, 'free': np.float64(-22557.064944918104)}]
------------------------------------------
  Seed: uu+dd:px+py
  Seed uu: [ 0.1+0.j -0.1+0.j  0.1+0.j -0.1+0.j], Seed dd: [ 0.1+0.j -0.1+0.j  0.1+0.j -0.1+0.j]
F_onsite: (-5.125671560917586e-154-3.576978925318799e-45j)
F_swave: -3.1282643693688535e-45j, F_dwave: -4.205090087319893e-46j
F_px: (-4.483143351015741e-46+0j), F_py: (2.3372717298416882e-45+0j)
Free_energy = -22557.064944918104
------------------------------------------
[{'stable': {}, 'free': np.float64(-22557.064944918104)}]
------------------------------------------
  Seed: uu+dd:px+ipy
  Seed uu: [ 0.1+0.j  -0.1+0.j   0. +0.1j -0. -0.1j], Seed dd: [ 0.1+0.j  -0.1+0.j   0. +0.1j -0. -0.1j]
F_onsite: (-4.988006826956932e-65+7.557770717506335e-48j)
F_swave: 6.556905179563476e-48j, F_dwave: -8.357101146615541e-49j
F_px: (-8.081100885010807e-48+0j), F_py: (8.305457325890751e-48+0j)
Free_energy = -22557.064944918104
------------------------------------------
[{'stable': {}, 'free': np.float64(-22557.064944918104)}]
------------------------------------------
====================================
mu=-4.00, T=0.0051
====================================
  Seed: normal state
  Seed uu: [0.+0.j 0.+0.j 0.+0.j 0.+0.j], Seed dd: [0.+0.j 0.+0.j 0.+0.j 0.+0.j]
F_onsite: 0j
F_swave: 0j, F_dwave: 0j
F_px: 0j, F_py: 0j
Free_energy = -22557.109750604784
------------------------------------------
[{'stable': {}, 'free': np.float64(-22557.109750604784)}]
------------------------------------------
  Seed: uu:px
  Seed uu: [0.+0.j 0.+0.j 0.+0.j 0.+0.j], Seed dd: [0.+0.j 0.+0.j 0.+0.j 0.+0.j]
F_onsite: 0j
F_swave: 0j, F_dwave: 0j
F_px: 0j, F_py: 0j
Free_energy = -22557.109750604784
------------------------------------------
[{'stable': {}, 'free': np.float64(-22557.109750604784)}]
------------------------------------------
  Seed: uu:px+py
  Seed uu: [ 6.33032136e-19+2.91296904e-33j -6.33032136e-19-3.08449718e-33j
  6.33032136e-19+3.07246011e-33j -6.33032136e-19-3.09653424e-33j], Seed dd: [0.+0.j 0.+0.j 0.+0.j 0.+0.j]
F_onsite: (3.2641026245690404e-27-2.803062123400912e-28j)
F_swave: (2.7919967265524655e-27-2.397639159366763e-28j), F_dwave: (-6.2778171201751805e-43+8.96831017167883e-44j)
F_px: (1.0728832656708597e-28+2.8196604818774874e-27j), F_py: (-1.072883265670865e-28-2.819660481877486e-27j)
Free_energy = -22557.109750604784
------------------------------------------
[{'stable': {}, 'free': np.float64(-22557.109750604784)}]
------------------------------------------
  Seed: uu:px+ipy
  Seed uu: [0.+0.j 0.+0.j 0.+0.j 0.+0.j], Seed dd: [0.+0.j 0.+0.j 0.+0.j 0.+0.j]
F_onsite: 0j
F_swave: 0j, F_dwave: 0j
F_px: 0j, F_py: 0j
Free_energy = -22557.109750604784
------------------------------------------
[{'stable': {}, 'free': np.float64(-22557.109750604784)}]
------------------------------------------
  Seed: dd:px
  Seed uu: [0.+0.j 0.+0.j 0.+0.j 0.+0.j], Seed dd: [ 5.25557308e-16+2.45139656e-27j -5.25557308e-16-2.42537809e-27j
  5.22582340e-28+1.18704990e-27j -5.22599405e-28-1.16600469e-27j]
F_onsite: (6.892322054143313e-59+2.7805215774565264e-46j)
F_swave: (6.504995657639225e-59+2.43126875490516e-46j), F_dwave: (-1.0306869053957516e-60+3.2104950965281237e-47j)
F_px: (1.1473978120274406e-46+8.167707552192748e-61j), F_py: (5.9617713546770035e-46+3.8893845486632136e-62j)
Free_energy = -22557.109750604784
------------------------------------------
[{'stable': {}, 'free': np.float64(-22557.109750604784)}]
------------------------------------------
  Seed: dd:px+py
  Seed uu: [0.+0.j 0.+0.j 0.+0.j 0.+0.j], Seed dd: [ 6.05733973e-16+4.92152164e-27j -6.05733973e-16-4.86834766e-27j
  6.05733973e-16+4.91961389e-27j -6.05733973e-16-4.86634227e-27j]
F_onsite: (-2.9070703838513275e-59-2.899453203923699e-45j)
F_swave: (-2.749794875904892e-59-2.535723869706994e-45j), F_dwave: (1.3612845920321247e-60+3.406280906325676e-46j)
F_px: (1.8941111388800402e-45-1.3068332083508398e-59j), F_py: (-3.639328269737294e-46+3.733809166716685e-60j)
Free_energy = -22557.109750604784
------------------------------------------
[{'stable': {}, 'free': np.float64(-22557.109750604784)}]
------------------------------------------
  Seed: dd:px+ipy
  Seed uu: [0.+0.j 0.+0.j 0.+0.j 0.+0.j], Seed dd: [ 5.34044238e-16+3.34722697e-27j -5.34044238e-16-3.32134154e-27j
 -1.58151462e-27+5.34044238e-16j  1.55534761e-27-5.34044238e-16j]
F_onsite: (-2.3817188693548305e-41-6.93993862892118e-37j)
F_swave: (-2.1290056081027928e-41-6.0936747409788925e-37j), F_dwave: (-1.7188922855799178e-42-1.0531217481097719e-37j)
F_px: (9.36005588352542e-37+5.777663086532171e-42j), F_py: (-4.1536647880690075e-37+1.0395647797248744e-41j)
Free_energy = -22557.109750604784
------------------------------------------
[{'stable': {}, 'free': np.float64(-22557.109750604784)}]
------------------------------------------
  Seed: uu+dd:px
  Seed uu: [0.+0.j 0.+0.j 0.+0.j 0.+0.j], Seed dd: [ 5.25557308e-16+2.45119892e-27j -5.25557308e-16-2.42516430e-27j
  5.23972172e-28+1.18733679e-27j -5.23979409e-28-1.16633301e-27j]
F_onsite: (1.25531301373832e-58+1.4224932812676607e-45j)
F_swave: (1.1839286566130822e-58+1.2440484387420895e-45j), F_dwave: (-2.1780553472513996e-60-1.6722805812462709e-46j)
F_px: (-9.294864190177817e-46+2.1936128854460525e-59j), F_py: (1.7828568266477286e-46+1.3379482847401455e-59j)
Free_energy = -22557.109750604784
------------------------------------------
[{'stable': {}, 'free': np.float64(-22557.109750604784)}]
------------------------------------------
  Seed: uu+dd:px+py
  Seed uu: [0.+0.j 0.+0.j 0.+0.j 0.+0.j], Seed dd: [ 6.05733973e-16+4.90028401e-27j -6.05733973e-16-4.84683356e-27j
  6.05733973e-16+4.89942703e-27j -6.05733973e-16-4.84582168e-27j]
F_onsite: (-2.754456705778131e-60-7.138803111843094e-45j)
F_swave: (-2.644781493090985e-60-6.243275087992836e-45j), F_dwave: (-1.5557538194652854e-61-8.392364290562393e-46j)
F_px: (-1.7167195906012603e-46+0j), F_py: (-4.664641041106957e-45-1.2446030555722283e-60j)
Free_energy = -22557.109750604784
------------------------------------------
[{'stable': {}, 'free': np.float64(-22557.109750604784)}]
------------------------------------------
  Seed: uu+dd:px+ipy
  Seed uu: [0.+0.j 0.+0.j 0.+0.j 0.+0.j], Seed dd: [ 5.34044238e-16+3.32233234e-27j -5.34044238e-16-3.29582765e-27j
 -1.58155375e-27+5.34044238e-16j  1.55529587e-27-5.34044238e-16j]
F_onsite: (-8.48318558631798e-37-1.8756093843355358e-37j)
F_swave: (-7.3597683661219685e-37-1.632879422585279e-37j), F_dwave: (-9.380379936486717e-38+7.251791834872035e-39j)
F_px: (2.9890112785318214e-38+1.7637574296885957e-37j), F_py: (-7.940530288103325e-38-5.543070413927051e-37j)
Free_energy = -22557.109750604784
------------------------------------------
[{'stable': {}, 'free': np.float64(-22557.109750604784)}]
------------------------------------------
====================================
mu=-4.00, T=0.0093
====================================
  Seed: normal state
  Seed uu: [0.+0.j 0.+0.j 0.+0.j 0.+0.j], Seed dd: [0.+0.j 0.+0.j 0.+0.j 0.+0.j]
F_onsite: 0j
F_swave: 0j, F_dwave: 0j
F_px: 0j, F_py: 0j
Free_energy = -22557.17944583978
------------------------------------------
[{'stable': {}, 'free': np.float64(-22557.17944583978)}]
------------------------------------------
  Seed: uu:px
  Seed uu: [0.+0.j 0.+0.j 0.+0.j 0.+0.j], Seed dd: [0.+0.j 0.+0.j 0.+0.j 0.+0.j]
F_onsite: 0j
F_swave: 0j, F_dwave: 0j
F_px: 0j, F_py: 0j
Free_energy = -22557.17944583978
------------------------------------------
[{'stable': {}, 'free': np.float64(-22557.17944583978)}]
------------------------------------------
  Seed: uu:px+py
  Seed uu: [0.+0.j 0.+0.j 0.+0.j 0.+0.j], Seed dd: [0.+0.j 0.+0.j 0.+0.j 0.+0.j]
F_onsite: 0j
F_swave: 0j, F_dwave: 0j
F_px: 0j, F_py: 0j
Free_energy = -22557.17944583978
------------------------------------------
[{'stable': {}, 'free': np.float64(-22557.17944583978)}]
------------------------------------------
  Seed: uu:px+ipy
  Seed uu: [0.+0.j 0.+0.j 0.+0.j 0.+0.j], Seed dd: [0.+0.j 0.+0.j 0.+0.j 0.+0.j]
F_onsite: 0j
F_swave: 0j, F_dwave: 0j
F_px: 0j, F_py: 0j
Free_energy = -22557.17944583978
------------------------------------------
[{'stable': {}, 'free': np.float64(-22557.17944583978)}]
------------------------------------------
  Seed: dd:px
  Seed uu: [0.+0.j 0.+0.j 0.+0.j 0.+0.j], Seed dd: [ 5.86966294e-17+2.81560288e-28j -5.86966294e-17-2.75435003e-28j
  3.93824597e-29+9.47498671e-29j -3.93824838e-29-8.98352099e-29j]
F_onsite: -9.977332428097438e-46j
F_swave: -8.725724749240418e-46j, F_dwave: 5.515103942474682e-47j
F_px: (5.1236555851386945e-46+0j), F_py: (3.949111962352554e-46+0j)
Free_energy = -22557.17944583978
------------------------------------------
[{'stable': {}, 'free': np.float64(-22557.17944583978)}]
------------------------------------------
  Seed: dd:px+py
  Seed uu: [0.+0.j 0.+0.j 0.+0.j 0.+0.j], Seed dd: [ 9.95067062e-17+8.29268450e-28j -9.95067062e-17-8.14536645e-28j
  9.95067062e-17+8.28715144e-28j -9.95067062e-17-8.14072529e-28j]
F_onsite: (-2.155292585377486e-48-6.725486097553563e-48j)
F_swave: (-2.0345064209321088e-48-5.834838906397437e-48j), F_dwave: (-4.574504107960398e-50+7.436791836926379e-49j)
F_px: (4.3945711879853045e-48-2.1676890184928125e-49j), F_py: (-1.3983071861115613e-48-1.9215467324174706e-49j)
Free_energy = -22557.17944583978
------------------------------------------
[{'stable': {}, 'free': np.float64(-22557.17944583978)}]
------------------------------------------
  Seed: dd:px+ipy
  Seed uu: [0.+0.j 0.+0.j 0.+0.j 0.+0.j], Seed dd: [ 7.40442337e-17+4.73232133e-28j -7.40442337e-17-4.66330595e-28j
 -2.28293579e-28+7.40442337e-17j  2.21431706e-28-7.40442337e-17j]
F_onsite: (-2.0057794235204645e-39+3.488377546454206e-40j)
F_swave: (-1.7094054402008092e-39+2.9731336368007157e-40j), F_dwave: (-9.576414971250806e-41-6.19431859838238e-38j)
F_px: (-2.4115795609577706e-37+8.954574885446422e-40j), F_py: (1.2461137863191253e-37-1.1209301185565389e-39j)
Free_energy = -22557.17944583978
------------------------------------------
[{'stable': {}, 'free': np.float64(-22557.17944583978)}]
------------------------------------------
  Seed: uu+dd:px
  Seed uu: [0.+0.j 0.+0.j 0.+0.j 0.+0.j], Seed dd: [ 5.86966294e-17+2.81468449e-28j -5.86966294e-17-2.75374414e-28j
  3.94778158e-29+9.46963654e-29j -3.94781077e-29-8.98038263e-29j]
F_onsite: (-6.694375260760658e-63-4.633718899210336e-46j)
F_swave: (-9.723461371658034e-63-4.052445733950407e-46j), F_dwave: (9.723461371658034e-63-5.447434379680819e-47j)
F_px: (-5.110526971010531e-47-5.955809474962249e-50j), F_py: (-1.8041568759394293e-46-5.609169650209787e-51j)
Free_energy = -22557.17944583978
------------------------------------------
[{'stable': {}, 'free': np.float64(-22557.17944583978)}]
------------------------------------------
  Seed: uu+dd:px+py
  Seed uu: [0.+0.j 0.+0.j 0.+0.j 0.+0.j], Seed dd: [ 9.95067062e-17+8.25888196e-28j -9.95067062e-17-8.11145883e-28j
  9.95067062e-17+8.25335008e-28j -9.95067062e-17-8.10589628e-28j]
F_onsite: (-4.258289782273275e-53-2.8410593115478396e-60j)
F_swave: (-4.1067722044883434e-53-2.681719251621991e-60j), F_dwave: (-3.758935129896106e-50-9.835509071058e-62j)
F_px: (-1.2800025321284209e-61+2.222346438207976e-49j), F_py: (1.0352067956427333e-60-2.222485359913103e-49j)
Free_energy = -22557.17944583978
------------------------------------------
[{'stable': {}, 'free': np.float64(-22557.17944583978)}]
------------------------------------------
  Seed: uu+dd:px+ipy
  Seed uu: [0.+0.j 0.+0.j 0.+0.j 0.+0.j], Seed dd: [ 7.40442337e-17+4.69968067e-28j -7.40442337e-17-4.63125656e-28j
 -2.28322474e-28+7.40442337e-17j  2.21444014e-28-7.40442337e-17j]
F_onsite: (2.7210030803523882e-36-8.678931693029563e-37j)
F_swave: (2.3605764172170225e-36-7.612502734623267e-37j), F_dwave: (3.0008272207710605e-37+2.7255140660779884e-37j)
F_px: (-7.395998242252196e-37+5.601159643766824e-37j), F_py: (1.5527888726791236e-37-1.7695529744266934e-36j)
Free_energy = -22557.17944583978
------------------------------------------
[{'stable': {}, 'free': np.float64(-22557.17944583978)}]
------------------------------------------
====================================
mu=-4.00, T=0.0134
====================================
  Seed: normal state
  Seed uu: [0.+0.j 0.+0.j 0.+0.j 0.+0.j], Seed dd: [0.+0.j 0.+0.j 0.+0.j 0.+0.j]
F_onsite: 0j
F_swave: 0j, F_dwave: 0j
F_px: 0j, F_py: 0j
Free_energy = -22557.272368281356
------------------------------------------
[{'stable': {}, 'free': np.float64(-22557.272368281356)}]
------------------------------------------
  Seed: uu:px
  Seed uu: [0.+0.j 0.+0.j 0.+0.j 0.+0.j], Seed dd: [0.+0.j 0.+0.j 0.+0.j 0.+0.j]
F_onsite: 0j
F_swave: 0j, F_dwave: 0j
F_px: 0j, F_py: 0j
Free_energy = -22557.272368281356
------------------------------------------
[{'stable': {}, 'free': np.float64(-22557.272368281356)}]
------------------------------------------
  Seed: uu:px+py
  Seed uu: [0.+0.j 0.+0.j 0.+0.j 0.+0.j], Seed dd: [0.+0.j 0.+0.j 0.+0.j 0.+0.j]
F_onsite: 0j
F_swave: 0j, F_dwave: 0j
F_px: 0j, F_py: 0j
Free_energy = -22557.272368281356
------------------------------------------
[{'stable': {}, 'free': np.float64(-22557.272368281356)}]
------------------------------------------
  Seed: uu:px+ipy
  Seed uu: [0.+0.j 0.+0.j 0.+0.j 0.+0.j], Seed dd: [0.+0.j 0.+0.j 0.+0.j 0.+0.j]
F_onsite: 0j
F_swave: 0j, F_dwave: 0j
F_px: 0j, F_py: 0j
Free_energy = -22557.272368281356
------------------------------------------
[{'stable': {}, 'free': np.float64(-22557.272368281356)}]
------------------------------------------
  Seed: dd:px
  Seed uu: [0.+0.j 0.+0.j 0.+0.j 0.+0.j], Seed dd: [ 1.51596225e-17+7.39664244e-29j -1.51596225e-17-7.15204602e-29j
  7.95963524e-30+2.01449654e-29j -7.95968264e-30-1.81599696e-29j]
F_onsite: -9.496907441910813e-47j
F_swave: -8.293525341775109e-47j, F_dwave: -8.976084668674506e-48j
F_px: (-8.985984967677232e-48+0j), F_py: (-6.651977162528482e-47+0j)
Free_energy = -22557.272368281356
------------------------------------------
[{'stable': {}, 'free': np.float64(-22557.272368281356)}]
------------------------------------------
  Seed: dd:px+py
  Seed uu: [0.+0.j 0.+0.j 0.+0.j 0.+0.j], Seed dd: [ 3.64774642e-17+3.07753177e-28j -3.64774642e-17-3.00184902e-28j
  3.64774642e-17+3.07612250e-28j -3.64774642e-17-3.00059875e-28j]
F_onsite: (-2.5019101990258323e-45-1.0035305721320217e-45j)
F_swave: (-2.3615861390762643e-45-8.77211007436973e-46j), F_dwave: (1.2059575074589551e-46-1.1309870390955201e-46j)
F_px: (1.1769786792077243e-46+1.112437289648448e-45j), F_py: (5.960610150422797e-46+3.1357249533141896e-46j)
Free_energy = -22557.272368281356
------------------------------------------
[{'stable': {}, 'free': np.float64(-22557.272368281356)}]
------------------------------------------
  Seed: dd:px+ipy
  Seed uu: [0.+0.j 0.+0.j 0.+0.j 0.+0.j], Seed dd: [ 2.21496876e-17+1.43126849e-28j -2.21496876e-17-1.39979758e-28j
 -6.98469018e-29+2.21496876e-17j  6.67295882e-29-2.21496876e-17j]
F_onsite: (4.0396273212930855e-38+2.0668047249261828e-37j)
F_swave: (3.5690759025325e-38+1.7909544771911576e-37j), F_dwave: (1.4891731806445776e-39-7.044875598540481e-38j)
F_px: (-4.041895358742345e-38+7.050246654927571e-39j), F_py: (-1.3341539067424237e-37+9.404089855740223e-39j)
Free_energy = -22557.272368281356
------------------------------------------
[{'stable': {}, 'free': np.float64(-22557.272368281356)}]
------------------------------------------
  Seed: uu+dd:px
  Seed uu: [0.+0.j 0.+0.j 0.+0.j 0.+0.j], Seed dd: [ 1.51596225e-17+7.39365634e-29j -1.51596225e-17-7.14870258e-29j
  7.97917516e-30+2.01311348e-29j -7.97934443e-30-1.81620641e-29j]
F_onsite: -8.932448436753682e-47j
F_swave: -7.810083635428928e-47j, F_dwave: -1.0482643339421298e-47j
F_px: (1.0866409319164204e-47+0j), F_py: (5.665166004744492e-47+0j)
Free_energy = -22557.272368281356
------------------------------------------
[{'stable': {}, 'free': np.float64(-22557.272368281356)}]
------------------------------------------
  Seed: uu+dd:px+py
  Seed uu: [0.+0.j 0.+0.j 0.+0.j 0.+0.j], Seed dd: [ 3.64774642e-17+3.06431751e-28j -3.64774642e-17-2.98904474e-28j
  3.64774642e-17+3.06347970e-28j -3.64774642e-17-2.98817524e-28j]
F_onsite: -9.993759436889078e-46j
F_swave: -8.735793486643858e-46j, F_dwave: -1.0558085329424714e-46j
F_px: (-1.1404956674550672e-46+0j), F_py: (-6.120683982114263e-46+0j)
Free_energy = -22557.272368281356
------------------------------------------
[{'stable': {}, 'free': np.float64(-22557.272368281356)}]
------------------------------------------
  Seed: uu+dd:px+ipy
  Seed uu: [0.+0.j 0.+0.j 0.+0.j 0.+0.j], Seed dd: [ 2.21496876e-17+1.42090293e-28j -2.21496876e-17-1.38965131e-28j
 -6.98576317e-29+2.21496876e-17j  6.67415157e-29-2.21496876e-17j]
F_onsite: (6.018684763400316e-39-5.635607351221817e-37j)
F_swave: (4.045635039829267e-39-4.893023336012998e-37j), F_dwave: (3.585758608838958e-39-1.4222844290052544e-38j)
F_px: (3.901512647966937e-37+3.8141452131380625e-39j), F_py: (-1.807403036595697e-37+4.2857317549644887e-38j)
Free_energy = -22557.272368281356
------------------------------------------
[{'stable': {}, 'free': np.float64(-22557.272368281356)}]
------------------------------------------
====================================
mu=-4.00, T=0.0175
====================================
  Seed: normal state
  Seed uu: [0.+0.j 0.+0.j 0.+0.j 0.+0.j], Seed dd: [0.+0.j 0.+0.j 0.+0.j 0.+0.j]
F_onsite: 0j
F_swave: 0j, F_dwave: 0j
F_px: 0j, F_py: 0j
Free_energy = -22557.38657430965
------------------------------------------
[{'stable': {}, 'free': np.float64(-22557.38657430965)}]
------------------------------------------
  Seed: uu:px
  Seed uu: [0.+0.j 0.+0.j 0.+0.j 0.+0.j], Seed dd: [0.+0.j 0.+0.j 0.+0.j 0.+0.j]
F_onsite: 0j
F_swave: 0j, F_dwave: 0j
F_px: 0j, F_py: 0j
Free_energy = -22557.38657430965
------------------------------------------
[{'stable': {}, 'free': np.float64(-22557.38657430965)}]
------------------------------------------
  Seed: uu:px+py
  Seed uu: [0.+0.j 0.+0.j 0.+0.j 0.+0.j], Seed dd: [0.+0.j 0.+0.j 0.+0.j 0.+0.j]
F_onsite: 0j
F_swave: 0j, F_dwave: 0j
F_px: 0j, F_py: 0j
Free_energy = -22557.38657430965
------------------------------------------
[{'stable': {}, 'free': np.float64(-22557.38657430965)}]
------------------------------------------
  Seed: uu:px+ipy
  Seed uu: [0.+0.j 0.+0.j 0.+0.j 0.+0.j], Seed dd: [0.+0.j 0.+0.j 0.+0.j 0.+0.j]
F_onsite: 0j
F_swave: 0j, F_dwave: 0j
F_px: 0j, F_py: 0j
Free_energy = -22557.38657430965
------------------------------------------
[{'stable': {}, 'free': np.float64(-22557.38657430965)}]
------------------------------------------
  Seed: dd:px
  Seed uu: [0.+0.j 0.+0.j 0.+0.j 0.+0.j], Seed dd: [ 2.22983178e-18+1.11948771e-29j -2.22983178e-18-1.05612250e-29j
  7.92124454e-31+2.26043689e-30j -7.92124454e-31-1.74733304e-30j]
F_onsite: -2.9583573477263247e-47j
F_swave: -2.5872458507504325e-47j, F_dwave: 3.546178471411119e-48j
F_px: (1.9556865524255625e-47+0j), F_py: (3.554313433378999e-48+0j)
Free_energy = -22557.38657430965
------------------------------------------
[{'stable': {}, 'free': np.float64(-22557.38657430965)}]
------------------------------------------
  Seed: dd:px+py
  Seed uu: [0.+0.j 0.+0.j 0.+0.j 0.+0.j], Seed dd: [ 8.06866833e-18+6.94570881e-29j -8.06866833e-18-6.67021386e-29j
  8.06866833e-18+6.94500208e-29j -8.06866833e-18-6.66822669e-29j]
F_onsite: -3.634466521439664e-46j
F_swave: -3.1780792538441375e-46j, F_dwave: -4.171800623695959e-47j
F_px: (6.203386545947869e-48+0j), F_py: (2.3079268127708713e-46+0j)
Free_energy = -22557.38657430965
------------------------------------------
[{'stable': {}, 'free': np.float64(-22557.38657430965)}]
------------------------------------------
  Seed: dd:px+ipy
  Seed uu: [0.+0.j 0.+0.j 0.+0.j 0.+0.j], Seed dd: [ 3.80093631e-18+2.50201321e-29j -3.80093631e-18-2.40943706e-29j
 -1.24499022e-29+3.80093631e-18j  1.15218575e-29-3.80093631e-18j]
F_onsite: -2.1507403526523137e-51j
F_swave: -1.8766775649963757e-51j, F_dwave: 2.3230083906074747e-52j
F_px: (-1.5027952536455997e-37+0j), F_py: (-9.896746578088258e-49+0j)
Free_energy = -22557.38657430965
------------------------------------------
[{'stable': {}, 'free': np.float64(-22557.38657430965)}]
------------------------------------------
  Seed: uu+dd:px
  Seed uu: [0.+0.j 0.+0.j 0.+0.j 0.+0.j], Seed dd: [ 2.22983178e-18+1.11910613e-29j -2.22983178e-18-1.05543699e-29j
  7.94766589e-31+2.25814684e-30j -7.94792920e-31-1.74912055e-30j]
F_onsite: 0j
F_swave: 0j, F_dwave: 0j
F_px: 0j, F_py: 0j
Free_energy = -22557.38657430965
------------------------------------------
[{'stable': {}, 'free': np.float64(-22557.38657430965)}]
------------------------------------------
  Seed: uu+dd:px+py
  Seed uu: [0.+0.j 0.+0.j 0.+0.j 0.+0.j], Seed dd: [ 8.06866833e-18+6.91594040e-29j -8.06866833e-18-6.63947767e-29j
  8.06866833e-18+6.91376079e-29j -8.06866833e-18-6.63689482e-29j]
F_onsite: 0j
F_swave: 0j, F_dwave: 0j
F_px: 0j, F_py: 0j
Free_energy = -22557.38657430965
------------------------------------------
[{'stable': {}, 'free': np.float64(-22557.38657430965)}]
------------------------------------------
  Seed: uu+dd:px+ipy
  Seed uu: [0.+0.j 0.+0.j 0.+0.j 0.+0.j], Seed dd: [ 3.80093631e-18+2.48502169e-29j -3.80093631e-18-2.39222106e-29j
 -1.24520986e-29+3.80093631e-18j  1.15238604e-29-3.80093631e-18j]
F_onsite: -1.1499448015958726e-37j
F_swave: -9.976591388689153e-38j, F_dwave: 2.5431321957859185e-38j
F_px: (7.343292654895466e-38+0j), F_py: (4.952422974241361e-38+0j)
Free_energy = -22557.38657430965
------------------------------------------
[{'stable': {}, 'free': np.float64(-22557.38657430965)}]
------------------------------------------
====================================
mu=-4.00, T=0.0216
====================================
  Seed: normal state
  Seed uu: [0.+0.j 0.+0.j 0.+0.j 0.+0.j], Seed dd: [0.+0.j 0.+0.j 0.+0.j 0.+0.j]
F_onsite: 0j
F_swave: 0j, F_dwave: 0j
F_px: 0j, F_py: 0j
Free_energy = -22557.52245642213
------------------------------------------
[{'stable': {}, 'free': np.float64(-22557.52245642213)}]
------------------------------------------
  Seed: uu:px
  Seed uu: [0.+0.j 0.+0.j 0.+0.j 0.+0.j], Seed dd: [0.+0.j 0.+0.j 0.+0.j 0.+0.j]
F_onsite: 0j
F_swave: 0j, F_dwave: 0j
F_px: 0j, F_py: 0j
Free_energy = -22557.52245642213
------------------------------------------
[{'stable': {}, 'free': np.float64(-22557.52245642213)}]
------------------------------------------
  Seed: uu:px+py
  Seed uu: [0.+0.j 0.+0.j 0.+0.j 0.+0.j], Seed dd: [0.+0.j 0.+0.j 0.+0.j 0.+0.j]
F_onsite: 0j
F_swave: 0j, F_dwave: 0j
F_px: 0j, F_py: 0j
Free_energy = -22557.52245642213
------------------------------------------
[{'stable': {}, 'free': np.float64(-22557.52245642213)}]
------------------------------------------
  Seed: uu:px+ipy
  Seed uu: [0.+0.j 0.+0.j 0.+0.j 0.+0.j], Seed dd: [0.+0.j 0.+0.j 0.+0.j 0.+0.j]
F_onsite: 0j
F_swave: 0j, F_dwave: 0j
F_px: 0j, F_py: 0j
Free_energy = -22557.52245642213
------------------------------------------
[{'stable': {}, 'free': np.float64(-22557.52245642213)}]
------------------------------------------
  Seed: dd:px
  Seed uu: [0.+0.j 0.+0.j 0.+0.j 0.+0.j], Seed dd: [ 8.95756293e-20+4.96312147e-31j -8.95756293e-20-4.03121211e-31j
  2.19608676e-32+1.00389098e-31j -2.19608676e-32-2.53741270e-32j]
F_onsite: 0j
F_swave: 0j, F_dwave: 0j
F_px: 0j, F_py: 0j
Free_energy = -22557.52245642213
------------------------------------------
[{'stable': {}, 'free': np.float64(-22557.52245642213)}]
------------------------------------------
  Seed: dd:px+py
  Seed uu: [0.+0.j 0.+0.j 0.+0.j 0.+0.j], Seed dd: [ 8.2990979e-19+7.44639748e-30j -8.2990979e-19-6.83936844e-30j
  8.2990979e-19+7.44748684e-30j -8.2990979e-19-6.84118001e-30j]
F_onsite: 0j
F_swave: 0j, F_dwave: 0j
F_px: 0j, F_py: 0j
Free_energy = -22557.52245642213
------------------------------------------
[{'stable': {}, 'free': np.float64(-22557.52245642213)}]
------------------------------------------
  Seed: dd:px+ipy
  Seed uu: [0.+0.j 0.+0.j 0.+0.j 0.+0.j], Seed dd: [ 2.85341061e-19+1.95811705e-30j -2.85341061e-19-1.79896000e-30j
 -1.01448360e-30+2.85341061e-19j  8.54597559e-31-2.85341061e-19j]
F_onsite: 0j
F_swave: 0j, F_dwave: 0j
F_px: 0j, F_py: 0j
Free_energy = -22557.52245642213
------------------------------------------
[{'stable': {}, 'free': np.float64(-22557.52245642213)}]
------------------------------------------
  Seed: uu+dd:px
  Seed uu: [0.+0.j 0.+0.j 0.+0.j 0.+0.j], Seed dd: [ 8.95756293e-20+4.96504740e-31j -8.95756293e-20-4.02711951e-31j
  2.20383562e-32+1.00268728e-31j -2.20387323e-32-2.48204222e-32j]
F_onsite: 0j
F_swave: 0j, F_dwave: 0j
F_px: 0j, F_py: 0j
Free_energy = -22557.52245642213
------------------------------------------
[{'stable': {}, 'free': np.float64(-22557.52245642213)}]
------------------------------------------
  Seed: uu+dd:px+py
  Seed uu: [0.+0.j 0.+0.j 0.+0.j 0.+0.j], Seed dd: [ 8.2990979e-19+7.41805321e-30j -8.2990979e-19-6.80495147e-30j
  8.2990979e-19+7.41612427e-30j -8.2990979e-19-6.80812624e-30j]
F_onsite: 0j
F_swave: 0j, F_dwave: 0j
F_px: 0j, F_py: 0j
Free_energy = -22557.52245642213
------------------------------------------
[{'stable': {}, 'free': np.float64(-22557.52245642213)}]
------------------------------------------
  Seed: uu+dd:px+ipy
  Seed uu: [0.+0.j 0.+0.j 0.+0.j 0.+0.j], Seed dd: [ 2.85341061e-19+1.94587837e-30j -2.85341061e-19-1.78648058e-30j
 -1.01441138e-30+2.85341061e-19j  8.54972212e-31-2.85341061e-19j]
F_onsite: 0j
F_swave: 0j, F_dwave: 0j
F_px: 0j, F_py: 0j
Free_energy = -22557.52245642213
------------------------------------------
[{'stable': {}, 'free': np.float64(-22557.52245642213)}]
------------------------------------------
====================================
mu=-4.00, T=0.0258
====================================
  Seed: normal state
  Seed uu: [0.+0.j 0.+0.j 0.+0.j 0.+0.j], Seed dd: [0.+0.j 0.+0.j 0.+0.j 0.+0.j]
F_onsite: 0j
F_swave: 0j, F_dwave: 0j
F_px: 0j, F_py: 0j
Free_energy = -22557.68145549716
------------------------------------------
[{'stable': {}, 'free': np.float64(-22557.68145549716)}]
------------------------------------------
  Seed: uu:px
  Seed uu: [0.+0.j 0.+0.j 0.+0.j 0.+0.j], Seed dd: [0.+0.j 0.+0.j 0.+0.j 0.+0.j]
F_onsite: 0j
F_swave: 0j, F_dwave: 0j
F_px: 0j, F_py: 0j
Free_energy = -22557.68145549716
------------------------------------------
[{'stable': {}, 'free': np.float64(-22557.68145549716)}]
------------------------------------------
  Seed: uu:px+py
  Seed uu: [0.+0.j 0.+0.j 0.+0.j 0.+0.j], Seed dd: [0.+0.j 0.+0.j 0.+0.j 0.+0.j]
F_onsite: 0j
F_swave: 0j, F_dwave: 0j
F_px: 0j, F_py: 0j
Free_energy = -22557.68145549716
------------------------------------------
[{'stable': {}, 'free': np.float64(-22557.68145549716)}]
------------------------------------------
  Seed: uu:px+ipy
  Seed uu: [0.+0.j 0.+0.j 0.+0.j 0.+0.j], Seed dd: [0.+0.j 0.+0.j 0.+0.j 0.+0.j]
F_onsite: 0j
F_swave: 0j, F_dwave: 0j
F_px: 0j, F_py: 0j
Free_energy = -22557.68145549716
------------------------------------------
[{'stable': {}, 'free': np.float64(-22557.68145549716)}]
------------------------------------------
  Seed: dd:px
  Seed uu: [0.+0.j 0.+0.j 0.+0.j 0.+0.j], Seed dd: [0.+0.j 0.+0.j 0.+0.j 0.+0.j]
F_onsite: 0j
F_swave: 0j, F_dwave: 0j
F_px: 0j, F_py: 0j
Free_energy = -22557.68145549716
------------------------------------------
[{'stable': {}, 'free': np.float64(-22557.68145549716)}]
------------------------------------------
  Seed: dd:px+py
  Seed uu: [0.+0.j 0.+0.j 0.+0.j 0.+0.j], Seed dd: [ 1.85315275e-20+1.96047631e-31j -1.85315275e-20-1.36440099e-31j
  1.85315275e-20+1.95975409e-31j -1.85315275e-20-1.36596581e-31j]
F_onsite: 0j
F_swave: 0j, F_dwave: 0j
F_px: 0j, F_py: 0j
Free_energy = -22557.68145549716
------------------------------------------
[{'stable': {}, 'free': np.float64(-22557.68145549716)}]
------------------------------------------
  Seed: dd:px+ipy
  Seed uu: [0.+0.j 0.+0.j 0.+0.j 0.+0.j], Seed dd: [ 6.39047989e-21+4.96197795e-32j -6.39047989e-21-3.81003110e-32j
 -2.84932307e-32+6.39047989e-21j  1.69519451e-32-6.39047989e-21j]
F_onsite: 0j
F_swave: 0j, F_dwave: 0j
F_px: 0j, F_py: 0j
Free_energy = -22557.68145549716
------------------------------------------
[{'stable': {}, 'free': np.float64(-22557.68145549716)}]
------------------------------------------
  Seed: uu+dd:px
  Seed uu: [0.+0.j 0.+0.j 0.+0.j 0.+0.j], Seed dd: [0.+0.j 0.+0.j 0.+0.j 0.+0.j]
F_onsite: 0j
F_swave: 0j, F_dwave: 0j
F_px: 0j, F_py: 0j
Free_energy = -22557.68145549716
------------------------------------------
[{'stable': {}, 'free': np.float64(-22557.68145549716)}]
------------------------------------------
  Seed: uu+dd:px+py
  Seed uu: [0.+0.j 0.+0.j 0.+0.j 0.+0.j], Seed dd: [ 1.85315275e-20+1.95373556e-31j -1.85315275e-20-1.35802135e-31j
  1.85315275e-20+1.95421704e-31j -1.85315275e-20-1.35838246e-31j]
F_onsite: 0j
F_swave: 0j, F_dwave: 0j
F_px: 0j, F_py: 0j
Free_energy = -22557.68145549716
------------------------------------------
[{'stable': {}, 'free': np.float64(-22557.68145549716)}]
------------------------------------------
  Seed: uu+dd:px+ipy
  Seed uu: [0.+0.j 0.+0.j 0.+0.j 0.+0.j], Seed dd: [ 6.39047989e-21+4.93369085e-32j -6.39047989e-21-3.78415141e-32j
 -2.84699089e-32+6.39047989e-21j  1.69722576e-32-6.39047989e-21j]
F_onsite: 0j
F_swave: 0j, F_dwave: 0j
F_px: 0j, F_py: 0j
Free_energy = -22557.68145549716
------------------------------------------
[{'stable': {}, 'free': np.float64(-22557.68145549716)}]
------------------------------------------
====================================
mu=-4.00, T=0.0299
====================================
  Seed: normal state
  Seed uu: [0.+0.j 0.+0.j 0.+0.j 0.+0.j], Seed dd: [0.+0.j 0.+0.j 0.+0.j 0.+0.j]
F_onsite: 0j
F_swave: 0j, F_dwave: 0j
F_px: 0j, F_py: 0j
Free_energy = -22557.86491564968
------------------------------------------
[{'stable': {}, 'free': np.float64(-22557.86491564968)}]
------------------------------------------
  Seed: uu:px
  Seed uu: [0.+0.j 0.+0.j 0.+0.j 0.+0.j], Seed dd: [0.+0.j 0.+0.j 0.+0.j 0.+0.j]
F_onsite: 0j
F_swave: 0j, F_dwave: 0j
F_px: 0j, F_py: 0j
Free_energy = -22557.86491564968
------------------------------------------
[{'stable': {}, 'free': np.float64(-22557.86491564968)}]
------------------------------------------
  Seed: uu:px+py
  Seed uu: [0.+0.j 0.+0.j 0.+0.j 0.+0.j], Seed dd: [0.+0.j 0.+0.j 0.+0.j 0.+0.j]
F_onsite: 0j
F_swave: 0j, F_dwave: 0j
F_px: 0j, F_py: 0j
Free_energy = -22557.86491564968
------------------------------------------
[{'stable': {}, 'free': np.float64(-22557.86491564968)}]
------------------------------------------
  Seed: uu:px+ipy
  Seed uu: [0.+0.j 0.+0.j 0.+0.j 0.+0.j], Seed dd: [0.+0.j 0.+0.j 0.+0.j 0.+0.j]
F_onsite: 0j
F_swave: 0j, F_dwave: 0j
F_px: 0j, F_py: 0j
Free_energy = -22557.86491564968
------------------------------------------
[{'stable': {}, 'free': np.float64(-22557.86491564968)}]
------------------------------------------
  Seed: dd:px
  Seed uu: [0.+0.j 0.+0.j 0.+0.j 0.+0.j], Seed dd: [0.+0.j 0.+0.j 0.+0.j 0.+0.j]
F_onsite: 0j
F_swave: 0j, F_dwave: 0j
F_px: 0j, F_py: 0j
Free_energy = -22557.86491564968
------------------------------------------
[{'stable': {}, 'free': np.float64(-22557.86491564968)}]
------------------------------------------
  Seed: dd:px+py
  Seed uu: [0.+0.j 0.+0.j 0.+0.j 0.+0.j], Seed dd: [0.+0.j 0.+0.j 0.+0.j 0.+0.j]
F_onsite: 0j
F_swave: 0j, F_dwave: 0j
F_px: 0j, F_py: 0j
Free_energy = -22557.86491564968
------------------------------------------
[{'stable': {}, 'free': np.float64(-22557.86491564968)}]
------------------------------------------
  Seed: dd:px+ipy
  Seed uu: [0.+0.j 0.+0.j 0.+0.j 0.+0.j], Seed dd: [0.+0.j 0.+0.j 0.+0.j 0.+0.j]
F_onsite: 0j
F_swave: 0j, F_dwave: 0j
F_px: 0j, F_py: 0j
Free_energy = -22557.86491564968
------------------------------------------
[{'stable': {}, 'free': np.float64(-22557.86491564968)}]
------------------------------------------
  Seed: uu+dd:px
  Seed uu: [0.+0.j 0.+0.j 0.+0.j 0.+0.j], Seed dd: [0.+0.j 0.+0.j 0.+0.j 0.+0.j]
F_onsite: 0j
F_swave: 0j, F_dwave: 0j
F_px: 0j, F_py: 0j
Free_energy = -22557.86491564968
------------------------------------------
[{'stable': {}, 'free': np.float64(-22557.86491564968)}]
------------------------------------------
  Seed: uu+dd:px+py
  Seed uu: [0.+0.j 0.+0.j 0.+0.j 0.+0.j], Seed dd: [0.+0.j 0.+0.j 0.+0.j 0.+0.j]
F_onsite: 0j
F_swave: 0j, F_dwave: 0j
F_px: 0j, F_py: 0j
Free_energy = -22557.86491564968
------------------------------------------
[{'stable': {}, 'free': np.float64(-22557.86491564968)}]
------------------------------------------
  Seed: uu+dd:px+ipy
  Seed uu: [0.+0.j 0.+0.j 0.+0.j 0.+0.j], Seed dd: [0.+0.j 0.+0.j 0.+0.j 0.+0.j]
F_onsite: 0j
F_swave: 0j, F_dwave: 0j
F_px: 0j, F_py: 0j
Free_energy = -22557.86491564968
------------------------------------------
[{'stable': {}, 'free': np.float64(-22557.86491564968)}]
------------------------------------------
====================================
mu=-4.00, T=0.0340
====================================
  Seed: normal state
  Seed uu: [0.+0.j 0.+0.j 0.+0.j 0.+0.j], Seed dd: [0.+0.j 0.+0.j 0.+0.j 0.+0.j]
F_onsite: 0j
F_swave: 0j, F_dwave: 0j
F_px: 0j, F_py: 0j
Free_energy = -22558.07378304443
------------------------------------------
[{'stable': {}, 'free': np.float64(-22558.07378304443)}]
------------------------------------------
  Seed: uu:px
  Seed uu: [0.+0.j 0.+0.j 0.+0.j 0.+0.j], Seed dd: [0.+0.j 0.+0.j 0.+0.j 0.+0.j]
F_onsite: 0j
F_swave: 0j, F_dwave: 0j
F_px: 0j, F_py: 0j
Free_energy = -22558.07378304443
------------------------------------------
[{'stable': {}, 'free': np.float64(-22558.07378304443)}]
------------------------------------------
  Seed: uu:px+py
  Seed uu: [0.+0.j 0.+0.j 0.+0.j 0.+0.j], Seed dd: [0.+0.j 0.+0.j 0.+0.j 0.+0.j]
F_onsite: 0j
F_swave: 0j, F_dwave: 0j
F_px: 0j, F_py: 0j
Free_energy = -22558.07378304443
------------------------------------------
[{'stable': {}, 'free': np.float64(-22558.07378304443)}]
------------------------------------------
  Seed: uu:px+ipy
  Seed uu: [0.+0.j 0.+0.j 0.+0.j 0.+0.j], Seed dd: [0.+0.j 0.+0.j 0.+0.j 0.+0.j]
F_onsite: 0j
F_swave: 0j, F_dwave: 0j
F_px: 0j, F_py: 0j
Free_energy = -22558.07378304443
------------------------------------------
[{'stable': {}, 'free': np.float64(-22558.07378304443)}]
------------------------------------------
  Seed: dd:px
  Seed uu: [0.+0.j 0.+0.j 0.+0.j 0.+0.j], Seed dd: [0.+0.j 0.+0.j 0.+0.j 0.+0.j]
F_onsite: 0j
F_swave: 0j, F_dwave: 0j
F_px: 0j, F_py: 0j
Free_energy = -22558.07378304443
------------------------------------------
[{'stable': {}, 'free': np.float64(-22558.07378304443)}]
------------------------------------------
  Seed: dd:px+py
  Seed uu: [0.+0.j 0.+0.j 0.+0.j 0.+0.j], Seed dd: [0.+0.j 0.+0.j 0.+0.j 0.+0.j]
F_onsite: 0j
F_swave: 0j, F_dwave: 0j
F_px: 0j, F_py: 0j
Free_energy = -22558.07378304443
------------------------------------------
[{'stable': {}, 'free': np.float64(-22558.07378304443)}]
------------------------------------------
  Seed: dd:px+ipy
  Seed uu: [0.+0.j 0.+0.j 0.+0.j 0.+0.j], Seed dd: [0.+0.j 0.+0.j 0.+0.j 0.+0.j]
F_onsite: 0j
F_swave: 0j, F_dwave: 0j
F_px: 0j, F_py: 0j
Free_energy = -22558.07378304443
------------------------------------------
[{'stable': {}, 'free': np.float64(-22558.07378304443)}]
------------------------------------------
  Seed: uu+dd:px
  Seed uu: [0.+0.j 0.+0.j 0.+0.j 0.+0.j], Seed dd: [0.+0.j 0.+0.j 0.+0.j 0.+0.j]
F_onsite: 0j
F_swave: 0j, F_dwave: 0j
F_px: 0j, F_py: 0j
Free_energy = -22558.07378304443
------------------------------------------
[{'stable': {}, 'free': np.float64(-22558.07378304443)}]
------------------------------------------
  Seed: uu+dd:px+py
  Seed uu: [0.+0.j 0.+0.j 0.+0.j 0.+0.j], Seed dd: [0.+0.j 0.+0.j 0.+0.j 0.+0.j]
F_onsite: 0j
F_swave: 0j, F_dwave: 0j
F_px: 0j, F_py: 0j
Free_energy = -22558.07378304443
------------------------------------------
[{'stable': {}, 'free': np.float64(-22558.07378304443)}]
------------------------------------------
  Seed: uu+dd:px+ipy
  Seed uu: [0.+0.j 0.+0.j 0.+0.j 0.+0.j], Seed dd: [0.+0.j 0.+0.j 0.+0.j 0.+0.j]
F_onsite: 0j
F_swave: 0j, F_dwave: 0j
F_px: 0j, F_py: 0j
Free_energy = -22558.07378304443
------------------------------------------
[{'stable': {}, 'free': np.float64(-22558.07378304443)}]
------------------------------------------
====================================
mu=-4.00, T=0.0381
====================================
  Seed: normal state
  Seed uu: [0.+0.j 0.+0.j 0.+0.j 0.+0.j], Seed dd: [0.+0.j 0.+0.j 0.+0.j 0.+0.j]
F_onsite: 0j
F_swave: 0j, F_dwave: 0j
F_px: 0j, F_py: 0j
Free_energy = -22558.30864924651
------------------------------------------
[{'stable': {}, 'free': np.float64(-22558.30864924651)}]
------------------------------------------
  Seed: uu:px
  Seed uu: [0.+0.j 0.+0.j 0.+0.j 0.+0.j], Seed dd: [0.+0.j 0.+0.j 0.+0.j 0.+0.j]
F_onsite: 0j
F_swave: 0j, F_dwave: 0j
F_px: 0j, F_py: 0j
Free_energy = -22558.30864924651
------------------------------------------
[{'stable': {}, 'free': np.float64(-22558.30864924651)}]
------------------------------------------
  Seed: uu:px+py
  Seed uu: [0.+0.j 0.+0.j 0.+0.j 0.+0.j], Seed dd: [0.+0.j 0.+0.j 0.+0.j 0.+0.j]
F_onsite: 0j
F_swave: 0j, F_dwave: 0j
F_px: 0j, F_py: 0j
Free_energy = -22558.30864924651
------------------------------------------
[{'stable': {}, 'free': np.float64(-22558.30864924651)}]
------------------------------------------
  Seed: uu:px+ipy
  Seed uu: [0.+0.j 0.+0.j 0.+0.j 0.+0.j], Seed dd: [0.+0.j 0.+0.j 0.+0.j 0.+0.j]
F_onsite: 0j
F_swave: 0j, F_dwave: 0j
F_px: 0j, F_py: 0j
Free_energy = -22558.30864924651
------------------------------------------
[{'stable': {}, 'free': np.float64(-22558.30864924651)}]
------------------------------------------
  Seed: dd:px
  Seed uu: [0.+0.j 0.+0.j 0.+0.j 0.+0.j], Seed dd: [0.+0.j 0.+0.j 0.+0.j 0.+0.j]
F_onsite: 0j
F_swave: 0j, F_dwave: 0j
F_px: 0j, F_py: 0j
Free_energy = -22558.30864924651
------------------------------------------
[{'stable': {}, 'free': np.float64(-22558.30864924651)}]
------------------------------------------
  Seed: dd:px+py
  Seed uu: [0.+0.j 0.+0.j 0.+0.j 0.+0.j], Seed dd: [0.+0.j 0.+0.j 0.+0.j 0.+0.j]
F_onsite: 0j
F_swave: 0j, F_dwave: 0j
F_px: 0j, F_py: 0j
Free_energy = -22558.30864924651
------------------------------------------
[{'stable': {}, 'free': np.float64(-22558.30864924651)}]
------------------------------------------
  Seed: dd:px+ipy
  Seed uu: [0.+0.j 0.+0.j 0.+0.j 0.+0.j], Seed dd: [0.+0.j 0.+0.j 0.+0.j 0.+0.j]
F_onsite: 0j
F_swave: 0j, F_dwave: 0j
F_px: 0j, F_py: 0j
Free_energy = -22558.30864924651
------------------------------------------
[{'stable': {}, 'free': np.float64(-22558.30864924651)}]
------------------------------------------
  Seed: uu+dd:px
  Seed uu: [0.+0.j 0.+0.j 0.+0.j 0.+0.j], Seed dd: [0.+0.j 0.+0.j 0.+0.j 0.+0.j]
F_onsite: 0j
F_swave: 0j, F_dwave: 0j
F_px: 0j, F_py: 0j
Free_energy = -22558.30864924651
------------------------------------------
[{'stable': {}, 'free': np.float64(-22558.30864924651)}]
------------------------------------------
  Seed: uu+dd:px+py
  Seed uu: [0.+0.j 0.+0.j 0.+0.j 0.+0.j], Seed dd: [0.+0.j 0.+0.j 0.+0.j 0.+0.j]
F_onsite: 0j
F_swave: 0j, F_dwave: 0j
F_px: 0j, F_py: 0j
Free_energy = -22558.30864924651
------------------------------------------
[{'stable': {}, 'free': np.float64(-22558.30864924651)}]
------------------------------------------
  Seed: uu+dd:px+ipy
  Seed uu: [0.+0.j 0.+0.j 0.+0.j 0.+0.j], Seed dd: [0.+0.j 0.+0.j 0.+0.j 0.+0.j]
F_onsite: 0j
F_swave: 0j, F_dwave: 0j
F_px: 0j, F_py: 0j
Free_energy = -22558.30864924651
------------------------------------------
[{'stable': {}, 'free': np.float64(-22558.30864924651)}]
------------------------------------------
====================================
mu=-4.00, T=0.0423
====================================
  Seed: normal state
  Seed uu: [0.+0.j 0.+0.j 0.+0.j 0.+0.j], Seed dd: [0.+0.j 0.+0.j 0.+0.j 0.+0.j]
F_onsite: 0j
F_swave: 0j, F_dwave: 0j
F_px: 0j, F_py: 0j
Free_energy = -22558.56986234954
------------------------------------------
[{'stable': {}, 'free': np.float64(-22558.56986234954)}]
------------------------------------------
  Seed: uu:px
  Seed uu: [0.+0.j 0.+0.j 0.+0.j 0.+0.j], Seed dd: [0.+0.j 0.+0.j 0.+0.j 0.+0.j]
F_onsite: 0j
F_swave: 0j, F_dwave: 0j
F_px: 0j, F_py: 0j
Free_energy = -22558.56986234954
------------------------------------------
[{'stable': {}, 'free': np.float64(-22558.56986234954)}]
------------------------------------------
  Seed: uu:px+py
  Seed uu: [0.+0.j 0.+0.j 0.+0.j 0.+0.j], Seed dd: [0.+0.j 0.+0.j 0.+0.j 0.+0.j]
F_onsite: 0j
F_swave: 0j, F_dwave: 0j
F_px: 0j, F_py: 0j
Free_energy = -22558.56986234954
------------------------------------------
[{'stable': {}, 'free': np.float64(-22558.56986234954)}]
------------------------------------------
  Seed: uu:px+ipy
  Seed uu: [0.+0.j 0.+0.j 0.+0.j 0.+0.j], Seed dd: [0.+0.j 0.+0.j 0.+0.j 0.+0.j]
F_onsite: 0j
F_swave: 0j, F_dwave: 0j
F_px: 0j, F_py: 0j
Free_energy = -22558.56986234954
------------------------------------------
[{'stable': {}, 'free': np.float64(-22558.56986234954)}]
------------------------------------------
  Seed: dd:px
  Seed uu: [0.+0.j 0.+0.j 0.+0.j 0.+0.j], Seed dd: [0.+0.j 0.+0.j 0.+0.j 0.+0.j]
F_onsite: 0j
F_swave: 0j, F_dwave: 0j
F_px: 0j, F_py: 0j
Free_energy = -22558.56986234954
------------------------------------------
[{'stable': {}, 'free': np.float64(-22558.56986234954)}]
------------------------------------------
  Seed: dd:px+py
  Seed uu: [0.+0.j 0.+0.j 0.+0.j 0.+0.j], Seed dd: [0.+0.j 0.+0.j 0.+0.j 0.+0.j]
F_onsite: 0j
F_swave: 0j, F_dwave: 0j
F_px: 0j, F_py: 0j
Free_energy = -22558.56986234954
------------------------------------------
[{'stable': {}, 'free': np.float64(-22558.56986234954)}]
------------------------------------------
  Seed: dd:px+ipy
  Seed uu: [0.+0.j 0.+0.j 0.+0.j 0.+0.j], Seed dd: [0.+0.j 0.+0.j 0.+0.j 0.+0.j]
F_onsite: 0j
F_swave: 0j, F_dwave: 0j
F_px: 0j, F_py: 0j
Free_energy = -22558.56986234954
------------------------------------------
[{'stable': {}, 'free': np.float64(-22558.56986234954)}]
------------------------------------------
  Seed: uu+dd:px
  Seed uu: [0.+0.j 0.+0.j 0.+0.j 0.+0.j], Seed dd: [0.+0.j 0.+0.j 0.+0.j 0.+0.j]
F_onsite: 0j
F_swave: 0j, F_dwave: 0j
F_px: 0j, F_py: 0j
Free_energy = -22558.56986234954
------------------------------------------
[{'stable': {}, 'free': np.float64(-22558.56986234954)}]
------------------------------------------
  Seed: uu+dd:px+py
  Seed uu: [0.+0.j 0.+0.j 0.+0.j 0.+0.j], Seed dd: [0.+0.j 0.+0.j 0.+0.j 0.+0.j]
F_onsite: 0j
F_swave: 0j, F_dwave: 0j
F_px: 0j, F_py: 0j
Free_energy = -22558.56986234954
------------------------------------------
[{'stable': {}, 'free': np.float64(-22558.56986234954)}]
------------------------------------------
  Seed: uu+dd:px+ipy
  Seed uu: [0.+0.j 0.+0.j 0.+0.j 0.+0.j], Seed dd: [0.+0.j 0.+0.j 0.+0.j 0.+0.j]
F_onsite: 0j
F_swave: 0j, F_dwave: 0j
F_px: 0j, F_py: 0j
Free_energy = -22558.56986234954
------------------------------------------
[{'stable': {}, 'free': np.float64(-22558.56986234954)}]
------------------------------------------
====================================
mu=-4.00, T=0.0464
====================================
  Seed: normal state
  Seed uu: [0.+0.j 0.+0.j 0.+0.j 0.+0.j], Seed dd: [0.+0.j 0.+0.j 0.+0.j 0.+0.j]
F_onsite: 0j
F_swave: 0j, F_dwave: 0j
F_px: 0j, F_py: 0j
Free_energy = -22558.857620428455
------------------------------------------
[{'stable': {}, 'free': np.float64(-22558.857620428455)}]
------------------------------------------
  Seed: uu:px
  Seed uu: [0.+0.j 0.+0.j 0.+0.j 0.+0.j], Seed dd: [0.+0.j 0.+0.j 0.+0.j 0.+0.j]
F_onsite: 0j
F_swave: 0j, F_dwave: 0j
F_px: 0j, F_py: 0j
Free_energy = -22558.857620428455
------------------------------------------
[{'stable': {}, 'free': np.float64(-22558.857620428455)}]
------------------------------------------
  Seed: uu:px+py
  Seed uu: [0.+0.j 0.+0.j 0.+0.j 0.+0.j], Seed dd: [0.+0.j 0.+0.j 0.+0.j 0.+0.j]
F_onsite: 0j
F_swave: 0j, F_dwave: 0j
F_px: 0j, F_py: 0j
Free_energy = -22558.857620428455
------------------------------------------
[{'stable': {}, 'free': np.float64(-22558.857620428455)}]
------------------------------------------
  Seed: uu:px+ipy
  Seed uu: [0.+0.j 0.+0.j 0.+0.j 0.+0.j], Seed dd: [0.+0.j 0.+0.j 0.+0.j 0.+0.j]
F_onsite: 0j
F_swave: 0j, F_dwave: 0j
F_px: 0j, F_py: 0j
Free_energy = -22558.857620428455
------------------------------------------
[{'stable': {}, 'free': np.float64(-22558.857620428455)}]
------------------------------------------
  Seed: dd:px
  Seed uu: [0.+0.j 0.+0.j 0.+0.j 0.+0.j], Seed dd: [0.+0.j 0.+0.j 0.+0.j 0.+0.j]
F_onsite: 0j
F_swave: 0j, F_dwave: 0j
F_px: 0j, F_py: 0j
Free_energy = -22558.857620428455
------------------------------------------
[{'stable': {}, 'free': np.float64(-22558.857620428455)}]
------------------------------------------
  Seed: dd:px+py
  Seed uu: [0.+0.j 0.+0.j 0.+0.j 0.+0.j], Seed dd: [0.+0.j 0.+0.j 0.+0.j 0.+0.j]
F_onsite: 0j
F_swave: 0j, F_dwave: 0j
F_px: 0j, F_py: 0j
Free_energy = -22558.857620428455
------------------------------------------
[{'stable': {}, 'free': np.float64(-22558.857620428455)}]
------------------------------------------
  Seed: dd:px+ipy
  Seed uu: [0.+0.j 0.+0.j 0.+0.j 0.+0.j], Seed dd: [0.+0.j 0.+0.j 0.+0.j 0.+0.j]
F_onsite: 0j
F_swave: 0j, F_dwave: 0j
F_px: 0j, F_py: 0j
Free_energy = -22558.857620428455
------------------------------------------
[{'stable': {}, 'free': np.float64(-22558.857620428455)}]
------------------------------------------
  Seed: uu+dd:px
  Seed uu: [0.+0.j 0.+0.j 0.+0.j 0.+0.j], Seed dd: [0.+0.j 0.+0.j 0.+0.j 0.+0.j]
F_onsite: 0j
F_swave: 0j, F_dwave: 0j
F_px: 0j, F_py: 0j
Free_energy = -22558.857620428455
------------------------------------------
[{'stable': {}, 'free': np.float64(-22558.857620428455)}]
------------------------------------------
  Seed: uu+dd:px+py
  Seed uu: [0.+0.j 0.+0.j 0.+0.j 0.+0.j], Seed dd: [0.+0.j 0.+0.j 0.+0.j 0.+0.j]
F_onsite: 0j
F_swave: 0j, F_dwave: 0j
F_px: 0j, F_py: 0j
Free_energy = -22558.857620428455
------------------------------------------
[{'stable': {}, 'free': np.float64(-22558.857620428455)}]
------------------------------------------
  Seed: uu+dd:px+ipy
  Seed uu: [0.+0.j 0.+0.j 0.+0.j 0.+0.j], Seed dd: [0.+0.j 0.+0.j 0.+0.j 0.+0.j]
F_onsite: 0j
F_swave: 0j, F_dwave: 0j
F_px: 0j, F_py: 0j
Free_energy = -22558.857620428455
------------------------------------------
[{'stable': {}, 'free': np.float64(-22558.857620428455)}]
------------------------------------------
====================================
mu=-4.00, T=0.0505
====================================
  Seed: normal state
  Seed uu: [0.+0.j 0.+0.j 0.+0.j 0.+0.j], Seed dd: [0.+0.j 0.+0.j 0.+0.j 0.+0.j]
F_onsite: 0j
F_swave: 0j, F_dwave: 0j
F_px: 0j, F_py: 0j
Free_energy = -22559.172034324365
------------------------------------------
[{'stable': {}, 'free': np.float64(-22559.172034324365)}]
------------------------------------------
  Seed: uu:px
  Seed uu: [0.+0.j 0.+0.j 0.+0.j 0.+0.j], Seed dd: [0.+0.j 0.+0.j 0.+0.j 0.+0.j]
F_onsite: 0j
F_swave: 0j, F_dwave: 0j
F_px: 0j, F_py: 0j
Free_energy = -22559.172034324365
------------------------------------------
[{'stable': {}, 'free': np.float64(-22559.172034324365)}]
------------------------------------------
  Seed: uu:px+py
  Seed uu: [0.+0.j 0.+0.j 0.+0.j 0.+0.j], Seed dd: [0.+0.j 0.+0.j 0.+0.j 0.+0.j]
F_onsite: 0j
F_swave: 0j, F_dwave: 0j
F_px: 0j, F_py: 0j
Free_energy = -22559.172034324365
------------------------------------------
[{'stable': {}, 'free': np.float64(-22559.172034324365)}]
------------------------------------------
  Seed: uu:px+ipy
  Seed uu: [0.+0.j 0.+0.j 0.+0.j 0.+0.j], Seed dd: [0.+0.j 0.+0.j 0.+0.j 0.+0.j]
F_onsite: 0j
F_swave: 0j, F_dwave: 0j
F_px: 0j, F_py: 0j
Free_energy = -22559.172034324365
------------------------------------------
[{'stable': {}, 'free': np.float64(-22559.172034324365)}]
------------------------------------------
  Seed: dd:px
  Seed uu: [0.+0.j 0.+0.j 0.+0.j 0.+0.j], Seed dd: [0.+0.j 0.+0.j 0.+0.j 0.+0.j]
F_onsite: 0j
F_swave: 0j, F_dwave: 0j
F_px: 0j, F_py: 0j
Free_energy = -22559.172034324365
------------------------------------------
[{'stable': {}, 'free': np.float64(-22559.172034324365)}]
------------------------------------------
  Seed: dd:px+py
  Seed uu: [0.+0.j 0.+0.j 0.+0.j 0.+0.j], Seed dd: [0.+0.j 0.+0.j 0.+0.j 0.+0.j]
F_onsite: 0j
F_swave: 0j, F_dwave: 0j
F_px: 0j, F_py: 0j
Free_energy = -22559.172034324365
------------------------------------------
[{'stable': {}, 'free': np.float64(-22559.172034324365)}]
------------------------------------------
  Seed: dd:px+ipy
  Seed uu: [0.+0.j 0.+0.j 0.+0.j 0.+0.j], Seed dd: [0.+0.j 0.+0.j 0.+0.j 0.+0.j]
F_onsite: 0j
F_swave: 0j, F_dwave: 0j
F_px: 0j, F_py: 0j
Free_energy = -22559.172034324365
------------------------------------------
[{'stable': {}, 'free': np.float64(-22559.172034324365)}]
------------------------------------------
  Seed: uu+dd:px
  Seed uu: [0.+0.j 0.+0.j 0.+0.j 0.+0.j], Seed dd: [0.+0.j 0.+0.j 0.+0.j 0.+0.j]
F_onsite: 0j
F_swave: 0j, F_dwave: 0j
F_px: 0j, F_py: 0j
Free_energy = -22559.172034324365
------------------------------------------
[{'stable': {}, 'free': np.float64(-22559.172034324365)}]
------------------------------------------
  Seed: uu+dd:px+py
  Seed uu: [0.+0.j 0.+0.j 0.+0.j 0.+0.j], Seed dd: [0.+0.j 0.+0.j 0.+0.j 0.+0.j]
F_onsite: 0j
F_swave: 0j, F_dwave: 0j
F_px: 0j, F_py: 0j
Free_energy = -22559.172034324365
------------------------------------------
[{'stable': {}, 'free': np.float64(-22559.172034324365)}]
------------------------------------------
  Seed: uu+dd:px+ipy
  Seed uu: [0.+0.j 0.+0.j 0.+0.j 0.+0.j], Seed dd: [0.+0.j 0.+0.j 0.+0.j 0.+0.j]
F_onsite: 0j
F_swave: 0j, F_dwave: 0j
F_px: 0j, F_py: 0j
Free_energy = -22559.172034324365
------------------------------------------
[{'stable': {}, 'free': np.float64(-22559.172034324365)}]
------------------------------------------
====================================
mu=-4.00, T=0.0546
====================================
  Seed: normal state
  Seed uu: [0.+0.j 0.+0.j 0.+0.j 0.+0.j], Seed dd: [0.+0.j 0.+0.j 0.+0.j 0.+0.j]
F_onsite: 0j
F_swave: 0j, F_dwave: 0j
F_px: 0j, F_py: 0j
Free_energy = -22559.513166022083
------------------------------------------
[{'stable': {}, 'free': np.float64(-22559.513166022083)}]
------------------------------------------
  Seed: uu:px
  Seed uu: [0.+0.j 0.+0.j 0.+0.j 0.+0.j], Seed dd: [0.+0.j 0.+0.j 0.+0.j 0.+0.j]
F_onsite: 0j
F_swave: 0j, F_dwave: 0j
F_px: 0j, F_py: 0j
Free_energy = -22559.513166022083
------------------------------------------
[{'stable': {}, 'free': np.float64(-22559.513166022083)}]
------------------------------------------
  Seed: uu:px+py
  Seed uu: [0.+0.j 0.+0.j 0.+0.j 0.+0.j], Seed dd: [0.+0.j 0.+0.j 0.+0.j 0.+0.j]
F_onsite: 0j
F_swave: 0j, F_dwave: 0j
F_px: 0j, F_py: 0j
Free_energy = -22559.513166022083
------------------------------------------
[{'stable': {}, 'free': np.float64(-22559.513166022083)}]
------------------------------------------
  Seed: uu:px+ipy
  Seed uu: [0.+0.j 0.+0.j 0.+0.j 0.+0.j], Seed dd: [0.+0.j 0.+0.j 0.+0.j 0.+0.j]
F_onsite: 0j
F_swave: 0j, F_dwave: 0j
F_px: 0j, F_py: 0j
Free_energy = -22559.513166022083
------------------------------------------
[{'stable': {}, 'free': np.float64(-22559.513166022083)}]
------------------------------------------
  Seed: dd:px
  Seed uu: [0.+0.j 0.+0.j 0.+0.j 0.+0.j], Seed dd: [0.+0.j 0.+0.j 0.+0.j 0.+0.j]
F_onsite: 0j
F_swave: 0j, F_dwave: 0j
F_px: 0j, F_py: 0j
Free_energy = -22559.513166022083
------------------------------------------
[{'stable': {}, 'free': np.float64(-22559.513166022083)}]
------------------------------------------
  Seed: dd:px+py
  Seed uu: [0.+0.j 0.+0.j 0.+0.j 0.+0.j], Seed dd: [0.+0.j 0.+0.j 0.+0.j 0.+0.j]
F_onsite: 0j
F_swave: 0j, F_dwave: 0j
F_px: 0j, F_py: 0j
Free_energy = -22559.513166022083
------------------------------------------
[{'stable': {}, 'free': np.float64(-22559.513166022083)}]
------------------------------------------
  Seed: dd:px+ipy
  Seed uu: [0.+0.j 0.+0.j 0.+0.j 0.+0.j], Seed dd: [0.+0.j 0.+0.j 0.+0.j 0.+0.j]
F_onsite: 0j
F_swave: 0j, F_dwave: 0j
F_px: 0j, F_py: 0j
Free_energy = -22559.513166022083
------------------------------------------
[{'stable': {}, 'free': np.float64(-22559.513166022083)}]
------------------------------------------
  Seed: uu+dd:px
  Seed uu: [0.+0.j 0.+0.j 0.+0.j 0.+0.j], Seed dd: [0.+0.j 0.+0.j 0.+0.j 0.+0.j]
F_onsite: 0j
F_swave: 0j, F_dwave: 0j
F_px: 0j, F_py: 0j
Free_energy = -22559.513166022083
------------------------------------------
[{'stable': {}, 'free': np.float64(-22559.513166022083)}]
------------------------------------------
  Seed: uu+dd:px+py
  Seed uu: [0.+0.j 0.+0.j 0.+0.j 0.+0.j], Seed dd: [0.+0.j 0.+0.j 0.+0.j 0.+0.j]
F_onsite: 0j
F_swave: 0j, F_dwave: 0j
F_px: 0j, F_py: 0j
Free_energy = -22559.513166022083
------------------------------------------
[{'stable': {}, 'free': np.float64(-22559.513166022083)}]
------------------------------------------
  Seed: uu+dd:px+ipy
  Seed uu: [0.+0.j 0.+0.j 0.+0.j 0.+0.j], Seed dd: [0.+0.j 0.+0.j 0.+0.j 0.+0.j]
F_onsite: 0j
F_swave: 0j, F_dwave: 0j
F_px: 0j, F_py: 0j
Free_energy = -22559.513166022083
------------------------------------------
[{'stable': {}, 'free': np.float64(-22559.513166022083)}]
------------------------------------------
====================================
mu=-4.00, T=0.0588
====================================
  Seed: normal state
  Seed uu: [0.+0.j 0.+0.j 0.+0.j 0.+0.j], Seed dd: [0.+0.j 0.+0.j 0.+0.j 0.+0.j]
F_onsite: 0j
F_swave: 0j, F_dwave: 0j
F_px: 0j, F_py: 0j
Free_energy = -22559.88105097417
------------------------------------------
[{'stable': {}, 'free': np.float64(-22559.88105097417)}]
------------------------------------------
  Seed: uu:px
  Seed uu: [0.+0.j 0.+0.j 0.+0.j 0.+0.j], Seed dd: [0.+0.j 0.+0.j 0.+0.j 0.+0.j]
F_onsite: 0j
F_swave: 0j, F_dwave: 0j
F_px: 0j, F_py: 0j
Free_energy = -22559.88105097417
------------------------------------------
[{'stable': {}, 'free': np.float64(-22559.88105097417)}]
------------------------------------------
  Seed: uu:px+py
  Seed uu: [0.+0.j 0.+0.j 0.+0.j 0.+0.j], Seed dd: [0.+0.j 0.+0.j 0.+0.j 0.+0.j]
F_onsite: 0j
F_swave: 0j, F_dwave: 0j
F_px: 0j, F_py: 0j
Free_energy = -22559.88105097417
------------------------------------------
[{'stable': {}, 'free': np.float64(-22559.88105097417)}]
------------------------------------------
  Seed: uu:px+ipy
  Seed uu: [0.+0.j 0.+0.j 0.+0.j 0.+0.j], Seed dd: [0.+0.j 0.+0.j 0.+0.j 0.+0.j]
F_onsite: 0j
F_swave: 0j, F_dwave: 0j
F_px: 0j, F_py: 0j
Free_energy = -22559.88105097417
------------------------------------------
[{'stable': {}, 'free': np.float64(-22559.88105097417)}]
------------------------------------------
  Seed: dd:px
  Seed uu: [0.+0.j 0.+0.j 0.+0.j 0.+0.j], Seed dd: [0.+0.j 0.+0.j 0.+0.j 0.+0.j]
F_onsite: 0j
F_swave: 0j, F_dwave: 0j
F_px: 0j, F_py: 0j
Free_energy = -22559.88105097417
------------------------------------------
[{'stable': {}, 'free': np.float64(-22559.88105097417)}]
------------------------------------------
  Seed: dd:px+py
  Seed uu: [0.+0.j 0.+0.j 0.+0.j 0.+0.j], Seed dd: [0.+0.j 0.+0.j 0.+0.j 0.+0.j]
F_onsite: 0j
F_swave: 0j, F_dwave: 0j
F_px: 0j, F_py: 0j
Free_energy = -22559.88105097417
------------------------------------------
[{'stable': {}, 'free': np.float64(-22559.88105097417)}]
------------------------------------------
  Seed: dd:px+ipy
  Seed uu: [0.+0.j 0.+0.j 0.+0.j 0.+0.j], Seed dd: [0.+0.j 0.+0.j 0.+0.j 0.+0.j]
F_onsite: 0j
F_swave: 0j, F_dwave: 0j
F_px: 0j, F_py: 0j
Free_energy = -22559.88105097417
------------------------------------------
[{'stable': {}, 'free': np.float64(-22559.88105097417)}]
------------------------------------------
  Seed: uu+dd:px
  Seed uu: [0.+0.j 0.+0.j 0.+0.j 0.+0.j], Seed dd: [0.+0.j 0.+0.j 0.+0.j 0.+0.j]
F_onsite: 0j
F_swave: 0j, F_dwave: 0j
F_px: 0j, F_py: 0j
Free_energy = -22559.88105097417
------------------------------------------
[{'stable': {}, 'free': np.float64(-22559.88105097417)}]
------------------------------------------
  Seed: uu+dd:px+py
  Seed uu: [0.+0.j 0.+0.j 0.+0.j 0.+0.j], Seed dd: [0.+0.j 0.+0.j 0.+0.j 0.+0.j]
F_onsite: 0j
F_swave: 0j, F_dwave: 0j
F_px: 0j, F_py: 0j
Free_energy = -22559.88105097417
------------------------------------------
[{'stable': {}, 'free': np.float64(-22559.88105097417)}]
------------------------------------------
  Seed: uu+dd:px+ipy
  Seed uu: [0.+0.j 0.+0.j 0.+0.j 0.+0.j], Seed dd: [0.+0.j 0.+0.j 0.+0.j 0.+0.j]
F_onsite: 0j
F_swave: 0j, F_dwave: 0j
F_px: 0j, F_py: 0j
Free_energy = -22559.88105097417
------------------------------------------
[{'stable': {}, 'free': np.float64(-22559.88105097417)}]
------------------------------------------
====================================
mu=-4.00, T=0.0629
====================================
  Seed: normal state
  Seed uu: [0.+0.j 0.+0.j 0.+0.j 0.+0.j], Seed dd: [0.+0.j 0.+0.j 0.+0.j 0.+0.j]
F_onsite: 0j
F_swave: 0j, F_dwave: 0j
F_px: 0j, F_py: 0j
Free_energy = -22560.27571071383
------------------------------------------
[{'stable': {}, 'free': np.float64(-22560.27571071383)}]
------------------------------------------
  Seed: uu:px
  Seed uu: [0.+0.j 0.+0.j 0.+0.j 0.+0.j], Seed dd: [0.+0.j 0.+0.j 0.+0.j 0.+0.j]
F_onsite: 0j
F_swave: 0j, F_dwave: 0j
F_px: 0j, F_py: 0j
Free_energy = -22560.27571071383
------------------------------------------
[{'stable': {}, 'free': np.float64(-22560.27571071383)}]
------------------------------------------
  Seed: uu:px+py
  Seed uu: [0.+0.j 0.+0.j 0.+0.j 0.+0.j], Seed dd: [0.+0.j 0.+0.j 0.+0.j 0.+0.j]
F_onsite: 0j
F_swave: 0j, F_dwave: 0j
F_px: 0j, F_py: 0j
Free_energy = -22560.27571071383
------------------------------------------
[{'stable': {}, 'free': np.float64(-22560.27571071383)}]
------------------------------------------
  Seed: uu:px+ipy
  Seed uu: [0.+0.j 0.+0.j 0.+0.j 0.+0.j], Seed dd: [0.+0.j 0.+0.j 0.+0.j 0.+0.j]
F_onsite: 0j
F_swave: 0j, F_dwave: 0j
F_px: 0j, F_py: 0j
Free_energy = -22560.27571071383
------------------------------------------
[{'stable': {}, 'free': np.float64(-22560.27571071383)}]
------------------------------------------
  Seed: dd:px
  Seed uu: [0.+0.j 0.+0.j 0.+0.j 0.+0.j], Seed dd: [0.+0.j 0.+0.j 0.+0.j 0.+0.j]
F_onsite: 0j
F_swave: 0j, F_dwave: 0j
F_px: 0j, F_py: 0j
Free_energy = -22560.27571071383
------------------------------------------
[{'stable': {}, 'free': np.float64(-22560.27571071383)}]
------------------------------------------
  Seed: dd:px+py
  Seed uu: [0.+0.j 0.+0.j 0.+0.j 0.+0.j], Seed dd: [0.+0.j 0.+0.j 0.+0.j 0.+0.j]
F_onsite: 0j
F_swave: 0j, F_dwave: 0j
F_px: 0j, F_py: 0j
Free_energy = -22560.27571071383
------------------------------------------
[{'stable': {}, 'free': np.float64(-22560.27571071383)}]
------------------------------------------
  Seed: dd:px+ipy
  Seed uu: [0.+0.j 0.+0.j 0.+0.j 0.+0.j], Seed dd: [0.+0.j 0.+0.j 0.+0.j 0.+0.j]
F_onsite: 0j
F_swave: 0j, F_dwave: 0j
F_px: 0j, F_py: 0j
Free_energy = -22560.27571071383
------------------------------------------
[{'stable': {}, 'free': np.float64(-22560.27571071383)}]
------------------------------------------
  Seed: uu+dd:px
  Seed uu: [0.+0.j 0.+0.j 0.+0.j 0.+0.j], Seed dd: [0.+0.j 0.+0.j 0.+0.j 0.+0.j]
F_onsite: 0j
F_swave: 0j, F_dwave: 0j
F_px: 0j, F_py: 0j
Free_energy = -22560.27571071383
------------------------------------------
[{'stable': {}, 'free': np.float64(-22560.27571071383)}]
------------------------------------------
  Seed: uu+dd:px+py
  Seed uu: [0.+0.j 0.+0.j 0.+0.j 0.+0.j], Seed dd: [0.+0.j 0.+0.j 0.+0.j 0.+0.j]
F_onsite: 0j
F_swave: 0j, F_dwave: 0j
F_px: 0j, F_py: 0j
Free_energy = -22560.27571071383
------------------------------------------
[{'stable': {}, 'free': np.float64(-22560.27571071383)}]
------------------------------------------
  Seed: uu+dd:px+ipy
  Seed uu: [0.+0.j 0.+0.j 0.+0.j 0.+0.j], Seed dd: [0.+0.j 0.+0.j 0.+0.j 0.+0.j]
F_onsite: 0j
F_swave: 0j, F_dwave: 0j
F_px: 0j, F_py: 0j
Free_energy = -22560.27571071383
------------------------------------------
[{'stable': {}, 'free': np.float64(-22560.27571071383)}]
------------------------------------------
====================================
mu=-4.00, T=0.0670
====================================
  Seed: normal state
  Seed uu: [0.+0.j 0.+0.j 0.+0.j 0.+0.j], Seed dd: [0.+0.j 0.+0.j 0.+0.j 0.+0.j]
F_onsite: 0j
F_swave: 0j, F_dwave: 0j
F_px: 0j, F_py: 0j
Free_energy = -22560.69715986039
------------------------------------------
[{'stable': {}, 'free': np.float64(-22560.69715986039)}]
------------------------------------------
  Seed: uu:px
  Seed uu: [0.+0.j 0.+0.j 0.+0.j 0.+0.j], Seed dd: [0.+0.j 0.+0.j 0.+0.j 0.+0.j]
F_onsite: 0j
F_swave: 0j, F_dwave: 0j
F_px: 0j, F_py: 0j
Free_energy = -22560.69715986039
------------------------------------------
[{'stable': {}, 'free': np.float64(-22560.69715986039)}]
------------------------------------------
  Seed: uu:px+py
  Seed uu: [0.+0.j 0.+0.j 0.+0.j 0.+0.j], Seed dd: [0.+0.j 0.+0.j 0.+0.j 0.+0.j]
F_onsite: 0j
F_swave: 0j, F_dwave: 0j
F_px: 0j, F_py: 0j
Free_energy = -22560.69715986039
------------------------------------------
[{'stable': {}, 'free': np.float64(-22560.69715986039)}]
------------------------------------------
  Seed: uu:px+ipy
  Seed uu: [0.+0.j 0.+0.j 0.+0.j 0.+0.j], Seed dd: [0.+0.j 0.+0.j 0.+0.j 0.+0.j]
F_onsite: 0j
F_swave: 0j, F_dwave: 0j
F_px: 0j, F_py: 0j
Free_energy = -22560.69715986039
------------------------------------------
[{'stable': {}, 'free': np.float64(-22560.69715986039)}]
------------------------------------------
  Seed: dd:px
  Seed uu: [0.+0.j 0.+0.j 0.+0.j 0.+0.j], Seed dd: [0.+0.j 0.+0.j 0.+0.j 0.+0.j]
F_onsite: 0j
F_swave: 0j, F_dwave: 0j
F_px: 0j, F_py: 0j
Free_energy = -22560.69715986039
------------------------------------------
[{'stable': {}, 'free': np.float64(-22560.69715986039)}]
------------------------------------------
  Seed: dd:px+py
  Seed uu: [0.+0.j 0.+0.j 0.+0.j 0.+0.j], Seed dd: [0.+0.j 0.+0.j 0.+0.j 0.+0.j]
F_onsite: 0j
F_swave: 0j, F_dwave: 0j
F_px: 0j, F_py: 0j
Free_energy = -22560.69715986039
------------------------------------------
[{'stable': {}, 'free': np.float64(-22560.69715986039)}]
------------------------------------------
  Seed: dd:px+ipy
  Seed uu: [0.+0.j 0.+0.j 0.+0.j 0.+0.j], Seed dd: [0.+0.j 0.+0.j 0.+0.j 0.+0.j]
F_onsite: 0j
F_swave: 0j, F_dwave: 0j
F_px: 0j, F_py: 0j
Free_energy = -22560.69715986039
------------------------------------------
[{'stable': {}, 'free': np.float64(-22560.69715986039)}]
------------------------------------------
  Seed: uu+dd:px
  Seed uu: [0.+0.j 0.+0.j 0.+0.j 0.+0.j], Seed dd: [0.+0.j 0.+0.j 0.+0.j 0.+0.j]
F_onsite: 0j
F_swave: 0j, F_dwave: 0j
F_px: 0j, F_py: 0j
Free_energy = -22560.69715986039
------------------------------------------
[{'stable': {}, 'free': np.float64(-22560.69715986039)}]
------------------------------------------
  Seed: uu+dd:px+py
  Seed uu: [0.+0.j 0.+0.j 0.+0.j 0.+0.j], Seed dd: [0.+0.j 0.+0.j 0.+0.j 0.+0.j]
F_onsite: 0j
F_swave: 0j, F_dwave: 0j
F_px: 0j, F_py: 0j
Free_energy = -22560.69715986039
------------------------------------------
[{'stable': {}, 'free': np.float64(-22560.69715986039)}]
------------------------------------------
  Seed: uu+dd:px+ipy
  Seed uu: [0.+0.j 0.+0.j 0.+0.j 0.+0.j], Seed dd: [0.+0.j 0.+0.j 0.+0.j 0.+0.j]
F_onsite: 0j
F_swave: 0j, F_dwave: 0j
F_px: 0j, F_py: 0j
Free_energy = -22560.69715986039
------------------------------------------
[{'stable': {}, 'free': np.float64(-22560.69715986039)}]
------------------------------------------
====================================
mu=-4.00, T=0.0711
====================================
  Seed: normal state
  Seed uu: [0.+0.j 0.+0.j 0.+0.j 0.+0.j], Seed dd: [0.+0.j 0.+0.j 0.+0.j 0.+0.j]
F_onsite: 0j
F_swave: 0j, F_dwave: 0j
F_px: 0j, F_py: 0j
Free_energy = -22561.145409971374
------------------------------------------
[{'stable': {}, 'free': np.float64(-22561.145409971374)}]
------------------------------------------
  Seed: uu:px
  Seed uu: [0.+0.j 0.+0.j 0.+0.j 0.+0.j], Seed dd: [0.+0.j 0.+0.j 0.+0.j 0.+0.j]
F_onsite: 0j
F_swave: 0j, F_dwave: 0j
F_px: 0j, F_py: 0j
Free_energy = -22561.145409971374
------------------------------------------
[{'stable': {}, 'free': np.float64(-22561.145409971374)}]
------------------------------------------
  Seed: uu:px+py
  Seed uu: [0.+0.j 0.+0.j 0.+0.j 0.+0.j], Seed dd: [0.+0.j 0.+0.j 0.+0.j 0.+0.j]
F_onsite: 0j
F_swave: 0j, F_dwave: 0j
F_px: 0j, F_py: 0j
Free_energy = -22561.145409971374
------------------------------------------
[{'stable': {}, 'free': np.float64(-22561.145409971374)}]
------------------------------------------
  Seed: uu:px+ipy
  Seed uu: [0.+0.j 0.+0.j 0.+0.j 0.+0.j], Seed dd: [0.+0.j 0.+0.j 0.+0.j 0.+0.j]
F_onsite: 0j
F_swave: 0j, F_dwave: 0j
F_px: 0j, F_py: 0j
Free_energy = -22561.145409971374
------------------------------------------
[{'stable': {}, 'free': np.float64(-22561.145409971374)}]
------------------------------------------
  Seed: dd:px
  Seed uu: [0.+0.j 0.+0.j 0.+0.j 0.+0.j], Seed dd: [0.+0.j 0.+0.j 0.+0.j 0.+0.j]
F_onsite: 0j
F_swave: 0j, F_dwave: 0j
F_px: 0j, F_py: 0j
Free_energy = -22561.145409971374
------------------------------------------
[{'stable': {}, 'free': np.float64(-22561.145409971374)}]
------------------------------------------
  Seed: dd:px+py
  Seed uu: [0.+0.j 0.+0.j 0.+0.j 0.+0.j], Seed dd: [0.+0.j 0.+0.j 0.+0.j 0.+0.j]
F_onsite: 0j
F_swave: 0j, F_dwave: 0j
F_px: 0j, F_py: 0j
Free_energy = -22561.145409971374
------------------------------------------
[{'stable': {}, 'free': np.float64(-22561.145409971374)}]
------------------------------------------
  Seed: dd:px+ipy
  Seed uu: [0.+0.j 0.+0.j 0.+0.j 0.+0.j], Seed dd: [0.+0.j 0.+0.j 0.+0.j 0.+0.j]
F_onsite: 0j
F_swave: 0j, F_dwave: 0j
F_px: 0j, F_py: 0j
Free_energy = -22561.145409971374
------------------------------------------
[{'stable': {}, 'free': np.float64(-22561.145409971374)}]
------------------------------------------
  Seed: uu+dd:px
  Seed uu: [0.+0.j 0.+0.j 0.+0.j 0.+0.j], Seed dd: [0.+0.j 0.+0.j 0.+0.j 0.+0.j]
F_onsite: 0j
F_swave: 0j, F_dwave: 0j
F_px: 0j, F_py: 0j
Free_energy = -22561.145409971374
------------------------------------------
[{'stable': {}, 'free': np.float64(-22561.145409971374)}]
------------------------------------------
  Seed: uu+dd:px+py
  Seed uu: [0.+0.j 0.+0.j 0.+0.j 0.+0.j], Seed dd: [0.+0.j 0.+0.j 0.+0.j 0.+0.j]
F_onsite: 0j
F_swave: 0j, F_dwave: 0j
F_px: 0j, F_py: 0j
Free_energy = -22561.145409971374
------------------------------------------
[{'stable': {}, 'free': np.float64(-22561.145409971374)}]
------------------------------------------
  Seed: uu+dd:px+ipy
  Seed uu: [0.+0.j 0.+0.j 0.+0.j 0.+0.j], Seed dd: [0.+0.j 0.+0.j 0.+0.j 0.+0.j]
F_onsite: 0j
F_swave: 0j, F_dwave: 0j
F_px: 0j, F_py: 0j
Free_energy = -22561.145409971374
------------------------------------------
[{'stable': {}, 'free': np.float64(-22561.145409971374)}]
------------------------------------------
====================================
mu=-4.00, T=0.0753
====================================
  Seed: normal state
  Seed uu: [0.+0.j 0.+0.j 0.+0.j 0.+0.j], Seed dd: [0.+0.j 0.+0.j 0.+0.j 0.+0.j]
F_onsite: 0j
F_swave: 0j, F_dwave: 0j
F_px: 0j, F_py: 0j
Free_energy = -22561.62047165581
------------------------------------------
[{'stable': {}, 'free': np.float64(-22561.62047165581)}]
------------------------------------------
  Seed: uu:px
  Seed uu: [0.+0.j 0.+0.j 0.+0.j 0.+0.j], Seed dd: [0.+0.j 0.+0.j 0.+0.j 0.+0.j]
F_onsite: 0j
F_swave: 0j, F_dwave: 0j
F_px: 0j, F_py: 0j
Free_energy = -22561.62047165581
------------------------------------------
[{'stable': {}, 'free': np.float64(-22561.62047165581)}]
------------------------------------------
  Seed: uu:px+py
  Seed uu: [0.+0.j 0.+0.j 0.+0.j 0.+0.j], Seed dd: [0.+0.j 0.+0.j 0.+0.j 0.+0.j]
F_onsite: 0j
F_swave: 0j, F_dwave: 0j
F_px: 0j, F_py: 0j
Free_energy = -22561.62047165581
------------------------------------------
[{'stable': {}, 'free': np.float64(-22561.62047165581)}]
------------------------------------------
  Seed: uu:px+ipy
  Seed uu: [0.+0.j 0.+0.j 0.+0.j 0.+0.j], Seed dd: [0.+0.j 0.+0.j 0.+0.j 0.+0.j]
F_onsite: 0j
F_swave: 0j, F_dwave: 0j
F_px: 0j, F_py: 0j
Free_energy = -22561.62047165581
------------------------------------------
[{'stable': {}, 'free': np.float64(-22561.62047165581)}]
------------------------------------------
  Seed: dd:px
  Seed uu: [0.+0.j 0.+0.j 0.+0.j 0.+0.j], Seed dd: [0.+0.j 0.+0.j 0.+0.j 0.+0.j]
F_onsite: 0j
F_swave: 0j, F_dwave: 0j
F_px: 0j, F_py: 0j
Free_energy = -22561.62047165581
------------------------------------------
[{'stable': {}, 'free': np.float64(-22561.62047165581)}]
------------------------------------------
  Seed: dd:px+py
  Seed uu: [0.+0.j 0.+0.j 0.+0.j 0.+0.j], Seed dd: [0.+0.j 0.+0.j 0.+0.j 0.+0.j]
F_onsite: 0j
F_swave: 0j, F_dwave: 0j
F_px: 0j, F_py: 0j
Free_energy = -22561.62047165581
------------------------------------------
[{'stable': {}, 'free': np.float64(-22561.62047165581)}]
------------------------------------------
  Seed: dd:px+ipy
  Seed uu: [0.+0.j 0.+0.j 0.+0.j 0.+0.j], Seed dd: [0.+0.j 0.+0.j 0.+0.j 0.+0.j]
F_onsite: 0j
F_swave: 0j, F_dwave: 0j
F_px: 0j, F_py: 0j
Free_energy = -22561.62047165581
------------------------------------------
[{'stable': {}, 'free': np.float64(-22561.62047165581)}]
------------------------------------------
  Seed: uu+dd:px
  Seed uu: [0.+0.j 0.+0.j 0.+0.j 0.+0.j], Seed dd: [0.+0.j 0.+0.j 0.+0.j 0.+0.j]
F_onsite: 0j
F_swave: 0j, F_dwave: 0j
F_px: 0j, F_py: 0j
Free_energy = -22561.62047165581
------------------------------------------
[{'stable': {}, 'free': np.float64(-22561.62047165581)}]
------------------------------------------
  Seed: uu+dd:px+py
  Seed uu: [0.+0.j 0.+0.j 0.+0.j 0.+0.j], Seed dd: [0.+0.j 0.+0.j 0.+0.j 0.+0.j]
F_onsite: 0j
F_swave: 0j, F_dwave: 0j
F_px: 0j, F_py: 0j
Free_energy = -22561.62047165581
------------------------------------------
[{'stable': {}, 'free': np.float64(-22561.62047165581)}]
------------------------------------------
  Seed: uu+dd:px+ipy
  Seed uu: [0.+0.j 0.+0.j 0.+0.j 0.+0.j], Seed dd: [0.+0.j 0.+0.j 0.+0.j 0.+0.j]
F_onsite: 0j
F_swave: 0j, F_dwave: 0j
F_px: 0j, F_py: 0j
Free_energy = -22561.62047165581
------------------------------------------
[{'stable': {}, 'free': np.float64(-22561.62047165581)}]
------------------------------------------
====================================
mu=-4.00, T=0.0794
====================================
  Seed: normal state
  Seed uu: [0.+0.j 0.+0.j 0.+0.j 0.+0.j], Seed dd: [0.+0.j 0.+0.j 0.+0.j 0.+0.j]
F_onsite: 0j
F_swave: 0j, F_dwave: 0j
F_px: 0j, F_py: 0j
Free_energy = -22562.122355738196
------------------------------------------
[{'stable': {}, 'free': np.float64(-22562.122355738196)}]
------------------------------------------
  Seed: uu:px
  Seed uu: [0.+0.j 0.+0.j 0.+0.j 0.+0.j], Seed dd: [0.+0.j 0.+0.j 0.+0.j 0.+0.j]
F_onsite: 0j
F_swave: 0j, F_dwave: 0j
F_px: 0j, F_py: 0j
Free_energy = -22562.122355738196
------------------------------------------
[{'stable': {}, 'free': np.float64(-22562.122355738196)}]
------------------------------------------
  Seed: uu:px+py
  Seed uu: [0.+0.j 0.+0.j 0.+0.j 0.+0.j], Seed dd: [0.+0.j 0.+0.j 0.+0.j 0.+0.j]
F_onsite: 0j
F_swave: 0j, F_dwave: 0j
F_px: 0j, F_py: 0j
Free_energy = -22562.122355738196
------------------------------------------
[{'stable': {}, 'free': np.float64(-22562.122355738196)}]
------------------------------------------
  Seed: uu:px+ipy
  Seed uu: [0.+0.j 0.+0.j 0.+0.j 0.+0.j], Seed dd: [0.+0.j 0.+0.j 0.+0.j 0.+0.j]
F_onsite: 0j
F_swave: 0j, F_dwave: 0j
F_px: 0j, F_py: 0j
Free_energy = -22562.122355738196
------------------------------------------
[{'stable': {}, 'free': np.float64(-22562.122355738196)}]
------------------------------------------
  Seed: dd:px
  Seed uu: [0.+0.j 0.+0.j 0.+0.j 0.+0.j], Seed dd: [0.+0.j 0.+0.j 0.+0.j 0.+0.j]
F_onsite: 0j
F_swave: 0j, F_dwave: 0j
F_px: 0j, F_py: 0j
Free_energy = -22562.122355738196
------------------------------------------
[{'stable': {}, 'free': np.float64(-22562.122355738196)}]
------------------------------------------
  Seed: dd:px+py
  Seed uu: [0.+0.j 0.+0.j 0.+0.j 0.+0.j], Seed dd: [0.+0.j 0.+0.j 0.+0.j 0.+0.j]
F_onsite: 0j
F_swave: 0j, F_dwave: 0j
F_px: 0j, F_py: 0j
Free_energy = -22562.122355738196
------------------------------------------
[{'stable': {}, 'free': np.float64(-22562.122355738196)}]
------------------------------------------
  Seed: dd:px+ipy
  Seed uu: [0.+0.j 0.+0.j 0.+0.j 0.+0.j], Seed dd: [0.+0.j 0.+0.j 0.+0.j 0.+0.j]
F_onsite: 0j
F_swave: 0j, F_dwave: 0j
F_px: 0j, F_py: 0j
Free_energy = -22562.122355738196
------------------------------------------
[{'stable': {}, 'free': np.float64(-22562.122355738196)}]
------------------------------------------
  Seed: uu+dd:px
  Seed uu: [0.+0.j 0.+0.j 0.+0.j 0.+0.j], Seed dd: [0.+0.j 0.+0.j 0.+0.j 0.+0.j]
F_onsite: 0j
F_swave: 0j, F_dwave: 0j
F_px: 0j, F_py: 0j
Free_energy = -22562.122355738196
------------------------------------------
[{'stable': {}, 'free': np.float64(-22562.122355738196)}]
------------------------------------------
  Seed: uu+dd:px+py
  Seed uu: [0.+0.j 0.+0.j 0.+0.j 0.+0.j], Seed dd: [0.+0.j 0.+0.j 0.+0.j 0.+0.j]
F_onsite: 0j
F_swave: 0j, F_dwave: 0j
F_px: 0j, F_py: 0j
Free_energy = -22562.122355738196
------------------------------------------
[{'stable': {}, 'free': np.float64(-22562.122355738196)}]
------------------------------------------
  Seed: uu+dd:px+ipy
  Seed uu: [0.+0.j 0.+0.j 0.+0.j 0.+0.j], Seed dd: [0.+0.j 0.+0.j 0.+0.j 0.+0.j]
F_onsite: 0j
F_swave: 0j, F_dwave: 0j
F_px: 0j, F_py: 0j
Free_energy = -22562.122355738196
------------------------------------------
[{'stable': {}, 'free': np.float64(-22562.122355738196)}]
------------------------------------------
====================================
mu=-4.00, T=0.0835
====================================
  Seed: normal state
  Seed uu: [0.+0.j 0.+0.j 0.+0.j 0.+0.j], Seed dd: [0.+0.j 0.+0.j 0.+0.j 0.+0.j]
F_onsite: 0j
F_swave: 0j, F_dwave: 0j
F_px: 0j, F_py: 0j
Free_energy = -22562.65107390664
------------------------------------------
[{'stable': {}, 'free': np.float64(-22562.65107390664)}]
------------------------------------------
  Seed: uu:px
  Seed uu: [0.+0.j 0.+0.j 0.+0.j 0.+0.j], Seed dd: [0.+0.j 0.+0.j 0.+0.j 0.+0.j]
F_onsite: 0j
F_swave: 0j, F_dwave: 0j
F_px: 0j, F_py: 0j
Free_energy = -22562.65107390664
------------------------------------------
[{'stable': {}, 'free': np.float64(-22562.65107390664)}]
------------------------------------------
  Seed: uu:px+py
  Seed uu: [0.+0.j 0.+0.j 0.+0.j 0.+0.j], Seed dd: [0.+0.j 0.+0.j 0.+0.j 0.+0.j]
F_onsite: 0j
F_swave: 0j, F_dwave: 0j
F_px: 0j, F_py: 0j
Free_energy = -22562.65107390664
------------------------------------------
[{'stable': {}, 'free': np.float64(-22562.65107390664)}]
------------------------------------------
  Seed: uu:px+ipy
  Seed uu: [0.+0.j 0.+0.j 0.+0.j 0.+0.j], Seed dd: [0.+0.j 0.+0.j 0.+0.j 0.+0.j]
F_onsite: 0j
F_swave: 0j, F_dwave: 0j
F_px: 0j, F_py: 0j
Free_energy = -22562.65107390664
------------------------------------------
[{'stable': {}, 'free': np.float64(-22562.65107390664)}]
------------------------------------------
  Seed: dd:px
  Seed uu: [0.+0.j 0.+0.j 0.+0.j 0.+0.j], Seed dd: [0.+0.j 0.+0.j 0.+0.j 0.+0.j]
F_onsite: 0j
F_swave: 0j, F_dwave: 0j
F_px: 0j, F_py: 0j
Free_energy = -22562.65107390664
------------------------------------------
[{'stable': {}, 'free': np.float64(-22562.65107390664)}]
------------------------------------------
  Seed: dd:px+py
  Seed uu: [0.+0.j 0.+0.j 0.+0.j 0.+0.j], Seed dd: [0.+0.j 0.+0.j 0.+0.j 0.+0.j]
F_onsite: 0j
F_swave: 0j, F_dwave: 0j
F_px: 0j, F_py: 0j
Free_energy = -22562.65107390664
------------------------------------------
[{'stable': {}, 'free': np.float64(-22562.65107390664)}]
------------------------------------------
  Seed: dd:px+ipy
  Seed uu: [0.+0.j 0.+0.j 0.+0.j 0.+0.j], Seed dd: [0.+0.j 0.+0.j 0.+0.j 0.+0.j]
F_onsite: 0j
F_swave: 0j, F_dwave: 0j
F_px: 0j, F_py: 0j
Free_energy = -22562.65107390664
------------------------------------------
[{'stable': {}, 'free': np.float64(-22562.65107390664)}]
------------------------------------------
  Seed: uu+dd:px
  Seed uu: [0.+0.j 0.+0.j 0.+0.j 0.+0.j], Seed dd: [0.+0.j 0.+0.j 0.+0.j 0.+0.j]
F_onsite: 0j
F_swave: 0j, F_dwave: 0j
F_px: 0j, F_py: 0j
Free_energy = -22562.65107390664
------------------------------------------
[{'stable': {}, 'free': np.float64(-22562.65107390664)}]
------------------------------------------
  Seed: uu+dd:px+py
  Seed uu: [0.+0.j 0.+0.j 0.+0.j 0.+0.j], Seed dd: [0.+0.j 0.+0.j 0.+0.j 0.+0.j]
F_onsite: 0j
F_swave: 0j, F_dwave: 0j
F_px: 0j, F_py: 0j
Free_energy = -22562.65107390664
------------------------------------------
[{'stable': {}, 'free': np.float64(-22562.65107390664)}]
------------------------------------------
  Seed: uu+dd:px+ipy
  Seed uu: [0.+0.j 0.+0.j 0.+0.j 0.+0.j], Seed dd: [0.+0.j 0.+0.j 0.+0.j 0.+0.j]
F_onsite: 0j
F_swave: 0j, F_dwave: 0j
F_px: 0j, F_py: 0j
Free_energy = -22562.65107390664
------------------------------------------
[{'stable': {}, 'free': np.float64(-22562.65107390664)}]
------------------------------------------
====================================
mu=-4.00, T=0.0876
====================================
  Seed: normal state
  Seed uu: [0.+0.j 0.+0.j 0.+0.j 0.+0.j], Seed dd: [0.+0.j 0.+0.j 0.+0.j 0.+0.j]
F_onsite: 0j
F_swave: 0j, F_dwave: 0j
F_px: 0j, F_py: 0j
Free_energy = -22563.2066390798
------------------------------------------
[{'stable': {}, 'free': np.float64(-22563.2066390798)}]
------------------------------------------
  Seed: uu:px
  Seed uu: [0.+0.j 0.+0.j 0.+0.j 0.+0.j], Seed dd: [0.+0.j 0.+0.j 0.+0.j 0.+0.j]
F_onsite: 0j
F_swave: 0j, F_dwave: 0j
F_px: 0j, F_py: 0j
Free_energy = -22563.2066390798
------------------------------------------
[{'stable': {}, 'free': np.float64(-22563.2066390798)}]
------------------------------------------
  Seed: uu:px+py
  Seed uu: [0.+0.j 0.+0.j 0.+0.j 0.+0.j], Seed dd: [0.+0.j 0.+0.j 0.+0.j 0.+0.j]
F_onsite: 0j
F_swave: 0j, F_dwave: 0j
F_px: 0j, F_py: 0j
Free_energy = -22563.2066390798
------------------------------------------
[{'stable': {}, 'free': np.float64(-22563.2066390798)}]
------------------------------------------
  Seed: uu:px+ipy
  Seed uu: [0.+0.j 0.+0.j 0.+0.j 0.+0.j], Seed dd: [0.+0.j 0.+0.j 0.+0.j 0.+0.j]
F_onsite: 0j
F_swave: 0j, F_dwave: 0j
F_px: 0j, F_py: 0j
Free_energy = -22563.2066390798
------------------------------------------
[{'stable': {}, 'free': np.float64(-22563.2066390798)}]
------------------------------------------
  Seed: dd:px
  Seed uu: [0.+0.j 0.+0.j 0.+0.j 0.+0.j], Seed dd: [0.+0.j 0.+0.j 0.+0.j 0.+0.j]
F_onsite: 0j
F_swave: 0j, F_dwave: 0j
F_px: 0j, F_py: 0j
Free_energy = -22563.2066390798
------------------------------------------
[{'stable': {}, 'free': np.float64(-22563.2066390798)}]
------------------------------------------
  Seed: dd:px+py
  Seed uu: [0.+0.j 0.+0.j 0.+0.j 0.+0.j], Seed dd: [0.+0.j 0.+0.j 0.+0.j 0.+0.j]
F_onsite: 0j
F_swave: 0j, F_dwave: 0j
F_px: 0j, F_py: 0j
Free_energy = -22563.2066390798
------------------------------------------
[{'stable': {}, 'free': np.float64(-22563.2066390798)}]
------------------------------------------
  Seed: dd:px+ipy
  Seed uu: [0.+0.j 0.+0.j 0.+0.j 0.+0.j], Seed dd: [0.+0.j 0.+0.j 0.+0.j 0.+0.j]
F_onsite: 0j
F_swave: 0j, F_dwave: 0j
F_px: 0j, F_py: 0j
Free_energy = -22563.2066390798
------------------------------------------
[{'stable': {}, 'free': np.float64(-22563.2066390798)}]
------------------------------------------
  Seed: uu+dd:px
  Seed uu: [0.+0.j 0.+0.j 0.+0.j 0.+0.j], Seed dd: [0.+0.j 0.+0.j 0.+0.j 0.+0.j]
F_onsite: 0j
F_swave: 0j, F_dwave: 0j
F_px: 0j, F_py: 0j
Free_energy = -22563.2066390798
------------------------------------------
[{'stable': {}, 'free': np.float64(-22563.2066390798)}]
------------------------------------------
  Seed: uu+dd:px+py
  Seed uu: [0.+0.j 0.+0.j 0.+0.j 0.+0.j], Seed dd: [0.+0.j 0.+0.j 0.+0.j 0.+0.j]
F_onsite: 0j
F_swave: 0j, F_dwave: 0j
F_px: 0j, F_py: 0j
Free_energy = -22563.2066390798
------------------------------------------
[{'stable': {}, 'free': np.float64(-22563.2066390798)}]
------------------------------------------
  Seed: uu+dd:px+ipy
  Seed uu: [0.+0.j 0.+0.j 0.+0.j 0.+0.j], Seed dd: [0.+0.j 0.+0.j 0.+0.j 0.+0.j]
F_onsite: 0j
F_swave: 0j, F_dwave: 0j
F_px: 0j, F_py: 0j
Free_energy = -22563.2066390798
------------------------------------------
[{'stable': {}, 'free': np.float64(-22563.2066390798)}]
------------------------------------------
====================================
mu=-4.00, T=0.0917
====================================
  Seed: normal state
  Seed uu: [0.+0.j 0.+0.j 0.+0.j 0.+0.j], Seed dd: [0.+0.j 0.+0.j 0.+0.j 0.+0.j]
F_onsite: 0j
F_swave: 0j, F_dwave: 0j
F_px: 0j, F_py: 0j
Free_energy = -22563.78906561607
------------------------------------------
[{'stable': {}, 'free': np.float64(-22563.78906561607)}]
------------------------------------------
  Seed: uu:px
  Seed uu: [0.+0.j 0.+0.j 0.+0.j 0.+0.j], Seed dd: [0.+0.j 0.+0.j 0.+0.j 0.+0.j]
F_onsite: 0j
F_swave: 0j, F_dwave: 0j
F_px: 0j, F_py: 0j
Free_energy = -22563.78906561607
------------------------------------------
[{'stable': {}, 'free': np.float64(-22563.78906561607)}]
------------------------------------------
  Seed: uu:px+py
  Seed uu: [0.+0.j 0.+0.j 0.+0.j 0.+0.j], Seed dd: [0.+0.j 0.+0.j 0.+0.j 0.+0.j]
F_onsite: 0j
F_swave: 0j, F_dwave: 0j
F_px: 0j, F_py: 0j
Free_energy = -22563.78906561607
------------------------------------------
[{'stable': {}, 'free': np.float64(-22563.78906561607)}]
------------------------------------------
  Seed: uu:px+ipy
  Seed uu: [0.+0.j 0.+0.j 0.+0.j 0.+0.j], Seed dd: [0.+0.j 0.+0.j 0.+0.j 0.+0.j]
F_onsite: 0j
F_swave: 0j, F_dwave: 0j
F_px: 0j, F_py: 0j
Free_energy = -22563.78906561607
------------------------------------------
[{'stable': {}, 'free': np.float64(-22563.78906561607)}]
------------------------------------------
  Seed: dd:px
  Seed uu: [0.+0.j 0.+0.j 0.+0.j 0.+0.j], Seed dd: [0.+0.j 0.+0.j 0.+0.j 0.+0.j]
F_onsite: 0j
F_swave: 0j, F_dwave: 0j
F_px: 0j, F_py: 0j
Free_energy = -22563.78906561607
------------------------------------------
[{'stable': {}, 'free': np.float64(-22563.78906561607)}]
------------------------------------------
  Seed: dd:px+py
  Seed uu: [0.+0.j 0.+0.j 0.+0.j 0.+0.j], Seed dd: [0.+0.j 0.+0.j 0.+0.j 0.+0.j]
F_onsite: 0j
F_swave: 0j, F_dwave: 0j
F_px: 0j, F_py: 0j
Free_energy = -22563.78906561607
------------------------------------------
[{'stable': {}, 'free': np.float64(-22563.78906561607)}]
------------------------------------------
  Seed: dd:px+ipy
  Seed uu: [0.+0.j 0.+0.j 0.+0.j 0.+0.j], Seed dd: [0.+0.j 0.+0.j 0.+0.j 0.+0.j]
F_onsite: 0j
F_swave: 0j, F_dwave: 0j
F_px: 0j, F_py: 0j
Free_energy = -22563.78906561607
------------------------------------------
[{'stable': {}, 'free': np.float64(-22563.78906561607)}]
------------------------------------------
  Seed: uu+dd:px
  Seed uu: [0.+0.j 0.+0.j 0.+0.j 0.+0.j], Seed dd: [0.+0.j 0.+0.j 0.+0.j 0.+0.j]
F_onsite: 0j
F_swave: 0j, F_dwave: 0j
F_px: 0j, F_py: 0j
Free_energy = -22563.78906561607
------------------------------------------
[{'stable': {}, 'free': np.float64(-22563.78906561607)}]
------------------------------------------
  Seed: uu+dd:px+py
  Seed uu: [0.+0.j 0.+0.j 0.+0.j 0.+0.j], Seed dd: [0.+0.j 0.+0.j 0.+0.j 0.+0.j]
F_onsite: 0j
F_swave: 0j, F_dwave: 0j
F_px: 0j, F_py: 0j
Free_energy = -22563.78906561607
------------------------------------------
[{'stable': {}, 'free': np.float64(-22563.78906561607)}]
------------------------------------------
  Seed: uu+dd:px+ipy
  Seed uu: [0.+0.j 0.+0.j 0.+0.j 0.+0.j], Seed dd: [0.+0.j 0.+0.j 0.+0.j 0.+0.j]
F_onsite: 0j
F_swave: 0j, F_dwave: 0j
F_px: 0j, F_py: 0j
Free_energy = -22563.78906561607
------------------------------------------
[{'stable': {}, 'free': np.float64(-22563.78906561607)}]
------------------------------------------
====================================
mu=-4.00, T=0.0959
====================================
  Seed: normal state
  Seed uu: [0.+0.j 0.+0.j 0.+0.j 0.+0.j], Seed dd: [0.+0.j 0.+0.j 0.+0.j 0.+0.j]
F_onsite: 0j
F_swave: 0j, F_dwave: 0j
F_px: 0j, F_py: 0j
Free_energy = -22564.39836943736
------------------------------------------
[{'stable': {}, 'free': np.float64(-22564.39836943736)}]
------------------------------------------
  Seed: uu:px
  Seed uu: [0.+0.j 0.+0.j 0.+0.j 0.+0.j], Seed dd: [0.+0.j 0.+0.j 0.+0.j 0.+0.j]
F_onsite: 0j
F_swave: 0j, F_dwave: 0j
F_px: 0j, F_py: 0j
Free_energy = -22564.39836943736
------------------------------------------
[{'stable': {}, 'free': np.float64(-22564.39836943736)}]
------------------------------------------
  Seed: uu:px+py
  Seed uu: [0.+0.j 0.+0.j 0.+0.j 0.+0.j], Seed dd: [0.+0.j 0.+0.j 0.+0.j 0.+0.j]
F_onsite: 0j
F_swave: 0j, F_dwave: 0j
F_px: 0j, F_py: 0j
Free_energy = -22564.39836943736
------------------------------------------
[{'stable': {}, 'free': np.float64(-22564.39836943736)}]
------------------------------------------
  Seed: uu:px+ipy
  Seed uu: [0.+0.j 0.+0.j 0.+0.j 0.+0.j], Seed dd: [0.+0.j 0.+0.j 0.+0.j 0.+0.j]
F_onsite: 0j
F_swave: 0j, F_dwave: 0j
F_px: 0j, F_py: 0j
Free_energy = -22564.39836943736
------------------------------------------
[{'stable': {}, 'free': np.float64(-22564.39836943736)}]
------------------------------------------
  Seed: dd:px
  Seed uu: [0.+0.j 0.+0.j 0.+0.j 0.+0.j], Seed dd: [0.+0.j 0.+0.j 0.+0.j 0.+0.j]
F_onsite: 0j
F_swave: 0j, F_dwave: 0j
F_px: 0j, F_py: 0j
Free_energy = -22564.39836943736
------------------------------------------
[{'stable': {}, 'free': np.float64(-22564.39836943736)}]
------------------------------------------
  Seed: dd:px+py
  Seed uu: [0.+0.j 0.+0.j 0.+0.j 0.+0.j], Seed dd: [0.+0.j 0.+0.j 0.+0.j 0.+0.j]
F_onsite: 0j
F_swave: 0j, F_dwave: 0j
F_px: 0j, F_py: 0j
Free_energy = -22564.39836943736
------------------------------------------
[{'stable': {}, 'free': np.float64(-22564.39836943736)}]
------------------------------------------
  Seed: dd:px+ipy
  Seed uu: [0.+0.j 0.+0.j 0.+0.j 0.+0.j], Seed dd: [0.+0.j 0.+0.j 0.+0.j 0.+0.j]
F_onsite: 0j
F_swave: 0j, F_dwave: 0j
F_px: 0j, F_py: 0j
Free_energy = -22564.39836943736
------------------------------------------
[{'stable': {}, 'free': np.float64(-22564.39836943736)}]
------------------------------------------
  Seed: uu+dd:px
  Seed uu: [0.+0.j 0.+0.j 0.+0.j 0.+0.j], Seed dd: [0.+0.j 0.+0.j 0.+0.j 0.+0.j]
F_onsite: 0j
F_swave: 0j, F_dwave: 0j
F_px: 0j, F_py: 0j
Free_energy = -22564.39836943736
------------------------------------------
[{'stable': {}, 'free': np.float64(-22564.39836943736)}]
------------------------------------------
  Seed: uu+dd:px+py
  Seed uu: [0.+0.j 0.+0.j 0.+0.j 0.+0.j], Seed dd: [0.+0.j 0.+0.j 0.+0.j 0.+0.j]
F_onsite: 0j
F_swave: 0j, F_dwave: 0j
F_px: 0j, F_py: 0j
Free_energy = -22564.39836943736
------------------------------------------
[{'stable': {}, 'free': np.float64(-22564.39836943736)}]
------------------------------------------
  Seed: uu+dd:px+ipy
  Seed uu: [0.+0.j 0.+0.j 0.+0.j 0.+0.j], Seed dd: [0.+0.j 0.+0.j 0.+0.j 0.+0.j]
F_onsite: 0j
F_swave: 0j, F_dwave: 0j
F_px: 0j, F_py: 0j
Free_energy = -22564.39836943736
------------------------------------------
[{'stable': {}, 'free': np.float64(-22564.39836943736)}]
------------------------------------------
====================================
mu=-4.00, T=0.1000
====================================
  Seed: normal state
  Seed uu: [0.+0.j 0.+0.j 0.+0.j 0.+0.j], Seed dd: [0.+0.j 0.+0.j 0.+0.j 0.+0.j]
F_onsite: 0j
F_swave: 0j, F_dwave: 0j
F_px: 0j, F_py: 0j
Free_energy = -22565.03456809701
------------------------------------------
[{'stable': {}, 'free': np.float64(-22565.03456809701)}]
------------------------------------------
  Seed: uu:px
  Seed uu: [0.+0.j 0.+0.j 0.+0.j 0.+0.j], Seed dd: [0.+0.j 0.+0.j 0.+0.j 0.+0.j]
F_onsite: 0j
F_swave: 0j, F_dwave: 0j
F_px: 0j, F_py: 0j
Free_energy = -22565.03456809701
------------------------------------------
[{'stable': {}, 'free': np.float64(-22565.03456809701)}]
------------------------------------------
  Seed: uu:px+py
  Seed uu: [0.+0.j 0.+0.j 0.+0.j 0.+0.j], Seed dd: [0.+0.j 0.+0.j 0.+0.j 0.+0.j]
F_onsite: 0j
F_swave: 0j, F_dwave: 0j
F_px: 0j, F_py: 0j
Free_energy = -22565.03456809701
------------------------------------------
[{'stable': {}, 'free': np.float64(-22565.03456809701)}]
------------------------------------------
  Seed: uu:px+ipy
  Seed uu: [0.+0.j 0.+0.j 0.+0.j 0.+0.j], Seed dd: [0.+0.j 0.+0.j 0.+0.j 0.+0.j]
F_onsite: 0j
F_swave: 0j, F_dwave: 0j
F_px: 0j, F_py: 0j
Free_energy = -22565.03456809701
------------------------------------------
[{'stable': {}, 'free': np.float64(-22565.03456809701)}]
------------------------------------------
  Seed: dd:px
  Seed uu: [0.+0.j 0.+0.j 0.+0.j 0.+0.j], Seed dd: [0.+0.j 0.+0.j 0.+0.j 0.+0.j]
F_onsite: 0j
F_swave: 0j, F_dwave: 0j
F_px: 0j, F_py: 0j
Free_energy = -22565.03456809701
------------------------------------------
[{'stable': {}, 'free': np.float64(-22565.03456809701)}]
------------------------------------------
  Seed: dd:px+py
  Seed uu: [0.+0.j 0.+0.j 0.+0.j 0.+0.j], Seed dd: [0.+0.j 0.+0.j 0.+0.j 0.+0.j]
F_onsite: 0j
F_swave: 0j, F_dwave: 0j
F_px: 0j, F_py: 0j
Free_energy = -22565.03456809701
------------------------------------------
[{'stable': {}, 'free': np.float64(-22565.03456809701)}]
------------------------------------------
  Seed: dd:px+ipy
  Seed uu: [0.+0.j 0.+0.j 0.+0.j 0.+0.j], Seed dd: [0.+0.j 0.+0.j 0.+0.j 0.+0.j]
F_onsite: 0j
F_swave: 0j, F_dwave: 0j
F_px: 0j, F_py: 0j
Free_energy = -22565.03456809701
------------------------------------------
[{'stable': {}, 'free': np.float64(-22565.03456809701)}]
------------------------------------------
  Seed: uu+dd:px
  Seed uu: [0.+0.j 0.+0.j 0.+0.j 0.+0.j], Seed dd: [0.+0.j 0.+0.j 0.+0.j 0.+0.j]
F_onsite: 0j
F_swave: 0j, F_dwave: 0j
F_px: 0j, F_py: 0j
Free_energy = -22565.03456809701
------------------------------------------
[{'stable': {}, 'free': np.float64(-22565.03456809701)}]
------------------------------------------
  Seed: uu+dd:px+py
  Seed uu: [0.+0.j 0.+0.j 0.+0.j 0.+0.j], Seed dd: [0.+0.j 0.+0.j 0.+0.j 0.+0.j]
F_onsite: 0j
F_swave: 0j, F_dwave: 0j
F_px: 0j, F_py: 0j
Free_energy = -22565.03456809701
------------------------------------------
[{'stable': {}, 'free': np.float64(-22565.03456809701)}]
------------------------------------------
  Seed: uu+dd:px+ipy
  Seed uu: [0.+0.j 0.+0.j 0.+0.j 0.+0.j], Seed dd: [0.+0.j 0.+0.j 0.+0.j 0.+0.j]
F_onsite: 0j
F_swave: 0j, F_dwave: 0j
F_px: 0j, F_py: 0j
Free_energy = -22565.03456809701
------------------------------------------
[{'stable': {}, 'free': np.float64(-22565.03456809701)}]
------------------------------------------
