/home/emilssp/D1/venv/bin/python
Python 3.10.12
Running job 23 out of 25
====================================
mu=4.31, T=0.0010
====================================
  Seed: normal state
  Seed uu: [0.+0.j 0.+0.j 0.+0.j 0.+0.j], Seed dd: [0.+0.j 0.+0.j 0.+0.j 0.+0.j]
F_onsite: 0j
F_swave: 0j, F_dwave: 0j
F_px: 0j, F_py: 0j
Free_energy = -24265.96191256484
------------------------------------------
[{'stable': {}, 'free': np.float64(-24265.96191256484)}]
------------------------------------------
  Seed: uu:px
  Seed uu: [ 0.1+0.j -0.1+0.j  0. +0.j  0. +0.j], Seed dd: [0.+0.j 0.+0.j 0.+0.j 0.+0.j]
F_onsite: (1.4585081260022997e-263+1.5816719813493636e-249j)
F_swave: (-1.1971019246413415e-263-1.298958996723206e-249j), F_dwave: (-1.3025461356201126e-264-1.4597614907112234e-250j)
F_px: (6.434661397197381e-250-5.954496619977657e-264j), F_py: (-1.0825761438248528e-249+9.924161033296096e-264j)
Free_energy = -24265.96191256484
------------------------------------------
[{'stable': {}, 'free': np.float64(-24265.96191256484)}]
------------------------------------------
  Seed: uu:px+py
  Seed uu: [ 0.1+0.j -0.1+0.j  0.1+0.j -0.1+0.j], Seed dd: [0.+0.j 0.+0.j 0.+0.j 0.+0.j]
F_onsite: (-2.1684461318924285e-251-1.4263169008223217e-238j)
F_swave: (1.7945747318617806e-251+1.1803675522623106e-238j), F_dwave: (-3.4365557331834465e-252-2.2597525955518264e-239j)
F_px: (1.0599600243370627e-238-1.6120376784991994e-251j), F_py: (-2.3786508197013275e-239+3.6230355016507653e-252j)
Free_energy = -24265.96191256484
------------------------------------------
[{'stable': {}, 'free': np.float64(-24265.96191256484)}]
------------------------------------------
  Seed: uu:px+ipy
  Seed uu: [ 0.1+0.j  -0.1+0.j   0. +0.1j -0. -0.1j], Seed dd: [0.+0.j 0.+0.j 0.+0.j 0.+0.j]
F_onsite: (3.46750519224579e-27-5.4436101141062595e-27j)
F_swave: (-3.293334997886885e-27+5.170181646407518e-27j), F_dwave: (-4.89790776156372e-29+2.28616864257165e-28j)
F_px: (8.037542854866752e-28+8.320899250046219e-28j), F_py: (-2.462834656784535e-27-8.037542854866659e-28j)
Free_energy = -24265.96191256484
------------------------------------------
[{'stable': {}, 'free': np.float64(-24265.96191256484)}]
------------------------------------------
  Seed: dd:px
  Seed uu: [0.+0.j 0.+0.j 0.+0.j 0.+0.j], Seed dd: [ 0.1+0.j -0.1+0.j  0. +0.j  0. +0.j]
F_onsite: (4.051040301305738e-61+1.402844510197875e-77j)
F_swave: (-3.800484397692646e-61-1.1355001404653597e-77j), F_dwave: (2.5053072053152234e-62+2.67666405778623e-78j)
F_px: 8.071106745337289e-78j, F_py: 4.9523029058119706e-77j
Free_energy = -24265.96191256484
------------------------------------------
[{'stable': {}, 'free': np.float64(-24265.96191256484)}]
------------------------------------------
  Seed: dd:px+py
  Seed uu: [0.+0.j 0.+0.j 0.+0.j 0.+0.j], Seed dd: [ 0.1+0.j -0.1+0.j  0.1+0.j -0.1+0.j]
F_onsite: (7.963957954125672e-41+1.1067675530819674e-56j)
F_swave: (-7.563934298006102e-41-1.0514406613474185e-56j), F_dwave: (2.8849668415793575e-42+3.1861838222649046e-58j)
F_px: 7.39449541471239e-54j, F_py: 3.0211395002715825e-54j
Free_energy = -24265.96191256484
------------------------------------------
[{'stable': {}, 'free': np.float64(-24265.96191256484)}]
------------------------------------------
  Seed: dd:px+ipy
  Seed uu: [0.+0.j 0.+0.j 0.+0.j 0.+0.j], Seed dd: [ 0.1+0.j  -0.1+0.j   0. +0.1j -0. -0.1j]
F_onsite: (-4.480047695657179e-41-2.0317600451154137e-42j)
F_swave: (4.2550182480893574e-41+1.9297062565056897e-42j), F_dwave: (8.000524329137124e-43-1.9431176055013746e-43j)
F_px: (-5.48536116246323e-43-9.202050550082662e-42j), F_py: (-4.511377763028494e-43-1.5138549509133446e-42j)
Free_energy = -24265.96191256484
------------------------------------------
[{'stable': {}, 'free': np.float64(-24265.96191256484)}]
------------------------------------------
  Seed: uu+dd:px
  Seed uu: [ 0.1+0.j -0.1+0.j  0. +0.j  0. +0.j], Seed dd: [ 0.1+0.j -0.1+0.j  0. +0.j  0. +0.j]
F_onsite: (-1.8056576675180467e-46+4.3268834847381123e-47j)
F_swave: (1.6939837717182663e-46-4.059280193092796e-47j), F_dwave: (1.116738957997805e-47-2.676032916453169e-48j)
F_px: -2.1877788086230576e-62j, F_py: (2.0844920161826176e-47+8.698822154967524e-47j)
Free_energy = -24265.96191256484
------------------------------------------
[{'stable': {}, 'free': np.float64(-24265.96191256484)}]
------------------------------------------
  Seed: uu+dd:px+py
  Seed uu: [ 0.1+0.j -0.1+0.j  0.1+0.j -0.1+0.j], Seed dd: [ 0.1+0.j -0.1+0.j  0.1+0.j -0.1+0.j]
F_onsite: (1.112028241909306e-251+1.4263169008210234e-238j)
F_swave: -1.1803675722419235e-238j, F_dwave: -2.2597531181020915e-239j
F_px: (2.1420347265631226e-229-2.504439865349001e-229j), F_py: (-2.142034723145377e-229+2.504439865349001e-229j)
Free_energy = -24265.96191256484
------------------------------------------
[{'stable': {}, 'free': np.float64(-24265.96191256484)}]
------------------------------------------
  Seed: uu+dd:px+ipy
  Seed uu: [ 0.1+0.j  -0.1+0.j   0. +0.1j -0. -0.1j], Seed dd: [ 0.1+0.j  -0.1+0.j   0. +0.1j -0. -0.1j]
F_onsite: (-5.6827709061646125e-36-1.1291066094804349e-35j)
F_swave: (5.366674608159985e-36+1.0663015737055638e-35j), F_dwave: 1.9730282377693424e-42j
F_px: (-1.8688816059270563e-36-7.15776363277603e-28j), F_py: (-7.15776365122016e-28-3.7132512058590834e-36j)
Free_energy = -24265.96191256484
------------------------------------------
[{'stable': {}, 'free': np.float64(-24265.96191256484)}]
------------------------------------------
====================================
mu=4.31, T=0.0093
====================================
  Seed: normal state
  Seed uu: [0.+0.j 0.+0.j 0.+0.j 0.+0.j], Seed dd: [0.+0.j 0.+0.j 0.+0.j 0.+0.j]
F_onsite: 0j
F_swave: 0j, F_dwave: 0j
F_px: 0j, F_py: 0j
Free_energy = -24266.029685560392
------------------------------------------
[{'stable': {}, 'free': np.float64(-24266.029685560392)}]
------------------------------------------
  Seed: uu:px
  Seed uu: [ 4.04682415e-16-1.28479268e-29j -4.04682415e-16+1.20640011e-29j
 -1.38387546e-30-6.45894311e-30j  1.38457662e-30+5.32327037e-30j], Seed dd: [0.+0.j 0.+0.j 0.+0.j 0.+0.j]
F_onsite: (3.017130435725125e-23-8.024015564971393e-24j)
F_swave: (-2.830530995557353e-23+7.52775700266588e-24j), F_dwave: (-1.865994401677726e-24+4.962585623055142e-25j)
F_px: 2.938735877055719e-39j, F_py: (3.865598979474181e-24+1.4535136726546172e-23j)
Free_energy = -24266.029685560392
------------------------------------------
[{'stable': {}, 'free': np.float64(-24266.029685560392)}]
------------------------------------------
  Seed: uu:px+py
  Seed uu: [ 3.72536989e-16-2.84456964e-29j -3.72536989e-16+2.68186708e-29j
  3.72536989e-16-2.68352338e-29j -3.72536989e-16+2.51700266e-29j], Seed dd: [0.+0.j 0.+0.j 0.+0.j 0.+0.j]
F_onsite: (9.877840262906987e-24-4.24433667710327e-23j)
F_swave: (-9.328396708569633e-24+4.0082509696222575e-23j), F_dwave: 2.938735877055719e-39j
F_px: (-1.395821517143893e-23-3.2484978232326603e-24j), F_py: (1.3958215171438948e-23+3.248497823232666e-24j)
Free_energy = -24266.029685560392
------------------------------------------
[{'stable': {}, 'free': np.float64(-24266.029685560392)}]
------------------------------------------
  Seed: uu:px+ipy
  Seed uu: [ 3.89906681e-16-1.32242535e-29j -3.89906681e-16+1.24667371e-29j
  9.89956880e-30+3.89906681e-16j -9.06968559e-30-3.89906681e-16j], Seed dd: [0.+0.j 0.+0.j 0.+0.j 0.+0.j]
F_onsite: (1.9339978019332406e-22-6.275356333374182e-22j)
F_swave: (-1.8567648719023992e-22+5.965179672087285e-22j), F_dwave: (-6.685155419987682e-24+3.062314261089409e-23j)
F_px: (-1.123518641596496e-23+9.626636488675035e-23j), F_py: (-2.611692506804261e-22-1.4414873688381792e-22j)
Free_energy = -24266.029685560392
------------------------------------------
[{'stable': {}, 'free': np.float64(-24266.029685560392)}]
------------------------------------------
  Seed: dd:px
  Seed uu: [0.+0.j 0.+0.j 0.+0.j 0.+0.j], Seed dd: [ 1.36537869e-17+4.95626034e-33j -1.36537869e-17-7.46598780e-33j
  1.53848701e-34+2.19676384e-34j -6.01853108e-35-2.52176452e-33j]
F_onsite: 0j
F_swave: 0j, F_dwave: 0j
F_px: 0j, F_py: 0j
Free_energy = -24266.029685560392
------------------------------------------
[{'stable': {}, 'free': np.float64(-24266.029685560392)}]
------------------------------------------
  Seed: dd:px+py
  Seed uu: [0.+0.j 0.+0.j 0.+0.j 0.+0.j], Seed dd: [ 3.05390339e-17+1.96535132e-32j -3.05390339e-17-1.87808262e-32j
  3.05390339e-17+2.98218215e-32j -3.05390339e-17-3.34479865e-32j]
F_onsite: 0j
F_swave: 0j, F_dwave: 0j
F_px: 0j, F_py: 0j
Free_energy = -24266.029685560392
------------------------------------------
[{'stable': {}, 'free': np.float64(-24266.029685560392)}]
------------------------------------------
  Seed: dd:px+ipy
  Seed uu: [0.+0.j 0.+0.j 0.+0.j 0.+0.j], Seed dd: [ 2.30261568e-17-4.28368949e-33j -2.30261568e-17+9.03908136e-33j
 -3.03364059e-32+2.30261568e-17j  2.81396420e-32-2.30261568e-17j]
F_onsite: 0j
F_swave: 0j, F_dwave: 0j
F_px: 0j, F_py: 0j
Free_energy = -24266.029685560392
------------------------------------------
[{'stable': {}, 'free': np.float64(-24266.029685560392)}]
------------------------------------------
  Seed: uu+dd:px
  Seed uu: [ 4.04682415e-16-1.24896075e-29j -4.04682415e-16+1.15929909e-29j
 -1.35512644e-30-6.54625996e-30j  1.36266013e-30+5.47775402e-30j], Seed dd: [0.+0.j 0.+0.j 0.+0.j 0.+0.j]
F_onsite: (3.0260643893812626e-23-7.633006830192076e-24j)
F_swave: (-2.838912414019459e-23+7.160930852154914e-24j), F_dwave: (-1.8715197536180364e-24+4.720759780371614e-25j)
F_px: 2.938735877055719e-39j, F_py: (3.6772290848885196e-24+1.4578176376527865e-23j)
Free_energy = -24266.029685560392
------------------------------------------
[{'stable': {}, 'free': np.float64(-24266.029685560392)}]
------------------------------------------
  Seed: uu+dd:px+py
  Seed uu: [ 3.72536989e-16-2.78215025e-29j -3.72536989e-16+2.61137323e-29j
  3.72536989e-16-2.62654955e-29j -3.72536989e-16+2.46456440e-29j], Seed dd: [0.+0.j 0.+0.j 0.+0.j 0.+0.j]
F_onsite: (3.4942283738762102e-22+2.7541132106625745e-22j)
F_swave: (-3.299866708502031e-22-2.600919437108617e-22j), F_dwave: (4.70197740328915e-38+1.7632415262334313e-38j)
F_px: (-9.057359763290345e-23+1.1491351682554823e-22j), F_py: (9.057359763290333e-23-1.1491351682554805e-22j)
Free_energy = -24266.029685560392
------------------------------------------
[{'stable': {}, 'free': np.float64(-24266.029685560392)}]
------------------------------------------
  Seed: uu+dd:px+ipy
  Seed uu: [ 3.89906681e-16-1.40542812e-29j -3.89906681e-16+1.31296422e-29j
  1.02456825e-29+3.89906681e-16j -9.40884185e-30-3.89906681e-16j], Seed dd: [0.+0.j 0.+0.j 0.+0.j 0.+0.j]
F_onsite: (2.903480813889546e-21+1.5128785983187574e-21j)
F_swave: (-2.758243608804377e-21-1.4343507233322983e-21j), F_dwave: (-1.464096622697868e-22-5.157819624332111e-23j)
F_px: (-4.791386806020445e-22+7.682068718489506e-22j), F_py: (4.1559911652059014e-22-1.3271521127119661e-21j)
Free_energy = -24266.029685560392
------------------------------------------
[{'stable': {}, 'free': np.float64(-24266.029685560392)}]
------------------------------------------
====================================
mu=4.31, T=0.0176
====================================
  Seed: normal state
  Seed uu: [0.+0.j 0.+0.j 0.+0.j 0.+0.j], Seed dd: [0.+0.j 0.+0.j 0.+0.j 0.+0.j]
F_onsite: 0j
F_swave: 0j, F_dwave: 0j
F_px: 0j, F_py: 0j
Free_energy = -24266.205858678688
------------------------------------------
[{'stable': {}, 'free': np.float64(-24266.205858678688)}]
------------------------------------------
  Seed: uu:px
  Seed uu: [ 1.35952193e-16-4.71960568e-30j -1.35952193e-16+4.38992860e-30j
 -4.16684724e-31-2.01098984e-30j  4.17989240e-31+1.62851821e-30j], Seed dd: [0.+0.j 0.+0.j 0.+0.j 0.+0.j]
F_onsite: (-6.85585365958442e-29+8.769209822473784e-30j)
F_swave: (5.926777796829932e-29-7.580639211955435e-30j), F_dwave: (9.29075862754488e-30-1.1861765381387262e-30j)
F_px: (6.554271767603564e-33-7.707141553786494e-45j), F_py: (5.998936065582545e-30+4.6931512331011245e-29j)
Free_energy = -24266.205858678688
------------------------------------------
[{'stable': {}, 'free': np.float64(-24266.205858678688)}]
------------------------------------------
  Seed: uu:px+py
  Seed uu: [ 1.35627621e-16-1.02572501e-29j -1.35627621e-16+9.71703879e-30j
  1.35627621e-16-1.01421276e-29j -1.35627621e-16+9.46613827e-30j], Seed dd: [0.+0.j 0.+0.j 0.+0.j 0.+0.j]
F_onsite: (-8.154905394584215e-46-4.5569683996505677e-33j)
F_swave: (6.778986589501038e-46+3.79865404954278e-33j), F_dwave: (-2.0509727279363473e-46-1.3655181490302902e-33j)
F_px: (6.581551629918089e-33-9.61168953984515e-46j), F_py: (3.1882243110995306e-33-4.146420260648629e-46j)
Free_energy = -24266.205858678688
------------------------------------------
[{'stable': {}, 'free': np.float64(-24266.205858678688)}]
------------------------------------------
  Seed: uu:px+ipy
  Seed uu: [ 1.38836816e-16-4.88884076e-30j -1.38836816e-16+4.59894617e-30j
  3.63993537e-30+1.38836816e-16j -3.32555740e-30-1.38836816e-16j], Seed dd: [0.+0.j 0.+0.j 0.+0.j 0.+0.j]
F_onsite: (1.741730915573837e-21+1.3783211130949678e-22j)
F_swave: (-1.6411590078421751e-21-1.3047736469855412e-22j), F_dwave: (-5.830432241968731e-23-6.943996996271266e-23j)
F_px: (-7.127762939901512e-22+1.1698264157725486e-21j), F_py: (7.732867721695465e-22-1.4006357386426448e-21j)
Free_energy = -24266.205858678688
------------------------------------------
[{'stable': {}, 'free': np.float64(-24266.205858678688)}]
------------------------------------------
  Seed: dd:px
  Seed uu: [0.+0.j 0.+0.j 0.+0.j 0.+0.j], Seed dd: [0.+0.j 0.+0.j 0.+0.j 0.+0.j]
F_onsite: 0j
F_swave: 0j, F_dwave: 0j
F_px: 0j, F_py: 0j
Free_energy = -24266.205858678688
------------------------------------------
[{'stable': {}, 'free': np.float64(-24266.205858678688)}]
------------------------------------------
  Seed: dd:px+py
  Seed uu: [0.+0.j 0.+0.j 0.+0.j 0.+0.j], Seed dd: [0.+0.j 0.+0.j 0.+0.j 0.+0.j]
F_onsite: 0j
F_swave: 0j, F_dwave: 0j
F_px: 0j, F_py: 0j
Free_energy = -24266.205858678688
------------------------------------------
[{'stable': {}, 'free': np.float64(-24266.205858678688)}]
------------------------------------------
  Seed: dd:px+ipy
  Seed uu: [0.+0.j 0.+0.j 0.+0.j 0.+0.j], Seed dd: [0.+0.j 0.+0.j 0.+0.j 0.+0.j]
F_onsite: 0j
F_swave: 0j, F_dwave: 0j
F_px: 0j, F_py: 0j
Free_energy = -24266.205858678688
------------------------------------------
[{'stable': {}, 'free': np.float64(-24266.205858678688)}]
------------------------------------------
  Seed: uu+dd:px
  Seed uu: [ 1.35952193e-16-4.53725623e-30j -1.35952193e-16+4.18996893e-30j
 -4.10332916e-31-2.08324833e-30j  4.09648308e-31+1.64037472e-30j], Seed dd: [0.+0.j 0.+0.j 0.+0.j 0.+0.j]
F_onsite: (1.7202066791473978e-26-2.672519381040865e-27j)
F_swave: (-1.5341611231025544e-26+2.3834789908054727e-27j), F_dwave: (-1.8604555604484337e-27+2.8904251022114115e-28j)
F_px: (7.254769984397651e-33+2.152394441202919e-42j), F_py: (-1.660031633029471e-27-1.0685016580237854e-26j)
Free_energy = -24266.205858678688
------------------------------------------
[{'stable': {}, 'free': np.float64(-24266.205858678688)}]
------------------------------------------
  Seed: uu+dd:px+py
  Seed uu: [ 1.35627621e-16-1.01047165e-29j -1.35627621e-16+9.51388930e-30j
  1.35627621e-16-9.99455326e-30j -1.35627621e-16+9.27204064e-30j], Seed dd: [0.+0.j 0.+0.j 0.+0.j 0.+0.j]
F_onsite: (1.151829109310479e-45+7.764072237330664e-33j)
F_swave: (-9.54326676326679e-46-6.424813103908544e-33j), F_dwave: (1.8285987040566766e-46+1.2242027185179142e-33j)
F_px: (1.3682017531913045e-33-2.871068970736916e-32j), F_py: (5.695940033497382e-33+2.8710689707368114e-32j)
Free_energy = -24266.205858678688
------------------------------------------
[{'stable': {}, 'free': np.float64(-24266.205858678688)}]
------------------------------------------
  Seed: uu+dd:px+ipy
  Seed uu: [ 1.38836816e-16-5.26680451e-30j -1.38836816e-16+4.92353759e-30j
  3.76725740e-30+1.38836816e-16j -3.44760117e-30-1.38836816e-16j], Seed dd: [0.+0.j 0.+0.j 0.+0.j 0.+0.j]
F_onsite: (1.2129571486246806e-21-2.3585385157472366e-21j)
F_swave: (-1.1446019784827235e-21+2.217835824669136e-21j), F_dwave: (5.753735435790608e-23-3.556473972677063e-23j)
F_px: (-8.541066814543837e-22-6.118654622030094e-22j), F_py: (-7.375916666749056e-22-2.136257364919103e-22j)
Free_energy = -24266.205858678688
------------------------------------------
[{'stable': {}, 'free': np.float64(-24266.205858678688)}]
------------------------------------------
====================================
mu=4.31, T=0.0259
====================================
  Seed: normal state
  Seed uu: [0.+0.j 0.+0.j 0.+0.j 0.+0.j], Seed dd: [0.+0.j 0.+0.j 0.+0.j 0.+0.j]
F_onsite: 0j
F_swave: 0j, F_dwave: 0j
F_px: 0j, F_py: 0j
Free_energy = -24266.478698782903
------------------------------------------
[{'stable': {}, 'free': np.float64(-24266.478698782903)}]
------------------------------------------
  Seed: uu:px
  Seed uu: [ 2.69986933e-17-9.79509914e-31j -2.69986933e-17+8.56990677e-31j
 -6.87387719e-32-3.17910849e-31j  6.86714396e-32+2.04377278e-31j], Seed dd: [0.+0.j 0.+0.j 0.+0.j 0.+0.j]
F_onsite: (6.459642807783186e-23-2.310951664478255e-23j)
F_swave: (-5.920008254893015e-23+2.117897465907267e-23j), F_dwave: (-5.396345528901712e-24+1.9305670790372143e-24j)
F_px: (1.0904900246159855e-28+8.816207631167156e-39j), F_py: (1.278874061655253e-23+3.5747117409577594e-23j)
Free_energy = -24266.478698782903
------------------------------------------
[{'stable': {}, 'free': np.float64(-24266.478698782903)}]
------------------------------------------
  Seed: uu:px+py
  Seed uu: [ 3.58349183e-17-2.82167996e-30j -3.58349183e-17+2.59116420e-30j
  3.58349183e-17-2.79060027e-30j -3.58349183e-17+2.54793911e-30j], Seed dd: [0.+0.j 0.+0.j 0.+0.j 0.+0.j]
F_onsite: (-3.781031189355911e-23+5.782827939509091e-23j)
F_swave: (3.6149319501561075e-23-5.435254879415216e-23j), F_dwave: (-2.204051907791789e-39-1.3981836902249553e-29j)
F_px: (-1.967222017209802e-23-1.1317795953069609e-23j), F_py: (1.9672299426319702e-23+1.1317795953069576e-23j)
Free_energy = -24266.478698782903
------------------------------------------
[{'stable': {}, 'free': np.float64(-24266.478698782903)}]
------------------------------------------
  Seed: uu:px+ipy
  Seed uu: [ 3.23262254e-17-1.19351383e-30j -3.23262254e-17+1.09181269e-30j
  8.89159726e-31+3.23262254e-17j -7.79213200e-31-3.23262254e-17j], Seed dd: [0.+0.j 0.+0.j 0.+0.j 0.+0.j]
F_onsite: (7.360379055417751e-22-2.0700786606677025e-22j)
F_swave: (-6.977409825953032e-22+1.8327783025787184e-22j), F_dwave: (-3.847910323516303e-23-7.305849181395982e-23j)
F_px: (-2.735510369047955e-21+2.7321476959106033e-21j), F_py: (2.201373734592817e-21-2.87723220459672e-21j)
Free_energy = -24266.478698782903
------------------------------------------
[{'stable': {}, 'free': np.float64(-24266.478698782903)}]
------------------------------------------
  Seed: dd:px
  Seed uu: [0.+0.j 0.+0.j 0.+0.j 0.+0.j], Seed dd: [0.+0.j 0.+0.j 0.+0.j 0.+0.j]
F_onsite: 0j
F_swave: 0j, F_dwave: 0j
F_px: 0j, F_py: 0j
Free_energy = -24266.478698782903
------------------------------------------
[{'stable': {}, 'free': np.float64(-24266.478698782903)}]
------------------------------------------
  Seed: dd:px+py
  Seed uu: [0.+0.j 0.+0.j 0.+0.j 0.+0.j], Seed dd: [0.+0.j 0.+0.j 0.+0.j 0.+0.j]
F_onsite: 0j
F_swave: 0j, F_dwave: 0j
F_px: 0j, F_py: 0j
Free_energy = -24266.478698782903
------------------------------------------
[{'stable': {}, 'free': np.float64(-24266.478698782903)}]
------------------------------------------
  Seed: dd:px+ipy
  Seed uu: [0.+0.j 0.+0.j 0.+0.j 0.+0.j], Seed dd: [0.+0.j 0.+0.j 0.+0.j 0.+0.j]
F_onsite: 0j
F_swave: 0j, F_dwave: 0j
F_px: 0j, F_py: 0j
Free_energy = -24266.478698782903
------------------------------------------
[{'stable': {}, 'free': np.float64(-24266.478698782903)}]
------------------------------------------
  Seed: uu+dd:px
  Seed uu: [ 2.69986933e-17-9.37909827e-31j -2.69986933e-17+8.37541794e-31j
 -6.81034407e-32-3.21443726e-31j  6.81952233e-32+2.14834476e-31j], Seed dd: [0.+0.j 0.+0.j 0.+0.j 0.+0.j]
F_onsite: (8.164513009219153e-23+3.5007969567510144e-22j)
F_swave: (-7.659565129430762e-23-3.2842844312931455e-22j), F_dwave: (-5.04947879788391e-24-2.1651275642462482e-23j)
F_px: (1.2445593673044974e-28+0j), F_py: (1.6865224802761305e-22-3.933283952944459e-23j)
Free_energy = -24266.478698782903
------------------------------------------
[{'stable': {}, 'free': np.float64(-24266.478698782903)}]
------------------------------------------
  Seed: uu+dd:px+py
  Seed uu: [ 3.58349183e-17-2.79861093e-30j -3.58349183e-17+2.55903728e-30j
  3.58349183e-17-2.74662286e-30j -3.58349183e-17+2.51417515e-30j], Seed dd: [0.+0.j 0.+0.j 0.+0.j 0.+0.j]
F_onsite: (-5.315540913073655e-43+3.380455782203722e-30j)
F_swave: (-1.1479437019748901e-41-2.9111107769764357e-30j), F_dwave: (-5.739718509874451e-42+6.2483122894672204e-30j)
F_px: (-6.289593883101575e-26-1.1764026234309884e-25j), F_py: (6.292552780826597e-26+1.1764026234309884e-25j)
Free_energy = -24266.478698782903
------------------------------------------
[{'stable': {}, 'free': np.float64(-24266.478698782903)}]
------------------------------------------
  Seed: uu+dd:px+ipy
  Seed uu: [ 3.23262254e-17-1.28618417e-30j -3.23262254e-17+1.18543997e-30j
  9.21446136e-31+3.23262254e-17j -8.09579698e-31-3.23262254e-17j], Seed dd: [0.+0.j 0.+0.j 0.+0.j 0.+0.j]
F_onsite: (-1.50618055457525e-21+4.937998343047862e-21j)
F_swave: (1.4359611212447552e-21-4.661454352157252e-21j), F_dwave: (-4.661618536706618e-23+3.350733192196051e-23j)
F_px: (-2.1736347846630123e-21-6.108238123358711e-22j), F_py: (-4.3258919966227e-22-1.4634490993791976e-21j)
Free_energy = -24266.478698782903
------------------------------------------
[{'stable': {}, 'free': np.float64(-24266.478698782903)}]
------------------------------------------
====================================
mu=4.31, T=0.0342
====================================
  Seed: normal state
  Seed uu: [0.+0.j 0.+0.j 0.+0.j 0.+0.j], Seed dd: [0.+0.j 0.+0.j 0.+0.j 0.+0.j]
F_onsite: 0j
F_swave: 0j, F_dwave: 0j
F_px: 0j, F_py: 0j
Free_energy = -24266.852311815663
------------------------------------------
[{'stable': {}, 'free': np.float64(-24266.852311815663)}]
------------------------------------------
  Seed: uu:px
  Seed uu: [ 2.54672048e-18-1.04421514e-31j -2.54672048e-18+8.05399829e-32j
 -7.19214464e-33-3.42454418e-32j  7.18612610e-33+9.36483435e-33j], Seed dd: [0.+0.j 0.+0.j 0.+0.j 0.+0.j]
F_onsite: (1.4835707334660523e-23-2.8191387422218117e-24j)
F_swave: (-1.3231176716731051e-23+2.5142669228129283e-24j), F_dwave: (-1.6045306179294714e-24+3.034137520228766e-25j)
F_px: (7.487295397717323e-27+1.1020259538958945e-39j), F_py: (-1.758036402132139e-24-9.215161343155441e-24j)
Free_energy = -24266.852311815663
------------------------------------------
[{'stable': {}, 'free': np.float64(-24266.852311815663)}]
------------------------------------------
  Seed: uu:px+py
  Seed uu: [ 4.39716437e-18-3.75914442e-31j -4.39716437e-18+3.19854834e-31j
  4.39716437e-18-3.74930412e-31j -4.39716437e-18+3.16794411e-31j], Seed dd: [0.+0.j 0.+0.j 0.+0.j 0.+0.j]
F_onsite: (-6.556069247336454e-23+3.739802054393803e-22j)
F_swave: (5.989267280894562e-23-3.4164736160501283e-22j), F_dwave: (1.4693679385278594e-38+1.1754943508222875e-38j)
F_px: (-1.52090789294383e-22-2.666593597434115e-23j), F_py: (1.5212733799375156e-22+2.666593597434122e-23j)
Free_energy = -24266.852311815663
------------------------------------------
[{'stable': {}, 'free': np.float64(-24266.852311815663)}]
------------------------------------------
  Seed: uu:px+ipy
  Seed uu: [ 3.48939151e-18-1.45389655e-31j -3.48939151e-18+1.18823859e-31j
  1.06323370e-31+3.48939151e-18j -8.02510934e-32-3.48939151e-18j], Seed dd: [0.+0.j 0.+0.j 0.+0.j 0.+0.j]
F_onsite: (-1.545145008080328e-21-1.12772555181358e-21j)
F_swave: (1.4481989420678558e-21+1.0667132064373493e-21j), F_dwave: (-6.771984916541903e-23+4.9361651319137815e-23j)
F_px: (-8.1753309986947e-24-4.546815842730482e-22j), F_py: (1.415150219720676e-22+5.649840898788861e-22j)
Free_energy = -24266.852311815663
------------------------------------------
[{'stable': {}, 'free': np.float64(-24266.852311815663)}]
------------------------------------------
  Seed: dd:px
  Seed uu: [0.+0.j 0.+0.j 0.+0.j 0.+0.j], Seed dd: [0.+0.j 0.+0.j 0.+0.j 0.+0.j]
F_onsite: 0j
F_swave: 0j, F_dwave: 0j
F_px: 0j, F_py: 0j
Free_energy = -24266.852311815663
------------------------------------------
[{'stable': {}, 'free': np.float64(-24266.852311815663)}]
------------------------------------------
  Seed: dd:px+py
  Seed uu: [0.+0.j 0.+0.j 0.+0.j 0.+0.j], Seed dd: [0.+0.j 0.+0.j 0.+0.j 0.+0.j]
F_onsite: 0j
F_swave: 0j, F_dwave: 0j
F_px: 0j, F_py: 0j
Free_energy = -24266.852311815663
------------------------------------------
[{'stable': {}, 'free': np.float64(-24266.852311815663)}]
------------------------------------------
  Seed: dd:px+ipy
  Seed uu: [0.+0.j 0.+0.j 0.+0.j 0.+0.j], Seed dd: [0.+0.j 0.+0.j 0.+0.j 0.+0.j]
F_onsite: 0j
F_swave: 0j, F_dwave: 0j
F_px: 0j, F_py: 0j
Free_energy = -24266.852311815663
------------------------------------------
[{'stable': {}, 'free': np.float64(-24266.852311815663)}]
------------------------------------------
  Seed: uu+dd:px
  Seed uu: [ 2.54672048e-18-1.00822433e-31j -2.54672048e-18+7.79279404e-32j
 -7.16205198e-33-3.44982201e-32j  7.15001492e-33+8.78705537e-33j], Seed dd: [0.+0.j 0.+0.j 0.+0.j 0.+0.j]
F_onsite: (1.8154365144573722e-26-3.1241481100761145e-27j)
F_swave: (-1.5151461835865518e-26+2.6130630219765757e-27j), F_dwave: (-3.002903308708175e-27+1.2942321200568535e-27j)
F_px: (7.809324269764036e-27-4.627648048586276e-40j), F_py: (3.795288075376614e-27-1.3513205530100798e-26j)
Free_energy = -24266.852311815663
------------------------------------------
[{'stable': {}, 'free': np.float64(-24266.852311815663)}]
------------------------------------------
  Seed: uu+dd:px+py
  Seed uu: [ 4.39716437e-18-3.72213045e-31j -4.39716437e-18+3.14600656e-31j
  4.39716437e-18-3.68987112e-31j -4.39716437e-18+3.09963378e-31j], Seed dd: [0.+0.j 0.+0.j 0.+0.j 0.+0.j]
F_onsite: (2.936876295523919e-23+2.5005745503548445e-23j)
F_swave: (-2.6829699994341045e-23-2.284426988088391e-23j), F_dwave: (-1.4693679385278594e-39+6.844484230881806e-28j)
F_px: (-1.0153587406969444e-23+1.1929432962533849e-23j), F_py: (1.0179150084786627e-23-1.1929432962533862e-23j)
Free_energy = -24266.852311815663
------------------------------------------
[{'stable': {}, 'free': np.float64(-24266.852311815663)}]
------------------------------------------
  Seed: uu+dd:px+ipy
  Seed uu: [ 3.48939151e-18-1.55109583e-31j -3.48939151e-18+1.30400504e-31j
  1.10536342e-31+3.48939151e-18j -8.30256362e-32-3.48939151e-18j], Seed dd: [0.+0.j 0.+0.j 0.+0.j 0.+0.j]
F_onsite: (1.7714677252161044e-21+3.821349883123276e-21j)
F_swave: (-1.6731290926969729e-21-3.561733497436163e-21j), F_dwave: (-9.665705673157667e-23+9.088481905451861e-23j)
F_px: (8.1200072450372e-22+3.3717171292241315e-22j), F_py: (-4.693791506581728e-22+1.2266984070376625e-21j)
Free_energy = -24266.852311815663
------------------------------------------
[{'stable': {}, 'free': np.float64(-24266.852311815663)}]
------------------------------------------
====================================
mu=4.31, T=0.0425
====================================
  Seed: normal state
  Seed uu: [0.+0.j 0.+0.j 0.+0.j 0.+0.j], Seed dd: [0.+0.j 0.+0.j 0.+0.j 0.+0.j]
F_onsite: 0j
F_swave: 0j, F_dwave: 0j
F_px: 0j, F_py: 0j
Free_energy = -24267.32395380944
------------------------------------------
[{'stable': {}, 'free': np.float64(-24267.32395380944)}]
------------------------------------------
  Seed: uu:px
  Seed uu: [ 9.30337873e-20-4.33936091e-33j -9.30337873e-20+3.27408091e-33j
 -1.35416949e-34-6.74075481e-34j  1.35416949e-34-4.33334237e-34j], Seed dd: [0.+0.j 0.+0.j 0.+0.j 0.+0.j]
F_onsite: (-1.6196471191987368e-24-8.146108296002826e-24j)
F_swave: (1.5081436685902815e-24+7.473525580744862e-24j), F_dwave: (1.115034506084553e-25+6.745953625860165e-25j)
F_px: (1.5328149057411125e-25-9.550891600431086e-39j), F_py: (-4.801182723736341e-24+8.41424178686266e-25j)
Free_energy = -24267.32395380944
------------------------------------------
[{'stable': {}, 'free': np.float64(-24267.32395380944)}]
------------------------------------------
  Seed: uu:px+py
  Seed uu: [ 2.74304898e-19-2.57954242e-32j -2.74304898e-19+2.10287476e-32j
  2.74304898e-19-2.57232018e-32j -2.74304898e-19+2.10287476e-32j], Seed dd: [0.+0.j 0.+0.j 0.+0.j 0.+0.j]
F_onsite: (-2.74656010421724e-21+5.516172401688719e-21j)
F_swave: (2.593786461859717e-21-5.209320752356474e-21j), F_dwave: (-1.88079096131566e-37+7.147188111916089e-27j)
F_px: (1.814222769276788e-21+9.03038440996528e-22j), F_py: (-1.8141196522978315e-21-9.030384409965296e-22j)
Free_energy = -24267.32395380944
------------------------------------------
[{'stable': {}, 'free': np.float64(-24267.32395380944)}]
------------------------------------------
  Seed: uu:px+ipy
  Seed uu: [ 2.07080784e-19-1.03428457e-32j -2.07080784e-19+7.62547887e-33j
  7.39075616e-33+2.07080784e-19j -4.62223187e-33-2.07080784e-19j], Seed dd: [0.+0.j 0.+0.j 0.+0.j 0.+0.j]
F_onsite: (5.510896044890768e-21+3.1301103547200465e-21j)
F_swave: (-5.2405876199698605e-21-2.961605124414806e-21j), F_dwave: (6.643866608357713e-23+1.0852253156305096e-22j)
F_px: (-6.54897411590377e-22+4.512028959540691e-22j), F_py: (1.963063796222328e-21-8.49453163364023e-22j)
Free_energy = -24267.32395380944
------------------------------------------
[{'stable': {}, 'free': np.float64(-24267.32395380944)}]
------------------------------------------
  Seed: dd:px
  Seed uu: [0.+0.j 0.+0.j 0.+0.j 0.+0.j], Seed dd: [0.+0.j 0.+0.j 0.+0.j 0.+0.j]
F_onsite: 0j
F_swave: 0j, F_dwave: 0j
F_px: 0j, F_py: 0j
Free_energy = -24267.32395380944
------------------------------------------
[{'stable': {}, 'free': np.float64(-24267.32395380944)}]
------------------------------------------
  Seed: dd:px+py
  Seed uu: [0.+0.j 0.+0.j 0.+0.j 0.+0.j], Seed dd: [0.+0.j 0.+0.j 0.+0.j 0.+0.j]
F_onsite: 0j
F_swave: 0j, F_dwave: 0j
F_px: 0j, F_py: 0j
Free_energy = -24267.32395380944
------------------------------------------
[{'stable': {}, 'free': np.float64(-24267.32395380944)}]
------------------------------------------
  Seed: dd:px+ipy
  Seed uu: [0.+0.j 0.+0.j 0.+0.j 0.+0.j], Seed dd: [0.+0.j 0.+0.j 0.+0.j 0.+0.j]
F_onsite: 0j
F_swave: 0j, F_dwave: 0j
F_px: 0j, F_py: 0j
Free_energy = -24267.32395380944
------------------------------------------
[{'stable': {}, 'free': np.float64(-24267.32395380944)}]
------------------------------------------
  Seed: uu+dd:px
  Seed uu: [ 9.30337873e-20-4.23102735e-33j -9.30337873e-20+3.12361763e-33j
 -1.35416949e-34-6.92131074e-34j  1.35793107e-34-4.93519548e-34j], Seed dd: [0.+0.j 0.+0.j 0.+0.j 0.+0.j]
F_onsite: (4.582605724192993e-24-9.874022007439531e-25j)
F_swave: (-3.9615766189600954e-24+8.467162249187803e-25j), F_dwave: (-6.210291052329008e-25+9.211400984977478e-26j)
F_px: (3.067427121125701e-25-1.7173237781544357e-38j), F_py: (-6.976398051179555e-25-3.1370349594855404e-24j)
Free_energy = -24267.32395380944
------------------------------------------
[{'stable': {}, 'free': np.float64(-24267.32395380944)}]
------------------------------------------
  Seed: uu+dd:px+py
  Seed uu: [ 2.74304898e-19-2.54704235e-32j -2.74304898e-19+2.09565252e-32j
  2.74304898e-19-2.53861641e-32j -2.74304898e-19+2.07759693e-32j], Seed dd: [0.+0.j 0.+0.j 0.+0.j 0.+0.j]
F_onsite: (-1.084071220625834e-34-1.7725503878559922e-25j)
F_swave: (6.554796420418788e-35+1.4593256580800226e-25j), F_dwave: (-2.6517499515619962e-39-2.177426170632397e-26j)
F_px: (3.229087081539571e-25-1.7894166840544572e-25j), F_py: (-1.358927064902177e-25+1.789416684054214e-25j)
Free_energy = -24267.32395380944
------------------------------------------
[{'stable': {}, 'free': np.float64(-24267.32395380944)}]
------------------------------------------
  Seed: uu+dd:px+ipy
  Seed uu: [ 2.07080784e-19-1.08243281e-32j -2.07080784e-19+8.14307255e-33j
  7.63751594e-33+2.07080784e-19j -4.89908430e-33-2.07080784e-19j], Seed dd: [0.+0.j 0.+0.j 0.+0.j 0.+0.j]
F_onsite: (7.129535778473512e-22+3.6248442166034204e-21j)
F_swave: (-6.808517503633913e-22-3.4309817087517834e-21j), F_dwave: (-4.819504910109867e-23-6.02366356508336e-23j)
F_px: (4.0542393199686847e-22-7.308425934224947e-22j), F_py: (1.2008149256703548e-21-1.980213215684736e-22j)
Free_energy = -24267.32395380944
------------------------------------------
[{'stable': {}, 'free': np.float64(-24267.32395380944)}]
------------------------------------------
====================================
mu=4.31, T=0.0508
====================================
  Seed: normal state
  Seed uu: [0.+0.j 0.+0.j 0.+0.j 0.+0.j], Seed dd: [0.+0.j 0.+0.j 0.+0.j 0.+0.j]
F_onsite: 0j
F_swave: 0j, F_dwave: 0j
F_px: 0j, F_py: 0j
Free_energy = -24267.88822090935
------------------------------------------
[{'stable': {}, 'free': np.float64(-24267.88822090935)}]
------------------------------------------
  Seed: uu:px
  Seed uu: [0.+0.j 0.+0.j 0.+0.j 0.+0.j], Seed dd: [0.+0.j 0.+0.j 0.+0.j 0.+0.j]
F_onsite: 0j
F_swave: 0j, F_dwave: 0j
F_px: 0j, F_py: 0j
Free_energy = -24267.88822090935
------------------------------------------
[{'stable': {}, 'free': np.float64(-24267.88822090935)}]
------------------------------------------
  Seed: uu:px+py
  Seed uu: [0.+0.j 0.+0.j 0.+0.j 0.+0.j], Seed dd: [0.+0.j 0.+0.j 0.+0.j 0.+0.j]
F_onsite: 0j
F_swave: 0j, F_dwave: 0j
F_px: 0j, F_py: 0j
Free_energy = -24267.88822090935
------------------------------------------
[{'stable': {}, 'free': np.float64(-24267.88822090935)}]
------------------------------------------
  Seed: uu:px+ipy
  Seed uu: [0.+0.j 0.+0.j 0.+0.j 0.+0.j], Seed dd: [0.+0.j 0.+0.j 0.+0.j 0.+0.j]
F_onsite: 0j
F_swave: 0j, F_dwave: 0j
F_px: 0j, F_py: 0j
Free_energy = -24267.88822090935
------------------------------------------
[{'stable': {}, 'free': np.float64(-24267.88822090935)}]
------------------------------------------
  Seed: dd:px
  Seed uu: [0.+0.j 0.+0.j 0.+0.j 0.+0.j], Seed dd: [0.+0.j 0.+0.j 0.+0.j 0.+0.j]
F_onsite: 0j
F_swave: 0j, F_dwave: 0j
F_px: 0j, F_py: 0j
Free_energy = -24267.88822090935
------------------------------------------
[{'stable': {}, 'free': np.float64(-24267.88822090935)}]
------------------------------------------
  Seed: dd:px+py
  Seed uu: [0.+0.j 0.+0.j 0.+0.j 0.+0.j], Seed dd: [0.+0.j 0.+0.j 0.+0.j 0.+0.j]
F_onsite: 0j
F_swave: 0j, F_dwave: 0j
F_px: 0j, F_py: 0j
Free_energy = -24267.88822090935
------------------------------------------
[{'stable': {}, 'free': np.float64(-24267.88822090935)}]
------------------------------------------
  Seed: dd:px+ipy
  Seed uu: [0.+0.j 0.+0.j 0.+0.j 0.+0.j], Seed dd: [0.+0.j 0.+0.j 0.+0.j 0.+0.j]
F_onsite: 0j
F_swave: 0j, F_dwave: 0j
F_px: 0j, F_py: 0j
Free_energy = -24267.88822090935
------------------------------------------
[{'stable': {}, 'free': np.float64(-24267.88822090935)}]
------------------------------------------
  Seed: uu+dd:px
  Seed uu: [0.+0.j 0.+0.j 0.+0.j 0.+0.j], Seed dd: [0.+0.j 0.+0.j 0.+0.j 0.+0.j]
F_onsite: 0j
F_swave: 0j, F_dwave: 0j
F_px: 0j, F_py: 0j
Free_energy = -24267.88822090935
------------------------------------------
[{'stable': {}, 'free': np.float64(-24267.88822090935)}]
------------------------------------------
  Seed: uu+dd:px+py
  Seed uu: [0.+0.j 0.+0.j 0.+0.j 0.+0.j], Seed dd: [0.+0.j 0.+0.j 0.+0.j 0.+0.j]
F_onsite: 0j
F_swave: 0j, F_dwave: 0j
F_px: 0j, F_py: 0j
Free_energy = -24267.88822090935
------------------------------------------
[{'stable': {}, 'free': np.float64(-24267.88822090935)}]
------------------------------------------
  Seed: uu+dd:px+ipy
  Seed uu: [0.+0.j 0.+0.j 0.+0.j 0.+0.j], Seed dd: [0.+0.j 0.+0.j 0.+0.j 0.+0.j]
F_onsite: 0j
F_swave: 0j, F_dwave: 0j
F_px: 0j, F_py: 0j
Free_energy = -24267.88822090935
------------------------------------------
[{'stable': {}, 'free': np.float64(-24267.88822090935)}]
------------------------------------------
====================================
mu=4.31, T=0.0590
====================================
  Seed: normal state
  Seed uu: [0.+0.j 0.+0.j 0.+0.j 0.+0.j], Seed dd: [0.+0.j 0.+0.j 0.+0.j 0.+0.j]
F_onsite: 0j
F_swave: 0j, F_dwave: 0j
F_px: 0j, F_py: 0j
Free_energy = -24268.53916317752
------------------------------------------
[{'stable': {}, 'free': np.float64(-24268.53916317752)}]
------------------------------------------
  Seed: uu:px
  Seed uu: [0.+0.j 0.+0.j 0.+0.j 0.+0.j], Seed dd: [0.+0.j 0.+0.j 0.+0.j 0.+0.j]
F_onsite: 0j
F_swave: 0j, F_dwave: 0j
F_px: 0j, F_py: 0j
Free_energy = -24268.53916317752
------------------------------------------
[{'stable': {}, 'free': np.float64(-24268.53916317752)}]
------------------------------------------
  Seed: uu:px+py
  Seed uu: [0.+0.j 0.+0.j 0.+0.j 0.+0.j], Seed dd: [0.+0.j 0.+0.j 0.+0.j 0.+0.j]
F_onsite: 0j
F_swave: 0j, F_dwave: 0j
F_px: 0j, F_py: 0j
Free_energy = -24268.53916317752
------------------------------------------
[{'stable': {}, 'free': np.float64(-24268.53916317752)}]
------------------------------------------
  Seed: uu:px+ipy
  Seed uu: [0.+0.j 0.+0.j 0.+0.j 0.+0.j], Seed dd: [0.+0.j 0.+0.j 0.+0.j 0.+0.j]
F_onsite: 0j
F_swave: 0j, F_dwave: 0j
F_px: 0j, F_py: 0j
Free_energy = -24268.53916317752
------------------------------------------
[{'stable': {}, 'free': np.float64(-24268.53916317752)}]
------------------------------------------
  Seed: dd:px
  Seed uu: [0.+0.j 0.+0.j 0.+0.j 0.+0.j], Seed dd: [0.+0.j 0.+0.j 0.+0.j 0.+0.j]
F_onsite: 0j
F_swave: 0j, F_dwave: 0j
F_px: 0j, F_py: 0j
Free_energy = -24268.53916317752
------------------------------------------
[{'stable': {}, 'free': np.float64(-24268.53916317752)}]
------------------------------------------
  Seed: dd:px+py
  Seed uu: [0.+0.j 0.+0.j 0.+0.j 0.+0.j], Seed dd: [0.+0.j 0.+0.j 0.+0.j 0.+0.j]
F_onsite: 0j
F_swave: 0j, F_dwave: 0j
F_px: 0j, F_py: 0j
Free_energy = -24268.53916317752
------------------------------------------
[{'stable': {}, 'free': np.float64(-24268.53916317752)}]
------------------------------------------
  Seed: dd:px+ipy
  Seed uu: [0.+0.j 0.+0.j 0.+0.j 0.+0.j], Seed dd: [0.+0.j 0.+0.j 0.+0.j 0.+0.j]
F_onsite: 0j
F_swave: 0j, F_dwave: 0j
F_px: 0j, F_py: 0j
Free_energy = -24268.53916317752
------------------------------------------
[{'stable': {}, 'free': np.float64(-24268.53916317752)}]
------------------------------------------
  Seed: uu+dd:px
  Seed uu: [0.+0.j 0.+0.j 0.+0.j 0.+0.j], Seed dd: [0.+0.j 0.+0.j 0.+0.j 0.+0.j]
F_onsite: 0j
F_swave: 0j, F_dwave: 0j
F_px: 0j, F_py: 0j
Free_energy = -24268.53916317752
------------------------------------------
[{'stable': {}, 'free': np.float64(-24268.53916317752)}]
------------------------------------------
  Seed: uu+dd:px+py
  Seed uu: [0.+0.j 0.+0.j 0.+0.j 0.+0.j], Seed dd: [0.+0.j 0.+0.j 0.+0.j 0.+0.j]
F_onsite: 0j
F_swave: 0j, F_dwave: 0j
F_px: 0j, F_py: 0j
Free_energy = -24268.53916317752
------------------------------------------
[{'stable': {}, 'free': np.float64(-24268.53916317752)}]
------------------------------------------
  Seed: uu+dd:px+ipy
  Seed uu: [0.+0.j 0.+0.j 0.+0.j 0.+0.j], Seed dd: [0.+0.j 0.+0.j 0.+0.j 0.+0.j]
F_onsite: 0j
F_swave: 0j, F_dwave: 0j
F_px: 0j, F_py: 0j
Free_energy = -24268.53916317752
------------------------------------------
[{'stable': {}, 'free': np.float64(-24268.53916317752)}]
------------------------------------------
====================================
mu=4.31, T=0.0673
====================================
  Seed: normal state
  Seed uu: [0.+0.j 0.+0.j 0.+0.j 0.+0.j], Seed dd: [0.+0.j 0.+0.j 0.+0.j 0.+0.j]
F_onsite: 0j
F_swave: 0j, F_dwave: 0j
F_px: 0j, F_py: 0j
Free_energy = -24269.2712488706
------------------------------------------
[{'stable': {}, 'free': np.float64(-24269.2712488706)}]
------------------------------------------
  Seed: uu:px
  Seed uu: [0.+0.j 0.+0.j 0.+0.j 0.+0.j], Seed dd: [0.+0.j 0.+0.j 0.+0.j 0.+0.j]
F_onsite: 0j
F_swave: 0j, F_dwave: 0j
F_px: 0j, F_py: 0j
Free_energy = -24269.2712488706
------------------------------------------
[{'stable': {}, 'free': np.float64(-24269.2712488706)}]
------------------------------------------
  Seed: uu:px+py
  Seed uu: [0.+0.j 0.+0.j 0.+0.j 0.+0.j], Seed dd: [0.+0.j 0.+0.j 0.+0.j 0.+0.j]
F_onsite: 0j
F_swave: 0j, F_dwave: 0j
F_px: 0j, F_py: 0j
Free_energy = -24269.2712488706
------------------------------------------
[{'stable': {}, 'free': np.float64(-24269.2712488706)}]
------------------------------------------
  Seed: uu:px+ipy
  Seed uu: [0.+0.j 0.+0.j 0.+0.j 0.+0.j], Seed dd: [0.+0.j 0.+0.j 0.+0.j 0.+0.j]
F_onsite: 0j
F_swave: 0j, F_dwave: 0j
F_px: 0j, F_py: 0j
Free_energy = -24269.2712488706
------------------------------------------
[{'stable': {}, 'free': np.float64(-24269.2712488706)}]
------------------------------------------
  Seed: dd:px
  Seed uu: [0.+0.j 0.+0.j 0.+0.j 0.+0.j], Seed dd: [0.+0.j 0.+0.j 0.+0.j 0.+0.j]
F_onsite: 0j
F_swave: 0j, F_dwave: 0j
F_px: 0j, F_py: 0j
Free_energy = -24269.2712488706
------------------------------------------
[{'stable': {}, 'free': np.float64(-24269.2712488706)}]
------------------------------------------
  Seed: dd:px+py
  Seed uu: [0.+0.j 0.+0.j 0.+0.j 0.+0.j], Seed dd: [0.+0.j 0.+0.j 0.+0.j 0.+0.j]
F_onsite: 0j
F_swave: 0j, F_dwave: 0j
F_px: 0j, F_py: 0j
Free_energy = -24269.2712488706
------------------------------------------
[{'stable': {}, 'free': np.float64(-24269.2712488706)}]
------------------------------------------
  Seed: dd:px+ipy
  Seed uu: [0.+0.j 0.+0.j 0.+0.j 0.+0.j], Seed dd: [0.+0.j 0.+0.j 0.+0.j 0.+0.j]
F_onsite: 0j
F_swave: 0j, F_dwave: 0j
F_px: 0j, F_py: 0j
Free_energy = -24269.2712488706
------------------------------------------
[{'stable': {}, 'free': np.float64(-24269.2712488706)}]
------------------------------------------
  Seed: uu+dd:px
  Seed uu: [0.+0.j 0.+0.j 0.+0.j 0.+0.j], Seed dd: [0.+0.j 0.+0.j 0.+0.j 0.+0.j]
F_onsite: 0j
F_swave: 0j, F_dwave: 0j
F_px: 0j, F_py: 0j
Free_energy = -24269.2712488706
------------------------------------------
[{'stable': {}, 'free': np.float64(-24269.2712488706)}]
------------------------------------------
  Seed: uu+dd:px+py
  Seed uu: [0.+0.j 0.+0.j 0.+0.j 0.+0.j], Seed dd: [0.+0.j 0.+0.j 0.+0.j 0.+0.j]
F_onsite: 0j
F_swave: 0j, F_dwave: 0j
F_px: 0j, F_py: 0j
Free_energy = -24269.2712488706
------------------------------------------
[{'stable': {}, 'free': np.float64(-24269.2712488706)}]
------------------------------------------
  Seed: uu+dd:px+ipy
  Seed uu: [0.+0.j 0.+0.j 0.+0.j 0.+0.j], Seed dd: [0.+0.j 0.+0.j 0.+0.j 0.+0.j]
F_onsite: 0j
F_swave: 0j, F_dwave: 0j
F_px: 0j, F_py: 0j
Free_energy = -24269.2712488706
------------------------------------------
[{'stable': {}, 'free': np.float64(-24269.2712488706)}]
------------------------------------------
====================================
mu=4.31, T=0.0756
====================================
  Seed: normal state
  Seed uu: [0.+0.j 0.+0.j 0.+0.j 0.+0.j], Seed dd: [0.+0.j 0.+0.j 0.+0.j 0.+0.j]
F_onsite: 0j
F_swave: 0j, F_dwave: 0j
F_px: 0j, F_py: 0j
Free_energy = -24270.079746902524
------------------------------------------
[{'stable': {}, 'free': np.float64(-24270.079746902524)}]
------------------------------------------
  Seed: uu:px
  Seed uu: [0.+0.j 0.+0.j 0.+0.j 0.+0.j], Seed dd: [0.+0.j 0.+0.j 0.+0.j 0.+0.j]
F_onsite: 0j
F_swave: 0j, F_dwave: 0j
F_px: 0j, F_py: 0j
Free_energy = -24270.079746902524
------------------------------------------
[{'stable': {}, 'free': np.float64(-24270.079746902524)}]
------------------------------------------
  Seed: uu:px+py
  Seed uu: [0.+0.j 0.+0.j 0.+0.j 0.+0.j], Seed dd: [0.+0.j 0.+0.j 0.+0.j 0.+0.j]
F_onsite: 0j
F_swave: 0j, F_dwave: 0j
F_px: 0j, F_py: 0j
Free_energy = -24270.079746902524
------------------------------------------
[{'stable': {}, 'free': np.float64(-24270.079746902524)}]
------------------------------------------
  Seed: uu:px+ipy
  Seed uu: [0.+0.j 0.+0.j 0.+0.j 0.+0.j], Seed dd: [0.+0.j 0.+0.j 0.+0.j 0.+0.j]
F_onsite: 0j
F_swave: 0j, F_dwave: 0j
F_px: 0j, F_py: 0j
Free_energy = -24270.079746902524
------------------------------------------
[{'stable': {}, 'free': np.float64(-24270.079746902524)}]
------------------------------------------
  Seed: dd:px
  Seed uu: [0.+0.j 0.+0.j 0.+0.j 0.+0.j], Seed dd: [0.+0.j 0.+0.j 0.+0.j 0.+0.j]
F_onsite: 0j
F_swave: 0j, F_dwave: 0j
F_px: 0j, F_py: 0j
Free_energy = -24270.079746902524
------------------------------------------
[{'stable': {}, 'free': np.float64(-24270.079746902524)}]
------------------------------------------
  Seed: dd:px+py
  Seed uu: [0.+0.j 0.+0.j 0.+0.j 0.+0.j], Seed dd: [0.+0.j 0.+0.j 0.+0.j 0.+0.j]
F_onsite: 0j
F_swave: 0j, F_dwave: 0j
F_px: 0j, F_py: 0j
Free_energy = -24270.079746902524
------------------------------------------
[{'stable': {}, 'free': np.float64(-24270.079746902524)}]
------------------------------------------
  Seed: dd:px+ipy
  Seed uu: [0.+0.j 0.+0.j 0.+0.j 0.+0.j], Seed dd: [0.+0.j 0.+0.j 0.+0.j 0.+0.j]
F_onsite: 0j
F_swave: 0j, F_dwave: 0j
F_px: 0j, F_py: 0j
Free_energy = -24270.079746902524
------------------------------------------
[{'stable': {}, 'free': np.float64(-24270.079746902524)}]
------------------------------------------
  Seed: uu+dd:px
  Seed uu: [0.+0.j 0.+0.j 0.+0.j 0.+0.j], Seed dd: [0.+0.j 0.+0.j 0.+0.j 0.+0.j]
F_onsite: 0j
F_swave: 0j, F_dwave: 0j
F_px: 0j, F_py: 0j
Free_energy = -24270.079746902524
------------------------------------------
[{'stable': {}, 'free': np.float64(-24270.079746902524)}]
------------------------------------------
  Seed: uu+dd:px+py
  Seed uu: [0.+0.j 0.+0.j 0.+0.j 0.+0.j], Seed dd: [0.+0.j 0.+0.j 0.+0.j 0.+0.j]
F_onsite: 0j
F_swave: 0j, F_dwave: 0j
F_px: 0j, F_py: 0j
Free_energy = -24270.079746902524
------------------------------------------
[{'stable': {}, 'free': np.float64(-24270.079746902524)}]
------------------------------------------
  Seed: uu+dd:px+ipy
  Seed uu: [0.+0.j 0.+0.j 0.+0.j 0.+0.j], Seed dd: [0.+0.j 0.+0.j 0.+0.j 0.+0.j]
F_onsite: 0j
F_swave: 0j, F_dwave: 0j
F_px: 0j, F_py: 0j
Free_energy = -24270.079746902524
------------------------------------------
[{'stable': {}, 'free': np.float64(-24270.079746902524)}]
------------------------------------------
====================================
mu=4.31, T=0.0839
====================================
  Seed: normal state
  Seed uu: [0.+0.j 0.+0.j 0.+0.j 0.+0.j], Seed dd: [0.+0.j 0.+0.j 0.+0.j 0.+0.j]
F_onsite: 0j
F_swave: 0j, F_dwave: 0j
F_px: 0j, F_py: 0j
Free_energy = -24270.960811691584
------------------------------------------
[{'stable': {}, 'free': np.float64(-24270.960811691584)}]
------------------------------------------
  Seed: uu:px
  Seed uu: [0.+0.j 0.+0.j 0.+0.j 0.+0.j], Seed dd: [0.+0.j 0.+0.j 0.+0.j 0.+0.j]
F_onsite: 0j
F_swave: 0j, F_dwave: 0j
F_px: 0j, F_py: 0j
Free_energy = -24270.960811691584
------------------------------------------
[{'stable': {}, 'free': np.float64(-24270.960811691584)}]
------------------------------------------
  Seed: uu:px+py
  Seed uu: [0.+0.j 0.+0.j 0.+0.j 0.+0.j], Seed dd: [0.+0.j 0.+0.j 0.+0.j 0.+0.j]
F_onsite: 0j
F_swave: 0j, F_dwave: 0j
F_px: 0j, F_py: 0j
Free_energy = -24270.960811691584
------------------------------------------
[{'stable': {}, 'free': np.float64(-24270.960811691584)}]
------------------------------------------
  Seed: uu:px+ipy
  Seed uu: [0.+0.j 0.+0.j 0.+0.j 0.+0.j], Seed dd: [0.+0.j 0.+0.j 0.+0.j 0.+0.j]
F_onsite: 0j
F_swave: 0j, F_dwave: 0j
F_px: 0j, F_py: 0j
Free_energy = -24270.960811691584
------------------------------------------
[{'stable': {}, 'free': np.float64(-24270.960811691584)}]
------------------------------------------
  Seed: dd:px
  Seed uu: [0.+0.j 0.+0.j 0.+0.j 0.+0.j], Seed dd: [0.+0.j 0.+0.j 0.+0.j 0.+0.j]
F_onsite: 0j
F_swave: 0j, F_dwave: 0j
F_px: 0j, F_py: 0j
Free_energy = -24270.960811691584
------------------------------------------
[{'stable': {}, 'free': np.float64(-24270.960811691584)}]
------------------------------------------
  Seed: dd:px+py
  Seed uu: [0.+0.j 0.+0.j 0.+0.j 0.+0.j], Seed dd: [0.+0.j 0.+0.j 0.+0.j 0.+0.j]
F_onsite: 0j
F_swave: 0j, F_dwave: 0j
F_px: 0j, F_py: 0j
Free_energy = -24270.960811691584
------------------------------------------
[{'stable': {}, 'free': np.float64(-24270.960811691584)}]
------------------------------------------
  Seed: dd:px+ipy
  Seed uu: [0.+0.j 0.+0.j 0.+0.j 0.+0.j], Seed dd: [0.+0.j 0.+0.j 0.+0.j 0.+0.j]
F_onsite: 0j
F_swave: 0j, F_dwave: 0j
F_px: 0j, F_py: 0j
Free_energy = -24270.960811691584
------------------------------------------
[{'stable': {}, 'free': np.float64(-24270.960811691584)}]
------------------------------------------
  Seed: uu+dd:px
  Seed uu: [0.+0.j 0.+0.j 0.+0.j 0.+0.j], Seed dd: [0.+0.j 0.+0.j 0.+0.j 0.+0.j]
F_onsite: 0j
F_swave: 0j, F_dwave: 0j
F_px: 0j, F_py: 0j
Free_energy = -24270.960811691584
------------------------------------------
[{'stable': {}, 'free': np.float64(-24270.960811691584)}]
------------------------------------------
  Seed: uu+dd:px+py
  Seed uu: [0.+0.j 0.+0.j 0.+0.j 0.+0.j], Seed dd: [0.+0.j 0.+0.j 0.+0.j 0.+0.j]
F_onsite: 0j
F_swave: 0j, F_dwave: 0j
F_px: 0j, F_py: 0j
Free_energy = -24270.960811691584
------------------------------------------
[{'stable': {}, 'free': np.float64(-24270.960811691584)}]
------------------------------------------
  Seed: uu+dd:px+ipy
  Seed uu: [0.+0.j 0.+0.j 0.+0.j 0.+0.j], Seed dd: [0.+0.j 0.+0.j 0.+0.j 0.+0.j]
F_onsite: 0j
F_swave: 0j, F_dwave: 0j
F_px: 0j, F_py: 0j
Free_energy = -24270.960811691584
------------------------------------------
[{'stable': {}, 'free': np.float64(-24270.960811691584)}]
------------------------------------------
====================================
mu=4.31, T=0.0922
====================================
  Seed: normal state
  Seed uu: [0.+0.j 0.+0.j 0.+0.j 0.+0.j], Seed dd: [0.+0.j 0.+0.j 0.+0.j 0.+0.j]
F_onsite: 0j
F_swave: 0j, F_dwave: 0j
F_px: 0j, F_py: 0j
Free_energy = -24271.911437857005
------------------------------------------
[{'stable': {}, 'free': np.float64(-24271.911437857005)}]
------------------------------------------
  Seed: uu:px
  Seed uu: [0.+0.j 0.+0.j 0.+0.j 0.+0.j], Seed dd: [0.+0.j 0.+0.j 0.+0.j 0.+0.j]
F_onsite: 0j
F_swave: 0j, F_dwave: 0j
F_px: 0j, F_py: 0j
Free_energy = -24271.911437857005
------------------------------------------
[{'stable': {}, 'free': np.float64(-24271.911437857005)}]
------------------------------------------
  Seed: uu:px+py
  Seed uu: [0.+0.j 0.+0.j 0.+0.j 0.+0.j], Seed dd: [0.+0.j 0.+0.j 0.+0.j 0.+0.j]
F_onsite: 0j
F_swave: 0j, F_dwave: 0j
F_px: 0j, F_py: 0j
Free_energy = -24271.911437857005
------------------------------------------
[{'stable': {}, 'free': np.float64(-24271.911437857005)}]
------------------------------------------
  Seed: uu:px+ipy
  Seed uu: [0.+0.j 0.+0.j 0.+0.j 0.+0.j], Seed dd: [0.+0.j 0.+0.j 0.+0.j 0.+0.j]
F_onsite: 0j
F_swave: 0j, F_dwave: 0j
F_px: 0j, F_py: 0j
Free_energy = -24271.911437857005
------------------------------------------
[{'stable': {}, 'free': np.float64(-24271.911437857005)}]
------------------------------------------
  Seed: dd:px
  Seed uu: [0.+0.j 0.+0.j 0.+0.j 0.+0.j], Seed dd: [0.+0.j 0.+0.j 0.+0.j 0.+0.j]
F_onsite: 0j
F_swave: 0j, F_dwave: 0j
F_px: 0j, F_py: 0j
Free_energy = -24271.911437857005
------------------------------------------
[{'stable': {}, 'free': np.float64(-24271.911437857005)}]
------------------------------------------
  Seed: dd:px+py
  Seed uu: [0.+0.j 0.+0.j 0.+0.j 0.+0.j], Seed dd: [0.+0.j 0.+0.j 0.+0.j 0.+0.j]
F_onsite: 0j
F_swave: 0j, F_dwave: 0j
F_px: 0j, F_py: 0j
Free_energy = -24271.911437857005
------------------------------------------
[{'stable': {}, 'free': np.float64(-24271.911437857005)}]
------------------------------------------
  Seed: dd:px+ipy
  Seed uu: [0.+0.j 0.+0.j 0.+0.j 0.+0.j], Seed dd: [0.+0.j 0.+0.j 0.+0.j 0.+0.j]
F_onsite: 0j
F_swave: 0j, F_dwave: 0j
F_px: 0j, F_py: 0j
Free_energy = -24271.911437857005
------------------------------------------
[{'stable': {}, 'free': np.float64(-24271.911437857005)}]
------------------------------------------
  Seed: uu+dd:px
  Seed uu: [0.+0.j 0.+0.j 0.+0.j 0.+0.j], Seed dd: [0.+0.j 0.+0.j 0.+0.j 0.+0.j]
F_onsite: 0j
F_swave: 0j, F_dwave: 0j
F_px: 0j, F_py: 0j
Free_energy = -24271.911437857005
------------------------------------------
[{'stable': {}, 'free': np.float64(-24271.911437857005)}]
------------------------------------------
  Seed: uu+dd:px+py
  Seed uu: [0.+0.j 0.+0.j 0.+0.j 0.+0.j], Seed dd: [0.+0.j 0.+0.j 0.+0.j 0.+0.j]
F_onsite: 0j
F_swave: 0j, F_dwave: 0j
F_px: 0j, F_py: 0j
Free_energy = -24271.911437857005
------------------------------------------
[{'stable': {}, 'free': np.float64(-24271.911437857005)}]
------------------------------------------
  Seed: uu+dd:px+ipy
  Seed uu: [0.+0.j 0.+0.j 0.+0.j 0.+0.j], Seed dd: [0.+0.j 0.+0.j 0.+0.j 0.+0.j]
F_onsite: 0j
F_swave: 0j, F_dwave: 0j
F_px: 0j, F_py: 0j
Free_energy = -24271.911437857005
------------------------------------------
[{'stable': {}, 'free': np.float64(-24271.911437857005)}]
------------------------------------------
====================================
mu=4.31, T=0.1005
====================================
  Seed: normal state
  Seed uu: [0.+0.j 0.+0.j 0.+0.j 0.+0.j], Seed dd: [0.+0.j 0.+0.j 0.+0.j 0.+0.j]
F_onsite: 0j
F_swave: 0j, F_dwave: 0j
F_px: 0j, F_py: 0j
Free_energy = -24272.929371156264
------------------------------------------
[{'stable': {}, 'free': np.float64(-24272.929371156264)}]
------------------------------------------
  Seed: uu:px
  Seed uu: [0.+0.j 0.+0.j 0.+0.j 0.+0.j], Seed dd: [0.+0.j 0.+0.j 0.+0.j 0.+0.j]
F_onsite: 0j
F_swave: 0j, F_dwave: 0j
F_px: 0j, F_py: 0j
Free_energy = -24272.929371156264
------------------------------------------
[{'stable': {}, 'free': np.float64(-24272.929371156264)}]
------------------------------------------
  Seed: uu:px+py
  Seed uu: [0.+0.j 0.+0.j 0.+0.j 0.+0.j], Seed dd: [0.+0.j 0.+0.j 0.+0.j 0.+0.j]
F_onsite: 0j
F_swave: 0j, F_dwave: 0j
F_px: 0j, F_py: 0j
Free_energy = -24272.929371156264
------------------------------------------
[{'stable': {}, 'free': np.float64(-24272.929371156264)}]
------------------------------------------
  Seed: uu:px+ipy
  Seed uu: [0.+0.j 0.+0.j 0.+0.j 0.+0.j], Seed dd: [0.+0.j 0.+0.j 0.+0.j 0.+0.j]
F_onsite: 0j
F_swave: 0j, F_dwave: 0j
F_px: 0j, F_py: 0j
Free_energy = -24272.929371156264
------------------------------------------
[{'stable': {}, 'free': np.float64(-24272.929371156264)}]
------------------------------------------
  Seed: dd:px
  Seed uu: [0.+0.j 0.+0.j 0.+0.j 0.+0.j], Seed dd: [0.+0.j 0.+0.j 0.+0.j 0.+0.j]
F_onsite: 0j
F_swave: 0j, F_dwave: 0j
F_px: 0j, F_py: 0j
Free_energy = -24272.929371156264
------------------------------------------
[{'stable': {}, 'free': np.float64(-24272.929371156264)}]
------------------------------------------
  Seed: dd:px+py
  Seed uu: [0.+0.j 0.+0.j 0.+0.j 0.+0.j], Seed dd: [0.+0.j 0.+0.j 0.+0.j 0.+0.j]
F_onsite: 0j
F_swave: 0j, F_dwave: 0j
F_px: 0j, F_py: 0j
Free_energy = -24272.929371156264
------------------------------------------
[{'stable': {}, 'free': np.float64(-24272.929371156264)}]
------------------------------------------
  Seed: dd:px+ipy
  Seed uu: [0.+0.j 0.+0.j 0.+0.j 0.+0.j], Seed dd: [0.+0.j 0.+0.j 0.+0.j 0.+0.j]
F_onsite: 0j
F_swave: 0j, F_dwave: 0j
F_px: 0j, F_py: 0j
Free_energy = -24272.929371156264
------------------------------------------
[{'stable': {}, 'free': np.float64(-24272.929371156264)}]
------------------------------------------
  Seed: uu+dd:px
  Seed uu: [0.+0.j 0.+0.j 0.+0.j 0.+0.j], Seed dd: [0.+0.j 0.+0.j 0.+0.j 0.+0.j]
F_onsite: 0j
F_swave: 0j, F_dwave: 0j
F_px: 0j, F_py: 0j
Free_energy = -24272.929371156264
------------------------------------------
[{'stable': {}, 'free': np.float64(-24272.929371156264)}]
------------------------------------------
  Seed: uu+dd:px+py
  Seed uu: [0.+0.j 0.+0.j 0.+0.j 0.+0.j], Seed dd: [0.+0.j 0.+0.j 0.+0.j 0.+0.j]
F_onsite: 0j
F_swave: 0j, F_dwave: 0j
F_px: 0j, F_py: 0j
Free_energy = -24272.929371156264
------------------------------------------
[{'stable': {}, 'free': np.float64(-24272.929371156264)}]
------------------------------------------
  Seed: uu+dd:px+ipy
  Seed uu: [0.+0.j 0.+0.j 0.+0.j 0.+0.j], Seed dd: [0.+0.j 0.+0.j 0.+0.j 0.+0.j]
F_onsite: 0j
F_swave: 0j, F_dwave: 0j
F_px: 0j, F_py: 0j
Free_energy = -24272.929371156264
------------------------------------------
[{'stable': {}, 'free': np.float64(-24272.929371156264)}]
------------------------------------------
====================================
mu=4.31, T=0.1088
====================================
  Seed: normal state
  Seed uu: [0.+0.j 0.+0.j 0.+0.j 0.+0.j], Seed dd: [0.+0.j 0.+0.j 0.+0.j 0.+0.j]
F_onsite: 0j
F_swave: 0j, F_dwave: 0j
F_px: 0j, F_py: 0j
Free_energy = -24274.013013062013
------------------------------------------
[{'stable': {}, 'free': np.float64(-24274.013013062013)}]
------------------------------------------
  Seed: uu:px
  Seed uu: [0.+0.j 0.+0.j 0.+0.j 0.+0.j], Seed dd: [0.+0.j 0.+0.j 0.+0.j 0.+0.j]
F_onsite: 0j
F_swave: 0j, F_dwave: 0j
F_px: 0j, F_py: 0j
Free_energy = -24274.013013062013
------------------------------------------
[{'stable': {}, 'free': np.float64(-24274.013013062013)}]
------------------------------------------
  Seed: uu:px+py
  Seed uu: [0.+0.j 0.+0.j 0.+0.j 0.+0.j], Seed dd: [0.+0.j 0.+0.j 0.+0.j 0.+0.j]
F_onsite: 0j
F_swave: 0j, F_dwave: 0j
F_px: 0j, F_py: 0j
Free_energy = -24274.013013062013
------------------------------------------
[{'stable': {}, 'free': np.float64(-24274.013013062013)}]
------------------------------------------
  Seed: uu:px+ipy
  Seed uu: [0.+0.j 0.+0.j 0.+0.j 0.+0.j], Seed dd: [0.+0.j 0.+0.j 0.+0.j 0.+0.j]
F_onsite: 0j
F_swave: 0j, F_dwave: 0j
F_px: 0j, F_py: 0j
Free_energy = -24274.013013062013
------------------------------------------
[{'stable': {}, 'free': np.float64(-24274.013013062013)}]
------------------------------------------
  Seed: dd:px
  Seed uu: [0.+0.j 0.+0.j 0.+0.j 0.+0.j], Seed dd: [0.+0.j 0.+0.j 0.+0.j 0.+0.j]
F_onsite: 0j
F_swave: 0j, F_dwave: 0j
F_px: 0j, F_py: 0j
Free_energy = -24274.013013062013
------------------------------------------
[{'stable': {}, 'free': np.float64(-24274.013013062013)}]
------------------------------------------
  Seed: dd:px+py
  Seed uu: [0.+0.j 0.+0.j 0.+0.j 0.+0.j], Seed dd: [0.+0.j 0.+0.j 0.+0.j 0.+0.j]
F_onsite: 0j
F_swave: 0j, F_dwave: 0j
F_px: 0j, F_py: 0j
Free_energy = -24274.013013062013
------------------------------------------
[{'stable': {}, 'free': np.float64(-24274.013013062013)}]
------------------------------------------
  Seed: dd:px+ipy
  Seed uu: [0.+0.j 0.+0.j 0.+0.j 0.+0.j], Seed dd: [0.+0.j 0.+0.j 0.+0.j 0.+0.j]
F_onsite: 0j
F_swave: 0j, F_dwave: 0j
F_px: 0j, F_py: 0j
Free_energy = -24274.013013062013
------------------------------------------
[{'stable': {}, 'free': np.float64(-24274.013013062013)}]
------------------------------------------
  Seed: uu+dd:px
  Seed uu: [0.+0.j 0.+0.j 0.+0.j 0.+0.j], Seed dd: [0.+0.j 0.+0.j 0.+0.j 0.+0.j]
F_onsite: 0j
F_swave: 0j, F_dwave: 0j
F_px: 0j, F_py: 0j
Free_energy = -24274.013013062013
------------------------------------------
[{'stable': {}, 'free': np.float64(-24274.013013062013)}]
------------------------------------------
  Seed: uu+dd:px+py
  Seed uu: [0.+0.j 0.+0.j 0.+0.j 0.+0.j], Seed dd: [0.+0.j 0.+0.j 0.+0.j 0.+0.j]
F_onsite: 0j
F_swave: 0j, F_dwave: 0j
F_px: 0j, F_py: 0j
Free_energy = -24274.013013062013
------------------------------------------
[{'stable': {}, 'free': np.float64(-24274.013013062013)}]
------------------------------------------
  Seed: uu+dd:px+ipy
  Seed uu: [0.+0.j 0.+0.j 0.+0.j 0.+0.j], Seed dd: [0.+0.j 0.+0.j 0.+0.j 0.+0.j]
F_onsite: 0j
F_swave: 0j, F_dwave: 0j
F_px: 0j, F_py: 0j
Free_energy = -24274.013013062013
------------------------------------------
[{'stable': {}, 'free': np.float64(-24274.013013062013)}]
------------------------------------------
====================================
mu=4.31, T=0.1171
====================================
  Seed: normal state
  Seed uu: [0.+0.j 0.+0.j 0.+0.j 0.+0.j], Seed dd: [0.+0.j 0.+0.j 0.+0.j 0.+0.j]
F_onsite: 0j
F_swave: 0j, F_dwave: 0j
F_px: 0j, F_py: 0j
Free_energy = -24275.16133201192
------------------------------------------
[{'stable': {}, 'free': np.float64(-24275.16133201192)}]
------------------------------------------
  Seed: uu:px
  Seed uu: [0.+0.j 0.+0.j 0.+0.j 0.+0.j], Seed dd: [0.+0.j 0.+0.j 0.+0.j 0.+0.j]
F_onsite: 0j
F_swave: 0j, F_dwave: 0j
F_px: 0j, F_py: 0j
Free_energy = -24275.16133201192
------------------------------------------
[{'stable': {}, 'free': np.float64(-24275.16133201192)}]
------------------------------------------
  Seed: uu:px+py
  Seed uu: [0.+0.j 0.+0.j 0.+0.j 0.+0.j], Seed dd: [0.+0.j 0.+0.j 0.+0.j 0.+0.j]
F_onsite: 0j
F_swave: 0j, F_dwave: 0j
F_px: 0j, F_py: 0j
Free_energy = -24275.16133201192
------------------------------------------
[{'stable': {}, 'free': np.float64(-24275.16133201192)}]
------------------------------------------
  Seed: uu:px+ipy
  Seed uu: [0.+0.j 0.+0.j 0.+0.j 0.+0.j], Seed dd: [0.+0.j 0.+0.j 0.+0.j 0.+0.j]
F_onsite: 0j
F_swave: 0j, F_dwave: 0j
F_px: 0j, F_py: 0j
Free_energy = -24275.16133201192
------------------------------------------
[{'stable': {}, 'free': np.float64(-24275.16133201192)}]
------------------------------------------
  Seed: dd:px
  Seed uu: [0.+0.j 0.+0.j 0.+0.j 0.+0.j], Seed dd: [0.+0.j 0.+0.j 0.+0.j 0.+0.j]
F_onsite: 0j
F_swave: 0j, F_dwave: 0j
F_px: 0j, F_py: 0j
Free_energy = -24275.16133201192
------------------------------------------
[{'stable': {}, 'free': np.float64(-24275.16133201192)}]
------------------------------------------
  Seed: dd:px+py
  Seed uu: [0.+0.j 0.+0.j 0.+0.j 0.+0.j], Seed dd: [0.+0.j 0.+0.j 0.+0.j 0.+0.j]
F_onsite: 0j
F_swave: 0j, F_dwave: 0j
F_px: 0j, F_py: 0j
Free_energy = -24275.16133201192
------------------------------------------
[{'stable': {}, 'free': np.float64(-24275.16133201192)}]
------------------------------------------
  Seed: dd:px+ipy
  Seed uu: [0.+0.j 0.+0.j 0.+0.j 0.+0.j], Seed dd: [0.+0.j 0.+0.j 0.+0.j 0.+0.j]
F_onsite: 0j
F_swave: 0j, F_dwave: 0j
F_px: 0j, F_py: 0j
Free_energy = -24275.16133201192
------------------------------------------
[{'stable': {}, 'free': np.float64(-24275.16133201192)}]
------------------------------------------
  Seed: uu+dd:px
  Seed uu: [0.+0.j 0.+0.j 0.+0.j 0.+0.j], Seed dd: [0.+0.j 0.+0.j 0.+0.j 0.+0.j]
F_onsite: 0j
F_swave: 0j, F_dwave: 0j
F_px: 0j, F_py: 0j
Free_energy = -24275.16133201192
------------------------------------------
[{'stable': {}, 'free': np.float64(-24275.16133201192)}]
------------------------------------------
  Seed: uu+dd:px+py
  Seed uu: [0.+0.j 0.+0.j 0.+0.j 0.+0.j], Seed dd: [0.+0.j 0.+0.j 0.+0.j 0.+0.j]
F_onsite: 0j
F_swave: 0j, F_dwave: 0j
F_px: 0j, F_py: 0j
Free_energy = -24275.16133201192
------------------------------------------
[{'stable': {}, 'free': np.float64(-24275.16133201192)}]
------------------------------------------
  Seed: uu+dd:px+ipy
  Seed uu: [0.+0.j 0.+0.j 0.+0.j 0.+0.j], Seed dd: [0.+0.j 0.+0.j 0.+0.j 0.+0.j]
F_onsite: 0j
F_swave: 0j, F_dwave: 0j
F_px: 0j, F_py: 0j
Free_energy = -24275.16133201192
------------------------------------------
[{'stable': {}, 'free': np.float64(-24275.16133201192)}]
------------------------------------------
====================================
mu=4.31, T=0.1254
====================================
  Seed: normal state
  Seed uu: [0.+0.j 0.+0.j 0.+0.j 0.+0.j], Seed dd: [0.+0.j 0.+0.j 0.+0.j 0.+0.j]
F_onsite: 0j
F_swave: 0j, F_dwave: 0j
F_px: 0j, F_py: 0j
Free_energy = -24276.373784205494
------------------------------------------
[{'stable': {}, 'free': np.float64(-24276.373784205494)}]
------------------------------------------
  Seed: uu:px
  Seed uu: [0.+0.j 0.+0.j 0.+0.j 0.+0.j], Seed dd: [0.+0.j 0.+0.j 0.+0.j 0.+0.j]
F_onsite: 0j
F_swave: 0j, F_dwave: 0j
F_px: 0j, F_py: 0j
Free_energy = -24276.373784205494
------------------------------------------
[{'stable': {}, 'free': np.float64(-24276.373784205494)}]
------------------------------------------
  Seed: uu:px+py
  Seed uu: [0.+0.j 0.+0.j 0.+0.j 0.+0.j], Seed dd: [0.+0.j 0.+0.j 0.+0.j 0.+0.j]
F_onsite: 0j
F_swave: 0j, F_dwave: 0j
F_px: 0j, F_py: 0j
Free_energy = -24276.373784205494
------------------------------------------
[{'stable': {}, 'free': np.float64(-24276.373784205494)}]
------------------------------------------
  Seed: uu:px+ipy
  Seed uu: [0.+0.j 0.+0.j 0.+0.j 0.+0.j], Seed dd: [0.+0.j 0.+0.j 0.+0.j 0.+0.j]
F_onsite: 0j
F_swave: 0j, F_dwave: 0j
F_px: 0j, F_py: 0j
Free_energy = -24276.373784205494
------------------------------------------
[{'stable': {}, 'free': np.float64(-24276.373784205494)}]
------------------------------------------
  Seed: dd:px
  Seed uu: [0.+0.j 0.+0.j 0.+0.j 0.+0.j], Seed dd: [0.+0.j 0.+0.j 0.+0.j 0.+0.j]
F_onsite: 0j
F_swave: 0j, F_dwave: 0j
F_px: 0j, F_py: 0j
Free_energy = -24276.373784205494
------------------------------------------
[{'stable': {}, 'free': np.float64(-24276.373784205494)}]
------------------------------------------
  Seed: dd:px+py
  Seed uu: [0.+0.j 0.+0.j 0.+0.j 0.+0.j], Seed dd: [0.+0.j 0.+0.j 0.+0.j 0.+0.j]
F_onsite: 0j
F_swave: 0j, F_dwave: 0j
F_px: 0j, F_py: 0j
Free_energy = -24276.373784205494
------------------------------------------
[{'stable': {}, 'free': np.float64(-24276.373784205494)}]
------------------------------------------
  Seed: dd:px+ipy
  Seed uu: [0.+0.j 0.+0.j 0.+0.j 0.+0.j], Seed dd: [0.+0.j 0.+0.j 0.+0.j 0.+0.j]
F_onsite: 0j
F_swave: 0j, F_dwave: 0j
F_px: 0j, F_py: 0j
Free_energy = -24276.373784205494
------------------------------------------
[{'stable': {}, 'free': np.float64(-24276.373784205494)}]
------------------------------------------
  Seed: uu+dd:px
  Seed uu: [0.+0.j 0.+0.j 0.+0.j 0.+0.j], Seed dd: [0.+0.j 0.+0.j 0.+0.j 0.+0.j]
F_onsite: 0j
F_swave: 0j, F_dwave: 0j
F_px: 0j, F_py: 0j
Free_energy = -24276.373784205494
------------------------------------------
[{'stable': {}, 'free': np.float64(-24276.373784205494)}]
------------------------------------------
  Seed: uu+dd:px+py
  Seed uu: [0.+0.j 0.+0.j 0.+0.j 0.+0.j], Seed dd: [0.+0.j 0.+0.j 0.+0.j 0.+0.j]
F_onsite: 0j
F_swave: 0j, F_dwave: 0j
F_px: 0j, F_py: 0j
Free_energy = -24276.373784205494
------------------------------------------
[{'stable': {}, 'free': np.float64(-24276.373784205494)}]
------------------------------------------
  Seed: uu+dd:px+ipy
  Seed uu: [0.+0.j 0.+0.j 0.+0.j 0.+0.j], Seed dd: [0.+0.j 0.+0.j 0.+0.j 0.+0.j]
F_onsite: 0j
F_swave: 0j, F_dwave: 0j
F_px: 0j, F_py: 0j
Free_energy = -24276.373784205494
------------------------------------------
[{'stable': {}, 'free': np.float64(-24276.373784205494)}]
------------------------------------------
====================================
mu=4.31, T=0.1337
====================================
  Seed: normal state
  Seed uu: [0.+0.j 0.+0.j 0.+0.j 0.+0.j], Seed dd: [0.+0.j 0.+0.j 0.+0.j 0.+0.j]
F_onsite: 0j
F_swave: 0j, F_dwave: 0j
F_px: 0j, F_py: 0j
Free_energy = -24277.65024344203
------------------------------------------
[{'stable': {}, 'free': np.float64(-24277.65024344203)}]
------------------------------------------
  Seed: uu:px
  Seed uu: [0.+0.j 0.+0.j 0.+0.j 0.+0.j], Seed dd: [0.+0.j 0.+0.j 0.+0.j 0.+0.j]
F_onsite: 0j
F_swave: 0j, F_dwave: 0j
F_px: 0j, F_py: 0j
Free_energy = -24277.65024344203
------------------------------------------
[{'stable': {}, 'free': np.float64(-24277.65024344203)}]
------------------------------------------
  Seed: uu:px+py
  Seed uu: [0.+0.j 0.+0.j 0.+0.j 0.+0.j], Seed dd: [0.+0.j 0.+0.j 0.+0.j 0.+0.j]
F_onsite: 0j
F_swave: 0j, F_dwave: 0j
F_px: 0j, F_py: 0j
Free_energy = -24277.65024344203
------------------------------------------
[{'stable': {}, 'free': np.float64(-24277.65024344203)}]
------------------------------------------
  Seed: uu:px+ipy
  Seed uu: [0.+0.j 0.+0.j 0.+0.j 0.+0.j], Seed dd: [0.+0.j 0.+0.j 0.+0.j 0.+0.j]
F_onsite: 0j
F_swave: 0j, F_dwave: 0j
F_px: 0j, F_py: 0j
Free_energy = -24277.65024344203
------------------------------------------
[{'stable': {}, 'free': np.float64(-24277.65024344203)}]
------------------------------------------
  Seed: dd:px
  Seed uu: [0.+0.j 0.+0.j 0.+0.j 0.+0.j], Seed dd: [0.+0.j 0.+0.j 0.+0.j 0.+0.j]
F_onsite: 0j
F_swave: 0j, F_dwave: 0j
F_px: 0j, F_py: 0j
Free_energy = -24277.65024344203
------------------------------------------
[{'stable': {}, 'free': np.float64(-24277.65024344203)}]
------------------------------------------
  Seed: dd:px+py
  Seed uu: [0.+0.j 0.+0.j 0.+0.j 0.+0.j], Seed dd: [0.+0.j 0.+0.j 0.+0.j 0.+0.j]
F_onsite: 0j
F_swave: 0j, F_dwave: 0j
F_px: 0j, F_py: 0j
Free_energy = -24277.65024344203
------------------------------------------
[{'stable': {}, 'free': np.float64(-24277.65024344203)}]
------------------------------------------
  Seed: dd:px+ipy
  Seed uu: [0.+0.j 0.+0.j 0.+0.j 0.+0.j], Seed dd: [0.+0.j 0.+0.j 0.+0.j 0.+0.j]
F_onsite: 0j
F_swave: 0j, F_dwave: 0j
F_px: 0j, F_py: 0j
Free_energy = -24277.65024344203
------------------------------------------
[{'stable': {}, 'free': np.float64(-24277.65024344203)}]
------------------------------------------
  Seed: uu+dd:px
  Seed uu: [0.+0.j 0.+0.j 0.+0.j 0.+0.j], Seed dd: [0.+0.j 0.+0.j 0.+0.j 0.+0.j]
F_onsite: 0j
F_swave: 0j, F_dwave: 0j
F_px: 0j, F_py: 0j
Free_energy = -24277.65024344203
------------------------------------------
[{'stable': {}, 'free': np.float64(-24277.65024344203)}]
------------------------------------------
  Seed: uu+dd:px+py
  Seed uu: [0.+0.j 0.+0.j 0.+0.j 0.+0.j], Seed dd: [0.+0.j 0.+0.j 0.+0.j 0.+0.j]
F_onsite: 0j
F_swave: 0j, F_dwave: 0j
F_px: 0j, F_py: 0j
Free_energy = -24277.65024344203
------------------------------------------
[{'stable': {}, 'free': np.float64(-24277.65024344203)}]
------------------------------------------
  Seed: uu+dd:px+ipy
  Seed uu: [0.+0.j 0.+0.j 0.+0.j 0.+0.j], Seed dd: [0.+0.j 0.+0.j 0.+0.j 0.+0.j]
F_onsite: 0j
F_swave: 0j, F_dwave: 0j
F_px: 0j, F_py: 0j
Free_energy = -24277.65024344203
------------------------------------------
[{'stable': {}, 'free': np.float64(-24277.65024344203)}]
------------------------------------------
====================================
mu=4.31, T=0.1420
====================================
  Seed: normal state
  Seed uu: [0.+0.j 0.+0.j 0.+0.j 0.+0.j], Seed dd: [0.+0.j 0.+0.j 0.+0.j 0.+0.j]
F_onsite: 0j
F_swave: 0j, F_dwave: 0j
F_px: 0j, F_py: 0j
Free_energy = -24278.990938803723
------------------------------------------
[{'stable': {}, 'free': np.float64(-24278.990938803723)}]
------------------------------------------
  Seed: uu:px
  Seed uu: [0.+0.j 0.+0.j 0.+0.j 0.+0.j], Seed dd: [0.+0.j 0.+0.j 0.+0.j 0.+0.j]
F_onsite: 0j
F_swave: 0j, F_dwave: 0j
F_px: 0j, F_py: 0j
Free_energy = -24278.990938803723
------------------------------------------
[{'stable': {}, 'free': np.float64(-24278.990938803723)}]
------------------------------------------
  Seed: uu:px+py
  Seed uu: [0.+0.j 0.+0.j 0.+0.j 0.+0.j], Seed dd: [0.+0.j 0.+0.j 0.+0.j 0.+0.j]
F_onsite: 0j
F_swave: 0j, F_dwave: 0j
F_px: 0j, F_py: 0j
Free_energy = -24278.990938803723
------------------------------------------
[{'stable': {}, 'free': np.float64(-24278.990938803723)}]
------------------------------------------
  Seed: uu:px+ipy
  Seed uu: [0.+0.j 0.+0.j 0.+0.j 0.+0.j], Seed dd: [0.+0.j 0.+0.j 0.+0.j 0.+0.j]
F_onsite: 0j
F_swave: 0j, F_dwave: 0j
F_px: 0j, F_py: 0j
Free_energy = -24278.990938803723
------------------------------------------
[{'stable': {}, 'free': np.float64(-24278.990938803723)}]
------------------------------------------
  Seed: dd:px
  Seed uu: [0.+0.j 0.+0.j 0.+0.j 0.+0.j], Seed dd: [0.+0.j 0.+0.j 0.+0.j 0.+0.j]
F_onsite: 0j
F_swave: 0j, F_dwave: 0j
F_px: 0j, F_py: 0j
Free_energy = -24278.990938803723
------------------------------------------
[{'stable': {}, 'free': np.float64(-24278.990938803723)}]
------------------------------------------
  Seed: dd:px+py
  Seed uu: [0.+0.j 0.+0.j 0.+0.j 0.+0.j], Seed dd: [0.+0.j 0.+0.j 0.+0.j 0.+0.j]
F_onsite: 0j
F_swave: 0j, F_dwave: 0j
F_px: 0j, F_py: 0j
Free_energy = -24278.990938803723
------------------------------------------
[{'stable': {}, 'free': np.float64(-24278.990938803723)}]
------------------------------------------
  Seed: dd:px+ipy
  Seed uu: [0.+0.j 0.+0.j 0.+0.j 0.+0.j], Seed dd: [0.+0.j 0.+0.j 0.+0.j 0.+0.j]
F_onsite: 0j
F_swave: 0j, F_dwave: 0j
F_px: 0j, F_py: 0j
Free_energy = -24278.990938803723
------------------------------------------
[{'stable': {}, 'free': np.float64(-24278.990938803723)}]
------------------------------------------
  Seed: uu+dd:px
  Seed uu: [0.+0.j 0.+0.j 0.+0.j 0.+0.j], Seed dd: [0.+0.j 0.+0.j 0.+0.j 0.+0.j]
F_onsite: 0j
F_swave: 0j, F_dwave: 0j
F_px: 0j, F_py: 0j
Free_energy = -24278.990938803723
------------------------------------------
[{'stable': {}, 'free': np.float64(-24278.990938803723)}]
------------------------------------------
  Seed: uu+dd:px+py
  Seed uu: [0.+0.j 0.+0.j 0.+0.j 0.+0.j], Seed dd: [0.+0.j 0.+0.j 0.+0.j 0.+0.j]
F_onsite: 0j
F_swave: 0j, F_dwave: 0j
F_px: 0j, F_py: 0j
Free_energy = -24278.990938803723
------------------------------------------
[{'stable': {}, 'free': np.float64(-24278.990938803723)}]
------------------------------------------
  Seed: uu+dd:px+ipy
  Seed uu: [0.+0.j 0.+0.j 0.+0.j 0.+0.j], Seed dd: [0.+0.j 0.+0.j 0.+0.j 0.+0.j]
F_onsite: 0j
F_swave: 0j, F_dwave: 0j
F_px: 0j, F_py: 0j
Free_energy = -24278.990938803723
------------------------------------------
[{'stable': {}, 'free': np.float64(-24278.990938803723)}]
------------------------------------------
====================================
mu=4.31, T=0.1503
====================================
  Seed: normal state
  Seed uu: [0.+0.j 0.+0.j 0.+0.j 0.+0.j], Seed dd: [0.+0.j 0.+0.j 0.+0.j 0.+0.j]
F_onsite: 0j
F_swave: 0j, F_dwave: 0j
F_px: 0j, F_py: 0j
Free_energy = -24280.39639916389
------------------------------------------
[{'stable': {}, 'free': np.float64(-24280.39639916389)}]
------------------------------------------
  Seed: uu:px
  Seed uu: [0.+0.j 0.+0.j 0.+0.j 0.+0.j], Seed dd: [0.+0.j 0.+0.j 0.+0.j 0.+0.j]
F_onsite: 0j
F_swave: 0j, F_dwave: 0j
F_px: 0j, F_py: 0j
Free_energy = -24280.39639916389
------------------------------------------
[{'stable': {}, 'free': np.float64(-24280.39639916389)}]
------------------------------------------
  Seed: uu:px+py
  Seed uu: [0.+0.j 0.+0.j 0.+0.j 0.+0.j], Seed dd: [0.+0.j 0.+0.j 0.+0.j 0.+0.j]
F_onsite: 0j
F_swave: 0j, F_dwave: 0j
F_px: 0j, F_py: 0j
Free_energy = -24280.39639916389
------------------------------------------
[{'stable': {}, 'free': np.float64(-24280.39639916389)}]
------------------------------------------
  Seed: uu:px+ipy
  Seed uu: [0.+0.j 0.+0.j 0.+0.j 0.+0.j], Seed dd: [0.+0.j 0.+0.j 0.+0.j 0.+0.j]
F_onsite: 0j
F_swave: 0j, F_dwave: 0j
F_px: 0j, F_py: 0j
Free_energy = -24280.39639916389
------------------------------------------
[{'stable': {}, 'free': np.float64(-24280.39639916389)}]
------------------------------------------
  Seed: dd:px
  Seed uu: [0.+0.j 0.+0.j 0.+0.j 0.+0.j], Seed dd: [0.+0.j 0.+0.j 0.+0.j 0.+0.j]
F_onsite: 0j
F_swave: 0j, F_dwave: 0j
F_px: 0j, F_py: 0j
Free_energy = -24280.39639916389
------------------------------------------
[{'stable': {}, 'free': np.float64(-24280.39639916389)}]
------------------------------------------
  Seed: dd:px+py
  Seed uu: [0.+0.j 0.+0.j 0.+0.j 0.+0.j], Seed dd: [0.+0.j 0.+0.j 0.+0.j 0.+0.j]
F_onsite: 0j
F_swave: 0j, F_dwave: 0j
F_px: 0j, F_py: 0j
Free_energy = -24280.39639916389
------------------------------------------
[{'stable': {}, 'free': np.float64(-24280.39639916389)}]
------------------------------------------
  Seed: dd:px+ipy
  Seed uu: [0.+0.j 0.+0.j 0.+0.j 0.+0.j], Seed dd: [0.+0.j 0.+0.j 0.+0.j 0.+0.j]
F_onsite: 0j
F_swave: 0j, F_dwave: 0j
F_px: 0j, F_py: 0j
Free_energy = -24280.39639916389
------------------------------------------
[{'stable': {}, 'free': np.float64(-24280.39639916389)}]
------------------------------------------
  Seed: uu+dd:px
  Seed uu: [0.+0.j 0.+0.j 0.+0.j 0.+0.j], Seed dd: [0.+0.j 0.+0.j 0.+0.j 0.+0.j]
F_onsite: 0j
F_swave: 0j, F_dwave: 0j
F_px: 0j, F_py: 0j
Free_energy = -24280.39639916389
------------------------------------------
[{'stable': {}, 'free': np.float64(-24280.39639916389)}]
------------------------------------------
  Seed: uu+dd:px+py
  Seed uu: [0.+0.j 0.+0.j 0.+0.j 0.+0.j], Seed dd: [0.+0.j 0.+0.j 0.+0.j 0.+0.j]
F_onsite: 0j
F_swave: 0j, F_dwave: 0j
F_px: 0j, F_py: 0j
Free_energy = -24280.39639916389
------------------------------------------
[{'stable': {}, 'free': np.float64(-24280.39639916389)}]
------------------------------------------
  Seed: uu+dd:px+ipy
  Seed uu: [0.+0.j 0.+0.j 0.+0.j 0.+0.j], Seed dd: [0.+0.j 0.+0.j 0.+0.j 0.+0.j]
F_onsite: 0j
F_swave: 0j, F_dwave: 0j
F_px: 0j, F_py: 0j
Free_energy = -24280.39639916389
------------------------------------------
[{'stable': {}, 'free': np.float64(-24280.39639916389)}]
------------------------------------------
====================================
mu=4.31, T=0.1585
====================================
  Seed: normal state
  Seed uu: [0.+0.j 0.+0.j 0.+0.j 0.+0.j], Seed dd: [0.+0.j 0.+0.j 0.+0.j 0.+0.j]
F_onsite: 0j
F_swave: 0j, F_dwave: 0j
F_px: 0j, F_py: 0j
Free_energy = -24281.86740378026
------------------------------------------
[{'stable': {}, 'free': np.float64(-24281.86740378026)}]
------------------------------------------
  Seed: uu:px
  Seed uu: [0.+0.j 0.+0.j 0.+0.j 0.+0.j], Seed dd: [0.+0.j 0.+0.j 0.+0.j 0.+0.j]
F_onsite: 0j
F_swave: 0j, F_dwave: 0j
F_px: 0j, F_py: 0j
Free_energy = -24281.86740378026
------------------------------------------
[{'stable': {}, 'free': np.float64(-24281.86740378026)}]
------------------------------------------
  Seed: uu:px+py
  Seed uu: [0.+0.j 0.+0.j 0.+0.j 0.+0.j], Seed dd: [0.+0.j 0.+0.j 0.+0.j 0.+0.j]
F_onsite: 0j
F_swave: 0j, F_dwave: 0j
F_px: 0j, F_py: 0j
Free_energy = -24281.86740378026
------------------------------------------
[{'stable': {}, 'free': np.float64(-24281.86740378026)}]
------------------------------------------
  Seed: uu:px+ipy
  Seed uu: [0.+0.j 0.+0.j 0.+0.j 0.+0.j], Seed dd: [0.+0.j 0.+0.j 0.+0.j 0.+0.j]
F_onsite: 0j
F_swave: 0j, F_dwave: 0j
F_px: 0j, F_py: 0j
Free_energy = -24281.86740378026
------------------------------------------
[{'stable': {}, 'free': np.float64(-24281.86740378026)}]
------------------------------------------
  Seed: dd:px
  Seed uu: [0.+0.j 0.+0.j 0.+0.j 0.+0.j], Seed dd: [0.+0.j 0.+0.j 0.+0.j 0.+0.j]
F_onsite: 0j
F_swave: 0j, F_dwave: 0j
F_px: 0j, F_py: 0j
Free_energy = -24281.86740378026
------------------------------------------
[{'stable': {}, 'free': np.float64(-24281.86740378026)}]
------------------------------------------
  Seed: dd:px+py
  Seed uu: [0.+0.j 0.+0.j 0.+0.j 0.+0.j], Seed dd: [0.+0.j 0.+0.j 0.+0.j 0.+0.j]
F_onsite: 0j
F_swave: 0j, F_dwave: 0j
F_px: 0j, F_py: 0j
Free_energy = -24281.86740378026
------------------------------------------
[{'stable': {}, 'free': np.float64(-24281.86740378026)}]
------------------------------------------
  Seed: dd:px+ipy
  Seed uu: [0.+0.j 0.+0.j 0.+0.j 0.+0.j], Seed dd: [0.+0.j 0.+0.j 0.+0.j 0.+0.j]
F_onsite: 0j
F_swave: 0j, F_dwave: 0j
F_px: 0j, F_py: 0j
Free_energy = -24281.86740378026
------------------------------------------
[{'stable': {}, 'free': np.float64(-24281.86740378026)}]
------------------------------------------
  Seed: uu+dd:px
  Seed uu: [0.+0.j 0.+0.j 0.+0.j 0.+0.j], Seed dd: [0.+0.j 0.+0.j 0.+0.j 0.+0.j]
F_onsite: 0j
F_swave: 0j, F_dwave: 0j
F_px: 0j, F_py: 0j
Free_energy = -24281.86740378026
------------------------------------------
[{'stable': {}, 'free': np.float64(-24281.86740378026)}]
------------------------------------------
  Seed: uu+dd:px+py
  Seed uu: [0.+0.j 0.+0.j 0.+0.j 0.+0.j], Seed dd: [0.+0.j 0.+0.j 0.+0.j 0.+0.j]
F_onsite: 0j
F_swave: 0j, F_dwave: 0j
F_px: 0j, F_py: 0j
Free_energy = -24281.86740378026
------------------------------------------
[{'stable': {}, 'free': np.float64(-24281.86740378026)}]
------------------------------------------
  Seed: uu+dd:px+ipy
  Seed uu: [0.+0.j 0.+0.j 0.+0.j 0.+0.j], Seed dd: [0.+0.j 0.+0.j 0.+0.j 0.+0.j]
F_onsite: 0j
F_swave: 0j, F_dwave: 0j
F_px: 0j, F_py: 0j
Free_energy = -24281.86740378026
------------------------------------------
[{'stable': {}, 'free': np.float64(-24281.86740378026)}]
------------------------------------------
====================================
mu=4.31, T=0.1668
====================================
  Seed: normal state
  Seed uu: [0.+0.j 0.+0.j 0.+0.j 0.+0.j], Seed dd: [0.+0.j 0.+0.j 0.+0.j 0.+0.j]
F_onsite: 0j
F_swave: 0j, F_dwave: 0j
F_px: 0j, F_py: 0j
Free_energy = -24283.404938470845
------------------------------------------
[{'stable': {}, 'free': np.float64(-24283.404938470845)}]
------------------------------------------
  Seed: uu:px
  Seed uu: [0.+0.j 0.+0.j 0.+0.j 0.+0.j], Seed dd: [0.+0.j 0.+0.j 0.+0.j 0.+0.j]
F_onsite: 0j
F_swave: 0j, F_dwave: 0j
F_px: 0j, F_py: 0j
Free_energy = -24283.404938470845
------------------------------------------
[{'stable': {}, 'free': np.float64(-24283.404938470845)}]
------------------------------------------
  Seed: uu:px+py
  Seed uu: [0.+0.j 0.+0.j 0.+0.j 0.+0.j], Seed dd: [0.+0.j 0.+0.j 0.+0.j 0.+0.j]
F_onsite: 0j
F_swave: 0j, F_dwave: 0j
F_px: 0j, F_py: 0j
Free_energy = -24283.404938470845
------------------------------------------
[{'stable': {}, 'free': np.float64(-24283.404938470845)}]
------------------------------------------
  Seed: uu:px+ipy
  Seed uu: [0.+0.j 0.+0.j 0.+0.j 0.+0.j], Seed dd: [0.+0.j 0.+0.j 0.+0.j 0.+0.j]
F_onsite: 0j
F_swave: 0j, F_dwave: 0j
F_px: 0j, F_py: 0j
Free_energy = -24283.404938470845
------------------------------------------
[{'stable': {}, 'free': np.float64(-24283.404938470845)}]
------------------------------------------
  Seed: dd:px
  Seed uu: [0.+0.j 0.+0.j 0.+0.j 0.+0.j], Seed dd: [0.+0.j 0.+0.j 0.+0.j 0.+0.j]
F_onsite: 0j
F_swave: 0j, F_dwave: 0j
F_px: 0j, F_py: 0j
Free_energy = -24283.404938470845
------------------------------------------
[{'stable': {}, 'free': np.float64(-24283.404938470845)}]
------------------------------------------
  Seed: dd:px+py
  Seed uu: [0.+0.j 0.+0.j 0.+0.j 0.+0.j], Seed dd: [0.+0.j 0.+0.j 0.+0.j 0.+0.j]
F_onsite: 0j
F_swave: 0j, F_dwave: 0j
F_px: 0j, F_py: 0j
Free_energy = -24283.404938470845
------------------------------------------
[{'stable': {}, 'free': np.float64(-24283.404938470845)}]
------------------------------------------
  Seed: dd:px+ipy
  Seed uu: [0.+0.j 0.+0.j 0.+0.j 0.+0.j], Seed dd: [0.+0.j 0.+0.j 0.+0.j 0.+0.j]
F_onsite: 0j
F_swave: 0j, F_dwave: 0j
F_px: 0j, F_py: 0j
Free_energy = -24283.404938470845
------------------------------------------
[{'stable': {}, 'free': np.float64(-24283.404938470845)}]
------------------------------------------
  Seed: uu+dd:px
  Seed uu: [0.+0.j 0.+0.j 0.+0.j 0.+0.j], Seed dd: [0.+0.j 0.+0.j 0.+0.j 0.+0.j]
F_onsite: 0j
F_swave: 0j, F_dwave: 0j
F_px: 0j, F_py: 0j
Free_energy = -24283.404938470845
------------------------------------------
[{'stable': {}, 'free': np.float64(-24283.404938470845)}]
------------------------------------------
  Seed: uu+dd:px+py
  Seed uu: [0.+0.j 0.+0.j 0.+0.j 0.+0.j], Seed dd: [0.+0.j 0.+0.j 0.+0.j 0.+0.j]
F_onsite: 0j
F_swave: 0j, F_dwave: 0j
F_px: 0j, F_py: 0j
Free_energy = -24283.404938470845
------------------------------------------
[{'stable': {}, 'free': np.float64(-24283.404938470845)}]
------------------------------------------
  Seed: uu+dd:px+ipy
  Seed uu: [0.+0.j 0.+0.j 0.+0.j 0.+0.j], Seed dd: [0.+0.j 0.+0.j 0.+0.j 0.+0.j]
F_onsite: 0j
F_swave: 0j, F_dwave: 0j
F_px: 0j, F_py: 0j
Free_energy = -24283.404938470845
------------------------------------------
[{'stable': {}, 'free': np.float64(-24283.404938470845)}]
------------------------------------------
====================================
mu=4.31, T=0.1751
====================================
  Seed: normal state
  Seed uu: [0.+0.j 0.+0.j 0.+0.j 0.+0.j], Seed dd: [0.+0.j 0.+0.j 0.+0.j 0.+0.j]
F_onsite: 0j
F_swave: 0j, F_dwave: 0j
F_px: 0j, F_py: 0j
Free_energy = -24285.010156967754
------------------------------------------
[{'stable': {}, 'free': np.float64(-24285.010156967754)}]
------------------------------------------
  Seed: uu:px
  Seed uu: [0.+0.j 0.+0.j 0.+0.j 0.+0.j], Seed dd: [0.+0.j 0.+0.j 0.+0.j 0.+0.j]
F_onsite: 0j
F_swave: 0j, F_dwave: 0j
F_px: 0j, F_py: 0j
Free_energy = -24285.010156967754
------------------------------------------
[{'stable': {}, 'free': np.float64(-24285.010156967754)}]
------------------------------------------
  Seed: uu:px+py
  Seed uu: [0.+0.j 0.+0.j 0.+0.j 0.+0.j], Seed dd: [0.+0.j 0.+0.j 0.+0.j 0.+0.j]
F_onsite: 0j
F_swave: 0j, F_dwave: 0j
F_px: 0j, F_py: 0j
Free_energy = -24285.010156967754
------------------------------------------
[{'stable': {}, 'free': np.float64(-24285.010156967754)}]
------------------------------------------
  Seed: uu:px+ipy
  Seed uu: [0.+0.j 0.+0.j 0.+0.j 0.+0.j], Seed dd: [0.+0.j 0.+0.j 0.+0.j 0.+0.j]
F_onsite: 0j
F_swave: 0j, F_dwave: 0j
F_px: 0j, F_py: 0j
Free_energy = -24285.010156967754
------------------------------------------
[{'stable': {}, 'free': np.float64(-24285.010156967754)}]
------------------------------------------
  Seed: dd:px
  Seed uu: [0.+0.j 0.+0.j 0.+0.j 0.+0.j], Seed dd: [0.+0.j 0.+0.j 0.+0.j 0.+0.j]
F_onsite: 0j
F_swave: 0j, F_dwave: 0j
F_px: 0j, F_py: 0j
Free_energy = -24285.010156967754
------------------------------------------
[{'stable': {}, 'free': np.float64(-24285.010156967754)}]
------------------------------------------
  Seed: dd:px+py
  Seed uu: [0.+0.j 0.+0.j 0.+0.j 0.+0.j], Seed dd: [0.+0.j 0.+0.j 0.+0.j 0.+0.j]
F_onsite: 0j
F_swave: 0j, F_dwave: 0j
F_px: 0j, F_py: 0j
Free_energy = -24285.010156967754
------------------------------------------
[{'stable': {}, 'free': np.float64(-24285.010156967754)}]
------------------------------------------
  Seed: dd:px+ipy
  Seed uu: [0.+0.j 0.+0.j 0.+0.j 0.+0.j], Seed dd: [0.+0.j 0.+0.j 0.+0.j 0.+0.j]
F_onsite: 0j
F_swave: 0j, F_dwave: 0j
F_px: 0j, F_py: 0j
Free_energy = -24285.010156967754
------------------------------------------
[{'stable': {}, 'free': np.float64(-24285.010156967754)}]
------------------------------------------
  Seed: uu+dd:px
  Seed uu: [0.+0.j 0.+0.j 0.+0.j 0.+0.j], Seed dd: [0.+0.j 0.+0.j 0.+0.j 0.+0.j]
F_onsite: 0j
F_swave: 0j, F_dwave: 0j
F_px: 0j, F_py: 0j
Free_energy = -24285.010156967754
------------------------------------------
[{'stable': {}, 'free': np.float64(-24285.010156967754)}]
------------------------------------------
  Seed: uu+dd:px+py
  Seed uu: [0.+0.j 0.+0.j 0.+0.j 0.+0.j], Seed dd: [0.+0.j 0.+0.j 0.+0.j 0.+0.j]
F_onsite: 0j
F_swave: 0j, F_dwave: 0j
F_px: 0j, F_py: 0j
Free_energy = -24285.010156967754
------------------------------------------
[{'stable': {}, 'free': np.float64(-24285.010156967754)}]
------------------------------------------
  Seed: uu+dd:px+ipy
  Seed uu: [0.+0.j 0.+0.j 0.+0.j 0.+0.j], Seed dd: [0.+0.j 0.+0.j 0.+0.j 0.+0.j]
F_onsite: 0j
F_swave: 0j, F_dwave: 0j
F_px: 0j, F_py: 0j
Free_energy = -24285.010156967754
------------------------------------------
[{'stable': {}, 'free': np.float64(-24285.010156967754)}]
------------------------------------------
====================================
mu=4.31, T=0.1834
====================================
  Seed: normal state
  Seed uu: [0.+0.j 0.+0.j 0.+0.j 0.+0.j], Seed dd: [0.+0.j 0.+0.j 0.+0.j 0.+0.j]
F_onsite: 0j
F_swave: 0j, F_dwave: 0j
F_px: 0j, F_py: 0j
Free_energy = -24286.684347105598
------------------------------------------
[{'stable': {}, 'free': np.float64(-24286.684347105598)}]
------------------------------------------
  Seed: uu:px
  Seed uu: [0.+0.j 0.+0.j 0.+0.j 0.+0.j], Seed dd: [0.+0.j 0.+0.j 0.+0.j 0.+0.j]
F_onsite: 0j
F_swave: 0j, F_dwave: 0j
F_px: 0j, F_py: 0j
Free_energy = -24286.684347105598
------------------------------------------
[{'stable': {}, 'free': np.float64(-24286.684347105598)}]
------------------------------------------
  Seed: uu:px+py
  Seed uu: [0.+0.j 0.+0.j 0.+0.j 0.+0.j], Seed dd: [0.+0.j 0.+0.j 0.+0.j 0.+0.j]
F_onsite: 0j
F_swave: 0j, F_dwave: 0j
F_px: 0j, F_py: 0j
Free_energy = -24286.684347105598
------------------------------------------
[{'stable': {}, 'free': np.float64(-24286.684347105598)}]
------------------------------------------
  Seed: uu:px+ipy
  Seed uu: [0.+0.j 0.+0.j 0.+0.j 0.+0.j], Seed dd: [0.+0.j 0.+0.j 0.+0.j 0.+0.j]
F_onsite: 0j
F_swave: 0j, F_dwave: 0j
F_px: 0j, F_py: 0j
Free_energy = -24286.684347105598
------------------------------------------
[{'stable': {}, 'free': np.float64(-24286.684347105598)}]
------------------------------------------
  Seed: dd:px
  Seed uu: [0.+0.j 0.+0.j 0.+0.j 0.+0.j], Seed dd: [0.+0.j 0.+0.j 0.+0.j 0.+0.j]
F_onsite: 0j
F_swave: 0j, F_dwave: 0j
F_px: 0j, F_py: 0j
Free_energy = -24286.684347105598
------------------------------------------
[{'stable': {}, 'free': np.float64(-24286.684347105598)}]
------------------------------------------
  Seed: dd:px+py
  Seed uu: [0.+0.j 0.+0.j 0.+0.j 0.+0.j], Seed dd: [0.+0.j 0.+0.j 0.+0.j 0.+0.j]
F_onsite: 0j
F_swave: 0j, F_dwave: 0j
F_px: 0j, F_py: 0j
Free_energy = -24286.684347105598
------------------------------------------
[{'stable': {}, 'free': np.float64(-24286.684347105598)}]
------------------------------------------
  Seed: dd:px+ipy
  Seed uu: [0.+0.j 0.+0.j 0.+0.j 0.+0.j], Seed dd: [0.+0.j 0.+0.j 0.+0.j 0.+0.j]
F_onsite: 0j
F_swave: 0j, F_dwave: 0j
F_px: 0j, F_py: 0j
Free_energy = -24286.684347105598
------------------------------------------
[{'stable': {}, 'free': np.float64(-24286.684347105598)}]
------------------------------------------
  Seed: uu+dd:px
  Seed uu: [0.+0.j 0.+0.j 0.+0.j 0.+0.j], Seed dd: [0.+0.j 0.+0.j 0.+0.j 0.+0.j]
F_onsite: 0j
F_swave: 0j, F_dwave: 0j
F_px: 0j, F_py: 0j
Free_energy = -24286.684347105598
------------------------------------------
[{'stable': {}, 'free': np.float64(-24286.684347105598)}]
------------------------------------------
  Seed: uu+dd:px+py
  Seed uu: [0.+0.j 0.+0.j 0.+0.j 0.+0.j], Seed dd: [0.+0.j 0.+0.j 0.+0.j 0.+0.j]
F_onsite: 0j
F_swave: 0j, F_dwave: 0j
F_px: 0j, F_py: 0j
Free_energy = -24286.684347105598
------------------------------------------
[{'stable': {}, 'free': np.float64(-24286.684347105598)}]
------------------------------------------
  Seed: uu+dd:px+ipy
  Seed uu: [0.+0.j 0.+0.j 0.+0.j 0.+0.j], Seed dd: [0.+0.j 0.+0.j 0.+0.j 0.+0.j]
F_onsite: 0j
F_swave: 0j, F_dwave: 0j
F_px: 0j, F_py: 0j
Free_energy = -24286.684347105598
------------------------------------------
[{'stable': {}, 'free': np.float64(-24286.684347105598)}]
------------------------------------------
====================================
mu=4.31, T=0.1917
====================================
  Seed: normal state
  Seed uu: [0.+0.j 0.+0.j 0.+0.j 0.+0.j], Seed dd: [0.+0.j 0.+0.j 0.+0.j 0.+0.j]
F_onsite: 0j
F_swave: 0j, F_dwave: 0j
F_px: 0j, F_py: 0j
Free_energy = -24288.428901485284
------------------------------------------
[{'stable': {}, 'free': np.float64(-24288.428901485284)}]
------------------------------------------
  Seed: uu:px
  Seed uu: [0.+0.j 0.+0.j 0.+0.j 0.+0.j], Seed dd: [0.+0.j 0.+0.j 0.+0.j 0.+0.j]
F_onsite: 0j
F_swave: 0j, F_dwave: 0j
F_px: 0j, F_py: 0j
Free_energy = -24288.428901485284
------------------------------------------
[{'stable': {}, 'free': np.float64(-24288.428901485284)}]
------------------------------------------
  Seed: uu:px+py
  Seed uu: [0.+0.j 0.+0.j 0.+0.j 0.+0.j], Seed dd: [0.+0.j 0.+0.j 0.+0.j 0.+0.j]
F_onsite: 0j
F_swave: 0j, F_dwave: 0j
F_px: 0j, F_py: 0j
Free_energy = -24288.428901485284
------------------------------------------
[{'stable': {}, 'free': np.float64(-24288.428901485284)}]
------------------------------------------
  Seed: uu:px+ipy
  Seed uu: [0.+0.j 0.+0.j 0.+0.j 0.+0.j], Seed dd: [0.+0.j 0.+0.j 0.+0.j 0.+0.j]
F_onsite: 0j
F_swave: 0j, F_dwave: 0j
F_px: 0j, F_py: 0j
Free_energy = -24288.428901485284
------------------------------------------
[{'stable': {}, 'free': np.float64(-24288.428901485284)}]
------------------------------------------
  Seed: dd:px
  Seed uu: [0.+0.j 0.+0.j 0.+0.j 0.+0.j], Seed dd: [0.+0.j 0.+0.j 0.+0.j 0.+0.j]
F_onsite: 0j
F_swave: 0j, F_dwave: 0j
F_px: 0j, F_py: 0j
Free_energy = -24288.428901485284
------------------------------------------
[{'stable': {}, 'free': np.float64(-24288.428901485284)}]
------------------------------------------
  Seed: dd:px+py
  Seed uu: [0.+0.j 0.+0.j 0.+0.j 0.+0.j], Seed dd: [0.+0.j 0.+0.j 0.+0.j 0.+0.j]
F_onsite: 0j
F_swave: 0j, F_dwave: 0j
F_px: 0j, F_py: 0j
Free_energy = -24288.428901485284
------------------------------------------
[{'stable': {}, 'free': np.float64(-24288.428901485284)}]
------------------------------------------
  Seed: dd:px+ipy
  Seed uu: [0.+0.j 0.+0.j 0.+0.j 0.+0.j], Seed dd: [0.+0.j 0.+0.j 0.+0.j 0.+0.j]
F_onsite: 0j
F_swave: 0j, F_dwave: 0j
F_px: 0j, F_py: 0j
Free_energy = -24288.428901485284
------------------------------------------
[{'stable': {}, 'free': np.float64(-24288.428901485284)}]
------------------------------------------
  Seed: uu+dd:px
  Seed uu: [0.+0.j 0.+0.j 0.+0.j 0.+0.j], Seed dd: [0.+0.j 0.+0.j 0.+0.j 0.+0.j]
F_onsite: 0j
F_swave: 0j, F_dwave: 0j
F_px: 0j, F_py: 0j
Free_energy = -24288.428901485284
------------------------------------------
[{'stable': {}, 'free': np.float64(-24288.428901485284)}]
------------------------------------------
  Seed: uu+dd:px+py
  Seed uu: [0.+0.j 0.+0.j 0.+0.j 0.+0.j], Seed dd: [0.+0.j 0.+0.j 0.+0.j 0.+0.j]
F_onsite: 0j
F_swave: 0j, F_dwave: 0j
F_px: 0j, F_py: 0j
Free_energy = -24288.428901485284
------------------------------------------
[{'stable': {}, 'free': np.float64(-24288.428901485284)}]
------------------------------------------
  Seed: uu+dd:px+ipy
  Seed uu: [0.+0.j 0.+0.j 0.+0.j 0.+0.j], Seed dd: [0.+0.j 0.+0.j 0.+0.j 0.+0.j]
F_onsite: 0j
F_swave: 0j, F_dwave: 0j
F_px: 0j, F_py: 0j
Free_energy = -24288.428901485284
------------------------------------------
[{'stable': {}, 'free': np.float64(-24288.428901485284)}]
------------------------------------------
====================================
mu=4.31, T=0.2000
====================================
  Seed: normal state
  Seed uu: [0.+0.j 0.+0.j 0.+0.j 0.+0.j], Seed dd: [0.+0.j 0.+0.j 0.+0.j 0.+0.j]
F_onsite: 0j
F_swave: 0j, F_dwave: 0j
F_px: 0j, F_py: 0j
Free_energy = -24290.245292264724
------------------------------------------
[{'stable': {}, 'free': np.float64(-24290.245292264724)}]
------------------------------------------
  Seed: uu:px
  Seed uu: [0.+0.j 0.+0.j 0.+0.j 0.+0.j], Seed dd: [0.+0.j 0.+0.j 0.+0.j 0.+0.j]
F_onsite: 0j
F_swave: 0j, F_dwave: 0j
F_px: 0j, F_py: 0j
Free_energy = -24290.245292264724
------------------------------------------
[{'stable': {}, 'free': np.float64(-24290.245292264724)}]
------------------------------------------
  Seed: uu:px+py
  Seed uu: [0.+0.j 0.+0.j 0.+0.j 0.+0.j], Seed dd: [0.+0.j 0.+0.j 0.+0.j 0.+0.j]
F_onsite: 0j
F_swave: 0j, F_dwave: 0j
F_px: 0j, F_py: 0j
Free_energy = -24290.245292264724
------------------------------------------
[{'stable': {}, 'free': np.float64(-24290.245292264724)}]
------------------------------------------
  Seed: uu:px+ipy
  Seed uu: [0.+0.j 0.+0.j 0.+0.j 0.+0.j], Seed dd: [0.+0.j 0.+0.j 0.+0.j 0.+0.j]
F_onsite: 0j
F_swave: 0j, F_dwave: 0j
F_px: 0j, F_py: 0j
Free_energy = -24290.245292264724
------------------------------------------
[{'stable': {}, 'free': np.float64(-24290.245292264724)}]
------------------------------------------
  Seed: dd:px
  Seed uu: [0.+0.j 0.+0.j 0.+0.j 0.+0.j], Seed dd: [0.+0.j 0.+0.j 0.+0.j 0.+0.j]
F_onsite: 0j
F_swave: 0j, F_dwave: 0j
F_px: 0j, F_py: 0j
Free_energy = -24290.245292264724
------------------------------------------
[{'stable': {}, 'free': np.float64(-24290.245292264724)}]
------------------------------------------
  Seed: dd:px+py
  Seed uu: [0.+0.j 0.+0.j 0.+0.j 0.+0.j], Seed dd: [0.+0.j 0.+0.j 0.+0.j 0.+0.j]
F_onsite: 0j
F_swave: 0j, F_dwave: 0j
F_px: 0j, F_py: 0j
Free_energy = -24290.245292264724
------------------------------------------
[{'stable': {}, 'free': np.float64(-24290.245292264724)}]
------------------------------------------
  Seed: dd:px+ipy
  Seed uu: [0.+0.j 0.+0.j 0.+0.j 0.+0.j], Seed dd: [0.+0.j 0.+0.j 0.+0.j 0.+0.j]
F_onsite: 0j
F_swave: 0j, F_dwave: 0j
F_px: 0j, F_py: 0j
Free_energy = -24290.245292264724
------------------------------------------
[{'stable': {}, 'free': np.float64(-24290.245292264724)}]
------------------------------------------
  Seed: uu+dd:px
  Seed uu: [0.+0.j 0.+0.j 0.+0.j 0.+0.j], Seed dd: [0.+0.j 0.+0.j 0.+0.j 0.+0.j]
F_onsite: 0j
F_swave: 0j, F_dwave: 0j
F_px: 0j, F_py: 0j
Free_energy = -24290.245292264724
------------------------------------------
[{'stable': {}, 'free': np.float64(-24290.245292264724)}]
------------------------------------------
  Seed: uu+dd:px+py
  Seed uu: [0.+0.j 0.+0.j 0.+0.j 0.+0.j], Seed dd: [0.+0.j 0.+0.j 0.+0.j 0.+0.j]
F_onsite: 0j
F_swave: 0j, F_dwave: 0j
F_px: 0j, F_py: 0j
Free_energy = -24290.245292264724
------------------------------------------
[{'stable': {}, 'free': np.float64(-24290.245292264724)}]
------------------------------------------
  Seed: uu+dd:px+ipy
  Seed uu: [0.+0.j 0.+0.j 0.+0.j 0.+0.j], Seed dd: [0.+0.j 0.+0.j 0.+0.j 0.+0.j]
F_onsite: 0j
F_swave: 0j, F_dwave: 0j
F_px: 0j, F_py: 0j
Free_energy = -24290.245292264724
------------------------------------------
[{'stable': {}, 'free': np.float64(-24290.245292264724)}]
------------------------------------------
