/home/emilssp/D1/venv/bin/python
Python 3.10.12
Running job 49 out of 50
====================================
mu=4.00, T=0.0010
====================================
  Seed: normal state
  Seed uu: [0.+0.j 0.+0.j 0.+0.j 0.+0.j], Seed dd: [0.+0.j 0.+0.j 0.+0.j 0.+0.j]
F_onsite: 0j
F_swave: 0j, F_dwave: 0j
F_px: 0j, F_py: 0j
Free_energy = -22557.172861575073
------------------------------------------
[{'stable': {}, 'free': np.float64(-22557.172861575073)}]
------------------------------------------
  Seed: uu:px
  Seed uu: [ 0.1+0.j -0.1+0.j  0. +0.j  0. +0.j], Seed dd: [0.+0.j 0.+0.j 0.+0.j 0.+0.j]
F_onsite: (6.821978124276365e-267-8.968804142054685e-255j)
F_swave: (-5.0492667305597945e-267+6.637826139637994e-255j), F_dwave: (-1.1215334724861024e-267+1.8321005614064849e-255j)
F_px: (7.340521247866236e-254+1.2366207891564063e-266j), F_py: (7.572611795494905e-255+7.37278122419134e-267j)
Free_energy = -22557.172861575073
------------------------------------------
[{'stable': {}, 'free': np.float64(-22557.172861575073)}]
------------------------------------------
  Seed: uu:px+py
  Seed uu: [ 0.1+0.j -0.1+0.j  0.1+0.j -0.1+0.j], Seed dd: [0.+0.j 0.+0.j 0.+0.j 0.+0.j]
F_onsite: (1.234940269408409e-267-8.968804142058756e-255j)
F_swave: 0j, F_dwave: 0j
F_px: (5.897730600989015e-179+7.0931819545301725e-180j), F_py: (-5.897730600989015e-179-7.0931819545301725e-180j)
Free_energy = -22557.172861575073
------------------------------------------
[{'stable': {}, 'free': np.float64(-22557.172861575073)}]
------------------------------------------
  Seed: uu:px+ipy
  Seed uu: [ 0.1+0.j  -0.1+0.j   0. +0.1j -0. -0.1j], Seed dd: [0.+0.j 0.+0.j 0.+0.j 0.+0.j]
F_onsite: (-8.117729303174193e-40-6.713853568493233e-40j)
F_swave: (7.0140015385709714e-40+5.801003889195741e-40j), F_dwave: (-3.6660449500913087e-41+3.0587364693743084e-54j)
F_px: (9.81166365709598e-41-3.353825488209451e-40j), F_py: (-9.811663657090347e-41-9.811663657091142e-41j)
Free_energy = -22557.172861575073
------------------------------------------
[{'stable': {}, 'free': np.float64(-22557.172861575073)}]
------------------------------------------
  Seed: dd:px
  Seed uu: [0.+0.j 0.+0.j 0.+0.j 0.+0.j], Seed dd: [ 0.1+0.j -0.1+0.j  0. +0.j  0. +0.j]
F_onsite: 0j
F_swave: 0j, F_dwave: 0j
F_px: 0j, F_py: 0j
Free_energy = -22557.17286157507
------------------------------------------
[{'stable': {}, 'free': np.float64(-22557.172861575073)}]
------------------------------------------
  Seed: dd:px+py
  Seed uu: [0.+0.j 0.+0.j 0.+0.j 0.+0.j], Seed dd: [ 0.1+0.j -0.1+0.j  0.1+0.j -0.1+0.j]
F_onsite: (1.3930679233179184e-38+5.437055304642059e-54j)
F_swave: (-1.2164733683090484e-38-4.8939783509988934e-54j), F_dwave: (-5.615750522564636e-40-3.2626522339992623e-55j)
F_px: (1.305060893599705e-54-5.666117707069072e-39j), F_py: (3.915182680799115e-54-7.709120162861109e-39j)
Free_energy = -22557.17286157507
------------------------------------------
[{'stable': {}, 'free': np.float64(-22557.172861575073)}]
------------------------------------------
  Seed: dd:px+ipy
  Seed uu: [0.+0.j 0.+0.j 0.+0.j 0.+0.j], Seed dd: [ 0.1+0.j  -0.1+0.j   0. +0.1j -0. -0.1j]
F_onsite: 0j
F_swave: 0j, F_dwave: 0j
F_px: 0j, F_py: 0j
Free_energy = -22557.172861575065
------------------------------------------
[{'stable': {}, 'free': np.float64(-22557.172861575073)}]
------------------------------------------
  Seed: uu+dd:px
  Seed uu: [ 0.1+0.j -0.1+0.j  0. +0.j  0. +0.j], Seed dd: [ 0.1+0.j -0.1+0.j  0. +0.j  0. +0.j]
F_onsite: (6.821978124276365e-267-8.968804142054685e-255j)
F_swave: (-5.0492667305597945e-267+6.637826139637994e-255j), F_dwave: (-1.1215334724861024e-267+1.8321005614064849e-255j)
F_px: (7.340521247866236e-254+1.2366207891564063e-266j), F_py: (7.572611795494905e-255+7.37278122419134e-267j)
Free_energy = -22557.172861575073
------------------------------------------
[{'stable': {}, 'free': np.float64(-22557.172861575073)}]
------------------------------------------
  Seed: uu+dd:px+py
  Seed uu: [ 0.1+0.j -0.1+0.j  0.1+0.j -0.1+0.j], Seed dd: [ 0.1+0.j -0.1+0.j  0.1+0.j -0.1+0.j]
F_onsite: (1.267275908869061e-267-8.968804142053659e-255j)
F_swave: (-9.381603836302523e-268+6.637826139637239e-255j), F_dwave: (2.5861520789605695e-268-1.8321005614062795e-255j)
F_px: (7.572611795494079e-255+1.0704256180436978e-267j), F_py: (2.949540543452304e-255+4.164343695307047e-268j)
Free_energy = -22557.172861575073
------------------------------------------
[{'stable': {}, 'free': np.float64(-22557.172861575073)}]
------------------------------------------
  Seed: uu+dd:px+ipy
  Seed uu: [ 0.1+0.j  -0.1+0.j   0. +0.1j -0. -0.1j], Seed dd: [ 0.1+0.j  -0.1+0.j   0. +0.1j -0. -0.1j]
F_onsite: (-2.476205848249366e-24+3.7822838578478168e-25j)
F_swave: (2.1623055261168582e-24-3.302816400724093e-25j), F_dwave: (-1.5247183712682182e-26-9.982107873942004e-26j)
F_px: (3.4879121440805062e-37+1.2164720466583019e-24j), F_py: (-1.2164720466587904e-24-6.5368506165258144e-37j)
Free_energy = -22557.172861575073
------------------------------------------
[{'stable': {}, 'free': np.float64(-22557.172861575073)}]
------------------------------------------
====================================
mu=4.00, T=0.0051
====================================
  Seed: normal state
  Seed uu: [0.+0.j 0.+0.j 0.+0.j 0.+0.j], Seed dd: [0.+0.j 0.+0.j 0.+0.j 0.+0.j]
F_onsite: 0j
F_swave: 0j, F_dwave: 0j
F_px: 0j, F_py: 0j
Free_energy = -22557.202434312923
------------------------------------------
[{'stable': {}, 'free': np.float64(-22557.202434312923)}]
------------------------------------------
  Seed: uu:px
  Seed uu: [ 9.75289623e-17+1.40917225e-29j -9.75289623e-17-1.36826670e-29j
  3.00625627e-33+2.63353466e-30j -4.09861966e-33-2.40452053e-30j], Seed dd: [0.+0.j 0.+0.j 0.+0.j 0.+0.j]
F_onsite: (-4.292389127110072e-29+7.827516132591297e-27j)
F_swave: (3.7107030687290406e-29-6.766764911942665e-27j), F_dwave: (5.816860583810229e-30-1.0607512206486326e-27j)
F_px: (-9.556855526695252e-43+0j), F_py: (5.358303515175495e-27+2.9383425544829207e-29j)
Free_energy = -22557.202434312923
------------------------------------------
[{'stable': {}, 'free': np.float64(-22557.202434312923)}]
------------------------------------------
  Seed: uu:px+py
  Seed uu: [ 1.47878278e-16+2.75797140e-29j -1.47878278e-16-2.66828777e-29j
  1.47878278e-16+2.74037623e-29j -1.47878278e-16-2.64914041e-29j], Seed dd: [0.+0.j 0.+0.j 0.+0.j 0.+0.j]
F_onsite: (-1.2471292293938513e-78+4.886452701565595e-66j)
F_swave: 0j, F_dwave: 0j
F_px: (9.226060682720414e-35+8.431142187851545e-35j), F_py: (-9.226060682720414e-35-8.431142187851545e-35j)
Free_energy = -22557.202434312923
------------------------------------------
[{'stable': {}, 'free': np.float64(-22557.202434312923)}]
------------------------------------------
  Seed: uu:px+ipy
  Seed uu: [ 9.28901376e-17+1.27990082e-29j -9.28901376e-17-1.24447890e-29j
 -1.13816652e-29+9.28901376e-17j  1.10079595e-29-9.28901376e-17j], Seed dd: [0.+0.j 0.+0.j 0.+0.j 0.+0.j]
F_onsite: (-2.475154760877118e-22+3.366108896365807e-22j)
F_swave: (2.1613950315857706e-22-2.939422351781709e-22j), F_dwave: (9.871800775030132e-24-1.3613591889797462e-23j)
F_px: (1.3861583084712815e-22+1.0090767850456932e-22j), F_py: (-1.8760158346065375e-22-1.3672738147559369e-22j)
Free_energy = -22557.202434312923
------------------------------------------
[{'stable': {}, 'free': np.float64(-22557.202434312923)}]
------------------------------------------
  Seed: dd:px
  Seed uu: [0.+0.j 0.+0.j 0.+0.j 0.+0.j], Seed dd: [0.+0.j 0.+0.j 0.+0.j 0.+0.j]
F_onsite: 0j
F_swave: 0j, F_dwave: 0j
F_px: 0j, F_py: 0j
Free_energy = -22557.202434312923
------------------------------------------
[{'stable': {}, 'free': np.float64(-22557.202434312923)}]
------------------------------------------
  Seed: dd:px+py
  Seed uu: [0.+0.j 0.+0.j 0.+0.j 0.+0.j], Seed dd: [ 7.257829e-19+7.31251526e-34j -7.257829e-19-6.77084746e-34j
  7.257829e-19+6.92131074e-34j -7.257829e-19-5.95834577e-34j]
F_onsite: 0j
F_swave: 0j, F_dwave: 0j
F_px: 0j, F_py: 0j
Free_energy = -22557.20243431292
------------------------------------------
[{'stable': {}, 'free': np.float64(-22557.202434312923)}]
------------------------------------------
  Seed: dd:px+ipy
  Seed uu: [0.+0.j 0.+0.j 0.+0.j 0.+0.j], Seed dd: [0.+0.j 0.+0.j 0.+0.j 0.+0.j]
F_onsite: 0j
F_swave: 0j, F_dwave: 0j
F_px: 0j, F_py: 0j
Free_energy = -22557.202434312923
------------------------------------------
[{'stable': {}, 'free': np.float64(-22557.202434312923)}]
------------------------------------------
  Seed: uu+dd:px
  Seed uu: [ 9.75289623e-17+1.40917225e-29j -9.75289623e-17-1.36826670e-29j
  3.00625627e-33+2.63353466e-30j -4.09861966e-33-2.40452053e-30j], Seed dd: [0.+0.j 0.+0.j 0.+0.j 0.+0.j]
F_onsite: (-4.292389127110072e-29+7.827516132591297e-27j)
F_swave: (3.7107030687290406e-29-6.766764911942665e-27j), F_dwave: (5.816860583810229e-30-1.0607512206486326e-27j)
F_px: (-9.556855526695252e-43+0j), F_py: (5.358303515175495e-27+2.9383425544829207e-29j)
Free_energy = -22557.202434312923
------------------------------------------
[{'stable': {}, 'free': np.float64(-22557.202434312923)}]
------------------------------------------
  Seed: uu+dd:px+py
  Seed uu: [ 1.47878278e-16+2.78033386e-29j -1.47878278e-16-2.69138779e-29j
  1.47878278e-16+2.76290479e-29j -1.47878278e-16-2.66657580e-29j], Seed dd: [0.+0.j 0.+0.j 0.+0.j 0.+0.j]
F_onsite: (1.2404654961148318e-78-4.887741203468624e-66j)
F_swave: (1.4836824602749686e-67+3.5608379046599245e-66j), F_dwave: 5.934729841099874e-67j
F_px: (2.3492234061139757e-51+1.4454345050023942e-51j), F_py: (-2.3492234061139614e-51-1.4454345050023942e-51j)
Free_energy = -22557.202434312923
------------------------------------------
[{'stable': {}, 'free': np.float64(-22557.202434312923)}]
------------------------------------------
  Seed: uu+dd:px+ipy
  Seed uu: [ 9.28901376e-17+1.26941654e-29j -9.28901376e-17-1.22956446e-29j
 -1.13067014e-29+9.28901376e-17j  1.09306696e-29-9.28901376e-17j], Seed dd: [0.+0.j 0.+0.j 0.+0.j 0.+0.j]
F_onsite: (-2.402639294887001e-22+3.349948511504597e-22j)
F_swave: (2.098739138387447e-22-2.925458613541471e-22j), F_dwave: (9.5077861453575e-24-1.336847703494466e-23j)
F_px: (1.3799801577018994e-22+1.0243267916039662e-22j), F_py: (-1.8399346589149724e-22-1.3267266150460944e-22j)
Free_energy = -22557.202434312923
------------------------------------------
[{'stable': {}, 'free': np.float64(-22557.202434312923)}]
------------------------------------------
====================================
mu=4.00, T=0.0093
====================================
  Seed: normal state
  Seed uu: [0.+0.j 0.+0.j 0.+0.j 0.+0.j], Seed dd: [0.+0.j 0.+0.j 0.+0.j 0.+0.j]
F_onsite: 0j
F_swave: 0j, F_dwave: 0j
F_px: 0j, F_py: 0j
Free_energy = -22557.255838155077
------------------------------------------
[{'stable': {}, 'free': np.float64(-22557.255838155077)}]
------------------------------------------
  Seed: uu:px
  Seed uu: [ 3.26674372e-17+4.84128834e-30j -3.26674372e-17-4.60785961e-30j
  1.59491074e-34+7.32822362e-31j -1.44444746e-34-6.22611021e-31j], Seed dd: [0.+0.j 0.+0.j 0.+0.j 0.+0.j]
F_onsite: (8.182553812875442e-29-1.05484942027932e-26j)
F_swave: (-7.073686012689132e-29+9.118997165022143e-27j), F_dwave: (-1.108867800186289e-29+1.4294970377710573e-27j)
F_px: (1.2891945871788317e-42+0j), F_py: (-7.220821423390936e-27-5.601456491145859e-29j)
Free_energy = -22557.255838155077
------------------------------------------
[{'stable': {}, 'free': np.float64(-22557.255838155077)}]
------------------------------------------
  Seed: uu:px+py
  Seed uu: [ 6.71833659e-17+1.27756984e-29j -6.71833659e-17-1.22501964e-29j
  6.71833659e-17+1.26508861e-29j -6.71833659e-17-1.21731622e-29j], Seed dd: [0.+0.j 0.+0.j 0.+0.j 0.+0.j]
F_onsite: (-2.934821479594761e-61-1.0415251384039272e-45j)
F_swave: 7.713899743760833e-46j, F_dwave: -1.5170365054937876e-46j
F_px: (-2.0370506158949e-37-2.9144749065976644e-37j), F_py: (2.037050619897508e-37+2.9144749065976644e-37j)
Free_energy = -22557.255838155077
------------------------------------------
[{'stable': {}, 'free': np.float64(-22557.255838155077)}]
------------------------------------------
  Seed: uu:px+ipy
  Seed uu: [ 3.31330728e-17+4.68302655e-30j -3.31330728e-17-4.47854094e-30j
 -4.16267188e-30+3.31330728e-17j  3.95460524e-30-3.31330728e-17j], Seed dd: [0.+0.j 0.+0.j 0.+0.j 0.+0.j]
F_onsite: (-3.977777797867662e-23+1.0162330775483658e-21j)
F_swave: (3.437608498241835e-23-8.878612459446183e-22j), F_dwave: (-8.494554862908787e-25-4.169298529692174e-23j)
F_px: (4.1505483353450474e-22-3.768969033089364e-23j), F_py: (1.2587252371787526e-23-4.105953078918647e-22j)
Free_energy = -22557.255838155077
------------------------------------------
[{'stable': {}, 'free': np.float64(-22557.255838155077)}]
------------------------------------------
  Seed: dd:px
  Seed uu: [0.+0.j 0.+0.j 0.+0.j 0.+0.j], Seed dd: [0.+0.j 0.+0.j 0.+0.j 0.+0.j]
F_onsite: 0j
F_swave: 0j, F_dwave: 0j
F_px: 0j, F_py: 0j
Free_energy = -22557.255838155077
------------------------------------------
[{'stable': {}, 'free': np.float64(-22557.255838155077)}]
------------------------------------------
  Seed: dd:px+py
  Seed uu: [0.+0.j 0.+0.j 0.+0.j 0.+0.j], Seed dd: [0.+0.j 0.+0.j 0.+0.j 0.+0.j]
F_onsite: 0j
F_swave: 0j, F_dwave: 0j
F_px: 0j, F_py: 0j
Free_energy = -22557.255838155077
------------------------------------------
[{'stable': {}, 'free': np.float64(-22557.255838155077)}]
------------------------------------------
  Seed: dd:px+ipy
  Seed uu: [0.+0.j 0.+0.j 0.+0.j 0.+0.j], Seed dd: [0.+0.j 0.+0.j 0.+0.j 0.+0.j]
F_onsite: 0j
F_swave: 0j, F_dwave: 0j
F_px: 0j, F_py: 0j
Free_energy = -22557.255838155077
------------------------------------------
[{'stable': {}, 'free': np.float64(-22557.255838155077)}]
------------------------------------------
  Seed: uu+dd:px
  Seed uu: [ 3.26674372e-17+4.84128834e-30j -3.26674372e-17-4.60785961e-30j
  1.59491074e-34+7.32822362e-31j -1.44444746e-34-6.22611021e-31j], Seed dd: [0.+0.j 0.+0.j 0.+0.j 0.+0.j]
F_onsite: (8.182553812875442e-29-1.05484942027932e-26j)
F_swave: (-7.073686012689132e-29+9.118997165022143e-27j), F_dwave: (-1.108867800186289e-29+1.4294970377710573e-27j)
F_px: (1.2891945871788317e-42+0j), F_py: (-7.220821423390936e-27-5.601456491145859e-29j)
Free_energy = -22557.255838155077
------------------------------------------
[{'stable': {}, 'free': np.float64(-22557.255838155077)}]
------------------------------------------
  Seed: uu+dd:px+py
  Seed uu: [ 6.71833659e-17+1.28713750e-29j -6.71833659e-17-1.23105893e-29j
  6.71833659e-17+1.27424099e-29j -6.71833659e-17-1.22575480e-29j], Seed dd: [0.+0.j 0.+0.j 0.+0.j 0.+0.j]
F_onsite: (8.150815221921192e-83+1.0664400951245102e-45j)
F_swave: (9.558551466794714e-58-7.896141906762758e-46j), F_dwave: (9.558551466794714e-58+1.452849172570916e-46j)
F_px: (-7.745877800079405e-42+7.749482105666518e-42j), F_py: (7.747178799402082e-42-7.749482105666518e-42j)
Free_energy = -22557.255838155077
------------------------------------------
[{'stable': {}, 'free': np.float64(-22557.255838155077)}]
------------------------------------------
  Seed: uu+dd:px+ipy
  Seed uu: [ 3.31330728e-17+4.60343900e-30j -3.31330728e-17-4.44653816e-30j
 -4.13229936e-30+3.31330728e-17j  3.92743458e-30-3.31330728e-17j], Seed dd: [0.+0.j 0.+0.j 0.+0.j 0.+0.j]
F_onsite: (-4.081691859670668e-22+4.86058545058082e-22j)
F_swave: (3.562711316109334e-22-4.2486611091450415e-22j), F_dwave: (1.1939252746109808e-23-2.0519202627627995e-23j)
F_px: (2.3660528946644867e-22+1.44165308768398e-22j), F_py: (-3.068921576239006e-22-2.3660493795919147e-22j)
Free_energy = -22557.255838155077
------------------------------------------
[{'stable': {}, 'free': np.float64(-22557.255838155077)}]
------------------------------------------
====================================
mu=4.00, T=0.0134
====================================
  Seed: normal state
  Seed uu: [0.+0.j 0.+0.j 0.+0.j 0.+0.j], Seed dd: [0.+0.j 0.+0.j 0.+0.j 0.+0.j]
F_onsite: 0j
F_swave: 0j, F_dwave: 0j
F_px: 0j, F_py: 0j
Free_energy = -22557.32640203426
------------------------------------------
[{'stable': {}, 'free': np.float64(-22557.32640203426)}]
------------------------------------------
  Seed: uu:px
  Seed uu: [ 6.50434827e-18+9.96307634e-31j -6.50434827e-18-9.26787582e-31j
  0.00000000e+00+1.31071570e-31j -2.40741243e-35-8.10094283e-32j], Seed dd: [0.+0.j 0.+0.j 0.+0.j 0.+0.j]
F_onsite: (-7.10902018961944e-27+8.007684401255673e-25j)
F_swave: (6.1456364397780666e-27-6.922517554031434e-25j), F_dwave: (9.633837498413607e-28-1.0851668472242393e-25j)
F_px: (2.3640465612545394e-39+0j), F_py: (5.481637182069877e-25+4.8664591967936414e-27j)
Free_energy = -22557.32640203426
------------------------------------------
[{'stable': {}, 'free': np.float64(-22557.32640203426)}]
------------------------------------------
  Seed: uu:px+py
  Seed uu: [ 2.00409416e-17+3.91806975e-30j -2.00409416e-17-3.67596832e-30j
  2.00409416e-17+3.90078754e-30j -2.00409416e-17-3.64488261e-30j], Seed dd: [0.+0.j 0.+0.j 0.+0.j 0.+0.j]
F_onsite: (-1.1935904815097098e-51+4.739510946201808e-39j)
F_swave: (8.743907987118023e-52-3.467679446747106e-39j), F_dwave: (-3.595442761867187e-52+1.3462906148018864e-39j)
F_px: (8.979881471633394e-39+1.844214175268083e-51j), F_py: (6.879905611801746e-39+1.830347903273586e-51j)
Free_energy = -22557.32640203426
------------------------------------------
[{'stable': {}, 'free': np.float64(-22557.32640203426)}]
------------------------------------------
  Seed: uu:px+ipy
  Seed uu: [ 7.12288110e-18+1.04095761e-30j -7.12288110e-18-9.68333502e-31j
 -9.30853100e-31+7.12288110e-18j  8.58019846e-31-7.12288110e-18j], Seed dd: [0.+0.j 0.+0.j 0.+0.j 0.+0.j]
F_onsite: (-6.5143850658563505e-21-3.9563260745693096e-21j)
F_swave: (5.685562286100459e-21+3.454006783691942e-21j), F_dwave: (2.634680870371024e-22+2.1048405404502312e-22j)
F_px: (-1.5942464515280779e-21+2.464847107511942e-21j), F_py: (2.3633469863071304e-21-3.427825960745808e-21j)
Free_energy = -22557.32640203426
------------------------------------------
[{'stable': {}, 'free': np.float64(-22557.32640203426)}]
------------------------------------------
  Seed: dd:px
  Seed uu: [0.+0.j 0.+0.j 0.+0.j 0.+0.j], Seed dd: [0.+0.j 0.+0.j 0.+0.j 0.+0.j]
F_onsite: 0j
F_swave: 0j, F_dwave: 0j
F_px: 0j, F_py: 0j
Free_energy = -22557.32640203426
------------------------------------------
[{'stable': {}, 'free': np.float64(-22557.32640203426)}]
------------------------------------------
  Seed: dd:px+py
  Seed uu: [0.+0.j 0.+0.j 0.+0.j 0.+0.j], Seed dd: [0.+0.j 0.+0.j 0.+0.j 0.+0.j]
F_onsite: 0j
F_swave: 0j, F_dwave: 0j
F_px: 0j, F_py: 0j
Free_energy = -22557.32640203426
------------------------------------------
[{'stable': {}, 'free': np.float64(-22557.32640203426)}]
------------------------------------------
  Seed: dd:px+ipy
  Seed uu: [0.+0.j 0.+0.j 0.+0.j 0.+0.j], Seed dd: [0.+0.j 0.+0.j 0.+0.j 0.+0.j]
F_onsite: 0j
F_swave: 0j, F_dwave: 0j
F_px: 0j, F_py: 0j
Free_energy = -22557.32640203426
------------------------------------------
[{'stable': {}, 'free': np.float64(-22557.32640203426)}]
------------------------------------------
  Seed: uu+dd:px
  Seed uu: [ 6.50434827e-18+9.96307634e-31j -6.50434827e-18-9.26787582e-31j
  0.00000000e+00+1.31071570e-31j -2.40741243e-35-8.10094283e-32j], Seed dd: [0.+0.j 0.+0.j 0.+0.j 0.+0.j]
F_onsite: (-7.10902018961944e-27+8.007684401255673e-25j)
F_swave: (6.1456364397780666e-27-6.922517554031434e-25j), F_dwave: (9.633837498413607e-28-1.0851668472242393e-25j)
F_px: (2.3640465612545394e-39+0j), F_py: (5.481637182069877e-25+4.8664591967936414e-27j)
Free_energy = -22557.32640203426
------------------------------------------
[{'stable': {}, 'free': np.float64(-22557.32640203426)}]
------------------------------------------
  Seed: uu+dd:px+py
  Seed uu: [ 2.00409416e-17+3.94976333e-30j -2.00409416e-17-3.71294617e-30j
  2.00409416e-17+3.91651095e-30j -2.00409416e-17-3.68294380e-30j], Seed dd: [0.+0.j 0.+0.j 0.+0.j 0.+0.j]
F_onsite: (1.5486326180185816e-52+6.488963226974231e-38j)
F_swave: (5.605193857299268e-45-4.806628894942163e-38j), F_dwave: (-5.605193857299268e-45+9.016383116795956e-39j)
F_px: (-1.0607967069968657e-28+5.329157719878828e-29j), F_py: (1.0607967072667083e-28-5.329157719878829e-29j)
Free_energy = -22557.32640203426
------------------------------------------
[{'stable': {}, 'free': np.float64(-22557.32640203426)}]
------------------------------------------
  Seed: uu+dd:px+ipy
  Seed uu: [ 7.12288110e-18+1.02742946e-30j -7.12288110e-18-9.53228494e-31j
 -9.26125543e-31+7.12288110e-18j  8.51694370e-31-7.12288110e-18j], Seed dd: [0.+0.j 0.+0.j 0.+0.j 0.+0.j]
F_onsite: (1.1602924894426413e-22+1.1496322827346432e-21j)
F_swave: (-9.87423728390788e-23-1.0032375726838419e-21j), F_dwave: (-4.400027062590461e-23-9.375581106236186e-25j)
F_px: (6.121307385131978e-22-4.566979266034676e-22j), F_py: (6.325199230455406e-22+6.512179977853432e-23j)
Free_energy = -22557.32640203426
------------------------------------------
[{'stable': {}, 'free': np.float64(-22557.32640203426)}]
------------------------------------------
====================================
mu=4.00, T=0.0175
====================================
  Seed: normal state
  Seed uu: [0.+0.j 0.+0.j 0.+0.j 0.+0.j], Seed dd: [0.+0.j 0.+0.j 0.+0.j 0.+0.j]
F_onsite: 0j
F_swave: 0j, F_dwave: 0j
F_px: 0j, F_py: 0j
Free_energy = -22557.420974302124
------------------------------------------
[{'stable': {}, 'free': np.float64(-22557.420974302124)}]
------------------------------------------
  Seed: uu:px
  Seed uu: [ 5.10194595e-19+8.53186965e-32j -5.10194595e-19-7.12834821e-32j
  3.00926554e-36+1.04240958e-32j  0.00000000e+00-2.07037469e-33j], Seed dd: [0.+0.j 0.+0.j 0.+0.j 0.+0.j]
F_onsite: (1.681853088522592e-26+1.8594967960196136e-24j)
F_swave: (-1.453935612993692e-26-1.6075058117604475e-24j), F_dwave: (-2.2791747552890338e-27-2.5199098502585445e-25j)
F_px: (1.4206458629950834e-33+0j), F_py: (-1.2729131513295821e-24+1.1513076643453686e-26j)
Free_energy = -22557.420974302124
------------------------------------------
[{'stable': {}, 'free': np.float64(-22557.420974302124)}]
------------------------------------------
  Seed: uu:px+py
  Seed uu: [ 3.43078872e-18+7.06665826e-31j -3.43078872e-18-6.35252946e-31j
  3.43078872e-18+7.05088971e-31j -3.43078872e-18-6.30925622e-31j], Seed dd: [0.+0.j 0.+0.j 0.+0.j 0.+0.j]
F_onsite: (6.901255063152095e-41-9.537013119242132e-34j)
F_swave: (-4.617909024259218e-41+7.043707857477779e-34j), F_dwave: (7.006492321624085e-46-1.9469442893627292e-34j)
F_px: (1.636589514527828e-29+1.372320476298823e-29j), F_py: (-1.6362053018039405e-29-1.372320476298823e-29j)
Free_energy = -22557.420974302124
------------------------------------------
[{'stable': {}, 'free': np.float64(-22557.420974302124)}]
------------------------------------------
  Seed: uu:px+ipy
  Seed uu: [ 6.37701458e-19+1.01103799e-31j -6.37701458e-19-8.49412218e-32j
 -9.12469496e-32+6.37701458e-19j  7.53760832e-32-6.37701458e-19j], Seed dd: [0.+0.j 0.+0.j 0.+0.j 0.+0.j]
F_onsite: (-9.350644049008324e-22+1.4950858403869192e-21j)
F_swave: (8.12670663769544e-22-1.3073569163607074e-21j), F_dwave: (-7.079359380992227e-23-1.808458404504333e-23j)
F_px: (2.466596196854115e-22-5.723560135152476e-22j), F_py: (3.8449503154079057e-22-3.1978397763096906e-22j)
Free_energy = -22557.420974302124
------------------------------------------
[{'stable': {}, 'free': np.float64(-22557.420974302124)}]
------------------------------------------
  Seed: dd:px
  Seed uu: [0.+0.j 0.+0.j 0.+0.j 0.+0.j], Seed dd: [0.+0.j 0.+0.j 0.+0.j 0.+0.j]
F_onsite: 0j
F_swave: 0j, F_dwave: 0j
F_px: 0j, F_py: 0j
Free_energy = -22557.420974302124
------------------------------------------
[{'stable': {}, 'free': np.float64(-22557.420974302124)}]
------------------------------------------
  Seed: dd:px+py
  Seed uu: [0.+0.j 0.+0.j 0.+0.j 0.+0.j], Seed dd: [0.+0.j 0.+0.j 0.+0.j 0.+0.j]
F_onsite: 0j
F_swave: 0j, F_dwave: 0j
F_px: 0j, F_py: 0j
Free_energy = -22557.420974302124
------------------------------------------
[{'stable': {}, 'free': np.float64(-22557.420974302124)}]
------------------------------------------
  Seed: dd:px+ipy
  Seed uu: [0.+0.j 0.+0.j 0.+0.j 0.+0.j], Seed dd: [0.+0.j 0.+0.j 0.+0.j 0.+0.j]
F_onsite: 0j
F_swave: 0j, F_dwave: 0j
F_px: 0j, F_py: 0j
Free_energy = -22557.420974302124
------------------------------------------
[{'stable': {}, 'free': np.float64(-22557.420974302124)}]
------------------------------------------
  Seed: uu+dd:px
  Seed uu: [ 5.10194595e-19+8.53186965e-32j -5.10194595e-19-7.12834821e-32j
  3.00926554e-36+1.04240958e-32j  0.00000000e+00-2.07037469e-33j], Seed dd: [0.+0.j 0.+0.j 0.+0.j 0.+0.j]
F_onsite: (1.681853088522592e-26+1.8594967960196136e-24j)
F_swave: (-1.453935612993692e-26-1.6075058117604475e-24j), F_dwave: (-2.2791747552890338e-27-2.5199098502585445e-25j)
F_px: (1.4206458629950834e-33+0j), F_py: (-1.2729131513295821e-24+1.1513076643453686e-26j)
Free_energy = -22557.420974302124
------------------------------------------
[{'stable': {}, 'free': np.float64(-22557.420974302124)}]
------------------------------------------
  Seed: uu+dd:px+py
  Seed uu: [ 3.43078872e-18+7.10132500e-31j -3.43078872e-18-6.38406656e-31j
  3.43078872e-18+7.07676940e-31j -3.43078872e-18-6.35267992e-31j], Seed dd: [0.+0.j 0.+0.j 0.+0.j 0.+0.j]
F_onsite: (-1.4235757528054958e-40-7.907642154168215e-35j)
F_swave: (9.525580330805991e-41+5.858343048024313e-35j), F_dwave: (3.0790249460262094e-47-4.5423248561660904e-35j)
F_px: (1.2546083455330296e-33+8.43971530152251e-35j), F_py: (1.8817664995081148e-33-8.439715301419655e-35j)
Free_energy = -22557.420974302124
------------------------------------------
[{'stable': {}, 'free': np.float64(-22557.420974302124)}]
------------------------------------------
  Seed: uu+dd:px+ipy
  Seed uu: [ 6.37701458e-19+1.00480129e-31j -6.37701458e-19-8.40640209e-32j
 -9.10182455e-32+6.37701458e-19j  7.48464525e-32-6.37701458e-19j], Seed dd: [0.+0.j 0.+0.j 0.+0.j 0.+0.j]
F_onsite: (-3.788293084217649e-22+4.2207463278964975e-23j)
F_swave: (3.3174980234800713e-22-3.9713605317862535e-23j), F_dwave: (3.402671244035087e-23+1.0273446986637594e-22j)
F_px: (-2.2462553570531995e-21-2.1864598217227153e-22j), F_py: (-2.226582522486642e-22+6.596401853672556e-22j)
Free_energy = -22557.420974302124
------------------------------------------
[{'stable': {}, 'free': np.float64(-22557.420974302124)}]
------------------------------------------
====================================
mu=4.00, T=0.0216
====================================
  Seed: normal state
  Seed uu: [0.+0.j 0.+0.j 0.+0.j 0.+0.j], Seed dd: [0.+0.j 0.+0.j 0.+0.j 0.+0.j]
F_onsite: 0j
F_swave: 0j, F_dwave: 0j
F_px: 0j, F_py: 0j
Free_energy = -22557.542970612078
------------------------------------------
[{'stable': {}, 'free': np.float64(-22557.542970612078)}]
------------------------------------------
  Seed: uu:px
  Seed uu: [0.+0.j 0.+0.j 0.+0.j 0.+0.j], Seed dd: [0.+0.j 0.+0.j 0.+0.j 0.+0.j]
F_onsite: 0j
F_swave: 0j, F_dwave: 0j
F_px: 0j, F_py: 0j
Free_energy = -22557.542970612078
------------------------------------------
[{'stable': {}, 'free': np.float64(-22557.542970612078)}]
------------------------------------------
  Seed: uu:px+py
  Seed uu: [ 1.50153428e-19+3.49315544e-32j -1.50153428e-19-2.69389451e-32j
  1.50153428e-19+3.48834061e-32j -1.50153428e-19-2.69630192e-32j], Seed dd: [0.+0.j 0.+0.j 0.+0.j 0.+0.j]
F_onsite: (1.9992919862427855e-43-5.776962822790506e-31j)
F_swave: (-1.4805594087131895e-43+4.279177177979782e-31j), F_dwave: (-3.7484733920688857e-44+1.0354569199405994e-31j)
F_px: (3.467717027469084e-31+1.2169401351120833e-43j), F_py: (5.562310795236258e-31+2.0080169088004527e-43j)
Free_energy = -22557.542970612078
------------------------------------------
[{'stable': {}, 'free': np.float64(-22557.542970612078)}]
------------------------------------------
  Seed: uu:px+ipy
  Seed uu: [ 1.31289120e-20+3.86540158e-33j -1.31289120e-20-3.00926554e-34j
 -3.65926689e-33+1.31289120e-20j  9.32872317e-35-1.31289120e-20j], Seed dd: [0.+0.j 0.+0.j 0.+0.j 0.+0.j]
F_onsite: (-2.14730827553527e-21-2.8514389942970004e-21j)
F_swave: (1.872719954031808e-21+2.463651490584966e-21j), F_dwave: (1.6306749199794623e-22-1.3627472586642646e-22j)
F_px: (1.1541592361147687e-21+1.1641143160828675e-21j), F_py: (-1.3480334280546568e-21+3.779527345967474e-22j)
Free_energy = -22557.542970612078
------------------------------------------
[{'stable': {}, 'free': np.float64(-22557.542970612078)}]
------------------------------------------
  Seed: dd:px
  Seed uu: [0.+0.j 0.+0.j 0.+0.j 0.+0.j], Seed dd: [0.+0.j 0.+0.j 0.+0.j 0.+0.j]
F_onsite: 0j
F_swave: 0j, F_dwave: 0j
F_px: 0j, F_py: 0j
Free_energy = -22557.542970612078
------------------------------------------
[{'stable': {}, 'free': np.float64(-22557.542970612078)}]
------------------------------------------
  Seed: dd:px+py
  Seed uu: [0.+0.j 0.+0.j 0.+0.j 0.+0.j], Seed dd: [0.+0.j 0.+0.j 0.+0.j 0.+0.j]
F_onsite: 0j
F_swave: 0j, F_dwave: 0j
F_px: 0j, F_py: 0j
Free_energy = -22557.542970612078
------------------------------------------
[{'stable': {}, 'free': np.float64(-22557.542970612078)}]
------------------------------------------
  Seed: dd:px+ipy
  Seed uu: [0.+0.j 0.+0.j 0.+0.j 0.+0.j], Seed dd: [0.+0.j 0.+0.j 0.+0.j 0.+0.j]
F_onsite: 0j
F_swave: 0j, F_dwave: 0j
F_px: 0j, F_py: 0j
Free_energy = -22557.542970612078
------------------------------------------
[{'stable': {}, 'free': np.float64(-22557.542970612078)}]
------------------------------------------
  Seed: uu+dd:px
  Seed uu: [0.+0.j 0.+0.j 0.+0.j 0.+0.j], Seed dd: [0.+0.j 0.+0.j 0.+0.j 0.+0.j]
F_onsite: 0j
F_swave: 0j, F_dwave: 0j
F_px: 0j, F_py: 0j
Free_energy = -22557.542970612078
------------------------------------------
[{'stable': {}, 'free': np.float64(-22557.542970612078)}]
------------------------------------------
  Seed: uu+dd:px+py
  Seed uu: [ 1.50153428e-19+3.51241474e-32j -1.50153428e-19-2.71315381e-32j
  1.50153428e-19+3.50759991e-32j -1.50153428e-19-2.70593157e-32j], Seed dd: [0.+0.j 0.+0.j 0.+0.j 0.+0.j]
F_onsite: (3.968674350409832e-42-8.051258776785723e-31j)
F_swave: (-2.4433390348583592e-42+5.967463370187327e-31j), F_dwave: (6.305843089461677e-45-2.749198622014439e-32j)
F_px: (7.192441975310649e-31-2.6450822231441227e-42j), F_py: (1.040724888857373e-30+3.242954971063708e-42j)
Free_energy = -22557.542970612078
------------------------------------------
[{'stable': {}, 'free': np.float64(-22557.542970612078)}]
------------------------------------------
  Seed: uu+dd:px+ipy
  Seed uu: [ 1.31289120e-20+3.84132746e-33j -1.31289120e-20-2.94908023e-34j
 -3.65625763e-33+1.31289120e-20j  9.32872317e-35-1.31289120e-20j], Seed dd: [0.+0.j 0.+0.j 0.+0.j 0.+0.j]
F_onsite: (-3.0258006860760086e-22+2.113872016487293e-21j)
F_swave: (2.613946926495538e-22-1.8400177692454524e-21j), F_dwave: (-1.3293837136583207e-22-7.465451656833257e-23j)
F_px: (1.0475424465442166e-22-1.6611273101661557e-22j), F_py: (-1.5924750967807987e-22+1.431789842713902e-23j)
Free_energy = -22557.542970612078
------------------------------------------
[{'stable': {}, 'free': np.float64(-22557.542970612078)}]
------------------------------------------
====================================
mu=4.00, T=0.0258
====================================
  Seed: normal state
  Seed uu: [0.+0.j 0.+0.j 0.+0.j 0.+0.j], Seed dd: [0.+0.j 0.+0.j 0.+0.j 0.+0.j]
F_onsite: 0j
F_swave: 0j, F_dwave: 0j
F_px: 0j, F_py: 0j
Free_energy = -22557.693176499593
------------------------------------------
[{'stable': {}, 'free': np.float64(-22557.693176499593)}]
------------------------------------------
  Seed: uu:px
  Seed uu: [0.+0.j 0.+0.j 0.+0.j 0.+0.j], Seed dd: [0.+0.j 0.+0.j 0.+0.j 0.+0.j]
F_onsite: 0j
F_swave: 0j, F_dwave: 0j
F_px: 0j, F_py: 0j
Free_energy = -22557.693176499593
------------------------------------------
[{'stable': {}, 'free': np.float64(-22557.693176499593)}]
------------------------------------------
  Seed: uu:px+py
  Seed uu: [0.+0.j 0.+0.j 0.+0.j 0.+0.j], Seed dd: [0.+0.j 0.+0.j 0.+0.j 0.+0.j]
F_onsite: 0j
F_swave: 0j, F_dwave: 0j
F_px: 0j, F_py: 0j
Free_energy = -22557.693176499593
------------------------------------------
[{'stable': {}, 'free': np.float64(-22557.693176499593)}]
------------------------------------------
  Seed: uu:px+ipy
  Seed uu: [0.+0.j 0.+0.j 0.+0.j 0.+0.j], Seed dd: [0.+0.j 0.+0.j 0.+0.j 0.+0.j]
F_onsite: 0j
F_swave: 0j, F_dwave: 0j
F_px: 0j, F_py: 0j
Free_energy = -22557.693176499593
------------------------------------------
[{'stable': {}, 'free': np.float64(-22557.693176499593)}]
------------------------------------------
  Seed: dd:px
  Seed uu: [0.+0.j 0.+0.j 0.+0.j 0.+0.j], Seed dd: [0.+0.j 0.+0.j 0.+0.j 0.+0.j]
F_onsite: 0j
F_swave: 0j, F_dwave: 0j
F_px: 0j, F_py: 0j
Free_energy = -22557.693176499593
------------------------------------------
[{'stable': {}, 'free': np.float64(-22557.693176499593)}]
------------------------------------------
  Seed: dd:px+py
  Seed uu: [0.+0.j 0.+0.j 0.+0.j 0.+0.j], Seed dd: [0.+0.j 0.+0.j 0.+0.j 0.+0.j]
F_onsite: 0j
F_swave: 0j, F_dwave: 0j
F_px: 0j, F_py: 0j
Free_energy = -22557.693176499593
------------------------------------------
[{'stable': {}, 'free': np.float64(-22557.693176499593)}]
------------------------------------------
  Seed: dd:px+ipy
  Seed uu: [0.+0.j 0.+0.j 0.+0.j 0.+0.j], Seed dd: [0.+0.j 0.+0.j 0.+0.j 0.+0.j]
F_onsite: 0j
F_swave: 0j, F_dwave: 0j
F_px: 0j, F_py: 0j
Free_energy = -22557.693176499593
------------------------------------------
[{'stable': {}, 'free': np.float64(-22557.693176499593)}]
------------------------------------------
  Seed: uu+dd:px
  Seed uu: [0.+0.j 0.+0.j 0.+0.j 0.+0.j], Seed dd: [0.+0.j 0.+0.j 0.+0.j 0.+0.j]
F_onsite: 0j
F_swave: 0j, F_dwave: 0j
F_px: 0j, F_py: 0j
Free_energy = -22557.693176499593
------------------------------------------
[{'stable': {}, 'free': np.float64(-22557.693176499593)}]
------------------------------------------
  Seed: uu+dd:px+py
  Seed uu: [0.+0.j 0.+0.j 0.+0.j 0.+0.j], Seed dd: [0.+0.j 0.+0.j 0.+0.j 0.+0.j]
F_onsite: 0j
F_swave: 0j, F_dwave: 0j
F_px: 0j, F_py: 0j
Free_energy = -22557.693176499593
------------------------------------------
[{'stable': {}, 'free': np.float64(-22557.693176499593)}]
------------------------------------------
  Seed: uu+dd:px+ipy
  Seed uu: [0.+0.j 0.+0.j 0.+0.j 0.+0.j], Seed dd: [0.+0.j 0.+0.j 0.+0.j 0.+0.j]
F_onsite: 0j
F_swave: 0j, F_dwave: 0j
F_px: 0j, F_py: 0j
Free_energy = -22557.693176499593
------------------------------------------
[{'stable': {}, 'free': np.float64(-22557.693176499593)}]
------------------------------------------
====================================
mu=4.00, T=0.0299
====================================
  Seed: normal state
  Seed uu: [0.+0.j 0.+0.j 0.+0.j 0.+0.j], Seed dd: [0.+0.j 0.+0.j 0.+0.j 0.+0.j]
F_onsite: 0j
F_swave: 0j, F_dwave: 0j
F_px: 0j, F_py: 0j
Free_energy = -22557.8714111215
------------------------------------------
[{'stable': {}, 'free': np.float64(-22557.8714111215)}]
------------------------------------------
  Seed: uu:px
  Seed uu: [0.+0.j 0.+0.j 0.+0.j 0.+0.j], Seed dd: [0.+0.j 0.+0.j 0.+0.j 0.+0.j]
F_onsite: 0j
F_swave: 0j, F_dwave: 0j
F_px: 0j, F_py: 0j
Free_energy = -22557.8714111215
------------------------------------------
[{'stable': {}, 'free': np.float64(-22557.8714111215)}]
------------------------------------------
  Seed: uu:px+py
  Seed uu: [0.+0.j 0.+0.j 0.+0.j 0.+0.j], Seed dd: [0.+0.j 0.+0.j 0.+0.j 0.+0.j]
F_onsite: 0j
F_swave: 0j, F_dwave: 0j
F_px: 0j, F_py: 0j
Free_energy = -22557.8714111215
------------------------------------------
[{'stable': {}, 'free': np.float64(-22557.8714111215)}]
------------------------------------------
  Seed: uu:px+ipy
  Seed uu: [0.+0.j 0.+0.j 0.+0.j 0.+0.j], Seed dd: [0.+0.j 0.+0.j 0.+0.j 0.+0.j]
F_onsite: 0j
F_swave: 0j, F_dwave: 0j
F_px: 0j, F_py: 0j
Free_energy = -22557.8714111215
------------------------------------------
[{'stable': {}, 'free': np.float64(-22557.8714111215)}]
------------------------------------------
  Seed: dd:px
  Seed uu: [0.+0.j 0.+0.j 0.+0.j 0.+0.j], Seed dd: [0.+0.j 0.+0.j 0.+0.j 0.+0.j]
F_onsite: 0j
F_swave: 0j, F_dwave: 0j
F_px: 0j, F_py: 0j
Free_energy = -22557.8714111215
------------------------------------------
[{'stable': {}, 'free': np.float64(-22557.8714111215)}]
------------------------------------------
  Seed: dd:px+py
  Seed uu: [0.+0.j 0.+0.j 0.+0.j 0.+0.j], Seed dd: [0.+0.j 0.+0.j 0.+0.j 0.+0.j]
F_onsite: 0j
F_swave: 0j, F_dwave: 0j
F_px: 0j, F_py: 0j
Free_energy = -22557.8714111215
------------------------------------------
[{'stable': {}, 'free': np.float64(-22557.8714111215)}]
------------------------------------------
  Seed: dd:px+ipy
  Seed uu: [0.+0.j 0.+0.j 0.+0.j 0.+0.j], Seed dd: [0.+0.j 0.+0.j 0.+0.j 0.+0.j]
F_onsite: 0j
F_swave: 0j, F_dwave: 0j
F_px: 0j, F_py: 0j
Free_energy = -22557.8714111215
------------------------------------------
[{'stable': {}, 'free': np.float64(-22557.8714111215)}]
------------------------------------------
  Seed: uu+dd:px
  Seed uu: [0.+0.j 0.+0.j 0.+0.j 0.+0.j], Seed dd: [0.+0.j 0.+0.j 0.+0.j 0.+0.j]
F_onsite: 0j
F_swave: 0j, F_dwave: 0j
F_px: 0j, F_py: 0j
Free_energy = -22557.8714111215
------------------------------------------
[{'stable': {}, 'free': np.float64(-22557.8714111215)}]
------------------------------------------
  Seed: uu+dd:px+py
  Seed uu: [0.+0.j 0.+0.j 0.+0.j 0.+0.j], Seed dd: [0.+0.j 0.+0.j 0.+0.j 0.+0.j]
F_onsite: 0j
F_swave: 0j, F_dwave: 0j
F_px: 0j, F_py: 0j
Free_energy = -22557.8714111215
------------------------------------------
[{'stable': {}, 'free': np.float64(-22557.8714111215)}]
------------------------------------------
  Seed: uu+dd:px+ipy
  Seed uu: [0.+0.j 0.+0.j 0.+0.j 0.+0.j], Seed dd: [0.+0.j 0.+0.j 0.+0.j 0.+0.j]
F_onsite: 0j
F_swave: 0j, F_dwave: 0j
F_px: 0j, F_py: 0j
Free_energy = -22557.8714111215
------------------------------------------
[{'stable': {}, 'free': np.float64(-22557.8714111215)}]
------------------------------------------
====================================
mu=4.00, T=0.0340
====================================
  Seed: normal state
  Seed uu: [0.+0.j 0.+0.j 0.+0.j 0.+0.j], Seed dd: [0.+0.j 0.+0.j 0.+0.j 0.+0.j]
F_onsite: 0j
F_swave: 0j, F_dwave: 0j
F_px: 0j, F_py: 0j
Free_energy = -22558.07729750808
------------------------------------------
[{'stable': {}, 'free': np.float64(-22558.07729750808)}]
------------------------------------------
  Seed: uu:px
  Seed uu: [0.+0.j 0.+0.j 0.+0.j 0.+0.j], Seed dd: [0.+0.j 0.+0.j 0.+0.j 0.+0.j]
F_onsite: 0j
F_swave: 0j, F_dwave: 0j
F_px: 0j, F_py: 0j
Free_energy = -22558.07729750808
------------------------------------------
[{'stable': {}, 'free': np.float64(-22558.07729750808)}]
------------------------------------------
  Seed: uu:px+py
  Seed uu: [0.+0.j 0.+0.j 0.+0.j 0.+0.j], Seed dd: [0.+0.j 0.+0.j 0.+0.j 0.+0.j]
F_onsite: 0j
F_swave: 0j, F_dwave: 0j
F_px: 0j, F_py: 0j
Free_energy = -22558.07729750808
------------------------------------------
[{'stable': {}, 'free': np.float64(-22558.07729750808)}]
------------------------------------------
  Seed: uu:px+ipy
  Seed uu: [0.+0.j 0.+0.j 0.+0.j 0.+0.j], Seed dd: [0.+0.j 0.+0.j 0.+0.j 0.+0.j]
F_onsite: 0j
F_swave: 0j, F_dwave: 0j
F_px: 0j, F_py: 0j
Free_energy = -22558.07729750808
------------------------------------------
[{'stable': {}, 'free': np.float64(-22558.07729750808)}]
------------------------------------------
  Seed: dd:px
  Seed uu: [0.+0.j 0.+0.j 0.+0.j 0.+0.j], Seed dd: [0.+0.j 0.+0.j 0.+0.j 0.+0.j]
F_onsite: 0j
F_swave: 0j, F_dwave: 0j
F_px: 0j, F_py: 0j
Free_energy = -22558.07729750808
------------------------------------------
[{'stable': {}, 'free': np.float64(-22558.07729750808)}]
------------------------------------------
  Seed: dd:px+py
  Seed uu: [0.+0.j 0.+0.j 0.+0.j 0.+0.j], Seed dd: [0.+0.j 0.+0.j 0.+0.j 0.+0.j]
F_onsite: 0j
F_swave: 0j, F_dwave: 0j
F_px: 0j, F_py: 0j
Free_energy = -22558.07729750808
------------------------------------------
[{'stable': {}, 'free': np.float64(-22558.07729750808)}]
------------------------------------------
  Seed: dd:px+ipy
  Seed uu: [0.+0.j 0.+0.j 0.+0.j 0.+0.j], Seed dd: [0.+0.j 0.+0.j 0.+0.j 0.+0.j]
F_onsite: 0j
F_swave: 0j, F_dwave: 0j
F_px: 0j, F_py: 0j
Free_energy = -22558.07729750808
------------------------------------------
[{'stable': {}, 'free': np.float64(-22558.07729750808)}]
------------------------------------------
  Seed: uu+dd:px
  Seed uu: [0.+0.j 0.+0.j 0.+0.j 0.+0.j], Seed dd: [0.+0.j 0.+0.j 0.+0.j 0.+0.j]
F_onsite: 0j
F_swave: 0j, F_dwave: 0j
F_px: 0j, F_py: 0j
Free_energy = -22558.07729750808
------------------------------------------
[{'stable': {}, 'free': np.float64(-22558.07729750808)}]
------------------------------------------
  Seed: uu+dd:px+py
  Seed uu: [0.+0.j 0.+0.j 0.+0.j 0.+0.j], Seed dd: [0.+0.j 0.+0.j 0.+0.j 0.+0.j]
F_onsite: 0j
F_swave: 0j, F_dwave: 0j
F_px: 0j, F_py: 0j
Free_energy = -22558.07729750808
------------------------------------------
[{'stable': {}, 'free': np.float64(-22558.07729750808)}]
------------------------------------------
  Seed: uu+dd:px+ipy
  Seed uu: [0.+0.j 0.+0.j 0.+0.j 0.+0.j], Seed dd: [0.+0.j 0.+0.j 0.+0.j 0.+0.j]
F_onsite: 0j
F_swave: 0j, F_dwave: 0j
F_px: 0j, F_py: 0j
Free_energy = -22558.07729750808
------------------------------------------
[{'stable': {}, 'free': np.float64(-22558.07729750808)}]
------------------------------------------
====================================
mu=4.00, T=0.0381
====================================
  Seed: normal state
  Seed uu: [0.+0.j 0.+0.j 0.+0.j 0.+0.j], Seed dd: [0.+0.j 0.+0.j 0.+0.j 0.+0.j]
F_onsite: 0j
F_swave: 0j, F_dwave: 0j
F_px: 0j, F_py: 0j
Free_energy = -22558.31051209782
------------------------------------------
[{'stable': {}, 'free': np.float64(-22558.31051209782)}]
------------------------------------------
  Seed: uu:px
  Seed uu: [0.+0.j 0.+0.j 0.+0.j 0.+0.j], Seed dd: [0.+0.j 0.+0.j 0.+0.j 0.+0.j]
F_onsite: 0j
F_swave: 0j, F_dwave: 0j
F_px: 0j, F_py: 0j
Free_energy = -22558.31051209782
------------------------------------------
[{'stable': {}, 'free': np.float64(-22558.31051209782)}]
------------------------------------------
  Seed: uu:px+py
  Seed uu: [0.+0.j 0.+0.j 0.+0.j 0.+0.j], Seed dd: [0.+0.j 0.+0.j 0.+0.j 0.+0.j]
F_onsite: 0j
F_swave: 0j, F_dwave: 0j
F_px: 0j, F_py: 0j
Free_energy = -22558.31051209782
------------------------------------------
[{'stable': {}, 'free': np.float64(-22558.31051209782)}]
------------------------------------------
  Seed: uu:px+ipy
  Seed uu: [0.+0.j 0.+0.j 0.+0.j 0.+0.j], Seed dd: [0.+0.j 0.+0.j 0.+0.j 0.+0.j]
F_onsite: 0j
F_swave: 0j, F_dwave: 0j
F_px: 0j, F_py: 0j
Free_energy = -22558.31051209782
------------------------------------------
[{'stable': {}, 'free': np.float64(-22558.31051209782)}]
------------------------------------------
  Seed: dd:px
  Seed uu: [0.+0.j 0.+0.j 0.+0.j 0.+0.j], Seed dd: [0.+0.j 0.+0.j 0.+0.j 0.+0.j]
F_onsite: 0j
F_swave: 0j, F_dwave: 0j
F_px: 0j, F_py: 0j
Free_energy = -22558.31051209782
------------------------------------------
[{'stable': {}, 'free': np.float64(-22558.31051209782)}]
------------------------------------------
  Seed: dd:px+py
  Seed uu: [0.+0.j 0.+0.j 0.+0.j 0.+0.j], Seed dd: [0.+0.j 0.+0.j 0.+0.j 0.+0.j]
F_onsite: 0j
F_swave: 0j, F_dwave: 0j
F_px: 0j, F_py: 0j
Free_energy = -22558.31051209782
------------------------------------------
[{'stable': {}, 'free': np.float64(-22558.31051209782)}]
------------------------------------------
  Seed: dd:px+ipy
  Seed uu: [0.+0.j 0.+0.j 0.+0.j 0.+0.j], Seed dd: [0.+0.j 0.+0.j 0.+0.j 0.+0.j]
F_onsite: 0j
F_swave: 0j, F_dwave: 0j
F_px: 0j, F_py: 0j
Free_energy = -22558.31051209782
------------------------------------------
[{'stable': {}, 'free': np.float64(-22558.31051209782)}]
------------------------------------------
  Seed: uu+dd:px
  Seed uu: [0.+0.j 0.+0.j 0.+0.j 0.+0.j], Seed dd: [0.+0.j 0.+0.j 0.+0.j 0.+0.j]
F_onsite: 0j
F_swave: 0j, F_dwave: 0j
F_px: 0j, F_py: 0j
Free_energy = -22558.31051209782
------------------------------------------
[{'stable': {}, 'free': np.float64(-22558.31051209782)}]
------------------------------------------
  Seed: uu+dd:px+py
  Seed uu: [0.+0.j 0.+0.j 0.+0.j 0.+0.j], Seed dd: [0.+0.j 0.+0.j 0.+0.j 0.+0.j]
F_onsite: 0j
F_swave: 0j, F_dwave: 0j
F_px: 0j, F_py: 0j
Free_energy = -22558.31051209782
------------------------------------------
[{'stable': {}, 'free': np.float64(-22558.31051209782)}]
------------------------------------------
  Seed: uu+dd:px+ipy
  Seed uu: [0.+0.j 0.+0.j 0.+0.j 0.+0.j], Seed dd: [0.+0.j 0.+0.j 0.+0.j 0.+0.j]
F_onsite: 0j
F_swave: 0j, F_dwave: 0j
F_px: 0j, F_py: 0j
Free_energy = -22558.31051209782
------------------------------------------
[{'stable': {}, 'free': np.float64(-22558.31051209782)}]
------------------------------------------
====================================
mu=4.00, T=0.0423
====================================
  Seed: normal state
  Seed uu: [0.+0.j 0.+0.j 0.+0.j 0.+0.j], Seed dd: [0.+0.j 0.+0.j 0.+0.j 0.+0.j]
F_onsite: 0j
F_swave: 0j, F_dwave: 0j
F_px: 0j, F_py: 0j
Free_energy = -22558.570830964003
------------------------------------------
[{'stable': {}, 'free': np.float64(-22558.570830964003)}]
------------------------------------------
  Seed: uu:px
  Seed uu: [0.+0.j 0.+0.j 0.+0.j 0.+0.j], Seed dd: [0.+0.j 0.+0.j 0.+0.j 0.+0.j]
F_onsite: 0j
F_swave: 0j, F_dwave: 0j
F_px: 0j, F_py: 0j
Free_energy = -22558.570830964003
------------------------------------------
[{'stable': {}, 'free': np.float64(-22558.570830964003)}]
------------------------------------------
  Seed: uu:px+py
  Seed uu: [0.+0.j 0.+0.j 0.+0.j 0.+0.j], Seed dd: [0.+0.j 0.+0.j 0.+0.j 0.+0.j]
F_onsite: 0j
F_swave: 0j, F_dwave: 0j
F_px: 0j, F_py: 0j
Free_energy = -22558.570830964003
------------------------------------------
[{'stable': {}, 'free': np.float64(-22558.570830964003)}]
------------------------------------------
  Seed: uu:px+ipy
  Seed uu: [0.+0.j 0.+0.j 0.+0.j 0.+0.j], Seed dd: [0.+0.j 0.+0.j 0.+0.j 0.+0.j]
F_onsite: 0j
F_swave: 0j, F_dwave: 0j
F_px: 0j, F_py: 0j
Free_energy = -22558.570830964003
------------------------------------------
[{'stable': {}, 'free': np.float64(-22558.570830964003)}]
------------------------------------------
  Seed: dd:px
  Seed uu: [0.+0.j 0.+0.j 0.+0.j 0.+0.j], Seed dd: [0.+0.j 0.+0.j 0.+0.j 0.+0.j]
F_onsite: 0j
F_swave: 0j, F_dwave: 0j
F_px: 0j, F_py: 0j
Free_energy = -22558.570830964003
------------------------------------------
[{'stable': {}, 'free': np.float64(-22558.570830964003)}]
------------------------------------------
  Seed: dd:px+py
  Seed uu: [0.+0.j 0.+0.j 0.+0.j 0.+0.j], Seed dd: [0.+0.j 0.+0.j 0.+0.j 0.+0.j]
F_onsite: 0j
F_swave: 0j, F_dwave: 0j
F_px: 0j, F_py: 0j
Free_energy = -22558.570830964003
------------------------------------------
[{'stable': {}, 'free': np.float64(-22558.570830964003)}]
------------------------------------------
  Seed: dd:px+ipy
  Seed uu: [0.+0.j 0.+0.j 0.+0.j 0.+0.j], Seed dd: [0.+0.j 0.+0.j 0.+0.j 0.+0.j]
F_onsite: 0j
F_swave: 0j, F_dwave: 0j
F_px: 0j, F_py: 0j
Free_energy = -22558.570830964003
------------------------------------------
[{'stable': {}, 'free': np.float64(-22558.570830964003)}]
------------------------------------------
  Seed: uu+dd:px
  Seed uu: [0.+0.j 0.+0.j 0.+0.j 0.+0.j], Seed dd: [0.+0.j 0.+0.j 0.+0.j 0.+0.j]
F_onsite: 0j
F_swave: 0j, F_dwave: 0j
F_px: 0j, F_py: 0j
Free_energy = -22558.570830964003
------------------------------------------
[{'stable': {}, 'free': np.float64(-22558.570830964003)}]
------------------------------------------
  Seed: uu+dd:px+py
  Seed uu: [0.+0.j 0.+0.j 0.+0.j 0.+0.j], Seed dd: [0.+0.j 0.+0.j 0.+0.j 0.+0.j]
F_onsite: 0j
F_swave: 0j, F_dwave: 0j
F_px: 0j, F_py: 0j
Free_energy = -22558.570830964003
------------------------------------------
[{'stable': {}, 'free': np.float64(-22558.570830964003)}]
------------------------------------------
  Seed: uu+dd:px+ipy
  Seed uu: [0.+0.j 0.+0.j 0.+0.j 0.+0.j], Seed dd: [0.+0.j 0.+0.j 0.+0.j 0.+0.j]
F_onsite: 0j
F_swave: 0j, F_dwave: 0j
F_px: 0j, F_py: 0j
Free_energy = -22558.570830964003
------------------------------------------
[{'stable': {}, 'free': np.float64(-22558.570830964003)}]
------------------------------------------
====================================
mu=4.00, T=0.0464
====================================
  Seed: normal state
  Seed uu: [0.+0.j 0.+0.j 0.+0.j 0.+0.j], Seed dd: [0.+0.j 0.+0.j 0.+0.j 0.+0.j]
F_onsite: 0j
F_swave: 0j, F_dwave: 0j
F_px: 0j, F_py: 0j
Free_energy = -22558.858114394585
------------------------------------------
[{'stable': {}, 'free': np.float64(-22558.858114394585)}]
------------------------------------------
  Seed: uu:px
  Seed uu: [0.+0.j 0.+0.j 0.+0.j 0.+0.j], Seed dd: [0.+0.j 0.+0.j 0.+0.j 0.+0.j]
F_onsite: 0j
F_swave: 0j, F_dwave: 0j
F_px: 0j, F_py: 0j
Free_energy = -22558.858114394585
------------------------------------------
[{'stable': {}, 'free': np.float64(-22558.858114394585)}]
------------------------------------------
  Seed: uu:px+py
  Seed uu: [0.+0.j 0.+0.j 0.+0.j 0.+0.j], Seed dd: [0.+0.j 0.+0.j 0.+0.j 0.+0.j]
F_onsite: 0j
F_swave: 0j, F_dwave: 0j
F_px: 0j, F_py: 0j
Free_energy = -22558.858114394585
------------------------------------------
[{'stable': {}, 'free': np.float64(-22558.858114394585)}]
------------------------------------------
  Seed: uu:px+ipy
  Seed uu: [0.+0.j 0.+0.j 0.+0.j 0.+0.j], Seed dd: [0.+0.j 0.+0.j 0.+0.j 0.+0.j]
F_onsite: 0j
F_swave: 0j, F_dwave: 0j
F_px: 0j, F_py: 0j
Free_energy = -22558.858114394585
------------------------------------------
[{'stable': {}, 'free': np.float64(-22558.858114394585)}]
------------------------------------------
  Seed: dd:px
  Seed uu: [0.+0.j 0.+0.j 0.+0.j 0.+0.j], Seed dd: [0.+0.j 0.+0.j 0.+0.j 0.+0.j]
F_onsite: 0j
F_swave: 0j, F_dwave: 0j
F_px: 0j, F_py: 0j
Free_energy = -22558.858114394585
------------------------------------------
[{'stable': {}, 'free': np.float64(-22558.858114394585)}]
------------------------------------------
  Seed: dd:px+py
  Seed uu: [0.+0.j 0.+0.j 0.+0.j 0.+0.j], Seed dd: [0.+0.j 0.+0.j 0.+0.j 0.+0.j]
F_onsite: 0j
F_swave: 0j, F_dwave: 0j
F_px: 0j, F_py: 0j
Free_energy = -22558.858114394585
------------------------------------------
[{'stable': {}, 'free': np.float64(-22558.858114394585)}]
------------------------------------------
  Seed: dd:px+ipy
  Seed uu: [0.+0.j 0.+0.j 0.+0.j 0.+0.j], Seed dd: [0.+0.j 0.+0.j 0.+0.j 0.+0.j]
F_onsite: 0j
F_swave: 0j, F_dwave: 0j
F_px: 0j, F_py: 0j
Free_energy = -22558.858114394585
------------------------------------------
[{'stable': {}, 'free': np.float64(-22558.858114394585)}]
------------------------------------------
  Seed: uu+dd:px
  Seed uu: [0.+0.j 0.+0.j 0.+0.j 0.+0.j], Seed dd: [0.+0.j 0.+0.j 0.+0.j 0.+0.j]
F_onsite: 0j
F_swave: 0j, F_dwave: 0j
F_px: 0j, F_py: 0j
Free_energy = -22558.858114394585
------------------------------------------
[{'stable': {}, 'free': np.float64(-22558.858114394585)}]
------------------------------------------
  Seed: uu+dd:px+py
  Seed uu: [0.+0.j 0.+0.j 0.+0.j 0.+0.j], Seed dd: [0.+0.j 0.+0.j 0.+0.j 0.+0.j]
F_onsite: 0j
F_swave: 0j, F_dwave: 0j
F_px: 0j, F_py: 0j
Free_energy = -22558.858114394585
------------------------------------------
[{'stable': {}, 'free': np.float64(-22558.858114394585)}]
------------------------------------------
  Seed: uu+dd:px+ipy
  Seed uu: [0.+0.j 0.+0.j 0.+0.j 0.+0.j], Seed dd: [0.+0.j 0.+0.j 0.+0.j 0.+0.j]
F_onsite: 0j
F_swave: 0j, F_dwave: 0j
F_px: 0j, F_py: 0j
Free_energy = -22558.858114394585
------------------------------------------
[{'stable': {}, 'free': np.float64(-22558.858114394585)}]
------------------------------------------
====================================
mu=4.00, T=0.0505
====================================
  Seed: normal state
  Seed uu: [0.+0.j 0.+0.j 0.+0.j 0.+0.j], Seed dd: [0.+0.j 0.+0.j 0.+0.j 0.+0.j]
F_onsite: 0j
F_swave: 0j, F_dwave: 0j
F_px: 0j, F_py: 0j
Free_energy = -22559.172280995368
------------------------------------------
[{'stable': {}, 'free': np.float64(-22559.172280995368)}]
------------------------------------------
  Seed: uu:px
  Seed uu: [0.+0.j 0.+0.j 0.+0.j 0.+0.j], Seed dd: [0.+0.j 0.+0.j 0.+0.j 0.+0.j]
F_onsite: 0j
F_swave: 0j, F_dwave: 0j
F_px: 0j, F_py: 0j
Free_energy = -22559.172280995368
------------------------------------------
[{'stable': {}, 'free': np.float64(-22559.172280995368)}]
------------------------------------------
  Seed: uu:px+py
  Seed uu: [0.+0.j 0.+0.j 0.+0.j 0.+0.j], Seed dd: [0.+0.j 0.+0.j 0.+0.j 0.+0.j]
F_onsite: 0j
F_swave: 0j, F_dwave: 0j
F_px: 0j, F_py: 0j
Free_energy = -22559.172280995368
------------------------------------------
[{'stable': {}, 'free': np.float64(-22559.172280995368)}]
------------------------------------------
  Seed: uu:px+ipy
  Seed uu: [0.+0.j 0.+0.j 0.+0.j 0.+0.j], Seed dd: [0.+0.j 0.+0.j 0.+0.j 0.+0.j]
F_onsite: 0j
F_swave: 0j, F_dwave: 0j
F_px: 0j, F_py: 0j
Free_energy = -22559.172280995368
------------------------------------------
[{'stable': {}, 'free': np.float64(-22559.172280995368)}]
------------------------------------------
  Seed: dd:px
  Seed uu: [0.+0.j 0.+0.j 0.+0.j 0.+0.j], Seed dd: [0.+0.j 0.+0.j 0.+0.j 0.+0.j]
F_onsite: 0j
F_swave: 0j, F_dwave: 0j
F_px: 0j, F_py: 0j
Free_energy = -22559.172280995368
------------------------------------------
[{'stable': {}, 'free': np.float64(-22559.172280995368)}]
------------------------------------------
  Seed: dd:px+py
  Seed uu: [0.+0.j 0.+0.j 0.+0.j 0.+0.j], Seed dd: [0.+0.j 0.+0.j 0.+0.j 0.+0.j]
F_onsite: 0j
F_swave: 0j, F_dwave: 0j
F_px: 0j, F_py: 0j
Free_energy = -22559.172280995368
------------------------------------------
[{'stable': {}, 'free': np.float64(-22559.172280995368)}]
------------------------------------------
  Seed: dd:px+ipy
  Seed uu: [0.+0.j 0.+0.j 0.+0.j 0.+0.j], Seed dd: [0.+0.j 0.+0.j 0.+0.j 0.+0.j]
F_onsite: 0j
F_swave: 0j, F_dwave: 0j
F_px: 0j, F_py: 0j
Free_energy = -22559.172280995368
------------------------------------------
[{'stable': {}, 'free': np.float64(-22559.172280995368)}]
------------------------------------------
  Seed: uu+dd:px
  Seed uu: [0.+0.j 0.+0.j 0.+0.j 0.+0.j], Seed dd: [0.+0.j 0.+0.j 0.+0.j 0.+0.j]
F_onsite: 0j
F_swave: 0j, F_dwave: 0j
F_px: 0j, F_py: 0j
Free_energy = -22559.172280995368
------------------------------------------
[{'stable': {}, 'free': np.float64(-22559.172280995368)}]
------------------------------------------
  Seed: uu+dd:px+py
  Seed uu: [0.+0.j 0.+0.j 0.+0.j 0.+0.j], Seed dd: [0.+0.j 0.+0.j 0.+0.j 0.+0.j]
F_onsite: 0j
F_swave: 0j, F_dwave: 0j
F_px: 0j, F_py: 0j
Free_energy = -22559.172280995368
------------------------------------------
[{'stable': {}, 'free': np.float64(-22559.172280995368)}]
------------------------------------------
  Seed: uu+dd:px+ipy
  Seed uu: [0.+0.j 0.+0.j 0.+0.j 0.+0.j], Seed dd: [0.+0.j 0.+0.j 0.+0.j 0.+0.j]
F_onsite: 0j
F_swave: 0j, F_dwave: 0j
F_px: 0j, F_py: 0j
Free_energy = -22559.172280995368
------------------------------------------
[{'stable': {}, 'free': np.float64(-22559.172280995368)}]
------------------------------------------
====================================
mu=4.00, T=0.0546
====================================
  Seed: normal state
  Seed uu: [0.+0.j 0.+0.j 0.+0.j 0.+0.j], Seed dd: [0.+0.j 0.+0.j 0.+0.j 0.+0.j]
F_onsite: 0j
F_swave: 0j, F_dwave: 0j
F_px: 0j, F_py: 0j
Free_energy = -22559.513286245216
------------------------------------------
[{'stable': {}, 'free': np.float64(-22559.513286245216)}]
------------------------------------------
  Seed: uu:px
  Seed uu: [0.+0.j 0.+0.j 0.+0.j 0.+0.j], Seed dd: [0.+0.j 0.+0.j 0.+0.j 0.+0.j]
F_onsite: 0j
F_swave: 0j, F_dwave: 0j
F_px: 0j, F_py: 0j
Free_energy = -22559.513286245216
------------------------------------------
[{'stable': {}, 'free': np.float64(-22559.513286245216)}]
------------------------------------------
  Seed: uu:px+py
  Seed uu: [0.+0.j 0.+0.j 0.+0.j 0.+0.j], Seed dd: [0.+0.j 0.+0.j 0.+0.j 0.+0.j]
F_onsite: 0j
F_swave: 0j, F_dwave: 0j
F_px: 0j, F_py: 0j
Free_energy = -22559.513286245216
------------------------------------------
[{'stable': {}, 'free': np.float64(-22559.513286245216)}]
------------------------------------------
  Seed: uu:px+ipy
  Seed uu: [0.+0.j 0.+0.j 0.+0.j 0.+0.j], Seed dd: [0.+0.j 0.+0.j 0.+0.j 0.+0.j]
F_onsite: 0j
F_swave: 0j, F_dwave: 0j
F_px: 0j, F_py: 0j
Free_energy = -22559.513286245216
------------------------------------------
[{'stable': {}, 'free': np.float64(-22559.513286245216)}]
------------------------------------------
  Seed: dd:px
  Seed uu: [0.+0.j 0.+0.j 0.+0.j 0.+0.j], Seed dd: [0.+0.j 0.+0.j 0.+0.j 0.+0.j]
F_onsite: 0j
F_swave: 0j, F_dwave: 0j
F_px: 0j, F_py: 0j
Free_energy = -22559.513286245216
------------------------------------------
[{'stable': {}, 'free': np.float64(-22559.513286245216)}]
------------------------------------------
  Seed: dd:px+py
  Seed uu: [0.+0.j 0.+0.j 0.+0.j 0.+0.j], Seed dd: [0.+0.j 0.+0.j 0.+0.j 0.+0.j]
F_onsite: 0j
F_swave: 0j, F_dwave: 0j
F_px: 0j, F_py: 0j
Free_energy = -22559.513286245216
------------------------------------------
[{'stable': {}, 'free': np.float64(-22559.513286245216)}]
------------------------------------------
  Seed: dd:px+ipy
  Seed uu: [0.+0.j 0.+0.j 0.+0.j 0.+0.j], Seed dd: [0.+0.j 0.+0.j 0.+0.j 0.+0.j]
F_onsite: 0j
F_swave: 0j, F_dwave: 0j
F_px: 0j, F_py: 0j
Free_energy = -22559.513286245216
------------------------------------------
[{'stable': {}, 'free': np.float64(-22559.513286245216)}]
------------------------------------------
  Seed: uu+dd:px
  Seed uu: [0.+0.j 0.+0.j 0.+0.j 0.+0.j], Seed dd: [0.+0.j 0.+0.j 0.+0.j 0.+0.j]
F_onsite: 0j
F_swave: 0j, F_dwave: 0j
F_px: 0j, F_py: 0j
Free_energy = -22559.513286245216
------------------------------------------
[{'stable': {}, 'free': np.float64(-22559.513286245216)}]
------------------------------------------
  Seed: uu+dd:px+py
  Seed uu: [0.+0.j 0.+0.j 0.+0.j 0.+0.j], Seed dd: [0.+0.j 0.+0.j 0.+0.j 0.+0.j]
F_onsite: 0j
F_swave: 0j, F_dwave: 0j
F_px: 0j, F_py: 0j
Free_energy = -22559.513286245216
------------------------------------------
[{'stable': {}, 'free': np.float64(-22559.513286245216)}]
------------------------------------------
  Seed: uu+dd:px+ipy
  Seed uu: [0.+0.j 0.+0.j 0.+0.j 0.+0.j], Seed dd: [0.+0.j 0.+0.j 0.+0.j 0.+0.j]
F_onsite: 0j
F_swave: 0j, F_dwave: 0j
F_px: 0j, F_py: 0j
Free_energy = -22559.513286245216
------------------------------------------
[{'stable': {}, 'free': np.float64(-22559.513286245216)}]
------------------------------------------
====================================
mu=4.00, T=0.0588
====================================
  Seed: normal state
  Seed uu: [0.+0.j 0.+0.j 0.+0.j 0.+0.j], Seed dd: [0.+0.j 0.+0.j 0.+0.j 0.+0.j]
F_onsite: 0j
F_swave: 0j, F_dwave: 0j
F_px: 0j, F_py: 0j
Free_energy = -22559.8811078378
------------------------------------------
[{'stable': {}, 'free': np.float64(-22559.8811078378)}]
------------------------------------------
  Seed: uu:px
  Seed uu: [0.+0.j 0.+0.j 0.+0.j 0.+0.j], Seed dd: [0.+0.j 0.+0.j 0.+0.j 0.+0.j]
F_onsite: 0j
F_swave: 0j, F_dwave: 0j
F_px: 0j, F_py: 0j
Free_energy = -22559.8811078378
------------------------------------------
[{'stable': {}, 'free': np.float64(-22559.8811078378)}]
------------------------------------------
  Seed: uu:px+py
  Seed uu: [0.+0.j 0.+0.j 0.+0.j 0.+0.j], Seed dd: [0.+0.j 0.+0.j 0.+0.j 0.+0.j]
F_onsite: 0j
F_swave: 0j, F_dwave: 0j
F_px: 0j, F_py: 0j
Free_energy = -22559.8811078378
------------------------------------------
[{'stable': {}, 'free': np.float64(-22559.8811078378)}]
------------------------------------------
  Seed: uu:px+ipy
  Seed uu: [0.+0.j 0.+0.j 0.+0.j 0.+0.j], Seed dd: [0.+0.j 0.+0.j 0.+0.j 0.+0.j]
F_onsite: 0j
F_swave: 0j, F_dwave: 0j
F_px: 0j, F_py: 0j
Free_energy = -22559.8811078378
------------------------------------------
[{'stable': {}, 'free': np.float64(-22559.8811078378)}]
------------------------------------------
  Seed: dd:px
  Seed uu: [0.+0.j 0.+0.j 0.+0.j 0.+0.j], Seed dd: [0.+0.j 0.+0.j 0.+0.j 0.+0.j]
F_onsite: 0j
F_swave: 0j, F_dwave: 0j
F_px: 0j, F_py: 0j
Free_energy = -22559.8811078378
------------------------------------------
[{'stable': {}, 'free': np.float64(-22559.8811078378)}]
------------------------------------------
  Seed: dd:px+py
  Seed uu: [0.+0.j 0.+0.j 0.+0.j 0.+0.j], Seed dd: [0.+0.j 0.+0.j 0.+0.j 0.+0.j]
F_onsite: 0j
F_swave: 0j, F_dwave: 0j
F_px: 0j, F_py: 0j
Free_energy = -22559.8811078378
------------------------------------------
[{'stable': {}, 'free': np.float64(-22559.8811078378)}]
------------------------------------------
  Seed: dd:px+ipy
  Seed uu: [0.+0.j 0.+0.j 0.+0.j 0.+0.j], Seed dd: [0.+0.j 0.+0.j 0.+0.j 0.+0.j]
F_onsite: 0j
F_swave: 0j, F_dwave: 0j
F_px: 0j, F_py: 0j
Free_energy = -22559.8811078378
------------------------------------------
[{'stable': {}, 'free': np.float64(-22559.8811078378)}]
------------------------------------------
  Seed: uu+dd:px
  Seed uu: [0.+0.j 0.+0.j 0.+0.j 0.+0.j], Seed dd: [0.+0.j 0.+0.j 0.+0.j 0.+0.j]
F_onsite: 0j
F_swave: 0j, F_dwave: 0j
F_px: 0j, F_py: 0j
Free_energy = -22559.8811078378
------------------------------------------
[{'stable': {}, 'free': np.float64(-22559.8811078378)}]
------------------------------------------
  Seed: uu+dd:px+py
  Seed uu: [0.+0.j 0.+0.j 0.+0.j 0.+0.j], Seed dd: [0.+0.j 0.+0.j 0.+0.j 0.+0.j]
F_onsite: 0j
F_swave: 0j, F_dwave: 0j
F_px: 0j, F_py: 0j
Free_energy = -22559.8811078378
------------------------------------------
[{'stable': {}, 'free': np.float64(-22559.8811078378)}]
------------------------------------------
  Seed: uu+dd:px+ipy
  Seed uu: [0.+0.j 0.+0.j 0.+0.j 0.+0.j], Seed dd: [0.+0.j 0.+0.j 0.+0.j 0.+0.j]
F_onsite: 0j
F_swave: 0j, F_dwave: 0j
F_px: 0j, F_py: 0j
Free_energy = -22559.8811078378
------------------------------------------
[{'stable': {}, 'free': np.float64(-22559.8811078378)}]
------------------------------------------
====================================
mu=4.00, T=0.0629
====================================
  Seed: normal state
  Seed uu: [0.+0.j 0.+0.j 0.+0.j 0.+0.j], Seed dd: [0.+0.j 0.+0.j 0.+0.j 0.+0.j]
F_onsite: 0j
F_swave: 0j, F_dwave: 0j
F_px: 0j, F_py: 0j
Free_energy = -22560.275736561467
------------------------------------------
[{'stable': {}, 'free': np.float64(-22560.275736561467)}]
------------------------------------------
  Seed: uu:px
  Seed uu: [0.+0.j 0.+0.j 0.+0.j 0.+0.j], Seed dd: [0.+0.j 0.+0.j 0.+0.j 0.+0.j]
F_onsite: 0j
F_swave: 0j, F_dwave: 0j
F_px: 0j, F_py: 0j
Free_energy = -22560.275736561467
------------------------------------------
[{'stable': {}, 'free': np.float64(-22560.275736561467)}]
------------------------------------------
  Seed: uu:px+py
  Seed uu: [0.+0.j 0.+0.j 0.+0.j 0.+0.j], Seed dd: [0.+0.j 0.+0.j 0.+0.j 0.+0.j]
F_onsite: 0j
F_swave: 0j, F_dwave: 0j
F_px: 0j, F_py: 0j
Free_energy = -22560.275736561467
------------------------------------------
[{'stable': {}, 'free': np.float64(-22560.275736561467)}]
------------------------------------------
  Seed: uu:px+ipy
  Seed uu: [0.+0.j 0.+0.j 0.+0.j 0.+0.j], Seed dd: [0.+0.j 0.+0.j 0.+0.j 0.+0.j]
F_onsite: 0j
F_swave: 0j, F_dwave: 0j
F_px: 0j, F_py: 0j
Free_energy = -22560.275736561467
------------------------------------------
[{'stable': {}, 'free': np.float64(-22560.275736561467)}]
------------------------------------------
  Seed: dd:px
  Seed uu: [0.+0.j 0.+0.j 0.+0.j 0.+0.j], Seed dd: [0.+0.j 0.+0.j 0.+0.j 0.+0.j]
F_onsite: 0j
F_swave: 0j, F_dwave: 0j
F_px: 0j, F_py: 0j
Free_energy = -22560.275736561467
------------------------------------------
[{'stable': {}, 'free': np.float64(-22560.275736561467)}]
------------------------------------------
  Seed: dd:px+py
  Seed uu: [0.+0.j 0.+0.j 0.+0.j 0.+0.j], Seed dd: [0.+0.j 0.+0.j 0.+0.j 0.+0.j]
F_onsite: 0j
F_swave: 0j, F_dwave: 0j
F_px: 0j, F_py: 0j
Free_energy = -22560.275736561467
------------------------------------------
[{'stable': {}, 'free': np.float64(-22560.275736561467)}]
------------------------------------------
  Seed: dd:px+ipy
  Seed uu: [0.+0.j 0.+0.j 0.+0.j 0.+0.j], Seed dd: [0.+0.j 0.+0.j 0.+0.j 0.+0.j]
F_onsite: 0j
F_swave: 0j, F_dwave: 0j
F_px: 0j, F_py: 0j
Free_energy = -22560.275736561467
------------------------------------------
[{'stable': {}, 'free': np.float64(-22560.275736561467)}]
------------------------------------------
  Seed: uu+dd:px
  Seed uu: [0.+0.j 0.+0.j 0.+0.j 0.+0.j], Seed dd: [0.+0.j 0.+0.j 0.+0.j 0.+0.j]
F_onsite: 0j
F_swave: 0j, F_dwave: 0j
F_px: 0j, F_py: 0j
Free_energy = -22560.275736561467
------------------------------------------
[{'stable': {}, 'free': np.float64(-22560.275736561467)}]
------------------------------------------
  Seed: uu+dd:px+py
  Seed uu: [0.+0.j 0.+0.j 0.+0.j 0.+0.j], Seed dd: [0.+0.j 0.+0.j 0.+0.j 0.+0.j]
F_onsite: 0j
F_swave: 0j, F_dwave: 0j
F_px: 0j, F_py: 0j
Free_energy = -22560.275736561467
------------------------------------------
[{'stable': {}, 'free': np.float64(-22560.275736561467)}]
------------------------------------------
  Seed: uu+dd:px+ipy
  Seed uu: [0.+0.j 0.+0.j 0.+0.j 0.+0.j], Seed dd: [0.+0.j 0.+0.j 0.+0.j 0.+0.j]
F_onsite: 0j
F_swave: 0j, F_dwave: 0j
F_px: 0j, F_py: 0j
Free_energy = -22560.275736561467
------------------------------------------
[{'stable': {}, 'free': np.float64(-22560.275736561467)}]
------------------------------------------
====================================
mu=4.00, T=0.0670
====================================
  Seed: normal state
  Seed uu: [0.+0.j 0.+0.j 0.+0.j 0.+0.j], Seed dd: [0.+0.j 0.+0.j 0.+0.j 0.+0.j]
F_onsite: 0j
F_swave: 0j, F_dwave: 0j
F_px: 0j, F_py: 0j
Free_energy = -22560.697170952386
------------------------------------------
[{'stable': {}, 'free': np.float64(-22560.697170952386)}]
------------------------------------------
  Seed: uu:px
  Seed uu: [0.+0.j 0.+0.j 0.+0.j 0.+0.j], Seed dd: [0.+0.j 0.+0.j 0.+0.j 0.+0.j]
F_onsite: 0j
F_swave: 0j, F_dwave: 0j
F_px: 0j, F_py: 0j
Free_energy = -22560.697170952386
------------------------------------------
[{'stable': {}, 'free': np.float64(-22560.697170952386)}]
------------------------------------------
  Seed: uu:px+py
  Seed uu: [0.+0.j 0.+0.j 0.+0.j 0.+0.j], Seed dd: [0.+0.j 0.+0.j 0.+0.j 0.+0.j]
F_onsite: 0j
F_swave: 0j, F_dwave: 0j
F_px: 0j, F_py: 0j
Free_energy = -22560.697170952386
------------------------------------------
[{'stable': {}, 'free': np.float64(-22560.697170952386)}]
------------------------------------------
  Seed: uu:px+ipy
  Seed uu: [0.+0.j 0.+0.j 0.+0.j 0.+0.j], Seed dd: [0.+0.j 0.+0.j 0.+0.j 0.+0.j]
F_onsite: 0j
F_swave: 0j, F_dwave: 0j
F_px: 0j, F_py: 0j
Free_energy = -22560.697170952386
------------------------------------------
[{'stable': {}, 'free': np.float64(-22560.697170952386)}]
------------------------------------------
  Seed: dd:px
  Seed uu: [0.+0.j 0.+0.j 0.+0.j 0.+0.j], Seed dd: [0.+0.j 0.+0.j 0.+0.j 0.+0.j]
F_onsite: 0j
F_swave: 0j, F_dwave: 0j
F_px: 0j, F_py: 0j
Free_energy = -22560.697170952386
------------------------------------------
[{'stable': {}, 'free': np.float64(-22560.697170952386)}]
------------------------------------------
  Seed: dd:px+py
  Seed uu: [0.+0.j 0.+0.j 0.+0.j 0.+0.j], Seed dd: [0.+0.j 0.+0.j 0.+0.j 0.+0.j]
F_onsite: 0j
F_swave: 0j, F_dwave: 0j
F_px: 0j, F_py: 0j
Free_energy = -22560.697170952386
------------------------------------------
[{'stable': {}, 'free': np.float64(-22560.697170952386)}]
------------------------------------------
  Seed: dd:px+ipy
  Seed uu: [0.+0.j 0.+0.j 0.+0.j 0.+0.j], Seed dd: [0.+0.j 0.+0.j 0.+0.j 0.+0.j]
F_onsite: 0j
F_swave: 0j, F_dwave: 0j
F_px: 0j, F_py: 0j
Free_energy = -22560.697170952386
------------------------------------------
[{'stable': {}, 'free': np.float64(-22560.697170952386)}]
------------------------------------------
  Seed: uu+dd:px
  Seed uu: [0.+0.j 0.+0.j 0.+0.j 0.+0.j], Seed dd: [0.+0.j 0.+0.j 0.+0.j 0.+0.j]
F_onsite: 0j
F_swave: 0j, F_dwave: 0j
F_px: 0j, F_py: 0j
Free_energy = -22560.697170952386
------------------------------------------
[{'stable': {}, 'free': np.float64(-22560.697170952386)}]
------------------------------------------
  Seed: uu+dd:px+py
  Seed uu: [0.+0.j 0.+0.j 0.+0.j 0.+0.j], Seed dd: [0.+0.j 0.+0.j 0.+0.j 0.+0.j]
F_onsite: 0j
F_swave: 0j, F_dwave: 0j
F_px: 0j, F_py: 0j
Free_energy = -22560.697170952386
------------------------------------------
[{'stable': {}, 'free': np.float64(-22560.697170952386)}]
------------------------------------------
  Seed: uu+dd:px+ipy
  Seed uu: [0.+0.j 0.+0.j 0.+0.j 0.+0.j], Seed dd: [0.+0.j 0.+0.j 0.+0.j 0.+0.j]
F_onsite: 0j
F_swave: 0j, F_dwave: 0j
F_px: 0j, F_py: 0j
Free_energy = -22560.697170952386
------------------------------------------
[{'stable': {}, 'free': np.float64(-22560.697170952386)}]
------------------------------------------
====================================
mu=4.00, T=0.0711
====================================
  Seed: normal state
  Seed uu: [0.+0.j 0.+0.j 0.+0.j 0.+0.j], Seed dd: [0.+0.j 0.+0.j 0.+0.j 0.+0.j]
F_onsite: 0j
F_swave: 0j, F_dwave: 0j
F_px: 0j, F_py: 0j
Free_energy = -22561.145414301787
------------------------------------------
[{'stable': {}, 'free': np.float64(-22561.145414301787)}]
------------------------------------------
  Seed: uu:px
  Seed uu: [0.+0.j 0.+0.j 0.+0.j 0.+0.j], Seed dd: [0.+0.j 0.+0.j 0.+0.j 0.+0.j]
F_onsite: 0j
F_swave: 0j, F_dwave: 0j
F_px: 0j, F_py: 0j
Free_energy = -22561.145414301787
------------------------------------------
[{'stable': {}, 'free': np.float64(-22561.145414301787)}]
------------------------------------------
  Seed: uu:px+py
  Seed uu: [0.+0.j 0.+0.j 0.+0.j 0.+0.j], Seed dd: [0.+0.j 0.+0.j 0.+0.j 0.+0.j]
F_onsite: 0j
F_swave: 0j, F_dwave: 0j
F_px: 0j, F_py: 0j
Free_energy = -22561.145414301787
------------------------------------------
[{'stable': {}, 'free': np.float64(-22561.145414301787)}]
------------------------------------------
  Seed: uu:px+ipy
  Seed uu: [0.+0.j 0.+0.j 0.+0.j 0.+0.j], Seed dd: [0.+0.j 0.+0.j 0.+0.j 0.+0.j]
F_onsite: 0j
F_swave: 0j, F_dwave: 0j
F_px: 0j, F_py: 0j
Free_energy = -22561.145414301787
------------------------------------------
[{'stable': {}, 'free': np.float64(-22561.145414301787)}]
------------------------------------------
  Seed: dd:px
  Seed uu: [0.+0.j 0.+0.j 0.+0.j 0.+0.j], Seed dd: [0.+0.j 0.+0.j 0.+0.j 0.+0.j]
F_onsite: 0j
F_swave: 0j, F_dwave: 0j
F_px: 0j, F_py: 0j
Free_energy = -22561.145414301787
------------------------------------------
[{'stable': {}, 'free': np.float64(-22561.145414301787)}]
------------------------------------------
  Seed: dd:px+py
  Seed uu: [0.+0.j 0.+0.j 0.+0.j 0.+0.j], Seed dd: [0.+0.j 0.+0.j 0.+0.j 0.+0.j]
F_onsite: 0j
F_swave: 0j, F_dwave: 0j
F_px: 0j, F_py: 0j
Free_energy = -22561.145414301787
------------------------------------------
[{'stable': {}, 'free': np.float64(-22561.145414301787)}]
------------------------------------------
  Seed: dd:px+ipy
  Seed uu: [0.+0.j 0.+0.j 0.+0.j 0.+0.j], Seed dd: [0.+0.j 0.+0.j 0.+0.j 0.+0.j]
F_onsite: 0j
F_swave: 0j, F_dwave: 0j
F_px: 0j, F_py: 0j
Free_energy = -22561.145414301787
------------------------------------------
[{'stable': {}, 'free': np.float64(-22561.145414301787)}]
------------------------------------------
  Seed: uu+dd:px
  Seed uu: [0.+0.j 0.+0.j 0.+0.j 0.+0.j], Seed dd: [0.+0.j 0.+0.j 0.+0.j 0.+0.j]
F_onsite: 0j
F_swave: 0j, F_dwave: 0j
F_px: 0j, F_py: 0j
Free_energy = -22561.145414301787
------------------------------------------
[{'stable': {}, 'free': np.float64(-22561.145414301787)}]
------------------------------------------
  Seed: uu+dd:px+py
  Seed uu: [0.+0.j 0.+0.j 0.+0.j 0.+0.j], Seed dd: [0.+0.j 0.+0.j 0.+0.j 0.+0.j]
F_onsite: 0j
F_swave: 0j, F_dwave: 0j
F_px: 0j, F_py: 0j
Free_energy = -22561.145414301787
------------------------------------------
[{'stable': {}, 'free': np.float64(-22561.145414301787)}]
------------------------------------------
  Seed: uu+dd:px+ipy
  Seed uu: [0.+0.j 0.+0.j 0.+0.j 0.+0.j], Seed dd: [0.+0.j 0.+0.j 0.+0.j 0.+0.j]
F_onsite: 0j
F_swave: 0j, F_dwave: 0j
F_px: 0j, F_py: 0j
Free_energy = -22561.145414301787
------------------------------------------
[{'stable': {}, 'free': np.float64(-22561.145414301787)}]
------------------------------------------
====================================
mu=4.00, T=0.0753
====================================
  Seed: normal state
  Seed uu: [0.+0.j 0.+0.j 0.+0.j 0.+0.j], Seed dd: [0.+0.j 0.+0.j 0.+0.j 0.+0.j]
F_onsite: 0j
F_swave: 0j, F_dwave: 0j
F_px: 0j, F_py: 0j
Free_energy = -22561.620473048988
------------------------------------------
[{'stable': {}, 'free': np.float64(-22561.620473048988)}]
------------------------------------------
  Seed: uu:px
  Seed uu: [0.+0.j 0.+0.j 0.+0.j 0.+0.j], Seed dd: [0.+0.j 0.+0.j 0.+0.j 0.+0.j]
F_onsite: 0j
F_swave: 0j, F_dwave: 0j
F_px: 0j, F_py: 0j
Free_energy = -22561.620473048988
------------------------------------------
[{'stable': {}, 'free': np.float64(-22561.620473048988)}]
------------------------------------------
  Seed: uu:px+py
  Seed uu: [0.+0.j 0.+0.j 0.+0.j 0.+0.j], Seed dd: [0.+0.j 0.+0.j 0.+0.j 0.+0.j]
F_onsite: 0j
F_swave: 0j, F_dwave: 0j
F_px: 0j, F_py: 0j
Free_energy = -22561.620473048988
------------------------------------------
[{'stable': {}, 'free': np.float64(-22561.620473048988)}]
------------------------------------------
  Seed: uu:px+ipy
  Seed uu: [0.+0.j 0.+0.j 0.+0.j 0.+0.j], Seed dd: [0.+0.j 0.+0.j 0.+0.j 0.+0.j]
F_onsite: 0j
F_swave: 0j, F_dwave: 0j
F_px: 0j, F_py: 0j
Free_energy = -22561.620473048988
------------------------------------------
[{'stable': {}, 'free': np.float64(-22561.620473048988)}]
------------------------------------------
  Seed: dd:px
  Seed uu: [0.+0.j 0.+0.j 0.+0.j 0.+0.j], Seed dd: [0.+0.j 0.+0.j 0.+0.j 0.+0.j]
F_onsite: 0j
F_swave: 0j, F_dwave: 0j
F_px: 0j, F_py: 0j
Free_energy = -22561.620473048988
------------------------------------------
[{'stable': {}, 'free': np.float64(-22561.620473048988)}]
------------------------------------------
  Seed: dd:px+py
  Seed uu: [0.+0.j 0.+0.j 0.+0.j 0.+0.j], Seed dd: [0.+0.j 0.+0.j 0.+0.j 0.+0.j]
F_onsite: 0j
F_swave: 0j, F_dwave: 0j
F_px: 0j, F_py: 0j
Free_energy = -22561.620473048988
------------------------------------------
[{'stable': {}, 'free': np.float64(-22561.620473048988)}]
------------------------------------------
  Seed: dd:px+ipy
  Seed uu: [0.+0.j 0.+0.j 0.+0.j 0.+0.j], Seed dd: [0.+0.j 0.+0.j 0.+0.j 0.+0.j]
F_onsite: 0j
F_swave: 0j, F_dwave: 0j
F_px: 0j, F_py: 0j
Free_energy = -22561.620473048988
------------------------------------------
[{'stable': {}, 'free': np.float64(-22561.620473048988)}]
------------------------------------------
  Seed: uu+dd:px
  Seed uu: [0.+0.j 0.+0.j 0.+0.j 0.+0.j], Seed dd: [0.+0.j 0.+0.j 0.+0.j 0.+0.j]
F_onsite: 0j
F_swave: 0j, F_dwave: 0j
F_px: 0j, F_py: 0j
Free_energy = -22561.620473048988
------------------------------------------
[{'stable': {}, 'free': np.float64(-22561.620473048988)}]
------------------------------------------
  Seed: uu+dd:px+py
  Seed uu: [0.+0.j 0.+0.j 0.+0.j 0.+0.j], Seed dd: [0.+0.j 0.+0.j 0.+0.j 0.+0.j]
F_onsite: 0j
F_swave: 0j, F_dwave: 0j
F_px: 0j, F_py: 0j
Free_energy = -22561.620473048988
------------------------------------------
[{'stable': {}, 'free': np.float64(-22561.620473048988)}]
------------------------------------------
  Seed: uu+dd:px+ipy
  Seed uu: [0.+0.j 0.+0.j 0.+0.j 0.+0.j], Seed dd: [0.+0.j 0.+0.j 0.+0.j 0.+0.j]
F_onsite: 0j
F_swave: 0j, F_dwave: 0j
F_px: 0j, F_py: 0j
Free_energy = -22561.620473048988
------------------------------------------
[{'stable': {}, 'free': np.float64(-22561.620473048988)}]
------------------------------------------
====================================
mu=4.00, T=0.0794
====================================
  Seed: normal state
  Seed uu: [0.+0.j 0.+0.j 0.+0.j 0.+0.j], Seed dd: [0.+0.j 0.+0.j 0.+0.j 0.+0.j]
F_onsite: 0j
F_swave: 0j, F_dwave: 0j
F_px: 0j, F_py: 0j
Free_energy = -22562.122355960462
------------------------------------------
[{'stable': {}, 'free': np.float64(-22562.122355960462)}]
------------------------------------------
  Seed: uu:px
  Seed uu: [0.+0.j 0.+0.j 0.+0.j 0.+0.j], Seed dd: [0.+0.j 0.+0.j 0.+0.j 0.+0.j]
F_onsite: 0j
F_swave: 0j, F_dwave: 0j
F_px: 0j, F_py: 0j
Free_energy = -22562.122355960462
------------------------------------------
[{'stable': {}, 'free': np.float64(-22562.122355960462)}]
------------------------------------------
  Seed: uu:px+py
  Seed uu: [0.+0.j 0.+0.j 0.+0.j 0.+0.j], Seed dd: [0.+0.j 0.+0.j 0.+0.j 0.+0.j]
F_onsite: 0j
F_swave: 0j, F_dwave: 0j
F_px: 0j, F_py: 0j
Free_energy = -22562.122355960462
------------------------------------------
[{'stable': {}, 'free': np.float64(-22562.122355960462)}]
------------------------------------------
  Seed: uu:px+ipy
  Seed uu: [0.+0.j 0.+0.j 0.+0.j 0.+0.j], Seed dd: [0.+0.j 0.+0.j 0.+0.j 0.+0.j]
F_onsite: 0j
F_swave: 0j, F_dwave: 0j
F_px: 0j, F_py: 0j
Free_energy = -22562.122355960462
------------------------------------------
[{'stable': {}, 'free': np.float64(-22562.122355960462)}]
------------------------------------------
  Seed: dd:px
  Seed uu: [0.+0.j 0.+0.j 0.+0.j 0.+0.j], Seed dd: [0.+0.j 0.+0.j 0.+0.j 0.+0.j]
F_onsite: 0j
F_swave: 0j, F_dwave: 0j
F_px: 0j, F_py: 0j
Free_energy = -22562.122355960462
------------------------------------------
[{'stable': {}, 'free': np.float64(-22562.122355960462)}]
------------------------------------------
  Seed: dd:px+py
  Seed uu: [0.+0.j 0.+0.j 0.+0.j 0.+0.j], Seed dd: [0.+0.j 0.+0.j 0.+0.j 0.+0.j]
F_onsite: 0j
F_swave: 0j, F_dwave: 0j
F_px: 0j, F_py: 0j
Free_energy = -22562.122355960462
------------------------------------------
[{'stable': {}, 'free': np.float64(-22562.122355960462)}]
------------------------------------------
  Seed: dd:px+ipy
  Seed uu: [0.+0.j 0.+0.j 0.+0.j 0.+0.j], Seed dd: [0.+0.j 0.+0.j 0.+0.j 0.+0.j]
F_onsite: 0j
F_swave: 0j, F_dwave: 0j
F_px: 0j, F_py: 0j
Free_energy = -22562.122355960462
------------------------------------------
[{'stable': {}, 'free': np.float64(-22562.122355960462)}]
------------------------------------------
  Seed: uu+dd:px
  Seed uu: [0.+0.j 0.+0.j 0.+0.j 0.+0.j], Seed dd: [0.+0.j 0.+0.j 0.+0.j 0.+0.j]
F_onsite: 0j
F_swave: 0j, F_dwave: 0j
F_px: 0j, F_py: 0j
Free_energy = -22562.122355960462
------------------------------------------
[{'stable': {}, 'free': np.float64(-22562.122355960462)}]
------------------------------------------
  Seed: uu+dd:px+py
  Seed uu: [0.+0.j 0.+0.j 0.+0.j 0.+0.j], Seed dd: [0.+0.j 0.+0.j 0.+0.j 0.+0.j]
F_onsite: 0j
F_swave: 0j, F_dwave: 0j
F_px: 0j, F_py: 0j
Free_energy = -22562.122355960462
------------------------------------------
[{'stable': {}, 'free': np.float64(-22562.122355960462)}]
------------------------------------------
  Seed: uu+dd:px+ipy
  Seed uu: [0.+0.j 0.+0.j 0.+0.j 0.+0.j], Seed dd: [0.+0.j 0.+0.j 0.+0.j 0.+0.j]
F_onsite: 0j
F_swave: 0j, F_dwave: 0j
F_px: 0j, F_py: 0j
Free_energy = -22562.122355960462
------------------------------------------
[{'stable': {}, 'free': np.float64(-22562.122355960462)}]
------------------------------------------
====================================
mu=4.00, T=0.0835
====================================
  Seed: normal state
  Seed uu: [0.+0.j 0.+0.j 0.+0.j 0.+0.j], Seed dd: [0.+0.j 0.+0.j 0.+0.j 0.+0.j]
F_onsite: 0j
F_swave: 0j, F_dwave: 0j
F_px: 0j, F_py: 0j
Free_energy = -22562.6510737338
------------------------------------------
[{'stable': {}, 'free': np.float64(-22562.6510737338)}]
------------------------------------------
  Seed: uu:px
  Seed uu: [0.+0.j 0.+0.j 0.+0.j 0.+0.j], Seed dd: [0.+0.j 0.+0.j 0.+0.j 0.+0.j]
F_onsite: 0j
F_swave: 0j, F_dwave: 0j
F_px: 0j, F_py: 0j
Free_energy = -22562.6510737338
------------------------------------------
[{'stable': {}, 'free': np.float64(-22562.6510737338)}]
------------------------------------------
  Seed: uu:px+py
  Seed uu: [0.+0.j 0.+0.j 0.+0.j 0.+0.j], Seed dd: [0.+0.j 0.+0.j 0.+0.j 0.+0.j]
F_onsite: 0j
F_swave: 0j, F_dwave: 0j
F_px: 0j, F_py: 0j
Free_energy = -22562.6510737338
------------------------------------------
[{'stable': {}, 'free': np.float64(-22562.6510737338)}]
------------------------------------------
  Seed: uu:px+ipy
  Seed uu: [0.+0.j 0.+0.j 0.+0.j 0.+0.j], Seed dd: [0.+0.j 0.+0.j 0.+0.j 0.+0.j]
F_onsite: 0j
F_swave: 0j, F_dwave: 0j
F_px: 0j, F_py: 0j
Free_energy = -22562.6510737338
------------------------------------------
[{'stable': {}, 'free': np.float64(-22562.6510737338)}]
------------------------------------------
  Seed: dd:px
  Seed uu: [0.+0.j 0.+0.j 0.+0.j 0.+0.j], Seed dd: [0.+0.j 0.+0.j 0.+0.j 0.+0.j]
F_onsite: 0j
F_swave: 0j, F_dwave: 0j
F_px: 0j, F_py: 0j
Free_energy = -22562.6510737338
------------------------------------------
[{'stable': {}, 'free': np.float64(-22562.6510737338)}]
------------------------------------------
  Seed: dd:px+py
  Seed uu: [0.+0.j 0.+0.j 0.+0.j 0.+0.j], Seed dd: [0.+0.j 0.+0.j 0.+0.j 0.+0.j]
F_onsite: 0j
F_swave: 0j, F_dwave: 0j
F_px: 0j, F_py: 0j
Free_energy = -22562.6510737338
------------------------------------------
[{'stable': {}, 'free': np.float64(-22562.6510737338)}]
------------------------------------------
  Seed: dd:px+ipy
  Seed uu: [0.+0.j 0.+0.j 0.+0.j 0.+0.j], Seed dd: [0.+0.j 0.+0.j 0.+0.j 0.+0.j]
F_onsite: 0j
F_swave: 0j, F_dwave: 0j
F_px: 0j, F_py: 0j
Free_energy = -22562.6510737338
------------------------------------------
[{'stable': {}, 'free': np.float64(-22562.6510737338)}]
------------------------------------------
  Seed: uu+dd:px
  Seed uu: [0.+0.j 0.+0.j 0.+0.j 0.+0.j], Seed dd: [0.+0.j 0.+0.j 0.+0.j 0.+0.j]
F_onsite: 0j
F_swave: 0j, F_dwave: 0j
F_px: 0j, F_py: 0j
Free_energy = -22562.6510737338
------------------------------------------
[{'stable': {}, 'free': np.float64(-22562.6510737338)}]
------------------------------------------
  Seed: uu+dd:px+py
  Seed uu: [0.+0.j 0.+0.j 0.+0.j 0.+0.j], Seed dd: [0.+0.j 0.+0.j 0.+0.j 0.+0.j]
F_onsite: 0j
F_swave: 0j, F_dwave: 0j
F_px: 0j, F_py: 0j
Free_energy = -22562.6510737338
------------------------------------------
[{'stable': {}, 'free': np.float64(-22562.6510737338)}]
------------------------------------------
  Seed: uu+dd:px+ipy
  Seed uu: [0.+0.j 0.+0.j 0.+0.j 0.+0.j], Seed dd: [0.+0.j 0.+0.j 0.+0.j 0.+0.j]
F_onsite: 0j
F_swave: 0j, F_dwave: 0j
F_px: 0j, F_py: 0j
Free_energy = -22562.6510737338
------------------------------------------
[{'stable': {}, 'free': np.float64(-22562.6510737338)}]
------------------------------------------
====================================
mu=4.00, T=0.0876
====================================
  Seed: normal state
  Seed uu: [0.+0.j 0.+0.j 0.+0.j 0.+0.j], Seed dd: [0.+0.j 0.+0.j 0.+0.j 0.+0.j]
F_onsite: 0j
F_swave: 0j, F_dwave: 0j
F_px: 0j, F_py: 0j
Free_energy = -22563.20663882723
------------------------------------------
[{'stable': {}, 'free': np.float64(-22563.20663882723)}]
------------------------------------------
  Seed: uu:px
  Seed uu: [0.+0.j 0.+0.j 0.+0.j 0.+0.j], Seed dd: [0.+0.j 0.+0.j 0.+0.j 0.+0.j]
F_onsite: 0j
F_swave: 0j, F_dwave: 0j
F_px: 0j, F_py: 0j
Free_energy = -22563.20663882723
------------------------------------------
[{'stable': {}, 'free': np.float64(-22563.20663882723)}]
------------------------------------------
  Seed: uu:px+py
  Seed uu: [0.+0.j 0.+0.j 0.+0.j 0.+0.j], Seed dd: [0.+0.j 0.+0.j 0.+0.j 0.+0.j]
F_onsite: 0j
F_swave: 0j, F_dwave: 0j
F_px: 0j, F_py: 0j
Free_energy = -22563.20663882723
------------------------------------------
[{'stable': {}, 'free': np.float64(-22563.20663882723)}]
------------------------------------------
  Seed: uu:px+ipy
  Seed uu: [0.+0.j 0.+0.j 0.+0.j 0.+0.j], Seed dd: [0.+0.j 0.+0.j 0.+0.j 0.+0.j]
F_onsite: 0j
F_swave: 0j, F_dwave: 0j
F_px: 0j, F_py: 0j
Free_energy = -22563.20663882723
------------------------------------------
[{'stable': {}, 'free': np.float64(-22563.20663882723)}]
------------------------------------------
  Seed: dd:px
  Seed uu: [0.+0.j 0.+0.j 0.+0.j 0.+0.j], Seed dd: [0.+0.j 0.+0.j 0.+0.j 0.+0.j]
F_onsite: 0j
F_swave: 0j, F_dwave: 0j
F_px: 0j, F_py: 0j
Free_energy = -22563.20663882723
------------------------------------------
[{'stable': {}, 'free': np.float64(-22563.20663882723)}]
------------------------------------------
  Seed: dd:px+py
  Seed uu: [0.+0.j 0.+0.j 0.+0.j 0.+0.j], Seed dd: [0.+0.j 0.+0.j 0.+0.j 0.+0.j]
F_onsite: 0j
F_swave: 0j, F_dwave: 0j
F_px: 0j, F_py: 0j
Free_energy = -22563.20663882723
------------------------------------------
[{'stable': {}, 'free': np.float64(-22563.20663882723)}]
------------------------------------------
  Seed: dd:px+ipy
  Seed uu: [0.+0.j 0.+0.j 0.+0.j 0.+0.j], Seed dd: [0.+0.j 0.+0.j 0.+0.j 0.+0.j]
F_onsite: 0j
F_swave: 0j, F_dwave: 0j
F_px: 0j, F_py: 0j
Free_energy = -22563.20663882723
------------------------------------------
[{'stable': {}, 'free': np.float64(-22563.20663882723)}]
------------------------------------------
  Seed: uu+dd:px
  Seed uu: [0.+0.j 0.+0.j 0.+0.j 0.+0.j], Seed dd: [0.+0.j 0.+0.j 0.+0.j 0.+0.j]
F_onsite: 0j
F_swave: 0j, F_dwave: 0j
F_px: 0j, F_py: 0j
Free_energy = -22563.20663882723
------------------------------------------
[{'stable': {}, 'free': np.float64(-22563.20663882723)}]
------------------------------------------
  Seed: uu+dd:px+py
  Seed uu: [0.+0.j 0.+0.j 0.+0.j 0.+0.j], Seed dd: [0.+0.j 0.+0.j 0.+0.j 0.+0.j]
F_onsite: 0j
F_swave: 0j, F_dwave: 0j
F_px: 0j, F_py: 0j
Free_energy = -22563.20663882723
------------------------------------------
[{'stable': {}, 'free': np.float64(-22563.20663882723)}]
------------------------------------------
  Seed: uu+dd:px+ipy
  Seed uu: [0.+0.j 0.+0.j 0.+0.j 0.+0.j], Seed dd: [0.+0.j 0.+0.j 0.+0.j 0.+0.j]
F_onsite: 0j
F_swave: 0j, F_dwave: 0j
F_px: 0j, F_py: 0j
Free_energy = -22563.20663882723
------------------------------------------
[{'stable': {}, 'free': np.float64(-22563.20663882723)}]
------------------------------------------
====================================
mu=4.00, T=0.0917
====================================
  Seed: normal state
  Seed uu: [0.+0.j 0.+0.j 0.+0.j 0.+0.j], Seed dd: [0.+0.j 0.+0.j 0.+0.j 0.+0.j]
F_onsite: 0j
F_swave: 0j, F_dwave: 0j
F_px: 0j, F_py: 0j
Free_energy = -22563.78906539471
------------------------------------------
[{'stable': {}, 'free': np.float64(-22563.78906539471)}]
------------------------------------------
  Seed: uu:px
  Seed uu: [0.+0.j 0.+0.j 0.+0.j 0.+0.j], Seed dd: [0.+0.j 0.+0.j 0.+0.j 0.+0.j]
F_onsite: 0j
F_swave: 0j, F_dwave: 0j
F_px: 0j, F_py: 0j
Free_energy = -22563.78906539471
------------------------------------------
[{'stable': {}, 'free': np.float64(-22563.78906539471)}]
------------------------------------------
  Seed: uu:px+py
  Seed uu: [0.+0.j 0.+0.j 0.+0.j 0.+0.j], Seed dd: [0.+0.j 0.+0.j 0.+0.j 0.+0.j]
F_onsite: 0j
F_swave: 0j, F_dwave: 0j
F_px: 0j, F_py: 0j
Free_energy = -22563.78906539471
------------------------------------------
[{'stable': {}, 'free': np.float64(-22563.78906539471)}]
------------------------------------------
  Seed: uu:px+ipy
  Seed uu: [0.+0.j 0.+0.j 0.+0.j 0.+0.j], Seed dd: [0.+0.j 0.+0.j 0.+0.j 0.+0.j]
F_onsite: 0j
F_swave: 0j, F_dwave: 0j
F_px: 0j, F_py: 0j
Free_energy = -22563.78906539471
------------------------------------------
[{'stable': {}, 'free': np.float64(-22563.78906539471)}]
------------------------------------------
  Seed: dd:px
  Seed uu: [0.+0.j 0.+0.j 0.+0.j 0.+0.j], Seed dd: [0.+0.j 0.+0.j 0.+0.j 0.+0.j]
F_onsite: 0j
F_swave: 0j, F_dwave: 0j
F_px: 0j, F_py: 0j
Free_energy = -22563.78906539471
------------------------------------------
[{'stable': {}, 'free': np.float64(-22563.78906539471)}]
------------------------------------------
  Seed: dd:px+py
  Seed uu: [0.+0.j 0.+0.j 0.+0.j 0.+0.j], Seed dd: [0.+0.j 0.+0.j 0.+0.j 0.+0.j]
F_onsite: 0j
F_swave: 0j, F_dwave: 0j
F_px: 0j, F_py: 0j
Free_energy = -22563.78906539471
------------------------------------------
[{'stable': {}, 'free': np.float64(-22563.78906539471)}]
------------------------------------------
  Seed: dd:px+ipy
  Seed uu: [0.+0.j 0.+0.j 0.+0.j 0.+0.j], Seed dd: [0.+0.j 0.+0.j 0.+0.j 0.+0.j]
F_onsite: 0j
F_swave: 0j, F_dwave: 0j
F_px: 0j, F_py: 0j
Free_energy = -22563.78906539471
------------------------------------------
[{'stable': {}, 'free': np.float64(-22563.78906539471)}]
------------------------------------------
  Seed: uu+dd:px
  Seed uu: [0.+0.j 0.+0.j 0.+0.j 0.+0.j], Seed dd: [0.+0.j 0.+0.j 0.+0.j 0.+0.j]
F_onsite: 0j
F_swave: 0j, F_dwave: 0j
F_px: 0j, F_py: 0j
Free_energy = -22563.78906539471
------------------------------------------
[{'stable': {}, 'free': np.float64(-22563.78906539471)}]
------------------------------------------
  Seed: uu+dd:px+py
  Seed uu: [0.+0.j 0.+0.j 0.+0.j 0.+0.j], Seed dd: [0.+0.j 0.+0.j 0.+0.j 0.+0.j]
F_onsite: 0j
F_swave: 0j, F_dwave: 0j
F_px: 0j, F_py: 0j
Free_energy = -22563.78906539471
------------------------------------------
[{'stable': {}, 'free': np.float64(-22563.78906539471)}]
------------------------------------------
  Seed: uu+dd:px+ipy
  Seed uu: [0.+0.j 0.+0.j 0.+0.j 0.+0.j], Seed dd: [0.+0.j 0.+0.j 0.+0.j 0.+0.j]
F_onsite: 0j
F_swave: 0j, F_dwave: 0j
F_px: 0j, F_py: 0j
Free_energy = -22563.78906539471
------------------------------------------
[{'stable': {}, 'free': np.float64(-22563.78906539471)}]
------------------------------------------
====================================
mu=4.00, T=0.0959
====================================
  Seed: normal state
  Seed uu: [0.+0.j 0.+0.j 0.+0.j 0.+0.j], Seed dd: [0.+0.j 0.+0.j 0.+0.j 0.+0.j]
F_onsite: 0j
F_swave: 0j, F_dwave: 0j
F_px: 0j, F_py: 0j
Free_energy = -22564.39836927316
------------------------------------------
[{'stable': {}, 'free': np.float64(-22564.39836927316)}]
------------------------------------------
  Seed: uu:px
  Seed uu: [0.+0.j 0.+0.j 0.+0.j 0.+0.j], Seed dd: [0.+0.j 0.+0.j 0.+0.j 0.+0.j]
F_onsite: 0j
F_swave: 0j, F_dwave: 0j
F_px: 0j, F_py: 0j
Free_energy = -22564.39836927316
------------------------------------------
[{'stable': {}, 'free': np.float64(-22564.39836927316)}]
------------------------------------------
  Seed: uu:px+py
  Seed uu: [0.+0.j 0.+0.j 0.+0.j 0.+0.j], Seed dd: [0.+0.j 0.+0.j 0.+0.j 0.+0.j]
F_onsite: 0j
F_swave: 0j, F_dwave: 0j
F_px: 0j, F_py: 0j
Free_energy = -22564.39836927316
------------------------------------------
[{'stable': {}, 'free': np.float64(-22564.39836927316)}]
------------------------------------------
  Seed: uu:px+ipy
  Seed uu: [0.+0.j 0.+0.j 0.+0.j 0.+0.j], Seed dd: [0.+0.j 0.+0.j 0.+0.j 0.+0.j]
F_onsite: 0j
F_swave: 0j, F_dwave: 0j
F_px: 0j, F_py: 0j
Free_energy = -22564.39836927316
------------------------------------------
[{'stable': {}, 'free': np.float64(-22564.39836927316)}]
------------------------------------------
  Seed: dd:px
  Seed uu: [0.+0.j 0.+0.j 0.+0.j 0.+0.j], Seed dd: [0.+0.j 0.+0.j 0.+0.j 0.+0.j]
F_onsite: 0j
F_swave: 0j, F_dwave: 0j
F_px: 0j, F_py: 0j
Free_energy = -22564.39836927316
------------------------------------------
[{'stable': {}, 'free': np.float64(-22564.39836927316)}]
------------------------------------------
  Seed: dd:px+py
  Seed uu: [0.+0.j 0.+0.j 0.+0.j 0.+0.j], Seed dd: [0.+0.j 0.+0.j 0.+0.j 0.+0.j]
F_onsite: 0j
F_swave: 0j, F_dwave: 0j
F_px: 0j, F_py: 0j
Free_energy = -22564.39836927316
------------------------------------------
[{'stable': {}, 'free': np.float64(-22564.39836927316)}]
------------------------------------------
  Seed: dd:px+ipy
  Seed uu: [0.+0.j 0.+0.j 0.+0.j 0.+0.j], Seed dd: [0.+0.j 0.+0.j 0.+0.j 0.+0.j]
F_onsite: 0j
F_swave: 0j, F_dwave: 0j
F_px: 0j, F_py: 0j
Free_energy = -22564.39836927316
------------------------------------------
[{'stable': {}, 'free': np.float64(-22564.39836927316)}]
------------------------------------------
  Seed: uu+dd:px
  Seed uu: [0.+0.j 0.+0.j 0.+0.j 0.+0.j], Seed dd: [0.+0.j 0.+0.j 0.+0.j 0.+0.j]
F_onsite: 0j
F_swave: 0j, F_dwave: 0j
F_px: 0j, F_py: 0j
Free_energy = -22564.39836927316
------------------------------------------
[{'stable': {}, 'free': np.float64(-22564.39836927316)}]
------------------------------------------
  Seed: uu+dd:px+py
  Seed uu: [0.+0.j 0.+0.j 0.+0.j 0.+0.j], Seed dd: [0.+0.j 0.+0.j 0.+0.j 0.+0.j]
F_onsite: 0j
F_swave: 0j, F_dwave: 0j
F_px: 0j, F_py: 0j
Free_energy = -22564.39836927316
------------------------------------------
[{'stable': {}, 'free': np.float64(-22564.39836927316)}]
------------------------------------------
  Seed: uu+dd:px+ipy
  Seed uu: [0.+0.j 0.+0.j 0.+0.j 0.+0.j], Seed dd: [0.+0.j 0.+0.j 0.+0.j 0.+0.j]
F_onsite: 0j
F_swave: 0j, F_dwave: 0j
F_px: 0j, F_py: 0j
Free_energy = -22564.39836927316
------------------------------------------
[{'stable': {}, 'free': np.float64(-22564.39836927316)}]
------------------------------------------
====================================
mu=4.00, T=0.1000
====================================
  Seed: normal state
  Seed uu: [0.+0.j 0.+0.j 0.+0.j 0.+0.j], Seed dd: [0.+0.j 0.+0.j 0.+0.j 0.+0.j]
F_onsite: 0j
F_swave: 0j, F_dwave: 0j
F_px: 0j, F_py: 0j
Free_energy = -22565.03456798533
------------------------------------------
[{'stable': {}, 'free': np.float64(-22565.03456798533)}]
------------------------------------------
  Seed: uu:px
  Seed uu: [0.+0.j 0.+0.j 0.+0.j 0.+0.j], Seed dd: [0.+0.j 0.+0.j 0.+0.j 0.+0.j]
F_onsite: 0j
F_swave: 0j, F_dwave: 0j
F_px: 0j, F_py: 0j
Free_energy = -22565.03456798533
------------------------------------------
[{'stable': {}, 'free': np.float64(-22565.03456798533)}]
------------------------------------------
  Seed: uu:px+py
  Seed uu: [0.+0.j 0.+0.j 0.+0.j 0.+0.j], Seed dd: [0.+0.j 0.+0.j 0.+0.j 0.+0.j]
F_onsite: 0j
F_swave: 0j, F_dwave: 0j
F_px: 0j, F_py: 0j
Free_energy = -22565.03456798533
------------------------------------------
[{'stable': {}, 'free': np.float64(-22565.03456798533)}]
------------------------------------------
  Seed: uu:px+ipy
  Seed uu: [0.+0.j 0.+0.j 0.+0.j 0.+0.j], Seed dd: [0.+0.j 0.+0.j 0.+0.j 0.+0.j]
F_onsite: 0j
F_swave: 0j, F_dwave: 0j
F_px: 0j, F_py: 0j
Free_energy = -22565.03456798533
------------------------------------------
[{'stable': {}, 'free': np.float64(-22565.03456798533)}]
------------------------------------------
  Seed: dd:px
  Seed uu: [0.+0.j 0.+0.j 0.+0.j 0.+0.j], Seed dd: [0.+0.j 0.+0.j 0.+0.j 0.+0.j]
F_onsite: 0j
F_swave: 0j, F_dwave: 0j
F_px: 0j, F_py: 0j
Free_energy = -22565.03456798533
------------------------------------------
[{'stable': {}, 'free': np.float64(-22565.03456798533)}]
------------------------------------------
  Seed: dd:px+py
  Seed uu: [0.+0.j 0.+0.j 0.+0.j 0.+0.j], Seed dd: [0.+0.j 0.+0.j 0.+0.j 0.+0.j]
F_onsite: 0j
F_swave: 0j, F_dwave: 0j
F_px: 0j, F_py: 0j
Free_energy = -22565.03456798533
------------------------------------------
[{'stable': {}, 'free': np.float64(-22565.03456798533)}]
------------------------------------------
  Seed: dd:px+ipy
  Seed uu: [0.+0.j 0.+0.j 0.+0.j 0.+0.j], Seed dd: [0.+0.j 0.+0.j 0.+0.j 0.+0.j]
F_onsite: 0j
F_swave: 0j, F_dwave: 0j
F_px: 0j, F_py: 0j
Free_energy = -22565.03456798533
------------------------------------------
[{'stable': {}, 'free': np.float64(-22565.03456798533)}]
------------------------------------------
  Seed: uu+dd:px
  Seed uu: [0.+0.j 0.+0.j 0.+0.j 0.+0.j], Seed dd: [0.+0.j 0.+0.j 0.+0.j 0.+0.j]
F_onsite: 0j
F_swave: 0j, F_dwave: 0j
F_px: 0j, F_py: 0j
Free_energy = -22565.03456798533
------------------------------------------
[{'stable': {}, 'free': np.float64(-22565.03456798533)}]
------------------------------------------
  Seed: uu+dd:px+py
  Seed uu: [0.+0.j 0.+0.j 0.+0.j 0.+0.j], Seed dd: [0.+0.j 0.+0.j 0.+0.j 0.+0.j]
F_onsite: 0j
F_swave: 0j, F_dwave: 0j
F_px: 0j, F_py: 0j
Free_energy = -22565.03456798533
------------------------------------------
[{'stable': {}, 'free': np.float64(-22565.03456798533)}]
------------------------------------------
  Seed: uu+dd:px+ipy
  Seed uu: [0.+0.j 0.+0.j 0.+0.j 0.+0.j], Seed dd: [0.+0.j 0.+0.j 0.+0.j 0.+0.j]
F_onsite: 0j
F_swave: 0j, F_dwave: 0j
F_px: 0j, F_py: 0j
Free_energy = -22565.03456798533
------------------------------------------
[{'stable': {}, 'free': np.float64(-22565.03456798533)}]
------------------------------------------
