/home/emilssp/D1/venv/bin/python
Python 3.10.12
Running job 8 out of 45
====================================
mu=0.82, T=0.0010
====================================
  Seed: normal state
F_onsite: 0j
F_swave: 0j, F_dwave: 0j
F_px: 0j, F_py: 0j
Free_energy = -17732.66500701623
------------------------------------------
[{'stable': {}, 'free': np.float64(-17732.66500701623)}]
------------------------------------------
  Seed: px
F_onsite: -9.744769951025903e-18j
F_swave: 4.2390293240933494e-18j, F_dwave: 1.1163364849219645e-18j
F_px: (0.05242871041081157+0j), F_py: (1.8570535624060493e-19+0j)
Free_energy = -17826.583398005514
------------------------------------------
[{'stable': {'F_px': np.complex128(0.05242871041081157+0j)}, 'free': np.float64(-17826.583398005514)}]
------------------------------------------
  Seed: py
F_onsite: 7.981581204937676e-17j
F_swave: -1.249000902703301e-16j, F_dwave: -0.06271686323492576j
F_px: (1.2956684145428483e-17+0j), F_py: (1.1116102333957779e-15+0j)
Free_energy = -18007.916691100785
------------------------------------------
[{'stable': {'F_dwave': np.complex128(-0.06271686323492576j)}, 'free': np.float64(-18007.916691100785)}]
------------------------------------------
  Seed: px+py
F_onsite: 1.483374389812974e-17j
F_swave: 1.9727397341552655e-18j, F_dwave: 1.23391339302813e-16j
F_px: (0.03051049483414377+0j), F_py: (0.030510494834565347+0j)
Free_energy = -17796.38204645781
------------------------------------------
[{'stable': {'F_dwave': np.complex128(-0.06271686323492576j)}, 'free': np.float64(-18007.916691100785)}]
------------------------------------------
  Seed: px+i*py
F_onsite: (1.3890229171742625e-15+3.63820590900028e-15j)
F_swave: (-4.2587461335230614e-16-1.1102230246251565e-15j), F_dwave: (0.02235147670584436+0.05859877492827239j)
F_px: (5.740746090304727e-10+1.5050493698542944e-09j), F_py: (2.591645171905188e-08+6.794505519325256e-08j)
Free_energy = -18007.91669110082
------------------------------------------
[{'stable': {'F_dwave': np.complex128(-0.06271686323492576j)}, 'free': np.float64(-18007.916691100785)}, {'stable': {'F_dwave': np.complex128(0.02235147670584436+0.05859877492827239j)}, 'free': np.float64(-18007.91669110082)}]
------------------------------------------
  Seed: d-wave
F_onsite: (8.334710895009219e-17+0j)
F_swave: 0j, F_dwave: (0.06271686323678383+0j)
F_px: -3.4056696723645506e-18j, F_py: -9.220706365220482e-20j
Free_energy = -18007.916691122216
------------------------------------------
[{'stable': {'F_dwave': np.complex128(-0.06271686323492576j)}, 'free': np.float64(-18007.916691100785)}, {'stable': {'F_dwave': np.complex128(0.02235147670584436+0.05859877492827239j)}, 'free': np.float64(-18007.91669110082)}, {'stable': {'F_dwave': np.complex128(0.06271686323678383+0j)}, 'free': np.float64(-18007.916691122216)}]
------------------------------------------
  Seed: d-wave+px
F_onsite: (-7.975128757891163e-15-7.41385619506506e-19j)
F_swave: (2.310651670001107e-15+1.9808284509910828e-18j), F_dwave: (0.06271686323489134+1.2348036327207051e-17j)
F_px: (1.0490270740959318e-07-5.5627247521315595e-18j), F_py: (-1.3877787807814457e-17-6.577506182428202e-19j)
Free_energy = -18007.9166911009
------------------------------------------
[{'stable': {'F_dwave': np.complex128(-0.06271686323492576j)}, 'free': np.float64(-18007.916691100785)}, {'stable': {'F_dwave': np.complex128(0.02235147670584436+0.05859877492827239j)}, 'free': np.float64(-18007.91669110082)}, {'stable': {'F_dwave': np.complex128(0.06271686323678383+0j)}, 'free': np.float64(-18007.916691122216)}]
------------------------------------------
  Seed: d-wave+py
F_onsite: (1.0402158525192361e-14+5.325272653193724e-20j)
F_swave: (-3.0635216585750413e-15-2.402034377305375e-18j), F_dwave: (0.06271686323488167+7.569328780583906e-18j)
F_px: (1.457167719820518e-16+2.203998712232679e-18j), F_py: (1.192837991784157e-07-1.6616590677374038e-18j)
Free_energy = -18007.916691100916
------------------------------------------
[{'stable': {'F_dwave': np.complex128(-0.06271686323492576j)}, 'free': np.float64(-18007.916691100785)}, {'stable': {'F_dwave': np.complex128(0.02235147670584436+0.05859877492827239j)}, 'free': np.float64(-18007.91669110082)}, {'stable': {'F_dwave': np.complex128(0.06271686323678383+0j)}, 'free': np.float64(-18007.916691122216)}]
------------------------------------------
  Seed: s-wave
F_onsite: (-2.3930373163472982e-17+0j)
F_swave: (1.942890293094024e-16+0j), F_dwave: (-0.06271686321394089+0j)
F_px: 1.7433598796878389e-13j, F_py: 5.3563857706654115e-14j
Free_energy = -18007.9166908595
------------------------------------------
[{'stable': {'F_dwave': np.complex128(-0.06271686323492576j)}, 'free': np.float64(-18007.916691100785)}, {'stable': {'F_dwave': np.complex128(0.02235147670584436+0.05859877492827239j)}, 'free': np.float64(-18007.91669110082)}, {'stable': {'F_dwave': np.complex128(0.06271686323678383+0j)}, 'free': np.float64(-18007.916691122216)}, {'stable': {'F_dwave': np.complex128(-0.06271686321394089+0j)}, 'free': np.float64(-18007.9166908595)}]
------------------------------------------
  Seed: s-wave+px
F_onsite: (-7.080367426633053e-15-6.058496559396787e-19j)
F_swave: (2.123301534595612e-15+6.651580027305563e-19j), F_dwave: (0.06271686323489545-6.934942875711369e-18j)
F_px: (9.856500719773731e-08-3.3371584988910685e-18j), F_py: (4.163336342344337e-17-2.133203527969884e-18j)
Free_energy = -18007.916691100865
------------------------------------------
[{'stable': {'F_dwave': np.complex128(-0.06271686323492576j)}, 'free': np.float64(-18007.916691100785)}, {'stable': {'F_dwave': np.complex128(0.02235147670584436+0.05859877492827239j)}, 'free': np.float64(-18007.91669110082)}, {'stable': {'F_dwave': np.complex128(0.06271686323678383+0j)}, 'free': np.float64(-18007.916691122216)}, {'stable': {'F_dwave': np.complex128(-0.06271686321394089+0j)}, 'free': np.float64(-18007.9166908595)}]
------------------------------------------
  Seed: s-wave+py
F_onsite: (-2.8892595688732124e-15+3.867741559004719e-19j)
F_swave: (8.534839501805891e-16+1.109998674147802e-18j), F_dwave: (-0.06271686323491292+5.075670711504876e-18j)
F_px: (-2.0816681711721685e-17+5.452575469337972e-18j), F_py: (6.186809226038648e-08+3.0282836290542967e-18j)
Free_energy = -18007.916691100803
------------------------------------------
[{'stable': {'F_dwave': np.complex128(-0.06271686323492576j)}, 'free': np.float64(-18007.916691100785)}, {'stable': {'F_dwave': np.complex128(0.02235147670584436+0.05859877492827239j)}, 'free': np.float64(-18007.91669110082)}, {'stable': {'F_dwave': np.complex128(0.06271686323678383+0j)}, 'free': np.float64(-18007.916691122216)}, {'stable': {'F_dwave': np.complex128(-0.06271686321394089+0j)}, 'free': np.float64(-18007.9166908595)}]
------------------------------------------
====================================
mu=0.82, T=0.0113
====================================
  Seed: normal state
F_onsite: 0j
F_swave: 0j, F_dwave: 0j
F_px: 0j, F_py: 0j
Free_energy = -17733.298483492687
------------------------------------------
[{'stable': {}, 'free': np.float64(-17733.298483492687)}]
------------------------------------------
  Seed: px
F_onsite: 1.2581192123804937e-17j
F_swave: 3.497134341416989e-18j, F_dwave: 8.84527390060104e-18j
F_px: (0.052368154920758005+0j), F_py: (-1.8153471159211256e-19+0j)
Free_energy = -17826.46262512679
------------------------------------------
[{'stable': {'F_px': np.complex128(0.052368154920758005+0j)}, 'free': np.float64(-17826.46262512679)}]
------------------------------------------
  Seed: py
F_onsite: -8.299694685318625e-17j
F_swave: 4.163336342344337e-17j, F_dwave: -0.06271523745112473j
F_px: (-1.484707515447195e-18+0j), F_py: (2.928359410115423e-17+0j)
Free_energy = -18007.907780173326
------------------------------------------
[{'stable': {'F_dwave': np.complex128(-0.06271523745112473j)}, 'free': np.float64(-18007.907780173326)}]
------------------------------------------
  Seed: px+py
F_onsite: 2.4934002989206432e-17j
F_swave: 5.6475921758180475e-19j, F_dwave: 2.4200360992642305e-14j
F_px: (0.030420021023724222+0j), F_py: (0.030420025540759683+0j)
Free_energy = -17796.129386761542
------------------------------------------
[{'stable': {'F_dwave': np.complex128(-0.06271523745112473j)}, 'free': np.float64(-18007.907780173326)}]
------------------------------------------
  Seed: px+i*py
F_onsite: (4.794325271457509e-16+1.2284077701490436e-15j)
F_swave: (-1.205632815803881e-16-3.7816971776294395e-16j), F_dwave: (0.02235089369358256+0.05859724644741421j)
F_px: (3.3174171742977876e-10+8.697258156720178e-10j), F_py: (1.497638853036054e-08+3.926353659561288e-08j)
Free_energy = -18007.907663904603
------------------------------------------
[{'stable': {'F_dwave': np.complex128(-0.06271523745112473j)}, 'free': np.float64(-18007.907780173326)}, {'stable': {'F_dwave': np.complex128(0.02235089369358256+0.05859724644741421j)}, 'free': np.float64(-18007.907663904603)}]
------------------------------------------
  Seed: d-wave
F_onsite: (-1.3198417753279755e-17+0j)
F_swave: (6.938893903907228e-17+0j), F_dwave: (0.06271523167079471+0j)
F_px: 6.127154271848728e-18j, F_py: -7.407373434090923e-19j
Free_energy = -18007.90771371457
------------------------------------------
[{'stable': {'F_dwave': np.complex128(-0.06271523745112473j)}, 'free': np.float64(-18007.907780173326)}, {'stable': {'F_dwave': np.complex128(0.02235089369358256+0.05859724644741421j)}, 'free': np.float64(-18007.907663904603)}, {'stable': {'F_dwave': np.complex128(0.06271523167079471+0j)}, 'free': np.float64(-18007.90771371457)}]
------------------------------------------
  Seed: d-wave+px
F_onsite: (-3.32365002503199e-15+1.19988820524374e-18j)
F_swave: (1.0408340855860843e-15-9.726535081553323e-18j), F_dwave: (0.06271522733850156+1.0243099069095399e-17j)
F_px: (6.84766874384235e-08+5.0583338390038544e-18j), F_py: (9.71445146547012e-17-1.8169541150986854e-18j)
Free_energy = -18007.90766390464
------------------------------------------
[{'stable': {'F_dwave': np.complex128(-0.06271523745112473j)}, 'free': np.float64(-18007.907780173326)}, {'stable': {'F_dwave': np.complex128(0.02235089369358256+0.05859724644741421j)}, 'free': np.float64(-18007.907663904603)}, {'stable': {'F_dwave': np.complex128(0.06271523167079471+0j)}, 'free': np.float64(-18007.90771371457)}]
------------------------------------------
  Seed: d-wave+py
F_onsite: (6.241097554336047e-15+6.510507671399446e-19j)
F_swave: (-2.1788126858268697e-15-3.0441376092317854e-19j), F_dwave: (0.06271522734996106+6.96315387050249e-18j)
F_px: (2.706168622523819e-16+3.1786508320025553e-18j), F_py: (9.348119579810632e-08-3.6949180868266942e-19j)
Free_energy = -18007.907664036593
------------------------------------------
[{'stable': {'F_dwave': np.complex128(-0.06271523745112473j)}, 'free': np.float64(-18007.907780173326)}, {'stable': {'F_dwave': np.complex128(0.02235089369358256+0.05859724644741421j)}, 'free': np.float64(-18007.907663904603)}, {'stable': {'F_dwave': np.complex128(0.06271523167079471+0j)}, 'free': np.float64(-18007.90771371457)}]
------------------------------------------
  Seed: s-wave
F_onsite: (1.8133043106803646e-17+0j)
F_swave: (3.469446951953614e-17+0j), F_dwave: (-0.06271523167073412+0j)
F_px: 2.8796001247700325e-15j, F_py: 8.403182205371659e-16j
Free_energy = -18007.90771371389
------------------------------------------
[{'stable': {'F_dwave': np.complex128(-0.06271523745112473j)}, 'free': np.float64(-18007.907780173326)}, {'stable': {'F_dwave': np.complex128(0.02235089369358256+0.05859724644741421j)}, 'free': np.float64(-18007.907663904603)}, {'stable': {'F_dwave': np.complex128(0.06271523167079471+0j)}, 'free': np.float64(-18007.90771371457)}, {'stable': {'F_dwave': np.complex128(-0.06271523167073412+0j)}, 'free': np.float64(-18007.90771371389)}]
------------------------------------------
  Seed: s-wave+px
F_onsite: (-5.101906446052443e-15+1.3605424229369546e-18j)
F_swave: (1.5230872119076366e-15-2.8423373353819223e-18j), F_dwave: (0.06271522855326572-2.5738857066448465e-17j)
F_px: (8.500590548826681e-08-2.4456545297401585e-18j), F_py: (2.42861286636753e-16-2.589419894763603e-19j)
Free_energy = -18007.907677871437
------------------------------------------
[{'stable': {'F_dwave': np.complex128(-0.06271523745112473j)}, 'free': np.float64(-18007.907780173326)}, {'stable': {'F_dwave': np.complex128(0.02235089369358256+0.05859724644741421j)}, 'free': np.float64(-18007.907663904603)}, {'stable': {'F_dwave': np.complex128(0.06271523167079471+0j)}, 'free': np.float64(-18007.90771371457)}, {'stable': {'F_dwave': np.complex128(-0.06271523167073412+0j)}, 'free': np.float64(-18007.90771371389)}]
------------------------------------------
  Seed: s-wave+py
F_onsite: (-1.6737872174456424e-15+9.864385543704754e-19j)
F_swave: (6.036837696399289e-16-2.075911974664167e-18j), F_dwave: (-0.06271522737942382-4.922798066631667e-18j)
F_px: (6.245004513516506e-17+1.3164798608224858e-18j), F_py: (4.976803402723107e-08-6.15463428919241e-19j)
Free_energy = -18007.90766437502
------------------------------------------
[{'stable': {'F_dwave': np.complex128(-0.06271523745112473j)}, 'free': np.float64(-18007.907780173326)}, {'stable': {'F_dwave': np.complex128(0.02235089369358256+0.05859724644741421j)}, 'free': np.float64(-18007.907663904603)}, {'stable': {'F_dwave': np.complex128(0.06271523167079471+0j)}, 'free': np.float64(-18007.90771371457)}, {'stable': {'F_dwave': np.complex128(-0.06271523167073412+0j)}, 'free': np.float64(-18007.90771371389)}]
------------------------------------------
====================================
mu=0.82, T=0.0216
====================================
  Seed: normal state
F_onsite: 0j
F_swave: 0j, F_dwave: 0j
F_px: 0j, F_py: 0j
Free_energy = -17734.989691830615
------------------------------------------
[{'stable': {}, 'free': np.float64(-17734.989691830615)}]
------------------------------------------
  Seed: px
F_onsite: -3.5898607988774574e-17j
F_swave: -4.85722573273506e-17j, F_dwave: 0.0626729384096712j
F_px: (2.639044005991644e-09+0j), F_py: (6.144591526996969e-19+0j)
Free_energy = -18007.684730302524
------------------------------------------
[{'stable': {'F_dwave': np.complex128(0.0626729384096712j)}, 'free': np.float64(-18007.684730302524)}]
------------------------------------------
  Seed: py
F_onsite: 7.165820978793801e-17j
F_swave: 4.163336342344337e-17j, F_dwave: -0.06267293871887976j
F_px: (4.267796597846412e-18+0j), F_py: (-6.789374390743368e-19+0j)
Free_energy = -18007.684733850772
------------------------------------------
[{'stable': {'F_dwave': np.complex128(0.0626729384096712j)}, 'free': np.float64(-18007.684730302524)}, {'stable': {'F_dwave': np.complex128(-0.06267293871887976j)}, 'free': np.float64(-18007.684733850772)}]
------------------------------------------
  Seed: px+py
F_onsite: 3.095486880729295e-17j
F_swave: -4.163336342344337e-17j, F_dwave: 0.06267293841173922j
F_px: (1.1179443918520632e-18+0j), F_py: (3.195161832223425e-11+0j)
Free_energy = -18007.6847303263
------------------------------------------
[{'stable': {'F_dwave': np.complex128(0.0626729384096712j)}, 'free': np.float64(-18007.684730302524)}, {'stable': {'F_dwave': np.complex128(-0.06267293871887976j)}, 'free': np.float64(-18007.684733850772)}]
------------------------------------------
  Seed: px+i*py
F_onsite: (2.4505995873059095e-17-6.324612232980333e-17j)
F_swave: (-3.903127820947816e-17+3.9898639947466563e-17j), F_dwave: (0.02233582246851297+0.05855773427837871j)
F_px: (1.5831311955816219e-12+4.150634697053235e-12j), F_py: (7.147577148203244e-11+1.8738804605233916e-10j)
Free_energy = -18007.684730326386
------------------------------------------
[{'stable': {'F_dwave': np.complex128(0.0626729384096712j)}, 'free': np.float64(-18007.684730302524)}, {'stable': {'F_dwave': np.complex128(-0.06267293871887976j)}, 'free': np.float64(-18007.684733850772)}, {'stable': {'F_dwave': np.complex128(0.02233582246851297+0.05855773427837871j)}, 'free': np.float64(-18007.684730326386)}]
------------------------------------------
  Seed: d-wave
F_onsite: (-6.831787249471412e-18+0j)
F_swave: (8.326672684688674e-17+0j), F_dwave: (0.06267293841189568+0j)
F_px: 3.211678034337696e-17j, F_py: -9.38372298443937e-19j
Free_energy = -18007.68473032807
------------------------------------------
[{'stable': {'F_dwave': np.complex128(0.0626729384096712j)}, 'free': np.float64(-18007.684730302524)}, {'stable': {'F_dwave': np.complex128(-0.06267293871887976j)}, 'free': np.float64(-18007.684733850772)}, {'stable': {'F_dwave': np.complex128(0.02233582246851297+0.05855773427837871j)}, 'free': np.float64(-18007.684730326386)}, {'stable': {'F_dwave': np.complex128(0.06267293841189568+0j)}, 'free': np.float64(-18007.68473032807)}]
------------------------------------------
  Seed: d-wave+px
F_onsite: (-2.107173517918953e-16+1.592288340604732e-18j)
F_swave: (4.85722573273506e-17+3.2354001474456657e-18j), F_dwave: (0.06267293841174154-2.5005428897727044e-17j)
F_px: (2.004577864811452e-08+3.068599893979978e-18j), F_py: (1.5265566588595902e-16-2.1489965024727916e-18j)
Free_energy = -18007.684730326382
------------------------------------------
[{'stable': {'F_dwave': np.complex128(0.0626729384096712j)}, 'free': np.float64(-18007.684730302524)}, {'stable': {'F_dwave': np.complex128(-0.06267293871887976j)}, 'free': np.float64(-18007.684733850772)}, {'stable': {'F_dwave': np.complex128(0.02233582246851297+0.05855773427837871j)}, 'free': np.float64(-18007.684730326386)}, {'stable': {'F_dwave': np.complex128(0.06267293841189568+0j)}, 'free': np.float64(-18007.68473032807)}]
------------------------------------------
  Seed: d-wave+py
F_onsite: (1.9384436199255206e-15+2.3341370828170486e-18j)
F_swave: (-5.516420653606247e-16-6.1727266012000486e-18j), F_dwave: (0.06267293842767696+1.063464423656555e-17j)
F_px: (1.5959455978986625e-16+3.278158865154032e-18j), F_py: (5.100551197373404e-08-2.31793673830232e-19j)
Free_energy = -18007.684730509256
------------------------------------------
[{'stable': {'F_dwave': np.complex128(0.0626729384096712j)}, 'free': np.float64(-18007.684730302524)}, {'stable': {'F_dwave': np.complex128(-0.06267293871887976j)}, 'free': np.float64(-18007.684733850772)}, {'stable': {'F_dwave': np.complex128(0.02233582246851297+0.05855773427837871j)}, 'free': np.float64(-18007.684730326386)}, {'stable': {'F_dwave': np.complex128(0.06267293841189568+0j)}, 'free': np.float64(-18007.68473032807)}]
------------------------------------------
  Seed: s-wave
F_onsite: (8.592582465739156e-17+0j)
F_swave: (6.938893903907228e-18+0j), F_dwave: (-0.06267293950281305+0j)
F_px: 1.417156472467542e-17j, F_py: 3.297989781764235e-19j
Free_energy = -18007.68474284654
------------------------------------------
[{'stable': {'F_dwave': np.complex128(0.0626729384096712j)}, 'free': np.float64(-18007.684730302524)}, {'stable': {'F_dwave': np.complex128(-0.06267293871887976j)}, 'free': np.float64(-18007.684733850772)}, {'stable': {'F_dwave': np.complex128(0.02233582246851297+0.05855773427837871j)}, 'free': np.float64(-18007.684730326386)}, {'stable': {'F_dwave': np.complex128(0.06267293841189568+0j)}, 'free': np.float64(-18007.68473032807)}, {'stable': {'F_dwave': np.complex128(-0.06267293950281305+0j)}, 'free': np.float64(-18007.68474284654)}]
------------------------------------------
  Seed: s-wave+px
F_onsite: (-1.7827865268436127e-15-1.3416719240820704e-18j)
F_swave: (4.371503159461554e-16-1.6082369200100982e-19j), F_dwave: (0.06267293849816463-5.385148927769017e-17j)
F_px: (4.970359528816415e-08-4.978344417908054e-18j), F_py: (2.220446049250313e-16+7.645528597119005e-20j)
Free_energy = -18007.684731318164
------------------------------------------
[{'stable': {'F_dwave': np.complex128(0.0626729384096712j)}, 'free': np.float64(-18007.684730302524)}, {'stable': {'F_dwave': np.complex128(-0.06267293871887976j)}, 'free': np.float64(-18007.684733850772)}, {'stable': {'F_dwave': np.complex128(0.02233582246851297+0.05855773427837871j)}, 'free': np.float64(-18007.684730326386)}, {'stable': {'F_dwave': np.complex128(0.06267293841189568+0j)}, 'free': np.float64(-18007.68473032807)}, {'stable': {'F_dwave': np.complex128(-0.06267293950281305+0j)}, 'free': np.float64(-18007.68474284654)}]
------------------------------------------
  Seed: s-wave+py
F_onsite: (-7.544576206976753e-16+1.608148000492386e-19j)
F_swave: (2.185751579730777e-16-1.5974034678920403e-19j), F_dwave: (-0.06267293861297404-1.5468508341530096e-17j)
F_px: (8.326672684688674e-17-5.904774100563954e-18j), F_py: (3.012396423279773e-08-4.370941215664965e-19j)
Free_energy = -18007.684732635473
------------------------------------------
[{'stable': {'F_dwave': np.complex128(0.0626729384096712j)}, 'free': np.float64(-18007.684730302524)}, {'stable': {'F_dwave': np.complex128(-0.06267293871887976j)}, 'free': np.float64(-18007.684733850772)}, {'stable': {'F_dwave': np.complex128(0.02233582246851297+0.05855773427837871j)}, 'free': np.float64(-18007.684730326386)}, {'stable': {'F_dwave': np.complex128(0.06267293841189568+0j)}, 'free': np.float64(-18007.68473032807)}, {'stable': {'F_dwave': np.complex128(-0.06267293950281305+0j)}, 'free': np.float64(-18007.68474284654)}]
------------------------------------------
====================================
mu=0.82, T=0.0319
====================================
  Seed: normal state
F_onsite: 0j
F_swave: 0j, F_dwave: 0j
F_px: 0j, F_py: 0j
Free_energy = -17737.739277112236
------------------------------------------
[{'stable': {}, 'free': np.float64(-17737.739277112236)}]
------------------------------------------
  Seed: px
F_onsite: -3.884952577828501e-17j
F_swave: -1.3877787807814457e-16j, F_dwave: 0.06251969016744625j
F_px: (3.674316782585176e-15+0j), F_py: (4.529782983261016e-19+0j)
Free_energy = -18006.883023046656
------------------------------------------
[{'stable': {'F_dwave': np.complex128(0.06251969016744625j)}, 'free': np.float64(-18006.883023046656)}]
------------------------------------------
  Seed: py
F_onsite: -3.8463216886891043e-17j
F_swave: -2.7755575615628914e-17j, F_dwave: -0.06251969017038429j
F_px: (6.918380858691679e-18+0j), F_py: (-2.9216908454531432e-18+0j)
Free_energy = -18006.883023080096
------------------------------------------
[{'stable': {'F_dwave': np.complex128(0.06251969016744625j)}, 'free': np.float64(-18006.883023046656)}, {'stable': {'F_dwave': np.complex128(-0.06251969017038429j)}, 'free': np.float64(-18006.883023080096)}]
------------------------------------------
  Seed: px+py
F_onsite: 1.565010919612301e-17j
F_swave: -6.938893903907228e-17j, F_dwave: 0.06251969307426232j
F_px: (2.241991871857749e-17+0j), F_py: (1.5883822302044728e-14+0j)
Free_energy = -18006.88305617217
------------------------------------------
[{'stable': {'F_dwave': np.complex128(0.06251969016744625j)}, 'free': np.float64(-18006.883023046656)}, {'stable': {'F_dwave': np.complex128(-0.06251969017038429j)}, 'free': np.float64(-18006.883023080096)}]
------------------------------------------
  Seed: px+i*py
F_onsite: (6.049016378080134e-18+1.2172163995415048e-17j)
F_swave: (3.642919299551295e-17+9.194034422677078e-17j), F_dwave: (0.022281206781422067+0.05841454855523835j)
F_px: (2.225528789034925e-13+5.832140326234025e-13j), F_py: (1.0043015030714031e-11+2.632983067685224e-11j)
Free_energy = -18006.88302303894
------------------------------------------
[{'stable': {'F_dwave': np.complex128(0.06251969016744625j)}, 'free': np.float64(-18006.883023046656)}, {'stable': {'F_dwave': np.complex128(-0.06251969017038429j)}, 'free': np.float64(-18006.883023080096)}, {'stable': {'F_dwave': np.complex128(0.022281206781422067+0.05841454855523835j)}, 'free': np.float64(-18006.88302303894)}]
------------------------------------------
  Seed: d-wave
F_onsite: (-3.905814503577388e-19+0j)
F_swave: (6.245004513516506e-17+0j), F_dwave: (0.06251970564848514+0j)
F_px: -1.0163666000546485e-17j, F_py: -3.601643648729389e-19j
Free_energy = -18006.88319946539
------------------------------------------
[{'stable': {'F_dwave': np.complex128(0.06251969016744625j)}, 'free': np.float64(-18006.883023046656)}, {'stable': {'F_dwave': np.complex128(-0.06251969017038429j)}, 'free': np.float64(-18006.883023080096)}, {'stable': {'F_dwave': np.complex128(0.022281206781422067+0.05841454855523835j)}, 'free': np.float64(-18006.88302303894)}, {'stable': {'F_dwave': np.complex128(0.06251970564848514+0j)}, 'free': np.float64(-18006.88319946539)}]
------------------------------------------
  Seed: d-wave+px
F_onsite: (5.5099903748064545e-17+1.7470458097880226e-18j)
F_swave: (-3.122502256758253e-17-1.7449727907198923e-18j), F_dwave: (0.06251969019602135-7.081554952419682e-18j)
F_px: (5.972728804592986e-09+5.059962887754061e-18j), F_py: (-3.469446951953614e-17-7.748907778319571e-19j)
Free_energy = -18006.883023372095
------------------------------------------
[{'stable': {'F_dwave': np.complex128(0.06251969016744625j)}, 'free': np.float64(-18006.883023046656)}, {'stable': {'F_dwave': np.complex128(-0.06251969017038429j)}, 'free': np.float64(-18006.883023080096)}, {'stable': {'F_dwave': np.complex128(0.022281206781422067+0.05841454855523835j)}, 'free': np.float64(-18006.88302303894)}, {'stable': {'F_dwave': np.complex128(0.06251970564848514+0j)}, 'free': np.float64(-18006.88319946539)}]
------------------------------------------
  Seed: d-wave+py
F_onsite: (1.5451098009178297e-16-1.7815632009604183e-18j)
F_swave: (-1.6653345369377348e-16+2.862892801559518e-18j), F_dwave: (0.0625196901667672+3.216631682984152e-17j)
F_px: (-3.469446951953614e-17+6.6552564136672004e-18j), F_py: (3.9797608125669015e-09-1.0251241558865168e-18j)
Free_energy = -18006.88302303893
------------------------------------------
[{'stable': {'F_dwave': np.complex128(0.06251969016744625j)}, 'free': np.float64(-18006.883023046656)}, {'stable': {'F_dwave': np.complex128(-0.06251969017038429j)}, 'free': np.float64(-18006.883023080096)}, {'stable': {'F_dwave': np.complex128(0.022281206781422067+0.05841454855523835j)}, 'free': np.float64(-18006.88302303894)}, {'stable': {'F_dwave': np.complex128(0.06251970564848514+0j)}, 'free': np.float64(-18006.88319946539)}]
------------------------------------------
  Seed: s-wave
F_onsite: (-3.1262874352412954e-17+0j)
F_swave: (-4.163336342344337e-17+0j), F_dwave: (-0.0625196901703843+0j)
F_px: -2.328498535085747e-18j, F_py: 1.7799024266732284e-18j
Free_energy = -18006.883023080096
------------------------------------------
[{'stable': {'F_dwave': np.complex128(0.06251969016744625j)}, 'free': np.float64(-18006.883023046656)}, {'stable': {'F_dwave': np.complex128(-0.06251969017038429j)}, 'free': np.float64(-18006.883023080096)}, {'stable': {'F_dwave': np.complex128(0.022281206781422067+0.05841454855523835j)}, 'free': np.float64(-18006.88302303894)}, {'stable': {'F_dwave': np.complex128(0.06251970564848514+0j)}, 'free': np.float64(-18006.88319946539)}, {'stable': {'F_dwave': np.complex128(-0.0625196901703843+0j)}, 'free': np.float64(-18006.883023080096)}]
------------------------------------------
  Seed: s-wave+px
F_onsite: (-3.931310435234449e-16+3.934311313024326e-19j)
F_swave: (6.938893903907228e-18-1.1516717970023874e-18j), F_dwave: (0.06251969687594341-4.0674319467901427e-17j)
F_px: (2.2648829811622306e-08+2.7528875731496598e-18j), F_py: (1.3877787807814457e-16-1.601742723089813e-18j)
Free_energy = -18006.883099495142
------------------------------------------
[{'stable': {'F_dwave': np.complex128(0.06251969016744625j)}, 'free': np.float64(-18006.883023046656)}, {'stable': {'F_dwave': np.complex128(-0.06251969017038429j)}, 'free': np.float64(-18006.883023080096)}, {'stable': {'F_dwave': np.complex128(0.022281206781422067+0.05841454855523835j)}, 'free': np.float64(-18006.88302303894)}, {'stable': {'F_dwave': np.complex128(0.06251970564848514+0j)}, 'free': np.float64(-18006.88319946539)}, {'stable': {'F_dwave': np.complex128(-0.0625196901703843+0j)}, 'free': np.float64(-18006.883023080096)}]
------------------------------------------
  Seed: s-wave+py
F_onsite: (-3.40172574040079e-17-3.073186245814587e-19j)
F_swave: (7.979727989493313e-17-1.1029539099940263e-18j), F_dwave: (-0.06251969208077805-1.5134792611454446e-17j)
F_px: (-6.938893903907228e-17-8.045605794833179e-18j), F_py: (1.2444897119767706e-08+1.4991718398096801e-18j)
Free_energy = -18006.883044850605
------------------------------------------
[{'stable': {'F_dwave': np.complex128(0.06251969016744625j)}, 'free': np.float64(-18006.883023046656)}, {'stable': {'F_dwave': np.complex128(-0.06251969017038429j)}, 'free': np.float64(-18006.883023080096)}, {'stable': {'F_dwave': np.complex128(0.022281206781422067+0.05841454855523835j)}, 'free': np.float64(-18006.88302303894)}, {'stable': {'F_dwave': np.complex128(0.06251970564848514+0j)}, 'free': np.float64(-18006.88319946539)}, {'stable': {'F_dwave': np.complex128(-0.0625196901703843+0j)}, 'free': np.float64(-18006.883023080096)}]
------------------------------------------
====================================
mu=0.82, T=0.0422
====================================
  Seed: normal state
F_onsite: 0j
F_swave: 0j, F_dwave: 0j
F_px: 0j, F_py: 0j
Free_energy = -17741.557167539755
------------------------------------------
[{'stable': {}, 'free': np.float64(-17741.557167539755)}]
------------------------------------------
  Seed: px
F_onsite: -8.640338580352047e-17j
F_swave: 6.938893903907228e-18j, F_dwave: 0.0621734671441431j
F_px: (4.9990656183739165e-18+0j), F_py: (1.2066935591341944e-18+0j)
Free_energy = -18005.03053654689
------------------------------------------
[{'stable': {'F_dwave': np.complex128(0.0621734671441431j)}, 'free': np.float64(-18005.03053654689)}]
------------------------------------------
  Seed: py
F_onsite: 3.929206509555898e-17j
F_swave: 6.938893903907228e-17j, F_dwave: -0.06217344783348249j
F_px: (1.4253000449186113e-17+0j), F_py: (-1.8135703319653617e-18+0j)
Free_energy = -18005.03031992885
------------------------------------------
[{'stable': {'F_dwave': np.complex128(0.0621734671441431j)}, 'free': np.float64(-18005.03053654689)}, {'stable': {'F_dwave': np.complex128(-0.06217344783348249j)}, 'free': np.float64(-18005.03031992885)}]
------------------------------------------
  Seed: px+py
F_onsite: -4.345001086728743e-17j
F_swave: 3.469446951953614e-18j, F_dwave: 0.062173447896354074j
F_px: (2.3311751054323307e-17+0j), F_py: (4.636938767497696e-19+0j)
Free_energy = -18005.030320634294
------------------------------------------
[{'stable': {'F_dwave': np.complex128(0.0621734671441431j)}, 'free': np.float64(-18005.03053654689)}, {'stable': {'F_dwave': np.complex128(-0.06217344783348249j)}, 'free': np.float64(-18005.03031992885)}]
------------------------------------------
  Seed: px+i*py
F_onsite: (-3.822021851571177e-18-2.6272712797404763e-17j)
F_swave: (-7.806255641895632e-18+4.163336342344337e-17j), F_dwave: (0.022157810518896013+0.05809104107920341j)
F_px: (3.1488700535931e-14+8.260059303211165e-14j), F_py: (1.4260970876422974e-12+3.738821752197197e-12j)
Free_energy = -18005.030320394
------------------------------------------
[{'stable': {'F_dwave': np.complex128(0.0621734671441431j)}, 'free': np.float64(-18005.03053654689)}, {'stable': {'F_dwave': np.complex128(-0.06217344783348249j)}, 'free': np.float64(-18005.03031992885)}, {'stable': {'F_dwave': np.complex128(0.022157810518896013+0.05809104107920341j)}, 'free': np.float64(-18005.030320394)}]
------------------------------------------
  Seed: d-wave
F_onsite: (-2.7236413902133482e-17+0j)
F_swave: (3.469446951953614e-18+0j), F_dwave: (0.06217345161056979+0j)
F_px: 1.1373454249147394e-17j, F_py: 8.184137388308844e-19j
Free_energy = -18005.030362298523
------------------------------------------
[{'stable': {'F_dwave': np.complex128(0.0621734671441431j)}, 'free': np.float64(-18005.03053654689)}, {'stable': {'F_dwave': np.complex128(-0.06217344783348249j)}, 'free': np.float64(-18005.03031992885)}, {'stable': {'F_dwave': np.complex128(0.022157810518896013+0.05809104107920341j)}, 'free': np.float64(-18005.030320394)}, {'stable': {'F_dwave': np.complex128(0.06217345161056979+0j)}, 'free': np.float64(-18005.030362298523)}]
------------------------------------------
  Seed: d-wave+px
F_onsite: (2.9841255793505796e-17+1.9011693975308316e-18j)
F_swave: (-1.97758476261356e-16+5.623072909959692e-19j), F_dwave: (0.062173447851212614-1.1206774770778545e-17j)
F_px: (7.675146421193269e-10+8.64443377651171e-18j), F_py: (-2.0816681711721685e-17-1.0866575023147094e-18j)
Free_energy = -18005.030320127837
------------------------------------------
[{'stable': {'F_dwave': np.complex128(0.0621734671441431j)}, 'free': np.float64(-18005.03053654689)}, {'stable': {'F_dwave': np.complex128(-0.06217344783348249j)}, 'free': np.float64(-18005.03031992885)}, {'stable': {'F_dwave': np.complex128(0.022157810518896013+0.05809104107920341j)}, 'free': np.float64(-18005.030320394)}, {'stable': {'F_dwave': np.complex128(0.06217345161056979+0j)}, 'free': np.float64(-18005.030362298523)}]
------------------------------------------
  Seed: d-wave+py
F_onsite: (9.870691876803985e-17+1.5379925594501236e-18j)
F_swave: (1.0408340855860843e-17-2.364524547448521e-18j), F_dwave: (0.06217344950342319+2.1800414888898017e-17j)
F_px: -3.6503093033560605e-18j, F_py: (8.859958600115903e-10-3.389683095173366e-19j)
Free_energy = -18005.030338661578
------------------------------------------
[{'stable': {'F_dwave': np.complex128(0.0621734671441431j)}, 'free': np.float64(-18005.03053654689)}, {'stable': {'F_dwave': np.complex128(-0.06217344783348249j)}, 'free': np.float64(-18005.03031992885)}, {'stable': {'F_dwave': np.complex128(0.022157810518896013+0.05809104107920341j)}, 'free': np.float64(-18005.030320394)}, {'stable': {'F_dwave': np.complex128(0.06217345161056979+0j)}, 'free': np.float64(-18005.030362298523)}]
------------------------------------------
  Seed: s-wave
F_onsite: (3.8422850472998455e-17+0j)
F_swave: (6.938893903907228e-17+0j), F_dwave: (-0.06217344783348249+0j)
F_px: -1.4469999702360825e-17j, F_py: 1.9202170739805984e-18j
Free_energy = -18005.03031992885
------------------------------------------
[{'stable': {'F_dwave': np.complex128(0.0621734671441431j)}, 'free': np.float64(-18005.03053654689)}, {'stable': {'F_dwave': np.complex128(-0.06217344783348249j)}, 'free': np.float64(-18005.03031992885)}, {'stable': {'F_dwave': np.complex128(0.022157810518896013+0.05809104107920341j)}, 'free': np.float64(-18005.030320394)}, {'stable': {'F_dwave': np.complex128(0.06217345161056979+0j)}, 'free': np.float64(-18005.030362298523)}, {'stable': {'F_dwave': np.complex128(-0.06217344783348249+0j)}, 'free': np.float64(-18005.03031992885)}]
------------------------------------------
  Seed: s-wave+px
F_onsite: (-7.909296798094945e-17-2.395722488932854e-18j)
F_swave: (-8.500145032286355e-17-7.273940103589958e-19j), F_dwave: (0.06217344783402804-6.374936860234083e-17j)
F_px: (2.1566616756341084e-09-6.384037594448324e-18j), F_py: (-3.8163916471489756e-17-4.425255029209174e-19j)
Free_energy = -18005.030319935024
------------------------------------------
[{'stable': {'F_dwave': np.complex128(0.0621734671441431j)}, 'free': np.float64(-18005.03053654689)}, {'stable': {'F_dwave': np.complex128(-0.06217344783348249j)}, 'free': np.float64(-18005.03031992885)}, {'stable': {'F_dwave': np.complex128(0.022157810518896013+0.05809104107920341j)}, 'free': np.float64(-18005.030320394)}, {'stable': {'F_dwave': np.complex128(0.06217345161056979+0j)}, 'free': np.float64(-18005.030362298523)}, {'stable': {'F_dwave': np.complex128(-0.06217344783348249+0j)}, 'free': np.float64(-18005.03031992885)}]
------------------------------------------
  Seed: s-wave+py
F_onsite: (2.5121936072863784e-17+1.5817138891655212e-19j)
F_swave: (2.6020852139652106e-17+2.322818792690087e-18j), F_dwave: (-0.06217344804981329-1.0908938103169958e-17j)
F_px: (1.3877787807814457e-17+6.399765622049471e-18j), F_py: (2.1581600360975894e-09+2.164729822555951e-18j)
Free_energy = -18005.03032235573
------------------------------------------
[{'stable': {'F_dwave': np.complex128(0.0621734671441431j)}, 'free': np.float64(-18005.03053654689)}, {'stable': {'F_dwave': np.complex128(-0.06217344783348249j)}, 'free': np.float64(-18005.03031992885)}, {'stable': {'F_dwave': np.complex128(0.022157810518896013+0.05809104107920341j)}, 'free': np.float64(-18005.030320394)}, {'stable': {'F_dwave': np.complex128(0.06217345161056979+0j)}, 'free': np.float64(-18005.030362298523)}, {'stable': {'F_dwave': np.complex128(-0.06217344783348249+0j)}, 'free': np.float64(-18005.03031992885)}]
------------------------------------------
====================================
mu=0.82, T=0.0526
====================================
  Seed: normal state
F_onsite: 0j
F_swave: 0j, F_dwave: 0j
F_px: 0j, F_py: 0j
Free_energy = -17746.44521067746
------------------------------------------
[{'stable': {}, 'free': np.float64(-17746.44521067746)}]
------------------------------------------
  Seed: px
F_onsite: 1.0896363520632838e-16j
F_swave: -4.85722573273506e-17j, F_dwave: 0.061529520159487566j
F_px: (1.2804472572961069e-17+0j), F_py: (-2.8940113142055875e-19+0j)
Free_energy = -18001.53770528131
------------------------------------------
[{'stable': {'F_dwave': np.complex128(0.061529520159487566j)}, 'free': np.float64(-18001.53770528131)}]
------------------------------------------
  Seed: py
F_onsite: -3.2305346917356384e-17j
F_swave: -4.163336342344337e-17j, F_dwave: -0.0615295194569686j
F_px: (-4.223631770580981e-19+0j), F_py: (-6.576238898209892e-19+0j)
Free_energy = -18001.53769762065
------------------------------------------
[{'stable': {'F_dwave': np.complex128(0.061529520159487566j)}, 'free': np.float64(-18001.53770528131)}, {'stable': {'F_dwave': np.complex128(-0.0615295194569686j)}, 'free': np.float64(-18001.53769762065)}]
------------------------------------------
  Seed: px+py
F_onsite: 2.5366453013449155e-17j
F_swave: 4.163336342344337e-17j, F_dwave: 0.0615295194569686j
F_px: (8.560440460522999e-19+0j), F_py: (8.744643243180901e-19+0j)
Free_energy = -18001.53769762065
------------------------------------------
[{'stable': {'F_dwave': np.complex128(0.061529520159487566j)}, 'free': np.float64(-18001.53770528131)}, {'stable': {'F_dwave': np.complex128(-0.0615295194569686j)}, 'free': np.float64(-18001.53769762065)}]
------------------------------------------
  Seed: px+i*py
F_onsite: (9.148309199439758e-17+6.120961359550934e-17j)
F_swave: (-1.2750217548429532e-16+1.734723475976807e-17j), F_dwave: (0.02192832276412959+0.05748939397251738j)
F_px: (8.500145032286355e-17-4.40619762898109e-16j), F_py: (1.753805434212552e-15+4.7253867485608225e-15j)
Free_energy = -18001.537697086038
------------------------------------------
[{'stable': {'F_dwave': np.complex128(0.061529520159487566j)}, 'free': np.float64(-18001.53770528131)}, {'stable': {'F_dwave': np.complex128(-0.0615295194569686j)}, 'free': np.float64(-18001.53769762065)}, {'stable': {'F_dwave': np.complex128(0.02192832276412959+0.05748939397251738j)}, 'free': np.float64(-18001.537697086038)}]
------------------------------------------
  Seed: d-wave
F_onsite: (-6.291059944789988e-17+0j)
F_swave: (6.938893903907228e-17+0j), F_dwave: (0.06152952182948297+0j)
F_px: -9.132411865865653e-18j, F_py: -1.5117350215769058e-18j
Free_energy = -18001.537723492347
------------------------------------------
[{'stable': {'F_dwave': np.complex128(0.061529520159487566j)}, 'free': np.float64(-18001.53770528131)}, {'stable': {'F_dwave': np.complex128(-0.0615295194569686j)}, 'free': np.float64(-18001.53769762065)}, {'stable': {'F_dwave': np.complex128(0.02192832276412959+0.05748939397251738j)}, 'free': np.float64(-18001.537697086038)}, {'stable': {'F_dwave': np.complex128(0.06152952182948297+0j)}, 'free': np.float64(-18001.537723492347)}]
------------------------------------------
  Seed: d-wave+px
F_onsite: (3.371718886146716e-17-2.5305358603920176e-19j)
F_swave: (1.5092094240998222e-16-1.0274262890116087e-18j), F_dwave: (0.06152951956586672-2.398142438072978e-17j)
F_px: (5.5143070665231164e-11+4.3645102070866125e-18j), F_py: (-2.42861286636753e-17-3.6467181321508706e-19j)
Free_energy = -18001.53769880784
------------------------------------------
[{'stable': {'F_dwave': np.complex128(0.061529520159487566j)}, 'free': np.float64(-18001.53770528131)}, {'stable': {'F_dwave': np.complex128(-0.0615295194569686j)}, 'free': np.float64(-18001.53769762065)}, {'stable': {'F_dwave': np.complex128(0.02192832276412959+0.05748939397251738j)}, 'free': np.float64(-18001.537697086038)}, {'stable': {'F_dwave': np.complex128(0.06152952182948297+0j)}, 'free': np.float64(-18001.537723492347)}]
------------------------------------------
  Seed: d-wave+py
F_onsite: (7.889875615509239e-17-1.62937581447251e-18j)
F_swave: (7.112366251504909e-17-9.19584390868443e-19j), F_dwave: (0.06152951940796758+4.9071560192097434e-17j)
F_px: (-6.938893903907228e-18-4.308207389560732e-18j), F_py: (9.654759630661758e-12-2.513611340076418e-18j)
Free_energy = -18001.537697086063
------------------------------------------
[{'stable': {'F_dwave': np.complex128(0.061529520159487566j)}, 'free': np.float64(-18001.53770528131)}, {'stable': {'F_dwave': np.complex128(-0.0615295194569686j)}, 'free': np.float64(-18001.53769762065)}, {'stable': {'F_dwave': np.complex128(0.02192832276412959+0.05748939397251738j)}, 'free': np.float64(-18001.537697086038)}, {'stable': {'F_dwave': np.complex128(0.06152952182948297+0j)}, 'free': np.float64(-18001.537723492347)}]
------------------------------------------
  Seed: s-wave
F_onsite: (-3.1354649500874715e-17+0j)
F_swave: (-4.5102810375396984e-17+0j), F_dwave: (-0.06152951945696861+0j)
F_px: 2.8091860788413022e-18j, F_py: 1.3958818278454504e-18j
Free_energy = -18001.53769762065
------------------------------------------
[{'stable': {'F_dwave': np.complex128(0.061529520159487566j)}, 'free': np.float64(-18001.53770528131)}, {'stable': {'F_dwave': np.complex128(-0.0615295194569686j)}, 'free': np.float64(-18001.53769762065)}, {'stable': {'F_dwave': np.complex128(0.02192832276412959+0.05748939397251738j)}, 'free': np.float64(-18001.537697086038)}, {'stable': {'F_dwave': np.complex128(0.06152952182948297+0j)}, 'free': np.float64(-18001.537723492347)}, {'stable': {'F_dwave': np.complex128(-0.06152951945696861+0j)}, 'free': np.float64(-18001.53769762065)}]
------------------------------------------
  Seed: s-wave+px
F_onsite: (-1.2614553672757467e-16+1.4871781268294333e-18j)
F_swave: (-5.898059818321144e-17-1.9145493140371132e-18j), F_dwave: (0.06152951940797087-6.157733412355285e-17j)
F_px: (2.6892769261488425e-11-1.601686060177968e-18j), F_py: (-9.71445146547012e-17-5.052287933271842e-19j)
Free_energy = -18001.537697086085
------------------------------------------
[{'stable': {'F_dwave': np.complex128(0.061529520159487566j)}, 'free': np.float64(-18001.53770528131)}, {'stable': {'F_dwave': np.complex128(-0.0615295194569686j)}, 'free': np.float64(-18001.53769762065)}, {'stable': {'F_dwave': np.complex128(0.02192832276412959+0.05748939397251738j)}, 'free': np.float64(-18001.537697086038)}, {'stable': {'F_dwave': np.complex128(0.06152952182948297+0j)}, 'free': np.float64(-18001.537723492347)}, {'stable': {'F_dwave': np.complex128(-0.06152951945696861+0j)}, 'free': np.float64(-18001.53769762065)}]
------------------------------------------
  Seed: s-wave+py
F_onsite: (1.2263716830801691e-16+1.8925294631417545e-18j)
F_swave: (1.214306433183765e-17-6.768206693900055e-18j), F_dwave: (-0.06152951940796478-4.9665373508309704e-17j)
F_px: (5.551115123125783e-17-2.40037594343648e-18j), F_py: (5.7168055012102315e-12-1.2487744742546954e-18j)
Free_energy = -18001.537697086038
------------------------------------------
[{'stable': {'F_dwave': np.complex128(0.061529520159487566j)}, 'free': np.float64(-18001.53770528131)}, {'stable': {'F_dwave': np.complex128(-0.0615295194569686j)}, 'free': np.float64(-18001.53769762065)}, {'stable': {'F_dwave': np.complex128(0.02192832276412959+0.05748939397251738j)}, 'free': np.float64(-18001.537697086038)}, {'stable': {'F_dwave': np.complex128(0.06152952182948297+0j)}, 'free': np.float64(-18001.537723492347)}, {'stable': {'F_dwave': np.complex128(-0.06152951945696861+0j)}, 'free': np.float64(-18001.53769762065)}]
------------------------------------------
====================================
mu=0.82, T=0.0629
====================================
  Seed: normal state
F_onsite: 0j
F_swave: 0j, F_dwave: 0j
F_px: 0j, F_py: 0j
Free_energy = -17752.40598852151
------------------------------------------
[{'stable': {}, 'free': np.float64(-17752.40598852151)}]
------------------------------------------
  Seed: px
F_onsite: 4.667653472566892e-17j
F_swave: 7.979727989493313e-17j, F_dwave: 0.060486544239763504j
F_px: (2.8670747979432576e-18+0j), F_py: (4.0565474906998637e-19+0j)
Free_energy = -17995.923863856864
------------------------------------------
[{'stable': {'F_dwave': np.complex128(0.060486544239763504j)}, 'free': np.float64(-17995.923863856864)}]
------------------------------------------
  Seed: py
F_onsite: -1.0010835242031545e-16j
F_swave: -6.938893903907228e-17j, F_dwave: -0.06048654423975507j
F_px: (5.219566120286411e-18+0j), F_py: (-1.7322485515840484e-19+0j)
Free_energy = -17995.92386385678
------------------------------------------
[{'stable': {'F_dwave': np.complex128(0.060486544239763504j)}, 'free': np.float64(-17995.923863856864)}, {'stable': {'F_dwave': np.complex128(-0.06048654423975507j)}, 'free': np.float64(-17995.92386385678)}]
------------------------------------------
  Seed: px+py
F_onsite: 1.0010835242031545e-16j
F_swave: 6.938893903907228e-17j, F_dwave: 0.06048654423975507j
F_px: (-5.219566120286411e-18+0j), F_py: (1.7322485515840484e-19+0j)
Free_energy = -17995.92386385678
------------------------------------------
[{'stable': {'F_dwave': np.complex128(0.060486544239763504j)}, 'free': np.float64(-17995.923863856864)}, {'stable': {'F_dwave': np.complex128(-0.06048654423975507j)}, 'free': np.float64(-17995.92386385678)}]
------------------------------------------
  Seed: px+i*py
F_onsite: (1.025678565120949e-17+9.043709235596591e-17j)
F_swave: (-7.806255641895632e-18+9.540979117872439e-17j), F_dwave: (0.021556615394481823+0.05651489028402029j)
F_px: (-6.140921104957897e-16-3.608224830031759e-16j), F_py: (-5.0306980803327406e-17-1.734723475976807e-17j)
Free_energy = -17995.923730595947
------------------------------------------
[{'stable': {'F_dwave': np.complex128(0.060486544239763504j)}, 'free': np.float64(-17995.923863856864)}, {'stable': {'F_dwave': np.complex128(-0.06048654423975507j)}, 'free': np.float64(-17995.92386385678)}, {'stable': {'F_dwave': np.complex128(0.021556615394481823+0.05651489028402029j)}, 'free': np.float64(-17995.923730595947)}]
------------------------------------------
  Seed: d-wave
F_onsite: (-9.301351511860727e-17+0j)
F_swave: (6.938893903907228e-17+0j), F_dwave: (0.06048653150305742+0j)
F_px: -6.538357955262873e-18j, F_py: 8.326735054106861e-19j
Free_energy = -17995.923730785078
------------------------------------------
[{'stable': {'F_dwave': np.complex128(0.060486544239763504j)}, 'free': np.float64(-17995.923863856864)}, {'stable': {'F_dwave': np.complex128(-0.06048654423975507j)}, 'free': np.float64(-17995.92386385678)}, {'stable': {'F_dwave': np.complex128(0.021556615394481823+0.05651489028402029j)}, 'free': np.float64(-17995.923730595947)}, {'stable': {'F_dwave': np.complex128(0.06048653150305742+0j)}, 'free': np.float64(-17995.923730785078)}]
------------------------------------------
  Seed: d-wave+px
F_onsite: (-8.619414007640737e-17+3.5435119658535117e-19j)
F_swave: (-2.6020852139652106e-17+1.7182847328140143e-18j), F_dwave: (0.060486532918336854-8.392831696434734e-18j)
F_px: (2.4058463554688103e-12+9.946436784460592e-18j), F_py: (1.0408340855860843e-17-9.459237403544036e-19j)
Free_energy = -17995.923745571905
------------------------------------------
[{'stable': {'F_dwave': np.complex128(0.060486544239763504j)}, 'free': np.float64(-17995.923863856864)}, {'stable': {'F_dwave': np.complex128(-0.06048654423975507j)}, 'free': np.float64(-17995.92386385678)}, {'stable': {'F_dwave': np.complex128(0.021556615394481823+0.05651489028402029j)}, 'free': np.float64(-17995.923730595947)}, {'stable': {'F_dwave': np.complex128(0.06048653150305742+0j)}, 'free': np.float64(-17995.923730785078)}]
------------------------------------------
  Seed: d-wave+py
F_onsite: (8.016465455185011e-17+8.333184134341295e-19j)
F_swave: (5.377642775528102e-17-2.036399742952496e-18j), F_dwave: (0.060486531538954766+7.209977311948317e-17j)
F_px: (2.42861286636753e-17-2.503154180820646e-19j), F_py: (1.9691540065203128e-13-6.959330203032894e-19j)
Free_energy = -17995.923731160132
------------------------------------------
[{'stable': {'F_dwave': np.complex128(0.060486544239763504j)}, 'free': np.float64(-17995.923863856864)}, {'stable': {'F_dwave': np.complex128(-0.06048654423975507j)}, 'free': np.float64(-17995.92386385678)}, {'stable': {'F_dwave': np.complex128(0.021556615394481823+0.05651489028402029j)}, 'free': np.float64(-17995.923730595947)}, {'stable': {'F_dwave': np.complex128(0.06048653150305742+0j)}, 'free': np.float64(-17995.923730785078)}]
------------------------------------------
  Seed: s-wave
F_onsite: (2.811801969027005e-17+0j)
F_swave: (1.3877787807814457e-17+0j), F_dwave: (-0.06048653181875577+0j)
F_px: -1.1144392427894975e-17j, F_py: 7.945450286653605e-19j
Free_energy = -17995.923734083502
------------------------------------------
[{'stable': {'F_dwave': np.complex128(0.060486544239763504j)}, 'free': np.float64(-17995.923863856864)}, {'stable': {'F_dwave': np.complex128(-0.06048654423975507j)}, 'free': np.float64(-17995.92386385678)}, {'stable': {'F_dwave': np.complex128(0.021556615394481823+0.05651489028402029j)}, 'free': np.float64(-17995.923730595947)}, {'stable': {'F_dwave': np.complex128(0.06048653150305742+0j)}, 'free': np.float64(-17995.923730785078)}, {'stable': {'F_dwave': np.complex128(-0.06048653181875577+0j)}, 'free': np.float64(-17995.923734083502)}]
------------------------------------------
  Seed: s-wave+px
F_onsite: (-7.406959748488996e-17+8.916159673405914e-19j)
F_swave: (1.214306433183765e-16-1.960833656353422e-18j), F_dwave: (0.06048653354834107-8.290949070138224e-17j)
F_px: (1.2772560786800113e-12-6.77635988732763e-18j), F_py: (2.0816681711721685e-17-1.0910768133082976e-18j)
Free_energy = -17995.923752153994
------------------------------------------
[{'stable': {'F_dwave': np.complex128(0.060486544239763504j)}, 'free': np.float64(-17995.923863856864)}, {'stable': {'F_dwave': np.complex128(-0.06048654423975507j)}, 'free': np.float64(-17995.92386385678)}, {'stable': {'F_dwave': np.complex128(0.021556615394481823+0.05651489028402029j)}, 'free': np.float64(-17995.923730595947)}, {'stable': {'F_dwave': np.complex128(0.06048653150305742+0j)}, 'free': np.float64(-17995.923730785078)}, {'stable': {'F_dwave': np.complex128(-0.06048653181875577+0j)}, 'free': np.float64(-17995.923734083502)}]
------------------------------------------
  Seed: s-wave+py
F_onsite: (3.2321095974188596e-17+1.4944583727535026e-18j)
F_swave: (2.7755575615628914e-17+3.917237413719644e-18j), F_dwave: (-0.060486531965468916-7.567166215100084e-17j)
F_px: (5.551115123125783e-17+8.497408605178161e-18j), F_py: (1.931510507091616e-13+1.4518790227963886e-18j)
Free_energy = -17995.923735616507
------------------------------------------
[{'stable': {'F_dwave': np.complex128(0.060486544239763504j)}, 'free': np.float64(-17995.923863856864)}, {'stable': {'F_dwave': np.complex128(-0.06048654423975507j)}, 'free': np.float64(-17995.92386385678)}, {'stable': {'F_dwave': np.complex128(0.021556615394481823+0.05651489028402029j)}, 'free': np.float64(-17995.923730595947)}, {'stable': {'F_dwave': np.complex128(0.06048653150305742+0j)}, 'free': np.float64(-17995.923730785078)}, {'stable': {'F_dwave': np.complex128(-0.06048653181875577+0j)}, 'free': np.float64(-17995.923734083502)}]
------------------------------------------
====================================
mu=0.82, T=0.0732
====================================
  Seed: normal state
F_onsite: 0j
F_swave: 0j, F_dwave: 0j
F_px: 0j, F_py: 0j
Free_energy = -17759.444313741114
------------------------------------------
[{'stable': {}, 'free': np.float64(-17759.444313741114)}]
------------------------------------------
  Seed: px
F_onsite: -1.2259296442791151e-17j
F_swave: -5.551115123125783e-17j, F_dwave: 0.058955592412038585j
F_px: (-5.033179167221063e-18+0j), F_py: (5.508981520572537e-19+0j)
Free_energy = -17987.899934653837
------------------------------------------
[{'stable': {'F_dwave': np.complex128(0.058955592412038585j)}, 'free': np.float64(-17987.899934653837)}]
------------------------------------------
  Seed: py
F_onsite: 1.2259296442791151e-17j
F_swave: 5.551115123125783e-17j, F_dwave: -0.058955592412038585j
F_px: (5.033179167221063e-18+0j), F_py: (-5.508981520572537e-19+0j)
Free_energy = -17987.899934653837
------------------------------------------
[{'stable': {'F_dwave': np.complex128(0.058955592412038585j)}, 'free': np.float64(-17987.899934653837)}, {'stable': {'F_dwave': np.complex128(-0.058955592412038585j)}, 'free': np.float64(-17987.899934653837)}]
------------------------------------------
  Seed: px+py
F_onsite: -1.2259296442791151e-17j
F_swave: -5.551115123125783e-17j, F_dwave: 0.058955592412038585j
F_px: (-5.033179167221063e-18+0j), F_py: (5.508981520572537e-19+0j)
Free_energy = -17987.899934653837
------------------------------------------
[{'stable': {'F_dwave': np.complex128(0.058955592412038585j)}, 'free': np.float64(-17987.899934653837)}, {'stable': {'F_dwave': np.complex128(-0.058955592412038585j)}, 'free': np.float64(-17987.899934653837)}]
------------------------------------------
  Seed: px+i*py
F_onsite: (3.861224670913227e-17-1.1625689328465333e-16j)
F_swave: (-6.938893903907228e-18-1.9081958235744878e-17j), F_dwave: (0.02101100545805596+0.05508446694850555j)
F_px: (-7.806255641895632e-17-7.979727989493313e-17j), F_py: (-3.469446951953614e-18-1.0408340855860843e-17j)
Free_energy = -17987.8998487703
------------------------------------------
[{'stable': {'F_dwave': np.complex128(0.058955592412038585j)}, 'free': np.float64(-17987.899934653837)}, {'stable': {'F_dwave': np.complex128(-0.058955592412038585j)}, 'free': np.float64(-17987.899934653837)}, {'stable': {'F_dwave': np.complex128(0.02101100545805596+0.05508446694850555j)}, 'free': np.float64(-17987.8998487703)}]
------------------------------------------
  Seed: d-wave
F_onsite: (-3.6618028403191455e-18+0j)
F_swave: (3.469446951953614e-18+0j), F_dwave: (0.05895560150834814+0j)
F_px: 4.618200851876685e-18j, F_py: 6.515259143452483e-19j
Free_energy = -17987.90002432146
------------------------------------------
[{'stable': {'F_dwave': np.complex128(0.058955592412038585j)}, 'free': np.float64(-17987.899934653837)}, {'stable': {'F_dwave': np.complex128(-0.058955592412038585j)}, 'free': np.float64(-17987.899934653837)}, {'stable': {'F_dwave': np.complex128(0.02101100545805596+0.05508446694850555j)}, 'free': np.float64(-17987.8998487703)}, {'stable': {'F_dwave': np.complex128(0.05895560150834814+0j)}, 'free': np.float64(-17987.90002432146)}]
------------------------------------------
  Seed: d-wave+px
F_onsite: (-2.2631628472226335e-18-6.098602511550578e-19j)
F_swave: (1.3877787807814457e-17-1.3596415291419338e-18j), F_dwave: (0.058955582752759944-3.552662458949791e-17j)
F_px: (3.5735303605122226e-16-1.3113187337708975e-17j), F_py: (3.469446951953614e-17-4.041782316765792e-19j)
Free_energy = -17987.89983943687
------------------------------------------
[{'stable': {'F_dwave': np.complex128(0.058955592412038585j)}, 'free': np.float64(-17987.899934653837)}, {'stable': {'F_dwave': np.complex128(-0.058955592412038585j)}, 'free': np.float64(-17987.899934653837)}, {'stable': {'F_dwave': np.complex128(0.02101100545805596+0.05508446694850555j)}, 'free': np.float64(-17987.8998487703)}, {'stable': {'F_dwave': np.complex128(0.05895560150834814+0j)}, 'free': np.float64(-17987.90002432146)}]
------------------------------------------
  Seed: d-wave+py
F_onsite: (-4.924597141376918e-17+1.1086365488376902e-18j)
F_swave: (5.551115123125783e-17-1.7207178830288244e-18j), F_dwave: (0.05895560150834875+4.0820595037196795e-17j)
F_px: (6.938893903907228e-18-8.297292533394659e-18j), F_py: (5.1209037010835345e-15-9.631943768788624e-19j)
Free_energy = -17987.900024321465
------------------------------------------
[{'stable': {'F_dwave': np.complex128(0.058955592412038585j)}, 'free': np.float64(-17987.899934653837)}, {'stable': {'F_dwave': np.complex128(-0.058955592412038585j)}, 'free': np.float64(-17987.899934653837)}, {'stable': {'F_dwave': np.complex128(0.02101100545805596+0.05508446694850555j)}, 'free': np.float64(-17987.8998487703)}, {'stable': {'F_dwave': np.complex128(0.05895560150834814+0j)}, 'free': np.float64(-17987.90002432146)}]
------------------------------------------
  Seed: s-wave
F_onsite: (4.209254792508381e-17+0j)
F_swave: (-2.7755575615628914e-17+0j), F_dwave: (-0.058955582819350386+0j)
F_px: -6.5082357596664485e-18j, F_py: 2.2559936728536364e-18j
Free_energy = -17987.89984009334
------------------------------------------
[{'stable': {'F_dwave': np.complex128(0.058955592412038585j)}, 'free': np.float64(-17987.899934653837)}, {'stable': {'F_dwave': np.complex128(-0.058955592412038585j)}, 'free': np.float64(-17987.899934653837)}, {'stable': {'F_dwave': np.complex128(0.02101100545805596+0.05508446694850555j)}, 'free': np.float64(-17987.8998487703)}, {'stable': {'F_dwave': np.complex128(0.05895560150834814+0j)}, 'free': np.float64(-17987.90002432146)}, {'stable': {'F_dwave': np.complex128(-0.058955582819350386+0j)}, 'free': np.float64(-17987.89984009334)}]
------------------------------------------
  Seed: s-wave+px
F_onsite: (-4.698321690085663e-17+1.3173632449660538e-19j)
F_swave: (-4.683753385137379e-17-4.4904607457474046e-18j), F_dwave: (0.058955582755155944-4.18845857751976e-17j)
F_px: (1.1657341758564144e-15+3.515772685171764e-18j), F_py: (1.734723475976807e-17+4.867819352121965e-19j)
Free_energy = -17987.89983946067
------------------------------------------
[{'stable': {'F_dwave': np.complex128(0.058955592412038585j)}, 'free': np.float64(-17987.899934653837)}, {'stable': {'F_dwave': np.complex128(-0.058955592412038585j)}, 'free': np.float64(-17987.899934653837)}, {'stable': {'F_dwave': np.complex128(0.02101100545805596+0.05508446694850555j)}, 'free': np.float64(-17987.8998487703)}, {'stable': {'F_dwave': np.complex128(0.05895560150834814+0j)}, 'free': np.float64(-17987.90002432146)}, {'stable': {'F_dwave': np.complex128(-0.058955582819350386+0j)}, 'free': np.float64(-17987.89984009334)}]
------------------------------------------
  Seed: s-wave+py
F_onsite: (9.962368082964103e-18+1.7454321775912429e-19j)
F_swave: (-2.7755575615628914e-17+4.781891364800862e-18j), F_dwave: (-0.058955582753072125-4.693445155351812e-17j)
F_px: (-1.0408340855860843e-17+3.2924330926018336e-18j), F_py: (6.938893903907228e-18+1.9920972080550783e-18j)
Free_energy = -17987.89983943995
------------------------------------------
[{'stable': {'F_dwave': np.complex128(0.058955592412038585j)}, 'free': np.float64(-17987.899934653837)}, {'stable': {'F_dwave': np.complex128(-0.058955592412038585j)}, 'free': np.float64(-17987.899934653837)}, {'stable': {'F_dwave': np.complex128(0.02101100545805596+0.05508446694850555j)}, 'free': np.float64(-17987.8998487703)}, {'stable': {'F_dwave': np.complex128(0.05895560150834814+0j)}, 'free': np.float64(-17987.90002432146)}, {'stable': {'F_dwave': np.complex128(-0.058955582819350386+0j)}, 'free': np.float64(-17987.89984009334)}]
------------------------------------------
====================================
mu=0.82, T=0.0835
====================================
  Seed: normal state
F_onsite: 0j
F_swave: 0j, F_dwave: 0j
F_px: 0j, F_py: 0j
Free_energy = -17767.567023198037
------------------------------------------
[{'stable': {}, 'free': np.float64(-17767.567023198037)}]
------------------------------------------
  Seed: px
F_onsite: 3.215839000973021e-17j
F_swave: -1.249000902703301e-16j, F_dwave: 0.0568518184932205j
F_px: (-4.199886517121881e-18+0j), F_py: (8.947335580480895e-19+0j)
Free_energy = -17977.339126501458
------------------------------------------
[{'stable': {'F_dwave': np.complex128(0.0568518184932205j)}, 'free': np.float64(-17977.339126501458)}]
------------------------------------------
  Seed: py
F_onsite: -3.215839000973021e-17j
F_swave: 1.249000902703301e-16j, F_dwave: -0.0568518184932205j
F_px: (4.199886517121881e-18+0j), F_py: (-8.947335580480895e-19+0j)
Free_energy = -17977.339126501458
------------------------------------------
[{'stable': {'F_dwave': np.complex128(0.0568518184932205j)}, 'free': np.float64(-17977.339126501458)}, {'stable': {'F_dwave': np.complex128(-0.0568518184932205j)}, 'free': np.float64(-17977.339126501458)}]
------------------------------------------
  Seed: px+py
F_onsite: 3.215839000973021e-17j
F_swave: -1.249000902703301e-16j, F_dwave: 0.0568518184932205j
F_px: (-4.199886517121881e-18+0j), F_py: (8.947335580480895e-19+0j)
Free_energy = -17977.339126501458
------------------------------------------
[{'stable': {'F_dwave': np.complex128(0.0568518184932205j)}, 'free': np.float64(-17977.339126501458)}, {'stable': {'F_dwave': np.complex128(-0.0568518184932205j)}, 'free': np.float64(-17977.339126501458)}]
------------------------------------------
  Seed: px+i*py
F_onsite: (2.4799388443500165e-17-1.4446472162838948e-16j)
F_swave: (-5.637851296924623e-17+1.734723475976807e-18j), F_dwave: (0.020261250821433888+0.05311883828866219j)
F_px: (-2.949029909160572e-17-1.734723475976807e-16j), F_py: (4.683753385137379e-17-7.28583859910259e-17j)
Free_energy = -17977.339126501458
------------------------------------------
[{'stable': {'F_dwave': np.complex128(0.0568518184932205j)}, 'free': np.float64(-17977.339126501458)}, {'stable': {'F_dwave': np.complex128(-0.0568518184932205j)}, 'free': np.float64(-17977.339126501458)}, {'stable': {'F_dwave': np.complex128(0.020261250821433888+0.05311883828866219j)}, 'free': np.float64(-17977.339126501458)}]
------------------------------------------
  Seed: d-wave
F_onsite: (5.2134236011346845e-17+0j)
F_swave: (-1.0061396160665481e-16+0j), F_dwave: (0.05685181849331137+0j)
F_px: 1.795348577046584e-18j, F_py: -1.1534843390511084e-18j
Free_energy = -17977.33912650228
------------------------------------------
[{'stable': {'F_dwave': np.complex128(0.0568518184932205j)}, 'free': np.float64(-17977.339126501458)}, {'stable': {'F_dwave': np.complex128(-0.0568518184932205j)}, 'free': np.float64(-17977.339126501458)}, {'stable': {'F_dwave': np.complex128(0.020261250821433888+0.05311883828866219j)}, 'free': np.float64(-17977.339126501458)}, {'stable': {'F_dwave': np.complex128(0.05685181849331137+0j)}, 'free': np.float64(-17977.33912650228)}]
------------------------------------------
  Seed: d-wave+px
F_onsite: (-3.2479279839119134e-18-8.238780604345846e-19j)
F_swave: (1.231653667943533e-16-3.468471706011414e-22j), F_dwave: (0.05685181863577406+1.897031563302255e-18j)
F_px: (2.0816681711721685e-17+1.1728054687027571e-17j), F_py: (-1.734723475976807e-17-1.1539047535974384e-18j)
Free_energy = -17977.33912780637
------------------------------------------
[{'stable': {'F_dwave': np.complex128(0.0568518184932205j)}, 'free': np.float64(-17977.339126501458)}, {'stable': {'F_dwave': np.complex128(-0.0568518184932205j)}, 'free': np.float64(-17977.339126501458)}, {'stable': {'F_dwave': np.complex128(0.020261250821433888+0.05311883828866219j)}, 'free': np.float64(-17977.339126501458)}, {'stable': {'F_dwave': np.complex128(0.05685181849331137+0j)}, 'free': np.float64(-17977.33912650228)}]
------------------------------------------
  Seed: d-wave+py
F_onsite: (-7.291897531653418e-17-3.4830459156402476e-19j)
F_swave: (-2.0816681711721685e-17+4.131570704306892e-20j), F_dwave: (0.05685181874986877+2.381901718682719e-17j)
F_px: (-3.469446951953614e-18+1.2623967287641279e-18j), F_py: (6.938893903907228e-18+1.4130277658761062e-18j)
Free_energy = -17977.33912885076
------------------------------------------
[{'stable': {'F_dwave': np.complex128(0.0568518184932205j)}, 'free': np.float64(-17977.339126501458)}, {'stable': {'F_dwave': np.complex128(-0.0568518184932205j)}, 'free': np.float64(-17977.339126501458)}, {'stable': {'F_dwave': np.complex128(0.020261250821433888+0.05311883828866219j)}, 'free': np.float64(-17977.339126501458)}, {'stable': {'F_dwave': np.complex128(0.05685181849331137+0j)}, 'free': np.float64(-17977.33912650228)}]
------------------------------------------
  Seed: s-wave
F_onsite: (1.6935532410521648e-16+0j)
F_swave: (-9.71445146547012e-17+0j), F_dwave: (-0.05685183422675564+0j)
F_px: -8.525076421384826e-19j, F_py: -7.59798479854458e-20j
Free_energy = -17977.339270513166
------------------------------------------
[{'stable': {'F_dwave': np.complex128(0.0568518184932205j)}, 'free': np.float64(-17977.339126501458)}, {'stable': {'F_dwave': np.complex128(-0.0568518184932205j)}, 'free': np.float64(-17977.339126501458)}, {'stable': {'F_dwave': np.complex128(0.020261250821433888+0.05311883828866219j)}, 'free': np.float64(-17977.339126501458)}, {'stable': {'F_dwave': np.complex128(0.05685181849331137+0j)}, 'free': np.float64(-17977.33912650228)}, {'stable': {'F_dwave': np.complex128(-0.05685183422675564+0j)}, 'free': np.float64(-17977.339270513166)}]
------------------------------------------
  Seed: s-wave+px
F_onsite: (-9.60300409805187e-17-9.234785584493677e-19j)
F_swave: (6.765421556309548e-17+1.9846532029275605e-18j), F_dwave: (0.05685181883758038-2.2708629888268284e-17j)
F_px: (3.122502256758253e-17+1.1371142279335308e-18j), F_py: (3.469446951953614e-18-2.932177427668784e-19j)
Free_energy = -17977.339129653657
------------------------------------------
[{'stable': {'F_dwave': np.complex128(0.0568518184932205j)}, 'free': np.float64(-17977.339126501458)}, {'stable': {'F_dwave': np.complex128(-0.0568518184932205j)}, 'free': np.float64(-17977.339126501458)}, {'stable': {'F_dwave': np.complex128(0.020261250821433888+0.05311883828866219j)}, 'free': np.float64(-17977.339126501458)}, {'stable': {'F_dwave': np.complex128(0.05685181849331137+0j)}, 'free': np.float64(-17977.33912650228)}, {'stable': {'F_dwave': np.complex128(-0.05685183422675564+0j)}, 'free': np.float64(-17977.339270513166)}]
------------------------------------------
  Seed: s-wave+py
F_onsite: (8.638339781119874e-17-1.27957129133707e-18j)
F_swave: (-6.765421556309548e-17+8.427177527937643e-19j), F_dwave: (-0.05685181883758037-1.9770074898076716e-17j)
F_px: (2.7755575615628914e-17+7.753765655355161e-19j), F_py: (-1.0408340855860843e-17+1.331244005122682e-18j)
Free_energy = -17977.33912965366
------------------------------------------
[{'stable': {'F_dwave': np.complex128(0.0568518184932205j)}, 'free': np.float64(-17977.339126501458)}, {'stable': {'F_dwave': np.complex128(-0.0568518184932205j)}, 'free': np.float64(-17977.339126501458)}, {'stable': {'F_dwave': np.complex128(0.020261250821433888+0.05311883828866219j)}, 'free': np.float64(-17977.339126501458)}, {'stable': {'F_dwave': np.complex128(0.05685181849331137+0j)}, 'free': np.float64(-17977.33912650228)}, {'stable': {'F_dwave': np.complex128(-0.05685183422675564+0j)}, 'free': np.float64(-17977.339270513166)}]
------------------------------------------
====================================
mu=0.82, T=0.0938
====================================
  Seed: normal state
F_onsite: 0j
F_swave: 0j, F_dwave: 0j
F_px: 0j, F_py: 0j
Free_energy = -17776.78280557468
------------------------------------------
[{'stable': {}, 'free': np.float64(-17776.78280557468)}]
------------------------------------------
  Seed: px
F_onsite: -9.795379838752103e-17j
F_swave: -1.0408340855860843e-17j, F_dwave: 0.054079151307643625j
F_px: (2.145974391403929e-17+0j), F_py: (8.127425885512209e-19+0j)
Free_energy = -17964.222509143932
------------------------------------------
[{'stable': {'F_dwave': np.complex128(0.054079151307643625j)}, 'free': np.float64(-17964.222509143932)}]
------------------------------------------
  Seed: py
F_onsite: 9.795379838752103e-17j
F_swave: 1.0408340855860843e-17j, F_dwave: -0.054079151307643625j
F_px: (-2.145974391403929e-17+0j), F_py: (-8.127425885512209e-19+0j)
Free_energy = -17964.222509143932
------------------------------------------
[{'stable': {'F_dwave': np.complex128(0.054079151307643625j)}, 'free': np.float64(-17964.222509143932)}, {'stable': {'F_dwave': np.complex128(-0.054079151307643625j)}, 'free': np.float64(-17964.222509143932)}]
------------------------------------------
  Seed: px+py
F_onsite: -9.795379838752103e-17j
F_swave: -1.0408340855860843e-17j, F_dwave: 0.054079151307643625j
F_px: (2.145974391403929e-17+0j), F_py: (8.127425885512209e-19+0j)
Free_energy = -17964.222509143932
------------------------------------------
[{'stable': {'F_dwave': np.complex128(0.054079151307643625j)}, 'free': np.float64(-17964.222509143932)}, {'stable': {'F_dwave': np.complex128(-0.054079151307643625j)}, 'free': np.float64(-17964.222509143932)}]
------------------------------------------
  Seed: px+i*py
F_onsite: (-1.9396253781290526e-17+6.021294674904397e-17j)
F_swave: (-1.2750217548429532e-16+3.469446951953614e-17j), F_dwave: (0.019273105817540784+0.05052822257939074j)
F_px: (1.6306400674181987e-16+5.412337245047638e-16j), F_py: (1.734723475976807e-18+6.938893903907228e-18j)
Free_energy = -17964.222453445054
------------------------------------------
[{'stable': {'F_dwave': np.complex128(0.054079151307643625j)}, 'free': np.float64(-17964.222509143932)}, {'stable': {'F_dwave': np.complex128(-0.054079151307643625j)}, 'free': np.float64(-17964.222509143932)}, {'stable': {'F_dwave': np.complex128(0.019273105817540784+0.05052822257939074j)}, 'free': np.float64(-17964.222453445054)}]
------------------------------------------
  Seed: d-wave
F_onsite: (7.410773994211904e-17+0j)
F_swave: (1.3877787807814457e-17+0j), F_dwave: (0.05407914463905839+0j)
F_px: -5.078430605245341e-18j, F_py: 1.4996648998494267e-18j
Free_energy = -17964.222453445556
------------------------------------------
[{'stable': {'F_dwave': np.complex128(0.054079151307643625j)}, 'free': np.float64(-17964.222509143932)}, {'stable': {'F_dwave': np.complex128(-0.054079151307643625j)}, 'free': np.float64(-17964.222509143932)}, {'stable': {'F_dwave': np.complex128(0.019273105817540784+0.05052822257939074j)}, 'free': np.float64(-17964.222453445054)}, {'stable': {'F_dwave': np.complex128(0.05407914463905839+0j)}, 'free': np.float64(-17964.222453445556)}]
------------------------------------------
  Seed: d-wave+px
F_onsite: (-1.0479385744311797e-19+0j)
F_swave: (5.898059818321144e-17+0j), F_dwave: (0.05407914483355554+0j)
F_px: -8.388045887904444e-18j, F_py: -7.164418080474911e-20j
Free_energy = -17964.222455070027
------------------------------------------
[{'stable': {'F_dwave': np.complex128(0.054079151307643625j)}, 'free': np.float64(-17964.222509143932)}, {'stable': {'F_dwave': np.complex128(-0.054079151307643625j)}, 'free': np.float64(-17964.222509143932)}, {'stable': {'F_dwave': np.complex128(0.019273105817540784+0.05052822257939074j)}, 'free': np.float64(-17964.222453445054)}, {'stable': {'F_dwave': np.complex128(0.05407914463905839+0j)}, 'free': np.float64(-17964.222453445556)}]
------------------------------------------
  Seed: d-wave+py
F_onsite: (2.017705603125893e-17+5.347657111008843e-19j)
F_swave: (-2.949029909160572e-17+4.822373532280419e-19j), F_dwave: (0.05407914866405304+2.335912032758298e-17j)
F_px: (3.469446951953614e-18+1.6689001754823513e-17j), F_py: (2.42861286636753e-17-9.483720848690906e-19j)
Free_energy = -17964.2224870636
------------------------------------------
[{'stable': {'F_dwave': np.complex128(0.054079151307643625j)}, 'free': np.float64(-17964.222509143932)}, {'stable': {'F_dwave': np.complex128(-0.054079151307643625j)}, 'free': np.float64(-17964.222509143932)}, {'stable': {'F_dwave': np.complex128(0.019273105817540784+0.05052822257939074j)}, 'free': np.float64(-17964.222453445054)}, {'stable': {'F_dwave': np.complex128(0.05407914463905839+0j)}, 'free': np.float64(-17964.222453445556)}]
------------------------------------------
  Seed: s-wave
F_onsite: (-9.404436026346474e-17+0j)
F_swave: (2.0816681711721685e-17+0j), F_dwave: (-0.05407914465899692+0j)
F_px: 1.0835789520508875e-17j, F_py: -1.981680917556768e-19j
Free_energy = -17964.22245361216
------------------------------------------
[{'stable': {'F_dwave': np.complex128(0.054079151307643625j)}, 'free': np.float64(-17964.222509143932)}, {'stable': {'F_dwave': np.complex128(-0.054079151307643625j)}, 'free': np.float64(-17964.222509143932)}, {'stable': {'F_dwave': np.complex128(0.019273105817540784+0.05052822257939074j)}, 'free': np.float64(-17964.222453445054)}, {'stable': {'F_dwave': np.complex128(0.05407914463905839+0j)}, 'free': np.float64(-17964.222453445556)}, {'stable': {'F_dwave': np.complex128(-0.05407914465899692+0j)}, 'free': np.float64(-17964.22245361216)}]
------------------------------------------
  Seed: s-wave+px
F_onsite: (-3.6978381365244056e-18+5.591985407467505e-19j)
F_swave: (5.898059818321144e-17+7.7973461829154e-19j), F_dwave: (0.054079144833555554-9.472301775430976e-18j)
F_px: (3.469446951953614e-18-5.171484075832659e-18j), F_py: 3.2612009240209393e-19j
Free_energy = -17964.222455070027
------------------------------------------
[{'stable': {'F_dwave': np.complex128(0.054079151307643625j)}, 'free': np.float64(-17964.222509143932)}, {'stable': {'F_dwave': np.complex128(-0.054079151307643625j)}, 'free': np.float64(-17964.222509143932)}, {'stable': {'F_dwave': np.complex128(0.019273105817540784+0.05052822257939074j)}, 'free': np.float64(-17964.222453445054)}, {'stable': {'F_dwave': np.complex128(0.05407914463905839+0j)}, 'free': np.float64(-17964.222453445556)}, {'stable': {'F_dwave': np.complex128(-0.05407914465899692+0j)}, 'free': np.float64(-17964.22245361216)}]
------------------------------------------
  Seed: s-wave+py
F_onsite: (-5.437465139172427e-18+0j)
F_swave: (3.8163916471489756e-17+0j), F_dwave: (-0.054079148664053105+0j)
F_px: 4.643035915792824e-18j, F_py: 7.499140851247556e-19j
Free_energy = -17964.2224870636
------------------------------------------
[{'stable': {'F_dwave': np.complex128(0.054079151307643625j)}, 'free': np.float64(-17964.222509143932)}, {'stable': {'F_dwave': np.complex128(-0.054079151307643625j)}, 'free': np.float64(-17964.222509143932)}, {'stable': {'F_dwave': np.complex128(0.019273105817540784+0.05052822257939074j)}, 'free': np.float64(-17964.222453445054)}, {'stable': {'F_dwave': np.complex128(0.05407914463905839+0j)}, 'free': np.float64(-17964.222453445556)}, {'stable': {'F_dwave': np.complex128(-0.05407914465899692+0j)}, 'free': np.float64(-17964.22245361216)}]
------------------------------------------
====================================
mu=0.82, T=0.1041
====================================
  Seed: normal state
F_onsite: 0j
F_swave: 0j, F_dwave: 0j
F_px: 0j, F_py: 0j
Free_energy = -17787.101958525884
------------------------------------------
[{'stable': {}, 'free': np.float64(-17787.101958525884)}]
------------------------------------------
  Seed: px
F_onsite: -6.501879331608315e-17j
F_swave: 2.255140518769849e-16j, F_dwave: 0.05050907915438172j
F_px: (7.975370236590261e-18+0j), F_py: (-6.835735796125434e-19+0j)
Free_energy = -17948.59598646427
------------------------------------------
[{'stable': {'F_dwave': np.complex128(0.05050907915438172j)}, 'free': np.float64(-17948.59598646427)}]
------------------------------------------
  Seed: py
F_onsite: 6.501879331608315e-17j
F_swave: -2.255140518769849e-16j, F_dwave: -0.05050907915438172j
F_px: (-7.975370236590261e-18+0j), F_py: (6.835735796125434e-19+0j)
Free_energy = -17948.59598646427
------------------------------------------
[{'stable': {'F_dwave': np.complex128(0.05050907915438172j)}, 'free': np.float64(-17948.59598646427)}, {'stable': {'F_dwave': np.complex128(-0.05050907915438172j)}, 'free': np.float64(-17948.59598646427)}]
------------------------------------------
  Seed: px+py
F_onsite: -6.501879331608315e-17j
F_swave: 2.255140518769849e-16j, F_dwave: 0.05050907915438172j
F_px: (7.975370236590261e-18+0j), F_py: (-6.835735796125434e-19+0j)
Free_energy = -17948.59598646427
------------------------------------------
[{'stable': {'F_dwave': np.complex128(0.05050907915438172j)}, 'free': np.float64(-17948.59598646427)}, {'stable': {'F_dwave': np.complex128(-0.05050907915438172j)}, 'free': np.float64(-17948.59598646427)}]
------------------------------------------
  Seed: px+i*py
F_onsite: (-1.0560657893856357e-17+2.655796367243994e-17j)
F_swave: (3.0357660829594124e-17+3.8163916471489756e-17j), F_dwave: (0.018000765749686013+0.04719253383498763j)
F_px: (-2.1510571102112408e-16-5.898059818321144e-17j), F_py: (-1.5612511283791264e-17-2.0816681711721685e-17j)
Free_energy = -17948.595671677464
------------------------------------------
[{'stable': {'F_dwave': np.complex128(0.05050907915438172j)}, 'free': np.float64(-17948.59598646427)}, {'stable': {'F_dwave': np.complex128(-0.05050907915438172j)}, 'free': np.float64(-17948.59598646427)}, {'stable': {'F_dwave': np.complex128(0.018000765749686013+0.04719253383498763j)}, 'free': np.float64(-17948.595671677464)}]
------------------------------------------
  Seed: d-wave
F_onsite: (6.354201949668611e-17+0j)
F_swave: (7.28583859910259e-17+0j), F_dwave: (0.050509036985623465+0j)
F_px: 7.196384475247023e-18j, F_py: 7.3697656675412e-20j
Free_energy = -17948.59567166812
------------------------------------------
[{'stable': {'F_dwave': np.complex128(0.05050907915438172j)}, 'free': np.float64(-17948.59598646427)}, {'stable': {'F_dwave': np.complex128(-0.05050907915438172j)}, 'free': np.float64(-17948.59598646427)}, {'stable': {'F_dwave': np.complex128(0.018000765749686013+0.04719253383498763j)}, 'free': np.float64(-17948.595671677464)}, {'stable': {'F_dwave': np.complex128(0.050509036985623465+0j)}, 'free': np.float64(-17948.59567166812)}]
------------------------------------------
  Seed: d-wave+px
F_onsite: (6.354201949668611e-17+0j)
F_swave: (7.28583859910259e-17+0j), F_dwave: (0.050509036985623465+0j)
F_px: 7.196384475247023e-18j, F_py: 7.3697656675412e-20j
Free_energy = -17948.59567166812
------------------------------------------
[{'stable': {'F_dwave': np.complex128(0.05050907915438172j)}, 'free': np.float64(-17948.59598646427)}, {'stable': {'F_dwave': np.complex128(-0.05050907915438172j)}, 'free': np.float64(-17948.59598646427)}, {'stable': {'F_dwave': np.complex128(0.018000765749686013+0.04719253383498763j)}, 'free': np.float64(-17948.595671677464)}, {'stable': {'F_dwave': np.complex128(0.050509036985623465+0j)}, 'free': np.float64(-17948.59567166812)}]
------------------------------------------
  Seed: d-wave+py
F_onsite: (3.304417967740507e-17-9.769657879797651e-20j)
F_swave: (3.8163916471489756e-17-5.248202492707538e-20j), F_dwave: (0.05050904223078487+1.2593935358129199e-17j)
F_px: (-3.469446951953614e-18-1.2390343668708207e-17j), F_py: (6.938893903907228e-18-3.4457490545845825e-19j)
Free_energy = -17948.595710824145
------------------------------------------
[{'stable': {'F_dwave': np.complex128(0.05050907915438172j)}, 'free': np.float64(-17948.59598646427)}, {'stable': {'F_dwave': np.complex128(-0.05050907915438172j)}, 'free': np.float64(-17948.59598646427)}, {'stable': {'F_dwave': np.complex128(0.018000765749686013+0.04719253383498763j)}, 'free': np.float64(-17948.595671677464)}, {'stable': {'F_dwave': np.complex128(0.050509036985623465+0j)}, 'free': np.float64(-17948.59567166812)}]
------------------------------------------
  Seed: s-wave
F_onsite: (-2.1363985764017396e-17+0j)
F_swave: (-3.469446951953614e-18+0j), F_dwave: (-0.050509037008855506+0j)
F_px: -1.3372127439674692e-17j, F_py: 2.1204816361827492e-19j
Free_energy = -17948.595671841726
------------------------------------------
[{'stable': {'F_dwave': np.complex128(0.05050907915438172j)}, 'free': np.float64(-17948.59598646427)}, {'stable': {'F_dwave': np.complex128(-0.05050907915438172j)}, 'free': np.float64(-17948.59598646427)}, {'stable': {'F_dwave': np.complex128(0.018000765749686013+0.04719253383498763j)}, 'free': np.float64(-17948.595671677464)}, {'stable': {'F_dwave': np.complex128(0.050509036985623465+0j)}, 'free': np.float64(-17948.59567166812)}, {'stable': {'F_dwave': np.complex128(-0.050509037008855506+0j)}, 'free': np.float64(-17948.595671841726)}]
------------------------------------------
  Seed: s-wave+px
F_onsite: (6.354201949668611e-17+0j)
F_swave: (7.28583859910259e-17+0j), F_dwave: (0.050509036985623465+0j)
F_px: 7.196384475247023e-18j, F_py: 7.3697656675412e-20j
Free_energy = -17948.59567166812
------------------------------------------
[{'stable': {'F_dwave': np.complex128(0.05050907915438172j)}, 'free': np.float64(-17948.59598646427)}, {'stable': {'F_dwave': np.complex128(-0.05050907915438172j)}, 'free': np.float64(-17948.59598646427)}, {'stable': {'F_dwave': np.complex128(0.018000765749686013+0.04719253383498763j)}, 'free': np.float64(-17948.595671677464)}, {'stable': {'F_dwave': np.complex128(0.050509036985623465+0j)}, 'free': np.float64(-17948.59567166812)}, {'stable': {'F_dwave': np.complex128(-0.050509037008855506+0j)}, 'free': np.float64(-17948.595671841726)}]
------------------------------------------
  Seed: s-wave+py
F_onsite: (-3.756842583979038e-17+0j)
F_swave: (-1.0408340855860843e-17+0j), F_dwave: (-0.05050904344636007+0j)
F_px: 1.5324402208487513e-17j, F_py: -4.260327570505365e-19j
Free_energy = -17948.595719898687
------------------------------------------
[{'stable': {'F_dwave': np.complex128(0.05050907915438172j)}, 'free': np.float64(-17948.59598646427)}, {'stable': {'F_dwave': np.complex128(-0.05050907915438172j)}, 'free': np.float64(-17948.59598646427)}, {'stable': {'F_dwave': np.complex128(0.018000765749686013+0.04719253383498763j)}, 'free': np.float64(-17948.595671677464)}, {'stable': {'F_dwave': np.complex128(0.050509036985623465+0j)}, 'free': np.float64(-17948.59567166812)}, {'stable': {'F_dwave': np.complex128(-0.050509037008855506+0j)}, 'free': np.float64(-17948.595671841726)}]
------------------------------------------
====================================
mu=0.82, T=0.1144
====================================
  Seed: normal state
F_onsite: 0j
F_swave: 0j, F_dwave: 0j
F_px: 0j, F_py: 0j
Free_energy = -17798.53595980089
------------------------------------------
[{'stable': {}, 'free': np.float64(-17798.53595980089)}]
------------------------------------------
  Seed: px
F_onsite: -7.698454155745271e-18j
F_swave: -2.42861286636753e-17j, F_dwave: 0.04594456828749075j
F_px: (4.776546692369216e-18+0j), F_py: (9.43717953152561e-20+0j)
Free_energy = -17930.541711557475
------------------------------------------
[{'stable': {'F_dwave': np.complex128(0.04594456828749075j)}, 'free': np.float64(-17930.541711557475)}]
------------------------------------------
  Seed: py
F_onsite: 7.698454155745271e-18j
F_swave: 2.42861286636753e-17j, F_dwave: -0.04594456828749075j
F_px: (-4.776546692369216e-18+0j), F_py: (-9.43717953152561e-20+0j)
Free_energy = -17930.541711557475
------------------------------------------
[{'stable': {'F_dwave': np.complex128(0.04594456828749075j)}, 'free': np.float64(-17930.541711557475)}, {'stable': {'F_dwave': np.complex128(-0.04594456828749075j)}, 'free': np.float64(-17930.541711557475)}]
------------------------------------------
  Seed: px+py
F_onsite: -7.698454155745271e-18j
F_swave: -2.42861286636753e-17j, F_dwave: 0.04594456828749075j
F_px: (4.776546692369216e-18+0j), F_py: (9.43717953152561e-20+0j)
Free_energy = -17930.541711557475
------------------------------------------
[{'stable': {'F_dwave': np.complex128(0.04594456828749075j)}, 'free': np.float64(-17930.541711557475)}, {'stable': {'F_dwave': np.complex128(-0.04594456828749075j)}, 'free': np.float64(-17930.541711557475)}]
------------------------------------------
  Seed: px+i*py
F_onsite: (-8.35112861037105e-18+1.018235676687258e-17j)
F_swave: (1.214306433183765e-17+0j), F_dwave: (0.016374036936977907+0.04292774556977473j)
F_px: (5.551115123125783e-17+3.469446951953614e-18j), F_py: (-3.469446951953614e-18-1.3877787807814457e-17j)
Free_energy = -17930.541504659708
------------------------------------------
[{'stable': {'F_dwave': np.complex128(0.04594456828749075j)}, 'free': np.float64(-17930.541711557475)}, {'stable': {'F_dwave': np.complex128(-0.04594456828749075j)}, 'free': np.float64(-17930.541711557475)}, {'stable': {'F_dwave': np.complex128(0.016374036936977907+0.04292774556977473j)}, 'free': np.float64(-17930.541504659708)}]
------------------------------------------
  Seed: d-wave
F_onsite: (-2.2457948358389357e-17+0j)
F_swave: (6.938893903907228e-17+0j), F_dwave: (0.04594453956118571+0j)
F_px: -6.629709488369198e-19j, F_py: 2.0355502654007548e-19j
Free_energy = -17930.54152515113
------------------------------------------
[{'stable': {'F_dwave': np.complex128(0.04594456828749075j)}, 'free': np.float64(-17930.541711557475)}, {'stable': {'F_dwave': np.complex128(-0.04594456828749075j)}, 'free': np.float64(-17930.541711557475)}, {'stable': {'F_dwave': np.complex128(0.016374036936977907+0.04292774556977473j)}, 'free': np.float64(-17930.541504659708)}, {'stable': {'F_dwave': np.complex128(0.04594453956118571+0j)}, 'free': np.float64(-17930.54152515113)}]
------------------------------------------
  Seed: d-wave+px
F_onsite: (-2.2457948358389357e-17+0j)
F_swave: (6.938893903907228e-17+0j), F_dwave: (0.04594453956118571+0j)
F_px: -6.629709488369198e-19j, F_py: 2.0355502654007548e-19j
Free_energy = -17930.54152515113
------------------------------------------
[{'stable': {'F_dwave': np.complex128(0.04594456828749075j)}, 'free': np.float64(-17930.541711557475)}, {'stable': {'F_dwave': np.complex128(-0.04594456828749075j)}, 'free': np.float64(-17930.541711557475)}, {'stable': {'F_dwave': np.complex128(0.016374036936977907+0.04292774556977473j)}, 'free': np.float64(-17930.541504659708)}, {'stable': {'F_dwave': np.complex128(0.04594453956118571+0j)}, 'free': np.float64(-17930.54152515113)}]
------------------------------------------
  Seed: d-wave+py
F_onsite: (-1.5941636523358763e-16+0j)
F_swave: (-6.245004513516506e-17+0j), F_dwave: (0.04594454256298629+0j)
F_px: -6.099249333884252e-19j, F_py: -2.2020085573559756e-19j
Free_energy = -17930.54154462997
------------------------------------------
[{'stable': {'F_dwave': np.complex128(0.04594456828749075j)}, 'free': np.float64(-17930.541711557475)}, {'stable': {'F_dwave': np.complex128(-0.04594456828749075j)}, 'free': np.float64(-17930.541711557475)}, {'stable': {'F_dwave': np.complex128(0.016374036936977907+0.04292774556977473j)}, 'free': np.float64(-17930.541504659708)}, {'stable': {'F_dwave': np.complex128(0.04594453956118571+0j)}, 'free': np.float64(-17930.54152515113)}]
------------------------------------------
  Seed: s-wave
F_onsite: (7.475507804838549e-17+0j)
F_swave: (2.0816681711721685e-17+0j), F_dwave: (-0.04594455591295036+0j)
F_px: -1.1962086312797785e-18j, F_py: -9.610779926682114e-19j
Free_energy = -17930.541631258482
------------------------------------------
[{'stable': {'F_dwave': np.complex128(0.04594456828749075j)}, 'free': np.float64(-17930.541711557475)}, {'stable': {'F_dwave': np.complex128(-0.04594456828749075j)}, 'free': np.float64(-17930.541711557475)}, {'stable': {'F_dwave': np.complex128(0.016374036936977907+0.04292774556977473j)}, 'free': np.float64(-17930.541504659708)}, {'stable': {'F_dwave': np.complex128(0.04594453956118571+0j)}, 'free': np.float64(-17930.54152515113)}, {'stable': {'F_dwave': np.complex128(-0.04594455591295036+0j)}, 'free': np.float64(-17930.541631258482)}]
------------------------------------------
  Seed: s-wave+px
F_onsite: (-2.2457948358389357e-17+0j)
F_swave: (6.938893903907228e-17+0j), F_dwave: (0.04594453956118571+0j)
F_px: -6.629709488369198e-19j, F_py: 2.0355502654007548e-19j
Free_energy = -17930.54152515113
------------------------------------------
[{'stable': {'F_dwave': np.complex128(0.04594456828749075j)}, 'free': np.float64(-17930.541711557475)}, {'stable': {'F_dwave': np.complex128(-0.04594456828749075j)}, 'free': np.float64(-17930.541711557475)}, {'stable': {'F_dwave': np.complex128(0.016374036936977907+0.04292774556977473j)}, 'free': np.float64(-17930.541504659708)}, {'stable': {'F_dwave': np.complex128(0.04594453956118571+0j)}, 'free': np.float64(-17930.54152515113)}, {'stable': {'F_dwave': np.complex128(-0.04594455591295036+0j)}, 'free': np.float64(-17930.541631258482)}]
------------------------------------------
  Seed: s-wave+py
F_onsite: (7.385186119112741e-17+0j)
F_swave: (-1.1449174941446927e-16+0j), F_dwave: (-0.045944555912974666+0j)
F_px: 5.4890325469239305e-18j, F_py: -1.6284483805744771e-19j
Free_energy = -17930.541631258657
------------------------------------------
[{'stable': {'F_dwave': np.complex128(0.04594456828749075j)}, 'free': np.float64(-17930.541711557475)}, {'stable': {'F_dwave': np.complex128(-0.04594456828749075j)}, 'free': np.float64(-17930.541711557475)}, {'stable': {'F_dwave': np.complex128(0.016374036936977907+0.04292774556977473j)}, 'free': np.float64(-17930.541504659708)}, {'stable': {'F_dwave': np.complex128(0.04594453956118571+0j)}, 'free': np.float64(-17930.54152515113)}, {'stable': {'F_dwave': np.complex128(-0.04594455591295036+0j)}, 'free': np.float64(-17930.541631258482)}]
------------------------------------------
====================================
mu=0.82, T=0.1247
====================================
  Seed: normal state
F_onsite: 0j
F_swave: 0j, F_dwave: 0j
F_px: 0j, F_py: 0j
Free_energy = -17811.09689449045
------------------------------------------
[{'stable': {}, 'free': np.float64(-17811.09689449045)}]
------------------------------------------
  Seed: px
F_onsite: 2.7293704431358905e-17j
F_swave: 7.28583859910259e-17j, F_dwave: 0.04004019980131678j
F_px: (-5.963852068523356e-18+0j), F_py: (2.573613243690829e-19+0j)
Free_energy = -17910.162408809956
------------------------------------------
[{'stable': {'F_dwave': np.complex128(0.04004019980131678j)}, 'free': np.float64(-17910.162408809956)}]
------------------------------------------
  Seed: py
F_onsite: -2.7293704431358905e-17j
F_swave: -7.28583859910259e-17j, F_dwave: -0.04004019980131678j
F_px: (5.963852068523356e-18+0j), F_py: (-2.573613243690829e-19+0j)
Free_energy = -17910.162408809956
------------------------------------------
[{'stable': {'F_dwave': np.complex128(0.04004019980131678j)}, 'free': np.float64(-17910.162408809956)}, {'stable': {'F_dwave': np.complex128(-0.04004019980131678j)}, 'free': np.float64(-17910.162408809956)}]
------------------------------------------
  Seed: px+py
F_onsite: 2.7293704431358905e-17j
F_swave: 7.28583859910259e-17j, F_dwave: 0.04004019980131678j
F_px: (-5.963852068523356e-18+0j), F_py: (2.573613243690829e-19+0j)
Free_energy = -17910.162408809956
------------------------------------------
[{'stable': {'F_dwave': np.complex128(0.04004019980131678j)}, 'free': np.float64(-17910.162408809956)}, {'stable': {'F_dwave': np.complex128(-0.04004019980131678j)}, 'free': np.float64(-17910.162408809956)}]
------------------------------------------
  Seed: px+i*py
