/home/emilssp/D1/venv/bin/python
Python 3.10.12
Running job 9 out of 45
====================================
mu=0.92, T=0.0010
====================================
  Seed: normal state
F_onsite: 0j
F_swave: 0j, F_dwave: 0j
F_px: 0j, F_py: 0j
Free_energy = -18086.13051048312
------------------------------------------
[{'stable': {}, 'free': np.float64(-18086.13051048312)}]
------------------------------------------
  Seed: px
F_onsite: 8.253965494078733e-18j
F_swave: -7.806639453699857e-18j, F_dwave: -7.585467239770938e-17j
F_px: (0.04946422507779043+0j), F_py: (2.9389727164009073e-20+0j)
Free_energy = -18169.4505921587
------------------------------------------
[{'stable': {'F_px': np.complex128(0.04946422507779043+0j)}, 'free': np.float64(-18169.4505921587)}]
------------------------------------------
  Seed: py
F_onsite: 1.3778579073867297e-17j
F_swave: -4.469422285746519e-18j, F_dwave: 7.208663309695882e-17j
F_px: (9.54864211906713e-19+0j), F_py: (0.04946422507779028+0j)
Free_energy = -18169.450592158588
------------------------------------------
[{'stable': {'F_px': np.complex128(0.04946422507779043+0j)}, 'free': np.float64(-18169.4505921587)}, {'stable': {'F_py': np.complex128(0.04946422507779028+0j)}, 'free': np.float64(-18169.450592158588)}]
------------------------------------------
  Seed: px+py
F_onsite: -1.2673359896378045e-17j
F_swave: 1.172796524812384e-18j, F_dwave: 1.5576380034634948e-17j
F_px: (0.029129779791998274+0j), F_py: (0.029129779792057595+0j)
Free_energy = -18144.066736179513
------------------------------------------
[{'stable': {'F_px': np.complex128(0.04946422507779043+0j)}, 'free': np.float64(-18169.4505921587)}, {'stable': {'F_py': np.complex128(0.04946422507779028+0j)}, 'free': np.float64(-18169.450592158588)}]
------------------------------------------
  Seed: px+i*py
F_onsite: (3.3102179927596066e-18-6.431526197760027e-16j)
F_swave: (9.470887141487146e-20+1.960237527853792e-16j), F_dwave: (-1.0503049727275714e-17+4.081804338973427e-15j)
F_px: (0.03738795304568669+6.1600537263518e-18j), F_py: (-1.0229616903990185e-17+0.037387953045686484j)
Free_energy = -18181.45043724461
------------------------------------------
[{'stable': {'F_px': np.complex128(0.03738795304568669+6.1600537263518e-18j), 'F_py': np.complex128(-1.0229616903990185e-17+0.037387953045686484j)}, 'free': np.float64(-18181.45043724461)}]
------------------------------------------
  Seed: d-wave
F_onsite: (-6.511888713328575e-17+0j)
F_swave: (-2.0816681711721685e-17+0j), F_dwave: (0.05342852049926641+0j)
F_px: 9.560646370911653e-18j, F_py: -9.029360050792572e-18j
Free_energy = -18282.49564626991
------------------------------------------
[{'stable': {'F_dwave': np.complex128(0.05342852049926641+0j)}, 'free': np.float64(-18282.49564626991)}]
------------------------------------------
  Seed: d-wave+px
F_onsite: (-0.00017396334163583327+3.6845933205562065e-19j)
F_swave: (5.696760466296011e-05-2.440996752754184e-18j), F_dwave: (0.05272389299997768+1.926043734215422e-18j)
F_px: (0.01407893431262007+1.2821507944086292e-17j), F_py: (-2.0816681711721685e-17-9.699721694866265e-18j)
Free_energy = -18284.01677176956
------------------------------------------
[{'stable': {'F_dwave': np.complex128(0.05272389299997768+1.926043734215422e-18j), 'F_px': np.complex128(0.01407893431262007+1.2821507944086292e-17j)}, 'free': np.float64(-18284.01677176956)}]
------------------------------------------
  Seed: d-wave+py
F_onsite: (0.00017396334163568083-1.2848563367561677e-18j)
F_swave: (-5.6967604662921945e-05-2.58475743449345e-18j), F_dwave: (0.05272389299997754+1.7631722024759758e-17j)
F_px: (2.7755575615628914e-17+4.510476913908751e-18j), F_py: (0.01407893431262034-2.5967978754897717e-18j)
Free_energy = -18284.016771769602
------------------------------------------
[{'stable': {'F_dwave': np.complex128(0.05272389299997768+1.926043734215422e-18j), 'F_px': np.complex128(0.01407893431262007+1.2821507944086292e-17j)}, 'free': np.float64(-18284.01677176956)}, {'stable': {'F_dwave': np.complex128(0.05272389299997754+1.7631722024759758e-17j), 'F_py': np.complex128(0.01407893431262034-2.5967978754897717e-18j)}, 'free': np.float64(-18284.016771769602)}]
------------------------------------------
  Seed: s-wave
F_onsite: (3.1603992794747567e-18+0j)
F_swave: (7.979727989493313e-17+0j), F_dwave: (0.05342851881807306+0j)
F_px: -2.6800368641073195e-12j, F_py: -4.449899816091672e-12j
Free_energy = -18282.495630804126
------------------------------------------
[{'stable': {'F_dwave': np.complex128(0.05272389299997768+1.926043734215422e-18j), 'F_px': np.complex128(0.01407893431262007+1.2821507944086292e-17j)}, 'free': np.float64(-18284.01677176956)}, {'stable': {'F_dwave': np.complex128(0.05272389299997754+1.7631722024759758e-17j), 'F_py': np.complex128(0.01407893431262034-2.5967978754897717e-18j)}, 'free': np.float64(-18284.016771769602)}]
------------------------------------------
  Seed: s-wave+px
F_onsite: (-0.00017396337823955636-8.396889069038095e-18j)
F_swave: (5.696761682804849e-05-4.203731872994487e-18j), F_dwave: (0.052723892834888784+2.8911653165900376e-17j)
F_px: (0.014078935800876588+1.9275508572914936e-17j), F_py: (6.938893903907228e-18-8.59101512391449e-18j)
Free_energy = -18284.016771990275
------------------------------------------
[{'stable': {'F_dwave': np.complex128(0.05272389299997768+1.926043734215422e-18j), 'F_px': np.complex128(0.01407893431262007+1.2821507944086292e-17j)}, 'free': np.float64(-18284.01677176956)}, {'stable': {'F_dwave': np.complex128(0.05272389299997754+1.7631722024759758e-17j), 'F_py': np.complex128(0.01407893431262034-2.5967978754897717e-18j)}, 'free': np.float64(-18284.016771769602)}]
------------------------------------------
  Seed: s-wave+py
F_onsite: (-0.00017396337823962946-7.865958229787259e-19j)
F_swave: (5.696761682787328e-05+2.7564668947696575e-18j), F_dwave: (-0.05272389283488864+1.3273658101797578e-17j)
F_px: (3.122502256758253e-17+4.941715945734696e-18j), F_py: (0.014078935800877098+5.21522156091413e-18j)
Free_energy = -18284.01677199042
------------------------------------------
[{'stable': {'F_dwave': np.complex128(0.05272389299997768+1.926043734215422e-18j), 'F_px': np.complex128(0.01407893431262007+1.2821507944086292e-17j)}, 'free': np.float64(-18284.01677176956)}, {'stable': {'F_dwave': np.complex128(0.05272389299997754+1.7631722024759758e-17j), 'F_py': np.complex128(0.01407893431262034-2.5967978754897717e-18j)}, 'free': np.float64(-18284.016771769602)}, {'stable': {'F_dwave': np.complex128(-0.05272389283488864+1.3273658101797578e-17j), 'F_py': np.complex128(0.014078935800877098+5.21522156091413e-18j)}, 'free': np.float64(-18284.01677199042)}]
------------------------------------------
====================================
mu=0.92, T=0.0113
====================================
  Seed: normal state
F_onsite: 0j
F_swave: 0j, F_dwave: 0j
F_px: 0j, F_py: 0j
Free_energy = -18086.73604340148
------------------------------------------
[{'stable': {}, 'free': np.float64(-18086.73604340148)}]
------------------------------------------
  Seed: px
F_onsite: 8.144219140872138e-17j
F_swave: -2.5958621687808517e-17j, F_dwave: -2.7410992024774023e-16j
F_px: (0.04939749821773176+0j), F_py: (-4.309329749993006e-19+0j)
Free_energy = -18169.32278361842
------------------------------------------
[{'stable': {'F_px': np.complex128(0.04939749821773176+0j)}, 'free': np.float64(-18169.32278361842)}]
------------------------------------------
  Seed: py
F_onsite: 7.592208433439179e-18j
F_swave: 2.6020852139652106e-16j, F_dwave: 0.05342646083140851j
F_px: (-1.0280877666617019e-17+0j), F_py: (1.1837495235875825e-09+0j)
Free_energy = -18282.486564099734
------------------------------------------
[{'stable': {'F_dwave': np.complex128(0.05342646083140851j)}, 'free': np.float64(-18282.486564099734)}]
------------------------------------------
  Seed: px+py
F_onsite: -2.71376650806069e-17j
F_swave: 6.327918451140861e-18j, F_dwave: 1.5378806952709922e-16j
F_px: (0.02904254831922646+0j), F_py: (0.02904254836037813+0j)
Free_energy = -18143.82051382471
------------------------------------------
[{'stable': {'F_dwave': np.complex128(0.05342646083140851j)}, 'free': np.float64(-18282.486564099734)}]
------------------------------------------
  Seed: px+i*py
F_onsite: (-1.3503438949797459e-17-2.355194909235724e-15j)
F_swave: (7.822352576615914e-18+6.47051856539349e-16j), F_dwave: (-8.415018551959543e-17+1.590221010427939e-14j)
F_px: (0.03738658277426627+9.92612764596693e-18j), F_py: (1.5738732427821955e-18+0.03738658277426592j)
Free_energy = -18181.44448837576
------------------------------------------
[{'stable': {'F_dwave': np.complex128(0.05342646083140851j)}, 'free': np.float64(-18282.486564099734)}]
------------------------------------------
  Seed: d-wave
F_onsite: (2.887041986672583e-17+0j)
F_swave: (-3.8163916471489756e-17+0j), F_dwave: (0.0534264639311002+0j)
F_px: 6.134132160701072e-18j, F_py: -9.16402340015498e-18j
Free_energy = -18282.48659261212
------------------------------------------
[{'stable': {'F_dwave': np.complex128(0.05342646083140851j)}, 'free': np.float64(-18282.486564099734)}, {'stable': {'F_dwave': np.complex128(0.0534264639311002+0j)}, 'free': np.float64(-18282.48659261212)}]
------------------------------------------
  Seed: d-wave+px
F_onsite: (-0.00017180653371730658-3.498034313923447e-18j)
F_swave: (5.6262125744397165e-05-4.874998866248619e-18j), F_dwave: (0.052731557805383585-1.0053705366202208e-17j)
F_px: (0.013991916491908396+1.5398370766813536e-17j), F_py: (2.42861286636753e-17-5.970735245195563e-18j)
Free_energy = -18283.993347894684
------------------------------------------
[{'stable': {'F_dwave': np.complex128(0.052731557805383585-1.0053705366202208e-17j), 'F_px': np.complex128(0.013991916491908396+1.5398370766813536e-17j)}, 'free': np.float64(-18283.993347894684)}]
------------------------------------------
  Seed: d-wave+py
F_onsite: (0.00017180653371716892-6.377694871681852e-19j)
F_swave: (-5.626212574445441e-05-1.1367049803254702e-18j), F_dwave: (0.05273155780538366+3.827113231376643e-18j)
F_px: (3.469446951953614e-18+5.8298498432655314e-18j), F_py: (0.013991916491908209-5.570353358940296e-18j)
Free_energy = -18283.99334789459
------------------------------------------
[{'stable': {'F_dwave': np.complex128(0.052731557805383585-1.0053705366202208e-17j), 'F_px': np.complex128(0.013991916491908396+1.5398370766813536e-17j)}, 'free': np.float64(-18283.993347894684)}, {'stable': {'F_dwave': np.complex128(0.05273155780538366+3.827113231376643e-18j), 'F_py': np.complex128(0.013991916491908209-5.570353358940296e-18j)}, 'free': np.float64(-18283.99334789459)}]
------------------------------------------
  Seed: s-wave
F_onsite: (4.836483219979503e-17+0j)
F_swave: (9.367506770274758e-17+0j), F_dwave: (0.05342646720751697+0j)
F_px: -5.518404613918824e-14j, F_py: -9.16716122700541e-14j
Free_energy = -18282.4866227499
------------------------------------------
[{'stable': {'F_dwave': np.complex128(0.052731557805383585-1.0053705366202208e-17j), 'F_px': np.complex128(0.013991916491908396+1.5398370766813536e-17j)}, 'free': np.float64(-18283.993347894684)}, {'stable': {'F_dwave': np.complex128(0.05273155780538366+3.827113231376643e-18j), 'F_py': np.complex128(0.013991916491908209-5.570353358940296e-18j)}, 'free': np.float64(-18283.99334789459)}]
------------------------------------------
  Seed: s-wave+px
F_onsite: (-0.0001718065338194995+1.7459598974177274e-18j)
F_swave: (5.626212577857989e-05+1.0297902317917663e-19j), F_dwave: (0.05273155780492379-2.168524617032074e-17j)
F_px: (0.01399191649609377+3.092523907870351e-18j), F_py: (-2.0816681711721685e-17-6.549235587113099e-18j)
Free_energy = -18283.993347895306
------------------------------------------
[{'stable': {'F_dwave': np.complex128(0.052731557805383585-1.0053705366202208e-17j), 'F_px': np.complex128(0.013991916491908396+1.5398370766813536e-17j)}, 'free': np.float64(-18283.993347894684)}, {'stable': {'F_dwave': np.complex128(0.05273155780538366+3.827113231376643e-18j), 'F_py': np.complex128(0.013991916491908209-5.570353358940296e-18j)}, 'free': np.float64(-18283.99334789459)}]
------------------------------------------
  Seed: s-wave+py
F_onsite: (-0.00017180653381940064+1.7200658355223674e-18j)
F_swave: (5.6262125778420297e-05-5.8682872719696455e-18j), F_dwave: (-0.05273155780492398-1.2733320564620789e-18j)
F_px: (4.5102810375396984e-17-3.522499007720315e-18j), F_py: (0.013991916496093555+4.5705236089352004e-18j)
Free_energy = -18283.99334789529
------------------------------------------
[{'stable': {'F_dwave': np.complex128(0.052731557805383585-1.0053705366202208e-17j), 'F_px': np.complex128(0.013991916491908396+1.5398370766813536e-17j)}, 'free': np.float64(-18283.993347894684)}, {'stable': {'F_dwave': np.complex128(0.05273155780538366+3.827113231376643e-18j), 'F_py': np.complex128(0.013991916491908209-5.570353358940296e-18j)}, 'free': np.float64(-18283.99334789459)}, {'stable': {'F_dwave': np.complex128(-0.05273155780492398-1.2733320564620789e-18j), 'F_py': np.complex128(0.013991916496093555+4.5705236089352004e-18j)}, 'free': np.float64(-18283.99334789529)}]
------------------------------------------
====================================
mu=0.92, T=0.0216
====================================
  Seed: normal state
F_onsite: 0j
F_swave: 0j, F_dwave: 0j
F_px: 0j, F_py: 0j
Free_energy = -18088.311509221774
------------------------------------------
[{'stable': {}, 'free': np.float64(-18088.311509221774)}]
------------------------------------------
  Seed: px
F_onsite: 1.066179246331305e-16j
F_swave: -1.3877787807814457e-16j, F_dwave: -0.053362131705329566j
F_px: (1.002877139591192e-09+0j), F_py: (-6.951508530541183e-18+0j)
Free_energy = -18282.18790362131
------------------------------------------
[{'stable': {'F_dwave': np.complex128(-0.053362131705329566j)}, 'free': np.float64(-18282.18790362131)}]
------------------------------------------
  Seed: py
F_onsite: -9.42201161798012e-17j
F_swave: -2.42861286636753e-16j, F_dwave: 0.05336213236043204j
F_px: (-2.293374383496022e-18+0j), F_py: (5.134328280132654e-13+0j)
Free_energy = -18282.1879096287
------------------------------------------
[{'stable': {'F_dwave': np.complex128(-0.053362131705329566j)}, 'free': np.float64(-18282.18790362131)}, {'stable': {'F_dwave': np.complex128(0.05336213236043204j)}, 'free': np.float64(-18282.1879096287)}]
------------------------------------------
  Seed: px+py
F_onsite: -1.533198455957248e-17j
F_swave: 1.4529791418963454e-17j, F_dwave: 4.58775575309326e-15j
F_px: (0.028591164382411573+0j), F_py: (0.028591215520918725+0j)
Free_energy = -18142.73380738393
------------------------------------------
[{'stable': {'F_dwave': np.complex128(-0.053362131705329566j)}, 'free': np.float64(-18282.18790362131)}, {'stable': {'F_dwave': np.complex128(0.05336213236043204j)}, 'free': np.float64(-18282.1879096287)}]
------------------------------------------
  Seed: px+i*py
F_onsite: (-6.359194879695334e-07+0.00011405844564447576j)
F_swave: (2.0830592903764553e-07-3.736172728473902e-05j), F_dwave: (-0.00029498800903862807+0.05290901510517998j)
F_px: (9.639234668703395e-13-1.7291271192654278e-10j), F_py: (-6.368875275361571e-05+0.01142320731087882j)
Free_energy = -18283.241039693396
------------------------------------------
[{'stable': {'F_dwave': np.complex128(-0.00029498800903862807+0.05290901510517998j), 'F_py': np.complex128(-6.368875275361571e-05+0.01142320731087882j)}, 'free': np.float64(-18283.241039693396)}]
------------------------------------------
  Seed: d-wave
F_onsite: (-7.136819459741335e-17+0j)
F_swave: (2.185751579730777e-16+0j), F_dwave: (0.05336213170556553+0j)
F_px: -9.178837968535407e-18j, F_py: -7.973031974198482e-18j
Free_energy = -18282.18790362359
------------------------------------------
[{'stable': {'F_dwave': np.complex128(-0.00029498800903862807+0.05290901510517998j), 'F_py': np.complex128(-6.368875275361571e-05+0.01142320731087882j)}, 'free': np.float64(-18283.241039693396)}]
------------------------------------------
  Seed: d-wave+px
F_onsite: (-0.0001140603288898002-1.3747391056051597e-17j)
F_swave: (3.736234448044329e-05+5.626366721299937e-19j), F_dwave: (0.05290983696769089-2.75108277616255e-17j)
F_px: (0.011423390400825392+1.664682784789492e-17j), F_py: (-2.7755575615628914e-17-5.040229847967312e-18j)
Free_energy = -18283.241040550958
------------------------------------------
[{'stable': {'F_dwave': np.complex128(-0.00029498800903862807+0.05290901510517998j), 'F_py': np.complex128(-6.368875275361571e-05+0.01142320731087882j)}, 'free': np.float64(-18283.241039693396)}, {'stable': {'F_dwave': np.complex128(0.05290983696769089-2.75108277616255e-17j), 'F_px': np.complex128(0.011423390400825392+1.664682784789492e-17j)}, 'free': np.float64(-18283.241040550958)}]
------------------------------------------
  Seed: d-wave+py
F_onsite: (0.00011406032888978573-3.023173085313905e-18j)
F_swave: (-3.736234448050227e-05+2.1903577184281662e-18j), F_dwave: (0.0529098369676909+9.263350834520041e-18j)
F_px: (7.979727989493313e-17+1.2057348568042455e-18j), F_py: (0.011423390400826471-7.511345901185776e-18j)
Free_energy = -18283.241040550954
------------------------------------------
[{'stable': {'F_dwave': np.complex128(-0.00029498800903862807+0.05290901510517998j), 'F_py': np.complex128(-6.368875275361571e-05+0.01142320731087882j)}, 'free': np.float64(-18283.241039693396)}, {'stable': {'F_dwave': np.complex128(0.05290983696769089-2.75108277616255e-17j), 'F_px': np.complex128(0.011423390400825392+1.664682784789492e-17j)}, 'free': np.float64(-18283.241040550958)}, {'stable': {'F_dwave': np.complex128(0.0529098369676909+9.263350834520041e-18j), 'F_py': np.complex128(0.011423390400826471-7.511345901185776e-18j)}, 'free': np.float64(-18283.241040550954)}]
------------------------------------------
  Seed: s-wave
F_onsite: (-6.507851609173039e-17+0j)
F_swave: (2.1510571102112408e-16+0j), F_dwave: (0.05336213170556555+0j)
F_px: -5.93020062406968e-18j, F_py: -7.388216675511014e-18j
Free_energy = -18282.18790362359
------------------------------------------
[{'stable': {'F_dwave': np.complex128(-0.00029498800903862807+0.05290901510517998j), 'F_py': np.complex128(-6.368875275361571e-05+0.01142320731087882j)}, 'free': np.float64(-18283.241039693396)}, {'stable': {'F_dwave': np.complex128(0.05290983696769089-2.75108277616255e-17j), 'F_px': np.complex128(0.011423390400825392+1.664682784789492e-17j)}, 'free': np.float64(-18283.241040550958)}, {'stable': {'F_dwave': np.complex128(0.0529098369676909+9.263350834520041e-18j), 'F_py': np.complex128(0.011423390400826471-7.511345901185776e-18j)}, 'free': np.float64(-18283.241040550954)}]
------------------------------------------
  Seed: s-wave+px
F_onsite: (-0.00011406032888980164-1.0761355071518873e-18j)
F_swave: (3.73623444804138e-05+1.0109090071296309e-18j), F_dwave: (0.05290983696769089-4.922708989619453e-18j)
F_px: (0.011423390400825906+1.453737831954179e-17j), F_py: (-3.8163916471489756e-17-8.35249924864605e-18j)
Free_energy = -18283.24104055096
------------------------------------------
[{'stable': {'F_dwave': np.complex128(-0.00029498800903862807+0.05290901510517998j), 'F_py': np.complex128(-6.368875275361571e-05+0.01142320731087882j)}, 'free': np.float64(-18283.241039693396)}, {'stable': {'F_dwave': np.complex128(0.05290983696769089-2.75108277616255e-17j), 'F_px': np.complex128(0.011423390400825392+1.664682784789492e-17j)}, 'free': np.float64(-18283.241040550958)}, {'stable': {'F_dwave': np.complex128(0.0529098369676909+9.263350834520041e-18j), 'F_py': np.complex128(0.011423390400826471-7.511345901185776e-18j)}, 'free': np.float64(-18283.241040550954)}]
------------------------------------------
  Seed: s-wave+py
F_onsite: (-0.0001140603288897702-1.7393821571867057e-18j)
F_swave: (3.736234448046584e-05+3.780992949143136e-18j), F_dwave: (-0.05290983696769083+2.2977889585363483e-17j)
F_px: (4.5102810375396984e-17-8.942576810416878e-18j), F_py: (0.011423390400827082+3.525993018627739e-18j)
Free_energy = -18283.241040550958
------------------------------------------
[{'stable': {'F_dwave': np.complex128(-0.00029498800903862807+0.05290901510517998j), 'F_py': np.complex128(-6.368875275361571e-05+0.01142320731087882j)}, 'free': np.float64(-18283.241039693396)}, {'stable': {'F_dwave': np.complex128(0.05290983696769089-2.75108277616255e-17j), 'F_px': np.complex128(0.011423390400825392+1.664682784789492e-17j)}, 'free': np.float64(-18283.241040550958)}, {'stable': {'F_dwave': np.complex128(0.0529098369676909+9.263350834520041e-18j), 'F_py': np.complex128(0.011423390400826471-7.511345901185776e-18j)}, 'free': np.float64(-18283.241040550954)}, {'stable': {'F_dwave': np.complex128(-0.05290983696769083+2.2977889585363483e-17j), 'F_py': np.complex128(0.011423390400827082+3.525993018627739e-18j)}, 'free': np.float64(-18283.241040550958)}]
------------------------------------------
====================================
mu=0.92, T=0.0319
====================================
  Seed: normal state
F_onsite: 0j
F_swave: 0j, F_dwave: 0j
F_px: 0j, F_py: 0j
Free_energy = -18090.935991837378
------------------------------------------
[{'stable': {}, 'free': np.float64(-18090.935991837378)}]
------------------------------------------
  Seed: px
F_onsite: 6.234349364050363e-17j
F_swave: 1.7694179454963432e-16j, F_dwave: -0.05310399097648004j
F_px: (9.652026630434426e-13+0j), F_py: (-7.695465538362131e-18+0j)
Free_energy = -18280.96260817733
------------------------------------------
[{'stable': {'F_dwave': np.complex128(-0.05310399097648004j)}, 'free': np.float64(-18280.96260817733)}]
------------------------------------------
  Seed: py
F_onsite: -1.3588712006528815e-16j
F_swave: -1.0061396160665481e-16j, F_dwave: 0.053103981416674835j
F_px: (3.2399095018489775e-18+0j), F_py: (7.568044169092611e-18+0j)
Free_energy = -18280.962521586447
------------------------------------------
[{'stable': {'F_dwave': np.complex128(-0.05310399097648004j)}, 'free': np.float64(-18280.96260817733)}, {'stable': {'F_dwave': np.complex128(0.053103981416674835j)}, 'free': np.float64(-18280.962521586447)}]
------------------------------------------
  Seed: px+py
F_onsite: 2.261009312318687e-16j
F_swave: -1.5612511283791264e-16j, F_dwave: 0.0531039814072959j
F_px: (-1.8706552403051846e-17+0j), F_py: (1.0363098763766822e-08+0j)
Free_energy = -18280.96252150149
------------------------------------------
[{'stable': {'F_dwave': np.complex128(-0.05310399097648004j)}, 'free': np.float64(-18280.96260817733)}, {'stable': {'F_dwave': np.complex128(0.053103981416674835j)}, 'free': np.float64(-18280.962521586447)}]
------------------------------------------
  Seed: px+i*py
F_onsite: (-6.095781085078778e-17+9.63449375864993e-15j)
F_swave: (8.660064852727967e-18-3.1068897454744615e-15j), F_dwave: (-0.0002960704192202959+0.05310315606992364j)
F_px: (1.9081958235744878e-17-4.510281037539698e-16j), F_py: (-5.871472835109349e-10+1.0531067012528594e-07j)
Free_energy = -18280.962521584897
------------------------------------------
[{'stable': {'F_dwave': np.complex128(-0.05310399097648004j)}, 'free': np.float64(-18280.96260817733)}, {'stable': {'F_dwave': np.complex128(0.053103981416674835j)}, 'free': np.float64(-18280.962521586447)}, {'stable': {'F_dwave': np.complex128(-0.0002960704192202959+0.05310315606992364j)}, 'free': np.float64(-18280.962521584897)}]
------------------------------------------
  Seed: d-wave
F_onsite: (1.956447915682666e-17+0j)
F_swave: (-2.0816681711721685e-17+0j), F_dwave: (0.05310398474477924+0j)
F_px: 6.002520901003832e-18j, F_py: -8.178854599326774e-18j
Free_energy = -18280.962551731835
------------------------------------------
[{'stable': {'F_dwave': np.complex128(-0.05310399097648004j)}, 'free': np.float64(-18280.96260817733)}, {'stable': {'F_dwave': np.complex128(0.053103981416674835j)}, 'free': np.float64(-18280.962521586447)}, {'stable': {'F_dwave': np.complex128(-0.0002960704192202959+0.05310315606992364j)}, 'free': np.float64(-18280.962521584897)}, {'stable': {'F_dwave': np.complex128(0.05310398474477924+0j)}, 'free': np.float64(-18280.962551731835)}]
------------------------------------------
  Seed: d-wave+px
F_onsite: (-1.2038009601913023e-14-1.8479344205116513e-18j)
F_swave: (3.982925100842749e-15+3.4592250639494062e-18j), F_dwave: (0.05310398141645151+1.3402195403242206e-17j)
F_px: (1.1761735772483628e-07+2.455461320792016e-17j), F_py: (4.85722573273506e-17-8.241751326372575e-18j)
Free_energy = -18280.962521584937
------------------------------------------
[{'stable': {'F_dwave': np.complex128(-0.05310399097648004j)}, 'free': np.float64(-18280.96260817733)}, {'stable': {'F_dwave': np.complex128(0.053103981416674835j)}, 'free': np.float64(-18280.962521586447)}, {'stable': {'F_dwave': np.complex128(-0.0002960704192202959+0.05310315606992364j)}, 'free': np.float64(-18280.962521584897)}, {'stable': {'F_dwave': np.complex128(0.05310398474477924+0j)}, 'free': np.float64(-18280.962551731835)}]
------------------------------------------
  Seed: d-wave+py
F_onsite: (1.4802069824137907e-14-6.056716532250826e-19j)
F_swave: (-4.839878497975292e-15+2.621570991534797e-18j), F_dwave: (0.05310398141643997+1.5607771849074065e-17j)
F_px: (1.0408340855860843e-17+9.762478297344643e-18j), F_py: (1.3136014605230617e-07-7.723888241454847e-18j)
Free_energy = -18280.96252158494
------------------------------------------
[{'stable': {'F_dwave': np.complex128(-0.05310399097648004j)}, 'free': np.float64(-18280.96260817733)}, {'stable': {'F_dwave': np.complex128(0.053103981416674835j)}, 'free': np.float64(-18280.962521586447)}, {'stable': {'F_dwave': np.complex128(-0.0002960704192202959+0.05310315606992364j)}, 'free': np.float64(-18280.962521584897)}, {'stable': {'F_dwave': np.complex128(0.05310398474477924+0j)}, 'free': np.float64(-18280.962551731835)}]
------------------------------------------
  Seed: s-wave
F_onsite: (2.01914125779704e-17+0j)
F_swave: (-2.42861286636753e-17+0j), F_dwave: (0.05310398474477924+0j)
F_px: 8.555849401328176e-18j, F_py: -9.025960338474979e-18j
Free_energy = -18280.962551731838
------------------------------------------
[{'stable': {'F_dwave': np.complex128(-0.05310399097648004j)}, 'free': np.float64(-18280.96260817733)}, {'stable': {'F_dwave': np.complex128(0.053103981416674835j)}, 'free': np.float64(-18280.962521586447)}, {'stable': {'F_dwave': np.complex128(-0.0002960704192202959+0.05310315606992364j)}, 'free': np.float64(-18280.962521584897)}, {'stable': {'F_dwave': np.complex128(0.05310398474477924+0j)}, 'free': np.float64(-18280.962551731835)}]
------------------------------------------
  Seed: s-wave+px
F_onsite: (-9.987770745004706e-15+2.342598763193383e-18j)
F_swave: (3.49893725104522e-15-1.0688442505372208e-18j), F_dwave: (0.05310398141645928+1.915045654528251e-17j)
F_px: (1.0766577012571998e-07-1.4058552937403591e-18j), F_py: (5.898059818321144e-17-6.673419189455619e-18j)
Free_energy = -18280.96252158491
------------------------------------------
[{'stable': {'F_dwave': np.complex128(-0.05310399097648004j)}, 'free': np.float64(-18280.96260817733)}, {'stable': {'F_dwave': np.complex128(0.053103981416674835j)}, 'free': np.float64(-18280.962521586447)}, {'stable': {'F_dwave': np.complex128(-0.0002960704192202959+0.05310315606992364j)}, 'free': np.float64(-18280.962521584897)}, {'stable': {'F_dwave': np.complex128(0.05310398474477924+0j)}, 'free': np.float64(-18280.962551731835)}]
------------------------------------------
  Seed: s-wave+py
F_onsite: (-1.4800721035625877e-14-4.882981803980971e-19j)
F_swave: (4.8242659866915005e-15-7.331209466273122e-19j), F_dwave: (-0.053103981416439995+5.011822227174708e-17j)
F_px: (-1.4224732503009818e-16-9.664000947644714e-18j), F_py: (1.3136014615985903e-07+7.042363328236287e-18j)
Free_energy = -18280.962521584937
------------------------------------------
[{'stable': {'F_dwave': np.complex128(-0.05310399097648004j)}, 'free': np.float64(-18280.96260817733)}, {'stable': {'F_dwave': np.complex128(0.053103981416674835j)}, 'free': np.float64(-18280.962521586447)}, {'stable': {'F_dwave': np.complex128(-0.0002960704192202959+0.05310315606992364j)}, 'free': np.float64(-18280.962521584897)}, {'stable': {'F_dwave': np.complex128(0.05310398474477924+0j)}, 'free': np.float64(-18280.962551731835)}, {'stable': {'F_dwave': np.complex128(-0.053103981416439995+5.011822227174708e-17j)}, 'free': np.float64(-18280.962521584937)}]
------------------------------------------
====================================
mu=0.92, T=0.0422
====================================
  Seed: normal state
F_onsite: 0j
F_swave: 0j, F_dwave: 0j
F_px: 0j, F_py: 0j
Free_energy = -18094.6023845239
------------------------------------------
[{'stable': {}, 'free': np.float64(-18094.6023845239)}]
------------------------------------------
  Seed: px
F_onsite: 3.3185000559247325e-17j
F_swave: -7.979727989493313e-17j, F_dwave: -0.05250290015906765j
F_px: (4.3244092815111693e-16+0j), F_py: (-7.844186008884251e-18+0j)
Free_energy = -18278.066611628285
------------------------------------------
[{'stable': {'F_dwave': np.complex128(-0.05250290015906765j)}, 'free': np.float64(-18278.066611628285)}]
------------------------------------------
  Seed: py
F_onsite: -1.7608250676292385e-17j
F_swave: 1.0408340855860843e-16j, F_dwave: 0.05250288727989327j
F_px: (-3.3745226318993993e-17+0j), F_py: (8.490013570477661e-18+0j)
Free_energy = -18278.066498176206
------------------------------------------
[{'stable': {'F_dwave': np.complex128(-0.05250290015906765j)}, 'free': np.float64(-18278.066611628285)}, {'stable': {'F_dwave': np.complex128(0.05250288727989327j)}, 'free': np.float64(-18278.066498176206)}]
------------------------------------------
  Seed: px+py
F_onsite: 1.0451576505674426e-16j
F_swave: -2.7755575615628914e-17j, F_dwave: 0.05250288756949725j
F_px: (6.908417007864207e-18+0j), F_py: (5.33822427956674e-13+0j)
Free_energy = -18278.066500727517
------------------------------------------
[{'stable': {'F_dwave': np.complex128(-0.05250290015906765j)}, 'free': np.float64(-18278.066611628285)}, {'stable': {'F_dwave': np.complex128(0.05250288727989327j)}, 'free': np.float64(-18278.066498176206)}]
------------------------------------------
  Seed: px+i*py
F_onsite: (-3.708393712287625e-18+1.8191437034213646e-15j)
F_swave: (3.144186300207963e-18-5.377642775528102e-16j), F_dwave: (-0.000292719192525996+0.052502080438537116j)
F_px: (1.8187491443444337e-17-4.822531263215524e-16j), F_py: (-2.5877420063540046e-10+4.641371188079946e-08j)
Free_energy = -18278.066578893475
------------------------------------------
[{'stable': {'F_dwave': np.complex128(-0.05250290015906765j)}, 'free': np.float64(-18278.066611628285)}, {'stable': {'F_dwave': np.complex128(0.05250288727989327j)}, 'free': np.float64(-18278.066498176206)}, {'stable': {'F_dwave': np.complex128(-0.000292719192525996+0.052502080438537116j)}, 'free': np.float64(-18278.066578893475)}]
------------------------------------------
  Seed: d-wave
F_onsite: (-1.1850855170391657e-16+0j)
F_swave: 0j, F_dwave: (0.052502891884939375+0j)
F_px: 9.011059506920449e-18j, F_py: -8.586985513560438e-18j
Free_energy = -18278.066538741816
------------------------------------------
[{'stable': {'F_dwave': np.complex128(-0.05250290015906765j)}, 'free': np.float64(-18278.066611628285)}, {'stable': {'F_dwave': np.complex128(0.05250288727989327j)}, 'free': np.float64(-18278.066498176206)}, {'stable': {'F_dwave': np.complex128(-0.000292719192525996+0.052502080438537116j)}, 'free': np.float64(-18278.066578893475)}, {'stable': {'F_dwave': np.complex128(0.052502891884939375+0j)}, 'free': np.float64(-18278.066538741816)}]
------------------------------------------
  Seed: d-wave+px
F_onsite: (-2.2154129652832335e-15-1.6811569598123572e-18j)
F_swave: (4.735795089416683e-16+1.2590198325758333e-18j), F_dwave: (0.052502893785464286-2.1039029721532317e-18j)
F_px: (5.057809075031949e-08+1.5845129048347925e-17j), F_py: (1.0408340855860843e-17-8.881068800192323e-18j)
Free_energy = -18278.06655548351
------------------------------------------
[{'stable': {'F_dwave': np.complex128(-0.05250290015906765j)}, 'free': np.float64(-18278.066611628285)}, {'stable': {'F_dwave': np.complex128(0.05250288727989327j)}, 'free': np.float64(-18278.066498176206)}, {'stable': {'F_dwave': np.complex128(-0.000292719192525996+0.052502080438537116j)}, 'free': np.float64(-18278.066578893475)}, {'stable': {'F_dwave': np.complex128(0.052502891884939375+0j)}, 'free': np.float64(-18278.066538741816)}]
------------------------------------------
  Seed: d-wave+py
F_onsite: (2.3992113339826948e-15-2.2257437729955083e-18j)
F_swave: (-9.35015953551499e-16+4.526275997268467e-18j), F_dwave: (0.052502888858404574-8.488320185576937e-18j)
F_px: (-7.979727989493313e-17+2.3286859567566374e-17j), F_py: (5.1194468230625345e-08-9.211657080480717e-18j)
Free_energy = -18278.066512081412
------------------------------------------
[{'stable': {'F_dwave': np.complex128(-0.05250290015906765j)}, 'free': np.float64(-18278.066611628285)}, {'stable': {'F_dwave': np.complex128(0.05250288727989327j)}, 'free': np.float64(-18278.066498176206)}, {'stable': {'F_dwave': np.complex128(-0.000292719192525996+0.052502080438537116j)}, 'free': np.float64(-18278.066578893475)}, {'stable': {'F_dwave': np.complex128(0.052502891884939375+0j)}, 'free': np.float64(-18278.066538741816)}]
------------------------------------------
  Seed: s-wave
F_onsite: (-1.1850855170391657e-16+0j)
F_swave: 0j, F_dwave: (0.052502891884939375+0j)
F_px: 9.011059506920449e-18j, F_py: -8.586985513560438e-18j
Free_energy = -18278.066538741816
------------------------------------------
[{'stable': {'F_dwave': np.complex128(-0.05250290015906765j)}, 'free': np.float64(-18278.066611628285)}, {'stable': {'F_dwave': np.complex128(0.05250288727989327j)}, 'free': np.float64(-18278.066498176206)}, {'stable': {'F_dwave': np.complex128(-0.000292719192525996+0.052502080438537116j)}, 'free': np.float64(-18278.066578893475)}, {'stable': {'F_dwave': np.complex128(0.052502891884939375+0j)}, 'free': np.float64(-18278.066538741816)}]
------------------------------------------
  Seed: s-wave+px
F_onsite: (-2.0369454662494438e-15+1.769211685589242e-18j)
F_swave: (7.892991815694472e-16-5.2728067630974895e-18j), F_dwave: (0.0525029053546732+1.6814944190686562e-17j)
F_px: (4.984451867223738e-08+8.202789162098675e-18j), F_py: (5.898059818321144e-17-9.58495825474025e-18j)
Free_energy = -18278.0666573962
------------------------------------------
[{'stable': {'F_dwave': np.complex128(-0.05250290015906765j)}, 'free': np.float64(-18278.066611628285)}, {'stable': {'F_dwave': np.complex128(0.05250288727989327j)}, 'free': np.float64(-18278.066498176206)}, {'stable': {'F_dwave': np.complex128(-0.000292719192525996+0.052502080438537116j)}, 'free': np.float64(-18278.066578893475)}, {'stable': {'F_dwave': np.complex128(0.052502891884939375+0j)}, 'free': np.float64(-18278.066538741816)}]
------------------------------------------
  Seed: s-wave+py
F_onsite: (-2.4010297291575028e-15-3.591804146723273e-18j)
F_swave: (9.54097911787244e-16+1.6759758858107218e-18j), F_dwave: (-0.05250288885840457+2.3501970697058132e-17j)
F_px: (-1.6653345369377348e-16-8.449417439492865e-18j), F_py: (5.1194468254911474e-08+7.290707443492747e-18j)
Free_energy = -18278.066512081412
------------------------------------------
[{'stable': {'F_dwave': np.complex128(-0.05250290015906765j)}, 'free': np.float64(-18278.066611628285)}, {'stable': {'F_dwave': np.complex128(0.05250288727989327j)}, 'free': np.float64(-18278.066498176206)}, {'stable': {'F_dwave': np.complex128(-0.000292719192525996+0.052502080438537116j)}, 'free': np.float64(-18278.066578893475)}, {'stable': {'F_dwave': np.complex128(0.052502891884939375+0j)}, 'free': np.float64(-18278.066538741816)}, {'stable': {'F_dwave': np.complex128(-0.05250288885840457+2.3501970697058132e-17j)}, 'free': np.float64(-18278.066512081412)}]
------------------------------------------
====================================
mu=0.92, T=0.0526
====================================
  Seed: normal state
F_onsite: 0j
F_swave: 0j, F_dwave: 0j
F_px: 0j, F_py: 0j
Free_energy = -18099.30138005913
------------------------------------------
[{'stable': {}, 'free': np.float64(-18099.30138005913)}]
------------------------------------------
  Seed: px
F_onsite: -7.018901459731317e-17j
F_swave: 1.1102230246251565e-16j, F_dwave: -0.051403149021494315j
F_px: (-1.2908939280471922e-18+0j), F_py: (-9.686977323168661e-18+0j)
Free_energy = -18272.81665133031
------------------------------------------
[{'stable': {'F_dwave': np.complex128(-0.051403149021494315j)}, 'free': np.float64(-18272.81665133031)}]
------------------------------------------
  Seed: py
F_onsite: -3.9716913411639484e-17j
F_swave: 1.5612511283791264e-16j, F_dwave: 0.05140315203672785j
F_px: (-4.551405072099143e-18+0j), F_py: (9.35204911614707e-18+0j)
Free_energy = -18272.816676657836
------------------------------------------
[{'stable': {'F_dwave': np.complex128(-0.051403149021494315j)}, 'free': np.float64(-18272.81665133031)}, {'stable': {'F_dwave': np.complex128(0.05140315203672785j)}, 'free': np.float64(-18272.816676657836)}]
------------------------------------------
  Seed: px+py
F_onsite: -8.616825144259615e-17j
F_swave: 0j, F_dwave: 0.051403149978340695j
F_px: (-3.897271589006094e-18+0j), F_py: (3.121849528536887e-17+0j)
Free_energy = -18272.816659367614
------------------------------------------
[{'stable': {'F_dwave': np.complex128(-0.051403149021494315j)}, 'free': np.float64(-18272.81665133031)}, {'stable': {'F_dwave': np.complex128(0.05140315203672785j)}, 'free': np.float64(-18272.816676657836)}]
------------------------------------------
  Seed: px+i*py
F_onsite: (-8.129769522094296e-19+1.1499355472238937e-16j)
F_swave: (4.323256162785949e-18+4.85722573273506e-17j), F_dwave: (-0.0002865878382042399+0.05140236143815995j)
F_px: (3.06287113727155e-18+5.273559366969494e-16j), F_py: (-5.1007798272705365e-11+9.148754059884467e-09j)
Free_energy = -18272.81674649179
------------------------------------------
[{'stable': {'F_dwave': np.complex128(-0.051403149021494315j)}, 'free': np.float64(-18272.81665133031)}, {'stable': {'F_dwave': np.complex128(0.05140315203672785j)}, 'free': np.float64(-18272.816676657836)}, {'stable': {'F_dwave': np.complex128(-0.0002865878382042399+0.05140236143815995j)}, 'free': np.float64(-18272.81674649179)}]
------------------------------------------
  Seed: d-wave
F_onsite: (-5.856349070497035e-17+0j)
F_swave: (1.734723475976807e-17+0j), F_dwave: (0.05140315046651729+0j)
F_px: 1.8383664977131954e-17j, F_py: -9.41562527271401e-18j
Free_energy = -18272.81666346813
------------------------------------------
[{'stable': {'F_dwave': np.complex128(-0.051403149021494315j)}, 'free': np.float64(-18272.81665133031)}, {'stable': {'F_dwave': np.complex128(0.05140315203672785j)}, 'free': np.float64(-18272.816676657836)}, {'stable': {'F_dwave': np.complex128(-0.0002865878382042399+0.05140236143815995j)}, 'free': np.float64(-18272.81674649179)}, {'stable': {'F_dwave': np.complex128(0.05140315046651729+0j)}, 'free': np.float64(-18272.81666346813)}]
------------------------------------------
  Seed: d-wave+px
F_onsite: (1.1578955201674073e-17+7.756740460525703e-19j)
F_swave: (-3.642919299551295e-17-7.892255120108613e-19j), F_dwave: (0.05140314997834812-7.090842329542274e-18j)
F_px: (7.351043395525947e-09+4.84329829194781e-18j), F_py: (2.42861286636753e-17-7.301956000561573e-18j)
Free_energy = -18272.816659367672
------------------------------------------
[{'stable': {'F_dwave': np.complex128(-0.051403149021494315j)}, 'free': np.float64(-18272.81665133031)}, {'stable': {'F_dwave': np.complex128(0.05140315203672785j)}, 'free': np.float64(-18272.816676657836)}, {'stable': {'F_dwave': np.complex128(-0.0002865878382042399+0.05140236143815995j)}, 'free': np.float64(-18272.81674649179)}, {'stable': {'F_dwave': np.complex128(0.05140315046651729+0j)}, 'free': np.float64(-18272.81666346813)}]
------------------------------------------
  Seed: d-wave+py
F_onsite: (-1.1722180391222972e-16+2.4138209047501694e-18j)
F_swave: (-1.9949319973733282e-16+3.185907284122993e-19j), F_dwave: (0.05140314863211451-3.144271050031598e-17j)
F_px: -1.589839716349404e-18j, F_py: (3.11549263817823e-09-7.766883422290313e-18j)
Free_energy = -18272.816648059474
------------------------------------------
[{'stable': {'F_dwave': np.complex128(-0.051403149021494315j)}, 'free': np.float64(-18272.81665133031)}, {'stable': {'F_dwave': np.complex128(0.05140315203672785j)}, 'free': np.float64(-18272.816676657836)}, {'stable': {'F_dwave': np.complex128(-0.0002865878382042399+0.05140236143815995j)}, 'free': np.float64(-18272.81674649179)}, {'stable': {'F_dwave': np.complex128(0.05140315046651729+0j)}, 'free': np.float64(-18272.81666346813)}]
------------------------------------------
  Seed: s-wave
F_onsite: (-5.856349070497035e-17+0j)
F_swave: (1.734723475976807e-17+0j), F_dwave: (0.05140315046651729+0j)
F_px: 1.8383664977131954e-17j, F_py: -9.41562527271401e-18j
Free_energy = -18272.81666346813
------------------------------------------
[{'stable': {'F_dwave': np.complex128(-0.051403149021494315j)}, 'free': np.float64(-18272.81665133031)}, {'stable': {'F_dwave': np.complex128(0.05140315203672785j)}, 'free': np.float64(-18272.816676657836)}, {'stable': {'F_dwave': np.complex128(-0.0002865878382042399+0.05140236143815995j)}, 'free': np.float64(-18272.81674649179)}, {'stable': {'F_dwave': np.complex128(0.05140315046651729+0j)}, 'free': np.float64(-18272.81666346813)}]
------------------------------------------
  Seed: s-wave+px
F_onsite: (-7.350326589007274e-17+4.859540884981169e-19j)
F_swave: (6.765421556309548e-17-5.269753520881296e-20j), F_dwave: (0.05140314891728775+1.566194101225802e-17j)
F_px: (5.827512923606282e-09+6.66694682697299e-18j), F_py: (2.42861286636753e-17-8.424050034865588e-18j)
Free_energy = -18272.81665045479
------------------------------------------
[{'stable': {'F_dwave': np.complex128(-0.051403149021494315j)}, 'free': np.float64(-18272.81665133031)}, {'stable': {'F_dwave': np.complex128(0.05140315203672785j)}, 'free': np.float64(-18272.816676657836)}, {'stable': {'F_dwave': np.complex128(-0.0002865878382042399+0.05140236143815995j)}, 'free': np.float64(-18272.81674649179)}, {'stable': {'F_dwave': np.complex128(0.05140315046651729+0j)}, 'free': np.float64(-18272.81666346813)}]
------------------------------------------
  Seed: s-wave+py
F_onsite: (-3.9086942267989524e-17-8.782157931839147e-19j)
F_swave: (3.122502256758253e-17+3.618982568911766e-18j), F_dwave: (-0.05140314862931334+1.5841291915334203e-17j)
F_px: (-3.469446951953614e-17-8.16168766213755e-18j), F_py: (7.092279055709305e-10+9.684082959154366e-18j)
Free_energy = -18272.816648035787
------------------------------------------
[{'stable': {'F_dwave': np.complex128(-0.051403149021494315j)}, 'free': np.float64(-18272.81665133031)}, {'stable': {'F_dwave': np.complex128(0.05140315203672785j)}, 'free': np.float64(-18272.816676657836)}, {'stable': {'F_dwave': np.complex128(-0.0002865878382042399+0.05140236143815995j)}, 'free': np.float64(-18272.81674649179)}, {'stable': {'F_dwave': np.complex128(0.05140315046651729+0j)}, 'free': np.float64(-18272.81666346813)}, {'stable': {'F_dwave': np.complex128(-0.05140314862931334+1.5841291915334203e-17j)}, 'free': np.float64(-18272.816648035787)}]
------------------------------------------
====================================
mu=0.92, T=0.0629
====================================
  Seed: normal state
F_onsite: 0j
F_swave: 0j, F_dwave: 0j
F_px: 0j, F_py: 0j
Free_energy = -18105.031425141427
------------------------------------------
[{'stable': {}, 'free': np.float64(-18105.031425141427)}]
------------------------------------------
  Seed: px
F_onsite: -3.668143014278242e-17j
F_swave: 1.0061396160665481e-16j, F_dwave: -0.04966637302287625j
F_px: (6.0091224226774646e-18+0j), F_py: (-8.762608158519481e-18+0j)
Free_energy = -18264.80178464532
------------------------------------------
[{'stable': {'F_dwave': np.complex128(-0.04966637302287625j)}, 'free': np.float64(-18264.80178464532)}]
------------------------------------------
  Seed: py
F_onsite: -1.3320791018536972e-16j
F_swave: 5.204170427930421e-17j, F_dwave: 0.04966637489912738j
F_px: (-1.4573555477222104e-18+0j), F_py: (9.587232989774873e-18+0j)
Free_energy = -18264.80179935124
------------------------------------------
[{'stable': {'F_dwave': np.complex128(-0.04966637302287625j)}, 'free': np.float64(-18264.80178464532)}, {'stable': {'F_dwave': np.complex128(0.04966637489912738j)}, 'free': np.float64(-18264.80179935124)}]
------------------------------------------
  Seed: px+py
F_onsite: 2.655955113062161e-17j
F_swave: 1.249000902703301e-16j, F_dwave: 0.04966637314263004j
F_px: (1.6167163299168076e-18+0j), F_py: (9.197663896179786e-18+0j)
Free_energy = -18264.801785583935
------------------------------------------
[{'stable': {'F_dwave': np.complex128(-0.04966637302287625j)}, 'free': np.float64(-18264.80178464532)}, {'stable': {'F_dwave': np.complex128(0.04966637489912738j)}, 'free': np.float64(-18264.80179935124)}]
------------------------------------------
  Seed: px+i*py
F_onsite: (-8.808277323593498e-18-7.288383652418262e-17j)
F_swave: (9.893344823930228e-18+1.1622647289044608e-16j), F_dwave: (-0.0002769047450927358+0.04966560298016789j)
F_px: (-3.721523957056494e-17-4.5102810375396984e-17j), F_py: (-2.274147016534389e-12+4.078932018536374e-10j)
Free_energy = -18264.801799351317
------------------------------------------
[{'stable': {'F_dwave': np.complex128(-0.04966637302287625j)}, 'free': np.float64(-18264.80178464532)}, {'stable': {'F_dwave': np.complex128(0.04966637489912738j)}, 'free': np.float64(-18264.80179935124)}, {'stable': {'F_dwave': np.complex128(-0.0002769047450927358+0.04966560298016789j)}, 'free': np.float64(-18264.801799351317)}]
------------------------------------------
  Seed: d-wave
F_onsite: (-5.177861617675927e-17+0j)
F_swave: (6.591949208711867e-17+0j), F_dwave: (0.0496663732311234+0j)
F_px: 1.6434866124650657e-17j, F_py: -9.218164852788413e-18j
Free_energy = -18264.801786277625
------------------------------------------
[{'stable': {'F_dwave': np.complex128(-0.04966637302287625j)}, 'free': np.float64(-18264.80178464532)}, {'stable': {'F_dwave': np.complex128(0.04966637489912738j)}, 'free': np.float64(-18264.80179935124)}, {'stable': {'F_dwave': np.complex128(-0.0002769047450927358+0.04966560298016789j)}, 'free': np.float64(-18264.801799351317)}, {'stable': {'F_dwave': np.complex128(0.0496663732311234+0j)}, 'free': np.float64(-18264.801786277625)}]
------------------------------------------
  Seed: d-wave+px
F_onsite: (-1.5237213610294315e-16-7.769368861766248e-19j)
F_swave: (6.418476861114186e-17+8.268028882514427e-19j), F_dwave: (0.04966637489912525-2.012088870990778e-17j)
F_px: (3.2774278777014665e-10+7.443964772929696e-18j), F_py: (2.42861286636753e-17-8.323774914420539e-18j)
Free_energy = -18264.80179935123
------------------------------------------
[{'stable': {'F_dwave': np.complex128(-0.04966637302287625j)}, 'free': np.float64(-18264.80178464532)}, {'stable': {'F_dwave': np.complex128(0.04966637489912738j)}, 'free': np.float64(-18264.80179935124)}, {'stable': {'F_dwave': np.complex128(-0.0002769047450927358+0.04966560298016789j)}, 'free': np.float64(-18264.801799351317)}, {'stable': {'F_dwave': np.complex128(0.0496663732311234+0j)}, 'free': np.float64(-18264.801786277625)}]
------------------------------------------
  Seed: d-wave+py
F_onsite: (-6.115312960382085e-17-2.55732031404565e-18j)
F_swave: (-5.724587470723463e-17+2.1122100303008576e-18j), F_dwave: (0.04966637384677586-1.716251971966645e-17j)
F_px: (-3.469446951953614e-18-7.243506171607643e-19j), F_py: (1.1540058839076828e-10-8.529372260678832e-18j)
Free_energy = -18264.801791102946
------------------------------------------
[{'stable': {'F_dwave': np.complex128(-0.04966637302287625j)}, 'free': np.float64(-18264.80178464532)}, {'stable': {'F_dwave': np.complex128(0.04966637489912738j)}, 'free': np.float64(-18264.80179935124)}, {'stable': {'F_dwave': np.complex128(-0.0002769047450927358+0.04966560298016789j)}, 'free': np.float64(-18264.801799351317)}, {'stable': {'F_dwave': np.complex128(0.0496663732311234+0j)}, 'free': np.float64(-18264.801786277625)}]
------------------------------------------
  Seed: s-wave
F_onsite: (-5.177861617675927e-17+0j)
F_swave: (6.591949208711867e-17+0j), F_dwave: (0.0496663732311234+0j)
F_px: 1.6434866124650657e-17j, F_py: -9.218164852788413e-18j
Free_energy = -18264.801786277625
------------------------------------------
[{'stable': {'F_dwave': np.complex128(-0.04966637302287625j)}, 'free': np.float64(-18264.80178464532)}, {'stable': {'F_dwave': np.complex128(0.04966637489912738j)}, 'free': np.float64(-18264.80179935124)}, {'stable': {'F_dwave': np.complex128(-0.0002769047450927358+0.04966560298016789j)}, 'free': np.float64(-18264.801799351317)}, {'stable': {'F_dwave': np.complex128(0.0496663732311234+0j)}, 'free': np.float64(-18264.801786277625)}]
------------------------------------------
  Seed: s-wave+px
F_onsite: (7.404519355480747e-17-8.286468329099347e-19j)
F_swave: (4.683753385137379e-17+1.0944184830305145e-18j), F_dwave: (0.04966637729314767+2.9405084495864156e-17j)
F_px: (3.1273141715137953e-10-6.325452930039512e-18j), F_py: (-1.0408340855860843e-17-8.614306042534088e-18j)
Free_energy = -18264.80181811551
------------------------------------------
[{'stable': {'F_dwave': np.complex128(-0.04966637302287625j)}, 'free': np.float64(-18264.80178464532)}, {'stable': {'F_dwave': np.complex128(0.04966637489912738j)}, 'free': np.float64(-18264.80179935124)}, {'stable': {'F_dwave': np.complex128(-0.0002769047450927358+0.04966560298016789j)}, 'free': np.float64(-18264.801799351317)}, {'stable': {'F_dwave': np.complex128(0.0496663732311234+0j)}, 'free': np.float64(-18264.801786277625)}]
------------------------------------------
  Seed: s-wave+py
F_onsite: (-4.13924443630324e-17+1.289078165401054e-18j)
F_swave: (7.28583859910259e-17-8.811030804578997e-19j), F_dwave: (-0.04966637302136937+2.0010854844229896e-17j)
F_px: (1.0408340855860843e-17-1.2184887243839e-17j), F_py: (1.843025732028991e-12+1.0185644925058633e-17j)
Free_energy = -18264.80178463348
------------------------------------------
[{'stable': {'F_dwave': np.complex128(-0.04966637302287625j)}, 'free': np.float64(-18264.80178464532)}, {'stable': {'F_dwave': np.complex128(0.04966637489912738j)}, 'free': np.float64(-18264.80179935124)}, {'stable': {'F_dwave': np.complex128(-0.0002769047450927358+0.04966560298016789j)}, 'free': np.float64(-18264.801799351317)}, {'stable': {'F_dwave': np.complex128(0.0496663732311234+0j)}, 'free': np.float64(-18264.801786277625)}, {'stable': {'F_dwave': np.complex128(-0.04966637302136937+2.0010854844229896e-17j)}, 'free': np.float64(-18264.80178463348)}]
------------------------------------------
====================================
mu=0.92, T=0.0732
====================================
  Seed: normal state
F_onsite: 0j
F_swave: 0j, F_dwave: 0j
F_px: 0j, F_py: 0j
Free_energy = -18111.79517603215
------------------------------------------
[{'stable': {}, 'free': np.float64(-18111.79517603215)}]
------------------------------------------
  Seed: px
F_onsite: -2.724479943568558e-18j
F_swave: -1.249000902703301e-16j, F_dwave: -0.04715670076455075j
F_px: (6.405379885991453e-18+0j), F_py: (-1.0159620360577578e-17+0j)
Free_energy = -18253.85796326784
------------------------------------------
[{'stable': {'F_dwave': np.complex128(-0.04715670076455075j)}, 'free': np.float64(-18253.85796326784)}]
------------------------------------------
  Seed: py
F_onsite: 2.3039600665782967e-17j
F_swave: 3.8163916471489756e-17j, F_dwave: 0.047156690969757484j
F_px: (8.44870492705553e-18+0j), F_py: (1.0764547598769216e-17+0j)
Free_energy = -18253.8578933133
------------------------------------------
[{'stable': {'F_dwave': np.complex128(-0.04715670076455075j)}, 'free': np.float64(-18253.85796326784)}, {'stable': {'F_dwave': np.complex128(0.047156690969757484j)}, 'free': np.float64(-18253.8578933133)}]
------------------------------------------
  Seed: px+py
F_onsite: -2.3409911130048903e-17j
F_swave: -5.898059818321144e-17j, F_dwave: 0.04715671117036021j
F_px: (-1.6824004972020104e-17+0j), F_py: (1.1283679510086401e-17+0j)
Free_energy = -18253.8580375864
------------------------------------------
[{'stable': {'F_dwave': np.complex128(-0.04715670076455075j)}, 'free': np.float64(-18253.85796326784)}, {'stable': {'F_dwave': np.complex128(0.047156690969757484j)}, 'free': np.float64(-18253.8578933133)}]
------------------------------------------
  Seed: px+i*py
F_onsite: (8.330840054287119e-18-3.0129278091258487e-17j)
F_swave: (-1.2630955309456127e-17-1.1102230246251565e-16j), F_dwave: (-0.0002629126267533109+0.047155978256810116j)
F_px: (-8.456776945386935e-18+3.5735303605122226e-16j), F_py: (-4.183404924557044e-14+7.505100707572154e-12j)
Free_energy = -18253.85803758648
------------------------------------------
[{'stable': {'F_dwave': np.complex128(-0.04715670076455075j)}, 'free': np.float64(-18253.85796326784)}, {'stable': {'F_dwave': np.complex128(0.047156690969757484j)}, 'free': np.float64(-18253.8578933133)}, {'stable': {'F_dwave': np.complex128(-0.0002629126267533109+0.047155978256810116j)}, 'free': np.float64(-18253.85803758648)}]
------------------------------------------
  Seed: d-wave
F_onsite: (-9.366380260823913e-17+0j)
F_swave: (-6.591949208711867e-17+0j), F_dwave: (0.04715669047148964+0j)
F_px: -4.19928701794197e-18j, F_py: -1.1070456129581879e-17j
Free_energy = -18253.85788975458
------------------------------------------
[{'stable': {'F_dwave': np.complex128(-0.04715670076455075j)}, 'free': np.float64(-18253.85796326784)}, {'stable': {'F_dwave': np.complex128(0.047156690969757484j)}, 'free': np.float64(-18253.8578933133)}, {'stable': {'F_dwave': np.complex128(-0.0002629126267533109+0.047155978256810116j)}, 'free': np.float64(-18253.85803758648)}, {'stable': {'F_dwave': np.complex128(0.04715669047148964+0j)}, 'free': np.float64(-18253.85788975458)}]
------------------------------------------
  Seed: d-wave+px
F_onsite: (-3.1570989548594834e-17+1.3433771591468472e-18j)
F_swave: (1.5612511283791264e-17+1.8644867938075456e-18j), F_dwave: (0.04715670076455811-8.282407504905304e-18j)
F_px: (4.753863969142458e-12+1.544062084375249e-17j), F_py: (5.204170427930421e-17-9.252384986841783e-18j)
Free_energy = -18253.857963267877
------------------------------------------
[{'stable': {'F_dwave': np.complex128(-0.04715670076455075j)}, 'free': np.float64(-18253.85796326784)}, {'stable': {'F_dwave': np.complex128(0.047156690969757484j)}, 'free': np.float64(-18253.8578933133)}, {'stable': {'F_dwave': np.complex128(-0.0002629126267533109+0.047155978256810116j)}, 'free': np.float64(-18253.85803758648)}, {'stable': {'F_dwave': np.complex128(0.04715669047148964+0j)}, 'free': np.float64(-18253.85788975458)}]
------------------------------------------
  Seed: d-wave+py
F_onsite: (-5.452857935171266e-17+3.713427258534446e-21j)
F_swave: (-3.469446951953614e-17+1.867863961088821e-18j), F_dwave: (0.047156691100527746-4.075690735160783e-17j)
F_px: (-6.591949208711867e-17+1.3480815763879764e-17j), F_py: (6.462816393160153e-13-9.770225196565827e-18j)
Free_energy = -18253.8578942472
------------------------------------------
[{'stable': {'F_dwave': np.complex128(-0.04715670076455075j)}, 'free': np.float64(-18253.85796326784)}, {'stable': {'F_dwave': np.complex128(0.047156690969757484j)}, 'free': np.float64(-18253.8578933133)}, {'stable': {'F_dwave': np.complex128(-0.0002629126267533109+0.047155978256810116j)}, 'free': np.float64(-18253.85803758648)}, {'stable': {'F_dwave': np.complex128(0.04715669047148964+0j)}, 'free': np.float64(-18253.85788975458)}]
------------------------------------------
  Seed: s-wave
F_onsite: (-9.366380260823913e-17+0j)
F_swave: (-6.591949208711867e-17+0j), F_dwave: (0.04715669047148964+0j)
F_px: -4.19928701794197e-18j, F_py: -1.1070456129581879e-17j
Free_energy = -18253.85788975458
------------------------------------------
[{'stable': {'F_dwave': np.complex128(-0.04715670076455075j)}, 'free': np.float64(-18253.85796326784)}, {'stable': {'F_dwave': np.complex128(0.047156690969757484j)}, 'free': np.float64(-18253.8578933133)}, {'stable': {'F_dwave': np.complex128(-0.0002629126267533109+0.047155978256810116j)}, 'free': np.float64(-18253.85803758648)}, {'stable': {'F_dwave': np.complex128(0.04715669047148964+0j)}, 'free': np.float64(-18253.85788975458)}]
------------------------------------------
  Seed: s-wave+px
F_onsite: (-1.3065258029850923e-17-5.305299035958128e-19j)
F_swave: (2.42861286636753e-17+4.463360702773569e-18j), F_dwave: (0.047156690626700776+2.3175923112206607e-17j)
F_px: (1.0889587842566328e-12+1.2569170609004412e-17j), F_py: -9.75260650061358e-18j
Free_energy = -18253.85789086314
------------------------------------------
[{'stable': {'F_dwave': np.complex128(-0.04715670076455075j)}, 'free': np.float64(-18253.85796326784)}, {'stable': {'F_dwave': np.complex128(0.047156690969757484j)}, 'free': np.float64(-18253.8578933133)}, {'stable': {'F_dwave': np.complex128(-0.0002629126267533109+0.047155978256810116j)}, 'free': np.float64(-18253.85803758648)}, {'stable': {'F_dwave': np.complex128(0.04715669047148964+0j)}, 'free': np.float64(-18253.85788975458)}]
------------------------------------------
  Seed: s-wave+py
F_onsite: (-2.5128450907174972e-17+6.261830821499518e-19j)
F_swave: (-6.245004513516506e-17+1.9840403136007776e-18j), F_dwave: (-0.04715669096975702+1.0069957991823409e-17j)
F_px: (4.163336342344337e-17-1.0810704972586267e-17j), F_py: (8.28503932126523e-15+9.767525642448699e-18j)
Free_energy = -18253.857893313296
------------------------------------------
[{'stable': {'F_dwave': np.complex128(-0.04715670076455075j)}, 'free': np.float64(-18253.85796326784)}, {'stable': {'F_dwave': np.complex128(0.047156690969757484j)}, 'free': np.float64(-18253.8578933133)}, {'stable': {'F_dwave': np.complex128(-0.0002629126267533109+0.047155978256810116j)}, 'free': np.float64(-18253.85803758648)}, {'stable': {'F_dwave': np.complex128(0.04715669047148964+0j)}, 'free': np.float64(-18253.85788975458)}, {'stable': {'F_dwave': np.complex128(-0.04715669096975702+1.0069957991823409e-17j)}, 'free': np.float64(-18253.857893313296)}]
------------------------------------------
====================================
mu=0.92, T=0.0835
====================================
  Seed: normal state
F_onsite: 0j
F_swave: 0j, F_dwave: 0j
F_px: 0j, F_py: 0j
Free_energy = -18119.59745681344
------------------------------------------
[{'stable': {}, 'free': np.float64(-18119.59745681344)}]
------------------------------------------
  Seed: px
F_onsite: 4.612152631314789e-17j
F_swave: 2.42861286636753e-17j, F_dwave: -0.04370378217859656j
F_px: (2.4483564785170402e-17+0j), F_py: (-1.1455974407441143e-17+0j)
Free_energy = -18239.97711585816
------------------------------------------
[{'stable': {'F_dwave': np.complex128(-0.04370378217859656j)}, 'free': np.float64(-18239.97711585816)}]
------------------------------------------
  Seed: py
F_onsite: -1.0652282198091729e-16j
F_swave: 4.163336342344337e-17j, F_dwave: 0.04370378577400131j
F_px: (-1.7026660230992488e-17+0j), F_py: (9.160645153130935e-18+0j)
Free_energy = -18239.977138604478
------------------------------------------
[{'stable': {'F_dwave': np.complex128(-0.04370378217859656j)}, 'free': np.float64(-18239.97711585816)}, {'stable': {'F_dwave': np.complex128(0.04370378577400131j)}, 'free': np.float64(-18239.977138604478)}]
------------------------------------------
  Seed: px+py
F_onsite: -6.97280152614088e-17j
F_swave: -3.8163916471489756e-17j, F_dwave: 0.04370379237821809j
F_px: (-1.8473654679754633e-17+0j), F_py: (1.091377633427157e-17+0j)
Free_energy = -18239.977180385933
------------------------------------------
[{'stable': {'F_dwave': np.complex128(-0.04370378217859656j)}, 'free': np.float64(-18239.97711585816)}, {'stable': {'F_dwave': np.complex128(0.04370378577400131j)}, 'free': np.float64(-18239.977138604478)}]
------------------------------------------
  Seed: px+i*py
F_onsite: (-1.7155064792796899e-18+7.237846936979932e-17j)
F_swave: (5.692061405548898e-19+1.734723475976807e-18j), F_dwave: (-0.00024366170816746247+0.04370313573087574j)
F_px: (-5.0645793982229126e-17-1.5265566588595902e-16j), F_py: (-1.020505294851981e-16+2.0070750617051658e-14j)
Free_energy = -18239.97732337096
------------------------------------------
[{'stable': {'F_dwave': np.complex128(-0.04370378217859656j)}, 'free': np.float64(-18239.97711585816)}, {'stable': {'F_dwave': np.complex128(0.04370378577400131j)}, 'free': np.float64(-18239.977138604478)}, {'stable': {'F_dwave': np.complex128(-0.00024366170816746247+0.04370313573087574j)}, 'free': np.float64(-18239.97732337096)}]
------------------------------------------
  Seed: d-wave
F_onsite: (-1.1846444982404484e-16+0j)
F_swave: (1.5959455978986625e-16+0j), F_dwave: (0.0437038005791358+0j)
F_px: 1.8871405599938402e-17j, F_py: -1.25241562775463e-17j
Free_energy = -18239.977232268728
------------------------------------------
[{'stable': {'F_dwave': np.complex128(-0.04370378217859656j)}, 'free': np.float64(-18239.97711585816)}, {'stable': {'F_dwave': np.complex128(0.04370378577400131j)}, 'free': np.float64(-18239.977138604478)}, {'stable': {'F_dwave': np.complex128(-0.00024366170816746247+0.04370313573087574j)}, 'free': np.float64(-18239.97732337096)}, {'stable': {'F_dwave': np.complex128(0.0437038005791358+0j)}, 'free': np.float64(-18239.977232268728)}]
------------------------------------------
  Seed: d-wave+px
F_onsite: (-3.1676544068028273e-17+7.549112988674236e-19j)
F_swave: (1.0928757898653885e-16+5.18882540038695e-19j), F_dwave: (0.043703782474657865-1.2482253877918081e-17j)
F_px: (1.2212453270876722e-15+1.2152559744884299e-17j), F_py: (3.469446951953614e-18-1.1149955837899854e-17j)
Free_energy = -18239.977117731178
------------------------------------------
[{'stable': {'F_dwave': np.complex128(-0.04370378217859656j)}, 'free': np.float64(-18239.97711585816)}, {'stable': {'F_dwave': np.complex128(0.04370378577400131j)}, 'free': np.float64(-18239.977138604478)}, {'stable': {'F_dwave': np.complex128(-0.00024366170816746247+0.04370313573087574j)}, 'free': np.float64(-18239.97732337096)}, {'stable': {'F_dwave': np.complex128(0.0437038005791358+0j)}, 'free': np.float64(-18239.977232268728)}]
------------------------------------------
  Seed: d-wave+py
F_onsite: (-1.0754851259504979e-16+9.100350668896335e-19j)
F_swave: (5.551115123125783e-17-2.7932632191309717e-18j), F_dwave: (0.04370378577400133-3.458159751962841e-17j)
F_px: (-1.734723475976807e-17+9.830871987527898e-18j), F_py: (2.0122792321330962e-16-1.0057904982811402e-17j)
Free_energy = -18239.97713860448
------------------------------------------
[{'stable': {'F_dwave': np.complex128(-0.04370378217859656j)}, 'free': np.float64(-18239.97711585816)}, {'stable': {'F_dwave': np.complex128(0.04370378577400131j)}, 'free': np.float64(-18239.977138604478)}, {'stable': {'F_dwave': np.complex128(-0.00024366170816746247+0.04370313573087574j)}, 'free': np.float64(-18239.97732337096)}, {'stable': {'F_dwave': np.complex128(0.0437038005791358+0j)}, 'free': np.float64(-18239.977232268728)}]
------------------------------------------
  Seed: s-wave
F_onsite: (-1.1846444982404484e-16+0j)
F_swave: (1.5959455978986625e-16+0j), F_dwave: (0.0437038005791358+0j)
F_px: 1.8871405599938402e-17j, F_py: -1.25241562775463e-17j
Free_energy = -18239.977232268728
------------------------------------------
[{'stable': {'F_dwave': np.complex128(-0.04370378217859656j)}, 'free': np.float64(-18239.97711585816)}, {'stable': {'F_dwave': np.complex128(0.04370378577400131j)}, 'free': np.float64(-18239.977138604478)}, {'stable': {'F_dwave': np.complex128(-0.00024366170816746247+0.04370313573087574j)}, 'free': np.float64(-18239.97732337096)}, {'stable': {'F_dwave': np.complex128(0.0437038005791358+0j)}, 'free': np.float64(-18239.977232268728)}]
------------------------------------------
  Seed: s-wave+px
F_onsite: (-1.937578549162024e-17-1.123115141210231e-18j)
F_swave: (-6.938893903907228e-17+2.71506543967839e-19j), F_dwave: (0.04370379731957262+7.673326192344104e-18j)
F_px: (9.957312752106873e-16+1.684970287545678e-17j), F_py: (6.938893903907228e-17-1.0276843088259821e-17j)
Free_energy = -18239.97721164733
------------------------------------------
[{'stable': {'F_dwave': np.complex128(-0.04370378217859656j)}, 'free': np.float64(-18239.97711585816)}, {'stable': {'F_dwave': np.complex128(0.04370378577400131j)}, 'free': np.float64(-18239.977138604478)}, {'stable': {'F_dwave': np.complex128(-0.00024366170816746247+0.04370313573087574j)}, 'free': np.float64(-18239.97732337096)}, {'stable': {'F_dwave': np.complex128(0.0437038005791358+0j)}, 'free': np.float64(-18239.977232268728)}]
------------------------------------------
  Seed: s-wave+py
F_onsite: (1.0256866724709577e-16+1.888656417283184e-18j)
F_swave: (-3.642919299551295e-17-1.973585385240409e-18j), F_dwave: (-0.04370378577400131+5.7842349166875064e-18j)
F_px: (3.469446951953614e-18-1.6296051076072462e-17j), F_py: (-2.42861286636753e-17+9.348692068616708e-18j)
Free_energy = -18239.977138604478
------------------------------------------
[{'stable': {'F_dwave': np.complex128(-0.04370378217859656j)}, 'free': np.float64(-18239.97711585816)}, {'stable': {'F_dwave': np.complex128(0.04370378577400131j)}, 'free': np.float64(-18239.977138604478)}, {'stable': {'F_dwave': np.complex128(-0.00024366170816746247+0.04370313573087574j)}, 'free': np.float64(-18239.97732337096)}, {'stable': {'F_dwave': np.complex128(0.0437038005791358+0j)}, 'free': np.float64(-18239.977232268728)}, {'stable': {'F_dwave': np.complex128(-0.04370378577400131+5.7842349166875064e-18j)}, 'free': np.float64(-18239.977138604478)}]
------------------------------------------
====================================
mu=0.92, T=0.0938
====================================
  Seed: normal state
F_onsite: 0j
F_swave: 0j, F_dwave: 0j
F_px: 0j, F_py: 0j
Free_energy = -18128.44467104867
------------------------------------------
[{'stable': {}, 'free': np.float64(-18128.44467104867)}]
------------------------------------------
  Seed: px
F_onsite: 7.587888562860003e-17j
F_swave: -3.122502256758253e-17j, F_dwave: -0.03903911974485191j
F_px: (8.375711901188242e-18+0j), F_py: (-1.16985372638565e-17+0j)
Free_energy = -18223.23851519287
------------------------------------------
[{'stable': {'F_dwave': np.complex128(-0.03903911974485191j)}, 'free': np.float64(-18223.23851519287)}]
------------------------------------------
  Seed: py
F_onsite: 1.250318402895751e-17j
F_swave: -2.5326962749261384e-16j, F_dwave: 0.03903915152262141j
F_px: (-5.8600135012901604e-18+0j), F_py: (1.1695482485854341e-17+0j)
Free_energy = -18223.238686439538
------------------------------------------
[{'stable': {'F_dwave': np.complex128(-0.03903911974485191j)}, 'free': np.float64(-18223.23851519287)}, {'stable': {'F_dwave': np.complex128(0.03903915152262141j)}, 'free': np.float64(-18223.238686439538)}]
------------------------------------------
  Seed: px+py
F_onsite: 4.430692035105561e-17j
F_swave: -1.214306433183765e-16j, F_dwave: 0.039039166772119674j
F_px: (-4.175140581916744e-18+0j), F_py: (1.2130818956844568e-17+0j)
Free_energy = -18223.238768617248
------------------------------------------
[{'stable': {'F_dwave': np.complex128(-0.03903911974485191j)}, 'free': np.float64(-18223.23851519287)}, {'stable': {'F_dwave': np.complex128(0.03903915152262141j)}, 'free': np.float64(-18223.238686439538)}]
------------------------------------------
  Seed: px+i*py
F_onsite: (-1.8185944072861586e-18-2.5540748240320204e-17j)
F_swave: (-9.954331196132538e-18+4.163336342344337e-17j), F_dwave: (-0.00021765462172701998+0.03903850772173838j)
F_px: (1.497554250745603e-17+1.214306433183765e-16j), F_py: (1.1939776424496618e-17-6.938893903907228e-18j)
Free_energy = -18223.23848677216
------------------------------------------
[{'stable': {'F_dwave': np.complex128(-0.03903911974485191j)}, 'free': np.float64(-18223.23851519287)}, {'stable': {'F_dwave': np.complex128(0.03903915152262141j)}, 'free': np.float64(-18223.238686439538)}, {'stable': {'F_dwave': np.complex128(-0.00021765462172701998+0.03903850772173838j)}, 'free': np.float64(-18223.23848677216)}]
------------------------------------------
  Seed: d-wave
F_onsite: (1.953730131062062e-17+0j)
F_swave: (2.0816681711721685e-17+0j), F_dwave: (0.03903915152274962+0j)
F_px: 1.7044404661295443e-17j, F_py: -1.208925189029286e-17j
Free_energy = -18223.238686440185
------------------------------------------
[{'stable': {'F_dwave': np.complex128(-0.03903911974485191j)}, 'free': np.float64(-18223.23851519287)}, {'stable': {'F_dwave': np.complex128(0.03903915152262141j)}, 'free': np.float64(-18223.238686439538)}, {'stable': {'F_dwave': np.complex128(-0.00021765462172701998+0.03903850772173838j)}, 'free': np.float64(-18223.23848677216)}, {'stable': {'F_dwave': np.complex128(0.03903915152274962+0j)}, 'free': np.float64(-18223.238686440185)}]
------------------------------------------
  Seed: d-wave+px
F_onsite: (-5.11852721002575e-17-2.9248306281582133e-19j)
F_swave: (1.457167719820518e-16-6.553239005851361e-19j), F_dwave: (0.039039122056329825-6.2681240979000284e-18j)
F_px: 5.3605728778618754e-18j, F_py: -1.2070931630593071e-17j
Free_energy = -18223.238527649082
------------------------------------------
[{'stable': {'F_dwave': np.complex128(-0.03903911974485191j)}, 'free': np.float64(-18223.23851519287)}, {'stable': {'F_dwave': np.complex128(0.03903915152262141j)}, 'free': np.float64(-18223.238686439538)}, {'stable': {'F_dwave': np.complex128(-0.00021765462172701998+0.03903850772173838j)}, 'free': np.float64(-18223.23848677216)}, {'stable': {'F_dwave': np.complex128(0.03903915152274962+0j)}, 'free': np.float64(-18223.238686440185)}]
------------------------------------------
  Seed: d-wave+py
F_onsite: (4.022363898787736e-17-1.9004496208590207e-19j)
F_swave: (-2.5673907444456745e-16+8.848156769133118e-19j), F_dwave: (0.039039127774647714-1.1217078339283658e-18j)
F_px: -7.528268072116443e-19j, F_py: -1.0079019586843105e-17j
Free_energy = -18223.238558464287
------------------------------------------
[{'stable': {'F_dwave': np.complex128(-0.03903911974485191j)}, 'free': np.float64(-18223.23851519287)}, {'stable': {'F_dwave': np.complex128(0.03903915152262141j)}, 'free': np.float64(-18223.238686439538)}, {'stable': {'F_dwave': np.complex128(-0.00021765462172701998+0.03903850772173838j)}, 'free': np.float64(-18223.23848677216)}, {'stable': {'F_dwave': np.complex128(0.03903915152274962+0j)}, 'free': np.float64(-18223.238686440185)}]
------------------------------------------
  Seed: s-wave
F_onsite: (1.953730131062062e-17+0j)
F_swave: (2.0816681711721685e-17+0j), F_dwave: (0.03903915152274962+0j)
F_px: 1.7044404661295443e-17j, F_py: -1.208925189029286e-17j
Free_energy = -18223.238686440185
------------------------------------------
[{'stable': {'F_dwave': np.complex128(-0.03903911974485191j)}, 'free': np.float64(-18223.23851519287)}, {'stable': {'F_dwave': np.complex128(0.03903915152262141j)}, 'free': np.float64(-18223.238686439538)}, {'stable': {'F_dwave': np.complex128(-0.00021765462172701998+0.03903850772173838j)}, 'free': np.float64(-18223.23848677216)}, {'stable': {'F_dwave': np.complex128(0.03903915152274962+0j)}, 'free': np.float64(-18223.238686440185)}]
------------------------------------------
  Seed: s-wave+px
F_onsite: (4.793881489546711e-17-7.610147751611549e-20j)
F_swave: (4.683753385137379e-17-1.0517447426222655e-18j), F_dwave: (0.039039145358525304+6.28519178076793e-18j)
F_px: (3.469446951953614e-18+2.1656277253536223e-17j), F_py: (2.42861286636753e-17-1.0393285152493757e-17j)
Free_energy = -18223.23865322187
------------------------------------------
[{'stable': {'F_dwave': np.complex128(-0.03903911974485191j)}, 'free': np.float64(-18223.23851519287)}, {'stable': {'F_dwave': np.complex128(0.03903915152262141j)}, 'free': np.float64(-18223.238686439538)}, {'stable': {'F_dwave': np.complex128(-0.00021765462172701998+0.03903850772173838j)}, 'free': np.float64(-18223.23848677216)}, {'stable': {'F_dwave': np.complex128(0.03903915152274962+0j)}, 'free': np.float64(-18223.238686440185)}]
------------------------------------------
  Seed: s-wave+py
F_onsite: (-8.98263716748282e-18+0j)
F_swave: (2.5673907444456745e-16+0j), F_dwave: (-0.039039151522621406+0j)
F_px: -1.8454290795205073e-17j, F_py: 1.1835365344881959e-17j
Free_energy = -18223.238686439538
------------------------------------------
[{'stable': {'F_dwave': np.complex128(-0.03903911974485191j)}, 'free': np.float64(-18223.23851519287)}, {'stable': {'F_dwave': np.complex128(0.03903915152262141j)}, 'free': np.float64(-18223.238686439538)}, {'stable': {'F_dwave': np.complex128(-0.00021765462172701998+0.03903850772173838j)}, 'free': np.float64(-18223.23848677216)}, {'stable': {'F_dwave': np.complex128(0.03903915152274962+0j)}, 'free': np.float64(-18223.238686440185)}, {'stable': {'F_dwave': np.complex128(-0.039039151522621406+0j)}, 'free': np.float64(-18223.238686439538)}]
------------------------------------------
====================================
mu=0.92, T=0.1041
====================================
  Seed: normal state
F_onsite: 0j
F_swave: 0j, F_dwave: 0j
F_px: 0j, F_py: 0j
Free_energy = -18138.344651213483
------------------------------------------
[{'stable': {}, 'free': np.float64(-18138.344651213483)}]
------------------------------------------
  Seed: px
F_onsite: 3.827728653752382e-18j
F_swave: 1.734723475976807e-17j, F_dwave: -0.03264056591777813j
F_px: (9.677753638953235e-18+0j), F_py: (-1.2721803728952213e-17+0j)
Free_energy = -18203.766332542804
------------------------------------------
[{'stable': {'F_dwave': np.complex128(-0.03264056591777813j)}, 'free': np.float64(-18203.766332542804)}]
------------------------------------------
  Seed: py
F_onsite: -2.1075635565565086e-17j
F_swave: 1.3877787807814457e-17j, F_dwave: 0.03264050177933194j
F_px: (-1.7467600188844923e-17+0j), F_py: (1.3059593271845899e-17+0j)
Free_energy = -18203.766057254583
------------------------------------------
[{'stable': {'F_dwave': np.complex128(-0.03264056591777813j)}, 'free': np.float64(-18203.766332542804)}, {'stable': {'F_dwave': np.complex128(0.03264050177933194j)}, 'free': np.float64(-18203.766057254583)}]
------------------------------------------
  Seed: px+py
F_onsite: -4.9449826474097907e-17j
F_swave: -1.734723475976807e-17j, F_dwave: 0.032640509195743524j
F_px: (-9.255970625697267e-18+0j), F_py: (1.2787915312229901e-17+0j)
Free_energy = -18203.766089086475
------------------------------------------
[{'stable': {'F_dwave': np.complex128(-0.03264056591777813j)}, 'free': np.float64(-18203.766332542804)}, {'stable': {'F_dwave': np.complex128(0.03264050177933194j)}, 'free': np.float64(-18203.766057254583)}]
------------------------------------------
  Seed: px+i*py
F_onsite: (-7.42185955735288e-18+1.2576659174048146e-17j)
F_swave: (2.6786569923969994e-17+4.85722573273506e-17j), F_dwave: (-0.00018198031285598734+0.032639967818133074j)
F_px: (-8.700722434196173e-18+2.42861286636753e-17j), F_py: (1.4352126258276865e-17-3.469446951953614e-17j)
Free_energy = -18203.76594282663
------------------------------------------
[{'stable': {'F_dwave': np.complex128(-0.03264056591777813j)}, 'free': np.float64(-18203.766332542804)}, {'stable': {'F_dwave': np.complex128(0.03264050177933194j)}, 'free': np.float64(-18203.766057254583)}, {'stable': {'F_dwave': np.complex128(-0.00018198031285598734+0.032639967818133074j)}, 'free': np.float64(-18203.76594282663)}]
------------------------------------------
  Seed: d-wave
F_onsite: (1.321645029063341e-17+0j)
F_swave: (-6.938893903907228e-18+0j), F_dwave: (0.03264051344537474+0j)
F_px: 1.7277071645850098e-17j, F_py: -1.0708414685134867e-17j
Free_energy = -18203.766107326348
------------------------------------------
[{'stable': {'F_dwave': np.complex128(-0.03264056591777813j)}, 'free': np.float64(-18203.766332542804)}, {'stable': {'F_dwave': np.complex128(0.03264050177933194j)}, 'free': np.float64(-18203.766057254583)}, {'stable': {'F_dwave': np.complex128(-0.00018198031285598734+0.032639967818133074j)}, 'free': np.float64(-18203.76594282663)}, {'stable': {'F_dwave': np.complex128(0.03264051344537474+0j)}, 'free': np.float64(-18203.766107326348)}]
------------------------------------------
  Seed: d-wave+px
F_onsite: (-5.869677100834857e-17-3.3659180610566313e-19j)
F_swave: (-3.8163916471489756e-17-4.712642854146431e-19j), F_dwave: (0.032640549008637075-4.94388362422868e-18j)
F_px: (3.469446951953614e-18+1.0245375211647203e-17j), F_py: -1.2673551388689851e-17j
Free_energy = -18203.766259967124
------------------------------------------
[{'stable': {'F_dwave': np.complex128(-0.03264056591777813j)}, 'free': np.float64(-18203.766332542804)}, {'stable': {'F_dwave': np.complex128(0.03264050177933194j)}, 'free': np.float64(-18203.766057254583)}, {'stable': {'F_dwave': np.complex128(-0.00018198031285598734+0.032639967818133074j)}, 'free': np.float64(-18203.76594282663)}, {'stable': {'F_dwave': np.complex128(0.03264051344537474+0j)}, 'free': np.float64(-18203.766107326348)}]
------------------------------------------
  Seed: d-wave+py
F_onsite: (-4.3760213523162165e-17+0j)
F_swave: (6.591949208711867e-17+0j), F_dwave: (0.032640478356109705+0j)
F_px: 1.965073248462244e-17j, F_py: -1.3026968441306195e-17j
Free_energy = -18203.76595671998
------------------------------------------
[{'stable': {'F_dwave': np.complex128(-0.03264056591777813j)}, 'free': np.float64(-18203.766332542804)}, {'stable': {'F_dwave': np.complex128(0.03264050177933194j)}, 'free': np.float64(-18203.766057254583)}, {'stable': {'F_dwave': np.complex128(-0.00018198031285598734+0.032639967818133074j)}, 'free': np.float64(-18203.76594282663)}, {'stable': {'F_dwave': np.complex128(0.03264051344537474+0j)}, 'free': np.float64(-18203.766107326348)}]
------------------------------------------
  Seed: s-wave
F_onsite: (1.321645029063341e-17+0j)
F_swave: (-6.938893903907228e-18+0j), F_dwave: (0.03264051344537474+0j)
F_px: 1.7277071645850098e-17j, F_py: -1.0708414685134867e-17j
Free_energy = -18203.766107326348
------------------------------------------
[{'stable': {'F_dwave': np.complex128(-0.03264056591777813j)}, 'free': np.float64(-18203.766332542804)}, {'stable': {'F_dwave': np.complex128(0.03264050177933194j)}, 'free': np.float64(-18203.766057254583)}, {'stable': {'F_dwave': np.complex128(-0.00018198031285598734+0.032639967818133074j)}, 'free': np.float64(-18203.76594282663)}, {'stable': {'F_dwave': np.complex128(0.03264051344537474+0j)}, 'free': np.float64(-18203.766107326348)}]
------------------------------------------
  Seed: s-wave+px
F_onsite: (-3.126841977123951e-17+0j)
F_swave: (3.469446951953614e-18+0j), F_dwave: (0.0326404674732215+0j)
F_px: 1.450159831195308e-17j, F_py: -1.1570121609660705e-17j
Free_energy = -18203.765910009653
------------------------------------------
[{'stable': {'F_dwave': np.complex128(-0.03264056591777813j)}, 'free': np.float64(-18203.766332542804)}, {'stable': {'F_dwave': np.complex128(0.03264050177933194j)}, 'free': np.float64(-18203.766057254583)}, {'stable': {'F_dwave': np.complex128(-0.00018198031285598734+0.032639967818133074j)}, 'free': np.float64(-18203.76594282663)}, {'stable': {'F_dwave': np.complex128(0.03264051344537474+0j)}, 'free': np.float64(-18203.766107326348)}]
------------------------------------------
  Seed: s-wave+py
F_onsite: (-1.508615640768907e-17+0j)
F_swave: 0j, F_dwave: (-0.032640513445374754+0j)
F_px: -1.8776590657345668e-17j, F_py: 1.1583207813746447e-17j
Free_energy = -18203.766107326348
------------------------------------------
[{'stable': {'F_dwave': np.complex128(-0.03264056591777813j)}, 'free': np.float64(-18203.766332542804)}, {'stable': {'F_dwave': np.complex128(0.03264050177933194j)}, 'free': np.float64(-18203.766057254583)}, {'stable': {'F_dwave': np.complex128(-0.00018198031285598734+0.032639967818133074j)}, 'free': np.float64(-18203.76594282663)}, {'stable': {'F_dwave': np.complex128(0.03264051344537474+0j)}, 'free': np.float64(-18203.766107326348)}, {'stable': {'F_dwave': np.complex128(-0.032640513445374754+0j)}, 'free': np.float64(-18203.766107326348)}]
------------------------------------------
====================================
mu=0.92, T=0.1144
====================================
  Seed: normal state
F_onsite: 0j
F_swave: 0j, F_dwave: 0j
F_px: 0j, F_py: 0j
Free_energy = -18149.306497340483
------------------------------------------
[{'stable': {}, 'free': np.float64(-18149.306497340483)}]
------------------------------------------
  Seed: px
F_onsite: 9.329212609252738e-18j
F_swave: -5.204170427930421e-18j, F_dwave: -0.023113642551257158j
F_px: (1.1769594146426336e-17+0j), F_py: (-1.5481718312514992e-17+0j)
Free_energy = -18181.70562454673
------------------------------------------
[{'stable': {'F_dwave': np.complex128(-0.023113642551257158j)}, 'free': np.float64(-18181.70562454673)}]
------------------------------------------
  Seed: py
F_onsite: -2.8281385379707434e-17j
F_swave: -5.204170427930421e-18j, F_dwave: 0.023113633214679706j
F_px: (-1.6573384859450598e-17+0j), F_py: (1.634078642748921e-17+0j)
Free_energy = -18181.705597517135
------------------------------------------
[{'stable': {'F_dwave': np.complex128(-0.023113642551257158j)}, 'free': np.float64(-18181.70562454673)}, {'stable': {'F_dwave': np.complex128(0.023113633214679706j)}, 'free': np.float64(-18181.705597517135)}]
------------------------------------------
  Seed: px+py
F_onsite: 3.544300510817008e-17j
F_swave: -6.938893903907228e-18j, F_dwave: 0.02311352747155292j
F_px: (-1.1433894216856324e-17+0j), F_py: (1.6465601261080984e-17+0j)
Free_energy = -18181.705291388218
------------------------------------------
[{'stable': {'F_dwave': np.complex128(-0.023113642551257158j)}, 'free': np.float64(-18181.70562454673)}, {'stable': {'F_dwave': np.complex128(0.023113633214679706j)}, 'free': np.float64(-18181.705597517135)}]
------------------------------------------
  Seed: px+i*py
F_onsite: (6.965337032783565e-20+2.1952032597384406e-17j)
F_swave: (-4.594306705907325e-18+2.2551405187698492e-17j), F_dwave: (-0.00012886529870403097+0.023113265037089617j)
F_px: (-1.554474864801092e-17-5.551115123125783e-17j), F_py: (1.5937771935536915e-17-6.938893903907228e-18j)
Free_energy = -18181.70557162472
------------------------------------------
[{'stable': {'F_dwave': np.complex128(-0.023113642551257158j)}, 'free': np.float64(-18181.70562454673)}, {'stable': {'F_dwave': np.complex128(0.023113633214679706j)}, 'free': np.float64(-18181.705597517135)}, {'stable': {'F_dwave': np.complex128(-0.00012886529870403097+0.023113265037089617j)}, 'free': np.float64(-18181.70557162472)}]
------------------------------------------
  Seed: d-wave
F_onsite: (-2.159894228111002e-17+0j)
F_swave: (4.5102810375396984e-17+0j), F_dwave: (0.02311363321483506+0j)
F_px: 9.656701116881936e-18j, F_py: -1.662727557296085e-17j
Free_energy = -18181.705597517517
------------------------------------------
[{'stable': {'F_dwave': np.complex128(-0.023113642551257158j)}, 'free': np.float64(-18181.70562454673)}, {'stable': {'F_dwave': np.complex128(0.023113633214679706j)}, 'free': np.float64(-18181.705597517135)}, {'stable': {'F_dwave': np.complex128(-0.00012886529870403097+0.023113265037089617j)}, 'free': np.float64(-18181.70557162472)}, {'stable': {'F_dwave': np.complex128(0.02311363321483506+0j)}, 'free': np.float64(-18181.705597517517)}]
------------------------------------------
  Seed: d-wave+px
F_onsite: (1.2826899507318913e-17+0j)
F_swave: (3.9898639947466563e-17+0j), F_dwave: (0.023113624271921804+0j)
F_px: 8.885085638194122e-18j, F_py: -1.6665918762842338e-17j
Free_energy = -18181.70557162745
------------------------------------------
[{'stable': {'F_dwave': np.complex128(-0.023113642551257158j)}, 'free': np.float64(-18181.70562454673)}, {'stable': {'F_dwave': np.complex128(0.023113633214679706j)}, 'free': np.float64(-18181.705597517135)}, {'stable': {'F_dwave': np.complex128(-0.00012886529870403097+0.023113265037089617j)}, 'free': np.float64(-18181.70557162472)}, {'stable': {'F_dwave': np.complex128(0.02311363321483506+0j)}, 'free': np.float64(-18181.705597517517)}]
------------------------------------------
  Seed: d-wave+py
F_onsite: (2.8774506620339084e-17+0j)
F_swave: (-2.2551405187698492e-17+0j), F_dwave: (0.02311364255003915+0j)
F_px: 2.128573023876924e-17j, F_py: -1.6170644060883483e-17j
Free_energy = -18181.705624543232
------------------------------------------
[{'stable': {'F_dwave': np.complex128(-0.023113642551257158j)}, 'free': np.float64(-18181.70562454673)}, {'stable': {'F_dwave': np.complex128(0.023113633214679706j)}, 'free': np.float64(-18181.705597517135)}, {'stable': {'F_dwave': np.complex128(-0.00012886529870403097+0.023113265037089617j)}, 'free': np.float64(-18181.70557162472)}, {'stable': {'F_dwave': np.complex128(0.02311363321483506+0j)}, 'free': np.float64(-18181.705597517517)}]
------------------------------------------
  Seed: s-wave
F_onsite: (-2.159894228111002e-17+0j)
F_swave: (4.5102810375396984e-17+0j), F_dwave: (0.02311363321483506+0j)
F_px: 9.656701116881936e-18j, F_py: -1.662727557296085e-17j
Free_energy = -18181.705597517517
------------------------------------------
[{'stable': {'F_dwave': np.complex128(-0.023113642551257158j)}, 'free': np.float64(-18181.70562454673)}, {'stable': {'F_dwave': np.complex128(0.023113633214679706j)}, 'free': np.float64(-18181.705597517135)}, {'stable': {'F_dwave': np.complex128(-0.00012886529870403097+0.023113265037089617j)}, 'free': np.float64(-18181.70557162472)}, {'stable': {'F_dwave': np.complex128(0.02311363321483506+0j)}, 'free': np.float64(-18181.705597517517)}]
------------------------------------------
  Seed: s-wave+px
F_onsite: (-1.6158412437768085e-17+0j)
F_swave: (1.734723475976807e-18+0j), F_dwave: (0.023113571351352585+0j)
F_px: 1.2361136386568054e-17j, F_py: -1.752797723912851e-17j
Free_energy = -18181.70541842094
------------------------------------------
[{'stable': {'F_dwave': np.complex128(-0.023113642551257158j)}, 'free': np.float64(-18181.70562454673)}, {'stable': {'F_dwave': np.complex128(0.023113633214679706j)}, 'free': np.float64(-18181.705597517135)}, {'stable': {'F_dwave': np.complex128(-0.00012886529870403097+0.023113265037089617j)}, 'free': np.float64(-18181.70557162472)}, {'stable': {'F_dwave': np.complex128(0.02311363321483506+0j)}, 'free': np.float64(-18181.705597517517)}]
------------------------------------------
  Seed: s-wave+py
F_onsite: (1.4473179177840325e-20+0j)
F_swave: (5.0306980803327406e-17+0j), F_dwave: (-0.023113518661431104+0j)
F_px: -4.4062016470109155e-18j, F_py: 1.5227862786377062e-17j
Free_energy = -18181.705265882527
------------------------------------------
[{'stable': {'F_dwave': np.complex128(-0.023113642551257158j)}, 'free': np.float64(-18181.70562454673)}, {'stable': {'F_dwave': np.complex128(0.023113633214679706j)}, 'free': np.float64(-18181.705597517135)}, {'stable': {'F_dwave': np.complex128(-0.00012886529870403097+0.023113265037089617j)}, 'free': np.float64(-18181.70557162472)}, {'stable': {'F_dwave': np.complex128(0.02311363321483506+0j)}, 'free': np.float64(-18181.705597517517)}, {'stable': {'F_dwave': np.complex128(-0.023113518661431104+0j)}, 'free': np.float64(-18181.705265882527)}]
------------------------------------------
====================================
mu=0.92, T=0.1247
====================================
  Seed: normal state
F_onsite: 0j
F_swave: 0j, F_dwave: 0j
F_px: 0j, F_py: 0j
Free_energy = -18161.340291392848
------------------------------------------
[{'stable': {}, 'free': np.float64(-18161.340291392848)}]
------------------------------------------
  Seed: px
==================================================
WARNING: Failed to converge after 5000 iterations
==================================================
F_onsite: -7.6788251193566e-20j
F_swave: 6.162330127397546e-20j, F_dwave: -1.8830544201665878e-08j
F_px: (3.016128002463085e-20+0j), F_py: (-4.819892406146819e-20+0j)
Free_energy = -18161.34029139287
------------------------------------------
[{'stable': {}, 'free': np.float64(-18161.340291392848)}, {'stable': {'F_dwave': np.complex128(-1.8830544201665878e-08j)}, 'free': np.float64(-18161.34029139287)}]
------------------------------------------
  Seed: py
