/home/emilssp/D1/venv/bin/python
Python 3.10.12
Running job 15 out of 45
====================================
mu=1.53, T=0.0010
====================================
  Seed: normal state
F_onsite: 0j
F_swave: 0j, F_dwave: 0j
F_px: 0j, F_py: 0j
Free_energy = -20813.465618879138
------------------------------------------
[{'stable': {}, 'free': np.float64(-20813.465618879138)}]
------------------------------------------
  Seed: px
F_onsite: 8.939691604440293e-18j
F_swave: 6.8290178487805846e-18j, F_dwave: -1.181813455233702e-17j
F_px: (0.03092962350003669+0j), F_py: (5.195852299690588e-19+0j)
Free_energy = -20845.380804687087
------------------------------------------
[{'stable': {'F_px': np.complex128(0.03092962350003669+0j)}, 'free': np.float64(-20845.380804687087)}]
------------------------------------------
  Seed: py
F_onsite: -6.0680778596808034e-18j
F_swave: 2.9225151309335523e-18j, F_dwave: 1.1181404004018201e-17j
F_px: (-5.417842760681444e-19+0j), F_py: (0.03092962350003649+0j)
Free_energy = -20845.380804686905
------------------------------------------
[{'stable': {'F_px': np.complex128(0.03092962350003669+0j)}, 'free': np.float64(-20845.380804687087)}, {'stable': {'F_py': np.complex128(0.03092962350003649+0j)}, 'free': np.float64(-20845.380804686905)}]
------------------------------------------
  Seed: px+py
F_onsite: -2.6426077995574484e-17j
F_swave: 1.1999942233531275e-17j, F_dwave: 8.226807500207392e-19j
F_px: (0.01928020187525636+0j), F_py: (0.01928020187527233+0j)
Free_energy = -20838.234223733427
------------------------------------------
[{'stable': {'F_px': np.complex128(0.03092962350003669+0j)}, 'free': np.float64(-20845.380804687087)}, {'stable': {'F_py': np.complex128(0.03092962350003649+0j)}, 'free': np.float64(-20845.380804686905)}]
------------------------------------------
  Seed: px+i*py
F_onsite: (6.7754959544259535e-18-9.931355427438265e-18j)
F_swave: (-3.476507765662367e-19+2.6020852139652106e-18j), F_dwave: (-8.325966603317799e-18+8.673617379884035e-19j)
F_px: (0.024030102514117753+9.868602197447542e-18j), F_py: (8.155623645413529e-18+0.02403010251411837j)
Free_energy = -20851.980654521885
------------------------------------------
[{'stable': {'F_px': np.complex128(0.024030102514117753+9.868602197447542e-18j), 'F_py': np.complex128(8.155623645413529e-18+0.02403010251411837j)}, 'free': np.float64(-20851.980654521885)}]
------------------------------------------
  Seed: d-wave
F_onsite: (1.980362228716779e-17+0j)
F_swave: (-3.5128150388530344e-17+0j), F_dwave: (0.0074669382501627015+0j)
F_px: 8.63940507602897e-11j, F_py: -1.0794652678074539e-10j
Free_energy = -20816.971550136386
------------------------------------------
[{'stable': {'F_px': np.complex128(0.024030102514117753+9.868602197447542e-18j), 'F_py': np.complex128(8.155623645413529e-18+0.02403010251411837j)}, 'free': np.float64(-20851.980654521885)}]
------------------------------------------
  Seed: d-wave+px
F_onsite: (-2.8713490469634722e-18-1.8032669702554012e-17j)
F_swave: (7.127947687267448e-19-8.673617379884035e-18j), F_dwave: (4.4913756592036765e-18-1.3877787807814457e-17j)
F_px: (0.02403019959884016+1.027617592282059e-16j), F_py: (9.758546809564097e-17-0.024029985636197272j)
Free_energy = -20851.9806171692
------------------------------------------
[{'stable': {'F_px': np.complex128(0.024030102514117753+9.868602197447542e-18j), 'F_py': np.complex128(8.155623645413529e-18+0.02403010251411837j)}, 'free': np.float64(-20851.980654521885)}, {'stable': {'F_px': np.complex128(0.02403019959884016+1.027617592282059e-16j), 'F_py': np.complex128(9.758546809564097e-17-0.024029985636197272j)}, 'free': np.float64(-20851.9806171692)}]
------------------------------------------
  Seed: d-wave+py
F_onsite: (4.6905905292084975e-18-6.018433788037821e-19j)
F_swave: (-6.418476861114186e-17-5.301241727174744e-18j), F_dwave: (1.0408340855860843e-16-1.6376521767324842e-18j)
F_px: (9.181391794194817e-17+0.02402997441069042j), F_py: (0.024030210824078364-6.255029942540648e-17j)
Free_energy = -20851.980617169007
------------------------------------------
[{'stable': {'F_px': np.complex128(0.024030102514117753+9.868602197447542e-18j), 'F_py': np.complex128(8.155623645413529e-18+0.02403010251411837j)}, 'free': np.float64(-20851.980654521885)}, {'stable': {'F_px': np.complex128(0.02403019959884016+1.027617592282059e-16j), 'F_py': np.complex128(9.758546809564097e-17-0.024029985636197272j)}, 'free': np.float64(-20851.9806171692)}, {'stable': {'F_px': np.complex128(9.181391794194817e-17+0.02402997441069042j), 'F_py': np.complex128(0.024030210824078364-6.255029942540648e-17j)}, 'free': np.float64(-20851.980617169007)}]
------------------------------------------
  Seed: s-wave
F_onsite: (-1.8150367577552957e-17+0j)
F_swave: (1.318961324283974e-17+0j), F_dwave: (-3.648978232102123e-18+0j)
F_px: -0.030929591537945385j, F_py: -6.601730784891429e-17j
Free_energy = -20845.38072703322
------------------------------------------
[{'stable': {'F_px': np.complex128(0.024030102514117753+9.868602197447542e-18j), 'F_py': np.complex128(8.155623645413529e-18+0.02403010251411837j)}, 'free': np.float64(-20851.980654521885)}, {'stable': {'F_px': np.complex128(0.02403019959884016+1.027617592282059e-16j), 'F_py': np.complex128(9.758546809564097e-17-0.024029985636197272j)}, 'free': np.float64(-20851.9806171692)}, {'stable': {'F_px': np.complex128(9.181391794194817e-17+0.02402997441069042j), 'F_py': np.complex128(0.024030210824078364-6.255029942540648e-17j)}, 'free': np.float64(-20851.980617169007)}]
------------------------------------------
  Seed: s-wave+px
F_onsite: (-9.678396978674648e-18-1.049690873840812e-17j)
F_swave: (6.737756666158834e-18-6.071532165918825e-18j), F_dwave: (1.5813648521539658e-17-2.6020852139652106e-18j)
F_px: (0.024030189767101022+2.116350199895292e-17j), F_py: (3.9027281272758303e-17-0.0240299954681497j)
Free_energy = -20851.980617169596
------------------------------------------
[{'stable': {'F_px': np.complex128(0.024030102514117753+9.868602197447542e-18j), 'F_py': np.complex128(8.155623645413529e-18+0.02403010251411837j)}, 'free': np.float64(-20851.980654521885)}, {'stable': {'F_px': np.complex128(0.02403019959884016+1.027617592282059e-16j), 'F_py': np.complex128(9.758546809564097e-17-0.024029985636197272j)}, 'free': np.float64(-20851.9806171692)}, {'stable': {'F_px': np.complex128(9.181391794194817e-17+0.02402997441069042j), 'F_py': np.complex128(0.024030210824078364-6.255029942540648e-17j)}, 'free': np.float64(-20851.980617169007)}]
------------------------------------------
  Seed: s-wave+py
F_onsite: (-3.956959411723787e-17-1.0623778392039054e-17j)
F_swave: (2.949029909160572e-17+1.0536888031774033e-17j), F_dwave: (-7.632783294297951e-17+1.8953411059831687e-17j)
F_px: (-6.904518262882995e-17-0.024029983660410523j), F_py: (0.0240302015745815-3.452865620266621e-17j)
Free_energy = -20851.98061716921
------------------------------------------
[{'stable': {'F_px': np.complex128(0.024030102514117753+9.868602197447542e-18j), 'F_py': np.complex128(8.155623645413529e-18+0.02403010251411837j)}, 'free': np.float64(-20851.980654521885)}, {'stable': {'F_px': np.complex128(0.02403019959884016+1.027617592282059e-16j), 'F_py': np.complex128(9.758546809564097e-17-0.024029985636197272j)}, 'free': np.float64(-20851.9806171692)}, {'stable': {'F_px': np.complex128(9.181391794194817e-17+0.02402997441069042j), 'F_py': np.complex128(0.024030210824078364-6.255029942540648e-17j)}, 'free': np.float64(-20851.980617169007)}, {'stable': {'F_px': np.complex128(-6.904518262882995e-17-0.024029983660410523j), 'F_py': np.complex128(0.0240302015745815-3.452865620266621e-17j)}, 'free': np.float64(-20851.98061716921)}]
------------------------------------------
====================================
mu=1.53, T=0.0113
====================================
  Seed: normal state
F_onsite: 0j
F_swave: 0j, F_dwave: 0j
F_px: 0j, F_py: 0j
Free_energy = -20813.835812581463
------------------------------------------
[{'stable': {}, 'free': np.float64(-20813.835812581463)}]
------------------------------------------
  Seed: px
F_onsite: 5.2037998510159975e-18j
F_swave: 4.189914648042401e-18j, F_dwave: -1.195994639655311e-17j
F_px: (0.03083932497623082+0j), F_py: (-2.683671692142541e-19+0j)
Free_energy = -20845.236561541456
------------------------------------------
[{'stable': {'F_px': np.complex128(0.03083932497623082+0j)}, 'free': np.float64(-20845.236561541456)}]
------------------------------------------
  Seed: py
F_onsite: -5.540826319794603e-18j
F_swave: 2.724574119072063e-18j, F_dwave: 1.0495479370309629e-17j
F_px: (7.887828885183161e-20+0j), F_py: (0.030839324976230813+0j)
Free_energy = -20845.236561541413
------------------------------------------
[{'stable': {'F_px': np.complex128(0.03083932497623082+0j)}, 'free': np.float64(-20845.236561541456)}, {'stable': {'F_py': np.complex128(0.030839324976230813+0j)}, 'free': np.float64(-20845.236561541413)}]
------------------------------------------
  Seed: px+py
F_onsite: -2.3865020939991904e-17j
F_swave: 1.2151243493734574e-17j, F_dwave: -5.165842187067164e-19j
F_px: (0.019126582672739666+0j), F_py: (0.019126582673461623+0j)
Free_energy = -20837.95325321524
------------------------------------------
[{'stable': {'F_px': np.complex128(0.03083932497623082+0j)}, 'free': np.float64(-20845.236561541456)}, {'stable': {'F_py': np.complex128(0.030839324976230813+0j)}, 'free': np.float64(-20845.236561541413)}]
------------------------------------------
  Seed: px+i*py
F_onsite: (8.881987484908593e-18+2.294900774709558e-17j)
F_swave: (-9.20077296681918e-18-4.336808689942018e-18j), F_dwave: (-1.8554802648809734e-17+2.6020852139652106e-18j)
F_px: (0.024014250086993663+2.2611001896471713e-17j), F_py: (-8.620578559007135e-18+0.02401425008699393j)
Free_energy = -20851.93668103582
------------------------------------------
[{'stable': {'F_px': np.complex128(0.024014250086993663+2.2611001896471713e-17j), 'F_py': np.complex128(-8.620578559007135e-18+0.02401425008699393j)}, 'free': np.float64(-20851.93668103582)}]
------------------------------------------
  Seed: d-wave
F_onsite: (-4.688711174856777e-18+0j)
F_swave: (2.1274555959271838e-18+0j), F_dwave: (1.113022468515832e-17+0j)
F_px: 7.208173370619067e-17j, F_py: -0.030839294047828866j
Free_energy = -20845.23648688515
------------------------------------------
[{'stable': {'F_px': np.complex128(0.024014250086993663+2.2611001896471713e-17j), 'F_py': np.complex128(-8.620578559007135e-18+0.02401425008699393j)}, 'free': np.float64(-20851.93668103582)}]
------------------------------------------
  Seed: d-wave+px
F_onsite: (-1.0045969573113612e-17-3.526649469161861e-17j)
F_swave: (5.2765851274757635e-18+4.336808689942018e-17j), F_dwave: (1.5540096584245922e-17-5.551115123125783e-17j)
F_px: (0.024014261150938677+4.90386746962672e-17j), F_py: (5.995263466463476e-17-0.02401423901662244j)
Free_energy = -20851.936681023642
------------------------------------------
[{'stable': {'F_px': np.complex128(0.024014250086993663+2.2611001896471713e-17j), 'F_py': np.complex128(-8.620578559007135e-18+0.02401425008699393j)}, 'free': np.float64(-20851.93668103582)}, {'stable': {'F_px': np.complex128(0.024014261150938677+4.90386746962672e-17j), 'F_py': np.complex128(5.995263466463476e-17-0.02401423901662244j)}, 'free': np.float64(-20851.936681023642)}]
------------------------------------------
  Seed: d-wave+py
F_onsite: (1.1829079806202321e-18-1.6914453863280327e-18j)
F_swave: (-1.3010426069826053e-17-5.852057988351355e-18j), F_dwave: (9.540979117872439e-18-2.8215593915326804e-18j)
F_px: (7.55243163133904e-17+0.024014246700654975j), F_py: (0.02401428239168455-7.334610491507696e-17j)
Free_energy = -20851.936735493717
------------------------------------------
[{'stable': {'F_px': np.complex128(0.024014250086993663+2.2611001896471713e-17j), 'F_py': np.complex128(-8.620578559007135e-18+0.02401425008699393j)}, 'free': np.float64(-20851.93668103582)}, {'stable': {'F_px': np.complex128(0.024014261150938677+4.90386746962672e-17j), 'F_py': np.complex128(5.995263466463476e-17-0.02401423901662244j)}, 'free': np.float64(-20851.936681023642)}, {'stable': {'F_px': np.complex128(7.55243163133904e-17+0.024014246700654975j), 'F_py': np.complex128(0.02401428239168455-7.334610491507696e-17j)}, 'free': np.float64(-20851.936735493717)}]
------------------------------------------
  Seed: s-wave
F_onsite: (3.705067695078119e-18+0j)
F_swave: (3.976899096697745e-18+0j), F_dwave: (-8.935297621026411e-18+0j)
F_px: -0.030839324965309705j, F_py: -3.2183190538855778e-18j
Free_energy = -20845.236561515
------------------------------------------
[{'stable': {'F_px': np.complex128(0.024014250086993663+2.2611001896471713e-17j), 'F_py': np.complex128(-8.620578559007135e-18+0.02401425008699393j)}, 'free': np.float64(-20851.93668103582)}, {'stable': {'F_px': np.complex128(0.024014261150938677+4.90386746962672e-17j), 'F_py': np.complex128(5.995263466463476e-17-0.02401423901662244j)}, 'free': np.float64(-20851.936681023642)}, {'stable': {'F_px': np.complex128(7.55243163133904e-17+0.024014246700654975j), 'F_py': np.complex128(0.02401428239168455-7.334610491507696e-17j)}, 'free': np.float64(-20851.936735493717)}]
------------------------------------------
  Seed: s-wave+px
F_onsite: (-9.09595594831891e-18+3.847091297531024e-18j)
F_swave: (8.754661227579531e-18+2.688821387764051e-17j), F_dwave: (1.9000914388049383e-17-3.5561831257524545e-17j)
F_px: (0.024014269027156733+3.233979071806309e-17j), F_py: (2.9169948583976184e-17-0.02401424381012988j)
Free_energy = -20851.936704882748
------------------------------------------
[{'stable': {'F_px': np.complex128(0.024014250086993663+2.2611001896471713e-17j), 'F_py': np.complex128(-8.620578559007135e-18+0.02401425008699393j)}, 'free': np.float64(-20851.93668103582)}, {'stable': {'F_px': np.complex128(0.024014261150938677+4.90386746962672e-17j), 'F_py': np.complex128(5.995263466463476e-17-0.02401423901662244j)}, 'free': np.float64(-20851.936681023642)}, {'stable': {'F_px': np.complex128(7.55243163133904e-17+0.024014246700654975j), 'F_py': np.complex128(0.02401428239168455-7.334610491507696e-17j)}, 'free': np.float64(-20851.936735493717)}]
------------------------------------------
  Seed: s-wave+py
F_onsite: (1.9844526116290164e-18-6.291231336612909e-18j)
F_swave: (-6.071532165918825e-18+6.1359993141387576e-18j), F_dwave: (-2.6020852139652106e-18+1.4680682397582928e-17j)
F_px: (-1.0496816094179514e-17-0.02401425282396325j), F_py: (0.024014288305654552-5.2684549346711023e-17j)
Free_energy = -20851.936758161955
------------------------------------------
[{'stable': {'F_px': np.complex128(0.024014250086993663+2.2611001896471713e-17j), 'F_py': np.complex128(-8.620578559007135e-18+0.02401425008699393j)}, 'free': np.float64(-20851.93668103582)}, {'stable': {'F_px': np.complex128(0.024014261150938677+4.90386746962672e-17j), 'F_py': np.complex128(5.995263466463476e-17-0.02401423901662244j)}, 'free': np.float64(-20851.936681023642)}, {'stable': {'F_px': np.complex128(7.55243163133904e-17+0.024014246700654975j), 'F_py': np.complex128(0.02401428239168455-7.334610491507696e-17j)}, 'free': np.float64(-20851.936735493717)}, {'stable': {'F_px': np.complex128(-1.0496816094179514e-17-0.02401425282396325j), 'F_py': np.complex128(0.024014288305654552-5.2684549346711023e-17j)}, 'free': np.float64(-20851.936758161955)}]
------------------------------------------
====================================
mu=1.53, T=0.0216
====================================
  Seed: normal state
F_onsite: 0j
F_swave: 0j, F_dwave: 0j
F_px: 0j, F_py: 0j
Free_energy = -20815.081671173146
------------------------------------------
[{'stable': {}, 'free': np.float64(-20815.081671173146)}]
------------------------------------------
  Seed: px
F_onsite: -1.3582504181467727e-17j
F_swave: -5.6880710862739425e-18j, F_dwave: -8.669574121049876e-18j
F_px: (0.02972107950837813+0j), F_py: (-1.6572149982193633e-19+0j)
Free_energy = -20843.518169865412
------------------------------------------
[{'stable': {'F_px': np.complex128(0.02972107950837813+0j)}, 'free': np.float64(-20843.518169865412)}]
------------------------------------------
  Seed: py
F_onsite: -5.391007367248999e-18j
F_swave: 2.8358927771869992e-18j, F_dwave: 1.0373453686345806e-17j
F_px: (5.0713616175013574e-20+0j), F_py: (0.029721092409443043+0j)
Free_energy = -20843.51819881072
------------------------------------------
[{'stable': {'F_px': np.complex128(0.02972107950837813+0j)}, 'free': np.float64(-20843.518169865412)}, {'stable': {'F_py': np.complex128(0.029721092409443043+0j)}, 'free': np.float64(-20843.51819881072)}]
------------------------------------------
  Seed: px+py
F_onsite: -2.8740992570640885e-17j
F_swave: 1.627573808149138e-17j, F_dwave: 8.458947467314274e-19j
F_px: (0.01822359807443403+0j), F_py: (0.018223598102529288+0j)
Free_energy = -20836.44361839927
------------------------------------------
[{'stable': {'F_px': np.complex128(0.02972107950837813+0j)}, 'free': np.float64(-20843.518169865412)}, {'stable': {'F_py': np.complex128(0.029721092409443043+0j)}, 'free': np.float64(-20843.51819881072)}]
------------------------------------------
  Seed: px+i*py
F_onsite: (6.42586987055694e-18+2.3673181212328605e-17j)
F_swave: (-7.985234365394956e-18-2.5153490401663703e-17j), F_dwave: (-1.283144734632673e-17+3.209238430557093e-17j)
F_px: (0.023314094409048-7.267873559686918e-18j), F_py: (-3.427591612958431e-18+0.023314094409048164j)
Free_energy = -20850.091349457696
------------------------------------------
[{'stable': {'F_px': np.complex128(0.023314094409048-7.267873559686918e-18j), 'F_py': np.complex128(-3.427591612958431e-18+0.023314094409048164j)}, 'free': np.float64(-20850.091349457696)}]
------------------------------------------
  Seed: d-wave
F_onsite: (-7.35011516490939e-18+0j)
F_swave: (3.101993471522858e-18+0j), F_dwave: (1.1427175907619957e-17+0j)
F_px: 6.818788933325754e-19j, F_py: -0.029721092408506528j
Free_energy = -20843.518198808615
------------------------------------------
[{'stable': {'F_px': np.complex128(0.023314094409048-7.267873559686918e-18j), 'F_py': np.complex128(-3.427591612958431e-18+0.023314094409048164j)}, 'free': np.float64(-20850.091349457696)}]
------------------------------------------
  Seed: d-wave+px
F_onsite: (-4.8497400790637e-18-1.3779081999679729e-17j)
F_swave: (2.3107555109464845e-18-1.5612511283791264e-17j), F_dwave: (9.832308820891165e-18+1.214306433183765e-17j)
F_px: (0.023314110521991012+8.585921676574634e-17j), F_py: (7.64977358407979e-17-0.023314109150561514j)
Free_energy = -20850.091403924205
------------------------------------------
[{'stable': {'F_px': np.complex128(0.023314094409048-7.267873559686918e-18j), 'F_py': np.complex128(-3.427591612958431e-18+0.023314094409048164j)}, 'free': np.float64(-20850.091349457696)}, {'stable': {'F_px': np.complex128(0.023314110521991012+8.585921676574634e-17j), 'F_py': np.complex128(7.64977358407979e-17-0.023314109150561514j)}, 'free': np.float64(-20850.091403924205)}]
------------------------------------------
  Seed: d-wave+py
F_onsite: (-7.312011917172748e-18-8.745694589739456e-18j)
F_swave: (-9.540979117872439e-18+3.1479913310257068e-18j), F_dwave: (-2.6020852139652106e-18+1.4199243428742364e-17j)
F_px: (8.419375146809737e-17+0.023314080144505665j), F_py: (0.023314081109072193-6.687963040261102e-17j)
Free_energy = -20850.09130079876
------------------------------------------
[{'stable': {'F_px': np.complex128(0.023314094409048-7.267873559686918e-18j), 'F_py': np.complex128(-3.427591612958431e-18+0.023314094409048164j)}, 'free': np.float64(-20850.091349457696)}, {'stable': {'F_px': np.complex128(0.023314110521991012+8.585921676574634e-17j), 'F_py': np.complex128(7.64977358407979e-17-0.023314109150561514j)}, 'free': np.float64(-20850.091403924205)}, {'stable': {'F_px': np.complex128(8.419375146809737e-17+0.023314080144505665j), 'F_py': np.complex128(0.023314081109072193-6.687963040261102e-17j)}, 'free': np.float64(-20850.09130079876)}]
------------------------------------------
  Seed: s-wave
F_onsite: (6.443286985534857e-18+0j)
F_swave: (1.9413399581027526e-18+0j), F_dwave: (-1.5664742776390312e-17+0j)
F_px: -0.029721092409442783j, F_py: -1.159740306023847e-19j
Free_energy = -20843.518198810663
------------------------------------------
[{'stable': {'F_px': np.complex128(0.023314094409048-7.267873559686918e-18j), 'F_py': np.complex128(-3.427591612958431e-18+0.023314094409048164j)}, 'free': np.float64(-20850.091349457696)}, {'stable': {'F_px': np.complex128(0.023314110521991012+8.585921676574634e-17j), 'F_py': np.complex128(7.64977358407979e-17-0.023314109150561514j)}, 'free': np.float64(-20850.091403924205)}, {'stable': {'F_px': np.complex128(8.419375146809737e-17+0.023314080144505665j), 'F_py': np.complex128(0.023314081109072193-6.687963040261102e-17j)}, 'free': np.float64(-20850.09130079876)}]
------------------------------------------
  Seed: s-wave+px
F_onsite: (-9.330637014267555e-18-9.16395681211567e-18j)
F_swave: (5.53593602801319e-18-3.382710778154774e-17j), F_dwave: (1.5280745683708496e-17+6.331740687315346e-17j)
F_px: (0.02331409505426745+4.871795361172324e-17j), F_py: (4.167484156807923e-17-0.02331409376409771j)
Free_energy = -20850.091349458187
------------------------------------------
[{'stable': {'F_px': np.complex128(0.023314094409048-7.267873559686918e-18j), 'F_py': np.complex128(-3.427591612958431e-18+0.023314094409048164j)}, 'free': np.float64(-20850.091349457696)}, {'stable': {'F_px': np.complex128(0.023314110521991012+8.585921676574634e-17j), 'F_py': np.complex128(7.64977358407979e-17-0.023314109150561514j)}, 'free': np.float64(-20850.091403924205)}, {'stable': {'F_px': np.complex128(8.419375146809737e-17+0.023314080144505665j), 'F_py': np.complex128(0.023314081109072193-6.687963040261102e-17j)}, 'free': np.float64(-20850.09130079876)}]
------------------------------------------
  Seed: s-wave+py
F_onsite: (-9.141761901919647e-18-1.2296933160662314e-17j)
F_swave: (-1.9949319973733282e-17+1.1157409148809263e-17j), F_dwave: (1.8214596497756474e-17+2.353706037072688e-17j)
F_px: (-6.930920544546707e-17-0.023314084453895382j), F_py: (0.023314085860218603-5.252792766080778e-17j)
Free_energy = -20850.091316793
------------------------------------------
[{'stable': {'F_px': np.complex128(0.023314094409048-7.267873559686918e-18j), 'F_py': np.complex128(-3.427591612958431e-18+0.023314094409048164j)}, 'free': np.float64(-20850.091349457696)}, {'stable': {'F_px': np.complex128(0.023314110521991012+8.585921676574634e-17j), 'F_py': np.complex128(7.64977358407979e-17-0.023314109150561514j)}, 'free': np.float64(-20850.091403924205)}, {'stable': {'F_px': np.complex128(8.419375146809737e-17+0.023314080144505665j), 'F_py': np.complex128(0.023314081109072193-6.687963040261102e-17j)}, 'free': np.float64(-20850.09130079876)}, {'stable': {'F_px': np.complex128(-6.930920544546707e-17-0.023314084453895382j), 'F_py': np.complex128(0.023314085860218603-5.252792766080778e-17j)}, 'free': np.float64(-20850.091316793)}]
------------------------------------------
====================================
mu=1.53, T=0.0319
====================================
  Seed: normal state
F_onsite: 0j
F_swave: 0j, F_dwave: 0j
F_px: 0j, F_py: 0j
Free_energy = -20817.248662782622
------------------------------------------
[{'stable': {}, 'free': np.float64(-20817.248662782622)}]
------------------------------------------
  Seed: px
F_onsite: -1.0608240631412857e-17j
F_swave: -1.4947815413323253e-18j, F_dwave: -1.3362692514210336e-17j
F_px: (0.02589263430617017+0j), F_py: (3.2652706526347e-19+0j)
Free_energy = -20838.20983458477
------------------------------------------
[{'stable': {'F_px': np.complex128(0.02589263430617017+0j)}, 'free': np.float64(-20838.20983458477)}]
------------------------------------------
  Seed: py
F_onsite: -6.104248813506522e-18j
F_swave: 3.3216529375475396e-18j, F_dwave: 1.2949413227844142e-17j
F_px: (-3.1694500504765574e-19+0j), F_py: (0.02589263430632204+0j)
Free_energy = -20838.209834585
------------------------------------------
[{'stable': {'F_px': np.complex128(0.02589263430617017+0j)}, 'free': np.float64(-20838.20983458477)}, {'stable': {'F_py': np.complex128(0.02589263430632204+0j)}, 'free': np.float64(-20838.209834585)}]
------------------------------------------
  Seed: px+py
F_onsite: -2.1146733393575244e-17j
F_swave: 1.5050663741965646e-17j, F_dwave: 2.1869331906921967e-19j
F_px: (0.01570223311384367+0j), F_py: (0.015702233875713206+0j)
Free_energy = -20832.661402415968
------------------------------------------
[{'stable': {'F_px': np.complex128(0.02589263430617017+0j)}, 'free': np.float64(-20838.20983458477)}, {'stable': {'F_py': np.complex128(0.02589263430632204+0j)}, 'free': np.float64(-20838.209834585)}]
------------------------------------------
  Seed: px+i*py
F_onsite: (5.846816971990219e-18-2.791370607896945e-17j)
F_swave: (-2.844938824365879e-19+5.204170427930421e-18j), F_dwave: (-1.1858570449401062e-17-4.336808689942018e-17j)
F_px: (0.020414638169379044+7.702599984975387e-18j), F_py: (1.8726244102567474e-18+0.020414638169379332j)
Free_energy = -20843.311784414847
------------------------------------------
[{'stable': {'F_px': np.complex128(0.020414638169379044+7.702599984975387e-18j), 'F_py': np.complex128(1.8726244102567474e-18+0.020414638169379332j)}, 'free': np.float64(-20843.311784414847)}]
------------------------------------------
  Seed: d-wave
F_onsite: (-6.009023781389418e-18+0j)
F_swave: (3.3348348877891847e-18+0j), F_dwave: (1.2742154853562855e-17+0j)
F_px: -4.873648907488933e-19j, F_py: -0.025892634306322028j
Free_energy = -20838.209834585
------------------------------------------
[{'stable': {'F_px': np.complex128(0.020414638169379044+7.702599984975387e-18j), 'F_py': np.complex128(1.8726244102567474e-18+0.020414638169379332j)}, 'free': np.float64(-20843.311784414847)}]
------------------------------------------
  Seed: d-wave+px
F_onsite: (-8.405187344943227e-18-1.6202019745300655e-17j)
F_swave: (1.5288746174593108e-18-6.071532165918825e-18j), F_dwave: (1.2348913190355146e-17+8.673617379884035e-19j)
F_px: (0.020414611564997867+5.895072703693093e-17j), F_py: (6.031793085802797e-17-0.02041461150679473j)
Free_energy = -20843.311708448102
------------------------------------------
[{'stable': {'F_px': np.complex128(0.020414638169379044+7.702599984975387e-18j), 'F_py': np.complex128(1.8726244102567474e-18+0.020414638169379332j)}, 'free': np.float64(-20843.311784414847)}, {'stable': {'F_px': np.complex128(0.020414611564997867+5.895072703693093e-17j), 'F_py': np.complex128(6.031793085802797e-17-0.02041461150679473j)}, 'free': np.float64(-20843.311708448102)}]
------------------------------------------
  Seed: d-wave+py
F_onsite: (4.7600525248392704e-17-1.1656245380293041e-17j)
F_swave: (-3.729655473350135e-17+6.668491870386094e-18j), F_dwave: (6.331740687315346e-17+1.7617636793289205e-17j)
F_px: (5.808423218422448e-17+0.02041462989964332j), F_py: (0.02041462994583016-6.104041025736649e-17j)
Free_energy = -20843.311760892753
------------------------------------------
[{'stable': {'F_px': np.complex128(0.020414638169379044+7.702599984975387e-18j), 'F_py': np.complex128(1.8726244102567474e-18+0.020414638169379332j)}, 'free': np.float64(-20843.311784414847)}, {'stable': {'F_px': np.complex128(0.020414611564997867+5.895072703693093e-17j), 'F_py': np.complex128(6.031793085802797e-17-0.02041461150679473j)}, 'free': np.float64(-20843.311708448102)}, {'stable': {'F_px': np.complex128(5.808423218422448e-17+0.02041462989964332j), 'F_py': np.complex128(0.02041462994583016-6.104041025736649e-17j)}, 'free': np.float64(-20843.311760892753)}]
------------------------------------------
  Seed: s-wave
F_onsite: (-1.727060474782116e-17+0j)
F_swave: (9.270557232016603e-18+0j), F_dwave: (-1.531559314855413e-17+0j)
F_px: -0.02589263430632186j, F_py: 1.702478321338265e-19j
Free_energy = -20838.209834585065
------------------------------------------
[{'stable': {'F_px': np.complex128(0.020414638169379044+7.702599984975387e-18j), 'F_py': np.complex128(1.8726244102567474e-18+0.020414638169379332j)}, 'free': np.float64(-20843.311784414847)}, {'stable': {'F_px': np.complex128(0.020414611564997867+5.895072703693093e-17j), 'F_py': np.complex128(6.031793085802797e-17-0.02041461150679473j)}, 'free': np.float64(-20843.311708448102)}, {'stable': {'F_px': np.complex128(5.808423218422448e-17+0.02041462989964332j), 'F_py': np.complex128(0.02041462994583016-6.104041025736649e-17j)}, 'free': np.float64(-20843.311760892753)}]
------------------------------------------
  Seed: s-wave+px
F_onsite: (-1.2890915014924392e-17+4.461759284551828e-18j)
F_swave: (7.397436513392324e-18+5.204170427930421e-17j), F_dwave: (2.2092862578213397e-17-3.2959746043559335e-17j)
F_px: (0.020414629953829214+1.9663287535357345e-17j), F_py: (2.633086619834718e-17-0.020414629892051617j)
Free_energy = -20843.31176089325
------------------------------------------
[{'stable': {'F_px': np.complex128(0.020414638169379044+7.702599984975387e-18j), 'F_py': np.complex128(1.8726244102567474e-18+0.020414638169379332j)}, 'free': np.float64(-20843.311784414847)}, {'stable': {'F_px': np.complex128(0.020414611564997867+5.895072703693093e-17j), 'F_py': np.complex128(6.031793085802797e-17-0.02041461150679473j)}, 'free': np.float64(-20843.311708448102)}, {'stable': {'F_px': np.complex128(5.808423218422448e-17+0.02041462989964332j), 'F_py': np.complex128(0.02041462994583016-6.104041025736649e-17j)}, 'free': np.float64(-20843.311760892753)}]
------------------------------------------
  Seed: s-wave+py
F_onsite: (3.10982852628496e-17-5.129366830776026e-18j)
F_swave: (1.734723475976807e-18+8.097909599714479e-18j), F_dwave: 1.9657666015914435e-17j
F_px: (-6.405380937656247e-17-0.02041462988913434j), F_py: (0.02041462995647328-7.751283865363318e-17j)
Free_energy = -20843.311760893124
------------------------------------------
[{'stable': {'F_px': np.complex128(0.020414638169379044+7.702599984975387e-18j), 'F_py': np.complex128(1.8726244102567474e-18+0.020414638169379332j)}, 'free': np.float64(-20843.311784414847)}, {'stable': {'F_px': np.complex128(0.020414611564997867+5.895072703693093e-17j), 'F_py': np.complex128(6.031793085802797e-17-0.02041461150679473j)}, 'free': np.float64(-20843.311708448102)}, {'stable': {'F_px': np.complex128(5.808423218422448e-17+0.02041462989964332j), 'F_py': np.complex128(0.02041462994583016-6.104041025736649e-17j)}, 'free': np.float64(-20843.311760892753)}, {'stable': {'F_px': np.complex128(-6.405380937656247e-17-0.02041462988913434j), 'F_py': np.complex128(0.02041462995647328-7.751283865363318e-17j)}, 'free': np.float64(-20843.311760893124)}]
------------------------------------------
====================================
mu=1.53, T=0.0422
====================================
  Seed: normal state
F_onsite: 0j
F_swave: 0j, F_dwave: 0j
F_px: 0j, F_py: 0j
Free_energy = -20820.295124647797
------------------------------------------
[{'stable': {}, 'free': np.float64(-20820.295124647797)}]
------------------------------------------
  Seed: px
F_onsite: -8.045423335486764e-18j
F_swave: 3.647105495195303e-18j, F_dwave: -2.203019537500638e-17j
F_px: (0.016529805931606443+0j), F_py: (6.898826929396385e-19+0j)
Free_energy = -20828.60108273578
------------------------------------------
[{'stable': {'F_px': np.complex128(0.016529805931606443+0j)}, 'free': np.float64(-20828.60108273578)}]
------------------------------------------
  Seed: py
F_onsite: -5.24953963016773e-18j
F_swave: 2.852145221862441e-18j, F_dwave: 1.63431301403573e-17j
F_px: (4.837856802383763e-19+0j), F_py: (0.01652980593160636+0j)
Free_energy = -20828.601082735677
------------------------------------------
[{'stable': {'F_px': np.complex128(0.016529805931606443+0j)}, 'free': np.float64(-20828.60108273578)}, {'stable': {'F_py': np.complex128(0.01652980593160636+0j)}, 'free': np.float64(-20828.601082735677)}]
------------------------------------------
  Seed: px+py
F_onsite: -2.856480971761199e-17j
F_swave: 1.4779593346509568e-17j, F_dwave: -5.740633451118012e-20j
F_px: (0.009934137812727228+0j), F_py: (0.009934148574796879+0j)
Free_energy = -20826.294855279306
------------------------------------------
[{'stable': {'F_px': np.complex128(0.016529805931606443+0j)}, 'free': np.float64(-20828.60108273578)}, {'stable': {'F_py': np.complex128(0.01652980593160636+0j)}, 'free': np.float64(-20828.601082735677)}]
------------------------------------------
  Seed: px+i*py
F_onsite: (6.7084347678050544e-18+2.0707447548750383e-17j)
F_swave: (-5.084283833030661e-18-3.3393426912553537e-17j), F_dwave: (-1.746712135466783e-17+4.8138576458356397e-17j)
F_px: (0.013069734128054854-2.1159663880910673e-17j), F_py: (8.141703850065486e-18+0.0130697341280551j)
Free_energy = -20830.680492654676
------------------------------------------
[{'stable': {'F_px': np.complex128(0.013069734128054854-2.1159663880910673e-17j), 'F_py': np.complex128(8.141703850065486e-18+0.0130697341280551j)}, 'free': np.float64(-20830.680492654676)}]
------------------------------------------
  Seed: d-wave
F_onsite: (-5.507911148859893e-18+0j)
F_swave: (2.797127784960314e-18+0j), F_dwave: (1.633125844420594e-17+0j)
F_px: -1.240129853854813e-18j, F_py: -0.016529805931606353j
Free_energy = -20828.601082735673
------------------------------------------
[{'stable': {'F_px': np.complex128(0.013069734128054854-2.1159663880910673e-17j), 'F_py': np.complex128(8.141703850065486e-18+0.0130697341280551j)}, 'free': np.float64(-20830.680492654676)}]
------------------------------------------
  Seed: d-wave+px
F_onsite: (-6.594773534195368e-18-3.1366629271006706e-17j)
F_swave: (3.874383294661598e-18+3.469446951953614e-17j), F_dwave: (1.6074936679071683e-17-6.938893903907228e-17j)
F_px: (0.013069734128877686+1.7749304094472946e-17j), F_py: (2.523660881833548e-17-0.013069734126569421j)
Free_energy = -20830.680492654094
------------------------------------------
[{'stable': {'F_px': np.complex128(0.013069734128054854-2.1159663880910673e-17j), 'F_py': np.complex128(8.141703850065486e-18+0.0130697341280551j)}, 'free': np.float64(-20830.680492654676)}, {'stable': {'F_px': np.complex128(0.013069734128877686+1.7749304094472946e-17j), 'F_py': np.complex128(2.523660881833548e-17-0.013069734126569421j)}, 'free': np.float64(-20830.680492654094)}]
------------------------------------------
  Seed: d-wave+py
F_onsite: (2.5277196916632233e-17-6.810283862267484e-18j)
F_swave: (2.168404344971009e-18+1.4268667043192715e-18j), F_dwave: (1.8648277366750676e-17+1.3318282841483589e-17j)
F_px: (2.6097545017325573e-17+0.013069743343628863j), F_py: (0.013069743345484962-6.774907001829816e-18j)
Free_energy = -20830.68050788129
------------------------------------------
[{'stable': {'F_px': np.complex128(0.013069734128054854-2.1159663880910673e-17j), 'F_py': np.complex128(8.141703850065486e-18+0.0130697341280551j)}, 'free': np.float64(-20830.680492654676)}, {'stable': {'F_px': np.complex128(0.013069734128877686+1.7749304094472946e-17j), 'F_py': np.complex128(2.523660881833548e-17-0.013069734126569421j)}, 'free': np.float64(-20830.680492654094)}, {'stable': {'F_px': np.complex128(2.6097545017325573e-17+0.013069743343628863j), 'F_py': np.complex128(0.013069743345484962-6.774907001829816e-18j)}, 'free': np.float64(-20830.68050788129)}]
------------------------------------------
  Seed: s-wave
F_onsite: (-7.772334619336057e-18+0j)
F_swave: (4.052437230236088e-18+0j), F_dwave: (-2.1776654591091526e-17+0j)
F_px: -0.016529805931606443j, F_py: -2.105340095069966e-20j
Free_energy = -20828.60108273578
------------------------------------------
[{'stable': {'F_px': np.complex128(0.013069734128054854-2.1159663880910673e-17j), 'F_py': np.complex128(8.141703850065486e-18+0.0130697341280551j)}, 'free': np.float64(-20830.680492654676)}, {'stable': {'F_px': np.complex128(0.013069734128877686+1.7749304094472946e-17j), 'F_py': np.complex128(2.523660881833548e-17-0.013069734126569421j)}, 'free': np.float64(-20830.680492654094)}, {'stable': {'F_px': np.complex128(2.6097545017325573e-17+0.013069743343628863j), 'F_py': np.complex128(0.013069743345484962-6.774907001829816e-18j)}, 'free': np.float64(-20830.68050788129)}]
------------------------------------------
  Seed: s-wave+px
F_onsite: (-9.81398842468434e-18+1.3276440737378206e-17j)
F_swave: (4.381987640638439e-18-1.9949319973733282e-17j), F_dwave: (1.990414102303686e-17+9.540979117872439e-18j)
F_px: (0.013069743345798024+1.5190447339319757e-17j), F_py: (1.3917343584706743e-17-0.013069743343315317j)
Free_energy = -20830.680507881294
------------------------------------------
[{'stable': {'F_px': np.complex128(0.013069734128054854-2.1159663880910673e-17j), 'F_py': np.complex128(8.141703850065486e-18+0.0130697341280551j)}, 'free': np.float64(-20830.680492654676)}, {'stable': {'F_px': np.complex128(0.013069734128877686+1.7749304094472946e-17j), 'F_py': np.complex128(2.523660881833548e-17-0.013069734126569421j)}, 'free': np.float64(-20830.680492654094)}, {'stable': {'F_px': np.complex128(2.6097545017325573e-17+0.013069743343628863j), 'F_py': np.complex128(0.013069743345484962-6.774907001829816e-18j)}, 'free': np.float64(-20830.68050788129)}]
------------------------------------------
  Seed: s-wave+py
