/home/emilssp/D1/venv/bin/python
Python 3.10.12
Running job 48 out of 50
====================================
mu=3.84, T=0.0010
====================================
  Seed: normal state
  Seed uu: [0.+0.j 0.+0.j 0.+0.j 0.+0.j], Seed dd: [0.+0.j 0.+0.j 0.+0.j 0.+0.j]
F_onsite: 0j
F_swave: 0j, F_dwave: 0j
F_px: 0j, F_py: 0j
Free_energy = -21593.673090882392
------------------------------------------
[{'stable': {}, 'free': np.float64(-21593.673090882392)}]
------------------------------------------
  Seed: uu:px
  Seed uu: [ 0.1+0.j -0.1+0.j  0. +0.j  0. +0.j], Seed dd: [0.+0.j 0.+0.j 0.+0.j 0.+0.j]
F_onsite: (3.2489029400209556e-29-7.904550062201207e-25j)
F_swave: (-3.107514295887678e-29+7.5605756635252325e-25j), F_dwave: (-3.948297309628987e-31+9.690428477458397e-27j)
F_px: (-1.9621520633773538e-25-8.074979160655187e-30j), F_py: (-2.605200350263935e-25-1.0691933068839622e-29j)
Free_energy = -21593.673090882392
------------------------------------------
[{'stable': {}, 'free': np.float64(-21593.673090882392)}]
------------------------------------------
  Seed: uu:px+py
  Seed uu: [ 0.1+0.j -0.1+0.j  0.1+0.j -0.1+0.j], Seed dd: [0.+0.j 0.+0.j 0.+0.j 0.+0.j]
F_onsite: (-4.414214483543286e-38+2.7766915484020924e-36j)
F_swave: (4.272646458750541e-38-2.6895598315679593e-36j), F_dwave: (-2.2958874039497803e-41-1.2452498673376054e-40j)
F_px: (-3.9430149464475636e-25+1.5523025267095495e-28j), F_py: (-5.214221224151406e-25+2.052758239642616e-28j)
Free_energy = -21593.673090882392
------------------------------------------
[{'stable': {}, 'free': np.float64(-21593.673090882392)}]
------------------------------------------
  Seed: uu:px+ipy
  Seed uu: [ 0.1+0.j  -0.1+0.j   0. +0.1j -0. -0.1j], Seed dd: [0.+0.j 0.+0.j 0.+0.j 0.+0.j]
F_onsite: (7.63334909073772e-25-2.132155078443124e-25j)
F_swave: (-7.301176346486715e-25+2.0393542472430602e-25j), F_dwave: (9.357860677588648e-27-2.5469426576443504e-27j)
F_px: (-6.98581599146648e-26-2.519510311840363e-25j), F_py: (-2.2706852928232695e-25-9.264428048709478e-26j)
Free_energy = -21593.673090882392
------------------------------------------
[{'stable': {}, 'free': np.float64(-21593.673090882392)}]
------------------------------------------
  Seed: dd:px
  Seed uu: [0.+0.j 0.+0.j 0.+0.j 0.+0.j], Seed dd: [ 0.1+0.j -0.1+0.j  0. +0.j  0. +0.j]
F_onsite: (2.2469182684518166e-38-5.552569629224798e-41j)
F_swave: (-2.1491318589177716e-38+5.31092049789979e-41j), F_dwave: (-2.719534033695854e-40+6.720494596159346e-43j)
F_px: (-1.380867914567061e-41-5.587858506499341e-39j), F_py: (-2.750023384887101e-41+1.7593725629557624e-40j)
Free_energy = -21593.67309088239
------------------------------------------
[{'stable': {}, 'free': np.float64(-21593.673090882392)}]
------------------------------------------
  Seed: dd:px+py
  Seed uu: [0.+0.j 0.+0.j 0.+0.j 0.+0.j], Seed dd: [ 0.1+0.j -0.1+0.j  0.1+0.j -0.1+0.j]
F_onsite: (3.5136936739362122e-37+3.7159391180600465e-39j)
F_swave: (-3.3617988822533685e-37-3.555305123572959e-39j), F_dwave: (-1.515298384579269e-38-1.6043251950220962e-40j)
F_px: (-9.478652801686157e-43+1.7169699279203122e-40j), F_py: (-1.51065574159663e-39+1.4277842316598682e-37j)
Free_energy = -21593.673090882392
------------------------------------------
[{'stable': {}, 'free': np.float64(-21593.673090882392)}]
------------------------------------------
  Seed: dd:px+ipy
  Seed uu: [0.+0.j 0.+0.j 0.+0.j 0.+0.j], Seed dd: [ 0.1+0.j  -0.1+0.j   0. +0.1j -0. -0.1j]
F_onsite: (2.353914507503997e-38-2.5077213509401665e-39j)
F_swave: (-2.251471597716096e-38+2.398584730747896e-39j), F_dwave: (-2.8490359270341312e-40+3.0351943779997944e-41j)
F_px: (6.236449341386904e-40+5.853947225355338e-39j), F_py: (-8.24705912786072e-40-7.741239276960698e-39j)
Free_energy = -21593.673090882392
------------------------------------------
[{'stable': {}, 'free': np.float64(-21593.673090882392)}]
------------------------------------------
  Seed: uu+dd:px
  Seed uu: [ 0.1+0.j -0.1+0.j  0. +0.j  0. +0.j], Seed dd: [ 0.1+0.j -0.1+0.j  0. +0.j  0. +0.j]
F_onsite: (1.773866600321699e-24+1.8596167541808415e-24j)
F_swave: (-1.697187187754241e-24-1.7792305964594015e-24j), F_dwave: (-7.66794125557673e-26-8.038615772137436e-26j)
F_px: (-4.851490272807954e-31-1.5819215226190934e-34j), F_py: (7.563745220221781e-25-7.214965461351621e-25j)
Free_energy = -21593.67309088239
------------------------------------------
[{'stable': {}, 'free': np.float64(-21593.673090882392)}]
------------------------------------------
  Seed: uu+dd:px+py
  Seed uu: [ 0.1+0.j -0.1+0.j  0.1+0.j -0.1+0.j], Seed dd: [ 0.1+0.j -0.1+0.j  0.1+0.j -0.1+0.j]
F_onsite: (-8.751095157657945e-30-1.2002710550094697e-25j)
F_swave: (8.370480475661028e-30+1.1480610936924198e-25j), F_dwave: (1.0116825515178992e-31+1.4002202438475978e-27j)
F_px: (2.988069496582541e-25-1.662900199343591e-29j), F_py: (3.9567028661849676e-25-2.2037929757828452e-29j)
Free_energy = -21593.673090882392
------------------------------------------
[{'stable': {}, 'free': np.float64(-21593.673090882392)}]
------------------------------------------
  Seed: uu+dd:px+ipy
  Seed uu: [ 0.1+0.j  -0.1+0.j   0. +0.1j -0. -0.1j], Seed dd: [ 0.1+0.j  -0.1+0.j   0. +0.1j -0. -0.1j]
F_onsite: (4.289081383810048e-25-6.255942859526451e-27j)
F_swave: (-4.1020529979924352e-25+5.983595748438505e-27j), F_dwave: (1.2115345225264576e-26-8.71489171898786e-29j)
F_px: (-2.126091762898473e-27-1.822076577234006e-25j), F_py: (-1.563080088704454e-25+1.5204819635879893e-24j)
Free_energy = -21593.673090882392
------------------------------------------
[{'stable': {}, 'free': np.float64(-21593.673090882392)}]
------------------------------------------
====================================
mu=3.84, T=0.0051
====================================
  Seed: normal state
  Seed uu: [0.+0.j 0.+0.j 0.+0.j 0.+0.j], Seed dd: [0.+0.j 0.+0.j 0.+0.j 0.+0.j]
F_onsite: 0j
F_swave: 0j, F_dwave: 0j
F_px: 0j, F_py: 0j
Free_energy = -21593.69224977872
------------------------------------------
[{'stable': {}, 'free': np.float64(-21593.69224977872)}]
------------------------------------------
  Seed: uu:px
  Seed uu: [ 1.29466192e-18+1.71272948e-22j -1.29466192e-18+1.22879330e-22j
 -7.51124956e-23+1.59136429e-22j  7.51129978e-23+1.35015849e-22j], Seed dd: [0.+0.j 0.+0.j 0.+0.j 0.+0.j]
F_onsite: (8.471310239626361e-25-2.1382177811626107e-22j)
F_swave: (-8.2245815768331835e-25+2.064907115554345e-22j), F_dwave: (-2.309055629214421e-26+1.1069995299714495e-23j)
F_px: (4.0566238840596196e-23-3.558689265357542e-27j), F_py: (7.654664248610324e-23+6.728743250793083e-25j)
Free_energy = -21593.692249778716
------------------------------------------
[{'stable': {}, 'free': np.float64(-21593.69224977872)}]
------------------------------------------
  Seed: uu:px+py
  Seed uu: [ 2.86684352e-17-1.81431138e-21j -2.86684200e-17+3.48788630e-20j
  2.86660855e-17-2.51044306e-21j -2.86660667e-17+3.40362614e-20j], Seed dd: [0.+0.j 0.+0.j 0.+0.j 0.+0.j]
F_onsite: (-7.256339168354493e-24-1.3820056655431846e-23j)
F_swave: (7.029806710949308e-24+1.3137932571199952e-23j), F_dwave: (-3.0157470860617047e-28-5.102621265216884e-25j)
F_px: (-2.7524276717206515e-21-1.862509401112615e-24j), F_py: (6.890667497773316e-21+1.342339821725489e-24j)
Free_energy = -21593.69224977872
------------------------------------------
[{'stable': {}, 'free': np.float64(-21593.69224977872)}]
------------------------------------------
  Seed: uu:px+ipy
  Seed uu: [ 1.93540849e-18-3.26391274e-21j -1.94512917e-18-8.04402036e-21j
 -2.38769755e-21+1.93560800e-18j -7.08289032e-21-1.94699164e-18j], Seed dd: [0.+0.j 0.+0.j 0.+0.j 0.+0.j]
F_onsite: (-3.412154088339821e-21+6.555706184444035e-21j)
F_swave: (3.2710758694840584e-21-6.2750658382798394e-21j), F_dwave: (2.4831047759059924e-23+9.530673358930947e-23j)
F_px: (-5.512914406918195e-22-4.670360561262976e-22j), F_py: (-8.084228410682603e-22+3.3789629695248206e-22j)
Free_energy = -21593.69224977872
------------------------------------------
[{'stable': {}, 'free': np.float64(-21593.69224977872)}]
------------------------------------------
  Seed: dd:px
  Seed uu: [0.+0.j 0.+0.j 0.+0.j 0.+0.j], Seed dd: [ 1.29465803e-18+1.09747914e-32j -1.29465803e-18-9.90650215e-33j
 -1.12847458e-34+2.01921718e-33j  1.18865989e-34-9.02779661e-35j]
F_onsite: 0j
F_swave: 0j, F_dwave: 0j
F_px: 0j, F_py: 0j
Free_energy = -21593.692249778716
------------------------------------------
[{'stable': {}, 'free': np.float64(-21593.69224977872)}]
------------------------------------------
  Seed: dd:px+py
  Seed uu: [0.+0.j 0.+0.j 0.+0.j 0.+0.j], Seed dd: [ 2.8669102e-17+2.61324619e-31j -2.8669102e-17-2.39982908e-31j
  2.8669102e-17+2.87348748e-31j -2.8669102e-17-2.59663505e-31j]
F_onsite: (1.3828607478577363e-34+2.43824160676964e-36j)
F_swave: (-1.3225024968643097e-34-2.331778693584528e-36j), F_dwave: (-9.23271682963527e-37-6.604355290310167e-38j)
F_px: (1.445522302848063e-37+1.449012819448228e-35j), F_py: (6.801364189927287e-38+1.0727187407750205e-35j)
Free_energy = -21593.69224977872
------------------------------------------
[{'stable': {}, 'free': np.float64(-21593.69224977872)}]
------------------------------------------
  Seed: dd:px+ipy
  Seed uu: [0.+0.j 0.+0.j 0.+0.j 0.+0.j], Seed dd: [ 1.94251409e-18+1.34694725e-32j -1.94251409e-18-1.14698156e-32j
 -1.01953916e-32+1.94251409e-18j  8.45001763e-33-1.94251409e-18j]
F_onsite: (3.697785493223493e-36+4.108650548026103e-37j)
F_swave: (-3.536857002104611e-36-3.929841113449568e-37j), F_dwave: (-1.657620744347973e-39+8.288103721739864e-40j)
F_px: (3.624573077089756e-38-1.0868859639705962e-37j), F_py: (-1.1590374608390782e-37+1.0733303910783142e-36j)
Free_energy = -21593.692249778716
------------------------------------------
[{'stable': {}, 'free': np.float64(-21593.69224977872)}]
------------------------------------------
  Seed: uu+dd:px
  Seed uu: [ 1.29481629e-18-4.25296145e-22j -1.29481631e-18-1.35602443e-21j
 -2.11727823e-22-5.44427673e-22j  2.11709915e-22-1.23689290e-21j], Seed dd: [ 1.29778115e-18+2.78146422e-21j -1.29778181e-18+3.98746214e-21j
 -1.72736563e-21+2.88266870e-21j  1.72670932e-21+3.88625765e-21j]
F_onsite: (4.8453651009964434e-21-1.948154546182787e-21j)
F_swave: (-4.635939295426717e-21+1.8640190133349207e-21j), F_dwave: (-2.0941492279502182e-22+9.170223828865093e-23j)
F_px: (2.3610972177464087e-23+1.4278070210440396e-26j), F_py: (-8.423805213046507e-22-1.970117628911814e-21j)
Free_energy = -21593.69224977872
------------------------------------------
[{'stable': {}, 'free': np.float64(-21593.69224977872)}]
------------------------------------------
  Seed: uu+dd:px+py
  Seed uu: [ 2.86682792e-17+9.25928158e-21j -2.86682856e-17+1.33638617e-20j
  2.86695775e-17+1.04766299e-20j -2.86695838e-17+1.47249072e-20j], Seed dd: [ 2.86834730e-17-2.13572211e-20j -2.86834748e-17-7.49891267e-21j
  2.86804223e-17-8.00716944e-21j -2.86804184e-17+5.52227508e-22j]
F_onsite: (-2.6251915830982088e-23+1.4068024014431543e-23j)
F_swave: (2.5431746831011038e-23-1.36105126673651e-23j), F_dwave: (-1.8548924033394027e-27+3.558887226276762e-26j)
F_px: (1.0606714240857112e-21+2.7335474639923517e-24j), F_py: (1.5771290542787977e-21-1.4618497953986963e-24j)
Free_energy = -21593.692249778716
------------------------------------------
[{'stable': {}, 'free': np.float64(-21593.69224977872)}]
------------------------------------------
  Seed: uu+dd:px+ipy
  Seed uu: [ 1.93202148e-18+5.44451922e-22j -1.95014411e-18-5.51647449e-21j
 -9.62781622e-21+1.93814979e-18j -6.91047014e-21-1.94311852e-18j], Seed dd: [ 1.94771305e-18+3.45040868e-21j -1.93794614e-18+5.03248850e-21j
  5.58928238e-21+1.95101044e-18j  3.19303224e-21-1.94221077e-18j]
F_onsite: (-7.616553012374475e-22-2.864877396112201e-21j)
F_swave: (7.248621378257781e-22+2.737193883138555e-21j), F_dwave: (-2.2215087843184593e-22-4.180505085682314e-23j)
F_px: (9.132818029540368e-22-1.8288832531267486e-22j), F_py: (-7.095634739340304e-22-3.867191512238395e-22j)
Free_energy = -21593.69224977872
------------------------------------------
[{'stable': {}, 'free': np.float64(-21593.69224977872)}]
------------------------------------------
====================================
mu=3.84, T=0.0093
====================================
  Seed: normal state
  Seed uu: [0.+0.j 0.+0.j 0.+0.j 0.+0.j], Seed dd: [0.+0.j 0.+0.j 0.+0.j 0.+0.j]
F_onsite: 0j
F_swave: 0j, F_dwave: 0j
F_px: 0j, F_py: 0j
Free_energy = -21593.77417242413
------------------------------------------
[{'stable': {}, 'free': np.float64(-21593.77417242413)}]
------------------------------------------
  Seed: uu:px
  Seed uu: [0.+0.j 0.+0.j 0.+0.j 0.+0.j], Seed dd: [0.+0.j 0.+0.j 0.+0.j 0.+0.j]
F_onsite: 0j
F_swave: 0j, F_dwave: 0j
F_px: 0j, F_py: 0j
Free_energy = -21593.77417242413
------------------------------------------
[{'stable': {}, 'free': np.float64(-21593.77417242413)}]
------------------------------------------
  Seed: uu:px+py
  Seed uu: [ 2.34012672e-18+2.69574225e-20j -2.34012348e-18+2.72707479e-20j
  2.33940064e-18+2.72522725e-20j -2.33939742e-18+2.76446985e-20j], Seed dd: [0.+0.j 0.+0.j 0.+0.j 0.+0.j]
F_onsite: (-8.058062568911208e-24-1.0131554275125427e-21j)
F_swave: (7.37035623773974e-24+9.826509582678895e-22j), F_dwave: (-3.489062446789171e-25+1.398245798720793e-23j)
F_px: (1.6096396796308389e-21+1.4554473059094793e-23j), F_py: (1.405107514096674e-22+2.223197653509652e-23j)
Free_energy = -21593.77417242413
------------------------------------------
[{'stable': {}, 'free': np.float64(-21593.77417242413)}]
------------------------------------------
  Seed: uu:px+ipy
  Seed uu: [ 1.30257161e-20-2.19668360e-23j -1.30257161e-20+2.19668360e-23j
 -1.60697189e-23+1.30270589e-20j  1.60697189e-23-1.30270589e-20j], Seed dd: [0.+0.j 0.+0.j 0.+0.j 0.+0.j]
F_onsite: (1.9335009539665373e-20+2.8985306814967464e-21j)
F_swave: (-1.8511997580653323e-20-2.7476207154405982e-21j), F_dwave: (-3.571547187291888e-22+7.569920089759676e-23j)
F_px: (-4.7412573710336185e-21+1.8227892471323874e-21j), F_py: (1.4526315748918006e-21+3.2048081661267364e-21j)
Free_energy = -21593.77417242413
------------------------------------------
[{'stable': {}, 'free': np.float64(-21593.77417242413)}]
------------------------------------------
  Seed: dd:px
  Seed uu: [0.+0.j 0.+0.j 0.+0.j 0.+0.j], Seed dd: [0.+0.j 0.+0.j 0.+0.j 0.+0.j]
F_onsite: 0j
F_swave: 0j, F_dwave: 0j
F_px: 0j, F_py: 0j
Free_energy = -21593.77417242413
------------------------------------------
[{'stable': {}, 'free': np.float64(-21593.77417242413)}]
------------------------------------------
  Seed: dd:px+py
  Seed uu: [0.+0.j 0.+0.j 0.+0.j 0.+0.j], Seed dd: [ 2.33643483e-18+2.19104624e-32j -2.33643483e-18-1.94699480e-32j
  2.33643483e-18+2.43329211e-32j -2.33643483e-18-2.03606906e-32j]
F_onsite: 0j
F_swave: 0j, F_dwave: 0j
F_px: 0j, F_py: 0j
Free_energy = -21593.774172424124
------------------------------------------
[{'stable': {}, 'free': np.float64(-21593.77417242413)}]
------------------------------------------
  Seed: dd:px+ipy
  Seed uu: [0.+0.j 0.+0.j 0.+0.j 0.+0.j], Seed dd: [ 3.86006978e-20+5.41667797e-34j -3.86006978e-20+7.52316385e-36j
 -4.69445424e-34+3.86006978e-20j -6.01853108e-35-3.86006978e-20j]
F_onsite: 0j
F_swave: 0j, F_dwave: 0j
F_px: 0j, F_py: 0j
Free_energy = -21593.77417242413
------------------------------------------
[{'stable': {}, 'free': np.float64(-21593.77417242413)}]
------------------------------------------
  Seed: uu+dd:px
  Seed uu: [0.+0.j 0.+0.j 0.+0.j 0.+0.j], Seed dd: [0.+0.j 0.+0.j 0.+0.j 0.+0.j]
F_onsite: 0j
F_swave: 0j, F_dwave: 0j
F_px: 0j, F_py: 0j
Free_energy = -21593.77417242413
------------------------------------------
[{'stable': {}, 'free': np.float64(-21593.77417242413)}]
------------------------------------------
  Seed: uu+dd:px+py
  Seed uu: [ 2.33472703e-18-4.70705649e-21j -2.33470425e-18-6.23998226e-21j
  2.33590807e-18-4.79342795e-21j -2.33588464e-18-6.46904944e-21j], Seed dd: [ 2.33461393e-18+8.92989684e-21j -2.33460825e-18+1.20812894e-20j
  2.33923035e-18+8.44025534e-21j -2.33922526e-18+1.00740679e-20j]
F_onsite: (3.925793660625158e-23+7.441335749252014e-21j)
F_swave: (-3.7866980470131165e-23-7.129905299051528e-21j), F_dwave: (-5.790476113475148e-25-2.633017730341436e-22j)
F_px: (-1.1132665933581145e-22+6.338140705795241e-24j), F_py: (-5.0316378159405404e-21+4.628080607426829e-24j)
Free_energy = -21593.77417242413
------------------------------------------
[{'stable': {}, 'free': np.float64(-21593.77417242413)}]
------------------------------------------
  Seed: uu+dd:px+ipy
  Seed uu: [ 1.30029208e-20+3.66427874e-24j -1.30029208e-20-3.66427874e-24j
 -6.47972775e-23+1.30441657e-20j  6.47972775e-23-1.30441657e-20j], Seed dd: [ 4.03893869e-20+6.19479112e-23j -3.70186313e-20-7.51817844e-23j
  1.64875697e-21+3.82592202e-20j  1.43058155e-21-3.82713099e-20j]
F_onsite: (9.125648968833746e-21+1.0370594603064324e-20j)
F_swave: (-8.686545377478696e-21-9.918336291987056e-21j), F_dwave: (-6.134612614154162e-24+1.777451149520591e-23j)
F_px: (-1.4717075192848563e-21+1.8805818419106945e-21j), F_py: (2.7751701463327384e-21-6.5415736949287966e-21j)
Free_energy = -21593.77417242413
------------------------------------------
[{'stable': {}, 'free': np.float64(-21593.77417242413)}]
------------------------------------------
====================================
mu=3.84, T=0.0134
====================================
  Seed: normal state
  Seed uu: [0.+0.j 0.+0.j 0.+0.j 0.+0.j], Seed dd: [0.+0.j 0.+0.j 0.+0.j 0.+0.j]
F_onsite: 0j
F_swave: 0j, F_dwave: 0j
F_px: 0j, F_py: 0j
Free_energy = -21593.913477790004
------------------------------------------
[{'stable': {}, 'free': np.float64(-21593.913477790004)}]
------------------------------------------
  Seed: uu:px
  Seed uu: [0.+0.j 0.+0.j 0.+0.j 0.+0.j], Seed dd: [0.+0.j 0.+0.j 0.+0.j 0.+0.j]
F_onsite: 0j
F_swave: 0j, F_dwave: 0j
F_px: 0j, F_py: 0j
Free_energy = -21593.913477790004
------------------------------------------
[{'stable': {}, 'free': np.float64(-21593.913477790004)}]
------------------------------------------
  Seed: uu:px+py
  Seed uu: [ 3.04935644e-20+3.52561446e-22j -3.04935644e-20-3.52561446e-22j
  3.04902635e-20+3.53901933e-22j -3.04902635e-20-3.53901933e-22j], Seed dd: [0.+0.j 0.+0.j 0.+0.j 0.+0.j]
F_onsite: (5.474178971783422e-22-7.827085594222439e-21j)
F_swave: (-5.288007533988839e-22+7.51035367139364e-21j), F_dwave: (3.2209990952754397e-24-2.0969275246713287e-22j)
F_px: (-6.471684879351746e-21-5.846475588161701e-22j), F_py: (-1.4252070252784066e-20+4.329187851781847e-22j)
Free_energy = -21593.913477790004
------------------------------------------
[{'stable': {}, 'free': np.float64(-21593.913477790004)}]
------------------------------------------
  Seed: uu:px+ipy
  Seed uu: [0.+0.j 0.+0.j 0.+0.j 0.+0.j], Seed dd: [0.+0.j 0.+0.j 0.+0.j 0.+0.j]
F_onsite: 0j
F_swave: 0j, F_dwave: 0j
F_px: 0j, F_py: 0j
Free_energy = -21593.913477790004
------------------------------------------
[{'stable': {}, 'free': np.float64(-21593.913477790004)}]
------------------------------------------
  Seed: dd:px
  Seed uu: [0.+0.j 0.+0.j 0.+0.j 0.+0.j], Seed dd: [0.+0.j 0.+0.j 0.+0.j 0.+0.j]
F_onsite: 0j
F_swave: 0j, F_dwave: 0j
F_px: 0j, F_py: 0j
Free_energy = -21593.913477790004
------------------------------------------
[{'stable': {}, 'free': np.float64(-21593.913477790004)}]
------------------------------------------
  Seed: dd:px+py
  Seed uu: [0.+0.j 0.+0.j 0.+0.j 0.+0.j], Seed dd: [ 3.04485322e-20+3.37037740e-34j -3.04485322e-20-2.64815367e-34j
  3.04485322e-20+3.25000678e-34j -3.04485322e-20-2.82870961e-34j]
F_onsite: 0j
F_swave: 0j, F_dwave: 0j
F_px: 0j, F_py: 0j
Free_energy = -21593.913477790004
------------------------------------------
[{'stable': {}, 'free': np.float64(-21593.913477790004)}]
------------------------------------------
  Seed: dd:px+ipy
  Seed uu: [0.+0.j 0.+0.j 0.+0.j 0.+0.j], Seed dd: [0.+0.j 0.+0.j 0.+0.j 0.+0.j]
F_onsite: 0j
F_swave: 0j, F_dwave: 0j
F_px: 0j, F_py: 0j
Free_energy = -21593.913477790004
------------------------------------------
[{'stable': {}, 'free': np.float64(-21593.913477790004)}]
------------------------------------------
  Seed: uu+dd:px
  Seed uu: [0.+0.j 0.+0.j 0.+0.j 0.+0.j], Seed dd: [0.+0.j 0.+0.j 0.+0.j 0.+0.j]
F_onsite: 0j
F_swave: 0j, F_dwave: 0j
F_px: 0j, F_py: 0j
Free_energy = -21593.913477790004
------------------------------------------
[{'stable': {}, 'free': np.float64(-21593.913477790004)}]
------------------------------------------
  Seed: uu+dd:px+py
  Seed uu: [ 3.04312870e-20-6.17090505e-23j -3.04312870e-20+6.17090505e-23j
  3.04366564e-20-6.21017242e-23j -3.04366564e-20+6.21017242e-23j], Seed dd: [ 3.04451094e-20-8.00511818e-23j -3.04436685e-20-3.08645924e-22j
  3.05038748e-20-6.53346661e-23j -3.05025585e-20-2.89757809e-22j]
F_onsite: (-2.9649140584412613e-22+1.2834147019042739e-21j)
F_swave: (2.870675533843317e-22-1.2728665778088576e-21j), F_dwave: (2.451549613248997e-25-6.481842130787356e-23j)
F_px: (-6.884911029283182e-22-6.268811072295416e-23j), F_py: (-2.2377654718270456e-21+7.248203388553882e-23j)
Free_energy = -21593.91347779
------------------------------------------
[{'stable': {}, 'free': np.float64(-21593.913477790004)}]
------------------------------------------
  Seed: uu+dd:px+ipy
  Seed uu: [0.+0.j 0.+0.j 0.+0.j 0.+0.j], Seed dd: [0.+0.j 0.+0.j 0.+0.j 0.+0.j]
F_onsite: 0j
F_swave: 0j, F_dwave: 0j
F_px: 0j, F_py: 0j
Free_energy = -21593.913477790004
------------------------------------------
[{'stable': {}, 'free': np.float64(-21593.913477790004)}]
------------------------------------------
====================================
mu=3.84, T=0.0175
====================================
  Seed: normal state
  Seed uu: [0.+0.j 0.+0.j 0.+0.j 0.+0.j], Seed dd: [0.+0.j 0.+0.j 0.+0.j 0.+0.j]
F_onsite: 0j
F_swave: 0j, F_dwave: 0j
F_px: 0j, F_py: 0j
Free_energy = -21594.105474220076
------------------------------------------
[{'stable': {}, 'free': np.float64(-21594.105474220076)}]
------------------------------------------
  Seed: uu:px
  Seed uu: [0.+0.j 0.+0.j 0.+0.j 0.+0.j], Seed dd: [0.+0.j 0.+0.j 0.+0.j 0.+0.j]
F_onsite: 0j
F_swave: 0j, F_dwave: 0j
F_px: 0j, F_py: 0j
Free_energy = -21594.105474220076
------------------------------------------
[{'stable': {}, 'free': np.float64(-21594.105474220076)}]
------------------------------------------
  Seed: uu:px+py
  Seed uu: [0.+0.j 0.+0.j 0.+0.j 0.+0.j], Seed dd: [0.+0.j 0.+0.j 0.+0.j 0.+0.j]
F_onsite: 0j
F_swave: 0j, F_dwave: 0j
F_px: 0j, F_py: 0j
Free_energy = -21594.105474220076
------------------------------------------
[{'stable': {}, 'free': np.float64(-21594.105474220076)}]
------------------------------------------
  Seed: uu:px+ipy
  Seed uu: [0.+0.j 0.+0.j 0.+0.j 0.+0.j], Seed dd: [0.+0.j 0.+0.j 0.+0.j 0.+0.j]
F_onsite: 0j
F_swave: 0j, F_dwave: 0j
F_px: 0j, F_py: 0j
Free_energy = -21594.105474220076
------------------------------------------
[{'stable': {}, 'free': np.float64(-21594.105474220076)}]
------------------------------------------
  Seed: dd:px
  Seed uu: [0.+0.j 0.+0.j 0.+0.j 0.+0.j], Seed dd: [0.+0.j 0.+0.j 0.+0.j 0.+0.j]
F_onsite: 0j
F_swave: 0j, F_dwave: 0j
F_px: 0j, F_py: 0j
Free_energy = -21594.105474220076
------------------------------------------
[{'stable': {}, 'free': np.float64(-21594.105474220076)}]
------------------------------------------
  Seed: dd:px+py
  Seed uu: [0.+0.j 0.+0.j 0.+0.j 0.+0.j], Seed dd: [0.+0.j 0.+0.j 0.+0.j 0.+0.j]
F_onsite: 0j
F_swave: 0j, F_dwave: 0j
F_px: 0j, F_py: 0j
Free_energy = -21594.105474220076
------------------------------------------
[{'stable': {}, 'free': np.float64(-21594.105474220076)}]
------------------------------------------
  Seed: dd:px+ipy
  Seed uu: [0.+0.j 0.+0.j 0.+0.j 0.+0.j], Seed dd: [0.+0.j 0.+0.j 0.+0.j 0.+0.j]
F_onsite: 0j
F_swave: 0j, F_dwave: 0j
F_px: 0j, F_py: 0j
Free_energy = -21594.105474220076
------------------------------------------
[{'stable': {}, 'free': np.float64(-21594.105474220076)}]
------------------------------------------
  Seed: uu+dd:px
  Seed uu: [0.+0.j 0.+0.j 0.+0.j 0.+0.j], Seed dd: [0.+0.j 0.+0.j 0.+0.j 0.+0.j]
F_onsite: 0j
F_swave: 0j, F_dwave: 0j
F_px: 0j, F_py: 0j
Free_energy = -21594.105474220076
------------------------------------------
[{'stable': {}, 'free': np.float64(-21594.105474220076)}]
------------------------------------------
  Seed: uu+dd:px+py
  Seed uu: [0.+0.j 0.+0.j 0.+0.j 0.+0.j], Seed dd: [0.+0.j 0.+0.j 0.+0.j 0.+0.j]
F_onsite: 0j
F_swave: 0j, F_dwave: 0j
F_px: 0j, F_py: 0j
Free_energy = -21594.105474220076
------------------------------------------
[{'stable': {}, 'free': np.float64(-21594.105474220076)}]
------------------------------------------
  Seed: uu+dd:px+ipy
  Seed uu: [0.+0.j 0.+0.j 0.+0.j 0.+0.j], Seed dd: [0.+0.j 0.+0.j 0.+0.j 0.+0.j]
F_onsite: 0j
F_swave: 0j, F_dwave: 0j
F_px: 0j, F_py: 0j
Free_energy = -21594.105474220076
------------------------------------------
[{'stable': {}, 'free': np.float64(-21594.105474220076)}]
------------------------------------------
====================================
mu=3.84, T=0.0216
====================================
  Seed: normal state
  Seed uu: [0.+0.j 0.+0.j 0.+0.j 0.+0.j], Seed dd: [0.+0.j 0.+0.j 0.+0.j 0.+0.j]
F_onsite: 0j
F_swave: 0j, F_dwave: 0j
F_px: 0j, F_py: 0j
Free_energy = -21594.348565773038
------------------------------------------
[{'stable': {}, 'free': np.float64(-21594.348565773038)}]
------------------------------------------
  Seed: uu:px
  Seed uu: [0.+0.j 0.+0.j 0.+0.j 0.+0.j], Seed dd: [0.+0.j 0.+0.j 0.+0.j 0.+0.j]
F_onsite: 0j
F_swave: 0j, F_dwave: 0j
F_px: 0j, F_py: 0j
Free_energy = -21594.348565773038
------------------------------------------
[{'stable': {}, 'free': np.float64(-21594.348565773038)}]
------------------------------------------
  Seed: uu:px+py
  Seed uu: [0.+0.j 0.+0.j 0.+0.j 0.+0.j], Seed dd: [0.+0.j 0.+0.j 0.+0.j 0.+0.j]
F_onsite: 0j
F_swave: 0j, F_dwave: 0j
F_px: 0j, F_py: 0j
Free_energy = -21594.348565773038
------------------------------------------
[{'stable': {}, 'free': np.float64(-21594.348565773038)}]
------------------------------------------
  Seed: uu:px+ipy
  Seed uu: [0.+0.j 0.+0.j 0.+0.j 0.+0.j], Seed dd: [0.+0.j 0.+0.j 0.+0.j 0.+0.j]
F_onsite: 0j
F_swave: 0j, F_dwave: 0j
F_px: 0j, F_py: 0j
Free_energy = -21594.348565773038
------------------------------------------
[{'stable': {}, 'free': np.float64(-21594.348565773038)}]
------------------------------------------
  Seed: dd:px
  Seed uu: [0.+0.j 0.+0.j 0.+0.j 0.+0.j], Seed dd: [0.+0.j 0.+0.j 0.+0.j 0.+0.j]
F_onsite: 0j
F_swave: 0j, F_dwave: 0j
F_px: 0j, F_py: 0j
Free_energy = -21594.348565773038
------------------------------------------
[{'stable': {}, 'free': np.float64(-21594.348565773038)}]
------------------------------------------
  Seed: dd:px+py
  Seed uu: [0.+0.j 0.+0.j 0.+0.j 0.+0.j], Seed dd: [0.+0.j 0.+0.j 0.+0.j 0.+0.j]
F_onsite: 0j
F_swave: 0j, F_dwave: 0j
F_px: 0j, F_py: 0j
Free_energy = -21594.348565773038
------------------------------------------
[{'stable': {}, 'free': np.float64(-21594.348565773038)}]
------------------------------------------
  Seed: dd:px+ipy
  Seed uu: [0.+0.j 0.+0.j 0.+0.j 0.+0.j], Seed dd: [0.+0.j 0.+0.j 0.+0.j 0.+0.j]
F_onsite: 0j
F_swave: 0j, F_dwave: 0j
F_px: 0j, F_py: 0j
Free_energy = -21594.348565773038
------------------------------------------
[{'stable': {}, 'free': np.float64(-21594.348565773038)}]
------------------------------------------
  Seed: uu+dd:px
  Seed uu: [0.+0.j 0.+0.j 0.+0.j 0.+0.j], Seed dd: [0.+0.j 0.+0.j 0.+0.j 0.+0.j]
F_onsite: 0j
F_swave: 0j, F_dwave: 0j
F_px: 0j, F_py: 0j
Free_energy = -21594.348565773038
------------------------------------------
[{'stable': {}, 'free': np.float64(-21594.348565773038)}]
------------------------------------------
  Seed: uu+dd:px+py
  Seed uu: [0.+0.j 0.+0.j 0.+0.j 0.+0.j], Seed dd: [0.+0.j 0.+0.j 0.+0.j 0.+0.j]
F_onsite: 0j
F_swave: 0j, F_dwave: 0j
F_px: 0j, F_py: 0j
Free_energy = -21594.348565773038
------------------------------------------
[{'stable': {}, 'free': np.float64(-21594.348565773038)}]
------------------------------------------
  Seed: uu+dd:px+ipy
  Seed uu: [0.+0.j 0.+0.j 0.+0.j 0.+0.j], Seed dd: [0.+0.j 0.+0.j 0.+0.j 0.+0.j]
F_onsite: 0j
F_swave: 0j, F_dwave: 0j
F_px: 0j, F_py: 0j
Free_energy = -21594.348565773038
------------------------------------------
[{'stable': {}, 'free': np.float64(-21594.348565773038)}]
------------------------------------------
====================================
mu=3.84, T=0.0258
====================================
  Seed: normal state
  Seed uu: [0.+0.j 0.+0.j 0.+0.j 0.+0.j], Seed dd: [0.+0.j 0.+0.j 0.+0.j 0.+0.j]
F_onsite: 0j
F_swave: 0j, F_dwave: 0j
F_px: 0j, F_py: 0j
Free_energy = -21594.641987810817
------------------------------------------
[{'stable': {}, 'free': np.float64(-21594.641987810817)}]
------------------------------------------
  Seed: uu:px
  Seed uu: [0.+0.j 0.+0.j 0.+0.j 0.+0.j], Seed dd: [0.+0.j 0.+0.j 0.+0.j 0.+0.j]
F_onsite: 0j
F_swave: 0j, F_dwave: 0j
F_px: 0j, F_py: 0j
Free_energy = -21594.641987810817
------------------------------------------
[{'stable': {}, 'free': np.float64(-21594.641987810817)}]
------------------------------------------
  Seed: uu:px+py
  Seed uu: [0.+0.j 0.+0.j 0.+0.j 0.+0.j], Seed dd: [0.+0.j 0.+0.j 0.+0.j 0.+0.j]
F_onsite: 0j
F_swave: 0j, F_dwave: 0j
F_px: 0j, F_py: 0j
Free_energy = -21594.641987810817
------------------------------------------
[{'stable': {}, 'free': np.float64(-21594.641987810817)}]
------------------------------------------
  Seed: uu:px+ipy
  Seed uu: [0.+0.j 0.+0.j 0.+0.j 0.+0.j], Seed dd: [0.+0.j 0.+0.j 0.+0.j 0.+0.j]
F_onsite: 0j
F_swave: 0j, F_dwave: 0j
F_px: 0j, F_py: 0j
Free_energy = -21594.641987810817
------------------------------------------
[{'stable': {}, 'free': np.float64(-21594.641987810817)}]
------------------------------------------
  Seed: dd:px
  Seed uu: [0.+0.j 0.+0.j 0.+0.j 0.+0.j], Seed dd: [0.+0.j 0.+0.j 0.+0.j 0.+0.j]
F_onsite: 0j
F_swave: 0j, F_dwave: 0j
F_px: 0j, F_py: 0j
Free_energy = -21594.641987810817
------------------------------------------
[{'stable': {}, 'free': np.float64(-21594.641987810817)}]
------------------------------------------
  Seed: dd:px+py
  Seed uu: [0.+0.j 0.+0.j 0.+0.j 0.+0.j], Seed dd: [0.+0.j 0.+0.j 0.+0.j 0.+0.j]
F_onsite: 0j
F_swave: 0j, F_dwave: 0j
F_px: 0j, F_py: 0j
Free_energy = -21594.641987810817
------------------------------------------
[{'stable': {}, 'free': np.float64(-21594.641987810817)}]
------------------------------------------
  Seed: dd:px+ipy
  Seed uu: [0.+0.j 0.+0.j 0.+0.j 0.+0.j], Seed dd: [0.+0.j 0.+0.j 0.+0.j 0.+0.j]
F_onsite: 0j
F_swave: 0j, F_dwave: 0j
F_px: 0j, F_py: 0j
Free_energy = -21594.641987810817
------------------------------------------
[{'stable': {}, 'free': np.float64(-21594.641987810817)}]
------------------------------------------
  Seed: uu+dd:px
  Seed uu: [0.+0.j 0.+0.j 0.+0.j 0.+0.j], Seed dd: [0.+0.j 0.+0.j 0.+0.j 0.+0.j]
F_onsite: 0j
F_swave: 0j, F_dwave: 0j
F_px: 0j, F_py: 0j
Free_energy = -21594.641987810817
------------------------------------------
[{'stable': {}, 'free': np.float64(-21594.641987810817)}]
------------------------------------------
  Seed: uu+dd:px+py
  Seed uu: [0.+0.j 0.+0.j 0.+0.j 0.+0.j], Seed dd: [0.+0.j 0.+0.j 0.+0.j 0.+0.j]
F_onsite: 0j
F_swave: 0j, F_dwave: 0j
F_px: 0j, F_py: 0j
Free_energy = -21594.641987810817
------------------------------------------
[{'stable': {}, 'free': np.float64(-21594.641987810817)}]
------------------------------------------
  Seed: uu+dd:px+ipy
  Seed uu: [0.+0.j 0.+0.j 0.+0.j 0.+0.j], Seed dd: [0.+0.j 0.+0.j 0.+0.j 0.+0.j]
F_onsite: 0j
F_swave: 0j, F_dwave: 0j
F_px: 0j, F_py: 0j
Free_energy = -21594.641987810817
------------------------------------------
[{'stable': {}, 'free': np.float64(-21594.641987810817)}]
------------------------------------------
====================================
mu=3.84, T=0.0299
====================================
  Seed: normal state
  Seed uu: [0.+0.j 0.+0.j 0.+0.j 0.+0.j], Seed dd: [0.+0.j 0.+0.j 0.+0.j 0.+0.j]
F_onsite: 0j
F_swave: 0j, F_dwave: 0j
F_px: 0j, F_py: 0j
Free_energy = -21594.984892777888
------------------------------------------
[{'stable': {}, 'free': np.float64(-21594.984892777888)}]
------------------------------------------
  Seed: uu:px
  Seed uu: [0.+0.j 0.+0.j 0.+0.j 0.+0.j], Seed dd: [0.+0.j 0.+0.j 0.+0.j 0.+0.j]
F_onsite: 0j
F_swave: 0j, F_dwave: 0j
F_px: 0j, F_py: 0j
Free_energy = -21594.984892777888
------------------------------------------
[{'stable': {}, 'free': np.float64(-21594.984892777888)}]
------------------------------------------
  Seed: uu:px+py
  Seed uu: [0.+0.j 0.+0.j 0.+0.j 0.+0.j], Seed dd: [0.+0.j 0.+0.j 0.+0.j 0.+0.j]
F_onsite: 0j
F_swave: 0j, F_dwave: 0j
F_px: 0j, F_py: 0j
Free_energy = -21594.984892777888
------------------------------------------
[{'stable': {}, 'free': np.float64(-21594.984892777888)}]
------------------------------------------
  Seed: uu:px+ipy
  Seed uu: [0.+0.j 0.+0.j 0.+0.j 0.+0.j], Seed dd: [0.+0.j 0.+0.j 0.+0.j 0.+0.j]
F_onsite: 0j
F_swave: 0j, F_dwave: 0j
F_px: 0j, F_py: 0j
Free_energy = -21594.984892777888
------------------------------------------
[{'stable': {}, 'free': np.float64(-21594.984892777888)}]
------------------------------------------
  Seed: dd:px
  Seed uu: [0.+0.j 0.+0.j 0.+0.j 0.+0.j], Seed dd: [0.+0.j 0.+0.j 0.+0.j 0.+0.j]
F_onsite: 0j
F_swave: 0j, F_dwave: 0j
F_px: 0j, F_py: 0j
Free_energy = -21594.984892777888
------------------------------------------
[{'stable': {}, 'free': np.float64(-21594.984892777888)}]
------------------------------------------
  Seed: dd:px+py
  Seed uu: [0.+0.j 0.+0.j 0.+0.j 0.+0.j], Seed dd: [0.+0.j 0.+0.j 0.+0.j 0.+0.j]
F_onsite: 0j
F_swave: 0j, F_dwave: 0j
F_px: 0j, F_py: 0j
Free_energy = -21594.984892777888
------------------------------------------
[{'stable': {}, 'free': np.float64(-21594.984892777888)}]
------------------------------------------
  Seed: dd:px+ipy
  Seed uu: [0.+0.j 0.+0.j 0.+0.j 0.+0.j], Seed dd: [0.+0.j 0.+0.j 0.+0.j 0.+0.j]
F_onsite: 0j
F_swave: 0j, F_dwave: 0j
F_px: 0j, F_py: 0j
Free_energy = -21594.984892777888
------------------------------------------
[{'stable': {}, 'free': np.float64(-21594.984892777888)}]
------------------------------------------
  Seed: uu+dd:px
  Seed uu: [0.+0.j 0.+0.j 0.+0.j 0.+0.j], Seed dd: [0.+0.j 0.+0.j 0.+0.j 0.+0.j]
F_onsite: 0j
F_swave: 0j, F_dwave: 0j
F_px: 0j, F_py: 0j
Free_energy = -21594.984892777888
------------------------------------------
[{'stable': {}, 'free': np.float64(-21594.984892777888)}]
------------------------------------------
  Seed: uu+dd:px+py
  Seed uu: [0.+0.j 0.+0.j 0.+0.j 0.+0.j], Seed dd: [0.+0.j 0.+0.j 0.+0.j 0.+0.j]
F_onsite: 0j
F_swave: 0j, F_dwave: 0j
F_px: 0j, F_py: 0j
Free_energy = -21594.984892777888
------------------------------------------
[{'stable': {}, 'free': np.float64(-21594.984892777888)}]
------------------------------------------
  Seed: uu+dd:px+ipy
  Seed uu: [0.+0.j 0.+0.j 0.+0.j 0.+0.j], Seed dd: [0.+0.j 0.+0.j 0.+0.j 0.+0.j]
F_onsite: 0j
F_swave: 0j, F_dwave: 0j
F_px: 0j, F_py: 0j
Free_energy = -21594.984892777888
------------------------------------------
[{'stable': {}, 'free': np.float64(-21594.984892777888)}]
------------------------------------------
====================================
mu=3.84, T=0.0340
====================================
  Seed: normal state
  Seed uu: [0.+0.j 0.+0.j 0.+0.j 0.+0.j], Seed dd: [0.+0.j 0.+0.j 0.+0.j 0.+0.j]
F_onsite: 0j
F_swave: 0j, F_dwave: 0j
F_px: 0j, F_py: 0j
Free_energy = -21595.37609895159
------------------------------------------
[{'stable': {}, 'free': np.float64(-21595.37609895159)}]
------------------------------------------
  Seed: uu:px
  Seed uu: [0.+0.j 0.+0.j 0.+0.j 0.+0.j], Seed dd: [0.+0.j 0.+0.j 0.+0.j 0.+0.j]
F_onsite: 0j
F_swave: 0j, F_dwave: 0j
F_px: 0j, F_py: 0j
Free_energy = -21595.37609895159
------------------------------------------
[{'stable': {}, 'free': np.float64(-21595.37609895159)}]
------------------------------------------
  Seed: uu:px+py
  Seed uu: [0.+0.j 0.+0.j 0.+0.j 0.+0.j], Seed dd: [0.+0.j 0.+0.j 0.+0.j 0.+0.j]
F_onsite: 0j
F_swave: 0j, F_dwave: 0j
F_px: 0j, F_py: 0j
Free_energy = -21595.37609895159
------------------------------------------
[{'stable': {}, 'free': np.float64(-21595.37609895159)}]
------------------------------------------
  Seed: uu:px+ipy
  Seed uu: [0.+0.j 0.+0.j 0.+0.j 0.+0.j], Seed dd: [0.+0.j 0.+0.j 0.+0.j 0.+0.j]
F_onsite: 0j
F_swave: 0j, F_dwave: 0j
F_px: 0j, F_py: 0j
Free_energy = -21595.37609895159
------------------------------------------
[{'stable': {}, 'free': np.float64(-21595.37609895159)}]
------------------------------------------
  Seed: dd:px
  Seed uu: [0.+0.j 0.+0.j 0.+0.j 0.+0.j], Seed dd: [0.+0.j 0.+0.j 0.+0.j 0.+0.j]
F_onsite: 0j
F_swave: 0j, F_dwave: 0j
F_px: 0j, F_py: 0j
Free_energy = -21595.37609895159
------------------------------------------
[{'stable': {}, 'free': np.float64(-21595.37609895159)}]
------------------------------------------
  Seed: dd:px+py
  Seed uu: [0.+0.j 0.+0.j 0.+0.j 0.+0.j], Seed dd: [0.+0.j 0.+0.j 0.+0.j 0.+0.j]
F_onsite: 0j
F_swave: 0j, F_dwave: 0j
F_px: 0j, F_py: 0j
Free_energy = -21595.37609895159
------------------------------------------
[{'stable': {}, 'free': np.float64(-21595.37609895159)}]
------------------------------------------
  Seed: dd:px+ipy
  Seed uu: [0.+0.j 0.+0.j 0.+0.j 0.+0.j], Seed dd: [0.+0.j 0.+0.j 0.+0.j 0.+0.j]
F_onsite: 0j
F_swave: 0j, F_dwave: 0j
F_px: 0j, F_py: 0j
Free_energy = -21595.37609895159
------------------------------------------
[{'stable': {}, 'free': np.float64(-21595.37609895159)}]
------------------------------------------
  Seed: uu+dd:px
  Seed uu: [0.+0.j 0.+0.j 0.+0.j 0.+0.j], Seed dd: [0.+0.j 0.+0.j 0.+0.j 0.+0.j]
F_onsite: 0j
F_swave: 0j, F_dwave: 0j
F_px: 0j, F_py: 0j
Free_energy = -21595.37609895159
------------------------------------------
[{'stable': {}, 'free': np.float64(-21595.37609895159)}]
------------------------------------------
  Seed: uu+dd:px+py
  Seed uu: [0.+0.j 0.+0.j 0.+0.j 0.+0.j], Seed dd: [0.+0.j 0.+0.j 0.+0.j 0.+0.j]
F_onsite: 0j
F_swave: 0j, F_dwave: 0j
F_px: 0j, F_py: 0j
Free_energy = -21595.37609895159
------------------------------------------
[{'stable': {}, 'free': np.float64(-21595.37609895159)}]
------------------------------------------
  Seed: uu+dd:px+ipy
  Seed uu: [0.+0.j 0.+0.j 0.+0.j 0.+0.j], Seed dd: [0.+0.j 0.+0.j 0.+0.j 0.+0.j]
F_onsite: 0j
F_swave: 0j, F_dwave: 0j
F_px: 0j, F_py: 0j
Free_energy = -21595.37609895159
------------------------------------------
[{'stable': {}, 'free': np.float64(-21595.37609895159)}]
------------------------------------------
====================================
mu=3.84, T=0.0381
====================================
  Seed: normal state
  Seed uu: [0.+0.j 0.+0.j 0.+0.j 0.+0.j], Seed dd: [0.+0.j 0.+0.j 0.+0.j 0.+0.j]
F_onsite: 0j
F_swave: 0j, F_dwave: 0j
F_px: 0j, F_py: 0j
Free_energy = -21595.814131050854
------------------------------------------
[{'stable': {}, 'free': np.float64(-21595.814131050854)}]
------------------------------------------
  Seed: uu:px
  Seed uu: [0.+0.j 0.+0.j 0.+0.j 0.+0.j], Seed dd: [0.+0.j 0.+0.j 0.+0.j 0.+0.j]
F_onsite: 0j
F_swave: 0j, F_dwave: 0j
F_px: 0j, F_py: 0j
Free_energy = -21595.814131050854
------------------------------------------
[{'stable': {}, 'free': np.float64(-21595.814131050854)}]
------------------------------------------
  Seed: uu:px+py
  Seed uu: [0.+0.j 0.+0.j 0.+0.j 0.+0.j], Seed dd: [0.+0.j 0.+0.j 0.+0.j 0.+0.j]
F_onsite: 0j
F_swave: 0j, F_dwave: 0j
F_px: 0j, F_py: 0j
Free_energy = -21595.814131050854
------------------------------------------
[{'stable': {}, 'free': np.float64(-21595.814131050854)}]
------------------------------------------
  Seed: uu:px+ipy
  Seed uu: [0.+0.j 0.+0.j 0.+0.j 0.+0.j], Seed dd: [0.+0.j 0.+0.j 0.+0.j 0.+0.j]
F_onsite: 0j
F_swave: 0j, F_dwave: 0j
F_px: 0j, F_py: 0j
Free_energy = -21595.814131050854
------------------------------------------
[{'stable': {}, 'free': np.float64(-21595.814131050854)}]
------------------------------------------
  Seed: dd:px
  Seed uu: [0.+0.j 0.+0.j 0.+0.j 0.+0.j], Seed dd: [0.+0.j 0.+0.j 0.+0.j 0.+0.j]
F_onsite: 0j
F_swave: 0j, F_dwave: 0j
F_px: 0j, F_py: 0j
Free_energy = -21595.814131050854
------------------------------------------
[{'stable': {}, 'free': np.float64(-21595.814131050854)}]
------------------------------------------
  Seed: dd:px+py
  Seed uu: [0.+0.j 0.+0.j 0.+0.j 0.+0.j], Seed dd: [0.+0.j 0.+0.j 0.+0.j 0.+0.j]
F_onsite: 0j
F_swave: 0j, F_dwave: 0j
F_px: 0j, F_py: 0j
Free_energy = -21595.814131050854
------------------------------------------
[{'stable': {}, 'free': np.float64(-21595.814131050854)}]
------------------------------------------
  Seed: dd:px+ipy
  Seed uu: [0.+0.j 0.+0.j 0.+0.j 0.+0.j], Seed dd: [0.+0.j 0.+0.j 0.+0.j 0.+0.j]
F_onsite: 0j
F_swave: 0j, F_dwave: 0j
F_px: 0j, F_py: 0j
Free_energy = -21595.814131050854
------------------------------------------
[{'stable': {}, 'free': np.float64(-21595.814131050854)}]
------------------------------------------
  Seed: uu+dd:px
  Seed uu: [0.+0.j 0.+0.j 0.+0.j 0.+0.j], Seed dd: [0.+0.j 0.+0.j 0.+0.j 0.+0.j]
F_onsite: 0j
F_swave: 0j, F_dwave: 0j
F_px: 0j, F_py: 0j
Free_energy = -21595.814131050854
------------------------------------------
[{'stable': {}, 'free': np.float64(-21595.814131050854)}]
------------------------------------------
  Seed: uu+dd:px+py
  Seed uu: [0.+0.j 0.+0.j 0.+0.j 0.+0.j], Seed dd: [0.+0.j 0.+0.j 0.+0.j 0.+0.j]
F_onsite: 0j
F_swave: 0j, F_dwave: 0j
F_px: 0j, F_py: 0j
Free_energy = -21595.814131050854
------------------------------------------
[{'stable': {}, 'free': np.float64(-21595.814131050854)}]
------------------------------------------
  Seed: uu+dd:px+ipy
  Seed uu: [0.+0.j 0.+0.j 0.+0.j 0.+0.j], Seed dd: [0.+0.j 0.+0.j 0.+0.j 0.+0.j]
F_onsite: 0j
F_swave: 0j, F_dwave: 0j
F_px: 0j, F_py: 0j
Free_energy = -21595.814131050854
------------------------------------------
[{'stable': {}, 'free': np.float64(-21595.814131050854)}]
------------------------------------------
====================================
mu=3.84, T=0.0423
====================================
  Seed: normal state
  Seed uu: [0.+0.j 0.+0.j 0.+0.j 0.+0.j], Seed dd: [0.+0.j 0.+0.j 0.+0.j 0.+0.j]
F_onsite: 0j
F_swave: 0j, F_dwave: 0j
F_px: 0j, F_py: 0j
Free_energy = -21596.29734509653
------------------------------------------
[{'stable': {}, 'free': np.float64(-21596.29734509653)}]
------------------------------------------
  Seed: uu:px
  Seed uu: [0.+0.j 0.+0.j 0.+0.j 0.+0.j], Seed dd: [0.+0.j 0.+0.j 0.+0.j 0.+0.j]
F_onsite: 0j
F_swave: 0j, F_dwave: 0j
F_px: 0j, F_py: 0j
Free_energy = -21596.29734509653
------------------------------------------
[{'stable': {}, 'free': np.float64(-21596.29734509653)}]
------------------------------------------
  Seed: uu:px+py
  Seed uu: [0.+0.j 0.+0.j 0.+0.j 0.+0.j], Seed dd: [0.+0.j 0.+0.j 0.+0.j 0.+0.j]
F_onsite: 0j
F_swave: 0j, F_dwave: 0j
F_px: 0j, F_py: 0j
Free_energy = -21596.29734509653
------------------------------------------
[{'stable': {}, 'free': np.float64(-21596.29734509653)}]
------------------------------------------
  Seed: uu:px+ipy
  Seed uu: [0.+0.j 0.+0.j 0.+0.j 0.+0.j], Seed dd: [0.+0.j 0.+0.j 0.+0.j 0.+0.j]
F_onsite: 0j
F_swave: 0j, F_dwave: 0j
F_px: 0j, F_py: 0j
Free_energy = -21596.29734509653
------------------------------------------
[{'stable': {}, 'free': np.float64(-21596.29734509653)}]
------------------------------------------
  Seed: dd:px
  Seed uu: [0.+0.j 0.+0.j 0.+0.j 0.+0.j], Seed dd: [0.+0.j 0.+0.j 0.+0.j 0.+0.j]
F_onsite: 0j
F_swave: 0j, F_dwave: 0j
F_px: 0j, F_py: 0j
Free_energy = -21596.29734509653
------------------------------------------
[{'stable': {}, 'free': np.float64(-21596.29734509653)}]
------------------------------------------
  Seed: dd:px+py
  Seed uu: [0.+0.j 0.+0.j 0.+0.j 0.+0.j], Seed dd: [0.+0.j 0.+0.j 0.+0.j 0.+0.j]
F_onsite: 0j
F_swave: 0j, F_dwave: 0j
F_px: 0j, F_py: 0j
Free_energy = -21596.29734509653
------------------------------------------
[{'stable': {}, 'free': np.float64(-21596.29734509653)}]
------------------------------------------
  Seed: dd:px+ipy
  Seed uu: [0.+0.j 0.+0.j 0.+0.j 0.+0.j], Seed dd: [0.+0.j 0.+0.j 0.+0.j 0.+0.j]
F_onsite: 0j
F_swave: 0j, F_dwave: 0j
F_px: 0j, F_py: 0j
Free_energy = -21596.29734509653
------------------------------------------
[{'stable': {}, 'free': np.float64(-21596.29734509653)}]
------------------------------------------
  Seed: uu+dd:px
  Seed uu: [0.+0.j 0.+0.j 0.+0.j 0.+0.j], Seed dd: [0.+0.j 0.+0.j 0.+0.j 0.+0.j]
F_onsite: 0j
F_swave: 0j, F_dwave: 0j
F_px: 0j, F_py: 0j
Free_energy = -21596.29734509653
------------------------------------------
[{'stable': {}, 'free': np.float64(-21596.29734509653)}]
------------------------------------------
  Seed: uu+dd:px+py
  Seed uu: [0.+0.j 0.+0.j 0.+0.j 0.+0.j], Seed dd: [0.+0.j 0.+0.j 0.+0.j 0.+0.j]
F_onsite: 0j
F_swave: 0j, F_dwave: 0j
F_px: 0j, F_py: 0j
Free_energy = -21596.29734509653
------------------------------------------
[{'stable': {}, 'free': np.float64(-21596.29734509653)}]
------------------------------------------
  Seed: uu+dd:px+ipy
  Seed uu: [0.+0.j 0.+0.j 0.+0.j 0.+0.j], Seed dd: [0.+0.j 0.+0.j 0.+0.j 0.+0.j]
F_onsite: 0j
F_swave: 0j, F_dwave: 0j
F_px: 0j, F_py: 0j
Free_energy = -21596.29734509653
------------------------------------------
[{'stable': {}, 'free': np.float64(-21596.29734509653)}]
------------------------------------------
====================================
mu=3.84, T=0.0464
====================================
  Seed: normal state
  Seed uu: [0.+0.j 0.+0.j 0.+0.j 0.+0.j], Seed dd: [0.+0.j 0.+0.j 0.+0.j 0.+0.j]
F_onsite: 0j
F_swave: 0j, F_dwave: 0j
F_px: 0j, F_py: 0j
Free_energy = -21596.824048328814
------------------------------------------
[{'stable': {}, 'free': np.float64(-21596.824048328814)}]
------------------------------------------
  Seed: uu:px
  Seed uu: [0.+0.j 0.+0.j 0.+0.j 0.+0.j], Seed dd: [0.+0.j 0.+0.j 0.+0.j 0.+0.j]
F_onsite: 0j
F_swave: 0j, F_dwave: 0j
F_px: 0j, F_py: 0j
Free_energy = -21596.824048328814
------------------------------------------
[{'stable': {}, 'free': np.float64(-21596.824048328814)}]
------------------------------------------
  Seed: uu:px+py
  Seed uu: [0.+0.j 0.+0.j 0.+0.j 0.+0.j], Seed dd: [0.+0.j 0.+0.j 0.+0.j 0.+0.j]
F_onsite: 0j
F_swave: 0j, F_dwave: 0j
F_px: 0j, F_py: 0j
Free_energy = -21596.824048328814
------------------------------------------
[{'stable': {}, 'free': np.float64(-21596.824048328814)}]
------------------------------------------
  Seed: uu:px+ipy
  Seed uu: [0.+0.j 0.+0.j 0.+0.j 0.+0.j], Seed dd: [0.+0.j 0.+0.j 0.+0.j 0.+0.j]
F_onsite: 0j
F_swave: 0j, F_dwave: 0j
F_px: 0j, F_py: 0j
Free_energy = -21596.824048328814
------------------------------------------
[{'stable': {}, 'free': np.float64(-21596.824048328814)}]
------------------------------------------
  Seed: dd:px
  Seed uu: [0.+0.j 0.+0.j 0.+0.j 0.+0.j], Seed dd: [0.+0.j 0.+0.j 0.+0.j 0.+0.j]
F_onsite: 0j
F_swave: 0j, F_dwave: 0j
F_px: 0j, F_py: 0j
Free_energy = -21596.824048328814
------------------------------------------
[{'stable': {}, 'free': np.float64(-21596.824048328814)}]
------------------------------------------
  Seed: dd:px+py
  Seed uu: [0.+0.j 0.+0.j 0.+0.j 0.+0.j], Seed dd: [0.+0.j 0.+0.j 0.+0.j 0.+0.j]
F_onsite: 0j
F_swave: 0j, F_dwave: 0j
F_px: 0j, F_py: 0j
Free_energy = -21596.824048328814
------------------------------------------
[{'stable': {}, 'free': np.float64(-21596.824048328814)}]
------------------------------------------
  Seed: dd:px+ipy
  Seed uu: [0.+0.j 0.+0.j 0.+0.j 0.+0.j], Seed dd: [0.+0.j 0.+0.j 0.+0.j 0.+0.j]
F_onsite: 0j
F_swave: 0j, F_dwave: 0j
F_px: 0j, F_py: 0j
Free_energy = -21596.824048328814
------------------------------------------
[{'stable': {}, 'free': np.float64(-21596.824048328814)}]
------------------------------------------
  Seed: uu+dd:px
  Seed uu: [0.+0.j 0.+0.j 0.+0.j 0.+0.j], Seed dd: [0.+0.j 0.+0.j 0.+0.j 0.+0.j]
F_onsite: 0j
F_swave: 0j, F_dwave: 0j
F_px: 0j, F_py: 0j
Free_energy = -21596.824048328814
------------------------------------------
[{'stable': {}, 'free': np.float64(-21596.824048328814)}]
------------------------------------------
  Seed: uu+dd:px+py
  Seed uu: [0.+0.j 0.+0.j 0.+0.j 0.+0.j], Seed dd: [0.+0.j 0.+0.j 0.+0.j 0.+0.j]
F_onsite: 0j
F_swave: 0j, F_dwave: 0j
F_px: 0j, F_py: 0j
Free_energy = -21596.824048328814
------------------------------------------
[{'stable': {}, 'free': np.float64(-21596.824048328814)}]
------------------------------------------
  Seed: uu+dd:px+ipy
  Seed uu: [0.+0.j 0.+0.j 0.+0.j 0.+0.j], Seed dd: [0.+0.j 0.+0.j 0.+0.j 0.+0.j]
F_onsite: 0j
F_swave: 0j, F_dwave: 0j
F_px: 0j, F_py: 0j
Free_energy = -21596.824048328814
------------------------------------------
[{'stable': {}, 'free': np.float64(-21596.824048328814)}]
------------------------------------------
====================================
mu=3.84, T=0.0505
====================================
  Seed: normal state
  Seed uu: [0.+0.j 0.+0.j 0.+0.j 0.+0.j], Seed dd: [0.+0.j 0.+0.j 0.+0.j 0.+0.j]
F_onsite: 0j
F_swave: 0j, F_dwave: 0j
F_px: 0j, F_py: 0j
Free_energy = -21597.392587495517
------------------------------------------
[{'stable': {}, 'free': np.float64(-21597.392587495517)}]
------------------------------------------
  Seed: uu:px
  Seed uu: [0.+0.j 0.+0.j 0.+0.j 0.+0.j], Seed dd: [0.+0.j 0.+0.j 0.+0.j 0.+0.j]
F_onsite: 0j
F_swave: 0j, F_dwave: 0j
F_px: 0j, F_py: 0j
Free_energy = -21597.392587495517
------------------------------------------
[{'stable': {}, 'free': np.float64(-21597.392587495517)}]
------------------------------------------
  Seed: uu:px+py
  Seed uu: [0.+0.j 0.+0.j 0.+0.j 0.+0.j], Seed dd: [0.+0.j 0.+0.j 0.+0.j 0.+0.j]
F_onsite: 0j
F_swave: 0j, F_dwave: 0j
F_px: 0j, F_py: 0j
Free_energy = -21597.392587495517
------------------------------------------
[{'stable': {}, 'free': np.float64(-21597.392587495517)}]
------------------------------------------
  Seed: uu:px+ipy
  Seed uu: [0.+0.j 0.+0.j 0.+0.j 0.+0.j], Seed dd: [0.+0.j 0.+0.j 0.+0.j 0.+0.j]
F_onsite: 0j
F_swave: 0j, F_dwave: 0j
F_px: 0j, F_py: 0j
Free_energy = -21597.392587495517
------------------------------------------
[{'stable': {}, 'free': np.float64(-21597.392587495517)}]
------------------------------------------
  Seed: dd:px
  Seed uu: [0.+0.j 0.+0.j 0.+0.j 0.+0.j], Seed dd: [0.+0.j 0.+0.j 0.+0.j 0.+0.j]
F_onsite: 0j
F_swave: 0j, F_dwave: 0j
F_px: 0j, F_py: 0j
Free_energy = -21597.392587495517
------------------------------------------
[{'stable': {}, 'free': np.float64(-21597.392587495517)}]
------------------------------------------
  Seed: dd:px+py
  Seed uu: [0.+0.j 0.+0.j 0.+0.j 0.+0.j], Seed dd: [0.+0.j 0.+0.j 0.+0.j 0.+0.j]
F_onsite: 0j
F_swave: 0j, F_dwave: 0j
F_px: 0j, F_py: 0j
Free_energy = -21597.392587495517
------------------------------------------
[{'stable': {}, 'free': np.float64(-21597.392587495517)}]
------------------------------------------
  Seed: dd:px+ipy
  Seed uu: [0.+0.j 0.+0.j 0.+0.j 0.+0.j], Seed dd: [0.+0.j 0.+0.j 0.+0.j 0.+0.j]
F_onsite: 0j
F_swave: 0j, F_dwave: 0j
F_px: 0j, F_py: 0j
Free_energy = -21597.392587495517
------------------------------------------
[{'stable': {}, 'free': np.float64(-21597.392587495517)}]
------------------------------------------
  Seed: uu+dd:px
  Seed uu: [0.+0.j 0.+0.j 0.+0.j 0.+0.j], Seed dd: [0.+0.j 0.+0.j 0.+0.j 0.+0.j]
F_onsite: 0j
F_swave: 0j, F_dwave: 0j
F_px: 0j, F_py: 0j
Free_energy = -21597.392587495517
------------------------------------------
[{'stable': {}, 'free': np.float64(-21597.392587495517)}]
------------------------------------------
  Seed: uu+dd:px+py
  Seed uu: [0.+0.j 0.+0.j 0.+0.j 0.+0.j], Seed dd: [0.+0.j 0.+0.j 0.+0.j 0.+0.j]
F_onsite: 0j
F_swave: 0j, F_dwave: 0j
F_px: 0j, F_py: 0j
Free_energy = -21597.392587495517
------------------------------------------
[{'stable': {}, 'free': np.float64(-21597.392587495517)}]
------------------------------------------
  Seed: uu+dd:px+ipy
  Seed uu: [0.+0.j 0.+0.j 0.+0.j 0.+0.j], Seed dd: [0.+0.j 0.+0.j 0.+0.j 0.+0.j]
F_onsite: 0j
F_swave: 0j, F_dwave: 0j
F_px: 0j, F_py: 0j
Free_energy = -21597.392587495517
------------------------------------------
[{'stable': {}, 'free': np.float64(-21597.392587495517)}]
------------------------------------------
====================================
mu=3.84, T=0.0546
====================================
  Seed: normal state
  Seed uu: [0.+0.j 0.+0.j 0.+0.j 0.+0.j], Seed dd: [0.+0.j 0.+0.j 0.+0.j 0.+0.j]
F_onsite: 0j
F_swave: 0j, F_dwave: 0j
F_px: 0j, F_py: 0j
Free_energy = -21598.00140452339
------------------------------------------
[{'stable': {}, 'free': np.float64(-21598.00140452339)}]
------------------------------------------
  Seed: uu:px
  Seed uu: [0.+0.j 0.+0.j 0.+0.j 0.+0.j], Seed dd: [0.+0.j 0.+0.j 0.+0.j 0.+0.j]
F_onsite: 0j
F_swave: 0j, F_dwave: 0j
F_px: 0j, F_py: 0j
Free_energy = -21598.00140452339
------------------------------------------
[{'stable': {}, 'free': np.float64(-21598.00140452339)}]
------------------------------------------
  Seed: uu:px+py
  Seed uu: [0.+0.j 0.+0.j 0.+0.j 0.+0.j], Seed dd: [0.+0.j 0.+0.j 0.+0.j 0.+0.j]
F_onsite: 0j
F_swave: 0j, F_dwave: 0j
F_px: 0j, F_py: 0j
Free_energy = -21598.00140452339
------------------------------------------
[{'stable': {}, 'free': np.float64(-21598.00140452339)}]
------------------------------------------
  Seed: uu:px+ipy
  Seed uu: [0.+0.j 0.+0.j 0.+0.j 0.+0.j], Seed dd: [0.+0.j 0.+0.j 0.+0.j 0.+0.j]
F_onsite: 0j
F_swave: 0j, F_dwave: 0j
F_px: 0j, F_py: 0j
Free_energy = -21598.00140452339
------------------------------------------
[{'stable': {}, 'free': np.float64(-21598.00140452339)}]
------------------------------------------
  Seed: dd:px
  Seed uu: [0.+0.j 0.+0.j 0.+0.j 0.+0.j], Seed dd: [0.+0.j 0.+0.j 0.+0.j 0.+0.j]
F_onsite: 0j
F_swave: 0j, F_dwave: 0j
F_px: 0j, F_py: 0j
Free_energy = -21598.00140452339
------------------------------------------
[{'stable': {}, 'free': np.float64(-21598.00140452339)}]
------------------------------------------
  Seed: dd:px+py
  Seed uu: [0.+0.j 0.+0.j 0.+0.j 0.+0.j], Seed dd: [0.+0.j 0.+0.j 0.+0.j 0.+0.j]
F_onsite: 0j
F_swave: 0j, F_dwave: 0j
F_px: 0j, F_py: 0j
Free_energy = -21598.00140452339
------------------------------------------
[{'stable': {}, 'free': np.float64(-21598.00140452339)}]
------------------------------------------
  Seed: dd:px+ipy
  Seed uu: [0.+0.j 0.+0.j 0.+0.j 0.+0.j], Seed dd: [0.+0.j 0.+0.j 0.+0.j 0.+0.j]
F_onsite: 0j
F_swave: 0j, F_dwave: 0j
F_px: 0j, F_py: 0j
Free_energy = -21598.00140452339
------------------------------------------
[{'stable': {}, 'free': np.float64(-21598.00140452339)}]
------------------------------------------
  Seed: uu+dd:px
  Seed uu: [0.+0.j 0.+0.j 0.+0.j 0.+0.j], Seed dd: [0.+0.j 0.+0.j 0.+0.j 0.+0.j]
F_onsite: 0j
F_swave: 0j, F_dwave: 0j
F_px: 0j, F_py: 0j
Free_energy = -21598.00140452339
------------------------------------------
[{'stable': {}, 'free': np.float64(-21598.00140452339)}]
------------------------------------------
  Seed: uu+dd:px+py
  Seed uu: [0.+0.j 0.+0.j 0.+0.j 0.+0.j], Seed dd: [0.+0.j 0.+0.j 0.+0.j 0.+0.j]
F_onsite: 0j
F_swave: 0j, F_dwave: 0j
F_px: 0j, F_py: 0j
Free_energy = -21598.00140452339
------------------------------------------
[{'stable': {}, 'free': np.float64(-21598.00140452339)}]
------------------------------------------
  Seed: uu+dd:px+ipy
  Seed uu: [0.+0.j 0.+0.j 0.+0.j 0.+0.j], Seed dd: [0.+0.j 0.+0.j 0.+0.j 0.+0.j]
F_onsite: 0j
F_swave: 0j, F_dwave: 0j
F_px: 0j, F_py: 0j
Free_energy = -21598.00140452339
------------------------------------------
[{'stable': {}, 'free': np.float64(-21598.00140452339)}]
------------------------------------------
====================================
mu=3.84, T=0.0588
====================================
  Seed: normal state
  Seed uu: [0.+0.j 0.+0.j 0.+0.j 0.+0.j], Seed dd: [0.+0.j 0.+0.j 0.+0.j 0.+0.j]
F_onsite: 0j
F_swave: 0j, F_dwave: 0j
F_px: 0j, F_py: 0j
Free_energy = -21598.649066512615
------------------------------------------
[{'stable': {}, 'free': np.float64(-21598.649066512615)}]
------------------------------------------
  Seed: uu:px
  Seed uu: [0.+0.j 0.+0.j 0.+0.j 0.+0.j], Seed dd: [0.+0.j 0.+0.j 0.+0.j 0.+0.j]
F_onsite: 0j
F_swave: 0j, F_dwave: 0j
F_px: 0j, F_py: 0j
Free_energy = -21598.649066512615
------------------------------------------
[{'stable': {}, 'free': np.float64(-21598.649066512615)}]
------------------------------------------
  Seed: uu:px+py
  Seed uu: [0.+0.j 0.+0.j 0.+0.j 0.+0.j], Seed dd: [0.+0.j 0.+0.j 0.+0.j 0.+0.j]
F_onsite: 0j
F_swave: 0j, F_dwave: 0j
F_px: 0j, F_py: 0j
Free_energy = -21598.649066512615
------------------------------------------
[{'stable': {}, 'free': np.float64(-21598.649066512615)}]
------------------------------------------
  Seed: uu:px+ipy
  Seed uu: [0.+0.j 0.+0.j 0.+0.j 0.+0.j], Seed dd: [0.+0.j 0.+0.j 0.+0.j 0.+0.j]
F_onsite: 0j
F_swave: 0j, F_dwave: 0j
F_px: 0j, F_py: 0j
Free_energy = -21598.649066512615
------------------------------------------
[{'stable': {}, 'free': np.float64(-21598.649066512615)}]
------------------------------------------
  Seed: dd:px
  Seed uu: [0.+0.j 0.+0.j 0.+0.j 0.+0.j], Seed dd: [0.+0.j 0.+0.j 0.+0.j 0.+0.j]
F_onsite: 0j
F_swave: 0j, F_dwave: 0j
F_px: 0j, F_py: 0j
Free_energy = -21598.649066512615
------------------------------------------
[{'stable': {}, 'free': np.float64(-21598.649066512615)}]
------------------------------------------
  Seed: dd:px+py
  Seed uu: [0.+0.j 0.+0.j 0.+0.j 0.+0.j], Seed dd: [0.+0.j 0.+0.j 0.+0.j 0.+0.j]
F_onsite: 0j
F_swave: 0j, F_dwave: 0j
F_px: 0j, F_py: 0j
Free_energy = -21598.649066512615
------------------------------------------
[{'stable': {}, 'free': np.float64(-21598.649066512615)}]
------------------------------------------
  Seed: dd:px+ipy
  Seed uu: [0.+0.j 0.+0.j 0.+0.j 0.+0.j], Seed dd: [0.+0.j 0.+0.j 0.+0.j 0.+0.j]
F_onsite: 0j
F_swave: 0j, F_dwave: 0j
F_px: 0j, F_py: 0j
Free_energy = -21598.649066512615
------------------------------------------
[{'stable': {}, 'free': np.float64(-21598.649066512615)}]
------------------------------------------
  Seed: uu+dd:px
  Seed uu: [0.+0.j 0.+0.j 0.+0.j 0.+0.j], Seed dd: [0.+0.j 0.+0.j 0.+0.j 0.+0.j]
F_onsite: 0j
F_swave: 0j, F_dwave: 0j
F_px: 0j, F_py: 0j
Free_energy = -21598.649066512615
------------------------------------------
[{'stable': {}, 'free': np.float64(-21598.649066512615)}]
------------------------------------------
  Seed: uu+dd:px+py
  Seed uu: [0.+0.j 0.+0.j 0.+0.j 0.+0.j], Seed dd: [0.+0.j 0.+0.j 0.+0.j 0.+0.j]
F_onsite: 0j
F_swave: 0j, F_dwave: 0j
F_px: 0j, F_py: 0j
Free_energy = -21598.649066512615
------------------------------------------
[{'stable': {}, 'free': np.float64(-21598.649066512615)}]
------------------------------------------
  Seed: uu+dd:px+ipy
  Seed uu: [0.+0.j 0.+0.j 0.+0.j 0.+0.j], Seed dd: [0.+0.j 0.+0.j 0.+0.j 0.+0.j]
F_onsite: 0j
F_swave: 0j, F_dwave: 0j
F_px: 0j, F_py: 0j
Free_energy = -21598.649066512615
------------------------------------------
[{'stable': {}, 'free': np.float64(-21598.649066512615)}]
------------------------------------------
====================================
mu=3.84, T=0.0629
====================================
  Seed: normal state
  Seed uu: [0.+0.j 0.+0.j 0.+0.j 0.+0.j], Seed dd: [0.+0.j 0.+0.j 0.+0.j 0.+0.j]
F_onsite: 0j
F_swave: 0j, F_dwave: 0j
F_px: 0j, F_py: 0j
Free_energy = -21599.33427786008
------------------------------------------
[{'stable': {}, 'free': np.float64(-21599.33427786008)}]
------------------------------------------
  Seed: uu:px
  Seed uu: [0.+0.j 0.+0.j 0.+0.j 0.+0.j], Seed dd: [0.+0.j 0.+0.j 0.+0.j 0.+0.j]
F_onsite: 0j
F_swave: 0j, F_dwave: 0j
F_px: 0j, F_py: 0j
Free_energy = -21599.33427786008
------------------------------------------
[{'stable': {}, 'free': np.float64(-21599.33427786008)}]
------------------------------------------
  Seed: uu:px+py
  Seed uu: [0.+0.j 0.+0.j 0.+0.j 0.+0.j], Seed dd: [0.+0.j 0.+0.j 0.+0.j 0.+0.j]
F_onsite: 0j
F_swave: 0j, F_dwave: 0j
F_px: 0j, F_py: 0j
Free_energy = -21599.33427786008
------------------------------------------
[{'stable': {}, 'free': np.float64(-21599.33427786008)}]
------------------------------------------
  Seed: uu:px+ipy
  Seed uu: [0.+0.j 0.+0.j 0.+0.j 0.+0.j], Seed dd: [0.+0.j 0.+0.j 0.+0.j 0.+0.j]
F_onsite: 0j
F_swave: 0j, F_dwave: 0j
F_px: 0j, F_py: 0j
Free_energy = -21599.33427786008
------------------------------------------
[{'stable': {}, 'free': np.float64(-21599.33427786008)}]
------------------------------------------
  Seed: dd:px
  Seed uu: [0.+0.j 0.+0.j 0.+0.j 0.+0.j], Seed dd: [0.+0.j 0.+0.j 0.+0.j 0.+0.j]
F_onsite: 0j
F_swave: 0j, F_dwave: 0j
F_px: 0j, F_py: 0j
Free_energy = -21599.33427786008
------------------------------------------
[{'stable': {}, 'free': np.float64(-21599.33427786008)}]
------------------------------------------
  Seed: dd:px+py
  Seed uu: [0.+0.j 0.+0.j 0.+0.j 0.+0.j], Seed dd: [0.+0.j 0.+0.j 0.+0.j 0.+0.j]
F_onsite: 0j
F_swave: 0j, F_dwave: 0j
F_px: 0j, F_py: 0j
Free_energy = -21599.33427786008
------------------------------------------
[{'stable': {}, 'free': np.float64(-21599.33427786008)}]
------------------------------------------
  Seed: dd:px+ipy
  Seed uu: [0.+0.j 0.+0.j 0.+0.j 0.+0.j], Seed dd: [0.+0.j 0.+0.j 0.+0.j 0.+0.j]
F_onsite: 0j
F_swave: 0j, F_dwave: 0j
F_px: 0j, F_py: 0j
Free_energy = -21599.33427786008
------------------------------------------
[{'stable': {}, 'free': np.float64(-21599.33427786008)}]
------------------------------------------
  Seed: uu+dd:px
  Seed uu: [0.+0.j 0.+0.j 0.+0.j 0.+0.j], Seed dd: [0.+0.j 0.+0.j 0.+0.j 0.+0.j]
F_onsite: 0j
F_swave: 0j, F_dwave: 0j
F_px: 0j, F_py: 0j
Free_energy = -21599.33427786008
------------------------------------------
[{'stable': {}, 'free': np.float64(-21599.33427786008)}]
------------------------------------------
  Seed: uu+dd:px+py
  Seed uu: [0.+0.j 0.+0.j 0.+0.j 0.+0.j], Seed dd: [0.+0.j 0.+0.j 0.+0.j 0.+0.j]
F_onsite: 0j
F_swave: 0j, F_dwave: 0j
F_px: 0j, F_py: 0j
Free_energy = -21599.33427786008
------------------------------------------
[{'stable': {}, 'free': np.float64(-21599.33427786008)}]
------------------------------------------
  Seed: uu+dd:px+ipy
  Seed uu: [0.+0.j 0.+0.j 0.+0.j 0.+0.j], Seed dd: [0.+0.j 0.+0.j 0.+0.j 0.+0.j]
F_onsite: 0j
F_swave: 0j, F_dwave: 0j
F_px: 0j, F_py: 0j
Free_energy = -21599.33427786008
------------------------------------------
[{'stable': {}, 'free': np.float64(-21599.33427786008)}]
------------------------------------------
====================================
mu=3.84, T=0.0670
====================================
  Seed: normal state
  Seed uu: [0.+0.j 0.+0.j 0.+0.j 0.+0.j], Seed dd: [0.+0.j 0.+0.j 0.+0.j 0.+0.j]
F_onsite: 0j
F_swave: 0j, F_dwave: 0j
F_px: 0j, F_py: 0j
Free_energy = -21600.055880930013
------------------------------------------
[{'stable': {}, 'free': np.float64(-21600.055880930013)}]
------------------------------------------
  Seed: uu:px
  Seed uu: [0.+0.j 0.+0.j 0.+0.j 0.+0.j], Seed dd: [0.+0.j 0.+0.j 0.+0.j 0.+0.j]
F_onsite: 0j
F_swave: 0j, F_dwave: 0j
F_px: 0j, F_py: 0j
Free_energy = -21600.055880930013
------------------------------------------
[{'stable': {}, 'free': np.float64(-21600.055880930013)}]
------------------------------------------
  Seed: uu:px+py
  Seed uu: [0.+0.j 0.+0.j 0.+0.j 0.+0.j], Seed dd: [0.+0.j 0.+0.j 0.+0.j 0.+0.j]
F_onsite: 0j
F_swave: 0j, F_dwave: 0j
F_px: 0j, F_py: 0j
Free_energy = -21600.055880930013
------------------------------------------
[{'stable': {}, 'free': np.float64(-21600.055880930013)}]
------------------------------------------
  Seed: uu:px+ipy
  Seed uu: [0.+0.j 0.+0.j 0.+0.j 0.+0.j], Seed dd: [0.+0.j 0.+0.j 0.+0.j 0.+0.j]
F_onsite: 0j
F_swave: 0j, F_dwave: 0j
F_px: 0j, F_py: 0j
Free_energy = -21600.055880930013
------------------------------------------
[{'stable': {}, 'free': np.float64(-21600.055880930013)}]
------------------------------------------
  Seed: dd:px
  Seed uu: [0.+0.j 0.+0.j 0.+0.j 0.+0.j], Seed dd: [0.+0.j 0.+0.j 0.+0.j 0.+0.j]
F_onsite: 0j
F_swave: 0j, F_dwave: 0j
F_px: 0j, F_py: 0j
Free_energy = -21600.055880930013
------------------------------------------
[{'stable': {}, 'free': np.float64(-21600.055880930013)}]
------------------------------------------
  Seed: dd:px+py
  Seed uu: [0.+0.j 0.+0.j 0.+0.j 0.+0.j], Seed dd: [0.+0.j 0.+0.j 0.+0.j 0.+0.j]
F_onsite: 0j
F_swave: 0j, F_dwave: 0j
F_px: 0j, F_py: 0j
Free_energy = -21600.055880930013
------------------------------------------
[{'stable': {}, 'free': np.float64(-21600.055880930013)}]
------------------------------------------
  Seed: dd:px+ipy
  Seed uu: [0.+0.j 0.+0.j 0.+0.j 0.+0.j], Seed dd: [0.+0.j 0.+0.j 0.+0.j 0.+0.j]
F_onsite: 0j
F_swave: 0j, F_dwave: 0j
F_px: 0j, F_py: 0j
Free_energy = -21600.055880930013
------------------------------------------
[{'stable': {}, 'free': np.float64(-21600.055880930013)}]
------------------------------------------
  Seed: uu+dd:px
  Seed uu: [0.+0.j 0.+0.j 0.+0.j 0.+0.j], Seed dd: [0.+0.j 0.+0.j 0.+0.j 0.+0.j]
F_onsite: 0j
F_swave: 0j, F_dwave: 0j
F_px: 0j, F_py: 0j
Free_energy = -21600.055880930013
------------------------------------------
[{'stable': {}, 'free': np.float64(-21600.055880930013)}]
------------------------------------------
  Seed: uu+dd:px+py
  Seed uu: [0.+0.j 0.+0.j 0.+0.j 0.+0.j], Seed dd: [0.+0.j 0.+0.j 0.+0.j 0.+0.j]
F_onsite: 0j
F_swave: 0j, F_dwave: 0j
F_px: 0j, F_py: 0j
Free_energy = -21600.055880930013
------------------------------------------
[{'stable': {}, 'free': np.float64(-21600.055880930013)}]
------------------------------------------
  Seed: uu+dd:px+ipy
  Seed uu: [0.+0.j 0.+0.j 0.+0.j 0.+0.j], Seed dd: [0.+0.j 0.+0.j 0.+0.j 0.+0.j]
F_onsite: 0j
F_swave: 0j, F_dwave: 0j
F_px: 0j, F_py: 0j
Free_energy = -21600.055880930013
------------------------------------------
[{'stable': {}, 'free': np.float64(-21600.055880930013)}]
------------------------------------------
====================================
mu=3.84, T=0.0711
====================================
  Seed: normal state
  Seed uu: [0.+0.j 0.+0.j 0.+0.j 0.+0.j], Seed dd: [0.+0.j 0.+0.j 0.+0.j 0.+0.j]
F_onsite: 0j
F_swave: 0j, F_dwave: 0j
F_px: 0j, F_py: 0j
Free_energy = -21600.81284993585
------------------------------------------
[{'stable': {}, 'free': np.float64(-21600.81284993585)}]
------------------------------------------
  Seed: uu:px
  Seed uu: [0.+0.j 0.+0.j 0.+0.j 0.+0.j], Seed dd: [0.+0.j 0.+0.j 0.+0.j 0.+0.j]
F_onsite: 0j
F_swave: 0j, F_dwave: 0j
F_px: 0j, F_py: 0j
Free_energy = -21600.81284993585
------------------------------------------
[{'stable': {}, 'free': np.float64(-21600.81284993585)}]
------------------------------------------
  Seed: uu:px+py
  Seed uu: [0.+0.j 0.+0.j 0.+0.j 0.+0.j], Seed dd: [0.+0.j 0.+0.j 0.+0.j 0.+0.j]
F_onsite: 0j
F_swave: 0j, F_dwave: 0j
F_px: 0j, F_py: 0j
Free_energy = -21600.81284993585
------------------------------------------
[{'stable': {}, 'free': np.float64(-21600.81284993585)}]
------------------------------------------
  Seed: uu:px+ipy
  Seed uu: [0.+0.j 0.+0.j 0.+0.j 0.+0.j], Seed dd: [0.+0.j 0.+0.j 0.+0.j 0.+0.j]
F_onsite: 0j
F_swave: 0j, F_dwave: 0j
F_px: 0j, F_py: 0j
Free_energy = -21600.81284993585
------------------------------------------
[{'stable': {}, 'free': np.float64(-21600.81284993585)}]
------------------------------------------
  Seed: dd:px
  Seed uu: [0.+0.j 0.+0.j 0.+0.j 0.+0.j], Seed dd: [0.+0.j 0.+0.j 0.+0.j 0.+0.j]
F_onsite: 0j
F_swave: 0j, F_dwave: 0j
F_px: 0j, F_py: 0j
Free_energy = -21600.81284993585
------------------------------------------
[{'stable': {}, 'free': np.float64(-21600.81284993585)}]
------------------------------------------
  Seed: dd:px+py
  Seed uu: [0.+0.j 0.+0.j 0.+0.j 0.+0.j], Seed dd: [0.+0.j 0.+0.j 0.+0.j 0.+0.j]
F_onsite: 0j
F_swave: 0j, F_dwave: 0j
F_px: 0j, F_py: 0j
Free_energy = -21600.81284993585
------------------------------------------
[{'stable': {}, 'free': np.float64(-21600.81284993585)}]
------------------------------------------
  Seed: dd:px+ipy
  Seed uu: [0.+0.j 0.+0.j 0.+0.j 0.+0.j], Seed dd: [0.+0.j 0.+0.j 0.+0.j 0.+0.j]
F_onsite: 0j
F_swave: 0j, F_dwave: 0j
F_px: 0j, F_py: 0j
Free_energy = -21600.81284993585
------------------------------------------
[{'stable': {}, 'free': np.float64(-21600.81284993585)}]
------------------------------------------
  Seed: uu+dd:px
  Seed uu: [0.+0.j 0.+0.j 0.+0.j 0.+0.j], Seed dd: [0.+0.j 0.+0.j 0.+0.j 0.+0.j]
F_onsite: 0j
F_swave: 0j, F_dwave: 0j
F_px: 0j, F_py: 0j
Free_energy = -21600.81284993585
------------------------------------------
[{'stable': {}, 'free': np.float64(-21600.81284993585)}]
------------------------------------------
  Seed: uu+dd:px+py
  Seed uu: [0.+0.j 0.+0.j 0.+0.j 0.+0.j], Seed dd: [0.+0.j 0.+0.j 0.+0.j 0.+0.j]
F_onsite: 0j
F_swave: 0j, F_dwave: 0j
F_px: 0j, F_py: 0j
Free_energy = -21600.81284993585
------------------------------------------
[{'stable': {}, 'free': np.float64(-21600.81284993585)}]
------------------------------------------
  Seed: uu+dd:px+ipy
  Seed uu: [0.+0.j 0.+0.j 0.+0.j 0.+0.j], Seed dd: [0.+0.j 0.+0.j 0.+0.j 0.+0.j]
F_onsite: 0j
F_swave: 0j, F_dwave: 0j
F_px: 0j, F_py: 0j
Free_energy = -21600.81284993585
------------------------------------------
[{'stable': {}, 'free': np.float64(-21600.81284993585)}]
------------------------------------------
====================================
mu=3.84, T=0.0753
====================================
  Seed: normal state
  Seed uu: [0.+0.j 0.+0.j 0.+0.j 0.+0.j], Seed dd: [0.+0.j 0.+0.j 0.+0.j 0.+0.j]
F_onsite: 0j
F_swave: 0j, F_dwave: 0j
F_px: 0j, F_py: 0j
Free_energy = -21601.60428120158
------------------------------------------
[{'stable': {}, 'free': np.float64(-21601.60428120158)}]
------------------------------------------
  Seed: uu:px
  Seed uu: [0.+0.j 0.+0.j 0.+0.j 0.+0.j], Seed dd: [0.+0.j 0.+0.j 0.+0.j 0.+0.j]
F_onsite: 0j
F_swave: 0j, F_dwave: 0j
F_px: 0j, F_py: 0j
Free_energy = -21601.60428120158
------------------------------------------
[{'stable': {}, 'free': np.float64(-21601.60428120158)}]
------------------------------------------
  Seed: uu:px+py
  Seed uu: [0.+0.j 0.+0.j 0.+0.j 0.+0.j], Seed dd: [0.+0.j 0.+0.j 0.+0.j 0.+0.j]
F_onsite: 0j
F_swave: 0j, F_dwave: 0j
F_px: 0j, F_py: 0j
Free_energy = -21601.60428120158
------------------------------------------
[{'stable': {}, 'free': np.float64(-21601.60428120158)}]
------------------------------------------
  Seed: uu:px+ipy
  Seed uu: [0.+0.j 0.+0.j 0.+0.j 0.+0.j], Seed dd: [0.+0.j 0.+0.j 0.+0.j 0.+0.j]
F_onsite: 0j
F_swave: 0j, F_dwave: 0j
F_px: 0j, F_py: 0j
Free_energy = -21601.60428120158
------------------------------------------
[{'stable': {}, 'free': np.float64(-21601.60428120158)}]
------------------------------------------
  Seed: dd:px
  Seed uu: [0.+0.j 0.+0.j 0.+0.j 0.+0.j], Seed dd: [0.+0.j 0.+0.j 0.+0.j 0.+0.j]
F_onsite: 0j
F_swave: 0j, F_dwave: 0j
F_px: 0j, F_py: 0j
Free_energy = -21601.60428120158
------------------------------------------
[{'stable': {}, 'free': np.float64(-21601.60428120158)}]
------------------------------------------
  Seed: dd:px+py
  Seed uu: [0.+0.j 0.+0.j 0.+0.j 0.+0.j], Seed dd: [0.+0.j 0.+0.j 0.+0.j 0.+0.j]
F_onsite: 0j
F_swave: 0j, F_dwave: 0j
F_px: 0j, F_py: 0j
Free_energy = -21601.60428120158
------------------------------------------
[{'stable': {}, 'free': np.float64(-21601.60428120158)}]
------------------------------------------
  Seed: dd:px+ipy
  Seed uu: [0.+0.j 0.+0.j 0.+0.j 0.+0.j], Seed dd: [0.+0.j 0.+0.j 0.+0.j 0.+0.j]
F_onsite: 0j
F_swave: 0j, F_dwave: 0j
F_px: 0j, F_py: 0j
Free_energy = -21601.60428120158
------------------------------------------
[{'stable': {}, 'free': np.float64(-21601.60428120158)}]
------------------------------------------
  Seed: uu+dd:px
  Seed uu: [0.+0.j 0.+0.j 0.+0.j 0.+0.j], Seed dd: [0.+0.j 0.+0.j 0.+0.j 0.+0.j]
F_onsite: 0j
F_swave: 0j, F_dwave: 0j
F_px: 0j, F_py: 0j
Free_energy = -21601.60428120158
------------------------------------------
[{'stable': {}, 'free': np.float64(-21601.60428120158)}]
------------------------------------------
  Seed: uu+dd:px+py
  Seed uu: [0.+0.j 0.+0.j 0.+0.j 0.+0.j], Seed dd: [0.+0.j 0.+0.j 0.+0.j 0.+0.j]
F_onsite: 0j
F_swave: 0j, F_dwave: 0j
F_px: 0j, F_py: 0j
Free_energy = -21601.60428120158
------------------------------------------
[{'stable': {}, 'free': np.float64(-21601.60428120158)}]
------------------------------------------
  Seed: uu+dd:px+ipy
  Seed uu: [0.+0.j 0.+0.j 0.+0.j 0.+0.j], Seed dd: [0.+0.j 0.+0.j 0.+0.j 0.+0.j]
F_onsite: 0j
F_swave: 0j, F_dwave: 0j
F_px: 0j, F_py: 0j
Free_energy = -21601.60428120158
------------------------------------------
[{'stable': {}, 'free': np.float64(-21601.60428120158)}]
------------------------------------------
====================================
mu=3.84, T=0.0794
====================================
  Seed: normal state
  Seed uu: [0.+0.j 0.+0.j 0.+0.j 0.+0.j], Seed dd: [0.+0.j 0.+0.j 0.+0.j 0.+0.j]
F_onsite: 0j
F_swave: 0j, F_dwave: 0j
F_px: 0j, F_py: 0j
Free_energy = -21602.42938183979
------------------------------------------
[{'stable': {}, 'free': np.float64(-21602.42938183979)}]
------------------------------------------
  Seed: uu:px
  Seed uu: [0.+0.j 0.+0.j 0.+0.j 0.+0.j], Seed dd: [0.+0.j 0.+0.j 0.+0.j 0.+0.j]
F_onsite: 0j
F_swave: 0j, F_dwave: 0j
F_px: 0j, F_py: 0j
Free_energy = -21602.42938183979
------------------------------------------
[{'stable': {}, 'free': np.float64(-21602.42938183979)}]
------------------------------------------
  Seed: uu:px+py
  Seed uu: [0.+0.j 0.+0.j 0.+0.j 0.+0.j], Seed dd: [0.+0.j 0.+0.j 0.+0.j 0.+0.j]
F_onsite: 0j
F_swave: 0j, F_dwave: 0j
F_px: 0j, F_py: 0j
Free_energy = -21602.42938183979
------------------------------------------
[{'stable': {}, 'free': np.float64(-21602.42938183979)}]
------------------------------------------
  Seed: uu:px+ipy
  Seed uu: [0.+0.j 0.+0.j 0.+0.j 0.+0.j], Seed dd: [0.+0.j 0.+0.j 0.+0.j 0.+0.j]
F_onsite: 0j
F_swave: 0j, F_dwave: 0j
F_px: 0j, F_py: 0j
Free_energy = -21602.42938183979
------------------------------------------
[{'stable': {}, 'free': np.float64(-21602.42938183979)}]
------------------------------------------
  Seed: dd:px
  Seed uu: [0.+0.j 0.+0.j 0.+0.j 0.+0.j], Seed dd: [0.+0.j 0.+0.j 0.+0.j 0.+0.j]
F_onsite: 0j
F_swave: 0j, F_dwave: 0j
F_px: 0j, F_py: 0j
Free_energy = -21602.42938183979
------------------------------------------
[{'stable': {}, 'free': np.float64(-21602.42938183979)}]
------------------------------------------
  Seed: dd:px+py
  Seed uu: [0.+0.j 0.+0.j 0.+0.j 0.+0.j], Seed dd: [0.+0.j 0.+0.j 0.+0.j 0.+0.j]
F_onsite: 0j
F_swave: 0j, F_dwave: 0j
F_px: 0j, F_py: 0j
Free_energy = -21602.42938183979
------------------------------------------
[{'stable': {}, 'free': np.float64(-21602.42938183979)}]
------------------------------------------
  Seed: dd:px+ipy
  Seed uu: [0.+0.j 0.+0.j 0.+0.j 0.+0.j], Seed dd: [0.+0.j 0.+0.j 0.+0.j 0.+0.j]
F_onsite: 0j
F_swave: 0j, F_dwave: 0j
F_px: 0j, F_py: 0j
Free_energy = -21602.42938183979
------------------------------------------
[{'stable': {}, 'free': np.float64(-21602.42938183979)}]
------------------------------------------
  Seed: uu+dd:px
  Seed uu: [0.+0.j 0.+0.j 0.+0.j 0.+0.j], Seed dd: [0.+0.j 0.+0.j 0.+0.j 0.+0.j]
F_onsite: 0j
F_swave: 0j, F_dwave: 0j
F_px: 0j, F_py: 0j
Free_energy = -21602.42938183979
------------------------------------------
[{'stable': {}, 'free': np.float64(-21602.42938183979)}]
------------------------------------------
  Seed: uu+dd:px+py
  Seed uu: [0.+0.j 0.+0.j 0.+0.j 0.+0.j], Seed dd: [0.+0.j 0.+0.j 0.+0.j 0.+0.j]
F_onsite: 0j
F_swave: 0j, F_dwave: 0j
F_px: 0j, F_py: 0j
Free_energy = -21602.42938183979
------------------------------------------
[{'stable': {}, 'free': np.float64(-21602.42938183979)}]
------------------------------------------
  Seed: uu+dd:px+ipy
  Seed uu: [0.+0.j 0.+0.j 0.+0.j 0.+0.j], Seed dd: [0.+0.j 0.+0.j 0.+0.j 0.+0.j]
F_onsite: 0j
F_swave: 0j, F_dwave: 0j
F_px: 0j, F_py: 0j
Free_energy = -21602.42938183979
------------------------------------------
[{'stable': {}, 'free': np.float64(-21602.42938183979)}]
------------------------------------------
====================================
mu=3.84, T=0.0835
====================================
  Seed: normal state
  Seed uu: [0.+0.j 0.+0.j 0.+0.j 0.+0.j], Seed dd: [0.+0.j 0.+0.j 0.+0.j 0.+0.j]
F_onsite: 0j
F_swave: 0j, F_dwave: 0j
F_px: 0j, F_py: 0j
Free_energy = -21603.28745810743
------------------------------------------
[{'stable': {}, 'free': np.float64(-21603.28745810743)}]
------------------------------------------
  Seed: uu:px
  Seed uu: [0.+0.j 0.+0.j 0.+0.j 0.+0.j], Seed dd: [0.+0.j 0.+0.j 0.+0.j 0.+0.j]
F_onsite: 0j
F_swave: 0j, F_dwave: 0j
F_px: 0j, F_py: 0j
Free_energy = -21603.28745810743
------------------------------------------
[{'stable': {}, 'free': np.float64(-21603.28745810743)}]
------------------------------------------
  Seed: uu:px+py
  Seed uu: [0.+0.j 0.+0.j 0.+0.j 0.+0.j], Seed dd: [0.+0.j 0.+0.j 0.+0.j 0.+0.j]
F_onsite: 0j
F_swave: 0j, F_dwave: 0j
F_px: 0j, F_py: 0j
Free_energy = -21603.28745810743
------------------------------------------
[{'stable': {}, 'free': np.float64(-21603.28745810743)}]
------------------------------------------
  Seed: uu:px+ipy
  Seed uu: [0.+0.j 0.+0.j 0.+0.j 0.+0.j], Seed dd: [0.+0.j 0.+0.j 0.+0.j 0.+0.j]
F_onsite: 0j
F_swave: 0j, F_dwave: 0j
F_px: 0j, F_py: 0j
Free_energy = -21603.28745810743
------------------------------------------
[{'stable': {}, 'free': np.float64(-21603.28745810743)}]
------------------------------------------
  Seed: dd:px
  Seed uu: [0.+0.j 0.+0.j 0.+0.j 0.+0.j], Seed dd: [0.+0.j 0.+0.j 0.+0.j 0.+0.j]
F_onsite: 0j
F_swave: 0j, F_dwave: 0j
F_px: 0j, F_py: 0j
Free_energy = -21603.28745810743
------------------------------------------
[{'stable': {}, 'free': np.float64(-21603.28745810743)}]
------------------------------------------
  Seed: dd:px+py
  Seed uu: [0.+0.j 0.+0.j 0.+0.j 0.+0.j], Seed dd: [0.+0.j 0.+0.j 0.+0.j 0.+0.j]
F_onsite: 0j
F_swave: 0j, F_dwave: 0j
F_px: 0j, F_py: 0j
Free_energy = -21603.28745810743
------------------------------------------
[{'stable': {}, 'free': np.float64(-21603.28745810743)}]
------------------------------------------
  Seed: dd:px+ipy
  Seed uu: [0.+0.j 0.+0.j 0.+0.j 0.+0.j], Seed dd: [0.+0.j 0.+0.j 0.+0.j 0.+0.j]
F_onsite: 0j
F_swave: 0j, F_dwave: 0j
F_px: 0j, F_py: 0j
Free_energy = -21603.28745810743
------------------------------------------
[{'stable': {}, 'free': np.float64(-21603.28745810743)}]
------------------------------------------
  Seed: uu+dd:px
  Seed uu: [0.+0.j 0.+0.j 0.+0.j 0.+0.j], Seed dd: [0.+0.j 0.+0.j 0.+0.j 0.+0.j]
F_onsite: 0j
F_swave: 0j, F_dwave: 0j
F_px: 0j, F_py: 0j
Free_energy = -21603.28745810743
------------------------------------------
[{'stable': {}, 'free': np.float64(-21603.28745810743)}]
------------------------------------------
  Seed: uu+dd:px+py
  Seed uu: [0.+0.j 0.+0.j 0.+0.j 0.+0.j], Seed dd: [0.+0.j 0.+0.j 0.+0.j 0.+0.j]
F_onsite: 0j
F_swave: 0j, F_dwave: 0j
F_px: 0j, F_py: 0j
Free_energy = -21603.28745810743
------------------------------------------
[{'stable': {}, 'free': np.float64(-21603.28745810743)}]
------------------------------------------
  Seed: uu+dd:px+ipy
  Seed uu: [0.+0.j 0.+0.j 0.+0.j 0.+0.j], Seed dd: [0.+0.j 0.+0.j 0.+0.j 0.+0.j]
F_onsite: 0j
F_swave: 0j, F_dwave: 0j
F_px: 0j, F_py: 0j
Free_energy = -21603.28745810743
------------------------------------------
[{'stable': {}, 'free': np.float64(-21603.28745810743)}]
------------------------------------------
====================================
mu=3.84, T=0.0876
====================================
  Seed: normal state
  Seed uu: [0.+0.j 0.+0.j 0.+0.j 0.+0.j], Seed dd: [0.+0.j 0.+0.j 0.+0.j 0.+0.j]
F_onsite: 0j
F_swave: 0j, F_dwave: 0j
F_px: 0j, F_py: 0j
Free_energy = -21604.17790416725
------------------------------------------
[{'stable': {}, 'free': np.float64(-21604.17790416725)}]
------------------------------------------
  Seed: uu:px
  Seed uu: [0.+0.j 0.+0.j 0.+0.j 0.+0.j], Seed dd: [0.+0.j 0.+0.j 0.+0.j 0.+0.j]
F_onsite: 0j
F_swave: 0j, F_dwave: 0j
F_px: 0j, F_py: 0j
Free_energy = -21604.17790416725
------------------------------------------
[{'stable': {}, 'free': np.float64(-21604.17790416725)}]
------------------------------------------
  Seed: uu:px+py
  Seed uu: [0.+0.j 0.+0.j 0.+0.j 0.+0.j], Seed dd: [0.+0.j 0.+0.j 0.+0.j 0.+0.j]
F_onsite: 0j
F_swave: 0j, F_dwave: 0j
F_px: 0j, F_py: 0j
Free_energy = -21604.17790416725
------------------------------------------
[{'stable': {}, 'free': np.float64(-21604.17790416725)}]
------------------------------------------
  Seed: uu:px+ipy
  Seed uu: [0.+0.j 0.+0.j 0.+0.j 0.+0.j], Seed dd: [0.+0.j 0.+0.j 0.+0.j 0.+0.j]
F_onsite: 0j
F_swave: 0j, F_dwave: 0j
F_px: 0j, F_py: 0j
Free_energy = -21604.17790416725
------------------------------------------
[{'stable': {}, 'free': np.float64(-21604.17790416725)}]
------------------------------------------
  Seed: dd:px
  Seed uu: [0.+0.j 0.+0.j 0.+0.j 0.+0.j], Seed dd: [0.+0.j 0.+0.j 0.+0.j 0.+0.j]
F_onsite: 0j
F_swave: 0j, F_dwave: 0j
F_px: 0j, F_py: 0j
Free_energy = -21604.17790416725
------------------------------------------
[{'stable': {}, 'free': np.float64(-21604.17790416725)}]
------------------------------------------
  Seed: dd:px+py
  Seed uu: [0.+0.j 0.+0.j 0.+0.j 0.+0.j], Seed dd: [0.+0.j 0.+0.j 0.+0.j 0.+0.j]
F_onsite: 0j
F_swave: 0j, F_dwave: 0j
F_px: 0j, F_py: 0j
Free_energy = -21604.17790416725
------------------------------------------
[{'stable': {}, 'free': np.float64(-21604.17790416725)}]
------------------------------------------
  Seed: dd:px+ipy
  Seed uu: [0.+0.j 0.+0.j 0.+0.j 0.+0.j], Seed dd: [0.+0.j 0.+0.j 0.+0.j 0.+0.j]
F_onsite: 0j
F_swave: 0j, F_dwave: 0j
F_px: 0j, F_py: 0j
Free_energy = -21604.17790416725
------------------------------------------
[{'stable': {}, 'free': np.float64(-21604.17790416725)}]
------------------------------------------
  Seed: uu+dd:px
  Seed uu: [0.+0.j 0.+0.j 0.+0.j 0.+0.j], Seed dd: [0.+0.j 0.+0.j 0.+0.j 0.+0.j]
F_onsite: 0j
F_swave: 0j, F_dwave: 0j
F_px: 0j, F_py: 0j
Free_energy = -21604.17790416725
------------------------------------------
[{'stable': {}, 'free': np.float64(-21604.17790416725)}]
------------------------------------------
  Seed: uu+dd:px+py
  Seed uu: [0.+0.j 0.+0.j 0.+0.j 0.+0.j], Seed dd: [0.+0.j 0.+0.j 0.+0.j 0.+0.j]
F_onsite: 0j
F_swave: 0j, F_dwave: 0j
F_px: 0j, F_py: 0j
Free_energy = -21604.17790416725
------------------------------------------
[{'stable': {}, 'free': np.float64(-21604.17790416725)}]
------------------------------------------
  Seed: uu+dd:px+ipy
  Seed uu: [0.+0.j 0.+0.j 0.+0.j 0.+0.j], Seed dd: [0.+0.j 0.+0.j 0.+0.j 0.+0.j]
F_onsite: 0j
F_swave: 0j, F_dwave: 0j
F_px: 0j, F_py: 0j
Free_energy = -21604.17790416725
------------------------------------------
[{'stable': {}, 'free': np.float64(-21604.17790416725)}]
------------------------------------------
====================================
mu=3.84, T=0.0917
====================================
  Seed: normal state
  Seed uu: [0.+0.j 0.+0.j 0.+0.j 0.+0.j], Seed dd: [0.+0.j 0.+0.j 0.+0.j 0.+0.j]
F_onsite: 0j
F_swave: 0j, F_dwave: 0j
F_px: 0j, F_py: 0j
Free_energy = -21605.100191645473
------------------------------------------
[{'stable': {}, 'free': np.float64(-21605.100191645473)}]
------------------------------------------
  Seed: uu:px
  Seed uu: [0.+0.j 0.+0.j 0.+0.j 0.+0.j], Seed dd: [0.+0.j 0.+0.j 0.+0.j 0.+0.j]
F_onsite: 0j
F_swave: 0j, F_dwave: 0j
F_px: 0j, F_py: 0j
Free_energy = -21605.100191645473
------------------------------------------
[{'stable': {}, 'free': np.float64(-21605.100191645473)}]
------------------------------------------
  Seed: uu:px+py
  Seed uu: [0.+0.j 0.+0.j 0.+0.j 0.+0.j], Seed dd: [0.+0.j 0.+0.j 0.+0.j 0.+0.j]
F_onsite: 0j
F_swave: 0j, F_dwave: 0j
F_px: 0j, F_py: 0j
Free_energy = -21605.100191645473
------------------------------------------
[{'stable': {}, 'free': np.float64(-21605.100191645473)}]
------------------------------------------
  Seed: uu:px+ipy
  Seed uu: [0.+0.j 0.+0.j 0.+0.j 0.+0.j], Seed dd: [0.+0.j 0.+0.j 0.+0.j 0.+0.j]
F_onsite: 0j
F_swave: 0j, F_dwave: 0j
F_px: 0j, F_py: 0j
Free_energy = -21605.100191645473
------------------------------------------
[{'stable': {}, 'free': np.float64(-21605.100191645473)}]
------------------------------------------
  Seed: dd:px
  Seed uu: [0.+0.j 0.+0.j 0.+0.j 0.+0.j], Seed dd: [0.+0.j 0.+0.j 0.+0.j 0.+0.j]
F_onsite: 0j
F_swave: 0j, F_dwave: 0j
F_px: 0j, F_py: 0j
Free_energy = -21605.100191645473
------------------------------------------
[{'stable': {}, 'free': np.float64(-21605.100191645473)}]
------------------------------------------
  Seed: dd:px+py
  Seed uu: [0.+0.j 0.+0.j 0.+0.j 0.+0.j], Seed dd: [0.+0.j 0.+0.j 0.+0.j 0.+0.j]
F_onsite: 0j
F_swave: 0j, F_dwave: 0j
F_px: 0j, F_py: 0j
Free_energy = -21605.100191645473
------------------------------------------
[{'stable': {}, 'free': np.float64(-21605.100191645473)}]
------------------------------------------
  Seed: dd:px+ipy
  Seed uu: [0.+0.j 0.+0.j 0.+0.j 0.+0.j], Seed dd: [0.+0.j 0.+0.j 0.+0.j 0.+0.j]
F_onsite: 0j
F_swave: 0j, F_dwave: 0j
F_px: 0j, F_py: 0j
Free_energy = -21605.100191645473
------------------------------------------
[{'stable': {}, 'free': np.float64(-21605.100191645473)}]
------------------------------------------
  Seed: uu+dd:px
  Seed uu: [0.+0.j 0.+0.j 0.+0.j 0.+0.j], Seed dd: [0.+0.j 0.+0.j 0.+0.j 0.+0.j]
F_onsite: 0j
F_swave: 0j, F_dwave: 0j
F_px: 0j, F_py: 0j
Free_energy = -21605.100191645473
------------------------------------------
[{'stable': {}, 'free': np.float64(-21605.100191645473)}]
------------------------------------------
  Seed: uu+dd:px+py
  Seed uu: [0.+0.j 0.+0.j 0.+0.j 0.+0.j], Seed dd: [0.+0.j 0.+0.j 0.+0.j 0.+0.j]
F_onsite: 0j
F_swave: 0j, F_dwave: 0j
F_px: 0j, F_py: 0j
Free_energy = -21605.100191645473
------------------------------------------
[{'stable': {}, 'free': np.float64(-21605.100191645473)}]
------------------------------------------
  Seed: uu+dd:px+ipy
  Seed uu: [0.+0.j 0.+0.j 0.+0.j 0.+0.j], Seed dd: [0.+0.j 0.+0.j 0.+0.j 0.+0.j]
F_onsite: 0j
F_swave: 0j, F_dwave: 0j
F_px: 0j, F_py: 0j
Free_energy = -21605.100191645473
------------------------------------------
[{'stable': {}, 'free': np.float64(-21605.100191645473)}]
------------------------------------------
====================================
mu=3.84, T=0.0959
====================================
  Seed: normal state
  Seed uu: [0.+0.j 0.+0.j 0.+0.j 0.+0.j], Seed dd: [0.+0.j 0.+0.j 0.+0.j 0.+0.j]
F_onsite: 0j
F_swave: 0j, F_dwave: 0j
F_px: 0j, F_py: 0j
Free_energy = -21606.053860162716
------------------------------------------
[{'stable': {}, 'free': np.float64(-21606.053860162716)}]
------------------------------------------
  Seed: uu:px
  Seed uu: [0.+0.j 0.+0.j 0.+0.j 0.+0.j], Seed dd: [0.+0.j 0.+0.j 0.+0.j 0.+0.j]
F_onsite: 0j
F_swave: 0j, F_dwave: 0j
F_px: 0j, F_py: 0j
Free_energy = -21606.053860162716
------------------------------------------
[{'stable': {}, 'free': np.float64(-21606.053860162716)}]
------------------------------------------
  Seed: uu:px+py
  Seed uu: [0.+0.j 0.+0.j 0.+0.j 0.+0.j], Seed dd: [0.+0.j 0.+0.j 0.+0.j 0.+0.j]
F_onsite: 0j
F_swave: 0j, F_dwave: 0j
F_px: 0j, F_py: 0j
Free_energy = -21606.053860162716
------------------------------------------
[{'stable': {}, 'free': np.float64(-21606.053860162716)}]
------------------------------------------
  Seed: uu:px+ipy
  Seed uu: [0.+0.j 0.+0.j 0.+0.j 0.+0.j], Seed dd: [0.+0.j 0.+0.j 0.+0.j 0.+0.j]
F_onsite: 0j
F_swave: 0j, F_dwave: 0j
F_px: 0j, F_py: 0j
Free_energy = -21606.053860162716
------------------------------------------
[{'stable': {}, 'free': np.float64(-21606.053860162716)}]
------------------------------------------
  Seed: dd:px
  Seed uu: [0.+0.j 0.+0.j 0.+0.j 0.+0.j], Seed dd: [0.+0.j 0.+0.j 0.+0.j 0.+0.j]
F_onsite: 0j
F_swave: 0j, F_dwave: 0j
F_px: 0j, F_py: 0j
Free_energy = -21606.053860162716
------------------------------------------
[{'stable': {}, 'free': np.float64(-21606.053860162716)}]
------------------------------------------
  Seed: dd:px+py
  Seed uu: [0.+0.j 0.+0.j 0.+0.j 0.+0.j], Seed dd: [0.+0.j 0.+0.j 0.+0.j 0.+0.j]
F_onsite: 0j
F_swave: 0j, F_dwave: 0j
F_px: 0j, F_py: 0j
Free_energy = -21606.053860162716
------------------------------------------
[{'stable': {}, 'free': np.float64(-21606.053860162716)}]
------------------------------------------
  Seed: dd:px+ipy
  Seed uu: [0.+0.j 0.+0.j 0.+0.j 0.+0.j], Seed dd: [0.+0.j 0.+0.j 0.+0.j 0.+0.j]
F_onsite: 0j
F_swave: 0j, F_dwave: 0j
F_px: 0j, F_py: 0j
Free_energy = -21606.053860162716
------------------------------------------
[{'stable': {}, 'free': np.float64(-21606.053860162716)}]
------------------------------------------
  Seed: uu+dd:px
  Seed uu: [0.+0.j 0.+0.j 0.+0.j 0.+0.j], Seed dd: [0.+0.j 0.+0.j 0.+0.j 0.+0.j]
F_onsite: 0j
F_swave: 0j, F_dwave: 0j
F_px: 0j, F_py: 0j
Free_energy = -21606.053860162716
------------------------------------------
[{'stable': {}, 'free': np.float64(-21606.053860162716)}]
------------------------------------------
  Seed: uu+dd:px+py
  Seed uu: [0.+0.j 0.+0.j 0.+0.j 0.+0.j], Seed dd: [0.+0.j 0.+0.j 0.+0.j 0.+0.j]
F_onsite: 0j
F_swave: 0j, F_dwave: 0j
F_px: 0j, F_py: 0j
Free_energy = -21606.053860162716
------------------------------------------
[{'stable': {}, 'free': np.float64(-21606.053860162716)}]
------------------------------------------
  Seed: uu+dd:px+ipy
  Seed uu: [0.+0.j 0.+0.j 0.+0.j 0.+0.j], Seed dd: [0.+0.j 0.+0.j 0.+0.j 0.+0.j]
F_onsite: 0j
F_swave: 0j, F_dwave: 0j
F_px: 0j, F_py: 0j
Free_energy = -21606.053860162716
------------------------------------------
[{'stable': {}, 'free': np.float64(-21606.053860162716)}]
------------------------------------------
====================================
mu=3.84, T=0.1000
====================================
  Seed: normal state
  Seed uu: [0.+0.j 0.+0.j 0.+0.j 0.+0.j], Seed dd: [0.+0.j 0.+0.j 0.+0.j 0.+0.j]
F_onsite: 0j
F_swave: 0j, F_dwave: 0j
F_px: 0j, F_py: 0j
Free_energy = -21607.03850888424
------------------------------------------
[{'stable': {}, 'free': np.float64(-21607.03850888424)}]
------------------------------------------
  Seed: uu:px
  Seed uu: [0.+0.j 0.+0.j 0.+0.j 0.+0.j], Seed dd: [0.+0.j 0.+0.j 0.+0.j 0.+0.j]
F_onsite: 0j
F_swave: 0j, F_dwave: 0j
F_px: 0j, F_py: 0j
Free_energy = -21607.03850888424
------------------------------------------
[{'stable': {}, 'free': np.float64(-21607.03850888424)}]
------------------------------------------
  Seed: uu:px+py
  Seed uu: [0.+0.j 0.+0.j 0.+0.j 0.+0.j], Seed dd: [0.+0.j 0.+0.j 0.+0.j 0.+0.j]
F_onsite: 0j
F_swave: 0j, F_dwave: 0j
F_px: 0j, F_py: 0j
Free_energy = -21607.03850888424
------------------------------------------
[{'stable': {}, 'free': np.float64(-21607.03850888424)}]
------------------------------------------
  Seed: uu:px+ipy
  Seed uu: [0.+0.j 0.+0.j 0.+0.j 0.+0.j], Seed dd: [0.+0.j 0.+0.j 0.+0.j 0.+0.j]
F_onsite: 0j
F_swave: 0j, F_dwave: 0j
F_px: 0j, F_py: 0j
Free_energy = -21607.03850888424
------------------------------------------
[{'stable': {}, 'free': np.float64(-21607.03850888424)}]
------------------------------------------
  Seed: dd:px
  Seed uu: [0.+0.j 0.+0.j 0.+0.j 0.+0.j], Seed dd: [0.+0.j 0.+0.j 0.+0.j 0.+0.j]
F_onsite: 0j
F_swave: 0j, F_dwave: 0j
F_px: 0j, F_py: 0j
Free_energy = -21607.03850888424
------------------------------------------
[{'stable': {}, 'free': np.float64(-21607.03850888424)}]
------------------------------------------
  Seed: dd:px+py
  Seed uu: [0.+0.j 0.+0.j 0.+0.j 0.+0.j], Seed dd: [0.+0.j 0.+0.j 0.+0.j 0.+0.j]
F_onsite: 0j
F_swave: 0j, F_dwave: 0j
F_px: 0j, F_py: 0j
Free_energy = -21607.03850888424
------------------------------------------
[{'stable': {}, 'free': np.float64(-21607.03850888424)}]
------------------------------------------
  Seed: dd:px+ipy
  Seed uu: [0.+0.j 0.+0.j 0.+0.j 0.+0.j], Seed dd: [0.+0.j 0.+0.j 0.+0.j 0.+0.j]
F_onsite: 0j
F_swave: 0j, F_dwave: 0j
F_px: 0j, F_py: 0j
Free_energy = -21607.03850888424
------------------------------------------
[{'stable': {}, 'free': np.float64(-21607.03850888424)}]
------------------------------------------
  Seed: uu+dd:px
  Seed uu: [0.+0.j 0.+0.j 0.+0.j 0.+0.j], Seed dd: [0.+0.j 0.+0.j 0.+0.j 0.+0.j]
F_onsite: 0j
F_swave: 0j, F_dwave: 0j
F_px: 0j, F_py: 0j
Free_energy = -21607.03850888424
------------------------------------------
[{'stable': {}, 'free': np.float64(-21607.03850888424)}]
------------------------------------------
  Seed: uu+dd:px+py
  Seed uu: [0.+0.j 0.+0.j 0.+0.j 0.+0.j], Seed dd: [0.+0.j 0.+0.j 0.+0.j 0.+0.j]
F_onsite: 0j
F_swave: 0j, F_dwave: 0j
F_px: 0j, F_py: 0j
Free_energy = -21607.03850888424
------------------------------------------
[{'stable': {}, 'free': np.float64(-21607.03850888424)}]
------------------------------------------
  Seed: uu+dd:px+ipy
  Seed uu: [0.+0.j 0.+0.j 0.+0.j 0.+0.j], Seed dd: [0.+0.j 0.+0.j 0.+0.j 0.+0.j]
F_onsite: 0j
F_swave: 0j, F_dwave: 0j
F_px: 0j, F_py: 0j
Free_energy = -21607.03850888424
------------------------------------------
[{'stable': {}, 'free': np.float64(-21607.03850888424)}]
------------------------------------------
