/home/emilssp/D1/venv/bin/python
Python 3.10.12
Running job 22 out of 25
====================================
mu=4.13, T=0.0010
====================================
  Seed: normal state
  Seed uu: [0.+0.j 0.+0.j 0.+0.j 0.+0.j], Seed dd: [0.+0.j 0.+0.j 0.+0.j 0.+0.j]
F_onsite: 0j
F_swave: 0j, F_dwave: 0j
F_px: 0j, F_py: 0j
Free_energy = -23203.59375000001
------------------------------------------
[{'stable': {}, 'free': np.float64(-23203.59375000001)}]
------------------------------------------
  Seed: uu:px
  Seed uu: [ 0.1+0.j -0.1+0.j  0. +0.j  0. +0.j], Seed dd: [0.+0.j 0.+0.j 0.+0.j 0.+0.j]
F_onsite: (-4.227863942797088e-87-1.2168685204198803e-86j)
F_swave: (4.198260517834148e-87+1.2083480295948654e-86j), F_dwave: (2.9603424962939766e-89+8.52049082501488e-89j)
F_px: (1.7859177988785547e-102+0j), F_py: (-2.029356380687016e-87+7.050755710264704e-88j)
Free_energy = -23203.593750000007
------------------------------------------
[{'stable': {}, 'free': np.float64(-23203.59375000001)}]
------------------------------------------
  Seed: uu:px+py
  Seed uu: [ 0.1+0.j -0.1+0.j  0.1+0.j -0.1+0.j], Seed dd: [0.+0.j 0.+0.j 0.+0.j 0.+0.j]
F_onsite: (5.2617054096326314e-92-1.686756931716232e-77j)
F_swave: (-5.249470062989268e-92+1.6837990847305305e-77j), F_dwave: (-1.1985091468012028e-94+2.9578469857015637e-80j)
F_px: (2.065681477365892e-93+0j), F_py: (1.4114418227184846e-78+5.752843904645773e-93j)
Free_energy = -23203.59375000001
------------------------------------------
[{'stable': {}, 'free': np.float64(-23203.59375000001)}]
------------------------------------------
  Seed: uu:px+ipy
  Seed uu: [ 0.1+0.j  -0.1+0.j   0. +0.1j -0. -0.1j], Seed dd: [0.+0.j 0.+0.j 0.+0.j 0.+0.j]
F_onsite: (-8.578765092541087e-91-1.220798851804226e-89j)
F_swave: (8.501077230458317e-91+1.2101100841710475e-89j), F_dwave: (4.908702282146368e-93+6.407254231857934e-92j)
F_px: (2.822883645435947e-78+8.150460796527257e-92j), F_py: (-3.0088540645101106e-91-3.2963415792408177e-90j)
Free_energy = -23203.59375000001
------------------------------------------
[{'stable': {}, 'free': np.float64(-23203.59375000001)}]
------------------------------------------
  Seed: dd:px
  Seed uu: [0.+0.j 0.+0.j 0.+0.j 0.+0.j], Seed dd: [ 0.1+0.j -0.1+0.j  0. +0.j  0. +0.j]
F_onsite: 0j
F_swave: 0j, F_dwave: 0j
F_px: 0j, F_py: 0j
Free_energy = -23203.593750000004
------------------------------------------
[{'stable': {}, 'free': np.float64(-23203.59375000001)}]
------------------------------------------
  Seed: dd:px+py
  Seed uu: [0.+0.j 0.+0.j 0.+0.j 0.+0.j], Seed dd: [ 0.1+0.j -0.1+0.j  0.1+0.j -0.1+0.j]
F_onsite: (5.233573634257317e-90+7.644293722651331e-94j)
F_swave: (-5.224396194575606e-90-7.630888915639753e-94j), F_dwave: (-9.177439681711854e-93-1.3404807011613688e-96j)
F_px: 6.408761804192268e-106j, F_py: (-6.396580125062307e-95+4.379341546355221e-91j)
Free_energy = -23203.593750000007
------------------------------------------
[{'stable': {}, 'free': np.float64(-23203.59375000001)}]
------------------------------------------
  Seed: dd:px+ipy
  Seed uu: [0.+0.j 0.+0.j 0.+0.j 0.+0.j], Seed dd: [ 0.1+0.j  -0.1+0.j   0. +0.1j -0. -0.1j]
F_onsite: (4.119834552577454e-102+1.8532915478412485e-102j)
F_swave: (-4.083763127580158e-102-1.8370649576194997e-102j), F_dwave: (-2.1622585352650887e-104-9.726835911766261e-105j)
F_px: (1.5352773628749305e-103-3.498398153047557e-103j), F_py: (-3.089089539732536e-103+2.4796838236094904e-102j)
Free_energy = -23203.593750000007
------------------------------------------
[{'stable': {}, 'free': np.float64(-23203.59375000001)}]
------------------------------------------
  Seed: uu+dd:px
  Seed uu: [ 0.1+0.j -0.1+0.j  0. +0.j  0. +0.j], Seed dd: [ 0.1+0.j -0.1+0.j  0. +0.j  0. +0.j]
F_onsite: (1.7619256223476564e-35-1.3746859958603983e-34j)
F_swave: (-2.0490523105464926e-35+3.654679959093936e-35j), F_dwave: (1.6169404962900687e-35-1.9737337736864227e-35j)
F_px: (1.5586343757438855e-34-1.6543197113684367e-35j), F_py: (-5.012752636702216e-35-9.80308195757361e-36j)
Free_energy = -23203.593750000007
------------------------------------------
[{'stable': {}, 'free': np.float64(-23203.59375000001)}]
------------------------------------------
  Seed: uu+dd:px+py
  Seed uu: [ 0.1+0.j -0.1+0.j  0.1+0.j -0.1+0.j], Seed dd: [ 0.1+0.j -0.1+0.j  0.1+0.j -0.1+0.j]
F_onsite: (5.225242744658592e-35-2.5902473798711884e-34j)
F_swave: (-4.467880533069006e-35+1.343967473336411e-34j), F_dwave: (-4.2864465432255614e-36+7.790256571788786e-35j)
F_px: (3.395028274042272e-35-3.8484798886246444e-36j), F_py: (1.7271757714010574e-34-3.118294685948766e-37j)
Free_energy = -23203.593750000007
------------------------------------------
[{'stable': {}, 'free': np.float64(-23203.59375000001)}]
------------------------------------------
  Seed: uu+dd:px+ipy
  Seed uu: [ 0.1+0.j  -0.1+0.j   0. +0.1j -0. -0.1j], Seed dd: [ 0.1+0.j  -0.1+0.j   0. +0.1j -0. -0.1j]
F_onsite: (-2.872614800468539e-34+1.2342937210823193e-37j)
F_swave: (2.114961645550399e-34+3.148401812102923e-36j), F_dwave: (1.1971029866189126e-34+3.3242917347382654e-35j)
F_px: (-4.809837019908649e-35+5.003685654234197e-35j), F_py: (4.409930162278852e-35+3.708592193011343e-35j)
Free_energy = -23203.593750000007
------------------------------------------
[{'stable': {}, 'free': np.float64(-23203.59375000001)}]
------------------------------------------
====================================
mu=4.13, T=0.0093
====================================
  Seed: normal state
  Seed uu: [0.+0.j 0.+0.j 0.+0.j 0.+0.j], Seed dd: [0.+0.j 0.+0.j 0.+0.j 0.+0.j]
F_onsite: 0j
F_swave: 0j, F_dwave: 0j
F_px: 0j, F_py: 0j
Free_energy = -23203.593750110213
------------------------------------------
[{'stable': {}, 'free': np.float64(-23203.593750110213)}]
------------------------------------------
  Seed: uu:px
  Seed uu: [ 2.53087727e-16+3.92143411e-31j -2.53087727e-16-3.44332200e-31j
 -4.49283345e-33+8.15390590e-32j -5.44677062e-34-6.81297718e-33j], Seed dd: [0.+0.j 0.+0.j 0.+0.j 0.+0.j]
F_onsite: (9.224218433427425e-39+9.49595780179402e-34j)
F_swave: (-8.653731332399252e-39-9.074534828987412e-34j), F_dwave: (-5.704871011635972e-40+3.9965944560011055e-35j)
F_px: (3.8628890679996335e-34+5.131708243377016e-49j), F_py: (-4.409747665623855e-39+4.419468113149698e-38j)
Free_energy = -23203.593750110213
------------------------------------------
[{'stable': {}, 'free': np.float64(-23203.593750110213)}]
------------------------------------------
  Seed: uu:px+py
  Seed uu: [ 2.50887437e-16+7.16349643e-31j -2.50887437e-16-7.10138519e-31j
  2.50887437e-16+6.36182809e-31j -2.50887437e-16-6.79612529e-31j], Seed dd: [0.+0.j 0.+0.j 0.+0.j 0.+0.j]
F_onsite: (2.7366339292533772e-43+1.520661526430577e-29j)
F_swave: (-2.459278804890054e-43-1.49421108411662e-29j), F_dwave: (7.006492321624085e-46-2.1326174329078878e-31j)
F_px: (1.297490831041192e-30-6.726232628759122e-44j), F_py: (3.819477977350108e-30+8.547920632381384e-44j)
Free_energy = -23203.593750110213
------------------------------------------
[{'stable': {}, 'free': np.float64(-23203.593750110213)}]
------------------------------------------
  Seed: uu:px+ipy
  Seed uu: [ 2.54156022e-16+4.40508327e-31j -2.54156022e-16-4.48476862e-31j
 -4.18456429e-31+2.54156022e-16j  3.86871178e-31-2.54156022e-16j], Seed dd: [0.+0.j 0.+0.j 0.+0.j 0.+0.j]
F_onsite: (-3.028081462816785e-27+9.424997651492772e-28j)
F_swave: (3.001354954714839e-27-9.343705868236942e-28j), F_dwave: (1.001000621724616e-29+7.324598299691442e-30j)
F_px: (1.2744521208615096e-28+9.070331164193102e-29j), F_py: (1.3311601508974335e-28-3.6243004776959737e-28j)
Free_energy = -23203.593750110213
------------------------------------------
[{'stable': {}, 'free': np.float64(-23203.593750110213)}]
------------------------------------------
  Seed: dd:px
  Seed uu: [0.+0.j 0.+0.j 0.+0.j 0.+0.j], Seed dd: [ 2.53087727e-16+5.82401215e-31j -2.53087727e-16-5.67860444e-31j
 -1.64305898e-33+6.84186613e-32j  4.93820475e-33+1.32407684e-33j]
F_onsite: (1.909570716994005e-42+7.598161629639942e-48j)
F_swave: (-1.8778638131299617e-42-7.359228224536348e-48j), F_dwave: (2.8287056181113486e-44-8.876164735135961e-52j)
F_px: (1.8876779726543768e-48-4.7489461476968564e-43j), F_py: (2.5602644910788585e-49+2.063978334754871e-46j)
Free_energy = -23203.593750110213
------------------------------------------
[{'stable': {}, 'free': np.float64(-23203.593750110213)}]
------------------------------------------
  Seed: dd:px+py
  Seed uu: [0.+0.j 0.+0.j 0.+0.j 0.+0.j], Seed dd: [ 2.50887437e-16+6.49375429e-31j -2.50887437e-16-6.43405046e-31j
  2.50887437e-16+6.29008720e-31j -2.50887437e-16-6.94153300e-31j]
F_onsite: (3.21422877388514e-41+4.660798518085076e-44j)
F_swave: (-3.1853348079617266e-41-4.619874209042397e-44j), F_dwave: (-1.4652593626144459e-43-2.4334966498864645e-46j)
F_px: (-3.888415088743567e-45+2.861040099910782e-42j), F_py: (-7.759541531255353e-45+5.1834623969991703e-42j)
Free_energy = -23203.593750110213
------------------------------------------
[{'stable': {}, 'free': np.float64(-23203.593750110213)}]
------------------------------------------
  Seed: dd:px+ipy
  Seed uu: [0.+0.j 0.+0.j 0.+0.j 0.+0.j], Seed dd: [ 2.54156022e-16+3.14408063e-31j -2.54156022e-16-3.31669211e-31j
 -4.08899001e-31+2.54156022e-16j  3.76398934e-31-2.54156022e-16j]
F_onsite: (2.648360462160936e-40-2.9009341032683923e-43j)
F_swave: (-2.6387682340142752e-40+2.843263571449712e-43j), F_dwave: (2.7166641132550512e-45-6.785331896159915e-46j)
F_px: (2.1949997462048073e-43+4.180148481905887e-43j), F_py: (7.668154098737365e-44+6.184570545141076e-44j)
Free_energy = -23203.593750110213
------------------------------------------
[{'stable': {}, 'free': np.float64(-23203.593750110213)}]
------------------------------------------
  Seed: uu+dd:px
  Seed uu: [ 2.53087727e-16+5.79247505e-31j -2.53087727e-16-5.04160311e-31j
  5.59723390e-34+8.12501695e-32j -6.92131074e-34-4.03723065e-32j], Seed dd: [ 2.53053594e-16+2.98136605e-20j -2.53053580e-16+3.81683502e-20j
  4.68174630e-21-3.57390846e-20j -4.66851874e-21-1.22374820e-20j]
F_onsite: (-1.4675824625536512e-35-5.62205900176623e-26j)
F_swave: (9.997515151556089e-36+5.62205900577968e-26j), F_dwave: (-1.5130392945729935e-36+2.6189491821936167e-35j)
F_px: (2.496015463094587e-35-3.362235267588295e-36j), F_py: (1.3790404076007674e-35+1.4704010878596368e-36j)
Free_energy = -23203.593750110213
------------------------------------------
[{'stable': {}, 'free': np.float64(-23203.593750110213)}]
------------------------------------------
  Seed: uu+dd:px+py
  Seed uu: [ 2.50887437e-16+7.02290354e-31j -2.50887437e-16-7.03301467e-31j
  2.50887437e-16+6.33438359e-31j -2.50887437e-16-7.13990379e-31j], Seed dd: [ 2.50938834e-16+3.08175521e-20j -2.50938833e-16+3.75629979e-20j
  2.50963728e-16-1.58752717e-20j -2.50963728e-16-7.73316706e-21j]
F_onsite: (-4.98372154083461e-30-2.6699336586249175e-27j)
F_swave: (4.913929702441695e-30+2.6515090498224586e-27j), F_dwave: (1.63694132345767e-36-1.8966568352069376e-29j)
F_px: (4.589063593124322e-28+8.311308766620608e-31j), F_py: (3.003762121891826e-29-8.31122530701137e-31j)
Free_energy = -23203.593750110213
------------------------------------------
[{'stable': {}, 'free': np.float64(-23203.593750110213)}]
------------------------------------------
  Seed: uu+dd:px+ipy
  Seed uu: [ 2.54156022e-16+4.98695485e-31j -2.54156022e-16-5.00862156e-31j
 -4.40700920e-31+2.54156022e-16j  4.10873080e-31-2.54156022e-16j], Seed dd: [ 2.54180489e-16+2.59312333e-20j -2.54106294e-16+3.63839003e-21j
 -4.34245159e-21+2.54105691e-16j -5.54082553e-20-2.54137501e-16j]
F_onsite: (-4.3022054859890583e-26+3.7728571178081653e-26j)
F_swave: (4.2998085665886196e-26-3.774659062882821e-26j), F_dwave: (1.568753257801676e-29-1.0454201069993354e-29j)
F_px: (1.7654234838452875e-29-1.639870826229688e-28j), F_py: (-1.6388931416273207e-28+5.001794708526863e-28j)
Free_energy = -23203.593750110213
------------------------------------------
[{'stable': {}, 'free': np.float64(-23203.593750110213)}]
------------------------------------------
====================================
mu=4.13, T=0.0176
====================================
  Seed: normal state
  Seed uu: [0.+0.j 0.+0.j 0.+0.j 0.+0.j], Seed dd: [0.+0.j 0.+0.j 0.+0.j 0.+0.j]
F_onsite: 0j
F_swave: 0j, F_dwave: 0j
F_px: 0j, F_py: 0j
Free_energy = -23203.59397571262
------------------------------------------
[{'stable': {}, 'free': np.float64(-23203.59397571262)}]
------------------------------------------
  Seed: uu:px
  Seed uu: [ 3.35988219e-17+4.55061135e-32j -3.35988219e-17-4.47297230e-32j
  4.51389831e-35+1.23801184e-32j -2.42998192e-34-9.11807458e-33j], Seed dd: [0.+0.j 0.+0.j 0.+0.j 0.+0.j]
F_onsite: (-6.148962550963323e-26+1.3193007716482688e-24j)
F_swave: (5.975992608312315e-26-1.294922632605862e-24j), F_dwave: (1.7296994265100707e-27+1.664825289773496e-26j)
F_px: (3.23462343247597e-25+9.183549615799121e-41j), F_py: (-2.074427339969591e-26-7.07332118998849e-27j)
Free_energy = -23203.59397571262
------------------------------------------
[{'stable': {}, 'free': np.float64(-23203.59397571262)}]
------------------------------------------
  Seed: uu:px+py
  Seed uu: [ 5.02932411e-17+1.20069695e-31j -5.02932411e-17-1.10524305e-31j
  5.02932411e-17+1.22404885e-31j -5.02932411e-17-1.21694698e-31j], Seed dd: [0.+0.j 0.+0.j 0.+0.j 0.+0.j]
F_onsite: (-3.0196977368811956e-34+1.1816860391023725e-23j)
F_swave: (2.7586519792196675e-34-1.1719656315337884e-23j), F_dwave: (1.8367099231598242e-40+2.000357955275681e-26j)
F_px: (1.8188406453274644e-24-1.228053641983429e-34j), F_py: (3.8338374106338254e-24+1.2281932319375892e-34j)
Free_energy = -23203.59397571262
------------------------------------------
[{'stable': {}, 'free': np.float64(-23203.59397571262)}]
------------------------------------------
  Seed: uu:px+ipy
  Seed uu: [ 4.40293809e-17+8.33686925e-32j -4.40293809e-17-8.78404611e-32j
 -7.18853352e-32+4.40293809e-17j  7.00737573e-32-4.40293809e-17j], Seed dd: [0.+0.j 0.+0.j 0.+0.j 0.+0.j]
F_onsite: (5.5040301241099295e-24+4.577098660259097e-25j)
F_swave: (-5.476659206884115e-24-4.502398678711746e-25j), F_dwave: (-2.789642517716719e-26-6.686316289358686e-29j)
F_px: (3.6618532000628385e-24-7.664754922947757e-26j), F_py: (-7.668338010954247e-26+4.6611221451058614e-24j)
Free_energy = -23203.59397571262
------------------------------------------
[{'stable': {}, 'free': np.float64(-23203.59397571262)}]
------------------------------------------
  Seed: dd:px
  Seed uu: [0.+0.j 0.+0.j 0.+0.j 0.+0.j], Seed dd: [ 3.35988219e-17+6.38927259e-32j -3.35988219e-17-6.40732818e-32j
  6.24422599e-35+1.07731706e-32j  4.51389831e-35-1.26389153e-34j]
F_onsite: 0j
F_swave: 0j, F_dwave: 0j
F_px: 0j, F_py: 0j
Free_energy = -23203.593975712618
------------------------------------------
[{'stable': {}, 'free': np.float64(-23203.59397571262)}]
------------------------------------------
  Seed: dd:px+py
  Seed uu: [0.+0.j 0.+0.j 0.+0.j 0.+0.j], Seed dd: [ 5.02932411e-17+1.20575252e-31j -5.02932411e-17-1.15664130e-31j
  5.02932411e-17+1.26280819e-31j -5.02932411e-17-1.21586365e-31j]
F_onsite: (9.685536787094977e-40+1.2282008498671178e-42j)
F_swave: (-9.471414185137376e-40-1.1892563786677594e-42j), F_dwave: (-9.568057324317646e-42+6.319040250781685e-46j)
F_px: (6.859118023533214e-44-5.631995244029768e-41j), F_py: (1.6630796955516476e-43-1.8761396133247044e-40j)
Free_energy = -23203.59397571262
------------------------------------------
[{'stable': {}, 'free': np.float64(-23203.59397571262)}]
------------------------------------------
  Seed: dd:px+ipy
  Seed uu: [0.+0.j 0.+0.j 0.+0.j 0.+0.j], Seed dd: [ 4.40293809e-17+6.64265275e-32j -4.40293809e-17-5.11394586e-32j
 -7.04649618e-32+4.40293809e-17j  6.71066215e-32-4.40293809e-17j]
F_onsite: 0j
F_swave: 0j, F_dwave: 0j
F_px: 0j, F_py: 0j
Free_energy = -23203.593975712618
------------------------------------------
[{'stable': {}, 'free': np.float64(-23203.59397571262)}]
------------------------------------------
  Seed: uu+dd:px
  Seed uu: [ 3.35988219e-17+7.18793166e-32j -3.35988219e-17-6.60052303e-32j
 -2.93403390e-35+1.20791919e-32j  5.51447910e-34+4.91112136e-33j], Seed dd: [ 3.36680777e-17-1.39821881e-20j -3.36680625e-17-2.19240107e-20j
 -2.99732601e-20-3.85435632e-20j  2.99892230e-20-3.27934317e-20j]
F_onsite: (-3.1375902284672253e-24-6.14771866959483e-24j)
F_swave: (3.1133458338513494e-24+6.102943075996856e-24j), F_dwave: (2.4244394615875877e-26+4.4775593597973304e-26j)
F_px: (7.346839692639297e-40+0j), F_py: (-1.0429520073459649e-24+5.459599885490979e-25j)
Free_energy = -23203.59397571262
------------------------------------------
[{'stable': {}, 'free': np.float64(-23203.59397571262)}]
------------------------------------------
  Seed: uu+dd:px+py
  Seed uu: [ 5.02932411e-17+1.23921555e-31j -5.02932411e-17-1.17686357e-31j
  5.02932411e-17+1.31745645e-31j -5.02932411e-17-1.24198407e-31j], Seed dd: [ 5.03336983e-17-3.99342760e-20j -5.03336980e-17-4.58443452e-20j
  5.03121198e-17+3.13184843e-21j -5.03121208e-17+3.04490482e-21j]
F_onsite: (4.396687994287681e-37-1.391420360910621e-23j)
F_swave: (-3.2840373426097657e-37+1.3939262338698583e-23j), F_dwave: (2.7550648847397363e-38-7.72872705173971e-26j)
F_px: (-2.561934682299451e-25-2.824998150819827e-25j), F_py: (3.64997466445671e-24+2.8249981508200326e-25j)
Free_energy = -23203.59397571262
------------------------------------------
[{'stable': {}, 'free': np.float64(-23203.59397571262)}]
------------------------------------------
  Seed: uu+dd:px+ipy
  Seed uu: [ 4.40293809e-17+1.00557617e-31j -4.40293809e-17-1.08171059e-31j
 -7.62668258e-32+4.40293809e-17j  7.36668204e-32-4.40293809e-17j], Seed dd: [ 4.40860291e-17+3.55422146e-21j -4.39746202e-17+8.12599995e-21j
  1.03419931e-20+4.40919828e-17j  1.36963616e-20-4.40324817e-17j]
F_onsite: (-7.306605204937886e-25+6.582283101971114e-24j)
F_swave: (7.216818319544848e-25-6.521699213191491e-24j), F_dwave: (-4.6740367411356133e-26+5.5676843313799e-26j)
F_px: (-1.4658284233214857e-25-5.201533063213319e-25j), F_py: (-2.414275678451229e-25-7.040518344940106e-25j)
Free_energy = -23203.59397571262
------------------------------------------
[{'stable': {}, 'free': np.float64(-23203.59397571262)}]
------------------------------------------
====================================
mu=4.13, T=0.0259
====================================
  Seed: normal state
  Seed uu: [0.+0.j 0.+0.j 0.+0.j 0.+0.j], Seed dd: [0.+0.j 0.+0.j 0.+0.j 0.+0.j]
F_onsite: 0j
F_swave: 0j, F_dwave: 0j
F_px: 0j, F_py: 0j
Free_energy = -23203.598523287954
------------------------------------------
[{'stable': {}, 'free': np.float64(-23203.598523287954)}]
------------------------------------------
  Seed: uu:px
  Seed uu: [0.+0.j 0.+0.j 0.+0.j 0.+0.j], Seed dd: [0.+0.j 0.+0.j 0.+0.j 0.+0.j]
F_onsite: 0j
F_swave: 0j, F_dwave: 0j
F_px: 0j, F_py: 0j
Free_energy = -23203.598523287954
------------------------------------------
[{'stable': {}, 'free': np.float64(-23203.598523287954)}]
------------------------------------------
  Seed: uu:px+py
  Seed uu: [ 6.0967979e-19+1.39629921e-33j -6.0967979e-19-9.50927910e-34j
  6.0967979e-19+1.99815232e-33j -6.0967979e-19-1.58287367e-33j], Seed dd: [0.+0.j 0.+0.j 0.+0.j 0.+0.j]
F_onsite: (-1.1075892839021085e-23+1.4233194432965634e-22j)
F_swave: (1.0920786446292376e-23-1.4106065108176568e-22j), F_dwave: (-1.6530389308438418e-39-1.8134997241369785e-26j)
F_px: (2.8227103601627948e-24+1.8471127675253287e-24j), F_py: (1.543612561800546e-23-1.8471127675252817e-24j)
Free_energy = -23203.598523287954
------------------------------------------
[{'stable': {}, 'free': np.float64(-23203.598523287954)}]
------------------------------------------
  Seed: uu:px+ipy
  Seed uu: [0.+0.j 0.+0.j 0.+0.j 0.+0.j], Seed dd: [0.+0.j 0.+0.j 0.+0.j 0.+0.j]
F_onsite: 0j
F_swave: 0j, F_dwave: 0j
F_px: 0j, F_py: 0j
Free_energy = -23203.598523287954
------------------------------------------
[{'stable': {}, 'free': np.float64(-23203.598523287954)}]
------------------------------------------
  Seed: dd:px
  Seed uu: [0.+0.j 0.+0.j 0.+0.j 0.+0.j], Seed dd: [0.+0.j 0.+0.j 0.+0.j 0.+0.j]
F_onsite: 0j
F_swave: 0j, F_dwave: 0j
F_px: 0j, F_py: 0j
Free_energy = -23203.598523287954
------------------------------------------
[{'stable': {}, 'free': np.float64(-23203.598523287954)}]
------------------------------------------
  Seed: dd:px+py
  Seed uu: [0.+0.j 0.+0.j 0.+0.j 0.+0.j], Seed dd: [ 6.0967979e-19+1.10440045e-33j -6.0967979e-19-8.51622147e-34j
  6.0967979e-19+1.71227209e-33j -6.0967979e-19-1.34213243e-33j]
F_onsite: 0j
F_swave: 0j, F_dwave: 0j
F_px: 0j, F_py: 0j
Free_energy = -23203.598523287954
------------------------------------------
[{'stable': {}, 'free': np.float64(-23203.598523287954)}]
------------------------------------------
  Seed: dd:px+ipy
  Seed uu: [0.+0.j 0.+0.j 0.+0.j 0.+0.j], Seed dd: [0.+0.j 0.+0.j 0.+0.j 0.+0.j]
F_onsite: 0j
F_swave: 0j, F_dwave: 0j
F_px: 0j, F_py: 0j
Free_energy = -23203.598523287954
------------------------------------------
[{'stable': {}, 'free': np.float64(-23203.598523287954)}]
------------------------------------------
  Seed: uu+dd:px
  Seed uu: [0.+0.j 0.+0.j 0.+0.j 0.+0.j], Seed dd: [0.+0.j 0.+0.j 0.+0.j 0.+0.j]
F_onsite: 0j
F_swave: 0j, F_dwave: 0j
F_px: 0j, F_py: 0j
Free_energy = -23203.598523287954
------------------------------------------
[{'stable': {}, 'free': np.float64(-23203.598523287954)}]
------------------------------------------
  Seed: uu+dd:px+py
  Seed uu: [ 6.0967979e-19+1.14352090e-33j -6.0967979e-19-8.96761130e-34j
  6.0967979e-19+1.79954079e-33j -6.0967979e-19-1.54074396e-33j], Seed dd: [ 6.09237665e-19+2.51491952e-21j -6.09237103e-19+3.02067606e-21j
  6.10180245e-19+2.30589752e-21j -6.10179923e-19+2.69109948e-21j]
F_onsite: (-1.0961308831085183e-23+5.969554600624197e-23j)
F_swave: (1.0808471229431613e-23-5.872955066786662e-23j), F_dwave: (-5.693800761795455e-39+8.816207631167156e-39j)
F_px: (-3.2831208559661345e-24-1.8359130170521357e-24j), F_py: (8.196641346206552e-24+1.8359130170521475e-24j)
Free_energy = -23203.598523287954
------------------------------------------
[{'stable': {}, 'free': np.float64(-23203.598523287954)}]
------------------------------------------
  Seed: uu+dd:px+ipy
  Seed uu: [0.+0.j 0.+0.j 0.+0.j 0.+0.j], Seed dd: [0.+0.j 0.+0.j 0.+0.j 0.+0.j]
F_onsite: 0j
F_swave: 0j, F_dwave: 0j
F_px: 0j, F_py: 0j
Free_energy = -23203.598523287954
------------------------------------------
[{'stable': {}, 'free': np.float64(-23203.598523287954)}]
------------------------------------------
====================================
mu=4.13, T=0.0342
====================================
  Seed: normal state
  Seed uu: [0.+0.j 0.+0.j 0.+0.j 0.+0.j], Seed dd: [0.+0.j 0.+0.j 0.+0.j 0.+0.j]
F_onsite: 0j
F_swave: 0j, F_dwave: 0j
F_px: 0j, F_py: 0j
Free_energy = -23203.620561108455
------------------------------------------
[{'stable': {}, 'free': np.float64(-23203.620561108455)}]
------------------------------------------
  Seed: uu:px
  Seed uu: [0.+0.j 0.+0.j 0.+0.j 0.+0.j], Seed dd: [0.+0.j 0.+0.j 0.+0.j 0.+0.j]
F_onsite: 0j
F_swave: 0j, F_dwave: 0j
F_px: 0j, F_py: 0j
Free_energy = -23203.620561108455
------------------------------------------
[{'stable': {}, 'free': np.float64(-23203.620561108455)}]
------------------------------------------
  Seed: uu:px+py
  Seed uu: [0.+0.j 0.+0.j 0.+0.j 0.+0.j], Seed dd: [0.+0.j 0.+0.j 0.+0.j 0.+0.j]
F_onsite: 0j
F_swave: 0j, F_dwave: 0j
F_px: 0j, F_py: 0j
Free_energy = -23203.620561108455
------------------------------------------
[{'stable': {}, 'free': np.float64(-23203.620561108455)}]
------------------------------------------
  Seed: uu:px+ipy
  Seed uu: [0.+0.j 0.+0.j 0.+0.j 0.+0.j], Seed dd: [0.+0.j 0.+0.j 0.+0.j 0.+0.j]
F_onsite: 0j
F_swave: 0j, F_dwave: 0j
F_px: 0j, F_py: 0j
Free_energy = -23203.620561108455
------------------------------------------
[{'stable': {}, 'free': np.float64(-23203.620561108455)}]
------------------------------------------
  Seed: dd:px
  Seed uu: [0.+0.j 0.+0.j 0.+0.j 0.+0.j], Seed dd: [0.+0.j 0.+0.j 0.+0.j 0.+0.j]
F_onsite: 0j
F_swave: 0j, F_dwave: 0j
F_px: 0j, F_py: 0j
Free_energy = -23203.620561108455
------------------------------------------
[{'stable': {}, 'free': np.float64(-23203.620561108455)}]
------------------------------------------
  Seed: dd:px+py
  Seed uu: [0.+0.j 0.+0.j 0.+0.j 0.+0.j], Seed dd: [0.+0.j 0.+0.j 0.+0.j 0.+0.j]
F_onsite: 0j
F_swave: 0j, F_dwave: 0j
F_px: 0j, F_py: 0j
Free_energy = -23203.620561108455
------------------------------------------
[{'stable': {}, 'free': np.float64(-23203.620561108455)}]
------------------------------------------
  Seed: dd:px+ipy
  Seed uu: [0.+0.j 0.+0.j 0.+0.j 0.+0.j], Seed dd: [0.+0.j 0.+0.j 0.+0.j 0.+0.j]
F_onsite: 0j
F_swave: 0j, F_dwave: 0j
F_px: 0j, F_py: 0j
Free_energy = -23203.620561108455
------------------------------------------
[{'stable': {}, 'free': np.float64(-23203.620561108455)}]
------------------------------------------
  Seed: uu+dd:px
  Seed uu: [0.+0.j 0.+0.j 0.+0.j 0.+0.j], Seed dd: [0.+0.j 0.+0.j 0.+0.j 0.+0.j]
F_onsite: 0j
F_swave: 0j, F_dwave: 0j
F_px: 0j, F_py: 0j
Free_energy = -23203.620561108455
------------------------------------------
[{'stable': {}, 'free': np.float64(-23203.620561108455)}]
------------------------------------------
  Seed: uu+dd:px+py
  Seed uu: [0.+0.j 0.+0.j 0.+0.j 0.+0.j], Seed dd: [0.+0.j 0.+0.j 0.+0.j 0.+0.j]
F_onsite: 0j
F_swave: 0j, F_dwave: 0j
F_px: 0j, F_py: 0j
Free_energy = -23203.620561108455
------------------------------------------
[{'stable': {}, 'free': np.float64(-23203.620561108455)}]
------------------------------------------
  Seed: uu+dd:px+ipy
  Seed uu: [0.+0.j 0.+0.j 0.+0.j 0.+0.j], Seed dd: [0.+0.j 0.+0.j 0.+0.j 0.+0.j]
F_onsite: 0j
F_swave: 0j, F_dwave: 0j
F_px: 0j, F_py: 0j
Free_energy = -23203.620561108455
------------------------------------------
[{'stable': {}, 'free': np.float64(-23203.620561108455)}]
------------------------------------------
====================================
mu=4.13, T=0.0425
====================================
  Seed: normal state
  Seed uu: [0.+0.j 0.+0.j 0.+0.j 0.+0.j], Seed dd: [0.+0.j 0.+0.j 0.+0.j 0.+0.j]
F_onsite: 0j
F_swave: 0j, F_dwave: 0j
F_px: 0j, F_py: 0j
Free_energy = -23203.67792031639
------------------------------------------
[{'stable': {}, 'free': np.float64(-23203.67792031639)}]
------------------------------------------
  Seed: uu:px
  Seed uu: [0.+0.j 0.+0.j 0.+0.j 0.+0.j], Seed dd: [0.+0.j 0.+0.j 0.+0.j 0.+0.j]
F_onsite: 0j
F_swave: 0j, F_dwave: 0j
F_px: 0j, F_py: 0j
Free_energy = -23203.67792031639
------------------------------------------
[{'stable': {}, 'free': np.float64(-23203.67792031639)}]
------------------------------------------
  Seed: uu:px+py
  Seed uu: [0.+0.j 0.+0.j 0.+0.j 0.+0.j], Seed dd: [0.+0.j 0.+0.j 0.+0.j 0.+0.j]
F_onsite: 0j
F_swave: 0j, F_dwave: 0j
F_px: 0j, F_py: 0j
Free_energy = -23203.67792031639
------------------------------------------
[{'stable': {}, 'free': np.float64(-23203.67792031639)}]
------------------------------------------
  Seed: uu:px+ipy
  Seed uu: [0.+0.j 0.+0.j 0.+0.j 0.+0.j], Seed dd: [0.+0.j 0.+0.j 0.+0.j 0.+0.j]
F_onsite: 0j
F_swave: 0j, F_dwave: 0j
F_px: 0j, F_py: 0j
Free_energy = -23203.67792031639
------------------------------------------
[{'stable': {}, 'free': np.float64(-23203.67792031639)}]
------------------------------------------
  Seed: dd:px
  Seed uu: [0.+0.j 0.+0.j 0.+0.j 0.+0.j], Seed dd: [0.+0.j 0.+0.j 0.+0.j 0.+0.j]
F_onsite: 0j
F_swave: 0j, F_dwave: 0j
F_px: 0j, F_py: 0j
Free_energy = -23203.67792031639
------------------------------------------
[{'stable': {}, 'free': np.float64(-23203.67792031639)}]
------------------------------------------
  Seed: dd:px+py
  Seed uu: [0.+0.j 0.+0.j 0.+0.j 0.+0.j], Seed dd: [0.+0.j 0.+0.j 0.+0.j 0.+0.j]
F_onsite: 0j
F_swave: 0j, F_dwave: 0j
F_px: 0j, F_py: 0j
Free_energy = -23203.67792031639
------------------------------------------
[{'stable': {}, 'free': np.float64(-23203.67792031639)}]
------------------------------------------
  Seed: dd:px+ipy
  Seed uu: [0.+0.j 0.+0.j 0.+0.j 0.+0.j], Seed dd: [0.+0.j 0.+0.j 0.+0.j 0.+0.j]
F_onsite: 0j
F_swave: 0j, F_dwave: 0j
F_px: 0j, F_py: 0j
Free_energy = -23203.67792031639
------------------------------------------
[{'stable': {}, 'free': np.float64(-23203.67792031639)}]
------------------------------------------
  Seed: uu+dd:px
  Seed uu: [0.+0.j 0.+0.j 0.+0.j 0.+0.j], Seed dd: [0.+0.j 0.+0.j 0.+0.j 0.+0.j]
F_onsite: 0j
F_swave: 0j, F_dwave: 0j
F_px: 0j, F_py: 0j
Free_energy = -23203.67792031639
------------------------------------------
[{'stable': {}, 'free': np.float64(-23203.67792031639)}]
------------------------------------------
  Seed: uu+dd:px+py
  Seed uu: [0.+0.j 0.+0.j 0.+0.j 0.+0.j], Seed dd: [0.+0.j 0.+0.j 0.+0.j 0.+0.j]
F_onsite: 0j
F_swave: 0j, F_dwave: 0j
F_px: 0j, F_py: 0j
Free_energy = -23203.67792031639
------------------------------------------
[{'stable': {}, 'free': np.float64(-23203.67792031639)}]
------------------------------------------
  Seed: uu+dd:px+ipy
  Seed uu: [0.+0.j 0.+0.j 0.+0.j 0.+0.j], Seed dd: [0.+0.j 0.+0.j 0.+0.j 0.+0.j]
F_onsite: 0j
F_swave: 0j, F_dwave: 0j
F_px: 0j, F_py: 0j
Free_energy = -23203.67792031639
------------------------------------------
[{'stable': {}, 'free': np.float64(-23203.67792031639)}]
------------------------------------------
====================================
mu=4.13, T=0.0508
====================================
  Seed: normal state
  Seed uu: [0.+0.j 0.+0.j 0.+0.j 0.+0.j], Seed dd: [0.+0.j 0.+0.j 0.+0.j 0.+0.j]
F_onsite: 0j
F_swave: 0j, F_dwave: 0j
F_px: 0j, F_py: 0j
Free_energy = -23203.78705311957
------------------------------------------
[{'stable': {}, 'free': np.float64(-23203.78705311957)}]
------------------------------------------
  Seed: uu:px
  Seed uu: [0.+0.j 0.+0.j 0.+0.j 0.+0.j], Seed dd: [0.+0.j 0.+0.j 0.+0.j 0.+0.j]
F_onsite: 0j
F_swave: 0j, F_dwave: 0j
F_px: 0j, F_py: 0j
Free_energy = -23203.78705311957
------------------------------------------
[{'stable': {}, 'free': np.float64(-23203.78705311957)}]
------------------------------------------
  Seed: uu:px+py
  Seed uu: [0.+0.j 0.+0.j 0.+0.j 0.+0.j], Seed dd: [0.+0.j 0.+0.j 0.+0.j 0.+0.j]
F_onsite: 0j
F_swave: 0j, F_dwave: 0j
F_px: 0j, F_py: 0j
Free_energy = -23203.78705311957
------------------------------------------
[{'stable': {}, 'free': np.float64(-23203.78705311957)}]
------------------------------------------
  Seed: uu:px+ipy
  Seed uu: [0.+0.j 0.+0.j 0.+0.j 0.+0.j], Seed dd: [0.+0.j 0.+0.j 0.+0.j 0.+0.j]
F_onsite: 0j
F_swave: 0j, F_dwave: 0j
F_px: 0j, F_py: 0j
Free_energy = -23203.78705311957
------------------------------------------
[{'stable': {}, 'free': np.float64(-23203.78705311957)}]
------------------------------------------
  Seed: dd:px
  Seed uu: [0.+0.j 0.+0.j 0.+0.j 0.+0.j], Seed dd: [0.+0.j 0.+0.j 0.+0.j 0.+0.j]
F_onsite: 0j
F_swave: 0j, F_dwave: 0j
F_px: 0j, F_py: 0j
Free_energy = -23203.78705311957
------------------------------------------
[{'stable': {}, 'free': np.float64(-23203.78705311957)}]
------------------------------------------
  Seed: dd:px+py
  Seed uu: [0.+0.j 0.+0.j 0.+0.j 0.+0.j], Seed dd: [0.+0.j 0.+0.j 0.+0.j 0.+0.j]
F_onsite: 0j
F_swave: 0j, F_dwave: 0j
F_px: 0j, F_py: 0j
Free_energy = -23203.78705311957
------------------------------------------
[{'stable': {}, 'free': np.float64(-23203.78705311957)}]
------------------------------------------
  Seed: dd:px+ipy
  Seed uu: [0.+0.j 0.+0.j 0.+0.j 0.+0.j], Seed dd: [0.+0.j 0.+0.j 0.+0.j 0.+0.j]
F_onsite: 0j
F_swave: 0j, F_dwave: 0j
F_px: 0j, F_py: 0j
Free_energy = -23203.78705311957
------------------------------------------
[{'stable': {}, 'free': np.float64(-23203.78705311957)}]
------------------------------------------
  Seed: uu+dd:px
  Seed uu: [0.+0.j 0.+0.j 0.+0.j 0.+0.j], Seed dd: [0.+0.j 0.+0.j 0.+0.j 0.+0.j]
F_onsite: 0j
F_swave: 0j, F_dwave: 0j
F_px: 0j, F_py: 0j
Free_energy = -23203.78705311957
------------------------------------------
[{'stable': {}, 'free': np.float64(-23203.78705311957)}]
------------------------------------------
  Seed: uu+dd:px+py
  Seed uu: [0.+0.j 0.+0.j 0.+0.j 0.+0.j], Seed dd: [0.+0.j 0.+0.j 0.+0.j 0.+0.j]
F_onsite: 0j
F_swave: 0j, F_dwave: 0j
F_px: 0j, F_py: 0j
Free_energy = -23203.78705311957
------------------------------------------
[{'stable': {}, 'free': np.float64(-23203.78705311957)}]
------------------------------------------
  Seed: uu+dd:px+ipy
  Seed uu: [0.+0.j 0.+0.j 0.+0.j 0.+0.j], Seed dd: [0.+0.j 0.+0.j 0.+0.j 0.+0.j]
F_onsite: 0j
F_swave: 0j, F_dwave: 0j
F_px: 0j, F_py: 0j
Free_energy = -23203.78705311957
------------------------------------------
[{'stable': {}, 'free': np.float64(-23203.78705311957)}]
------------------------------------------
====================================
mu=4.13, T=0.0590
====================================
  Seed: normal state
  Seed uu: [0.+0.j 0.+0.j 0.+0.j 0.+0.j], Seed dd: [0.+0.j 0.+0.j 0.+0.j 0.+0.j]
F_onsite: 0j
F_swave: 0j, F_dwave: 0j
F_px: 0j, F_py: 0j
Free_energy = -23203.96095121688
------------------------------------------
[{'stable': {}, 'free': np.float64(-23203.96095121688)}]
------------------------------------------
  Seed: uu:px
  Seed uu: [0.+0.j 0.+0.j 0.+0.j 0.+0.j], Seed dd: [0.+0.j 0.+0.j 0.+0.j 0.+0.j]
F_onsite: 0j
F_swave: 0j, F_dwave: 0j
F_px: 0j, F_py: 0j
Free_energy = -23203.96095121688
------------------------------------------
[{'stable': {}, 'free': np.float64(-23203.96095121688)}]
------------------------------------------
  Seed: uu:px+py
  Seed uu: [0.+0.j 0.+0.j 0.+0.j 0.+0.j], Seed dd: [0.+0.j 0.+0.j 0.+0.j 0.+0.j]
F_onsite: 0j
F_swave: 0j, F_dwave: 0j
F_px: 0j, F_py: 0j
Free_energy = -23203.96095121688
------------------------------------------
[{'stable': {}, 'free': np.float64(-23203.96095121688)}]
------------------------------------------
  Seed: uu:px+ipy
  Seed uu: [0.+0.j 0.+0.j 0.+0.j 0.+0.j], Seed dd: [0.+0.j 0.+0.j 0.+0.j 0.+0.j]
F_onsite: 0j
F_swave: 0j, F_dwave: 0j
F_px: 0j, F_py: 0j
Free_energy = -23203.96095121688
------------------------------------------
[{'stable': {}, 'free': np.float64(-23203.96095121688)}]
------------------------------------------
  Seed: dd:px
  Seed uu: [0.+0.j 0.+0.j 0.+0.j 0.+0.j], Seed dd: [0.+0.j 0.+0.j 0.+0.j 0.+0.j]
F_onsite: 0j
F_swave: 0j, F_dwave: 0j
F_px: 0j, F_py: 0j
Free_energy = -23203.96095121688
------------------------------------------
[{'stable': {}, 'free': np.float64(-23203.96095121688)}]
------------------------------------------
  Seed: dd:px+py
  Seed uu: [0.+0.j 0.+0.j 0.+0.j 0.+0.j], Seed dd: [0.+0.j 0.+0.j 0.+0.j 0.+0.j]
F_onsite: 0j
F_swave: 0j, F_dwave: 0j
F_px: 0j, F_py: 0j
Free_energy = -23203.96095121688
------------------------------------------
[{'stable': {}, 'free': np.float64(-23203.96095121688)}]
------------------------------------------
  Seed: dd:px+ipy
  Seed uu: [0.+0.j 0.+0.j 0.+0.j 0.+0.j], Seed dd: [0.+0.j 0.+0.j 0.+0.j 0.+0.j]
F_onsite: 0j
F_swave: 0j, F_dwave: 0j
F_px: 0j, F_py: 0j
Free_energy = -23203.96095121688
------------------------------------------
[{'stable': {}, 'free': np.float64(-23203.96095121688)}]
------------------------------------------
  Seed: uu+dd:px
  Seed uu: [0.+0.j 0.+0.j 0.+0.j 0.+0.j], Seed dd: [0.+0.j 0.+0.j 0.+0.j 0.+0.j]
F_onsite: 0j
F_swave: 0j, F_dwave: 0j
F_px: 0j, F_py: 0j
Free_energy = -23203.96095121688
------------------------------------------
[{'stable': {}, 'free': np.float64(-23203.96095121688)}]
------------------------------------------
  Seed: uu+dd:px+py
  Seed uu: [0.+0.j 0.+0.j 0.+0.j 0.+0.j], Seed dd: [0.+0.j 0.+0.j 0.+0.j 0.+0.j]
F_onsite: 0j
F_swave: 0j, F_dwave: 0j
F_px: 0j, F_py: 0j
Free_energy = -23203.96095121688
------------------------------------------
[{'stable': {}, 'free': np.float64(-23203.96095121688)}]
------------------------------------------
  Seed: uu+dd:px+ipy
  Seed uu: [0.+0.j 0.+0.j 0.+0.j 0.+0.j], Seed dd: [0.+0.j 0.+0.j 0.+0.j 0.+0.j]
F_onsite: 0j
F_swave: 0j, F_dwave: 0j
F_px: 0j, F_py: 0j
Free_energy = -23203.96095121688
------------------------------------------
[{'stable': {}, 'free': np.float64(-23203.96095121688)}]
------------------------------------------
====================================
mu=4.13, T=0.0673
====================================
  Seed: normal state
  Seed uu: [0.+0.j 0.+0.j 0.+0.j 0.+0.j], Seed dd: [0.+0.j 0.+0.j 0.+0.j 0.+0.j]
F_onsite: 0j
F_swave: 0j, F_dwave: 0j
F_px: 0j, F_py: 0j
Free_energy = -23204.20929109439
------------------------------------------
[{'stable': {}, 'free': np.float64(-23204.20929109439)}]
------------------------------------------
  Seed: uu:px
  Seed uu: [0.+0.j 0.+0.j 0.+0.j 0.+0.j], Seed dd: [0.+0.j 0.+0.j 0.+0.j 0.+0.j]
F_onsite: 0j
F_swave: 0j, F_dwave: 0j
F_px: 0j, F_py: 0j
Free_energy = -23204.20929109439
------------------------------------------
[{'stable': {}, 'free': np.float64(-23204.20929109439)}]
------------------------------------------
  Seed: uu:px+py
  Seed uu: [0.+0.j 0.+0.j 0.+0.j 0.+0.j], Seed dd: [0.+0.j 0.+0.j 0.+0.j 0.+0.j]
F_onsite: 0j
F_swave: 0j, F_dwave: 0j
F_px: 0j, F_py: 0j
Free_energy = -23204.20929109439
------------------------------------------
[{'stable': {}, 'free': np.float64(-23204.20929109439)}]
------------------------------------------
  Seed: uu:px+ipy
  Seed uu: [0.+0.j 0.+0.j 0.+0.j 0.+0.j], Seed dd: [0.+0.j 0.+0.j 0.+0.j 0.+0.j]
F_onsite: 0j
F_swave: 0j, F_dwave: 0j
F_px: 0j, F_py: 0j
Free_energy = -23204.20929109439
------------------------------------------
[{'stable': {}, 'free': np.float64(-23204.20929109439)}]
------------------------------------------
  Seed: dd:px
  Seed uu: [0.+0.j 0.+0.j 0.+0.j 0.+0.j], Seed dd: [0.+0.j 0.+0.j 0.+0.j 0.+0.j]
F_onsite: 0j
F_swave: 0j, F_dwave: 0j
F_px: 0j, F_py: 0j
Free_energy = -23204.20929109439
------------------------------------------
[{'stable': {}, 'free': np.float64(-23204.20929109439)}]
------------------------------------------
  Seed: dd:px+py
  Seed uu: [0.+0.j 0.+0.j 0.+0.j 0.+0.j], Seed dd: [0.+0.j 0.+0.j 0.+0.j 0.+0.j]
F_onsite: 0j
F_swave: 0j, F_dwave: 0j
F_px: 0j, F_py: 0j
Free_energy = -23204.20929109439
------------------------------------------
[{'stable': {}, 'free': np.float64(-23204.20929109439)}]
------------------------------------------
  Seed: dd:px+ipy
  Seed uu: [0.+0.j 0.+0.j 0.+0.j 0.+0.j], Seed dd: [0.+0.j 0.+0.j 0.+0.j 0.+0.j]
F_onsite: 0j
F_swave: 0j, F_dwave: 0j
F_px: 0j, F_py: 0j
Free_energy = -23204.20929109439
------------------------------------------
[{'stable': {}, 'free': np.float64(-23204.20929109439)}]
------------------------------------------
  Seed: uu+dd:px
  Seed uu: [0.+0.j 0.+0.j 0.+0.j 0.+0.j], Seed dd: [0.+0.j 0.+0.j 0.+0.j 0.+0.j]
F_onsite: 0j
F_swave: 0j, F_dwave: 0j
F_px: 0j, F_py: 0j
Free_energy = -23204.20929109439
------------------------------------------
[{'stable': {}, 'free': np.float64(-23204.20929109439)}]
------------------------------------------
  Seed: uu+dd:px+py
  Seed uu: [0.+0.j 0.+0.j 0.+0.j 0.+0.j], Seed dd: [0.+0.j 0.+0.j 0.+0.j 0.+0.j]
F_onsite: 0j
F_swave: 0j, F_dwave: 0j
F_px: 0j, F_py: 0j
Free_energy = -23204.20929109439
------------------------------------------
[{'stable': {}, 'free': np.float64(-23204.20929109439)}]
------------------------------------------
  Seed: uu+dd:px+ipy
  Seed uu: [0.+0.j 0.+0.j 0.+0.j 0.+0.j], Seed dd: [0.+0.j 0.+0.j 0.+0.j 0.+0.j]
F_onsite: 0j
F_swave: 0j, F_dwave: 0j
F_px: 0j, F_py: 0j
Free_energy = -23204.20929109439
------------------------------------------
[{'stable': {}, 'free': np.float64(-23204.20929109439)}]
------------------------------------------
====================================
mu=4.13, T=0.0756
====================================
  Seed: normal state
  Seed uu: [0.+0.j 0.+0.j 0.+0.j 0.+0.j], Seed dd: [0.+0.j 0.+0.j 0.+0.j 0.+0.j]
F_onsite: 0j
F_swave: 0j, F_dwave: 0j
F_px: 0j, F_py: 0j
Free_energy = -23204.539171818633
------------------------------------------
[{'stable': {}, 'free': np.float64(-23204.539171818633)}]
------------------------------------------
  Seed: uu:px
  Seed uu: [0.+0.j 0.+0.j 0.+0.j 0.+0.j], Seed dd: [0.+0.j 0.+0.j 0.+0.j 0.+0.j]
F_onsite: 0j
F_swave: 0j, F_dwave: 0j
F_px: 0j, F_py: 0j
Free_energy = -23204.539171818633
------------------------------------------
[{'stable': {}, 'free': np.float64(-23204.539171818633)}]
------------------------------------------
  Seed: uu:px+py
  Seed uu: [0.+0.j 0.+0.j 0.+0.j 0.+0.j], Seed dd: [0.+0.j 0.+0.j 0.+0.j 0.+0.j]
F_onsite: 0j
F_swave: 0j, F_dwave: 0j
F_px: 0j, F_py: 0j
Free_energy = -23204.539171818633
------------------------------------------
[{'stable': {}, 'free': np.float64(-23204.539171818633)}]
------------------------------------------
  Seed: uu:px+ipy
  Seed uu: [0.+0.j 0.+0.j 0.+0.j 0.+0.j], Seed dd: [0.+0.j 0.+0.j 0.+0.j 0.+0.j]
F_onsite: 0j
F_swave: 0j, F_dwave: 0j
F_px: 0j, F_py: 0j
Free_energy = -23204.539171818633
------------------------------------------
[{'stable': {}, 'free': np.float64(-23204.539171818633)}]
------------------------------------------
  Seed: dd:px
  Seed uu: [0.+0.j 0.+0.j 0.+0.j 0.+0.j], Seed dd: [0.+0.j 0.+0.j 0.+0.j 0.+0.j]
F_onsite: 0j
F_swave: 0j, F_dwave: 0j
F_px: 0j, F_py: 0j
Free_energy = -23204.539171818633
------------------------------------------
[{'stable': {}, 'free': np.float64(-23204.539171818633)}]
------------------------------------------
  Seed: dd:px+py
  Seed uu: [0.+0.j 0.+0.j 0.+0.j 0.+0.j], Seed dd: [0.+0.j 0.+0.j 0.+0.j 0.+0.j]
F_onsite: 0j
F_swave: 0j, F_dwave: 0j
F_px: 0j, F_py: 0j
Free_energy = -23204.539171818633
------------------------------------------
[{'stable': {}, 'free': np.float64(-23204.539171818633)}]
------------------------------------------
  Seed: dd:px+ipy
  Seed uu: [0.+0.j 0.+0.j 0.+0.j 0.+0.j], Seed dd: [0.+0.j 0.+0.j 0.+0.j 0.+0.j]
F_onsite: 0j
F_swave: 0j, F_dwave: 0j
F_px: 0j, F_py: 0j
Free_energy = -23204.539171818633
------------------------------------------
[{'stable': {}, 'free': np.float64(-23204.539171818633)}]
------------------------------------------
  Seed: uu+dd:px
  Seed uu: [0.+0.j 0.+0.j 0.+0.j 0.+0.j], Seed dd: [0.+0.j 0.+0.j 0.+0.j 0.+0.j]
F_onsite: 0j
F_swave: 0j, F_dwave: 0j
F_px: 0j, F_py: 0j
Free_energy = -23204.539171818633
------------------------------------------
[{'stable': {}, 'free': np.float64(-23204.539171818633)}]
------------------------------------------
  Seed: uu+dd:px+py
  Seed uu: [0.+0.j 0.+0.j 0.+0.j 0.+0.j], Seed dd: [0.+0.j 0.+0.j 0.+0.j 0.+0.j]
F_onsite: 0j
F_swave: 0j, F_dwave: 0j
F_px: 0j, F_py: 0j
Free_energy = -23204.539171818633
------------------------------------------
[{'stable': {}, 'free': np.float64(-23204.539171818633)}]
------------------------------------------
  Seed: uu+dd:px+ipy
  Seed uu: [0.+0.j 0.+0.j 0.+0.j 0.+0.j], Seed dd: [0.+0.j 0.+0.j 0.+0.j 0.+0.j]
F_onsite: 0j
F_swave: 0j, F_dwave: 0j
F_px: 0j, F_py: 0j
Free_energy = -23204.539171818633
------------------------------------------
[{'stable': {}, 'free': np.float64(-23204.539171818633)}]
------------------------------------------
====================================
mu=4.13, T=0.0839
====================================
  Seed: normal state
  Seed uu: [0.+0.j 0.+0.j 0.+0.j 0.+0.j], Seed dd: [0.+0.j 0.+0.j 0.+0.j 0.+0.j]
F_onsite: 0j
F_swave: 0j, F_dwave: 0j
F_px: 0j, F_py: 0j
Free_energy = -23204.95582959552
------------------------------------------
[{'stable': {}, 'free': np.float64(-23204.95582959552)}]
------------------------------------------
  Seed: uu:px
  Seed uu: [0.+0.j 0.+0.j 0.+0.j 0.+0.j], Seed dd: [0.+0.j 0.+0.j 0.+0.j 0.+0.j]
F_onsite: 0j
F_swave: 0j, F_dwave: 0j
F_px: 0j, F_py: 0j
Free_energy = -23204.95582959552
------------------------------------------
[{'stable': {}, 'free': np.float64(-23204.95582959552)}]
------------------------------------------
  Seed: uu:px+py
  Seed uu: [0.+0.j 0.+0.j 0.+0.j 0.+0.j], Seed dd: [0.+0.j 0.+0.j 0.+0.j 0.+0.j]
F_onsite: 0j
F_swave: 0j, F_dwave: 0j
F_px: 0j, F_py: 0j
Free_energy = -23204.95582959552
------------------------------------------
[{'stable': {}, 'free': np.float64(-23204.95582959552)}]
------------------------------------------
  Seed: uu:px+ipy
  Seed uu: [0.+0.j 0.+0.j 0.+0.j 0.+0.j], Seed dd: [0.+0.j 0.+0.j 0.+0.j 0.+0.j]
F_onsite: 0j
F_swave: 0j, F_dwave: 0j
F_px: 0j, F_py: 0j
Free_energy = -23204.95582959552
------------------------------------------
[{'stable': {}, 'free': np.float64(-23204.95582959552)}]
------------------------------------------
  Seed: dd:px
  Seed uu: [0.+0.j 0.+0.j 0.+0.j 0.+0.j], Seed dd: [0.+0.j 0.+0.j 0.+0.j 0.+0.j]
F_onsite: 0j
F_swave: 0j, F_dwave: 0j
F_px: 0j, F_py: 0j
Free_energy = -23204.95582959552
------------------------------------------
[{'stable': {}, 'free': np.float64(-23204.95582959552)}]
------------------------------------------
  Seed: dd:px+py
  Seed uu: [0.+0.j 0.+0.j 0.+0.j 0.+0.j], Seed dd: [0.+0.j 0.+0.j 0.+0.j 0.+0.j]
F_onsite: 0j
F_swave: 0j, F_dwave: 0j
F_px: 0j, F_py: 0j
Free_energy = -23204.95582959552
------------------------------------------
[{'stable': {}, 'free': np.float64(-23204.95582959552)}]
------------------------------------------
  Seed: dd:px+ipy
  Seed uu: [0.+0.j 0.+0.j 0.+0.j 0.+0.j], Seed dd: [0.+0.j 0.+0.j 0.+0.j 0.+0.j]
F_onsite: 0j
F_swave: 0j, F_dwave: 0j
F_px: 0j, F_py: 0j
Free_energy = -23204.95582959552
------------------------------------------
[{'stable': {}, 'free': np.float64(-23204.95582959552)}]
------------------------------------------
  Seed: uu+dd:px
  Seed uu: [0.+0.j 0.+0.j 0.+0.j 0.+0.j], Seed dd: [0.+0.j 0.+0.j 0.+0.j 0.+0.j]
F_onsite: 0j
F_swave: 0j, F_dwave: 0j
F_px: 0j, F_py: 0j
Free_energy = -23204.95582959552
------------------------------------------
[{'stable': {}, 'free': np.float64(-23204.95582959552)}]
------------------------------------------
  Seed: uu+dd:px+py
  Seed uu: [0.+0.j 0.+0.j 0.+0.j 0.+0.j], Seed dd: [0.+0.j 0.+0.j 0.+0.j 0.+0.j]
F_onsite: 0j
F_swave: 0j, F_dwave: 0j
F_px: 0j, F_py: 0j
Free_energy = -23204.95582959552
------------------------------------------
[{'stable': {}, 'free': np.float64(-23204.95582959552)}]
------------------------------------------
  Seed: uu+dd:px+ipy
  Seed uu: [0.+0.j 0.+0.j 0.+0.j 0.+0.j], Seed dd: [0.+0.j 0.+0.j 0.+0.j 0.+0.j]
F_onsite: 0j
F_swave: 0j, F_dwave: 0j
F_px: 0j, F_py: 0j
Free_energy = -23204.95582959552
------------------------------------------
[{'stable': {}, 'free': np.float64(-23204.95582959552)}]
------------------------------------------
====================================
mu=4.13, T=0.0922
====================================
  Seed: normal state
  Seed uu: [0.+0.j 0.+0.j 0.+0.j 0.+0.j], Seed dd: [0.+0.j 0.+0.j 0.+0.j 0.+0.j]
F_onsite: 0j
F_swave: 0j, F_dwave: 0j
F_px: 0j, F_py: 0j
Free_energy = -23205.463186657704
------------------------------------------
[{'stable': {}, 'free': np.float64(-23205.463186657704)}]
------------------------------------------
  Seed: uu:px
  Seed uu: [0.+0.j 0.+0.j 0.+0.j 0.+0.j], Seed dd: [0.+0.j 0.+0.j 0.+0.j 0.+0.j]
F_onsite: 0j
F_swave: 0j, F_dwave: 0j
F_px: 0j, F_py: 0j
Free_energy = -23205.463186657704
------------------------------------------
[{'stable': {}, 'free': np.float64(-23205.463186657704)}]
------------------------------------------
  Seed: uu:px+py
  Seed uu: [0.+0.j 0.+0.j 0.+0.j 0.+0.j], Seed dd: [0.+0.j 0.+0.j 0.+0.j 0.+0.j]
F_onsite: 0j
F_swave: 0j, F_dwave: 0j
F_px: 0j, F_py: 0j
Free_energy = -23205.463186657704
------------------------------------------
[{'stable': {}, 'free': np.float64(-23205.463186657704)}]
------------------------------------------
  Seed: uu:px+ipy
  Seed uu: [0.+0.j 0.+0.j 0.+0.j 0.+0.j], Seed dd: [0.+0.j 0.+0.j 0.+0.j 0.+0.j]
F_onsite: 0j
F_swave: 0j, F_dwave: 0j
F_px: 0j, F_py: 0j
Free_energy = -23205.463186657704
------------------------------------------
[{'stable': {}, 'free': np.float64(-23205.463186657704)}]
------------------------------------------
  Seed: dd:px
  Seed uu: [0.+0.j 0.+0.j 0.+0.j 0.+0.j], Seed dd: [0.+0.j 0.+0.j 0.+0.j 0.+0.j]
F_onsite: 0j
F_swave: 0j, F_dwave: 0j
F_px: 0j, F_py: 0j
Free_energy = -23205.463186657704
------------------------------------------
[{'stable': {}, 'free': np.float64(-23205.463186657704)}]
------------------------------------------
  Seed: dd:px+py
  Seed uu: [0.+0.j 0.+0.j 0.+0.j 0.+0.j], Seed dd: [0.+0.j 0.+0.j 0.+0.j 0.+0.j]
F_onsite: 0j
F_swave: 0j, F_dwave: 0j
F_px: 0j, F_py: 0j
Free_energy = -23205.463186657704
------------------------------------------
[{'stable': {}, 'free': np.float64(-23205.463186657704)}]
------------------------------------------
  Seed: dd:px+ipy
  Seed uu: [0.+0.j 0.+0.j 0.+0.j 0.+0.j], Seed dd: [0.+0.j 0.+0.j 0.+0.j 0.+0.j]
F_onsite: 0j
F_swave: 0j, F_dwave: 0j
F_px: 0j, F_py: 0j
Free_energy = -23205.463186657704
------------------------------------------
[{'stable': {}, 'free': np.float64(-23205.463186657704)}]
------------------------------------------
  Seed: uu+dd:px
  Seed uu: [0.+0.j 0.+0.j 0.+0.j 0.+0.j], Seed dd: [0.+0.j 0.+0.j 0.+0.j 0.+0.j]
F_onsite: 0j
F_swave: 0j, F_dwave: 0j
F_px: 0j, F_py: 0j
Free_energy = -23205.463186657704
------------------------------------------
[{'stable': {}, 'free': np.float64(-23205.463186657704)}]
------------------------------------------
  Seed: uu+dd:px+py
  Seed uu: [0.+0.j 0.+0.j 0.+0.j 0.+0.j], Seed dd: [0.+0.j 0.+0.j 0.+0.j 0.+0.j]
F_onsite: 0j
F_swave: 0j, F_dwave: 0j
F_px: 0j, F_py: 0j
Free_energy = -23205.463186657704
------------------------------------------
[{'stable': {}, 'free': np.float64(-23205.463186657704)}]
------------------------------------------
  Seed: uu+dd:px+ipy
  Seed uu: [0.+0.j 0.+0.j 0.+0.j 0.+0.j], Seed dd: [0.+0.j 0.+0.j 0.+0.j 0.+0.j]
F_onsite: 0j
F_swave: 0j, F_dwave: 0j
F_px: 0j, F_py: 0j
Free_energy = -23205.463186657704
------------------------------------------
[{'stable': {}, 'free': np.float64(-23205.463186657704)}]
------------------------------------------
====================================
mu=4.13, T=0.1005
====================================
  Seed: normal state
  Seed uu: [0.+0.j 0.+0.j 0.+0.j 0.+0.j], Seed dd: [0.+0.j 0.+0.j 0.+0.j 0.+0.j]
F_onsite: 0j
F_swave: 0j, F_dwave: 0j
F_px: 0j, F_py: 0j
Free_energy = -23206.06424160142
------------------------------------------
[{'stable': {}, 'free': np.float64(-23206.06424160142)}]
------------------------------------------
  Seed: uu:px
  Seed uu: [0.+0.j 0.+0.j 0.+0.j 0.+0.j], Seed dd: [0.+0.j 0.+0.j 0.+0.j 0.+0.j]
F_onsite: 0j
F_swave: 0j, F_dwave: 0j
F_px: 0j, F_py: 0j
Free_energy = -23206.06424160142
------------------------------------------
[{'stable': {}, 'free': np.float64(-23206.06424160142)}]
------------------------------------------
  Seed: uu:px+py
  Seed uu: [0.+0.j 0.+0.j 0.+0.j 0.+0.j], Seed dd: [0.+0.j 0.+0.j 0.+0.j 0.+0.j]
F_onsite: 0j
F_swave: 0j, F_dwave: 0j
F_px: 0j, F_py: 0j
Free_energy = -23206.06424160142
------------------------------------------
[{'stable': {}, 'free': np.float64(-23206.06424160142)}]
------------------------------------------
  Seed: uu:px+ipy
  Seed uu: [0.+0.j 0.+0.j 0.+0.j 0.+0.j], Seed dd: [0.+0.j 0.+0.j 0.+0.j 0.+0.j]
F_onsite: 0j
F_swave: 0j, F_dwave: 0j
F_px: 0j, F_py: 0j
Free_energy = -23206.06424160142
------------------------------------------
[{'stable': {}, 'free': np.float64(-23206.06424160142)}]
------------------------------------------
  Seed: dd:px
  Seed uu: [0.+0.j 0.+0.j 0.+0.j 0.+0.j], Seed dd: [0.+0.j 0.+0.j 0.+0.j 0.+0.j]
F_onsite: 0j
F_swave: 0j, F_dwave: 0j
F_px: 0j, F_py: 0j
Free_energy = -23206.06424160142
------------------------------------------
[{'stable': {}, 'free': np.float64(-23206.06424160142)}]
------------------------------------------
  Seed: dd:px+py
  Seed uu: [0.+0.j 0.+0.j 0.+0.j 0.+0.j], Seed dd: [0.+0.j 0.+0.j 0.+0.j 0.+0.j]
F_onsite: 0j
F_swave: 0j, F_dwave: 0j
F_px: 0j, F_py: 0j
Free_energy = -23206.06424160142
------------------------------------------
[{'stable': {}, 'free': np.float64(-23206.06424160142)}]
------------------------------------------
  Seed: dd:px+ipy
  Seed uu: [0.+0.j 0.+0.j 0.+0.j 0.+0.j], Seed dd: [0.+0.j 0.+0.j 0.+0.j 0.+0.j]
F_onsite: 0j
F_swave: 0j, F_dwave: 0j
F_px: 0j, F_py: 0j
Free_energy = -23206.06424160142
------------------------------------------
[{'stable': {}, 'free': np.float64(-23206.06424160142)}]
------------------------------------------
  Seed: uu+dd:px
  Seed uu: [0.+0.j 0.+0.j 0.+0.j 0.+0.j], Seed dd: [0.+0.j 0.+0.j 0.+0.j 0.+0.j]
F_onsite: 0j
F_swave: 0j, F_dwave: 0j
F_px: 0j, F_py: 0j
Free_energy = -23206.06424160142
------------------------------------------
[{'stable': {}, 'free': np.float64(-23206.06424160142)}]
------------------------------------------
  Seed: uu+dd:px+py
  Seed uu: [0.+0.j 0.+0.j 0.+0.j 0.+0.j], Seed dd: [0.+0.j 0.+0.j 0.+0.j 0.+0.j]
F_onsite: 0j
F_swave: 0j, F_dwave: 0j
F_px: 0j, F_py: 0j
Free_energy = -23206.06424160142
------------------------------------------
[{'stable': {}, 'free': np.float64(-23206.06424160142)}]
------------------------------------------
  Seed: uu+dd:px+ipy
  Seed uu: [0.+0.j 0.+0.j 0.+0.j 0.+0.j], Seed dd: [0.+0.j 0.+0.j 0.+0.j 0.+0.j]
F_onsite: 0j
F_swave: 0j, F_dwave: 0j
F_px: 0j, F_py: 0j
Free_energy = -23206.06424160142
------------------------------------------
[{'stable': {}, 'free': np.float64(-23206.06424160142)}]
------------------------------------------
====================================
mu=4.13, T=0.1088
====================================
  Seed: normal state
  Seed uu: [0.+0.j 0.+0.j 0.+0.j 0.+0.j], Seed dd: [0.+0.j 0.+0.j 0.+0.j 0.+0.j]
F_onsite: 0j
F_swave: 0j, F_dwave: 0j
F_px: 0j, F_py: 0j
Free_energy = -23206.761339756165
------------------------------------------
[{'stable': {}, 'free': np.float64(-23206.761339756165)}]
------------------------------------------
  Seed: uu:px
  Seed uu: [0.+0.j 0.+0.j 0.+0.j 0.+0.j], Seed dd: [0.+0.j 0.+0.j 0.+0.j 0.+0.j]
F_onsite: 0j
F_swave: 0j, F_dwave: 0j
F_px: 0j, F_py: 0j
Free_energy = -23206.761339756165
------------------------------------------
[{'stable': {}, 'free': np.float64(-23206.761339756165)}]
------------------------------------------
  Seed: uu:px+py
  Seed uu: [0.+0.j 0.+0.j 0.+0.j 0.+0.j], Seed dd: [0.+0.j 0.+0.j 0.+0.j 0.+0.j]
F_onsite: 0j
F_swave: 0j, F_dwave: 0j
F_px: 0j, F_py: 0j
Free_energy = -23206.761339756165
------------------------------------------
[{'stable': {}, 'free': np.float64(-23206.761339756165)}]
------------------------------------------
  Seed: uu:px+ipy
  Seed uu: [0.+0.j 0.+0.j 0.+0.j 0.+0.j], Seed dd: [0.+0.j 0.+0.j 0.+0.j 0.+0.j]
F_onsite: 0j
F_swave: 0j, F_dwave: 0j
F_px: 0j, F_py: 0j
Free_energy = -23206.761339756165
------------------------------------------
[{'stable': {}, 'free': np.float64(-23206.761339756165)}]
------------------------------------------
  Seed: dd:px
  Seed uu: [0.+0.j 0.+0.j 0.+0.j 0.+0.j], Seed dd: [0.+0.j 0.+0.j 0.+0.j 0.+0.j]
F_onsite: 0j
F_swave: 0j, F_dwave: 0j
F_px: 0j, F_py: 0j
Free_energy = -23206.761339756165
------------------------------------------
[{'stable': {}, 'free': np.float64(-23206.761339756165)}]
------------------------------------------
  Seed: dd:px+py
  Seed uu: [0.+0.j 0.+0.j 0.+0.j 0.+0.j], Seed dd: [0.+0.j 0.+0.j 0.+0.j 0.+0.j]
F_onsite: 0j
F_swave: 0j, F_dwave: 0j
F_px: 0j, F_py: 0j
Free_energy = -23206.761339756165
------------------------------------------
[{'stable': {}, 'free': np.float64(-23206.761339756165)}]
------------------------------------------
  Seed: dd:px+ipy
  Seed uu: [0.+0.j 0.+0.j 0.+0.j 0.+0.j], Seed dd: [0.+0.j 0.+0.j 0.+0.j 0.+0.j]
F_onsite: 0j
F_swave: 0j, F_dwave: 0j
F_px: 0j, F_py: 0j
Free_energy = -23206.761339756165
------------------------------------------
[{'stable': {}, 'free': np.float64(-23206.761339756165)}]
------------------------------------------
  Seed: uu+dd:px
  Seed uu: [0.+0.j 0.+0.j 0.+0.j 0.+0.j], Seed dd: [0.+0.j 0.+0.j 0.+0.j 0.+0.j]
F_onsite: 0j
F_swave: 0j, F_dwave: 0j
F_px: 0j, F_py: 0j
Free_energy = -23206.761339756165
------------------------------------------
[{'stable': {}, 'free': np.float64(-23206.761339756165)}]
------------------------------------------
  Seed: uu+dd:px+py
  Seed uu: [0.+0.j 0.+0.j 0.+0.j 0.+0.j], Seed dd: [0.+0.j 0.+0.j 0.+0.j 0.+0.j]
F_onsite: 0j
F_swave: 0j, F_dwave: 0j
F_px: 0j, F_py: 0j
Free_energy = -23206.761339756165
------------------------------------------
[{'stable': {}, 'free': np.float64(-23206.761339756165)}]
------------------------------------------
  Seed: uu+dd:px+ipy
  Seed uu: [0.+0.j 0.+0.j 0.+0.j 0.+0.j], Seed dd: [0.+0.j 0.+0.j 0.+0.j 0.+0.j]
F_onsite: 0j
F_swave: 0j, F_dwave: 0j
F_px: 0j, F_py: 0j
Free_energy = -23206.761339756165
------------------------------------------
[{'stable': {}, 'free': np.float64(-23206.761339756165)}]
------------------------------------------
====================================
mu=4.13, T=0.1171
====================================
  Seed: normal state
  Seed uu: [0.+0.j 0.+0.j 0.+0.j 0.+0.j], Seed dd: [0.+0.j 0.+0.j 0.+0.j 0.+0.j]
F_onsite: 0j
F_swave: 0j, F_dwave: 0j
F_px: 0j, F_py: 0j
Free_energy = -23207.55635955766
------------------------------------------
[{'stable': {}, 'free': np.float64(-23207.55635955766)}]
------------------------------------------
  Seed: uu:px
  Seed uu: [0.+0.j 0.+0.j 0.+0.j 0.+0.j], Seed dd: [0.+0.j 0.+0.j 0.+0.j 0.+0.j]
F_onsite: 0j
F_swave: 0j, F_dwave: 0j
F_px: 0j, F_py: 0j
Free_energy = -23207.55635955766
------------------------------------------
[{'stable': {}, 'free': np.float64(-23207.55635955766)}]
------------------------------------------
  Seed: uu:px+py
  Seed uu: [0.+0.j 0.+0.j 0.+0.j 0.+0.j], Seed dd: [0.+0.j 0.+0.j 0.+0.j 0.+0.j]
F_onsite: 0j
F_swave: 0j, F_dwave: 0j
F_px: 0j, F_py: 0j
Free_energy = -23207.55635955766
------------------------------------------
[{'stable': {}, 'free': np.float64(-23207.55635955766)}]
------------------------------------------
  Seed: uu:px+ipy
  Seed uu: [0.+0.j 0.+0.j 0.+0.j 0.+0.j], Seed dd: [0.+0.j 0.+0.j 0.+0.j 0.+0.j]
F_onsite: 0j
F_swave: 0j, F_dwave: 0j
F_px: 0j, F_py: 0j
Free_energy = -23207.55635955766
------------------------------------------
[{'stable': {}, 'free': np.float64(-23207.55635955766)}]
------------------------------------------
  Seed: dd:px
  Seed uu: [0.+0.j 0.+0.j 0.+0.j 0.+0.j], Seed dd: [0.+0.j 0.+0.j 0.+0.j 0.+0.j]
F_onsite: 0j
F_swave: 0j, F_dwave: 0j
F_px: 0j, F_py: 0j
Free_energy = -23207.55635955766
------------------------------------------
[{'stable': {}, 'free': np.float64(-23207.55635955766)}]
------------------------------------------
  Seed: dd:px+py
  Seed uu: [0.+0.j 0.+0.j 0.+0.j 0.+0.j], Seed dd: [0.+0.j 0.+0.j 0.+0.j 0.+0.j]
F_onsite: 0j
F_swave: 0j, F_dwave: 0j
F_px: 0j, F_py: 0j
Free_energy = -23207.55635955766
------------------------------------------
[{'stable': {}, 'free': np.float64(-23207.55635955766)}]
------------------------------------------
  Seed: dd:px+ipy
  Seed uu: [0.+0.j 0.+0.j 0.+0.j 0.+0.j], Seed dd: [0.+0.j 0.+0.j 0.+0.j 0.+0.j]
F_onsite: 0j
F_swave: 0j, F_dwave: 0j
F_px: 0j, F_py: 0j
Free_energy = -23207.55635955766
------------------------------------------
[{'stable': {}, 'free': np.float64(-23207.55635955766)}]
------------------------------------------
  Seed: uu+dd:px
  Seed uu: [0.+0.j 0.+0.j 0.+0.j 0.+0.j], Seed dd: [0.+0.j 0.+0.j 0.+0.j 0.+0.j]
F_onsite: 0j
F_swave: 0j, F_dwave: 0j
F_px: 0j, F_py: 0j
Free_energy = -23207.55635955766
------------------------------------------
[{'stable': {}, 'free': np.float64(-23207.55635955766)}]
------------------------------------------
  Seed: uu+dd:px+py
  Seed uu: [0.+0.j 0.+0.j 0.+0.j 0.+0.j], Seed dd: [0.+0.j 0.+0.j 0.+0.j 0.+0.j]
F_onsite: 0j
F_swave: 0j, F_dwave: 0j
F_px: 0j, F_py: 0j
Free_energy = -23207.55635955766
------------------------------------------
[{'stable': {}, 'free': np.float64(-23207.55635955766)}]
------------------------------------------
  Seed: uu+dd:px+ipy
  Seed uu: [0.+0.j 0.+0.j 0.+0.j 0.+0.j], Seed dd: [0.+0.j 0.+0.j 0.+0.j 0.+0.j]
F_onsite: 0j
F_swave: 0j, F_dwave: 0j
F_px: 0j, F_py: 0j
Free_energy = -23207.55635955766
------------------------------------------
[{'stable': {}, 'free': np.float64(-23207.55635955766)}]
------------------------------------------
====================================
mu=4.13, T=0.1254
====================================
  Seed: normal state
  Seed uu: [0.+0.j 0.+0.j 0.+0.j 0.+0.j], Seed dd: [0.+0.j 0.+0.j 0.+0.j 0.+0.j]
F_onsite: 0j
F_swave: 0j, F_dwave: 0j
F_px: 0j, F_py: 0j
Free_energy = -23208.45084169918
------------------------------------------
[{'stable': {}, 'free': np.float64(-23208.45084169918)}]
------------------------------------------
  Seed: uu:px
  Seed uu: [0.+0.j 0.+0.j 0.+0.j 0.+0.j], Seed dd: [0.+0.j 0.+0.j 0.+0.j 0.+0.j]
F_onsite: 0j
F_swave: 0j, F_dwave: 0j
F_px: 0j, F_py: 0j
Free_energy = -23208.45084169918
------------------------------------------
[{'stable': {}, 'free': np.float64(-23208.45084169918)}]
------------------------------------------
  Seed: uu:px+py
  Seed uu: [0.+0.j 0.+0.j 0.+0.j 0.+0.j], Seed dd: [0.+0.j 0.+0.j 0.+0.j 0.+0.j]
F_onsite: 0j
F_swave: 0j, F_dwave: 0j
F_px: 0j, F_py: 0j
Free_energy = -23208.45084169918
------------------------------------------
[{'stable': {}, 'free': np.float64(-23208.45084169918)}]
------------------------------------------
  Seed: uu:px+ipy
  Seed uu: [0.+0.j 0.+0.j 0.+0.j 0.+0.j], Seed dd: [0.+0.j 0.+0.j 0.+0.j 0.+0.j]
F_onsite: 0j
F_swave: 0j, F_dwave: 0j
F_px: 0j, F_py: 0j
Free_energy = -23208.45084169918
------------------------------------------
[{'stable': {}, 'free': np.float64(-23208.45084169918)}]
------------------------------------------
  Seed: dd:px
  Seed uu: [0.+0.j 0.+0.j 0.+0.j 0.+0.j], Seed dd: [0.+0.j 0.+0.j 0.+0.j 0.+0.j]
F_onsite: 0j
F_swave: 0j, F_dwave: 0j
F_px: 0j, F_py: 0j
Free_energy = -23208.45084169918
------------------------------------------
[{'stable': {}, 'free': np.float64(-23208.45084169918)}]
------------------------------------------
  Seed: dd:px+py
  Seed uu: [0.+0.j 0.+0.j 0.+0.j 0.+0.j], Seed dd: [0.+0.j 0.+0.j 0.+0.j 0.+0.j]
F_onsite: 0j
F_swave: 0j, F_dwave: 0j
F_px: 0j, F_py: 0j
Free_energy = -23208.45084169918
------------------------------------------
[{'stable': {}, 'free': np.float64(-23208.45084169918)}]
------------------------------------------
  Seed: dd:px+ipy
  Seed uu: [0.+0.j 0.+0.j 0.+0.j 0.+0.j], Seed dd: [0.+0.j 0.+0.j 0.+0.j 0.+0.j]
F_onsite: 0j
F_swave: 0j, F_dwave: 0j
F_px: 0j, F_py: 0j
Free_energy = -23208.45084169918
------------------------------------------
[{'stable': {}, 'free': np.float64(-23208.45084169918)}]
------------------------------------------
  Seed: uu+dd:px
  Seed uu: [0.+0.j 0.+0.j 0.+0.j 0.+0.j], Seed dd: [0.+0.j 0.+0.j 0.+0.j 0.+0.j]
F_onsite: 0j
F_swave: 0j, F_dwave: 0j
F_px: 0j, F_py: 0j
Free_energy = -23208.45084169918
------------------------------------------
[{'stable': {}, 'free': np.float64(-23208.45084169918)}]
------------------------------------------
  Seed: uu+dd:px+py
  Seed uu: [0.+0.j 0.+0.j 0.+0.j 0.+0.j], Seed dd: [0.+0.j 0.+0.j 0.+0.j 0.+0.j]
F_onsite: 0j
F_swave: 0j, F_dwave: 0j
F_px: 0j, F_py: 0j
Free_energy = -23208.45084169918
------------------------------------------
[{'stable': {}, 'free': np.float64(-23208.45084169918)}]
------------------------------------------
  Seed: uu+dd:px+ipy
  Seed uu: [0.+0.j 0.+0.j 0.+0.j 0.+0.j], Seed dd: [0.+0.j 0.+0.j 0.+0.j 0.+0.j]
F_onsite: 0j
F_swave: 0j, F_dwave: 0j
F_px: 0j, F_py: 0j
Free_energy = -23208.45084169918
------------------------------------------
[{'stable': {}, 'free': np.float64(-23208.45084169918)}]
------------------------------------------
====================================
mu=4.13, T=0.1337
====================================
  Seed: normal state
  Seed uu: [0.+0.j 0.+0.j 0.+0.j 0.+0.j], Seed dd: [0.+0.j 0.+0.j 0.+0.j 0.+0.j]
F_onsite: 0j
F_swave: 0j, F_dwave: 0j
F_px: 0j, F_py: 0j
Free_energy = -23209.4460795473
------------------------------------------
[{'stable': {}, 'free': np.float64(-23209.4460795473)}]
------------------------------------------
  Seed: uu:px
  Seed uu: [0.+0.j 0.+0.j 0.+0.j 0.+0.j], Seed dd: [0.+0.j 0.+0.j 0.+0.j 0.+0.j]
F_onsite: 0j
F_swave: 0j, F_dwave: 0j
F_px: 0j, F_py: 0j
Free_energy = -23209.4460795473
------------------------------------------
[{'stable': {}, 'free': np.float64(-23209.4460795473)}]
------------------------------------------
  Seed: uu:px+py
  Seed uu: [0.+0.j 0.+0.j 0.+0.j 0.+0.j], Seed dd: [0.+0.j 0.+0.j 0.+0.j 0.+0.j]
F_onsite: 0j
F_swave: 0j, F_dwave: 0j
F_px: 0j, F_py: 0j
Free_energy = -23209.4460795473
------------------------------------------
[{'stable': {}, 'free': np.float64(-23209.4460795473)}]
------------------------------------------
  Seed: uu:px+ipy
  Seed uu: [0.+0.j 0.+0.j 0.+0.j 0.+0.j], Seed dd: [0.+0.j 0.+0.j 0.+0.j 0.+0.j]
F_onsite: 0j
F_swave: 0j, F_dwave: 0j
F_px: 0j, F_py: 0j
Free_energy = -23209.4460795473
------------------------------------------
[{'stable': {}, 'free': np.float64(-23209.4460795473)}]
------------------------------------------
  Seed: dd:px
  Seed uu: [0.+0.j 0.+0.j 0.+0.j 0.+0.j], Seed dd: [0.+0.j 0.+0.j 0.+0.j 0.+0.j]
F_onsite: 0j
F_swave: 0j, F_dwave: 0j
F_px: 0j, F_py: 0j
Free_energy = -23209.4460795473
------------------------------------------
[{'stable': {}, 'free': np.float64(-23209.4460795473)}]
------------------------------------------
  Seed: dd:px+py
  Seed uu: [0.+0.j 0.+0.j 0.+0.j 0.+0.j], Seed dd: [0.+0.j 0.+0.j 0.+0.j 0.+0.j]
F_onsite: 0j
F_swave: 0j, F_dwave: 0j
F_px: 0j, F_py: 0j
Free_energy = -23209.4460795473
------------------------------------------
[{'stable': {}, 'free': np.float64(-23209.4460795473)}]
------------------------------------------
  Seed: dd:px+ipy
  Seed uu: [0.+0.j 0.+0.j 0.+0.j 0.+0.j], Seed dd: [0.+0.j 0.+0.j 0.+0.j 0.+0.j]
F_onsite: 0j
F_swave: 0j, F_dwave: 0j
F_px: 0j, F_py: 0j
Free_energy = -23209.4460795473
------------------------------------------
[{'stable': {}, 'free': np.float64(-23209.4460795473)}]
------------------------------------------
  Seed: uu+dd:px
  Seed uu: [0.+0.j 0.+0.j 0.+0.j 0.+0.j], Seed dd: [0.+0.j 0.+0.j 0.+0.j 0.+0.j]
F_onsite: 0j
F_swave: 0j, F_dwave: 0j
F_px: 0j, F_py: 0j
Free_energy = -23209.4460795473
------------------------------------------
[{'stable': {}, 'free': np.float64(-23209.4460795473)}]
------------------------------------------
  Seed: uu+dd:px+py
  Seed uu: [0.+0.j 0.+0.j 0.+0.j 0.+0.j], Seed dd: [0.+0.j 0.+0.j 0.+0.j 0.+0.j]
F_onsite: 0j
F_swave: 0j, F_dwave: 0j
F_px: 0j, F_py: 0j
Free_energy = -23209.4460795473
------------------------------------------
[{'stable': {}, 'free': np.float64(-23209.4460795473)}]
------------------------------------------
  Seed: uu+dd:px+ipy
  Seed uu: [0.+0.j 0.+0.j 0.+0.j 0.+0.j], Seed dd: [0.+0.j 0.+0.j 0.+0.j 0.+0.j]
F_onsite: 0j
F_swave: 0j, F_dwave: 0j
F_px: 0j, F_py: 0j
Free_energy = -23209.4460795473
------------------------------------------
[{'stable': {}, 'free': np.float64(-23209.4460795473)}]
------------------------------------------
====================================
mu=4.13, T=0.1420
====================================
  Seed: normal state
  Seed uu: [0.+0.j 0.+0.j 0.+0.j 0.+0.j], Seed dd: [0.+0.j 0.+0.j 0.+0.j 0.+0.j]
F_onsite: 0j
F_swave: 0j, F_dwave: 0j
F_px: 0j, F_py: 0j
Free_energy = -23210.543183229875
------------------------------------------
[{'stable': {}, 'free': np.float64(-23210.543183229875)}]
------------------------------------------
  Seed: uu:px
  Seed uu: [0.+0.j 0.+0.j 0.+0.j 0.+0.j], Seed dd: [0.+0.j 0.+0.j 0.+0.j 0.+0.j]
F_onsite: 0j
F_swave: 0j, F_dwave: 0j
F_px: 0j, F_py: 0j
Free_energy = -23210.543183229875
------------------------------------------
[{'stable': {}, 'free': np.float64(-23210.543183229875)}]
------------------------------------------
  Seed: uu:px+py
  Seed uu: [0.+0.j 0.+0.j 0.+0.j 0.+0.j], Seed dd: [0.+0.j 0.+0.j 0.+0.j 0.+0.j]
F_onsite: 0j
F_swave: 0j, F_dwave: 0j
F_px: 0j, F_py: 0j
Free_energy = -23210.543183229875
------------------------------------------
[{'stable': {}, 'free': np.float64(-23210.543183229875)}]
------------------------------------------
  Seed: uu:px+ipy
  Seed uu: [0.+0.j 0.+0.j 0.+0.j 0.+0.j], Seed dd: [0.+0.j 0.+0.j 0.+0.j 0.+0.j]
F_onsite: 0j
F_swave: 0j, F_dwave: 0j
F_px: 0j, F_py: 0j
Free_energy = -23210.543183229875
------------------------------------------
[{'stable': {}, 'free': np.float64(-23210.543183229875)}]
------------------------------------------
  Seed: dd:px
  Seed uu: [0.+0.j 0.+0.j 0.+0.j 0.+0.j], Seed dd: [0.+0.j 0.+0.j 0.+0.j 0.+0.j]
F_onsite: 0j
F_swave: 0j, F_dwave: 0j
F_px: 0j, F_py: 0j
Free_energy = -23210.543183229875
------------------------------------------
[{'stable': {}, 'free': np.float64(-23210.543183229875)}]
------------------------------------------
  Seed: dd:px+py
  Seed uu: [0.+0.j 0.+0.j 0.+0.j 0.+0.j], Seed dd: [0.+0.j 0.+0.j 0.+0.j 0.+0.j]
F_onsite: 0j
F_swave: 0j, F_dwave: 0j
F_px: 0j, F_py: 0j
Free_energy = -23210.543183229875
------------------------------------------
[{'stable': {}, 'free': np.float64(-23210.543183229875)}]
------------------------------------------
  Seed: dd:px+ipy
  Seed uu: [0.+0.j 0.+0.j 0.+0.j 0.+0.j], Seed dd: [0.+0.j 0.+0.j 0.+0.j 0.+0.j]
F_onsite: 0j
F_swave: 0j, F_dwave: 0j
F_px: 0j, F_py: 0j
Free_energy = -23210.543183229875
------------------------------------------
[{'stable': {}, 'free': np.float64(-23210.543183229875)}]
------------------------------------------
  Seed: uu+dd:px
  Seed uu: [0.+0.j 0.+0.j 0.+0.j 0.+0.j], Seed dd: [0.+0.j 0.+0.j 0.+0.j 0.+0.j]
F_onsite: 0j
F_swave: 0j, F_dwave: 0j
F_px: 0j, F_py: 0j
Free_energy = -23210.543183229875
------------------------------------------
[{'stable': {}, 'free': np.float64(-23210.543183229875)}]
------------------------------------------
  Seed: uu+dd:px+py
  Seed uu: [0.+0.j 0.+0.j 0.+0.j 0.+0.j], Seed dd: [0.+0.j 0.+0.j 0.+0.j 0.+0.j]
F_onsite: 0j
F_swave: 0j, F_dwave: 0j
F_px: 0j, F_py: 0j
Free_energy = -23210.543183229875
------------------------------------------
[{'stable': {}, 'free': np.float64(-23210.543183229875)}]
------------------------------------------
  Seed: uu+dd:px+ipy
  Seed uu: [0.+0.j 0.+0.j 0.+0.j 0.+0.j], Seed dd: [0.+0.j 0.+0.j 0.+0.j 0.+0.j]
F_onsite: 0j
F_swave: 0j, F_dwave: 0j
F_px: 0j, F_py: 0j
Free_energy = -23210.543183229875
------------------------------------------
[{'stable': {}, 'free': np.float64(-23210.543183229875)}]
------------------------------------------
====================================
mu=4.13, T=0.1503
====================================
  Seed: normal state
  Seed uu: [0.+0.j 0.+0.j 0.+0.j 0.+0.j], Seed dd: [0.+0.j 0.+0.j 0.+0.j 0.+0.j]
F_onsite: 0j
F_swave: 0j, F_dwave: 0j
F_px: 0j, F_py: 0j
Free_energy = -23211.743125675515
------------------------------------------
[{'stable': {}, 'free': np.float64(-23211.743125675515)}]
------------------------------------------
  Seed: uu:px
  Seed uu: [0.+0.j 0.+0.j 0.+0.j 0.+0.j], Seed dd: [0.+0.j 0.+0.j 0.+0.j 0.+0.j]
F_onsite: 0j
F_swave: 0j, F_dwave: 0j
F_px: 0j, F_py: 0j
Free_energy = -23211.743125675515
------------------------------------------
[{'stable': {}, 'free': np.float64(-23211.743125675515)}]
------------------------------------------
  Seed: uu:px+py
  Seed uu: [0.+0.j 0.+0.j 0.+0.j 0.+0.j], Seed dd: [0.+0.j 0.+0.j 0.+0.j 0.+0.j]
F_onsite: 0j
F_swave: 0j, F_dwave: 0j
F_px: 0j, F_py: 0j
Free_energy = -23211.743125675515
------------------------------------------
[{'stable': {}, 'free': np.float64(-23211.743125675515)}]
------------------------------------------
  Seed: uu:px+ipy
  Seed uu: [0.+0.j 0.+0.j 0.+0.j 0.+0.j], Seed dd: [0.+0.j 0.+0.j 0.+0.j 0.+0.j]
F_onsite: 0j
F_swave: 0j, F_dwave: 0j
F_px: 0j, F_py: 0j
Free_energy = -23211.743125675515
------------------------------------------
[{'stable': {}, 'free': np.float64(-23211.743125675515)}]
------------------------------------------
  Seed: dd:px
  Seed uu: [0.+0.j 0.+0.j 0.+0.j 0.+0.j], Seed dd: [0.+0.j 0.+0.j 0.+0.j 0.+0.j]
F_onsite: 0j
F_swave: 0j, F_dwave: 0j
F_px: 0j, F_py: 0j
Free_energy = -23211.743125675515
------------------------------------------
[{'stable': {}, 'free': np.float64(-23211.743125675515)}]
------------------------------------------
  Seed: dd:px+py
  Seed uu: [0.+0.j 0.+0.j 0.+0.j 0.+0.j], Seed dd: [0.+0.j 0.+0.j 0.+0.j 0.+0.j]
F_onsite: 0j
F_swave: 0j, F_dwave: 0j
F_px: 0j, F_py: 0j
Free_energy = -23211.743125675515
------------------------------------------
[{'stable': {}, 'free': np.float64(-23211.743125675515)}]
------------------------------------------
  Seed: dd:px+ipy
  Seed uu: [0.+0.j 0.+0.j 0.+0.j 0.+0.j], Seed dd: [0.+0.j 0.+0.j 0.+0.j 0.+0.j]
F_onsite: 0j
F_swave: 0j, F_dwave: 0j
F_px: 0j, F_py: 0j
Free_energy = -23211.743125675515
------------------------------------------
[{'stable': {}, 'free': np.float64(-23211.743125675515)}]
------------------------------------------
  Seed: uu+dd:px
  Seed uu: [0.+0.j 0.+0.j 0.+0.j 0.+0.j], Seed dd: [0.+0.j 0.+0.j 0.+0.j 0.+0.j]
F_onsite: 0j
F_swave: 0j, F_dwave: 0j
F_px: 0j, F_py: 0j
Free_energy = -23211.743125675515
------------------------------------------
[{'stable': {}, 'free': np.float64(-23211.743125675515)}]
------------------------------------------
  Seed: uu+dd:px+py
  Seed uu: [0.+0.j 0.+0.j 0.+0.j 0.+0.j], Seed dd: [0.+0.j 0.+0.j 0.+0.j 0.+0.j]
F_onsite: 0j
F_swave: 0j, F_dwave: 0j
F_px: 0j, F_py: 0j
Free_energy = -23211.743125675515
------------------------------------------
[{'stable': {}, 'free': np.float64(-23211.743125675515)}]
------------------------------------------
  Seed: uu+dd:px+ipy
  Seed uu: [0.+0.j 0.+0.j 0.+0.j 0.+0.j], Seed dd: [0.+0.j 0.+0.j 0.+0.j 0.+0.j]
F_onsite: 0j
F_swave: 0j, F_dwave: 0j
F_px: 0j, F_py: 0j
Free_energy = -23211.743125675515
------------------------------------------
[{'stable': {}, 'free': np.float64(-23211.743125675515)}]
------------------------------------------
====================================
mu=4.13, T=0.1585
====================================
  Seed: normal state
  Seed uu: [0.+0.j 0.+0.j 0.+0.j 0.+0.j], Seed dd: [0.+0.j 0.+0.j 0.+0.j 0.+0.j]
F_onsite: 0j
F_swave: 0j, F_dwave: 0j
F_px: 0j, F_py: 0j
Free_energy = -23213.04677613948
------------------------------------------
[{'stable': {}, 'free': np.float64(-23213.04677613948)}]
------------------------------------------
  Seed: uu:px
  Seed uu: [0.+0.j 0.+0.j 0.+0.j 0.+0.j], Seed dd: [0.+0.j 0.+0.j 0.+0.j 0.+0.j]
F_onsite: 0j
F_swave: 0j, F_dwave: 0j
F_px: 0j, F_py: 0j
Free_energy = -23213.04677613948
------------------------------------------
[{'stable': {}, 'free': np.float64(-23213.04677613948)}]
------------------------------------------
  Seed: uu:px+py
  Seed uu: [0.+0.j 0.+0.j 0.+0.j 0.+0.j], Seed dd: [0.+0.j 0.+0.j 0.+0.j 0.+0.j]
F_onsite: 0j
F_swave: 0j, F_dwave: 0j
F_px: 0j, F_py: 0j
Free_energy = -23213.04677613948
------------------------------------------
[{'stable': {}, 'free': np.float64(-23213.04677613948)}]
------------------------------------------
  Seed: uu:px+ipy
  Seed uu: [0.+0.j 0.+0.j 0.+0.j 0.+0.j], Seed dd: [0.+0.j 0.+0.j 0.+0.j 0.+0.j]
F_onsite: 0j
F_swave: 0j, F_dwave: 0j
F_px: 0j, F_py: 0j
Free_energy = -23213.04677613948
------------------------------------------
[{'stable': {}, 'free': np.float64(-23213.04677613948)}]
------------------------------------------
  Seed: dd:px
  Seed uu: [0.+0.j 0.+0.j 0.+0.j 0.+0.j], Seed dd: [0.+0.j 0.+0.j 0.+0.j 0.+0.j]
F_onsite: 0j
F_swave: 0j, F_dwave: 0j
F_px: 0j, F_py: 0j
Free_energy = -23213.04677613948
------------------------------------------
[{'stable': {}, 'free': np.float64(-23213.04677613948)}]
------------------------------------------
  Seed: dd:px+py
  Seed uu: [0.+0.j 0.+0.j 0.+0.j 0.+0.j], Seed dd: [0.+0.j 0.+0.j 0.+0.j 0.+0.j]
F_onsite: 0j
F_swave: 0j, F_dwave: 0j
F_px: 0j, F_py: 0j
Free_energy = -23213.04677613948
------------------------------------------
[{'stable': {}, 'free': np.float64(-23213.04677613948)}]
------------------------------------------
  Seed: dd:px+ipy
  Seed uu: [0.+0.j 0.+0.j 0.+0.j 0.+0.j], Seed dd: [0.+0.j 0.+0.j 0.+0.j 0.+0.j]
F_onsite: 0j
F_swave: 0j, F_dwave: 0j
F_px: 0j, F_py: 0j
Free_energy = -23213.04677613948
------------------------------------------
[{'stable': {}, 'free': np.float64(-23213.04677613948)}]
------------------------------------------
  Seed: uu+dd:px
  Seed uu: [0.+0.j 0.+0.j 0.+0.j 0.+0.j], Seed dd: [0.+0.j 0.+0.j 0.+0.j 0.+0.j]
F_onsite: 0j
F_swave: 0j, F_dwave: 0j
F_px: 0j, F_py: 0j
Free_energy = -23213.04677613948
------------------------------------------
[{'stable': {}, 'free': np.float64(-23213.04677613948)}]
------------------------------------------
  Seed: uu+dd:px+py
  Seed uu: [0.+0.j 0.+0.j 0.+0.j 0.+0.j], Seed dd: [0.+0.j 0.+0.j 0.+0.j 0.+0.j]
F_onsite: 0j
F_swave: 0j, F_dwave: 0j
F_px: 0j, F_py: 0j
Free_energy = -23213.04677613948
------------------------------------------
[{'stable': {}, 'free': np.float64(-23213.04677613948)}]
------------------------------------------
  Seed: uu+dd:px+ipy
  Seed uu: [0.+0.j 0.+0.j 0.+0.j 0.+0.j], Seed dd: [0.+0.j 0.+0.j 0.+0.j 0.+0.j]
F_onsite: 0j
F_swave: 0j, F_dwave: 0j
F_px: 0j, F_py: 0j
Free_energy = -23213.04677613948
------------------------------------------
[{'stable': {}, 'free': np.float64(-23213.04677613948)}]
------------------------------------------
====================================
mu=4.13, T=0.1668
====================================
  Seed: normal state
  Seed uu: [0.+0.j 0.+0.j 0.+0.j 0.+0.j], Seed dd: [0.+0.j 0.+0.j 0.+0.j 0.+0.j]
F_onsite: 0j
F_swave: 0j, F_dwave: 0j
F_px: 0j, F_py: 0j
Free_energy = -23214.454924948353
------------------------------------------
[{'stable': {}, 'free': np.float64(-23214.454924948353)}]
------------------------------------------
  Seed: uu:px
  Seed uu: [0.+0.j 0.+0.j 0.+0.j 0.+0.j], Seed dd: [0.+0.j 0.+0.j 0.+0.j 0.+0.j]
F_onsite: 0j
F_swave: 0j, F_dwave: 0j
F_px: 0j, F_py: 0j
Free_energy = -23214.454924948353
------------------------------------------
[{'stable': {}, 'free': np.float64(-23214.454924948353)}]
------------------------------------------
  Seed: uu:px+py
  Seed uu: [0.+0.j 0.+0.j 0.+0.j 0.+0.j], Seed dd: [0.+0.j 0.+0.j 0.+0.j 0.+0.j]
F_onsite: 0j
F_swave: 0j, F_dwave: 0j
F_px: 0j, F_py: 0j
Free_energy = -23214.454924948353
------------------------------------------
[{'stable': {}, 'free': np.float64(-23214.454924948353)}]
------------------------------------------
  Seed: uu:px+ipy
  Seed uu: [0.+0.j 0.+0.j 0.+0.j 0.+0.j], Seed dd: [0.+0.j 0.+0.j 0.+0.j 0.+0.j]
F_onsite: 0j
F_swave: 0j, F_dwave: 0j
F_px: 0j, F_py: 0j
Free_energy = -23214.454924948353
------------------------------------------
[{'stable': {}, 'free': np.float64(-23214.454924948353)}]
------------------------------------------
  Seed: dd:px
  Seed uu: [0.+0.j 0.+0.j 0.+0.j 0.+0.j], Seed dd: [0.+0.j 0.+0.j 0.+0.j 0.+0.j]
F_onsite: 0j
F_swave: 0j, F_dwave: 0j
F_px: 0j, F_py: 0j
Free_energy = -23214.454924948353
------------------------------------------
[{'stable': {}, 'free': np.float64(-23214.454924948353)}]
------------------------------------------
  Seed: dd:px+py
  Seed uu: [0.+0.j 0.+0.j 0.+0.j 0.+0.j], Seed dd: [0.+0.j 0.+0.j 0.+0.j 0.+0.j]
F_onsite: 0j
F_swave: 0j, F_dwave: 0j
F_px: 0j, F_py: 0j
Free_energy = -23214.454924948353
------------------------------------------
[{'stable': {}, 'free': np.float64(-23214.454924948353)}]
------------------------------------------
  Seed: dd:px+ipy
  Seed uu: [0.+0.j 0.+0.j 0.+0.j 0.+0.j], Seed dd: [0.+0.j 0.+0.j 0.+0.j 0.+0.j]
F_onsite: 0j
F_swave: 0j, F_dwave: 0j
F_px: 0j, F_py: 0j
Free_energy = -23214.454924948353
------------------------------------------
[{'stable': {}, 'free': np.float64(-23214.454924948353)}]
------------------------------------------
  Seed: uu+dd:px
  Seed uu: [0.+0.j 0.+0.j 0.+0.j 0.+0.j], Seed dd: [0.+0.j 0.+0.j 0.+0.j 0.+0.j]
F_onsite: 0j
F_swave: 0j, F_dwave: 0j
F_px: 0j, F_py: 0j
Free_energy = -23214.454924948353
------------------------------------------
[{'stable': {}, 'free': np.float64(-23214.454924948353)}]
------------------------------------------
  Seed: uu+dd:px+py
  Seed uu: [0.+0.j 0.+0.j 0.+0.j 0.+0.j], Seed dd: [0.+0.j 0.+0.j 0.+0.j 0.+0.j]
F_onsite: 0j
F_swave: 0j, F_dwave: 0j
F_px: 0j, F_py: 0j
Free_energy = -23214.454924948353
------------------------------------------
[{'stable': {}, 'free': np.float64(-23214.454924948353)}]
------------------------------------------
  Seed: uu+dd:px+ipy
  Seed uu: [0.+0.j 0.+0.j 0.+0.j 0.+0.j], Seed dd: [0.+0.j 0.+0.j 0.+0.j 0.+0.j]
F_onsite: 0j
F_swave: 0j, F_dwave: 0j
F_px: 0j, F_py: 0j
Free_energy = -23214.454924948353
------------------------------------------
[{'stable': {}, 'free': np.float64(-23214.454924948353)}]
------------------------------------------
====================================
mu=4.13, T=0.1751
====================================
  Seed: normal state
  Seed uu: [0.+0.j 0.+0.j 0.+0.j 0.+0.j], Seed dd: [0.+0.j 0.+0.j 0.+0.j 0.+0.j]
F_onsite: 0j
F_swave: 0j, F_dwave: 0j
F_px: 0j, F_py: 0j
Free_energy = -23215.968302005007
------------------------------------------
[{'stable': {}, 'free': np.float64(-23215.968302005007)}]
------------------------------------------
  Seed: uu:px
  Seed uu: [0.+0.j 0.+0.j 0.+0.j 0.+0.j], Seed dd: [0.+0.j 0.+0.j 0.+0.j 0.+0.j]
F_onsite: 0j
F_swave: 0j, F_dwave: 0j
F_px: 0j, F_py: 0j
Free_energy = -23215.968302005007
------------------------------------------
[{'stable': {}, 'free': np.float64(-23215.968302005007)}]
------------------------------------------
  Seed: uu:px+py
  Seed uu: [0.+0.j 0.+0.j 0.+0.j 0.+0.j], Seed dd: [0.+0.j 0.+0.j 0.+0.j 0.+0.j]
F_onsite: 0j
F_swave: 0j, F_dwave: 0j
F_px: 0j, F_py: 0j
Free_energy = -23215.968302005007
------------------------------------------
[{'stable': {}, 'free': np.float64(-23215.968302005007)}]
------------------------------------------
  Seed: uu:px+ipy
  Seed uu: [0.+0.j 0.+0.j 0.+0.j 0.+0.j], Seed dd: [0.+0.j 0.+0.j 0.+0.j 0.+0.j]
F_onsite: 0j
F_swave: 0j, F_dwave: 0j
F_px: 0j, F_py: 0j
Free_energy = -23215.968302005007
------------------------------------------
[{'stable': {}, 'free': np.float64(-23215.968302005007)}]
------------------------------------------
  Seed: dd:px
  Seed uu: [0.+0.j 0.+0.j 0.+0.j 0.+0.j], Seed dd: [0.+0.j 0.+0.j 0.+0.j 0.+0.j]
F_onsite: 0j
F_swave: 0j, F_dwave: 0j
F_px: 0j, F_py: 0j
Free_energy = -23215.968302005007
------------------------------------------
[{'stable': {}, 'free': np.float64(-23215.968302005007)}]
------------------------------------------
  Seed: dd:px+py
  Seed uu: [0.+0.j 0.+0.j 0.+0.j 0.+0.j], Seed dd: [0.+0.j 0.+0.j 0.+0.j 0.+0.j]
F_onsite: 0j
F_swave: 0j, F_dwave: 0j
F_px: 0j, F_py: 0j
Free_energy = -23215.968302005007
------------------------------------------
[{'stable': {}, 'free': np.float64(-23215.968302005007)}]
------------------------------------------
  Seed: dd:px+ipy
  Seed uu: [0.+0.j 0.+0.j 0.+0.j 0.+0.j], Seed dd: [0.+0.j 0.+0.j 0.+0.j 0.+0.j]
F_onsite: 0j
F_swave: 0j, F_dwave: 0j
F_px: 0j, F_py: 0j
Free_energy = -23215.968302005007
------------------------------------------
[{'stable': {}, 'free': np.float64(-23215.968302005007)}]
------------------------------------------
  Seed: uu+dd:px
  Seed uu: [0.+0.j 0.+0.j 0.+0.j 0.+0.j], Seed dd: [0.+0.j 0.+0.j 0.+0.j 0.+0.j]
F_onsite: 0j
F_swave: 0j, F_dwave: 0j
F_px: 0j, F_py: 0j
Free_energy = -23215.968302005007
------------------------------------------
[{'stable': {}, 'free': np.float64(-23215.968302005007)}]
------------------------------------------
  Seed: uu+dd:px+py
  Seed uu: [0.+0.j 0.+0.j 0.+0.j 0.+0.j], Seed dd: [0.+0.j 0.+0.j 0.+0.j 0.+0.j]
F_onsite: 0j
F_swave: 0j, F_dwave: 0j
F_px: 0j, F_py: 0j
Free_energy = -23215.968302005007
------------------------------------------
[{'stable': {}, 'free': np.float64(-23215.968302005007)}]
------------------------------------------
  Seed: uu+dd:px+ipy
  Seed uu: [0.+0.j 0.+0.j 0.+0.j 0.+0.j], Seed dd: [0.+0.j 0.+0.j 0.+0.j 0.+0.j]
F_onsite: 0j
F_swave: 0j, F_dwave: 0j
F_px: 0j, F_py: 0j
Free_energy = -23215.968302005007
------------------------------------------
[{'stable': {}, 'free': np.float64(-23215.968302005007)}]
------------------------------------------
====================================
mu=4.13, T=0.1834
====================================
  Seed: normal state
  Seed uu: [0.+0.j 0.+0.j 0.+0.j 0.+0.j], Seed dd: [0.+0.j 0.+0.j 0.+0.j 0.+0.j]
F_onsite: 0j
F_swave: 0j, F_dwave: 0j
F_px: 0j, F_py: 0j
Free_energy = -23217.5875908093
------------------------------------------
[{'stable': {}, 'free': np.float64(-23217.5875908093)}]
------------------------------------------
  Seed: uu:px
  Seed uu: [0.+0.j 0.+0.j 0.+0.j 0.+0.j], Seed dd: [0.+0.j 0.+0.j 0.+0.j 0.+0.j]
F_onsite: 0j
F_swave: 0j, F_dwave: 0j
F_px: 0j, F_py: 0j
Free_energy = -23217.5875908093
------------------------------------------
[{'stable': {}, 'free': np.float64(-23217.5875908093)}]
------------------------------------------
  Seed: uu:px+py
  Seed uu: [0.+0.j 0.+0.j 0.+0.j 0.+0.j], Seed dd: [0.+0.j 0.+0.j 0.+0.j 0.+0.j]
F_onsite: 0j
F_swave: 0j, F_dwave: 0j
F_px: 0j, F_py: 0j
Free_energy = -23217.5875908093
------------------------------------------
[{'stable': {}, 'free': np.float64(-23217.5875908093)}]
------------------------------------------
  Seed: uu:px+ipy
  Seed uu: [0.+0.j 0.+0.j 0.+0.j 0.+0.j], Seed dd: [0.+0.j 0.+0.j 0.+0.j 0.+0.j]
F_onsite: 0j
F_swave: 0j, F_dwave: 0j
F_px: 0j, F_py: 0j
Free_energy = -23217.5875908093
------------------------------------------
[{'stable': {}, 'free': np.float64(-23217.5875908093)}]
------------------------------------------
  Seed: dd:px
  Seed uu: [0.+0.j 0.+0.j 0.+0.j 0.+0.j], Seed dd: [0.+0.j 0.+0.j 0.+0.j 0.+0.j]
F_onsite: 0j
F_swave: 0j, F_dwave: 0j
F_px: 0j, F_py: 0j
Free_energy = -23217.5875908093
------------------------------------------
[{'stable': {}, 'free': np.float64(-23217.5875908093)}]
------------------------------------------
  Seed: dd:px+py
  Seed uu: [0.+0.j 0.+0.j 0.+0.j 0.+0.j], Seed dd: [0.+0.j 0.+0.j 0.+0.j 0.+0.j]
F_onsite: 0j
F_swave: 0j, F_dwave: 0j
F_px: 0j, F_py: 0j
Free_energy = -23217.5875908093
------------------------------------------
[{'stable': {}, 'free': np.float64(-23217.5875908093)}]
------------------------------------------
  Seed: dd:px+ipy
  Seed uu: [0.+0.j 0.+0.j 0.+0.j 0.+0.j], Seed dd: [0.+0.j 0.+0.j 0.+0.j 0.+0.j]
F_onsite: 0j
F_swave: 0j, F_dwave: 0j
F_px: 0j, F_py: 0j
Free_energy = -23217.5875908093
------------------------------------------
[{'stable': {}, 'free': np.float64(-23217.5875908093)}]
------------------------------------------
  Seed: uu+dd:px
  Seed uu: [0.+0.j 0.+0.j 0.+0.j 0.+0.j], Seed dd: [0.+0.j 0.+0.j 0.+0.j 0.+0.j]
F_onsite: 0j
F_swave: 0j, F_dwave: 0j
F_px: 0j, F_py: 0j
Free_energy = -23217.5875908093
------------------------------------------
[{'stable': {}, 'free': np.float64(-23217.5875908093)}]
------------------------------------------
  Seed: uu+dd:px+py
  Seed uu: [0.+0.j 0.+0.j 0.+0.j 0.+0.j], Seed dd: [0.+0.j 0.+0.j 0.+0.j 0.+0.j]
F_onsite: 0j
F_swave: 0j, F_dwave: 0j
F_px: 0j, F_py: 0j
Free_energy = -23217.5875908093
------------------------------------------
[{'stable': {}, 'free': np.float64(-23217.5875908093)}]
------------------------------------------
  Seed: uu+dd:px+ipy
  Seed uu: [0.+0.j 0.+0.j 0.+0.j 0.+0.j], Seed dd: [0.+0.j 0.+0.j 0.+0.j 0.+0.j]
F_onsite: 0j
F_swave: 0j, F_dwave: 0j
F_px: 0j, F_py: 0j
Free_energy = -23217.5875908093
------------------------------------------
[{'stable': {}, 'free': np.float64(-23217.5875908093)}]
------------------------------------------
====================================
mu=4.13, T=0.1917
====================================
  Seed: normal state
  Seed uu: [0.+0.j 0.+0.j 0.+0.j 0.+0.j], Seed dd: [0.+0.j 0.+0.j 0.+0.j 0.+0.j]
F_onsite: 0j
F_swave: 0j, F_dwave: 0j
F_px: 0j, F_py: 0j
Free_energy = -23219.31343921281
------------------------------------------
[{'stable': {}, 'free': np.float64(-23219.31343921281)}]
------------------------------------------
  Seed: uu:px
  Seed uu: [0.+0.j 0.+0.j 0.+0.j 0.+0.j], Seed dd: [0.+0.j 0.+0.j 0.+0.j 0.+0.j]
F_onsite: 0j
F_swave: 0j, F_dwave: 0j
F_px: 0j, F_py: 0j
Free_energy = -23219.31343921281
------------------------------------------
[{'stable': {}, 'free': np.float64(-23219.31343921281)}]
------------------------------------------
  Seed: uu:px+py
  Seed uu: [0.+0.j 0.+0.j 0.+0.j 0.+0.j], Seed dd: [0.+0.j 0.+0.j 0.+0.j 0.+0.j]
F_onsite: 0j
F_swave: 0j, F_dwave: 0j
F_px: 0j, F_py: 0j
Free_energy = -23219.31343921281
------------------------------------------
[{'stable': {}, 'free': np.float64(-23219.31343921281)}]
------------------------------------------
  Seed: uu:px+ipy
  Seed uu: [0.+0.j 0.+0.j 0.+0.j 0.+0.j], Seed dd: [0.+0.j 0.+0.j 0.+0.j 0.+0.j]
F_onsite: 0j
F_swave: 0j, F_dwave: 0j
F_px: 0j, F_py: 0j
Free_energy = -23219.31343921281
------------------------------------------
[{'stable': {}, 'free': np.float64(-23219.31343921281)}]
------------------------------------------
  Seed: dd:px
  Seed uu: [0.+0.j 0.+0.j 0.+0.j 0.+0.j], Seed dd: [0.+0.j 0.+0.j 0.+0.j 0.+0.j]
F_onsite: 0j
F_swave: 0j, F_dwave: 0j
F_px: 0j, F_py: 0j
Free_energy = -23219.31343921281
------------------------------------------
[{'stable': {}, 'free': np.float64(-23219.31343921281)}]
------------------------------------------
  Seed: dd:px+py
  Seed uu: [0.+0.j 0.+0.j 0.+0.j 0.+0.j], Seed dd: [0.+0.j 0.+0.j 0.+0.j 0.+0.j]
F_onsite: 0j
F_swave: 0j, F_dwave: 0j
F_px: 0j, F_py: 0j
Free_energy = -23219.31343921281
------------------------------------------
[{'stable': {}, 'free': np.float64(-23219.31343921281)}]
------------------------------------------
  Seed: dd:px+ipy
  Seed uu: [0.+0.j 0.+0.j 0.+0.j 0.+0.j], Seed dd: [0.+0.j 0.+0.j 0.+0.j 0.+0.j]
F_onsite: 0j
F_swave: 0j, F_dwave: 0j
F_px: 0j, F_py: 0j
Free_energy = -23219.31343921281
------------------------------------------
[{'stable': {}, 'free': np.float64(-23219.31343921281)}]
------------------------------------------
  Seed: uu+dd:px
  Seed uu: [0.+0.j 0.+0.j 0.+0.j 0.+0.j], Seed dd: [0.+0.j 0.+0.j 0.+0.j 0.+0.j]
F_onsite: 0j
F_swave: 0j, F_dwave: 0j
F_px: 0j, F_py: 0j
Free_energy = -23219.31343921281
------------------------------------------
[{'stable': {}, 'free': np.float64(-23219.31343921281)}]
------------------------------------------
  Seed: uu+dd:px+py
  Seed uu: [0.+0.j 0.+0.j 0.+0.j 0.+0.j], Seed dd: [0.+0.j 0.+0.j 0.+0.j 0.+0.j]
F_onsite: 0j
F_swave: 0j, F_dwave: 0j
F_px: 0j, F_py: 0j
Free_energy = -23219.31343921281
------------------------------------------
[{'stable': {}, 'free': np.float64(-23219.31343921281)}]
------------------------------------------
  Seed: uu+dd:px+ipy
  Seed uu: [0.+0.j 0.+0.j 0.+0.j 0.+0.j], Seed dd: [0.+0.j 0.+0.j 0.+0.j 0.+0.j]
F_onsite: 0j
F_swave: 0j, F_dwave: 0j
F_px: 0j, F_py: 0j
Free_energy = -23219.31343921281
------------------------------------------
[{'stable': {}, 'free': np.float64(-23219.31343921281)}]
------------------------------------------
====================================
mu=4.13, T=0.2000
====================================
  Seed: normal state
  Seed uu: [0.+0.j 0.+0.j 0.+0.j 0.+0.j], Seed dd: [0.+0.j 0.+0.j 0.+0.j 0.+0.j]
F_onsite: 0j
F_swave: 0j, F_dwave: 0j
F_px: 0j, F_py: 0j
Free_energy = -23221.14646777772
------------------------------------------
[{'stable': {}, 'free': np.float64(-23221.14646777772)}]
------------------------------------------
  Seed: uu:px
  Seed uu: [0.+0.j 0.+0.j 0.+0.j 0.+0.j], Seed dd: [0.+0.j 0.+0.j 0.+0.j 0.+0.j]
F_onsite: 0j
F_swave: 0j, F_dwave: 0j
F_px: 0j, F_py: 0j
Free_energy = -23221.14646777772
------------------------------------------
[{'stable': {}, 'free': np.float64(-23221.14646777772)}]
------------------------------------------
  Seed: uu:px+py
  Seed uu: [0.+0.j 0.+0.j 0.+0.j 0.+0.j], Seed dd: [0.+0.j 0.+0.j 0.+0.j 0.+0.j]
F_onsite: 0j
F_swave: 0j, F_dwave: 0j
F_px: 0j, F_py: 0j
Free_energy = -23221.14646777772
------------------------------------------
[{'stable': {}, 'free': np.float64(-23221.14646777772)}]
------------------------------------------
  Seed: uu:px+ipy
  Seed uu: [0.+0.j 0.+0.j 0.+0.j 0.+0.j], Seed dd: [0.+0.j 0.+0.j 0.+0.j 0.+0.j]
F_onsite: 0j
F_swave: 0j, F_dwave: 0j
F_px: 0j, F_py: 0j
Free_energy = -23221.14646777772
------------------------------------------
[{'stable': {}, 'free': np.float64(-23221.14646777772)}]
------------------------------------------
  Seed: dd:px
  Seed uu: [0.+0.j 0.+0.j 0.+0.j 0.+0.j], Seed dd: [0.+0.j 0.+0.j 0.+0.j 0.+0.j]
F_onsite: 0j
F_swave: 0j, F_dwave: 0j
F_px: 0j, F_py: 0j
Free_energy = -23221.14646777772
------------------------------------------
[{'stable': {}, 'free': np.float64(-23221.14646777772)}]
------------------------------------------
  Seed: dd:px+py
  Seed uu: [0.+0.j 0.+0.j 0.+0.j 0.+0.j], Seed dd: [0.+0.j 0.+0.j 0.+0.j 0.+0.j]
F_onsite: 0j
F_swave: 0j, F_dwave: 0j
F_px: 0j, F_py: 0j
Free_energy = -23221.14646777772
------------------------------------------
[{'stable': {}, 'free': np.float64(-23221.14646777772)}]
------------------------------------------
  Seed: dd:px+ipy
  Seed uu: [0.+0.j 0.+0.j 0.+0.j 0.+0.j], Seed dd: [0.+0.j 0.+0.j 0.+0.j 0.+0.j]
F_onsite: 0j
F_swave: 0j, F_dwave: 0j
F_px: 0j, F_py: 0j
Free_energy = -23221.14646777772
------------------------------------------
[{'stable': {}, 'free': np.float64(-23221.14646777772)}]
------------------------------------------
  Seed: uu+dd:px
  Seed uu: [0.+0.j 0.+0.j 0.+0.j 0.+0.j], Seed dd: [0.+0.j 0.+0.j 0.+0.j 0.+0.j]
F_onsite: 0j
F_swave: 0j, F_dwave: 0j
F_px: 0j, F_py: 0j
Free_energy = -23221.14646777772
------------------------------------------
[{'stable': {}, 'free': np.float64(-23221.14646777772)}]
------------------------------------------
  Seed: uu+dd:px+py
  Seed uu: [0.+0.j 0.+0.j 0.+0.j 0.+0.j], Seed dd: [0.+0.j 0.+0.j 0.+0.j 0.+0.j]
F_onsite: 0j
F_swave: 0j, F_dwave: 0j
F_px: 0j, F_py: 0j
Free_energy = -23221.14646777772
------------------------------------------
[{'stable': {}, 'free': np.float64(-23221.14646777772)}]
------------------------------------------
  Seed: uu+dd:px+ipy
  Seed uu: [0.+0.j 0.+0.j 0.+0.j 0.+0.j], Seed dd: [0.+0.j 0.+0.j 0.+0.j 0.+0.j]
F_onsite: 0j
F_swave: 0j, F_dwave: 0j
F_px: 0j, F_py: 0j
Free_energy = -23221.14646777772
------------------------------------------
[{'stable': {}, 'free': np.float64(-23221.14646777772)}]
------------------------------------------
