/home/emilssp/D1/venv/bin/python
Python 3.10.12
Running job 47 out of 50
====================================
mu=3.67, T=0.0010
====================================
  Seed: normal state
  Seed uu: [0.+0.j 0.+0.j 0.+0.j 0.+0.j], Seed dd: [0.+0.j 0.+0.j 0.+0.j 0.+0.j]
F_onsite: 0j
F_swave: 0j, F_dwave: 0j
F_px: 0j, F_py: 0j
Free_energy = -20711.68931075482
------------------------------------------
[{'stable': {}, 'free': np.float64(-20711.68931075482)}]
------------------------------------------
  Seed: uu:px
  Seed uu: [ 0.1+0.j -0.1+0.j  0. +0.j  0. +0.j], Seed dd: [0.+0.j 0.+0.j 0.+0.j 0.+0.j]
F_onsite: (-2.8756615105610788e-30+3.257215966583446e-27j)
F_swave: (2.652639353743198e-30-3.0046023236274478e-27j), F_dwave: (1.3267796249270423e-31-1.5028221376418234e-28j)
F_px: (-1.0376753821139416e-26-2.5955367615079438e-30j), F_py: (2.7705486412444565e-27-5.4276245598813095e-31j)
Free_energy = -20711.68931075482
------------------------------------------
[{'stable': {}, 'free': np.float64(-20711.68931075482)}]
------------------------------------------
  Seed: uu:px+py
  Seed uu: [ 0.1+0.j -0.1+0.j  0.1+0.j -0.1+0.j], Seed dd: [0.+0.j 0.+0.j 0.+0.j 0.+0.j]
F_onsite: (1.912435930027092e-27-1.9216251989712392e-23j)
F_swave: (-1.7526838991016803e-27+1.761090946458245e-23j), F_dwave: (1.6026503778172515e-28-1.605810924188683e-24j)
F_px: (-1.0642896506262691e-23-1.060123632620714e-27j), F_py: (-2.5933508322799636e-26-4.8591951926917666e-30j)
Free_energy = -20711.68931075482
------------------------------------------
[{'stable': {}, 'free': np.float64(-20711.68931075482)}]
------------------------------------------
  Seed: uu:px+ipy
  Seed uu: [ 0.1+0.j  -0.1+0.j   0. +0.1j -0. -0.1j], Seed dd: [0.+0.j 0.+0.j 0.+0.j 0.+0.j]
F_onsite: (-6.275471773481886e-28-2.9364012131086382e-27j)
F_swave: (5.779836681213205e-28+2.7092643437911333e-27j), F_dwave: (-2.531096794520137e-29-2.1370466349317424e-28j)
F_px: (2.2731177797226315e-27-7.955491320251265e-28j), F_py: (5.622210493151592e-27+1.0637084168499028e-23j)
Free_energy = -20711.689310754824
------------------------------------------
[{'stable': {}, 'free': np.float64(-20711.68931075482)}]
------------------------------------------
  Seed: dd:px
  Seed uu: [0.+0.j 0.+0.j 0.+0.j 0.+0.j], Seed dd: [ 0.1+0.j -0.1+0.j  0. +0.j  0. +0.j]
F_onsite: (9.25756818323124e-41+5.007341043936676e-56j)
F_swave: (-8.53959674760251e-41-4.588104704061463e-56j), F_dwave: (4.271279076754409e-42+1.9117102933589427e-57j)
F_px: -6.372367644529809e-58j, F_py: (-5.0978941156238473e-57-2.102881322694837e-56j)
Free_energy = -20711.68931075482
------------------------------------------
[{'stable': {}, 'free': np.float64(-20711.68931075482)}]
------------------------------------------
  Seed: dd:px+py
  Seed uu: [0.+0.j 0.+0.j 0.+0.j 0.+0.j], Seed dd: [ 0.1+0.j -0.1+0.j  0.1+0.j -0.1+0.j]
F_onsite: (3.3959014038720645e-41+5.872619398684694e-49j)
F_swave: (-3.1023102096043236e-41-5.34605239402461e-49j), F_dwave: (1.0427252250989362e-49+9.068528502428896e-51j)
F_px: (-2.5363292345968725e-49-1.3812142526068538e-41j), F_py: (-2.173696220833909e-49-1.381214154494123e-41j)
Free_energy = -20711.68931075482
------------------------------------------
[{'stable': {}, 'free': np.float64(-20711.68931075482)}]
------------------------------------------
  Seed: dd:px+ipy
  Seed uu: [0.+0.j 0.+0.j 0.+0.j 0.+0.j], Seed dd: [ 0.1+0.j  -0.1+0.j   0. +0.1j -0. -0.1j]
F_onsite: (4.961421736475421e-39+2.2808349873984872e-40j)
F_swave: (-4.538605608800935e-39-2.0863189609607687e-40j), F_dwave: (-4.019881817154332e-40-1.8629555404621378e-41j)
F_px: (-6.337238315794809e-43+1.9703146561038819e-41j), F_py: (3.4345514459820615e-42-1.3109347564573018e-41j)
Free_energy = -20711.68931075482
------------------------------------------
[{'stable': {}, 'free': np.float64(-20711.68931075482)}]
------------------------------------------
  Seed: uu+dd:px
  Seed uu: [ 0.1+0.j -0.1+0.j  0. +0.j  0. +0.j], Seed dd: [ 0.1+0.j -0.1+0.j  0. +0.j  0. +0.j]
F_onsite: (-9.553279874097865e-24-1.0413928908032177e-24j)
F_swave: (8.755204883492464e-24+9.543869487473222e-25j), F_dwave: (7.980749800253789e-25+8.723555594905073e-26j)
F_px: (1.2827178180198319e-26+1.3671941073902823e-29j), F_py: (5.647107401169369e-25-5.2865558351040416e-24j)
Free_energy = -20711.68931075482
------------------------------------------
[{'stable': {}, 'free': np.float64(-20711.68931075482)}]
------------------------------------------
  Seed: uu+dd:px+py
  Seed uu: [ 0.1+0.j -0.1+0.j  0.1+0.j -0.1+0.j], Seed dd: [ 0.1+0.j -0.1+0.j  0.1+0.j -0.1+0.j]
F_onsite: (3.925561991772085e-28-1.8648668497588003e-23j)
F_swave: (-3.596807468017149e-28+1.7090766601490683e-23j), F_dwave: (3.0455868258334396e-29-1.5579297187121338e-24j)
F_px: (-1.0341411603770984e-23-2.5801280282001473e-28j), F_py: (-6.279805673248793e-27+5.572055534956753e-29j)
Free_energy = -20711.68931075482
------------------------------------------
[{'stable': {}, 'free': np.float64(-20711.68931075482)}]
------------------------------------------
  Seed: uu+dd:px+ipy
  Seed uu: [ 0.1+0.j  -0.1+0.j   0. +0.1j -0. -0.1j], Seed dd: [ 0.1+0.j  -0.1+0.j   0. +0.1j -0. -0.1j]
F_onsite: (8.439918729760999e-24-2.822708208625404e-27j)
F_swave: (-7.73482900745394e-24+2.6006867010750495e-27j), F_dwave: (-7.049853939553937e-25+1.5984560754660743e-28j)
F_px: (-1.4540016517178382e-27+2.673842930606916e-27j), F_py: (4.41061119800827e-27-1.0717792082511358e-23j)
Free_energy = -20711.689310754824
------------------------------------------
[{'stable': {}, 'free': np.float64(-20711.68931075482)}]
------------------------------------------
====================================
mu=3.67, T=0.0051
====================================
  Seed: normal state
  Seed uu: [0.+0.j 0.+0.j 0.+0.j 0.+0.j], Seed dd: [0.+0.j 0.+0.j 0.+0.j 0.+0.j]
F_onsite: 0j
F_swave: 0j, F_dwave: 0j
F_px: 0j, F_py: 0j
Free_energy = -20711.706766933712
------------------------------------------
[{'stable': {}, 'free': np.float64(-20711.706766933712)}]
------------------------------------------
  Seed: uu:px
  Seed uu: [ 3.41174024e-17+2.50298765e-20j -3.41174243e-17+4.57273656e-21j
 -1.04184251e-21+2.26006930e-20j  1.01887531e-21+8.44387223e-21j], Seed dd: [0.+0.j 0.+0.j 0.+0.j 0.+0.j]
F_onsite: (9.22036620866193e-25+6.742011877877536e-22j)
F_swave: (-8.501595394300255e-25-6.298564543234045e-22j), F_dwave: (-4.0560168933369237e-26-7.214819162562196e-23j)
F_px: (3.0063315167894637e-21+6.412363937794271e-24j), F_py: (3.664101163192225e-21-1.0294270651847937e-23j)
Free_energy = -20711.706766933712
------------------------------------------
[{'stable': {}, 'free': np.float64(-20711.706766933712)}]
------------------------------------------
  Seed: uu:px+py
  Seed uu: [ 4.28160842e-17+2.88829300e-20j -4.28160936e-17+1.80095208e-20j
  4.28153272e-17+3.13741375e-20j -4.28153367e-17+2.05401916e-20j], Seed dd: [0.+0.j 0.+0.j 0.+0.j 0.+0.j]
F_onsite: (4.1832064091621636e-22-1.3810170083458572e-21j)
F_swave: (-3.8216327664271257e-22+1.275223912307216e-21j), F_dwave: (4.03192279709154e-26-6.685054867839533e-23j)
F_px: (-1.7279170506415293e-21+1.6867923078290417e-22j), F_py: (1.5192366698920451e-21-1.68611714428571e-22j)
Free_energy = -20711.706766933716
------------------------------------------
[{'stable': {}, 'free': np.float64(-20711.706766933712)}]
------------------------------------------
  Seed: uu:px+ipy
  Seed uu: [ 3.98184875e-17-5.71158781e-20j -3.98074293e-17-6.15868326e-20j
  1.57967826e-20+3.97334384e-17j -4.60266662e-21-3.98610425e-17j], Seed dd: [0.+0.j 0.+0.j 0.+0.j 0.+0.j]
F_onsite: (-6.561539546358422e-22-1.9654756543835096e-21j)
F_swave: (6.045378912330577e-22+1.812435643222546e-21j), F_dwave: (2.1382083469911835e-23-3.8143229364586753e-23j)
F_px: (-1.8746341101586834e-21-8.833691086562001e-22j), F_py: (-8.892311576777535e-22-2.0856485265194086e-21j)
Free_energy = -20711.706766933712
------------------------------------------
[{'stable': {}, 'free': np.float64(-20711.706766933712)}]
------------------------------------------
  Seed: dd:px
  Seed uu: [0.+0.j 0.+0.j 0.+0.j 0.+0.j], Seed dd: [ 3.41153263e-17-2.13140260e-31j -3.41153263e-17+1.75313792e-31j
 -3.32463657e-32-9.59835336e-32j  3.36225239e-32+6.02755887e-32j]
F_onsite: (-1.623493915462709e-39-2.1148614913863063e-45j)
F_swave: (1.5119637379543848e-39+1.8861690536252962e-45j), F_dwave: (-9.011910896836859e-41-2.3061365633750177e-46j)
F_px: (1.7310753664582157e-45-8.146120107358463e-41j), F_py: (-6.362766964066043e-48-1.3454948095310605e-36j)
Free_energy = -20711.706766933712
------------------------------------------
[{'stable': {}, 'free': np.float64(-20711.706766933712)}]
------------------------------------------
  Seed: dd:px+py
  Seed uu: [0.+0.j 0.+0.j 0.+0.j 0.+0.j], Seed dd: [ 4.28199484e-17-5.34475652e-31j -4.28199484e-17+4.57444473e-31j
  4.28199484e-17-5.62413673e-31j -4.28199484e-17+4.90738987e-31j]
F_onsite: (-7.239505988335242e-35-1.2791136631106675e-36j)
F_swave: (6.633386045948115e-35+1.1726750032367802e-36j), F_dwave: (5.906415710027632e-36+1.127181850786295e-37j)
F_px: (3.1063526878152896e-37-2.844631363320552e-35j), F_py: (7.723339926114003e-37-4.4851557070318435e-35j)
Free_energy = -20711.706766933712
------------------------------------------
[{'stable': {}, 'free': np.float64(-20711.706766933712)}]
------------------------------------------
  Seed: dd:px+ipy
  Seed uu: [0.+0.j 0.+0.j 0.+0.j 0.+0.j], Seed dd: [ 3.97981846e-17-9.50595386e-31j -3.97981846e-17+9.19289997e-31j
  2.38911610e-31+3.97981846e-17j -2.03047183e-31-3.97981846e-17j]
F_onsite: (7.745780299898704e-35+3.313639440047744e-36j)
F_swave: (-7.085804097633551e-35-3.0299079678550134e-36j), F_dwave: (6.520899753471291e-36+2.5198214765546313e-37j)
F_px: (-3.384451025804928e-37+3.000076865281105e-36j), F_py: (1.5598993158717313e-37+8.581098543892074e-39j)
Free_energy = -20711.706766933716
------------------------------------------
[{'stable': {}, 'free': np.float64(-20711.706766933712)}]
------------------------------------------
  Seed: uu+dd:px
  Seed uu: [ 3.41212578e-17-1.87521274e-20j -3.41215446e-17+2.57373374e-20j
 -1.30442379e-20-1.23169341e-20j  1.27881404e-20+1.77960794e-20j], Seed dd: [ 3.41615870e-17+2.09456540e-20j -3.41615878e-17+2.83867816e-20j
  1.13491680e-21+2.25792621e-20j -1.13324669e-21+3.34089302e-20j]
F_onsite: (-2.3849679148802093e-21+1.9647660468414126e-21j)
F_swave: (2.1857219152361215e-21-1.795974502404698e-21j), F_dwave: (1.9928478099703775e-22-1.9278469523255996e-22j)
F_px: (-9.410165698671387e-22+1.113622704863096e-24j), F_py: (-1.115432102743312e-21-1.320977762114425e-21j)
Free_energy = -20711.706766933716
------------------------------------------
[{'stable': {}, 'free': np.float64(-20711.706766933712)}]
------------------------------------------
  Seed: uu+dd:px+py
  Seed uu: [ 4.28324917e-17+1.92412529e-20j -4.28324970e-17+1.72284816e-20j
  4.28262001e-17+2.52816497e-20j -4.28262056e-17+2.23004485e-20j], Seed dd: [ 4.28725033e-17-8.16064199e-21j -4.28725076e-17+1.32989598e-20j
  4.28675535e-17-3.17695753e-21j -4.28675556e-17+3.36992812e-20j]
F_onsite: (-3.455151242056055e-24+6.263128069140177e-21j)
F_swave: (3.17460903059367e-24-5.747762937761241e-21j), F_dwave: (-1.2523001530442768e-25+3.1771004020837287e-22j)
F_px: (-3.2781714683585126e-21-1.6106994591238175e-24j), F_py: (5.71273872739817e-22+5.854893597824353e-25j)
Free_energy = -20711.706766933712
------------------------------------------
[{'stable': {}, 'free': np.float64(-20711.706766933712)}]
------------------------------------------
  Seed: uu+dd:px+ipy
  Seed uu: [ 3.98234625e-17-3.05082942e-20j -3.97730857e-17-1.61067099e-20j
  3.54574241e-20+3.97684475e-17j  1.13782590e-20-3.98174737e-17j], Seed dd: [ 3.98154098e-17-1.90820360e-20j -3.97808925e-17+5.88713366e-21j
 -2.79083338e-20+3.98214447e-17j  3.12333693e-20-3.98073772e-17j]
F_onsite: (2.416166977446564e-21+6.874267768831577e-22j)
F_swave: (-2.217524597727855e-21-6.33773425576886e-22j), F_dwave: (-3.3569721650684326e-23+5.1709097995429075e-23j)
F_px: (-8.390190969227344e-22+5.88904597268775e-22j), F_py: (-3.0427874914102793e-22+3.6354464779242995e-21j)
Free_energy = -20711.706766933716
------------------------------------------
[{'stable': {}, 'free': np.float64(-20711.706766933712)}]
------------------------------------------
====================================
mu=3.67, T=0.0093
====================================
  Seed: normal state
  Seed uu: [0.+0.j 0.+0.j 0.+0.j 0.+0.j], Seed dd: [0.+0.j 0.+0.j 0.+0.j 0.+0.j]
F_onsite: 0j
F_swave: 0j, F_dwave: 0j
F_px: 0j, F_py: 0j
Free_energy = -20711.78585208061
------------------------------------------
[{'stable': {}, 'free': np.float64(-20711.78585208061)}]
------------------------------------------
  Seed: uu:px
  Seed uu: [ 5.09502939e-18+4.12221063e-20j -5.09508014e-18+3.37133773e-20j
  6.35806418e-21+4.41682888e-20j -6.41706495e-21+3.93750134e-20j], Seed dd: [0.+0.j 0.+0.j 0.+0.j 0.+0.j]
F_onsite: (1.2078748358139572e-20+3.677786786556095e-21j)
F_swave: (-1.1070429442602286e-20-3.39148920560763e-21j), F_dwave: (-1.0059488631520214e-21-1.5859281144374708e-22j)
F_px: (-7.978141143033878e-21+1.2015941506990076e-22j), F_py: (2.3064808458521933e-20-6.468464936457384e-21j)
Free_energy = -20711.78585208061
------------------------------------------
[{'stable': {}, 'free': np.float64(-20711.78585208061)}]
------------------------------------------
  Seed: uu:px+py
  Seed uu: [ 7.91590778e-18+5.20466622e-21j -7.91590834e-18-5.61249325e-21j
  7.91581412e-18+5.60441308e-21j -7.91581495e-18-5.85997576e-21j], Seed dd: [0.+0.j 0.+0.j 0.+0.j 0.+0.j]
F_onsite: (2.544852555025983e-24-3.2098222484713817e-21j)
F_swave: (-2.3551148290437717e-24+2.962788163286935e-21j), F_dwave: (-8.626360079848667e-26+1.265913130910731e-22j)
F_px: (3.2062391123682315e-21+1.979080406107523e-24j), F_py: (1.168218282580322e-21+1.0128296921385288e-24j)
Free_energy = -20711.78585208061
------------------------------------------
[{'stable': {}, 'free': np.float64(-20711.78585208061)}]
------------------------------------------
  Seed: uu:px+ipy
  Seed uu: [ 6.62195649e-18-4.23788555e-21j -6.63018001e-18+1.69812447e-20j
 -2.92723042e-21+6.62108805e-18j -4.44905769e-21-6.60577778e-18j], Seed dd: [0.+0.j 0.+0.j 0.+0.j 0.+0.j]
F_onsite: (1.0485015091344883e-21-9.723083219875249e-21j)
F_swave: (-9.811246864838567e-22+8.942618047719509e-21j), F_dwave: (-1.3033593815958559e-22-4.447126156948425e-22j)
F_px: (-5.635007374357461e-22+7.7552384097376615e-22j), F_py: (1.3008079461525124e-22-1.410973259073083e-20j)
Free_energy = -20711.785852080615
------------------------------------------
[{'stable': {}, 'free': np.float64(-20711.78585208061)}]
------------------------------------------
  Seed: dd:px
  Seed uu: [0.+0.j 0.+0.j 0.+0.j 0.+0.j], Seed dd: [ 5.09873612e-18-3.54130369e-32j -5.09873612e-18+2.63250549e-32j
 -4.87801944e-33-1.29338233e-32j  4.88704723e-33+5.13380701e-33j]
F_onsite: (1.917370255745515e-36+2.9193718006767024e-51j)
F_swave: (-1.751604887755347e-36-2.6727647100921956e-51j), F_dwave: (-8.352389719038111e-53+0j)
F_px: (1.1693345606653356e-51-7.798647413553204e-37j), F_py: (1.1693345606653356e-51-7.798647413553204e-37j)
Free_energy = -20711.78585208061
------------------------------------------
[{'stable': {}, 'free': np.float64(-20711.78585208061)}]
------------------------------------------
  Seed: dd:px+py
  Seed uu: [0.+0.j 0.+0.j 0.+0.j 0.+0.j], Seed dd: [ 7.91648608e-18-1.12356947e-31j -7.91648608e-18+9.61701081e-32j
  7.91648608e-18-1.15047231e-31j -7.91648608e-18+8.86499535e-32j]
F_onsite: (1.7540497442693591e-35+2.633954353679685e-37j)
F_swave: (-1.6086393479185768e-35-2.413913202108229e-37j), F_dwave: (-1.0989979121237167e-36-2.2003022750023818e-38j)
F_px: (4.618620143779856e-42-3.138796533588305e-37j), F_py: (1.457596732952265e-37-6.067500560292931e-36j)
Free_energy = -20711.78585208061
------------------------------------------
[{'stable': {}, 'free': np.float64(-20711.78585208061)}]
------------------------------------------
  Seed: dd:px+ipy
  Seed uu: [0.+0.j 0.+0.j 0.+0.j 0.+0.j], Seed dd: [ 6.62666457e-18-1.64701617e-31j -6.62666457e-18+1.52787935e-31j
  4.40165270e-32+6.62666457e-18j -3.26084014e-32-6.62666457e-18j]
F_onsite: (-3.081487911019576e-36-1.265496992381472e-36j)
F_swave: (2.8240386353965457e-36+1.1587923845248245e-36j), F_dwave: (2.3874796544895704e-36-1.4064986021414126e-38j)
F_px: (-4.805831981611585e-38+1.1704992867647956e-36j), F_py: (2.465024541136836e-37-2.6045660047633003e-36j)
Free_energy = -20711.78585208061
------------------------------------------
[{'stable': {}, 'free': np.float64(-20711.78585208061)}]
------------------------------------------
  Seed: uu+dd:px
  Seed uu: [ 5.09213701e-18+6.21681556e-21j -5.09199459e-18+1.18152695e-20j
  4.60217396e-21+1.34907290e-20j -4.45213217e-21+1.61290684e-20j], Seed dd: [ 5.09846850e-18+5.26622677e-21j -5.09846673e-18-9.92497454e-22j
  4.08123197e-21+4.09196113e-21j -4.07939330e-21-6.85447954e-22j]
F_onsite: (-4.9076719615670214e-24-1.131086973322532e-23j)
F_swave: (4.692778425712486e-24-2.5596598450881313e-24j), F_dwave: (1.7529345687826067e-25+6.3729509559932246e-24j)
F_px: (7.725408262360057e-21-2.879799537554226e-23j), F_py: (-1.0382730648721775e-20-1.816851879113344e-22j)
Free_energy = -20711.78585208061
------------------------------------------
[{'stable': {}, 'free': np.float64(-20711.78585208061)}]
------------------------------------------
  Seed: uu+dd:px+py
  Seed uu: [ 7.91949180e-18+2.34750773e-20j -7.91953690e-18+1.60282165e-20j
  7.91274617e-18+1.97927516e-20j -7.91278623e-18+1.07900471e-20j], Seed dd: [ 7.93050959e-18+1.61422470e-21j -7.93050903e-18+4.36014132e-21j
  7.92611757e-18+3.01096155e-21j -7.92611613e-18+4.45780264e-21j]
F_onsite: (-2.786404470264807e-24+2.842754843205312e-22j)
F_swave: (2.5449820095352816e-24-2.389495438409674e-22j), F_dwave: (-1.8967526057450052e-24+9.233409216634845e-22j)
F_px: (-8.770539927564672e-22+1.688335639691278e-23j), F_py: (6.71964288540829e-21+1.9160086320191965e-23j)
Free_energy = -20711.785852080615
------------------------------------------
[{'stable': {}, 'free': np.float64(-20711.78585208061)}]
------------------------------------------
  Seed: uu+dd:px+ipy
  Seed uu: [ 6.61479331e-18-6.21784412e-20j -6.59131851e-18-4.26972445e-20j
  1.52470270e-20+6.56332715e-18j  1.29633348e-20-6.66926622e-18j], Seed dd: [ 6.64089765e-18-4.65709970e-22j -6.62814574e-18+6.59865997e-21j
 -1.54199018e-21+6.63397251e-18j  7.98387669e-21-6.63190398e-18j]
F_onsite: (-5.742100502627594e-21-6.077339650411759e-21j)
F_swave: (5.3107245414061476e-21+5.592218544577971e-21j), F_dwave: (2.2594009278751877e-22+3.8927378568049105e-22j)
F_px: (9.716570191039724e-22+2.1141397251855237e-21j), F_py: (2.1844873817390787e-21-1.3538515225267243e-20j)
Free_energy = -20711.78585208061
------------------------------------------
[{'stable': {}, 'free': np.float64(-20711.78585208061)}]
------------------------------------------
====================================
mu=3.67, T=0.0134
====================================
  Seed: normal state
  Seed uu: [0.+0.j 0.+0.j 0.+0.j 0.+0.j], Seed dd: [0.+0.j 0.+0.j 0.+0.j 0.+0.j]
F_onsite: 0j
F_swave: 0j, F_dwave: 0j
F_px: 0j, F_py: 0j
Free_energy = -20711.926550346347
------------------------------------------
[{'stable': {}, 'free': np.float64(-20711.926550346347)}]
------------------------------------------
  Seed: uu:px
  Seed uu: [ 3.04790040e-19+2.46594994e-21j -3.04790040e-19-2.46594994e-21j
  1.60428167e-22+1.11446462e-21j -1.60428167e-22-1.11446462e-21j], Seed dd: [0.+0.j 0.+0.j 0.+0.j 0.+0.j]
F_onsite: (3.07746575240564e-23-3.9932785681271814e-21j)
F_swave: (-2.857995529493316e-23+3.709431141483159e-21j), F_dwave: (6.458062528269249e-25-3.837376726602314e-23j)
F_px: (-2.947851178115885e-21+2.3101478063761577e-23j), F_py: (1.1274908344640142e-20+1.2142379626800294e-22j)
Free_energy = -20711.926550346347
------------------------------------------
[{'stable': {}, 'free': np.float64(-20711.926550346347)}]
------------------------------------------
  Seed: uu:px+py
  Seed uu: [ 6.67672890e-19+4.46100439e-22j -6.67672890e-19-4.46100439e-22j
  6.67668321e-19+4.65601342e-22j -6.67668321e-19-4.65601342e-22j], Seed dd: [0.+0.j 0.+0.j 0.+0.j 0.+0.j]
F_onsite: (7.64138959609353e-24+1.1829116132897808e-21j)
F_swave: (-7.217609456783058e-24-1.0874723643858147e-21j), F_dwave: (9.194284045893316e-26-1.8167097650013585e-22j)
F_px: (-5.545531558958997e-21-6.188946652628673e-24j), F_py: (-8.348968986983602e-21-1.5450132840202064e-24j)
Free_energy = -20711.926550346347
------------------------------------------
[{'stable': {}, 'free': np.float64(-20711.926550346347)}]
------------------------------------------
  Seed: uu:px+ipy
  Seed uu: [ 4.66350087e-19-1.17789296e-20j -4.70993572e-19-1.17739176e-20j
 -8.23076744e-22+4.54998431e-19j -3.42935043e-21-4.76360441e-19j], Seed dd: [0.+0.j 0.+0.j 0.+0.j 0.+0.j]
F_onsite: (2.213035803730285e-21-7.224104675240385e-21j)
F_swave: (-1.9816498379900738e-21+6.652691400698637e-21j), F_dwave: (-2.0034659434280556e-22-4.158188709655665e-22j)
F_px: (8.09450932606479e-21-1.0557585368305364e-20j), F_py: (-1.0090142053393396e-20+1.2497565536572785e-20j)
Free_energy = -20711.926550346347
------------------------------------------
[{'stable': {}, 'free': np.float64(-20711.926550346347)}]
------------------------------------------
  Seed: dd:px
  Seed uu: [0.+0.j 0.+0.j 0.+0.j 0.+0.j], Seed dd: [ 3.05011780e-19-2.56389424e-33j -3.05011780e-19+1.73634622e-33j
 -2.21181017e-34-8.93751865e-34j  2.18171752e-34-1.77546667e-34j]
F_onsite: 0j
F_swave: 0j, F_dwave: 0j
F_px: 0j, F_py: 0j
Free_energy = -20711.926550346347
------------------------------------------
[{'stable': {}, 'free': np.float64(-20711.926550346347)}]
------------------------------------------
  Seed: dd:px+py
  Seed uu: [0.+0.j 0.+0.j 0.+0.j 0.+0.j], Seed dd: [ 6.67723333e-19-1.17000244e-32j -6.67723333e-19+7.30649673e-33j
  6.67723333e-19-1.20611363e-32j -6.67723333e-19+7.82409040e-33j]
F_onsite: 0j
F_swave: 0j, F_dwave: 0j
F_px: 0j, F_py: 0j
Free_energy = -20711.926550346347
------------------------------------------
[{'stable': {}, 'free': np.float64(-20711.926550346347)}]
------------------------------------------
  Seed: dd:px+ipy
  Seed uu: [0.+0.j 0.+0.j 0.+0.j 0.+0.j], Seed dd: [ 4.71017966e-19-1.25636836e-32j -4.71017966e-19+1.10733449e-32j
  3.86991548e-33+4.71017966e-19j -2.11852294e-33-4.71017966e-19j]
F_onsite: 0j
F_swave: 0j, F_dwave: 0j
F_px: 0j, F_py: 0j
Free_energy = -20711.92655034635
------------------------------------------
[{'stable': {}, 'free': np.float64(-20711.926550346347)}]
------------------------------------------
  Seed: uu+dd:px
  Seed uu: [ 3.04614680e-19+1.89700359e-23j -3.04743284e-19-7.01469850e-22j
 -6.20933220e-23+5.42814368e-23j -5.42591925e-23-6.71759802e-22j], Seed dd: [ 3.04221802e-19+1.57690673e-21j -3.04223279e-19+9.47748990e-22j
  6.30024772e-22+1.46394101e-21j -6.31616561e-22+1.25682474e-21j]
F_onsite: (7.00290227568402e-21+2.5821474868064068e-20j)
F_swave: (-6.416865018933692e-21-2.3738691944453018e-20j), F_dwave: (-5.863186263699056e-22-1.1928301302802607e-21j)
F_px: (3.176675703964191e-20+3.0105042862093853e-25j), F_py: (3.794992716289852e-21-3.914692913083015e-21j)
Free_energy = -20711.926550346347
------------------------------------------
[{'stable': {}, 'free': np.float64(-20711.926550346347)}]
------------------------------------------
  Seed: uu+dd:px+py
  Seed uu: [ 6.62375043e-19+2.87849338e-20j -6.62460933e-19+2.49842073e-20j
  6.63082788e-19+2.70312715e-20j -6.63162471e-19+2.35854665e-20j], Seed dd: [ 6.72556748e-19+5.30513484e-21j -6.72558555e-19+4.98085947e-21j
  6.68160771e-19+6.07807630e-21j -6.68162248e-19+5.62410812e-21j]
F_onsite: (3.167187437215567e-21+9.020672482132022e-21j)
F_swave: (-2.8972213799533352e-21-8.177730629520967e-21j), F_dwave: (-3.7970655357884055e-26-1.152080914921513e-22j)
F_px: (2.5219000036848337e-21-1.1555437481674273e-21j), F_py: (3.285776575716654e-20+2.5748340550492494e-21j)
Free_energy = -20711.92655034635
------------------------------------------
[{'stable': {}, 'free': np.float64(-20711.926550346347)}]
------------------------------------------
  Seed: uu+dd:px+ipy
  Seed uu: [ 4.68482660e-19-6.28338717e-22j -4.72241613e-19+6.72301040e-21j
  5.17841294e-21+4.70800037e-19j -8.55295283e-21-4.64659375e-19j], Seed dd: [ 4.67282112e-19-8.22790626e-22j -4.75536765e-19-2.84824963e-21j
 -3.16432415e-21+4.67601252e-19j -4.44968442e-21-4.71174990e-19j]
F_onsite: (-2.1614116847031876e-21-6.826088472368141e-21j)
F_swave: (1.99804561991475e-21+6.3354400841382734e-21j), F_dwave: (-6.538866724105365e-22-4.880134319081494e-22j)
F_px: (-2.775136382501359e-20+5.0701194745304576e-21j), F_py: (7.600081443955773e-21-3.1427371830793086e-20j)
Free_energy = -20711.926550346347
------------------------------------------
[{'stable': {}, 'free': np.float64(-20711.926550346347)}]
------------------------------------------
====================================
mu=3.67, T=0.0175
====================================
  Seed: normal state
  Seed uu: [0.+0.j 0.+0.j 0.+0.j 0.+0.j], Seed dd: [0.+0.j 0.+0.j 0.+0.j 0.+0.j]
F_onsite: 0j
F_swave: 0j, F_dwave: 0j
F_px: 0j, F_py: 0j
Free_energy = -20712.1231644398
------------------------------------------
[{'stable': {}, 'free': np.float64(-20712.1231644398)}]
------------------------------------------
  Seed: uu:px
  Seed uu: [0.+0.j 0.+0.j 0.+0.j 0.+0.j], Seed dd: [0.+0.j 0.+0.j 0.+0.j 0.+0.j]
F_onsite: 0j
F_swave: 0j, F_dwave: 0j
F_px: 0j, F_py: 0j
Free_energy = -20712.1231644398
------------------------------------------
[{'stable': {}, 'free': np.float64(-20712.1231644398)}]
------------------------------------------
  Seed: uu:px+py
  Seed uu: [0.+0.j 0.+0.j 0.+0.j 0.+0.j], Seed dd: [0.+0.j 0.+0.j 0.+0.j 0.+0.j]
F_onsite: 0j
F_swave: 0j, F_dwave: 0j
F_px: 0j, F_py: 0j
Free_energy = -20712.1231644398
------------------------------------------
[{'stable': {}, 'free': np.float64(-20712.1231644398)}]
------------------------------------------
  Seed: uu:px+ipy
  Seed uu: [0.+0.j 0.+0.j 0.+0.j 0.+0.j], Seed dd: [0.+0.j 0.+0.j 0.+0.j 0.+0.j]
F_onsite: 0j
F_swave: 0j, F_dwave: 0j
F_px: 0j, F_py: 0j
Free_energy = -20712.1231644398
------------------------------------------
[{'stable': {}, 'free': np.float64(-20712.1231644398)}]
------------------------------------------
  Seed: dd:px
  Seed uu: [0.+0.j 0.+0.j 0.+0.j 0.+0.j], Seed dd: [0.+0.j 0.+0.j 0.+0.j 0.+0.j]
F_onsite: 0j
F_swave: 0j, F_dwave: 0j
F_px: 0j, F_py: 0j
Free_energy = -20712.1231644398
------------------------------------------
[{'stable': {}, 'free': np.float64(-20712.1231644398)}]
------------------------------------------
  Seed: dd:px+py
  Seed uu: [0.+0.j 0.+0.j 0.+0.j 0.+0.j], Seed dd: [0.+0.j 0.+0.j 0.+0.j 0.+0.j]
F_onsite: 0j
F_swave: 0j, F_dwave: 0j
F_px: 0j, F_py: 0j
Free_energy = -20712.1231644398
------------------------------------------
[{'stable': {}, 'free': np.float64(-20712.1231644398)}]
------------------------------------------
  Seed: dd:px+ipy
  Seed uu: [0.+0.j 0.+0.j 0.+0.j 0.+0.j], Seed dd: [0.+0.j 0.+0.j 0.+0.j 0.+0.j]
F_onsite: 0j
F_swave: 0j, F_dwave: 0j
F_px: 0j, F_py: 0j
Free_energy = -20712.1231644398
------------------------------------------
[{'stable': {}, 'free': np.float64(-20712.1231644398)}]
------------------------------------------
  Seed: uu+dd:px
  Seed uu: [0.+0.j 0.+0.j 0.+0.j 0.+0.j], Seed dd: [0.+0.j 0.+0.j 0.+0.j 0.+0.j]
F_onsite: 0j
F_swave: 0j, F_dwave: 0j
F_px: 0j, F_py: 0j
Free_energy = -20712.1231644398
------------------------------------------
[{'stable': {}, 'free': np.float64(-20712.1231644398)}]
------------------------------------------
  Seed: uu+dd:px+py
  Seed uu: [0.+0.j 0.+0.j 0.+0.j 0.+0.j], Seed dd: [0.+0.j 0.+0.j 0.+0.j 0.+0.j]
F_onsite: 0j
F_swave: 0j, F_dwave: 0j
F_px: 0j, F_py: 0j
Free_energy = -20712.1231644398
------------------------------------------
[{'stable': {}, 'free': np.float64(-20712.1231644398)}]
------------------------------------------
  Seed: uu+dd:px+ipy
  Seed uu: [0.+0.j 0.+0.j 0.+0.j 0.+0.j], Seed dd: [0.+0.j 0.+0.j 0.+0.j 0.+0.j]
F_onsite: 0j
F_swave: 0j, F_dwave: 0j
F_px: 0j, F_py: 0j
Free_energy = -20712.1231644398
------------------------------------------
[{'stable': {}, 'free': np.float64(-20712.1231644398)}]
------------------------------------------
====================================
mu=3.67, T=0.0216
====================================
  Seed: normal state
  Seed uu: [0.+0.j 0.+0.j 0.+0.j 0.+0.j], Seed dd: [0.+0.j 0.+0.j 0.+0.j 0.+0.j]
F_onsite: 0j
F_swave: 0j, F_dwave: 0j
F_px: 0j, F_py: 0j
Free_energy = -20712.37281453516
------------------------------------------
[{'stable': {}, 'free': np.float64(-20712.37281453516)}]
------------------------------------------
  Seed: uu:px
  Seed uu: [0.+0.j 0.+0.j 0.+0.j 0.+0.j], Seed dd: [0.+0.j 0.+0.j 0.+0.j 0.+0.j]
F_onsite: 0j
F_swave: 0j, F_dwave: 0j
F_px: 0j, F_py: 0j
Free_energy = -20712.37281453516
------------------------------------------
[{'stable': {}, 'free': np.float64(-20712.37281453516)}]
------------------------------------------
  Seed: uu:px+py
  Seed uu: [0.+0.j 0.+0.j 0.+0.j 0.+0.j], Seed dd: [0.+0.j 0.+0.j 0.+0.j 0.+0.j]
F_onsite: 0j
F_swave: 0j, F_dwave: 0j
F_px: 0j, F_py: 0j
Free_energy = -20712.37281453516
------------------------------------------
[{'stable': {}, 'free': np.float64(-20712.37281453516)}]
------------------------------------------
  Seed: uu:px+ipy
  Seed uu: [0.+0.j 0.+0.j 0.+0.j 0.+0.j], Seed dd: [0.+0.j 0.+0.j 0.+0.j 0.+0.j]
F_onsite: 0j
F_swave: 0j, F_dwave: 0j
F_px: 0j, F_py: 0j
Free_energy = -20712.37281453516
------------------------------------------
[{'stable': {}, 'free': np.float64(-20712.37281453516)}]
------------------------------------------
  Seed: dd:px
  Seed uu: [0.+0.j 0.+0.j 0.+0.j 0.+0.j], Seed dd: [0.+0.j 0.+0.j 0.+0.j 0.+0.j]
F_onsite: 0j
F_swave: 0j, F_dwave: 0j
F_px: 0j, F_py: 0j
Free_energy = -20712.37281453516
------------------------------------------
[{'stable': {}, 'free': np.float64(-20712.37281453516)}]
------------------------------------------
  Seed: dd:px+py
  Seed uu: [0.+0.j 0.+0.j 0.+0.j 0.+0.j], Seed dd: [0.+0.j 0.+0.j 0.+0.j 0.+0.j]
F_onsite: 0j
F_swave: 0j, F_dwave: 0j
F_px: 0j, F_py: 0j
Free_energy = -20712.37281453516
------------------------------------------
[{'stable': {}, 'free': np.float64(-20712.37281453516)}]
------------------------------------------
  Seed: dd:px+ipy
  Seed uu: [0.+0.j 0.+0.j 0.+0.j 0.+0.j], Seed dd: [0.+0.j 0.+0.j 0.+0.j 0.+0.j]
F_onsite: 0j
F_swave: 0j, F_dwave: 0j
F_px: 0j, F_py: 0j
Free_energy = -20712.37281453516
------------------------------------------
[{'stable': {}, 'free': np.float64(-20712.37281453516)}]
------------------------------------------
  Seed: uu+dd:px
  Seed uu: [0.+0.j 0.+0.j 0.+0.j 0.+0.j], Seed dd: [0.+0.j 0.+0.j 0.+0.j 0.+0.j]
F_onsite: 0j
F_swave: 0j, F_dwave: 0j
F_px: 0j, F_py: 0j
Free_energy = -20712.37281453516
------------------------------------------
[{'stable': {}, 'free': np.float64(-20712.37281453516)}]
------------------------------------------
  Seed: uu+dd:px+py
  Seed uu: [0.+0.j 0.+0.j 0.+0.j 0.+0.j], Seed dd: [0.+0.j 0.+0.j 0.+0.j 0.+0.j]
F_onsite: 0j
F_swave: 0j, F_dwave: 0j
F_px: 0j, F_py: 0j
Free_energy = -20712.37281453516
------------------------------------------
[{'stable': {}, 'free': np.float64(-20712.37281453516)}]
------------------------------------------
  Seed: uu+dd:px+ipy
  Seed uu: [0.+0.j 0.+0.j 0.+0.j 0.+0.j], Seed dd: [0.+0.j 0.+0.j 0.+0.j 0.+0.j]
F_onsite: 0j
F_swave: 0j, F_dwave: 0j
F_px: 0j, F_py: 0j
Free_energy = -20712.37281453516
------------------------------------------
[{'stable': {}, 'free': np.float64(-20712.37281453516)}]
------------------------------------------
====================================
mu=3.67, T=0.0258
====================================
  Seed: normal state
  Seed uu: [0.+0.j 0.+0.j 0.+0.j 0.+0.j], Seed dd: [0.+0.j 0.+0.j 0.+0.j 0.+0.j]
F_onsite: 0j
F_swave: 0j, F_dwave: 0j
F_px: 0j, F_py: 0j
Free_energy = -20712.674471423226
------------------------------------------
[{'stable': {}, 'free': np.float64(-20712.674471423226)}]
------------------------------------------
  Seed: uu:px
  Seed uu: [0.+0.j 0.+0.j 0.+0.j 0.+0.j], Seed dd: [0.+0.j 0.+0.j 0.+0.j 0.+0.j]
F_onsite: 0j
F_swave: 0j, F_dwave: 0j
F_px: 0j, F_py: 0j
Free_energy = -20712.674471423226
------------------------------------------
[{'stable': {}, 'free': np.float64(-20712.674471423226)}]
------------------------------------------
  Seed: uu:px+py
  Seed uu: [0.+0.j 0.+0.j 0.+0.j 0.+0.j], Seed dd: [0.+0.j 0.+0.j 0.+0.j 0.+0.j]
F_onsite: 0j
F_swave: 0j, F_dwave: 0j
F_px: 0j, F_py: 0j
Free_energy = -20712.674471423226
------------------------------------------
[{'stable': {}, 'free': np.float64(-20712.674471423226)}]
------------------------------------------
  Seed: uu:px+ipy
  Seed uu: [0.+0.j 0.+0.j 0.+0.j 0.+0.j], Seed dd: [0.+0.j 0.+0.j 0.+0.j 0.+0.j]
F_onsite: 0j
F_swave: 0j, F_dwave: 0j
F_px: 0j, F_py: 0j
Free_energy = -20712.674471423226
------------------------------------------
[{'stable': {}, 'free': np.float64(-20712.674471423226)}]
------------------------------------------
  Seed: dd:px
  Seed uu: [0.+0.j 0.+0.j 0.+0.j 0.+0.j], Seed dd: [0.+0.j 0.+0.j 0.+0.j 0.+0.j]
F_onsite: 0j
F_swave: 0j, F_dwave: 0j
F_px: 0j, F_py: 0j
Free_energy = -20712.674471423226
------------------------------------------
[{'stable': {}, 'free': np.float64(-20712.674471423226)}]
------------------------------------------
  Seed: dd:px+py
  Seed uu: [0.+0.j 0.+0.j 0.+0.j 0.+0.j], Seed dd: [0.+0.j 0.+0.j 0.+0.j 0.+0.j]
F_onsite: 0j
F_swave: 0j, F_dwave: 0j
F_px: 0j, F_py: 0j
Free_energy = -20712.674471423226
------------------------------------------
[{'stable': {}, 'free': np.float64(-20712.674471423226)}]
------------------------------------------
  Seed: dd:px+ipy
  Seed uu: [0.+0.j 0.+0.j 0.+0.j 0.+0.j], Seed dd: [0.+0.j 0.+0.j 0.+0.j 0.+0.j]
F_onsite: 0j
F_swave: 0j, F_dwave: 0j
F_px: 0j, F_py: 0j
Free_energy = -20712.674471423226
------------------------------------------
[{'stable': {}, 'free': np.float64(-20712.674471423226)}]
------------------------------------------
  Seed: uu+dd:px
  Seed uu: [0.+0.j 0.+0.j 0.+0.j 0.+0.j], Seed dd: [0.+0.j 0.+0.j 0.+0.j 0.+0.j]
F_onsite: 0j
F_swave: 0j, F_dwave: 0j
F_px: 0j, F_py: 0j
Free_energy = -20712.674471423226
------------------------------------------
[{'stable': {}, 'free': np.float64(-20712.674471423226)}]
------------------------------------------
  Seed: uu+dd:px+py
  Seed uu: [0.+0.j 0.+0.j 0.+0.j 0.+0.j], Seed dd: [0.+0.j 0.+0.j 0.+0.j 0.+0.j]
F_onsite: 0j
F_swave: 0j, F_dwave: 0j
F_px: 0j, F_py: 0j
Free_energy = -20712.674471423226
------------------------------------------
[{'stable': {}, 'free': np.float64(-20712.674471423226)}]
------------------------------------------
  Seed: uu+dd:px+ipy
  Seed uu: [0.+0.j 0.+0.j 0.+0.j 0.+0.j], Seed dd: [0.+0.j 0.+0.j 0.+0.j 0.+0.j]
F_onsite: 0j
F_swave: 0j, F_dwave: 0j
F_px: 0j, F_py: 0j
Free_energy = -20712.674471423226
------------------------------------------
[{'stable': {}, 'free': np.float64(-20712.674471423226)}]
------------------------------------------
====================================
mu=3.67, T=0.0299
====================================
  Seed: normal state
  Seed uu: [0.+0.j 0.+0.j 0.+0.j 0.+0.j], Seed dd: [0.+0.j 0.+0.j 0.+0.j 0.+0.j]
F_onsite: 0j
F_swave: 0j, F_dwave: 0j
F_px: 0j, F_py: 0j
Free_energy = -20713.027934545524
------------------------------------------
[{'stable': {}, 'free': np.float64(-20713.027934545524)}]
------------------------------------------
  Seed: uu:px
  Seed uu: [0.+0.j 0.+0.j 0.+0.j 0.+0.j], Seed dd: [0.+0.j 0.+0.j 0.+0.j 0.+0.j]
F_onsite: 0j
F_swave: 0j, F_dwave: 0j
F_px: 0j, F_py: 0j
Free_energy = -20713.027934545524
------------------------------------------
[{'stable': {}, 'free': np.float64(-20713.027934545524)}]
------------------------------------------
  Seed: uu:px+py
  Seed uu: [0.+0.j 0.+0.j 0.+0.j 0.+0.j], Seed dd: [0.+0.j 0.+0.j 0.+0.j 0.+0.j]
F_onsite: 0j
F_swave: 0j, F_dwave: 0j
F_px: 0j, F_py: 0j
Free_energy = -20713.027934545524
------------------------------------------
[{'stable': {}, 'free': np.float64(-20713.027934545524)}]
------------------------------------------
  Seed: uu:px+ipy
  Seed uu: [0.+0.j 0.+0.j 0.+0.j 0.+0.j], Seed dd: [0.+0.j 0.+0.j 0.+0.j 0.+0.j]
F_onsite: 0j
F_swave: 0j, F_dwave: 0j
F_px: 0j, F_py: 0j
Free_energy = -20713.027934545524
------------------------------------------
[{'stable': {}, 'free': np.float64(-20713.027934545524)}]
------------------------------------------
  Seed: dd:px
  Seed uu: [0.+0.j 0.+0.j 0.+0.j 0.+0.j], Seed dd: [0.+0.j 0.+0.j 0.+0.j 0.+0.j]
F_onsite: 0j
F_swave: 0j, F_dwave: 0j
F_px: 0j, F_py: 0j
Free_energy = -20713.027934545524
------------------------------------------
[{'stable': {}, 'free': np.float64(-20713.027934545524)}]
------------------------------------------
  Seed: dd:px+py
  Seed uu: [0.+0.j 0.+0.j 0.+0.j 0.+0.j], Seed dd: [0.+0.j 0.+0.j 0.+0.j 0.+0.j]
F_onsite: 0j
F_swave: 0j, F_dwave: 0j
F_px: 0j, F_py: 0j
Free_energy = -20713.027934545524
------------------------------------------
[{'stable': {}, 'free': np.float64(-20713.027934545524)}]
------------------------------------------
  Seed: dd:px+ipy
  Seed uu: [0.+0.j 0.+0.j 0.+0.j 0.+0.j], Seed dd: [0.+0.j 0.+0.j 0.+0.j 0.+0.j]
F_onsite: 0j
F_swave: 0j, F_dwave: 0j
F_px: 0j, F_py: 0j
Free_energy = -20713.027934545524
------------------------------------------
[{'stable': {}, 'free': np.float64(-20713.027934545524)}]
------------------------------------------
  Seed: uu+dd:px
  Seed uu: [0.+0.j 0.+0.j 0.+0.j 0.+0.j], Seed dd: [0.+0.j 0.+0.j 0.+0.j 0.+0.j]
F_onsite: 0j
F_swave: 0j, F_dwave: 0j
F_px: 0j, F_py: 0j
Free_energy = -20713.027934545524
------------------------------------------
[{'stable': {}, 'free': np.float64(-20713.027934545524)}]
------------------------------------------
  Seed: uu+dd:px+py
  Seed uu: [0.+0.j 0.+0.j 0.+0.j 0.+0.j], Seed dd: [0.+0.j 0.+0.j 0.+0.j 0.+0.j]
F_onsite: 0j
F_swave: 0j, F_dwave: 0j
F_px: 0j, F_py: 0j
Free_energy = -20713.027934545524
------------------------------------------
[{'stable': {}, 'free': np.float64(-20713.027934545524)}]
------------------------------------------
  Seed: uu+dd:px+ipy
  Seed uu: [0.+0.j 0.+0.j 0.+0.j 0.+0.j], Seed dd: [0.+0.j 0.+0.j 0.+0.j 0.+0.j]
F_onsite: 0j
F_swave: 0j, F_dwave: 0j
F_px: 0j, F_py: 0j
Free_energy = -20713.027934545524
------------------------------------------
[{'stable': {}, 'free': np.float64(-20713.027934545524)}]
------------------------------------------
====================================
mu=3.67, T=0.0340
====================================
  Seed: normal state
  Seed uu: [0.+0.j 0.+0.j 0.+0.j 0.+0.j], Seed dd: [0.+0.j 0.+0.j 0.+0.j 0.+0.j]
F_onsite: 0j
F_swave: 0j, F_dwave: 0j
F_px: 0j, F_py: 0j
Free_energy = -20713.4332538053
------------------------------------------
[{'stable': {}, 'free': np.float64(-20713.4332538053)}]
------------------------------------------
  Seed: uu:px
  Seed uu: [0.+0.j 0.+0.j 0.+0.j 0.+0.j], Seed dd: [0.+0.j 0.+0.j 0.+0.j 0.+0.j]
F_onsite: 0j
F_swave: 0j, F_dwave: 0j
F_px: 0j, F_py: 0j
Free_energy = -20713.4332538053
------------------------------------------
[{'stable': {}, 'free': np.float64(-20713.4332538053)}]
------------------------------------------
  Seed: uu:px+py
  Seed uu: [0.+0.j 0.+0.j 0.+0.j 0.+0.j], Seed dd: [0.+0.j 0.+0.j 0.+0.j 0.+0.j]
F_onsite: 0j
F_swave: 0j, F_dwave: 0j
F_px: 0j, F_py: 0j
Free_energy = -20713.4332538053
------------------------------------------
[{'stable': {}, 'free': np.float64(-20713.4332538053)}]
------------------------------------------
  Seed: uu:px+ipy
  Seed uu: [0.+0.j 0.+0.j 0.+0.j 0.+0.j], Seed dd: [0.+0.j 0.+0.j 0.+0.j 0.+0.j]
F_onsite: 0j
F_swave: 0j, F_dwave: 0j
F_px: 0j, F_py: 0j
Free_energy = -20713.4332538053
------------------------------------------
[{'stable': {}, 'free': np.float64(-20713.4332538053)}]
------------------------------------------
  Seed: dd:px
  Seed uu: [0.+0.j 0.+0.j 0.+0.j 0.+0.j], Seed dd: [0.+0.j 0.+0.j 0.+0.j 0.+0.j]
F_onsite: 0j
F_swave: 0j, F_dwave: 0j
F_px: 0j, F_py: 0j
Free_energy = -20713.4332538053
------------------------------------------
[{'stable': {}, 'free': np.float64(-20713.4332538053)}]
------------------------------------------
  Seed: dd:px+py
  Seed uu: [0.+0.j 0.+0.j 0.+0.j 0.+0.j], Seed dd: [0.+0.j 0.+0.j 0.+0.j 0.+0.j]
F_onsite: 0j
F_swave: 0j, F_dwave: 0j
F_px: 0j, F_py: 0j
Free_energy = -20713.4332538053
------------------------------------------
[{'stable': {}, 'free': np.float64(-20713.4332538053)}]
------------------------------------------
  Seed: dd:px+ipy
  Seed uu: [0.+0.j 0.+0.j 0.+0.j 0.+0.j], Seed dd: [0.+0.j 0.+0.j 0.+0.j 0.+0.j]
F_onsite: 0j
F_swave: 0j, F_dwave: 0j
F_px: 0j, F_py: 0j
Free_energy = -20713.4332538053
------------------------------------------
[{'stable': {}, 'free': np.float64(-20713.4332538053)}]
------------------------------------------
  Seed: uu+dd:px
  Seed uu: [0.+0.j 0.+0.j 0.+0.j 0.+0.j], Seed dd: [0.+0.j 0.+0.j 0.+0.j 0.+0.j]
F_onsite: 0j
F_swave: 0j, F_dwave: 0j
F_px: 0j, F_py: 0j
Free_energy = -20713.4332538053
------------------------------------------
[{'stable': {}, 'free': np.float64(-20713.4332538053)}]
------------------------------------------
  Seed: uu+dd:px+py
  Seed uu: [0.+0.j 0.+0.j 0.+0.j 0.+0.j], Seed dd: [0.+0.j 0.+0.j 0.+0.j 0.+0.j]
F_onsite: 0j
F_swave: 0j, F_dwave: 0j
F_px: 0j, F_py: 0j
Free_energy = -20713.4332538053
------------------------------------------
[{'stable': {}, 'free': np.float64(-20713.4332538053)}]
------------------------------------------
  Seed: uu+dd:px+ipy
  Seed uu: [0.+0.j 0.+0.j 0.+0.j 0.+0.j], Seed dd: [0.+0.j 0.+0.j 0.+0.j 0.+0.j]
F_onsite: 0j
F_swave: 0j, F_dwave: 0j
F_px: 0j, F_py: 0j
Free_energy = -20713.4332538053
------------------------------------------
[{'stable': {}, 'free': np.float64(-20713.4332538053)}]
------------------------------------------
====================================
mu=3.67, T=0.0381
====================================
  Seed: normal state
  Seed uu: [0.+0.j 0.+0.j 0.+0.j 0.+0.j], Seed dd: [0.+0.j 0.+0.j 0.+0.j 0.+0.j]
F_onsite: 0j
F_swave: 0j, F_dwave: 0j
F_px: 0j, F_py: 0j
Free_energy = -20713.890478400015
------------------------------------------
[{'stable': {}, 'free': np.float64(-20713.890478400015)}]
------------------------------------------
  Seed: uu:px
  Seed uu: [0.+0.j 0.+0.j 0.+0.j 0.+0.j], Seed dd: [0.+0.j 0.+0.j 0.+0.j 0.+0.j]
F_onsite: 0j
F_swave: 0j, F_dwave: 0j
F_px: 0j, F_py: 0j
Free_energy = -20713.890478400015
------------------------------------------
[{'stable': {}, 'free': np.float64(-20713.890478400015)}]
------------------------------------------
  Seed: uu:px+py
  Seed uu: [0.+0.j 0.+0.j 0.+0.j 0.+0.j], Seed dd: [0.+0.j 0.+0.j 0.+0.j 0.+0.j]
F_onsite: 0j
F_swave: 0j, F_dwave: 0j
F_px: 0j, F_py: 0j
Free_energy = -20713.890478400015
------------------------------------------
[{'stable': {}, 'free': np.float64(-20713.890478400015)}]
------------------------------------------
  Seed: uu:px+ipy
  Seed uu: [0.+0.j 0.+0.j 0.+0.j 0.+0.j], Seed dd: [0.+0.j 0.+0.j 0.+0.j 0.+0.j]
F_onsite: 0j
F_swave: 0j, F_dwave: 0j
F_px: 0j, F_py: 0j
Free_energy = -20713.890478400015
------------------------------------------
[{'stable': {}, 'free': np.float64(-20713.890478400015)}]
------------------------------------------
  Seed: dd:px
  Seed uu: [0.+0.j 0.+0.j 0.+0.j 0.+0.j], Seed dd: [0.+0.j 0.+0.j 0.+0.j 0.+0.j]
F_onsite: 0j
F_swave: 0j, F_dwave: 0j
F_px: 0j, F_py: 0j
Free_energy = -20713.890478400015
------------------------------------------
[{'stable': {}, 'free': np.float64(-20713.890478400015)}]
------------------------------------------
  Seed: dd:px+py
  Seed uu: [0.+0.j 0.+0.j 0.+0.j 0.+0.j], Seed dd: [0.+0.j 0.+0.j 0.+0.j 0.+0.j]
F_onsite: 0j
F_swave: 0j, F_dwave: 0j
F_px: 0j, F_py: 0j
Free_energy = -20713.890478400015
------------------------------------------
[{'stable': {}, 'free': np.float64(-20713.890478400015)}]
------------------------------------------
  Seed: dd:px+ipy
  Seed uu: [0.+0.j 0.+0.j 0.+0.j 0.+0.j], Seed dd: [0.+0.j 0.+0.j 0.+0.j 0.+0.j]
F_onsite: 0j
F_swave: 0j, F_dwave: 0j
F_px: 0j, F_py: 0j
Free_energy = -20713.890478400015
------------------------------------------
[{'stable': {}, 'free': np.float64(-20713.890478400015)}]
------------------------------------------
  Seed: uu+dd:px
  Seed uu: [0.+0.j 0.+0.j 0.+0.j 0.+0.j], Seed dd: [0.+0.j 0.+0.j 0.+0.j 0.+0.j]
F_onsite: 0j
F_swave: 0j, F_dwave: 0j
F_px: 0j, F_py: 0j
Free_energy = -20713.890478400015
------------------------------------------
[{'stable': {}, 'free': np.float64(-20713.890478400015)}]
------------------------------------------
  Seed: uu+dd:px+py
  Seed uu: [0.+0.j 0.+0.j 0.+0.j 0.+0.j], Seed dd: [0.+0.j 0.+0.j 0.+0.j 0.+0.j]
F_onsite: 0j
F_swave: 0j, F_dwave: 0j
F_px: 0j, F_py: 0j
Free_energy = -20713.890478400015
------------------------------------------
[{'stable': {}, 'free': np.float64(-20713.890478400015)}]
------------------------------------------
  Seed: uu+dd:px+ipy
  Seed uu: [0.+0.j 0.+0.j 0.+0.j 0.+0.j], Seed dd: [0.+0.j 0.+0.j 0.+0.j 0.+0.j]
F_onsite: 0j
F_swave: 0j, F_dwave: 0j
F_px: 0j, F_py: 0j
Free_energy = -20713.890478400015
------------------------------------------
[{'stable': {}, 'free': np.float64(-20713.890478400015)}]
------------------------------------------
====================================
mu=3.67, T=0.0423
====================================
  Seed: normal state
  Seed uu: [0.+0.j 0.+0.j 0.+0.j 0.+0.j], Seed dd: [0.+0.j 0.+0.j 0.+0.j 0.+0.j]
F_onsite: 0j
F_swave: 0j, F_dwave: 0j
F_px: 0j, F_py: 0j
Free_energy = -20714.399561520924
------------------------------------------
[{'stable': {}, 'free': np.float64(-20714.399561520924)}]
------------------------------------------
  Seed: uu:px
  Seed uu: [0.+0.j 0.+0.j 0.+0.j 0.+0.j], Seed dd: [0.+0.j 0.+0.j 0.+0.j 0.+0.j]
F_onsite: 0j
F_swave: 0j, F_dwave: 0j
F_px: 0j, F_py: 0j
Free_energy = -20714.399561520924
------------------------------------------
[{'stable': {}, 'free': np.float64(-20714.399561520924)}]
------------------------------------------
  Seed: uu:px+py
  Seed uu: [0.+0.j 0.+0.j 0.+0.j 0.+0.j], Seed dd: [0.+0.j 0.+0.j 0.+0.j 0.+0.j]
F_onsite: 0j
F_swave: 0j, F_dwave: 0j
F_px: 0j, F_py: 0j
Free_energy = -20714.399561520924
------------------------------------------
[{'stable': {}, 'free': np.float64(-20714.399561520924)}]
------------------------------------------
  Seed: uu:px+ipy
  Seed uu: [0.+0.j 0.+0.j 0.+0.j 0.+0.j], Seed dd: [0.+0.j 0.+0.j 0.+0.j 0.+0.j]
F_onsite: 0j
F_swave: 0j, F_dwave: 0j
F_px: 0j, F_py: 0j
Free_energy = -20714.399561520924
------------------------------------------
[{'stable': {}, 'free': np.float64(-20714.399561520924)}]
------------------------------------------
  Seed: dd:px
  Seed uu: [0.+0.j 0.+0.j 0.+0.j 0.+0.j], Seed dd: [0.+0.j 0.+0.j 0.+0.j 0.+0.j]
F_onsite: 0j
F_swave: 0j, F_dwave: 0j
F_px: 0j, F_py: 0j
Free_energy = -20714.399561520924
------------------------------------------
[{'stable': {}, 'free': np.float64(-20714.399561520924)}]
------------------------------------------
  Seed: dd:px+py
  Seed uu: [0.+0.j 0.+0.j 0.+0.j 0.+0.j], Seed dd: [0.+0.j 0.+0.j 0.+0.j 0.+0.j]
F_onsite: 0j
F_swave: 0j, F_dwave: 0j
F_px: 0j, F_py: 0j
Free_energy = -20714.399561520924
------------------------------------------
[{'stable': {}, 'free': np.float64(-20714.399561520924)}]
------------------------------------------
  Seed: dd:px+ipy
  Seed uu: [0.+0.j 0.+0.j 0.+0.j 0.+0.j], Seed dd: [0.+0.j 0.+0.j 0.+0.j 0.+0.j]
F_onsite: 0j
F_swave: 0j, F_dwave: 0j
F_px: 0j, F_py: 0j
Free_energy = -20714.399561520924
------------------------------------------
[{'stable': {}, 'free': np.float64(-20714.399561520924)}]
------------------------------------------
  Seed: uu+dd:px
  Seed uu: [0.+0.j 0.+0.j 0.+0.j 0.+0.j], Seed dd: [0.+0.j 0.+0.j 0.+0.j 0.+0.j]
F_onsite: 0j
F_swave: 0j, F_dwave: 0j
F_px: 0j, F_py: 0j
Free_energy = -20714.399561520924
------------------------------------------
[{'stable': {}, 'free': np.float64(-20714.399561520924)}]
------------------------------------------
  Seed: uu+dd:px+py
  Seed uu: [0.+0.j 0.+0.j 0.+0.j 0.+0.j], Seed dd: [0.+0.j 0.+0.j 0.+0.j 0.+0.j]
F_onsite: 0j
F_swave: 0j, F_dwave: 0j
F_px: 0j, F_py: 0j
Free_energy = -20714.399561520924
------------------------------------------
[{'stable': {}, 'free': np.float64(-20714.399561520924)}]
------------------------------------------
  Seed: uu+dd:px+ipy
  Seed uu: [0.+0.j 0.+0.j 0.+0.j 0.+0.j], Seed dd: [0.+0.j 0.+0.j 0.+0.j 0.+0.j]
F_onsite: 0j
F_swave: 0j, F_dwave: 0j
F_px: 0j, F_py: 0j
Free_energy = -20714.399561520924
------------------------------------------
[{'stable': {}, 'free': np.float64(-20714.399561520924)}]
------------------------------------------
====================================
mu=3.67, T=0.0464
====================================
  Seed: normal state
  Seed uu: [0.+0.j 0.+0.j 0.+0.j 0.+0.j], Seed dd: [0.+0.j 0.+0.j 0.+0.j 0.+0.j]
F_onsite: 0j
F_swave: 0j, F_dwave: 0j
F_px: 0j, F_py: 0j
Free_energy = -20714.96032886479
------------------------------------------
[{'stable': {}, 'free': np.float64(-20714.96032886479)}]
------------------------------------------
  Seed: uu:px
  Seed uu: [0.+0.j 0.+0.j 0.+0.j 0.+0.j], Seed dd: [0.+0.j 0.+0.j 0.+0.j 0.+0.j]
F_onsite: 0j
F_swave: 0j, F_dwave: 0j
F_px: 0j, F_py: 0j
Free_energy = -20714.96032886479
------------------------------------------
[{'stable': {}, 'free': np.float64(-20714.96032886479)}]
------------------------------------------
  Seed: uu:px+py
  Seed uu: [0.+0.j 0.+0.j 0.+0.j 0.+0.j], Seed dd: [0.+0.j 0.+0.j 0.+0.j 0.+0.j]
F_onsite: 0j
F_swave: 0j, F_dwave: 0j
F_px: 0j, F_py: 0j
Free_energy = -20714.96032886479
------------------------------------------
[{'stable': {}, 'free': np.float64(-20714.96032886479)}]
------------------------------------------
  Seed: uu:px+ipy
  Seed uu: [0.+0.j 0.+0.j 0.+0.j 0.+0.j], Seed dd: [0.+0.j 0.+0.j 0.+0.j 0.+0.j]
F_onsite: 0j
F_swave: 0j, F_dwave: 0j
F_px: 0j, F_py: 0j
Free_energy = -20714.96032886479
------------------------------------------
[{'stable': {}, 'free': np.float64(-20714.96032886479)}]
------------------------------------------
  Seed: dd:px
  Seed uu: [0.+0.j 0.+0.j 0.+0.j 0.+0.j], Seed dd: [0.+0.j 0.+0.j 0.+0.j 0.+0.j]
F_onsite: 0j
F_swave: 0j, F_dwave: 0j
F_px: 0j, F_py: 0j
Free_energy = -20714.96032886479
------------------------------------------
[{'stable': {}, 'free': np.float64(-20714.96032886479)}]
------------------------------------------
  Seed: dd:px+py
  Seed uu: [0.+0.j 0.+0.j 0.+0.j 0.+0.j], Seed dd: [0.+0.j 0.+0.j 0.+0.j 0.+0.j]
F_onsite: 0j
F_swave: 0j, F_dwave: 0j
F_px: 0j, F_py: 0j
Free_energy = -20714.96032886479
------------------------------------------
[{'stable': {}, 'free': np.float64(-20714.96032886479)}]
------------------------------------------
  Seed: dd:px+ipy
  Seed uu: [0.+0.j 0.+0.j 0.+0.j 0.+0.j], Seed dd: [0.+0.j 0.+0.j 0.+0.j 0.+0.j]
F_onsite: 0j
F_swave: 0j, F_dwave: 0j
F_px: 0j, F_py: 0j
Free_energy = -20714.96032886479
------------------------------------------
[{'stable': {}, 'free': np.float64(-20714.96032886479)}]
------------------------------------------
  Seed: uu+dd:px
  Seed uu: [0.+0.j 0.+0.j 0.+0.j 0.+0.j], Seed dd: [0.+0.j 0.+0.j 0.+0.j 0.+0.j]
F_onsite: 0j
F_swave: 0j, F_dwave: 0j
F_px: 0j, F_py: 0j
Free_energy = -20714.96032886479
------------------------------------------
[{'stable': {}, 'free': np.float64(-20714.96032886479)}]
------------------------------------------
  Seed: uu+dd:px+py
  Seed uu: [0.+0.j 0.+0.j 0.+0.j 0.+0.j], Seed dd: [0.+0.j 0.+0.j 0.+0.j 0.+0.j]
F_onsite: 0j
F_swave: 0j, F_dwave: 0j
F_px: 0j, F_py: 0j
Free_energy = -20714.96032886479
------------------------------------------
[{'stable': {}, 'free': np.float64(-20714.96032886479)}]
------------------------------------------
  Seed: uu+dd:px+ipy
  Seed uu: [0.+0.j 0.+0.j 0.+0.j 0.+0.j], Seed dd: [0.+0.j 0.+0.j 0.+0.j 0.+0.j]
F_onsite: 0j
F_swave: 0j, F_dwave: 0j
F_px: 0j, F_py: 0j
Free_energy = -20714.96032886479
------------------------------------------
[{'stable': {}, 'free': np.float64(-20714.96032886479)}]
------------------------------------------
====================================
mu=3.67, T=0.0505
====================================
  Seed: normal state
  Seed uu: [0.+0.j 0.+0.j 0.+0.j 0.+0.j], Seed dd: [0.+0.j 0.+0.j 0.+0.j 0.+0.j]
F_onsite: 0j
F_swave: 0j, F_dwave: 0j
F_px: 0j, F_py: 0j
Free_energy = -20715.572473465632
------------------------------------------
[{'stable': {}, 'free': np.float64(-20715.572473465632)}]
------------------------------------------
  Seed: uu:px
  Seed uu: [0.+0.j 0.+0.j 0.+0.j 0.+0.j], Seed dd: [0.+0.j 0.+0.j 0.+0.j 0.+0.j]
F_onsite: 0j
F_swave: 0j, F_dwave: 0j
F_px: 0j, F_py: 0j
Free_energy = -20715.572473465632
------------------------------------------
[{'stable': {}, 'free': np.float64(-20715.572473465632)}]
------------------------------------------
  Seed: uu:px+py
  Seed uu: [0.+0.j 0.+0.j 0.+0.j 0.+0.j], Seed dd: [0.+0.j 0.+0.j 0.+0.j 0.+0.j]
F_onsite: 0j
F_swave: 0j, F_dwave: 0j
F_px: 0j, F_py: 0j
Free_energy = -20715.572473465632
------------------------------------------
[{'stable': {}, 'free': np.float64(-20715.572473465632)}]
------------------------------------------
  Seed: uu:px+ipy
  Seed uu: [0.+0.j 0.+0.j 0.+0.j 0.+0.j], Seed dd: [0.+0.j 0.+0.j 0.+0.j 0.+0.j]
F_onsite: 0j
F_swave: 0j, F_dwave: 0j
F_px: 0j, F_py: 0j
Free_energy = -20715.572473465632
------------------------------------------
[{'stable': {}, 'free': np.float64(-20715.572473465632)}]
------------------------------------------
  Seed: dd:px
  Seed uu: [0.+0.j 0.+0.j 0.+0.j 0.+0.j], Seed dd: [0.+0.j 0.+0.j 0.+0.j 0.+0.j]
F_onsite: 0j
F_swave: 0j, F_dwave: 0j
F_px: 0j, F_py: 0j
Free_energy = -20715.572473465632
------------------------------------------
[{'stable': {}, 'free': np.float64(-20715.572473465632)}]
------------------------------------------
  Seed: dd:px+py
  Seed uu: [0.+0.j 0.+0.j 0.+0.j 0.+0.j], Seed dd: [0.+0.j 0.+0.j 0.+0.j 0.+0.j]
F_onsite: 0j
F_swave: 0j, F_dwave: 0j
F_px: 0j, F_py: 0j
Free_energy = -20715.572473465632
------------------------------------------
[{'stable': {}, 'free': np.float64(-20715.572473465632)}]
------------------------------------------
  Seed: dd:px+ipy
  Seed uu: [0.+0.j 0.+0.j 0.+0.j 0.+0.j], Seed dd: [0.+0.j 0.+0.j 0.+0.j 0.+0.j]
F_onsite: 0j
F_swave: 0j, F_dwave: 0j
F_px: 0j, F_py: 0j
Free_energy = -20715.572473465632
------------------------------------------
[{'stable': {}, 'free': np.float64(-20715.572473465632)}]
------------------------------------------
  Seed: uu+dd:px
  Seed uu: [0.+0.j 0.+0.j 0.+0.j 0.+0.j], Seed dd: [0.+0.j 0.+0.j 0.+0.j 0.+0.j]
F_onsite: 0j
F_swave: 0j, F_dwave: 0j
F_px: 0j, F_py: 0j
Free_energy = -20715.572473465632
------------------------------------------
[{'stable': {}, 'free': np.float64(-20715.572473465632)}]
------------------------------------------
  Seed: uu+dd:px+py
  Seed uu: [0.+0.j 0.+0.j 0.+0.j 0.+0.j], Seed dd: [0.+0.j 0.+0.j 0.+0.j 0.+0.j]
F_onsite: 0j
F_swave: 0j, F_dwave: 0j
F_px: 0j, F_py: 0j
Free_energy = -20715.572473465632
------------------------------------------
[{'stable': {}, 'free': np.float64(-20715.572473465632)}]
------------------------------------------
  Seed: uu+dd:px+ipy
  Seed uu: [0.+0.j 0.+0.j 0.+0.j 0.+0.j], Seed dd: [0.+0.j 0.+0.j 0.+0.j 0.+0.j]
F_onsite: 0j
F_swave: 0j, F_dwave: 0j
F_px: 0j, F_py: 0j
Free_energy = -20715.572473465632
------------------------------------------
[{'stable': {}, 'free': np.float64(-20715.572473465632)}]
------------------------------------------
====================================
mu=3.67, T=0.0546
====================================
  Seed: normal state
  Seed uu: [0.+0.j 0.+0.j 0.+0.j 0.+0.j], Seed dd: [0.+0.j 0.+0.j 0.+0.j 0.+0.j]
F_onsite: 0j
F_swave: 0j, F_dwave: 0j
F_px: 0j, F_py: 0j
Free_energy = -20716.235562854963
------------------------------------------
[{'stable': {}, 'free': np.float64(-20716.235562854963)}]
------------------------------------------
  Seed: uu:px
  Seed uu: [0.+0.j 0.+0.j 0.+0.j 0.+0.j], Seed dd: [0.+0.j 0.+0.j 0.+0.j 0.+0.j]
F_onsite: 0j
F_swave: 0j, F_dwave: 0j
F_px: 0j, F_py: 0j
Free_energy = -20716.235562854963
------------------------------------------
[{'stable': {}, 'free': np.float64(-20716.235562854963)}]
------------------------------------------
  Seed: uu:px+py
  Seed uu: [0.+0.j 0.+0.j 0.+0.j 0.+0.j], Seed dd: [0.+0.j 0.+0.j 0.+0.j 0.+0.j]
F_onsite: 0j
F_swave: 0j, F_dwave: 0j
F_px: 0j, F_py: 0j
Free_energy = -20716.235562854963
------------------------------------------
[{'stable': {}, 'free': np.float64(-20716.235562854963)}]
------------------------------------------
  Seed: uu:px+ipy
  Seed uu: [0.+0.j 0.+0.j 0.+0.j 0.+0.j], Seed dd: [0.+0.j 0.+0.j 0.+0.j 0.+0.j]
F_onsite: 0j
F_swave: 0j, F_dwave: 0j
F_px: 0j, F_py: 0j
Free_energy = -20716.235562854963
------------------------------------------
[{'stable': {}, 'free': np.float64(-20716.235562854963)}]
------------------------------------------
  Seed: dd:px
  Seed uu: [0.+0.j 0.+0.j 0.+0.j 0.+0.j], Seed dd: [0.+0.j 0.+0.j 0.+0.j 0.+0.j]
F_onsite: 0j
F_swave: 0j, F_dwave: 0j
F_px: 0j, F_py: 0j
Free_energy = -20716.235562854963
------------------------------------------
[{'stable': {}, 'free': np.float64(-20716.235562854963)}]
------------------------------------------
  Seed: dd:px+py
  Seed uu: [0.+0.j 0.+0.j 0.+0.j 0.+0.j], Seed dd: [0.+0.j 0.+0.j 0.+0.j 0.+0.j]
F_onsite: 0j
F_swave: 0j, F_dwave: 0j
F_px: 0j, F_py: 0j
Free_energy = -20716.235562854963
------------------------------------------
[{'stable': {}, 'free': np.float64(-20716.235562854963)}]
------------------------------------------
  Seed: dd:px+ipy
  Seed uu: [0.+0.j 0.+0.j 0.+0.j 0.+0.j], Seed dd: [0.+0.j 0.+0.j 0.+0.j 0.+0.j]
F_onsite: 0j
F_swave: 0j, F_dwave: 0j
F_px: 0j, F_py: 0j
Free_energy = -20716.235562854963
------------------------------------------
[{'stable': {}, 'free': np.float64(-20716.235562854963)}]
------------------------------------------
  Seed: uu+dd:px
  Seed uu: [0.+0.j 0.+0.j 0.+0.j 0.+0.j], Seed dd: [0.+0.j 0.+0.j 0.+0.j 0.+0.j]
F_onsite: 0j
F_swave: 0j, F_dwave: 0j
F_px: 0j, F_py: 0j
Free_energy = -20716.235562854963
------------------------------------------
[{'stable': {}, 'free': np.float64(-20716.235562854963)}]
------------------------------------------
  Seed: uu+dd:px+py
  Seed uu: [0.+0.j 0.+0.j 0.+0.j 0.+0.j], Seed dd: [0.+0.j 0.+0.j 0.+0.j 0.+0.j]
F_onsite: 0j
F_swave: 0j, F_dwave: 0j
F_px: 0j, F_py: 0j
Free_energy = -20716.235562854963
------------------------------------------
[{'stable': {}, 'free': np.float64(-20716.235562854963)}]
------------------------------------------
  Seed: uu+dd:px+ipy
  Seed uu: [0.+0.j 0.+0.j 0.+0.j 0.+0.j], Seed dd: [0.+0.j 0.+0.j 0.+0.j 0.+0.j]
F_onsite: 0j
F_swave: 0j, F_dwave: 0j
F_px: 0j, F_py: 0j
Free_energy = -20716.235562854963
------------------------------------------
[{'stable': {}, 'free': np.float64(-20716.235562854963)}]
------------------------------------------
====================================
mu=3.67, T=0.0588
====================================
  Seed: normal state
  Seed uu: [0.+0.j 0.+0.j 0.+0.j 0.+0.j], Seed dd: [0.+0.j 0.+0.j 0.+0.j 0.+0.j]
F_onsite: 0j
F_swave: 0j, F_dwave: 0j
F_px: 0j, F_py: 0j
Free_energy = -20716.949052844546
------------------------------------------
[{'stable': {}, 'free': np.float64(-20716.949052844546)}]
------------------------------------------
  Seed: uu:px
  Seed uu: [0.+0.j 0.+0.j 0.+0.j 0.+0.j], Seed dd: [0.+0.j 0.+0.j 0.+0.j 0.+0.j]
F_onsite: 0j
F_swave: 0j, F_dwave: 0j
F_px: 0j, F_py: 0j
Free_energy = -20716.949052844546
------------------------------------------
[{'stable': {}, 'free': np.float64(-20716.949052844546)}]
------------------------------------------
  Seed: uu:px+py
  Seed uu: [0.+0.j 0.+0.j 0.+0.j 0.+0.j], Seed dd: [0.+0.j 0.+0.j 0.+0.j 0.+0.j]
F_onsite: 0j
F_swave: 0j, F_dwave: 0j
F_px: 0j, F_py: 0j
Free_energy = -20716.949052844546
------------------------------------------
[{'stable': {}, 'free': np.float64(-20716.949052844546)}]
------------------------------------------
  Seed: uu:px+ipy
  Seed uu: [0.+0.j 0.+0.j 0.+0.j 0.+0.j], Seed dd: [0.+0.j 0.+0.j 0.+0.j 0.+0.j]
F_onsite: 0j
F_swave: 0j, F_dwave: 0j
F_px: 0j, F_py: 0j
Free_energy = -20716.949052844546
------------------------------------------
[{'stable': {}, 'free': np.float64(-20716.949052844546)}]
------------------------------------------
  Seed: dd:px
  Seed uu: [0.+0.j 0.+0.j 0.+0.j 0.+0.j], Seed dd: [0.+0.j 0.+0.j 0.+0.j 0.+0.j]
F_onsite: 0j
F_swave: 0j, F_dwave: 0j
F_px: 0j, F_py: 0j
Free_energy = -20716.949052844546
------------------------------------------
[{'stable': {}, 'free': np.float64(-20716.949052844546)}]
------------------------------------------
  Seed: dd:px+py
  Seed uu: [0.+0.j 0.+0.j 0.+0.j 0.+0.j], Seed dd: [0.+0.j 0.+0.j 0.+0.j 0.+0.j]
F_onsite: 0j
F_swave: 0j, F_dwave: 0j
F_px: 0j, F_py: 0j
Free_energy = -20716.949052844546
------------------------------------------
[{'stable': {}, 'free': np.float64(-20716.949052844546)}]
------------------------------------------
  Seed: dd:px+ipy
  Seed uu: [0.+0.j 0.+0.j 0.+0.j 0.+0.j], Seed dd: [0.+0.j 0.+0.j 0.+0.j 0.+0.j]
F_onsite: 0j
F_swave: 0j, F_dwave: 0j
F_px: 0j, F_py: 0j
Free_energy = -20716.949052844546
------------------------------------------
[{'stable': {}, 'free': np.float64(-20716.949052844546)}]
------------------------------------------
  Seed: uu+dd:px
  Seed uu: [0.+0.j 0.+0.j 0.+0.j 0.+0.j], Seed dd: [0.+0.j 0.+0.j 0.+0.j 0.+0.j]
F_onsite: 0j
F_swave: 0j, F_dwave: 0j
F_px: 0j, F_py: 0j
Free_energy = -20716.949052844546
------------------------------------------
[{'stable': {}, 'free': np.float64(-20716.949052844546)}]
------------------------------------------
  Seed: uu+dd:px+py
  Seed uu: [0.+0.j 0.+0.j 0.+0.j 0.+0.j], Seed dd: [0.+0.j 0.+0.j 0.+0.j 0.+0.j]
F_onsite: 0j
F_swave: 0j, F_dwave: 0j
F_px: 0j, F_py: 0j
Free_energy = -20716.949052844546
------------------------------------------
[{'stable': {}, 'free': np.float64(-20716.949052844546)}]
------------------------------------------
  Seed: uu+dd:px+ipy
  Seed uu: [0.+0.j 0.+0.j 0.+0.j 0.+0.j], Seed dd: [0.+0.j 0.+0.j 0.+0.j 0.+0.j]
F_onsite: 0j
F_swave: 0j, F_dwave: 0j
F_px: 0j, F_py: 0j
Free_energy = -20716.949052844546
------------------------------------------
[{'stable': {}, 'free': np.float64(-20716.949052844546)}]
------------------------------------------
====================================
mu=3.67, T=0.0629
====================================
  Seed: normal state
  Seed uu: [0.+0.j 0.+0.j 0.+0.j 0.+0.j], Seed dd: [0.+0.j 0.+0.j 0.+0.j 0.+0.j]
F_onsite: 0j
F_swave: 0j, F_dwave: 0j
F_px: 0j, F_py: 0j
Free_energy = -20717.712304885208
------------------------------------------
[{'stable': {}, 'free': np.float64(-20717.712304885208)}]
------------------------------------------
  Seed: uu:px
  Seed uu: [0.+0.j 0.+0.j 0.+0.j 0.+0.j], Seed dd: [0.+0.j 0.+0.j 0.+0.j 0.+0.j]
F_onsite: 0j
F_swave: 0j, F_dwave: 0j
F_px: 0j, F_py: 0j
Free_energy = -20717.712304885208
------------------------------------------
[{'stable': {}, 'free': np.float64(-20717.712304885208)}]
------------------------------------------
  Seed: uu:px+py
  Seed uu: [0.+0.j 0.+0.j 0.+0.j 0.+0.j], Seed dd: [0.+0.j 0.+0.j 0.+0.j 0.+0.j]
F_onsite: 0j
F_swave: 0j, F_dwave: 0j
F_px: 0j, F_py: 0j
Free_energy = -20717.712304885208
------------------------------------------
[{'stable': {}, 'free': np.float64(-20717.712304885208)}]
------------------------------------------
  Seed: uu:px+ipy
  Seed uu: [0.+0.j 0.+0.j 0.+0.j 0.+0.j], Seed dd: [0.+0.j 0.+0.j 0.+0.j 0.+0.j]
F_onsite: 0j
F_swave: 0j, F_dwave: 0j
F_px: 0j, F_py: 0j
Free_energy = -20717.712304885208
------------------------------------------
[{'stable': {}, 'free': np.float64(-20717.712304885208)}]
------------------------------------------
  Seed: dd:px
  Seed uu: [0.+0.j 0.+0.j 0.+0.j 0.+0.j], Seed dd: [0.+0.j 0.+0.j 0.+0.j 0.+0.j]
F_onsite: 0j
F_swave: 0j, F_dwave: 0j
F_px: 0j, F_py: 0j
Free_energy = -20717.712304885208
------------------------------------------
[{'stable': {}, 'free': np.float64(-20717.712304885208)}]
------------------------------------------
  Seed: dd:px+py
  Seed uu: [0.+0.j 0.+0.j 0.+0.j 0.+0.j], Seed dd: [0.+0.j 0.+0.j 0.+0.j 0.+0.j]
F_onsite: 0j
F_swave: 0j, F_dwave: 0j
F_px: 0j, F_py: 0j
Free_energy = -20717.712304885208
------------------------------------------
[{'stable': {}, 'free': np.float64(-20717.712304885208)}]
------------------------------------------
  Seed: dd:px+ipy
  Seed uu: [0.+0.j 0.+0.j 0.+0.j 0.+0.j], Seed dd: [0.+0.j 0.+0.j 0.+0.j 0.+0.j]
F_onsite: 0j
F_swave: 0j, F_dwave: 0j
F_px: 0j, F_py: 0j
Free_energy = -20717.712304885208
------------------------------------------
[{'stable': {}, 'free': np.float64(-20717.712304885208)}]
------------------------------------------
  Seed: uu+dd:px
  Seed uu: [0.+0.j 0.+0.j 0.+0.j 0.+0.j], Seed dd: [0.+0.j 0.+0.j 0.+0.j 0.+0.j]
F_onsite: 0j
F_swave: 0j, F_dwave: 0j
F_px: 0j, F_py: 0j
Free_energy = -20717.712304885208
------------------------------------------
[{'stable': {}, 'free': np.float64(-20717.712304885208)}]
------------------------------------------
  Seed: uu+dd:px+py
  Seed uu: [0.+0.j 0.+0.j 0.+0.j 0.+0.j], Seed dd: [0.+0.j 0.+0.j 0.+0.j 0.+0.j]
F_onsite: 0j
F_swave: 0j, F_dwave: 0j
F_px: 0j, F_py: 0j
Free_energy = -20717.712304885208
------------------------------------------
[{'stable': {}, 'free': np.float64(-20717.712304885208)}]
------------------------------------------
  Seed: uu+dd:px+ipy
  Seed uu: [0.+0.j 0.+0.j 0.+0.j 0.+0.j], Seed dd: [0.+0.j 0.+0.j 0.+0.j 0.+0.j]
F_onsite: 0j
F_swave: 0j, F_dwave: 0j
F_px: 0j, F_py: 0j
Free_energy = -20717.712304885208
------------------------------------------
[{'stable': {}, 'free': np.float64(-20717.712304885208)}]
------------------------------------------
====================================
mu=3.67, T=0.0670
====================================
  Seed: normal state
  Seed uu: [0.+0.j 0.+0.j 0.+0.j 0.+0.j], Seed dd: [0.+0.j 0.+0.j 0.+0.j 0.+0.j]
F_onsite: 0j
F_swave: 0j, F_dwave: 0j
F_px: 0j, F_py: 0j
Free_energy = -20718.52460492512
------------------------------------------
[{'stable': {}, 'free': np.float64(-20718.52460492512)}]
------------------------------------------
  Seed: uu:px
  Seed uu: [0.+0.j 0.+0.j 0.+0.j 0.+0.j], Seed dd: [0.+0.j 0.+0.j 0.+0.j 0.+0.j]
F_onsite: 0j
F_swave: 0j, F_dwave: 0j
F_px: 0j, F_py: 0j
Free_energy = -20718.52460492512
------------------------------------------
[{'stable': {}, 'free': np.float64(-20718.52460492512)}]
------------------------------------------
  Seed: uu:px+py
  Seed uu: [0.+0.j 0.+0.j 0.+0.j 0.+0.j], Seed dd: [0.+0.j 0.+0.j 0.+0.j 0.+0.j]
F_onsite: 0j
F_swave: 0j, F_dwave: 0j
F_px: 0j, F_py: 0j
Free_energy = -20718.52460492512
------------------------------------------
[{'stable': {}, 'free': np.float64(-20718.52460492512)}]
------------------------------------------
  Seed: uu:px+ipy
  Seed uu: [0.+0.j 0.+0.j 0.+0.j 0.+0.j], Seed dd: [0.+0.j 0.+0.j 0.+0.j 0.+0.j]
F_onsite: 0j
F_swave: 0j, F_dwave: 0j
F_px: 0j, F_py: 0j
Free_energy = -20718.52460492512
------------------------------------------
[{'stable': {}, 'free': np.float64(-20718.52460492512)}]
------------------------------------------
  Seed: dd:px
  Seed uu: [0.+0.j 0.+0.j 0.+0.j 0.+0.j], Seed dd: [0.+0.j 0.+0.j 0.+0.j 0.+0.j]
F_onsite: 0j
F_swave: 0j, F_dwave: 0j
F_px: 0j, F_py: 0j
Free_energy = -20718.52460492512
------------------------------------------
[{'stable': {}, 'free': np.float64(-20718.52460492512)}]
------------------------------------------
  Seed: dd:px+py
  Seed uu: [0.+0.j 0.+0.j 0.+0.j 0.+0.j], Seed dd: [0.+0.j 0.+0.j 0.+0.j 0.+0.j]
F_onsite: 0j
F_swave: 0j, F_dwave: 0j
F_px: 0j, F_py: 0j
Free_energy = -20718.52460492512
------------------------------------------
[{'stable': {}, 'free': np.float64(-20718.52460492512)}]
------------------------------------------
  Seed: dd:px+ipy
  Seed uu: [0.+0.j 0.+0.j 0.+0.j 0.+0.j], Seed dd: [0.+0.j 0.+0.j 0.+0.j 0.+0.j]
F_onsite: 0j
F_swave: 0j, F_dwave: 0j
F_px: 0j, F_py: 0j
Free_energy = -20718.52460492512
------------------------------------------
[{'stable': {}, 'free': np.float64(-20718.52460492512)}]
------------------------------------------
  Seed: uu+dd:px
  Seed uu: [0.+0.j 0.+0.j 0.+0.j 0.+0.j], Seed dd: [0.+0.j 0.+0.j 0.+0.j 0.+0.j]
F_onsite: 0j
F_swave: 0j, F_dwave: 0j
F_px: 0j, F_py: 0j
Free_energy = -20718.52460492512
------------------------------------------
[{'stable': {}, 'free': np.float64(-20718.52460492512)}]
------------------------------------------
  Seed: uu+dd:px+py
  Seed uu: [0.+0.j 0.+0.j 0.+0.j 0.+0.j], Seed dd: [0.+0.j 0.+0.j 0.+0.j 0.+0.j]
F_onsite: 0j
F_swave: 0j, F_dwave: 0j
F_px: 0j, F_py: 0j
Free_energy = -20718.52460492512
------------------------------------------
[{'stable': {}, 'free': np.float64(-20718.52460492512)}]
------------------------------------------
  Seed: uu+dd:px+ipy
  Seed uu: [0.+0.j 0.+0.j 0.+0.j 0.+0.j], Seed dd: [0.+0.j 0.+0.j 0.+0.j 0.+0.j]
F_onsite: 0j
F_swave: 0j, F_dwave: 0j
F_px: 0j, F_py: 0j
Free_energy = -20718.52460492512
------------------------------------------
[{'stable': {}, 'free': np.float64(-20718.52460492512)}]
------------------------------------------
====================================
mu=3.67, T=0.0711
====================================
  Seed: normal state
  Seed uu: [0.+0.j 0.+0.j 0.+0.j 0.+0.j], Seed dd: [0.+0.j 0.+0.j 0.+0.j 0.+0.j]
F_onsite: 0j
F_swave: 0j, F_dwave: 0j
F_px: 0j, F_py: 0j
Free_energy = -20719.385182248327
------------------------------------------
[{'stable': {}, 'free': np.float64(-20719.385182248327)}]
------------------------------------------
  Seed: uu:px
  Seed uu: [0.+0.j 0.+0.j 0.+0.j 0.+0.j], Seed dd: [0.+0.j 0.+0.j 0.+0.j 0.+0.j]
F_onsite: 0j
F_swave: 0j, F_dwave: 0j
F_px: 0j, F_py: 0j
Free_energy = -20719.385182248327
------------------------------------------
[{'stable': {}, 'free': np.float64(-20719.385182248327)}]
------------------------------------------
  Seed: uu:px+py
  Seed uu: [0.+0.j 0.+0.j 0.+0.j 0.+0.j], Seed dd: [0.+0.j 0.+0.j 0.+0.j 0.+0.j]
F_onsite: 0j
F_swave: 0j, F_dwave: 0j
F_px: 0j, F_py: 0j
Free_energy = -20719.385182248327
------------------------------------------
[{'stable': {}, 'free': np.float64(-20719.385182248327)}]
------------------------------------------
  Seed: uu:px+ipy
  Seed uu: [0.+0.j 0.+0.j 0.+0.j 0.+0.j], Seed dd: [0.+0.j 0.+0.j 0.+0.j 0.+0.j]
F_onsite: 0j
F_swave: 0j, F_dwave: 0j
F_px: 0j, F_py: 0j
Free_energy = -20719.385182248327
------------------------------------------
[{'stable': {}, 'free': np.float64(-20719.385182248327)}]
------------------------------------------
  Seed: dd:px
  Seed uu: [0.+0.j 0.+0.j 0.+0.j 0.+0.j], Seed dd: [0.+0.j 0.+0.j 0.+0.j 0.+0.j]
F_onsite: 0j
F_swave: 0j, F_dwave: 0j
F_px: 0j, F_py: 0j
Free_energy = -20719.385182248327
------------------------------------------
[{'stable': {}, 'free': np.float64(-20719.385182248327)}]
------------------------------------------
  Seed: dd:px+py
  Seed uu: [0.+0.j 0.+0.j 0.+0.j 0.+0.j], Seed dd: [0.+0.j 0.+0.j 0.+0.j 0.+0.j]
F_onsite: 0j
F_swave: 0j, F_dwave: 0j
F_px: 0j, F_py: 0j
Free_energy = -20719.385182248327
------------------------------------------
[{'stable': {}, 'free': np.float64(-20719.385182248327)}]
------------------------------------------
  Seed: dd:px+ipy
  Seed uu: [0.+0.j 0.+0.j 0.+0.j 0.+0.j], Seed dd: [0.+0.j 0.+0.j 0.+0.j 0.+0.j]
F_onsite: 0j
F_swave: 0j, F_dwave: 0j
F_px: 0j, F_py: 0j
Free_energy = -20719.385182248327
------------------------------------------
[{'stable': {}, 'free': np.float64(-20719.385182248327)}]
------------------------------------------
  Seed: uu+dd:px
  Seed uu: [0.+0.j 0.+0.j 0.+0.j 0.+0.j], Seed dd: [0.+0.j 0.+0.j 0.+0.j 0.+0.j]
F_onsite: 0j
F_swave: 0j, F_dwave: 0j
F_px: 0j, F_py: 0j
Free_energy = -20719.385182248327
------------------------------------------
[{'stable': {}, 'free': np.float64(-20719.385182248327)}]
------------------------------------------
  Seed: uu+dd:px+py
  Seed uu: [0.+0.j 0.+0.j 0.+0.j 0.+0.j], Seed dd: [0.+0.j 0.+0.j 0.+0.j 0.+0.j]
F_onsite: 0j
F_swave: 0j, F_dwave: 0j
F_px: 0j, F_py: 0j
Free_energy = -20719.385182248327
------------------------------------------
[{'stable': {}, 'free': np.float64(-20719.385182248327)}]
------------------------------------------
  Seed: uu+dd:px+ipy
  Seed uu: [0.+0.j 0.+0.j 0.+0.j 0.+0.j], Seed dd: [0.+0.j 0.+0.j 0.+0.j 0.+0.j]
F_onsite: 0j
F_swave: 0j, F_dwave: 0j
F_px: 0j, F_py: 0j
Free_energy = -20719.385182248327
------------------------------------------
[{'stable': {}, 'free': np.float64(-20719.385182248327)}]
------------------------------------------
====================================
mu=3.67, T=0.0753
====================================
  Seed: normal state
  Seed uu: [0.+0.j 0.+0.j 0.+0.j 0.+0.j], Seed dd: [0.+0.j 0.+0.j 0.+0.j 0.+0.j]
F_onsite: 0j
F_swave: 0j, F_dwave: 0j
F_px: 0j, F_py: 0j
Free_energy = -20720.293227228365
------------------------------------------
[{'stable': {}, 'free': np.float64(-20720.293227228365)}]
------------------------------------------
  Seed: uu:px
  Seed uu: [0.+0.j 0.+0.j 0.+0.j 0.+0.j], Seed dd: [0.+0.j 0.+0.j 0.+0.j 0.+0.j]
F_onsite: 0j
F_swave: 0j, F_dwave: 0j
F_px: 0j, F_py: 0j
Free_energy = -20720.293227228365
------------------------------------------
[{'stable': {}, 'free': np.float64(-20720.293227228365)}]
------------------------------------------
  Seed: uu:px+py
  Seed uu: [0.+0.j 0.+0.j 0.+0.j 0.+0.j], Seed dd: [0.+0.j 0.+0.j 0.+0.j 0.+0.j]
F_onsite: 0j
F_swave: 0j, F_dwave: 0j
F_px: 0j, F_py: 0j
Free_energy = -20720.293227228365
------------------------------------------
[{'stable': {}, 'free': np.float64(-20720.293227228365)}]
------------------------------------------
  Seed: uu:px+ipy
  Seed uu: [0.+0.j 0.+0.j 0.+0.j 0.+0.j], Seed dd: [0.+0.j 0.+0.j 0.+0.j 0.+0.j]
F_onsite: 0j
F_swave: 0j, F_dwave: 0j
F_px: 0j, F_py: 0j
Free_energy = -20720.293227228365
------------------------------------------
[{'stable': {}, 'free': np.float64(-20720.293227228365)}]
------------------------------------------
  Seed: dd:px
  Seed uu: [0.+0.j 0.+0.j 0.+0.j 0.+0.j], Seed dd: [0.+0.j 0.+0.j 0.+0.j 0.+0.j]
F_onsite: 0j
F_swave: 0j, F_dwave: 0j
F_px: 0j, F_py: 0j
Free_energy = -20720.293227228365
------------------------------------------
[{'stable': {}, 'free': np.float64(-20720.293227228365)}]
------------------------------------------
  Seed: dd:px+py
  Seed uu: [0.+0.j 0.+0.j 0.+0.j 0.+0.j], Seed dd: [0.+0.j 0.+0.j 0.+0.j 0.+0.j]
F_onsite: 0j
F_swave: 0j, F_dwave: 0j
F_px: 0j, F_py: 0j
Free_energy = -20720.293227228365
------------------------------------------
[{'stable': {}, 'free': np.float64(-20720.293227228365)}]
------------------------------------------
  Seed: dd:px+ipy
  Seed uu: [0.+0.j 0.+0.j 0.+0.j 0.+0.j], Seed dd: [0.+0.j 0.+0.j 0.+0.j 0.+0.j]
F_onsite: 0j
F_swave: 0j, F_dwave: 0j
F_px: 0j, F_py: 0j
Free_energy = -20720.293227228365
------------------------------------------
[{'stable': {}, 'free': np.float64(-20720.293227228365)}]
------------------------------------------
  Seed: uu+dd:px
  Seed uu: [0.+0.j 0.+0.j 0.+0.j 0.+0.j], Seed dd: [0.+0.j 0.+0.j 0.+0.j 0.+0.j]
F_onsite: 0j
F_swave: 0j, F_dwave: 0j
F_px: 0j, F_py: 0j
Free_energy = -20720.293227228365
------------------------------------------
[{'stable': {}, 'free': np.float64(-20720.293227228365)}]
------------------------------------------
  Seed: uu+dd:px+py
  Seed uu: [0.+0.j 0.+0.j 0.+0.j 0.+0.j], Seed dd: [0.+0.j 0.+0.j 0.+0.j 0.+0.j]
F_onsite: 0j
F_swave: 0j, F_dwave: 0j
F_px: 0j, F_py: 0j
Free_energy = -20720.293227228365
------------------------------------------
[{'stable': {}, 'free': np.float64(-20720.293227228365)}]
------------------------------------------
  Seed: uu+dd:px+ipy
  Seed uu: [0.+0.j 0.+0.j 0.+0.j 0.+0.j], Seed dd: [0.+0.j 0.+0.j 0.+0.j 0.+0.j]
F_onsite: 0j
F_swave: 0j, F_dwave: 0j
F_px: 0j, F_py: 0j
Free_energy = -20720.293227228365
------------------------------------------
[{'stable': {}, 'free': np.float64(-20720.293227228365)}]
------------------------------------------
====================================
mu=3.67, T=0.0794
====================================
  Seed: normal state
  Seed uu: [0.+0.j 0.+0.j 0.+0.j 0.+0.j], Seed dd: [0.+0.j 0.+0.j 0.+0.j 0.+0.j]
F_onsite: 0j
F_swave: 0j, F_dwave: 0j
F_px: 0j, F_py: 0j
Free_energy = -20721.247907325636
------------------------------------------
[{'stable': {}, 'free': np.float64(-20721.247907325636)}]
------------------------------------------
  Seed: uu:px
  Seed uu: [0.+0.j 0.+0.j 0.+0.j 0.+0.j], Seed dd: [0.+0.j 0.+0.j 0.+0.j 0.+0.j]
F_onsite: 0j
F_swave: 0j, F_dwave: 0j
F_px: 0j, F_py: 0j
Free_energy = -20721.247907325636
------------------------------------------
[{'stable': {}, 'free': np.float64(-20721.247907325636)}]
------------------------------------------
  Seed: uu:px+py
  Seed uu: [0.+0.j 0.+0.j 0.+0.j 0.+0.j], Seed dd: [0.+0.j 0.+0.j 0.+0.j 0.+0.j]
F_onsite: 0j
F_swave: 0j, F_dwave: 0j
F_px: 0j, F_py: 0j
Free_energy = -20721.247907325636
------------------------------------------
[{'stable': {}, 'free': np.float64(-20721.247907325636)}]
------------------------------------------
  Seed: uu:px+ipy
  Seed uu: [0.+0.j 0.+0.j 0.+0.j 0.+0.j], Seed dd: [0.+0.j 0.+0.j 0.+0.j 0.+0.j]
F_onsite: 0j
F_swave: 0j, F_dwave: 0j
F_px: 0j, F_py: 0j
Free_energy = -20721.247907325636
------------------------------------------
[{'stable': {}, 'free': np.float64(-20721.247907325636)}]
------------------------------------------
  Seed: dd:px
  Seed uu: [0.+0.j 0.+0.j 0.+0.j 0.+0.j], Seed dd: [0.+0.j 0.+0.j 0.+0.j 0.+0.j]
F_onsite: 0j
F_swave: 0j, F_dwave: 0j
F_px: 0j, F_py: 0j
Free_energy = -20721.247907325636
------------------------------------------
[{'stable': {}, 'free': np.float64(-20721.247907325636)}]
------------------------------------------
  Seed: dd:px+py
  Seed uu: [0.+0.j 0.+0.j 0.+0.j 0.+0.j], Seed dd: [0.+0.j 0.+0.j 0.+0.j 0.+0.j]
F_onsite: 0j
F_swave: 0j, F_dwave: 0j
F_px: 0j, F_py: 0j
Free_energy = -20721.247907325636
------------------------------------------
[{'stable': {}, 'free': np.float64(-20721.247907325636)}]
------------------------------------------
  Seed: dd:px+ipy
  Seed uu: [0.+0.j 0.+0.j 0.+0.j 0.+0.j], Seed dd: [0.+0.j 0.+0.j 0.+0.j 0.+0.j]
F_onsite: 0j
F_swave: 0j, F_dwave: 0j
F_px: 0j, F_py: 0j
Free_energy = -20721.247907325636
------------------------------------------
[{'stable': {}, 'free': np.float64(-20721.247907325636)}]
------------------------------------------
  Seed: uu+dd:px
  Seed uu: [0.+0.j 0.+0.j 0.+0.j 0.+0.j], Seed dd: [0.+0.j 0.+0.j 0.+0.j 0.+0.j]
F_onsite: 0j
F_swave: 0j, F_dwave: 0j
F_px: 0j, F_py: 0j
Free_energy = -20721.247907325636
------------------------------------------
[{'stable': {}, 'free': np.float64(-20721.247907325636)}]
------------------------------------------
  Seed: uu+dd:px+py
  Seed uu: [0.+0.j 0.+0.j 0.+0.j 0.+0.j], Seed dd: [0.+0.j 0.+0.j 0.+0.j 0.+0.j]
F_onsite: 0j
F_swave: 0j, F_dwave: 0j
F_px: 0j, F_py: 0j
Free_energy = -20721.247907325636
------------------------------------------
[{'stable': {}, 'free': np.float64(-20721.247907325636)}]
------------------------------------------
  Seed: uu+dd:px+ipy
  Seed uu: [0.+0.j 0.+0.j 0.+0.j 0.+0.j], Seed dd: [0.+0.j 0.+0.j 0.+0.j 0.+0.j]
F_onsite: 0j
F_swave: 0j, F_dwave: 0j
F_px: 0j, F_py: 0j
Free_energy = -20721.247907325636
------------------------------------------
[{'stable': {}, 'free': np.float64(-20721.247907325636)}]
------------------------------------------
====================================
mu=3.67, T=0.0835
====================================
  Seed: normal state
  Seed uu: [0.+0.j 0.+0.j 0.+0.j 0.+0.j], Seed dd: [0.+0.j 0.+0.j 0.+0.j 0.+0.j]
F_onsite: 0j
F_swave: 0j, F_dwave: 0j
F_px: 0j, F_py: 0j
Free_energy = -20722.24838098326
------------------------------------------
[{'stable': {}, 'free': np.float64(-20722.24838098326)}]
------------------------------------------
  Seed: uu:px
  Seed uu: [0.+0.j 0.+0.j 0.+0.j 0.+0.j], Seed dd: [0.+0.j 0.+0.j 0.+0.j 0.+0.j]
F_onsite: 0j
F_swave: 0j, F_dwave: 0j
F_px: 0j, F_py: 0j
Free_energy = -20722.24838098326
------------------------------------------
[{'stable': {}, 'free': np.float64(-20722.24838098326)}]
------------------------------------------
  Seed: uu:px+py
  Seed uu: [0.+0.j 0.+0.j 0.+0.j 0.+0.j], Seed dd: [0.+0.j 0.+0.j 0.+0.j 0.+0.j]
F_onsite: 0j
F_swave: 0j, F_dwave: 0j
F_px: 0j, F_py: 0j
Free_energy = -20722.24838098326
------------------------------------------
[{'stable': {}, 'free': np.float64(-20722.24838098326)}]
------------------------------------------
  Seed: uu:px+ipy
  Seed uu: [0.+0.j 0.+0.j 0.+0.j 0.+0.j], Seed dd: [0.+0.j 0.+0.j 0.+0.j 0.+0.j]
F_onsite: 0j
F_swave: 0j, F_dwave: 0j
F_px: 0j, F_py: 0j
Free_energy = -20722.24838098326
------------------------------------------
[{'stable': {}, 'free': np.float64(-20722.24838098326)}]
------------------------------------------
  Seed: dd:px
  Seed uu: [0.+0.j 0.+0.j 0.+0.j 0.+0.j], Seed dd: [0.+0.j 0.+0.j 0.+0.j 0.+0.j]
F_onsite: 0j
F_swave: 0j, F_dwave: 0j
F_px: 0j, F_py: 0j
Free_energy = -20722.24838098326
------------------------------------------
[{'stable': {}, 'free': np.float64(-20722.24838098326)}]
------------------------------------------
  Seed: dd:px+py
  Seed uu: [0.+0.j 0.+0.j 0.+0.j 0.+0.j], Seed dd: [0.+0.j 0.+0.j 0.+0.j 0.+0.j]
F_onsite: 0j
F_swave: 0j, F_dwave: 0j
F_px: 0j, F_py: 0j
Free_energy = -20722.24838098326
------------------------------------------
[{'stable': {}, 'free': np.float64(-20722.24838098326)}]
------------------------------------------
  Seed: dd:px+ipy
  Seed uu: [0.+0.j 0.+0.j 0.+0.j 0.+0.j], Seed dd: [0.+0.j 0.+0.j 0.+0.j 0.+0.j]
F_onsite: 0j
F_swave: 0j, F_dwave: 0j
F_px: 0j, F_py: 0j
Free_energy = -20722.24838098326
------------------------------------------
[{'stable': {}, 'free': np.float64(-20722.24838098326)}]
------------------------------------------
  Seed: uu+dd:px
  Seed uu: [0.+0.j 0.+0.j 0.+0.j 0.+0.j], Seed dd: [0.+0.j 0.+0.j 0.+0.j 0.+0.j]
F_onsite: 0j
F_swave: 0j, F_dwave: 0j
F_px: 0j, F_py: 0j
Free_energy = -20722.24838098326
------------------------------------------
[{'stable': {}, 'free': np.float64(-20722.24838098326)}]
------------------------------------------
  Seed: uu+dd:px+py
  Seed uu: [0.+0.j 0.+0.j 0.+0.j 0.+0.j], Seed dd: [0.+0.j 0.+0.j 0.+0.j 0.+0.j]
F_onsite: 0j
F_swave: 0j, F_dwave: 0j
F_px: 0j, F_py: 0j
Free_energy = -20722.24838098326
------------------------------------------
[{'stable': {}, 'free': np.float64(-20722.24838098326)}]
------------------------------------------
  Seed: uu+dd:px+ipy
  Seed uu: [0.+0.j 0.+0.j 0.+0.j 0.+0.j], Seed dd: [0.+0.j 0.+0.j 0.+0.j 0.+0.j]
F_onsite: 0j
F_swave: 0j, F_dwave: 0j
F_px: 0j, F_py: 0j
Free_energy = -20722.24838098326
------------------------------------------
[{'stable': {}, 'free': np.float64(-20722.24838098326)}]
------------------------------------------
====================================
mu=3.67, T=0.0876
====================================
  Seed: normal state
  Seed uu: [0.+0.j 0.+0.j 0.+0.j 0.+0.j], Seed dd: [0.+0.j 0.+0.j 0.+0.j 0.+0.j]
F_onsite: 0j
F_swave: 0j, F_dwave: 0j
F_px: 0j, F_py: 0j
Free_energy = -20723.293809313738
------------------------------------------
[{'stable': {}, 'free': np.float64(-20723.293809313738)}]
------------------------------------------
  Seed: uu:px
  Seed uu: [0.+0.j 0.+0.j 0.+0.j 0.+0.j], Seed dd: [0.+0.j 0.+0.j 0.+0.j 0.+0.j]
F_onsite: 0j
F_swave: 0j, F_dwave: 0j
F_px: 0j, F_py: 0j
Free_energy = -20723.293809313738
------------------------------------------
[{'stable': {}, 'free': np.float64(-20723.293809313738)}]
------------------------------------------
  Seed: uu:px+py
  Seed uu: [0.+0.j 0.+0.j 0.+0.j 0.+0.j], Seed dd: [0.+0.j 0.+0.j 0.+0.j 0.+0.j]
F_onsite: 0j
F_swave: 0j, F_dwave: 0j
F_px: 0j, F_py: 0j
Free_energy = -20723.293809313738
------------------------------------------
[{'stable': {}, 'free': np.float64(-20723.293809313738)}]
------------------------------------------
  Seed: uu:px+ipy
  Seed uu: [0.+0.j 0.+0.j 0.+0.j 0.+0.j], Seed dd: [0.+0.j 0.+0.j 0.+0.j 0.+0.j]
F_onsite: 0j
F_swave: 0j, F_dwave: 0j
F_px: 0j, F_py: 0j
Free_energy = -20723.293809313738
------------------------------------------
[{'stable': {}, 'free': np.float64(-20723.293809313738)}]
------------------------------------------
  Seed: dd:px
  Seed uu: [0.+0.j 0.+0.j 0.+0.j 0.+0.j], Seed dd: [0.+0.j 0.+0.j 0.+0.j 0.+0.j]
F_onsite: 0j
F_swave: 0j, F_dwave: 0j
F_px: 0j, F_py: 0j
Free_energy = -20723.293809313738
------------------------------------------
[{'stable': {}, 'free': np.float64(-20723.293809313738)}]
------------------------------------------
  Seed: dd:px+py
  Seed uu: [0.+0.j 0.+0.j 0.+0.j 0.+0.j], Seed dd: [0.+0.j 0.+0.j 0.+0.j 0.+0.j]
F_onsite: 0j
F_swave: 0j, F_dwave: 0j
F_px: 0j, F_py: 0j
Free_energy = -20723.293809313738
------------------------------------------
[{'stable': {}, 'free': np.float64(-20723.293809313738)}]
------------------------------------------
  Seed: dd:px+ipy
  Seed uu: [0.+0.j 0.+0.j 0.+0.j 0.+0.j], Seed dd: [0.+0.j 0.+0.j 0.+0.j 0.+0.j]
F_onsite: 0j
F_swave: 0j, F_dwave: 0j
F_px: 0j, F_py: 0j
Free_energy = -20723.293809313738
------------------------------------------
[{'stable': {}, 'free': np.float64(-20723.293809313738)}]
------------------------------------------
  Seed: uu+dd:px
  Seed uu: [0.+0.j 0.+0.j 0.+0.j 0.+0.j], Seed dd: [0.+0.j 0.+0.j 0.+0.j 0.+0.j]
F_onsite: 0j
F_swave: 0j, F_dwave: 0j
F_px: 0j, F_py: 0j
Free_energy = -20723.293809313738
------------------------------------------
[{'stable': {}, 'free': np.float64(-20723.293809313738)}]
------------------------------------------
  Seed: uu+dd:px+py
  Seed uu: [0.+0.j 0.+0.j 0.+0.j 0.+0.j], Seed dd: [0.+0.j 0.+0.j 0.+0.j 0.+0.j]
F_onsite: 0j
F_swave: 0j, F_dwave: 0j
F_px: 0j, F_py: 0j
Free_energy = -20723.293809313738
------------------------------------------
[{'stable': {}, 'free': np.float64(-20723.293809313738)}]
------------------------------------------
  Seed: uu+dd:px+ipy
  Seed uu: [0.+0.j 0.+0.j 0.+0.j 0.+0.j], Seed dd: [0.+0.j 0.+0.j 0.+0.j 0.+0.j]
F_onsite: 0j
F_swave: 0j, F_dwave: 0j
F_px: 0j, F_py: 0j
Free_energy = -20723.293809313738
------------------------------------------
[{'stable': {}, 'free': np.float64(-20723.293809313738)}]
------------------------------------------
====================================
mu=3.67, T=0.0917
====================================
  Seed: normal state
  Seed uu: [0.+0.j 0.+0.j 0.+0.j 0.+0.j], Seed dd: [0.+0.j 0.+0.j 0.+0.j 0.+0.j]
F_onsite: 0j
F_swave: 0j, F_dwave: 0j
F_px: 0j, F_py: 0j
Free_energy = -20724.383365635298
------------------------------------------
[{'stable': {}, 'free': np.float64(-20724.383365635298)}]
------------------------------------------
  Seed: uu:px
  Seed uu: [0.+0.j 0.+0.j 0.+0.j 0.+0.j], Seed dd: [0.+0.j 0.+0.j 0.+0.j 0.+0.j]
F_onsite: 0j
F_swave: 0j, F_dwave: 0j
F_px: 0j, F_py: 0j
Free_energy = -20724.383365635298
------------------------------------------
[{'stable': {}, 'free': np.float64(-20724.383365635298)}]
------------------------------------------
  Seed: uu:px+py
  Seed uu: [0.+0.j 0.+0.j 0.+0.j 0.+0.j], Seed dd: [0.+0.j 0.+0.j 0.+0.j 0.+0.j]
F_onsite: 0j
F_swave: 0j, F_dwave: 0j
F_px: 0j, F_py: 0j
Free_energy = -20724.383365635298
------------------------------------------
[{'stable': {}, 'free': np.float64(-20724.383365635298)}]
------------------------------------------
  Seed: uu:px+ipy
  Seed uu: [0.+0.j 0.+0.j 0.+0.j 0.+0.j], Seed dd: [0.+0.j 0.+0.j 0.+0.j 0.+0.j]
F_onsite: 0j
F_swave: 0j, F_dwave: 0j
F_px: 0j, F_py: 0j
Free_energy = -20724.383365635298
------------------------------------------
[{'stable': {}, 'free': np.float64(-20724.383365635298)}]
------------------------------------------
  Seed: dd:px
  Seed uu: [0.+0.j 0.+0.j 0.+0.j 0.+0.j], Seed dd: [0.+0.j 0.+0.j 0.+0.j 0.+0.j]
F_onsite: 0j
F_swave: 0j, F_dwave: 0j
F_px: 0j, F_py: 0j
Free_energy = -20724.383365635298
------------------------------------------
[{'stable': {}, 'free': np.float64(-20724.383365635298)}]
------------------------------------------
  Seed: dd:px+py
  Seed uu: [0.+0.j 0.+0.j 0.+0.j 0.+0.j], Seed dd: [0.+0.j 0.+0.j 0.+0.j 0.+0.j]
F_onsite: 0j
F_swave: 0j, F_dwave: 0j
F_px: 0j, F_py: 0j
Free_energy = -20724.383365635298
------------------------------------------
[{'stable': {}, 'free': np.float64(-20724.383365635298)}]
------------------------------------------
  Seed: dd:px+ipy
  Seed uu: [0.+0.j 0.+0.j 0.+0.j 0.+0.j], Seed dd: [0.+0.j 0.+0.j 0.+0.j 0.+0.j]
F_onsite: 0j
F_swave: 0j, F_dwave: 0j
F_px: 0j, F_py: 0j
Free_energy = -20724.383365635298
------------------------------------------
[{'stable': {}, 'free': np.float64(-20724.383365635298)}]
------------------------------------------
  Seed: uu+dd:px
  Seed uu: [0.+0.j 0.+0.j 0.+0.j 0.+0.j], Seed dd: [0.+0.j 0.+0.j 0.+0.j 0.+0.j]
F_onsite: 0j
F_swave: 0j, F_dwave: 0j
F_px: 0j, F_py: 0j
Free_energy = -20724.383365635298
------------------------------------------
[{'stable': {}, 'free': np.float64(-20724.383365635298)}]
------------------------------------------
  Seed: uu+dd:px+py
  Seed uu: [0.+0.j 0.+0.j 0.+0.j 0.+0.j], Seed dd: [0.+0.j 0.+0.j 0.+0.j 0.+0.j]
F_onsite: 0j
F_swave: 0j, F_dwave: 0j
F_px: 0j, F_py: 0j
Free_energy = -20724.383365635298
------------------------------------------
[{'stable': {}, 'free': np.float64(-20724.383365635298)}]
------------------------------------------
  Seed: uu+dd:px+ipy
  Seed uu: [0.+0.j 0.+0.j 0.+0.j 0.+0.j], Seed dd: [0.+0.j 0.+0.j 0.+0.j 0.+0.j]
F_onsite: 0j
F_swave: 0j, F_dwave: 0j
F_px: 0j, F_py: 0j
Free_energy = -20724.383365635298
------------------------------------------
[{'stable': {}, 'free': np.float64(-20724.383365635298)}]
------------------------------------------
====================================
mu=3.67, T=0.0959
====================================
  Seed: normal state
  Seed uu: [0.+0.j 0.+0.j 0.+0.j 0.+0.j], Seed dd: [0.+0.j 0.+0.j 0.+0.j 0.+0.j]
F_onsite: 0j
F_swave: 0j, F_dwave: 0j
F_px: 0j, F_py: 0j
Free_energy = -20725.51624302074
------------------------------------------
[{'stable': {}, 'free': np.float64(-20725.51624302074)}]
------------------------------------------
  Seed: uu:px
  Seed uu: [0.+0.j 0.+0.j 0.+0.j 0.+0.j], Seed dd: [0.+0.j 0.+0.j 0.+0.j 0.+0.j]
F_onsite: 0j
F_swave: 0j, F_dwave: 0j
F_px: 0j, F_py: 0j
Free_energy = -20725.51624302074
------------------------------------------
[{'stable': {}, 'free': np.float64(-20725.51624302074)}]
------------------------------------------
  Seed: uu:px+py
  Seed uu: [0.+0.j 0.+0.j 0.+0.j 0.+0.j], Seed dd: [0.+0.j 0.+0.j 0.+0.j 0.+0.j]
F_onsite: 0j
F_swave: 0j, F_dwave: 0j
F_px: 0j, F_py: 0j
Free_energy = -20725.51624302074
------------------------------------------
[{'stable': {}, 'free': np.float64(-20725.51624302074)}]
------------------------------------------
  Seed: uu:px+ipy
  Seed uu: [0.+0.j 0.+0.j 0.+0.j 0.+0.j], Seed dd: [0.+0.j 0.+0.j 0.+0.j 0.+0.j]
F_onsite: 0j
F_swave: 0j, F_dwave: 0j
F_px: 0j, F_py: 0j
Free_energy = -20725.51624302074
------------------------------------------
[{'stable': {}, 'free': np.float64(-20725.51624302074)}]
------------------------------------------
  Seed: dd:px
  Seed uu: [0.+0.j 0.+0.j 0.+0.j 0.+0.j], Seed dd: [0.+0.j 0.+0.j 0.+0.j 0.+0.j]
F_onsite: 0j
F_swave: 0j, F_dwave: 0j
F_px: 0j, F_py: 0j
Free_energy = -20725.51624302074
------------------------------------------
[{'stable': {}, 'free': np.float64(-20725.51624302074)}]
------------------------------------------
  Seed: dd:px+py
  Seed uu: [0.+0.j 0.+0.j 0.+0.j 0.+0.j], Seed dd: [0.+0.j 0.+0.j 0.+0.j 0.+0.j]
F_onsite: 0j
F_swave: 0j, F_dwave: 0j
F_px: 0j, F_py: 0j
Free_energy = -20725.51624302074
------------------------------------------
[{'stable': {}, 'free': np.float64(-20725.51624302074)}]
------------------------------------------
  Seed: dd:px+ipy
  Seed uu: [0.+0.j 0.+0.j 0.+0.j 0.+0.j], Seed dd: [0.+0.j 0.+0.j 0.+0.j 0.+0.j]
F_onsite: 0j
F_swave: 0j, F_dwave: 0j
F_px: 0j, F_py: 0j
Free_energy = -20725.51624302074
------------------------------------------
[{'stable': {}, 'free': np.float64(-20725.51624302074)}]
------------------------------------------
  Seed: uu+dd:px
  Seed uu: [0.+0.j 0.+0.j 0.+0.j 0.+0.j], Seed dd: [0.+0.j 0.+0.j 0.+0.j 0.+0.j]
F_onsite: 0j
F_swave: 0j, F_dwave: 0j
F_px: 0j, F_py: 0j
Free_energy = -20725.51624302074
------------------------------------------
[{'stable': {}, 'free': np.float64(-20725.51624302074)}]
------------------------------------------
  Seed: uu+dd:px+py
  Seed uu: [0.+0.j 0.+0.j 0.+0.j 0.+0.j], Seed dd: [0.+0.j 0.+0.j 0.+0.j 0.+0.j]
F_onsite: 0j
F_swave: 0j, F_dwave: 0j
F_px: 0j, F_py: 0j
Free_energy = -20725.51624302074
------------------------------------------
[{'stable': {}, 'free': np.float64(-20725.51624302074)}]
------------------------------------------
  Seed: uu+dd:px+ipy
  Seed uu: [0.+0.j 0.+0.j 0.+0.j 0.+0.j], Seed dd: [0.+0.j 0.+0.j 0.+0.j 0.+0.j]
F_onsite: 0j
F_swave: 0j, F_dwave: 0j
F_px: 0j, F_py: 0j
Free_energy = -20725.51624302074
------------------------------------------
[{'stable': {}, 'free': np.float64(-20725.51624302074)}]
------------------------------------------
====================================
mu=3.67, T=0.1000
====================================
  Seed: normal state
  Seed uu: [0.+0.j 0.+0.j 0.+0.j 0.+0.j], Seed dd: [0.+0.j 0.+0.j 0.+0.j 0.+0.j]
F_onsite: 0j
F_swave: 0j, F_dwave: 0j
F_px: 0j, F_py: 0j
Free_energy = -20726.691660074233
------------------------------------------
[{'stable': {}, 'free': np.float64(-20726.691660074233)}]
------------------------------------------
  Seed: uu:px
  Seed uu: [0.+0.j 0.+0.j 0.+0.j 0.+0.j], Seed dd: [0.+0.j 0.+0.j 0.+0.j 0.+0.j]
F_onsite: 0j
F_swave: 0j, F_dwave: 0j
F_px: 0j, F_py: 0j
Free_energy = -20726.691660074233
------------------------------------------
[{'stable': {}, 'free': np.float64(-20726.691660074233)}]
------------------------------------------
  Seed: uu:px+py
  Seed uu: [0.+0.j 0.+0.j 0.+0.j 0.+0.j], Seed dd: [0.+0.j 0.+0.j 0.+0.j 0.+0.j]
F_onsite: 0j
F_swave: 0j, F_dwave: 0j
F_px: 0j, F_py: 0j
Free_energy = -20726.691660074233
------------------------------------------
[{'stable': {}, 'free': np.float64(-20726.691660074233)}]
------------------------------------------
  Seed: uu:px+ipy
  Seed uu: [0.+0.j 0.+0.j 0.+0.j 0.+0.j], Seed dd: [0.+0.j 0.+0.j 0.+0.j 0.+0.j]
F_onsite: 0j
F_swave: 0j, F_dwave: 0j
F_px: 0j, F_py: 0j
Free_energy = -20726.691660074233
------------------------------------------
[{'stable': {}, 'free': np.float64(-20726.691660074233)}]
------------------------------------------
  Seed: dd:px
  Seed uu: [0.+0.j 0.+0.j 0.+0.j 0.+0.j], Seed dd: [0.+0.j 0.+0.j 0.+0.j 0.+0.j]
F_onsite: 0j
F_swave: 0j, F_dwave: 0j
F_px: 0j, F_py: 0j
Free_energy = -20726.691660074233
------------------------------------------
[{'stable': {}, 'free': np.float64(-20726.691660074233)}]
------------------------------------------
  Seed: dd:px+py
  Seed uu: [0.+0.j 0.+0.j 0.+0.j 0.+0.j], Seed dd: [0.+0.j 0.+0.j 0.+0.j 0.+0.j]
F_onsite: 0j
F_swave: 0j, F_dwave: 0j
F_px: 0j, F_py: 0j
Free_energy = -20726.691660074233
------------------------------------------
[{'stable': {}, 'free': np.float64(-20726.691660074233)}]
------------------------------------------
  Seed: dd:px+ipy
  Seed uu: [0.+0.j 0.+0.j 0.+0.j 0.+0.j], Seed dd: [0.+0.j 0.+0.j 0.+0.j 0.+0.j]
F_onsite: 0j
F_swave: 0j, F_dwave: 0j
F_px: 0j, F_py: 0j
Free_energy = -20726.691660074233
------------------------------------------
[{'stable': {}, 'free': np.float64(-20726.691660074233)}]
------------------------------------------
  Seed: uu+dd:px
  Seed uu: [0.+0.j 0.+0.j 0.+0.j 0.+0.j], Seed dd: [0.+0.j 0.+0.j 0.+0.j 0.+0.j]
F_onsite: 0j
F_swave: 0j, F_dwave: 0j
F_px: 0j, F_py: 0j
Free_energy = -20726.691660074233
------------------------------------------
[{'stable': {}, 'free': np.float64(-20726.691660074233)}]
------------------------------------------
  Seed: uu+dd:px+py
  Seed uu: [0.+0.j 0.+0.j 0.+0.j 0.+0.j], Seed dd: [0.+0.j 0.+0.j 0.+0.j 0.+0.j]
F_onsite: 0j
F_swave: 0j, F_dwave: 0j
F_px: 0j, F_py: 0j
Free_energy = -20726.691660074233
------------------------------------------
[{'stable': {}, 'free': np.float64(-20726.691660074233)}]
------------------------------------------
  Seed: uu+dd:px+ipy
  Seed uu: [0.+0.j 0.+0.j 0.+0.j 0.+0.j], Seed dd: [0.+0.j 0.+0.j 0.+0.j 0.+0.j]
F_onsite: 0j
F_swave: 0j, F_dwave: 0j
F_px: 0j, F_py: 0j
Free_energy = -20726.691660074233
------------------------------------------
[{'stable': {}, 'free': np.float64(-20726.691660074233)}]
------------------------------------------
