/home/emilssp/D1/venv/bin/python
Python 3.10.12
Running job 23 out of 25
====================================
mu=4.31, T=0.0010
====================================
  Seed: normal state
  Seed uu: [0.+0.j 0.+0.j 0.+0.j 0.+0.j], Seed dd: [0.+0.j 0.+0.j 0.+0.j 0.+0.j]
F_onsite: 0j
F_swave: 0j, F_dwave: 0j
F_px: 0j, F_py: 0j
Free_energy = -24258.046874999924
------------------------------------------
[{'stable': {}, 'free': np.float64(-24258.046874999924)}]
------------------------------------------
  Seed: uu:px
  Seed uu: [ 0.1+0.j -0.1+0.j  0. +0.j  0. +0.j], Seed dd: [0.+0.j 0.+0.j 0.+0.j 0.+0.j]
F_onsite: (3.208650120062801e-160-6.522517720807425e-159j)
F_swave: (-3.2030235262677233e-160+6.511080026960188e-159j), F_dwave: (-5.626593795077424e-163+1.1437693847237163e-161j)
F_px: (7.896825413969131e-175+0j), F_py: (5.457902159739768e-160+2.684929220548277e-161j)
Free_energy = -24258.046874999924
------------------------------------------
[{'stable': {}, 'free': np.float64(-24258.046874999924)}]
------------------------------------------
  Seed: uu:px+py
  Seed uu: [ 0.1+0.j -0.1+0.j  0.1+0.j -0.1+0.j], Seed dd: [0.+0.j 0.+0.j 0.+0.j 0.+0.j]
F_onsite: (3.6941880083670664e-181-2.4916030551914423e-168j)
F_swave: (-3.642679776566951e-181+2.474156896781484e-168j), F_dwave: (-1.4708983551653345e-185+1.744615840995903e-170j)
F_px: (-5.631127530112826e-181-6.542555883775408e-182j), F_py: (4.1552151882885804e-169+6.589624631140699e-182j)
Free_energy = -24258.046874999924
------------------------------------------
[{'stable': {}, 'free': np.float64(-24258.046874999924)}]
------------------------------------------
  Seed: uu:px+ipy
  Seed uu: [ 0.1+0.j  -0.1+0.j   0. +0.1j -0. -0.1j], Seed dd: [0.+0.j 0.+0.j 0.+0.j 0.+0.j]
F_onsite: (2.5683340351852417e-156-2.5683340351851356e-156j)
F_swave: (-2.5683340351852417e-156+2.5683340351851356e-156j), F_dwave: (-2.587631751649405e-172-1.2938158758247024e-172j)
F_px: (2.587631751649405e-172+5.17526350329881e-172j), F_py: (1.035052700659762e-171-2.587631751649405e-172j)
Free_energy = -24258.046874999924
------------------------------------------
[{'stable': {}, 'free': np.float64(-24258.046874999924)}]
------------------------------------------
  Seed: dd:px
  Seed uu: [0.+0.j 0.+0.j 0.+0.j 0.+0.j], Seed dd: [ 0.1+0.j -0.1+0.j  0. +0.j  0. +0.j]
F_onsite: (1.3086011489848873e-216+2.440814013273254e-220j)
F_swave: (-1.2722025030880087e-216-2.372930864922244e-220j), F_dwave: (3.639049992106327e-218+6.788378664278424e-222j)
F_px: (8.027023198571655e-221-4.303552717849168e-217j), F_py: (5.57485846246975e-224+7.85742308859577e-232j)
Free_energy = -24258.046874999924
------------------------------------------
[{'stable': {}, 'free': np.float64(-24258.046874999924)}]
------------------------------------------
  Seed: dd:px+py
  Seed uu: [0.+0.j 0.+0.j 0.+0.j 0.+0.j], Seed dd: [ 0.1+0.j -0.1+0.j  0.1+0.j -0.1+0.j]
F_onsite: (9.315786230541709e-181+3.905990173331128e-185j)
F_swave: (-9.250557268025907e-181-3.8786405025364255e-185j), F_dwave: (6.522896251580264e-183+2.73496707947027e-187j)
F_px: (-6.513970858923467e-186+1.5535819943425625e-181j), F_py: 1.1408640797467906e-196j
Free_energy = -24258.046874999924
------------------------------------------
[{'stable': {}, 'free': np.float64(-24258.046874999924)}]
------------------------------------------
  Seed: dd:px+ipy
  Seed uu: [0.+0.j 0.+0.j 0.+0.j 0.+0.j], Seed dd: [ 0.1+0.j  -0.1+0.j   0. +0.1j -0. -0.1j]
F_onsite: (-1.3843650772585253e-183+7.176807276117372e-185j)
F_swave: (1.3722441970633418e-183-7.113970367852334e-185j), F_dwave: (1.4053611257018074e-188+3.822266608703154e-187j)
F_px: (1.2101288808433855e-185+5.717876360201159e-185j), F_py: (6.138014826537779e-186-5.784938134758327e-185j)
Free_energy = -24258.046874999924
------------------------------------------
[{'stable': {}, 'free': np.float64(-24258.046874999924)}]
------------------------------------------
  Seed: uu+dd:px
  Seed uu: [ 0.1+0.j -0.1+0.j  0. +0.j  0. +0.j], Seed dd: [ 0.1+0.j -0.1+0.j  0. +0.j  0. +0.j]
F_onsite: (3.508967141755744e-35-2.122545992487554e-34j)
F_swave: (-2.7145016587074424e-35+1.3019086013664436e-34j), F_dwave: (-1.446871688397584e-36-4.2046381513674075e-35j)
F_px: (-9.87895302196647e-35-1.2366433858106818e-35j), F_py: (-1.171713264783681e-36+1.6936495016691184e-35j)
Free_energy = -24258.046874999924
------------------------------------------
[{'stable': {}, 'free': np.float64(-24258.046874999924)}]
------------------------------------------
  Seed: uu+dd:px+py
  Seed uu: [ 0.1+0.j -0.1+0.j  0.1+0.j -0.1+0.j], Seed dd: [ 0.1+0.j -0.1+0.j  0.1+0.j -0.1+0.j]
F_onsite: (-1.680881180656531e-35-2.1921362611447157e-35j)
F_swave: (1.465648023594456e-35+2.3326511313159285e-35j), F_dwave: (4.167985181682414e-36+6.4800203088821594e-37j)
F_px: (2.9507290380552935e-35-7.949195940146958e-37j), F_py: (3.2582130247374357e-35+1.0541939542711582e-36j)
Free_energy = -24258.046874999927
------------------------------------------
[{'stable': {}, 'free': np.float64(-24258.046874999924)}]
------------------------------------------
  Seed: uu+dd:px+ipy
  Seed uu: [ 0.1+0.j  -0.1+0.j   0. +0.1j -0. -0.1j], Seed dd: [ 0.1+0.j  -0.1+0.j   0. +0.1j -0. -0.1j]
F_onsite: (-4.781294119709632e-35+7.837936494787274e-35j)
F_swave: (-1.2454343118574388e-35-5.617638056423009e-35j), F_dwave: (-1.0712789118231762e-35+2.1081331595747965e-35j)
F_px: (1.2797425730557544e-35-1.5269206816324883e-35j), F_py: (-1.968427506994125e-35+2.4431527194194393e-35j)
Free_energy = -24258.046874999927
------------------------------------------
[{'stable': {}, 'free': np.float64(-24258.046874999924)}]
------------------------------------------
====================================
mu=4.31, T=0.0093
====================================
  Seed: normal state
  Seed uu: [0.+0.j 0.+0.j 0.+0.j 0.+0.j], Seed dd: [0.+0.j 0.+0.j 0.+0.j 0.+0.j]
F_onsite: 0j
F_swave: 0j, F_dwave: 0j
F_px: 0j, F_py: 0j
Free_energy = -24258.046874999924
------------------------------------------
[{'stable': {}, 'free': np.float64(-24258.046874999924)}]
------------------------------------------
  Seed: uu:px
  Seed uu: [ 9.84108379e-17+2.47500053e-31j -9.84108379e-17-2.49329687e-31j
  3.53588701e-35+6.61436565e-33j -1.05324294e-35+1.12666902e-32j], Seed dd: [0.+0.j 0.+0.j 0.+0.j 0.+0.j]
F_onsite: (7.740551209044801e-44-9.728671341390337e-35j)
F_swave: (-7.405949650431751e-44+9.728671343100225e-35j), F_dwave: (-3.346015586130497e-45-1.7098889285638157e-44j)
F_px: (1.1914186225411402e-50+0j), F_py: (1.6088793642495948e-43-3.148353255288349e-44j)
Free_energy = -24258.046874999924
------------------------------------------
[{'stable': {}, 'free': np.float64(-24258.046874999924)}]
------------------------------------------
  Seed: uu:px+py
  Seed uu: [ 1.05944186e-16+1.62452191e-31j -1.05944186e-16-1.51185501e-31j
  1.05944186e-16+1.65449419e-31j -1.05944186e-16-1.53075319e-31j], Seed dd: [0.+0.j 0.+0.j 0.+0.j 0.+0.j]
F_onsite: (-1.702709531581287e-52+1.4147257062188051e-37j)
F_swave: (1.2528584578557167e-52-1.3918726392510153e-37j), F_dwave: (4.176194859519056e-53+3.845059403351977e-40j)
F_px: (2.1370240490508314e-38+2.088097429759528e-53j), F_py: (8.254037921344552e-37+1.0336082277309663e-51j)
Free_energy = -24258.046874999924
------------------------------------------
[{'stable': {}, 'free': np.float64(-24258.046874999924)}]
------------------------------------------
  Seed: uu:px+ipy
  Seed uu: [ 1.06539594e-16+1.94880036e-32j -1.06539594e-16-4.17746242e-32j
 -1.56409586e-31+1.06539594e-16j  1.45672526e-31-1.06539594e-16j], Seed dd: [0.+0.j 0.+0.j 0.+0.j 0.+0.j]
F_onsite: (-3.194654618657433e-36-3.1613173849753424e-38j)
F_swave: (3.1664270504141406e-36+3.1219961793652123e-38j), F_dwave: (1.3612514234546867e-38+1.9589792773255455e-39j)
F_px: (1.5810409923684416e-36-9.807515655457278e-37j), F_py: (-9.825168991974028e-37+2.352121102699113e-36j)
Free_energy = -24258.046874999924
------------------------------------------
[{'stable': {}, 'free': np.float64(-24258.046874999924)}]
------------------------------------------
  Seed: dd:px
  Seed uu: [0.+0.j 0.+0.j 0.+0.j 0.+0.j], Seed dd: [ 9.84108379e-17+2.62744993e-31j -9.84108379e-17-2.51309784e-31j
 -1.45197062e-34+5.43533541e-32j -3.27257627e-35-3.44320163e-32j]
F_onsite: (-1.7608264875497064e-76+1.3496349975165592e-78j)
F_swave: (1.5204393646689793e-76-1.1572881653581818e-78j), F_dwave: (-2.3685209691259585e-77+1.7344659368486997e-79j)
F_px: (1.7640605469950847e-76-1.845075052050648e-73j), F_py: (-2.2507693705686173e-79-7.36364019794659e-91j)
Free_energy = -24258.046874999924
------------------------------------------
[{'stable': {}, 'free': np.float64(-24258.046874999924)}]
------------------------------------------
  Seed: dd:px+py
  Seed uu: [0.+0.j 0.+0.j 0.+0.j 0.+0.j], Seed dd: [ 1.05944186e-16+1.49777164e-31j -1.05944186e-16-1.42109556e-31j
  1.05944186e-16+1.30842866e-31j -1.05944186e-16-1.29386381e-31j]
F_onsite: (-2.544323513512299e-52-5.557377898545308e-57j)
F_swave: (2.4988341104104824e-52+5.396541499084193e-57j), F_dwave: (-3.473008873785788e-54-1.2623015913720556e-58j)
F_px: (1.7545866424742245e-57-1.0271553510623842e-52j), F_py: (3.6931269235898325e-58-1.402307388854408e-52j)
Free_energy = -24258.046874999924
------------------------------------------
[{'stable': {}, 'free': np.float64(-24258.046874999924)}]
------------------------------------------
  Seed: dd:px+ipy
  Seed uu: [0.+0.j 0.+0.j 0.+0.j 0.+0.j], Seed dd: [ 1.06539594e-16+5.84700294e-32j -1.06539594e-16-7.31733008e-32j
 -1.57529032e-31+1.06539594e-16j  1.49777164e-31-1.06539594e-16j]
F_onsite: (8.111939939943853e-53+6.751571797820935e-54j)
F_swave: (-7.929759927294396e-53-6.597153160797957e-54j), F_dwave: (-8.763072663917468e-55+1.680098353715501e-56j)
F_px: (-7.061875663345501e-55-1.6413140487744438e-53j), F_py: (3.423519007973068e-54+3.1384915716743086e-53j)
Free_energy = -24258.046874999927
------------------------------------------
[{'stable': {}, 'free': np.float64(-24258.046874999924)}]
------------------------------------------
  Seed: uu+dd:px
  Seed uu: [ 9.84108379e-17+2.56094516e-31j -9.84108379e-17-2.51713025e-31j
 -1.63628814e-33+3.45102572e-32j  5.63484972e-34-8.29955435e-33j], Seed dd: [ 9.85897658e-17-3.58088975e-20j -9.85897658e-17-9.41958123e-21j
 -1.11520581e-20+1.03265063e-19j  1.11537861e-20+7.09120312e-20j]
F_onsite: (-2.9018740268542005e-37-1.1207741575383528e-34j)
F_swave: (2.460189022158979e-37+1.100307751975667e-34j), F_dwave: (-3.436523430699195e-38-1.9622229546496477e-36j)
F_px: (-1.125025936748482e-36+2.0686817253666278e-37j), F_py: (-9.214705280720313e-38+4.776831850094274e-38j)
Free_energy = -24258.046874999927
------------------------------------------
[{'stable': {}, 'free': np.float64(-24258.046874999924)}]
------------------------------------------
  Seed: uu+dd:px+py
  Seed uu: [ 1.05944186e-16+1.36211395e-31j -1.05944186e-16-1.26136374e-31j
  1.05944186e-16+1.84455940e-31j -1.05944186e-16-1.77125370e-31j], Seed dd: [ 1.05885402e-16-3.38240626e-20j -1.05885408e-16-2.19792158e-20j
  1.06018162e-16-5.80039740e-21j -1.06018147e-16-1.09778264e-20j]
F_onsite: (1.0602719495540018e-36-4.4611752321601486e-35j)
F_swave: (-1.1254707121010198e-36+3.6187100744695085e-35j), F_dwave: (-4.2757363914683455e-37+5.658599284076437e-37j)
F_px: (-1.0850953724870285e-35+2.053998163104268e-36j), F_py: (-1.0000198691006914e-35-1.7485075573680958e-36j)
Free_energy = -24258.046874999927
------------------------------------------
[{'stable': {}, 'free': np.float64(-24258.046874999924)}]
------------------------------------------
  Seed: uu+dd:px+ipy
  Seed uu: [ 1.06539594e-16+6.17982771e-32j -1.06539594e-16-7.34080235e-32j
 -1.50421147e-31+1.06539594e-16j  1.42988261e-31-1.06539594e-16j], Seed dd: [ 1.06452007e-16+3.14885344e-21j -1.06598642e-16+1.12191906e-20j
  1.38795675e-20+1.06623010e-16j -1.77362788e-21-1.06544015e-16j]
F_onsite: (-2.2777951744220812e-36+8.251265617062388e-36j)
F_swave: (2.1274597770331985e-36-6.799060749024194e-36j), F_dwave: (3.91338188193429e-37+2.2670865787951217e-37j)
F_px: (1.4044082336789132e-36-1.881517824683796e-37j), F_py: (3.2383407419190122e-37+2.4795824735320375e-36j)
Free_energy = -24258.046874999924
------------------------------------------
[{'stable': {}, 'free': np.float64(-24258.046874999924)}]
------------------------------------------
====================================
mu=4.31, T=0.0176
====================================
  Seed: normal state
  Seed uu: [0.+0.j 0.+0.j 0.+0.j 0.+0.j], Seed dd: [0.+0.j 0.+0.j 0.+0.j 0.+0.j]
F_onsite: 0j
F_swave: 0j, F_dwave: 0j
F_px: 0j, F_py: 0j
Free_energy = -24258.046875005235
------------------------------------------
[{'stable': {}, 'free': np.float64(-24258.046875005235)}]
------------------------------------------
  Seed: uu:px
  Seed uu: [ 8.52945446e-19+2.13056000e-33j -8.52945446e-19-1.94398554e-33j
 -3.76158192e-37-9.93057628e-35j  3.76158192e-36-7.52316385e-35j], Seed dd: [0.+0.j 0.+0.j 0.+0.j 0.+0.j]
F_onsite: (-3.4471571573556244e-29-3.577824487086741e-29j)
F_swave: (3.4411123246856613e-29+3.8581934107318885e-29j), F_dwave: (6.044832669962931e-32+9.648349238214675e-32j)
F_px: (3.6508414595334436e-29+8.407790785948902e-44j), F_py: (4.2185364800147214e-29+2.884506765550902e-30j)
Free_energy = -24258.046875005235
------------------------------------------
[{'stable': {}, 'free': np.float64(-24258.046875005235)}]
------------------------------------------
  Seed: uu:px+py
  Seed uu: [ 6.09644272e-18+1.06828927e-32j -6.09644272e-18-1.15555797e-32j
  6.09644272e-18+1.05324294e-32j -6.09644272e-18-1.12817365e-32j], Seed dd: [0.+0.j 0.+0.j 0.+0.j 0.+0.j]
F_onsite: (1.5157583654557312e-33-5.368842899669004e-28j)
F_swave: (-1.4681380291470483e-33+5.354801387827177e-28j), F_dwave: (-1.401298464324817e-45+7.1961168924334335e-31j)
F_px: (9.664086443235782e-30-3.931384934740956e-33j), F_py: (4.459853314012234e-29+3.9313849347857975e-33j)
Free_energy = -24258.046875005235
------------------------------------------
[{'stable': {}, 'free': np.float64(-24258.046875005235)}]
------------------------------------------
  Seed: uu:px+ipy
  Seed uu: [ 3.16967352e-18+1.25335910e-33j -3.16967352e-18-4.49132882e-34j
 -4.88403797e-33+3.16967352e-18j  4.46875932e-33-3.16967352e-18j], Seed dd: [0.+0.j 0.+0.j 0.+0.j 0.+0.j]
F_onsite: (-8.545951714571543e-29-5.793968015547422e-29j)
F_swave: (8.44537304129624e-29+5.748116545879423e-29j), F_dwave: (4.620596142753815e-31-8.369346182887404e-31j)
F_px: (5.844614912499704e-30-4.159357682156263e-30j), F_py: (-2.8182535045396858e-30-1.6212732519971465e-29j)
Free_energy = -24258.046875005235
------------------------------------------
[{'stable': {}, 'free': np.float64(-24258.046875005235)}]
------------------------------------------
  Seed: dd:px
  Seed uu: [0.+0.j 0.+0.j 0.+0.j 0.+0.j], Seed dd: [ 8.52945446e-19+2.37130124e-33j -8.52945446e-19-1.99213379e-33j
 -7.52316385e-37-9.93057628e-35j  5.07813560e-36-7.52316385e-35j]
F_onsite: 0j
F_swave: 0j, F_dwave: 0j
F_px: 0j, F_py: 0j
Free_energy = -24258.046875005235
------------------------------------------
[{'stable': {}, 'free': np.float64(-24258.046875005235)}]
------------------------------------------
  Seed: dd:px+py
  Seed uu: [0.+0.j 0.+0.j 0.+0.j 0.+0.j], Seed dd: [ 6.09644272e-18+7.30047820e-33j -6.09644272e-18-7.79399774e-33j
  6.09644272e-18+1.03639105e-32j -6.09644272e-18-1.00178450e-32j]
F_onsite: 0j
F_swave: 0j, F_dwave: 0j
F_px: 0j, F_py: 0j
Free_energy = -24258.046875005235
------------------------------------------
[{'stable': {}, 'free': np.float64(-24258.046875005235)}]
------------------------------------------
  Seed: dd:px+ipy
  Seed uu: [0.+0.j 0.+0.j 0.+0.j 0.+0.j], Seed dd: [ 3.16967352e-18+1.85069831e-34j -3.16967352e-18+9.40395481e-34j
 -4.75463955e-33+3.16967352e-18j  4.37547209e-33-3.16967352e-18j]
F_onsite: 0j
F_swave: 0j, F_dwave: 0j
F_px: 0j, F_py: 0j
Free_energy = -24258.046875005235
------------------------------------------
[{'stable': {}, 'free': np.float64(-24258.046875005235)}]
------------------------------------------
  Seed: uu+dd:px
  Seed uu: [ 8.52945446e-19+2.22685650e-33j -8.52945446e-19-1.85370757e-33j
 -2.25694915e-36-8.42594351e-35j  3.57350283e-36-1.20370622e-35j], Seed dd: [ 8.45206998e-19-1.37803829e-20j -8.45213348e-19-1.31655095e-20j
 -4.37625259e-22-1.82272764e-20j  4.28990577e-22-1.83486662e-20j]
F_onsite: (-4.4392693783768185e-30-6.164632324635201e-28j)
F_swave: (4.4085304180880654e-30+6.178509342816877e-28j), F_dwave: (3.073896028874505e-32+1.5181862692463653e-30j)
F_px: (3.64815259472689e-29+4.484155085839415e-44j), F_py: (1.2766855869738156e-29-7.380476518591168e-31j)
Free_energy = -24258.046875005235
------------------------------------------
[{'stable': {}, 'free': np.float64(-24258.046875005235)}]
------------------------------------------
  Seed: uu+dd:px+py
  Seed uu: [ 6.09644272e-18+1.21153031e-32j -6.09644272e-18-9.03381515e-33j
  6.09644272e-18+1.12305790e-32j -6.09644272e-18-1.14803480e-32j], Seed dd: [ 6.08514995e-18+9.84141870e-21j -6.08514366e-18+1.23727967e-20j
  6.08548786e-18+1.96763015e-20j -6.08547621e-18+2.16967970e-20j]
F_onsite: (1.0761983587437328e-42-5.2118486768865585e-28j)
F_swave: (-1.0621842359582113e-42+5.201954517300778e-28j), F_dwave: (-2.802596928649634e-45-1.3220271011087134e-30j)
F_px: (8.652139176689997e-29+1.4136533638553876e-29j), F_py: (-2.4645211913928444e-30-1.4136533638553787e-29j)
Free_energy = -24258.046875005235
------------------------------------------
[{'stable': {}, 'free': np.float64(-24258.046875005235)}]
------------------------------------------
  Seed: uu+dd:px+ipy
  Seed uu: [ 3.16967352e-18+5.70255819e-34j -3.16967352e-18+4.70197740e-34j
 -4.58311141e-33+3.16967352e-18j  4.23704588e-33-3.16967352e-18j], Seed dd: [ 3.15837635e-18-8.30417375e-21j -3.17614064e-18-2.08414563e-20j
 -2.33860837e-21+3.16802385e-18j -1.19284248e-20-3.19242421e-18j]
F_onsite: (1.3434889980198474e-28+3.7154961534568866e-29j)
F_swave: (-1.3314529384678126e-28-3.687544194437353e-29j), F_dwave: (8.051993565935026e-33+8.03452585094245e-31j)
F_px: (9.896534287038354e-30+5.978821420606864e-30j), F_py: (7.311473757586857e-30+1.006587911220263e-28j)
Free_energy = -24258.046875005235
------------------------------------------
[{'stable': {}, 'free': np.float64(-24258.046875005235)}]
------------------------------------------
====================================
mu=4.31, T=0.0259
====================================
  Seed: normal state
  Seed uu: [0.+0.j 0.+0.j 0.+0.j 0.+0.j], Seed dd: [0.+0.j 0.+0.j 0.+0.j 0.+0.j]
F_onsite: 0j
F_swave: 0j, F_dwave: 0j
F_px: 0j, F_py: 0j
Free_energy = -24258.0468784143
------------------------------------------
[{'stable': {}, 'free': np.float64(-24258.0468784143)}]
------------------------------------------
  Seed: uu:px
  Seed uu: [0.+0.j 0.+0.j 0.+0.j 0.+0.j], Seed dd: [0.+0.j 0.+0.j 0.+0.j 0.+0.j]
F_onsite: 0j
F_swave: 0j, F_dwave: 0j
F_px: 0j, F_py: 0j
Free_energy = -24258.0468784143
------------------------------------------
[{'stable': {}, 'free': np.float64(-24258.0468784143)}]
------------------------------------------
  Seed: uu:px+py
  Seed uu: [0.+0.j 0.+0.j 0.+0.j 0.+0.j], Seed dd: [0.+0.j 0.+0.j 0.+0.j 0.+0.j]
F_onsite: 0j
F_swave: 0j, F_dwave: 0j
F_px: 0j, F_py: 0j
Free_energy = -24258.0468784143
------------------------------------------
[{'stable': {}, 'free': np.float64(-24258.0468784143)}]
------------------------------------------
  Seed: uu:px+ipy
  Seed uu: [0.+0.j 0.+0.j 0.+0.j 0.+0.j], Seed dd: [0.+0.j 0.+0.j 0.+0.j 0.+0.j]
F_onsite: 0j
F_swave: 0j, F_dwave: 0j
F_px: 0j, F_py: 0j
Free_energy = -24258.0468784143
------------------------------------------
[{'stable': {}, 'free': np.float64(-24258.0468784143)}]
------------------------------------------
  Seed: dd:px
  Seed uu: [0.+0.j 0.+0.j 0.+0.j 0.+0.j], Seed dd: [0.+0.j 0.+0.j 0.+0.j 0.+0.j]
F_onsite: 0j
F_swave: 0j, F_dwave: 0j
F_px: 0j, F_py: 0j
Free_energy = -24258.0468784143
------------------------------------------
[{'stable': {}, 'free': np.float64(-24258.0468784143)}]
------------------------------------------
  Seed: dd:px+py
  Seed uu: [0.+0.j 0.+0.j 0.+0.j 0.+0.j], Seed dd: [0.+0.j 0.+0.j 0.+0.j 0.+0.j]
F_onsite: 0j
F_swave: 0j, F_dwave: 0j
F_px: 0j, F_py: 0j
Free_energy = -24258.0468784143
------------------------------------------
[{'stable': {}, 'free': np.float64(-24258.0468784143)}]
------------------------------------------
  Seed: dd:px+ipy
  Seed uu: [0.+0.j 0.+0.j 0.+0.j 0.+0.j], Seed dd: [0.+0.j 0.+0.j 0.+0.j 0.+0.j]
F_onsite: 0j
F_swave: 0j, F_dwave: 0j
F_px: 0j, F_py: 0j
Free_energy = -24258.0468784143
------------------------------------------
[{'stable': {}, 'free': np.float64(-24258.0468784143)}]
------------------------------------------
  Seed: uu+dd:px
  Seed uu: [0.+0.j 0.+0.j 0.+0.j 0.+0.j], Seed dd: [0.+0.j 0.+0.j 0.+0.j 0.+0.j]
F_onsite: 0j
F_swave: 0j, F_dwave: 0j
F_px: 0j, F_py: 0j
Free_energy = -24258.0468784143
------------------------------------------
[{'stable': {}, 'free': np.float64(-24258.0468784143)}]
------------------------------------------
  Seed: uu+dd:px+py
  Seed uu: [0.+0.j 0.+0.j 0.+0.j 0.+0.j], Seed dd: [0.+0.j 0.+0.j 0.+0.j 0.+0.j]
F_onsite: 0j
F_swave: 0j, F_dwave: 0j
F_px: 0j, F_py: 0j
Free_energy = -24258.0468784143
------------------------------------------
[{'stable': {}, 'free': np.float64(-24258.0468784143)}]
------------------------------------------
  Seed: uu+dd:px+ipy
  Seed uu: [0.+0.j 0.+0.j 0.+0.j 0.+0.j], Seed dd: [0.+0.j 0.+0.j 0.+0.j 0.+0.j]
F_onsite: 0j
F_swave: 0j, F_dwave: 0j
F_px: 0j, F_py: 0j
Free_energy = -24258.0468784143
------------------------------------------
[{'stable': {}, 'free': np.float64(-24258.0468784143)}]
------------------------------------------
====================================
mu=4.31, T=0.0342
====================================
  Seed: normal state
  Seed uu: [0.+0.j 0.+0.j 0.+0.j 0.+0.j], Seed dd: [0.+0.j 0.+0.j 0.+0.j 0.+0.j]
F_onsite: 0j
F_swave: 0j, F_dwave: 0j
F_px: 0j, F_py: 0j
Free_energy = -24258.04698675624
------------------------------------------
[{'stable': {}, 'free': np.float64(-24258.04698675624)}]
------------------------------------------
  Seed: uu:px
  Seed uu: [0.+0.j 0.+0.j 0.+0.j 0.+0.j], Seed dd: [0.+0.j 0.+0.j 0.+0.j 0.+0.j]
F_onsite: 0j
F_swave: 0j, F_dwave: 0j
F_px: 0j, F_py: 0j
Free_energy = -24258.04698675624
------------------------------------------
[{'stable': {}, 'free': np.float64(-24258.04698675624)}]
------------------------------------------
  Seed: uu:px+py
  Seed uu: [0.+0.j 0.+0.j 0.+0.j 0.+0.j], Seed dd: [0.+0.j 0.+0.j 0.+0.j 0.+0.j]
F_onsite: 0j
F_swave: 0j, F_dwave: 0j
F_px: 0j, F_py: 0j
Free_energy = -24258.04698675624
------------------------------------------
[{'stable': {}, 'free': np.float64(-24258.04698675624)}]
------------------------------------------
  Seed: uu:px+ipy
  Seed uu: [0.+0.j 0.+0.j 0.+0.j 0.+0.j], Seed dd: [0.+0.j 0.+0.j 0.+0.j 0.+0.j]
F_onsite: 0j
F_swave: 0j, F_dwave: 0j
F_px: 0j, F_py: 0j
Free_energy = -24258.04698675624
------------------------------------------
[{'stable': {}, 'free': np.float64(-24258.04698675624)}]
------------------------------------------
  Seed: dd:px
  Seed uu: [0.+0.j 0.+0.j 0.+0.j 0.+0.j], Seed dd: [0.+0.j 0.+0.j 0.+0.j 0.+0.j]
F_onsite: 0j
F_swave: 0j, F_dwave: 0j
F_px: 0j, F_py: 0j
Free_energy = -24258.04698675624
------------------------------------------
[{'stable': {}, 'free': np.float64(-24258.04698675624)}]
------------------------------------------
  Seed: dd:px+py
  Seed uu: [0.+0.j 0.+0.j 0.+0.j 0.+0.j], Seed dd: [0.+0.j 0.+0.j 0.+0.j 0.+0.j]
F_onsite: 0j
F_swave: 0j, F_dwave: 0j
F_px: 0j, F_py: 0j
Free_energy = -24258.04698675624
------------------------------------------
[{'stable': {}, 'free': np.float64(-24258.04698675624)}]
------------------------------------------
  Seed: dd:px+ipy
  Seed uu: [0.+0.j 0.+0.j 0.+0.j 0.+0.j], Seed dd: [0.+0.j 0.+0.j 0.+0.j 0.+0.j]
F_onsite: 0j
F_swave: 0j, F_dwave: 0j
F_px: 0j, F_py: 0j
Free_energy = -24258.04698675624
------------------------------------------
[{'stable': {}, 'free': np.float64(-24258.04698675624)}]
------------------------------------------
  Seed: uu+dd:px
  Seed uu: [0.+0.j 0.+0.j 0.+0.j 0.+0.j], Seed dd: [0.+0.j 0.+0.j 0.+0.j 0.+0.j]
F_onsite: 0j
F_swave: 0j, F_dwave: 0j
F_px: 0j, F_py: 0j
Free_energy = -24258.04698675624
------------------------------------------
[{'stable': {}, 'free': np.float64(-24258.04698675624)}]
------------------------------------------
  Seed: uu+dd:px+py
  Seed uu: [0.+0.j 0.+0.j 0.+0.j 0.+0.j], Seed dd: [0.+0.j 0.+0.j 0.+0.j 0.+0.j]
F_onsite: 0j
F_swave: 0j, F_dwave: 0j
F_px: 0j, F_py: 0j
Free_energy = -24258.04698675624
------------------------------------------
[{'stable': {}, 'free': np.float64(-24258.04698675624)}]
------------------------------------------
  Seed: uu+dd:px+ipy
  Seed uu: [0.+0.j 0.+0.j 0.+0.j 0.+0.j], Seed dd: [0.+0.j 0.+0.j 0.+0.j 0.+0.j]
F_onsite: 0j
F_swave: 0j, F_dwave: 0j
F_px: 0j, F_py: 0j
Free_energy = -24258.04698675624
------------------------------------------
[{'stable': {}, 'free': np.float64(-24258.04698675624)}]
------------------------------------------
====================================
mu=4.31, T=0.0425
====================================
  Seed: normal state
  Seed uu: [0.+0.j 0.+0.j 0.+0.j 0.+0.j], Seed dd: [0.+0.j 0.+0.j 0.+0.j 0.+0.j]
F_onsite: 0j
F_swave: 0j, F_dwave: 0j
F_px: 0j, F_py: 0j
Free_energy = -24258.04790592694
------------------------------------------
[{'stable': {}, 'free': np.float64(-24258.04790592694)}]
------------------------------------------
  Seed: uu:px
  Seed uu: [0.+0.j 0.+0.j 0.+0.j 0.+0.j], Seed dd: [0.+0.j 0.+0.j 0.+0.j 0.+0.j]
F_onsite: 0j
F_swave: 0j, F_dwave: 0j
F_px: 0j, F_py: 0j
Free_energy = -24258.04790592694
------------------------------------------
[{'stable': {}, 'free': np.float64(-24258.04790592694)}]
------------------------------------------
  Seed: uu:px+py
  Seed uu: [0.+0.j 0.+0.j 0.+0.j 0.+0.j], Seed dd: [0.+0.j 0.+0.j 0.+0.j 0.+0.j]
F_onsite: 0j
F_swave: 0j, F_dwave: 0j
F_px: 0j, F_py: 0j
Free_energy = -24258.04790592694
------------------------------------------
[{'stable': {}, 'free': np.float64(-24258.04790592694)}]
------------------------------------------
  Seed: uu:px+ipy
  Seed uu: [0.+0.j 0.+0.j 0.+0.j 0.+0.j], Seed dd: [0.+0.j 0.+0.j 0.+0.j 0.+0.j]
F_onsite: 0j
F_swave: 0j, F_dwave: 0j
F_px: 0j, F_py: 0j
Free_energy = -24258.04790592694
------------------------------------------
[{'stable': {}, 'free': np.float64(-24258.04790592694)}]
------------------------------------------
  Seed: dd:px
  Seed uu: [0.+0.j 0.+0.j 0.+0.j 0.+0.j], Seed dd: [0.+0.j 0.+0.j 0.+0.j 0.+0.j]
F_onsite: 0j
F_swave: 0j, F_dwave: 0j
F_px: 0j, F_py: 0j
Free_energy = -24258.04790592694
------------------------------------------
[{'stable': {}, 'free': np.float64(-24258.04790592694)}]
------------------------------------------
  Seed: dd:px+py
  Seed uu: [0.+0.j 0.+0.j 0.+0.j 0.+0.j], Seed dd: [0.+0.j 0.+0.j 0.+0.j 0.+0.j]
F_onsite: 0j
F_swave: 0j, F_dwave: 0j
F_px: 0j, F_py: 0j
Free_energy = -24258.04790592694
------------------------------------------
[{'stable': {}, 'free': np.float64(-24258.04790592694)}]
------------------------------------------
  Seed: dd:px+ipy
  Seed uu: [0.+0.j 0.+0.j 0.+0.j 0.+0.j], Seed dd: [0.+0.j 0.+0.j 0.+0.j 0.+0.j]
F_onsite: 0j
F_swave: 0j, F_dwave: 0j
F_px: 0j, F_py: 0j
Free_energy = -24258.04790592694
------------------------------------------
[{'stable': {}, 'free': np.float64(-24258.04790592694)}]
------------------------------------------
  Seed: uu+dd:px
  Seed uu: [0.+0.j 0.+0.j 0.+0.j 0.+0.j], Seed dd: [0.+0.j 0.+0.j 0.+0.j 0.+0.j]
F_onsite: 0j
F_swave: 0j, F_dwave: 0j
F_px: 0j, F_py: 0j
Free_energy = -24258.04790592694
------------------------------------------
[{'stable': {}, 'free': np.float64(-24258.04790592694)}]
------------------------------------------
  Seed: uu+dd:px+py
  Seed uu: [0.+0.j 0.+0.j 0.+0.j 0.+0.j], Seed dd: [0.+0.j 0.+0.j 0.+0.j 0.+0.j]
F_onsite: 0j
F_swave: 0j, F_dwave: 0j
F_px: 0j, F_py: 0j
Free_energy = -24258.04790592694
------------------------------------------
[{'stable': {}, 'free': np.float64(-24258.04790592694)}]
------------------------------------------
  Seed: uu+dd:px+ipy
  Seed uu: [0.+0.j 0.+0.j 0.+0.j 0.+0.j], Seed dd: [0.+0.j 0.+0.j 0.+0.j 0.+0.j]
F_onsite: 0j
F_swave: 0j, F_dwave: 0j
F_px: 0j, F_py: 0j
Free_energy = -24258.04790592694
------------------------------------------
[{'stable': {}, 'free': np.float64(-24258.04790592694)}]
------------------------------------------
====================================
mu=4.31, T=0.0508
====================================
  Seed: normal state
  Seed uu: [0.+0.j 0.+0.j 0.+0.j 0.+0.j], Seed dd: [0.+0.j 0.+0.j 0.+0.j 0.+0.j]
F_onsite: 0j
F_swave: 0j, F_dwave: 0j
F_px: 0j, F_py: 0j
Free_energy = -24258.051781742397
------------------------------------------
[{'stable': {}, 'free': np.float64(-24258.051781742397)}]
------------------------------------------
  Seed: uu:px
  Seed uu: [0.+0.j 0.+0.j 0.+0.j 0.+0.j], Seed dd: [0.+0.j 0.+0.j 0.+0.j 0.+0.j]
F_onsite: 0j
F_swave: 0j, F_dwave: 0j
F_px: 0j, F_py: 0j
Free_energy = -24258.051781742397
------------------------------------------
[{'stable': {}, 'free': np.float64(-24258.051781742397)}]
------------------------------------------
  Seed: uu:px+py
  Seed uu: [0.+0.j 0.+0.j 0.+0.j 0.+0.j], Seed dd: [0.+0.j 0.+0.j 0.+0.j 0.+0.j]
F_onsite: 0j
F_swave: 0j, F_dwave: 0j
F_px: 0j, F_py: 0j
Free_energy = -24258.051781742397
------------------------------------------
[{'stable': {}, 'free': np.float64(-24258.051781742397)}]
------------------------------------------
  Seed: uu:px+ipy
  Seed uu: [0.+0.j 0.+0.j 0.+0.j 0.+0.j], Seed dd: [0.+0.j 0.+0.j 0.+0.j 0.+0.j]
F_onsite: 0j
F_swave: 0j, F_dwave: 0j
F_px: 0j, F_py: 0j
Free_energy = -24258.051781742397
------------------------------------------
[{'stable': {}, 'free': np.float64(-24258.051781742397)}]
------------------------------------------
  Seed: dd:px
  Seed uu: [0.+0.j 0.+0.j 0.+0.j 0.+0.j], Seed dd: [0.+0.j 0.+0.j 0.+0.j 0.+0.j]
F_onsite: 0j
F_swave: 0j, F_dwave: 0j
F_px: 0j, F_py: 0j
Free_energy = -24258.051781742397
------------------------------------------
[{'stable': {}, 'free': np.float64(-24258.051781742397)}]
------------------------------------------
  Seed: dd:px+py
  Seed uu: [0.+0.j 0.+0.j 0.+0.j 0.+0.j], Seed dd: [0.+0.j 0.+0.j 0.+0.j 0.+0.j]
F_onsite: 0j
F_swave: 0j, F_dwave: 0j
F_px: 0j, F_py: 0j
Free_energy = -24258.051781742397
------------------------------------------
[{'stable': {}, 'free': np.float64(-24258.051781742397)}]
------------------------------------------
  Seed: dd:px+ipy
  Seed uu: [0.+0.j 0.+0.j 0.+0.j 0.+0.j], Seed dd: [0.+0.j 0.+0.j 0.+0.j 0.+0.j]
F_onsite: 0j
F_swave: 0j, F_dwave: 0j
F_px: 0j, F_py: 0j
Free_energy = -24258.051781742397
------------------------------------------
[{'stable': {}, 'free': np.float64(-24258.051781742397)}]
------------------------------------------
  Seed: uu+dd:px
  Seed uu: [0.+0.j 0.+0.j 0.+0.j 0.+0.j], Seed dd: [0.+0.j 0.+0.j 0.+0.j 0.+0.j]
F_onsite: 0j
F_swave: 0j, F_dwave: 0j
F_px: 0j, F_py: 0j
Free_energy = -24258.051781742397
------------------------------------------
[{'stable': {}, 'free': np.float64(-24258.051781742397)}]
------------------------------------------
  Seed: uu+dd:px+py
  Seed uu: [0.+0.j 0.+0.j 0.+0.j 0.+0.j], Seed dd: [0.+0.j 0.+0.j 0.+0.j 0.+0.j]
F_onsite: 0j
F_swave: 0j, F_dwave: 0j
F_px: 0j, F_py: 0j
Free_energy = -24258.051781742397
------------------------------------------
[{'stable': {}, 'free': np.float64(-24258.051781742397)}]
------------------------------------------
  Seed: uu+dd:px+ipy
  Seed uu: [0.+0.j 0.+0.j 0.+0.j 0.+0.j], Seed dd: [0.+0.j 0.+0.j 0.+0.j 0.+0.j]
F_onsite: 0j
F_swave: 0j, F_dwave: 0j
F_px: 0j, F_py: 0j
Free_energy = -24258.051781742397
------------------------------------------
[{'stable': {}, 'free': np.float64(-24258.051781742397)}]
------------------------------------------
====================================
mu=4.31, T=0.0590
====================================
  Seed: normal state
  Seed uu: [0.+0.j 0.+0.j 0.+0.j 0.+0.j], Seed dd: [0.+0.j 0.+0.j 0.+0.j 0.+0.j]
F_onsite: 0j
F_swave: 0j, F_dwave: 0j
F_px: 0j, F_py: 0j
Free_energy = -24258.062651100518
------------------------------------------
[{'stable': {}, 'free': np.float64(-24258.062651100518)}]
------------------------------------------
  Seed: uu:px
  Seed uu: [0.+0.j 0.+0.j 0.+0.j 0.+0.j], Seed dd: [0.+0.j 0.+0.j 0.+0.j 0.+0.j]
F_onsite: 0j
F_swave: 0j, F_dwave: 0j
F_px: 0j, F_py: 0j
Free_energy = -24258.062651100518
------------------------------------------
[{'stable': {}, 'free': np.float64(-24258.062651100518)}]
------------------------------------------
  Seed: uu:px+py
  Seed uu: [0.+0.j 0.+0.j 0.+0.j 0.+0.j], Seed dd: [0.+0.j 0.+0.j 0.+0.j 0.+0.j]
F_onsite: 0j
F_swave: 0j, F_dwave: 0j
F_px: 0j, F_py: 0j
Free_energy = -24258.062651100518
------------------------------------------
[{'stable': {}, 'free': np.float64(-24258.062651100518)}]
------------------------------------------
  Seed: uu:px+ipy
  Seed uu: [0.+0.j 0.+0.j 0.+0.j 0.+0.j], Seed dd: [0.+0.j 0.+0.j 0.+0.j 0.+0.j]
F_onsite: 0j
F_swave: 0j, F_dwave: 0j
F_px: 0j, F_py: 0j
Free_energy = -24258.062651100518
------------------------------------------
[{'stable': {}, 'free': np.float64(-24258.062651100518)}]
------------------------------------------
  Seed: dd:px
  Seed uu: [0.+0.j 0.+0.j 0.+0.j 0.+0.j], Seed dd: [0.+0.j 0.+0.j 0.+0.j 0.+0.j]
F_onsite: 0j
F_swave: 0j, F_dwave: 0j
F_px: 0j, F_py: 0j
Free_energy = -24258.062651100518
------------------------------------------
[{'stable': {}, 'free': np.float64(-24258.062651100518)}]
------------------------------------------
  Seed: dd:px+py
  Seed uu: [0.+0.j 0.+0.j 0.+0.j 0.+0.j], Seed dd: [0.+0.j 0.+0.j 0.+0.j 0.+0.j]
F_onsite: 0j
F_swave: 0j, F_dwave: 0j
F_px: 0j, F_py: 0j
Free_energy = -24258.062651100518
------------------------------------------
[{'stable': {}, 'free': np.float64(-24258.062651100518)}]
------------------------------------------
  Seed: dd:px+ipy
  Seed uu: [0.+0.j 0.+0.j 0.+0.j 0.+0.j], Seed dd: [0.+0.j 0.+0.j 0.+0.j 0.+0.j]
F_onsite: 0j
F_swave: 0j, F_dwave: 0j
F_px: 0j, F_py: 0j
Free_energy = -24258.062651100518
------------------------------------------
[{'stable': {}, 'free': np.float64(-24258.062651100518)}]
------------------------------------------
  Seed: uu+dd:px
  Seed uu: [0.+0.j 0.+0.j 0.+0.j 0.+0.j], Seed dd: [0.+0.j 0.+0.j 0.+0.j 0.+0.j]
F_onsite: 0j
F_swave: 0j, F_dwave: 0j
F_px: 0j, F_py: 0j
Free_energy = -24258.062651100518
------------------------------------------
[{'stable': {}, 'free': np.float64(-24258.062651100518)}]
------------------------------------------
  Seed: uu+dd:px+py
  Seed uu: [0.+0.j 0.+0.j 0.+0.j 0.+0.j], Seed dd: [0.+0.j 0.+0.j 0.+0.j 0.+0.j]
F_onsite: 0j
F_swave: 0j, F_dwave: 0j
F_px: 0j, F_py: 0j
Free_energy = -24258.062651100518
------------------------------------------
[{'stable': {}, 'free': np.float64(-24258.062651100518)}]
------------------------------------------
  Seed: uu+dd:px+ipy
  Seed uu: [0.+0.j 0.+0.j 0.+0.j 0.+0.j], Seed dd: [0.+0.j 0.+0.j 0.+0.j 0.+0.j]
F_onsite: 0j
F_swave: 0j, F_dwave: 0j
F_px: 0j, F_py: 0j
Free_energy = -24258.062651100518
------------------------------------------
[{'stable': {}, 'free': np.float64(-24258.062651100518)}]
------------------------------------------
====================================
mu=4.31, T=0.0673
====================================
  Seed: normal state
  Seed uu: [0.+0.j 0.+0.j 0.+0.j 0.+0.j], Seed dd: [0.+0.j 0.+0.j 0.+0.j 0.+0.j]
F_onsite: 0j
F_swave: 0j, F_dwave: 0j
F_px: 0j, F_py: 0j
Free_energy = -24258.086249476873
------------------------------------------
[{'stable': {}, 'free': np.float64(-24258.086249476873)}]
------------------------------------------
  Seed: uu:px
  Seed uu: [0.+0.j 0.+0.j 0.+0.j 0.+0.j], Seed dd: [0.+0.j 0.+0.j 0.+0.j 0.+0.j]
F_onsite: 0j
F_swave: 0j, F_dwave: 0j
F_px: 0j, F_py: 0j
Free_energy = -24258.086249476873
------------------------------------------
[{'stable': {}, 'free': np.float64(-24258.086249476873)}]
------------------------------------------
  Seed: uu:px+py
  Seed uu: [0.+0.j 0.+0.j 0.+0.j 0.+0.j], Seed dd: [0.+0.j 0.+0.j 0.+0.j 0.+0.j]
F_onsite: 0j
F_swave: 0j, F_dwave: 0j
F_px: 0j, F_py: 0j
Free_energy = -24258.086249476873
------------------------------------------
[{'stable': {}, 'free': np.float64(-24258.086249476873)}]
------------------------------------------
  Seed: uu:px+ipy
  Seed uu: [0.+0.j 0.+0.j 0.+0.j 0.+0.j], Seed dd: [0.+0.j 0.+0.j 0.+0.j 0.+0.j]
F_onsite: 0j
F_swave: 0j, F_dwave: 0j
F_px: 0j, F_py: 0j
Free_energy = -24258.086249476873
------------------------------------------
[{'stable': {}, 'free': np.float64(-24258.086249476873)}]
------------------------------------------
  Seed: dd:px
  Seed uu: [0.+0.j 0.+0.j 0.+0.j 0.+0.j], Seed dd: [0.+0.j 0.+0.j 0.+0.j 0.+0.j]
F_onsite: 0j
F_swave: 0j, F_dwave: 0j
F_px: 0j, F_py: 0j
Free_energy = -24258.086249476873
------------------------------------------
[{'stable': {}, 'free': np.float64(-24258.086249476873)}]
------------------------------------------
  Seed: dd:px+py
  Seed uu: [0.+0.j 0.+0.j 0.+0.j 0.+0.j], Seed dd: [0.+0.j 0.+0.j 0.+0.j 0.+0.j]
F_onsite: 0j
F_swave: 0j, F_dwave: 0j
F_px: 0j, F_py: 0j
Free_energy = -24258.086249476873
------------------------------------------
[{'stable': {}, 'free': np.float64(-24258.086249476873)}]
------------------------------------------
  Seed: dd:px+ipy
  Seed uu: [0.+0.j 0.+0.j 0.+0.j 0.+0.j], Seed dd: [0.+0.j 0.+0.j 0.+0.j 0.+0.j]
F_onsite: 0j
F_swave: 0j, F_dwave: 0j
F_px: 0j, F_py: 0j
Free_energy = -24258.086249476873
------------------------------------------
[{'stable': {}, 'free': np.float64(-24258.086249476873)}]
------------------------------------------
  Seed: uu+dd:px
  Seed uu: [0.+0.j 0.+0.j 0.+0.j 0.+0.j], Seed dd: [0.+0.j 0.+0.j 0.+0.j 0.+0.j]
F_onsite: 0j
F_swave: 0j, F_dwave: 0j
F_px: 0j, F_py: 0j
Free_energy = -24258.086249476873
------------------------------------------
[{'stable': {}, 'free': np.float64(-24258.086249476873)}]
------------------------------------------
  Seed: uu+dd:px+py
  Seed uu: [0.+0.j 0.+0.j 0.+0.j 0.+0.j], Seed dd: [0.+0.j 0.+0.j 0.+0.j 0.+0.j]
F_onsite: 0j
F_swave: 0j, F_dwave: 0j
F_px: 0j, F_py: 0j
Free_energy = -24258.086249476873
------------------------------------------
[{'stable': {}, 'free': np.float64(-24258.086249476873)}]
------------------------------------------
  Seed: uu+dd:px+ipy
  Seed uu: [0.+0.j 0.+0.j 0.+0.j 0.+0.j], Seed dd: [0.+0.j 0.+0.j 0.+0.j 0.+0.j]
F_onsite: 0j
F_swave: 0j, F_dwave: 0j
F_px: 0j, F_py: 0j
Free_energy = -24258.086249476873
------------------------------------------
[{'stable': {}, 'free': np.float64(-24258.086249476873)}]
------------------------------------------
====================================
mu=4.31, T=0.0756
====================================
  Seed: normal state
  Seed uu: [0.+0.j 0.+0.j 0.+0.j 0.+0.j], Seed dd: [0.+0.j 0.+0.j 0.+0.j 0.+0.j]
F_onsite: 0j
F_swave: 0j, F_dwave: 0j
F_px: 0j, F_py: 0j
Free_energy = -24258.129458084917
------------------------------------------
[{'stable': {}, 'free': np.float64(-24258.129458084917)}]
------------------------------------------
  Seed: uu:px
  Seed uu: [0.+0.j 0.+0.j 0.+0.j 0.+0.j], Seed dd: [0.+0.j 0.+0.j 0.+0.j 0.+0.j]
F_onsite: 0j
F_swave: 0j, F_dwave: 0j
F_px: 0j, F_py: 0j
Free_energy = -24258.129458084917
------------------------------------------
[{'stable': {}, 'free': np.float64(-24258.129458084917)}]
------------------------------------------
  Seed: uu:px+py
  Seed uu: [0.+0.j 0.+0.j 0.+0.j 0.+0.j], Seed dd: [0.+0.j 0.+0.j 0.+0.j 0.+0.j]
F_onsite: 0j
F_swave: 0j, F_dwave: 0j
F_px: 0j, F_py: 0j
Free_energy = -24258.129458084917
------------------------------------------
[{'stable': {}, 'free': np.float64(-24258.129458084917)}]
------------------------------------------
  Seed: uu:px+ipy
  Seed uu: [0.+0.j 0.+0.j 0.+0.j 0.+0.j], Seed dd: [0.+0.j 0.+0.j 0.+0.j 0.+0.j]
F_onsite: 0j
F_swave: 0j, F_dwave: 0j
F_px: 0j, F_py: 0j
Free_energy = -24258.129458084917
------------------------------------------
[{'stable': {}, 'free': np.float64(-24258.129458084917)}]
------------------------------------------
  Seed: dd:px
  Seed uu: [0.+0.j 0.+0.j 0.+0.j 0.+0.j], Seed dd: [0.+0.j 0.+0.j 0.+0.j 0.+0.j]
F_onsite: 0j
F_swave: 0j, F_dwave: 0j
F_px: 0j, F_py: 0j
Free_energy = -24258.129458084917
------------------------------------------
[{'stable': {}, 'free': np.float64(-24258.129458084917)}]
------------------------------------------
  Seed: dd:px+py
  Seed uu: [0.+0.j 0.+0.j 0.+0.j 0.+0.j], Seed dd: [0.+0.j 0.+0.j 0.+0.j 0.+0.j]
F_onsite: 0j
F_swave: 0j, F_dwave: 0j
F_px: 0j, F_py: 0j
Free_energy = -24258.129458084917
------------------------------------------
[{'stable': {}, 'free': np.float64(-24258.129458084917)}]
------------------------------------------
  Seed: dd:px+ipy
  Seed uu: [0.+0.j 0.+0.j 0.+0.j 0.+0.j], Seed dd: [0.+0.j 0.+0.j 0.+0.j 0.+0.j]
F_onsite: 0j
F_swave: 0j, F_dwave: 0j
F_px: 0j, F_py: 0j
Free_energy = -24258.129458084917
------------------------------------------
[{'stable': {}, 'free': np.float64(-24258.129458084917)}]
------------------------------------------
  Seed: uu+dd:px
  Seed uu: [0.+0.j 0.+0.j 0.+0.j 0.+0.j], Seed dd: [0.+0.j 0.+0.j 0.+0.j 0.+0.j]
F_onsite: 0j
F_swave: 0j, F_dwave: 0j
F_px: 0j, F_py: 0j
Free_energy = -24258.129458084917
------------------------------------------
[{'stable': {}, 'free': np.float64(-24258.129458084917)}]
------------------------------------------
  Seed: uu+dd:px+py
  Seed uu: [0.+0.j 0.+0.j 0.+0.j 0.+0.j], Seed dd: [0.+0.j 0.+0.j 0.+0.j 0.+0.j]
F_onsite: 0j
F_swave: 0j, F_dwave: 0j
F_px: 0j, F_py: 0j
Free_energy = -24258.129458084917
------------------------------------------
[{'stable': {}, 'free': np.float64(-24258.129458084917)}]
------------------------------------------
  Seed: uu+dd:px+ipy
  Seed uu: [0.+0.j 0.+0.j 0.+0.j 0.+0.j], Seed dd: [0.+0.j 0.+0.j 0.+0.j 0.+0.j]
F_onsite: 0j
F_swave: 0j, F_dwave: 0j
F_px: 0j, F_py: 0j
Free_energy = -24258.129458084917
------------------------------------------
[{'stable': {}, 'free': np.float64(-24258.129458084917)}]
------------------------------------------
====================================
mu=4.31, T=0.0839
====================================
  Seed: normal state
  Seed uu: [0.+0.j 0.+0.j 0.+0.j 0.+0.j], Seed dd: [0.+0.j 0.+0.j 0.+0.j 0.+0.j]
F_onsite: 0j
F_swave: 0j, F_dwave: 0j
F_px: 0j, F_py: 0j
Free_energy = -24258.199705562696
------------------------------------------
[{'stable': {}, 'free': np.float64(-24258.199705562696)}]
------------------------------------------
  Seed: uu:px
  Seed uu: [0.+0.j 0.+0.j 0.+0.j 0.+0.j], Seed dd: [0.+0.j 0.+0.j 0.+0.j 0.+0.j]
F_onsite: 0j
F_swave: 0j, F_dwave: 0j
F_px: 0j, F_py: 0j
Free_energy = -24258.199705562696
------------------------------------------
[{'stable': {}, 'free': np.float64(-24258.199705562696)}]
------------------------------------------
  Seed: uu:px+py
  Seed uu: [0.+0.j 0.+0.j 0.+0.j 0.+0.j], Seed dd: [0.+0.j 0.+0.j 0.+0.j 0.+0.j]
F_onsite: 0j
F_swave: 0j, F_dwave: 0j
F_px: 0j, F_py: 0j
Free_energy = -24258.199705562696
------------------------------------------
[{'stable': {}, 'free': np.float64(-24258.199705562696)}]
------------------------------------------
  Seed: uu:px+ipy
  Seed uu: [0.+0.j 0.+0.j 0.+0.j 0.+0.j], Seed dd: [0.+0.j 0.+0.j 0.+0.j 0.+0.j]
F_onsite: 0j
F_swave: 0j, F_dwave: 0j
F_px: 0j, F_py: 0j
Free_energy = -24258.199705562696
------------------------------------------
[{'stable': {}, 'free': np.float64(-24258.199705562696)}]
------------------------------------------
  Seed: dd:px
  Seed uu: [0.+0.j 0.+0.j 0.+0.j 0.+0.j], Seed dd: [0.+0.j 0.+0.j 0.+0.j 0.+0.j]
F_onsite: 0j
F_swave: 0j, F_dwave: 0j
F_px: 0j, F_py: 0j
Free_energy = -24258.199705562696
------------------------------------------
[{'stable': {}, 'free': np.float64(-24258.199705562696)}]
------------------------------------------
  Seed: dd:px+py
  Seed uu: [0.+0.j 0.+0.j 0.+0.j 0.+0.j], Seed dd: [0.+0.j 0.+0.j 0.+0.j 0.+0.j]
F_onsite: 0j
F_swave: 0j, F_dwave: 0j
F_px: 0j, F_py: 0j
Free_energy = -24258.199705562696
------------------------------------------
[{'stable': {}, 'free': np.float64(-24258.199705562696)}]
------------------------------------------
  Seed: dd:px+ipy
  Seed uu: [0.+0.j 0.+0.j 0.+0.j 0.+0.j], Seed dd: [0.+0.j 0.+0.j 0.+0.j 0.+0.j]
F_onsite: 0j
F_swave: 0j, F_dwave: 0j
F_px: 0j, F_py: 0j
Free_energy = -24258.199705562696
------------------------------------------
[{'stable': {}, 'free': np.float64(-24258.199705562696)}]
------------------------------------------
  Seed: uu+dd:px
  Seed uu: [0.+0.j 0.+0.j 0.+0.j 0.+0.j], Seed dd: [0.+0.j 0.+0.j 0.+0.j 0.+0.j]
F_onsite: 0j
F_swave: 0j, F_dwave: 0j
F_px: 0j, F_py: 0j
Free_energy = -24258.199705562696
------------------------------------------
[{'stable': {}, 'free': np.float64(-24258.199705562696)}]
------------------------------------------
  Seed: uu+dd:px+py
  Seed uu: [0.+0.j 0.+0.j 0.+0.j 0.+0.j], Seed dd: [0.+0.j 0.+0.j 0.+0.j 0.+0.j]
F_onsite: 0j
F_swave: 0j, F_dwave: 0j
F_px: 0j, F_py: 0j
Free_energy = -24258.199705562696
------------------------------------------
[{'stable': {}, 'free': np.float64(-24258.199705562696)}]
------------------------------------------
  Seed: uu+dd:px+ipy
  Seed uu: [0.+0.j 0.+0.j 0.+0.j 0.+0.j], Seed dd: [0.+0.j 0.+0.j 0.+0.j 0.+0.j]
F_onsite: 0j
F_swave: 0j, F_dwave: 0j
F_px: 0j, F_py: 0j
Free_energy = -24258.199705562696
------------------------------------------
[{'stable': {}, 'free': np.float64(-24258.199705562696)}]
------------------------------------------
====================================
mu=4.31, T=0.0922
====================================
  Seed: normal state
  Seed uu: [0.+0.j 0.+0.j 0.+0.j 0.+0.j], Seed dd: [0.+0.j 0.+0.j 0.+0.j 0.+0.j]
F_onsite: 0j
F_swave: 0j, F_dwave: 0j
F_px: 0j, F_py: 0j
Free_energy = -24258.304483674227
------------------------------------------
[{'stable': {}, 'free': np.float64(-24258.304483674227)}]
------------------------------------------
  Seed: uu:px
  Seed uu: [0.+0.j 0.+0.j 0.+0.j 0.+0.j], Seed dd: [0.+0.j 0.+0.j 0.+0.j 0.+0.j]
F_onsite: 0j
F_swave: 0j, F_dwave: 0j
F_px: 0j, F_py: 0j
Free_energy = -24258.304483674227
------------------------------------------
[{'stable': {}, 'free': np.float64(-24258.304483674227)}]
------------------------------------------
  Seed: uu:px+py
  Seed uu: [0.+0.j 0.+0.j 0.+0.j 0.+0.j], Seed dd: [0.+0.j 0.+0.j 0.+0.j 0.+0.j]
F_onsite: 0j
F_swave: 0j, F_dwave: 0j
F_px: 0j, F_py: 0j
Free_energy = -24258.304483674227
------------------------------------------
[{'stable': {}, 'free': np.float64(-24258.304483674227)}]
------------------------------------------
  Seed: uu:px+ipy
  Seed uu: [0.+0.j 0.+0.j 0.+0.j 0.+0.j], Seed dd: [0.+0.j 0.+0.j 0.+0.j 0.+0.j]
F_onsite: 0j
F_swave: 0j, F_dwave: 0j
F_px: 0j, F_py: 0j
Free_energy = -24258.304483674227
------------------------------------------
[{'stable': {}, 'free': np.float64(-24258.304483674227)}]
------------------------------------------
  Seed: dd:px
  Seed uu: [0.+0.j 0.+0.j 0.+0.j 0.+0.j], Seed dd: [0.+0.j 0.+0.j 0.+0.j 0.+0.j]
F_onsite: 0j
F_swave: 0j, F_dwave: 0j
F_px: 0j, F_py: 0j
Free_energy = -24258.304483674227
------------------------------------------
[{'stable': {}, 'free': np.float64(-24258.304483674227)}]
------------------------------------------
  Seed: dd:px+py
  Seed uu: [0.+0.j 0.+0.j 0.+0.j 0.+0.j], Seed dd: [0.+0.j 0.+0.j 0.+0.j 0.+0.j]
F_onsite: 0j
F_swave: 0j, F_dwave: 0j
F_px: 0j, F_py: 0j
Free_energy = -24258.304483674227
------------------------------------------
[{'stable': {}, 'free': np.float64(-24258.304483674227)}]
------------------------------------------
  Seed: dd:px+ipy
  Seed uu: [0.+0.j 0.+0.j 0.+0.j 0.+0.j], Seed dd: [0.+0.j 0.+0.j 0.+0.j 0.+0.j]
F_onsite: 0j
F_swave: 0j, F_dwave: 0j
F_px: 0j, F_py: 0j
Free_energy = -24258.304483674227
------------------------------------------
[{'stable': {}, 'free': np.float64(-24258.304483674227)}]
------------------------------------------
  Seed: uu+dd:px
  Seed uu: [0.+0.j 0.+0.j 0.+0.j 0.+0.j], Seed dd: [0.+0.j 0.+0.j 0.+0.j 0.+0.j]
F_onsite: 0j
F_swave: 0j, F_dwave: 0j
F_px: 0j, F_py: 0j
Free_energy = -24258.304483674227
------------------------------------------
[{'stable': {}, 'free': np.float64(-24258.304483674227)}]
------------------------------------------
  Seed: uu+dd:px+py
  Seed uu: [0.+0.j 0.+0.j 0.+0.j 0.+0.j], Seed dd: [0.+0.j 0.+0.j 0.+0.j 0.+0.j]
F_onsite: 0j
F_swave: 0j, F_dwave: 0j
F_px: 0j, F_py: 0j
Free_energy = -24258.304483674227
------------------------------------------
[{'stable': {}, 'free': np.float64(-24258.304483674227)}]
------------------------------------------
  Seed: uu+dd:px+ipy
  Seed uu: [0.+0.j 0.+0.j 0.+0.j 0.+0.j], Seed dd: [0.+0.j 0.+0.j 0.+0.j 0.+0.j]
F_onsite: 0j
F_swave: 0j, F_dwave: 0j
F_px: 0j, F_py: 0j
Free_energy = -24258.304483674227
------------------------------------------
[{'stable': {}, 'free': np.float64(-24258.304483674227)}]
------------------------------------------
====================================
mu=4.31, T=0.1005
====================================
  Seed: normal state
  Seed uu: [0.+0.j 0.+0.j 0.+0.j 0.+0.j], Seed dd: [0.+0.j 0.+0.j 0.+0.j 0.+0.j]
F_onsite: 0j
F_swave: 0j, F_dwave: 0j
F_px: 0j, F_py: 0j
Free_energy = -24258.451015825416
------------------------------------------
[{'stable': {}, 'free': np.float64(-24258.451015825416)}]
------------------------------------------
  Seed: uu:px
  Seed uu: [0.+0.j 0.+0.j 0.+0.j 0.+0.j], Seed dd: [0.+0.j 0.+0.j 0.+0.j 0.+0.j]
F_onsite: 0j
F_swave: 0j, F_dwave: 0j
F_px: 0j, F_py: 0j
Free_energy = -24258.451015825416
------------------------------------------
[{'stable': {}, 'free': np.float64(-24258.451015825416)}]
------------------------------------------
  Seed: uu:px+py
  Seed uu: [0.+0.j 0.+0.j 0.+0.j 0.+0.j], Seed dd: [0.+0.j 0.+0.j 0.+0.j 0.+0.j]
F_onsite: 0j
F_swave: 0j, F_dwave: 0j
F_px: 0j, F_py: 0j
Free_energy = -24258.451015825416
------------------------------------------
[{'stable': {}, 'free': np.float64(-24258.451015825416)}]
------------------------------------------
  Seed: uu:px+ipy
  Seed uu: [0.+0.j 0.+0.j 0.+0.j 0.+0.j], Seed dd: [0.+0.j 0.+0.j 0.+0.j 0.+0.j]
F_onsite: 0j
F_swave: 0j, F_dwave: 0j
F_px: 0j, F_py: 0j
Free_energy = -24258.451015825416
------------------------------------------
[{'stable': {}, 'free': np.float64(-24258.451015825416)}]
------------------------------------------
  Seed: dd:px
  Seed uu: [0.+0.j 0.+0.j 0.+0.j 0.+0.j], Seed dd: [0.+0.j 0.+0.j 0.+0.j 0.+0.j]
F_onsite: 0j
F_swave: 0j, F_dwave: 0j
F_px: 0j, F_py: 0j
Free_energy = -24258.451015825416
------------------------------------------
[{'stable': {}, 'free': np.float64(-24258.451015825416)}]
------------------------------------------
  Seed: dd:px+py
  Seed uu: [0.+0.j 0.+0.j 0.+0.j 0.+0.j], Seed dd: [0.+0.j 0.+0.j 0.+0.j 0.+0.j]
F_onsite: 0j
F_swave: 0j, F_dwave: 0j
F_px: 0j, F_py: 0j
Free_energy = -24258.451015825416
------------------------------------------
[{'stable': {}, 'free': np.float64(-24258.451015825416)}]
------------------------------------------
  Seed: dd:px+ipy
  Seed uu: [0.+0.j 0.+0.j 0.+0.j 0.+0.j], Seed dd: [0.+0.j 0.+0.j 0.+0.j 0.+0.j]
F_onsite: 0j
F_swave: 0j, F_dwave: 0j
F_px: 0j, F_py: 0j
Free_energy = -24258.451015825416
------------------------------------------
[{'stable': {}, 'free': np.float64(-24258.451015825416)}]
------------------------------------------
  Seed: uu+dd:px
  Seed uu: [0.+0.j 0.+0.j 0.+0.j 0.+0.j], Seed dd: [0.+0.j 0.+0.j 0.+0.j 0.+0.j]
F_onsite: 0j
F_swave: 0j, F_dwave: 0j
F_px: 0j, F_py: 0j
Free_energy = -24258.451015825416
------------------------------------------
[{'stable': {}, 'free': np.float64(-24258.451015825416)}]
------------------------------------------
  Seed: uu+dd:px+py
  Seed uu: [0.+0.j 0.+0.j 0.+0.j 0.+0.j], Seed dd: [0.+0.j 0.+0.j 0.+0.j 0.+0.j]
F_onsite: 0j
F_swave: 0j, F_dwave: 0j
F_px: 0j, F_py: 0j
Free_energy = -24258.451015825416
------------------------------------------
[{'stable': {}, 'free': np.float64(-24258.451015825416)}]
------------------------------------------
  Seed: uu+dd:px+ipy
  Seed uu: [0.+0.j 0.+0.j 0.+0.j 0.+0.j], Seed dd: [0.+0.j 0.+0.j 0.+0.j 0.+0.j]
F_onsite: 0j
F_swave: 0j, F_dwave: 0j
F_px: 0j, F_py: 0j
Free_energy = -24258.451015825416
------------------------------------------
[{'stable': {}, 'free': np.float64(-24258.451015825416)}]
------------------------------------------
====================================
mu=4.31, T=0.1088
====================================
  Seed: normal state
  Seed uu: [0.+0.j 0.+0.j 0.+0.j 0.+0.j], Seed dd: [0.+0.j 0.+0.j 0.+0.j 0.+0.j]
F_onsite: 0j
F_swave: 0j, F_dwave: 0j
F_px: 0j, F_py: 0j
Free_energy = -24258.646060620882
------------------------------------------
[{'stable': {}, 'free': np.float64(-24258.646060620882)}]
------------------------------------------
  Seed: uu:px
  Seed uu: [0.+0.j 0.+0.j 0.+0.j 0.+0.j], Seed dd: [0.+0.j 0.+0.j 0.+0.j 0.+0.j]
F_onsite: 0j
F_swave: 0j, F_dwave: 0j
F_px: 0j, F_py: 0j
Free_energy = -24258.646060620882
------------------------------------------
[{'stable': {}, 'free': np.float64(-24258.646060620882)}]
------------------------------------------
  Seed: uu:px+py
  Seed uu: [0.+0.j 0.+0.j 0.+0.j 0.+0.j], Seed dd: [0.+0.j 0.+0.j 0.+0.j 0.+0.j]
F_onsite: 0j
F_swave: 0j, F_dwave: 0j
F_px: 0j, F_py: 0j
Free_energy = -24258.646060620882
------------------------------------------
[{'stable': {}, 'free': np.float64(-24258.646060620882)}]
------------------------------------------
  Seed: uu:px+ipy
  Seed uu: [0.+0.j 0.+0.j 0.+0.j 0.+0.j], Seed dd: [0.+0.j 0.+0.j 0.+0.j 0.+0.j]
F_onsite: 0j
F_swave: 0j, F_dwave: 0j
F_px: 0j, F_py: 0j
Free_energy = -24258.646060620882
------------------------------------------
[{'stable': {}, 'free': np.float64(-24258.646060620882)}]
------------------------------------------
  Seed: dd:px
  Seed uu: [0.+0.j 0.+0.j 0.+0.j 0.+0.j], Seed dd: [0.+0.j 0.+0.j 0.+0.j 0.+0.j]
F_onsite: 0j
F_swave: 0j, F_dwave: 0j
F_px: 0j, F_py: 0j
Free_energy = -24258.646060620882
------------------------------------------
[{'stable': {}, 'free': np.float64(-24258.646060620882)}]
------------------------------------------
  Seed: dd:px+py
  Seed uu: [0.+0.j 0.+0.j 0.+0.j 0.+0.j], Seed dd: [0.+0.j 0.+0.j 0.+0.j 0.+0.j]
F_onsite: 0j
F_swave: 0j, F_dwave: 0j
F_px: 0j, F_py: 0j
Free_energy = -24258.646060620882
------------------------------------------
[{'stable': {}, 'free': np.float64(-24258.646060620882)}]
------------------------------------------
  Seed: dd:px+ipy
  Seed uu: [0.+0.j 0.+0.j 0.+0.j 0.+0.j], Seed dd: [0.+0.j 0.+0.j 0.+0.j 0.+0.j]
F_onsite: 0j
F_swave: 0j, F_dwave: 0j
F_px: 0j, F_py: 0j
Free_energy = -24258.646060620882
------------------------------------------
[{'stable': {}, 'free': np.float64(-24258.646060620882)}]
------------------------------------------
  Seed: uu+dd:px
  Seed uu: [0.+0.j 0.+0.j 0.+0.j 0.+0.j], Seed dd: [0.+0.j 0.+0.j 0.+0.j 0.+0.j]
F_onsite: 0j
F_swave: 0j, F_dwave: 0j
F_px: 0j, F_py: 0j
Free_energy = -24258.646060620882
------------------------------------------
[{'stable': {}, 'free': np.float64(-24258.646060620882)}]
------------------------------------------
  Seed: uu+dd:px+py
  Seed uu: [0.+0.j 0.+0.j 0.+0.j 0.+0.j], Seed dd: [0.+0.j 0.+0.j 0.+0.j 0.+0.j]
F_onsite: 0j
F_swave: 0j, F_dwave: 0j
F_px: 0j, F_py: 0j
Free_energy = -24258.646060620882
------------------------------------------
[{'stable': {}, 'free': np.float64(-24258.646060620882)}]
------------------------------------------
  Seed: uu+dd:px+ipy
  Seed uu: [0.+0.j 0.+0.j 0.+0.j 0.+0.j], Seed dd: [0.+0.j 0.+0.j 0.+0.j 0.+0.j]
F_onsite: 0j
F_swave: 0j, F_dwave: 0j
F_px: 0j, F_py: 0j
Free_energy = -24258.646060620882
------------------------------------------
[{'stable': {}, 'free': np.float64(-24258.646060620882)}]
------------------------------------------
====================================
mu=4.31, T=0.1171
====================================
  Seed: normal state
  Seed uu: [0.+0.j 0.+0.j 0.+0.j 0.+0.j], Seed dd: [0.+0.j 0.+0.j 0.+0.j 0.+0.j]
F_onsite: 0j
F_swave: 0j, F_dwave: 0j
F_px: 0j, F_py: 0j
Free_energy = -24258.895816116208
------------------------------------------
[{'stable': {}, 'free': np.float64(-24258.895816116208)}]
------------------------------------------
  Seed: uu:px
  Seed uu: [0.+0.j 0.+0.j 0.+0.j 0.+0.j], Seed dd: [0.+0.j 0.+0.j 0.+0.j 0.+0.j]
F_onsite: 0j
F_swave: 0j, F_dwave: 0j
F_px: 0j, F_py: 0j
Free_energy = -24258.895816116208
------------------------------------------
[{'stable': {}, 'free': np.float64(-24258.895816116208)}]
------------------------------------------
  Seed: uu:px+py
  Seed uu: [0.+0.j 0.+0.j 0.+0.j 0.+0.j], Seed dd: [0.+0.j 0.+0.j 0.+0.j 0.+0.j]
F_onsite: 0j
F_swave: 0j, F_dwave: 0j
F_px: 0j, F_py: 0j
Free_energy = -24258.895816116208
------------------------------------------
[{'stable': {}, 'free': np.float64(-24258.895816116208)}]
------------------------------------------
  Seed: uu:px+ipy
  Seed uu: [0.+0.j 0.+0.j 0.+0.j 0.+0.j], Seed dd: [0.+0.j 0.+0.j 0.+0.j 0.+0.j]
F_onsite: 0j
F_swave: 0j, F_dwave: 0j
F_px: 0j, F_py: 0j
Free_energy = -24258.895816116208
------------------------------------------
[{'stable': {}, 'free': np.float64(-24258.895816116208)}]
------------------------------------------
  Seed: dd:px
  Seed uu: [0.+0.j 0.+0.j 0.+0.j 0.+0.j], Seed dd: [0.+0.j 0.+0.j 0.+0.j 0.+0.j]
F_onsite: 0j
F_swave: 0j, F_dwave: 0j
F_px: 0j, F_py: 0j
Free_energy = -24258.895816116208
------------------------------------------
[{'stable': {}, 'free': np.float64(-24258.895816116208)}]
------------------------------------------
  Seed: dd:px+py
  Seed uu: [0.+0.j 0.+0.j 0.+0.j 0.+0.j], Seed dd: [0.+0.j 0.+0.j 0.+0.j 0.+0.j]
F_onsite: 0j
F_swave: 0j, F_dwave: 0j
F_px: 0j, F_py: 0j
Free_energy = -24258.895816116208
------------------------------------------
[{'stable': {}, 'free': np.float64(-24258.895816116208)}]
------------------------------------------
  Seed: dd:px+ipy
  Seed uu: [0.+0.j 0.+0.j 0.+0.j 0.+0.j], Seed dd: [0.+0.j 0.+0.j 0.+0.j 0.+0.j]
F_onsite: 0j
F_swave: 0j, F_dwave: 0j
F_px: 0j, F_py: 0j
Free_energy = -24258.895816116208
------------------------------------------
[{'stable': {}, 'free': np.float64(-24258.895816116208)}]
------------------------------------------
  Seed: uu+dd:px
  Seed uu: [0.+0.j 0.+0.j 0.+0.j 0.+0.j], Seed dd: [0.+0.j 0.+0.j 0.+0.j 0.+0.j]
F_onsite: 0j
F_swave: 0j, F_dwave: 0j
F_px: 0j, F_py: 0j
Free_energy = -24258.895816116208
------------------------------------------
[{'stable': {}, 'free': np.float64(-24258.895816116208)}]
------------------------------------------
  Seed: uu+dd:px+py
  Seed uu: [0.+0.j 0.+0.j 0.+0.j 0.+0.j], Seed dd: [0.+0.j 0.+0.j 0.+0.j 0.+0.j]
F_onsite: 0j
F_swave: 0j, F_dwave: 0j
F_px: 0j, F_py: 0j
Free_energy = -24258.895816116208
------------------------------------------
[{'stable': {}, 'free': np.float64(-24258.895816116208)}]
------------------------------------------
  Seed: uu+dd:px+ipy
  Seed uu: [0.+0.j 0.+0.j 0.+0.j 0.+0.j], Seed dd: [0.+0.j 0.+0.j 0.+0.j 0.+0.j]
F_onsite: 0j
F_swave: 0j, F_dwave: 0j
F_px: 0j, F_py: 0j
Free_energy = -24258.895816116208
------------------------------------------
[{'stable': {}, 'free': np.float64(-24258.895816116208)}]
------------------------------------------
====================================
mu=4.31, T=0.1254
====================================
  Seed: normal state
  Seed uu: [0.+0.j 0.+0.j 0.+0.j 0.+0.j], Seed dd: [0.+0.j 0.+0.j 0.+0.j 0.+0.j]
F_onsite: 0j
F_swave: 0j, F_dwave: 0j
F_px: 0j, F_py: 0j
Free_energy = -24259.205891757058
------------------------------------------
[{'stable': {}, 'free': np.float64(-24259.205891757058)}]
------------------------------------------
  Seed: uu:px
  Seed uu: [0.+0.j 0.+0.j 0.+0.j 0.+0.j], Seed dd: [0.+0.j 0.+0.j 0.+0.j 0.+0.j]
F_onsite: 0j
F_swave: 0j, F_dwave: 0j
F_px: 0j, F_py: 0j
Free_energy = -24259.205891757058
------------------------------------------
[{'stable': {}, 'free': np.float64(-24259.205891757058)}]
------------------------------------------
  Seed: uu:px+py
  Seed uu: [0.+0.j 0.+0.j 0.+0.j 0.+0.j], Seed dd: [0.+0.j 0.+0.j 0.+0.j 0.+0.j]
F_onsite: 0j
F_swave: 0j, F_dwave: 0j
F_px: 0j, F_py: 0j
Free_energy = -24259.205891757058
------------------------------------------
[{'stable': {}, 'free': np.float64(-24259.205891757058)}]
------------------------------------------
  Seed: uu:px+ipy
  Seed uu: [0.+0.j 0.+0.j 0.+0.j 0.+0.j], Seed dd: [0.+0.j 0.+0.j 0.+0.j 0.+0.j]
F_onsite: 0j
F_swave: 0j, F_dwave: 0j
F_px: 0j, F_py: 0j
Free_energy = -24259.205891757058
------------------------------------------
[{'stable': {}, 'free': np.float64(-24259.205891757058)}]
------------------------------------------
  Seed: dd:px
  Seed uu: [0.+0.j 0.+0.j 0.+0.j 0.+0.j], Seed dd: [0.+0.j 0.+0.j 0.+0.j 0.+0.j]
F_onsite: 0j
F_swave: 0j, F_dwave: 0j
F_px: 0j, F_py: 0j
Free_energy = -24259.205891757058
------------------------------------------
[{'stable': {}, 'free': np.float64(-24259.205891757058)}]
------------------------------------------
  Seed: dd:px+py
  Seed uu: [0.+0.j 0.+0.j 0.+0.j 0.+0.j], Seed dd: [0.+0.j 0.+0.j 0.+0.j 0.+0.j]
F_onsite: 0j
F_swave: 0j, F_dwave: 0j
F_px: 0j, F_py: 0j
Free_energy = -24259.205891757058
------------------------------------------
[{'stable': {}, 'free': np.float64(-24259.205891757058)}]
------------------------------------------
  Seed: dd:px+ipy
  Seed uu: [0.+0.j 0.+0.j 0.+0.j 0.+0.j], Seed dd: [0.+0.j 0.+0.j 0.+0.j 0.+0.j]
F_onsite: 0j
F_swave: 0j, F_dwave: 0j
F_px: 0j, F_py: 0j
Free_energy = -24259.205891757058
------------------------------------------
[{'stable': {}, 'free': np.float64(-24259.205891757058)}]
------------------------------------------
  Seed: uu+dd:px
  Seed uu: [0.+0.j 0.+0.j 0.+0.j 0.+0.j], Seed dd: [0.+0.j 0.+0.j 0.+0.j 0.+0.j]
F_onsite: 0j
F_swave: 0j, F_dwave: 0j
F_px: 0j, F_py: 0j
Free_energy = -24259.205891757058
------------------------------------------
[{'stable': {}, 'free': np.float64(-24259.205891757058)}]
------------------------------------------
  Seed: uu+dd:px+py
  Seed uu: [0.+0.j 0.+0.j 0.+0.j 0.+0.j], Seed dd: [0.+0.j 0.+0.j 0.+0.j 0.+0.j]
F_onsite: 0j
F_swave: 0j, F_dwave: 0j
F_px: 0j, F_py: 0j
Free_energy = -24259.205891757058
------------------------------------------
[{'stable': {}, 'free': np.float64(-24259.205891757058)}]
------------------------------------------
  Seed: uu+dd:px+ipy
  Seed uu: [0.+0.j 0.+0.j 0.+0.j 0.+0.j], Seed dd: [0.+0.j 0.+0.j 0.+0.j 0.+0.j]
F_onsite: 0j
F_swave: 0j, F_dwave: 0j
F_px: 0j, F_py: 0j
Free_energy = -24259.205891757058
------------------------------------------
[{'stable': {}, 'free': np.float64(-24259.205891757058)}]
------------------------------------------
====================================
mu=4.31, T=0.1337
====================================
  Seed: normal state
  Seed uu: [0.+0.j 0.+0.j 0.+0.j 0.+0.j], Seed dd: [0.+0.j 0.+0.j 0.+0.j 0.+0.j]
F_onsite: 0j
F_swave: 0j, F_dwave: 0j
F_px: 0j, F_py: 0j
Free_energy = -24259.581322088485
------------------------------------------
[{'stable': {}, 'free': np.float64(-24259.581322088485)}]
------------------------------------------
  Seed: uu:px
  Seed uu: [0.+0.j 0.+0.j 0.+0.j 0.+0.j], Seed dd: [0.+0.j 0.+0.j 0.+0.j 0.+0.j]
F_onsite: 0j
F_swave: 0j, F_dwave: 0j
F_px: 0j, F_py: 0j
Free_energy = -24259.581322088485
------------------------------------------
[{'stable': {}, 'free': np.float64(-24259.581322088485)}]
------------------------------------------
  Seed: uu:px+py
  Seed uu: [0.+0.j 0.+0.j 0.+0.j 0.+0.j], Seed dd: [0.+0.j 0.+0.j 0.+0.j 0.+0.j]
F_onsite: 0j
F_swave: 0j, F_dwave: 0j
F_px: 0j, F_py: 0j
Free_energy = -24259.581322088485
------------------------------------------
[{'stable': {}, 'free': np.float64(-24259.581322088485)}]
------------------------------------------
  Seed: uu:px+ipy
  Seed uu: [0.+0.j 0.+0.j 0.+0.j 0.+0.j], Seed dd: [0.+0.j 0.+0.j 0.+0.j 0.+0.j]
F_onsite: 0j
F_swave: 0j, F_dwave: 0j
F_px: 0j, F_py: 0j
Free_energy = -24259.581322088485
------------------------------------------
[{'stable': {}, 'free': np.float64(-24259.581322088485)}]
------------------------------------------
  Seed: dd:px
  Seed uu: [0.+0.j 0.+0.j 0.+0.j 0.+0.j], Seed dd: [0.+0.j 0.+0.j 0.+0.j 0.+0.j]
F_onsite: 0j
F_swave: 0j, F_dwave: 0j
F_px: 0j, F_py: 0j
Free_energy = -24259.581322088485
------------------------------------------
[{'stable': {}, 'free': np.float64(-24259.581322088485)}]
------------------------------------------
  Seed: dd:px+py
  Seed uu: [0.+0.j 0.+0.j 0.+0.j 0.+0.j], Seed dd: [0.+0.j 0.+0.j 0.+0.j 0.+0.j]
F_onsite: 0j
F_swave: 0j, F_dwave: 0j
F_px: 0j, F_py: 0j
Free_energy = -24259.581322088485
------------------------------------------
[{'stable': {}, 'free': np.float64(-24259.581322088485)}]
------------------------------------------
  Seed: dd:px+ipy
  Seed uu: [0.+0.j 0.+0.j 0.+0.j 0.+0.j], Seed dd: [0.+0.j 0.+0.j 0.+0.j 0.+0.j]
F_onsite: 0j
F_swave: 0j, F_dwave: 0j
F_px: 0j, F_py: 0j
Free_energy = -24259.581322088485
------------------------------------------
[{'stable': {}, 'free': np.float64(-24259.581322088485)}]
------------------------------------------
  Seed: uu+dd:px
  Seed uu: [0.+0.j 0.+0.j 0.+0.j 0.+0.j], Seed dd: [0.+0.j 0.+0.j 0.+0.j 0.+0.j]
F_onsite: 0j
F_swave: 0j, F_dwave: 0j
F_px: 0j, F_py: 0j
Free_energy = -24259.581322088485
------------------------------------------
[{'stable': {}, 'free': np.float64(-24259.581322088485)}]
------------------------------------------
  Seed: uu+dd:px+py
  Seed uu: [0.+0.j 0.+0.j 0.+0.j 0.+0.j], Seed dd: [0.+0.j 0.+0.j 0.+0.j 0.+0.j]
F_onsite: 0j
F_swave: 0j, F_dwave: 0j
F_px: 0j, F_py: 0j
Free_energy = -24259.581322088485
------------------------------------------
[{'stable': {}, 'free': np.float64(-24259.581322088485)}]
------------------------------------------
  Seed: uu+dd:px+ipy
  Seed uu: [0.+0.j 0.+0.j 0.+0.j 0.+0.j], Seed dd: [0.+0.j 0.+0.j 0.+0.j 0.+0.j]
F_onsite: 0j
F_swave: 0j, F_dwave: 0j
F_px: 0j, F_py: 0j
Free_energy = -24259.581322088485
------------------------------------------
[{'stable': {}, 'free': np.float64(-24259.581322088485)}]
------------------------------------------
====================================
mu=4.31, T=0.1420
====================================
  Seed: normal state
  Seed uu: [0.+0.j 0.+0.j 0.+0.j 0.+0.j], Seed dd: [0.+0.j 0.+0.j 0.+0.j 0.+0.j]
F_onsite: 0j
F_swave: 0j, F_dwave: 0j
F_px: 0j, F_py: 0j
Free_energy = -24260.02660388935
------------------------------------------
[{'stable': {}, 'free': np.float64(-24260.02660388935)}]
------------------------------------------
  Seed: uu:px
  Seed uu: [0.+0.j 0.+0.j 0.+0.j 0.+0.j], Seed dd: [0.+0.j 0.+0.j 0.+0.j 0.+0.j]
F_onsite: 0j
F_swave: 0j, F_dwave: 0j
F_px: 0j, F_py: 0j
Free_energy = -24260.02660388935
------------------------------------------
[{'stable': {}, 'free': np.float64(-24260.02660388935)}]
------------------------------------------
  Seed: uu:px+py
  Seed uu: [0.+0.j 0.+0.j 0.+0.j 0.+0.j], Seed dd: [0.+0.j 0.+0.j 0.+0.j 0.+0.j]
F_onsite: 0j
F_swave: 0j, F_dwave: 0j
F_px: 0j, F_py: 0j
Free_energy = -24260.02660388935
------------------------------------------
[{'stable': {}, 'free': np.float64(-24260.02660388935)}]
------------------------------------------
  Seed: uu:px+ipy
  Seed uu: [0.+0.j 0.+0.j 0.+0.j 0.+0.j], Seed dd: [0.+0.j 0.+0.j 0.+0.j 0.+0.j]
F_onsite: 0j
F_swave: 0j, F_dwave: 0j
F_px: 0j, F_py: 0j
Free_energy = -24260.02660388935
------------------------------------------
[{'stable': {}, 'free': np.float64(-24260.02660388935)}]
------------------------------------------
  Seed: dd:px
  Seed uu: [0.+0.j 0.+0.j 0.+0.j 0.+0.j], Seed dd: [0.+0.j 0.+0.j 0.+0.j 0.+0.j]
F_onsite: 0j
F_swave: 0j, F_dwave: 0j
F_px: 0j, F_py: 0j
Free_energy = -24260.02660388935
------------------------------------------
[{'stable': {}, 'free': np.float64(-24260.02660388935)}]
------------------------------------------
  Seed: dd:px+py
  Seed uu: [0.+0.j 0.+0.j 0.+0.j 0.+0.j], Seed dd: [0.+0.j 0.+0.j 0.+0.j 0.+0.j]
F_onsite: 0j
F_swave: 0j, F_dwave: 0j
F_px: 0j, F_py: 0j
Free_energy = -24260.02660388935
------------------------------------------
[{'stable': {}, 'free': np.float64(-24260.02660388935)}]
------------------------------------------
  Seed: dd:px+ipy
  Seed uu: [0.+0.j 0.+0.j 0.+0.j 0.+0.j], Seed dd: [0.+0.j 0.+0.j 0.+0.j 0.+0.j]
F_onsite: 0j
F_swave: 0j, F_dwave: 0j
F_px: 0j, F_py: 0j
Free_energy = -24260.02660388935
------------------------------------------
[{'stable': {}, 'free': np.float64(-24260.02660388935)}]
------------------------------------------
  Seed: uu+dd:px
  Seed uu: [0.+0.j 0.+0.j 0.+0.j 0.+0.j], Seed dd: [0.+0.j 0.+0.j 0.+0.j 0.+0.j]
F_onsite: 0j
F_swave: 0j, F_dwave: 0j
F_px: 0j, F_py: 0j
Free_energy = -24260.02660388935
------------------------------------------
[{'stable': {}, 'free': np.float64(-24260.02660388935)}]
------------------------------------------
  Seed: uu+dd:px+py
  Seed uu: [0.+0.j 0.+0.j 0.+0.j 0.+0.j], Seed dd: [0.+0.j 0.+0.j 0.+0.j 0.+0.j]
F_onsite: 0j
F_swave: 0j, F_dwave: 0j
F_px: 0j, F_py: 0j
Free_energy = -24260.02660388935
------------------------------------------
[{'stable': {}, 'free': np.float64(-24260.02660388935)}]
------------------------------------------
  Seed: uu+dd:px+ipy
  Seed uu: [0.+0.j 0.+0.j 0.+0.j 0.+0.j], Seed dd: [0.+0.j 0.+0.j 0.+0.j 0.+0.j]
F_onsite: 0j
F_swave: 0j, F_dwave: 0j
F_px: 0j, F_py: 0j
Free_energy = -24260.02660388935
------------------------------------------
[{'stable': {}, 'free': np.float64(-24260.02660388935)}]
------------------------------------------
====================================
mu=4.31, T=0.1503
====================================
  Seed: normal state
  Seed uu: [0.+0.j 0.+0.j 0.+0.j 0.+0.j], Seed dd: [0.+0.j 0.+0.j 0.+0.j 0.+0.j]
F_onsite: 0j
F_swave: 0j, F_dwave: 0j
F_px: 0j, F_py: 0j
Free_energy = -24260.54574458919
------------------------------------------
[{'stable': {}, 'free': np.float64(-24260.54574458919)}]
------------------------------------------
  Seed: uu:px
  Seed uu: [0.+0.j 0.+0.j 0.+0.j 0.+0.j], Seed dd: [0.+0.j 0.+0.j 0.+0.j 0.+0.j]
F_onsite: 0j
F_swave: 0j, F_dwave: 0j
F_px: 0j, F_py: 0j
Free_energy = -24260.54574458919
------------------------------------------
[{'stable': {}, 'free': np.float64(-24260.54574458919)}]
------------------------------------------
  Seed: uu:px+py
  Seed uu: [0.+0.j 0.+0.j 0.+0.j 0.+0.j], Seed dd: [0.+0.j 0.+0.j 0.+0.j 0.+0.j]
F_onsite: 0j
F_swave: 0j, F_dwave: 0j
F_px: 0j, F_py: 0j
Free_energy = -24260.54574458919
------------------------------------------
[{'stable': {}, 'free': np.float64(-24260.54574458919)}]
------------------------------------------
  Seed: uu:px+ipy
  Seed uu: [0.+0.j 0.+0.j 0.+0.j 0.+0.j], Seed dd: [0.+0.j 0.+0.j 0.+0.j 0.+0.j]
F_onsite: 0j
F_swave: 0j, F_dwave: 0j
F_px: 0j, F_py: 0j
Free_energy = -24260.54574458919
------------------------------------------
[{'stable': {}, 'free': np.float64(-24260.54574458919)}]
------------------------------------------
  Seed: dd:px
  Seed uu: [0.+0.j 0.+0.j 0.+0.j 0.+0.j], Seed dd: [0.+0.j 0.+0.j 0.+0.j 0.+0.j]
F_onsite: 0j
F_swave: 0j, F_dwave: 0j
F_px: 0j, F_py: 0j
Free_energy = -24260.54574458919
------------------------------------------
[{'stable': {}, 'free': np.float64(-24260.54574458919)}]
------------------------------------------
  Seed: dd:px+py
  Seed uu: [0.+0.j 0.+0.j 0.+0.j 0.+0.j], Seed dd: [0.+0.j 0.+0.j 0.+0.j 0.+0.j]
F_onsite: 0j
F_swave: 0j, F_dwave: 0j
F_px: 0j, F_py: 0j
Free_energy = -24260.54574458919
------------------------------------------
[{'stable': {}, 'free': np.float64(-24260.54574458919)}]
------------------------------------------
  Seed: dd:px+ipy
  Seed uu: [0.+0.j 0.+0.j 0.+0.j 0.+0.j], Seed dd: [0.+0.j 0.+0.j 0.+0.j 0.+0.j]
F_onsite: 0j
F_swave: 0j, F_dwave: 0j
F_px: 0j, F_py: 0j
Free_energy = -24260.54574458919
------------------------------------------
[{'stable': {}, 'free': np.float64(-24260.54574458919)}]
------------------------------------------
  Seed: uu+dd:px
  Seed uu: [0.+0.j 0.+0.j 0.+0.j 0.+0.j], Seed dd: [0.+0.j 0.+0.j 0.+0.j 0.+0.j]
F_onsite: 0j
F_swave: 0j, F_dwave: 0j
F_px: 0j, F_py: 0j
Free_energy = -24260.54574458919
------------------------------------------
[{'stable': {}, 'free': np.float64(-24260.54574458919)}]
------------------------------------------
  Seed: uu+dd:px+py
  Seed uu: [0.+0.j 0.+0.j 0.+0.j 0.+0.j], Seed dd: [0.+0.j 0.+0.j 0.+0.j 0.+0.j]
F_onsite: 0j
F_swave: 0j, F_dwave: 0j
F_px: 0j, F_py: 0j
Free_energy = -24260.54574458919
------------------------------------------
[{'stable': {}, 'free': np.float64(-24260.54574458919)}]
------------------------------------------
  Seed: uu+dd:px+ipy
  Seed uu: [0.+0.j 0.+0.j 0.+0.j 0.+0.j], Seed dd: [0.+0.j 0.+0.j 0.+0.j 0.+0.j]
F_onsite: 0j
F_swave: 0j, F_dwave: 0j
F_px: 0j, F_py: 0j
Free_energy = -24260.54574458919
------------------------------------------
[{'stable': {}, 'free': np.float64(-24260.54574458919)}]
------------------------------------------
====================================
mu=4.31, T=0.1585
====================================
  Seed: normal state
  Seed uu: [0.+0.j 0.+0.j 0.+0.j 0.+0.j], Seed dd: [0.+0.j 0.+0.j 0.+0.j 0.+0.j]
F_onsite: 0j
F_swave: 0j, F_dwave: 0j
F_px: 0j, F_py: 0j
Free_energy = -24261.142314383367
------------------------------------------
[{'stable': {}, 'free': np.float64(-24261.142314383367)}]
------------------------------------------
  Seed: uu:px
  Seed uu: [0.+0.j 0.+0.j 0.+0.j 0.+0.j], Seed dd: [0.+0.j 0.+0.j 0.+0.j 0.+0.j]
F_onsite: 0j
F_swave: 0j, F_dwave: 0j
F_px: 0j, F_py: 0j
Free_energy = -24261.142314383367
------------------------------------------
[{'stable': {}, 'free': np.float64(-24261.142314383367)}]
------------------------------------------
  Seed: uu:px+py
  Seed uu: [0.+0.j 0.+0.j 0.+0.j 0.+0.j], Seed dd: [0.+0.j 0.+0.j 0.+0.j 0.+0.j]
F_onsite: 0j
F_swave: 0j, F_dwave: 0j
F_px: 0j, F_py: 0j
Free_energy = -24261.142314383367
------------------------------------------
[{'stable': {}, 'free': np.float64(-24261.142314383367)}]
------------------------------------------
  Seed: uu:px+ipy
  Seed uu: [0.+0.j 0.+0.j 0.+0.j 0.+0.j], Seed dd: [0.+0.j 0.+0.j 0.+0.j 0.+0.j]
F_onsite: 0j
F_swave: 0j, F_dwave: 0j
F_px: 0j, F_py: 0j
Free_energy = -24261.142314383367
------------------------------------------
[{'stable': {}, 'free': np.float64(-24261.142314383367)}]
------------------------------------------
  Seed: dd:px
  Seed uu: [0.+0.j 0.+0.j 0.+0.j 0.+0.j], Seed dd: [0.+0.j 0.+0.j 0.+0.j 0.+0.j]
F_onsite: 0j
F_swave: 0j, F_dwave: 0j
F_px: 0j, F_py: 0j
Free_energy = -24261.142314383367
------------------------------------------
[{'stable': {}, 'free': np.float64(-24261.142314383367)}]
------------------------------------------
  Seed: dd:px+py
  Seed uu: [0.+0.j 0.+0.j 0.+0.j 0.+0.j], Seed dd: [0.+0.j 0.+0.j 0.+0.j 0.+0.j]
F_onsite: 0j
F_swave: 0j, F_dwave: 0j
F_px: 0j, F_py: 0j
Free_energy = -24261.142314383367
------------------------------------------
[{'stable': {}, 'free': np.float64(-24261.142314383367)}]
------------------------------------------
  Seed: dd:px+ipy
  Seed uu: [0.+0.j 0.+0.j 0.+0.j 0.+0.j], Seed dd: [0.+0.j 0.+0.j 0.+0.j 0.+0.j]
F_onsite: 0j
F_swave: 0j, F_dwave: 0j
F_px: 0j, F_py: 0j
Free_energy = -24261.142314383367
------------------------------------------
[{'stable': {}, 'free': np.float64(-24261.142314383367)}]
------------------------------------------
  Seed: uu+dd:px
  Seed uu: [0.+0.j 0.+0.j 0.+0.j 0.+0.j], Seed dd: [0.+0.j 0.+0.j 0.+0.j 0.+0.j]
F_onsite: 0j
F_swave: 0j, F_dwave: 0j
F_px: 0j, F_py: 0j
Free_energy = -24261.142314383367
------------------------------------------
[{'stable': {}, 'free': np.float64(-24261.142314383367)}]
------------------------------------------
  Seed: uu+dd:px+py
  Seed uu: [0.+0.j 0.+0.j 0.+0.j 0.+0.j], Seed dd: [0.+0.j 0.+0.j 0.+0.j 0.+0.j]
F_onsite: 0j
F_swave: 0j, F_dwave: 0j
F_px: 0j, F_py: 0j
Free_energy = -24261.142314383367
------------------------------------------
[{'stable': {}, 'free': np.float64(-24261.142314383367)}]
------------------------------------------
  Seed: uu+dd:px+ipy
  Seed uu: [0.+0.j 0.+0.j 0.+0.j 0.+0.j], Seed dd: [0.+0.j 0.+0.j 0.+0.j 0.+0.j]
F_onsite: 0j
F_swave: 0j, F_dwave: 0j
F_px: 0j, F_py: 0j
Free_energy = -24261.142314383367
------------------------------------------
[{'stable': {}, 'free': np.float64(-24261.142314383367)}]
------------------------------------------
====================================
mu=4.31, T=0.1668
====================================
  Seed: normal state
  Seed uu: [0.+0.j 0.+0.j 0.+0.j 0.+0.j], Seed dd: [0.+0.j 0.+0.j 0.+0.j 0.+0.j]
F_onsite: 0j
F_swave: 0j, F_dwave: 0j
F_px: 0j, F_py: 0j
Free_energy = -24261.81949757059
------------------------------------------
[{'stable': {}, 'free': np.float64(-24261.81949757059)}]
------------------------------------------
  Seed: uu:px
  Seed uu: [0.+0.j 0.+0.j 0.+0.j 0.+0.j], Seed dd: [0.+0.j 0.+0.j 0.+0.j 0.+0.j]
F_onsite: 0j
F_swave: 0j, F_dwave: 0j
F_px: 0j, F_py: 0j
Free_energy = -24261.81949757059
------------------------------------------
[{'stable': {}, 'free': np.float64(-24261.81949757059)}]
------------------------------------------
  Seed: uu:px+py
  Seed uu: [0.+0.j 0.+0.j 0.+0.j 0.+0.j], Seed dd: [0.+0.j 0.+0.j 0.+0.j 0.+0.j]
F_onsite: 0j
F_swave: 0j, F_dwave: 0j
F_px: 0j, F_py: 0j
Free_energy = -24261.81949757059
------------------------------------------
[{'stable': {}, 'free': np.float64(-24261.81949757059)}]
------------------------------------------
  Seed: uu:px+ipy
  Seed uu: [0.+0.j 0.+0.j 0.+0.j 0.+0.j], Seed dd: [0.+0.j 0.+0.j 0.+0.j 0.+0.j]
F_onsite: 0j
F_swave: 0j, F_dwave: 0j
F_px: 0j, F_py: 0j
Free_energy = -24261.81949757059
------------------------------------------
[{'stable': {}, 'free': np.float64(-24261.81949757059)}]
------------------------------------------
  Seed: dd:px
  Seed uu: [0.+0.j 0.+0.j 0.+0.j 0.+0.j], Seed dd: [0.+0.j 0.+0.j 0.+0.j 0.+0.j]
F_onsite: 0j
F_swave: 0j, F_dwave: 0j
F_px: 0j, F_py: 0j
Free_energy = -24261.81949757059
------------------------------------------
[{'stable': {}, 'free': np.float64(-24261.81949757059)}]
------------------------------------------
  Seed: dd:px+py
  Seed uu: [0.+0.j 0.+0.j 0.+0.j 0.+0.j], Seed dd: [0.+0.j 0.+0.j 0.+0.j 0.+0.j]
F_onsite: 0j
F_swave: 0j, F_dwave: 0j
F_px: 0j, F_py: 0j
Free_energy = -24261.81949757059
------------------------------------------
[{'stable': {}, 'free': np.float64(-24261.81949757059)}]
------------------------------------------
  Seed: dd:px+ipy
  Seed uu: [0.+0.j 0.+0.j 0.+0.j 0.+0.j], Seed dd: [0.+0.j 0.+0.j 0.+0.j 0.+0.j]
F_onsite: 0j
F_swave: 0j, F_dwave: 0j
F_px: 0j, F_py: 0j
Free_energy = -24261.81949757059
------------------------------------------
[{'stable': {}, 'free': np.float64(-24261.81949757059)}]
------------------------------------------
  Seed: uu+dd:px
  Seed uu: [0.+0.j 0.+0.j 0.+0.j 0.+0.j], Seed dd: [0.+0.j 0.+0.j 0.+0.j 0.+0.j]
F_onsite: 0j
F_swave: 0j, F_dwave: 0j
F_px: 0j, F_py: 0j
Free_energy = -24261.81949757059
------------------------------------------
[{'stable': {}, 'free': np.float64(-24261.81949757059)}]
------------------------------------------
  Seed: uu+dd:px+py
  Seed uu: [0.+0.j 0.+0.j 0.+0.j 0.+0.j], Seed dd: [0.+0.j 0.+0.j 0.+0.j 0.+0.j]
F_onsite: 0j
F_swave: 0j, F_dwave: 0j
F_px: 0j, F_py: 0j
Free_energy = -24261.81949757059
------------------------------------------
[{'stable': {}, 'free': np.float64(-24261.81949757059)}]
------------------------------------------
  Seed: uu+dd:px+ipy
  Seed uu: [0.+0.j 0.+0.j 0.+0.j 0.+0.j], Seed dd: [0.+0.j 0.+0.j 0.+0.j 0.+0.j]
F_onsite: 0j
F_swave: 0j, F_dwave: 0j
F_px: 0j, F_py: 0j
Free_energy = -24261.81949757059
------------------------------------------
[{'stable': {}, 'free': np.float64(-24261.81949757059)}]
------------------------------------------
====================================
mu=4.31, T=0.1751
====================================
  Seed: normal state
  Seed uu: [0.+0.j 0.+0.j 0.+0.j 0.+0.j], Seed dd: [0.+0.j 0.+0.j 0.+0.j 0.+0.j]
F_onsite: 0j
F_swave: 0j, F_dwave: 0j
F_px: 0j, F_py: 0j
Free_energy = -24262.580140686645
------------------------------------------
[{'stable': {}, 'free': np.float64(-24262.580140686645)}]
------------------------------------------
  Seed: uu:px
  Seed uu: [0.+0.j 0.+0.j 0.+0.j 0.+0.j], Seed dd: [0.+0.j 0.+0.j 0.+0.j 0.+0.j]
F_onsite: 0j
F_swave: 0j, F_dwave: 0j
F_px: 0j, F_py: 0j
Free_energy = -24262.580140686645
------------------------------------------
[{'stable': {}, 'free': np.float64(-24262.580140686645)}]
------------------------------------------
  Seed: uu:px+py
  Seed uu: [0.+0.j 0.+0.j 0.+0.j 0.+0.j], Seed dd: [0.+0.j 0.+0.j 0.+0.j 0.+0.j]
F_onsite: 0j
F_swave: 0j, F_dwave: 0j
F_px: 0j, F_py: 0j
Free_energy = -24262.580140686645
------------------------------------------
[{'stable': {}, 'free': np.float64(-24262.580140686645)}]
------------------------------------------
  Seed: uu:px+ipy
  Seed uu: [0.+0.j 0.+0.j 0.+0.j 0.+0.j], Seed dd: [0.+0.j 0.+0.j 0.+0.j 0.+0.j]
F_onsite: 0j
F_swave: 0j, F_dwave: 0j
F_px: 0j, F_py: 0j
Free_energy = -24262.580140686645
------------------------------------------
[{'stable': {}, 'free': np.float64(-24262.580140686645)}]
------------------------------------------
  Seed: dd:px
  Seed uu: [0.+0.j 0.+0.j 0.+0.j 0.+0.j], Seed dd: [0.+0.j 0.+0.j 0.+0.j 0.+0.j]
F_onsite: 0j
F_swave: 0j, F_dwave: 0j
F_px: 0j, F_py: 0j
Free_energy = -24262.580140686645
------------------------------------------
[{'stable': {}, 'free': np.float64(-24262.580140686645)}]
------------------------------------------
  Seed: dd:px+py
  Seed uu: [0.+0.j 0.+0.j 0.+0.j 0.+0.j], Seed dd: [0.+0.j 0.+0.j 0.+0.j 0.+0.j]
F_onsite: 0j
F_swave: 0j, F_dwave: 0j
F_px: 0j, F_py: 0j
Free_energy = -24262.580140686645
------------------------------------------
[{'stable': {}, 'free': np.float64(-24262.580140686645)}]
------------------------------------------
  Seed: dd:px+ipy
  Seed uu: [0.+0.j 0.+0.j 0.+0.j 0.+0.j], Seed dd: [0.+0.j 0.+0.j 0.+0.j 0.+0.j]
F_onsite: 0j
F_swave: 0j, F_dwave: 0j
F_px: 0j, F_py: 0j
Free_energy = -24262.580140686645
------------------------------------------
[{'stable': {}, 'free': np.float64(-24262.580140686645)}]
------------------------------------------
  Seed: uu+dd:px
  Seed uu: [0.+0.j 0.+0.j 0.+0.j 0.+0.j], Seed dd: [0.+0.j 0.+0.j 0.+0.j 0.+0.j]
F_onsite: 0j
F_swave: 0j, F_dwave: 0j
F_px: 0j, F_py: 0j
Free_energy = -24262.580140686645
------------------------------------------
[{'stable': {}, 'free': np.float64(-24262.580140686645)}]
------------------------------------------
  Seed: uu+dd:px+py
  Seed uu: [0.+0.j 0.+0.j 0.+0.j 0.+0.j], Seed dd: [0.+0.j 0.+0.j 0.+0.j 0.+0.j]
F_onsite: 0j
F_swave: 0j, F_dwave: 0j
F_px: 0j, F_py: 0j
Free_energy = -24262.580140686645
------------------------------------------
[{'stable': {}, 'free': np.float64(-24262.580140686645)}]
------------------------------------------
  Seed: uu+dd:px+ipy
  Seed uu: [0.+0.j 0.+0.j 0.+0.j 0.+0.j], Seed dd: [0.+0.j 0.+0.j 0.+0.j 0.+0.j]
F_onsite: 0j
F_swave: 0j, F_dwave: 0j
F_px: 0j, F_py: 0j
Free_energy = -24262.580140686645
------------------------------------------
[{'stable': {}, 'free': np.float64(-24262.580140686645)}]
------------------------------------------
====================================
mu=4.31, T=0.1834
====================================
  Seed: normal state
  Seed uu: [0.+0.j 0.+0.j 0.+0.j 0.+0.j], Seed dd: [0.+0.j 0.+0.j 0.+0.j 0.+0.j]
F_onsite: 0j
F_swave: 0j, F_dwave: 0j
F_px: 0j, F_py: 0j
Free_energy = -24263.426796276348
------------------------------------------
[{'stable': {}, 'free': np.float64(-24263.426796276348)}]
------------------------------------------
  Seed: uu:px
  Seed uu: [0.+0.j 0.+0.j 0.+0.j 0.+0.j], Seed dd: [0.+0.j 0.+0.j 0.+0.j 0.+0.j]
F_onsite: 0j
F_swave: 0j, F_dwave: 0j
F_px: 0j, F_py: 0j
Free_energy = -24263.426796276348
------------------------------------------
[{'stable': {}, 'free': np.float64(-24263.426796276348)}]
------------------------------------------
  Seed: uu:px+py
  Seed uu: [0.+0.j 0.+0.j 0.+0.j 0.+0.j], Seed dd: [0.+0.j 0.+0.j 0.+0.j 0.+0.j]
F_onsite: 0j
F_swave: 0j, F_dwave: 0j
F_px: 0j, F_py: 0j
Free_energy = -24263.426796276348
------------------------------------------
[{'stable': {}, 'free': np.float64(-24263.426796276348)}]
------------------------------------------
  Seed: uu:px+ipy
  Seed uu: [0.+0.j 0.+0.j 0.+0.j 0.+0.j], Seed dd: [0.+0.j 0.+0.j 0.+0.j 0.+0.j]
F_onsite: 0j
F_swave: 0j, F_dwave: 0j
F_px: 0j, F_py: 0j
Free_energy = -24263.426796276348
------------------------------------------
[{'stable': {}, 'free': np.float64(-24263.426796276348)}]
------------------------------------------
  Seed: dd:px
  Seed uu: [0.+0.j 0.+0.j 0.+0.j 0.+0.j], Seed dd: [0.+0.j 0.+0.j 0.+0.j 0.+0.j]
F_onsite: 0j
F_swave: 0j, F_dwave: 0j
F_px: 0j, F_py: 0j
Free_energy = -24263.426796276348
------------------------------------------
[{'stable': {}, 'free': np.float64(-24263.426796276348)}]
------------------------------------------
  Seed: dd:px+py
  Seed uu: [0.+0.j 0.+0.j 0.+0.j 0.+0.j], Seed dd: [0.+0.j 0.+0.j 0.+0.j 0.+0.j]
F_onsite: 0j
F_swave: 0j, F_dwave: 0j
F_px: 0j, F_py: 0j
Free_energy = -24263.426796276348
------------------------------------------
[{'stable': {}, 'free': np.float64(-24263.426796276348)}]
------------------------------------------
  Seed: dd:px+ipy
  Seed uu: [0.+0.j 0.+0.j 0.+0.j 0.+0.j], Seed dd: [0.+0.j 0.+0.j 0.+0.j 0.+0.j]
F_onsite: 0j
F_swave: 0j, F_dwave: 0j
F_px: 0j, F_py: 0j
Free_energy = -24263.426796276348
------------------------------------------
[{'stable': {}, 'free': np.float64(-24263.426796276348)}]
------------------------------------------
  Seed: uu+dd:px
  Seed uu: [0.+0.j 0.+0.j 0.+0.j 0.+0.j], Seed dd: [0.+0.j 0.+0.j 0.+0.j 0.+0.j]
F_onsite: 0j
F_swave: 0j, F_dwave: 0j
F_px: 0j, F_py: 0j
Free_energy = -24263.426796276348
------------------------------------------
[{'stable': {}, 'free': np.float64(-24263.426796276348)}]
------------------------------------------
  Seed: uu+dd:px+py
  Seed uu: [0.+0.j 0.+0.j 0.+0.j 0.+0.j], Seed dd: [0.+0.j 0.+0.j 0.+0.j 0.+0.j]
F_onsite: 0j
F_swave: 0j, F_dwave: 0j
F_px: 0j, F_py: 0j
Free_energy = -24263.426796276348
------------------------------------------
[{'stable': {}, 'free': np.float64(-24263.426796276348)}]
------------------------------------------
  Seed: uu+dd:px+ipy
  Seed uu: [0.+0.j 0.+0.j 0.+0.j 0.+0.j], Seed dd: [0.+0.j 0.+0.j 0.+0.j 0.+0.j]
F_onsite: 0j
F_swave: 0j, F_dwave: 0j
F_px: 0j, F_py: 0j
Free_energy = -24263.426796276348
------------------------------------------
[{'stable': {}, 'free': np.float64(-24263.426796276348)}]
------------------------------------------
====================================
mu=4.31, T=0.1917
====================================
  Seed: normal state
  Seed uu: [0.+0.j 0.+0.j 0.+0.j 0.+0.j], Seed dd: [0.+0.j 0.+0.j 0.+0.j 0.+0.j]
F_onsite: 0j
F_swave: 0j, F_dwave: 0j
F_px: 0j, F_py: 0j
Free_energy = -24264.361761933385
------------------------------------------
[{'stable': {}, 'free': np.float64(-24264.361761933385)}]
------------------------------------------
  Seed: uu:px
  Seed uu: [0.+0.j 0.+0.j 0.+0.j 0.+0.j], Seed dd: [0.+0.j 0.+0.j 0.+0.j 0.+0.j]
F_onsite: 0j
F_swave: 0j, F_dwave: 0j
F_px: 0j, F_py: 0j
Free_energy = -24264.361761933385
------------------------------------------
[{'stable': {}, 'free': np.float64(-24264.361761933385)}]
------------------------------------------
  Seed: uu:px+py
  Seed uu: [0.+0.j 0.+0.j 0.+0.j 0.+0.j], Seed dd: [0.+0.j 0.+0.j 0.+0.j 0.+0.j]
F_onsite: 0j
F_swave: 0j, F_dwave: 0j
F_px: 0j, F_py: 0j
Free_energy = -24264.361761933385
------------------------------------------
[{'stable': {}, 'free': np.float64(-24264.361761933385)}]
------------------------------------------
  Seed: uu:px+ipy
  Seed uu: [0.+0.j 0.+0.j 0.+0.j 0.+0.j], Seed dd: [0.+0.j 0.+0.j 0.+0.j 0.+0.j]
F_onsite: 0j
F_swave: 0j, F_dwave: 0j
F_px: 0j, F_py: 0j
Free_energy = -24264.361761933385
------------------------------------------
[{'stable': {}, 'free': np.float64(-24264.361761933385)}]
------------------------------------------
  Seed: dd:px
  Seed uu: [0.+0.j 0.+0.j 0.+0.j 0.+0.j], Seed dd: [0.+0.j 0.+0.j 0.+0.j 0.+0.j]
F_onsite: 0j
F_swave: 0j, F_dwave: 0j
F_px: 0j, F_py: 0j
Free_energy = -24264.361761933385
------------------------------------------
[{'stable': {}, 'free': np.float64(-24264.361761933385)}]
------------------------------------------
  Seed: dd:px+py
  Seed uu: [0.+0.j 0.+0.j 0.+0.j 0.+0.j], Seed dd: [0.+0.j 0.+0.j 0.+0.j 0.+0.j]
F_onsite: 0j
F_swave: 0j, F_dwave: 0j
F_px: 0j, F_py: 0j
Free_energy = -24264.361761933385
------------------------------------------
[{'stable': {}, 'free': np.float64(-24264.361761933385)}]
------------------------------------------
  Seed: dd:px+ipy
  Seed uu: [0.+0.j 0.+0.j 0.+0.j 0.+0.j], Seed dd: [0.+0.j 0.+0.j 0.+0.j 0.+0.j]
F_onsite: 0j
F_swave: 0j, F_dwave: 0j
F_px: 0j, F_py: 0j
Free_energy = -24264.361761933385
------------------------------------------
[{'stable': {}, 'free': np.float64(-24264.361761933385)}]
------------------------------------------
  Seed: uu+dd:px
  Seed uu: [0.+0.j 0.+0.j 0.+0.j 0.+0.j], Seed dd: [0.+0.j 0.+0.j 0.+0.j 0.+0.j]
F_onsite: 0j
F_swave: 0j, F_dwave: 0j
F_px: 0j, F_py: 0j
Free_energy = -24264.361761933385
------------------------------------------
[{'stable': {}, 'free': np.float64(-24264.361761933385)}]
------------------------------------------
  Seed: uu+dd:px+py
  Seed uu: [0.+0.j 0.+0.j 0.+0.j 0.+0.j], Seed dd: [0.+0.j 0.+0.j 0.+0.j 0.+0.j]
F_onsite: 0j
F_swave: 0j, F_dwave: 0j
F_px: 0j, F_py: 0j
Free_energy = -24264.361761933385
------------------------------------------
[{'stable': {}, 'free': np.float64(-24264.361761933385)}]
------------------------------------------
  Seed: uu+dd:px+ipy
  Seed uu: [0.+0.j 0.+0.j 0.+0.j 0.+0.j], Seed dd: [0.+0.j 0.+0.j 0.+0.j 0.+0.j]
F_onsite: 0j
F_swave: 0j, F_dwave: 0j
F_px: 0j, F_py: 0j
Free_energy = -24264.361761933385
------------------------------------------
[{'stable': {}, 'free': np.float64(-24264.361761933385)}]
------------------------------------------
====================================
mu=4.31, T=0.2000
====================================
  Seed: normal state
  Seed uu: [0.+0.j 0.+0.j 0.+0.j 0.+0.j], Seed dd: [0.+0.j 0.+0.j 0.+0.j 0.+0.j]
F_onsite: 0j
F_swave: 0j, F_dwave: 0j
F_px: 0j, F_py: 0j
Free_energy = -24265.387114668945
------------------------------------------
[{'stable': {}, 'free': np.float64(-24265.387114668945)}]
------------------------------------------
  Seed: uu:px
  Seed uu: [0.+0.j 0.+0.j 0.+0.j 0.+0.j], Seed dd: [0.+0.j 0.+0.j 0.+0.j 0.+0.j]
F_onsite: 0j
F_swave: 0j, F_dwave: 0j
F_px: 0j, F_py: 0j
Free_energy = -24265.387114668945
------------------------------------------
[{'stable': {}, 'free': np.float64(-24265.387114668945)}]
------------------------------------------
  Seed: uu:px+py
  Seed uu: [0.+0.j 0.+0.j 0.+0.j 0.+0.j], Seed dd: [0.+0.j 0.+0.j 0.+0.j 0.+0.j]
F_onsite: 0j
F_swave: 0j, F_dwave: 0j
F_px: 0j, F_py: 0j
Free_energy = -24265.387114668945
------------------------------------------
[{'stable': {}, 'free': np.float64(-24265.387114668945)}]
------------------------------------------
  Seed: uu:px+ipy
  Seed uu: [0.+0.j 0.+0.j 0.+0.j 0.+0.j], Seed dd: [0.+0.j 0.+0.j 0.+0.j 0.+0.j]
F_onsite: 0j
F_swave: 0j, F_dwave: 0j
F_px: 0j, F_py: 0j
Free_energy = -24265.387114668945
------------------------------------------
[{'stable': {}, 'free': np.float64(-24265.387114668945)}]
------------------------------------------
  Seed: dd:px
  Seed uu: [0.+0.j 0.+0.j 0.+0.j 0.+0.j], Seed dd: [0.+0.j 0.+0.j 0.+0.j 0.+0.j]
F_onsite: 0j
F_swave: 0j, F_dwave: 0j
F_px: 0j, F_py: 0j
Free_energy = -24265.387114668945
------------------------------------------
[{'stable': {}, 'free': np.float64(-24265.387114668945)}]
------------------------------------------
  Seed: dd:px+py
  Seed uu: [0.+0.j 0.+0.j 0.+0.j 0.+0.j], Seed dd: [0.+0.j 0.+0.j 0.+0.j 0.+0.j]
F_onsite: 0j
F_swave: 0j, F_dwave: 0j
F_px: 0j, F_py: 0j
Free_energy = -24265.387114668945
------------------------------------------
[{'stable': {}, 'free': np.float64(-24265.387114668945)}]
------------------------------------------
  Seed: dd:px+ipy
  Seed uu: [0.+0.j 0.+0.j 0.+0.j 0.+0.j], Seed dd: [0.+0.j 0.+0.j 0.+0.j 0.+0.j]
F_onsite: 0j
F_swave: 0j, F_dwave: 0j
F_px: 0j, F_py: 0j
Free_energy = -24265.387114668945
------------------------------------------
[{'stable': {}, 'free': np.float64(-24265.387114668945)}]
------------------------------------------
  Seed: uu+dd:px
  Seed uu: [0.+0.j 0.+0.j 0.+0.j 0.+0.j], Seed dd: [0.+0.j 0.+0.j 0.+0.j 0.+0.j]
F_onsite: 0j
F_swave: 0j, F_dwave: 0j
F_px: 0j, F_py: 0j
Free_energy = -24265.387114668945
------------------------------------------
[{'stable': {}, 'free': np.float64(-24265.387114668945)}]
------------------------------------------
  Seed: uu+dd:px+py
  Seed uu: [0.+0.j 0.+0.j 0.+0.j 0.+0.j], Seed dd: [0.+0.j 0.+0.j 0.+0.j 0.+0.j]
F_onsite: 0j
F_swave: 0j, F_dwave: 0j
F_px: 0j, F_py: 0j
Free_energy = -24265.387114668945
------------------------------------------
[{'stable': {}, 'free': np.float64(-24265.387114668945)}]
------------------------------------------
  Seed: uu+dd:px+ipy
  Seed uu: [0.+0.j 0.+0.j 0.+0.j 0.+0.j], Seed dd: [0.+0.j 0.+0.j 0.+0.j 0.+0.j]
F_onsite: 0j
F_swave: 0j, F_dwave: 0j
F_px: 0j, F_py: 0j
Free_energy = -24265.387114668945
------------------------------------------
[{'stable': {}, 'free': np.float64(-24265.387114668945)}]
------------------------------------------
