/home/emilssp/D1/venv/bin/python
Python 3.10.12
Running job 2 out of 50
====================================
mu=-3.67, T=0.0010
====================================
  Seed: normal state
  Seed uu: [0.+0.j 0.+0.j 0.+0.j 0.+0.j], Seed dd: [0.+0.j 0.+0.j 0.+0.j 0.+0.j]
F_onsite: 0j
F_swave: 0j, F_dwave: 0j
F_px: 0j, F_py: 0j
Free_energy = -20711.72393833158
------------------------------------------
[{'stable': {}, 'free': np.float64(-20711.72393833158)}]
------------------------------------------
  Seed: uu:px
  Seed uu: [ 0.1+0.j -0.1+0.j  0. +0.j  0. +0.j], Seed dd: [0.+0.j 0.+0.j 0.+0.j 0.+0.j]
F_onsite: (-5.6309507006301714e-27-4.676197864661034e-24j)
F_swave: (-5.1622074488571195e-27-4.286932124372324e-24j), F_dwave: (3.4569346881653452e-28+2.870795975040993e-25j)
F_px: (-3.192651755323465e-24-1.5795291137174322e-26j), F_py: (3.891078340111111e-23-5.177102781921726e-26j)
Free_energy = -20711.723938331572
------------------------------------------
[{'stable': {}, 'free': np.float64(-20711.72393833158)}]
------------------------------------------
  Seed: uu:px+py
  Seed uu: [ 0.1+0.j -0.1+0.j  0.1+0.j -0.1+0.j], Seed dd: [0.+0.j 0.+0.j 0.+0.j 0.+0.j]
F_onsite: (8.618754317506794e-26-4.4836505439251535e-23j)
F_swave: (7.901294133641337e-26-4.110413226196e-23j), F_dwave: (-9.918804958113495e-27-1.0882043615797468e-24j)
F_px: (3.292726286743638e-23+9.689848075447572e-26j), F_py: (1.3386099057252148e-23-4.527941767322272e-26j)
Free_energy = -20711.723938331575
------------------------------------------
[{'stable': {}, 'free': np.float64(-20711.72393833158)}]
------------------------------------------
  Seed: uu:px+ipy
  Seed uu: [ 0.1+0.j  -0.1+0.j   0. +0.1j -0. -0.1j], Seed dd: [0.+0.j 0.+0.j 0.+0.j 0.+0.j]
F_onsite: (-7.771666660490423e-24+1.396245261678587e-22j)
F_swave: (-7.12472166349866e-24+1.2800161246786177e-22j), F_dwave: (-3.354171869585416e-24-5.685103849129835e-24j)
F_px: (5.679477689431306e-25-7.920143924534599e-24j), F_py: (-1.0489162525067422e-25-1.6181121091237702e-23j)
Free_energy = -20711.723938331572
------------------------------------------
[{'stable': {}, 'free': np.float64(-20711.72393833158)}]
------------------------------------------
  Seed: dd:px
  Seed uu: [0.+0.j 0.+0.j 0.+0.j 0.+0.j], Seed dd: [ 0.1+0.j -0.1+0.j  0. +0.j  0. +0.j]
F_onsite: (8.890644633364114e-37-1.9972654408765582e-44j)
F_swave: (8.15055138648194e-37-1.8449529389184883e-44j), F_dwave: (-5.458117124934167e-38+1.3656346267849577e-45j)
F_px: (1.0346372839063004e-44+1.4430825174149942e-42j), F_py: (2.5032370076799538e-45+3.5225752377131495e-43j)
Free_energy = -20711.72393833158
------------------------------------------
[{'stable': {}, 'free': np.float64(-20711.72393833158)}]
------------------------------------------
  Seed: dd:px+py
  Seed uu: [0.+0.j 0.+0.j 0.+0.j 0.+0.j], Seed dd: [ 0.1+0.j -0.1+0.j  0.1+0.j -0.1+0.j]
F_onsite: (4.4453371736657545e-37-1.3013753412079039e-44j)
F_swave: (4.0752894172235205e-37-1.202131771919602e-44j), F_dwave: (-2.729068710755193e-38+8.898179913982109e-46j)
F_px: (-6.741468657169885e-45-2.3028046884659693e-37j), F_py: (-1.631048316517576e-45+9.242279823142884e-38j)
Free_energy = -20711.72393833158
------------------------------------------
[{'stable': {}, 'free': np.float64(-20711.72393833158)}]
------------------------------------------
  Seed: dd:px+ipy
  Seed uu: [0.+0.j 0.+0.j 0.+0.j 0.+0.j], Seed dd: [ 0.1+0.j  -0.1+0.j   0. +0.1j -0. -0.1j]
F_onsite: (-8.89059871263046e-37-4.777157698730611e-38j)
F_swave: (-8.150508966373422e-37-4.379487647096701e-38j), F_dwave: (-1.2462009956132913e-43-3.644079562440118e-46j)
F_px: (-7.407347135724861e-39+1.3785484696508671e-37j), F_py: (-1.7339618615381764e-38+3.2270190072594965e-37j)
Free_energy = -20711.72393833158
------------------------------------------
[{'stable': {}, 'free': np.float64(-20711.72393833158)}]
------------------------------------------
  Seed: uu+dd:px
  Seed uu: [ 0.1+0.j -0.1+0.j  0. +0.j  0. +0.j], Seed dd: [ 0.1+0.j -0.1+0.j  0. +0.j  0. +0.j]
F_onsite: (-3.0326768228434168e-27-6.225780782508654e-23j)
F_swave: (-2.7802244476696873e-27-5.707521457519728e-23j), F_dwave: (-1.8618128684352245e-28-3.8221106766402296e-24j)
F_px: (5.836042523949142e-23-4.404760769658826e-28j), F_py: (-4.525865856269052e-23+7.5686050706406e-26j)
Free_energy = -20711.723938331575
------------------------------------------
[{'stable': {}, 'free': np.float64(-20711.72393833158)}]
------------------------------------------
  Seed: uu+dd:px+py
  Seed uu: [ 0.1+0.j -0.1+0.j  0.1+0.j -0.1+0.j], Seed dd: [ 0.1+0.j -0.1+0.j  0.1+0.j -0.1+0.j]
F_onsite: (-5.367824517517783e-26+1.132662925083838e-23j)
F_swave: (-4.920984984012441e-26+1.0383754564658828e-23j), F_dwave: (4.2245662980591666e-27-4.536152319639375e-24j)
F_px: (2.1962401808722382e-23+7.19328045969103e-26j), F_py: (-2.0353274367208646e-23-3.3082225525710333e-26j)
Free_energy = -20711.72393833158
------------------------------------------
[{'stable': {}, 'free': np.float64(-20711.72393833158)}]
------------------------------------------
  Seed: uu+dd:px+ipy
  Seed uu: [ 0.1+0.j  -0.1+0.j   0. +0.1j -0. -0.1j], Seed dd: [ 0.1+0.j  -0.1+0.j   0. +0.1j -0. -0.1j]
F_onsite: (1.4737970096920435e-22+6.832717580507478e-23j)
F_swave: (1.3511121472116518e-22+6.263934353550903e-23j), F_dwave: (7.662296517801091e-24-6.605344893237056e-24j)
F_px: (9.700869766462644e-25-6.104854928164107e-24j), F_py: (-4.6665717516413636e-23-1.493213168119163e-24j)
Free_energy = -20711.72393833158
------------------------------------------
[{'stable': {}, 'free': np.float64(-20711.72393833158)}]
------------------------------------------
====================================
mu=-3.67, T=0.0051
====================================
  Seed: normal state
  Seed uu: [0.+0.j 0.+0.j 0.+0.j 0.+0.j], Seed dd: [0.+0.j 0.+0.j 0.+0.j 0.+0.j]
F_onsite: 0j
F_swave: 0j, F_dwave: 0j
F_px: 0j, F_py: 0j
Free_energy = -20711.74690783091
------------------------------------------
[{'stable': {}, 'free': np.float64(-20711.74690783091)}]
------------------------------------------
  Seed: uu:px
  Seed uu: [ 2.51783605e-17+2.56901926e-20j -2.51783308e-17+4.01272745e-20j
  6.95667878e-20+1.24036451e-22j -6.95458024e-20+1.98461655e-20j], Seed dd: [0.+0.j 0.+0.j 0.+0.j 0.+0.j]
F_onsite: (-8.898728073848742e-24+8.763972034598937e-21j)
F_swave: (-8.158131339905351e-24+8.034560022578455e-21j), F_dwave: (-5.465297455689835e-25+5.38223705142478e-22j)
F_px: (-1.5376443829597673e-20-1.589334929292853e-23j), F_py: (-4.395932652222866e-21-4.416893433241383e-24j)
Free_energy = -20711.746907830904
------------------------------------------
[{'stable': {}, 'free': np.float64(-20711.74690783091)}]
------------------------------------------
  Seed: uu:px+py
  Seed uu: [ 3.15438666e-17+6.88389432e-20j -3.15437702e-17+9.86716142e-21j
  3.15239301e-17-8.91462616e-21j -3.15237436e-17-8.50731061e-21j], Seed dd: [0.+0.j 0.+0.j 0.+0.j 0.+0.j]
F_onsite: (-9.171067668054177e-26+2.176799426678589e-22j)
F_swave: (-8.886761001810596e-26+2.0193142837456353e-22j), F_dwave: (2.601540416295746e-26-1.895546011601445e-23j)
F_px: (-2.7583437882511447e-21+3.38122474272467e-24j), F_py: (-7.010863889142432e-22-9.179546604044109e-24j)
Free_energy = -20711.746907830904
------------------------------------------
[{'stable': {}, 'free': np.float64(-20711.74690783091)}]
------------------------------------------
  Seed: uu:px+ipy
  Seed uu: [ 2.90873016e-17-8.98741269e-20j -2.91583879e-17+9.28881582e-20j
 -1.17061093e-19+2.91124820e-17j  1.18365401e-20-2.91260306e-17j], Seed dd: [0.+0.j 0.+0.j 0.+0.j 0.+0.j]
F_onsite: (-3.216129280366207e-21+1.5417247873404675e-20j)
F_swave: (-2.9402177331792583e-21+1.412728534652324e-20j), F_dwave: (-1.8137118970575576e-22-1.074362298324573e-21j)
F_px: (6.187954781903881e-22-4.5244972024780996e-21j), F_py: (-4.5581827455457015e-21+1.6843273575411634e-21j)
Free_energy = -20711.74690783091
------------------------------------------
[{'stable': {}, 'free': np.float64(-20711.74690783091)}]
------------------------------------------
  Seed: dd:px
  Seed uu: [0.+0.j 0.+0.j 0.+0.j 0.+0.j], Seed dd: [ 2.51512698e-17-4.02619868e-30j -2.51512698e-17+3.66084676e-30j
  8.11798279e-31-2.48519593e-30j -8.11452966e-31+2.10980811e-30j]
F_onsite: (3.143960067348401e-35+1.7138228968046167e-46j)
F_swave: (2.8826279787553936e-35+1.613527957544897e-46j), F_dwave: (-1.9180946674056447e-36-7.849904733297204e-48j)
F_px: (1.8101031722628386e-46-1.7507341096893947e-37j), F_py: (-4.118195865310055e-47+1.13805039309601e-37j)
Free_energy = -20711.74690783091
------------------------------------------
[{'stable': {}, 'free': np.float64(-20711.74690783091)}]
------------------------------------------
  Seed: dd:px+py
  Seed uu: [0.+0.j 0.+0.j 0.+0.j 0.+0.j], Seed dd: [ 3.14301872e-17-1.01746401e-29j -3.14301872e-17+9.41256921e-30j
  3.14301872e-17-1.01801678e-29j -3.14301872e-17+9.41186316e-30j]
F_onsite: (3.3719943679802795e-35+2.0118014884336665e-39j)
F_swave: (3.0928017298139804e-35+1.8654299274244054e-39j), F_dwave: (1.7586826054195167e-36-1.4460672215476376e-40j)
F_px: (1.042169374579607e-39+7.438692884781606e-36j), F_py: (8.42459353156828e-41+1.602009491645626e-35j)
Free_energy = -20711.74690783091
------------------------------------------
[{'stable': {}, 'free': np.float64(-20711.74690783091)}]
------------------------------------------
  Seed: dd:px+ipy
  Seed uu: [0.+0.j 0.+0.j 0.+0.j 0.+0.j], Seed dd: [ 2.91687433e-17-2.86327553e-30j -2.91687433e-17+2.46494658e-30j
  6.28062005e-30+2.91687433e-17j -5.89642618e-30-2.91687433e-17j]
F_onsite: (2.3330258877719708e-35-7.4456309267036645e-37j)
F_swave: (2.1326821686137663e-35-6.794191636378717e-37j), F_dwave: (-2.407669253416915e-36+6.451274882505499e-38j)
F_px: (-7.69033070352991e-37-2.830619802209468e-35j), F_py: (-6.9132841310288296e-37-2.83770918485063e-35j)
Free_energy = -20711.74690783091
------------------------------------------
[{'stable': {}, 'free': np.float64(-20711.74690783091)}]
------------------------------------------
  Seed: uu+dd:px
  Seed uu: [ 2.52274502e-17+3.19059017e-20j -2.52273165e-17+7.08594635e-21j
  1.09784083e-19+2.40256832e-20j -1.09759002e-19+5.05549428e-21j], Seed dd: [ 2.51575453e-17+4.75690248e-21j -2.51575408e-17-3.86997357e-21j
  2.73624355e-21+5.05914371e-21j -2.73192177e-21-1.52214063e-21j]
F_onsite: (-3.2420766143246305e-23+4.6059133043791615e-21j)
F_swave: (-2.9723428331131304e-23+4.221560122696342e-21j), F_dwave: (-2.0031766360645488e-24+2.6424164530187636e-22j)
F_px: (3.908643037759252e-21-2.635207258499385e-24j), F_py: (-4.088881353963051e-21-1.8503977889976982e-23j)
Free_energy = -20711.74690783091
------------------------------------------
[{'stable': {}, 'free': np.float64(-20711.74690783091)}]
------------------------------------------
  Seed: uu+dd:px+py
  Seed uu: [ 3.16152295e-17+4.78264668e-20j -3.16153554e-17+3.62349488e-20j
  3.14919541e-17+5.68624031e-20j -3.14920284e-17+1.15885842e-19j], Seed dd: [ 3.14316282e-17+1.11581434e-20j -3.14316233e-17+7.74011059e-21j
  3.14267933e-17+1.19851750e-20j -3.14267883e-17+8.69952064e-21j]
F_onsite: (4.295223286899402e-24+1.0519441632800904e-20j)
F_swave: (3.9552388675992114e-24+9.634012223053347e-21j), F_dwave: (9.248062483777321e-25-6.347997568908753e-23j)
F_px: (-6.224077667818301e-22+4.822936928945286e-24j), F_py: (-1.0092312568145557e-20-2.5955419661454827e-23j)
Free_energy = -20711.74690783091
------------------------------------------
[{'stable': {}, 'free': np.float64(-20711.74690783091)}]
------------------------------------------
  Seed: uu+dd:px+ipy
  Seed uu: [ 2.91960274e-17+7.00174814e-20j -2.90111641e-17-1.28393610e-19j
  6.35585536e-20+2.89266367e-17j  1.31522462e-19-2.90377229e-17j], Seed dd: [ 2.91574830e-17-7.49048777e-21j -2.91748543e-17-7.05439382e-21j
 -9.68209011e-21+2.91571890e-17j -6.20333263e-21-2.91725231e-17j]
F_onsite: (2.850584931821922e-21-4.115742697759427e-22j)
F_swave: (2.6207075436901154e-21-3.727209754614218e-22j), F_dwave: (4.394883523308127e-22+2.3248073915010846e-22j)
F_px: (2.8678024210904935e-21+1.6157244427241673e-22j), F_py: (-3.4916889408690365e-22-1.876569808983918e-21j)
Free_energy = -20711.74690783091
------------------------------------------
[{'stable': {}, 'free': np.float64(-20711.74690783091)}]
------------------------------------------
====================================
mu=-3.67, T=0.0093
====================================
  Seed: normal state
  Seed uu: [0.+0.j 0.+0.j 0.+0.j 0.+0.j], Seed dd: [0.+0.j 0.+0.j 0.+0.j 0.+0.j]
F_onsite: 0j
F_swave: 0j, F_dwave: 0j
F_px: 0j, F_py: 0j
Free_energy = -20711.81927592363
------------------------------------------
[{'stable': {}, 'free': np.float64(-20711.81927592363)}]
------------------------------------------
  Seed: uu:px
  Seed uu: [ 3.26635358e-18-7.84013571e-22j -3.26633374e-18-7.40964441e-21j
  5.56694283e-21-5.19361281e-21j -5.54133427e-21-5.21557338e-21j], Seed dd: [0.+0.j 0.+0.j 0.+0.j 0.+0.j]
F_onsite: (-1.7173652804999485e-24+2.14575973432402e-20j)
F_swave: (-1.6679323497823362e-24+1.9683221346107222e-20j), F_dwave: (-2.4750382977205526e-24-1.071727802570513e-21j)
F_px: (-4.64048916660456e-21+2.183825627150804e-23j), F_py: (-1.380952458397384e-20+2.0802997160364048e-23j)
Free_energy = -20711.81927592363
------------------------------------------
[{'stable': {}, 'free': np.float64(-20711.81927592363)}]
------------------------------------------
  Seed: uu:px+py
  Seed uu: [ 5.03748146e-18+8.47762489e-20j -5.03764214e-18+6.60893586e-20j
  5.02455167e-18+7.36456769e-20j -5.02473285e-18+7.31854921e-20j], Seed dd: [0.+0.j 0.+0.j 0.+0.j 0.+0.j]
F_onsite: (-5.624494564464704e-23-1.1742650685921057e-20j)
F_swave: (-5.102070625537159e-23-1.0788619000811778e-20j), F_dwave: (2.020626164503877e-23-5.1182956984885565e-22j)
F_px: (-7.909702670878152e-21-2.1312792696722845e-22j), F_py: (-7.552848454098553e-21-9.406174817880618e-23j)
Free_energy = -20711.819275923634
------------------------------------------
[{'stable': {}, 'free': np.float64(-20711.81927592363)}]
------------------------------------------
  Seed: uu:px+ipy
  Seed uu: [ 4.20100071e-18-1.53874865e-20j -4.21187185e-18-1.97303068e-21j
 -1.42464919e-20+4.17395119e-18j  8.74333067e-21-4.19682875e-18j], Seed dd: [0.+0.j 0.+0.j 0.+0.j 0.+0.j]
F_onsite: (-2.5867872592077118e-20+9.723284176548587e-21j)
F_swave: (-2.3697913614108992e-20+8.903594800341005e-21j), F_dwave: (-1.4886013406363166e-21-1.1011257267052286e-23j)
F_px: (-1.4239250912690922e-20+6.536845603623128e-21j), F_py: (5.227415450904128e-21-5.906726199103055e-21j)
Free_energy = -20711.81927592362
------------------------------------------
[{'stable': {}, 'free': np.float64(-20711.81927592363)}]
------------------------------------------
  Seed: dd:px
  Seed uu: [0.+0.j 0.+0.j 0.+0.j 0.+0.j], Seed dd: [ 3.26568970e-18-5.70006050e-31j -3.26568970e-18+4.77883405e-31j
  7.57334335e-32-2.72170012e-31j -7.56747528e-32+1.75166338e-31j]
F_onsite: (1.3695501826753678e-36+6.574107738323228e-38j)
F_swave: (1.2651075745884819e-36+6.072762868511028e-38j), F_dwave: (-9.364329583167925e-38-4.4950606670471935e-39j)
F_px: (-3.405565370980343e-38+7.094639853177447e-37j), F_py: (8.239541806441768e-39-1.7165015292328709e-37j)
Free_energy = -20711.81927592363
------------------------------------------
[{'stable': {}, 'free': np.float64(-20711.81927592363)}]
------------------------------------------
  Seed: dd:px+py
  Seed uu: [0.+0.j 0.+0.j 0.+0.j 0.+0.j], Seed dd: [ 5.02005265e-18-1.74094437e-30j -5.02005265e-18+1.50691981e-30j
  5.02005265e-18-1.74341197e-30j -5.02005265e-18+1.50585754e-30j]
F_onsite: (3.402794260848878e-36+4.6646851390190243e-38j)
F_swave: (3.138702982780631e-36+4.317466298442973e-38j), F_dwave: (4.272952046363979e-38+1.4837203860166947e-40j)
F_px: (1.163047349055339e-38-7.286611116580502e-37j), F_py: (1.7142675734208738e-38-1.358649163693965e-36j)
Free_energy = -20711.81927592363
------------------------------------------
[{'stable': {}, 'free': np.float64(-20711.81927592363)}]
------------------------------------------
  Seed: dd:px+ipy
  Seed uu: [0.+0.j 0.+0.j 0.+0.j 0.+0.j], Seed dd: [ 4.22057533e-18-4.58950610e-31j -4.22057533e-18+3.55595881e-31j
  9.65538270e-31+4.22057533e-18j -8.58448854e-31-4.22057533e-18j]
F_onsite: (-5.4782007307014645e-37+4.3707910126788105e-37j)
F_swave: (-5.060430298353927e-37+4.0374722204640215e-37j), F_dwave: (-5.993170933227457e-37-5.486911865138233e-40j)
F_px: (1.3989555625587103e-37-2.0940619253685765e-36j), F_py: (-1.2960146337019564e-37+3.730576617063133e-37j)
Free_energy = -20711.81927592363
------------------------------------------
[{'stable': {}, 'free': np.float64(-20711.81927592363)}]
------------------------------------------
  Seed: uu+dd:px
  Seed uu: [ 3.27529995e-18-1.73368051e-20j -3.27513066e-18-2.55617487e-20j
  7.82290846e-21-2.39166122e-20j -7.64157868e-21-2.81741062e-20j], Seed dd: [ 3.26954111e-18+1.37664361e-20j -3.26954982e-18+1.25267153e-20j
  1.41070615e-21+1.44911604e-20j -1.42019938e-21+1.35805811e-20j]
F_onsite: (-4.0208940753016614e-22-7.772000852587193e-21j)
F_swave: (-3.6932373843295667e-22-7.122324922826963e-21j), F_dwave: (-2.8293056367953513e-23-1.1391718195804821e-21j)
F_px: (-1.1654157020043788e-20+1.1833085684568826e-22j), F_py: (-8.128009390032843e-21+7.242391740885492e-23j)
Free_energy = -20711.819275923623
------------------------------------------
[{'stable': {}, 'free': np.float64(-20711.81927592363)}]
------------------------------------------
  Seed: uu+dd:px+py
  Seed uu: [ 5.03884239e-18+2.27896883e-20j -5.03912215e-18+7.10140772e-21j
  5.01842227e-18+2.70922865e-20j -5.01869200e-18+9.32180289e-21j], Seed dd: [ 5.03189992e-18+1.33022341e-21j -5.03189994e-18-2.28592246e-21j
  5.01785174e-18+1.17986400e-21j -5.01785153e-18-2.61129133e-21j]
F_onsite: (-2.8267980616934106e-23+1.0263162087767963e-20j)
F_swave: (-2.6075988769445487e-23+9.438995006649726e-21j), F_dwave: (9.78885826122897e-24-2.2125130089058495e-21j)
F_px: (1.1457353408394687e-20+5.687464443254988e-23j), F_py: (-1.4822742596251074e-20-8.438202521452703e-23j)
Free_energy = -20711.819275923623
------------------------------------------
[{'stable': {}, 'free': np.float64(-20711.81927592363)}]
------------------------------------------
  Seed: uu+dd:px+ipy
  Seed uu: [ 4.26579756e-18+3.06196452e-20j -4.20102365e-18-2.80420187e-20j
  4.07696013e-20+4.21796264e-18j  2.11921667e-20-4.22986981e-18j], Seed dd: [ 4.22329930e-18+3.42155322e-22j -4.21647767e-18-1.65900063e-22j
  3.35481733e-21+4.21999162e-18j  2.56646209e-21-4.21993463e-18j]
F_onsite: (1.950186815142214e-20+3.141528346856531e-20j)
F_swave: (1.7886115697853095e-20+2.877940395854593e-20j), F_dwave: (1.2602066834768856e-21-1.266752594236395e-21j)
F_px: (1.0710225327193701e-20+1.336780444044173e-21j), F_py: (4.091130605276979e-21-1.9326452529985603e-21j)
Free_energy = -20711.81927592363
------------------------------------------
[{'stable': {}, 'free': np.float64(-20711.81927592363)}]
------------------------------------------
====================================
mu=-3.67, T=0.0134
====================================
  Seed: normal state
  Seed uu: [0.+0.j 0.+0.j 0.+0.j 0.+0.j], Seed dd: [0.+0.j 0.+0.j 0.+0.j 0.+0.j]
F_onsite: 0j
F_swave: 0j, F_dwave: 0j
F_px: 0j, F_py: 0j
Free_energy = -20711.94964973514
------------------------------------------
[{'stable': {}, 'free': np.float64(-20711.94964973514)}]
------------------------------------------
  Seed: uu:px
  Seed uu: [ 9.2160635e-20-2.21210554e-23j -9.2160635e-20+2.21210554e-23j
  9.9716384e-23-9.30292093e-23j -9.9716384e-23+9.30292093e-23j], Seed dd: [0.+0.j 0.+0.j 0.+0.j 0.+0.j]
F_onsite: (-1.608342337988772e-23+6.770560492290938e-21j)
F_swave: (-1.5057033826681852e-23+6.279455720327919e-21j), F_dwave: (-1.5162448377999106e-24+1.203216095353908e-22j)
F_px: (8.108167935970041e-21+1.493501967193165e-23j), F_py: (-2.2194444368413625e-20+1.515547146333743e-23j)
Free_energy = -20711.94964973514
------------------------------------------
[{'stable': {}, 'free': np.float64(-20711.94964973514)}]
------------------------------------------
  Seed: uu:px+py
  Seed uu: [ 3.28136920e-19+8.08497846e-21j -3.28109141e-19-2.58669473e-21j
  3.26928330e-19+8.11420972e-21j -3.26896563e-19-1.82667437e-21j], Seed dd: [0.+0.j 0.+0.j 0.+0.j 0.+0.j]
F_onsite: (6.123040566119223e-22-9.8497737368946e-21j)
F_swave: (5.599777885943732e-22-8.985224854540117e-21j), F_dwave: (2.4099107930302226e-23-2.3930656713043873e-22j)
F_px: (2.199111255297054e-20+5.218839330010741e-22j), F_py: (2.4203554391770726e-20+4.366257846835918e-22j)
Free_energy = -20711.94964973514
------------------------------------------
[{'stable': {}, 'free': np.float64(-20711.94964973514)}]
------------------------------------------
  Seed: uu:px+ipy
  Seed uu: [ 1.89496569e-19+5.45626527e-21j -1.65917169e-19+1.06474606e-20j
  9.18985011e-21+1.83317368e-19j  1.24805634e-20-1.68995142e-19j], Seed dd: [0.+0.j 0.+0.j 0.+0.j 0.+0.j]
F_onsite: (-2.456271821754357e-20+1.534681982078608e-20j)
F_swave: (-2.2481997112148935e-20+1.4040138980544132e-20j), F_dwave: (-1.2761951757880875e-21+1.732819310534702e-21j)
F_px: (-1.3436977248593401e-21+2.0078971824496862e-21j), F_py: (7.679071230214608e-21+1.3126643652725282e-20j)
Free_energy = -20711.94964973514
------------------------------------------
[{'stable': {}, 'free': np.float64(-20711.94964973514)}]
------------------------------------------
  Seed: dd:px
  Seed uu: [0.+0.j 0.+0.j 0.+0.j 0.+0.j], Seed dd: [ 9.21419036e-20-2.15704154e-32j -9.21419036e-20+1.06046518e-32j
  1.43241040e-33-1.06648371e-32j -1.43316271e-33-9.02779661e-34j]
F_onsite: 0j
F_swave: 0j, F_dwave: 0j
F_px: 0j, F_py: 0j
Free_energy = -20711.94964973514
------------------------------------------
[{'stable': {}, 'free': np.float64(-20711.94964973514)}]
------------------------------------------
  Seed: dd:px+py
  Seed uu: [0.+0.j 0.+0.j 0.+0.j 0.+0.j], Seed dd: [ 3.26637421e-19-1.32789860e-31j -3.26637421e-19+9.39823720e-32j
  3.26637421e-19-1.32819953e-31j -3.26637421e-19+9.40997334e-32j]
F_onsite: 0j
F_swave: 0j, F_dwave: 0j
F_px: 0j, F_py: 0j
Free_energy = -20711.94964973514
------------------------------------------
[{'stable': {}, 'free': np.float64(-20711.94964973514)}]
------------------------------------------
  Seed: dd:px+ipy
  Seed uu: [0.+0.j 0.+0.j 0.+0.j 0.+0.j], Seed dd: [ 1.77704696e-19-2.76972800e-32j -1.77704696e-19+1.06768741e-32j
  4.92255657e-32+1.77704696e-19j -3.23435860e-32-1.77704696e-19j]
F_onsite: 0j
F_swave: 0j, F_dwave: 0j
F_px: 0j, F_py: 0j
Free_energy = -20711.94964973514
------------------------------------------
[{'stable': {}, 'free': np.float64(-20711.94964973514)}]
------------------------------------------
  Seed: uu+dd:px
  Seed uu: [ 9.24130583e-20-4.89160445e-22j -9.24130583e-20+4.89160445e-22j
  1.40125769e-22-4.28399960e-22j -1.40125769e-22+4.28399960e-22j], Seed dd: [ 9.15773789e-20-9.80105889e-22j -9.15650199e-20-1.75080065e-21j
 -1.31933293e-22-1.32492846e-21j  1.46268271e-22-1.84257882e-21j]
F_onsite: (1.6426335719849632e-22+1.8173254597221305e-20j)
F_swave: (1.508586904107851e-22+1.663649901317442e-20j), F_dwave: (1.7469572727692855e-24-2.382853554641896e-22j)
F_px: (-4.1670773871546264e-21+6.10103163717403e-23j), F_py: (-7.693437136844488e-21+1.6264742616769327e-22j)
Free_energy = -20711.94964973514
------------------------------------------
[{'stable': {}, 'free': np.float64(-20711.94964973514)}]
------------------------------------------
  Seed: uu+dd:px+py
  Seed uu: [ 3.27534469e-19+1.55143753e-21j -3.27534469e-19-1.55143753e-21j
  3.26856873e-19+1.69420963e-21j -3.26856873e-19-1.69420963e-21j], Seed dd: [ 3.29923020e-19-6.71052066e-21j -3.29928909e-19-6.87705166e-21j
  3.27571668e-19-7.12945424e-21j -3.27577288e-19-7.28548387e-21j]
F_onsite: (1.838788444105172e-22-3.940123093663567e-20j)
F_swave: (1.68153463070679e-22-3.602719303189168e-20j), F_dwave: (1.2768159205842689e-24+1.0285570725170208e-23j)
F_px: (-7.847283208091362e-21-5.556059479038403e-23j), F_py: (9.857059536201331e-21+4.166179272509153e-23j)
Free_energy = -20711.94964973514
------------------------------------------
[{'stable': {}, 'free': np.float64(-20711.94964973514)}]
------------------------------------------
  Seed: uu+dd:px+ipy
  Seed uu: [ 1.93255808e-19-3.34634011e-21j -1.64888397e-19-1.91470169e-21j
  1.56526699e-20+1.79322696e-19j  1.04833617e-20-1.84242572e-19j], Seed dd: [ 1.77819387e-19+1.44062368e-23j -1.77819387e-19-1.44062368e-23j
  1.41252495e-22+1.77680119e-19j -1.41252495e-22-1.77680119e-19j]
F_onsite: (5.339498445486843e-21+2.817150018388811e-20j)
F_swave: (4.9688027819375515e-21+2.5844624791975288e-20j), F_dwave: (5.80453426126758e-22-1.7287562458032546e-21j)
F_px: (1.1035671899492958e-20-3.422126624753672e-21j), F_py: (1.0853618291259813e-21+1.7275735819222893e-20j)
Free_energy = -20711.94964973514
------------------------------------------
[{'stable': {}, 'free': np.float64(-20711.94964973514)}]
------------------------------------------
====================================
mu=-3.67, T=0.0175
====================================
  Seed: normal state
  Seed uu: [0.+0.j 0.+0.j 0.+0.j 0.+0.j], Seed dd: [0.+0.j 0.+0.j 0.+0.j 0.+0.j]
F_onsite: 0j
F_swave: 0j, F_dwave: 0j
F_px: 0j, F_py: 0j
Free_energy = -20712.137860727536
------------------------------------------
[{'stable': {}, 'free': np.float64(-20712.137860727536)}]
------------------------------------------
  Seed: uu:px
  Seed uu: [0.+0.j 0.+0.j 0.+0.j 0.+0.j], Seed dd: [0.+0.j 0.+0.j 0.+0.j 0.+0.j]
F_onsite: 0j
F_swave: 0j, F_dwave: 0j
F_px: 0j, F_py: 0j
Free_energy = -20712.137860727536
------------------------------------------
[{'stable': {}, 'free': np.float64(-20712.137860727536)}]
------------------------------------------
  Seed: uu:px+py
  Seed uu: [0.+0.j 0.+0.j 0.+0.j 0.+0.j], Seed dd: [0.+0.j 0.+0.j 0.+0.j 0.+0.j]
F_onsite: 0j
F_swave: 0j, F_dwave: 0j
F_px: 0j, F_py: 0j
Free_energy = -20712.137860727536
------------------------------------------
[{'stable': {}, 'free': np.float64(-20712.137860727536)}]
------------------------------------------
  Seed: uu:px+ipy
  Seed uu: [0.+0.j 0.+0.j 0.+0.j 0.+0.j], Seed dd: [0.+0.j 0.+0.j 0.+0.j 0.+0.j]
F_onsite: 0j
F_swave: 0j, F_dwave: 0j
F_px: 0j, F_py: 0j
Free_energy = -20712.137860727536
------------------------------------------
[{'stable': {}, 'free': np.float64(-20712.137860727536)}]
------------------------------------------
  Seed: dd:px
  Seed uu: [0.+0.j 0.+0.j 0.+0.j 0.+0.j], Seed dd: [0.+0.j 0.+0.j 0.+0.j 0.+0.j]
F_onsite: 0j
F_swave: 0j, F_dwave: 0j
F_px: 0j, F_py: 0j
Free_energy = -20712.137860727536
------------------------------------------
[{'stable': {}, 'free': np.float64(-20712.137860727536)}]
------------------------------------------
  Seed: dd:px+py
  Seed uu: [0.+0.j 0.+0.j 0.+0.j 0.+0.j], Seed dd: [0.+0.j 0.+0.j 0.+0.j 0.+0.j]
F_onsite: 0j
F_swave: 0j, F_dwave: 0j
F_px: 0j, F_py: 0j
Free_energy = -20712.137860727536
------------------------------------------
[{'stable': {}, 'free': np.float64(-20712.137860727536)}]
------------------------------------------
  Seed: dd:px+ipy
  Seed uu: [0.+0.j 0.+0.j 0.+0.j 0.+0.j], Seed dd: [0.+0.j 0.+0.j 0.+0.j 0.+0.j]
F_onsite: 0j
F_swave: 0j, F_dwave: 0j
F_px: 0j, F_py: 0j
Free_energy = -20712.137860727536
------------------------------------------
[{'stable': {}, 'free': np.float64(-20712.137860727536)}]
------------------------------------------
  Seed: uu+dd:px
  Seed uu: [0.+0.j 0.+0.j 0.+0.j 0.+0.j], Seed dd: [0.+0.j 0.+0.j 0.+0.j 0.+0.j]
F_onsite: 0j
F_swave: 0j, F_dwave: 0j
F_px: 0j, F_py: 0j
Free_energy = -20712.137860727536
------------------------------------------
[{'stable': {}, 'free': np.float64(-20712.137860727536)}]
------------------------------------------
  Seed: uu+dd:px+py
  Seed uu: [0.+0.j 0.+0.j 0.+0.j 0.+0.j], Seed dd: [0.+0.j 0.+0.j 0.+0.j 0.+0.j]
F_onsite: 0j
F_swave: 0j, F_dwave: 0j
F_px: 0j, F_py: 0j
Free_energy = -20712.137860727536
------------------------------------------
[{'stable': {}, 'free': np.float64(-20712.137860727536)}]
------------------------------------------
  Seed: uu+dd:px+ipy
  Seed uu: [0.+0.j 0.+0.j 0.+0.j 0.+0.j], Seed dd: [0.+0.j 0.+0.j 0.+0.j 0.+0.j]
F_onsite: 0j
F_swave: 0j, F_dwave: 0j
F_px: 0j, F_py: 0j
Free_energy = -20712.137860727536
------------------------------------------
[{'stable': {}, 'free': np.float64(-20712.137860727536)}]
------------------------------------------
====================================
mu=-3.67, T=0.0216
====================================
  Seed: normal state
  Seed uu: [0.+0.j 0.+0.j 0.+0.j 0.+0.j], Seed dd: [0.+0.j 0.+0.j 0.+0.j 0.+0.j]
F_onsite: 0j
F_swave: 0j, F_dwave: 0j
F_px: 0j, F_py: 0j
Free_energy = -20712.381680604838
------------------------------------------
[{'stable': {}, 'free': np.float64(-20712.381680604838)}]
------------------------------------------
  Seed: uu:px
  Seed uu: [0.+0.j 0.+0.j 0.+0.j 0.+0.j], Seed dd: [0.+0.j 0.+0.j 0.+0.j 0.+0.j]
F_onsite: 0j
F_swave: 0j, F_dwave: 0j
F_px: 0j, F_py: 0j
Free_energy = -20712.381680604838
------------------------------------------
[{'stable': {}, 'free': np.float64(-20712.381680604838)}]
------------------------------------------
  Seed: uu:px+py
  Seed uu: [0.+0.j 0.+0.j 0.+0.j 0.+0.j], Seed dd: [0.+0.j 0.+0.j 0.+0.j 0.+0.j]
F_onsite: 0j
F_swave: 0j, F_dwave: 0j
F_px: 0j, F_py: 0j
Free_energy = -20712.381680604838
------------------------------------------
[{'stable': {}, 'free': np.float64(-20712.381680604838)}]
------------------------------------------
  Seed: uu:px+ipy
  Seed uu: [0.+0.j 0.+0.j 0.+0.j 0.+0.j], Seed dd: [0.+0.j 0.+0.j 0.+0.j 0.+0.j]
F_onsite: 0j
F_swave: 0j, F_dwave: 0j
F_px: 0j, F_py: 0j
Free_energy = -20712.381680604838
------------------------------------------
[{'stable': {}, 'free': np.float64(-20712.381680604838)}]
------------------------------------------
  Seed: dd:px
  Seed uu: [0.+0.j 0.+0.j 0.+0.j 0.+0.j], Seed dd: [0.+0.j 0.+0.j 0.+0.j 0.+0.j]
F_onsite: 0j
F_swave: 0j, F_dwave: 0j
F_px: 0j, F_py: 0j
Free_energy = -20712.381680604838
------------------------------------------
[{'stable': {}, 'free': np.float64(-20712.381680604838)}]
------------------------------------------
  Seed: dd:px+py
  Seed uu: [0.+0.j 0.+0.j 0.+0.j 0.+0.j], Seed dd: [0.+0.j 0.+0.j 0.+0.j 0.+0.j]
F_onsite: 0j
F_swave: 0j, F_dwave: 0j
F_px: 0j, F_py: 0j
Free_energy = -20712.381680604838
------------------------------------------
[{'stable': {}, 'free': np.float64(-20712.381680604838)}]
------------------------------------------
  Seed: dd:px+ipy
  Seed uu: [0.+0.j 0.+0.j 0.+0.j 0.+0.j], Seed dd: [0.+0.j 0.+0.j 0.+0.j 0.+0.j]
F_onsite: 0j
F_swave: 0j, F_dwave: 0j
F_px: 0j, F_py: 0j
Free_energy = -20712.381680604838
------------------------------------------
[{'stable': {}, 'free': np.float64(-20712.381680604838)}]
------------------------------------------
  Seed: uu+dd:px
  Seed uu: [0.+0.j 0.+0.j 0.+0.j 0.+0.j], Seed dd: [0.+0.j 0.+0.j 0.+0.j 0.+0.j]
F_onsite: 0j
F_swave: 0j, F_dwave: 0j
F_px: 0j, F_py: 0j
Free_energy = -20712.381680604838
------------------------------------------
[{'stable': {}, 'free': np.float64(-20712.381680604838)}]
------------------------------------------
  Seed: uu+dd:px+py
  Seed uu: [0.+0.j 0.+0.j 0.+0.j 0.+0.j], Seed dd: [0.+0.j 0.+0.j 0.+0.j 0.+0.j]
F_onsite: 0j
F_swave: 0j, F_dwave: 0j
F_px: 0j, F_py: 0j
Free_energy = -20712.381680604838
------------------------------------------
[{'stable': {}, 'free': np.float64(-20712.381680604838)}]
------------------------------------------
  Seed: uu+dd:px+ipy
  Seed uu: [0.+0.j 0.+0.j 0.+0.j 0.+0.j], Seed dd: [0.+0.j 0.+0.j 0.+0.j 0.+0.j]
F_onsite: 0j
F_swave: 0j, F_dwave: 0j
F_px: 0j, F_py: 0j
Free_energy = -20712.381680604838
------------------------------------------
[{'stable': {}, 'free': np.float64(-20712.381680604838)}]
------------------------------------------
====================================
mu=-3.67, T=0.0258
====================================
  Seed: normal state
  Seed uu: [0.+0.j 0.+0.j 0.+0.j 0.+0.j], Seed dd: [0.+0.j 0.+0.j 0.+0.j 0.+0.j]
F_onsite: 0j
F_swave: 0j, F_dwave: 0j
F_px: 0j, F_py: 0j
Free_energy = -20712.67961028274
------------------------------------------
[{'stable': {}, 'free': np.float64(-20712.67961028274)}]
------------------------------------------
  Seed: uu:px
  Seed uu: [0.+0.j 0.+0.j 0.+0.j 0.+0.j], Seed dd: [0.+0.j 0.+0.j 0.+0.j 0.+0.j]
F_onsite: 0j
F_swave: 0j, F_dwave: 0j
F_px: 0j, F_py: 0j
Free_energy = -20712.67961028274
------------------------------------------
[{'stable': {}, 'free': np.float64(-20712.67961028274)}]
------------------------------------------
  Seed: uu:px+py
  Seed uu: [0.+0.j 0.+0.j 0.+0.j 0.+0.j], Seed dd: [0.+0.j 0.+0.j 0.+0.j 0.+0.j]
F_onsite: 0j
F_swave: 0j, F_dwave: 0j
F_px: 0j, F_py: 0j
Free_energy = -20712.67961028274
------------------------------------------
[{'stable': {}, 'free': np.float64(-20712.67961028274)}]
------------------------------------------
  Seed: uu:px+ipy
  Seed uu: [0.+0.j 0.+0.j 0.+0.j 0.+0.j], Seed dd: [0.+0.j 0.+0.j 0.+0.j 0.+0.j]
F_onsite: 0j
F_swave: 0j, F_dwave: 0j
F_px: 0j, F_py: 0j
Free_energy = -20712.67961028274
------------------------------------------
[{'stable': {}, 'free': np.float64(-20712.67961028274)}]
------------------------------------------
  Seed: dd:px
  Seed uu: [0.+0.j 0.+0.j 0.+0.j 0.+0.j], Seed dd: [0.+0.j 0.+0.j 0.+0.j 0.+0.j]
F_onsite: 0j
F_swave: 0j, F_dwave: 0j
F_px: 0j, F_py: 0j
Free_energy = -20712.67961028274
------------------------------------------
[{'stable': {}, 'free': np.float64(-20712.67961028274)}]
------------------------------------------
  Seed: dd:px+py
  Seed uu: [0.+0.j 0.+0.j 0.+0.j 0.+0.j], Seed dd: [0.+0.j 0.+0.j 0.+0.j 0.+0.j]
F_onsite: 0j
F_swave: 0j, F_dwave: 0j
F_px: 0j, F_py: 0j
Free_energy = -20712.67961028274
------------------------------------------
[{'stable': {}, 'free': np.float64(-20712.67961028274)}]
------------------------------------------
  Seed: dd:px+ipy
  Seed uu: [0.+0.j 0.+0.j 0.+0.j 0.+0.j], Seed dd: [0.+0.j 0.+0.j 0.+0.j 0.+0.j]
F_onsite: 0j
F_swave: 0j, F_dwave: 0j
F_px: 0j, F_py: 0j
Free_energy = -20712.67961028274
------------------------------------------
[{'stable': {}, 'free': np.float64(-20712.67961028274)}]
------------------------------------------
  Seed: uu+dd:px
  Seed uu: [0.+0.j 0.+0.j 0.+0.j 0.+0.j], Seed dd: [0.+0.j 0.+0.j 0.+0.j 0.+0.j]
F_onsite: 0j
F_swave: 0j, F_dwave: 0j
F_px: 0j, F_py: 0j
Free_energy = -20712.67961028274
------------------------------------------
[{'stable': {}, 'free': np.float64(-20712.67961028274)}]
------------------------------------------
  Seed: uu+dd:px+py
  Seed uu: [0.+0.j 0.+0.j 0.+0.j 0.+0.j], Seed dd: [0.+0.j 0.+0.j 0.+0.j 0.+0.j]
F_onsite: 0j
F_swave: 0j, F_dwave: 0j
F_px: 0j, F_py: 0j
Free_energy = -20712.67961028274
------------------------------------------
[{'stable': {}, 'free': np.float64(-20712.67961028274)}]
------------------------------------------
  Seed: uu+dd:px+ipy
  Seed uu: [0.+0.j 0.+0.j 0.+0.j 0.+0.j], Seed dd: [0.+0.j 0.+0.j 0.+0.j 0.+0.j]
F_onsite: 0j
F_swave: 0j, F_dwave: 0j
F_px: 0j, F_py: 0j
Free_energy = -20712.67961028274
------------------------------------------
[{'stable': {}, 'free': np.float64(-20712.67961028274)}]
------------------------------------------
====================================
mu=-3.67, T=0.0299
====================================
  Seed: normal state
  Seed uu: [0.+0.j 0.+0.j 0.+0.j 0.+0.j], Seed dd: [0.+0.j 0.+0.j 0.+0.j 0.+0.j]
F_onsite: 0j
F_swave: 0j, F_dwave: 0j
F_px: 0j, F_py: 0j
Free_energy = -20713.030816703224
------------------------------------------
[{'stable': {}, 'free': np.float64(-20713.030816703224)}]
------------------------------------------
  Seed: uu:px
  Seed uu: [0.+0.j 0.+0.j 0.+0.j 0.+0.j], Seed dd: [0.+0.j 0.+0.j 0.+0.j 0.+0.j]
F_onsite: 0j
F_swave: 0j, F_dwave: 0j
F_px: 0j, F_py: 0j
Free_energy = -20713.030816703224
------------------------------------------
[{'stable': {}, 'free': np.float64(-20713.030816703224)}]
------------------------------------------
  Seed: uu:px+py
  Seed uu: [0.+0.j 0.+0.j 0.+0.j 0.+0.j], Seed dd: [0.+0.j 0.+0.j 0.+0.j 0.+0.j]
F_onsite: 0j
F_swave: 0j, F_dwave: 0j
F_px: 0j, F_py: 0j
Free_energy = -20713.030816703224
------------------------------------------
[{'stable': {}, 'free': np.float64(-20713.030816703224)}]
------------------------------------------
  Seed: uu:px+ipy
  Seed uu: [0.+0.j 0.+0.j 0.+0.j 0.+0.j], Seed dd: [0.+0.j 0.+0.j 0.+0.j 0.+0.j]
F_onsite: 0j
F_swave: 0j, F_dwave: 0j
F_px: 0j, F_py: 0j
Free_energy = -20713.030816703224
------------------------------------------
[{'stable': {}, 'free': np.float64(-20713.030816703224)}]
------------------------------------------
  Seed: dd:px
  Seed uu: [0.+0.j 0.+0.j 0.+0.j 0.+0.j], Seed dd: [0.+0.j 0.+0.j 0.+0.j 0.+0.j]
F_onsite: 0j
F_swave: 0j, F_dwave: 0j
F_px: 0j, F_py: 0j
Free_energy = -20713.030816703224
------------------------------------------
[{'stable': {}, 'free': np.float64(-20713.030816703224)}]
------------------------------------------
  Seed: dd:px+py
  Seed uu: [0.+0.j 0.+0.j 0.+0.j 0.+0.j], Seed dd: [0.+0.j 0.+0.j 0.+0.j 0.+0.j]
F_onsite: 0j
F_swave: 0j, F_dwave: 0j
F_px: 0j, F_py: 0j
Free_energy = -20713.030816703224
------------------------------------------
[{'stable': {}, 'free': np.float64(-20713.030816703224)}]
------------------------------------------
  Seed: dd:px+ipy
  Seed uu: [0.+0.j 0.+0.j 0.+0.j 0.+0.j], Seed dd: [0.+0.j 0.+0.j 0.+0.j 0.+0.j]
F_onsite: 0j
F_swave: 0j, F_dwave: 0j
F_px: 0j, F_py: 0j
Free_energy = -20713.030816703224
------------------------------------------
[{'stable': {}, 'free': np.float64(-20713.030816703224)}]
------------------------------------------
  Seed: uu+dd:px
  Seed uu: [0.+0.j 0.+0.j 0.+0.j 0.+0.j], Seed dd: [0.+0.j 0.+0.j 0.+0.j 0.+0.j]
F_onsite: 0j
F_swave: 0j, F_dwave: 0j
F_px: 0j, F_py: 0j
Free_energy = -20713.030816703224
------------------------------------------
[{'stable': {}, 'free': np.float64(-20713.030816703224)}]
------------------------------------------
  Seed: uu+dd:px+py
  Seed uu: [0.+0.j 0.+0.j 0.+0.j 0.+0.j], Seed dd: [0.+0.j 0.+0.j 0.+0.j 0.+0.j]
F_onsite: 0j
F_swave: 0j, F_dwave: 0j
F_px: 0j, F_py: 0j
Free_energy = -20713.030816703224
------------------------------------------
[{'stable': {}, 'free': np.float64(-20713.030816703224)}]
------------------------------------------
  Seed: uu+dd:px+ipy
  Seed uu: [0.+0.j 0.+0.j 0.+0.j 0.+0.j], Seed dd: [0.+0.j 0.+0.j 0.+0.j 0.+0.j]
F_onsite: 0j
F_swave: 0j, F_dwave: 0j
F_px: 0j, F_py: 0j
Free_energy = -20713.030816703224
------------------------------------------
[{'stable': {}, 'free': np.float64(-20713.030816703224)}]
------------------------------------------
====================================
mu=-3.67, T=0.0340
====================================
  Seed: normal state
  Seed uu: [0.+0.j 0.+0.j 0.+0.j 0.+0.j], Seed dd: [0.+0.j 0.+0.j 0.+0.j 0.+0.j]
F_onsite: 0j
F_swave: 0j, F_dwave: 0j
F_px: 0j, F_py: 0j
Free_energy = -20713.434824431006
------------------------------------------
[{'stable': {}, 'free': np.float64(-20713.434824431006)}]
------------------------------------------
  Seed: uu:px
  Seed uu: [0.+0.j 0.+0.j 0.+0.j 0.+0.j], Seed dd: [0.+0.j 0.+0.j 0.+0.j 0.+0.j]
F_onsite: 0j
F_swave: 0j, F_dwave: 0j
F_px: 0j, F_py: 0j
Free_energy = -20713.434824431006
------------------------------------------
[{'stable': {}, 'free': np.float64(-20713.434824431006)}]
------------------------------------------
  Seed: uu:px+py
  Seed uu: [0.+0.j 0.+0.j 0.+0.j 0.+0.j], Seed dd: [0.+0.j 0.+0.j 0.+0.j 0.+0.j]
F_onsite: 0j
F_swave: 0j, F_dwave: 0j
F_px: 0j, F_py: 0j
Free_energy = -20713.434824431006
------------------------------------------
[{'stable': {}, 'free': np.float64(-20713.434824431006)}]
------------------------------------------
  Seed: uu:px+ipy
  Seed uu: [0.+0.j 0.+0.j 0.+0.j 0.+0.j], Seed dd: [0.+0.j 0.+0.j 0.+0.j 0.+0.j]
F_onsite: 0j
F_swave: 0j, F_dwave: 0j
F_px: 0j, F_py: 0j
Free_energy = -20713.434824431006
------------------------------------------
[{'stable': {}, 'free': np.float64(-20713.434824431006)}]
------------------------------------------
  Seed: dd:px
  Seed uu: [0.+0.j 0.+0.j 0.+0.j 0.+0.j], Seed dd: [0.+0.j 0.+0.j 0.+0.j 0.+0.j]
F_onsite: 0j
F_swave: 0j, F_dwave: 0j
F_px: 0j, F_py: 0j
Free_energy = -20713.434824431006
------------------------------------------
[{'stable': {}, 'free': np.float64(-20713.434824431006)}]
------------------------------------------
  Seed: dd:px+py
  Seed uu: [0.+0.j 0.+0.j 0.+0.j 0.+0.j], Seed dd: [0.+0.j 0.+0.j 0.+0.j 0.+0.j]
F_onsite: 0j
F_swave: 0j, F_dwave: 0j
F_px: 0j, F_py: 0j
Free_energy = -20713.434824431006
------------------------------------------
[{'stable': {}, 'free': np.float64(-20713.434824431006)}]
------------------------------------------
  Seed: dd:px+ipy
  Seed uu: [0.+0.j 0.+0.j 0.+0.j 0.+0.j], Seed dd: [0.+0.j 0.+0.j 0.+0.j 0.+0.j]
F_onsite: 0j
F_swave: 0j, F_dwave: 0j
F_px: 0j, F_py: 0j
Free_energy = -20713.434824431006
------------------------------------------
[{'stable': {}, 'free': np.float64(-20713.434824431006)}]
------------------------------------------
  Seed: uu+dd:px
  Seed uu: [0.+0.j 0.+0.j 0.+0.j 0.+0.j], Seed dd: [0.+0.j 0.+0.j 0.+0.j 0.+0.j]
F_onsite: 0j
F_swave: 0j, F_dwave: 0j
F_px: 0j, F_py: 0j
Free_energy = -20713.434824431006
------------------------------------------
[{'stable': {}, 'free': np.float64(-20713.434824431006)}]
------------------------------------------
  Seed: uu+dd:px+py
  Seed uu: [0.+0.j 0.+0.j 0.+0.j 0.+0.j], Seed dd: [0.+0.j 0.+0.j 0.+0.j 0.+0.j]
F_onsite: 0j
F_swave: 0j, F_dwave: 0j
F_px: 0j, F_py: 0j
Free_energy = -20713.434824431006
------------------------------------------
[{'stable': {}, 'free': np.float64(-20713.434824431006)}]
------------------------------------------
  Seed: uu+dd:px+ipy
  Seed uu: [0.+0.j 0.+0.j 0.+0.j 0.+0.j], Seed dd: [0.+0.j 0.+0.j 0.+0.j 0.+0.j]
F_onsite: 0j
F_swave: 0j, F_dwave: 0j
F_px: 0j, F_py: 0j
Free_energy = -20713.434824431006
------------------------------------------
[{'stable': {}, 'free': np.float64(-20713.434824431006)}]
------------------------------------------
====================================
mu=-3.67, T=0.0381
====================================
  Seed: normal state
  Seed uu: [0.+0.j 0.+0.j 0.+0.j 0.+0.j], Seed dd: [0.+0.j 0.+0.j 0.+0.j 0.+0.j]
F_onsite: 0j
F_swave: 0j, F_dwave: 0j
F_px: 0j, F_py: 0j
Free_energy = -20713.891311984476
------------------------------------------
[{'stable': {}, 'free': np.float64(-20713.891311984476)}]
------------------------------------------
  Seed: uu:px
  Seed uu: [0.+0.j 0.+0.j 0.+0.j 0.+0.j], Seed dd: [0.+0.j 0.+0.j 0.+0.j 0.+0.j]
F_onsite: 0j
F_swave: 0j, F_dwave: 0j
F_px: 0j, F_py: 0j
Free_energy = -20713.891311984476
------------------------------------------
[{'stable': {}, 'free': np.float64(-20713.891311984476)}]
------------------------------------------
  Seed: uu:px+py
  Seed uu: [0.+0.j 0.+0.j 0.+0.j 0.+0.j], Seed dd: [0.+0.j 0.+0.j 0.+0.j 0.+0.j]
F_onsite: 0j
F_swave: 0j, F_dwave: 0j
F_px: 0j, F_py: 0j
Free_energy = -20713.891311984476
------------------------------------------
[{'stable': {}, 'free': np.float64(-20713.891311984476)}]
------------------------------------------
  Seed: uu:px+ipy
  Seed uu: [0.+0.j 0.+0.j 0.+0.j 0.+0.j], Seed dd: [0.+0.j 0.+0.j 0.+0.j 0.+0.j]
F_onsite: 0j
F_swave: 0j, F_dwave: 0j
F_px: 0j, F_py: 0j
Free_energy = -20713.891311984476
------------------------------------------
[{'stable': {}, 'free': np.float64(-20713.891311984476)}]
------------------------------------------
  Seed: dd:px
  Seed uu: [0.+0.j 0.+0.j 0.+0.j 0.+0.j], Seed dd: [0.+0.j 0.+0.j 0.+0.j 0.+0.j]
F_onsite: 0j
F_swave: 0j, F_dwave: 0j
F_px: 0j, F_py: 0j
Free_energy = -20713.891311984476
------------------------------------------
[{'stable': {}, 'free': np.float64(-20713.891311984476)}]
------------------------------------------
  Seed: dd:px+py
  Seed uu: [0.+0.j 0.+0.j 0.+0.j 0.+0.j], Seed dd: [0.+0.j 0.+0.j 0.+0.j 0.+0.j]
F_onsite: 0j
F_swave: 0j, F_dwave: 0j
F_px: 0j, F_py: 0j
Free_energy = -20713.891311984476
------------------------------------------
[{'stable': {}, 'free': np.float64(-20713.891311984476)}]
------------------------------------------
  Seed: dd:px+ipy
  Seed uu: [0.+0.j 0.+0.j 0.+0.j 0.+0.j], Seed dd: [0.+0.j 0.+0.j 0.+0.j 0.+0.j]
F_onsite: 0j
F_swave: 0j, F_dwave: 0j
F_px: 0j, F_py: 0j
Free_energy = -20713.891311984476
------------------------------------------
[{'stable': {}, 'free': np.float64(-20713.891311984476)}]
------------------------------------------
  Seed: uu+dd:px
  Seed uu: [0.+0.j 0.+0.j 0.+0.j 0.+0.j], Seed dd: [0.+0.j 0.+0.j 0.+0.j 0.+0.j]
F_onsite: 0j
F_swave: 0j, F_dwave: 0j
F_px: 0j, F_py: 0j
Free_energy = -20713.891311984476
------------------------------------------
[{'stable': {}, 'free': np.float64(-20713.891311984476)}]
------------------------------------------
  Seed: uu+dd:px+py
  Seed uu: [0.+0.j 0.+0.j 0.+0.j 0.+0.j], Seed dd: [0.+0.j 0.+0.j 0.+0.j 0.+0.j]
F_onsite: 0j
F_swave: 0j, F_dwave: 0j
F_px: 0j, F_py: 0j
Free_energy = -20713.891311984476
------------------------------------------
[{'stable': {}, 'free': np.float64(-20713.891311984476)}]
------------------------------------------
  Seed: uu+dd:px+ipy
  Seed uu: [0.+0.j 0.+0.j 0.+0.j 0.+0.j], Seed dd: [0.+0.j 0.+0.j 0.+0.j 0.+0.j]
F_onsite: 0j
F_swave: 0j, F_dwave: 0j
F_px: 0j, F_py: 0j
Free_energy = -20713.891311984476
------------------------------------------
[{'stable': {}, 'free': np.float64(-20713.891311984476)}]
------------------------------------------
====================================
mu=-3.67, T=0.0423
====================================
  Seed: normal state
  Seed uu: [0.+0.j 0.+0.j 0.+0.j 0.+0.j], Seed dd: [0.+0.j 0.+0.j 0.+0.j 0.+0.j]
F_onsite: 0j
F_swave: 0j, F_dwave: 0j
F_px: 0j, F_py: 0j
Free_energy = -20714.39999287324
------------------------------------------
[{'stable': {}, 'free': np.float64(-20714.39999287324)}]
------------------------------------------
  Seed: uu:px
  Seed uu: [0.+0.j 0.+0.j 0.+0.j 0.+0.j], Seed dd: [0.+0.j 0.+0.j 0.+0.j 0.+0.j]
F_onsite: 0j
F_swave: 0j, F_dwave: 0j
F_px: 0j, F_py: 0j
Free_energy = -20714.39999287324
------------------------------------------
[{'stable': {}, 'free': np.float64(-20714.39999287324)}]
------------------------------------------
  Seed: uu:px+py
  Seed uu: [0.+0.j 0.+0.j 0.+0.j 0.+0.j], Seed dd: [0.+0.j 0.+0.j 0.+0.j 0.+0.j]
F_onsite: 0j
F_swave: 0j, F_dwave: 0j
F_px: 0j, F_py: 0j
Free_energy = -20714.39999287324
------------------------------------------
[{'stable': {}, 'free': np.float64(-20714.39999287324)}]
------------------------------------------
  Seed: uu:px+ipy
  Seed uu: [0.+0.j 0.+0.j 0.+0.j 0.+0.j], Seed dd: [0.+0.j 0.+0.j 0.+0.j 0.+0.j]
F_onsite: 0j
F_swave: 0j, F_dwave: 0j
F_px: 0j, F_py: 0j
Free_energy = -20714.39999287324
------------------------------------------
[{'stable': {}, 'free': np.float64(-20714.39999287324)}]
------------------------------------------
  Seed: dd:px
  Seed uu: [0.+0.j 0.+0.j 0.+0.j 0.+0.j], Seed dd: [0.+0.j 0.+0.j 0.+0.j 0.+0.j]
F_onsite: 0j
F_swave: 0j, F_dwave: 0j
F_px: 0j, F_py: 0j
Free_energy = -20714.39999287324
------------------------------------------
[{'stable': {}, 'free': np.float64(-20714.39999287324)}]
------------------------------------------
  Seed: dd:px+py
  Seed uu: [0.+0.j 0.+0.j 0.+0.j 0.+0.j], Seed dd: [0.+0.j 0.+0.j 0.+0.j 0.+0.j]
F_onsite: 0j
F_swave: 0j, F_dwave: 0j
F_px: 0j, F_py: 0j
Free_energy = -20714.39999287324
------------------------------------------
[{'stable': {}, 'free': np.float64(-20714.39999287324)}]
------------------------------------------
  Seed: dd:px+ipy
  Seed uu: [0.+0.j 0.+0.j 0.+0.j 0.+0.j], Seed dd: [0.+0.j 0.+0.j 0.+0.j 0.+0.j]
F_onsite: 0j
F_swave: 0j, F_dwave: 0j
F_px: 0j, F_py: 0j
Free_energy = -20714.39999287324
------------------------------------------
[{'stable': {}, 'free': np.float64(-20714.39999287324)}]
------------------------------------------
  Seed: uu+dd:px
  Seed uu: [0.+0.j 0.+0.j 0.+0.j 0.+0.j], Seed dd: [0.+0.j 0.+0.j 0.+0.j 0.+0.j]
F_onsite: 0j
F_swave: 0j, F_dwave: 0j
F_px: 0j, F_py: 0j
Free_energy = -20714.39999287324
------------------------------------------
[{'stable': {}, 'free': np.float64(-20714.39999287324)}]
------------------------------------------
  Seed: uu+dd:px+py
  Seed uu: [0.+0.j 0.+0.j 0.+0.j 0.+0.j], Seed dd: [0.+0.j 0.+0.j 0.+0.j 0.+0.j]
F_onsite: 0j
F_swave: 0j, F_dwave: 0j
F_px: 0j, F_py: 0j
Free_energy = -20714.39999287324
------------------------------------------
[{'stable': {}, 'free': np.float64(-20714.39999287324)}]
------------------------------------------
  Seed: uu+dd:px+ipy
  Seed uu: [0.+0.j 0.+0.j 0.+0.j 0.+0.j], Seed dd: [0.+0.j 0.+0.j 0.+0.j 0.+0.j]
F_onsite: 0j
F_swave: 0j, F_dwave: 0j
F_px: 0j, F_py: 0j
Free_energy = -20714.39999287324
------------------------------------------
[{'stable': {}, 'free': np.float64(-20714.39999287324)}]
------------------------------------------
====================================
mu=-3.67, T=0.0464
====================================
  Seed: normal state
  Seed uu: [0.+0.j 0.+0.j 0.+0.j 0.+0.j], Seed dd: [0.+0.j 0.+0.j 0.+0.j 0.+0.j]
F_onsite: 0j
F_swave: 0j, F_dwave: 0j
F_px: 0j, F_py: 0j
Free_energy = -20714.960546507933
------------------------------------------
[{'stable': {}, 'free': np.float64(-20714.960546507933)}]
------------------------------------------
  Seed: uu:px
  Seed uu: [0.+0.j 0.+0.j 0.+0.j 0.+0.j], Seed dd: [0.+0.j 0.+0.j 0.+0.j 0.+0.j]
F_onsite: 0j
F_swave: 0j, F_dwave: 0j
F_px: 0j, F_py: 0j
Free_energy = -20714.960546507933
------------------------------------------
[{'stable': {}, 'free': np.float64(-20714.960546507933)}]
------------------------------------------
  Seed: uu:px+py
  Seed uu: [0.+0.j 0.+0.j 0.+0.j 0.+0.j], Seed dd: [0.+0.j 0.+0.j 0.+0.j 0.+0.j]
F_onsite: 0j
F_swave: 0j, F_dwave: 0j
F_px: 0j, F_py: 0j
Free_energy = -20714.960546507933
------------------------------------------
[{'stable': {}, 'free': np.float64(-20714.960546507933)}]
------------------------------------------
  Seed: uu:px+ipy
  Seed uu: [0.+0.j 0.+0.j 0.+0.j 0.+0.j], Seed dd: [0.+0.j 0.+0.j 0.+0.j 0.+0.j]
F_onsite: 0j
F_swave: 0j, F_dwave: 0j
F_px: 0j, F_py: 0j
Free_energy = -20714.960546507933
------------------------------------------
[{'stable': {}, 'free': np.float64(-20714.960546507933)}]
------------------------------------------
  Seed: dd:px
  Seed uu: [0.+0.j 0.+0.j 0.+0.j 0.+0.j], Seed dd: [0.+0.j 0.+0.j 0.+0.j 0.+0.j]
F_onsite: 0j
F_swave: 0j, F_dwave: 0j
F_px: 0j, F_py: 0j
Free_energy = -20714.960546507933
------------------------------------------
[{'stable': {}, 'free': np.float64(-20714.960546507933)}]
------------------------------------------
  Seed: dd:px+py
  Seed uu: [0.+0.j 0.+0.j 0.+0.j 0.+0.j], Seed dd: [0.+0.j 0.+0.j 0.+0.j 0.+0.j]
F_onsite: 0j
F_swave: 0j, F_dwave: 0j
F_px: 0j, F_py: 0j
Free_energy = -20714.960546507933
------------------------------------------
[{'stable': {}, 'free': np.float64(-20714.960546507933)}]
------------------------------------------
  Seed: dd:px+ipy
  Seed uu: [0.+0.j 0.+0.j 0.+0.j 0.+0.j], Seed dd: [0.+0.j 0.+0.j 0.+0.j 0.+0.j]
F_onsite: 0j
F_swave: 0j, F_dwave: 0j
F_px: 0j, F_py: 0j
Free_energy = -20714.960546507933
------------------------------------------
[{'stable': {}, 'free': np.float64(-20714.960546507933)}]
------------------------------------------
  Seed: uu+dd:px
  Seed uu: [0.+0.j 0.+0.j 0.+0.j 0.+0.j], Seed dd: [0.+0.j 0.+0.j 0.+0.j 0.+0.j]
F_onsite: 0j
F_swave: 0j, F_dwave: 0j
F_px: 0j, F_py: 0j
Free_energy = -20714.960546507933
------------------------------------------
[{'stable': {}, 'free': np.float64(-20714.960546507933)}]
------------------------------------------
  Seed: uu+dd:px+py
  Seed uu: [0.+0.j 0.+0.j 0.+0.j 0.+0.j], Seed dd: [0.+0.j 0.+0.j 0.+0.j 0.+0.j]
F_onsite: 0j
F_swave: 0j, F_dwave: 0j
F_px: 0j, F_py: 0j
Free_energy = -20714.960546507933
------------------------------------------
[{'stable': {}, 'free': np.float64(-20714.960546507933)}]
------------------------------------------
  Seed: uu+dd:px+ipy
  Seed uu: [0.+0.j 0.+0.j 0.+0.j 0.+0.j], Seed dd: [0.+0.j 0.+0.j 0.+0.j 0.+0.j]
F_onsite: 0j
F_swave: 0j, F_dwave: 0j
F_px: 0j, F_py: 0j
Free_energy = -20714.960546507933
------------------------------------------
[{'stable': {}, 'free': np.float64(-20714.960546507933)}]
------------------------------------------
====================================
mu=-3.67, T=0.0505
====================================
  Seed: normal state
  Seed uu: [0.+0.j 0.+0.j 0.+0.j 0.+0.j], Seed dd: [0.+0.j 0.+0.j 0.+0.j 0.+0.j]
F_onsite: 0j
F_swave: 0j, F_dwave: 0j
F_px: 0j, F_py: 0j
Free_energy = -20715.572580427095
------------------------------------------
[{'stable': {}, 'free': np.float64(-20715.572580427095)}]
------------------------------------------
  Seed: uu:px
  Seed uu: [0.+0.j 0.+0.j 0.+0.j 0.+0.j], Seed dd: [0.+0.j 0.+0.j 0.+0.j 0.+0.j]
F_onsite: 0j
F_swave: 0j, F_dwave: 0j
F_px: 0j, F_py: 0j
Free_energy = -20715.572580427095
------------------------------------------
[{'stable': {}, 'free': np.float64(-20715.572580427095)}]
------------------------------------------
  Seed: uu:px+py
  Seed uu: [0.+0.j 0.+0.j 0.+0.j 0.+0.j], Seed dd: [0.+0.j 0.+0.j 0.+0.j 0.+0.j]
F_onsite: 0j
F_swave: 0j, F_dwave: 0j
F_px: 0j, F_py: 0j
Free_energy = -20715.572580427095
------------------------------------------
[{'stable': {}, 'free': np.float64(-20715.572580427095)}]
------------------------------------------
  Seed: uu:px+ipy
  Seed uu: [0.+0.j 0.+0.j 0.+0.j 0.+0.j], Seed dd: [0.+0.j 0.+0.j 0.+0.j 0.+0.j]
F_onsite: 0j
F_swave: 0j, F_dwave: 0j
F_px: 0j, F_py: 0j
Free_energy = -20715.572580427095
------------------------------------------
[{'stable': {}, 'free': np.float64(-20715.572580427095)}]
------------------------------------------
  Seed: dd:px
  Seed uu: [0.+0.j 0.+0.j 0.+0.j 0.+0.j], Seed dd: [0.+0.j 0.+0.j 0.+0.j 0.+0.j]
F_onsite: 0j
F_swave: 0j, F_dwave: 0j
F_px: 0j, F_py: 0j
Free_energy = -20715.572580427095
------------------------------------------
[{'stable': {}, 'free': np.float64(-20715.572580427095)}]
------------------------------------------
  Seed: dd:px+py
  Seed uu: [0.+0.j 0.+0.j 0.+0.j 0.+0.j], Seed dd: [0.+0.j 0.+0.j 0.+0.j 0.+0.j]
F_onsite: 0j
F_swave: 0j, F_dwave: 0j
F_px: 0j, F_py: 0j
Free_energy = -20715.572580427095
------------------------------------------
[{'stable': {}, 'free': np.float64(-20715.572580427095)}]
------------------------------------------
  Seed: dd:px+ipy
  Seed uu: [0.+0.j 0.+0.j 0.+0.j 0.+0.j], Seed dd: [0.+0.j 0.+0.j 0.+0.j 0.+0.j]
F_onsite: 0j
F_swave: 0j, F_dwave: 0j
F_px: 0j, F_py: 0j
Free_energy = -20715.572580427095
------------------------------------------
[{'stable': {}, 'free': np.float64(-20715.572580427095)}]
------------------------------------------
  Seed: uu+dd:px
  Seed uu: [0.+0.j 0.+0.j 0.+0.j 0.+0.j], Seed dd: [0.+0.j 0.+0.j 0.+0.j 0.+0.j]
F_onsite: 0j
F_swave: 0j, F_dwave: 0j
F_px: 0j, F_py: 0j
Free_energy = -20715.572580427095
------------------------------------------
[{'stable': {}, 'free': np.float64(-20715.572580427095)}]
------------------------------------------
  Seed: uu+dd:px+py
  Seed uu: [0.+0.j 0.+0.j 0.+0.j 0.+0.j], Seed dd: [0.+0.j 0.+0.j 0.+0.j 0.+0.j]
F_onsite: 0j
F_swave: 0j, F_dwave: 0j
F_px: 0j, F_py: 0j
Free_energy = -20715.572580427095
------------------------------------------
[{'stable': {}, 'free': np.float64(-20715.572580427095)}]
------------------------------------------
  Seed: uu+dd:px+ipy
  Seed uu: [0.+0.j 0.+0.j 0.+0.j 0.+0.j], Seed dd: [0.+0.j 0.+0.j 0.+0.j 0.+0.j]
F_onsite: 0j
F_swave: 0j, F_dwave: 0j
F_px: 0j, F_py: 0j
Free_energy = -20715.572580427095
------------------------------------------
[{'stable': {}, 'free': np.float64(-20715.572580427095)}]
------------------------------------------
====================================
mu=-3.67, T=0.0546
====================================
  Seed: normal state
  Seed uu: [0.+0.j 0.+0.j 0.+0.j 0.+0.j], Seed dd: [0.+0.j 0.+0.j 0.+0.j 0.+0.j]
F_onsite: 0j
F_swave: 0j, F_dwave: 0j
F_px: 0j, F_py: 0j
Free_energy = -20716.235613930334
------------------------------------------
[{'stable': {}, 'free': np.float64(-20716.235613930334)}]
------------------------------------------
  Seed: uu:px
  Seed uu: [0.+0.j 0.+0.j 0.+0.j 0.+0.j], Seed dd: [0.+0.j 0.+0.j 0.+0.j 0.+0.j]
F_onsite: 0j
F_swave: 0j, F_dwave: 0j
F_px: 0j, F_py: 0j
Free_energy = -20716.235613930334
------------------------------------------
[{'stable': {}, 'free': np.float64(-20716.235613930334)}]
------------------------------------------
  Seed: uu:px+py
  Seed uu: [0.+0.j 0.+0.j 0.+0.j 0.+0.j], Seed dd: [0.+0.j 0.+0.j 0.+0.j 0.+0.j]
F_onsite: 0j
F_swave: 0j, F_dwave: 0j
F_px: 0j, F_py: 0j
Free_energy = -20716.235613930334
------------------------------------------
[{'stable': {}, 'free': np.float64(-20716.235613930334)}]
------------------------------------------
  Seed: uu:px+ipy
  Seed uu: [0.+0.j 0.+0.j 0.+0.j 0.+0.j], Seed dd: [0.+0.j 0.+0.j 0.+0.j 0.+0.j]
F_onsite: 0j
F_swave: 0j, F_dwave: 0j
F_px: 0j, F_py: 0j
Free_energy = -20716.235613930334
------------------------------------------
[{'stable': {}, 'free': np.float64(-20716.235613930334)}]
------------------------------------------
  Seed: dd:px
  Seed uu: [0.+0.j 0.+0.j 0.+0.j 0.+0.j], Seed dd: [0.+0.j 0.+0.j 0.+0.j 0.+0.j]
F_onsite: 0j
F_swave: 0j, F_dwave: 0j
F_px: 0j, F_py: 0j
Free_energy = -20716.235613930334
------------------------------------------
[{'stable': {}, 'free': np.float64(-20716.235613930334)}]
------------------------------------------
  Seed: dd:px+py
  Seed uu: [0.+0.j 0.+0.j 0.+0.j 0.+0.j], Seed dd: [0.+0.j 0.+0.j 0.+0.j 0.+0.j]
F_onsite: 0j
F_swave: 0j, F_dwave: 0j
F_px: 0j, F_py: 0j
Free_energy = -20716.235613930334
------------------------------------------
[{'stable': {}, 'free': np.float64(-20716.235613930334)}]
------------------------------------------
  Seed: dd:px+ipy
  Seed uu: [0.+0.j 0.+0.j 0.+0.j 0.+0.j], Seed dd: [0.+0.j 0.+0.j 0.+0.j 0.+0.j]
F_onsite: 0j
F_swave: 0j, F_dwave: 0j
F_px: 0j, F_py: 0j
Free_energy = -20716.235613930334
------------------------------------------
[{'stable': {}, 'free': np.float64(-20716.235613930334)}]
------------------------------------------
  Seed: uu+dd:px
  Seed uu: [0.+0.j 0.+0.j 0.+0.j 0.+0.j], Seed dd: [0.+0.j 0.+0.j 0.+0.j 0.+0.j]
F_onsite: 0j
F_swave: 0j, F_dwave: 0j
F_px: 0j, F_py: 0j
Free_energy = -20716.235613930334
------------------------------------------
[{'stable': {}, 'free': np.float64(-20716.235613930334)}]
------------------------------------------
  Seed: uu+dd:px+py
  Seed uu: [0.+0.j 0.+0.j 0.+0.j 0.+0.j], Seed dd: [0.+0.j 0.+0.j 0.+0.j 0.+0.j]
F_onsite: 0j
F_swave: 0j, F_dwave: 0j
F_px: 0j, F_py: 0j
Free_energy = -20716.235613930334
------------------------------------------
[{'stable': {}, 'free': np.float64(-20716.235613930334)}]
------------------------------------------
  Seed: uu+dd:px+ipy
  Seed uu: [0.+0.j 0.+0.j 0.+0.j 0.+0.j], Seed dd: [0.+0.j 0.+0.j 0.+0.j 0.+0.j]
F_onsite: 0j
F_swave: 0j, F_dwave: 0j
F_px: 0j, F_py: 0j
Free_energy = -20716.235613930334
------------------------------------------
[{'stable': {}, 'free': np.float64(-20716.235613930334)}]
------------------------------------------
====================================
mu=-3.67, T=0.0588
====================================
  Seed: normal state
  Seed uu: [0.+0.j 0.+0.j 0.+0.j 0.+0.j], Seed dd: [0.+0.j 0.+0.j 0.+0.j 0.+0.j]
F_onsite: 0j
F_swave: 0j, F_dwave: 0j
F_px: 0j, F_py: 0j
Free_energy = -20716.94907643658
------------------------------------------
[{'stable': {}, 'free': np.float64(-20716.94907643658)}]
------------------------------------------
  Seed: uu:px
  Seed uu: [0.+0.j 0.+0.j 0.+0.j 0.+0.j], Seed dd: [0.+0.j 0.+0.j 0.+0.j 0.+0.j]
F_onsite: 0j
F_swave: 0j, F_dwave: 0j
F_px: 0j, F_py: 0j
Free_energy = -20716.94907643658
------------------------------------------
[{'stable': {}, 'free': np.float64(-20716.94907643658)}]
------------------------------------------
  Seed: uu:px+py
  Seed uu: [0.+0.j 0.+0.j 0.+0.j 0.+0.j], Seed dd: [0.+0.j 0.+0.j 0.+0.j 0.+0.j]
F_onsite: 0j
F_swave: 0j, F_dwave: 0j
F_px: 0j, F_py: 0j
Free_energy = -20716.94907643658
------------------------------------------
[{'stable': {}, 'free': np.float64(-20716.94907643658)}]
------------------------------------------
  Seed: uu:px+ipy
  Seed uu: [0.+0.j 0.+0.j 0.+0.j 0.+0.j], Seed dd: [0.+0.j 0.+0.j 0.+0.j 0.+0.j]
F_onsite: 0j
F_swave: 0j, F_dwave: 0j
F_px: 0j, F_py: 0j
Free_energy = -20716.94907643658
------------------------------------------
[{'stable': {}, 'free': np.float64(-20716.94907643658)}]
------------------------------------------
  Seed: dd:px
  Seed uu: [0.+0.j 0.+0.j 0.+0.j 0.+0.j], Seed dd: [0.+0.j 0.+0.j 0.+0.j 0.+0.j]
F_onsite: 0j
F_swave: 0j, F_dwave: 0j
F_px: 0j, F_py: 0j
Free_energy = -20716.94907643658
------------------------------------------
[{'stable': {}, 'free': np.float64(-20716.94907643658)}]
------------------------------------------
  Seed: dd:px+py
  Seed uu: [0.+0.j 0.+0.j 0.+0.j 0.+0.j], Seed dd: [0.+0.j 0.+0.j 0.+0.j 0.+0.j]
F_onsite: 0j
F_swave: 0j, F_dwave: 0j
F_px: 0j, F_py: 0j
Free_energy = -20716.94907643658
------------------------------------------
[{'stable': {}, 'free': np.float64(-20716.94907643658)}]
------------------------------------------
  Seed: dd:px+ipy
  Seed uu: [0.+0.j 0.+0.j 0.+0.j 0.+0.j], Seed dd: [0.+0.j 0.+0.j 0.+0.j 0.+0.j]
F_onsite: 0j
F_swave: 0j, F_dwave: 0j
F_px: 0j, F_py: 0j
Free_energy = -20716.94907643658
------------------------------------------
[{'stable': {}, 'free': np.float64(-20716.94907643658)}]
------------------------------------------
  Seed: uu+dd:px
  Seed uu: [0.+0.j 0.+0.j 0.+0.j 0.+0.j], Seed dd: [0.+0.j 0.+0.j 0.+0.j 0.+0.j]
F_onsite: 0j
F_swave: 0j, F_dwave: 0j
F_px: 0j, F_py: 0j
Free_energy = -20716.94907643658
------------------------------------------
[{'stable': {}, 'free': np.float64(-20716.94907643658)}]
------------------------------------------
  Seed: uu+dd:px+py
  Seed uu: [0.+0.j 0.+0.j 0.+0.j 0.+0.j], Seed dd: [0.+0.j 0.+0.j 0.+0.j 0.+0.j]
F_onsite: 0j
F_swave: 0j, F_dwave: 0j
F_px: 0j, F_py: 0j
Free_energy = -20716.94907643658
------------------------------------------
[{'stable': {}, 'free': np.float64(-20716.94907643658)}]
------------------------------------------
  Seed: uu+dd:px+ipy
  Seed uu: [0.+0.j 0.+0.j 0.+0.j 0.+0.j], Seed dd: [0.+0.j 0.+0.j 0.+0.j 0.+0.j]
F_onsite: 0j
F_swave: 0j, F_dwave: 0j
F_px: 0j, F_py: 0j
Free_energy = -20716.94907643658
------------------------------------------
[{'stable': {}, 'free': np.float64(-20716.94907643658)}]
------------------------------------------
====================================
mu=-3.67, T=0.0629
====================================
  Seed: normal state
  Seed uu: [0.+0.j 0.+0.j 0.+0.j 0.+0.j], Seed dd: [0.+0.j 0.+0.j 0.+0.j 0.+0.j]
F_onsite: 0j
F_swave: 0j, F_dwave: 0j
F_px: 0j, F_py: 0j
Free_energy = -20717.712315345332
------------------------------------------
[{'stable': {}, 'free': np.float64(-20717.712315345332)}]
------------------------------------------
  Seed: uu:px
  Seed uu: [0.+0.j 0.+0.j 0.+0.j 0.+0.j], Seed dd: [0.+0.j 0.+0.j 0.+0.j 0.+0.j]
F_onsite: 0j
F_swave: 0j, F_dwave: 0j
F_px: 0j, F_py: 0j
Free_energy = -20717.712315345332
------------------------------------------
[{'stable': {}, 'free': np.float64(-20717.712315345332)}]
------------------------------------------
  Seed: uu:px+py
  Seed uu: [0.+0.j 0.+0.j 0.+0.j 0.+0.j], Seed dd: [0.+0.j 0.+0.j 0.+0.j 0.+0.j]
F_onsite: 0j
F_swave: 0j, F_dwave: 0j
F_px: 0j, F_py: 0j
Free_energy = -20717.712315345332
------------------------------------------
[{'stable': {}, 'free': np.float64(-20717.712315345332)}]
------------------------------------------
  Seed: uu:px+ipy
  Seed uu: [0.+0.j 0.+0.j 0.+0.j 0.+0.j], Seed dd: [0.+0.j 0.+0.j 0.+0.j 0.+0.j]
F_onsite: 0j
F_swave: 0j, F_dwave: 0j
F_px: 0j, F_py: 0j
Free_energy = -20717.712315345332
------------------------------------------
[{'stable': {}, 'free': np.float64(-20717.712315345332)}]
------------------------------------------
  Seed: dd:px
  Seed uu: [0.+0.j 0.+0.j 0.+0.j 0.+0.j], Seed dd: [0.+0.j 0.+0.j 0.+0.j 0.+0.j]
F_onsite: 0j
F_swave: 0j, F_dwave: 0j
F_px: 0j, F_py: 0j
Free_energy = -20717.712315345332
------------------------------------------
[{'stable': {}, 'free': np.float64(-20717.712315345332)}]
------------------------------------------
  Seed: dd:px+py
  Seed uu: [0.+0.j 0.+0.j 0.+0.j 0.+0.j], Seed dd: [0.+0.j 0.+0.j 0.+0.j 0.+0.j]
F_onsite: 0j
F_swave: 0j, F_dwave: 0j
F_px: 0j, F_py: 0j
Free_energy = -20717.712315345332
------------------------------------------
[{'stable': {}, 'free': np.float64(-20717.712315345332)}]
------------------------------------------
  Seed: dd:px+ipy
  Seed uu: [0.+0.j 0.+0.j 0.+0.j 0.+0.j], Seed dd: [0.+0.j 0.+0.j 0.+0.j 0.+0.j]
F_onsite: 0j
F_swave: 0j, F_dwave: 0j
F_px: 0j, F_py: 0j
Free_energy = -20717.712315345332
------------------------------------------
[{'stable': {}, 'free': np.float64(-20717.712315345332)}]
------------------------------------------
  Seed: uu+dd:px
  Seed uu: [0.+0.j 0.+0.j 0.+0.j 0.+0.j], Seed dd: [0.+0.j 0.+0.j 0.+0.j 0.+0.j]
F_onsite: 0j
F_swave: 0j, F_dwave: 0j
F_px: 0j, F_py: 0j
Free_energy = -20717.712315345332
------------------------------------------
[{'stable': {}, 'free': np.float64(-20717.712315345332)}]
------------------------------------------
  Seed: uu+dd:px+py
  Seed uu: [0.+0.j 0.+0.j 0.+0.j 0.+0.j], Seed dd: [0.+0.j 0.+0.j 0.+0.j 0.+0.j]
F_onsite: 0j
F_swave: 0j, F_dwave: 0j
F_px: 0j, F_py: 0j
Free_energy = -20717.712315345332
------------------------------------------
[{'stable': {}, 'free': np.float64(-20717.712315345332)}]
------------------------------------------
  Seed: uu+dd:px+ipy
  Seed uu: [0.+0.j 0.+0.j 0.+0.j 0.+0.j], Seed dd: [0.+0.j 0.+0.j 0.+0.j 0.+0.j]
F_onsite: 0j
F_swave: 0j, F_dwave: 0j
F_px: 0j, F_py: 0j
Free_energy = -20717.712315345332
------------------------------------------
[{'stable': {}, 'free': np.float64(-20717.712315345332)}]
------------------------------------------
====================================
mu=-3.67, T=0.0670
====================================
  Seed: normal state
  Seed uu: [0.+0.j 0.+0.j 0.+0.j 0.+0.j], Seed dd: [0.+0.j 0.+0.j 0.+0.j 0.+0.j]
F_onsite: 0j
F_swave: 0j, F_dwave: 0j
F_px: 0j, F_py: 0j
Free_energy = -20718.52460931576
------------------------------------------
[{'stable': {}, 'free': np.float64(-20718.52460931576)}]
------------------------------------------
  Seed: uu:px
  Seed uu: [0.+0.j 0.+0.j 0.+0.j 0.+0.j], Seed dd: [0.+0.j 0.+0.j 0.+0.j 0.+0.j]
F_onsite: 0j
F_swave: 0j, F_dwave: 0j
F_px: 0j, F_py: 0j
Free_energy = -20718.52460931576
------------------------------------------
[{'stable': {}, 'free': np.float64(-20718.52460931576)}]
------------------------------------------
  Seed: uu:px+py
  Seed uu: [0.+0.j 0.+0.j 0.+0.j 0.+0.j], Seed dd: [0.+0.j 0.+0.j 0.+0.j 0.+0.j]
F_onsite: 0j
F_swave: 0j, F_dwave: 0j
F_px: 0j, F_py: 0j
Free_energy = -20718.52460931576
------------------------------------------
[{'stable': {}, 'free': np.float64(-20718.52460931576)}]
------------------------------------------
  Seed: uu:px+ipy
  Seed uu: [0.+0.j 0.+0.j 0.+0.j 0.+0.j], Seed dd: [0.+0.j 0.+0.j 0.+0.j 0.+0.j]
F_onsite: 0j
F_swave: 0j, F_dwave: 0j
F_px: 0j, F_py: 0j
Free_energy = -20718.52460931576
------------------------------------------
[{'stable': {}, 'free': np.float64(-20718.52460931576)}]
------------------------------------------
  Seed: dd:px
  Seed uu: [0.+0.j 0.+0.j 0.+0.j 0.+0.j], Seed dd: [0.+0.j 0.+0.j 0.+0.j 0.+0.j]
F_onsite: 0j
F_swave: 0j, F_dwave: 0j
F_px: 0j, F_py: 0j
Free_energy = -20718.52460931576
------------------------------------------
[{'stable': {}, 'free': np.float64(-20718.52460931576)}]
------------------------------------------
  Seed: dd:px+py
  Seed uu: [0.+0.j 0.+0.j 0.+0.j 0.+0.j], Seed dd: [0.+0.j 0.+0.j 0.+0.j 0.+0.j]
F_onsite: 0j
F_swave: 0j, F_dwave: 0j
F_px: 0j, F_py: 0j
Free_energy = -20718.52460931576
------------------------------------------
[{'stable': {}, 'free': np.float64(-20718.52460931576)}]
------------------------------------------
  Seed: dd:px+ipy
  Seed uu: [0.+0.j 0.+0.j 0.+0.j 0.+0.j], Seed dd: [0.+0.j 0.+0.j 0.+0.j 0.+0.j]
F_onsite: 0j
F_swave: 0j, F_dwave: 0j
F_px: 0j, F_py: 0j
Free_energy = -20718.52460931576
------------------------------------------
[{'stable': {}, 'free': np.float64(-20718.52460931576)}]
------------------------------------------
  Seed: uu+dd:px
  Seed uu: [0.+0.j 0.+0.j 0.+0.j 0.+0.j], Seed dd: [0.+0.j 0.+0.j 0.+0.j 0.+0.j]
F_onsite: 0j
F_swave: 0j, F_dwave: 0j
F_px: 0j, F_py: 0j
Free_energy = -20718.52460931576
------------------------------------------
[{'stable': {}, 'free': np.float64(-20718.52460931576)}]
------------------------------------------
  Seed: uu+dd:px+py
  Seed uu: [0.+0.j 0.+0.j 0.+0.j 0.+0.j], Seed dd: [0.+0.j 0.+0.j 0.+0.j 0.+0.j]
F_onsite: 0j
F_swave: 0j, F_dwave: 0j
F_px: 0j, F_py: 0j
Free_energy = -20718.52460931576
------------------------------------------
[{'stable': {}, 'free': np.float64(-20718.52460931576)}]
------------------------------------------
  Seed: uu+dd:px+ipy
  Seed uu: [0.+0.j 0.+0.j 0.+0.j 0.+0.j], Seed dd: [0.+0.j 0.+0.j 0.+0.j 0.+0.j]
F_onsite: 0j
F_swave: 0j, F_dwave: 0j
F_px: 0j, F_py: 0j
Free_energy = -20718.52460931576
------------------------------------------
[{'stable': {}, 'free': np.float64(-20718.52460931576)}]
------------------------------------------
====================================
mu=-3.67, T=0.0711
====================================
  Seed: normal state
  Seed uu: [0.+0.j 0.+0.j 0.+0.j 0.+0.j], Seed dd: [0.+0.j 0.+0.j 0.+0.j 0.+0.j]
F_onsite: 0j
F_swave: 0j, F_dwave: 0j
F_px: 0j, F_py: 0j
Free_energy = -20719.38518394678
------------------------------------------
[{'stable': {}, 'free': np.float64(-20719.38518394678)}]
------------------------------------------
  Seed: uu:px
  Seed uu: [0.+0.j 0.+0.j 0.+0.j 0.+0.j], Seed dd: [0.+0.j 0.+0.j 0.+0.j 0.+0.j]
F_onsite: 0j
F_swave: 0j, F_dwave: 0j
F_px: 0j, F_py: 0j
Free_energy = -20719.38518394678
------------------------------------------
[{'stable': {}, 'free': np.float64(-20719.38518394678)}]
------------------------------------------
  Seed: uu:px+py
  Seed uu: [0.+0.j 0.+0.j 0.+0.j 0.+0.j], Seed dd: [0.+0.j 0.+0.j 0.+0.j 0.+0.j]
F_onsite: 0j
F_swave: 0j, F_dwave: 0j
F_px: 0j, F_py: 0j
Free_energy = -20719.38518394678
------------------------------------------
[{'stable': {}, 'free': np.float64(-20719.38518394678)}]
------------------------------------------
  Seed: uu:px+ipy
  Seed uu: [0.+0.j 0.+0.j 0.+0.j 0.+0.j], Seed dd: [0.+0.j 0.+0.j 0.+0.j 0.+0.j]
F_onsite: 0j
F_swave: 0j, F_dwave: 0j
F_px: 0j, F_py: 0j
Free_energy = -20719.38518394678
------------------------------------------
[{'stable': {}, 'free': np.float64(-20719.38518394678)}]
------------------------------------------
  Seed: dd:px
  Seed uu: [0.+0.j 0.+0.j 0.+0.j 0.+0.j], Seed dd: [0.+0.j 0.+0.j 0.+0.j 0.+0.j]
F_onsite: 0j
F_swave: 0j, F_dwave: 0j
F_px: 0j, F_py: 0j
Free_energy = -20719.38518394678
------------------------------------------
[{'stable': {}, 'free': np.float64(-20719.38518394678)}]
------------------------------------------
  Seed: dd:px+py
  Seed uu: [0.+0.j 0.+0.j 0.+0.j 0.+0.j], Seed dd: [0.+0.j 0.+0.j 0.+0.j 0.+0.j]
F_onsite: 0j
F_swave: 0j, F_dwave: 0j
F_px: 0j, F_py: 0j
Free_energy = -20719.38518394678
------------------------------------------
[{'stable': {}, 'free': np.float64(-20719.38518394678)}]
------------------------------------------
  Seed: dd:px+ipy
  Seed uu: [0.+0.j 0.+0.j 0.+0.j 0.+0.j], Seed dd: [0.+0.j 0.+0.j 0.+0.j 0.+0.j]
F_onsite: 0j
F_swave: 0j, F_dwave: 0j
F_px: 0j, F_py: 0j
Free_energy = -20719.38518394678
------------------------------------------
[{'stable': {}, 'free': np.float64(-20719.38518394678)}]
------------------------------------------
  Seed: uu+dd:px
  Seed uu: [0.+0.j 0.+0.j 0.+0.j 0.+0.j], Seed dd: [0.+0.j 0.+0.j 0.+0.j 0.+0.j]
F_onsite: 0j
F_swave: 0j, F_dwave: 0j
F_px: 0j, F_py: 0j
Free_energy = -20719.38518394678
------------------------------------------
[{'stable': {}, 'free': np.float64(-20719.38518394678)}]
------------------------------------------
  Seed: uu+dd:px+py
  Seed uu: [0.+0.j 0.+0.j 0.+0.j 0.+0.j], Seed dd: [0.+0.j 0.+0.j 0.+0.j 0.+0.j]
F_onsite: 0j
F_swave: 0j, F_dwave: 0j
F_px: 0j, F_py: 0j
Free_energy = -20719.38518394678
------------------------------------------
[{'stable': {}, 'free': np.float64(-20719.38518394678)}]
------------------------------------------
  Seed: uu+dd:px+ipy
  Seed uu: [0.+0.j 0.+0.j 0.+0.j 0.+0.j], Seed dd: [0.+0.j 0.+0.j 0.+0.j 0.+0.j]
F_onsite: 0j
F_swave: 0j, F_dwave: 0j
F_px: 0j, F_py: 0j
Free_energy = -20719.38518394678
------------------------------------------
[{'stable': {}, 'free': np.float64(-20719.38518394678)}]
------------------------------------------
====================================
mu=-3.67, T=0.0753
====================================
  Seed: normal state
  Seed uu: [0.+0.j 0.+0.j 0.+0.j 0.+0.j], Seed dd: [0.+0.j 0.+0.j 0.+0.j 0.+0.j]
F_onsite: 0j
F_swave: 0j, F_dwave: 0j
F_px: 0j, F_py: 0j
Free_energy = -20720.29322779622
------------------------------------------
[{'stable': {}, 'free': np.float64(-20720.29322779622)}]
------------------------------------------
  Seed: uu:px
  Seed uu: [0.+0.j 0.+0.j 0.+0.j 0.+0.j], Seed dd: [0.+0.j 0.+0.j 0.+0.j 0.+0.j]
F_onsite: 0j
F_swave: 0j, F_dwave: 0j
F_px: 0j, F_py: 0j
Free_energy = -20720.29322779622
------------------------------------------
[{'stable': {}, 'free': np.float64(-20720.29322779622)}]
------------------------------------------
  Seed: uu:px+py
  Seed uu: [0.+0.j 0.+0.j 0.+0.j 0.+0.j], Seed dd: [0.+0.j 0.+0.j 0.+0.j 0.+0.j]
F_onsite: 0j
F_swave: 0j, F_dwave: 0j
F_px: 0j, F_py: 0j
Free_energy = -20720.29322779622
------------------------------------------
[{'stable': {}, 'free': np.float64(-20720.29322779622)}]
------------------------------------------
  Seed: uu:px+ipy
  Seed uu: [0.+0.j 0.+0.j 0.+0.j 0.+0.j], Seed dd: [0.+0.j 0.+0.j 0.+0.j 0.+0.j]
F_onsite: 0j
F_swave: 0j, F_dwave: 0j
F_px: 0j, F_py: 0j
Free_energy = -20720.29322779622
------------------------------------------
[{'stable': {}, 'free': np.float64(-20720.29322779622)}]
------------------------------------------
  Seed: dd:px
  Seed uu: [0.+0.j 0.+0.j 0.+0.j 0.+0.j], Seed dd: [0.+0.j 0.+0.j 0.+0.j 0.+0.j]
F_onsite: 0j
F_swave: 0j, F_dwave: 0j
F_px: 0j, F_py: 0j
Free_energy = -20720.29322779622
------------------------------------------
[{'stable': {}, 'free': np.float64(-20720.29322779622)}]
------------------------------------------
  Seed: dd:px+py
  Seed uu: [0.+0.j 0.+0.j 0.+0.j 0.+0.j], Seed dd: [0.+0.j 0.+0.j 0.+0.j 0.+0.j]
F_onsite: 0j
F_swave: 0j, F_dwave: 0j
F_px: 0j, F_py: 0j
Free_energy = -20720.29322779622
------------------------------------------
[{'stable': {}, 'free': np.float64(-20720.29322779622)}]
------------------------------------------
  Seed: dd:px+ipy
  Seed uu: [0.+0.j 0.+0.j 0.+0.j 0.+0.j], Seed dd: [0.+0.j 0.+0.j 0.+0.j 0.+0.j]
F_onsite: 0j
F_swave: 0j, F_dwave: 0j
F_px: 0j, F_py: 0j
Free_energy = -20720.29322779622
------------------------------------------
[{'stable': {}, 'free': np.float64(-20720.29322779622)}]
------------------------------------------
  Seed: uu+dd:px
  Seed uu: [0.+0.j 0.+0.j 0.+0.j 0.+0.j], Seed dd: [0.+0.j 0.+0.j 0.+0.j 0.+0.j]
F_onsite: 0j
F_swave: 0j, F_dwave: 0j
F_px: 0j, F_py: 0j
Free_energy = -20720.29322779622
------------------------------------------
[{'stable': {}, 'free': np.float64(-20720.29322779622)}]
------------------------------------------
  Seed: uu+dd:px+py
  Seed uu: [0.+0.j 0.+0.j 0.+0.j 0.+0.j], Seed dd: [0.+0.j 0.+0.j 0.+0.j 0.+0.j]
F_onsite: 0j
F_swave: 0j, F_dwave: 0j
F_px: 0j, F_py: 0j
Free_energy = -20720.29322779622
------------------------------------------
[{'stable': {}, 'free': np.float64(-20720.29322779622)}]
------------------------------------------
  Seed: uu+dd:px+ipy
  Seed uu: [0.+0.j 0.+0.j 0.+0.j 0.+0.j], Seed dd: [0.+0.j 0.+0.j 0.+0.j 0.+0.j]
F_onsite: 0j
F_swave: 0j, F_dwave: 0j
F_px: 0j, F_py: 0j
Free_energy = -20720.29322779622
------------------------------------------
[{'stable': {}, 'free': np.float64(-20720.29322779622)}]
------------------------------------------
====================================
mu=-3.67, T=0.0794
====================================
  Seed: normal state
  Seed uu: [0.+0.j 0.+0.j 0.+0.j 0.+0.j], Seed dd: [0.+0.j 0.+0.j 0.+0.j 0.+0.j]
F_onsite: 0j
F_swave: 0j, F_dwave: 0j
F_px: 0j, F_py: 0j
Free_energy = -20721.247907456225
------------------------------------------
[{'stable': {}, 'free': np.float64(-20721.247907456225)}]
------------------------------------------
  Seed: uu:px
  Seed uu: [0.+0.j 0.+0.j 0.+0.j 0.+0.j], Seed dd: [0.+0.j 0.+0.j 0.+0.j 0.+0.j]
F_onsite: 0j
F_swave: 0j, F_dwave: 0j
F_px: 0j, F_py: 0j
Free_energy = -20721.247907456225
------------------------------------------
[{'stable': {}, 'free': np.float64(-20721.247907456225)}]
------------------------------------------
  Seed: uu:px+py
  Seed uu: [0.+0.j 0.+0.j 0.+0.j 0.+0.j], Seed dd: [0.+0.j 0.+0.j 0.+0.j 0.+0.j]
F_onsite: 0j
F_swave: 0j, F_dwave: 0j
F_px: 0j, F_py: 0j
Free_energy = -20721.247907456225
------------------------------------------
[{'stable': {}, 'free': np.float64(-20721.247907456225)}]
------------------------------------------
  Seed: uu:px+ipy
  Seed uu: [0.+0.j 0.+0.j 0.+0.j 0.+0.j], Seed dd: [0.+0.j 0.+0.j 0.+0.j 0.+0.j]
F_onsite: 0j
F_swave: 0j, F_dwave: 0j
F_px: 0j, F_py: 0j
Free_energy = -20721.247907456225
------------------------------------------
[{'stable': {}, 'free': np.float64(-20721.247907456225)}]
------------------------------------------
  Seed: dd:px
  Seed uu: [0.+0.j 0.+0.j 0.+0.j 0.+0.j], Seed dd: [0.+0.j 0.+0.j 0.+0.j 0.+0.j]
F_onsite: 0j
F_swave: 0j, F_dwave: 0j
F_px: 0j, F_py: 0j
Free_energy = -20721.247907456225
------------------------------------------
[{'stable': {}, 'free': np.float64(-20721.247907456225)}]
------------------------------------------
  Seed: dd:px+py
  Seed uu: [0.+0.j 0.+0.j 0.+0.j 0.+0.j], Seed dd: [0.+0.j 0.+0.j 0.+0.j 0.+0.j]
F_onsite: 0j
F_swave: 0j, F_dwave: 0j
F_px: 0j, F_py: 0j
Free_energy = -20721.247907456225
------------------------------------------
[{'stable': {}, 'free': np.float64(-20721.247907456225)}]
------------------------------------------
  Seed: dd:px+ipy
  Seed uu: [0.+0.j 0.+0.j 0.+0.j 0.+0.j], Seed dd: [0.+0.j 0.+0.j 0.+0.j 0.+0.j]
F_onsite: 0j
F_swave: 0j, F_dwave: 0j
F_px: 0j, F_py: 0j
Free_energy = -20721.247907456225
------------------------------------------
[{'stable': {}, 'free': np.float64(-20721.247907456225)}]
------------------------------------------
  Seed: uu+dd:px
  Seed uu: [0.+0.j 0.+0.j 0.+0.j 0.+0.j], Seed dd: [0.+0.j 0.+0.j 0.+0.j 0.+0.j]
F_onsite: 0j
F_swave: 0j, F_dwave: 0j
F_px: 0j, F_py: 0j
Free_energy = -20721.247907456225
------------------------------------------
[{'stable': {}, 'free': np.float64(-20721.247907456225)}]
------------------------------------------
  Seed: uu+dd:px+py
  Seed uu: [0.+0.j 0.+0.j 0.+0.j 0.+0.j], Seed dd: [0.+0.j 0.+0.j 0.+0.j 0.+0.j]
F_onsite: 0j
F_swave: 0j, F_dwave: 0j
F_px: 0j, F_py: 0j
Free_energy = -20721.247907456225
------------------------------------------
[{'stable': {}, 'free': np.float64(-20721.247907456225)}]
------------------------------------------
  Seed: uu+dd:px+ipy
  Seed uu: [0.+0.j 0.+0.j 0.+0.j 0.+0.j], Seed dd: [0.+0.j 0.+0.j 0.+0.j 0.+0.j]
F_onsite: 0j
F_swave: 0j, F_dwave: 0j
F_px: 0j, F_py: 0j
Free_energy = -20721.247907456225
------------------------------------------
[{'stable': {}, 'free': np.float64(-20721.247907456225)}]
------------------------------------------
====================================
mu=-3.67, T=0.0835
====================================
  Seed: normal state
  Seed uu: [0.+0.j 0.+0.j 0.+0.j 0.+0.j], Seed dd: [0.+0.j 0.+0.j 0.+0.j 0.+0.j]
F_onsite: 0j
F_swave: 0j, F_dwave: 0j
F_px: 0j, F_py: 0j
Free_energy = -20722.24838096803
------------------------------------------
[{'stable': {}, 'free': np.float64(-20722.24838096803)}]
------------------------------------------
  Seed: uu:px
  Seed uu: [0.+0.j 0.+0.j 0.+0.j 0.+0.j], Seed dd: [0.+0.j 0.+0.j 0.+0.j 0.+0.j]
F_onsite: 0j
F_swave: 0j, F_dwave: 0j
F_px: 0j, F_py: 0j
Free_energy = -20722.24838096803
------------------------------------------
[{'stable': {}, 'free': np.float64(-20722.24838096803)}]
------------------------------------------
  Seed: uu:px+py
  Seed uu: [0.+0.j 0.+0.j 0.+0.j 0.+0.j], Seed dd: [0.+0.j 0.+0.j 0.+0.j 0.+0.j]
F_onsite: 0j
F_swave: 0j, F_dwave: 0j
F_px: 0j, F_py: 0j
Free_energy = -20722.24838096803
------------------------------------------
[{'stable': {}, 'free': np.float64(-20722.24838096803)}]
------------------------------------------
  Seed: uu:px+ipy
  Seed uu: [0.+0.j 0.+0.j 0.+0.j 0.+0.j], Seed dd: [0.+0.j 0.+0.j 0.+0.j 0.+0.j]
F_onsite: 0j
F_swave: 0j, F_dwave: 0j
F_px: 0j, F_py: 0j
Free_energy = -20722.24838096803
------------------------------------------
[{'stable': {}, 'free': np.float64(-20722.24838096803)}]
------------------------------------------
  Seed: dd:px
  Seed uu: [0.+0.j 0.+0.j 0.+0.j 0.+0.j], Seed dd: [0.+0.j 0.+0.j 0.+0.j 0.+0.j]
F_onsite: 0j
F_swave: 0j, F_dwave: 0j
F_px: 0j, F_py: 0j
Free_energy = -20722.24838096803
------------------------------------------
[{'stable': {}, 'free': np.float64(-20722.24838096803)}]
------------------------------------------
  Seed: dd:px+py
  Seed uu: [0.+0.j 0.+0.j 0.+0.j 0.+0.j], Seed dd: [0.+0.j 0.+0.j 0.+0.j 0.+0.j]
F_onsite: 0j
F_swave: 0j, F_dwave: 0j
F_px: 0j, F_py: 0j
Free_energy = -20722.24838096803
------------------------------------------
[{'stable': {}, 'free': np.float64(-20722.24838096803)}]
------------------------------------------
  Seed: dd:px+ipy
  Seed uu: [0.+0.j 0.+0.j 0.+0.j 0.+0.j], Seed dd: [0.+0.j 0.+0.j 0.+0.j 0.+0.j]
F_onsite: 0j
F_swave: 0j, F_dwave: 0j
F_px: 0j, F_py: 0j
Free_energy = -20722.24838096803
------------------------------------------
[{'stable': {}, 'free': np.float64(-20722.24838096803)}]
------------------------------------------
  Seed: uu+dd:px
  Seed uu: [0.+0.j 0.+0.j 0.+0.j 0.+0.j], Seed dd: [0.+0.j 0.+0.j 0.+0.j 0.+0.j]
F_onsite: 0j
F_swave: 0j, F_dwave: 0j
F_px: 0j, F_py: 0j
Free_energy = -20722.24838096803
------------------------------------------
[{'stable': {}, 'free': np.float64(-20722.24838096803)}]
------------------------------------------
  Seed: uu+dd:px+py
  Seed uu: [0.+0.j 0.+0.j 0.+0.j 0.+0.j], Seed dd: [0.+0.j 0.+0.j 0.+0.j 0.+0.j]
F_onsite: 0j
F_swave: 0j, F_dwave: 0j
F_px: 0j, F_py: 0j
Free_energy = -20722.24838096803
------------------------------------------
[{'stable': {}, 'free': np.float64(-20722.24838096803)}]
------------------------------------------
  Seed: uu+dd:px+ipy
  Seed uu: [0.+0.j 0.+0.j 0.+0.j 0.+0.j], Seed dd: [0.+0.j 0.+0.j 0.+0.j 0.+0.j]
F_onsite: 0j
F_swave: 0j, F_dwave: 0j
F_px: 0j, F_py: 0j
Free_energy = -20722.24838096803
------------------------------------------
[{'stable': {}, 'free': np.float64(-20722.24838096803)}]
------------------------------------------
====================================
mu=-3.67, T=0.0876
====================================
  Seed: normal state
  Seed uu: [0.+0.j 0.+0.j 0.+0.j 0.+0.j], Seed dd: [0.+0.j 0.+0.j 0.+0.j 0.+0.j]
F_onsite: 0j
F_swave: 0j, F_dwave: 0j
F_px: 0j, F_py: 0j
Free_energy = -20723.29380926509
------------------------------------------
[{'stable': {}, 'free': np.float64(-20723.29380926509)}]
------------------------------------------
  Seed: uu:px
  Seed uu: [0.+0.j 0.+0.j 0.+0.j 0.+0.j], Seed dd: [0.+0.j 0.+0.j 0.+0.j 0.+0.j]
F_onsite: 0j
F_swave: 0j, F_dwave: 0j
F_px: 0j, F_py: 0j
Free_energy = -20723.29380926509
------------------------------------------
[{'stable': {}, 'free': np.float64(-20723.29380926509)}]
------------------------------------------
  Seed: uu:px+py
  Seed uu: [0.+0.j 0.+0.j 0.+0.j 0.+0.j], Seed dd: [0.+0.j 0.+0.j 0.+0.j 0.+0.j]
F_onsite: 0j
F_swave: 0j, F_dwave: 0j
F_px: 0j, F_py: 0j
Free_energy = -20723.29380926509
------------------------------------------
[{'stable': {}, 'free': np.float64(-20723.29380926509)}]
------------------------------------------
  Seed: uu:px+ipy
  Seed uu: [0.+0.j 0.+0.j 0.+0.j 0.+0.j], Seed dd: [0.+0.j 0.+0.j 0.+0.j 0.+0.j]
F_onsite: 0j
F_swave: 0j, F_dwave: 0j
F_px: 0j, F_py: 0j
Free_energy = -20723.29380926509
------------------------------------------
[{'stable': {}, 'free': np.float64(-20723.29380926509)}]
------------------------------------------
  Seed: dd:px
  Seed uu: [0.+0.j 0.+0.j 0.+0.j 0.+0.j], Seed dd: [0.+0.j 0.+0.j 0.+0.j 0.+0.j]
F_onsite: 0j
F_swave: 0j, F_dwave: 0j
F_px: 0j, F_py: 0j
Free_energy = -20723.29380926509
------------------------------------------
[{'stable': {}, 'free': np.float64(-20723.29380926509)}]
------------------------------------------
  Seed: dd:px+py
  Seed uu: [0.+0.j 0.+0.j 0.+0.j 0.+0.j], Seed dd: [0.+0.j 0.+0.j 0.+0.j 0.+0.j]
F_onsite: 0j
F_swave: 0j, F_dwave: 0j
F_px: 0j, F_py: 0j
Free_energy = -20723.29380926509
------------------------------------------
[{'stable': {}, 'free': np.float64(-20723.29380926509)}]
------------------------------------------
  Seed: dd:px+ipy
  Seed uu: [0.+0.j 0.+0.j 0.+0.j 0.+0.j], Seed dd: [0.+0.j 0.+0.j 0.+0.j 0.+0.j]
F_onsite: 0j
F_swave: 0j, F_dwave: 0j
F_px: 0j, F_py: 0j
Free_energy = -20723.29380926509
------------------------------------------
[{'stable': {}, 'free': np.float64(-20723.29380926509)}]
------------------------------------------
  Seed: uu+dd:px
  Seed uu: [0.+0.j 0.+0.j 0.+0.j 0.+0.j], Seed dd: [0.+0.j 0.+0.j 0.+0.j 0.+0.j]
F_onsite: 0j
F_swave: 0j, F_dwave: 0j
F_px: 0j, F_py: 0j
Free_energy = -20723.29380926509
------------------------------------------
[{'stable': {}, 'free': np.float64(-20723.29380926509)}]
------------------------------------------
  Seed: uu+dd:px+py
  Seed uu: [0.+0.j 0.+0.j 0.+0.j 0.+0.j], Seed dd: [0.+0.j 0.+0.j 0.+0.j 0.+0.j]
F_onsite: 0j
F_swave: 0j, F_dwave: 0j
F_px: 0j, F_py: 0j
Free_energy = -20723.29380926509
------------------------------------------
[{'stable': {}, 'free': np.float64(-20723.29380926509)}]
------------------------------------------
  Seed: uu+dd:px+ipy
  Seed uu: [0.+0.j 0.+0.j 0.+0.j 0.+0.j], Seed dd: [0.+0.j 0.+0.j 0.+0.j 0.+0.j]
F_onsite: 0j
F_swave: 0j, F_dwave: 0j
F_px: 0j, F_py: 0j
Free_energy = -20723.29380926509
------------------------------------------
[{'stable': {}, 'free': np.float64(-20723.29380926509)}]
------------------------------------------
====================================
mu=-3.67, T=0.0917
====================================
  Seed: normal state
  Seed uu: [0.+0.j 0.+0.j 0.+0.j 0.+0.j], Seed dd: [0.+0.j 0.+0.j 0.+0.j 0.+0.j]
F_onsite: 0j
F_swave: 0j, F_dwave: 0j
F_px: 0j, F_py: 0j
Free_energy = -20724.383365591097
------------------------------------------
[{'stable': {}, 'free': np.float64(-20724.383365591097)}]
------------------------------------------
  Seed: uu:px
  Seed uu: [0.+0.j 0.+0.j 0.+0.j 0.+0.j], Seed dd: [0.+0.j 0.+0.j 0.+0.j 0.+0.j]
F_onsite: 0j
F_swave: 0j, F_dwave: 0j
F_px: 0j, F_py: 0j
Free_energy = -20724.383365591097
------------------------------------------
[{'stable': {}, 'free': np.float64(-20724.383365591097)}]
------------------------------------------
  Seed: uu:px+py
  Seed uu: [0.+0.j 0.+0.j 0.+0.j 0.+0.j], Seed dd: [0.+0.j 0.+0.j 0.+0.j 0.+0.j]
F_onsite: 0j
F_swave: 0j, F_dwave: 0j
F_px: 0j, F_py: 0j
Free_energy = -20724.383365591097
------------------------------------------
[{'stable': {}, 'free': np.float64(-20724.383365591097)}]
------------------------------------------
  Seed: uu:px+ipy
  Seed uu: [0.+0.j 0.+0.j 0.+0.j 0.+0.j], Seed dd: [0.+0.j 0.+0.j 0.+0.j 0.+0.j]
F_onsite: 0j
F_swave: 0j, F_dwave: 0j
F_px: 0j, F_py: 0j
Free_energy = -20724.383365591097
------------------------------------------
[{'stable': {}, 'free': np.float64(-20724.383365591097)}]
------------------------------------------
  Seed: dd:px
  Seed uu: [0.+0.j 0.+0.j 0.+0.j 0.+0.j], Seed dd: [0.+0.j 0.+0.j 0.+0.j 0.+0.j]
F_onsite: 0j
F_swave: 0j, F_dwave: 0j
F_px: 0j, F_py: 0j
Free_energy = -20724.383365591097
------------------------------------------
[{'stable': {}, 'free': np.float64(-20724.383365591097)}]
------------------------------------------
  Seed: dd:px+py
  Seed uu: [0.+0.j 0.+0.j 0.+0.j 0.+0.j], Seed dd: [0.+0.j 0.+0.j 0.+0.j 0.+0.j]
F_onsite: 0j
F_swave: 0j, F_dwave: 0j
F_px: 0j, F_py: 0j
Free_energy = -20724.383365591097
------------------------------------------
[{'stable': {}, 'free': np.float64(-20724.383365591097)}]
------------------------------------------
  Seed: dd:px+ipy
  Seed uu: [0.+0.j 0.+0.j 0.+0.j 0.+0.j], Seed dd: [0.+0.j 0.+0.j 0.+0.j 0.+0.j]
F_onsite: 0j
F_swave: 0j, F_dwave: 0j
F_px: 0j, F_py: 0j
Free_energy = -20724.383365591097
------------------------------------------
[{'stable': {}, 'free': np.float64(-20724.383365591097)}]
------------------------------------------
  Seed: uu+dd:px
  Seed uu: [0.+0.j 0.+0.j 0.+0.j 0.+0.j], Seed dd: [0.+0.j 0.+0.j 0.+0.j 0.+0.j]
F_onsite: 0j
F_swave: 0j, F_dwave: 0j
F_px: 0j, F_py: 0j
Free_energy = -20724.383365591097
------------------------------------------
[{'stable': {}, 'free': np.float64(-20724.383365591097)}]
------------------------------------------
  Seed: uu+dd:px+py
  Seed uu: [0.+0.j 0.+0.j 0.+0.j 0.+0.j], Seed dd: [0.+0.j 0.+0.j 0.+0.j 0.+0.j]
F_onsite: 0j
F_swave: 0j, F_dwave: 0j
F_px: 0j, F_py: 0j
Free_energy = -20724.383365591097
------------------------------------------
[{'stable': {}, 'free': np.float64(-20724.383365591097)}]
------------------------------------------
  Seed: uu+dd:px+ipy
  Seed uu: [0.+0.j 0.+0.j 0.+0.j 0.+0.j], Seed dd: [0.+0.j 0.+0.j 0.+0.j 0.+0.j]
F_onsite: 0j
F_swave: 0j, F_dwave: 0j
F_px: 0j, F_py: 0j
Free_energy = -20724.383365591097
------------------------------------------
[{'stable': {}, 'free': np.float64(-20724.383365591097)}]
------------------------------------------
====================================
mu=-3.67, T=0.0959
====================================
  Seed: normal state
  Seed uu: [0.+0.j 0.+0.j 0.+0.j 0.+0.j], Seed dd: [0.+0.j 0.+0.j 0.+0.j 0.+0.j]
F_onsite: 0j
F_swave: 0j, F_dwave: 0j
F_px: 0j, F_py: 0j
Free_energy = -20725.516242989437
------------------------------------------
[{'stable': {}, 'free': np.float64(-20725.516242989437)}]
------------------------------------------
  Seed: uu:px
  Seed uu: [0.+0.j 0.+0.j 0.+0.j 0.+0.j], Seed dd: [0.+0.j 0.+0.j 0.+0.j 0.+0.j]
F_onsite: 0j
F_swave: 0j, F_dwave: 0j
F_px: 0j, F_py: 0j
Free_energy = -20725.516242989437
------------------------------------------
[{'stable': {}, 'free': np.float64(-20725.516242989437)}]
------------------------------------------
  Seed: uu:px+py
  Seed uu: [0.+0.j 0.+0.j 0.+0.j 0.+0.j], Seed dd: [0.+0.j 0.+0.j 0.+0.j 0.+0.j]
F_onsite: 0j
F_swave: 0j, F_dwave: 0j
F_px: 0j, F_py: 0j
Free_energy = -20725.516242989437
------------------------------------------
[{'stable': {}, 'free': np.float64(-20725.516242989437)}]
------------------------------------------
  Seed: uu:px+ipy
  Seed uu: [0.+0.j 0.+0.j 0.+0.j 0.+0.j], Seed dd: [0.+0.j 0.+0.j 0.+0.j 0.+0.j]
F_onsite: 0j
F_swave: 0j, F_dwave: 0j
F_px: 0j, F_py: 0j
Free_energy = -20725.516242989437
------------------------------------------
[{'stable': {}, 'free': np.float64(-20725.516242989437)}]
------------------------------------------
  Seed: dd:px
  Seed uu: [0.+0.j 0.+0.j 0.+0.j 0.+0.j], Seed dd: [0.+0.j 0.+0.j 0.+0.j 0.+0.j]
F_onsite: 0j
F_swave: 0j, F_dwave: 0j
F_px: 0j, F_py: 0j
Free_energy = -20725.516242989437
------------------------------------------
[{'stable': {}, 'free': np.float64(-20725.516242989437)}]
------------------------------------------
  Seed: dd:px+py
  Seed uu: [0.+0.j 0.+0.j 0.+0.j 0.+0.j], Seed dd: [0.+0.j 0.+0.j 0.+0.j 0.+0.j]
F_onsite: 0j
F_swave: 0j, F_dwave: 0j
F_px: 0j, F_py: 0j
Free_energy = -20725.516242989437
------------------------------------------
[{'stable': {}, 'free': np.float64(-20725.516242989437)}]
------------------------------------------
  Seed: dd:px+ipy
  Seed uu: [0.+0.j 0.+0.j 0.+0.j 0.+0.j], Seed dd: [0.+0.j 0.+0.j 0.+0.j 0.+0.j]
F_onsite: 0j
F_swave: 0j, F_dwave: 0j
F_px: 0j, F_py: 0j
Free_energy = -20725.516242989437
------------------------------------------
[{'stable': {}, 'free': np.float64(-20725.516242989437)}]
------------------------------------------
  Seed: uu+dd:px
  Seed uu: [0.+0.j 0.+0.j 0.+0.j 0.+0.j], Seed dd: [0.+0.j 0.+0.j 0.+0.j 0.+0.j]
F_onsite: 0j
F_swave: 0j, F_dwave: 0j
F_px: 0j, F_py: 0j
Free_energy = -20725.516242989437
------------------------------------------
[{'stable': {}, 'free': np.float64(-20725.516242989437)}]
------------------------------------------
  Seed: uu+dd:px+py
  Seed uu: [0.+0.j 0.+0.j 0.+0.j 0.+0.j], Seed dd: [0.+0.j 0.+0.j 0.+0.j 0.+0.j]
F_onsite: 0j
F_swave: 0j, F_dwave: 0j
F_px: 0j, F_py: 0j
Free_energy = -20725.516242989437
------------------------------------------
[{'stable': {}, 'free': np.float64(-20725.516242989437)}]
------------------------------------------
  Seed: uu+dd:px+ipy
  Seed uu: [0.+0.j 0.+0.j 0.+0.j 0.+0.j], Seed dd: [0.+0.j 0.+0.j 0.+0.j 0.+0.j]
F_onsite: 0j
F_swave: 0j, F_dwave: 0j
F_px: 0j, F_py: 0j
Free_energy = -20725.516242989437
------------------------------------------
[{'stable': {}, 'free': np.float64(-20725.516242989437)}]
------------------------------------------
====================================
mu=-3.67, T=0.1000
====================================
  Seed: normal state
  Seed uu: [0.+0.j 0.+0.j 0.+0.j 0.+0.j], Seed dd: [0.+0.j 0.+0.j 0.+0.j 0.+0.j]
F_onsite: 0j
F_swave: 0j, F_dwave: 0j
F_px: 0j, F_py: 0j
Free_energy = -20726.691660054672
------------------------------------------
[{'stable': {}, 'free': np.float64(-20726.691660054672)}]
------------------------------------------
  Seed: uu:px
  Seed uu: [0.+0.j 0.+0.j 0.+0.j 0.+0.j], Seed dd: [0.+0.j 0.+0.j 0.+0.j 0.+0.j]
F_onsite: 0j
F_swave: 0j, F_dwave: 0j
F_px: 0j, F_py: 0j
Free_energy = -20726.691660054672
------------------------------------------
[{'stable': {}, 'free': np.float64(-20726.691660054672)}]
------------------------------------------
  Seed: uu:px+py
  Seed uu: [0.+0.j 0.+0.j 0.+0.j 0.+0.j], Seed dd: [0.+0.j 0.+0.j 0.+0.j 0.+0.j]
F_onsite: 0j
F_swave: 0j, F_dwave: 0j
F_px: 0j, F_py: 0j
Free_energy = -20726.691660054672
------------------------------------------
[{'stable': {}, 'free': np.float64(-20726.691660054672)}]
------------------------------------------
  Seed: uu:px+ipy
  Seed uu: [0.+0.j 0.+0.j 0.+0.j 0.+0.j], Seed dd: [0.+0.j 0.+0.j 0.+0.j 0.+0.j]
F_onsite: 0j
F_swave: 0j, F_dwave: 0j
F_px: 0j, F_py: 0j
Free_energy = -20726.691660054672
------------------------------------------
[{'stable': {}, 'free': np.float64(-20726.691660054672)}]
------------------------------------------
  Seed: dd:px
  Seed uu: [0.+0.j 0.+0.j 0.+0.j 0.+0.j], Seed dd: [0.+0.j 0.+0.j 0.+0.j 0.+0.j]
F_onsite: 0j
F_swave: 0j, F_dwave: 0j
F_px: 0j, F_py: 0j
Free_energy = -20726.691660054672
------------------------------------------
[{'stable': {}, 'free': np.float64(-20726.691660054672)}]
------------------------------------------
  Seed: dd:px+py
  Seed uu: [0.+0.j 0.+0.j 0.+0.j 0.+0.j], Seed dd: [0.+0.j 0.+0.j 0.+0.j 0.+0.j]
F_onsite: 0j
F_swave: 0j, F_dwave: 0j
F_px: 0j, F_py: 0j
Free_energy = -20726.691660054672
------------------------------------------
[{'stable': {}, 'free': np.float64(-20726.691660054672)}]
------------------------------------------
  Seed: dd:px+ipy
  Seed uu: [0.+0.j 0.+0.j 0.+0.j 0.+0.j], Seed dd: [0.+0.j 0.+0.j 0.+0.j 0.+0.j]
F_onsite: 0j
F_swave: 0j, F_dwave: 0j
F_px: 0j, F_py: 0j
Free_energy = -20726.691660054672
------------------------------------------
[{'stable': {}, 'free': np.float64(-20726.691660054672)}]
------------------------------------------
  Seed: uu+dd:px
  Seed uu: [0.+0.j 0.+0.j 0.+0.j 0.+0.j], Seed dd: [0.+0.j 0.+0.j 0.+0.j 0.+0.j]
F_onsite: 0j
F_swave: 0j, F_dwave: 0j
F_px: 0j, F_py: 0j
Free_energy = -20726.691660054672
------------------------------------------
[{'stable': {}, 'free': np.float64(-20726.691660054672)}]
------------------------------------------
  Seed: uu+dd:px+py
  Seed uu: [0.+0.j 0.+0.j 0.+0.j 0.+0.j], Seed dd: [0.+0.j 0.+0.j 0.+0.j 0.+0.j]
F_onsite: 0j
F_swave: 0j, F_dwave: 0j
F_px: 0j, F_py: 0j
Free_energy = -20726.691660054672
------------------------------------------
[{'stable': {}, 'free': np.float64(-20726.691660054672)}]
------------------------------------------
  Seed: uu+dd:px+ipy
  Seed uu: [0.+0.j 0.+0.j 0.+0.j 0.+0.j], Seed dd: [0.+0.j 0.+0.j 0.+0.j 0.+0.j]
F_onsite: 0j
F_swave: 0j, F_dwave: 0j
F_px: 0j, F_py: 0j
Free_energy = -20726.691660054672
------------------------------------------
[{'stable': {}, 'free': np.float64(-20726.691660054672)}]
------------------------------------------
