/home/emilssp/D1/venv/bin/python
Python 3.10.12
Running job 24 out of 25
====================================
mu=4.50, T=0.0010
====================================
  Seed: normal state
  Seed uu: [0.+0.j 0.+0.j 0.+0.j 0.+0.j], Seed dd: [0.+0.j 0.+0.j 0.+0.j 0.+0.j]
F_onsite: 0j
F_swave: 0j, F_dwave: 0j
F_px: 0j, F_py: 0j
Free_energy = -25312.50000000005
------------------------------------------
[{'stable': {}, 'free': np.float64(-25312.50000000005)}]
------------------------------------------
  Seed: uu:px
  Seed uu: [ 0.1+0.j -0.1+0.j  0. +0.j  0. +0.j], Seed dd: [0.+0.j 0.+0.j 0.+0.j 0.+0.j]
F_onsite: (-2.6924494969184808e-264+1.9327212211392369e-249j)
F_swave: (2.6797703109980677e-264-1.9191822605223534e-249j), F_dwave: (-1.2652033299741955e-266+1.3526795716998602e-251j)
F_px: (3.223174958010061e-250+3.721560387486036e-265j), F_py: (-2.3627728973773038e-265+0j)
Free_energy = -25312.50000000005
------------------------------------------
[{'stable': {}, 'free': np.float64(-25312.50000000005)}]
------------------------------------------
  Seed: uu:px+py
  Seed uu: [ 0.1+0.j -0.1+0.j  0.1+0.j -0.1+0.j], Seed dd: [0.+0.j 0.+0.j 0.+0.j 0.+0.j]
F_onsite: (-3.670901155997696e-264+3.856770919862514e-249j)
F_swave: (3.64402787941341e-264-3.829768922592812e-249j), F_dwave: (-1.550650161452515e-266-9.102342877875979e-255j)
F_px: (3.220282680158316e-250+4.962080516648048e-265j), F_py: (3.215939173721092e-250+2.481040258324024e-265j)
Free_energy = -25312.50000000005
------------------------------------------
[{'stable': {}, 'free': np.float64(-25312.50000000005)}]
------------------------------------------
  Seed: uu:px+ipy
  Seed uu: [ 0.1+0.j  -0.1+0.j   0. +0.1j -0. -0.1j], Seed dd: [0.+0.j 0.+0.j 0.+0.j 0.+0.j]
F_onsite: (-1.9292526121717926e-249-4.238934071958467e-264j)
F_swave: (1.9157440211405498e-249+4.233274940765366e-264j), F_dwave: (1.3508591031242726e-251+1.550650161452515e-266j)
F_px: -2.3624074231946086e-265j, F_py: (-7.443120774972072e-265+3.2173904023065706e-250j)
Free_energy = -25312.50000000005
------------------------------------------
[{'stable': {}, 'free': np.float64(-25312.50000000005)}]
------------------------------------------
  Seed: dd:px
  Seed uu: [0.+0.j 0.+0.j 0.+0.j 0.+0.j], Seed dd: [ 0.1+0.j -0.1+0.j  0. +0.j  0. +0.j]
F_onsite: (4.935736449922499e-298+2.579150166810315e-302j)
F_swave: (-4.798449285821661e-298-2.5074112949232674e-302j), F_dwave: (1.3725641279502073e-299+7.1722822092084515e-304j)
F_px: (8.481964667940735e-303-1.62319909547141e-298j), F_py: (-4.243991582e-314-1.342197048166e-311j)
Free_energy = -25312.50000000005
------------------------------------------
[{'stable': {}, 'free': np.float64(-25312.50000000005)}]
------------------------------------------
  Seed: dd:px+py
  Seed uu: [0.+0.j 0.+0.j 0.+0.j 0.+0.j], Seed dd: [ 0.1+0.j -0.1+0.j  0.1+0.j -0.1+0.j]
F_onsite: (8.124452803334484e-262-9.947717340660986e-266j)
F_swave: (-8.067565535394293e-262+9.878063608225504e-266j), F_dwave: (-1.2650048463535032e-267+8.451404456511198e-268j)
F_px: (1.7696673735244556e-267-6.773017604727583e-263j), F_py: (-1.8359350909310685e-266-6.776030512914734e-263j)
Free_energy = -25312.50000000005
------------------------------------------
[{'stable': {}, 'free': np.float64(-25312.50000000005)}]
------------------------------------------
  Seed: dd:px+ipy
  Seed uu: [0.+0.j 0.+0.j 0.+0.j 0.+0.j], Seed dd: [ 0.1+0.j  -0.1+0.j   0. +0.1j -0. -0.1j]
F_onsite: (4.090421604774019e-262-2.0141997977756013e-266j)
F_swave: (-4.0617738751533407e-262+1.996564367030107e-266j), F_dwave: (-2.855793442743028e-264-3.1920852709673494e-268j)
F_px: (8.529639864014277e-267+2.8156817171874617e-266j), F_py: (6.77927632752216e-267-6.803304793033539e-263j)
Free_energy = -25312.50000000005
------------------------------------------
[{'stable': {}, 'free': np.float64(-25312.50000000005)}]
------------------------------------------
  Seed: uu+dd:px
  Seed uu: [ 0.1+0.j -0.1+0.j  0. +0.j  0. +0.j], Seed dd: [ 0.1+0.j -0.1+0.j  0. +0.j  0. +0.j]
F_onsite: (8.673236171591137e-36+3.115726665586733e-36j)
F_swave: (-5.4616017690665135e-36-1.3274348038165035e-36j), F_dwave: (-1.1831743132742203e-36-9.619762655513338e-36j)
F_px: (-1.2455193691374948e-35+4.8641920581856665e-36j), F_py: (4.65432891387033e-36-5.0183344524385136e-36j)
Free_energy = -25312.50000000005
------------------------------------------
[{'stable': {}, 'free': np.float64(-25312.50000000005)}]
------------------------------------------
  Seed: uu+dd:px+py
  Seed uu: [ 0.1+0.j -0.1+0.j  0.1+0.j -0.1+0.j], Seed dd: [ 0.1+0.j -0.1+0.j  0.1+0.j -0.1+0.j]
F_onsite: (1.7668125580728483e-35-1.6547590082175091e-34j)
F_swave: (-2.1167695686629617e-35+8.454163886719007e-35j), F_dwave: (2.2452389891103214e-36-7.959658351279143e-37j)
F_px: (1.307270228487621e-36+4.68161716913032e-36j), F_py: (-2.81607678069368e-36+1.3956257814661399e-36j)
Free_energy = -25312.50000000005
------------------------------------------
[{'stable': {}, 'free': np.float64(-25312.50000000005)}]
------------------------------------------
  Seed: uu+dd:px+ipy
  Seed uu: [ 0.1+0.j  -0.1+0.j   0. +0.1j -0. -0.1j], Seed dd: [ 0.1+0.j  -0.1+0.j   0. +0.1j -0. -0.1j]
F_onsite: (3.6462685390254576e-35+4.277043875363297e-35j)
F_swave: (1.2828978129085987e-36-5.543146815671294e-36j), F_dwave: (1.6313316771870087e-35-3.8736551052934156e-36j)
F_px: (-6.023870661283984e-36-1.7916406056000847e-35j), F_py: (-8.440572853421858e-37-5.318277024143542e-37j)
Free_energy = -25312.50000000005
------------------------------------------
[{'stable': {}, 'free': np.float64(-25312.50000000005)}]
------------------------------------------
====================================
mu=4.50, T=0.0093
====================================
  Seed: normal state
  Seed uu: [0.+0.j 0.+0.j 0.+0.j 0.+0.j], Seed dd: [0.+0.j 0.+0.j 0.+0.j 0.+0.j]
F_onsite: 0j
F_swave: 0j, F_dwave: 0j
F_px: 0j, F_py: 0j
Free_energy = -25312.50000000005
------------------------------------------
[{'stable': {}, 'free': np.float64(-25312.50000000005)}]
------------------------------------------
  Seed: uu:px
  Seed uu: [ 6.76192255e-17+9.33835282e-32j -6.76192255e-17-9.20233402e-32j
 -1.65509605e-35-3.97223051e-34j  6.80094012e-34+3.21389559e-33j], Seed dd: [0.+0.j 0.+0.j 0.+0.j 0.+0.j]
F_onsite: (3.2612652450528206e-46+9.599424535332252e-44j)
F_swave: (-3.255548601522222e-46-9.571780418987896e-44j), F_dwave: (-5.716643530601137e-49-4.032618548441057e-47j)
F_px: (2.811818279824487e-45+9.956824444577827e-60j), F_py: (-6.621514991004395e-45+2.7293070279393647e-47j)
Free_energy = -25312.50000000005
------------------------------------------
[{'stable': {}, 'free': np.float64(-25312.50000000005)}]
------------------------------------------
  Seed: uu:px+py
  Seed uu: [ 8.32948668e-17+6.40070780e-32j -8.32948668e-17-6.03839223e-32j
  8.32948668e-17+8.12260954e-32j -8.32948668e-17-7.35404312e-32j], Seed dd: [0.+0.j 0.+0.j 0.+0.j 0.+0.j]
F_onsite: (6.552314572161561e-59-7.515890656395602e-44j)
F_swave: (-6.573059887240831e-59+7.505572868399653e-44j), F_dwave: (-2.333630729197928e-61-1.169259117057268e-46j)
F_px: (7.293039867966978e-45+0j), F_py: (2.4273555529531943e-45+9.956824444577827e-60j)
Free_energy = -25312.50000000005
------------------------------------------
[{'stable': {}, 'free': np.float64(-25312.50000000005)}]
------------------------------------------
  Seed: uu:px+ipy
  Seed uu: [ 7.99248977e-17+1.29103510e-31j -7.99248977e-17-1.36274590e-31j
 -1.04948136e-31+7.99248977e-17j  1.00653914e-31-7.99248977e-17j], Seed dd: [0.+0.j 0.+0.j 0.+0.j 0.+0.j]
F_onsite: (-6.893776029775242e-45-3.254977007550663e-45j)
F_swave: (6.834880158840206e-45+3.2258225329710057e-45j), F_dwave: (3.6094420326933834e-47+1.5969687821881269e-47j)
F_px: (-1.0591276312931678e-47+1.7116501762227861e-47j), F_py: (9.233984526005838e-47+1.327534971275005e-44j)
Free_energy = -25312.50000000005
------------------------------------------
[{'stable': {}, 'free': np.float64(-25312.50000000005)}]
------------------------------------------
  Seed: dd:px
  Seed uu: [0.+0.j 0.+0.j 0.+0.j 0.+0.j], Seed dd: [ 6.76192255e-17+7.90473872e-32j -6.76192255e-17-7.46538595e-32j
 -4.92014915e-34+1.20671548e-32j  1.52494531e-33-3.25000678e-34j]
F_onsite: 0j
F_swave: 0j, F_dwave: 0j
F_px: 0j, F_py: 0j
Free_energy = -25312.500000000047
------------------------------------------
[{'stable': {}, 'free': np.float64(-25312.50000000005)}]
------------------------------------------
  Seed: dd:px+py
  Seed uu: [0.+0.j 0.+0.j 0.+0.j 0.+0.j], Seed dd: [ 8.32948668e-17+5.44376136e-32j -8.32948668e-17-5.55630789e-32j
  8.32948668e-17+8.66548104e-32j -8.32948668e-17-8.97242613e-32j]
F_onsite: (9.877793836914345e-69-1.6182462841747123e-71j)
F_swave: (-9.293564214259584e-69+1.5231245656470246e-71j), F_dwave: (-2.680986855573041e-70+4.481234659384485e-73j)
F_px: (4.1309290981901043e-72+2.4322597356146954e-69j), F_py: (6.735973955509499e-72+3.9613792342269737e-69j)
Free_energy = -25312.50000000005
------------------------------------------
[{'stable': {}, 'free': np.float64(-25312.50000000005)}]
------------------------------------------
  Seed: dd:px+ipy
  Seed uu: [0.+0.j 0.+0.j 0.+0.j 0.+0.j], Seed dd: [ 7.99248977e-17+9.19721826e-32j -7.99248977e-17-1.08062725e-31j
 -1.01920815e-31+7.99248977e-17j  9.76897872e-32-7.99248977e-17j]
F_onsite: 0j
F_swave: 0j, F_dwave: 0j
F_px: 0j, F_py: 0j
Free_energy = -25312.500000000047
------------------------------------------
[{'stable': {}, 'free': np.float64(-25312.50000000005)}]
------------------------------------------
  Seed: uu+dd:px
  Seed uu: [ 6.76192255e-17+9.59293668e-32j -6.76192255e-17-8.73589786e-32j
  7.34636949e-34+1.71287394e-32j  1.93721469e-34-8.74492565e-33j], Seed dd: [ 6.76184196e-17-3.82617915e-20j -6.76184274e-17-2.34037007e-20j
 -5.21823848e-21+8.73675801e-21j  5.21837445e-21+4.61096971e-21j]
F_onsite: (-8.018871159315686e-52+3.0982395827547756e-53j)
F_swave: (7.672237241164607e-52-2.9643111401327464e-53j), F_dwave: (3.466339181510775e-53-1.3392844262202913e-54j)
F_px: (4.527826053614423e-55+0j), F_py: (-4.6646396279078655e-52+1.637354584697534e-53j)
Free_energy = -25312.50000000005
------------------------------------------
[{'stable': {}, 'free': np.float64(-25312.50000000005)}]
------------------------------------------
  Seed: uu+dd:px+py
  Seed uu: [ 8.32948668e-17+5.91922531e-32j -8.32948668e-17-6.27431865e-32j
  8.32948668e-17+7.79760886e-32j -8.32948668e-17-7.62608073e-32j], Seed dd: [ 8.33136191e-17-1.70104172e-20j -8.33136234e-17-1.39208159e-20j
  8.33103876e-17+2.44944885e-20j -8.33103881e-17+3.06306688e-20j]
F_onsite: (9.274222025602217e-37-5.478200730727604e-37j)
F_swave: (-7.612737253536245e-37+5.0533384380169684e-37j), F_dwave: (8.526734201656759e-39+2.527545430229462e-38j)
F_px: (1.362373122699118e-37-3.6432325332587786e-38j), F_py: (2.6391433573782535e-37-7.632278606919112e-38j)
Free_energy = -25312.50000000005
------------------------------------------
[{'stable': {}, 'free': np.float64(-25312.50000000005)}]
------------------------------------------
  Seed: uu+dd:px+ipy
  Seed uu: [ 7.99248977e-17+8.27217004e-32j -7.99248977e-17-8.91133804e-32j
 -9.70096932e-32+7.99248977e-17j  9.22971833e-32-7.99248977e-17j], Seed dd: [ 7.99280778e-17+1.33368906e-20j -7.99257502e-17+8.52409942e-21j
 -1.16393663e-21+7.98669643e-17j -1.81855189e-20-7.99204390e-17j]
F_onsite: (3.558720568178896e-45-1.662121815097926e-45j)
F_swave: (-3.528223041321414e-45+1.6617731467054783e-45j), F_dwave: (-3.2485232965292463e-47-5.386318124674917e-47j)
F_px: (7.296660802730762e-46-7.796078356179186e-47j), F_py: (-2.298846265519958e-46-4.132426342100869e-46j)
Free_energy = -25312.50000000005
------------------------------------------
[{'stable': {}, 'free': np.float64(-25312.50000000005)}]
------------------------------------------
====================================
mu=4.50, T=0.0176
====================================
  Seed: normal state
  Seed uu: [0.+0.j 0.+0.j 0.+0.j 0.+0.j], Seed dd: [0.+0.j 0.+0.j 0.+0.j 0.+0.j]
F_onsite: 0j
F_swave: 0j, F_dwave: 0j
F_px: 0j, F_py: 0j
Free_energy = -25312.50000000005
------------------------------------------
[{'stable': {}, 'free': np.float64(-25312.50000000005)}]
------------------------------------------
  Seed: uu:px
  Seed uu: [0.+0.j 0.+0.j 0.+0.j 0.+0.j], Seed dd: [0.+0.j 0.+0.j 0.+0.j 0.+0.j]
F_onsite: 0j
F_swave: 0j, F_dwave: 0j
F_px: 0j, F_py: 0j
Free_energy = -25312.50000000005
------------------------------------------
[{'stable': {}, 'free': np.float64(-25312.50000000005)}]
------------------------------------------
  Seed: uu:px+py
  Seed uu: [ 7.257829e-19+7.10186667e-34j -7.257829e-19-6.95140339e-34j
  7.257829e-19+6.56019887e-34j -7.257829e-19-5.05556610e-34j], Seed dd: [0.+0.j 0.+0.j 0.+0.j 0.+0.j]
F_onsite: (8.175536770134975e-37+4.89478177338032e-33j)
F_swave: (-7.918688572164892e-37-4.850356007613853e-33j), F_dwave: (2.1382117680737565e-50-3.4211388289180104e-49j)
F_px: (2.0734065068125237e-34+2.0331695165369276e-37j), F_py: (2.142397452300655e-34-2.0331695165300853e-37j)
Free_energy = -25312.50000000005
------------------------------------------
[{'stable': {}, 'free': np.float64(-25312.50000000005)}]
------------------------------------------
  Seed: uu:px+ipy
  Seed uu: [0.+0.j 0.+0.j 0.+0.j 0.+0.j], Seed dd: [0.+0.j 0.+0.j 0.+0.j 0.+0.j]
F_onsite: 0j
F_swave: 0j, F_dwave: 0j
F_px: 0j, F_py: 0j
Free_energy = -25312.50000000005
------------------------------------------
[{'stable': {}, 'free': np.float64(-25312.50000000005)}]
------------------------------------------
  Seed: dd:px
  Seed uu: [0.+0.j 0.+0.j 0.+0.j 0.+0.j], Seed dd: [0.+0.j 0.+0.j 0.+0.j 0.+0.j]
F_onsite: 0j
F_swave: 0j, F_dwave: 0j
F_px: 0j, F_py: 0j
Free_energy = -25312.50000000005
------------------------------------------
[{'stable': {}, 'free': np.float64(-25312.50000000005)}]
------------------------------------------
  Seed: dd:px+py
  Seed uu: [0.+0.j 0.+0.j 0.+0.j 0.+0.j], Seed dd: [ 7.257829e-19+8.00464633e-34j -7.257829e-19-7.34260791e-34j
  7.257829e-19+7.70371978e-34j -7.257829e-19-5.89816045e-34j]
F_onsite: 0j
F_swave: 0j, F_dwave: 0j
F_px: 0j, F_py: 0j
Free_energy = -25312.500000000047
------------------------------------------
[{'stable': {}, 'free': np.float64(-25312.50000000005)}]
------------------------------------------
  Seed: dd:px+ipy
  Seed uu: [0.+0.j 0.+0.j 0.+0.j 0.+0.j], Seed dd: [0.+0.j 0.+0.j 0.+0.j 0.+0.j]
F_onsite: 0j
F_swave: 0j, F_dwave: 0j
F_px: 0j, F_py: 0j
Free_energy = -25312.50000000005
------------------------------------------
[{'stable': {}, 'free': np.float64(-25312.50000000005)}]
------------------------------------------
  Seed: uu+dd:px
  Seed uu: [0.+0.j 0.+0.j 0.+0.j 0.+0.j], Seed dd: [0.+0.j 0.+0.j 0.+0.j 0.+0.j]
F_onsite: 0j
F_swave: 0j, F_dwave: 0j
F_px: 0j, F_py: 0j
Free_energy = -25312.50000000005
------------------------------------------
[{'stable': {}, 'free': np.float64(-25312.50000000005)}]
------------------------------------------
  Seed: uu+dd:px+py
  Seed uu: [ 7.257829e-19+7.01158870e-34j -7.257829e-19-6.77084746e-34j
  7.257829e-19+5.59723390e-34j -7.257829e-19-4.27315706e-34j], Seed dd: [ 7.26104573e-19+1.99205340e-21j -7.26104605e-19+1.93962281e-21j
  7.25990426e-19+1.99155616e-21j -7.25990439e-19+1.91359875e-21j]
F_onsite: (1.6437396568489294e-36+4.867114429057119e-33j)
F_swave: (-1.5920987447917762e-36-4.823557879613845e-33j), F_dwave: (2.1382117680737565e-50-3.4211388289180104e-49j)
F_px: (2.0735916848231607e-34-4.087808787618438e-37j), F_py: (2.1422122742900185e-34+4.087808787618438e-37j)
Free_energy = -25312.50000000005
------------------------------------------
[{'stable': {}, 'free': np.float64(-25312.50000000005)}]
------------------------------------------
  Seed: uu+dd:px+ipy
  Seed uu: [0.+0.j 0.+0.j 0.+0.j 0.+0.j], Seed dd: [0.+0.j 0.+0.j 0.+0.j 0.+0.j]
F_onsite: 0j
F_swave: 0j, F_dwave: 0j
F_px: 0j, F_py: 0j
Free_energy = -25312.50000000005
------------------------------------------
[{'stable': {}, 'free': np.float64(-25312.50000000005)}]
------------------------------------------
====================================
mu=4.50, T=0.0259
====================================
  Seed: normal state
  Seed uu: [0.+0.j 0.+0.j 0.+0.j 0.+0.j], Seed dd: [0.+0.j 0.+0.j 0.+0.j 0.+0.j]
F_onsite: 0j
F_swave: 0j, F_dwave: 0j
F_px: 0j, F_py: 0j
Free_energy = -25312.50000000251
------------------------------------------
[{'stable': {}, 'free': np.float64(-25312.50000000251)}]
------------------------------------------
  Seed: uu:px
  Seed uu: [0.+0.j 0.+0.j 0.+0.j 0.+0.j], Seed dd: [0.+0.j 0.+0.j 0.+0.j 0.+0.j]
F_onsite: 0j
F_swave: 0j, F_dwave: 0j
F_px: 0j, F_py: 0j
Free_energy = -25312.50000000251
------------------------------------------
[{'stable': {}, 'free': np.float64(-25312.50000000251)}]
------------------------------------------
  Seed: uu:px+py
  Seed uu: [0.+0.j 0.+0.j 0.+0.j 0.+0.j], Seed dd: [0.+0.j 0.+0.j 0.+0.j 0.+0.j]
F_onsite: 0j
F_swave: 0j, F_dwave: 0j
F_px: 0j, F_py: 0j
Free_energy = -25312.50000000251
------------------------------------------
[{'stable': {}, 'free': np.float64(-25312.50000000251)}]
------------------------------------------
  Seed: uu:px+ipy
  Seed uu: [0.+0.j 0.+0.j 0.+0.j 0.+0.j], Seed dd: [0.+0.j 0.+0.j 0.+0.j 0.+0.j]
F_onsite: 0j
F_swave: 0j, F_dwave: 0j
F_px: 0j, F_py: 0j
Free_energy = -25312.50000000251
------------------------------------------
[{'stable': {}, 'free': np.float64(-25312.50000000251)}]
------------------------------------------
  Seed: dd:px
  Seed uu: [0.+0.j 0.+0.j 0.+0.j 0.+0.j], Seed dd: [0.+0.j 0.+0.j 0.+0.j 0.+0.j]
F_onsite: 0j
F_swave: 0j, F_dwave: 0j
F_px: 0j, F_py: 0j
Free_energy = -25312.50000000251
------------------------------------------
[{'stable': {}, 'free': np.float64(-25312.50000000251)}]
------------------------------------------
  Seed: dd:px+py
  Seed uu: [0.+0.j 0.+0.j 0.+0.j 0.+0.j], Seed dd: [0.+0.j 0.+0.j 0.+0.j 0.+0.j]
F_onsite: 0j
F_swave: 0j, F_dwave: 0j
F_px: 0j, F_py: 0j
Free_energy = -25312.50000000251
------------------------------------------
[{'stable': {}, 'free': np.float64(-25312.50000000251)}]
------------------------------------------
  Seed: dd:px+ipy
  Seed uu: [0.+0.j 0.+0.j 0.+0.j 0.+0.j], Seed dd: [0.+0.j 0.+0.j 0.+0.j 0.+0.j]
F_onsite: 0j
F_swave: 0j, F_dwave: 0j
F_px: 0j, F_py: 0j
Free_energy = -25312.50000000251
------------------------------------------
[{'stable': {}, 'free': np.float64(-25312.50000000251)}]
------------------------------------------
  Seed: uu+dd:px
  Seed uu: [0.+0.j 0.+0.j 0.+0.j 0.+0.j], Seed dd: [0.+0.j 0.+0.j 0.+0.j 0.+0.j]
F_onsite: 0j
F_swave: 0j, F_dwave: 0j
F_px: 0j, F_py: 0j
Free_energy = -25312.50000000251
------------------------------------------
[{'stable': {}, 'free': np.float64(-25312.50000000251)}]
------------------------------------------
  Seed: uu+dd:px+py
  Seed uu: [0.+0.j 0.+0.j 0.+0.j 0.+0.j], Seed dd: [0.+0.j 0.+0.j 0.+0.j 0.+0.j]
F_onsite: 0j
F_swave: 0j, F_dwave: 0j
F_px: 0j, F_py: 0j
Free_energy = -25312.50000000251
------------------------------------------
[{'stable': {}, 'free': np.float64(-25312.50000000251)}]
------------------------------------------
  Seed: uu+dd:px+ipy
  Seed uu: [0.+0.j 0.+0.j 0.+0.j 0.+0.j], Seed dd: [0.+0.j 0.+0.j 0.+0.j 0.+0.j]
F_onsite: 0j
F_swave: 0j, F_dwave: 0j
F_px: 0j, F_py: 0j
Free_energy = -25312.50000000251
------------------------------------------
[{'stable': {}, 'free': np.float64(-25312.50000000251)}]
------------------------------------------
====================================
mu=4.50, T=0.0342
====================================
  Seed: normal state
  Seed uu: [0.+0.j 0.+0.j 0.+0.j 0.+0.j], Seed dd: [0.+0.j 0.+0.j 0.+0.j 0.+0.j]
F_onsite: 0j
F_swave: 0j, F_dwave: 0j
F_px: 0j, F_py: 0j
Free_energy = -25312.50000046295
------------------------------------------
[{'stable': {}, 'free': np.float64(-25312.50000046295)}]
------------------------------------------
  Seed: uu:px
  Seed uu: [0.+0.j 0.+0.j 0.+0.j 0.+0.j], Seed dd: [0.+0.j 0.+0.j 0.+0.j 0.+0.j]
F_onsite: 0j
F_swave: 0j, F_dwave: 0j
F_px: 0j, F_py: 0j
Free_energy = -25312.50000046295
------------------------------------------
[{'stable': {}, 'free': np.float64(-25312.50000046295)}]
------------------------------------------
  Seed: uu:px+py
  Seed uu: [0.+0.j 0.+0.j 0.+0.j 0.+0.j], Seed dd: [0.+0.j 0.+0.j 0.+0.j 0.+0.j]
F_onsite: 0j
F_swave: 0j, F_dwave: 0j
F_px: 0j, F_py: 0j
Free_energy = -25312.50000046295
------------------------------------------
[{'stable': {}, 'free': np.float64(-25312.50000046295)}]
------------------------------------------
  Seed: uu:px+ipy
  Seed uu: [0.+0.j 0.+0.j 0.+0.j 0.+0.j], Seed dd: [0.+0.j 0.+0.j 0.+0.j 0.+0.j]
F_onsite: 0j
F_swave: 0j, F_dwave: 0j
F_px: 0j, F_py: 0j
Free_energy = -25312.50000046295
------------------------------------------
[{'stable': {}, 'free': np.float64(-25312.50000046295)}]
------------------------------------------
  Seed: dd:px
  Seed uu: [0.+0.j 0.+0.j 0.+0.j 0.+0.j], Seed dd: [0.+0.j 0.+0.j 0.+0.j 0.+0.j]
F_onsite: 0j
F_swave: 0j, F_dwave: 0j
F_px: 0j, F_py: 0j
Free_energy = -25312.50000046295
------------------------------------------
[{'stable': {}, 'free': np.float64(-25312.50000046295)}]
------------------------------------------
  Seed: dd:px+py
  Seed uu: [0.+0.j 0.+0.j 0.+0.j 0.+0.j], Seed dd: [0.+0.j 0.+0.j 0.+0.j 0.+0.j]
F_onsite: 0j
F_swave: 0j, F_dwave: 0j
F_px: 0j, F_py: 0j
Free_energy = -25312.50000046295
------------------------------------------
[{'stable': {}, 'free': np.float64(-25312.50000046295)}]
------------------------------------------
  Seed: dd:px+ipy
  Seed uu: [0.+0.j 0.+0.j 0.+0.j 0.+0.j], Seed dd: [0.+0.j 0.+0.j 0.+0.j 0.+0.j]
F_onsite: 0j
F_swave: 0j, F_dwave: 0j
F_px: 0j, F_py: 0j
Free_energy = -25312.50000046295
------------------------------------------
[{'stable': {}, 'free': np.float64(-25312.50000046295)}]
------------------------------------------
  Seed: uu+dd:px
  Seed uu: [0.+0.j 0.+0.j 0.+0.j 0.+0.j], Seed dd: [0.+0.j 0.+0.j 0.+0.j 0.+0.j]
F_onsite: 0j
F_swave: 0j, F_dwave: 0j
F_px: 0j, F_py: 0j
Free_energy = -25312.50000046295
------------------------------------------
[{'stable': {}, 'free': np.float64(-25312.50000046295)}]
------------------------------------------
  Seed: uu+dd:px+py
  Seed uu: [0.+0.j 0.+0.j 0.+0.j 0.+0.j], Seed dd: [0.+0.j 0.+0.j 0.+0.j 0.+0.j]
F_onsite: 0j
F_swave: 0j, F_dwave: 0j
F_px: 0j, F_py: 0j
Free_energy = -25312.50000046295
------------------------------------------
[{'stable': {}, 'free': np.float64(-25312.50000046295)}]
------------------------------------------
  Seed: uu+dd:px+ipy
  Seed uu: [0.+0.j 0.+0.j 0.+0.j 0.+0.j], Seed dd: [0.+0.j 0.+0.j 0.+0.j 0.+0.j]
F_onsite: 0j
F_swave: 0j, F_dwave: 0j
F_px: 0j, F_py: 0j
Free_energy = -25312.50000046295
------------------------------------------
[{'stable': {}, 'free': np.float64(-25312.50000046295)}]
------------------------------------------
====================================
mu=4.50, T=0.0425
====================================
  Seed: normal state
  Seed uu: [0.+0.j 0.+0.j 0.+0.j 0.+0.j], Seed dd: [0.+0.j 0.+0.j 0.+0.j 0.+0.j]
F_onsite: 0j
F_swave: 0j, F_dwave: 0j
F_px: 0j, F_py: 0j
Free_energy = -25312.50001246915
------------------------------------------
[{'stable': {}, 'free': np.float64(-25312.50001246915)}]
------------------------------------------
  Seed: uu:px
  Seed uu: [0.+0.j 0.+0.j 0.+0.j 0.+0.j], Seed dd: [0.+0.j 0.+0.j 0.+0.j 0.+0.j]
F_onsite: 0j
F_swave: 0j, F_dwave: 0j
F_px: 0j, F_py: 0j
Free_energy = -25312.50001246915
------------------------------------------
[{'stable': {}, 'free': np.float64(-25312.50001246915)}]
------------------------------------------
  Seed: uu:px+py
  Seed uu: [0.+0.j 0.+0.j 0.+0.j 0.+0.j], Seed dd: [0.+0.j 0.+0.j 0.+0.j 0.+0.j]
F_onsite: 0j
F_swave: 0j, F_dwave: 0j
F_px: 0j, F_py: 0j
Free_energy = -25312.50001246915
------------------------------------------
[{'stable': {}, 'free': np.float64(-25312.50001246915)}]
------------------------------------------
  Seed: uu:px+ipy
  Seed uu: [0.+0.j 0.+0.j 0.+0.j 0.+0.j], Seed dd: [0.+0.j 0.+0.j 0.+0.j 0.+0.j]
F_onsite: 0j
F_swave: 0j, F_dwave: 0j
F_px: 0j, F_py: 0j
Free_energy = -25312.50001246915
------------------------------------------
[{'stable': {}, 'free': np.float64(-25312.50001246915)}]
------------------------------------------
  Seed: dd:px
  Seed uu: [0.+0.j 0.+0.j 0.+0.j 0.+0.j], Seed dd: [0.+0.j 0.+0.j 0.+0.j 0.+0.j]
F_onsite: 0j
F_swave: 0j, F_dwave: 0j
F_px: 0j, F_py: 0j
Free_energy = -25312.50001246915
------------------------------------------
[{'stable': {}, 'free': np.float64(-25312.50001246915)}]
------------------------------------------
  Seed: dd:px+py
  Seed uu: [0.+0.j 0.+0.j 0.+0.j 0.+0.j], Seed dd: [0.+0.j 0.+0.j 0.+0.j 0.+0.j]
F_onsite: 0j
F_swave: 0j, F_dwave: 0j
F_px: 0j, F_py: 0j
Free_energy = -25312.50001246915
------------------------------------------
[{'stable': {}, 'free': np.float64(-25312.50001246915)}]
------------------------------------------
  Seed: dd:px+ipy
  Seed uu: [0.+0.j 0.+0.j 0.+0.j 0.+0.j], Seed dd: [0.+0.j 0.+0.j 0.+0.j 0.+0.j]
F_onsite: 0j
F_swave: 0j, F_dwave: 0j
F_px: 0j, F_py: 0j
Free_energy = -25312.50001246915
------------------------------------------
[{'stable': {}, 'free': np.float64(-25312.50001246915)}]
------------------------------------------
  Seed: uu+dd:px
  Seed uu: [0.+0.j 0.+0.j 0.+0.j 0.+0.j], Seed dd: [0.+0.j 0.+0.j 0.+0.j 0.+0.j]
F_onsite: 0j
F_swave: 0j, F_dwave: 0j
F_px: 0j, F_py: 0j
Free_energy = -25312.50001246915
------------------------------------------
[{'stable': {}, 'free': np.float64(-25312.50001246915)}]
------------------------------------------
  Seed: uu+dd:px+py
  Seed uu: [0.+0.j 0.+0.j 0.+0.j 0.+0.j], Seed dd: [0.+0.j 0.+0.j 0.+0.j 0.+0.j]
F_onsite: 0j
F_swave: 0j, F_dwave: 0j
F_px: 0j, F_py: 0j
Free_energy = -25312.50001246915
------------------------------------------
[{'stable': {}, 'free': np.float64(-25312.50001246915)}]
------------------------------------------
  Seed: uu+dd:px+ipy
  Seed uu: [0.+0.j 0.+0.j 0.+0.j 0.+0.j], Seed dd: [0.+0.j 0.+0.j 0.+0.j 0.+0.j]
F_onsite: 0j
F_swave: 0j, F_dwave: 0j
F_px: 0j, F_py: 0j
Free_energy = -25312.50001246915
------------------------------------------
[{'stable': {}, 'free': np.float64(-25312.50001246915)}]
------------------------------------------
====================================
mu=4.50, T=0.0508
====================================
  Seed: normal state
  Seed uu: [0.+0.j 0.+0.j 0.+0.j 0.+0.j], Seed dd: [0.+0.j 0.+0.j 0.+0.j 0.+0.j]
F_onsite: 0j
F_swave: 0j, F_dwave: 0j
F_px: 0j, F_py: 0j
Free_energy = -25312.50012213403
------------------------------------------
[{'stable': {}, 'free': np.float64(-25312.50012213403)}]
------------------------------------------
  Seed: uu:px
  Seed uu: [0.+0.j 0.+0.j 0.+0.j 0.+0.j], Seed dd: [0.+0.j 0.+0.j 0.+0.j 0.+0.j]
F_onsite: 0j
F_swave: 0j, F_dwave: 0j
F_px: 0j, F_py: 0j
Free_energy = -25312.50012213403
------------------------------------------
[{'stable': {}, 'free': np.float64(-25312.50012213403)}]
------------------------------------------
  Seed: uu:px+py
  Seed uu: [0.+0.j 0.+0.j 0.+0.j 0.+0.j], Seed dd: [0.+0.j 0.+0.j 0.+0.j 0.+0.j]
F_onsite: 0j
F_swave: 0j, F_dwave: 0j
F_px: 0j, F_py: 0j
Free_energy = -25312.50012213403
------------------------------------------
[{'stable': {}, 'free': np.float64(-25312.50012213403)}]
------------------------------------------
  Seed: uu:px+ipy
  Seed uu: [0.+0.j 0.+0.j 0.+0.j 0.+0.j], Seed dd: [0.+0.j 0.+0.j 0.+0.j 0.+0.j]
F_onsite: 0j
F_swave: 0j, F_dwave: 0j
F_px: 0j, F_py: 0j
Free_energy = -25312.50012213403
------------------------------------------
[{'stable': {}, 'free': np.float64(-25312.50012213403)}]
------------------------------------------
  Seed: dd:px
  Seed uu: [0.+0.j 0.+0.j 0.+0.j 0.+0.j], Seed dd: [0.+0.j 0.+0.j 0.+0.j 0.+0.j]
F_onsite: 0j
F_swave: 0j, F_dwave: 0j
F_px: 0j, F_py: 0j
Free_energy = -25312.50012213403
------------------------------------------
[{'stable': {}, 'free': np.float64(-25312.50012213403)}]
------------------------------------------
  Seed: dd:px+py
  Seed uu: [0.+0.j 0.+0.j 0.+0.j 0.+0.j], Seed dd: [0.+0.j 0.+0.j 0.+0.j 0.+0.j]
F_onsite: 0j
F_swave: 0j, F_dwave: 0j
F_px: 0j, F_py: 0j
Free_energy = -25312.50012213403
------------------------------------------
[{'stable': {}, 'free': np.float64(-25312.50012213403)}]
------------------------------------------
  Seed: dd:px+ipy
  Seed uu: [0.+0.j 0.+0.j 0.+0.j 0.+0.j], Seed dd: [0.+0.j 0.+0.j 0.+0.j 0.+0.j]
F_onsite: 0j
F_swave: 0j, F_dwave: 0j
F_px: 0j, F_py: 0j
Free_energy = -25312.50012213403
------------------------------------------
[{'stable': {}, 'free': np.float64(-25312.50012213403)}]
------------------------------------------
  Seed: uu+dd:px
  Seed uu: [0.+0.j 0.+0.j 0.+0.j 0.+0.j], Seed dd: [0.+0.j 0.+0.j 0.+0.j 0.+0.j]
F_onsite: 0j
F_swave: 0j, F_dwave: 0j
F_px: 0j, F_py: 0j
Free_energy = -25312.50012213403
------------------------------------------
[{'stable': {}, 'free': np.float64(-25312.50012213403)}]
------------------------------------------
  Seed: uu+dd:px+py
  Seed uu: [0.+0.j 0.+0.j 0.+0.j 0.+0.j], Seed dd: [0.+0.j 0.+0.j 0.+0.j 0.+0.j]
F_onsite: 0j
F_swave: 0j, F_dwave: 0j
F_px: 0j, F_py: 0j
Free_energy = -25312.50012213403
------------------------------------------
[{'stable': {}, 'free': np.float64(-25312.50012213403)}]
------------------------------------------
  Seed: uu+dd:px+ipy
  Seed uu: [0.+0.j 0.+0.j 0.+0.j 0.+0.j], Seed dd: [0.+0.j 0.+0.j 0.+0.j 0.+0.j]
F_onsite: 0j
F_swave: 0j, F_dwave: 0j
F_px: 0j, F_py: 0j
Free_energy = -25312.50012213403
------------------------------------------
[{'stable': {}, 'free': np.float64(-25312.50012213403)}]
------------------------------------------
====================================
mu=4.50, T=0.0590
====================================
  Seed: normal state
  Seed uu: [0.+0.j 0.+0.j 0.+0.j 0.+0.j], Seed dd: [0.+0.j 0.+0.j 0.+0.j 0.+0.j]
F_onsite: 0j
F_swave: 0j, F_dwave: 0j
F_px: 0j, F_py: 0j
Free_energy = -25312.500660125963
------------------------------------------
[{'stable': {}, 'free': np.float64(-25312.500660125963)}]
------------------------------------------
  Seed: uu:px
  Seed uu: [0.+0.j 0.+0.j 0.+0.j 0.+0.j], Seed dd: [0.+0.j 0.+0.j 0.+0.j 0.+0.j]
F_onsite: 0j
F_swave: 0j, F_dwave: 0j
F_px: 0j, F_py: 0j
Free_energy = -25312.500660125963
------------------------------------------
[{'stable': {}, 'free': np.float64(-25312.500660125963)}]
------------------------------------------
  Seed: uu:px+py
  Seed uu: [0.+0.j 0.+0.j 0.+0.j 0.+0.j], Seed dd: [0.+0.j 0.+0.j 0.+0.j 0.+0.j]
F_onsite: 0j
F_swave: 0j, F_dwave: 0j
F_px: 0j, F_py: 0j
Free_energy = -25312.500660125963
------------------------------------------
[{'stable': {}, 'free': np.float64(-25312.500660125963)}]
------------------------------------------
  Seed: uu:px+ipy
  Seed uu: [0.+0.j 0.+0.j 0.+0.j 0.+0.j], Seed dd: [0.+0.j 0.+0.j 0.+0.j 0.+0.j]
F_onsite: 0j
F_swave: 0j, F_dwave: 0j
F_px: 0j, F_py: 0j
Free_energy = -25312.500660125963
------------------------------------------
[{'stable': {}, 'free': np.float64(-25312.500660125963)}]
------------------------------------------
  Seed: dd:px
  Seed uu: [0.+0.j 0.+0.j 0.+0.j 0.+0.j], Seed dd: [0.+0.j 0.+0.j 0.+0.j 0.+0.j]
F_onsite: 0j
F_swave: 0j, F_dwave: 0j
F_px: 0j, F_py: 0j
Free_energy = -25312.500660125963
------------------------------------------
[{'stable': {}, 'free': np.float64(-25312.500660125963)}]
------------------------------------------
  Seed: dd:px+py
  Seed uu: [0.+0.j 0.+0.j 0.+0.j 0.+0.j], Seed dd: [0.+0.j 0.+0.j 0.+0.j 0.+0.j]
F_onsite: 0j
F_swave: 0j, F_dwave: 0j
F_px: 0j, F_py: 0j
Free_energy = -25312.500660125963
------------------------------------------
[{'stable': {}, 'free': np.float64(-25312.500660125963)}]
------------------------------------------
  Seed: dd:px+ipy
  Seed uu: [0.+0.j 0.+0.j 0.+0.j 0.+0.j], Seed dd: [0.+0.j 0.+0.j 0.+0.j 0.+0.j]
F_onsite: 0j
F_swave: 0j, F_dwave: 0j
F_px: 0j, F_py: 0j
Free_energy = -25312.500660125963
------------------------------------------
[{'stable': {}, 'free': np.float64(-25312.500660125963)}]
------------------------------------------
  Seed: uu+dd:px
  Seed uu: [0.+0.j 0.+0.j 0.+0.j 0.+0.j], Seed dd: [0.+0.j 0.+0.j 0.+0.j 0.+0.j]
F_onsite: 0j
F_swave: 0j, F_dwave: 0j
F_px: 0j, F_py: 0j
Free_energy = -25312.500660125963
------------------------------------------
[{'stable': {}, 'free': np.float64(-25312.500660125963)}]
------------------------------------------
  Seed: uu+dd:px+py
  Seed uu: [0.+0.j 0.+0.j 0.+0.j 0.+0.j], Seed dd: [0.+0.j 0.+0.j 0.+0.j 0.+0.j]
F_onsite: 0j
F_swave: 0j, F_dwave: 0j
F_px: 0j, F_py: 0j
Free_energy = -25312.500660125963
------------------------------------------
[{'stable': {}, 'free': np.float64(-25312.500660125963)}]
------------------------------------------
  Seed: uu+dd:px+ipy
  Seed uu: [0.+0.j 0.+0.j 0.+0.j 0.+0.j], Seed dd: [0.+0.j 0.+0.j 0.+0.j 0.+0.j]
F_onsite: 0j
F_swave: 0j, F_dwave: 0j
F_px: 0j, F_py: 0j
Free_energy = -25312.500660125963
------------------------------------------
[{'stable': {}, 'free': np.float64(-25312.500660125963)}]
------------------------------------------
====================================
mu=4.50, T=0.0673
====================================
  Seed: normal state
  Seed uu: [0.+0.j 0.+0.j 0.+0.j 0.+0.j], Seed dd: [0.+0.j 0.+0.j 0.+0.j 0.+0.j]
F_onsite: 0j
F_swave: 0j, F_dwave: 0j
F_px: 0j, F_py: 0j
Free_energy = -25312.502438364314
------------------------------------------
[{'stable': {}, 'free': np.float64(-25312.502438364314)}]
------------------------------------------
  Seed: uu:px
  Seed uu: [0.+0.j 0.+0.j 0.+0.j 0.+0.j], Seed dd: [0.+0.j 0.+0.j 0.+0.j 0.+0.j]
F_onsite: 0j
F_swave: 0j, F_dwave: 0j
F_px: 0j, F_py: 0j
Free_energy = -25312.502438364314
------------------------------------------
[{'stable': {}, 'free': np.float64(-25312.502438364314)}]
------------------------------------------
  Seed: uu:px+py
  Seed uu: [0.+0.j 0.+0.j 0.+0.j 0.+0.j], Seed dd: [0.+0.j 0.+0.j 0.+0.j 0.+0.j]
F_onsite: 0j
F_swave: 0j, F_dwave: 0j
F_px: 0j, F_py: 0j
Free_energy = -25312.502438364314
------------------------------------------
[{'stable': {}, 'free': np.float64(-25312.502438364314)}]
------------------------------------------
  Seed: uu:px+ipy
  Seed uu: [0.+0.j 0.+0.j 0.+0.j 0.+0.j], Seed dd: [0.+0.j 0.+0.j 0.+0.j 0.+0.j]
F_onsite: 0j
F_swave: 0j, F_dwave: 0j
F_px: 0j, F_py: 0j
Free_energy = -25312.502438364314
------------------------------------------
[{'stable': {}, 'free': np.float64(-25312.502438364314)}]
------------------------------------------
  Seed: dd:px
  Seed uu: [0.+0.j 0.+0.j 0.+0.j 0.+0.j], Seed dd: [0.+0.j 0.+0.j 0.+0.j 0.+0.j]
F_onsite: 0j
F_swave: 0j, F_dwave: 0j
F_px: 0j, F_py: 0j
Free_energy = -25312.502438364314
------------------------------------------
[{'stable': {}, 'free': np.float64(-25312.502438364314)}]
------------------------------------------
  Seed: dd:px+py
  Seed uu: [0.+0.j 0.+0.j 0.+0.j 0.+0.j], Seed dd: [0.+0.j 0.+0.j 0.+0.j 0.+0.j]
F_onsite: 0j
F_swave: 0j, F_dwave: 0j
F_px: 0j, F_py: 0j
Free_energy = -25312.502438364314
------------------------------------------
[{'stable': {}, 'free': np.float64(-25312.502438364314)}]
------------------------------------------
  Seed: dd:px+ipy
  Seed uu: [0.+0.j 0.+0.j 0.+0.j 0.+0.j], Seed dd: [0.+0.j 0.+0.j 0.+0.j 0.+0.j]
F_onsite: 0j
F_swave: 0j, F_dwave: 0j
F_px: 0j, F_py: 0j
Free_energy = -25312.502438364314
------------------------------------------
[{'stable': {}, 'free': np.float64(-25312.502438364314)}]
------------------------------------------
  Seed: uu+dd:px
  Seed uu: [0.+0.j 0.+0.j 0.+0.j 0.+0.j], Seed dd: [0.+0.j 0.+0.j 0.+0.j 0.+0.j]
F_onsite: 0j
F_swave: 0j, F_dwave: 0j
F_px: 0j, F_py: 0j
Free_energy = -25312.502438364314
------------------------------------------
[{'stable': {}, 'free': np.float64(-25312.502438364314)}]
------------------------------------------
  Seed: uu+dd:px+py
  Seed uu: [0.+0.j 0.+0.j 0.+0.j 0.+0.j], Seed dd: [0.+0.j 0.+0.j 0.+0.j 0.+0.j]
F_onsite: 0j
F_swave: 0j, F_dwave: 0j
F_px: 0j, F_py: 0j
Free_energy = -25312.502438364314
------------------------------------------
[{'stable': {}, 'free': np.float64(-25312.502438364314)}]
------------------------------------------
  Seed: uu+dd:px+ipy
  Seed uu: [0.+0.j 0.+0.j 0.+0.j 0.+0.j], Seed dd: [0.+0.j 0.+0.j 0.+0.j 0.+0.j]
F_onsite: 0j
F_swave: 0j, F_dwave: 0j
F_px: 0j, F_py: 0j
Free_energy = -25312.502438364314
------------------------------------------
[{'stable': {}, 'free': np.float64(-25312.502438364314)}]
------------------------------------------
====================================
mu=4.50, T=0.0756
====================================
  Seed: normal state
  Seed uu: [0.+0.j 0.+0.j 0.+0.j 0.+0.j], Seed dd: [0.+0.j 0.+0.j 0.+0.j 0.+0.j]
F_onsite: 0j
F_swave: 0j, F_dwave: 0j
F_px: 0j, F_py: 0j
Free_energy = -25312.50694937969
------------------------------------------
[{'stable': {}, 'free': np.float64(-25312.50694937969)}]
------------------------------------------
  Seed: uu:px
  Seed uu: [0.+0.j 0.+0.j 0.+0.j 0.+0.j], Seed dd: [0.+0.j 0.+0.j 0.+0.j 0.+0.j]
F_onsite: 0j
F_swave: 0j, F_dwave: 0j
F_px: 0j, F_py: 0j
Free_energy = -25312.50694937969
------------------------------------------
[{'stable': {}, 'free': np.float64(-25312.50694937969)}]
------------------------------------------
  Seed: uu:px+py
  Seed uu: [0.+0.j 0.+0.j 0.+0.j 0.+0.j], Seed dd: [0.+0.j 0.+0.j 0.+0.j 0.+0.j]
F_onsite: 0j
F_swave: 0j, F_dwave: 0j
F_px: 0j, F_py: 0j
Free_energy = -25312.50694937969
------------------------------------------
[{'stable': {}, 'free': np.float64(-25312.50694937969)}]
------------------------------------------
  Seed: uu:px+ipy
  Seed uu: [0.+0.j 0.+0.j 0.+0.j 0.+0.j], Seed dd: [0.+0.j 0.+0.j 0.+0.j 0.+0.j]
F_onsite: 0j
F_swave: 0j, F_dwave: 0j
F_px: 0j, F_py: 0j
Free_energy = -25312.50694937969
------------------------------------------
[{'stable': {}, 'free': np.float64(-25312.50694937969)}]
------------------------------------------
  Seed: dd:px
  Seed uu: [0.+0.j 0.+0.j 0.+0.j 0.+0.j], Seed dd: [0.+0.j 0.+0.j 0.+0.j 0.+0.j]
F_onsite: 0j
F_swave: 0j, F_dwave: 0j
F_px: 0j, F_py: 0j
Free_energy = -25312.50694937969
------------------------------------------
[{'stable': {}, 'free': np.float64(-25312.50694937969)}]
------------------------------------------
  Seed: dd:px+py
  Seed uu: [0.+0.j 0.+0.j 0.+0.j 0.+0.j], Seed dd: [0.+0.j 0.+0.j 0.+0.j 0.+0.j]
F_onsite: 0j
F_swave: 0j, F_dwave: 0j
F_px: 0j, F_py: 0j
Free_energy = -25312.50694937969
------------------------------------------
[{'stable': {}, 'free': np.float64(-25312.50694937969)}]
------------------------------------------
  Seed: dd:px+ipy
  Seed uu: [0.+0.j 0.+0.j 0.+0.j 0.+0.j], Seed dd: [0.+0.j 0.+0.j 0.+0.j 0.+0.j]
F_onsite: 0j
F_swave: 0j, F_dwave: 0j
F_px: 0j, F_py: 0j
Free_energy = -25312.50694937969
------------------------------------------
[{'stable': {}, 'free': np.float64(-25312.50694937969)}]
------------------------------------------
  Seed: uu+dd:px
  Seed uu: [0.+0.j 0.+0.j 0.+0.j 0.+0.j], Seed dd: [0.+0.j 0.+0.j 0.+0.j 0.+0.j]
F_onsite: 0j
F_swave: 0j, F_dwave: 0j
F_px: 0j, F_py: 0j
Free_energy = -25312.50694937969
------------------------------------------
[{'stable': {}, 'free': np.float64(-25312.50694937969)}]
------------------------------------------
  Seed: uu+dd:px+py
  Seed uu: [0.+0.j 0.+0.j 0.+0.j 0.+0.j], Seed dd: [0.+0.j 0.+0.j 0.+0.j 0.+0.j]
F_onsite: 0j
F_swave: 0j, F_dwave: 0j
F_px: 0j, F_py: 0j
Free_energy = -25312.50694937969
------------------------------------------
[{'stable': {}, 'free': np.float64(-25312.50694937969)}]
------------------------------------------
  Seed: uu+dd:px+ipy
  Seed uu: [0.+0.j 0.+0.j 0.+0.j 0.+0.j], Seed dd: [0.+0.j 0.+0.j 0.+0.j 0.+0.j]
F_onsite: 0j
F_swave: 0j, F_dwave: 0j
F_px: 0j, F_py: 0j
Free_energy = -25312.50694937969
------------------------------------------
[{'stable': {}, 'free': np.float64(-25312.50694937969)}]
------------------------------------------
====================================
mu=4.50, T=0.0839
====================================
  Seed: normal state
  Seed uu: [0.+0.j 0.+0.j 0.+0.j 0.+0.j], Seed dd: [0.+0.j 0.+0.j 0.+0.j 0.+0.j]
F_onsite: 0j
F_swave: 0j, F_dwave: 0j
F_px: 0j, F_py: 0j
Free_energy = -25312.51645745078
------------------------------------------
[{'stable': {}, 'free': np.float64(-25312.51645745078)}]
------------------------------------------
  Seed: uu:px
  Seed uu: [0.+0.j 0.+0.j 0.+0.j 0.+0.j], Seed dd: [0.+0.j 0.+0.j 0.+0.j 0.+0.j]
F_onsite: 0j
F_swave: 0j, F_dwave: 0j
F_px: 0j, F_py: 0j
Free_energy = -25312.51645745078
------------------------------------------
[{'stable': {}, 'free': np.float64(-25312.51645745078)}]
------------------------------------------
  Seed: uu:px+py
  Seed uu: [0.+0.j 0.+0.j 0.+0.j 0.+0.j], Seed dd: [0.+0.j 0.+0.j 0.+0.j 0.+0.j]
F_onsite: 0j
F_swave: 0j, F_dwave: 0j
F_px: 0j, F_py: 0j
Free_energy = -25312.51645745078
------------------------------------------
[{'stable': {}, 'free': np.float64(-25312.51645745078)}]
------------------------------------------
  Seed: uu:px+ipy
  Seed uu: [0.+0.j 0.+0.j 0.+0.j 0.+0.j], Seed dd: [0.+0.j 0.+0.j 0.+0.j 0.+0.j]
F_onsite: 0j
F_swave: 0j, F_dwave: 0j
F_px: 0j, F_py: 0j
Free_energy = -25312.51645745078
------------------------------------------
[{'stable': {}, 'free': np.float64(-25312.51645745078)}]
------------------------------------------
  Seed: dd:px
  Seed uu: [0.+0.j 0.+0.j 0.+0.j 0.+0.j], Seed dd: [0.+0.j 0.+0.j 0.+0.j 0.+0.j]
F_onsite: 0j
F_swave: 0j, F_dwave: 0j
F_px: 0j, F_py: 0j
Free_energy = -25312.51645745078
------------------------------------------
[{'stable': {}, 'free': np.float64(-25312.51645745078)}]
------------------------------------------
  Seed: dd:px+py
  Seed uu: [0.+0.j 0.+0.j 0.+0.j 0.+0.j], Seed dd: [0.+0.j 0.+0.j 0.+0.j 0.+0.j]
F_onsite: 0j
F_swave: 0j, F_dwave: 0j
F_px: 0j, F_py: 0j
Free_energy = -25312.51645745078
------------------------------------------
[{'stable': {}, 'free': np.float64(-25312.51645745078)}]
------------------------------------------
  Seed: dd:px+ipy
  Seed uu: [0.+0.j 0.+0.j 0.+0.j 0.+0.j], Seed dd: [0.+0.j 0.+0.j 0.+0.j 0.+0.j]
F_onsite: 0j
F_swave: 0j, F_dwave: 0j
F_px: 0j, F_py: 0j
Free_energy = -25312.51645745078
------------------------------------------
[{'stable': {}, 'free': np.float64(-25312.51645745078)}]
------------------------------------------
  Seed: uu+dd:px
  Seed uu: [0.+0.j 0.+0.j 0.+0.j 0.+0.j], Seed dd: [0.+0.j 0.+0.j 0.+0.j 0.+0.j]
F_onsite: 0j
F_swave: 0j, F_dwave: 0j
F_px: 0j, F_py: 0j
Free_energy = -25312.51645745078
------------------------------------------
[{'stable': {}, 'free': np.float64(-25312.51645745078)}]
------------------------------------------
  Seed: uu+dd:px+py
  Seed uu: [0.+0.j 0.+0.j 0.+0.j 0.+0.j], Seed dd: [0.+0.j 0.+0.j 0.+0.j 0.+0.j]
F_onsite: 0j
F_swave: 0j, F_dwave: 0j
F_px: 0j, F_py: 0j
Free_energy = -25312.51645745078
------------------------------------------
[{'stable': {}, 'free': np.float64(-25312.51645745078)}]
------------------------------------------
  Seed: uu+dd:px+ipy
  Seed uu: [0.+0.j 0.+0.j 0.+0.j 0.+0.j], Seed dd: [0.+0.j 0.+0.j 0.+0.j 0.+0.j]
F_onsite: 0j
F_swave: 0j, F_dwave: 0j
F_px: 0j, F_py: 0j
Free_energy = -25312.51645745078
------------------------------------------
[{'stable': {}, 'free': np.float64(-25312.51645745078)}]
------------------------------------------
====================================
mu=4.50, T=0.0922
====================================
  Seed: normal state
  Seed uu: [0.+0.j 0.+0.j 0.+0.j 0.+0.j], Seed dd: [0.+0.j 0.+0.j 0.+0.j 0.+0.j]
F_onsite: 0j
F_swave: 0j, F_dwave: 0j
F_px: 0j, F_py: 0j
Free_energy = -25312.533975889175
------------------------------------------
[{'stable': {}, 'free': np.float64(-25312.533975889175)}]
------------------------------------------
  Seed: uu:px
  Seed uu: [0.+0.j 0.+0.j 0.+0.j 0.+0.j], Seed dd: [0.+0.j 0.+0.j 0.+0.j 0.+0.j]
F_onsite: 0j
F_swave: 0j, F_dwave: 0j
F_px: 0j, F_py: 0j
Free_energy = -25312.533975889175
------------------------------------------
[{'stable': {}, 'free': np.float64(-25312.533975889175)}]
------------------------------------------
  Seed: uu:px+py
  Seed uu: [0.+0.j 0.+0.j 0.+0.j 0.+0.j], Seed dd: [0.+0.j 0.+0.j 0.+0.j 0.+0.j]
F_onsite: 0j
F_swave: 0j, F_dwave: 0j
F_px: 0j, F_py: 0j
Free_energy = -25312.533975889175
------------------------------------------
[{'stable': {}, 'free': np.float64(-25312.533975889175)}]
------------------------------------------
  Seed: uu:px+ipy
  Seed uu: [0.+0.j 0.+0.j 0.+0.j 0.+0.j], Seed dd: [0.+0.j 0.+0.j 0.+0.j 0.+0.j]
F_onsite: 0j
F_swave: 0j, F_dwave: 0j
F_px: 0j, F_py: 0j
Free_energy = -25312.533975889175
------------------------------------------
[{'stable': {}, 'free': np.float64(-25312.533975889175)}]
------------------------------------------
  Seed: dd:px
  Seed uu: [0.+0.j 0.+0.j 0.+0.j 0.+0.j], Seed dd: [0.+0.j 0.+0.j 0.+0.j 0.+0.j]
F_onsite: 0j
F_swave: 0j, F_dwave: 0j
F_px: 0j, F_py: 0j
Free_energy = -25312.533975889175
------------------------------------------
[{'stable': {}, 'free': np.float64(-25312.533975889175)}]
------------------------------------------
  Seed: dd:px+py
  Seed uu: [0.+0.j 0.+0.j 0.+0.j 0.+0.j], Seed dd: [0.+0.j 0.+0.j 0.+0.j 0.+0.j]
F_onsite: 0j
F_swave: 0j, F_dwave: 0j
F_px: 0j, F_py: 0j
Free_energy = -25312.533975889175
------------------------------------------
[{'stable': {}, 'free': np.float64(-25312.533975889175)}]
------------------------------------------
  Seed: dd:px+ipy
  Seed uu: [0.+0.j 0.+0.j 0.+0.j 0.+0.j], Seed dd: [0.+0.j 0.+0.j 0.+0.j 0.+0.j]
F_onsite: 0j
F_swave: 0j, F_dwave: 0j
F_px: 0j, F_py: 0j
Free_energy = -25312.533975889175
------------------------------------------
[{'stable': {}, 'free': np.float64(-25312.533975889175)}]
------------------------------------------
  Seed: uu+dd:px
  Seed uu: [0.+0.j 0.+0.j 0.+0.j 0.+0.j], Seed dd: [0.+0.j 0.+0.j 0.+0.j 0.+0.j]
F_onsite: 0j
F_swave: 0j, F_dwave: 0j
F_px: 0j, F_py: 0j
Free_energy = -25312.533975889175
------------------------------------------
[{'stable': {}, 'free': np.float64(-25312.533975889175)}]
------------------------------------------
  Seed: uu+dd:px+py
  Seed uu: [0.+0.j 0.+0.j 0.+0.j 0.+0.j], Seed dd: [0.+0.j 0.+0.j 0.+0.j 0.+0.j]
F_onsite: 0j
F_swave: 0j, F_dwave: 0j
F_px: 0j, F_py: 0j
Free_energy = -25312.533975889175
------------------------------------------
[{'stable': {}, 'free': np.float64(-25312.533975889175)}]
------------------------------------------
  Seed: uu+dd:px+ipy
  Seed uu: [0.+0.j 0.+0.j 0.+0.j 0.+0.j], Seed dd: [0.+0.j 0.+0.j 0.+0.j 0.+0.j]
F_onsite: 0j
F_swave: 0j, F_dwave: 0j
F_px: 0j, F_py: 0j
Free_energy = -25312.533975889175
------------------------------------------
[{'stable': {}, 'free': np.float64(-25312.533975889175)}]
------------------------------------------
====================================
mu=4.50, T=0.1005
====================================
  Seed: normal state
  Seed uu: [0.+0.j 0.+0.j 0.+0.j 0.+0.j], Seed dd: [0.+0.j 0.+0.j 0.+0.j 0.+0.j]
F_onsite: 0j
F_swave: 0j, F_dwave: 0j
F_px: 0j, F_py: 0j
Free_energy = -25312.563163030274
------------------------------------------
[{'stable': {}, 'free': np.float64(-25312.563163030274)}]
------------------------------------------
  Seed: uu:px
  Seed uu: [0.+0.j 0.+0.j 0.+0.j 0.+0.j], Seed dd: [0.+0.j 0.+0.j 0.+0.j 0.+0.j]
F_onsite: 0j
F_swave: 0j, F_dwave: 0j
F_px: 0j, F_py: 0j
Free_energy = -25312.563163030274
------------------------------------------
[{'stable': {}, 'free': np.float64(-25312.563163030274)}]
------------------------------------------
  Seed: uu:px+py
  Seed uu: [0.+0.j 0.+0.j 0.+0.j 0.+0.j], Seed dd: [0.+0.j 0.+0.j 0.+0.j 0.+0.j]
F_onsite: 0j
F_swave: 0j, F_dwave: 0j
F_px: 0j, F_py: 0j
Free_energy = -25312.563163030274
------------------------------------------
[{'stable': {}, 'free': np.float64(-25312.563163030274)}]
------------------------------------------
  Seed: uu:px+ipy
  Seed uu: [0.+0.j 0.+0.j 0.+0.j 0.+0.j], Seed dd: [0.+0.j 0.+0.j 0.+0.j 0.+0.j]
F_onsite: 0j
F_swave: 0j, F_dwave: 0j
F_px: 0j, F_py: 0j
Free_energy = -25312.563163030274
------------------------------------------
[{'stable': {}, 'free': np.float64(-25312.563163030274)}]
------------------------------------------
  Seed: dd:px
  Seed uu: [0.+0.j 0.+0.j 0.+0.j 0.+0.j], Seed dd: [0.+0.j 0.+0.j 0.+0.j 0.+0.j]
F_onsite: 0j
F_swave: 0j, F_dwave: 0j
F_px: 0j, F_py: 0j
Free_energy = -25312.563163030274
------------------------------------------
[{'stable': {}, 'free': np.float64(-25312.563163030274)}]
------------------------------------------
  Seed: dd:px+py
  Seed uu: [0.+0.j 0.+0.j 0.+0.j 0.+0.j], Seed dd: [0.+0.j 0.+0.j 0.+0.j 0.+0.j]
F_onsite: 0j
F_swave: 0j, F_dwave: 0j
F_px: 0j, F_py: 0j
Free_energy = -25312.563163030274
------------------------------------------
[{'stable': {}, 'free': np.float64(-25312.563163030274)}]
------------------------------------------
  Seed: dd:px+ipy
  Seed uu: [0.+0.j 0.+0.j 0.+0.j 0.+0.j], Seed dd: [0.+0.j 0.+0.j 0.+0.j 0.+0.j]
F_onsite: 0j
F_swave: 0j, F_dwave: 0j
F_px: 0j, F_py: 0j
Free_energy = -25312.563163030274
------------------------------------------
[{'stable': {}, 'free': np.float64(-25312.563163030274)}]
------------------------------------------
  Seed: uu+dd:px
  Seed uu: [0.+0.j 0.+0.j 0.+0.j 0.+0.j], Seed dd: [0.+0.j 0.+0.j 0.+0.j 0.+0.j]
F_onsite: 0j
F_swave: 0j, F_dwave: 0j
F_px: 0j, F_py: 0j
Free_energy = -25312.563163030274
------------------------------------------
[{'stable': {}, 'free': np.float64(-25312.563163030274)}]
------------------------------------------
  Seed: uu+dd:px+py
  Seed uu: [0.+0.j 0.+0.j 0.+0.j 0.+0.j], Seed dd: [0.+0.j 0.+0.j 0.+0.j 0.+0.j]
F_onsite: 0j
F_swave: 0j, F_dwave: 0j
F_px: 0j, F_py: 0j
Free_energy = -25312.563163030274
------------------------------------------
[{'stable': {}, 'free': np.float64(-25312.563163030274)}]
------------------------------------------
  Seed: uu+dd:px+ipy
  Seed uu: [0.+0.j 0.+0.j 0.+0.j 0.+0.j], Seed dd: [0.+0.j 0.+0.j 0.+0.j 0.+0.j]
F_onsite: 0j
F_swave: 0j, F_dwave: 0j
F_px: 0j, F_py: 0j
Free_energy = -25312.563163030274
------------------------------------------
[{'stable': {}, 'free': np.float64(-25312.563163030274)}]
------------------------------------------
====================================
mu=4.50, T=0.1088
====================================
  Seed: normal state
  Seed uu: [0.+0.j 0.+0.j 0.+0.j 0.+0.j], Seed dd: [0.+0.j 0.+0.j 0.+0.j 0.+0.j]
F_onsite: 0j
F_swave: 0j, F_dwave: 0j
F_px: 0j, F_py: 0j
Free_energy = -25312.60817687199
------------------------------------------
[{'stable': {}, 'free': np.float64(-25312.60817687199)}]
------------------------------------------
  Seed: uu:px
  Seed uu: [0.+0.j 0.+0.j 0.+0.j 0.+0.j], Seed dd: [0.+0.j 0.+0.j 0.+0.j 0.+0.j]
F_onsite: 0j
F_swave: 0j, F_dwave: 0j
F_px: 0j, F_py: 0j
Free_energy = -25312.60817687199
------------------------------------------
[{'stable': {}, 'free': np.float64(-25312.60817687199)}]
------------------------------------------
  Seed: uu:px+py
  Seed uu: [0.+0.j 0.+0.j 0.+0.j 0.+0.j], Seed dd: [0.+0.j 0.+0.j 0.+0.j 0.+0.j]
F_onsite: 0j
F_swave: 0j, F_dwave: 0j
F_px: 0j, F_py: 0j
Free_energy = -25312.60817687199
------------------------------------------
[{'stable': {}, 'free': np.float64(-25312.60817687199)}]
------------------------------------------
  Seed: uu:px+ipy
  Seed uu: [0.+0.j 0.+0.j 0.+0.j 0.+0.j], Seed dd: [0.+0.j 0.+0.j 0.+0.j 0.+0.j]
F_onsite: 0j
F_swave: 0j, F_dwave: 0j
F_px: 0j, F_py: 0j
Free_energy = -25312.60817687199
------------------------------------------
[{'stable': {}, 'free': np.float64(-25312.60817687199)}]
------------------------------------------
  Seed: dd:px
  Seed uu: [0.+0.j 0.+0.j 0.+0.j 0.+0.j], Seed dd: [0.+0.j 0.+0.j 0.+0.j 0.+0.j]
F_onsite: 0j
F_swave: 0j, F_dwave: 0j
F_px: 0j, F_py: 0j
Free_energy = -25312.60817687199
------------------------------------------
[{'stable': {}, 'free': np.float64(-25312.60817687199)}]
------------------------------------------
  Seed: dd:px+py
  Seed uu: [0.+0.j 0.+0.j 0.+0.j 0.+0.j], Seed dd: [0.+0.j 0.+0.j 0.+0.j 0.+0.j]
F_onsite: 0j
F_swave: 0j, F_dwave: 0j
F_px: 0j, F_py: 0j
Free_energy = -25312.60817687199
------------------------------------------
[{'stable': {}, 'free': np.float64(-25312.60817687199)}]
------------------------------------------
  Seed: dd:px+ipy
  Seed uu: [0.+0.j 0.+0.j 0.+0.j 0.+0.j], Seed dd: [0.+0.j 0.+0.j 0.+0.j 0.+0.j]
F_onsite: 0j
F_swave: 0j, F_dwave: 0j
F_px: 0j, F_py: 0j
Free_energy = -25312.60817687199
------------------------------------------
[{'stable': {}, 'free': np.float64(-25312.60817687199)}]
------------------------------------------
  Seed: uu+dd:px
  Seed uu: [0.+0.j 0.+0.j 0.+0.j 0.+0.j], Seed dd: [0.+0.j 0.+0.j 0.+0.j 0.+0.j]
F_onsite: 0j
F_swave: 0j, F_dwave: 0j
F_px: 0j, F_py: 0j
Free_energy = -25312.60817687199
------------------------------------------
[{'stable': {}, 'free': np.float64(-25312.60817687199)}]
------------------------------------------
  Seed: uu+dd:px+py
  Seed uu: [0.+0.j 0.+0.j 0.+0.j 0.+0.j], Seed dd: [0.+0.j 0.+0.j 0.+0.j 0.+0.j]
F_onsite: 0j
F_swave: 0j, F_dwave: 0j
F_px: 0j, F_py: 0j
Free_energy = -25312.60817687199
------------------------------------------
[{'stable': {}, 'free': np.float64(-25312.60817687199)}]
------------------------------------------
  Seed: uu+dd:px+ipy
  Seed uu: [0.+0.j 0.+0.j 0.+0.j 0.+0.j], Seed dd: [0.+0.j 0.+0.j 0.+0.j 0.+0.j]
F_onsite: 0j
F_swave: 0j, F_dwave: 0j
F_px: 0j, F_py: 0j
Free_energy = -25312.60817687199
------------------------------------------
[{'stable': {}, 'free': np.float64(-25312.60817687199)}]
------------------------------------------
====================================
mu=4.50, T=0.1171
====================================
  Seed: normal state
  Seed uu: [0.+0.j 0.+0.j 0.+0.j 0.+0.j], Seed dd: [0.+0.j 0.+0.j 0.+0.j 0.+0.j]
F_onsite: 0j
F_swave: 0j, F_dwave: 0j
F_px: 0j, F_py: 0j
Free_energy = -25312.673520193483
------------------------------------------
[{'stable': {}, 'free': np.float64(-25312.673520193483)}]
------------------------------------------
  Seed: uu:px
  Seed uu: [0.+0.j 0.+0.j 0.+0.j 0.+0.j], Seed dd: [0.+0.j 0.+0.j 0.+0.j 0.+0.j]
F_onsite: 0j
F_swave: 0j, F_dwave: 0j
F_px: 0j, F_py: 0j
Free_energy = -25312.673520193483
------------------------------------------
[{'stable': {}, 'free': np.float64(-25312.673520193483)}]
------------------------------------------
  Seed: uu:px+py
  Seed uu: [0.+0.j 0.+0.j 0.+0.j 0.+0.j], Seed dd: [0.+0.j 0.+0.j 0.+0.j 0.+0.j]
F_onsite: 0j
F_swave: 0j, F_dwave: 0j
F_px: 0j, F_py: 0j
Free_energy = -25312.673520193483
------------------------------------------
[{'stable': {}, 'free': np.float64(-25312.673520193483)}]
------------------------------------------
  Seed: uu:px+ipy
  Seed uu: [0.+0.j 0.+0.j 0.+0.j 0.+0.j], Seed dd: [0.+0.j 0.+0.j 0.+0.j 0.+0.j]
F_onsite: 0j
F_swave: 0j, F_dwave: 0j
F_px: 0j, F_py: 0j
Free_energy = -25312.673520193483
------------------------------------------
[{'stable': {}, 'free': np.float64(-25312.673520193483)}]
------------------------------------------
  Seed: dd:px
  Seed uu: [0.+0.j 0.+0.j 0.+0.j 0.+0.j], Seed dd: [0.+0.j 0.+0.j 0.+0.j 0.+0.j]
F_onsite: 0j
F_swave: 0j, F_dwave: 0j
F_px: 0j, F_py: 0j
Free_energy = -25312.673520193483
------------------------------------------
[{'stable': {}, 'free': np.float64(-25312.673520193483)}]
------------------------------------------
  Seed: dd:px+py
  Seed uu: [0.+0.j 0.+0.j 0.+0.j 0.+0.j], Seed dd: [0.+0.j 0.+0.j 0.+0.j 0.+0.j]
F_onsite: 0j
F_swave: 0j, F_dwave: 0j
F_px: 0j, F_py: 0j
Free_energy = -25312.673520193483
------------------------------------------
[{'stable': {}, 'free': np.float64(-25312.673520193483)}]
------------------------------------------
  Seed: dd:px+ipy
  Seed uu: [0.+0.j 0.+0.j 0.+0.j 0.+0.j], Seed dd: [0.+0.j 0.+0.j 0.+0.j 0.+0.j]
F_onsite: 0j
F_swave: 0j, F_dwave: 0j
F_px: 0j, F_py: 0j
Free_energy = -25312.673520193483
------------------------------------------
[{'stable': {}, 'free': np.float64(-25312.673520193483)}]
------------------------------------------
  Seed: uu+dd:px
  Seed uu: [0.+0.j 0.+0.j 0.+0.j 0.+0.j], Seed dd: [0.+0.j 0.+0.j 0.+0.j 0.+0.j]
F_onsite: 0j
F_swave: 0j, F_dwave: 0j
F_px: 0j, F_py: 0j
Free_energy = -25312.673520193483
------------------------------------------
[{'stable': {}, 'free': np.float64(-25312.673520193483)}]
------------------------------------------
  Seed: uu+dd:px+py
  Seed uu: [0.+0.j 0.+0.j 0.+0.j 0.+0.j], Seed dd: [0.+0.j 0.+0.j 0.+0.j 0.+0.j]
F_onsite: 0j
F_swave: 0j, F_dwave: 0j
F_px: 0j, F_py: 0j
Free_energy = -25312.673520193483
------------------------------------------
[{'stable': {}, 'free': np.float64(-25312.673520193483)}]
------------------------------------------
  Seed: uu+dd:px+ipy
  Seed uu: [0.+0.j 0.+0.j 0.+0.j 0.+0.j], Seed dd: [0.+0.j 0.+0.j 0.+0.j 0.+0.j]
F_onsite: 0j
F_swave: 0j, F_dwave: 0j
F_px: 0j, F_py: 0j
Free_energy = -25312.673520193483
------------------------------------------
[{'stable': {}, 'free': np.float64(-25312.673520193483)}]
------------------------------------------
====================================
mu=4.50, T=0.1254
====================================
  Seed: normal state
  Seed uu: [0.+0.j 0.+0.j 0.+0.j 0.+0.j], Seed dd: [0.+0.j 0.+0.j 0.+0.j 0.+0.j]
F_onsite: 0j
F_swave: 0j, F_dwave: 0j
F_px: 0j, F_py: 0j
Free_energy = -25312.763896296667
------------------------------------------
[{'stable': {}, 'free': np.float64(-25312.763896296667)}]
------------------------------------------
  Seed: uu:px
  Seed uu: [0.+0.j 0.+0.j 0.+0.j 0.+0.j], Seed dd: [0.+0.j 0.+0.j 0.+0.j 0.+0.j]
F_onsite: 0j
F_swave: 0j, F_dwave: 0j
F_px: 0j, F_py: 0j
Free_energy = -25312.763896296667
------------------------------------------
[{'stable': {}, 'free': np.float64(-25312.763896296667)}]
------------------------------------------
  Seed: uu:px+py
  Seed uu: [0.+0.j 0.+0.j 0.+0.j 0.+0.j], Seed dd: [0.+0.j 0.+0.j 0.+0.j 0.+0.j]
F_onsite: 0j
F_swave: 0j, F_dwave: 0j
F_px: 0j, F_py: 0j
Free_energy = -25312.763896296667
------------------------------------------
[{'stable': {}, 'free': np.float64(-25312.763896296667)}]
------------------------------------------
  Seed: uu:px+ipy
  Seed uu: [0.+0.j 0.+0.j 0.+0.j 0.+0.j], Seed dd: [0.+0.j 0.+0.j 0.+0.j 0.+0.j]
F_onsite: 0j
F_swave: 0j, F_dwave: 0j
F_px: 0j, F_py: 0j
Free_energy = -25312.763896296667
------------------------------------------
[{'stable': {}, 'free': np.float64(-25312.763896296667)}]
------------------------------------------
  Seed: dd:px
  Seed uu: [0.+0.j 0.+0.j 0.+0.j 0.+0.j], Seed dd: [0.+0.j 0.+0.j 0.+0.j 0.+0.j]
F_onsite: 0j
F_swave: 0j, F_dwave: 0j
F_px: 0j, F_py: 0j
Free_energy = -25312.763896296667
------------------------------------------
[{'stable': {}, 'free': np.float64(-25312.763896296667)}]
------------------------------------------
  Seed: dd:px+py
  Seed uu: [0.+0.j 0.+0.j 0.+0.j 0.+0.j], Seed dd: [0.+0.j 0.+0.j 0.+0.j 0.+0.j]
F_onsite: 0j
F_swave: 0j, F_dwave: 0j
F_px: 0j, F_py: 0j
Free_energy = -25312.763896296667
------------------------------------------
[{'stable': {}, 'free': np.float64(-25312.763896296667)}]
------------------------------------------
  Seed: dd:px+ipy
  Seed uu: [0.+0.j 0.+0.j 0.+0.j 0.+0.j], Seed dd: [0.+0.j 0.+0.j 0.+0.j 0.+0.j]
F_onsite: 0j
F_swave: 0j, F_dwave: 0j
F_px: 0j, F_py: 0j
Free_energy = -25312.763896296667
------------------------------------------
[{'stable': {}, 'free': np.float64(-25312.763896296667)}]
------------------------------------------
  Seed: uu+dd:px
  Seed uu: [0.+0.j 0.+0.j 0.+0.j 0.+0.j], Seed dd: [0.+0.j 0.+0.j 0.+0.j 0.+0.j]
F_onsite: 0j
F_swave: 0j, F_dwave: 0j
F_px: 0j, F_py: 0j
Free_energy = -25312.763896296667
------------------------------------------
[{'stable': {}, 'free': np.float64(-25312.763896296667)}]
------------------------------------------
  Seed: uu+dd:px+py
  Seed uu: [0.+0.j 0.+0.j 0.+0.j 0.+0.j], Seed dd: [0.+0.j 0.+0.j 0.+0.j 0.+0.j]
F_onsite: 0j
F_swave: 0j, F_dwave: 0j
F_px: 0j, F_py: 0j
Free_energy = -25312.763896296667
------------------------------------------
[{'stable': {}, 'free': np.float64(-25312.763896296667)}]
------------------------------------------
  Seed: uu+dd:px+ipy
  Seed uu: [0.+0.j 0.+0.j 0.+0.j 0.+0.j], Seed dd: [0.+0.j 0.+0.j 0.+0.j 0.+0.j]
F_onsite: 0j
F_swave: 0j, F_dwave: 0j
F_px: 0j, F_py: 0j
Free_energy = -25312.763896296667
------------------------------------------
[{'stable': {}, 'free': np.float64(-25312.763896296667)}]
------------------------------------------
====================================
mu=4.50, T=0.1337
====================================
  Seed: normal state
  Seed uu: [0.+0.j 0.+0.j 0.+0.j 0.+0.j], Seed dd: [0.+0.j 0.+0.j 0.+0.j 0.+0.j]
F_onsite: 0j
F_swave: 0j, F_dwave: 0j
F_px: 0j, F_py: 0j
Free_energy = -25312.88408562247
------------------------------------------
[{'stable': {}, 'free': np.float64(-25312.88408562247)}]
------------------------------------------
  Seed: uu:px
  Seed uu: [0.+0.j 0.+0.j 0.+0.j 0.+0.j], Seed dd: [0.+0.j 0.+0.j 0.+0.j 0.+0.j]
F_onsite: 0j
F_swave: 0j, F_dwave: 0j
F_px: 0j, F_py: 0j
Free_energy = -25312.88408562247
------------------------------------------
[{'stable': {}, 'free': np.float64(-25312.88408562247)}]
------------------------------------------
  Seed: uu:px+py
  Seed uu: [0.+0.j 0.+0.j 0.+0.j 0.+0.j], Seed dd: [0.+0.j 0.+0.j 0.+0.j 0.+0.j]
F_onsite: 0j
F_swave: 0j, F_dwave: 0j
F_px: 0j, F_py: 0j
Free_energy = -25312.88408562247
------------------------------------------
[{'stable': {}, 'free': np.float64(-25312.88408562247)}]
------------------------------------------
  Seed: uu:px+ipy
  Seed uu: [0.+0.j 0.+0.j 0.+0.j 0.+0.j], Seed dd: [0.+0.j 0.+0.j 0.+0.j 0.+0.j]
F_onsite: 0j
F_swave: 0j, F_dwave: 0j
F_px: 0j, F_py: 0j
Free_energy = -25312.88408562247
------------------------------------------
[{'stable': {}, 'free': np.float64(-25312.88408562247)}]
------------------------------------------
  Seed: dd:px
  Seed uu: [0.+0.j 0.+0.j 0.+0.j 0.+0.j], Seed dd: [0.+0.j 0.+0.j 0.+0.j 0.+0.j]
F_onsite: 0j
F_swave: 0j, F_dwave: 0j
F_px: 0j, F_py: 0j
Free_energy = -25312.88408562247
------------------------------------------
[{'stable': {}, 'free': np.float64(-25312.88408562247)}]
------------------------------------------
  Seed: dd:px+py
  Seed uu: [0.+0.j 0.+0.j 0.+0.j 0.+0.j], Seed dd: [0.+0.j 0.+0.j 0.+0.j 0.+0.j]
F_onsite: 0j
F_swave: 0j, F_dwave: 0j
F_px: 0j, F_py: 0j
Free_energy = -25312.88408562247
------------------------------------------
[{'stable': {}, 'free': np.float64(-25312.88408562247)}]
------------------------------------------
  Seed: dd:px+ipy
  Seed uu: [0.+0.j 0.+0.j 0.+0.j 0.+0.j], Seed dd: [0.+0.j 0.+0.j 0.+0.j 0.+0.j]
F_onsite: 0j
F_swave: 0j, F_dwave: 0j
F_px: 0j, F_py: 0j
Free_energy = -25312.88408562247
------------------------------------------
[{'stable': {}, 'free': np.float64(-25312.88408562247)}]
------------------------------------------
  Seed: uu+dd:px
  Seed uu: [0.+0.j 0.+0.j 0.+0.j 0.+0.j], Seed dd: [0.+0.j 0.+0.j 0.+0.j 0.+0.j]
F_onsite: 0j
F_swave: 0j, F_dwave: 0j
F_px: 0j, F_py: 0j
Free_energy = -25312.88408562247
------------------------------------------
[{'stable': {}, 'free': np.float64(-25312.88408562247)}]
------------------------------------------
  Seed: uu+dd:px+py
  Seed uu: [0.+0.j 0.+0.j 0.+0.j 0.+0.j], Seed dd: [0.+0.j 0.+0.j 0.+0.j 0.+0.j]
F_onsite: 0j
F_swave: 0j, F_dwave: 0j
F_px: 0j, F_py: 0j
Free_energy = -25312.88408562247
------------------------------------------
[{'stable': {}, 'free': np.float64(-25312.88408562247)}]
------------------------------------------
  Seed: uu+dd:px+ipy
  Seed uu: [0.+0.j 0.+0.j 0.+0.j 0.+0.j], Seed dd: [0.+0.j 0.+0.j 0.+0.j 0.+0.j]
F_onsite: 0j
F_swave: 0j, F_dwave: 0j
F_px: 0j, F_py: 0j
Free_energy = -25312.88408562247
------------------------------------------
[{'stable': {}, 'free': np.float64(-25312.88408562247)}]
------------------------------------------
====================================
mu=4.50, T=0.1420
====================================
  Seed: normal state
  Seed uu: [0.+0.j 0.+0.j 0.+0.j 0.+0.j], Seed dd: [0.+0.j 0.+0.j 0.+0.j 0.+0.j]
F_onsite: 0j
F_swave: 0j, F_dwave: 0j
F_px: 0j, F_py: 0j
Free_energy = -25313.03884669156
------------------------------------------
[{'stable': {}, 'free': np.float64(-25313.03884669156)}]
------------------------------------------
  Seed: uu:px
  Seed uu: [0.+0.j 0.+0.j 0.+0.j 0.+0.j], Seed dd: [0.+0.j 0.+0.j 0.+0.j 0.+0.j]
F_onsite: 0j
F_swave: 0j, F_dwave: 0j
F_px: 0j, F_py: 0j
Free_energy = -25313.03884669156
------------------------------------------
[{'stable': {}, 'free': np.float64(-25313.03884669156)}]
------------------------------------------
  Seed: uu:px+py
  Seed uu: [0.+0.j 0.+0.j 0.+0.j 0.+0.j], Seed dd: [0.+0.j 0.+0.j 0.+0.j 0.+0.j]
F_onsite: 0j
F_swave: 0j, F_dwave: 0j
F_px: 0j, F_py: 0j
Free_energy = -25313.03884669156
------------------------------------------
[{'stable': {}, 'free': np.float64(-25313.03884669156)}]
------------------------------------------
  Seed: uu:px+ipy
  Seed uu: [0.+0.j 0.+0.j 0.+0.j 0.+0.j], Seed dd: [0.+0.j 0.+0.j 0.+0.j 0.+0.j]
F_onsite: 0j
F_swave: 0j, F_dwave: 0j
F_px: 0j, F_py: 0j
Free_energy = -25313.03884669156
------------------------------------------
[{'stable': {}, 'free': np.float64(-25313.03884669156)}]
------------------------------------------
  Seed: dd:px
  Seed uu: [0.+0.j 0.+0.j 0.+0.j 0.+0.j], Seed dd: [0.+0.j 0.+0.j 0.+0.j 0.+0.j]
F_onsite: 0j
F_swave: 0j, F_dwave: 0j
F_px: 0j, F_py: 0j
Free_energy = -25313.03884669156
------------------------------------------
[{'stable': {}, 'free': np.float64(-25313.03884669156)}]
------------------------------------------
  Seed: dd:px+py
  Seed uu: [0.+0.j 0.+0.j 0.+0.j 0.+0.j], Seed dd: [0.+0.j 0.+0.j 0.+0.j 0.+0.j]
F_onsite: 0j
F_swave: 0j, F_dwave: 0j
F_px: 0j, F_py: 0j
Free_energy = -25313.03884669156
------------------------------------------
[{'stable': {}, 'free': np.float64(-25313.03884669156)}]
------------------------------------------
  Seed: dd:px+ipy
  Seed uu: [0.+0.j 0.+0.j 0.+0.j 0.+0.j], Seed dd: [0.+0.j 0.+0.j 0.+0.j 0.+0.j]
F_onsite: 0j
F_swave: 0j, F_dwave: 0j
F_px: 0j, F_py: 0j
Free_energy = -25313.03884669156
------------------------------------------
[{'stable': {}, 'free': np.float64(-25313.03884669156)}]
------------------------------------------
  Seed: uu+dd:px
  Seed uu: [0.+0.j 0.+0.j 0.+0.j 0.+0.j], Seed dd: [0.+0.j 0.+0.j 0.+0.j 0.+0.j]
F_onsite: 0j
F_swave: 0j, F_dwave: 0j
F_px: 0j, F_py: 0j
Free_energy = -25313.03884669156
------------------------------------------
[{'stable': {}, 'free': np.float64(-25313.03884669156)}]
------------------------------------------
  Seed: uu+dd:px+py
  Seed uu: [0.+0.j 0.+0.j 0.+0.j 0.+0.j], Seed dd: [0.+0.j 0.+0.j 0.+0.j 0.+0.j]
F_onsite: 0j
F_swave: 0j, F_dwave: 0j
F_px: 0j, F_py: 0j
Free_energy = -25313.03884669156
------------------------------------------
[{'stable': {}, 'free': np.float64(-25313.03884669156)}]
------------------------------------------
  Seed: uu+dd:px+ipy
  Seed uu: [0.+0.j 0.+0.j 0.+0.j 0.+0.j], Seed dd: [0.+0.j 0.+0.j 0.+0.j 0.+0.j]
F_onsite: 0j
F_swave: 0j, F_dwave: 0j
F_px: 0j, F_py: 0j
Free_energy = -25313.03884669156
------------------------------------------
[{'stable': {}, 'free': np.float64(-25313.03884669156)}]
------------------------------------------
====================================
mu=4.50, T=0.1503
====================================
  Seed: normal state
  Seed uu: [0.+0.j 0.+0.j 0.+0.j 0.+0.j], Seed dd: [0.+0.j 0.+0.j 0.+0.j 0.+0.j]
F_onsite: 0j
F_swave: 0j, F_dwave: 0j
F_px: 0j, F_py: 0j
Free_energy = -25313.23284079182
------------------------------------------
[{'stable': {}, 'free': np.float64(-25313.23284079182)}]
------------------------------------------
  Seed: uu:px
  Seed uu: [0.+0.j 0.+0.j 0.+0.j 0.+0.j], Seed dd: [0.+0.j 0.+0.j 0.+0.j 0.+0.j]
F_onsite: 0j
F_swave: 0j, F_dwave: 0j
F_px: 0j, F_py: 0j
Free_energy = -25313.23284079182
------------------------------------------
[{'stable': {}, 'free': np.float64(-25313.23284079182)}]
------------------------------------------
  Seed: uu:px+py
  Seed uu: [0.+0.j 0.+0.j 0.+0.j 0.+0.j], Seed dd: [0.+0.j 0.+0.j 0.+0.j 0.+0.j]
F_onsite: 0j
F_swave: 0j, F_dwave: 0j
F_px: 0j, F_py: 0j
Free_energy = -25313.23284079182
------------------------------------------
[{'stable': {}, 'free': np.float64(-25313.23284079182)}]
------------------------------------------
  Seed: uu:px+ipy
  Seed uu: [0.+0.j 0.+0.j 0.+0.j 0.+0.j], Seed dd: [0.+0.j 0.+0.j 0.+0.j 0.+0.j]
F_onsite: 0j
F_swave: 0j, F_dwave: 0j
F_px: 0j, F_py: 0j
Free_energy = -25313.23284079182
------------------------------------------
[{'stable': {}, 'free': np.float64(-25313.23284079182)}]
------------------------------------------
  Seed: dd:px
  Seed uu: [0.+0.j 0.+0.j 0.+0.j 0.+0.j], Seed dd: [0.+0.j 0.+0.j 0.+0.j 0.+0.j]
F_onsite: 0j
F_swave: 0j, F_dwave: 0j
F_px: 0j, F_py: 0j
Free_energy = -25313.23284079182
------------------------------------------
[{'stable': {}, 'free': np.float64(-25313.23284079182)}]
------------------------------------------
  Seed: dd:px+py
  Seed uu: [0.+0.j 0.+0.j 0.+0.j 0.+0.j], Seed dd: [0.+0.j 0.+0.j 0.+0.j 0.+0.j]
F_onsite: 0j
F_swave: 0j, F_dwave: 0j
F_px: 0j, F_py: 0j
Free_energy = -25313.23284079182
------------------------------------------
[{'stable': {}, 'free': np.float64(-25313.23284079182)}]
------------------------------------------
  Seed: dd:px+ipy
  Seed uu: [0.+0.j 0.+0.j 0.+0.j 0.+0.j], Seed dd: [0.+0.j 0.+0.j 0.+0.j 0.+0.j]
F_onsite: 0j
F_swave: 0j, F_dwave: 0j
F_px: 0j, F_py: 0j
Free_energy = -25313.23284079182
------------------------------------------
[{'stable': {}, 'free': np.float64(-25313.23284079182)}]
------------------------------------------
  Seed: uu+dd:px
  Seed uu: [0.+0.j 0.+0.j 0.+0.j 0.+0.j], Seed dd: [0.+0.j 0.+0.j 0.+0.j 0.+0.j]
F_onsite: 0j
F_swave: 0j, F_dwave: 0j
F_px: 0j, F_py: 0j
Free_energy = -25313.23284079182
------------------------------------------
[{'stable': {}, 'free': np.float64(-25313.23284079182)}]
------------------------------------------
  Seed: uu+dd:px+py
  Seed uu: [0.+0.j 0.+0.j 0.+0.j 0.+0.j], Seed dd: [0.+0.j 0.+0.j 0.+0.j 0.+0.j]
F_onsite: 0j
F_swave: 0j, F_dwave: 0j
F_px: 0j, F_py: 0j
Free_energy = -25313.23284079182
------------------------------------------
[{'stable': {}, 'free': np.float64(-25313.23284079182)}]
------------------------------------------
  Seed: uu+dd:px+ipy
  Seed uu: [0.+0.j 0.+0.j 0.+0.j 0.+0.j], Seed dd: [0.+0.j 0.+0.j 0.+0.j 0.+0.j]
F_onsite: 0j
F_swave: 0j, F_dwave: 0j
F_px: 0j, F_py: 0j
Free_energy = -25313.23284079182
------------------------------------------
[{'stable': {}, 'free': np.float64(-25313.23284079182)}]
------------------------------------------
====================================
mu=4.50, T=0.1585
====================================
  Seed: normal state
  Seed uu: [0.+0.j 0.+0.j 0.+0.j 0.+0.j], Seed dd: [0.+0.j 0.+0.j 0.+0.j 0.+0.j]
F_onsite: 0j
F_swave: 0j, F_dwave: 0j
F_px: 0j, F_py: 0j
Free_energy = -25313.4705777774
------------------------------------------
[{'stable': {}, 'free': np.float64(-25313.4705777774)}]
------------------------------------------
  Seed: uu:px
  Seed uu: [0.+0.j 0.+0.j 0.+0.j 0.+0.j], Seed dd: [0.+0.j 0.+0.j 0.+0.j 0.+0.j]
F_onsite: 0j
F_swave: 0j, F_dwave: 0j
F_px: 0j, F_py: 0j
Free_energy = -25313.4705777774
------------------------------------------
[{'stable': {}, 'free': np.float64(-25313.4705777774)}]
------------------------------------------
  Seed: uu:px+py
  Seed uu: [0.+0.j 0.+0.j 0.+0.j 0.+0.j], Seed dd: [0.+0.j 0.+0.j 0.+0.j 0.+0.j]
F_onsite: 0j
F_swave: 0j, F_dwave: 0j
F_px: 0j, F_py: 0j
Free_energy = -25313.4705777774
------------------------------------------
[{'stable': {}, 'free': np.float64(-25313.4705777774)}]
------------------------------------------
  Seed: uu:px+ipy
  Seed uu: [0.+0.j 0.+0.j 0.+0.j 0.+0.j], Seed dd: [0.+0.j 0.+0.j 0.+0.j 0.+0.j]
F_onsite: 0j
F_swave: 0j, F_dwave: 0j
F_px: 0j, F_py: 0j
Free_energy = -25313.4705777774
------------------------------------------
[{'stable': {}, 'free': np.float64(-25313.4705777774)}]
------------------------------------------
  Seed: dd:px
  Seed uu: [0.+0.j 0.+0.j 0.+0.j 0.+0.j], Seed dd: [0.+0.j 0.+0.j 0.+0.j 0.+0.j]
F_onsite: 0j
F_swave: 0j, F_dwave: 0j
F_px: 0j, F_py: 0j
Free_energy = -25313.4705777774
------------------------------------------
[{'stable': {}, 'free': np.float64(-25313.4705777774)}]
------------------------------------------
  Seed: dd:px+py
  Seed uu: [0.+0.j 0.+0.j 0.+0.j 0.+0.j], Seed dd: [0.+0.j 0.+0.j 0.+0.j 0.+0.j]
F_onsite: 0j
F_swave: 0j, F_dwave: 0j
F_px: 0j, F_py: 0j
Free_energy = -25313.4705777774
------------------------------------------
[{'stable': {}, 'free': np.float64(-25313.4705777774)}]
------------------------------------------
  Seed: dd:px+ipy
  Seed uu: [0.+0.j 0.+0.j 0.+0.j 0.+0.j], Seed dd: [0.+0.j 0.+0.j 0.+0.j 0.+0.j]
F_onsite: 0j
F_swave: 0j, F_dwave: 0j
F_px: 0j, F_py: 0j
Free_energy = -25313.4705777774
------------------------------------------
[{'stable': {}, 'free': np.float64(-25313.4705777774)}]
------------------------------------------
  Seed: uu+dd:px
  Seed uu: [0.+0.j 0.+0.j 0.+0.j 0.+0.j], Seed dd: [0.+0.j 0.+0.j 0.+0.j 0.+0.j]
F_onsite: 0j
F_swave: 0j, F_dwave: 0j
F_px: 0j, F_py: 0j
Free_energy = -25313.4705777774
------------------------------------------
[{'stable': {}, 'free': np.float64(-25313.4705777774)}]
------------------------------------------
  Seed: uu+dd:px+py
  Seed uu: [0.+0.j 0.+0.j 0.+0.j 0.+0.j], Seed dd: [0.+0.j 0.+0.j 0.+0.j 0.+0.j]
F_onsite: 0j
F_swave: 0j, F_dwave: 0j
F_px: 0j, F_py: 0j
Free_energy = -25313.4705777774
------------------------------------------
[{'stable': {}, 'free': np.float64(-25313.4705777774)}]
------------------------------------------
  Seed: uu+dd:px+ipy
  Seed uu: [0.+0.j 0.+0.j 0.+0.j 0.+0.j], Seed dd: [0.+0.j 0.+0.j 0.+0.j 0.+0.j]
F_onsite: 0j
F_swave: 0j, F_dwave: 0j
F_px: 0j, F_py: 0j
Free_energy = -25313.4705777774
------------------------------------------
[{'stable': {}, 'free': np.float64(-25313.4705777774)}]
------------------------------------------
====================================
mu=4.50, T=0.1668
====================================
  Seed: normal state
  Seed uu: [0.+0.j 0.+0.j 0.+0.j 0.+0.j], Seed dd: [0.+0.j 0.+0.j 0.+0.j 0.+0.j]
F_onsite: 0j
F_swave: 0j, F_dwave: 0j
F_px: 0j, F_py: 0j
Free_energy = -25313.756379546958
------------------------------------------
[{'stable': {}, 'free': np.float64(-25313.756379546958)}]
------------------------------------------
  Seed: uu:px
  Seed uu: [0.+0.j 0.+0.j 0.+0.j 0.+0.j], Seed dd: [0.+0.j 0.+0.j 0.+0.j 0.+0.j]
F_onsite: 0j
F_swave: 0j, F_dwave: 0j
F_px: 0j, F_py: 0j
Free_energy = -25313.756379546958
------------------------------------------
[{'stable': {}, 'free': np.float64(-25313.756379546958)}]
------------------------------------------
  Seed: uu:px+py
  Seed uu: [0.+0.j 0.+0.j 0.+0.j 0.+0.j], Seed dd: [0.+0.j 0.+0.j 0.+0.j 0.+0.j]
F_onsite: 0j
F_swave: 0j, F_dwave: 0j
F_px: 0j, F_py: 0j
Free_energy = -25313.756379546958
------------------------------------------
[{'stable': {}, 'free': np.float64(-25313.756379546958)}]
------------------------------------------
  Seed: uu:px+ipy
  Seed uu: [0.+0.j 0.+0.j 0.+0.j 0.+0.j], Seed dd: [0.+0.j 0.+0.j 0.+0.j 0.+0.j]
F_onsite: 0j
F_swave: 0j, F_dwave: 0j
F_px: 0j, F_py: 0j
Free_energy = -25313.756379546958
------------------------------------------
[{'stable': {}, 'free': np.float64(-25313.756379546958)}]
------------------------------------------
  Seed: dd:px
  Seed uu: [0.+0.j 0.+0.j 0.+0.j 0.+0.j], Seed dd: [0.+0.j 0.+0.j 0.+0.j 0.+0.j]
F_onsite: 0j
F_swave: 0j, F_dwave: 0j
F_px: 0j, F_py: 0j
Free_energy = -25313.756379546958
------------------------------------------
[{'stable': {}, 'free': np.float64(-25313.756379546958)}]
------------------------------------------
  Seed: dd:px+py
  Seed uu: [0.+0.j 0.+0.j 0.+0.j 0.+0.j], Seed dd: [0.+0.j 0.+0.j 0.+0.j 0.+0.j]
F_onsite: 0j
F_swave: 0j, F_dwave: 0j
F_px: 0j, F_py: 0j
Free_energy = -25313.756379546958
------------------------------------------
[{'stable': {}, 'free': np.float64(-25313.756379546958)}]
------------------------------------------
  Seed: dd:px+ipy
  Seed uu: [0.+0.j 0.+0.j 0.+0.j 0.+0.j], Seed dd: [0.+0.j 0.+0.j 0.+0.j 0.+0.j]
F_onsite: 0j
F_swave: 0j, F_dwave: 0j
F_px: 0j, F_py: 0j
Free_energy = -25313.756379546958
------------------------------------------
[{'stable': {}, 'free': np.float64(-25313.756379546958)}]
------------------------------------------
  Seed: uu+dd:px
  Seed uu: [0.+0.j 0.+0.j 0.+0.j 0.+0.j], Seed dd: [0.+0.j 0.+0.j 0.+0.j 0.+0.j]
F_onsite: 0j
F_swave: 0j, F_dwave: 0j
F_px: 0j, F_py: 0j
Free_energy = -25313.756379546958
------------------------------------------
[{'stable': {}, 'free': np.float64(-25313.756379546958)}]
------------------------------------------
  Seed: uu+dd:px+py
  Seed uu: [0.+0.j 0.+0.j 0.+0.j 0.+0.j], Seed dd: [0.+0.j 0.+0.j 0.+0.j 0.+0.j]
F_onsite: 0j
F_swave: 0j, F_dwave: 0j
F_px: 0j, F_py: 0j
Free_energy = -25313.756379546958
------------------------------------------
[{'stable': {}, 'free': np.float64(-25313.756379546958)}]
------------------------------------------
  Seed: uu+dd:px+ipy
  Seed uu: [0.+0.j 0.+0.j 0.+0.j 0.+0.j], Seed dd: [0.+0.j 0.+0.j 0.+0.j 0.+0.j]
F_onsite: 0j
F_swave: 0j, F_dwave: 0j
F_px: 0j, F_py: 0j
Free_energy = -25313.756379546958
------------------------------------------
[{'stable': {}, 'free': np.float64(-25313.756379546958)}]
------------------------------------------
====================================
mu=4.50, T=0.1751
====================================
  Seed: normal state
  Seed uu: [0.+0.j 0.+0.j 0.+0.j 0.+0.j], Seed dd: [0.+0.j 0.+0.j 0.+0.j 0.+0.j]
F_onsite: 0j
F_swave: 0j, F_dwave: 0j
F_px: 0j, F_py: 0j
Free_energy = -25314.094357700946
------------------------------------------
[{'stable': {}, 'free': np.float64(-25314.094357700946)}]
------------------------------------------
  Seed: uu:px
  Seed uu: [0.+0.j 0.+0.j 0.+0.j 0.+0.j], Seed dd: [0.+0.j 0.+0.j 0.+0.j 0.+0.j]
F_onsite: 0j
F_swave: 0j, F_dwave: 0j
F_px: 0j, F_py: 0j
Free_energy = -25314.094357700946
------------------------------------------
[{'stable': {}, 'free': np.float64(-25314.094357700946)}]
------------------------------------------
  Seed: uu:px+py
  Seed uu: [0.+0.j 0.+0.j 0.+0.j 0.+0.j], Seed dd: [0.+0.j 0.+0.j 0.+0.j 0.+0.j]
F_onsite: 0j
F_swave: 0j, F_dwave: 0j
F_px: 0j, F_py: 0j
Free_energy = -25314.094357700946
------------------------------------------
[{'stable': {}, 'free': np.float64(-25314.094357700946)}]
------------------------------------------
  Seed: uu:px+ipy
  Seed uu: [0.+0.j 0.+0.j 0.+0.j 0.+0.j], Seed dd: [0.+0.j 0.+0.j 0.+0.j 0.+0.j]
F_onsite: 0j
F_swave: 0j, F_dwave: 0j
F_px: 0j, F_py: 0j
Free_energy = -25314.094357700946
------------------------------------------
[{'stable': {}, 'free': np.float64(-25314.094357700946)}]
------------------------------------------
  Seed: dd:px
  Seed uu: [0.+0.j 0.+0.j 0.+0.j 0.+0.j], Seed dd: [0.+0.j 0.+0.j 0.+0.j 0.+0.j]
F_onsite: 0j
F_swave: 0j, F_dwave: 0j
F_px: 0j, F_py: 0j
Free_energy = -25314.094357700946
------------------------------------------
[{'stable': {}, 'free': np.float64(-25314.094357700946)}]
------------------------------------------
  Seed: dd:px+py
  Seed uu: [0.+0.j 0.+0.j 0.+0.j 0.+0.j], Seed dd: [0.+0.j 0.+0.j 0.+0.j 0.+0.j]
F_onsite: 0j
F_swave: 0j, F_dwave: 0j
F_px: 0j, F_py: 0j
Free_energy = -25314.094357700946
------------------------------------------
[{'stable': {}, 'free': np.float64(-25314.094357700946)}]
------------------------------------------
  Seed: dd:px+ipy
  Seed uu: [0.+0.j 0.+0.j 0.+0.j 0.+0.j], Seed dd: [0.+0.j 0.+0.j 0.+0.j 0.+0.j]
F_onsite: 0j
F_swave: 0j, F_dwave: 0j
F_px: 0j, F_py: 0j
Free_energy = -25314.094357700946
------------------------------------------
[{'stable': {}, 'free': np.float64(-25314.094357700946)}]
------------------------------------------
  Seed: uu+dd:px
  Seed uu: [0.+0.j 0.+0.j 0.+0.j 0.+0.j], Seed dd: [0.+0.j 0.+0.j 0.+0.j 0.+0.j]
F_onsite: 0j
F_swave: 0j, F_dwave: 0j
F_px: 0j, F_py: 0j
Free_energy = -25314.094357700946
------------------------------------------
[{'stable': {}, 'free': np.float64(-25314.094357700946)}]
------------------------------------------
  Seed: uu+dd:px+py
  Seed uu: [0.+0.j 0.+0.j 0.+0.j 0.+0.j], Seed dd: [0.+0.j 0.+0.j 0.+0.j 0.+0.j]
F_onsite: 0j
F_swave: 0j, F_dwave: 0j
F_px: 0j, F_py: 0j
Free_energy = -25314.094357700946
------------------------------------------
[{'stable': {}, 'free': np.float64(-25314.094357700946)}]
------------------------------------------
  Seed: uu+dd:px+ipy
  Seed uu: [0.+0.j 0.+0.j 0.+0.j 0.+0.j], Seed dd: [0.+0.j 0.+0.j 0.+0.j 0.+0.j]
F_onsite: 0j
F_swave: 0j, F_dwave: 0j
F_px: 0j, F_py: 0j
Free_energy = -25314.094357700946
------------------------------------------
[{'stable': {}, 'free': np.float64(-25314.094357700946)}]
------------------------------------------
====================================
mu=4.50, T=0.1834
====================================
  Seed: normal state
  Seed uu: [0.+0.j 0.+0.j 0.+0.j 0.+0.j], Seed dd: [0.+0.j 0.+0.j 0.+0.j 0.+0.j]
F_onsite: 0j
F_swave: 0j, F_dwave: 0j
F_px: 0j, F_py: 0j
Free_energy = -25314.488402171475
------------------------------------------
[{'stable': {}, 'free': np.float64(-25314.488402171475)}]
------------------------------------------
  Seed: uu:px
  Seed uu: [0.+0.j 0.+0.j 0.+0.j 0.+0.j], Seed dd: [0.+0.j 0.+0.j 0.+0.j 0.+0.j]
F_onsite: 0j
F_swave: 0j, F_dwave: 0j
F_px: 0j, F_py: 0j
Free_energy = -25314.488402171475
------------------------------------------
[{'stable': {}, 'free': np.float64(-25314.488402171475)}]
------------------------------------------
  Seed: uu:px+py
  Seed uu: [0.+0.j 0.+0.j 0.+0.j 0.+0.j], Seed dd: [0.+0.j 0.+0.j 0.+0.j 0.+0.j]
F_onsite: 0j
F_swave: 0j, F_dwave: 0j
F_px: 0j, F_py: 0j
Free_energy = -25314.488402171475
------------------------------------------
[{'stable': {}, 'free': np.float64(-25314.488402171475)}]
------------------------------------------
  Seed: uu:px+ipy
  Seed uu: [0.+0.j 0.+0.j 0.+0.j 0.+0.j], Seed dd: [0.+0.j 0.+0.j 0.+0.j 0.+0.j]
F_onsite: 0j
F_swave: 0j, F_dwave: 0j
F_px: 0j, F_py: 0j
Free_energy = -25314.488402171475
------------------------------------------
[{'stable': {}, 'free': np.float64(-25314.488402171475)}]
------------------------------------------
  Seed: dd:px
  Seed uu: [0.+0.j 0.+0.j 0.+0.j 0.+0.j], Seed dd: [0.+0.j 0.+0.j 0.+0.j 0.+0.j]
F_onsite: 0j
F_swave: 0j, F_dwave: 0j
F_px: 0j, F_py: 0j
Free_energy = -25314.488402171475
------------------------------------------
[{'stable': {}, 'free': np.float64(-25314.488402171475)}]
------------------------------------------
  Seed: dd:px+py
  Seed uu: [0.+0.j 0.+0.j 0.+0.j 0.+0.j], Seed dd: [0.+0.j 0.+0.j 0.+0.j 0.+0.j]
F_onsite: 0j
F_swave: 0j, F_dwave: 0j
F_px: 0j, F_py: 0j
Free_energy = -25314.488402171475
------------------------------------------
[{'stable': {}, 'free': np.float64(-25314.488402171475)}]
------------------------------------------
  Seed: dd:px+ipy
  Seed uu: [0.+0.j 0.+0.j 0.+0.j 0.+0.j], Seed dd: [0.+0.j 0.+0.j 0.+0.j 0.+0.j]
F_onsite: 0j
F_swave: 0j, F_dwave: 0j
F_px: 0j, F_py: 0j
Free_energy = -25314.488402171475
------------------------------------------
[{'stable': {}, 'free': np.float64(-25314.488402171475)}]
------------------------------------------
  Seed: uu+dd:px
  Seed uu: [0.+0.j 0.+0.j 0.+0.j 0.+0.j], Seed dd: [0.+0.j 0.+0.j 0.+0.j 0.+0.j]
F_onsite: 0j
F_swave: 0j, F_dwave: 0j
F_px: 0j, F_py: 0j
Free_energy = -25314.488402171475
------------------------------------------
[{'stable': {}, 'free': np.float64(-25314.488402171475)}]
------------------------------------------
  Seed: uu+dd:px+py
  Seed uu: [0.+0.j 0.+0.j 0.+0.j 0.+0.j], Seed dd: [0.+0.j 0.+0.j 0.+0.j 0.+0.j]
F_onsite: 0j
F_swave: 0j, F_dwave: 0j
F_px: 0j, F_py: 0j
Free_energy = -25314.488402171475
------------------------------------------
[{'stable': {}, 'free': np.float64(-25314.488402171475)}]
------------------------------------------
  Seed: uu+dd:px+ipy
  Seed uu: [0.+0.j 0.+0.j 0.+0.j 0.+0.j], Seed dd: [0.+0.j 0.+0.j 0.+0.j 0.+0.j]
F_onsite: 0j
F_swave: 0j, F_dwave: 0j
F_px: 0j, F_py: 0j
Free_energy = -25314.488402171475
------------------------------------------
[{'stable': {}, 'free': np.float64(-25314.488402171475)}]
------------------------------------------
====================================
mu=4.50, T=0.1917
====================================
  Seed: normal state
  Seed uu: [0.+0.j 0.+0.j 0.+0.j 0.+0.j], Seed dd: [0.+0.j 0.+0.j 0.+0.j 0.+0.j]
F_onsite: 0j
F_swave: 0j, F_dwave: 0j
F_px: 0j, F_py: 0j
Free_energy = -25314.942178083664
------------------------------------------
[{'stable': {}, 'free': np.float64(-25314.942178083664)}]
------------------------------------------
  Seed: uu:px
  Seed uu: [0.+0.j 0.+0.j 0.+0.j 0.+0.j], Seed dd: [0.+0.j 0.+0.j 0.+0.j 0.+0.j]
F_onsite: 0j
F_swave: 0j, F_dwave: 0j
F_px: 0j, F_py: 0j
Free_energy = -25314.942178083664
------------------------------------------
[{'stable': {}, 'free': np.float64(-25314.942178083664)}]
------------------------------------------
  Seed: uu:px+py
  Seed uu: [0.+0.j 0.+0.j 0.+0.j 0.+0.j], Seed dd: [0.+0.j 0.+0.j 0.+0.j 0.+0.j]
F_onsite: 0j
F_swave: 0j, F_dwave: 0j
F_px: 0j, F_py: 0j
Free_energy = -25314.942178083664
------------------------------------------
[{'stable': {}, 'free': np.float64(-25314.942178083664)}]
------------------------------------------
  Seed: uu:px+ipy
  Seed uu: [0.+0.j 0.+0.j 0.+0.j 0.+0.j], Seed dd: [0.+0.j 0.+0.j 0.+0.j 0.+0.j]
F_onsite: 0j
F_swave: 0j, F_dwave: 0j
F_px: 0j, F_py: 0j
Free_energy = -25314.942178083664
------------------------------------------
[{'stable': {}, 'free': np.float64(-25314.942178083664)}]
------------------------------------------
  Seed: dd:px
  Seed uu: [0.+0.j 0.+0.j 0.+0.j 0.+0.j], Seed dd: [0.+0.j 0.+0.j 0.+0.j 0.+0.j]
F_onsite: 0j
F_swave: 0j, F_dwave: 0j
F_px: 0j, F_py: 0j
Free_energy = -25314.942178083664
------------------------------------------
[{'stable': {}, 'free': np.float64(-25314.942178083664)}]
------------------------------------------
  Seed: dd:px+py
  Seed uu: [0.+0.j 0.+0.j 0.+0.j 0.+0.j], Seed dd: [0.+0.j 0.+0.j 0.+0.j 0.+0.j]
F_onsite: 0j
F_swave: 0j, F_dwave: 0j
F_px: 0j, F_py: 0j
Free_energy = -25314.942178083664
------------------------------------------
[{'stable': {}, 'free': np.float64(-25314.942178083664)}]
------------------------------------------
  Seed: dd:px+ipy
  Seed uu: [0.+0.j 0.+0.j 0.+0.j 0.+0.j], Seed dd: [0.+0.j 0.+0.j 0.+0.j 0.+0.j]
F_onsite: 0j
F_swave: 0j, F_dwave: 0j
F_px: 0j, F_py: 0j
Free_energy = -25314.942178083664
------------------------------------------
[{'stable': {}, 'free': np.float64(-25314.942178083664)}]
------------------------------------------
  Seed: uu+dd:px
  Seed uu: [0.+0.j 0.+0.j 0.+0.j 0.+0.j], Seed dd: [0.+0.j 0.+0.j 0.+0.j 0.+0.j]
F_onsite: 0j
F_swave: 0j, F_dwave: 0j
F_px: 0j, F_py: 0j
Free_energy = -25314.942178083664
------------------------------------------
[{'stable': {}, 'free': np.float64(-25314.942178083664)}]
------------------------------------------
  Seed: uu+dd:px+py
  Seed uu: [0.+0.j 0.+0.j 0.+0.j 0.+0.j], Seed dd: [0.+0.j 0.+0.j 0.+0.j 0.+0.j]
F_onsite: 0j
F_swave: 0j, F_dwave: 0j
F_px: 0j, F_py: 0j
Free_energy = -25314.942178083664
------------------------------------------
[{'stable': {}, 'free': np.float64(-25314.942178083664)}]
------------------------------------------
  Seed: uu+dd:px+ipy
  Seed uu: [0.+0.j 0.+0.j 0.+0.j 0.+0.j], Seed dd: [0.+0.j 0.+0.j 0.+0.j 0.+0.j]
F_onsite: 0j
F_swave: 0j, F_dwave: 0j
F_px: 0j, F_py: 0j
Free_energy = -25314.942178083664
------------------------------------------
[{'stable': {}, 'free': np.float64(-25314.942178083664)}]
------------------------------------------
====================================
mu=4.50, T=0.2000
====================================
  Seed: normal state
  Seed uu: [0.+0.j 0.+0.j 0.+0.j 0.+0.j], Seed dd: [0.+0.j 0.+0.j 0.+0.j 0.+0.j]
F_onsite: 0j
F_swave: 0j, F_dwave: 0j
F_px: 0j, F_py: 0j
Free_energy = -25315.459128591676
------------------------------------------
[{'stable': {}, 'free': np.float64(-25315.459128591676)}]
------------------------------------------
  Seed: uu:px
  Seed uu: [0.+0.j 0.+0.j 0.+0.j 0.+0.j], Seed dd: [0.+0.j 0.+0.j 0.+0.j 0.+0.j]
F_onsite: 0j
F_swave: 0j, F_dwave: 0j
F_px: 0j, F_py: 0j
Free_energy = -25315.459128591676
------------------------------------------
[{'stable': {}, 'free': np.float64(-25315.459128591676)}]
------------------------------------------
  Seed: uu:px+py
  Seed uu: [0.+0.j 0.+0.j 0.+0.j 0.+0.j], Seed dd: [0.+0.j 0.+0.j 0.+0.j 0.+0.j]
F_onsite: 0j
F_swave: 0j, F_dwave: 0j
F_px: 0j, F_py: 0j
Free_energy = -25315.459128591676
------------------------------------------
[{'stable': {}, 'free': np.float64(-25315.459128591676)}]
------------------------------------------
  Seed: uu:px+ipy
  Seed uu: [0.+0.j 0.+0.j 0.+0.j 0.+0.j], Seed dd: [0.+0.j 0.+0.j 0.+0.j 0.+0.j]
F_onsite: 0j
F_swave: 0j, F_dwave: 0j
F_px: 0j, F_py: 0j
Free_energy = -25315.459128591676
------------------------------------------
[{'stable': {}, 'free': np.float64(-25315.459128591676)}]
------------------------------------------
  Seed: dd:px
  Seed uu: [0.+0.j 0.+0.j 0.+0.j 0.+0.j], Seed dd: [0.+0.j 0.+0.j 0.+0.j 0.+0.j]
F_onsite: 0j
F_swave: 0j, F_dwave: 0j
F_px: 0j, F_py: 0j
Free_energy = -25315.459128591676
------------------------------------------
[{'stable': {}, 'free': np.float64(-25315.459128591676)}]
------------------------------------------
  Seed: dd:px+py
  Seed uu: [0.+0.j 0.+0.j 0.+0.j 0.+0.j], Seed dd: [0.+0.j 0.+0.j 0.+0.j 0.+0.j]
F_onsite: 0j
F_swave: 0j, F_dwave: 0j
F_px: 0j, F_py: 0j
Free_energy = -25315.459128591676
------------------------------------------
[{'stable': {}, 'free': np.float64(-25315.459128591676)}]
------------------------------------------
  Seed: dd:px+ipy
  Seed uu: [0.+0.j 0.+0.j 0.+0.j 0.+0.j], Seed dd: [0.+0.j 0.+0.j 0.+0.j 0.+0.j]
F_onsite: 0j
F_swave: 0j, F_dwave: 0j
F_px: 0j, F_py: 0j
Free_energy = -25315.459128591676
------------------------------------------
[{'stable': {}, 'free': np.float64(-25315.459128591676)}]
------------------------------------------
  Seed: uu+dd:px
  Seed uu: [0.+0.j 0.+0.j 0.+0.j 0.+0.j], Seed dd: [0.+0.j 0.+0.j 0.+0.j 0.+0.j]
F_onsite: 0j
F_swave: 0j, F_dwave: 0j
F_px: 0j, F_py: 0j
Free_energy = -25315.459128591676
------------------------------------------
[{'stable': {}, 'free': np.float64(-25315.459128591676)}]
------------------------------------------
  Seed: uu+dd:px+py
  Seed uu: [0.+0.j 0.+0.j 0.+0.j 0.+0.j], Seed dd: [0.+0.j 0.+0.j 0.+0.j 0.+0.j]
F_onsite: 0j
F_swave: 0j, F_dwave: 0j
F_px: 0j, F_py: 0j
Free_energy = -25315.459128591676
------------------------------------------
[{'stable': {}, 'free': np.float64(-25315.459128591676)}]
------------------------------------------
  Seed: uu+dd:px+ipy
  Seed uu: [0.+0.j 0.+0.j 0.+0.j 0.+0.j], Seed dd: [0.+0.j 0.+0.j 0.+0.j 0.+0.j]
F_onsite: 0j
F_swave: 0j, F_dwave: 0j
F_px: 0j, F_py: 0j
Free_energy = -25315.459128591676
------------------------------------------
[{'stable': {}, 'free': np.float64(-25315.459128591676)}]
------------------------------------------
